###############################################################################
#
# IAR ELF Linker V7.40.7.9843/W32 for ARM                 14/Jul/2019  20:34:45
# Copyright 2007-2015 IAR Systems AB.
#
#    Output file  =  
#        E:\WORK\YarnControl_Driver\YarnControl_Driver\src\DriveBorad\Debug\Exe\stm32F10x.out
#    Map file     =  
#        E:\WORK\YarnControl_Driver\YarnControl_Driver\src\DriveBorad\Debug\List\stm32F10x.map
#    Command line =  
#        E:\WORK\YarnControl_Driver\YarnControl_Driver\src\DriveBorad\Debug\Obj\adc.o
#        E:\WORK\YarnControl_Driver\YarnControl_Driver\src\DriveBorad\Debug\Obj\apptask.o
#        E:\WORK\YarnControl_Driver\YarnControl_Driver\src\DriveBorad\Debug\Obj\bsp_config.o
#        E:\WORK\YarnControl_Driver\YarnControl_Driver\src\DriveBorad\Debug\Obj\bsp_dwt.o
#        E:\WORK\YarnControl_Driver\YarnControl_Driver\src\DriveBorad\Debug\Obj\bsp_key.o
#        E:\WORK\YarnControl_Driver\YarnControl_Driver\src\DriveBorad\Debug\Obj\bsp_timer.o
#        E:\WORK\YarnControl_Driver\YarnControl_Driver\src\DriveBorad\Debug\Obj\core_cm3.o
#        E:\WORK\YarnControl_Driver\YarnControl_Driver\src\DriveBorad\Debug\Obj\croutine.o
#        E:\WORK\YarnControl_Driver\YarnControl_Driver\src\DriveBorad\Debug\Obj\delay.o
#        E:\WORK\YarnControl_Driver\YarnControl_Driver\src\DriveBorad\Debug\Obj\event_groups.o
#        E:\WORK\YarnControl_Driver\YarnControl_Driver\src\DriveBorad\Debug\Obj\filter.o
#        E:\WORK\YarnControl_Driver\YarnControl_Driver\src\DriveBorad\Debug\Obj\heap_4.o
#        E:\WORK\YarnControl_Driver\YarnControl_Driver\src\DriveBorad\Debug\Obj\hx711.o
#        E:\WORK\YarnControl_Driver\YarnControl_Driver\src\DriveBorad\Debug\Obj\list.o
#        E:\WORK\YarnControl_Driver\YarnControl_Driver\src\DriveBorad\Debug\Obj\main.o
#        E:\WORK\YarnControl_Driver\YarnControl_Driver\src\DriveBorad\Debug\Obj\mcheck.o
#        E:\WORK\YarnControl_Driver\YarnControl_Driver\src\DriveBorad\Debug\Obj\memory.o
#        E:\WORK\YarnControl_Driver\YarnControl_Driver\src\DriveBorad\Debug\Obj\misc.o
#        E:\WORK\YarnControl_Driver\YarnControl_Driver\src\DriveBorad\Debug\Obj\modbus.o
#        E:\WORK\YarnControl_Driver\YarnControl_Driver\src\DriveBorad\Debug\Obj\motor.o
#        E:\WORK\YarnControl_Driver\YarnControl_Driver\src\DriveBorad\Debug\Obj\para.o
#        E:\WORK\YarnControl_Driver\YarnControl_Driver\src\DriveBorad\Debug\Obj\port.o
#        E:\WORK\YarnControl_Driver\YarnControl_Driver\src\DriveBorad\Debug\Obj\portasm.o
#        E:\WORK\YarnControl_Driver\YarnControl_Driver\src\DriveBorad\Debug\Obj\protocol.o
#        E:\WORK\YarnControl_Driver\YarnControl_Driver\src\DriveBorad\Debug\Obj\queue.o
#        E:\WORK\YarnControl_Driver\YarnControl_Driver\src\DriveBorad\Debug\Obj\startup_stm32f10x_md.o
#        E:\WORK\YarnControl_Driver\YarnControl_Driver\src\DriveBorad\Debug\Obj\stm32f10x_adc.o
#        E:\WORK\YarnControl_Driver\YarnControl_Driver\src\DriveBorad\Debug\Obj\stm32f10x_bkp.o
#        E:\WORK\YarnControl_Driver\YarnControl_Driver\src\DriveBorad\Debug\Obj\stm32f10x_can.o
#        E:\WORK\YarnControl_Driver\YarnControl_Driver\src\DriveBorad\Debug\Obj\stm32f10x_cec.o
#        E:\WORK\YarnControl_Driver\YarnControl_Driver\src\DriveBorad\Debug\Obj\stm32f10x_crc.o
#        E:\WORK\YarnControl_Driver\YarnControl_Driver\src\DriveBorad\Debug\Obj\stm32f10x_dac.o
#        E:\WORK\YarnControl_Driver\YarnControl_Driver\src\DriveBorad\Debug\Obj\stm32f10x_dbgmcu.o
#        E:\WORK\YarnControl_Driver\YarnControl_Driver\src\DriveBorad\Debug\Obj\stm32f10x_dma.o
#        E:\WORK\YarnControl_Driver\YarnControl_Driver\src\DriveBorad\Debug\Obj\stm32f10x_exti.o
#        E:\WORK\YarnControl_Driver\YarnControl_Driver\src\DriveBorad\Debug\Obj\stm32f10x_flash.o
#        E:\WORK\YarnControl_Driver\YarnControl_Driver\src\DriveBorad\Debug\Obj\stm32f10x_fsmc.o
#        E:\WORK\YarnControl_Driver\YarnControl_Driver\src\DriveBorad\Debug\Obj\stm32f10x_gpio.o
#        E:\WORK\YarnControl_Driver\YarnControl_Driver\src\DriveBorad\Debug\Obj\stm32f10x_i2c.o
#        E:\WORK\YarnControl_Driver\YarnControl_Driver\src\DriveBorad\Debug\Obj\stm32f10x_it.o
#        E:\WORK\YarnControl_Driver\YarnControl_Driver\src\DriveBorad\Debug\Obj\stm32f10x_iwdg.o
#        E:\WORK\YarnControl_Driver\YarnControl_Driver\src\DriveBorad\Debug\Obj\stm32f10x_pwr.o
#        E:\WORK\YarnControl_Driver\YarnControl_Driver\src\DriveBorad\Debug\Obj\stm32f10x_rcc.o
#        E:\WORK\YarnControl_Driver\YarnControl_Driver\src\DriveBorad\Debug\Obj\stm32f10x_rtc.o
#        E:\WORK\YarnControl_Driver\YarnControl_Driver\src\DriveBorad\Debug\Obj\stm32f10x_sdio.o
#        E:\WORK\YarnControl_Driver\YarnControl_Driver\src\DriveBorad\Debug\Obj\stm32f10x_spi.o
#        E:\WORK\YarnControl_Driver\YarnControl_Driver\src\DriveBorad\Debug\Obj\stm32f10x_tim.o
#        E:\WORK\YarnControl_Driver\YarnControl_Driver\src\DriveBorad\Debug\Obj\stm32f10x_usart.o
#        E:\WORK\YarnControl_Driver\YarnControl_Driver\src\DriveBorad\Debug\Obj\stm32f10x_wwdg.o
#        E:\WORK\YarnControl_Driver\YarnControl_Driver\src\DriveBorad\Debug\Obj\switch.o
#        E:\WORK\YarnControl_Driver\YarnControl_Driver\src\DriveBorad\Debug\Obj\system_stm32f10x.o
#        E:\WORK\YarnControl_Driver\YarnControl_Driver\src\DriveBorad\Debug\Obj\tasks.o
#        E:\WORK\YarnControl_Driver\YarnControl_Driver\src\DriveBorad\Debug\Obj\timers.o
#        -o
#        E:\WORK\YarnControl_Driver\YarnControl_Driver\src\DriveBorad\Debug\Exe\stm32F10x.out
#        --map
#        E:\WORK\YarnControl_Driver\YarnControl_Driver\src\DriveBorad\Debug\List\stm32F10x.map
#        --config "C:\Program Files (x86)\IAR Systems\Embedded Workbench
#        7.2\arm\config\linker\ST\stm32f103x8.icf" --semihosting --entry
#        __iar_program_start --vfe
#
###############################################################################

*******************************************************************************
*** RUNTIME MODEL ATTRIBUTES
***

CppFlavor       = *
__SystemLibrary = DLib


*******************************************************************************
*** PLACEMENT SUMMARY
***

"A1":  place at 0x08000000 { ro section .intvec };
"P1":  place in [from 0x08000000 to 0x0800ffff] { ro };
"P2":  place in [from 0x20000000 to 0x20004fff] { rw, block CSTACK, block HEAP };

  Section             Kind        Address    Size  Object
  -------             ----        -------    ----  ------
"A1":                                        0xec
  .intvec             ro code  0x08000000    0xec  startup_stm32f10x_md.o [1]
                             - 0x080000ec    0xec

"P1":                                      0x690c
  .text               ro code  0x080000ec   0xbf2  xprintflarge_nomb.o [3]
  .text               ro code  0x08000ce0    0x16  strchr.o [5]
  .text               ro code  0x08000cf8    0x36  strlen.o [5]
  .text               ro code  0x08000d30    0x58  memchr.o [5]
  .text               ro code  0x08000d88    0xee  I64DivMod.o [5]
  .text               ro code  0x08000e78    0x76  ABImemcpy_unaligned.o [5]
  .text               ro code  0x08000eee    0x42  xdnorm.o [4]
  .text               ro code  0x08000f30    0x2e  DblCmpLe.o [4]
  .text               ro code  0x08000f60   0x1a2  DblMul.o [4]
  .text               ro code  0x08001104   0x256  DblDiv.o [4]
  .text               ro code  0x0800135c    0x2c  DblToI32.o [4]
  .text               ro code  0x08001388    0x1c  I32ToDbl.o [4]
  .text               ro code  0x080013a4   0x180  DblSub.o [4]
  .text               ro code  0x08001524    0x6c  localeconv.o [3]
  .text               ro code  0x08001590     0xe  div.o [3]
  .text               ro code  0x080015a0     0x2  I64DivZer.o [5]
  .text               ro code  0x080015a4    0xe8  DblAdd.o [4]
  .text               ro code  0x0800168c     0x2  xtls.o [3]
  .text               ro code  0x08001690   0xa00  apptask.o [1]
  .text               ro code  0x08002090   0x2a2  bsp_key.o [1]
  .text               ro code  0x08002334   0x1ec  stm32f10x_gpio.o [1]
  .text               ro code  0x08002520    0x24  printf.o [3]
  .text               ro code  0x08002544   0x84c  tasks.o [1]
  .text               ro code  0x08002d90   0x358  bsp_config.o [1]
  .text               ro code  0x080030e8   0x60a  queue.o [1]
  .text               ro code  0x080036f4   0x340  modbus.o [1]
  .text               ro code  0x08003a34   0x99c  filter.o [1]
  .text               ro code  0x080043d0    0xfa  adc.o [1]
  .text               ro code  0x080044cc    0x1e  I32ToFlt.o [4]
  .text               ro code  0x080044ec    0xfc  FltDiv.o [4]
  .text               ro code  0x080045e8    0x4e  FltToDbl.o [4]
  .text               ro code  0x08004638    0x90  DblToFlt.o [4]
  .text               ro code  0x080046c8    0x24  FltCmpGe.o [4]
  .text               ro code  0x080046ec   0x170  motor.o [1]
  .text               ro code  0x0800485c     0x8  abs.o [3]
  .text               ro code  0x08004864   0x41c  timers.o [1]
  .text               ro code  0x08004c80   0x18c  stm32f10x_rcc.o [1]
  .text               ro code  0x08004e0c   0x208  heap_4.o [1]
  .text               ro code  0x08005014    0x9e  list.o [1]
  .text               ro code  0x080050b4    0xe0  port.o [1]
  .text               ro code  0x08005194   0x23c  stm32f10x_usart.o [1]
  .text               ro code  0x080053d0   0x1b8  stm32f10x_dma.o [1]
  .text               ro code  0x08005588    0xc0  misc.o [1]
  .text               ro code  0x08005648    0x38  stm32f10x_iwdg.o [1]
  .text               ro code  0x08005680    0x30  delay.o [1]
  .text               ro code  0x080056b0   0x11c  hx711.o [1]
  .text               ro code  0x080057cc   0x1e4  switch.o [1]
  .text               ro code  0x080059b0    0x64  para.o [1]
  .text               ro code  0x08005a14    0x2e  mcheck.o [1]
  .text               ro code  0x08005a42    0x5e  memory.o [1]
  .text               ro code  0x08005aa0    0x2e  DblCmpGe.o [4]
  .text               ro code  0x08005ad0   0x24a  stm32f10x_adc.o [1]
  .text               ro code  0x08005d1c   0x1d8  stm32f10x_tim.o [1]
  CODE                ro code  0x08005ef4    0x88  portasm.o [1]
  .text               ro code  0x08005f7c   0x14e  stm32f10x_flash.o [1]
  .text               ro code  0x080060cc   0x1e8  stm32f10x_it.o [1]
  .text               ro code  0x080062b4    0x84  protocol.o [1]
  .text               ro code  0x08006338    0x10  protocol.o [1]
  .text               ro code  0x08006348    0x2c  strstr.o [3]
  .text               ro code  0x08006374   0x158  system_stm32f10x.o [1]
  .text               ro code  0x080064cc    0x40  zero_init3.o [5]
  .text               ro code  0x0800650c    0x2c  main.o [1]
  .text               ro code  0x08006538    0x2c  copy_init3.o [5]
  .text               ro code  0x08006564    0x28  data_init.o [5]
  .iar.init_table     const    0x0800658c    0x24  - Linker created -
  .rodata             const    0x080065b0    0x1c  apptask.o [1]
  .text               ro code  0x080065cc    0x1a  cmain.o [5]
  .text               ro code  0x080065e6     0x4  low_level_init.o [3]
  .text               ro code  0x080065ea     0x4  exit.o [3]
  .text               ro code  0x080065f0     0xa  cexit.o [5]
  .text               ro code  0x080065fc    0x14  exit.o [6]
  .rodata             const    0x08006610    0x18  apptask.o [1]
  .rodata             const    0x08006628    0x18  apptask.o [1]
  .rodata             const    0x08006640    0x18  protocol.o [1]
  .rodata             const    0x08006658    0x18  protocol.o [1]
  .text               ro code  0x08006670    0x16  xprout.o [3]
  .text               ro code  0x08006688     0xc  putchar.o [3]
  .rodata             const    0x08006694    0x14  apptask.o [1]
  .rodata             const    0x080066a8    0x14  apptask.o [1]
  .rodata             const    0x080066bc    0x14  apptask.o [1]
  .rodata             const    0x080066d0    0x14  modbus.o [1]
  .rodata             const    0x080066e4    0x14  modbus.o [1]
  .rodata             const    0x080066f8    0x14  protocol.o [1]
  .rodata             const    0x0800670c    0x14  protocol.o [1]
  .rodata             const    0x08006720    0x14  protocol.o [1]
  .rodata             const    0x08006734    0x14  stm32f10x_it.o [1]
  .rodata             const    0x08006748    0x10  apptask.o [1]
  .rodata             const    0x08006758    0x10  apptask.o [1]
  .rodata             const    0x08006768    0x10  apptask.o [1]
  .rodata             const    0x08006778    0x10  apptask.o [1]
  .rodata             const    0x08006788    0x10  main.o [1]
  .rodata             const    0x08006798    0x10  modbus.o [1]
  .rodata             const    0x080067a8    0x10  protocol.o [1]
  .text               ro code  0x080067b8    0x10  startup_stm32f10x_md.o [1]
  .rodata             const    0x080067c8     0xc  apptask.o [1]
  .rodata             const    0x080067d4     0xc  apptask.o [1]
  .rodata             const    0x080067e0     0xc  apptask.o [1]
  .rodata             const    0x080067ec     0xc  apptask.o [1]
  .text               ro code  0x080067f8     0xc  cstartup_M.o [5]
  .rodata             const    0x08006804     0x8  apptask.o [1]
  .rodata             const    0x0800680c     0x8  tasks.o [1]
  .rodata             const    0x08006814     0x8  timers.o [1]
  .rodata             const    0x0800681c     0x4  heap_4.o [1]
  .text               ro code  0x08006820     0x4  startup_stm32f10x_md.o [1]
  .text               ro code  0x08006824     0x4  startup_stm32f10x_md.o [1]
  .text               ro code  0x08006828     0x4  startup_stm32f10x_md.o [1]
  .text               ro code  0x0800682c     0x4  startup_stm32f10x_md.o [1]
  .text               ro code  0x08006830     0x4  startup_stm32f10x_md.o [1]
  .text               ro code  0x08006834     0x4  startup_stm32f10x_md.o [1]
  .text               ro code  0x08006838     0x4  startup_stm32f10x_md.o [1]
  .text               ro code  0x0800683c     0x4  startup_stm32f10x_md.o [1]
  .text               ro code  0x08006840     0x4  startup_stm32f10x_md.o [1]
  .text               ro code  0x08006844     0x4  startup_stm32f10x_md.o [1]
  .text               ro code  0x08006848     0x4  startup_stm32f10x_md.o [1]
  .text               ro code  0x0800684c     0x4  startup_stm32f10x_md.o [1]
  .text               ro code  0x08006850     0x4  startup_stm32f10x_md.o [1]
  .text               ro code  0x08006854     0x4  startup_stm32f10x_md.o [1]
  .text               ro code  0x08006858     0x4  startup_stm32f10x_md.o [1]
  .text               ro code  0x0800685c     0x4  startup_stm32f10x_md.o [1]
  .text               ro code  0x08006860     0x4  startup_stm32f10x_md.o [1]
  .text               ro code  0x08006864     0x4  startup_stm32f10x_md.o [1]
  .text               ro code  0x08006868     0x4  startup_stm32f10x_md.o [1]
  .text               ro code  0x0800686c     0x4  startup_stm32f10x_md.o [1]
  .text               ro code  0x08006870     0x4  startup_stm32f10x_md.o [1]
  .text               ro code  0x08006874     0x4  startup_stm32f10x_md.o [1]
  .text               ro code  0x08006878     0x4  startup_stm32f10x_md.o [1]
  .text               ro code  0x0800687c     0x4  startup_stm32f10x_md.o [1]
  .text               ro code  0x08006880     0x4  startup_stm32f10x_md.o [1]
  .text               ro code  0x08006884     0x4  startup_stm32f10x_md.o [1]
  .text               ro code  0x08006888     0x4  startup_stm32f10x_md.o [1]
  .text               ro code  0x0800688c     0x4  startup_stm32f10x_md.o [1]
  .text               ro code  0x08006890     0x4  startup_stm32f10x_md.o [1]
  .text               ro code  0x08006894     0x4  startup_stm32f10x_md.o [1]
  .text               ro code  0x08006898     0x4  startup_stm32f10x_md.o [1]
  .text               ro code  0x0800689c     0x4  startup_stm32f10x_md.o [1]
  .text               ro code  0x080068a0     0x4  startup_stm32f10x_md.o [1]
  .text               ro code  0x080068a4     0x4  startup_stm32f10x_md.o [1]
  .text               ro code  0x080068a8     0x4  startup_stm32f10x_md.o [1]
  .text               ro code  0x080068ac     0x4  startup_stm32f10x_md.o [1]
  .text               ro code  0x080068b0     0x4  startup_stm32f10x_md.o [1]
  .text               ro code  0x080068b4     0x4  startup_stm32f10x_md.o [1]
  .text               ro code  0x080068b8     0x4  startup_stm32f10x_md.o [1]
  .text               ro code  0x080068bc     0x4  startup_stm32f10x_md.o [1]
  .text               ro code  0x080068c0     0x4  startup_stm32f10x_md.o [1]
  .text               ro code  0x080068c4     0x4  startup_stm32f10x_md.o [1]
  .text               ro code  0x080068c8     0x4  startup_stm32f10x_md.o [1]
  .text               ro code  0x080068cc     0x4  startup_stm32f10x_md.o [1]
  .text               ro code  0x080068d0     0x4  startup_stm32f10x_md.o [1]
  .text               ro code  0x080068d4     0x4  startup_stm32f10x_md.o [1]
  .text               ro code  0x080068d8     0x4  startup_stm32f10x_md.o [1]
  .text               ro code  0x080068dc     0x4  startup_stm32f10x_md.o [1]
  .text               ro code  0x080068e0     0x4  startup_stm32f10x_md.o [1]
  .text               ro code  0x080068e4     0x4  startup_stm32f10x_md.o [1]
  .text               ro code  0x080068e8     0x4  startup_stm32f10x_md.o [1]
  .text               ro code  0x080068ec     0x4  startup_stm32f10x_md.o [1]
  .rodata             const    0x080068f0     0x0  zero_init3.o [5]
  .rodata             const    0x080068f0     0x0  copy_init3.o [5]
  Initializer bytes   const    0x080068f0   0x108  <for P2 s0>
                             - 0x080069f8  0x690c

"P2":                                      0x3c20
  P2 s0                        0x20000000   0x108  <Init block>
    __DLIB_PERTHREAD  inited   0x20000000    0x88  localeconv.o [3]
    .data             inited   0x20000088    0x40  xfiles.o [3]
    .data             inited   0x200000c8    0x10  stm32f10x_rcc.o [1]
    .data             inited   0x200000d8     0x4  filter.o [1]
    .data             inited   0x200000dc     0x4  filter.o [1]
    .data             inited   0x200000e0     0x4  filter.o [1]
    .data             inited   0x200000e4     0x4  filter.o [1]
    .data             inited   0x200000e8     0x4  filter.o [1]
    .data             inited   0x200000ec     0x4  filter.o [1]
    .data             inited   0x200000f0     0x4  filter.o [1]
    .data             inited   0x200000f4     0x4  filter.o [1]
    .data             inited   0x200000f8     0x4  filter.o [1]
    .data             inited   0x200000fc     0x4  filter.o [1]
    .data             inited   0x20000100     0x4  port.o [1]
    .data             inited   0x20000104     0x4  stm32f10x_rcc.o [1]
  .bss                zero     0x20000108  0x3000  heap_4.o [1]
  .bss                zero     0x20003108    0x78  tasks.o [1]
  .bss                zero     0x20003180    0x50  xfiles.o [3]
  .bss                zero     0x200031d0    0x34  bsp_config.o [1]
  .bss                zero     0x20003204    0x34  bsp_config.o [1]
  .bss                zero     0x20003238    0x30  bsp_key.o [1]
  .bss                zero     0x20003268    0x30  hx711.o [1]
  .bss                zero     0x20003298    0x14  para.o [1]
  .bss                zero     0x200032ac    0x14  tasks.o [1]
  .bss                zero     0x200032c0    0x14  tasks.o [1]
  .bss                zero     0x200032d4    0x14  tasks.o [1]
  .bss                zero     0x200032e8    0x14  tasks.o [1]
  .bss                zero     0x200032fc    0x14  tasks.o [1]
  .bss                zero     0x20003310    0x14  timers.o [1]
  .bss                zero     0x20003324    0x14  timers.o [1]
  .bss                zero     0x20003338    0x10  bsp_key.o [1]
  .bss                zero     0x20003348    0x10  modbus.o [1]
  .bss                zero     0x20003358     0x8  filter.o [1]
  .bss                zero     0x20003360     0x8  heap_4.o [1]
  .bss                zero     0x20003368     0x4  adc.o [1]
  .bss                zero     0x2000336c     0x4  apptask.o [1]
  .bss                zero     0x20003370     0x4  apptask.o [1]
  .bss                zero     0x20003374     0x4  apptask.o [1]
  .bss                zero     0x20003378     0x4  apptask.o [1]
  .bss                zero     0x2000337c     0x4  apptask.o [1]
  .bss                zero     0x20003380     0x4  apptask.o [1]
  .bss                zero     0x20003384     0x4  bsp_timer.o [1]
  .bss                zero     0x20003388     0x4  bsp_timer.o [1]
  .bss                zero     0x2000338c     0x4  bsp_timer.o [1]
  .bss                zero     0x20003390     0x4  bsp_timer.o [1]
  .bss                zero     0x20003394     0x4  filter.o [1]
  .bss                zero     0x20003398     0x4  heap_4.o [1]
  .bss                zero     0x2000339c     0x4  heap_4.o [1]
  .bss                zero     0x200033a0     0x4  heap_4.o [1]
  .bss                zero     0x200033a4     0x4  heap_4.o [1]
  .bss                zero     0x200033a8     0x4  hx711.o [1]
  .bss                zero     0x200033ac     0x4  tasks.o [1]
  .bss                zero     0x200033b0     0x4  tasks.o [1]
  .bss                zero     0x200033b4     0x4  tasks.o [1]
  .bss                zero     0x200033b8     0x4  tasks.o [1]
  .bss                zero     0x200033bc     0x4  tasks.o [1]
  .bss                zero     0x200033c0     0x4  tasks.o [1]
  .bss                zero     0x200033c4     0x4  tasks.o [1]
  .bss                zero     0x200033c8     0x4  tasks.o [1]
  .bss                zero     0x200033cc     0x4  tasks.o [1]
  .bss                zero     0x200033d0     0x4  tasks.o [1]
  .bss                zero     0x200033d4     0x4  tasks.o [1]
  .bss                zero     0x200033d8     0x4  tasks.o [1]
  .bss                zero     0x200033dc     0x4  tasks.o [1]
  .bss                zero     0x200033e0     0x4  tasks.o [1]
  .bss                zero     0x200033e4     0x4  tasks.o [1]
  .bss                zero     0x200033e8     0x4  timers.o [1]
  .bss                zero     0x200033ec     0x4  timers.o [1]
  .bss                zero     0x200033f0     0x4  timers.o [1]
  .bss                zero     0x200033f4     0x4  timers.o [1]
  .bss                zero     0x200033f8     0x4  timers.o [1]
  .bss                zero     0x200033fc     0x2  apptask.o [1]
  .bss                zero     0x200033fe     0x2  apptask.o [1]
  .bss                zero     0x20003400     0x2  apptask.o [1]
  .bss                zero     0x20003402     0x2  apptask.o [1]
  .bss                zero     0x20003404     0x2  apptask.o [1]
  .bss                zero     0x20003406     0x2  bsp_config.o [1]
  .bss                zero     0x20003408     0x2  delay.o [1]
  .bss                zero     0x2000340a     0x1  apptask.o [1]
  .bss                zero     0x2000340b     0x1  apptask.o [1]
  .bss                zero     0x2000340c     0x1  apptask.o [1]
  .bss                zero     0x2000340d     0x1  apptask.o [1]
  .bss                zero     0x2000340e     0x1  apptask.o [1]
  .bss                zero     0x2000340f     0x1  apptask.o [1]
  .bss                zero     0x20003410     0x1  apptask.o [1]
  .bss                zero     0x20003411     0x1  apptask.o [1]
  .bss                zero     0x20003412     0x1  apptask.o [1]
  .bss                zero     0x20003413     0x1  apptask.o [1]
  .bss                zero     0x20003414     0x1  apptask.o [1]
  .bss                zero     0x20003415     0x1  apptask.o [1]
  .bss                zero     0x20003416     0x1  apptask.o [1]
  .bss                zero     0x20003417     0x1  apptask.o [1]
  .bss                zero     0x20003418     0x1  apptask.o [1]
  .bss                zero     0x20003419     0x1  apptask.o [1]
  .bss                zero     0x2000341a     0x1  apptask.o [1]
  .bss                zero     0x2000341b     0x1  apptask.o [1]
  .bss                zero     0x2000341c     0x1  apptask.o [1]
  .bss                zero     0x2000341d     0x1  delay.o [1]
  .bss                zero     0x2000341e     0x1  motor.o [1]
  .bss                zero     0x2000341f     0x1  switch.o [1]
  CSTACK                       0x20003420   0x800  <Block>
    CSTACK            uninit   0x20003420   0x800  <Block tail>
                             - 0x20003c20  0x3c20


*******************************************************************************
*** INIT TABLE
***

          Address     Size
          -------     ----
Zero (__iar_zero_init3)
    1 destination range, total size 0x3318:
          0x20000108  0x3318

Copy (__iar_copy_init3)
    1 source range, total size 0x108:
          0x080068f0   0x108
    1 destination range, total size 0x108:
          0x20000000   0x108



*******************************************************************************
*** MODULE SUMMARY
***

    Module                  ro code  ro data  rw data
    ------                  -------  -------  -------
E:\WORK\YarnControl_Driver\YarnControl_Driver\src\DriveBorad\Debug\Obj: [1]
    adc.o                       250                 4
    apptask.o                 2 560      256       53
    bsp_config.o                856               106
    bsp_key.o                   674                64
    bsp_timer.o                                    16
    delay.o                      48                 3
    filter.o                  2 460       40       52
    heap_4.o                    520        4   12 312
    hx711.o                     284                52
    list.o                      158
    main.o                       44       16
    mcheck.o                     46
    memory.o                     94
    misc.o                      192
    modbus.o                    832       56       16
    motor.o                     368                 1
    para.o                      100                20
    port.o                      224        4        4
    portasm.o                   136
    protocol.o                  148      124
    queue.o                   1 546
    startup_stm32f10x_md.o      460
    stm32f10x_adc.o             586
    stm32f10x_dma.o             440
    stm32f10x_flash.o           334
    stm32f10x_gpio.o            492
    stm32f10x_it.o              488       20
    stm32f10x_iwdg.o             56
    stm32f10x_rcc.o             396       20       20
    stm32f10x_tim.o             472
    stm32f10x_usart.o           572
    switch.o                    484                 1
    system_stm32f10x.o          344
    tasks.o                   2 124        8      280
    timers.o                  1 052        8       60
    -------------------------------------------------
    Total:                   19 840      556   13 064

command line: [2]
    -------------------------------------------------
    Total:

dl7M_tlf.a: [3]
    abs.o                         8
    div.o                        14
    exit.o                        4
    localeconv.o                108      136      136
    low_level_init.o              4
    printf.o                     36
    putchar.o                    12
    strstr.o                     44
    xfiles.o                              64      144
    xprintflarge_nomb.o       3 058
    xprout.o                     22
    xtls.o                        2
    -------------------------------------------------
    Total:                    3 312      200      280

m7M_tl.a: [4]
    DblAdd.o                    232
    DblCmpGe.o                   46
    DblCmpLe.o                   46
    DblDiv.o                    598
    DblMul.o                    418
    DblSub.o                    384
    DblToFlt.o                  144
    DblToI32.o                   44
    FltCmpGe.o                   36
    FltDiv.o                    252
    FltToDbl.o                   78
    I32ToDbl.o                   28
    I32ToFlt.o                   30
    xdnorm.o                     66
    -------------------------------------------------
    Total:                    2 402

rt7M_tl.a: [5]
    ABImemcpy_unaligned.o       118
    I64DivMod.o                 238
    I64DivZer.o                   2
    cexit.o                      10
    cmain.o                      26
    copy_init3.o                 44
    cstartup_M.o                 12
    data_init.o                  40
    memchr.o                     88
    strchr.o                     22
    strlen.o                     54
    zero_init3.o                 64
    -------------------------------------------------
    Total:                      718

shb_l.a: [6]
    exit.o                       20
    -------------------------------------------------
    Total:                       20

    Gaps                         44
    Linker created                        36    2 048
-----------------------------------------------------
    Grand Total:             26 336      792   15 392


*******************************************************************************
*** ENTRY LIST
***

Entry                      Address    Size  Type      Object
-----                      -------    ----  ----      ------
.iar.init_table$$Base   0x0800658c           --   Gb  - Linker created -
.iar.init_table$$Limit  0x080065b0           --   Gb  - Linker created -
?main                   0x080065cd          Code  Gb  cmain.o [5]
AD10                    0x200000e0     0x4  Data  Gb  filter.o [1]
AD100                   0x200000f4     0x4  Data  Gb  filter.o [1]
AD150                   0x200000f8     0x4  Data  Gb  filter.o [1]
AD20                    0x200000e4     0x4  Data  Gb  filter.o [1]
AD200                   0x200000fc     0x4  Data  Gb  filter.o [1]
AD30                    0x200000e8     0x4  Data  Gb  filter.o [1]
AD40                    0x200000ec     0x4  Data  Gb  filter.o [1]
AD5                     0x200000dc     0x4  Data  Gb  filter.o [1]
AD50                    0x200000f0     0x4  Data  Gb  filter.o [1]
ADCPrescTable           0x20000104     0x4  Data  Lc  stm32f10x_rcc.o [1]
ADC_Cmd                 0x08005b7f    0x1a  Code  Gb  stm32f10x_adc.o [1]
ADC_DeInit              0x08005ad1    0x5e  Code  Gb  stm32f10x_adc.o [1]
ADC_GetCalibrationStatus
                        0x08005bc5    0x18  Code  Gb  stm32f10x_adc.o [1]
ADC_GetConversionValue  0x08005ce5     0x6  Code  Gb  stm32f10x_adc.o [1]
ADC_GetFlagStatus       0x08005d01    0x1a  Code  Gb  stm32f10x_adc.o [1]
ADC_GetResetCalibrationStatus
                        0x08005ba3    0x18  Code  Gb  stm32f10x_adc.o [1]
ADC_Init                0x08005b2f    0x50  Code  Gb  stm32f10x_adc.o [1]
ADC_RegularChannelConfig
                        0x08005bf7    0xee  Code  Gb  stm32f10x_adc.o [1]
ADC_ResetCalibration    0x08005b99     0xa  Code  Gb  stm32f10x_adc.o [1]
ADC_SoftwareStartConvCmd
                        0x08005bdd    0x1a  Code  Gb  stm32f10x_adc.o [1]
ADC_StartCalibration    0x08005bbb     0xa  Code  Gb  stm32f10x_adc.o [1]
APBAHBPrescTable        0x200000c8    0x10  Data  Lc  stm32f10x_rcc.o [1]
Adc_Init                0x080043d1    0x96  Code  Gb  adc.o [1]
AppObjCreate            0x08001f3f    0x56  Code  Gb  apptask.o [1]
AppTaskCreate           0x08001d87    0x5a  Code  Gb  apptask.o [1]
Average_filter          0x0800449d    0x2e  Code  Gb  adc.o [1]
CSTACK$$Base            0x20003420           --   Gb  - Linker created -
CSTACK$$Limit           0x20003c20           --   Gb  - Linker created -
DMA_ClearFlag           0x08005541    0x10  Code  Gb  stm32f10x_dma.o [1]
DMA_Cmd                 0x08005519    0x1c  Code  Gb  stm32f10x_dma.o [1]
DMA_Config              0x08002f47    0x5c  Code  Gb  bsp_config.o [1]
DMA_DeInit              0x080053d1   0x10a  Code  Gb  stm32f10x_dma.o [1]
DMA_GetCurrDataCounter  0x0800553b     0x6  Code  Gb  stm32f10x_dma.o [1]
DMA_Init                0x080054db    0x3e  Code  Gb  stm32f10x_dma.o [1]
DMA_SetCurrDataCounter  0x08005535     0x6  Code  Gb  stm32f10x_dma.o [1]
Device_Process          0x20003418     0x1  Data  Gb  apptask.o [1]
FLASH_ErasePage         0x08005fa5    0x5e  Code  Gb  stm32f10x_flash.o [1]
FLASH_GetBank1Status    0x0800604f    0x34  Code  Gb  stm32f10x_flash.o [1]
FLASH_Lock              0x08005f93    0x12  Code  Gb  stm32f10x_flash.o [1]
FLASH_ProgramHalfWord   0x08006003    0x4c  Code  Gb  stm32f10x_flash.o [1]
FLASH_Unlock            0x08005f7d    0x16  Code  Gb  stm32f10x_flash.o [1]
FLASH_WaitForLastOperation
                        0x0800609d    0x2e  Code  Gb  stm32f10x_flash.o [1]
GPIO_Init               0x08002335   0x136  Code  Gb  stm32f10x_gpio.o [1]
GPIO_PinRemapConfig     0x08002491    0x88  Code  Gb  stm32f10x_gpio.o [1]
GPIO_ReadInputDataBit   0x0800246b    0x1a  Code  Gb  stm32f10x_gpio.o [1]
GPIO_ResetBits          0x0800248b     0x6  Code  Gb  stm32f10x_gpio.o [1]
GPIO_SetBits            0x08002485     0x6  Code  Gb  stm32f10x_gpio.o [1]
GPIO_ToggleBits         0x0800303b     0xa  Code  Gb  bsp_config.o [1]
Get_Adc                 0x08004467    0x2e  Code  Gb  adc.o [1]
HardFault_Handler       0x080060cf     0xa  Code  Gb  stm32f10x_it.o [1]
IWDG_Enable             0x0800566b     0xa  Code  Gb  stm32f10x_iwdg.o [1]
IWDG_Feed               0x08003065     0x8  Code  Gb  bsp_config.o [1]
IWDG_ReloadCounter      0x08005661     0xa  Code  Gb  stm32f10x_iwdg.o [1]
IWDG_SetPrescaler       0x08005651     0x8  Code  Gb  stm32f10x_iwdg.o [1]
IWDG_SetReload          0x08005659     0x8  Code  Gb  stm32f10x_iwdg.o [1]
IWDG_WriteAccessCmd     0x08005649     0x8  Code  Gb  stm32f10x_iwdg.o [1]
InitMass                0x08003a35     0x8  Code  Gb  filter.o [1]
InterruptConfig         0x08002fcb    0x70  Code  Gb  bsp_config.o [1]
IsKeyDown1              0x0800215d    0x18  Code  Gb  bsp_key.o [1]
IsKeyDown2              0x08002175    0x18  Code  Gb  bsp_key.o [1]
IsKeyDown3              0x0800218d    0x16  Code  Gb  bsp_key.o [1]
KEY_Config              0x080020f7    0x66  Code  Gb  bsp_key.o [1]
LED_init                0x08002fa3    0x28  Code  Gb  bsp_config.o [1]
LoadInt                 0x0800066d    0x6e  Code  Lc  xprintflarge_nomb.o [3]
NMI_Handler             0x080060cd     0x2  Code  Gb  stm32f10x_it.o [1]
NULLMASS                0x20003358     0x8  Data  Gb  filter.o [1]
NULL_IDLE               0x200000d8     0x4  Data  Gb  filter.o [1]
NVIC_Init               0x08005593    0x68  Code  Gb  misc.o [1]
NVIC_PriorityGroupConfig
                        0x08005589     0xa  Code  Gb  misc.o [1]
NVIC_SetVectorTable     0x080055fb     0xc  Code  Gb  misc.o [1]
NVIC_SystemReset        0x08001691    0x22  Code  Lc  apptask.o [1]
PendSV_Handler          0x08005ef5          Code  Gb  portasm.o [1]
Printf_Init             0x08002df7    0x94  Code  Gb  bsp_config.o [1]
RCC_ADCCLKConfig        0x08004c81    0x14  Code  Gb  stm32f10x_rcc.o [1]
RCC_AHBPeriphClockCmd   0x08004d71    0x1e  Code  Gb  stm32f10x_rcc.o [1]
RCC_APB1PeriphClockCmd  0x08004dad    0x1e  Code  Gb  stm32f10x_rcc.o [1]
RCC_APB2PeriphClockCmd  0x08004d8f    0x1e  Code  Gb  stm32f10x_rcc.o [1]
RCC_APB2PeriphResetCmd  0x08004dcb    0x1e  Code  Gb  stm32f10x_rcc.o [1]
RCC_GetClocksFreq       0x08004c95    0xdc  Code  Gb  stm32f10x_rcc.o [1]
RS485_Init              0x08002e8b    0xbc  Code  Gb  bsp_config.o [1]
RS485_TO_PC             0x08002db7    0x40  Code  Gb  bsp_config.o [1]
Read_HX711_Count        0x080056f3    0x84  Code  Gb  hx711.o [1]
Read_flash              0x08005a89    0x18  Code  Gb  memory.o [1]
Region$$Table$$Base     0x0800658c           --   Gb  - Linker created -
Region$$Table$$Limit    0x080065b0           --   Gb  - Linker created -
SVC_Handler             0x08005f3b          Code  Gb  portasm.o [1]
SetNull                 0x08003a3d   0x494  Code  Gb  filter.o [1]
SetSysClock             0x080063c9     0x8  Code  Lc  system_stm32f10x.o [1]
SetSysClockTo72         0x080063d1    0xe0  Code  Lc  system_stm32f10x.o [1]
SysTick_CLKSourceConfig
                        0x08005607    0x20  Code  Gb  misc.o [1]
SysTick_Handler         0x08005145    0x28  Code  Gb  port.o [1]
SystemInit              0x08006375    0x54  Code  Gb  system_stm32f10x.o [1]
TIM3_IRQHandler         0x080061d7    0x94  Code  Gb  stm32f10x_it.o [1]
TIM3_PWM_Init           0x0800473d    0x7c  Code  Gb  motor.o [1]
TIM_ClearITPendingBit   0x08005ec5     0x8  Code  Gb  stm32f10x_tim.o [1]
TIM_Cmd                 0x08005e4b    0x1c  Code  Gb  stm32f10x_tim.o [1]
TIM_GetITStatus         0x08005e93    0x32  Code  Gb  stm32f10x_tim.o [1]
TIM_ITConfig            0x08005e67    0x16  Code  Gb  stm32f10x_tim.o [1]
TIM_OC1Init             0x08005db1    0x9a  Code  Gb  stm32f10x_tim.o [1]
TIM_OC1PreloadConfig    0x08005e7d    0x12  Code  Gb  stm32f10x_tim.o [1]
TIM_SetCompare1         0x08005e8f     0x4  Code  Gb  stm32f10x_tim.o [1]
TIM_TimeBaseInit        0x08005d1d    0x94  Code  Gb  stm32f10x_tim.o [1]
UART1_RX_BUF            0x200031d0    0x34  Data  Gb  bsp_config.o [1]
UART2_RX_BUF            0x20003204    0x34  Data  Gb  bsp_config.o [1]
USART1_IRQHandler       0x080060d9    0x5a  Code  Gb  stm32f10x_it.o [1]
USART2_IRQHandler       0x08006133    0xa4  Code  Gb  stm32f10x_it.o [1]
USART_ClearFlag         0x0800532f     0xc  Code  Gb  stm32f10x_usart.o [1]
USART_ClearITPendingBit
                        0x080053ab    0x26  Code  Gb  stm32f10x_usart.o [1]
USART_Cmd               0x08005279    0x1c  Code  Gb  stm32f10x_usart.o [1]
USART_DMACmd            0x080052eb    0x16  Code  Gb  stm32f10x_usart.o [1]
USART_GetFlagStatus     0x08005311    0x1e  Code  Gb  stm32f10x_usart.o [1]
USART_GetITStatus       0x0800533b    0x70  Code  Gb  stm32f10x_usart.o [1]
USART_ITConfig          0x08005295    0x56  Code  Gb  stm32f10x_usart.o [1]
USART_Init              0x08005195    0xde  Code  Gb  stm32f10x_usart.o [1]
USART_ReceiveData       0x08005309     0x8  Code  Gb  stm32f10x_usart.o [1]
USART_SendData          0x08005301     0x8  Code  Gb  stm32f10x_usart.o [1]
Uart1_rx_count          0x20003406     0x2  Data  Gb  bsp_config.o [1]
UserTimerCallback       0x08001de1   0x15e  Code  Gb  apptask.o [1]
Write_flash             0x08005a43    0x46  Code  Gb  memory.o [1]
_GenldLargeNoMb         0x08000a61   0x236  Code  Lc  xprintflarge_nomb.o [3]
_LdtobLargeNoMb         0x080007e1   0x27a  Code  Lc  xprintflarge_nomb.o [3]
_LitobLargeNoMb         0x080006db   0x106  Code  Lc  xprintflarge_nomb.o [3]
_Locale_aeabi_lconv     0x20000050    0x38  Data  Gb  localeconv.o [3]
_Locale_lconv           0x20000000    0x50  Data  Gb  localeconv.o [3]
_PrintfLargeNoMb        0x080000ed   0x57a  Code  Gb  xprintflarge_nomb.o [3]
_Prout                  0x08006671    0x16  Code  Gb  xprout.o [3]
_PutcharsLargeNoMb      0x08000c97    0x2e  Code  Lc  xprintflarge_nomb.o [3]
__aeabi_cdcmple         0x08000f31          Code  Gb  DblCmpLe.o [4]
__aeabi_cdrcmple        0x08005aa1          Code  Gb  DblCmpGe.o [4]
__aeabi_cfrcmple        0x080046c9          Code  Gb  FltCmpGe.o [4]
__aeabi_d2f             0x08004639          Code  Gb  DblToFlt.o [4]
__aeabi_d2uiz           0x0800135d          Code  Gb  DblToI32.o [4]
__aeabi_dadd            0x080015a5          Code  Gb  DblAdd.o [4]
__aeabi_ddiv            0x08001105          Code  Gb  DblDiv.o [4]
__aeabi_dmul            0x08000f61          Code  Gb  DblMul.o [4]
__aeabi_dsub            0x080013a5          Code  Gb  DblSub.o [4]
__aeabi_f2d             0x080045e9          Code  Gb  FltToDbl.o [4]
__aeabi_fdiv            0x080044ed          Code  Gb  FltDiv.o [4]
__aeabi_ldiv0           0x080015a1          Code  Gb  I64DivZer.o [5]
__aeabi_ui2d            0x08001389          Code  Gb  I32ToDbl.o [4]
__aeabi_ui2f            0x080044cd          Code  Gb  I32ToFlt.o [4]
__aeabi_uldivmod        0x08000d89          Code  Gb  I64DivMod.o [5]
__cmain                 0x080065cd          Code  Gb  cmain.o [5]
__exit                  0x080065fd    0x14  Code  Gb  exit.o [6]
__iar_Dnorm             0x08000eef    0x42  Code  Gb  xdnorm.o [4]
__iar_Locale_lconv_init
                        0x08001525    0x3a  Code  Gb  localeconv.o [3]
__iar_Memchr            0x08000d31          Code  Gb  memchr.o [5]
__iar_Stdout            0x20000088    0x40  Data  Gb  xfiles.o [3]
__iar_Strchr            0x08000ce1          Code  Gb  strchr.o [5]
__iar_Strstr            0x08006349    0x2c  Code  Gb  strstr.o [3]
__iar_copy_init3        0x08006539    0x2c  Code  Gb  copy_init3.o [5]
__iar_d2uiz             0x08001369          Code  Gb  DblToI32.o [4]
__iar_dadd              0x080015b9          Code  Gb  DblAdd.o [4]
__iar_data_init3        0x08006565    0x28  Code  Gb  data_init.o [5]
__iar_dlib_perthread_access
                        0x0800168d     0x2  Code  Gb  xtls.o [3]
__iar_dsub              0x080013b9          Code  Gb  DblSub.o [4]
__iar_dsubStart         0x080013cb          Code  Gb  DblSub.o [4]
__iar_program_start     0x080067f9          Code  Gb  cstartup_M.o [5]
__iar_ui2d              0x0800138d          Code  Gb  I32ToDbl.o [4]
__iar_ui2f              0x080044d1          Code  Gb  I32ToFlt.o [4]
__iar_unaligned___aeabi_memcpy
                        0x08000e79          Code  Gb  ABImemcpy_unaligned.o [5]
__iar_unaligned___aeabi_memcpy4
                        0x08000e99          Code  Gb  ABImemcpy_unaligned.o [5]
__iar_unaligned___aeabi_memcpy8
                        0x08000e99          Code  Gb  ABImemcpy_unaligned.o [5]
__iar_zero_init3        0x080064cd    0x40  Code  Gb  zero_init3.o [5]
__low_level_init        0x080065e7     0x4  Code  Gb  low_level_init.o [3]
__vector_table          0x08000000          Data  Gb  startup_stm32f10x_md.o [1]
_call_main              0x080065d9          Code  Gb  cmain.o [5]
_exit                   0x080065f1          Code  Gb  cexit.o [5]
_main                   0x080065e3          Code  Gb  cmain.o [5]
abs                     0x0800485d     0x8  Code  Gb  abs.o [3]
bsp_DetectKey           0x0800221b    0xe0  Code  Gb  bsp_key.o [1]
bsp_GetKey              0x080020bf    0x38  Code  Gb  bsp_key.o [1]
bsp_InitKey             0x08002091     0xc  Code  Gb  bsp_key.o [1]
bsp_InitKeyVar          0x080021a3    0x78  Code  Gb  bsp_key.o [1]
bsp_KeyScan             0x08002319    0x1a  Code  Gb  bsp_key.o [1]
bsp_PutKey              0x0800209d    0x22  Code  Gb  bsp_key.o [1]
bsp_init                0x0800306d    0x56  Code  Gb  bsp_config.o [1]
cut_down_flag           0x2000340f     0x1  Data  Gb  apptask.o [1]
cut_down_time           0x20003410     0x1  Data  Gb  apptask.o [1]
delay_hx711             0x080057b5    0x18  Code  Gb  hx711.o [1]
delay_init              0x08005681    0x28  Code  Gb  delay.o [1]
device_addr             0x2000341f     0x1  Data  Gb  switch.o [1]
device_info             0x20003298    0x14  Data  Gb  para.o [1]
div                     0x08001591     0xe  Code  Gb  div.o [3]
exit                    0x080065eb     0x4  Code  Gb  exit.o [3]
fac_ms                  0x20003408     0x2  Data  Lc  delay.o [1]
fac_us                  0x2000341d     0x1  Data  Lc  delay.o [1]
fputc                   0x08002d91    0x26  Code  Gb  bsp_config.o [1]
get_mass                0x08003ed1   0x49e  Code  Gb  filter.o [1]
hx711_buf               0x20003268    0x30  Data  Gb  hx711.o [1]
hx711_buf_Init          0x08005777    0x32  Code  Gb  hx711.o [1]
hx711_init              0x080056b1    0x42  Code  Gb  hx711.o [1]
hx711_sum               0x200033a8     0x4  Data  Gb  hx711.o [1]
k3_short_cnt            0x20003404     0x2  Data  Gb  apptask.o [1]
k3_short_flag           0x2000341a     0x1  Data  Gb  apptask.o [1]
key1_press_flag         0x20003412     0x1  Data  Gb  apptask.o [1]
key1_press_time         0x20003413     0x1  Data  Gb  apptask.o [1]
key1_running_time       0x20003414     0x1  Data  Gb  apptask.o [1]
key2_reset              0x20003415     0x1  Data  Gb  apptask.o [1]
key2_reset_time         0x200033fe     0x2  Data  Gb  apptask.o [1]
key_reset               0x20003411     0x1  Data  Gb  apptask.o [1]
key_reset_time          0x200033fc     0x2  Data  Gb  apptask.o [1]
link_err                0x2000341b     0x1  Data  Gb  apptask.o [1]
load_value              0x20003394     0x4  Data  Gb  filter.o [1]
localeconv              0x0800155f    0x16  Code  Gb  localeconv.o [3]
m_ctrl_dev              0x20003348    0x10  Data  Gb  modbus.o [1]
main                    0x0800650d    0x2c  Code  Gb  main.o [1]
mb_init                 0x0800380b    0x16  Code  Gb  modbus.o [1]
mb_packsend_frame       0x0800379b    0x70  Code  Gb  modbus.o [1]
mb_unpack_frame         0x080036f5    0xa6  Code  Gb  modbus.o [1]
mc_check_sum            0x08005a15    0x2e  Code  Gb  mcheck.o [1]
memchr                  0x08000d31          Code  Gb  memchr.o [5]
modbus_action           0x08003821   0x1d2  Code  Gb  modbus.o [1]
motor_control           0x080047c9    0x8c  Code  Gb  motor.o [1]
motor_dir               0x2000341e     0x1  Data  Gb  motor.o [1]
motor_init              0x080046ed    0x50  Code  Gb  motor.o [1]
motor_speed             0x080047b9    0x10  Code  Gb  motor.o [1]
obuf                    0x20003180    0x50  Data  Lc  xfiles.o [3]
old_Device_Process      0x20003419     0x1  Data  Gb  apptask.o [1]
old_start_stop          0x2000340b     0x1  Data  Gb  apptask.o [1]
overCurrent_flag        0x20003416     0x1  Data  Gb  apptask.o [1]
overCurrent_time        0x20003400     0x2  Data  Gb  apptask.o [1]
overWeight_flag         0x20003417     0x1  Data  Gb  apptask.o [1]
overWeight_time         0x20003402     0x2  Data  Gb  apptask.o [1]
printf                  0x08002521    0x24  Code  Gb  printf.o [3]
prvAddCurrentTaskToDelayedList
                        0x08002ccd    0x82  Code  Lc  tasks.o [1]
prvAddNewTaskToReadyList
                        0x0800266f    0xb8  Code  Lc  tasks.o [1]
prvCheckForValidListAndQueue
                        0x08004c23    0x3a  Code  Lc  timers.o [1]
prvCheckTasksWaitingTermination
                        0x08002bd7    0x58  Code  Lc  tasks.o [1]
prvCopyDataFromQueue    0x080035c7    0x30  Code  Lc  queue.o [1]
prvCopyDataToQueue      0x08003541    0x86  Code  Lc  queue.o [1]
prvDeleteTCB            0x08002c39    0x12  Code  Lc  tasks.o [1]
prvGetNextExpireTime    0x08004a4f    0x2e  Code  Lc  timers.o [1]
prvHeapInit             0x08004f27    0x6e  Code  Lc  heap_4.o [1]
prvIdleTask             0x08002b5d    0x24  Code  Lc  tasks.o [1]
prvInitialiseNewQueue   0x080031ad    0x32  Code  Lc  queue.o [1]
prvInitialiseNewTask    0x080025c9    0xa6  Code  Lc  tasks.o [1]
prvInitialiseNewTimer   0x080048d3    0x3e  Code  Lc  timers.o [1]
prvInitialiseTaskLists  0x08002b81    0x56  Code  Lc  tasks.o [1]
prvInsertBlockIntoFreeList
                        0x08004f95    0x62  Code  Lc  heap_4.o [1]
prvInsertTimerInActiveList
                        0x08004aa5    0x50  Code  Lc  timers.o [1]
prvIsQueueEmpty         0x08003665    0x20  Code  Lc  queue.o [1]
prvIsQueueFull          0x08003685    0x22  Code  Lc  queue.o [1]
prvProcessExpiredTimer  0x0800497b    0x46  Code  Lc  timers.o [1]
prvProcessReceivedCommands
                        0x08004af5    0xb4  Code  Lc  timers.o [1]
prvProcessTimerOrBlockTask
                        0x080049df    0x70  Code  Lc  timers.o [1]
prvResetNextTaskUnblockTime
                        0x08002c4b    0x2e  Code  Lc  tasks.o [1]
prvSampleTimeNow        0x08004a7d    0x28  Code  Lc  timers.o [1]
prvSwitchTimerLists     0x08004ba9    0x7a  Code  Lc  timers.o [1]
prvTaskExitError        0x080050d5    0x10  Code  Lc  port.o [1]
prvTimerTask            0x080049c5    0x1a  Code  Lc  timers.o [1]
prvUnlockQueue          0x080035f7    0x6e  Code  Lc  queue.o [1]
putchar                 0x08006689     0xc  Code  Gb  putchar.o [3]
pvPortMalloc            0x08004e0d    0xd2  Code  Gb  heap_4.o [1]
pxCurrentTCB            0x200033ac     0x4  Data  Gb  tasks.o [1]
pxCurrentTimerList      0x200033e8     0x4  Data  Lc  timers.o [1]
pxDelayedTaskList       0x200033b0     0x4  Data  Lc  tasks.o [1]
pxEnd                   0x20003398     0x4  Data  Lc  heap_4.o [1]
pxOverflowDelayedTaskList
                        0x200033b4     0x4  Data  Lc  tasks.o [1]
pxOverflowTimerList     0x200033ec     0x4  Data  Lc  timers.o [1]
pxPortInitialiseStack   0x080050b5    0x20  Code  Gb  port.o [1]
pxReadyTasksLists       0x20003108    0x78  Data  Lc  tasks.o [1]
readPara                0x080059b1    0x64  Code  Gb  para.o [1]
read_switch             0x080058cb    0xd8  Code  Gb  switch.o [1]
rev_start_stop          0x2000340e     0x1  Data  Gb  apptask.o [1]
s_TIM_CallBack1         0x20003384     0x4  Data  Gb  bsp_timer.o [1]
s_TIM_CallBack2         0x20003388     0x4  Data  Gb  bsp_timer.o [1]
s_TIM_CallBack3         0x2000338c     0x4  Data  Gb  bsp_timer.o [1]
s_TIM_CallBack4         0x20003390     0x4  Data  Gb  bsp_timer.o [1]
s_tBtn                  0x20003238    0x30  Data  Gb  bsp_key.o [1]
s_tKey                  0x20003338    0x10  Data  Gb  bsp_key.o [1]
start_stop              0x2000340a     0x1  Data  Gb  apptask.o [1]
start_time              0x2000340d     0x1  Data  Gb  apptask.o [1]
start_time_flag         0x2000340c     0x1  Data  Gb  apptask.o [1]
strchr                  0x08000ce1          Code  Gb  strchr.o [5]
strlen                  0x08000cf9          Code  Gb  strlen.o [5]
strstr                  0x08006339    0x10  Code  Gb  protocol.o [1]
switch_init             0x080057cd    0xfe  Code  Gb  switch.o [1]
uart1_check_cmd         0x080062f9    0x14  Code  Gb  protocol.o [1]
uart1_debug             0x080062b5    0x44  Code  Gb  protocol.o [1]
ucHeap                  0x20000108  0x3000  Data  Lc  heap_4.o [1]
uxCriticalNesting       0x20000100     0x4  Data  Lc  port.o [1]
uxCurrentNumberOfTasks  0x200033bc     0x4  Data  Lc  tasks.o [1]
uxDeletedTasksWaitingCleanUp
                        0x200033b8     0x4  Data  Lc  tasks.o [1]
uxListRemove            0x0800508b    0x28  Code  Gb  list.o [1]
uxPendedTicks           0x200033cc     0x4  Data  Lc  tasks.o [1]
uxSchedulerSuspended    0x200033e4     0x4  Data  Lc  tasks.o [1]
uxTaskNumber            0x200033d8     0x4  Data  Lc  tasks.o [1]
uxTopReadyPriority      0x200033c4     0x4  Data  Lc  tasks.o [1]
vListInitialise         0x08005015    0x1e  Code  Gb  list.o [1]
vListInitialiseItem     0x08005033     0x6  Code  Gb  list.o [1]
vListInsert             0x08005051    0x3a  Code  Gb  list.o [1]
vListInsertEnd          0x08005039    0x18  Code  Gb  list.o [1]
vPortEnterCritical      0x08005111    0x1a  Code  Gb  port.o [1]
vPortExitCritical       0x0800512b    0x1a  Code  Gb  port.o [1]
vPortFree               0x08004edf    0x48  Code  Gb  heap_4.o [1]
vPortSetupTimerInterrupt
                        0x0800516d     0xe  Code  Wk  port.o [1]
vPortStartFirstTask     0x08005f5b          Code  Gb  portasm.o [1]
vQueueWaitForMessageRestricted
                        0x080036a7    0x4c  Code  Gb  queue.o [1]
vTaskDelay              0x08002727    0x34  Code  Gb  tasks.o [1]
vTaskMissedYield        0x08002b51     0xa  Code  Gb  tasks.o [1]
vTaskPlaceOnEventList   0x08002a21    0x20  Code  Gb  tasks.o [1]
vTaskPlaceOnEventListRestricted
                        0x08002a41    0x2c  Code  Gb  tasks.o [1]
vTaskRev485             0x0800188b    0x80  Code  Gb  apptask.o [1]
vTaskSample             0x0800190b   0x47c  Code  Gb  apptask.o [1]
vTaskSetTimeOutState    0x08002adf    0x12  Code  Gb  tasks.o [1]
vTaskStartScheduler     0x0800275b    0x5a  Code  Gb  tasks.o [1]
vTaskSuspendAll         0x080027b5    0x10  Code  Gb  tasks.o [1]
vTaskSwitchContext      0x080029cb    0x56  Code  Gb  tasks.o [1]
vTaskTaskKey            0x080016b3   0x1c4  Code  Gb  apptask.o [1]
vTaskTaskSend485        0x08001877    0x14  Code  Gb  apptask.o [1]
value_current           0x20003368     0x4  Data  Gb  adc.o [1]
watchdog                0x08003045    0x20  Code  Gb  bsp_config.o [1]
xActiveTimerList1       0x20003310    0x14  Data  Lc  timers.o [1]
xActiveTimerList2       0x20003324    0x14  Data  Lc  timers.o [1]
xBlockAllocatedBit      0x200033a4     0x4  Data  Lc  heap_4.o [1]
xDelayedTaskList1       0x200032ac    0x14  Data  Lc  tasks.o [1]
xDelayedTaskList2       0x200032c0    0x14  Data  Lc  tasks.o [1]
xFreeBytesRemaining     0x2000339c     0x4  Data  Lc  heap_4.o [1]
xHandleTaskKey          0x2000336c     0x4  Data  Gb  apptask.o [1]
xHandleTaskRev485       0x20003374     0x4  Data  Gb  apptask.o [1]
xHandleTaskSample       0x20003378     0x4  Data  Gb  apptask.o [1]
xHandleTaskSend485      0x20003370     0x4  Data  Gb  apptask.o [1]
xHeapStructSize         0x0800681c     0x4  Data  Lc  heap_4.o [1]
xIdleTaskHandle         0x200033e0     0x4  Data  Lc  tasks.o [1]
xMinimumEverFreeBytesRemaining
                        0x200033a0     0x4  Data  Lc  heap_4.o [1]
xNextTaskUnblockTime    0x200033dc     0x4  Data  Lc  tasks.o [1]
xNumOfOverflows         0x200033d4     0x4  Data  Lc  tasks.o [1]
xPendingReadyList       0x200032d4    0x14  Data  Lc  tasks.o [1]
xPortStartScheduler     0x080050e5    0x2c  Code  Gb  port.o [1]
xQueueGenericCreate     0x08003169    0x44  Code  Gb  queue.o [1]
xQueueGenericReceive    0x080033f9   0x144  Code  Gb  queue.o [1]
xQueueGenericReset      0x080030e9    0x80  Code  Gb  queue.o [1]
xQueueGenericSend       0x080031df   0x11c  Code  Gb  queue.o [1]
xQueueGenericSendFromISR
                        0x080032fb    0x84  Code  Gb  queue.o [1]
xQueueGiveFromISR       0x0800337f    0x7a  Code  Gb  queue.o [1]
xSchedulerRunning       0x200033c8     0x4  Data  Lc  tasks.o [1]
xSemaphore_rs485        0x2000337c     0x4  Data  Gb  apptask.o [1]
xStart                  0x20003360     0x8  Data  Lc  heap_4.o [1]
xSuspendedTaskList      0x200032fc    0x14  Data  Lc  tasks.o [1]
xTaskCheckForTimeOut    0x08002af1    0x60  Code  Gb  tasks.o [1]
xTaskCreate             0x08002545    0x84  Code  Gb  tasks.o [1]
xTaskGetSchedulerState  0x08002c85    0x26  Code  Gb  tasks.o [1]
xTaskGetTickCount       0x080028a9     0xa  Code  Gb  tasks.o [1]
xTaskIncrementTick      0x080028b3   0x118  Code  Gb  tasks.o [1]
xTaskRemoveFromEventList
                        0x08002a6d    0x72  Code  Gb  tasks.o [1]
xTaskResumeAll          0x080027c5    0xe4  Code  Gb  tasks.o [1]
xTasksWaitingTermination
                        0x200032e8    0x14  Data  Lc  tasks.o [1]
xTickCount              0x200033c0     0x4  Data  Lc  tasks.o [1]
xTimerCreate            0x08004899    0x3a  Code  Gb  timers.o [1]
xTimerCreateTimerTask   0x08004865    0x34  Code  Gb  timers.o [1]
xTimerGenericCommand    0x08004911    0x6a  Code  Gb  timers.o [1]
xTimerQueue             0x200033f0     0x4  Data  Lc  timers.o [1]
xTimerTaskHandle        0x200033f4     0x4  Data  Lc  timers.o [1]
xTimerUser              0x20003380     0x4  Data  Gb  apptask.o [1]
xYieldPending           0x200033d0     0x4  Data  Lc  tasks.o [1]


[1] = E:\WORK\YarnControl_Driver\YarnControl_Driver\src\DriveBorad\Debug\Obj
[2] = command line
[3] = dl7M_tlf.a
[4] = m7M_tl.a
[5] = rt7M_tl.a
[6] = shb_l.a

  26 336 bytes of readonly  code memory
     792 bytes of readonly  data memory
  15 392 bytes of readwrite data memory

Errors: none
Warnings: none
