###############################################################################
#
# IAR ELF Linker V7.40.7.9843/W32 for ARM                 28/Dec/2018  22:05:48
# Copyright 2007-2015 IAR Systems AB.
#
#    Output file  =  
#        E:\WORK\YarnControl_Driver\src\DriveBorad\181228_v1.2_10kg\Debug\Exe\stm32F10x.out
#    Map file     =  
#        E:\WORK\YarnControl_Driver\src\DriveBorad\181228_v1.2_10kg\Debug\List\stm32F10x.map
#    Command line =  
#        E:\WORK\YarnControl_Driver\src\DriveBorad\181228_v1.2_10kg\Debug\Obj\adc.o
#        E:\WORK\YarnControl_Driver\src\DriveBorad\181228_v1.2_10kg\Debug\Obj\apptask.o
#        E:\WORK\YarnControl_Driver\src\DriveBorad\181228_v1.2_10kg\Debug\Obj\bsp_config.o
#        E:\WORK\YarnControl_Driver\src\DriveBorad\181228_v1.2_10kg\Debug\Obj\bsp_dwt.o
#        E:\WORK\YarnControl_Driver\src\DriveBorad\181228_v1.2_10kg\Debug\Obj\bsp_key.o
#        E:\WORK\YarnControl_Driver\src\DriveBorad\181228_v1.2_10kg\Debug\Obj\bsp_timer.o
#        E:\WORK\YarnControl_Driver\src\DriveBorad\181228_v1.2_10kg\Debug\Obj\core_cm3.o
#        E:\WORK\YarnControl_Driver\src\DriveBorad\181228_v1.2_10kg\Debug\Obj\croutine.o
#        E:\WORK\YarnControl_Driver\src\DriveBorad\181228_v1.2_10kg\Debug\Obj\delay.o
#        E:\WORK\YarnControl_Driver\src\DriveBorad\181228_v1.2_10kg\Debug\Obj\event_groups.o
#        E:\WORK\YarnControl_Driver\src\DriveBorad\181228_v1.2_10kg\Debug\Obj\filter.o
#        E:\WORK\YarnControl_Driver\src\DriveBorad\181228_v1.2_10kg\Debug\Obj\heap_4.o
#        E:\WORK\YarnControl_Driver\src\DriveBorad\181228_v1.2_10kg\Debug\Obj\hx711.o
#        E:\WORK\YarnControl_Driver\src\DriveBorad\181228_v1.2_10kg\Debug\Obj\list.o
#        E:\WORK\YarnControl_Driver\src\DriveBorad\181228_v1.2_10kg\Debug\Obj\main.o
#        E:\WORK\YarnControl_Driver\src\DriveBorad\181228_v1.2_10kg\Debug\Obj\mcheck.o
#        E:\WORK\YarnControl_Driver\src\DriveBorad\181228_v1.2_10kg\Debug\Obj\memory.o
#        E:\WORK\YarnControl_Driver\src\DriveBorad\181228_v1.2_10kg\Debug\Obj\misc.o
#        E:\WORK\YarnControl_Driver\src\DriveBorad\181228_v1.2_10kg\Debug\Obj\modbus.o
#        E:\WORK\YarnControl_Driver\src\DriveBorad\181228_v1.2_10kg\Debug\Obj\motor.o
#        E:\WORK\YarnControl_Driver\src\DriveBorad\181228_v1.2_10kg\Debug\Obj\para.o
#        E:\WORK\YarnControl_Driver\src\DriveBorad\181228_v1.2_10kg\Debug\Obj\port.o
#        E:\WORK\YarnControl_Driver\src\DriveBorad\181228_v1.2_10kg\Debug\Obj\portasm.o
#        E:\WORK\YarnControl_Driver\src\DriveBorad\181228_v1.2_10kg\Debug\Obj\protocol.o
#        E:\WORK\YarnControl_Driver\src\DriveBorad\181228_v1.2_10kg\Debug\Obj\queue.o
#        E:\WORK\YarnControl_Driver\src\DriveBorad\181228_v1.2_10kg\Debug\Obj\startup_stm32f10x_md.o
#        E:\WORK\YarnControl_Driver\src\DriveBorad\181228_v1.2_10kg\Debug\Obj\stm32f10x_adc.o
#        E:\WORK\YarnControl_Driver\src\DriveBorad\181228_v1.2_10kg\Debug\Obj\stm32f10x_bkp.o
#        E:\WORK\YarnControl_Driver\src\DriveBorad\181228_v1.2_10kg\Debug\Obj\stm32f10x_can.o
#        E:\WORK\YarnControl_Driver\src\DriveBorad\181228_v1.2_10kg\Debug\Obj\stm32f10x_cec.o
#        E:\WORK\YarnControl_Driver\src\DriveBorad\181228_v1.2_10kg\Debug\Obj\stm32f10x_crc.o
#        E:\WORK\YarnControl_Driver\src\DriveBorad\181228_v1.2_10kg\Debug\Obj\stm32f10x_dac.o
#        E:\WORK\YarnControl_Driver\src\DriveBorad\181228_v1.2_10kg\Debug\Obj\stm32f10x_dbgmcu.o
#        E:\WORK\YarnControl_Driver\src\DriveBorad\181228_v1.2_10kg\Debug\Obj\stm32f10x_dma.o
#        E:\WORK\YarnControl_Driver\src\DriveBorad\181228_v1.2_10kg\Debug\Obj\stm32f10x_exti.o
#        E:\WORK\YarnControl_Driver\src\DriveBorad\181228_v1.2_10kg\Debug\Obj\stm32f10x_flash.o
#        E:\WORK\YarnControl_Driver\src\DriveBorad\181228_v1.2_10kg\Debug\Obj\stm32f10x_fsmc.o
#        E:\WORK\YarnControl_Driver\src\DriveBorad\181228_v1.2_10kg\Debug\Obj\stm32f10x_gpio.o
#        E:\WORK\YarnControl_Driver\src\DriveBorad\181228_v1.2_10kg\Debug\Obj\stm32f10x_i2c.o
#        E:\WORK\YarnControl_Driver\src\DriveBorad\181228_v1.2_10kg\Debug\Obj\stm32f10x_it.o
#        E:\WORK\YarnControl_Driver\src\DriveBorad\181228_v1.2_10kg\Debug\Obj\stm32f10x_iwdg.o
#        E:\WORK\YarnControl_Driver\src\DriveBorad\181228_v1.2_10kg\Debug\Obj\stm32f10x_pwr.o
#        E:\WORK\YarnControl_Driver\src\DriveBorad\181228_v1.2_10kg\Debug\Obj\stm32f10x_rcc.o
#        E:\WORK\YarnControl_Driver\src\DriveBorad\181228_v1.2_10kg\Debug\Obj\stm32f10x_rtc.o
#        E:\WORK\YarnControl_Driver\src\DriveBorad\181228_v1.2_10kg\Debug\Obj\stm32f10x_sdio.o
#        E:\WORK\YarnControl_Driver\src\DriveBorad\181228_v1.2_10kg\Debug\Obj\stm32f10x_spi.o
#        E:\WORK\YarnControl_Driver\src\DriveBorad\181228_v1.2_10kg\Debug\Obj\stm32f10x_tim.o
#        E:\WORK\YarnControl_Driver\src\DriveBorad\181228_v1.2_10kg\Debug\Obj\stm32f10x_usart.o
#        E:\WORK\YarnControl_Driver\src\DriveBorad\181228_v1.2_10kg\Debug\Obj\stm32f10x_wwdg.o
#        E:\WORK\YarnControl_Driver\src\DriveBorad\181228_v1.2_10kg\Debug\Obj\switch.o
#        E:\WORK\YarnControl_Driver\src\DriveBorad\181228_v1.2_10kg\Debug\Obj\system_stm32f10x.o
#        E:\WORK\YarnControl_Driver\src\DriveBorad\181228_v1.2_10kg\Debug\Obj\tasks.o
#        E:\WORK\YarnControl_Driver\src\DriveBorad\181228_v1.2_10kg\Debug\Obj\timers.o
#        -o
#        E:\WORK\YarnControl_Driver\src\DriveBorad\181228_v1.2_10kg\Debug\Exe\stm32F10x.out
#        --map
#        E:\WORK\YarnControl_Driver\src\DriveBorad\181228_v1.2_10kg\Debug\List\stm32F10x.map
#        --config "C:\Program Files (x86)\IAR Systems\Embedded Workbench
#        7.2\arm\config\linker\ST\stm32f103x8.icf" --semihosting --entry
#        __iar_program_start --vfe
#
###############################################################################

*******************************************************************************
*** RUNTIME MODEL ATTRIBUTES
***

CppFlavor       = *
__SystemLibrary = DLib


*******************************************************************************
*** PLACEMENT SUMMARY
***

"A1":  place at 0x08000000 { ro section .intvec };
"P1":  place in [from 0x08000000 to 0x0800ffff] { ro };
"P2":  place in [from 0x20000000 to 0x20004fff] { rw, block CSTACK, block HEAP };

  Section             Kind        Address    Size  Object
  -------             ----        -------    ----  ------
"A1":                                        0xec
  .intvec             ro code  0x08000000    0xec  startup_stm32f10x_md.o [1]
                             - 0x080000ec    0xec

"P1":                                      0x6400
  .text               ro code  0x080000ec   0xbf2  xprintflarge_nomb.o [3]
  .text               ro code  0x08000ce0    0x16  strchr.o [5]
  .text               ro code  0x08000cf8    0x36  strlen.o [5]
  .text               ro code  0x08000d30    0x58  memchr.o [5]
  .text               ro code  0x08000d88    0xee  I64DivMod.o [5]
  .text               ro code  0x08000e78    0x76  ABImemcpy_unaligned.o [5]
  .text               ro code  0x08000eee    0x42  xdnorm.o [4]
  .text               ro code  0x08000f30    0x2e  DblCmpLe.o [4]
  .text               ro code  0x08000f60   0x1a2  DblMul.o [4]
  .text               ro code  0x08001104   0x256  DblDiv.o [4]
  .text               ro code  0x0800135c    0x2c  DblToI32.o [4]
  .text               ro code  0x08001388    0x1c  I32ToDbl.o [4]
  .text               ro code  0x080013a4   0x180  DblSub.o [4]
  .text               ro code  0x08001524    0x6c  localeconv.o [3]
  .text               ro code  0x08001590     0xe  div.o [3]
  .text               ro code  0x080015a0     0x2  I64DivZer.o [5]
  .text               ro code  0x080015a4    0xe8  DblAdd.o [4]
  .text               ro code  0x0800168c     0x2  xtls.o [3]
  .text               ro code  0x08001690   0x988  filter.o [1]
  .text               ro code  0x08002018   0x11c  hx711.o [1]
  .text               ro code  0x08002134    0x2e  DblCmpGe.o [4]
  .text               ro code  0x08002164   0x18c  stm32f10x_rcc.o [1]
  .text               ro code  0x080022f0   0x1ec  stm32f10x_gpio.o [1]
  .text               ro code  0x080024dc   0x84c  tasks.o [1]
  .text               ro code  0x08002d28   0x208  heap_4.o [1]
  .text               ro code  0x08002f30    0x9e  list.o [1]
  .text               ro code  0x08002fd0    0xe0  port.o [1]
  .text               ro code  0x080030b0   0x41c  timers.o [1]
  CODE                ro code  0x080034cc    0x88  portasm.o [1]
  .text               ro code  0x08003554   0x60a  queue.o [1]
  .text               ro code  0x08003b60   0x628  apptask.o [1]
  .text               ro code  0x08004188   0x2a2  bsp_key.o [1]
  .text               ro code  0x0800442a    0x5e  memory.o [1]
  .text               ro code  0x08004488    0x24  printf.o [3]
  .text               ro code  0x080044ac   0x348  bsp_config.o [1]
  .text               ro code  0x080047f4   0x260  modbus.o [1]
  .text               ro code  0x08004a54    0xfa  adc.o [1]
  .text               ro code  0x08004b50    0x1e  I32ToFlt.o [4]
  .text               ro code  0x08004b70    0xfc  FltDiv.o [4]
  .text               ro code  0x08004c6c    0x4e  FltToDbl.o [4]
  .text               ro code  0x08004cbc    0x90  DblToFlt.o [4]
  .text               ro code  0x08004d4c    0x24  FltCmpGe.o [4]
  .text               ro code  0x08004d70     0x8  abs.o [3]
  .text               ro code  0x08004d78   0x170  motor.o [1]
  .text               ro code  0x08004ee8   0x14e  stm32f10x_flash.o [1]
  .text               ro code  0x08005038   0x23c  stm32f10x_usart.o [1]
  .text               ro code  0x08005274   0x1b8  stm32f10x_dma.o [1]
  .text               ro code  0x0800542c    0xc0  misc.o [1]
  .text               ro code  0x080054ec    0x10  stm32f10x_iwdg.o [1]
  .text               ro code  0x080054fc    0x30  delay.o [1]
  .text               ro code  0x0800552c   0x1e4  switch.o [1]
  .text               ro code  0x08005710    0x5c  para.o [1]
  .text               ro code  0x0800576c    0x2e  mcheck.o [1]
  .text               ro code  0x0800579c   0x24a  stm32f10x_adc.o [1]
  .text               ro code  0x080059e8   0x1d8  stm32f10x_tim.o [1]
  .text               ro code  0x08005bc0   0x1e8  stm32f10x_it.o [1]
  .text               ro code  0x08005da8    0x84  protocol.o [1]
  .text               ro code  0x08005e2c    0x10  protocol.o [1]
  .text               ro code  0x08005e3c    0x2c  strstr.o [3]
  .text               ro code  0x08005e68   0x158  system_stm32f10x.o [1]
  .text               ro code  0x08005fc0    0x40  zero_init3.o [5]
  .text               ro code  0x08006000    0x2c  main.o [1]
  .text               ro code  0x0800602c    0x2c  copy_init3.o [5]
  .text               ro code  0x08006058    0x28  data_init.o [5]
  .iar.init_table     const    0x08006080    0x24  - Linker created -
  .rodata             const    0x080060a4    0x1c  apptask.o [1]
  .text               ro code  0x080060c0    0x1a  cmain.o [5]
  .text               ro code  0x080060da     0x4  low_level_init.o [3]
  .text               ro code  0x080060de     0x4  exit.o [3]
  .text               ro code  0x080060e4     0xa  cexit.o [5]
  .text               ro code  0x080060f0    0x14  exit.o [6]
  .rodata             const    0x08006104    0x18  apptask.o [1]
  .rodata             const    0x0800611c    0x18  apptask.o [1]
  .rodata             const    0x08006134    0x18  protocol.o [1]
  .rodata             const    0x0800614c    0x18  protocol.o [1]
  .text               ro code  0x08006164    0x16  xprout.o [3]
  .text               ro code  0x0800617c     0xc  putchar.o [3]
  .rodata             const    0x08006188    0x14  apptask.o [1]
  .rodata             const    0x0800619c    0x14  apptask.o [1]
  .rodata             const    0x080061b0    0x14  apptask.o [1]
  .rodata             const    0x080061c4    0x14  modbus.o [1]
  .rodata             const    0x080061d8    0x14  modbus.o [1]
  .rodata             const    0x080061ec    0x14  protocol.o [1]
  .rodata             const    0x08006200    0x14  protocol.o [1]
  .rodata             const    0x08006214    0x14  protocol.o [1]
  .rodata             const    0x08006228    0x14  stm32f10x_it.o [1]
  .rodata             const    0x0800623c    0x10  apptask.o [1]
  .rodata             const    0x0800624c    0x10  apptask.o [1]
  .rodata             const    0x0800625c    0x10  apptask.o [1]
  .rodata             const    0x0800626c    0x10  apptask.o [1]
  .rodata             const    0x0800627c    0x10  main.o [1]
  .rodata             const    0x0800628c    0x10  modbus.o [1]
  .rodata             const    0x0800629c    0x10  protocol.o [1]
  .text               ro code  0x080062ac    0x10  startup_stm32f10x_md.o [1]
  .rodata             const    0x080062bc     0xc  apptask.o [1]
  .rodata             const    0x080062c8     0xc  apptask.o [1]
  .rodata             const    0x080062d4     0xc  apptask.o [1]
  .rodata             const    0x080062e0     0xc  apptask.o [1]
  .text               ro code  0x080062ec     0xc  cstartup_M.o [5]
  .rodata             const    0x080062f8     0x8  apptask.o [1]
  .rodata             const    0x08006300     0x8  tasks.o [1]
  .rodata             const    0x08006308     0x8  timers.o [1]
  .rodata             const    0x08006310     0x4  heap_4.o [1]
  .text               ro code  0x08006314     0x4  startup_stm32f10x_md.o [1]
  .text               ro code  0x08006318     0x4  startup_stm32f10x_md.o [1]
  .text               ro code  0x0800631c     0x4  startup_stm32f10x_md.o [1]
  .text               ro code  0x08006320     0x4  startup_stm32f10x_md.o [1]
  .text               ro code  0x08006324     0x4  startup_stm32f10x_md.o [1]
  .text               ro code  0x08006328     0x4  startup_stm32f10x_md.o [1]
  .text               ro code  0x0800632c     0x4  startup_stm32f10x_md.o [1]
  .text               ro code  0x08006330     0x4  startup_stm32f10x_md.o [1]
  .text               ro code  0x08006334     0x4  startup_stm32f10x_md.o [1]
  .text               ro code  0x08006338     0x4  startup_stm32f10x_md.o [1]
  .text               ro code  0x0800633c     0x4  startup_stm32f10x_md.o [1]
  .text               ro code  0x08006340     0x4  startup_stm32f10x_md.o [1]
  .text               ro code  0x08006344     0x4  startup_stm32f10x_md.o [1]
  .text               ro code  0x08006348     0x4  startup_stm32f10x_md.o [1]
  .text               ro code  0x0800634c     0x4  startup_stm32f10x_md.o [1]
  .text               ro code  0x08006350     0x4  startup_stm32f10x_md.o [1]
  .text               ro code  0x08006354     0x4  startup_stm32f10x_md.o [1]
  .text               ro code  0x08006358     0x4  startup_stm32f10x_md.o [1]
  .text               ro code  0x0800635c     0x4  startup_stm32f10x_md.o [1]
  .text               ro code  0x08006360     0x4  startup_stm32f10x_md.o [1]
  .text               ro code  0x08006364     0x4  startup_stm32f10x_md.o [1]
  .text               ro code  0x08006368     0x4  startup_stm32f10x_md.o [1]
  .text               ro code  0x0800636c     0x4  startup_stm32f10x_md.o [1]
  .text               ro code  0x08006370     0x4  startup_stm32f10x_md.o [1]
  .text               ro code  0x08006374     0x4  startup_stm32f10x_md.o [1]
  .text               ro code  0x08006378     0x4  startup_stm32f10x_md.o [1]
  .text               ro code  0x0800637c     0x4  startup_stm32f10x_md.o [1]
  .text               ro code  0x08006380     0x4  startup_stm32f10x_md.o [1]
  .text               ro code  0x08006384     0x4  startup_stm32f10x_md.o [1]
  .text               ro code  0x08006388     0x4  startup_stm32f10x_md.o [1]
  .text               ro code  0x0800638c     0x4  startup_stm32f10x_md.o [1]
  .text               ro code  0x08006390     0x4  startup_stm32f10x_md.o [1]
  .text               ro code  0x08006394     0x4  startup_stm32f10x_md.o [1]
  .text               ro code  0x08006398     0x4  startup_stm32f10x_md.o [1]
  .text               ro code  0x0800639c     0x4  startup_stm32f10x_md.o [1]
  .text               ro code  0x080063a0     0x4  startup_stm32f10x_md.o [1]
  .text               ro code  0x080063a4     0x4  startup_stm32f10x_md.o [1]
  .text               ro code  0x080063a8     0x4  startup_stm32f10x_md.o [1]
  .text               ro code  0x080063ac     0x4  startup_stm32f10x_md.o [1]
  .text               ro code  0x080063b0     0x4  startup_stm32f10x_md.o [1]
  .text               ro code  0x080063b4     0x4  startup_stm32f10x_md.o [1]
  .text               ro code  0x080063b8     0x4  startup_stm32f10x_md.o [1]
  .text               ro code  0x080063bc     0x4  startup_stm32f10x_md.o [1]
  .text               ro code  0x080063c0     0x4  startup_stm32f10x_md.o [1]
  .text               ro code  0x080063c4     0x4  startup_stm32f10x_md.o [1]
  .text               ro code  0x080063c8     0x4  startup_stm32f10x_md.o [1]
  .text               ro code  0x080063cc     0x4  startup_stm32f10x_md.o [1]
  .text               ro code  0x080063d0     0x4  startup_stm32f10x_md.o [1]
  .text               ro code  0x080063d4     0x4  startup_stm32f10x_md.o [1]
  .text               ro code  0x080063d8     0x4  startup_stm32f10x_md.o [1]
  .text               ro code  0x080063dc     0x4  startup_stm32f10x_md.o [1]
  .text               ro code  0x080063e0     0x4  startup_stm32f10x_md.o [1]
  .rodata             const    0x080063e4     0x0  zero_init3.o [5]
  .rodata             const    0x080063e4     0x0  copy_init3.o [5]
  Initializer bytes   const    0x080063e4   0x108  <for P2 s0>
                             - 0x080064ec  0x6400

"P2":                                      0x3c08
  P2 s0                        0x20000000   0x108  <Init block>
    __DLIB_PERTHREAD  inited   0x20000000    0x88  localeconv.o [3]
    .data             inited   0x20000088    0x40  xfiles.o [3]
    .data             inited   0x200000c8    0x10  stm32f10x_rcc.o [1]
    .data             inited   0x200000d8     0x4  filter.o [1]
    .data             inited   0x200000dc     0x4  filter.o [1]
    .data             inited   0x200000e0     0x4  filter.o [1]
    .data             inited   0x200000e4     0x4  filter.o [1]
    .data             inited   0x200000e8     0x4  filter.o [1]
    .data             inited   0x200000ec     0x4  filter.o [1]
    .data             inited   0x200000f0     0x4  filter.o [1]
    .data             inited   0x200000f4     0x4  filter.o [1]
    .data             inited   0x200000f8     0x4  filter.o [1]
    .data             inited   0x200000fc     0x4  filter.o [1]
    .data             inited   0x20000100     0x4  port.o [1]
    .data             inited   0x20000104     0x4  stm32f10x_rcc.o [1]
  .bss                zero     0x20000108  0x3000  heap_4.o [1]
  .bss                zero     0x20003108    0x78  tasks.o [1]
  .bss                zero     0x20003180    0x50  xfiles.o [3]
  .bss                zero     0x200031d0    0x34  bsp_config.o [1]
  .bss                zero     0x20003204    0x34  bsp_config.o [1]
  .bss                zero     0x20003238    0x30  bsp_key.o [1]
  .bss                zero     0x20003268    0x30  hx711.o [1]
  .bss                zero     0x20003298    0x14  tasks.o [1]
  .bss                zero     0x200032ac    0x14  tasks.o [1]
  .bss                zero     0x200032c0    0x14  tasks.o [1]
  .bss                zero     0x200032d4    0x14  tasks.o [1]
  .bss                zero     0x200032e8    0x14  tasks.o [1]
  .bss                zero     0x200032fc    0x14  timers.o [1]
  .bss                zero     0x20003310    0x14  timers.o [1]
  .bss                zero     0x20003324    0x10  bsp_key.o [1]
  .bss                zero     0x20003334    0x10  modbus.o [1]
  .bss                zero     0x20003344    0x10  para.o [1]
  .bss                zero     0x20003354     0x4  adc.o [1]
  .bss                zero     0x20003358     0x8  filter.o [1]
  .bss                zero     0x20003360     0x8  heap_4.o [1]
  .bss                zero     0x20003368     0x4  apptask.o [1]
  .bss                zero     0x2000336c     0x4  apptask.o [1]
  .bss                zero     0x20003370     0x4  apptask.o [1]
  .bss                zero     0x20003374     0x4  apptask.o [1]
  .bss                zero     0x20003378     0x4  apptask.o [1]
  .bss                zero     0x2000337c     0x4  apptask.o [1]
  .bss                zero     0x20003380     0x4  bsp_timer.o [1]
  .bss                zero     0x20003384     0x4  bsp_timer.o [1]
  .bss                zero     0x20003388     0x4  bsp_timer.o [1]
  .bss                zero     0x2000338c     0x4  bsp_timer.o [1]
  .bss                zero     0x20003390     0x4  filter.o [1]
  .bss                zero     0x20003394     0x4  heap_4.o [1]
  .bss                zero     0x20003398     0x4  heap_4.o [1]
  .bss                zero     0x2000339c     0x4  heap_4.o [1]
  .bss                zero     0x200033a0     0x4  heap_4.o [1]
  .bss                zero     0x200033a4     0x4  hx711.o [1]
  .bss                zero     0x200033a8     0x4  tasks.o [1]
  .bss                zero     0x200033ac     0x4  tasks.o [1]
  .bss                zero     0x200033b0     0x4  tasks.o [1]
  .bss                zero     0x200033b4     0x4  tasks.o [1]
  .bss                zero     0x200033b8     0x4  tasks.o [1]
  .bss                zero     0x200033bc     0x4  tasks.o [1]
  .bss                zero     0x200033c0     0x4  tasks.o [1]
  .bss                zero     0x200033c4     0x4  tasks.o [1]
  .bss                zero     0x200033c8     0x4  tasks.o [1]
  .bss                zero     0x200033cc     0x4  tasks.o [1]
  .bss                zero     0x200033d0     0x4  tasks.o [1]
  .bss                zero     0x200033d4     0x4  tasks.o [1]
  .bss                zero     0x200033d8     0x4  tasks.o [1]
  .bss                zero     0x200033dc     0x4  tasks.o [1]
  .bss                zero     0x200033e0     0x4  tasks.o [1]
  .bss                zero     0x200033e4     0x4  timers.o [1]
  .bss                zero     0x200033e8     0x4  timers.o [1]
  .bss                zero     0x200033ec     0x4  timers.o [1]
  .bss                zero     0x200033f0     0x4  timers.o [1]
  .bss                zero     0x200033f4     0x4  timers.o [1]
  .bss                zero     0x200033f8     0x2  apptask.o [1]
  .bss                zero     0x200033fa     0x2  apptask.o [1]
  .bss                zero     0x200033fc     0x2  bsp_config.o [1]
  .bss                zero     0x200033fe     0x2  delay.o [1]
  .bss                zero     0x20003400     0x1  apptask.o [1]
  .bss                zero     0x20003401     0x1  apptask.o [1]
  .bss                zero     0x20003402     0x1  apptask.o [1]
  .bss                zero     0x20003403     0x1  apptask.o [1]
  .bss                zero     0x20003404     0x1  apptask.o [1]
  .bss                zero     0x20003405     0x1  delay.o [1]
  .bss                zero     0x20003406     0x1  motor.o [1]
  .bss                zero     0x20003407     0x1  switch.o [1]
  CSTACK                       0x20003408   0x800  <Block>
    CSTACK            uninit   0x20003408   0x800  <Block tail>
                             - 0x20003c08  0x3c08


*******************************************************************************
*** INIT TABLE
***

          Address     Size
          -------     ----
Zero (__iar_zero_init3)
    1 destination range, total size 0x3300:
          0x20000108  0x3300

Copy (__iar_copy_init3)
    1 source range, total size 0x108:
          0x080063e4   0x108
    1 destination range, total size 0x108:
          0x20000000   0x108



*******************************************************************************
*** MODULE SUMMARY
***

    Module                  ro code  ro data  rw data
    ------                  -------  -------  -------
E:\WORK\YarnControl_Driver\src\DriveBorad\181228_v1.2_10kg\Debug\Obj: [1]
    adc.o                       250                 4
    apptask.o                 1 576      256       33
    bsp_config.o                840               106
    bsp_key.o                   674                64
    bsp_timer.o                                    16
    delay.o                      48                 3
    filter.o                  2 440       40       52
    heap_4.o                    520        4   12 312
    hx711.o                     284                52
    list.o                      158
    main.o                       44       16
    mcheck.o                     46
    memory.o                     94
    misc.o                      192
    modbus.o                    608       56       16
    motor.o                     368                 1
    para.o                       92                16
    port.o                      224        4        4
    portasm.o                   136
    protocol.o                  148      124
    queue.o                   1 546
    startup_stm32f10x_md.o      460
    stm32f10x_adc.o             586
    stm32f10x_dma.o             440
    stm32f10x_flash.o           334
    stm32f10x_gpio.o            492
    stm32f10x_it.o              488       20
    stm32f10x_iwdg.o             16
    stm32f10x_rcc.o             396       20       20
    stm32f10x_tim.o             472
    stm32f10x_usart.o           572
    switch.o                    484                 1
    system_stm32f10x.o          344
    tasks.o                   2 124        8      280
    timers.o                  1 052        8       60
    -------------------------------------------------
    Total:                   18 548      556   13 040

command line: [2]
    -------------------------------------------------
    Total:

dl7M_tlf.a: [3]
    abs.o                         8
    div.o                        14
    exit.o                        4
    localeconv.o                108      136      136
    low_level_init.o              4
    printf.o                     36
    putchar.o                    12
    strstr.o                     44
    xfiles.o                              64      144
    xprintflarge_nomb.o       3 058
    xprout.o                     22
    xtls.o                        2
    -------------------------------------------------
    Total:                    3 312      200      280

m7M_tl.a: [4]
    DblAdd.o                    232
    DblCmpGe.o                   46
    DblCmpLe.o                   46
    DblDiv.o                    598
    DblMul.o                    418
    DblSub.o                    384
    DblToFlt.o                  144
    DblToI32.o                   44
    FltCmpGe.o                   36
    FltDiv.o                    252
    FltToDbl.o                   78
    I32ToDbl.o                   28
    I32ToFlt.o                   30
    xdnorm.o                     66
    -------------------------------------------------
    Total:                    2 402

rt7M_tl.a: [5]
    ABImemcpy_unaligned.o       118
    I64DivMod.o                 238
    I64DivZer.o                   2
    cexit.o                      10
    cmain.o                      26
    copy_init3.o                 44
    cstartup_M.o                 12
    data_init.o                  40
    memchr.o                     88
    strchr.o                     22
    strlen.o                     54
    zero_init3.o                 64
    -------------------------------------------------
    Total:                      718

shb_l.a: [6]
    exit.o                       20
    -------------------------------------------------
    Total:                       20

    Gaps                         44
    Linker created                        36    2 048
-----------------------------------------------------
    Grand Total:             25 044      792   15 368


*******************************************************************************
*** ENTRY LIST
***

Entry                      Address    Size  Type      Object
-----                      -------    ----  ----      ------
.iar.init_table$$Base   0x08006080           --   Gb  - Linker created -
.iar.init_table$$Limit  0x080060a4           --   Gb  - Linker created -
?main                   0x080060c1          Code  Gb  cmain.o [5]
AD10                    0x200000e0     0x4  Data  Gb  filter.o [1]
AD100                   0x200000f4     0x4  Data  Gb  filter.o [1]
AD150                   0x200000f8     0x4  Data  Gb  filter.o [1]
AD20                    0x200000e4     0x4  Data  Gb  filter.o [1]
AD200                   0x200000fc     0x4  Data  Gb  filter.o [1]
AD30                    0x200000e8     0x4  Data  Gb  filter.o [1]
AD40                    0x200000ec     0x4  Data  Gb  filter.o [1]
AD5                     0x200000dc     0x4  Data  Gb  filter.o [1]
AD50                    0x200000f0     0x4  Data  Gb  filter.o [1]
ADCPrescTable           0x20000104     0x4  Data  Lc  stm32f10x_rcc.o [1]
ADC_Cmd                 0x0800584b    0x1a  Code  Gb  stm32f10x_adc.o [1]
ADC_DeInit              0x0800579d    0x5e  Code  Gb  stm32f10x_adc.o [1]
ADC_GetCalibrationStatus
                        0x08005891    0x18  Code  Gb  stm32f10x_adc.o [1]
ADC_GetConversionValue  0x080059b1     0x6  Code  Gb  stm32f10x_adc.o [1]
ADC_GetFlagStatus       0x080059cd    0x1a  Code  Gb  stm32f10x_adc.o [1]
ADC_GetResetCalibrationStatus
                        0x0800586f    0x18  Code  Gb  stm32f10x_adc.o [1]
ADC_Init                0x080057fb    0x50  Code  Gb  stm32f10x_adc.o [1]
ADC_RegularChannelConfig
                        0x080058c3    0xee  Code  Gb  stm32f10x_adc.o [1]
ADC_ResetCalibration    0x08005865     0xa  Code  Gb  stm32f10x_adc.o [1]
ADC_SoftwareStartConvCmd
                        0x080058a9    0x1a  Code  Gb  stm32f10x_adc.o [1]
ADC_StartCalibration    0x08005887     0xa  Code  Gb  stm32f10x_adc.o [1]
APBAHBPrescTable        0x200000c8    0x10  Data  Lc  stm32f10x_rcc.o [1]
Adc_Init                0x08004a55    0x96  Code  Gb  adc.o [1]
AppObjCreate            0x08004075    0x56  Code  Gb  apptask.o [1]
AppTaskCreate           0x08003ffb    0x56  Code  Gb  apptask.o [1]
Average_filter          0x08004b21    0x2e  Code  Gb  adc.o [1]
CSTACK$$Base            0x20003408           --   Gb  - Linker created -
CSTACK$$Limit           0x20003c08           --   Gb  - Linker created -
DMA_ClearFlag           0x080053e5    0x10  Code  Gb  stm32f10x_dma.o [1]
DMA_Cmd                 0x080053bd    0x1c  Code  Gb  stm32f10x_dma.o [1]
DMA_Config              0x08004675    0x5c  Code  Gb  bsp_config.o [1]
DMA_DeInit              0x08005275   0x10a  Code  Gb  stm32f10x_dma.o [1]
DMA_GetCurrDataCounter  0x080053df     0x6  Code  Gb  stm32f10x_dma.o [1]
DMA_Init                0x0800537f    0x3e  Code  Gb  stm32f10x_dma.o [1]
DMA_SetCurrDataCounter  0x080053d9     0x6  Code  Gb  stm32f10x_dma.o [1]
Device_Process          0x20003402     0x1  Data  Gb  apptask.o [1]
FLASH_ErasePage         0x08004f11    0x5e  Code  Gb  stm32f10x_flash.o [1]
FLASH_GetBank1Status    0x08004fbb    0x34  Code  Gb  stm32f10x_flash.o [1]
FLASH_Lock              0x08004eff    0x12  Code  Gb  stm32f10x_flash.o [1]
FLASH_ProgramHalfWord   0x08004f6f    0x4c  Code  Gb  stm32f10x_flash.o [1]
FLASH_Unlock            0x08004ee9    0x16  Code  Gb  stm32f10x_flash.o [1]
FLASH_WaitForLastOperation
                        0x08005009    0x2e  Code  Gb  stm32f10x_flash.o [1]
GPIO_Init               0x080022f1   0x136  Code  Gb  stm32f10x_gpio.o [1]
GPIO_PinRemapConfig     0x0800244d    0x88  Code  Gb  stm32f10x_gpio.o [1]
GPIO_ReadInputDataBit   0x08002427    0x1a  Code  Gb  stm32f10x_gpio.o [1]
GPIO_ResetBits          0x08002447     0x6  Code  Gb  stm32f10x_gpio.o [1]
GPIO_SetBits            0x08002441     0x6  Code  Gb  stm32f10x_gpio.o [1]
GPIO_ToggleBits         0x08004769     0xa  Code  Gb  bsp_config.o [1]
Get_Adc                 0x08004aeb    0x2e  Code  Gb  adc.o [1]
HardFault_Handler       0x08005bc3     0xa  Code  Gb  stm32f10x_it.o [1]
IWDG_Feed               0x08004773     0x8  Code  Gb  bsp_config.o [1]
IWDG_ReloadCounter      0x080054ed     0xa  Code  Gb  stm32f10x_iwdg.o [1]
InitMass                0x08001691     0x8  Code  Gb  filter.o [1]
InterruptConfig         0x080046f9    0x70  Code  Gb  bsp_config.o [1]
IsKeyDown1              0x08004255    0x18  Code  Gb  bsp_key.o [1]
IsKeyDown2              0x0800426d    0x18  Code  Gb  bsp_key.o [1]
IsKeyDown3              0x08004285    0x16  Code  Gb  bsp_key.o [1]
KEY_Config              0x080041ef    0x66  Code  Gb  bsp_key.o [1]
LED_init                0x080046d1    0x28  Code  Gb  bsp_config.o [1]
LoadInt                 0x0800066d    0x6e  Code  Lc  xprintflarge_nomb.o [3]
NMI_Handler             0x08005bc1     0x2  Code  Gb  stm32f10x_it.o [1]
NULLMASS                0x20003358     0x8  Data  Gb  filter.o [1]
NULL_IDLE               0x200000d8     0x4  Data  Gb  filter.o [1]
NVIC_Init               0x08005437    0x68  Code  Gb  misc.o [1]
NVIC_PriorityGroupConfig
                        0x0800542d     0xa  Code  Gb  misc.o [1]
NVIC_SetVectorTable     0x0800549f     0xc  Code  Gb  misc.o [1]
PendSV_Handler          0x080034cd          Code  Gb  portasm.o [1]
Printf_Init             0x08004519    0xa0  Code  Gb  bsp_config.o [1]
RCC_ADCCLKConfig        0x08002165    0x14  Code  Gb  stm32f10x_rcc.o [1]
RCC_AHBPeriphClockCmd   0x08002255    0x1e  Code  Gb  stm32f10x_rcc.o [1]
RCC_APB1PeriphClockCmd  0x08002291    0x1e  Code  Gb  stm32f10x_rcc.o [1]
RCC_APB2PeriphClockCmd  0x08002273    0x1e  Code  Gb  stm32f10x_rcc.o [1]
RCC_APB2PeriphResetCmd  0x080022af    0x1e  Code  Gb  stm32f10x_rcc.o [1]
RCC_GetClocksFreq       0x08002179    0xdc  Code  Gb  stm32f10x_rcc.o [1]
RS485_Init              0x080045b9    0xbc  Code  Gb  bsp_config.o [1]
RS485_TO_PC             0x080044d3    0x46  Code  Gb  bsp_config.o [1]
Read_HX711_Count        0x0800205b    0x84  Code  Gb  hx711.o [1]
Read_flash              0x08004471    0x18  Code  Gb  memory.o [1]
Region$$Table$$Base     0x08006080           --   Gb  - Linker created -
Region$$Table$$Limit    0x080060a4           --   Gb  - Linker created -
SVC_Handler             0x08003513          Code  Gb  portasm.o [1]
SetNull                 0x08001699   0x494  Code  Gb  filter.o [1]
SetSysClock             0x08005ebd     0x8  Code  Lc  system_stm32f10x.o [1]
SetSysClockTo72         0x08005ec5    0xe0  Code  Lc  system_stm32f10x.o [1]
SysTick_CLKSourceConfig
                        0x080054ab    0x20  Code  Gb  misc.o [1]
SysTick_Handler         0x08003061    0x28  Code  Gb  port.o [1]
SystemInit              0x08005e69    0x54  Code  Gb  system_stm32f10x.o [1]
TIM3_IRQHandler         0x08005ccb    0x94  Code  Gb  stm32f10x_it.o [1]
TIM3_PWM_Init           0x08004dc9    0x7c  Code  Gb  motor.o [1]
TIM_ClearITPendingBit   0x08005b91     0x8  Code  Gb  stm32f10x_tim.o [1]
TIM_Cmd                 0x08005b17    0x1c  Code  Gb  stm32f10x_tim.o [1]
TIM_GetITStatus         0x08005b5f    0x32  Code  Gb  stm32f10x_tim.o [1]
TIM_ITConfig            0x08005b33    0x16  Code  Gb  stm32f10x_tim.o [1]
TIM_OC1Init             0x08005a7d    0x9a  Code  Gb  stm32f10x_tim.o [1]
TIM_OC1PreloadConfig    0x08005b49    0x12  Code  Gb  stm32f10x_tim.o [1]
TIM_SetCompare1         0x08005b5b     0x4  Code  Gb  stm32f10x_tim.o [1]
TIM_TimeBaseInit        0x080059e9    0x94  Code  Gb  stm32f10x_tim.o [1]
UART1_RX_BUF            0x200031d0    0x34  Data  Gb  bsp_config.o [1]
UART2_RX_BUF            0x20003204    0x34  Data  Gb  bsp_config.o [1]
USART1_IRQHandler       0x08005bcd    0x5a  Code  Gb  stm32f10x_it.o [1]
USART2_IRQHandler       0x08005c27    0xa4  Code  Gb  stm32f10x_it.o [1]
USART_ClearFlag         0x080051d3     0xc  Code  Gb  stm32f10x_usart.o [1]
USART_ClearITPendingBit
                        0x0800524f    0x26  Code  Gb  stm32f10x_usart.o [1]
USART_Cmd               0x0800511d    0x1c  Code  Gb  stm32f10x_usart.o [1]
USART_DMACmd            0x0800518f    0x16  Code  Gb  stm32f10x_usart.o [1]
USART_GetFlagStatus     0x080051b5    0x1e  Code  Gb  stm32f10x_usart.o [1]
USART_GetITStatus       0x080051df    0x70  Code  Gb  stm32f10x_usart.o [1]
USART_ITConfig          0x08005139    0x56  Code  Gb  stm32f10x_usart.o [1]
USART_Init              0x08005039    0xde  Code  Gb  stm32f10x_usart.o [1]
USART_ReceiveData       0x080051ad     0x8  Code  Gb  stm32f10x_usart.o [1]
USART_SendData          0x080051a5     0x8  Code  Gb  stm32f10x_usart.o [1]
Uart1_rx_count          0x200033fc     0x2  Data  Gb  bsp_config.o [1]
UserTimerCallback       0x08004051    0x24  Code  Gb  apptask.o [1]
Write_flash             0x0800442b    0x46  Code  Gb  memory.o [1]
_GenldLargeNoMb         0x08000a61   0x236  Code  Lc  xprintflarge_nomb.o [3]
_LdtobLargeNoMb         0x080007e1   0x27a  Code  Lc  xprintflarge_nomb.o [3]
_LitobLargeNoMb         0x080006db   0x106  Code  Lc  xprintflarge_nomb.o [3]
_Locale_aeabi_lconv     0x20000050    0x38  Data  Gb  localeconv.o [3]
_Locale_lconv           0x20000000    0x50  Data  Gb  localeconv.o [3]
_PrintfLargeNoMb        0x080000ed   0x57a  Code  Gb  xprintflarge_nomb.o [3]
_Prout                  0x08006165    0x16  Code  Gb  xprout.o [3]
_PutcharsLargeNoMb      0x08000c97    0x2e  Code  Lc  xprintflarge_nomb.o [3]
__aeabi_cdcmple         0x08000f31          Code  Gb  DblCmpLe.o [4]
__aeabi_cdrcmple        0x08002135          Code  Gb  DblCmpGe.o [4]
__aeabi_cfrcmple        0x08004d4d          Code  Gb  FltCmpGe.o [4]
__aeabi_d2f             0x08004cbd          Code  Gb  DblToFlt.o [4]
__aeabi_d2uiz           0x0800135d          Code  Gb  DblToI32.o [4]
__aeabi_dadd            0x080015a5          Code  Gb  DblAdd.o [4]
__aeabi_ddiv            0x08001105          Code  Gb  DblDiv.o [4]
__aeabi_dmul            0x08000f61          Code  Gb  DblMul.o [4]
__aeabi_dsub            0x080013a5          Code  Gb  DblSub.o [4]
__aeabi_f2d             0x08004c6d          Code  Gb  FltToDbl.o [4]
__aeabi_fdiv            0x08004b71          Code  Gb  FltDiv.o [4]
__aeabi_ldiv0           0x080015a1          Code  Gb  I64DivZer.o [5]
__aeabi_ui2d            0x08001389          Code  Gb  I32ToDbl.o [4]
__aeabi_ui2f            0x08004b51          Code  Gb  I32ToFlt.o [4]
__aeabi_uldivmod        0x08000d89          Code  Gb  I64DivMod.o [5]
__cmain                 0x080060c1          Code  Gb  cmain.o [5]
__exit                  0x080060f1    0x14  Code  Gb  exit.o [6]
__iar_Dnorm             0x08000eef    0x42  Code  Gb  xdnorm.o [4]
__iar_Locale_lconv_init
                        0x08001525    0x3a  Code  Gb  localeconv.o [3]
__iar_Memchr            0x08000d31          Code  Gb  memchr.o [5]
__iar_Stdout            0x20000088    0x40  Data  Gb  xfiles.o [3]
__iar_Strchr            0x08000ce1          Code  Gb  strchr.o [5]
__iar_Strstr            0x08005e3d    0x2c  Code  Gb  strstr.o [3]
__iar_copy_init3        0x0800602d    0x2c  Code  Gb  copy_init3.o [5]
__iar_d2uiz             0x08001369          Code  Gb  DblToI32.o [4]
__iar_dadd              0x080015b9          Code  Gb  DblAdd.o [4]
__iar_data_init3        0x08006059    0x28  Code  Gb  data_init.o [5]
__iar_dlib_perthread_access
                        0x0800168d     0x2  Code  Gb  xtls.o [3]
__iar_dsub              0x080013b9          Code  Gb  DblSub.o [4]
__iar_dsubStart         0x080013cb          Code  Gb  DblSub.o [4]
__iar_program_start     0x080062ed          Code  Gb  cstartup_M.o [5]
__iar_ui2d              0x0800138d          Code  Gb  I32ToDbl.o [4]
__iar_ui2f              0x08004b55          Code  Gb  I32ToFlt.o [4]
__iar_unaligned___aeabi_memcpy
                        0x08000e79          Code  Gb  ABImemcpy_unaligned.o [5]
__iar_unaligned___aeabi_memcpy4
                        0x08000e99          Code  Gb  ABImemcpy_unaligned.o [5]
__iar_unaligned___aeabi_memcpy8
                        0x08000e99          Code  Gb  ABImemcpy_unaligned.o [5]
__iar_zero_init3        0x08005fc1    0x40  Code  Gb  zero_init3.o [5]
__low_level_init        0x080060db     0x4  Code  Gb  low_level_init.o [3]
__vector_table          0x08000000          Data  Gb  startup_stm32f10x_md.o [1]
_call_main              0x080060cd          Code  Gb  cmain.o [5]
_exit                   0x080060e5          Code  Gb  cexit.o [5]
_main                   0x080060d7          Code  Gb  cmain.o [5]
abs                     0x08004d71     0x8  Code  Gb  abs.o [3]
bsp_DetectKey           0x08004313    0xe0  Code  Gb  bsp_key.o [1]
bsp_GetKey              0x080041b7    0x38  Code  Gb  bsp_key.o [1]
bsp_InitKey             0x08004189     0xc  Code  Gb  bsp_key.o [1]
bsp_InitKeyVar          0x0800429b    0x78  Code  Gb  bsp_key.o [1]
bsp_KeyScan             0x08004411    0x1a  Code  Gb  bsp_key.o [1]
bsp_PutKey              0x08004195    0x22  Code  Gb  bsp_key.o [1]
bsp_init                0x0800477b    0x52  Code  Gb  bsp_config.o [1]
delay_hx711             0x0800211d    0x18  Code  Gb  hx711.o [1]
delay_init              0x080054fd    0x28  Code  Gb  delay.o [1]
device_addr             0x20003407     0x1  Data  Gb  switch.o [1]
device_info             0x20003344    0x10  Data  Gb  para.o [1]
div                     0x08001591     0xe  Code  Gb  div.o [3]
exit                    0x080060df     0x4  Code  Gb  exit.o [3]
fac_ms                  0x200033fe     0x2  Data  Lc  delay.o [1]
fac_us                  0x20003405     0x1  Data  Lc  delay.o [1]
fputc                   0x080044ad    0x26  Code  Gb  bsp_config.o [1]
get_mass                0x08001b2d   0x48c  Code  Gb  filter.o [1]
hx711_buf               0x20003268    0x30  Data  Gb  hx711.o [1]
hx711_buf_Init          0x080020df    0x32  Code  Gb  hx711.o [1]
hx711_init              0x08002019    0x42  Code  Gb  hx711.o [1]
hx711_sum               0x200033a4     0x4  Data  Gb  hx711.o [1]
k3_short_cnt            0x200033fa     0x2  Data  Gb  apptask.o [1]
k3_short_flag           0x20003404     0x1  Data  Gb  apptask.o [1]
key_reset               0x20003401     0x1  Data  Gb  apptask.o [1]
key_reset_time          0x200033f8     0x2  Data  Gb  apptask.o [1]
load_value              0x20003390     0x4  Data  Gb  filter.o [1]
localeconv              0x0800155f    0x16  Code  Gb  localeconv.o [3]
m_ctrl_dev              0x20003334    0x10  Data  Gb  modbus.o [1]
main                    0x08006001    0x2c  Code  Gb  main.o [1]
mb_init                 0x0800490b    0x16  Code  Gb  modbus.o [1]
mb_packsend_frame       0x0800489b    0x70  Code  Gb  modbus.o [1]
mb_unpack_frame         0x080047f5    0xa6  Code  Gb  modbus.o [1]
mc_check_sum            0x0800576d    0x2e  Code  Gb  mcheck.o [1]
memchr                  0x08000d31          Code  Gb  memchr.o [5]
modbus_action           0x08004921   0x108  Code  Gb  modbus.o [1]
motor_control           0x08004e55    0x8c  Code  Gb  motor.o [1]
motor_dir               0x20003406     0x1  Data  Gb  motor.o [1]
motor_init              0x08004d79    0x50  Code  Gb  motor.o [1]
motor_speed             0x08004e45    0x10  Code  Gb  motor.o [1]
obuf                    0x20003180    0x50  Data  Lc  xfiles.o [3]
old_Device_Process      0x20003403     0x1  Data  Gb  apptask.o [1]
printf                  0x08004489    0x24  Code  Gb  printf.o [3]
prvAddCurrentTaskToDelayedList
                        0x08002c65    0x82  Code  Lc  tasks.o [1]
prvAddNewTaskToReadyList
                        0x08002607    0xb8  Code  Lc  tasks.o [1]
prvCheckForValidListAndQueue
                        0x0800346f    0x3a  Code  Lc  timers.o [1]
prvCheckTasksWaitingTermination
                        0x08002b6f    0x58  Code  Lc  tasks.o [1]
prvCopyDataFromQueue    0x08003a33    0x30  Code  Lc  queue.o [1]
prvCopyDataToQueue      0x080039ad    0x86  Code  Lc  queue.o [1]
prvDeleteTCB            0x08002bd1    0x12  Code  Lc  tasks.o [1]
prvGetNextExpireTime    0x0800329b    0x2e  Code  Lc  timers.o [1]
prvHeapInit             0x08002e43    0x6e  Code  Lc  heap_4.o [1]
prvIdleTask             0x08002af5    0x24  Code  Lc  tasks.o [1]
prvInitialiseNewQueue   0x08003619    0x32  Code  Lc  queue.o [1]
prvInitialiseNewTask    0x08002561    0xa6  Code  Lc  tasks.o [1]
prvInitialiseNewTimer   0x0800311f    0x3e  Code  Lc  timers.o [1]
prvInitialiseTaskLists  0x08002b19    0x56  Code  Lc  tasks.o [1]
prvInsertBlockIntoFreeList
                        0x08002eb1    0x62  Code  Lc  heap_4.o [1]
prvInsertTimerInActiveList
                        0x080032f1    0x50  Code  Lc  timers.o [1]
prvIsQueueEmpty         0x08003ad1    0x20  Code  Lc  queue.o [1]
prvIsQueueFull          0x08003af1    0x22  Code  Lc  queue.o [1]
prvProcessExpiredTimer  0x080031c7    0x46  Code  Lc  timers.o [1]
prvProcessReceivedCommands
                        0x08003341    0xb4  Code  Lc  timers.o [1]
prvProcessTimerOrBlockTask
                        0x0800322b    0x70  Code  Lc  timers.o [1]
prvResetNextTaskUnblockTime
                        0x08002be3    0x2e  Code  Lc  tasks.o [1]
prvSampleTimeNow        0x080032c9    0x28  Code  Lc  timers.o [1]
prvSwitchTimerLists     0x080033f5    0x7a  Code  Lc  timers.o [1]
prvTaskExitError        0x08002ff1    0x10  Code  Lc  port.o [1]
prvTimerTask            0x08003211    0x1a  Code  Lc  timers.o [1]
prvUnlockQueue          0x08003a63    0x6e  Code  Lc  queue.o [1]
putchar                 0x0800617d     0xc  Code  Gb  putchar.o [3]
pvPortMalloc            0x08002d29    0xd2  Code  Gb  heap_4.o [1]
pxCurrentTCB            0x200033a8     0x4  Data  Gb  tasks.o [1]
pxCurrentTimerList      0x200033e4     0x4  Data  Lc  timers.o [1]
pxDelayedTaskList       0x200033ac     0x4  Data  Lc  tasks.o [1]
pxEnd                   0x20003394     0x4  Data  Lc  heap_4.o [1]
pxOverflowDelayedTaskList
                        0x200033b0     0x4  Data  Lc  tasks.o [1]
pxOverflowTimerList     0x200033e8     0x4  Data  Lc  timers.o [1]
pxPortInitialiseStack   0x08002fd1    0x20  Code  Gb  port.o [1]
pxReadyTasksLists       0x20003108    0x78  Data  Lc  tasks.o [1]
readPara                0x08005711    0x5c  Code  Gb  para.o [1]
read_switch             0x0800562b    0xd8  Code  Gb  switch.o [1]
s_TIM_CallBack1         0x20003380     0x4  Data  Gb  bsp_timer.o [1]
s_TIM_CallBack2         0x20003384     0x4  Data  Gb  bsp_timer.o [1]
s_TIM_CallBack3         0x20003388     0x4  Data  Gb  bsp_timer.o [1]
s_TIM_CallBack4         0x2000338c     0x4  Data  Gb  bsp_timer.o [1]
s_tBtn                  0x20003238    0x30  Data  Gb  bsp_key.o [1]
s_tKey                  0x20003324    0x10  Data  Gb  bsp_key.o [1]
start_stop              0x20003400     0x1  Data  Gb  apptask.o [1]
strchr                  0x08000ce1          Code  Gb  strchr.o [5]
strlen                  0x08000cf9          Code  Gb  strlen.o [5]
strstr                  0x08005e2d    0x10  Code  Gb  protocol.o [1]
switch_init             0x0800552d    0xfe  Code  Gb  switch.o [1]
uart1_check_cmd         0x08005ded    0x14  Code  Gb  protocol.o [1]
uart1_debug             0x08005da9    0x44  Code  Gb  protocol.o [1]
ucHeap                  0x20000108  0x3000  Data  Lc  heap_4.o [1]
uxCriticalNesting       0x20000100     0x4  Data  Lc  port.o [1]
uxCurrentNumberOfTasks  0x200033b8     0x4  Data  Lc  tasks.o [1]
uxDeletedTasksWaitingCleanUp
                        0x200033b4     0x4  Data  Lc  tasks.o [1]
uxListRemove            0x08002fa7    0x28  Code  Gb  list.o [1]
uxPendedTicks           0x200033c8     0x4  Data  Lc  tasks.o [1]
uxSchedulerSuspended    0x200033e0     0x4  Data  Lc  tasks.o [1]
uxTaskNumber            0x200033d4     0x4  Data  Lc  tasks.o [1]
uxTopReadyPriority      0x200033c0     0x4  Data  Lc  tasks.o [1]
vListInitialise         0x08002f31    0x1e  Code  Gb  list.o [1]
vListInitialiseItem     0x08002f4f     0x6  Code  Gb  list.o [1]
vListInsert             0x08002f6d    0x3a  Code  Gb  list.o [1]
vListInsertEnd          0x08002f55    0x18  Code  Gb  list.o [1]
vPortEnterCritical      0x0800302d    0x1a  Code  Gb  port.o [1]
vPortExitCritical       0x08003047    0x1a  Code  Gb  port.o [1]
vPortFree               0x08002dfb    0x48  Code  Gb  heap_4.o [1]
vPortSetupTimerInterrupt
                        0x08003089     0xe  Code  Wk  port.o [1]
vPortStartFirstTask     0x08003533          Code  Gb  portasm.o [1]
vQueueWaitForMessageRestricted
                        0x08003b13    0x4c  Code  Gb  queue.o [1]
vTaskDelay              0x080026bf    0x34  Code  Gb  tasks.o [1]
vTaskMissedYield        0x08002ae9     0xa  Code  Gb  tasks.o [1]
vTaskPlaceOnEventList   0x080029b9    0x20  Code  Gb  tasks.o [1]
vTaskPlaceOnEventListRestricted
                        0x080029d9    0x2c  Code  Gb  tasks.o [1]
vTaskRev485             0x08003d55    0x5a  Code  Gb  apptask.o [1]
vTaskSample             0x08003daf   0x24c  Code  Gb  apptask.o [1]
vTaskSetTimeOutState    0x08002a77    0x12  Code  Gb  tasks.o [1]
vTaskStartScheduler     0x080026f3    0x5a  Code  Gb  tasks.o [1]
vTaskSuspendAll         0x0800274d    0x10  Code  Gb  tasks.o [1]
vTaskSwitchContext      0x08002963    0x56  Code  Gb  tasks.o [1]
vTaskTaskKey            0x08003b61   0x1e0  Code  Gb  apptask.o [1]
vTaskTaskSend485        0x08003d41    0x14  Code  Gb  apptask.o [1]
value_current           0x20003354     0x4  Data  Gb  adc.o [1]
xActiveTimerList1       0x200032fc    0x14  Data  Lc  timers.o [1]
xActiveTimerList2       0x20003310    0x14  Data  Lc  timers.o [1]
xBlockAllocatedBit      0x200033a0     0x4  Data  Lc  heap_4.o [1]
xDelayedTaskList1       0x20003298    0x14  Data  Lc  tasks.o [1]
xDelayedTaskList2       0x200032ac    0x14  Data  Lc  tasks.o [1]
xFreeBytesRemaining     0x20003398     0x4  Data  Lc  heap_4.o [1]
xHandleTaskKey          0x20003368     0x4  Data  Gb  apptask.o [1]
xHandleTaskRev485       0x20003370     0x4  Data  Gb  apptask.o [1]
xHandleTaskSample       0x20003374     0x4  Data  Gb  apptask.o [1]
xHandleTaskSend485      0x2000336c     0x4  Data  Gb  apptask.o [1]
xHeapStructSize         0x08006310     0x4  Data  Lc  heap_4.o [1]
xIdleTaskHandle         0x200033dc     0x4  Data  Lc  tasks.o [1]
xMinimumEverFreeBytesRemaining
                        0x2000339c     0x4  Data  Lc  heap_4.o [1]
xNextTaskUnblockTime    0x200033d8     0x4  Data  Lc  tasks.o [1]
xNumOfOverflows         0x200033d0     0x4  Data  Lc  tasks.o [1]
xPendingReadyList       0x200032c0    0x14  Data  Lc  tasks.o [1]
xPortStartScheduler     0x08003001    0x2c  Code  Gb  port.o [1]
xQueueGenericCreate     0x080035d5    0x44  Code  Gb  queue.o [1]
xQueueGenericReceive    0x08003865   0x144  Code  Gb  queue.o [1]
xQueueGenericReset      0x08003555    0x80  Code  Gb  queue.o [1]
xQueueGenericSend       0x0800364b   0x11c  Code  Gb  queue.o [1]
xQueueGenericSendFromISR
                        0x08003767    0x84  Code  Gb  queue.o [1]
xQueueGiveFromISR       0x080037eb    0x7a  Code  Gb  queue.o [1]
xSchedulerRunning       0x200033c4     0x4  Data  Lc  tasks.o [1]
xSemaphore_rs485        0x20003378     0x4  Data  Gb  apptask.o [1]
xStart                  0x20003360     0x8  Data  Lc  heap_4.o [1]
xSuspendedTaskList      0x200032e8    0x14  Data  Lc  tasks.o [1]
xTaskCheckForTimeOut    0x08002a89    0x60  Code  Gb  tasks.o [1]
xTaskCreate             0x080024dd    0x84  Code  Gb  tasks.o [1]
xTaskGetSchedulerState  0x08002c1d    0x26  Code  Gb  tasks.o [1]
xTaskGetTickCount       0x08002841     0xa  Code  Gb  tasks.o [1]
xTaskIncrementTick      0x0800284b   0x118  Code  Gb  tasks.o [1]
xTaskRemoveFromEventList
                        0x08002a05    0x72  Code  Gb  tasks.o [1]
xTaskResumeAll          0x0800275d    0xe4  Code  Gb  tasks.o [1]
xTasksWaitingTermination
                        0x200032d4    0x14  Data  Lc  tasks.o [1]
xTickCount              0x200033bc     0x4  Data  Lc  tasks.o [1]
xTimerCreate            0x080030e5    0x3a  Code  Gb  timers.o [1]
xTimerCreateTimerTask   0x080030b1    0x34  Code  Gb  timers.o [1]
xTimerGenericCommand    0x0800315d    0x6a  Code  Gb  timers.o [1]
xTimerQueue             0x200033ec     0x4  Data  Lc  timers.o [1]
xTimerTaskHandle        0x200033f0     0x4  Data  Lc  timers.o [1]
xTimerUser              0x2000337c     0x4  Data  Gb  apptask.o [1]
xYieldPending           0x200033cc     0x4  Data  Lc  tasks.o [1]


[1] = E:\WORK\YarnControl_Driver\src\DriveBorad\181228_v1.2_10kg\Debug\Obj
[2] = command line
[3] = dl7M_tlf.a
[4] = m7M_tl.a
[5] = rt7M_tl.a
[6] = shb_l.a

  25 044 bytes of readonly  code memory
     792 bytes of readonly  data memory
  15 368 bytes of readwrite data memory

Errors: none
Warnings: none
