###############################################################################
#
# IAR ELF Linker V8.20.1.14183/W32 for ARM                29/Aug/2019  17:11:39
# Copyright 2007-2017 IAR Systems AB.
#
#    Output file  =  
#        F:\work\YarnControl_Driver\src\DriveBorad\Debug\Exe\stm32F10x.out
#    Map file     =  
#        F:\work\YarnControl_Driver\src\DriveBorad\Debug\List\stm32F10x.map
#    Command line =  
#        -f C:\Users\ADMINI~1.DES\AppData\Local\Temp\EWBA1F.tmp
#        (F:\work\YarnControl_Driver\src\DriveBorad\Debug\Obj\adc.o
#        F:\work\YarnControl_Driver\src\DriveBorad\Debug\Obj\apptask.o
#        F:\work\YarnControl_Driver\src\DriveBorad\Debug\Obj\bsp_config.o
#        F:\work\YarnControl_Driver\src\DriveBorad\Debug\Obj\bsp_dwt.o
#        F:\work\YarnControl_Driver\src\DriveBorad\Debug\Obj\bsp_key.o
#        F:\work\YarnControl_Driver\src\DriveBorad\Debug\Obj\bsp_timer.o
#        F:\work\YarnControl_Driver\src\DriveBorad\Debug\Obj\core_cm3.o
#        F:\work\YarnControl_Driver\src\DriveBorad\Debug\Obj\croutine.o
#        F:\work\YarnControl_Driver\src\DriveBorad\Debug\Obj\delay.o
#        F:\work\YarnControl_Driver\src\DriveBorad\Debug\Obj\event_groups.o
#        F:\work\YarnControl_Driver\src\DriveBorad\Debug\Obj\filter.o
#        F:\work\YarnControl_Driver\src\DriveBorad\Debug\Obj\heap_4.o
#        F:\work\YarnControl_Driver\src\DriveBorad\Debug\Obj\hx711.o
#        F:\work\YarnControl_Driver\src\DriveBorad\Debug\Obj\list.o
#        F:\work\YarnControl_Driver\src\DriveBorad\Debug\Obj\main.o
#        F:\work\YarnControl_Driver\src\DriveBorad\Debug\Obj\mcheck.o
#        F:\work\YarnControl_Driver\src\DriveBorad\Debug\Obj\memory.o
#        F:\work\YarnControl_Driver\src\DriveBorad\Debug\Obj\misc.o
#        F:\work\YarnControl_Driver\src\DriveBorad\Debug\Obj\modbus.o
#        F:\work\YarnControl_Driver\src\DriveBorad\Debug\Obj\motor.o
#        F:\work\YarnControl_Driver\src\DriveBorad\Debug\Obj\para.o
#        F:\work\YarnControl_Driver\src\DriveBorad\Debug\Obj\port.o
#        F:\work\YarnControl_Driver\src\DriveBorad\Debug\Obj\portasm.o
#        F:\work\YarnControl_Driver\src\DriveBorad\Debug\Obj\protocol.o
#        F:\work\YarnControl_Driver\src\DriveBorad\Debug\Obj\queue.o
#        F:\work\YarnControl_Driver\src\DriveBorad\Debug\Obj\startup_stm32f10x_md.o
#        F:\work\YarnControl_Driver\src\DriveBorad\Debug\Obj\stm32f10x_adc.o
#        F:\work\YarnControl_Driver\src\DriveBorad\Debug\Obj\stm32f10x_bkp.o
#        F:\work\YarnControl_Driver\src\DriveBorad\Debug\Obj\stm32f10x_can.o
#        F:\work\YarnControl_Driver\src\DriveBorad\Debug\Obj\stm32f10x_cec.o
#        F:\work\YarnControl_Driver\src\DriveBorad\Debug\Obj\stm32f10x_crc.o
#        F:\work\YarnControl_Driver\src\DriveBorad\Debug\Obj\stm32f10x_dac.o
#        F:\work\YarnControl_Driver\src\DriveBorad\Debug\Obj\stm32f10x_dbgmcu.o
#        F:\work\YarnControl_Driver\src\DriveBorad\Debug\Obj\stm32f10x_dma.o
#        F:\work\YarnControl_Driver\src\DriveBorad\Debug\Obj\stm32f10x_exti.o
#        F:\work\YarnControl_Driver\src\DriveBorad\Debug\Obj\stm32f10x_flash.o
#        F:\work\YarnControl_Driver\src\DriveBorad\Debug\Obj\stm32f10x_fsmc.o
#        F:\work\YarnControl_Driver\src\DriveBorad\Debug\Obj\stm32f10x_gpio.o
#        F:\work\YarnControl_Driver\src\DriveBorad\Debug\Obj\stm32f10x_i2c.o
#        F:\work\YarnControl_Driver\src\DriveBorad\Debug\Obj\stm32f10x_it.o
#        F:\work\YarnControl_Driver\src\DriveBorad\Debug\Obj\stm32f10x_iwdg.o
#        F:\work\YarnControl_Driver\src\DriveBorad\Debug\Obj\stm32f10x_pwr.o
#        F:\work\YarnControl_Driver\src\DriveBorad\Debug\Obj\stm32f10x_rcc.o
#        F:\work\YarnControl_Driver\src\DriveBorad\Debug\Obj\stm32f10x_rtc.o
#        F:\work\YarnControl_Driver\src\DriveBorad\Debug\Obj\stm32f10x_sdio.o
#        F:\work\YarnControl_Driver\src\DriveBorad\Debug\Obj\stm32f10x_spi.o
#        F:\work\YarnControl_Driver\src\DriveBorad\Debug\Obj\stm32f10x_tim.o
#        F:\work\YarnControl_Driver\src\DriveBorad\Debug\Obj\stm32f10x_usart.o
#        F:\work\YarnControl_Driver\src\DriveBorad\Debug\Obj\stm32f10x_wwdg.o
#        F:\work\YarnControl_Driver\src\DriveBorad\Debug\Obj\switch.o
#        F:\work\YarnControl_Driver\src\DriveBorad\Debug\Obj\system_stm32f10x.o
#        F:\work\YarnControl_Driver\src\DriveBorad\Debug\Obj\tasks.o
#        F:\work\YarnControl_Driver\src\DriveBorad\Debug\Obj\timers.o -o
#        F:\work\YarnControl_Driver\src\DriveBorad\Debug\Exe\stm32F10x.out
#        --map
#        F:\work\YarnControl_Driver\src\DriveBorad\Debug\List\stm32F10x.map
#        --config "D:\Program Files (x86)\IAR Systems\Embedded Workbench
#        8.0\arm\config\linker\ST\stm32f103x8.icf" --semihosting --entry
#        __iar_program_start --vfe --text_out locale)
#
###############################################################################

*******************************************************************************
*** RUNTIME MODEL ATTRIBUTES
***

CppFlavor       = *
__SystemLibrary = DLib
__dlib_version  = 6


*******************************************************************************
*** HEAP SELECTION
***

The basic heap was selected because no calls to memory allocation
functions were found in the application outside of system library
functions, and there are calls to deallocation functions in the
application.


*******************************************************************************
*** PLACEMENT SUMMARY
***

"A0":  place at 0x08000000 { ro section .intvec };
"P1":  place in [from 0x08000000 to 0x0800ffff] { ro };
define block CSTACK with size = 2K, alignment = 8 { };
define block HEAP with size = 2K, alignment = 8 { };
"P2":  place in [from 0x20000000 to 0x20004fff] {
          rw, block CSTACK, block HEAP };
initialize by copy { rw };

  Section            Kind        Address    Size  Object
  -------            ----        -------    ----  ------
"A0":                                       0xec
  .intvec            ro code  0x08000000    0xec  startup_stm32f10x_md.o [1]
                            - 0x080000ec    0xec

"P1":                                     0x6852
  .text              ro code  0x080000ec   0xc02  xprintflarge_nomb.o [3]
  .text              ro code  0x08000cf0    0x16  strchr.o [5]
  .text              ro code  0x08000d08    0x44  xfail_s.o [3]
  .text              ro code  0x08000d4c    0x36  strlen.o [5]
  .text              ro code  0x08000d84    0x58  memchr.o [5]
  .text              ro code  0x08000ddc   0x22e  I64DivMod.o [5]
  .text              ro code  0x0800100c   0x1a2  DblMul.o [4]
  .text              ro code  0x080011b0    0xa6  ABImemcpy.o [5]
  .text              ro code  0x08001258    0x70  frexp.o [4]
  .text              ro code  0x080012c8    0x2e  DblCmpLe.o [4]
  .text              ro code  0x080012f8   0x246  DblDiv.o [4]
  .text              ro code  0x08001540    0x28  DblToU32.o [4]
  .text              ro code  0x08001568    0x1a  U32ToDbl.o [4]
  .text              ro code  0x08001584    0xe2  DblSub.o [4]
  .text              ro code  0x08001668     0xc  xlocale_c.o [3]
  .text              ro code  0x08001674     0x6  abort.o [3]
  .text              ro code  0x0800167c     0x2  I64DivZer.o [5]
  .text              ro code  0x08001680   0x178  DblAdd.o [4]
  .text              ro code  0x080017f8    0x14  exit.o [6]
  .text              ro code  0x0800180c   0x9a4  filter.o [1]
  .text              ro code  0x080021b0   0x11a  hx711.o [1]
  .text              ro code  0x080022cc    0x2e  DblCmpGe.o [4]
  .text              ro code  0x080022fc   0x1a4  stm32f10x_rcc.o [1]
  .text              ro code  0x080024a0   0x19c  stm32f10x_gpio.o [1]
  .text              ro code  0x0800263c   0x970  apptask.o [1]
  .text              ro code  0x08002fac   0x298  bsp_key.o [1]
  .text              ro code  0x08003244    0x28  printf.o [3]
  .text              ro code  0x0800326c   0x824  tasks.o [1]
  .text              ro code  0x08003a90   0x358  bsp_config.o [1]
  .text              ro code  0x08003de8   0x5e4  queue.o [1]
  .text              ro code  0x080043cc   0x37c  modbus.o [1]
  .text              ro code  0x08004748    0xf8  adc.o [1]
  .text              ro code  0x08004840    0x1c  U32ToFlt.o [4]
  .text              ro code  0x0800485c    0xfc  FltDiv.o [4]
  .text              ro code  0x08004958    0x48  FltToDbl.o [4]
  .text              ro code  0x080049a0    0x68  DblToFlt.o [4]
  .text              ro code  0x08004a08    0x24  FltCmpGe.o [4]
  .text              ro code  0x08004a2c   0x170  motor.o [1]
  .text              ro code  0x08004b9c     0x8  abs.o [3]
  .text              ro code  0x08004ba4   0x400  timers.o [1]
  .text              ro code  0x08004fa4   0x218  heap_4.o [1]
  .text              ro code  0x080051bc    0x9a  list.o [1]
  .text              ro code  0x08005258    0xe4  port.o [1]
  .text              ro code  0x0800533c   0x248  stm32f10x_usart.o [1]
  .text              ro code  0x08005584   0x1b8  stm32f10x_dma.o [1]
  .text              ro code  0x0800573c    0xc0  misc.o [1]
  .text              ro code  0x080057fc    0x38  stm32f10x_iwdg.o [1]
  .text              ro code  0x08005834    0x30  delay.o [1]
  .text              ro code  0x08005864   0x1d8  switch.o [1]
  .text              ro code  0x08005a3c    0x64  para.o [1]
  .text              ro code  0x08005aa0    0x30  mcheck.o [1]
  .text              ro code  0x08005ad0    0x56  memory.o [1]
  .text              ro code  0x08005b28   0x23e  stm32f10x_adc.o [1]
  .text              ro code  0x08005d68   0x1c8  stm32f10x_tim.o [1]
  CODE               ro code  0x08005f30    0x88  portasm.o [1]
  .text              ro code  0x08005fb8   0x146  stm32f10x_flash.o [1]
  .text              ro code  0x08006100   0x1e4  stm32f10x_it.o [1]
  .text              ro code  0x080062e4    0x7c  protocol.o [1]
  .text              ro code  0x08006360    0x30  strstr.o [3]
  .text              ro code  0x08006390   0x158  system_stm32f10x.o [1]
  .text              ro code  0x080064e8    0x40  zero_init3.o [5]
  .text              ro code  0x08006528    0x38  packbits_init_single.o [5]
  .text              ro code  0x08006560    0x2c  main.o [1]
  .text              ro code  0x0800658c    0x28  data_init.o [5]
  .iar.init_table    const    0x080065b4    0x20  - Linker created -
  .text              ro code  0x080065d4    0x1e  cmain.o [5]
  .text              ro code  0x080065f2     0x4  low_level_init.o [3]
  .text              ro code  0x080065f6     0x4  exit.o [3]
  .text              ro code  0x080065fc     0xa  cexit.o [5]
  .rodata            const    0x08006608    0x1c  apptask.o [1]
  .rodata            const    0x08006624    0x18  protocol.o [1]
  .rodata            const    0x0800663c    0x18  protocol.o [1]
  .text              ro code  0x08006654    0x16  xprout.o [3]
  .text              ro code  0x0800666c     0xc  putchar.o [3]
  .rodata            const    0x08006678    0x14  apptask.o [1]
  .rodata            const    0x0800668c    0x14  apptask.o [1]
  .rodata            const    0x080066a0    0x14  modbus.o [1]
  .rodata            const    0x080066b4    0x14  modbus.o [1]
  .rodata            const    0x080066c8    0x14  protocol.o [1]
  .rodata            const    0x080066dc    0x14  protocol.o [1]
  .rodata            const    0x080066f0    0x14  protocol.o [1]
  .rodata            const    0x08006704    0x14  stm32f10x_it.o [1]
  .rodata            const    0x08006718    0x10  apptask.o [1]
  .rodata            const    0x08006728    0x10  apptask.o [1]
  .rodata            const    0x08006738    0x10  apptask.o [1]
  .rodata            const    0x08006748    0x10  main.o [1]
  .rodata            const    0x08006758    0x10  modbus.o [1]
  .rodata            const    0x08006768    0x10  protocol.o [1]
  .text              ro code  0x08006778    0x10  startup_stm32f10x_md.o [1]
  .rodata            const    0x08006788     0xc  apptask.o [1]
  .rodata            const    0x08006794     0xc  apptask.o [1]
  .rodata            const    0x080067a0     0xc  apptask.o [1]
  .text              ro code  0x080067ac     0xc  cstartup_M.o [5]
  .rodata            const    0x080067b8     0x8  apptask.o [1]
  .rodata            const    0x080067c0     0x8  tasks.o [1]
  .rodata            const    0x080067c8     0x8  timers.o [1]
  .rodata            const    0x080067d0     0x4  heap_4.o [1]
  .rodata            const    0x080067d4     0x4  xlocale_c.o [3]
  .text              ro code  0x080067d8     0x4  startup_stm32f10x_md.o [1]
  .text              ro code  0x080067dc     0x4  startup_stm32f10x_md.o [1]
  .text              ro code  0x080067e0     0x4  startup_stm32f10x_md.o [1]
  .text              ro code  0x080067e4     0x4  startup_stm32f10x_md.o [1]
  .text              ro code  0x080067e8     0x4  startup_stm32f10x_md.o [1]
  .text              ro code  0x080067ec     0x4  startup_stm32f10x_md.o [1]
  .text              ro code  0x080067f0     0x4  startup_stm32f10x_md.o [1]
  .text              ro code  0x080067f4     0x4  startup_stm32f10x_md.o [1]
  .text              ro code  0x080067f8     0x4  startup_stm32f10x_md.o [1]
  .text              ro code  0x080067fc     0x4  startup_stm32f10x_md.o [1]
  .text              ro code  0x08006800     0x4  startup_stm32f10x_md.o [1]
  .text              ro code  0x08006804     0x4  startup_stm32f10x_md.o [1]
  .text              ro code  0x08006808     0x4  startup_stm32f10x_md.o [1]
  .text              ro code  0x0800680c     0x4  startup_stm32f10x_md.o [1]
  .text              ro code  0x08006810     0x4  startup_stm32f10x_md.o [1]
  .text              ro code  0x08006814     0x4  startup_stm32f10x_md.o [1]
  .text              ro code  0x08006818     0x4  startup_stm32f10x_md.o [1]
  .text              ro code  0x0800681c     0x4  startup_stm32f10x_md.o [1]
  .text              ro code  0x08006820     0x4  startup_stm32f10x_md.o [1]
  .text              ro code  0x08006824     0x4  startup_stm32f10x_md.o [1]
  .text              ro code  0x08006828     0x4  startup_stm32f10x_md.o [1]
  .text              ro code  0x0800682c     0x4  startup_stm32f10x_md.o [1]
  .text              ro code  0x08006830     0x4  startup_stm32f10x_md.o [1]
  .text              ro code  0x08006834     0x4  startup_stm32f10x_md.o [1]
  .text              ro code  0x08006838     0x4  startup_stm32f10x_md.o [1]
  .text              ro code  0x0800683c     0x4  startup_stm32f10x_md.o [1]
  .text              ro code  0x08006840     0x4  startup_stm32f10x_md.o [1]
  .text              ro code  0x08006844     0x4  startup_stm32f10x_md.o [1]
  .text              ro code  0x08006848     0x4  startup_stm32f10x_md.o [1]
  .text              ro code  0x0800684c     0x4  startup_stm32f10x_md.o [1]
  .text              ro code  0x08006850     0x4  startup_stm32f10x_md.o [1]
  .text              ro code  0x08006854     0x4  startup_stm32f10x_md.o [1]
  .text              ro code  0x08006858     0x4  startup_stm32f10x_md.o [1]
  .text              ro code  0x0800685c     0x4  startup_stm32f10x_md.o [1]
  .text              ro code  0x08006860     0x4  startup_stm32f10x_md.o [1]
  .text              ro code  0x08006864     0x4  startup_stm32f10x_md.o [1]
  .text              ro code  0x08006868     0x4  startup_stm32f10x_md.o [1]
  .text              ro code  0x0800686c     0x4  startup_stm32f10x_md.o [1]
  .text              ro code  0x08006870     0x4  startup_stm32f10x_md.o [1]
  .text              ro code  0x08006874     0x4  startup_stm32f10x_md.o [1]
  .text              ro code  0x08006878     0x4  startup_stm32f10x_md.o [1]
  .text              ro code  0x0800687c     0x4  startup_stm32f10x_md.o [1]
  .text              ro code  0x08006880     0x4  startup_stm32f10x_md.o [1]
  .text              ro code  0x08006884     0x4  startup_stm32f10x_md.o [1]
  .text              ro code  0x08006888     0x4  startup_stm32f10x_md.o [1]
  .text              ro code  0x0800688c     0x4  startup_stm32f10x_md.o [1]
  .text              ro code  0x08006890     0x4  startup_stm32f10x_md.o [1]
  .text              ro code  0x08006894     0x4  startup_stm32f10x_md.o [1]
  .text              ro code  0x08006898     0x4  startup_stm32f10x_md.o [1]
  .text              ro code  0x0800689c     0x4  startup_stm32f10x_md.o [1]
  .text              ro code  0x080068a0     0x4  startup_stm32f10x_md.o [1]
  .text              ro code  0x080068a4     0x4  startup_stm32f10x_md.o [1]
  .rodata            const    0x080068a8     0x0  zero_init3.o [5]
  .rodata            const    0x080068a8     0x0  packbits_init_single.o [5]
  Initializer bytes  const    0x080068a8    0x96  <for P2-1>
                            - 0x0800693e  0x6852

"P2", part 1 of 3:                          0xc0
  P2-1                        0x20000000    0xc0  <Init block>
    .data            inited   0x20000000     0x4  filter.o [1]
    .data            inited   0x20000004     0x4  filter.o [1]
    .data            inited   0x20000008     0x4  filter.o [1]
    .data            inited   0x2000000c     0x4  filter.o [1]
    .data            inited   0x20000010     0x4  filter.o [1]
    .data            inited   0x20000014     0x4  filter.o [1]
    .data            inited   0x20000018     0x4  filter.o [1]
    .data            inited   0x2000001c     0x4  filter.o [1]
    .data            inited   0x20000020     0x4  filter.o [1]
    .data            inited   0x20000024     0x4  filter.o [1]
    .data            inited   0x20000028     0x4  port.o [1]
    .data            inited   0x2000002c    0x10  stm32f10x_rcc.o [1]
    .data            inited   0x2000003c     0x4  stm32f10x_rcc.o [1]
    .data            inited   0x20000040    0x48  xfiles.o [3]
    .data            inited   0x20000088    0x38  xlocale_c.o [3]
                            - 0x200000c0    0xc0

"P2", part 2 of 3:                        0x3318
  .bss               zero     0x200000c0  0x3000  heap_4.o [1]
  .bss               zero     0x200030c0    0x78  tasks.o [1]
  .bss               zero     0x20003138    0x50  xfiles.o [3]
  .bss               zero     0x20003188    0x34  bsp_config.o [1]
  .bss               zero     0x200031bc    0x34  bsp_config.o [1]
  .bss               zero     0x200031f0    0x30  bsp_key.o [1]
  .bss               zero     0x20003220    0x30  hx711.o [1]
  .bss               zero     0x20003250    0x14  para.o [1]
  .bss               zero     0x20003264    0x14  tasks.o [1]
  .bss               zero     0x20003278    0x14  tasks.o [1]
  .bss               zero     0x2000328c    0x14  tasks.o [1]
  .bss               zero     0x200032a0    0x14  tasks.o [1]
  .bss               zero     0x200032b4    0x14  tasks.o [1]
  .bss               zero     0x200032c8    0x14  timers.o [1]
  .bss               zero     0x200032dc    0x14  timers.o [1]
  .bss               zero     0x200032f0    0x10  bsp_key.o [1]
  .bss               zero     0x20003300    0x10  modbus.o [1]
  .bss               zero     0x20003310     0x8  filter.o [1]
  .bss               zero     0x20003318     0x8  heap_4.o [1]
  .bss               zero     0x20003320     0x4  adc.o [1]
  .bss               zero     0x20003324     0x4  apptask.o [1]
  .bss               zero     0x20003328     0x4  apptask.o [1]
  .bss               zero     0x2000332c     0x4  apptask.o [1]
  .bss               zero     0x20003330     0x4  apptask.o [1]
  .bss               zero     0x20003334     0x4  apptask.o [1]
  .bss               zero     0x20003338     0x4  apptask.o [1]
  .bss               zero     0x2000333c     0x4  bsp_timer.o [1]
  .bss               zero     0x20003340     0x4  bsp_timer.o [1]
  .bss               zero     0x20003344     0x4  bsp_timer.o [1]
  .bss               zero     0x20003348     0x4  bsp_timer.o [1]
  .bss               zero     0x2000334c     0x4  filter.o [1]
  .bss               zero     0x20003350     0x4  heap_4.o [1]
  .bss               zero     0x20003354     0x4  heap_4.o [1]
  .bss               zero     0x20003358     0x4  heap_4.o [1]
  .bss               zero     0x2000335c     0x4  heap_4.o [1]
  .bss               zero     0x20003360     0x4  hx711.o [1]
  .bss               zero     0x20003364     0x4  tasks.o [1]
  .bss               zero     0x20003368     0x4  tasks.o [1]
  .bss               zero     0x2000336c     0x4  tasks.o [1]
  .bss               zero     0x20003370     0x4  tasks.o [1]
  .bss               zero     0x20003374     0x4  tasks.o [1]
  .bss               zero     0x20003378     0x4  tasks.o [1]
  .bss               zero     0x2000337c     0x4  tasks.o [1]
  .bss               zero     0x20003380     0x4  tasks.o [1]
  .bss               zero     0x20003384     0x4  tasks.o [1]
  .bss               zero     0x20003388     0x4  tasks.o [1]
  .bss               zero     0x2000338c     0x4  tasks.o [1]
  .bss               zero     0x20003390     0x4  tasks.o [1]
  .bss               zero     0x20003394     0x4  tasks.o [1]
  .bss               zero     0x20003398     0x4  tasks.o [1]
  .bss               zero     0x2000339c     0x4  tasks.o [1]
  .bss               zero     0x200033a0     0x4  timers.o [1]
  .bss               zero     0x200033a4     0x4  timers.o [1]
  .bss               zero     0x200033a8     0x4  timers.o [1]
  .bss               zero     0x200033ac     0x4  timers.o [1]
  .bss               zero     0x200033b0     0x4  timers.o [1]
  .bss               zero     0x200033b4     0x4  xfail_s.o [3]
  .bss               zero     0x200033b8     0x2  apptask.o [1]
  .bss               zero     0x200033ba     0x2  apptask.o [1]
  .bss               zero     0x200033bc     0x2  apptask.o [1]
  .bss               zero     0x200033be     0x2  apptask.o [1]
  .bss               zero     0x200033c0     0x2  bsp_config.o [1]
  .bss               zero     0x200033c2     0x2  delay.o [1]
  .bss               zero     0x200033c4     0x1  apptask.o [1]
  .bss               zero     0x200033c5     0x1  apptask.o [1]
  .bss               zero     0x200033c6     0x1  apptask.o [1]
  .bss               zero     0x200033c7     0x1  apptask.o [1]
  .bss               zero     0x200033c8     0x1  apptask.o [1]
  .bss               zero     0x200033c9     0x1  apptask.o [1]
  .bss               zero     0x200033ca     0x1  apptask.o [1]
  .bss               zero     0x200033cb     0x1  apptask.o [1]
  .bss               zero     0x200033cc     0x1  apptask.o [1]
  .bss               zero     0x200033cd     0x1  apptask.o [1]
  .bss               zero     0x200033ce     0x1  apptask.o [1]
  .bss               zero     0x200033cf     0x1  apptask.o [1]
  .bss               zero     0x200033d0     0x1  apptask.o [1]
  .bss               zero     0x200033d1     0x1  apptask.o [1]
  .bss               zero     0x200033d2     0x1  apptask.o [1]
  .bss               zero     0x200033d3     0x1  apptask.o [1]
  .bss               zero     0x200033d4     0x1  delay.o [1]
  .bss               zero     0x200033d5     0x1  motor.o [1]
  .bss               zero     0x200033d6     0x1  switch.o [1]
                            - 0x200033d7  0x3317

"P2", part 3 of 3:                         0x800
  CSTACK                      0x200033d8   0x800  <Block>
    CSTACK           uninit   0x200033d8   0x800  <Block tail>
                            - 0x20003bd8   0x800


*******************************************************************************
*** INIT TABLE
***

          Address     Size
          -------     ----
Zero (__iar_zero_init3)
    1 destination range, total size 0x3317:
          0x200000c0  0x3317

Copy/packbits (__iar_packbits_init_single3)
    1 source range, total size 0x96 (78% of destination):
          0x080068a8    0x96
    1 destination range, total size 0xc0:
          0x20000000    0xc0



*******************************************************************************
*** MODULE SUMMARY
***

    Module                  ro code  ro data  rw data
    ------                  -------  -------  -------
F:\work\YarnControl_Driver\src\DriveBorad\Debug\Obj: [1]
    adc.o                       248                 4
    apptask.o                 2 416      160       48
    bsp_config.o                856               106
    bsp_key.o                   664                64
    bsp_timer.o                                    16
    delay.o                      48                 3
    filter.o                  2 468       31       52
    heap_4.o                    536        4   12 312
    hx711.o                     282                52
    list.o                      154
    main.o                       44       16
    mcheck.o                     48
    memory.o                     86
    misc.o                      192
    modbus.o                    892       56       16
    motor.o                     368                 1
    para.o                      100                20
    port.o                      228        3        4
    portasm.o                   136
    protocol.o                  124      124
    queue.o                   1 508
    startup_stm32f10x_md.o      460
    stm32f10x_adc.o             574
    stm32f10x_dma.o             440
    stm32f10x_flash.o           326
    stm32f10x_gpio.o            412
    stm32f10x_it.o              484       20
    stm32f10x_iwdg.o             56
    stm32f10x_rcc.o             420       16       20
    stm32f10x_tim.o             456
    stm32f10x_usart.o           584
    switch.o                    472                 1
    system_stm32f10x.o          344
    tasks.o                   2 084        8      280
    timers.o                  1 024        8       60
    -------------------------------------------------
    Total:                   19 534      446   13 059

command line: [2]
    -------------------------------------------------
    Total:

dl7M_tlf.a: [3]
    abort.o                       6
    abs.o                         8
    exit.o                        4
    low_level_init.o              4
    printf.o                     40
    putchar.o                    12
    strstr.o                     48
    xfail_s.o                    68                 4
    xfiles.o                              56      152
    xlocale_c.o                  12       48       56
    xprintflarge_nomb.o       3 074
    xprout.o                     22
    -------------------------------------------------
    Total:                    3 298      104      212

m7M_tl.a: [4]
    DblAdd.o                    376
    DblCmpGe.o                   46
    DblCmpLe.o                   46
    DblDiv.o                    582
    DblMul.o                    418
    DblSub.o                    226
    DblToFlt.o                  104
    DblToU32.o                   40
    FltCmpGe.o                   36
    FltDiv.o                    252
    FltToDbl.o                   72
    U32ToDbl.o                   26
    U32ToFlt.o                   28
    frexp.o                     112
    -------------------------------------------------
    Total:                    2 364

rt7M_tl.a: [5]
    ABImemcpy.o                 166
    I64DivMod.o                 558
    I64DivZer.o                   2
    cexit.o                      10
    cmain.o                      30
    cstartup_M.o                 12
    data_init.o                  40
    memchr.o                     88
    packbits_init_single.o       56
    strchr.o                     22
    strlen.o                     54
    zero_init3.o                 64
    -------------------------------------------------
    Total:                    1 102

shb_l.a: [6]
    exit.o                       20
    -------------------------------------------------
    Total:                       20

    Gaps                         40        2
    Linker created                        32    2 048
-----------------------------------------------------
    Grand Total:             26 358      584   15 319


*******************************************************************************
*** ENTRY LIST
***

Entry                      Address    Size  Type      Object
-----                      -------    ----  ----      ------
.iar.init_table$$Base   0x080065b4           --   Gb  - Linker created -
.iar.init_table$$Limit  0x080065d4           --   Gb  - Linker created -
?main                   0x080065d5          Code  Gb  cmain.o [5]
AD10                    0x20000008     0x4  Data  Gb  filter.o [1]
AD100                   0x2000001c     0x4  Data  Gb  filter.o [1]
AD150                   0x20000020     0x4  Data  Gb  filter.o [1]
AD20                    0x2000000c     0x4  Data  Gb  filter.o [1]
AD200                   0x20000024     0x4  Data  Gb  filter.o [1]
AD30                    0x20000010     0x4  Data  Gb  filter.o [1]
AD40                    0x20000014     0x4  Data  Gb  filter.o [1]
AD5                     0x20000004     0x4  Data  Gb  filter.o [1]
AD50                    0x20000018     0x4  Data  Gb  filter.o [1]
ADCPrescTable           0x2000003c     0x4  Data  Lc  stm32f10x_rcc.o [1]
ADC_Cmd                 0x08005bd1    0x1a  Code  Gb  stm32f10x_adc.o [1]
ADC_DeInit              0x08005b29    0x5e  Code  Gb  stm32f10x_adc.o [1]
ADC_GetCalibrationStatus
                        0x08005c13    0x14  Code  Gb  stm32f10x_adc.o [1]
ADC_GetConversionValue  0x08005d35     0x6  Code  Gb  stm32f10x_adc.o [1]
ADC_GetFlagStatus       0x08005d51    0x16  Code  Gb  stm32f10x_adc.o [1]
ADC_GetResetCalibrationStatus
                        0x08005bf5    0x14  Code  Gb  stm32f10x_adc.o [1]
ADC_Init                0x08005b87    0x4a  Code  Gb  stm32f10x_adc.o [1]
ADC_RegularChannelConfig
                        0x08005c41    0xf4  Code  Gb  stm32f10x_adc.o [1]
ADC_ResetCalibration    0x08005beb     0xa  Code  Gb  stm32f10x_adc.o [1]
ADC_SoftwareStartConvCmd
                        0x08005c27    0x1a  Code  Gb  stm32f10x_adc.o [1]
ADC_StartCalibration    0x08005c09     0xa  Code  Gb  stm32f10x_adc.o [1]
APBAHBPrescTable        0x2000002c    0x10  Data  Lc  stm32f10x_rcc.o [1]
Adc_Init                0x08004749    0x96  Code  Gb  adc.o [1]
AppObjCreate            0x08002e89    0x56  Code  Gb  apptask.o [1]
AppTaskCreate           0x08002d1d    0x58  Code  Gb  apptask.o [1]
Average_filter          0x08004815    0x2c  Code  Gb  adc.o [1]
CSTACK$$Base            0x200033d8           --   Gb  - Linker created -
CSTACK$$Limit           0x20003bd8           --   Gb  - Linker created -
DMA_ClearFlag           0x080056f3    0x10  Code  Gb  stm32f10x_dma.o [1]
DMA_Cmd                 0x080056cb    0x1c  Code  Gb  stm32f10x_dma.o [1]
DMA_Config              0x08003c49    0x5c  Code  Gb  bsp_config.o [1]
DMA_DeInit              0x08005585   0x10a  Code  Gb  stm32f10x_dma.o [1]
DMA_GetCurrDataCounter  0x080056ed     0x6  Code  Gb  stm32f10x_dma.o [1]
DMA_Init                0x0800568f    0x3c  Code  Gb  stm32f10x_dma.o [1]
DMA_SetCurrDataCounter  0x080056e7     0x6  Code  Gb  stm32f10x_dma.o [1]
Device_Process          0x200033d1     0x1  Data  Gb  apptask.o [1]
FLASH_ErasePage         0x08005fe1    0x5e  Code  Gb  stm32f10x_flash.o [1]
FLASH_GetBank1Status    0x0800608b    0x2c  Code  Gb  stm32f10x_flash.o [1]
FLASH_Lock              0x08005fcf    0x12  Code  Gb  stm32f10x_flash.o [1]
FLASH_ProgramHalfWord   0x0800603f    0x4c  Code  Gb  stm32f10x_flash.o [1]
FLASH_Unlock            0x08005fb9    0x16  Code  Gb  stm32f10x_flash.o [1]
FLASH_WaitForLastOperation
                        0x080060d1    0x2e  Code  Gb  stm32f10x_flash.o [1]
GPIO_Init               0x080024a1    0xec  Code  Gb  stm32f10x_gpio.o [1]
GPIO_PinRemapConfig     0x080025af    0x84  Code  Gb  stm32f10x_gpio.o [1]
GPIO_ReadInputDataBit   0x0800258d    0x16  Code  Gb  stm32f10x_gpio.o [1]
GPIO_ResetBits          0x080025a9     0x6  Code  Gb  stm32f10x_gpio.o [1]
GPIO_SetBits            0x080025a3     0x6  Code  Gb  stm32f10x_gpio.o [1]
GPIO_ToggleBits         0x08003d3d     0xa  Code  Gb  bsp_config.o [1]
Get_Adc                 0x080047df    0x2e  Code  Gb  adc.o [1]
HardFault_Handler       0x08006103     0xa  Code  Gb  stm32f10x_it.o [1]
IWDG_Enable             0x0800581f     0xa  Code  Gb  stm32f10x_iwdg.o [1]
IWDG_Feed               0x08003d67     0x8  Code  Gb  bsp_config.o [1]
IWDG_ReloadCounter      0x08005815     0xa  Code  Gb  stm32f10x_iwdg.o [1]
IWDG_SetPrescaler       0x08005805     0x8  Code  Gb  stm32f10x_iwdg.o [1]
IWDG_SetReload          0x0800580d     0x8  Code  Gb  stm32f10x_iwdg.o [1]
IWDG_WriteAccessCmd     0x080057fd     0x8  Code  Gb  stm32f10x_iwdg.o [1]
InitMass                0x0800180d     0x8  Code  Gb  filter.o [1]
InterruptConfig         0x08003ccd    0x70  Code  Gb  bsp_config.o [1]
IsKeyDown1              0x08003075    0x18  Code  Gb  bsp_key.o [1]
IsKeyDown2              0x0800308d    0x18  Code  Gb  bsp_key.o [1]
IsKeyDown3              0x080030a5    0x16  Code  Gb  bsp_key.o [1]
KEY_Config              0x0800300f    0x66  Code  Gb  bsp_key.o [1]
LED_init                0x08003ca5    0x28  Code  Gb  bsp_config.o [1]
LoadInt                 0x0800027f    0x7a  Code  Lc  xprintflarge_nomb.o [3]
NMI_Handler             0x08006101     0x2  Code  Gb  stm32f10x_it.o [1]
NULLMASS                0x20003310     0x8  Data  Gb  filter.o [1]
NULL_IDLE               0x20000000     0x4  Data  Gb  filter.o [1]
NVIC_Init               0x08005747    0x66  Code  Gb  misc.o [1]
NVIC_PriorityGroupConfig
                        0x0800573d     0xa  Code  Gb  misc.o [1]
NVIC_SetVectorTable     0x080057ad     0xc  Code  Gb  misc.o [1]
NVIC_SystemReset        0x0800263d    0x22  Code  Lc  apptask.o [1]
PendSV_Handler          0x08005f31          Code  Gb  portasm.o [1]
Printf_Init             0x08003af9    0x94  Code  Gb  bsp_config.o [1]
RCC_ADCCLKConfig        0x080022fd    0x12  Code  Gb  stm32f10x_rcc.o [1]
RCC_AHBPeriphClockCmd   0x08002403    0x1e  Code  Gb  stm32f10x_rcc.o [1]
RCC_APB1PeriphClockCmd  0x0800243f    0x1e  Code  Gb  stm32f10x_rcc.o [1]
RCC_APB2PeriphClockCmd  0x08002421    0x1e  Code  Gb  stm32f10x_rcc.o [1]
RCC_APB2PeriphResetCmd  0x0800245d    0x1e  Code  Gb  stm32f10x_rcc.o [1]
RCC_GetClocksFreq       0x0800230f    0xf4  Code  Gb  stm32f10x_rcc.o [1]
RS485_Init              0x08003b8d    0xbc  Code  Gb  bsp_config.o [1]
RS485_TO_PC             0x08003ab7    0x42  Code  Gb  bsp_config.o [1]
Read_HX711_Count        0x080021f3    0x80  Code  Gb  hx711.o [1]
Read_flash              0x08005b0f    0x18  Code  Gb  memory.o [1]
Region$$Table$$Base     0x080065b4           --   Gb  - Linker created -
Region$$Table$$Limit    0x080065d4           --   Gb  - Linker created -
SVC_Handler             0x08005f77          Code  Gb  portasm.o [1]
SetNull                 0x08001815   0x498  Code  Gb  filter.o [1]
SetSysClock             0x080063e5     0x8  Code  Lc  system_stm32f10x.o [1]
SetSysClockTo72         0x080063ed    0xe0  Code  Lc  system_stm32f10x.o [1]
SysTick_CLKSourceConfig
                        0x080057b9    0x20  Code  Gb  misc.o [1]
SysTick_Handler         0x080052e9    0x28  Code  Gb  port.o [1]
SystemInit              0x08006391    0x54  Code  Gb  system_stm32f10x.o [1]
TIM3_IRQHandler         0x08006207    0x94  Code  Gb  stm32f10x_it.o [1]
TIM3_PWM_Init           0x08004a7d    0x7c  Code  Gb  motor.o [1]
TIM_ClearITPendingBit   0x08005f0d     0x8  Code  Gb  stm32f10x_tim.o [1]
TIM_Cmd                 0x08005e99    0x1c  Code  Gb  stm32f10x_tim.o [1]
TIM_GetITStatus         0x08005ee3    0x2a  Code  Gb  stm32f10x_tim.o [1]
TIM_ITConfig            0x08005eb5    0x16  Code  Gb  stm32f10x_tim.o [1]
TIM_OC1Init             0x08005df7    0x94  Code  Gb  stm32f10x_tim.o [1]
TIM_OC1PreloadConfig    0x08005ecb    0x14  Code  Gb  stm32f10x_tim.o [1]
TIM_SetCompare1         0x08005edf     0x4  Code  Gb  stm32f10x_tim.o [1]
TIM_TimeBaseInit        0x08005d69    0x8e  Code  Gb  stm32f10x_tim.o [1]
UART1_RX_BUF            0x20003188    0x34  Data  Gb  bsp_config.o [1]
UART2_RX_BUF            0x200031bc    0x34  Data  Gb  bsp_config.o [1]
USART1_IRQHandler       0x0800610d    0x58  Code  Gb  stm32f10x_it.o [1]
USART2_IRQHandler       0x08006165    0xa2  Code  Gb  stm32f10x_it.o [1]
USART_ClearFlag         0x080054ef     0xc  Code  Gb  stm32f10x_usart.o [1]
USART_ClearITPendingBit
                        0x08005563    0x22  Code  Gb  stm32f10x_usart.o [1]
USART_Cmd               0x08005429    0x1c  Code  Gb  stm32f10x_usart.o [1]
USART_DMACmd            0x080054af    0x16  Code  Gb  stm32f10x_usart.o [1]
USART_GetFlagStatus     0x080054d5    0x1a  Code  Gb  stm32f10x_usart.o [1]
USART_GetITStatus       0x080054fb    0x68  Code  Gb  stm32f10x_usart.o [1]
USART_ITConfig          0x08005445    0x6a  Code  Gb  stm32f10x_usart.o [1]
USART_Init              0x0800533d    0xe6  Code  Gb  stm32f10x_usart.o [1]
USART_ReceiveData       0x080054cd     0x8  Code  Gb  stm32f10x_usart.o [1]
USART_SendData          0x080054c5     0x8  Code  Gb  stm32f10x_usart.o [1]
Uart1_rx_count          0x200033c0     0x2  Data  Gb  bsp_config.o [1]
UserTimerCallback       0x08002d75   0x114  Code  Gb  apptask.o [1]
Write_flash             0x08005ad1    0x3e  Code  Gb  memory.o [1]
_GenldLargeNoMb         0x08000a21   0x23a  Code  Lc  xprintflarge_nomb.o [3]
_LdtobLargeNoMb         0x080007b9   0x240  Code  Lc  xprintflarge_nomb.o [3]
_LitobLargeNoMb         0x08000661   0x112  Code  Lc  xprintflarge_nomb.o [3]
_Locale_lconv           0x20000088    0x38  Data  Lc  xlocale_c.o [3]
_PrintfLargeNoMb        0x080000ed   0x18c  Code  Gb  xprintflarge_nomb.o [3]
_Prout                  0x08006655    0x16  Code  Gb  xprout.o [3]
_PutcharsLargeNoMb      0x08000c5b    0x2e  Code  Lc  xprintflarge_nomb.o [3]
_PutfldLargeNoMb        0x080002f9   0x25c  Code  Lc  xprintflarge_nomb.o [3]
_PuttxtLargeNoMb        0x08000555   0x10c  Code  Lc  xprintflarge_nomb.o [3]
__aeabi_cdcmple         0x080012c9          Code  Gb  DblCmpLe.o [4]
__aeabi_cdrcmple        0x080022cd          Code  Gb  DblCmpGe.o [4]
__aeabi_cfrcmple        0x08004a09          Code  Gb  FltCmpGe.o [4]
__aeabi_d2f             0x080049a1          Code  Gb  DblToFlt.o [4]
__aeabi_d2uiz           0x08001541          Code  Gb  DblToU32.o [4]
__aeabi_dadd            0x08001681          Code  Gb  DblAdd.o [4]
__aeabi_ddiv            0x080012f9          Code  Gb  DblDiv.o [4]
__aeabi_dmul            0x0800100d          Code  Gb  DblMul.o [4]
__aeabi_dsub            0x08001585          Code  Gb  DblSub.o [4]
__aeabi_f2d             0x08004959          Code  Gb  FltToDbl.o [4]
__aeabi_fdiv            0x0800485d          Code  Gb  FltDiv.o [4]
__aeabi_ldiv0           0x0800167d          Code  Gb  I64DivZer.o [5]
__aeabi_memcpy          0x080011b1          Code  Gb  ABImemcpy.o [5]
__aeabi_memcpy4         0x080011d1          Code  Gb  ABImemcpy.o [5]
__aeabi_memcpy8         0x080011d1          Code  Gb  ABImemcpy.o [5]
__aeabi_ui2d            0x08001569          Code  Gb  U32ToDbl.o [4]
__aeabi_ui2f            0x08004841          Code  Gb  U32ToFlt.o [4]
__aeabi_uldivmod        0x08000ddd          Code  Gb  I64DivMod.o [5]
__cmain                 0x080065d5          Code  Gb  cmain.o [5]
__exit                  0x080017f9    0x14  Code  Gb  exit.o [6]
__iar_Fail_s            0x08000d09    0x1e  Code  Gb  xfail_s.o [3]
__iar_Memchr            0x08000d85          Code  Gb  memchr.o [5]
__iar_Stdout            0x20000040    0x48  Data  Gb  xfiles.o [3]
__iar_Strchr            0x08000cf1          Code  Gb  strchr.o [5]
__iar_dadd              0x08001595          Code  Gb  DblSub.o [4]
__iar_data_init3        0x0800658d    0x28  Code  Gb  data_init.o [5]
__iar_dsub              0x08001691          Code  Gb  DblAdd.o [4]
__iar_dsubStart         0x080016a3          Code  Gb  DblAdd.o [4]
__iar_frexp             0x08001265          Code  Gb  frexp.o [4]
__iar_frexp64           0x08001259          Code  Gb  frexp.o [4]
__iar_frexpl            0x08001265          Code  Gb  frexp.o [4]
__iar_packbits_init_single3
                        0x08006529    0x38  Code  Gb  packbits_init_single.o [5]
__iar_program_start     0x080067ad          Code  Gb  cstartup_M.o [5]
__iar_systems$$module {Abs}
                        0x00000001          Data  Gb  command line/config [2]
__iar_zero_init3        0x080064e9    0x40  Code  Gb  zero_init3.o [5]
__low_level_init        0x080065f3     0x4  Code  Gb  low_level_init.o [3]
__vector_table          0x08000000          Data  Gb  startup_stm32f10x_md.o [1]
_call_main              0x080065e1          Code  Gb  cmain.o [5]
_exit                   0x080065fd          Code  Gb  cexit.o [5]
_main                   0x080065ef          Code  Gb  cmain.o [5]
abort                   0x08001675     0x6  Code  Gb  abort.o [3]
abs                     0x08004b9d     0x8  Code  Gb  abs.o [3]
bsp_DetectKey           0x08003131    0xe0  Code  Gb  bsp_key.o [1]
bsp_GetKey              0x08002fdb    0x34  Code  Gb  bsp_key.o [1]
bsp_InitKey             0x08002fad     0xc  Code  Gb  bsp_key.o [1]
bsp_InitKeyVar          0x080030bb    0x76  Code  Gb  bsp_key.o [1]
bsp_KeyScan             0x0800322d    0x18  Code  Gb  bsp_key.o [1]
bsp_PutKey              0x08002fb9    0x22  Code  Gb  bsp_key.o [1]
bsp_init                0x08003d6f    0x56  Code  Gb  bsp_config.o [1]
cut_down_flag           0x200033c9     0x1  Data  Gb  apptask.o [1]
cut_down_time           0x200033ca     0x1  Data  Gb  apptask.o [1]
delay_hx711             0x080022b1    0x1a  Code  Gb  hx711.o [1]
delay_init              0x08005835    0x28  Code  Gb  delay.o [1]
device_addr             0x200033d6     0x1  Data  Gb  switch.o [1]
device_info             0x20003250    0x14  Data  Gb  para.o [1]
exit                    0x080065f7     0x4  Code  Gb  exit.o [3]
fac_ms                  0x200033c2     0x2  Data  Lc  delay.o [1]
fac_us                  0x200033d4     0x1  Data  Lc  delay.o [1]
fputc                   0x08003a91    0x26  Code  Gb  bsp_config.o [1]
frexp                   0x08001259          Code  Gb  frexp.o [4]
frexpl                  0x08001259          Code  Gb  frexp.o [4]
get_mass                0x08001cad   0x4a4  Code  Gb  filter.o [1]
hx711_buf               0x20003220    0x30  Data  Gb  hx711.o [1]
hx711_buf_Init          0x08002273    0x30  Code  Gb  hx711.o [1]
hx711_init              0x080021b1    0x42  Code  Gb  hx711.o [1]
hx711_sum               0x20003360     0x4  Data  Gb  hx711.o [1]
key1_running_time       0x200033cc     0x1  Data  Gb  apptask.o [1]
key2_reset              0x200033cd     0x1  Data  Gb  apptask.o [1]
key2_reset_time         0x200033ba     0x2  Data  Gb  apptask.o [1]
key3_press_flag         0x200033ce     0x1  Data  Gb  apptask.o [1]
key_reset               0x200033cb     0x1  Data  Gb  apptask.o [1]
key_reset_time          0x200033b8     0x2  Data  Gb  apptask.o [1]
link_err                0x200033d2     0x1  Data  Gb  apptask.o [1]
load_value              0x2000334c     0x4  Data  Gb  filter.o [1]
localeconv              0x08001669     0x4  Code  Gb  xlocale_c.o [3]
m_ctrl_dev              0x20003300    0x10  Data  Gb  modbus.o [1]
main                    0x08006561    0x2c  Code  Gb  main.o [1]
mb_init                 0x0800450b    0x16  Code  Gb  modbus.o [1]
mb_packsend_frame       0x08004493    0x78  Code  Gb  modbus.o [1]
mb_unpack_frame         0x080043cd    0xc6  Code  Gb  modbus.o [1]
mc_check_sum            0x08005aa1    0x30  Code  Gb  mcheck.o [1]
memchr                  0x08000d85          Code  Gb  memchr.o [5]
modbus_action           0x08004521   0x1e4  Code  Gb  modbus.o [1]
motor_control           0x08004b09    0x8c  Code  Gb  motor.o [1]
motor_dir               0x200033d5     0x1  Data  Gb  motor.o [1]
motor_init              0x08004a2d    0x50  Code  Gb  motor.o [1]
motor_speed             0x08004af9    0x10  Code  Gb  motor.o [1]
obuf                    0x20003138    0x50  Data  Lc  xfiles.o [3]
old_start_stop          0x200033c5     0x1  Data  Gb  apptask.o [1]
overCurrent_flag        0x200033cf     0x1  Data  Gb  apptask.o [1]
overCurrent_time        0x200033bc     0x2  Data  Gb  apptask.o [1]
overWeight_flag         0x200033d0     0x1  Data  Gb  apptask.o [1]
overWeight_time         0x200033be     0x2  Data  Gb  apptask.o [1]
printf                  0x08003245    0x28  Code  Gb  printf.o [3]
prvAddCurrentTaskToDelayedList
                        0x080039cd    0x7e  Code  Lc  tasks.o [1]
prvAddNewTaskToReadyList
                        0x08003389    0xba  Code  Lc  tasks.o [1]
prvCheckForValidListAndQueue
                        0x08004f45    0x3a  Code  Lc  timers.o [1]
prvCheckTasksWaitingTermination
                        0x080038ed    0x5a  Code  Lc  tasks.o [1]
prvCopyDataFromQueue    0x080042a9    0x30  Code  Lc  queue.o [1]
prvCopyDataToQueue      0x08004225    0x84  Code  Lc  queue.o [1]
prvDeleteTCB            0x0800394d    0x12  Code  Lc  tasks.o [1]
prvGetNextExpireTime    0x08004d7d    0x2a  Code  Lc  timers.o [1]
prvHeapInit             0x080050d7    0x66  Code  Lc  heap_4.o [1]
prvIdleTask             0x08003865    0x24  Code  Lc  tasks.o [1]
prvInitialiseNewQueue   0x08003eaf    0x32  Code  Lc  queue.o [1]
prvInitialiseNewTask    0x080032e5    0xa4  Code  Lc  tasks.o [1]
prvInitialiseNewTimer   0x08004c0d    0x32  Code  Lc  timers.o [1]
prvInitialiseTaskLists  0x08003889    0x54  Code  Lc  tasks.o [1]
prvInsertBlockIntoFreeList
                        0x0800513d    0x60  Code  Lc  heap_4.o [1]
prvInsertTimerInActiveList
                        0x08004dcf    0x50  Code  Lc  timers.o [1]
prvIsQueueEmpty         0x08004347    0x1c  Code  Lc  queue.o [1]
prvIsQueueFull          0x08004363    0x1e  Code  Lc  queue.o [1]
prvProcessExpiredTimer  0x08004caf    0x46  Code  Lc  timers.o [1]
prvProcessReceivedCommands
                        0x08004e1f    0xb4  Code  Lc  timers.o [1]
prvProcessTimerOrBlockTask
                        0x08004d0f    0x6e  Code  Lc  timers.o [1]
prvResetNextTaskUnblockTime
                        0x0800395f    0x2e  Code  Lc  tasks.o [1]
prvSampleTimeNow        0x08004da7    0x28  Code  Lc  timers.o [1]
prvSampleTimeNow::xLastTime
                        0x200033b0     0x4  Data  Lc  timers.o [1]
prvSwitchTimerLists     0x08004ed3    0x72  Code  Lc  timers.o [1]
prvTaskExitError        0x08005279    0x10  Code  Lc  port.o [1]
prvTimerTask            0x08004cf5    0x1a  Code  Lc  timers.o [1]
prvUnlockQueue          0x080042d9    0x6e  Code  Lc  queue.o [1]
putchar                 0x0800666d     0xc  Code  Gb  putchar.o [3]
pvPortMalloc            0x08004fa5    0xe8  Code  Gb  heap_4.o [1]
pxCurrentTCB            0x20003364     0x4  Data  Gb  tasks.o [1]
pxCurrentTimerList      0x200033a0     0x4  Data  Lc  timers.o [1]
pxDelayedTaskList       0x20003368     0x4  Data  Lc  tasks.o [1]
pxEnd                   0x20003350     0x4  Data  Lc  heap_4.o [1]
pxOverflowDelayedTaskList
                        0x2000336c     0x4  Data  Lc  tasks.o [1]
pxOverflowTimerList     0x200033a4     0x4  Data  Lc  timers.o [1]
pxPortInitialiseStack   0x08005259    0x20  Code  Gb  port.o [1]
pxReadyTasksLists       0x200030c0    0x78  Data  Lc  tasks.o [1]
readPara                0x08005a3d    0x64  Code  Gb  para.o [1]
read_switch             0x08005963    0xcc  Code  Gb  switch.o [1]
rev_start_stop          0x200033c8     0x1  Data  Gb  apptask.o [1]
s_TIM_CallBack1         0x2000333c     0x4  Data  Gb  bsp_timer.o [1]
s_TIM_CallBack2         0x20003340     0x4  Data  Gb  bsp_timer.o [1]
s_TIM_CallBack3         0x20003344     0x4  Data  Gb  bsp_timer.o [1]
s_TIM_CallBack4         0x20003348     0x4  Data  Gb  bsp_timer.o [1]
s_tBtn                  0x200031f0    0x30  Data  Gb  bsp_key.o [1]
s_tKey                  0x200032f0    0x10  Data  Gb  bsp_key.o [1]
scale                   0x08000773    0x46  Code  Lc  xprintflarge_nomb.o [3]
sec_hand                0x200033b4     0x4  Data  Lc  xfail_s.o [3]
start_stop              0x200033c4     0x1  Data  Gb  apptask.o [1]
start_time              0x200033c7     0x1  Data  Gb  apptask.o [1]
start_time_flag         0x200033c6     0x1  Data  Gb  apptask.o [1]
strchr                  0x08000cf1          Code  Gb  strchr.o [5]
strlen                  0x08000d4d          Code  Gb  strlen.o [5]
strstr                  0x08006361    0x30  Code  Gb  strstr.o [3]
switch_init             0x08005865    0xfe  Code  Gb  switch.o [1]
uart1_check_cmd         0x08006329    0x10  Code  Gb  protocol.o [1]
uart1_debug             0x080062e5    0x44  Code  Gb  protocol.o [1]
ucHeap                  0x200000c0  0x3000  Data  Lc  heap_4.o [1]
uxCriticalNesting       0x20000028     0x4  Data  Lc  port.o [1]
uxCurrentNumberOfTasks  0x20003374     0x4  Data  Lc  tasks.o [1]
uxDeletedTasksWaitingCleanUp
                        0x20003370     0x4  Data  Lc  tasks.o [1]
uxListRemove            0x0800522f    0x28  Code  Gb  list.o [1]
uxPendedTicks           0x20003384     0x4  Data  Lc  tasks.o [1]
uxSchedulerSuspended    0x2000339c     0x4  Data  Lc  tasks.o [1]
uxTaskNumber            0x20003390     0x4  Data  Lc  tasks.o [1]
uxTopReadyPriority      0x2000337c     0x4  Data  Lc  tasks.o [1]
vListInitialise         0x080051bd    0x1e  Code  Gb  list.o [1]
vListInitialiseItem     0x080051db     0x6  Code  Gb  list.o [1]
vListInsert             0x080051f9    0x36  Code  Gb  list.o [1]
vListInsertEnd          0x080051e1    0x18  Code  Gb  list.o [1]
vPortEnterCritical      0x080052b5    0x1a  Code  Gb  port.o [1]
vPortExitCritical       0x080052cf    0x1a  Code  Gb  port.o [1]
vPortFree               0x0800508d    0x4a  Code  Gb  heap_4.o [1]
vPortStartFirstTask     0x08005f97          Code  Gb  portasm.o [1]
vQueueWaitForMessageRestricted
                        0x08004381    0x4c  Code  Gb  queue.o [1]
vTaskDelay              0x08003443    0x34  Code  Gb  tasks.o [1]
vTaskMissedYield        0x08003859     0xa  Code  Gb  tasks.o [1]
vTaskPlaceOnEventList   0x08003737    0x20  Code  Gb  tasks.o [1]
vTaskPlaceOnEventListRestricted
                        0x08003757    0x2c  Code  Gb  tasks.o [1]
vTaskRev485             0x08002789    0x80  Code  Gb  apptask.o [1]
vTaskRev485::err        0x200033d3     0x1  Data  Lc  apptask.o [1]
vTaskSample             0x08002809   0x514  Code  Gb  apptask.o [1]
vTaskSetTimeOutState    0x080037ef    0x12  Code  Gb  tasks.o [1]
vTaskStartScheduler     0x08003477    0x5a  Code  Gb  tasks.o [1]
vTaskSuspendAll         0x080034d1    0x10  Code  Gb  tasks.o [1]
vTaskSwitchContext      0x080036e5    0x52  Code  Gb  tasks.o [1]
vTaskTaskKey            0x0800265f   0x116  Code  Gb  apptask.o [1]
vTaskTaskSend485        0x08002775    0x14  Code  Gb  apptask.o [1]
value_current           0x20003320     0x4  Data  Gb  adc.o [1]
watchdog                0x08003d47    0x20  Code  Gb  bsp_config.o [1]
xActiveTimerList1       0x200032c8    0x14  Data  Lc  timers.o [1]
xActiveTimerList2       0x200032dc    0x14  Data  Lc  timers.o [1]
xBlockAllocatedBit      0x2000335c     0x4  Data  Lc  heap_4.o [1]
xDelayedTaskList1       0x20003264    0x14  Data  Lc  tasks.o [1]
xDelayedTaskList2       0x20003278    0x14  Data  Lc  tasks.o [1]
xFreeBytesRemaining     0x20003354     0x4  Data  Lc  heap_4.o [1]
xHandleTaskKey          0x20003324     0x4  Data  Gb  apptask.o [1]
xHandleTaskRev485       0x2000332c     0x4  Data  Gb  apptask.o [1]
xHandleTaskSample       0x20003330     0x4  Data  Gb  apptask.o [1]
xHandleTaskSend485      0x20003328     0x4  Data  Gb  apptask.o [1]
xHeapStructSize         0x080067d0     0x4  Data  Lc  heap_4.o [1]
xIdleTaskHandle         0x20003398     0x4  Data  Lc  tasks.o [1]
xMinimumEverFreeBytesRemaining
                        0x20003358     0x4  Data  Lc  heap_4.o [1]
xNextTaskUnblockTime    0x20003394     0x4  Data  Lc  tasks.o [1]
xNumOfOverflows         0x2000338c     0x4  Data  Lc  tasks.o [1]
xPendingReadyList       0x2000328c    0x14  Data  Lc  tasks.o [1]
xPortStartScheduler     0x08005289    0x2c  Code  Gb  port.o [1]
xQueueGenericCreate     0x08003e6d    0x42  Code  Gb  queue.o [1]
xQueueGenericReceive    0x080040e3   0x13e  Code  Gb  queue.o [1]
xQueueGenericReset      0x08003de9    0x84  Code  Gb  queue.o [1]
xQueueGenericSend       0x08003ee1   0x11a  Code  Gb  queue.o [1]
xQueueGenericSendFromISR
                        0x08003ffb    0x7c  Code  Gb  queue.o [1]
xQueueGiveFromISR       0x08004077    0x6c  Code  Gb  queue.o [1]
xSchedulerRunning       0x20003380     0x4  Data  Lc  tasks.o [1]
xSemaphore_rs485        0x20003334     0x4  Data  Gb  apptask.o [1]
xStart                  0x20003318     0x8  Data  Lc  heap_4.o [1]
xSuspendedTaskList      0x200032b4    0x14  Data  Lc  tasks.o [1]
xTaskCheckForTimeOut    0x08003801    0x58  Code  Gb  tasks.o [1]
xTaskCreate             0x0800326d    0x78  Code  Gb  tasks.o [1]
xTaskGetSchedulerState  0x0800398d    0x20  Code  Gb  tasks.o [1]
xTaskGetTickCount       0x080035c7     0x8  Code  Gb  tasks.o [1]
xTaskIncrementTick      0x080035cf   0x116  Code  Gb  tasks.o [1]
xTaskRemoveFromEventList
                        0x08003783    0x6c  Code  Gb  tasks.o [1]
xTaskResumeAll          0x080034e1    0xe6  Code  Gb  tasks.o [1]
xTasksWaitingTermination
                        0x200032a0    0x14  Data  Lc  tasks.o [1]
xTickCount              0x20003378     0x4  Data  Lc  tasks.o [1]
xTimerCreate            0x08004bd9    0x34  Code  Gb  timers.o [1]
xTimerCreateTimerTask   0x08004ba5    0x34  Code  Gb  timers.o [1]
xTimerGenericCommand    0x08004c3f    0x70  Code  Gb  timers.o [1]
xTimerQueue             0x200033a8     0x4  Data  Lc  timers.o [1]
xTimerTaskHandle        0x200033ac     0x4  Data  Lc  timers.o [1]
xTimerUser              0x20003338     0x4  Data  Gb  apptask.o [1]
xYieldPending           0x20003388     0x4  Data  Lc  tasks.o [1]


[1] = F:\work\YarnControl_Driver\src\DriveBorad\Debug\Obj
[2] = command line
[3] = dl7M_tlf.a
[4] = m7M_tl.a
[5] = rt7M_tl.a
[6] = shb_l.a

  26 358 bytes of readonly  code memory
     584 bytes of readonly  data memory
  15 319 bytes of readwrite data memory

Errors: none
Warnings: none
