###############################################################################
#
# IAR ELF Linker V7.40.7.9843/W32 for ARM                 22/Jul/2019  17:35:35
# Copyright 2007-2015 IAR Systems AB.
#
#    Output file  =  
#        F:\work\YarnControl_Driver\src\DriveBorad\Debug\Exe\stm32F10x.out
#    Map file     =  
#        F:\work\YarnControl_Driver\src\DriveBorad\Debug\List\stm32F10x.map
#    Command line =  
#        F:\work\YarnControl_Driver\src\DriveBorad\Debug\Obj\adc.o
#        F:\work\YarnControl_Driver\src\DriveBorad\Debug\Obj\apptask.o
#        F:\work\YarnControl_Driver\src\DriveBorad\Debug\Obj\bsp_config.o
#        F:\work\YarnControl_Driver\src\DriveBorad\Debug\Obj\bsp_dwt.o
#        F:\work\YarnControl_Driver\src\DriveBorad\Debug\Obj\bsp_key.o
#        F:\work\YarnControl_Driver\src\DriveBorad\Debug\Obj\bsp_timer.o
#        F:\work\YarnControl_Driver\src\DriveBorad\Debug\Obj\core_cm3.o
#        F:\work\YarnControl_Driver\src\DriveBorad\Debug\Obj\croutine.o
#        F:\work\YarnControl_Driver\src\DriveBorad\Debug\Obj\delay.o
#        F:\work\YarnControl_Driver\src\DriveBorad\Debug\Obj\event_groups.o
#        F:\work\YarnControl_Driver\src\DriveBorad\Debug\Obj\filter.o
#        F:\work\YarnControl_Driver\src\DriveBorad\Debug\Obj\heap_4.o
#        F:\work\YarnControl_Driver\src\DriveBorad\Debug\Obj\hx711.o
#        F:\work\YarnControl_Driver\src\DriveBorad\Debug\Obj\list.o
#        F:\work\YarnControl_Driver\src\DriveBorad\Debug\Obj\main.o
#        F:\work\YarnControl_Driver\src\DriveBorad\Debug\Obj\mcheck.o
#        F:\work\YarnControl_Driver\src\DriveBorad\Debug\Obj\memory.o
#        F:\work\YarnControl_Driver\src\DriveBorad\Debug\Obj\misc.o
#        F:\work\YarnControl_Driver\src\DriveBorad\Debug\Obj\modbus.o
#        F:\work\YarnControl_Driver\src\DriveBorad\Debug\Obj\motor.o
#        F:\work\YarnControl_Driver\src\DriveBorad\Debug\Obj\para.o
#        F:\work\YarnControl_Driver\src\DriveBorad\Debug\Obj\port.o
#        F:\work\YarnControl_Driver\src\DriveBorad\Debug\Obj\portasm.o
#        F:\work\YarnControl_Driver\src\DriveBorad\Debug\Obj\protocol.o
#        F:\work\YarnControl_Driver\src\DriveBorad\Debug\Obj\queue.o
#        F:\work\YarnControl_Driver\src\DriveBorad\Debug\Obj\startup_stm32f10x_md.o
#        F:\work\YarnControl_Driver\src\DriveBorad\Debug\Obj\stm32f10x_adc.o
#        F:\work\YarnControl_Driver\src\DriveBorad\Debug\Obj\stm32f10x_bkp.o
#        F:\work\YarnControl_Driver\src\DriveBorad\Debug\Obj\stm32f10x_can.o
#        F:\work\YarnControl_Driver\src\DriveBorad\Debug\Obj\stm32f10x_cec.o
#        F:\work\YarnControl_Driver\src\DriveBorad\Debug\Obj\stm32f10x_crc.o
#        F:\work\YarnControl_Driver\src\DriveBorad\Debug\Obj\stm32f10x_dac.o
#        F:\work\YarnControl_Driver\src\DriveBorad\Debug\Obj\stm32f10x_dbgmcu.o
#        F:\work\YarnControl_Driver\src\DriveBorad\Debug\Obj\stm32f10x_dma.o
#        F:\work\YarnControl_Driver\src\DriveBorad\Debug\Obj\stm32f10x_exti.o
#        F:\work\YarnControl_Driver\src\DriveBorad\Debug\Obj\stm32f10x_flash.o
#        F:\work\YarnControl_Driver\src\DriveBorad\Debug\Obj\stm32f10x_fsmc.o
#        F:\work\YarnControl_Driver\src\DriveBorad\Debug\Obj\stm32f10x_gpio.o
#        F:\work\YarnControl_Driver\src\DriveBorad\Debug\Obj\stm32f10x_i2c.o
#        F:\work\YarnControl_Driver\src\DriveBorad\Debug\Obj\stm32f10x_it.o
#        F:\work\YarnControl_Driver\src\DriveBorad\Debug\Obj\stm32f10x_iwdg.o
#        F:\work\YarnControl_Driver\src\DriveBorad\Debug\Obj\stm32f10x_pwr.o
#        F:\work\YarnControl_Driver\src\DriveBorad\Debug\Obj\stm32f10x_rcc.o
#        F:\work\YarnControl_Driver\src\DriveBorad\Debug\Obj\stm32f10x_rtc.o
#        F:\work\YarnControl_Driver\src\DriveBorad\Debug\Obj\stm32f10x_sdio.o
#        F:\work\YarnControl_Driver\src\DriveBorad\Debug\Obj\stm32f10x_spi.o
#        F:\work\YarnControl_Driver\src\DriveBorad\Debug\Obj\stm32f10x_tim.o
#        F:\work\YarnControl_Driver\src\DriveBorad\Debug\Obj\stm32f10x_usart.o
#        F:\work\YarnControl_Driver\src\DriveBorad\Debug\Obj\stm32f10x_wwdg.o
#        F:\work\YarnControl_Driver\src\DriveBorad\Debug\Obj\switch.o
#        F:\work\YarnControl_Driver\src\DriveBorad\Debug\Obj\system_stm32f10x.o
#        F:\work\YarnControl_Driver\src\DriveBorad\Debug\Obj\tasks.o
#        F:\work\YarnControl_Driver\src\DriveBorad\Debug\Obj\timers.o -o
#        F:\work\YarnControl_Driver\src\DriveBorad\Debug\Exe\stm32F10x.out
#        --map
#        F:\work\YarnControl_Driver\src\DriveBorad\Debug\List\stm32F10x.map
#        --config "C:\Program Files (x86)\IAR Systems\Embedded Workbench
#        7.2\arm\config\linker\ST\stm32f103x8.icf" --semihosting --entry
#        __iar_program_start --vfe
#
###############################################################################

*******************************************************************************
*** RUNTIME MODEL ATTRIBUTES
***

CppFlavor       = *
__SystemLibrary = DLib


*******************************************************************************
*** PLACEMENT SUMMARY
***

"A1":  place at 0x08000000 { ro section .intvec };
"P1":  place in [from 0x08000000 to 0x0800ffff] { ro };
"P2":  place in [from 0x20000000 to 0x20004fff] { rw, block CSTACK, block HEAP };

  Section             Kind        Address    Size  Object
  -------             ----        -------    ----  ------
"A1":                                        0xec
  .intvec             ro code  0x08000000    0xec  startup_stm32f10x_md.o [1]
                             - 0x080000ec    0xec

"P1":                                      0x6858
  .text               ro code  0x080000ec   0xbf2  xprintflarge_nomb.o [3]
  .text               ro code  0x08000ce0    0x16  strchr.o [5]
  .text               ro code  0x08000cf8    0x36  strlen.o [5]
  .text               ro code  0x08000d30    0x58  memchr.o [5]
  .text               ro code  0x08000d88    0xee  I64DivMod.o [5]
  .text               ro code  0x08000e78    0x76  ABImemcpy_unaligned.o [5]
  .text               ro code  0x08000eee    0x42  xdnorm.o [4]
  .text               ro code  0x08000f30    0x2e  DblCmpLe.o [4]
  .text               ro code  0x08000f60   0x1a2  DblMul.o [4]
  .text               ro code  0x08001104   0x256  DblDiv.o [4]
  .text               ro code  0x0800135c    0x2c  DblToI32.o [4]
  .text               ro code  0x08001388    0x1c  I32ToDbl.o [4]
  .text               ro code  0x080013a4   0x180  DblSub.o [4]
  .text               ro code  0x08001524    0x6c  localeconv.o [3]
  .text               ro code  0x08001590     0xe  div.o [3]
  .text               ro code  0x080015a0     0x2  I64DivZer.o [5]
  .text               ro code  0x080015a4    0xe8  DblAdd.o [4]
  .text               ro code  0x0800168c     0x2  xtls.o [3]
  .text               ro code  0x08001690   0x9a4  apptask.o [1]
  .text               ro code  0x08002034   0x2a2  bsp_key.o [1]
  .text               ro code  0x080022d8   0x1ec  stm32f10x_gpio.o [1]
  .text               ro code  0x080024c4    0x24  printf.o [3]
  .text               ro code  0x080024e8   0x84c  tasks.o [1]
  .text               ro code  0x08002d34   0x358  bsp_config.o [1]
  .text               ro code  0x0800308c   0x60a  queue.o [1]
  .text               ro code  0x08003698   0x348  modbus.o [1]
  .text               ro code  0x080039e0   0x99c  filter.o [1]
  .text               ro code  0x0800437c    0xfa  adc.o [1]
  .text               ro code  0x08004478    0x1e  I32ToFlt.o [4]
  .text               ro code  0x08004498    0xfc  FltDiv.o [4]
  .text               ro code  0x08004594    0x4e  FltToDbl.o [4]
  .text               ro code  0x080045e4    0x90  DblToFlt.o [4]
  .text               ro code  0x08004674    0x24  FltCmpGe.o [4]
  .text               ro code  0x08004698   0x170  motor.o [1]
  .text               ro code  0x08004808     0x8  abs.o [3]
  .text               ro code  0x08004810   0x41c  timers.o [1]
  .text               ro code  0x08004c2c   0x18c  stm32f10x_rcc.o [1]
  .text               ro code  0x08004db8   0x208  heap_4.o [1]
  .text               ro code  0x08004fc0    0x9e  list.o [1]
  .text               ro code  0x08005060    0xe0  port.o [1]
  .text               ro code  0x08005140   0x23c  stm32f10x_usart.o [1]
  .text               ro code  0x0800537c   0x1b8  stm32f10x_dma.o [1]
  .text               ro code  0x08005534    0xc0  misc.o [1]
  .text               ro code  0x080055f4    0x38  stm32f10x_iwdg.o [1]
  .text               ro code  0x0800562c    0x30  delay.o [1]
  .text               ro code  0x0800565c   0x11c  hx711.o [1]
  .text               ro code  0x08005778   0x1e4  switch.o [1]
  .text               ro code  0x0800595c    0x64  para.o [1]
  .text               ro code  0x080059c0    0x2e  mcheck.o [1]
  .text               ro code  0x080059ee    0x5e  memory.o [1]
  .text               ro code  0x08005a4c    0x2e  DblCmpGe.o [4]
  .text               ro code  0x08005a7c   0x24a  stm32f10x_adc.o [1]
  .text               ro code  0x08005cc8   0x1d8  stm32f10x_tim.o [1]
  CODE                ro code  0x08005ea0    0x88  portasm.o [1]
  .text               ro code  0x08005f28   0x14e  stm32f10x_flash.o [1]
  .text               ro code  0x08006078   0x1e8  stm32f10x_it.o [1]
  .text               ro code  0x08006260    0x84  protocol.o [1]
  .text               ro code  0x080062e4    0x10  protocol.o [1]
  .text               ro code  0x080062f4    0x2c  strstr.o [3]
  .text               ro code  0x08006320   0x158  system_stm32f10x.o [1]
  .text               ro code  0x08006478    0x40  zero_init3.o [5]
  .text               ro code  0x080064b8    0x2c  main.o [1]
  .text               ro code  0x080064e4    0x2c  copy_init3.o [5]
  .text               ro code  0x08006510    0x28  data_init.o [5]
  .iar.init_table     const    0x08006538    0x24  - Linker created -
  .rodata             const    0x0800655c    0x1c  apptask.o [1]
  .text               ro code  0x08006578    0x1a  cmain.o [5]
  .text               ro code  0x08006592     0x4  low_level_init.o [3]
  .text               ro code  0x08006596     0x4  exit.o [3]
  .text               ro code  0x0800659c     0xa  cexit.o [5]
  .text               ro code  0x080065a8    0x14  exit.o [6]
  .rodata             const    0x080065bc    0x18  protocol.o [1]
  .rodata             const    0x080065d4    0x18  protocol.o [1]
  .text               ro code  0x080065ec    0x16  xprout.o [3]
  .text               ro code  0x08006604     0xc  putchar.o [3]
  .rodata             const    0x08006610    0x14  apptask.o [1]
  .rodata             const    0x08006624    0x14  apptask.o [1]
  .rodata             const    0x08006638    0x14  modbus.o [1]
  .rodata             const    0x0800664c    0x14  modbus.o [1]
  .rodata             const    0x08006660    0x14  protocol.o [1]
  .rodata             const    0x08006674    0x14  protocol.o [1]
  .rodata             const    0x08006688    0x14  protocol.o [1]
  .rodata             const    0x0800669c    0x14  stm32f10x_it.o [1]
  .rodata             const    0x080066b0    0x10  apptask.o [1]
  .rodata             const    0x080066c0    0x10  apptask.o [1]
  .rodata             const    0x080066d0    0x10  apptask.o [1]
  .rodata             const    0x080066e0    0x10  main.o [1]
  .rodata             const    0x080066f0    0x10  modbus.o [1]
  .rodata             const    0x08006700    0x10  protocol.o [1]
  .text               ro code  0x08006710    0x10  startup_stm32f10x_md.o [1]
  .rodata             const    0x08006720     0xc  apptask.o [1]
  .rodata             const    0x0800672c     0xc  apptask.o [1]
  .rodata             const    0x08006738     0xc  apptask.o [1]
  .text               ro code  0x08006744     0xc  cstartup_M.o [5]
  .rodata             const    0x08006750     0x8  apptask.o [1]
  .rodata             const    0x08006758     0x8  tasks.o [1]
  .rodata             const    0x08006760     0x8  timers.o [1]
  .rodata             const    0x08006768     0x4  heap_4.o [1]
  .text               ro code  0x0800676c     0x4  startup_stm32f10x_md.o [1]
  .text               ro code  0x08006770     0x4  startup_stm32f10x_md.o [1]
  .text               ro code  0x08006774     0x4  startup_stm32f10x_md.o [1]
  .text               ro code  0x08006778     0x4  startup_stm32f10x_md.o [1]
  .text               ro code  0x0800677c     0x4  startup_stm32f10x_md.o [1]
  .text               ro code  0x08006780     0x4  startup_stm32f10x_md.o [1]
  .text               ro code  0x08006784     0x4  startup_stm32f10x_md.o [1]
  .text               ro code  0x08006788     0x4  startup_stm32f10x_md.o [1]
  .text               ro code  0x0800678c     0x4  startup_stm32f10x_md.o [1]
  .text               ro code  0x08006790     0x4  startup_stm32f10x_md.o [1]
  .text               ro code  0x08006794     0x4  startup_stm32f10x_md.o [1]
  .text               ro code  0x08006798     0x4  startup_stm32f10x_md.o [1]
  .text               ro code  0x0800679c     0x4  startup_stm32f10x_md.o [1]
  .text               ro code  0x080067a0     0x4  startup_stm32f10x_md.o [1]
  .text               ro code  0x080067a4     0x4  startup_stm32f10x_md.o [1]
  .text               ro code  0x080067a8     0x4  startup_stm32f10x_md.o [1]
  .text               ro code  0x080067ac     0x4  startup_stm32f10x_md.o [1]
  .text               ro code  0x080067b0     0x4  startup_stm32f10x_md.o [1]
  .text               ro code  0x080067b4     0x4  startup_stm32f10x_md.o [1]
  .text               ro code  0x080067b8     0x4  startup_stm32f10x_md.o [1]
  .text               ro code  0x080067bc     0x4  startup_stm32f10x_md.o [1]
  .text               ro code  0x080067c0     0x4  startup_stm32f10x_md.o [1]
  .text               ro code  0x080067c4     0x4  startup_stm32f10x_md.o [1]
  .text               ro code  0x080067c8     0x4  startup_stm32f10x_md.o [1]
  .text               ro code  0x080067cc     0x4  startup_stm32f10x_md.o [1]
  .text               ro code  0x080067d0     0x4  startup_stm32f10x_md.o [1]
  .text               ro code  0x080067d4     0x4  startup_stm32f10x_md.o [1]
  .text               ro code  0x080067d8     0x4  startup_stm32f10x_md.o [1]
  .text               ro code  0x080067dc     0x4  startup_stm32f10x_md.o [1]
  .text               ro code  0x080067e0     0x4  startup_stm32f10x_md.o [1]
  .text               ro code  0x080067e4     0x4  startup_stm32f10x_md.o [1]
  .text               ro code  0x080067e8     0x4  startup_stm32f10x_md.o [1]
  .text               ro code  0x080067ec     0x4  startup_stm32f10x_md.o [1]
  .text               ro code  0x080067f0     0x4  startup_stm32f10x_md.o [1]
  .text               ro code  0x080067f4     0x4  startup_stm32f10x_md.o [1]
  .text               ro code  0x080067f8     0x4  startup_stm32f10x_md.o [1]
  .text               ro code  0x080067fc     0x4  startup_stm32f10x_md.o [1]
  .text               ro code  0x08006800     0x4  startup_stm32f10x_md.o [1]
  .text               ro code  0x08006804     0x4  startup_stm32f10x_md.o [1]
  .text               ro code  0x08006808     0x4  startup_stm32f10x_md.o [1]
  .text               ro code  0x0800680c     0x4  startup_stm32f10x_md.o [1]
  .text               ro code  0x08006810     0x4  startup_stm32f10x_md.o [1]
  .text               ro code  0x08006814     0x4  startup_stm32f10x_md.o [1]
  .text               ro code  0x08006818     0x4  startup_stm32f10x_md.o [1]
  .text               ro code  0x0800681c     0x4  startup_stm32f10x_md.o [1]
  .text               ro code  0x08006820     0x4  startup_stm32f10x_md.o [1]
  .text               ro code  0x08006824     0x4  startup_stm32f10x_md.o [1]
  .text               ro code  0x08006828     0x4  startup_stm32f10x_md.o [1]
  .text               ro code  0x0800682c     0x4  startup_stm32f10x_md.o [1]
  .text               ro code  0x08006830     0x4  startup_stm32f10x_md.o [1]
  .text               ro code  0x08006834     0x4  startup_stm32f10x_md.o [1]
  .text               ro code  0x08006838     0x4  startup_stm32f10x_md.o [1]
  .rodata             const    0x0800683c     0x0  zero_init3.o [5]
  .rodata             const    0x0800683c     0x0  copy_init3.o [5]
  Initializer bytes   const    0x0800683c   0x108  <for P2 s0>
                             - 0x08006944  0x6858

"P2":                                      0x3c20
  P2 s0                        0x20000000   0x108  <Init block>
    __DLIB_PERTHREAD  inited   0x20000000    0x88  localeconv.o [3]
    .data             inited   0x20000088    0x40  xfiles.o [3]
    .data             inited   0x200000c8    0x10  stm32f10x_rcc.o [1]
    .data             inited   0x200000d8     0x4  filter.o [1]
    .data             inited   0x200000dc     0x4  filter.o [1]
    .data             inited   0x200000e0     0x4  filter.o [1]
    .data             inited   0x200000e4     0x4  filter.o [1]
    .data             inited   0x200000e8     0x4  filter.o [1]
    .data             inited   0x200000ec     0x4  filter.o [1]
    .data             inited   0x200000f0     0x4  filter.o [1]
    .data             inited   0x200000f4     0x4  filter.o [1]
    .data             inited   0x200000f8     0x4  filter.o [1]
    .data             inited   0x200000fc     0x4  filter.o [1]
    .data             inited   0x20000100     0x4  port.o [1]
    .data             inited   0x20000104     0x4  stm32f10x_rcc.o [1]
  .bss                zero     0x20000108  0x3000  heap_4.o [1]
  .bss                zero     0x20003108    0x78  tasks.o [1]
  .bss                zero     0x20003180    0x50  xfiles.o [3]
  .bss                zero     0x200031d0    0x34  bsp_config.o [1]
  .bss                zero     0x20003204    0x34  bsp_config.o [1]
  .bss                zero     0x20003238    0x30  bsp_key.o [1]
  .bss                zero     0x20003268    0x30  hx711.o [1]
  .bss                zero     0x20003298    0x14  para.o [1]
  .bss                zero     0x200032ac    0x14  tasks.o [1]
  .bss                zero     0x200032c0    0x14  tasks.o [1]
  .bss                zero     0x200032d4    0x14  tasks.o [1]
  .bss                zero     0x200032e8    0x14  tasks.o [1]
  .bss                zero     0x200032fc    0x14  tasks.o [1]
  .bss                zero     0x20003310    0x14  timers.o [1]
  .bss                zero     0x20003324    0x14  timers.o [1]
  .bss                zero     0x20003338    0x10  bsp_key.o [1]
  .bss                zero     0x20003348    0x10  modbus.o [1]
  .bss                zero     0x20003358     0x8  filter.o [1]
  .bss                zero     0x20003360     0x8  heap_4.o [1]
  .bss                zero     0x20003368     0x4  adc.o [1]
  .bss                zero     0x2000336c     0x4  apptask.o [1]
  .bss                zero     0x20003370     0x4  apptask.o [1]
  .bss                zero     0x20003374     0x4  apptask.o [1]
  .bss                zero     0x20003378     0x4  apptask.o [1]
  .bss                zero     0x2000337c     0x4  apptask.o [1]
  .bss                zero     0x20003380     0x4  apptask.o [1]
  .bss                zero     0x20003384     0x4  bsp_timer.o [1]
  .bss                zero     0x20003388     0x4  bsp_timer.o [1]
  .bss                zero     0x2000338c     0x4  bsp_timer.o [1]
  .bss                zero     0x20003390     0x4  bsp_timer.o [1]
  .bss                zero     0x20003394     0x4  filter.o [1]
  .bss                zero     0x20003398     0x4  heap_4.o [1]
  .bss                zero     0x2000339c     0x4  heap_4.o [1]
  .bss                zero     0x200033a0     0x4  heap_4.o [1]
  .bss                zero     0x200033a4     0x4  heap_4.o [1]
  .bss                zero     0x200033a8     0x4  hx711.o [1]
  .bss                zero     0x200033ac     0x4  tasks.o [1]
  .bss                zero     0x200033b0     0x4  tasks.o [1]
  .bss                zero     0x200033b4     0x4  tasks.o [1]
  .bss                zero     0x200033b8     0x4  tasks.o [1]
  .bss                zero     0x200033bc     0x4  tasks.o [1]
  .bss                zero     0x200033c0     0x4  tasks.o [1]
  .bss                zero     0x200033c4     0x4  tasks.o [1]
  .bss                zero     0x200033c8     0x4  tasks.o [1]
  .bss                zero     0x200033cc     0x4  tasks.o [1]
  .bss                zero     0x200033d0     0x4  tasks.o [1]
  .bss                zero     0x200033d4     0x4  tasks.o [1]
  .bss                zero     0x200033d8     0x4  tasks.o [1]
  .bss                zero     0x200033dc     0x4  tasks.o [1]
  .bss                zero     0x200033e0     0x4  tasks.o [1]
  .bss                zero     0x200033e4     0x4  tasks.o [1]
  .bss                zero     0x200033e8     0x4  timers.o [1]
  .bss                zero     0x200033ec     0x4  timers.o [1]
  .bss                zero     0x200033f0     0x4  timers.o [1]
  .bss                zero     0x200033f4     0x4  timers.o [1]
  .bss                zero     0x200033f8     0x4  timers.o [1]
  .bss                zero     0x200033fc     0x2  apptask.o [1]
  .bss                zero     0x200033fe     0x2  apptask.o [1]
  .bss                zero     0x20003400     0x2  apptask.o [1]
  .bss                zero     0x20003402     0x2  apptask.o [1]
  .bss                zero     0x20003404     0x2  bsp_config.o [1]
  .bss                zero     0x20003406     0x2  delay.o [1]
  .bss                zero     0x20003408     0x1  apptask.o [1]
  .bss                zero     0x20003409     0x1  apptask.o [1]
  .bss                zero     0x2000340a     0x1  apptask.o [1]
  .bss                zero     0x2000340b     0x1  apptask.o [1]
  .bss                zero     0x2000340c     0x1  apptask.o [1]
  .bss                zero     0x2000340d     0x1  apptask.o [1]
  .bss                zero     0x2000340e     0x1  apptask.o [1]
  .bss                zero     0x2000340f     0x1  apptask.o [1]
  .bss                zero     0x20003410     0x1  apptask.o [1]
  .bss                zero     0x20003411     0x1  apptask.o [1]
  .bss                zero     0x20003412     0x1  apptask.o [1]
  .bss                zero     0x20003413     0x1  apptask.o [1]
  .bss                zero     0x20003414     0x1  apptask.o [1]
  .bss                zero     0x20003415     0x1  apptask.o [1]
  .bss                zero     0x20003416     0x1  apptask.o [1]
  .bss                zero     0x20003417     0x1  apptask.o [1]
  .bss                zero     0x20003418     0x1  delay.o [1]
  .bss                zero     0x20003419     0x1  motor.o [1]
  .bss                zero     0x2000341a     0x1  switch.o [1]
  CSTACK                       0x20003420   0x800  <Block>
    CSTACK            uninit   0x20003420   0x800  <Block tail>
                             - 0x20003c20  0x3c20


*******************************************************************************
*** INIT TABLE
***

          Address     Size
          -------     ----
Zero (__iar_zero_init3)
    1 destination range, total size 0x3313:
          0x20000108  0x3313

Copy (__iar_copy_init3)
    1 source range, total size 0x108:
          0x0800683c   0x108
    1 destination range, total size 0x108:
          0x20000000   0x108



*******************************************************************************
*** MODULE SUMMARY
***

    Module                  ro code  ro data  rw data
    ------                  -------  -------  -------
F:\work\YarnControl_Driver\src\DriveBorad\Debug\Obj: [1]
    adc.o                       250                 4
    apptask.o                 2 468      160       48
    bsp_config.o                856               106
    bsp_key.o                   674                64
    bsp_timer.o                                    16
    delay.o                      48                 3
    filter.o                  2 460       40       52
    heap_4.o                    520        4   12 312
    hx711.o                     284                52
    list.o                      158
    main.o                       44       16
    mcheck.o                     46
    memory.o                     94
    misc.o                      192
    modbus.o                    840       56       16
    motor.o                     368                 1
    para.o                      100                20
    port.o                      224        4        4
    portasm.o                   136
    protocol.o                  148      124
    queue.o                   1 546
    startup_stm32f10x_md.o      460
    stm32f10x_adc.o             586
    stm32f10x_dma.o             440
    stm32f10x_flash.o           334
    stm32f10x_gpio.o            492
    stm32f10x_it.o              488       20
    stm32f10x_iwdg.o             56
    stm32f10x_rcc.o             396       20       20
    stm32f10x_tim.o             472
    stm32f10x_usart.o           572
    switch.o                    484                 1
    system_stm32f10x.o          344
    tasks.o                   2 124        8      280
    timers.o                  1 052        8       60
    -------------------------------------------------
    Total:                   19 756      460   13 059

command line: [2]
    -------------------------------------------------
    Total:

dl7M_tlf.a: [3]
    abs.o                         8
    div.o                        14
    exit.o                        4
    localeconv.o                108      136      136
    low_level_init.o              4
    printf.o                     36
    putchar.o                    12
    strstr.o                     44
    xfiles.o                              64      144
    xprintflarge_nomb.o       3 058
    xprout.o                     22
    xtls.o                        2
    -------------------------------------------------
    Total:                    3 312      200      280

m7M_tl.a: [4]
    DblAdd.o                    232
    DblCmpGe.o                   46
    DblCmpLe.o                   46
    DblDiv.o                    598
    DblMul.o                    418
    DblSub.o                    384
    DblToFlt.o                  144
    DblToI32.o                   44
    FltCmpGe.o                   36
    FltDiv.o                    252
    FltToDbl.o                   78
    I32ToDbl.o                   28
    I32ToFlt.o                   30
    xdnorm.o                     66
    -------------------------------------------------
    Total:                    2 402

rt7M_tl.a: [5]
    ABImemcpy_unaligned.o       118
    I64DivMod.o                 238
    I64DivZer.o                   2
    cexit.o                      10
    cmain.o                      26
    copy_init3.o                 44
    cstartup_M.o                 12
    data_init.o                  40
    memchr.o                     88
    strchr.o                     22
    strlen.o                     54
    zero_init3.o                 64
    -------------------------------------------------
    Total:                      718

shb_l.a: [6]
    exit.o                       20
    -------------------------------------------------
    Total:                       20

    Gaps                         44
    Linker created                        36    2 048
-----------------------------------------------------
    Grand Total:             26 252      696   15 387


*******************************************************************************
*** ENTRY LIST
***

Entry                      Address    Size  Type      Object
-----                      -------    ----  ----      ------
.iar.init_table$$Base   0x08006538           --   Gb  - Linker created -
.iar.init_table$$Limit  0x0800655c           --   Gb  - Linker created -
?main                   0x08006579          Code  Gb  cmain.o [5]
AD10                    0x200000e0     0x4  Data  Gb  filter.o [1]
AD100                   0x200000f4     0x4  Data  Gb  filter.o [1]
AD150                   0x200000f8     0x4  Data  Gb  filter.o [1]
AD20                    0x200000e4     0x4  Data  Gb  filter.o [1]
AD200                   0x200000fc     0x4  Data  Gb  filter.o [1]
AD30                    0x200000e8     0x4  Data  Gb  filter.o [1]
AD40                    0x200000ec     0x4  Data  Gb  filter.o [1]
AD5                     0x200000dc     0x4  Data  Gb  filter.o [1]
AD50                    0x200000f0     0x4  Data  Gb  filter.o [1]
ADCPrescTable           0x20000104     0x4  Data  Lc  stm32f10x_rcc.o [1]
ADC_Cmd                 0x08005b2b    0x1a  Code  Gb  stm32f10x_adc.o [1]
ADC_DeInit              0x08005a7d    0x5e  Code  Gb  stm32f10x_adc.o [1]
ADC_GetCalibrationStatus
                        0x08005b71    0x18  Code  Gb  stm32f10x_adc.o [1]
ADC_GetConversionValue  0x08005c91     0x6  Code  Gb  stm32f10x_adc.o [1]
ADC_GetFlagStatus       0x08005cad    0x1a  Code  Gb  stm32f10x_adc.o [1]
ADC_GetResetCalibrationStatus
                        0x08005b4f    0x18  Code  Gb  stm32f10x_adc.o [1]
ADC_Init                0x08005adb    0x50  Code  Gb  stm32f10x_adc.o [1]
ADC_RegularChannelConfig
                        0x08005ba3    0xee  Code  Gb  stm32f10x_adc.o [1]
ADC_ResetCalibration    0x08005b45     0xa  Code  Gb  stm32f10x_adc.o [1]
ADC_SoftwareStartConvCmd
                        0x08005b89    0x1a  Code  Gb  stm32f10x_adc.o [1]
ADC_StartCalibration    0x08005b67     0xa  Code  Gb  stm32f10x_adc.o [1]
APBAHBPrescTable        0x200000c8    0x10  Data  Lc  stm32f10x_rcc.o [1]
Adc_Init                0x0800437d    0x96  Code  Gb  adc.o [1]
AppObjCreate            0x08001f07    0x56  Code  Gb  apptask.o [1]
AppTaskCreate           0x08001d6f    0x5a  Code  Gb  apptask.o [1]
Average_filter          0x08004449    0x2e  Code  Gb  adc.o [1]
CSTACK$$Base            0x20003420           --   Gb  - Linker created -
CSTACK$$Limit           0x20003c20           --   Gb  - Linker created -
DMA_ClearFlag           0x080054ed    0x10  Code  Gb  stm32f10x_dma.o [1]
DMA_Cmd                 0x080054c5    0x1c  Code  Gb  stm32f10x_dma.o [1]
DMA_Config              0x08002eeb    0x5c  Code  Gb  bsp_config.o [1]
DMA_DeInit              0x0800537d   0x10a  Code  Gb  stm32f10x_dma.o [1]
DMA_GetCurrDataCounter  0x080054e7     0x6  Code  Gb  stm32f10x_dma.o [1]
DMA_Init                0x08005487    0x3e  Code  Gb  stm32f10x_dma.o [1]
DMA_SetCurrDataCounter  0x080054e1     0x6  Code  Gb  stm32f10x_dma.o [1]
Device_Process          0x20003415     0x1  Data  Gb  apptask.o [1]
FLASH_ErasePage         0x08005f51    0x5e  Code  Gb  stm32f10x_flash.o [1]
FLASH_GetBank1Status    0x08005ffb    0x34  Code  Gb  stm32f10x_flash.o [1]
FLASH_Lock              0x08005f3f    0x12  Code  Gb  stm32f10x_flash.o [1]
FLASH_ProgramHalfWord   0x08005faf    0x4c  Code  Gb  stm32f10x_flash.o [1]
FLASH_Unlock            0x08005f29    0x16  Code  Gb  stm32f10x_flash.o [1]
FLASH_WaitForLastOperation
                        0x08006049    0x2e  Code  Gb  stm32f10x_flash.o [1]
GPIO_Init               0x080022d9   0x136  Code  Gb  stm32f10x_gpio.o [1]
GPIO_PinRemapConfig     0x08002435    0x88  Code  Gb  stm32f10x_gpio.o [1]
GPIO_ReadInputDataBit   0x0800240f    0x1a  Code  Gb  stm32f10x_gpio.o [1]
GPIO_ResetBits          0x0800242f     0x6  Code  Gb  stm32f10x_gpio.o [1]
GPIO_SetBits            0x08002429     0x6  Code  Gb  stm32f10x_gpio.o [1]
GPIO_ToggleBits         0x08002fdf     0xa  Code  Gb  bsp_config.o [1]
Get_Adc                 0x08004413    0x2e  Code  Gb  adc.o [1]
HardFault_Handler       0x0800607b     0xa  Code  Gb  stm32f10x_it.o [1]
IWDG_Enable             0x08005617     0xa  Code  Gb  stm32f10x_iwdg.o [1]
IWDG_Feed               0x08003009     0x8  Code  Gb  bsp_config.o [1]
IWDG_ReloadCounter      0x0800560d     0xa  Code  Gb  stm32f10x_iwdg.o [1]
IWDG_SetPrescaler       0x080055fd     0x8  Code  Gb  stm32f10x_iwdg.o [1]
IWDG_SetReload          0x08005605     0x8  Code  Gb  stm32f10x_iwdg.o [1]
IWDG_WriteAccessCmd     0x080055f5     0x8  Code  Gb  stm32f10x_iwdg.o [1]
InitMass                0x080039e1     0x8  Code  Gb  filter.o [1]
InterruptConfig         0x08002f6f    0x70  Code  Gb  bsp_config.o [1]
IsKeyDown1              0x08002101    0x18  Code  Gb  bsp_key.o [1]
IsKeyDown2              0x08002119    0x18  Code  Gb  bsp_key.o [1]
IsKeyDown3              0x08002131    0x16  Code  Gb  bsp_key.o [1]
KEY_Config              0x0800209b    0x66  Code  Gb  bsp_key.o [1]
LED_init                0x08002f47    0x28  Code  Gb  bsp_config.o [1]
LoadInt                 0x0800066d    0x6e  Code  Lc  xprintflarge_nomb.o [3]
NMI_Handler             0x08006079     0x2  Code  Gb  stm32f10x_it.o [1]
NULLMASS                0x20003358     0x8  Data  Gb  filter.o [1]
NULL_IDLE               0x200000d8     0x4  Data  Gb  filter.o [1]
NVIC_Init               0x0800553f    0x68  Code  Gb  misc.o [1]
NVIC_PriorityGroupConfig
                        0x08005535     0xa  Code  Gb  misc.o [1]
NVIC_SetVectorTable     0x080055a7     0xc  Code  Gb  misc.o [1]
NVIC_SystemReset        0x08001691    0x22  Code  Lc  apptask.o [1]
PendSV_Handler          0x08005ea1          Code  Gb  portasm.o [1]
Printf_Init             0x08002d9b    0x94  Code  Gb  bsp_config.o [1]
RCC_ADCCLKConfig        0x08004c2d    0x14  Code  Gb  stm32f10x_rcc.o [1]
RCC_AHBPeriphClockCmd   0x08004d1d    0x1e  Code  Gb  stm32f10x_rcc.o [1]
RCC_APB1PeriphClockCmd  0x08004d59    0x1e  Code  Gb  stm32f10x_rcc.o [1]
RCC_APB2PeriphClockCmd  0x08004d3b    0x1e  Code  Gb  stm32f10x_rcc.o [1]
RCC_APB2PeriphResetCmd  0x08004d77    0x1e  Code  Gb  stm32f10x_rcc.o [1]
RCC_GetClocksFreq       0x08004c41    0xdc  Code  Gb  stm32f10x_rcc.o [1]
RS485_Init              0x08002e2f    0xbc  Code  Gb  bsp_config.o [1]
RS485_TO_PC             0x08002d5b    0x40  Code  Gb  bsp_config.o [1]
Read_HX711_Count        0x0800569f    0x84  Code  Gb  hx711.o [1]
Read_flash              0x08005a35    0x18  Code  Gb  memory.o [1]
Region$$Table$$Base     0x08006538           --   Gb  - Linker created -
Region$$Table$$Limit    0x0800655c           --   Gb  - Linker created -
SVC_Handler             0x08005ee7          Code  Gb  portasm.o [1]
SetNull                 0x080039e9   0x494  Code  Gb  filter.o [1]
SetSysClock             0x08006375     0x8  Code  Lc  system_stm32f10x.o [1]
SetSysClockTo72         0x0800637d    0xe0  Code  Lc  system_stm32f10x.o [1]
SysTick_CLKSourceConfig
                        0x080055b3    0x20  Code  Gb  misc.o [1]
SysTick_Handler         0x080050f1    0x28  Code  Gb  port.o [1]
SystemInit              0x08006321    0x54  Code  Gb  system_stm32f10x.o [1]
TIM3_IRQHandler         0x08006183    0x94  Code  Gb  stm32f10x_it.o [1]
TIM3_PWM_Init           0x080046e9    0x7c  Code  Gb  motor.o [1]
TIM_ClearITPendingBit   0x08005e71     0x8  Code  Gb  stm32f10x_tim.o [1]
TIM_Cmd                 0x08005df7    0x1c  Code  Gb  stm32f10x_tim.o [1]
TIM_GetITStatus         0x08005e3f    0x32  Code  Gb  stm32f10x_tim.o [1]
TIM_ITConfig            0x08005e13    0x16  Code  Gb  stm32f10x_tim.o [1]
TIM_OC1Init             0x08005d5d    0x9a  Code  Gb  stm32f10x_tim.o [1]
TIM_OC1PreloadConfig    0x08005e29    0x12  Code  Gb  stm32f10x_tim.o [1]
TIM_SetCompare1         0x08005e3b     0x4  Code  Gb  stm32f10x_tim.o [1]
TIM_TimeBaseInit        0x08005cc9    0x94  Code  Gb  stm32f10x_tim.o [1]
UART1_RX_BUF            0x200031d0    0x34  Data  Gb  bsp_config.o [1]
UART2_RX_BUF            0x20003204    0x34  Data  Gb  bsp_config.o [1]
USART1_IRQHandler       0x08006085    0x5a  Code  Gb  stm32f10x_it.o [1]
USART2_IRQHandler       0x080060df    0xa4  Code  Gb  stm32f10x_it.o [1]
USART_ClearFlag         0x080052db     0xc  Code  Gb  stm32f10x_usart.o [1]
USART_ClearITPendingBit
                        0x08005357    0x26  Code  Gb  stm32f10x_usart.o [1]
USART_Cmd               0x08005225    0x1c  Code  Gb  stm32f10x_usart.o [1]
USART_DMACmd            0x08005297    0x16  Code  Gb  stm32f10x_usart.o [1]
USART_GetFlagStatus     0x080052bd    0x1e  Code  Gb  stm32f10x_usart.o [1]
USART_GetITStatus       0x080052e7    0x70  Code  Gb  stm32f10x_usart.o [1]
USART_ITConfig          0x08005241    0x56  Code  Gb  stm32f10x_usart.o [1]
USART_Init              0x08005141    0xde  Code  Gb  stm32f10x_usart.o [1]
USART_ReceiveData       0x080052b5     0x8  Code  Gb  stm32f10x_usart.o [1]
USART_SendData          0x080052ad     0x8  Code  Gb  stm32f10x_usart.o [1]
Uart1_rx_count          0x20003404     0x2  Data  Gb  bsp_config.o [1]
UserTimerCallback       0x08001dc9   0x13e  Code  Gb  apptask.o [1]
Write_flash             0x080059ef    0x46  Code  Gb  memory.o [1]
_GenldLargeNoMb         0x08000a61   0x236  Code  Lc  xprintflarge_nomb.o [3]
_LdtobLargeNoMb         0x080007e1   0x27a  Code  Lc  xprintflarge_nomb.o [3]
_LitobLargeNoMb         0x080006db   0x106  Code  Lc  xprintflarge_nomb.o [3]
_Locale_aeabi_lconv     0x20000050    0x38  Data  Gb  localeconv.o [3]
_Locale_lconv           0x20000000    0x50  Data  Gb  localeconv.o [3]
_PrintfLargeNoMb        0x080000ed   0x57a  Code  Gb  xprintflarge_nomb.o [3]
_Prout                  0x080065ed    0x16  Code  Gb  xprout.o [3]
_PutcharsLargeNoMb      0x08000c97    0x2e  Code  Lc  xprintflarge_nomb.o [3]
__aeabi_cdcmple         0x08000f31          Code  Gb  DblCmpLe.o [4]
__aeabi_cdrcmple        0x08005a4d          Code  Gb  DblCmpGe.o [4]
__aeabi_cfrcmple        0x08004675          Code  Gb  FltCmpGe.o [4]
__aeabi_d2f             0x080045e5          Code  Gb  DblToFlt.o [4]
__aeabi_d2uiz           0x0800135d          Code  Gb  DblToI32.o [4]
__aeabi_dadd            0x080015a5          Code  Gb  DblAdd.o [4]
__aeabi_ddiv            0x08001105          Code  Gb  DblDiv.o [4]
__aeabi_dmul            0x08000f61          Code  Gb  DblMul.o [4]
__aeabi_dsub            0x080013a5          Code  Gb  DblSub.o [4]
__aeabi_f2d             0x08004595          Code  Gb  FltToDbl.o [4]
__aeabi_fdiv            0x08004499          Code  Gb  FltDiv.o [4]
__aeabi_ldiv0           0x080015a1          Code  Gb  I64DivZer.o [5]
__aeabi_ui2d            0x08001389          Code  Gb  I32ToDbl.o [4]
__aeabi_ui2f            0x08004479          Code  Gb  I32ToFlt.o [4]
__aeabi_uldivmod        0x08000d89          Code  Gb  I64DivMod.o [5]
__cmain                 0x08006579          Code  Gb  cmain.o [5]
__exit                  0x080065a9    0x14  Code  Gb  exit.o [6]
__iar_Dnorm             0x08000eef    0x42  Code  Gb  xdnorm.o [4]
__iar_Locale_lconv_init
                        0x08001525    0x3a  Code  Gb  localeconv.o [3]
__iar_Memchr            0x08000d31          Code  Gb  memchr.o [5]
__iar_Stdout            0x20000088    0x40  Data  Gb  xfiles.o [3]
__iar_Strchr            0x08000ce1          Code  Gb  strchr.o [5]
__iar_Strstr            0x080062f5    0x2c  Code  Gb  strstr.o [3]
__iar_copy_init3        0x080064e5    0x2c  Code  Gb  copy_init3.o [5]
__iar_d2uiz             0x08001369          Code  Gb  DblToI32.o [4]
__iar_dadd              0x080015b9          Code  Gb  DblAdd.o [4]
__iar_data_init3        0x08006511    0x28  Code  Gb  data_init.o [5]
__iar_dlib_perthread_access
                        0x0800168d     0x2  Code  Gb  xtls.o [3]
__iar_dsub              0x080013b9          Code  Gb  DblSub.o [4]
__iar_dsubStart         0x080013cb          Code  Gb  DblSub.o [4]
__iar_program_start     0x08006745          Code  Gb  cstartup_M.o [5]
__iar_ui2d              0x0800138d          Code  Gb  I32ToDbl.o [4]
__iar_ui2f              0x0800447d          Code  Gb  I32ToFlt.o [4]
__iar_unaligned___aeabi_memcpy
                        0x08000e79          Code  Gb  ABImemcpy_unaligned.o [5]
__iar_unaligned___aeabi_memcpy4
                        0x08000e99          Code  Gb  ABImemcpy_unaligned.o [5]
__iar_unaligned___aeabi_memcpy8
                        0x08000e99          Code  Gb  ABImemcpy_unaligned.o [5]
__iar_zero_init3        0x08006479    0x40  Code  Gb  zero_init3.o [5]
__low_level_init        0x08006593     0x4  Code  Gb  low_level_init.o [3]
__vector_table          0x08000000          Data  Gb  startup_stm32f10x_md.o [1]
_call_main              0x08006585          Code  Gb  cmain.o [5]
_exit                   0x0800659d          Code  Gb  cexit.o [5]
_main                   0x0800658f          Code  Gb  cmain.o [5]
abs                     0x08004809     0x8  Code  Gb  abs.o [3]
bsp_DetectKey           0x080021bf    0xe0  Code  Gb  bsp_key.o [1]
bsp_GetKey              0x08002063    0x38  Code  Gb  bsp_key.o [1]
bsp_InitKey             0x08002035     0xc  Code  Gb  bsp_key.o [1]
bsp_InitKeyVar          0x08002147    0x78  Code  Gb  bsp_key.o [1]
bsp_KeyScan             0x080022bd    0x1a  Code  Gb  bsp_key.o [1]
bsp_PutKey              0x08002041    0x22  Code  Gb  bsp_key.o [1]
bsp_init                0x08003011    0x56  Code  Gb  bsp_config.o [1]
cut_down_flag           0x2000340d     0x1  Data  Gb  apptask.o [1]
cut_down_time           0x2000340e     0x1  Data  Gb  apptask.o [1]
delay_hx711             0x08005761    0x18  Code  Gb  hx711.o [1]
delay_init              0x0800562d    0x28  Code  Gb  delay.o [1]
device_addr             0x2000341a     0x1  Data  Gb  switch.o [1]
device_info             0x20003298    0x14  Data  Gb  para.o [1]
div                     0x08001591     0xe  Code  Gb  div.o [3]
exit                    0x08006597     0x4  Code  Gb  exit.o [3]
fac_ms                  0x20003406     0x2  Data  Lc  delay.o [1]
fac_us                  0x20003418     0x1  Data  Lc  delay.o [1]
fputc                   0x08002d35    0x26  Code  Gb  bsp_config.o [1]
get_mass                0x08003e7d   0x49e  Code  Gb  filter.o [1]
hx711_buf               0x20003268    0x30  Data  Gb  hx711.o [1]
hx711_buf_Init          0x08005723    0x32  Code  Gb  hx711.o [1]
hx711_init              0x0800565d    0x42  Code  Gb  hx711.o [1]
hx711_sum               0x200033a8     0x4  Data  Gb  hx711.o [1]
key1_running_time       0x20003410     0x1  Data  Gb  apptask.o [1]
key2_reset              0x20003411     0x1  Data  Gb  apptask.o [1]
key2_reset_time         0x200033fe     0x2  Data  Gb  apptask.o [1]
key3_press_flag         0x20003412     0x1  Data  Gb  apptask.o [1]
key_reset               0x2000340f     0x1  Data  Gb  apptask.o [1]
key_reset_time          0x200033fc     0x2  Data  Gb  apptask.o [1]
link_err                0x20003416     0x1  Data  Gb  apptask.o [1]
load_value              0x20003394     0x4  Data  Gb  filter.o [1]
localeconv              0x0800155f    0x16  Code  Gb  localeconv.o [3]
m_ctrl_dev              0x20003348    0x10  Data  Gb  modbus.o [1]
main                    0x080064b9    0x2c  Code  Gb  main.o [1]
mb_init                 0x080037af    0x16  Code  Gb  modbus.o [1]
mb_packsend_frame       0x0800373f    0x70  Code  Gb  modbus.o [1]
mb_unpack_frame         0x08003699    0xa6  Code  Gb  modbus.o [1]
mc_check_sum            0x080059c1    0x2e  Code  Gb  mcheck.o [1]
memchr                  0x08000d31          Code  Gb  memchr.o [5]
modbus_action           0x080037c5   0x1d8  Code  Gb  modbus.o [1]
motor_control           0x08004775    0x8c  Code  Gb  motor.o [1]
motor_dir               0x20003419     0x1  Data  Gb  motor.o [1]
motor_init              0x08004699    0x50  Code  Gb  motor.o [1]
motor_speed             0x08004765    0x10  Code  Gb  motor.o [1]
obuf                    0x20003180    0x50  Data  Lc  xfiles.o [3]
old_start_stop          0x20003409     0x1  Data  Gb  apptask.o [1]
overCurrent_flag        0x20003413     0x1  Data  Gb  apptask.o [1]
overCurrent_time        0x20003400     0x2  Data  Gb  apptask.o [1]
overWeight_flag         0x20003414     0x1  Data  Gb  apptask.o [1]
overWeight_time         0x20003402     0x2  Data  Gb  apptask.o [1]
printf                  0x080024c5    0x24  Code  Gb  printf.o [3]
prvAddCurrentTaskToDelayedList
                        0x08002c71    0x82  Code  Lc  tasks.o [1]
prvAddNewTaskToReadyList
                        0x08002613    0xb8  Code  Lc  tasks.o [1]
prvCheckForValidListAndQueue
                        0x08004bcf    0x3a  Code  Lc  timers.o [1]
prvCheckTasksWaitingTermination
                        0x08002b7b    0x58  Code  Lc  tasks.o [1]
prvCopyDataFromQueue    0x0800356b    0x30  Code  Lc  queue.o [1]
prvCopyDataToQueue      0x080034e5    0x86  Code  Lc  queue.o [1]
prvDeleteTCB            0x08002bdd    0x12  Code  Lc  tasks.o [1]
prvGetNextExpireTime    0x080049fb    0x2e  Code  Lc  timers.o [1]
prvHeapInit             0x08004ed3    0x6e  Code  Lc  heap_4.o [1]
prvIdleTask             0x08002b01    0x24  Code  Lc  tasks.o [1]
prvInitialiseNewQueue   0x08003151    0x32  Code  Lc  queue.o [1]
prvInitialiseNewTask    0x0800256d    0xa6  Code  Lc  tasks.o [1]
prvInitialiseNewTimer   0x0800487f    0x3e  Code  Lc  timers.o [1]
prvInitialiseTaskLists  0x08002b25    0x56  Code  Lc  tasks.o [1]
prvInsertBlockIntoFreeList
                        0x08004f41    0x62  Code  Lc  heap_4.o [1]
prvInsertTimerInActiveList
                        0x08004a51    0x50  Code  Lc  timers.o [1]
prvIsQueueEmpty         0x08003609    0x20  Code  Lc  queue.o [1]
prvIsQueueFull          0x08003629    0x22  Code  Lc  queue.o [1]
prvProcessExpiredTimer  0x08004927    0x46  Code  Lc  timers.o [1]
prvProcessReceivedCommands
                        0x08004aa1    0xb4  Code  Lc  timers.o [1]
prvProcessTimerOrBlockTask
                        0x0800498b    0x70  Code  Lc  timers.o [1]
prvResetNextTaskUnblockTime
                        0x08002bef    0x2e  Code  Lc  tasks.o [1]
prvSampleTimeNow        0x08004a29    0x28  Code  Lc  timers.o [1]
prvSwitchTimerLists     0x08004b55    0x7a  Code  Lc  timers.o [1]
prvTaskExitError        0x08005081    0x10  Code  Lc  port.o [1]
prvTimerTask            0x08004971    0x1a  Code  Lc  timers.o [1]
prvUnlockQueue          0x0800359b    0x6e  Code  Lc  queue.o [1]
putchar                 0x08006605     0xc  Code  Gb  putchar.o [3]
pvPortMalloc            0x08004db9    0xd2  Code  Gb  heap_4.o [1]
pxCurrentTCB            0x200033ac     0x4  Data  Gb  tasks.o [1]
pxCurrentTimerList      0x200033e8     0x4  Data  Lc  timers.o [1]
pxDelayedTaskList       0x200033b0     0x4  Data  Lc  tasks.o [1]
pxEnd                   0x20003398     0x4  Data  Lc  heap_4.o [1]
pxOverflowDelayedTaskList
                        0x200033b4     0x4  Data  Lc  tasks.o [1]
pxOverflowTimerList     0x200033ec     0x4  Data  Lc  timers.o [1]
pxPortInitialiseStack   0x08005061    0x20  Code  Gb  port.o [1]
pxReadyTasksLists       0x20003108    0x78  Data  Lc  tasks.o [1]
readPara                0x0800595d    0x64  Code  Gb  para.o [1]
read_switch             0x08005877    0xd8  Code  Gb  switch.o [1]
rev_start_stop          0x2000340c     0x1  Data  Gb  apptask.o [1]
s_TIM_CallBack1         0x20003384     0x4  Data  Gb  bsp_timer.o [1]
s_TIM_CallBack2         0x20003388     0x4  Data  Gb  bsp_timer.o [1]
s_TIM_CallBack3         0x2000338c     0x4  Data  Gb  bsp_timer.o [1]
s_TIM_CallBack4         0x20003390     0x4  Data  Gb  bsp_timer.o [1]
s_tBtn                  0x20003238    0x30  Data  Gb  bsp_key.o [1]
s_tKey                  0x20003338    0x10  Data  Gb  bsp_key.o [1]
start_stop              0x20003408     0x1  Data  Gb  apptask.o [1]
start_time              0x2000340b     0x1  Data  Gb  apptask.o [1]
start_time_flag         0x2000340a     0x1  Data  Gb  apptask.o [1]
strchr                  0x08000ce1          Code  Gb  strchr.o [5]
strlen                  0x08000cf9          Code  Gb  strlen.o [5]
strstr                  0x080062e5    0x10  Code  Gb  protocol.o [1]
switch_init             0x08005779    0xfe  Code  Gb  switch.o [1]
uart1_check_cmd         0x080062a5    0x14  Code  Gb  protocol.o [1]
uart1_debug             0x08006261    0x44  Code  Gb  protocol.o [1]
ucHeap                  0x20000108  0x3000  Data  Lc  heap_4.o [1]
uxCriticalNesting       0x20000100     0x4  Data  Lc  port.o [1]
uxCurrentNumberOfTasks  0x200033bc     0x4  Data  Lc  tasks.o [1]
uxDeletedTasksWaitingCleanUp
                        0x200033b8     0x4  Data  Lc  tasks.o [1]
uxListRemove            0x08005037    0x28  Code  Gb  list.o [1]
uxPendedTicks           0x200033cc     0x4  Data  Lc  tasks.o [1]
uxSchedulerSuspended    0x200033e4     0x4  Data  Lc  tasks.o [1]
uxTaskNumber            0x200033d8     0x4  Data  Lc  tasks.o [1]
uxTopReadyPriority      0x200033c4     0x4  Data  Lc  tasks.o [1]
vListInitialise         0x08004fc1    0x1e  Code  Gb  list.o [1]
vListInitialiseItem     0x08004fdf     0x6  Code  Gb  list.o [1]
vListInsert             0x08004ffd    0x3a  Code  Gb  list.o [1]
vListInsertEnd          0x08004fe5    0x18  Code  Gb  list.o [1]
vPortEnterCritical      0x080050bd    0x1a  Code  Gb  port.o [1]
vPortExitCritical       0x080050d7    0x1a  Code  Gb  port.o [1]
vPortFree               0x08004e8b    0x48  Code  Gb  heap_4.o [1]
vPortSetupTimerInterrupt
                        0x08005119     0xe  Code  Wk  port.o [1]
vPortStartFirstTask     0x08005f07          Code  Gb  portasm.o [1]
vQueueWaitForMessageRestricted
                        0x0800364b    0x4c  Code  Gb  queue.o [1]
vTaskDelay              0x080026cb    0x34  Code  Gb  tasks.o [1]
vTaskMissedYield        0x08002af5     0xa  Code  Gb  tasks.o [1]
vTaskPlaceOnEventList   0x080029c5    0x20  Code  Gb  tasks.o [1]
vTaskPlaceOnEventListRestricted
                        0x080029e5    0x2c  Code  Gb  tasks.o [1]
vTaskRev485             0x080017dd    0x80  Code  Gb  apptask.o [1]
vTaskSample             0x0800185d   0x512  Code  Gb  apptask.o [1]
vTaskSetTimeOutState    0x08002a83    0x12  Code  Gb  tasks.o [1]
vTaskStartScheduler     0x080026ff    0x5a  Code  Gb  tasks.o [1]
vTaskSuspendAll         0x08002759    0x10  Code  Gb  tasks.o [1]
vTaskSwitchContext      0x0800296f    0x56  Code  Gb  tasks.o [1]
vTaskTaskKey            0x080016b3   0x116  Code  Gb  apptask.o [1]
vTaskTaskSend485        0x080017c9    0x14  Code  Gb  apptask.o [1]
value_current           0x20003368     0x4  Data  Gb  adc.o [1]
watchdog                0x08002fe9    0x20  Code  Gb  bsp_config.o [1]
xActiveTimerList1       0x20003310    0x14  Data  Lc  timers.o [1]
xActiveTimerList2       0x20003324    0x14  Data  Lc  timers.o [1]
xBlockAllocatedBit      0x200033a4     0x4  Data  Lc  heap_4.o [1]
xDelayedTaskList1       0x200032ac    0x14  Data  Lc  tasks.o [1]
xDelayedTaskList2       0x200032c0    0x14  Data  Lc  tasks.o [1]
xFreeBytesRemaining     0x2000339c     0x4  Data  Lc  heap_4.o [1]
xHandleTaskKey          0x2000336c     0x4  Data  Gb  apptask.o [1]
xHandleTaskRev485       0x20003374     0x4  Data  Gb  apptask.o [1]
xHandleTaskSample       0x20003378     0x4  Data  Gb  apptask.o [1]
xHandleTaskSend485      0x20003370     0x4  Data  Gb  apptask.o [1]
xHeapStructSize         0x08006768     0x4  Data  Lc  heap_4.o [1]
xIdleTaskHandle         0x200033e0     0x4  Data  Lc  tasks.o [1]
xMinimumEverFreeBytesRemaining
                        0x200033a0     0x4  Data  Lc  heap_4.o [1]
xNextTaskUnblockTime    0x200033dc     0x4  Data  Lc  tasks.o [1]
xNumOfOverflows         0x200033d4     0x4  Data  Lc  tasks.o [1]
xPendingReadyList       0x200032d4    0x14  Data  Lc  tasks.o [1]
xPortStartScheduler     0x08005091    0x2c  Code  Gb  port.o [1]
xQueueGenericCreate     0x0800310d    0x44  Code  Gb  queue.o [1]
xQueueGenericReceive    0x0800339d   0x144  Code  Gb  queue.o [1]
xQueueGenericReset      0x0800308d    0x80  Code  Gb  queue.o [1]
xQueueGenericSend       0x08003183   0x11c  Code  Gb  queue.o [1]
xQueueGenericSendFromISR
                        0x0800329f    0x84  Code  Gb  queue.o [1]
xQueueGiveFromISR       0x08003323    0x7a  Code  Gb  queue.o [1]
xSchedulerRunning       0x200033c8     0x4  Data  Lc  tasks.o [1]
xSemaphore_rs485        0x2000337c     0x4  Data  Gb  apptask.o [1]
xStart                  0x20003360     0x8  Data  Lc  heap_4.o [1]
xSuspendedTaskList      0x200032fc    0x14  Data  Lc  tasks.o [1]
xTaskCheckForTimeOut    0x08002a95    0x60  Code  Gb  tasks.o [1]
xTaskCreate             0x080024e9    0x84  Code  Gb  tasks.o [1]
xTaskGetSchedulerState  0x08002c29    0x26  Code  Gb  tasks.o [1]
xTaskGetTickCount       0x0800284d     0xa  Code  Gb  tasks.o [1]
xTaskIncrementTick      0x08002857   0x118  Code  Gb  tasks.o [1]
xTaskRemoveFromEventList
                        0x08002a11    0x72  Code  Gb  tasks.o [1]
xTaskResumeAll          0x08002769    0xe4  Code  Gb  tasks.o [1]
xTasksWaitingTermination
                        0x200032e8    0x14  Data  Lc  tasks.o [1]
xTickCount              0x200033c0     0x4  Data  Lc  tasks.o [1]
xTimerCreate            0x08004845    0x3a  Code  Gb  timers.o [1]
xTimerCreateTimerTask   0x08004811    0x34  Code  Gb  timers.o [1]
xTimerGenericCommand    0x080048bd    0x6a  Code  Gb  timers.o [1]
xTimerQueue             0x200033f0     0x4  Data  Lc  timers.o [1]
xTimerTaskHandle        0x200033f4     0x4  Data  Lc  timers.o [1]
xTimerUser              0x20003380     0x4  Data  Gb  apptask.o [1]
xYieldPending           0x200033d0     0x4  Data  Lc  tasks.o [1]


[1] = F:\work\YarnControl_Driver\src\DriveBorad\Debug\Obj
[2] = command line
[3] = dl7M_tlf.a
[4] = m7M_tl.a
[5] = rt7M_tl.a
[6] = shb_l.a

  26 252 bytes of readonly  code memory
     696 bytes of readonly  data memory
  15 387 bytes of readwrite data memory

Errors: none
Warnings: none
