C51 COMPILER V7.50   28BYJ_48步絖电籣                                                      03/30/2012 20:27:32 PAGE 1   


C51 COMPILER V7.50, COMPILATION OF MODULE 28BYJ_48步絖电籣
OBJECT MODULE PLACED IN 28BYJ-48步进电机.OBJ
COMPILER INVOKED BY: C:\Keil\C51\BIN\C51.EXE 28BYJ-48步进电机.c BROWSE DEBUG OBJECTEXTEND

line level    source

   1          //******************************************************************************************//
   2          //      程序名称：28BYJ-48步进电机测试程序
   3          //      功能描述：步进电机分别以单四拍、双四拍、八拍驱动方式驱动，正反转各360度
   4          //      单片机：  AT89S52，FOSC=12MHz
   5          //      硬件连接：P1.0----INA
   6          //            P1.1----INB
   7          //            P1.2----INC
   8          //            P1.3----IND 
   9          //            驱动板的驱动电压和芯片逻辑供电电压均为5V;  
  10          //            步进电机红线接+5V驱动电压，橙黄粉蓝分别接OUT1、OUT2、OUT3、OUT4，
  11          //            注意外接电源要与单片机共地。
  12          //      维护记录：2012.2.8 双龙电子科技
  13          //*****************************************************************************************//
  14          #include<reg52.h>
  15          #define uint unsigned int
  16          #define uchar unsigned char
  17          uint i,j,k;
  18          uint N=128;//主轴旋转度数设置，度数D=N*45/减速比，采用1:16减速比的步进电机，旋转度数即为D=128*45/16=360度
  19          
  20          uchar code single_pos[4]={0x07,0x0b,0x0d,0x0e};//单四拍驱动方式正转表 D-C-B-A
  21          uchar code single_rev[4]={0x0e,0x0d,0x0b,0x07};//单四拍驱动方式反转表 A-B-C-D
  22          uchar code double_pos[4]={0x06,0x03,0x09,0x0c};//双四拍驱动方式正转表 AD-DC-CB-BA
  23          uchar code double_rev[4]={0x0c,0x09,0x03,0x06};//双四拍驱动方式反转表 AB-BC-CD-DA
  24          uchar code eight_pos[8]={0x06,0x07,0x03,0x0b,0x09,0x0d,0x0c,0x0e};//八拍驱动方式正转表 AD-D-DC-C-CB-B-BA-A
  25          uchar code eight_rev[8]={0x0e,0x0c,0x0d,0x09,0x0b,0x03,0x07,0x06};//八拍驱动方式反转表 A-AB-B-BC-C-CD-D-DA
  26          
  27          void delay(uint z);
  28          void m_single_pos();
  29          void m_single_rev();
  30          void m_double_pos();
  31          void m_double_rev();
  32          void m_eight_pos();
  33          void m_eight_rev();
  34          void main()                     
  35          {       
  36   1              while(1)
  37   1              {
  38   2                      m_single_pos();//单四拍驱动方式正转360度
  39   2                      delay(200);
  40   2                      m_single_rev();//单四拍驱动方式反转360度
  41   2                      delay(200);
  42   2                      m_double_pos();//双四拍驱动方式正转360度
  43   2                      delay(200);
  44   2                      m_double_rev();//双四拍驱动方式反转360度
  45   2                      delay(200);
  46   2                      m_eight_pos();//八拍驱动方式正转360度
  47   2                      delay(200);
  48   2                      m_eight_rev();//八拍驱动方式反转360度   
  49   2                      delay(200);
  50   2              }               
  51   1      }
  52          /********************延时z毫秒**************************************/
  53          void delay(uint z)
  54          {
  55   1              uint x,y;
C51 COMPILER V7.50   28BYJ_48步絖电籣                                                      03/30/2012 20:27:32 PAGE 2   

  56   1              for(x=z;x>0;x--)
  57   1                      for(y=110;y>0;y--);
  58   1      }
  59          /*******************单四拍驱动正转(N*45/16)度***********************/
  60          void m_single_pos()
  61          {
  62   1              for(k=0;k<N;k++)
  63   1              {
  64   2                      j=0;
  65   2                      for(i=0;i<4;i++)//在单四拍工作方式下，一个脉冲转子转动角度为5.625*2=11.25度，四拍共45度
  66   2                      {
  67   3                              P1=single_pos[j];
  68   3                              delay(5);//适当延时，保证转子转动时间，延时过短会丢拍
  69   3                              j++;
  70   3                      }
  71   2              }
  72   1      }
  73          
  74          /*******************单四拍驱动反转(N*45/16度)***********************/
  75          void m_single_rev()
  76          {
  77   1              for(k=0;k<N;k++)
  78   1              {
  79   2                      j=0;
  80   2                      for(i=0;i<4;i++)//在单四拍工作方式下，一个脉冲转子转动角度为5.625*2=11.25度，四拍共45度
  81   2                      {
  82   3                              P1=single_rev[j];
  83   3                              delay(5);
  84   3                              j++;
  85   3                      }
  86   2              }
  87   1      }
  88          
  89          /*******************双四拍驱动正转(N*45/16)度***********************/
  90          void m_double_pos()
  91          {
  92   1              for(k=0;k<N;k++)
  93   1              {
  94   2                      j=0;
  95   2                      for(i=0;i<4;i++)//在双四拍工作方式下，一个脉冲转子转动角度为5.625*2=11.25度，四拍共45度
  96   2                      {
  97   3                              P1=double_pos[j];
  98   3                              delay(8);
  99   3                              j++;
 100   3                      }
 101   2              }
 102   1      }
 103          /*******************双四拍驱动反转(N*45/16)度***********************/
 104          void m_double_rev()
 105          {
 106   1              for(k=0;k<N;k++)
 107   1              {
 108   2                      j=0;
 109   2                      for(i=0;i<4;i++)//在双四拍工作方式下，一个脉冲转子转动角度为5.625*2=11.25度，四拍共45度
 110   2                      {
 111   3                              P1=double_rev[j];
 112   3                              delay(8);
 113   3                              j++;
 114   3                      }
 115   2              }
 116   1      }
 117          /*******************八拍驱动正转(N*45/16)度***********************/
C51 COMPILER V7.50   28BYJ_48步絖电籣                                                      03/30/2012 20:27:32 PAGE 3   

 118          void m_eight_pos()
 119          {
 120   1              for(k=0;k<N;k++)
 121   1              {
 122   2                      j=0;
 123   2                      for(i=0;i<8;i++)//在八拍工作方式下，一个脉冲转子转动角度为5.625度，八拍共45度
 124   2                      {
 125   3                              P1=eight_pos[j];
 126   3                              delay(2);
 127   3                              j++;
 128   3                      }
 129   2              }
 130   1      }
 131          /*******************八拍驱动反转(N*45/16)度***********************/
 132          void m_eight_rev()
 133          {
 134   1              for(k=0;k<N;k++)
 135   1              {
 136   2                      j=0;
 137   2                      for(i=0;i<8;i++)//在八拍工作方式下，一个脉冲转子转动角度为5.625度，八拍共45度
 138   2                      {
 139   3                              P1=eight_rev[j];
 140   3                              delay(2);
 141   3                              j++;
 142   3                      }
 143   2              }
 144   1      }
 145          


MODULE INFORMATION:   STATIC OVERLAYABLE
   CODE SIZE        =    528    ----
   CONSTANT SIZE    =     32    ----
   XDATA SIZE       =   ----    ----
   PDATA SIZE       =   ----    ----
   DATA SIZE        =      8    ----
   IDATA SIZE       =   ----    ----
   BIT SIZE         =   ----    ----
END OF MODULE INFORMATION.


C51 COMPILATION COMPLETE.  0 WARNING(S),  0 ERROR(S)
