###############################################################################
#
# IAR ELF Linker V7.40.7.9843/W32 for ARM                 11/Dec/2019  15:39:40
# Copyright 2007-2015 IAR Systems AB.
#
#    Output file  =  
#        F:\work\YarnControl_Driver\src\stm32f4_rtos\Project\EWARMv7\Flash\Exe\project.out
#    Map file     =  
#        F:\work\YarnControl_Driver\src\stm32f4_rtos\Project\EWARMv7\Flash\List\project.map
#    Command line =  
#        F:\work\YarnControl_Driver\src\stm32f4_rtos\Project\EWARMv7\Flash\Obj\apptask.o
#        F:\work\YarnControl_Driver\src\stm32f4_rtos\Project\EWARMv7\Flash\Obj\bkp_pwr.o
#        F:\work\YarnControl_Driver\src\stm32f4_rtos\Project\EWARMv7\Flash\Obj\bsp.o
#        F:\work\YarnControl_Driver\src\stm32f4_rtos\Project\EWARMv7\Flash\Obj\bsp_adc.o
#        F:\work\YarnControl_Driver\src\stm32f4_rtos\Project\EWARMv7\Flash\Obj\bsp_closeSW.o
#        F:\work\YarnControl_Driver\src\stm32f4_rtos\Project\EWARMv7\Flash\Obj\bsp_dac.o
#        F:\work\YarnControl_Driver\src\stm32f4_rtos\Project\EWARMv7\Flash\Obj\bsp_dwt.o
#        F:\work\YarnControl_Driver\src\stm32f4_rtos\Project\EWARMv7\Flash\Obj\bsp_key.o
#        F:\work\YarnControl_Driver\src\stm32f4_rtos\Project\EWARMv7\Flash\Obj\bsp_led.o
#        F:\work\YarnControl_Driver\src\stm32f4_rtos\Project\EWARMv7\Flash\Obj\bsp_relay.o
#        F:\work\YarnControl_Driver\src\stm32f4_rtos\Project\EWARMv7\Flash\Obj\bsp_sdio_sd.o
#        F:\work\YarnControl_Driver\src\stm32f4_rtos\Project\EWARMv7\Flash\Obj\bsp_sdwe050c17.o
#        F:\work\YarnControl_Driver\src\stm32f4_rtos\Project\EWARMv7\Flash\Obj\bsp_servomotor.o
#        F:\work\YarnControl_Driver\src\stm32f4_rtos\Project\EWARMv7\Flash\Obj\bsp_spi.o
#        F:\work\YarnControl_Driver\src\stm32f4_rtos\Project\EWARMv7\Flash\Obj\bsp_stepmotor.o
#        F:\work\YarnControl_Driver\src\stm32f4_rtos\Project\EWARMv7\Flash\Obj\bsp_sw_onoff.o
#        F:\work\YarnControl_Driver\src\stm32f4_rtos\Project\EWARMv7\Flash\Obj\bsp_tim_pwm.o
#        F:\work\YarnControl_Driver\src\stm32f4_rtos\Project\EWARMv7\Flash\Obj\bsp_timer.o
#        F:\work\YarnControl_Driver\src\stm32f4_rtos\Project\EWARMv7\Flash\Obj\bsp_uart_fifo.o
#        F:\work\YarnControl_Driver\src\stm32f4_rtos\Project\EWARMv7\Flash\Obj\bsp_w25qxx.o
#        F:\work\YarnControl_Driver\src\stm32f4_rtos\Project\EWARMv7\Flash\Obj\bsp_watchdog.o
#        F:\work\YarnControl_Driver\src\stm32f4_rtos\Project\EWARMv7\Flash\Obj\cc936.o
#        F:\work\YarnControl_Driver\src\stm32f4_rtos\Project\EWARMv7\Flash\Obj\cJSON.o
#        F:\work\YarnControl_Driver\src\stm32f4_rtos\Project\EWARMv7\Flash\Obj\croutine.o
#        F:\work\YarnControl_Driver\src\stm32f4_rtos\Project\EWARMv7\Flash\Obj\demo_fatfs.o
#        F:\work\YarnControl_Driver\src\stm32f4_rtos\Project\EWARMv7\Flash\Obj\des.o
#        F:\work\YarnControl_Driver\src\stm32f4_rtos\Project\EWARMv7\Flash\Obj\diskio.o
#        F:\work\YarnControl_Driver\src\stm32f4_rtos\Project\EWARMv7\Flash\Obj\encoder_tim.o
#        F:\work\YarnControl_Driver\src\stm32f4_rtos\Project\EWARMv7\Flash\Obj\esp8266_handler.o
#        F:\work\YarnControl_Driver\src\stm32f4_rtos\Project\EWARMv7\Flash\Obj\esp8266_init.o
#        F:\work\YarnControl_Driver\src\stm32f4_rtos\Project\EWARMv7\Flash\Obj\event_groups.o
#        F:\work\YarnControl_Driver\src\stm32f4_rtos\Project\EWARMv7\Flash\Obj\ff.o
#        F:\work\YarnControl_Driver\src\stm32f4_rtos\Project\EWARMv7\Flash\Obj\heap_4.o
#        F:\work\YarnControl_Driver\src\stm32f4_rtos\Project\EWARMv7\Flash\Obj\iic_smec98sp.o
#        F:\work\YarnControl_Driver\src\stm32f4_rtos\Project\EWARMv7\Flash\Obj\list.o
#        F:\work\YarnControl_Driver\src\stm32f4_rtos\Project\EWARMv7\Flash\Obj\main.o
#        F:\work\YarnControl_Driver\src\stm32f4_rtos\Project\EWARMv7\Flash\Obj\malloc.o
#        F:\work\YarnControl_Driver\src\stm32f4_rtos\Project\EWARMv7\Flash\Obj\mcheck.o
#        F:\work\YarnControl_Driver\src\stm32f4_rtos\Project\EWARMv7\Flash\Obj\misc.o
#        F:\work\YarnControl_Driver\src\stm32f4_rtos\Project\EWARMv7\Flash\Obj\modbus.o
#        F:\work\YarnControl_Driver\src\stm32f4_rtos\Project\EWARMv7\Flash\Obj\MQTTConnectClient.o
#        F:\work\YarnControl_Driver\src\stm32f4_rtos\Project\EWARMv7\Flash\Obj\MQTTConnectServer.o
#        F:\work\YarnControl_Driver\src\stm32f4_rtos\Project\EWARMv7\Flash\Obj\MQTTDeserializePublish.o
#        F:\work\YarnControl_Driver\src\stm32f4_rtos\Project\EWARMv7\Flash\Obj\MQTTFormat.o
#        F:\work\YarnControl_Driver\src\stm32f4_rtos\Project\EWARMv7\Flash\Obj\MQTTPacket.o
#        F:\work\YarnControl_Driver\src\stm32f4_rtos\Project\EWARMv7\Flash\Obj\MQTTSerializePublish.o
#        F:\work\YarnControl_Driver\src\stm32f4_rtos\Project\EWARMv7\Flash\Obj\MQTTSubscribeClient.o
#        F:\work\YarnControl_Driver\src\stm32f4_rtos\Project\EWARMv7\Flash\Obj\MQTTSubscribeServer.o
#        F:\work\YarnControl_Driver\src\stm32f4_rtos\Project\EWARMv7\Flash\Obj\MQTTUnsubscribeClient.o
#        F:\work\YarnControl_Driver\src\stm32f4_rtos\Project\EWARMv7\Flash\Obj\MQTTUnsubscribeServer.o
#        F:\work\YarnControl_Driver\src\stm32f4_rtos\Project\EWARMv7\Flash\Obj\page_weimi.o
#        F:\work\YarnControl_Driver\src\stm32f4_rtos\Project\EWARMv7\Flash\Obj\para.o
#        F:\work\YarnControl_Driver\src\stm32f4_rtos\Project\EWARMv7\Flash\Obj\port.o
#        F:\work\YarnControl_Driver\src\stm32f4_rtos\Project\EWARMv7\Flash\Obj\portasm.o
#        F:\work\YarnControl_Driver\src\stm32f4_rtos\Project\EWARMv7\Flash\Obj\product_cal.o
#        F:\work\YarnControl_Driver\src\stm32f4_rtos\Project\EWARMv7\Flash\Obj\protocol.o
#        F:\work\YarnControl_Driver\src\stm32f4_rtos\Project\EWARMv7\Flash\Obj\pub0sub1.o
#        F:\work\YarnControl_Driver\src\stm32f4_rtos\Project\EWARMv7\Flash\Obj\queue.o
#        F:\work\YarnControl_Driver\src\stm32f4_rtos\Project\EWARMv7\Flash\Obj\rc522.o
#        F:\work\YarnControl_Driver\src\stm32f4_rtos\Project\EWARMv7\Flash\Obj\sha1.o
#        F:\work\YarnControl_Driver\src\stm32f4_rtos\Project\EWARMv7\Flash\Obj\smec98sp.o
#        F:\work\YarnControl_Driver\src\stm32f4_rtos\Project\EWARMv7\Flash\Obj\startup_stm32f40_41xxx.o
#        F:\work\YarnControl_Driver\src\stm32f4_rtos\Project\EWARMv7\Flash\Obj\stm32f4xx_adc.o
#        F:\work\YarnControl_Driver\src\stm32f4_rtos\Project\EWARMv7\Flash\Obj\stm32f4xx_assert.o
#        F:\work\YarnControl_Driver\src\stm32f4_rtos\Project\EWARMv7\Flash\Obj\stm32f4xx_can.o
#        F:\work\YarnControl_Driver\src\stm32f4_rtos\Project\EWARMv7\Flash\Obj\stm32f4xx_crc.o
#        F:\work\YarnControl_Driver\src\stm32f4_rtos\Project\EWARMv7\Flash\Obj\stm32f4xx_cryp.o
#        F:\work\YarnControl_Driver\src\stm32f4_rtos\Project\EWARMv7\Flash\Obj\stm32f4xx_cryp_aes.o
#        F:\work\YarnControl_Driver\src\stm32f4_rtos\Project\EWARMv7\Flash\Obj\stm32f4xx_cryp_des.o
#        F:\work\YarnControl_Driver\src\stm32f4_rtos\Project\EWARMv7\Flash\Obj\stm32f4xx_cryp_tdes.o
#        F:\work\YarnControl_Driver\src\stm32f4_rtos\Project\EWARMv7\Flash\Obj\stm32f4xx_dac.o
#        F:\work\YarnControl_Driver\src\stm32f4_rtos\Project\EWARMv7\Flash\Obj\stm32f4xx_dbgmcu.o
#        F:\work\YarnControl_Driver\src\stm32f4_rtos\Project\EWARMv7\Flash\Obj\stm32f4xx_dcmi.o
#        F:\work\YarnControl_Driver\src\stm32f4_rtos\Project\EWARMv7\Flash\Obj\stm32f4xx_dma.o
#        F:\work\YarnControl_Driver\src\stm32f4_rtos\Project\EWARMv7\Flash\Obj\stm32f4xx_dma2d.o
#        F:\work\YarnControl_Driver\src\stm32f4_rtos\Project\EWARMv7\Flash\Obj\stm32f4xx_exti.o
#        F:\work\YarnControl_Driver\src\stm32f4_rtos\Project\EWARMv7\Flash\Obj\stm32f4xx_flash.o
#        F:\work\YarnControl_Driver\src\stm32f4_rtos\Project\EWARMv7\Flash\Obj\stm32f4xx_fsmc.o
#        F:\work\YarnControl_Driver\src\stm32f4_rtos\Project\EWARMv7\Flash\Obj\stm32f4xx_gpio.o
#        F:\work\YarnControl_Driver\src\stm32f4_rtos\Project\EWARMv7\Flash\Obj\stm32f4xx_hash.o
#        F:\work\YarnControl_Driver\src\stm32f4_rtos\Project\EWARMv7\Flash\Obj\stm32f4xx_hash_md5.o
#        F:\work\YarnControl_Driver\src\stm32f4_rtos\Project\EWARMv7\Flash\Obj\stm32f4xx_hash_sha1.o
#        F:\work\YarnControl_Driver\src\stm32f4_rtos\Project\EWARMv7\Flash\Obj\stm32f4xx_i2c.o
#        F:\work\YarnControl_Driver\src\stm32f4_rtos\Project\EWARMv7\Flash\Obj\stm32f4xx_it.o
#        F:\work\YarnControl_Driver\src\stm32f4_rtos\Project\EWARMv7\Flash\Obj\stm32f4xx_iwdg.o
#        F:\work\YarnControl_Driver\src\stm32f4_rtos\Project\EWARMv7\Flash\Obj\stm32f4xx_ltdc.o
#        F:\work\YarnControl_Driver\src\stm32f4_rtos\Project\EWARMv7\Flash\Obj\stm32f4xx_pwr.o
#        F:\work\YarnControl_Driver\src\stm32f4_rtos\Project\EWARMv7\Flash\Obj\stm32f4xx_rcc.o
#        F:\work\YarnControl_Driver\src\stm32f4_rtos\Project\EWARMv7\Flash\Obj\stm32f4xx_rng.o
#        F:\work\YarnControl_Driver\src\stm32f4_rtos\Project\EWARMv7\Flash\Obj\stm32f4xx_rtc.o
#        F:\work\YarnControl_Driver\src\stm32f4_rtos\Project\EWARMv7\Flash\Obj\stm32f4xx_sai.o
#        F:\work\YarnControl_Driver\src\stm32f4_rtos\Project\EWARMv7\Flash\Obj\stm32f4xx_sdio.o
#        F:\work\YarnControl_Driver\src\stm32f4_rtos\Project\EWARMv7\Flash\Obj\stm32f4xx_spi.o
#        F:\work\YarnControl_Driver\src\stm32f4_rtos\Project\EWARMv7\Flash\Obj\stm32f4xx_syscfg.o
#        F:\work\YarnControl_Driver\src\stm32f4_rtos\Project\EWARMv7\Flash\Obj\stm32f4xx_tim.o
#        F:\work\YarnControl_Driver\src\stm32f4_rtos\Project\EWARMv7\Flash\Obj\stm32f4xx_usart.o
#        F:\work\YarnControl_Driver\src\stm32f4_rtos\Project\EWARMv7\Flash\Obj\stm32f4xx_wwdg.o
#        F:\work\YarnControl_Driver\src\stm32f4_rtos\Project\EWARMv7\Flash\Obj\SysInfoTest.o
#        F:\work\YarnControl_Driver\src\stm32f4_rtos\Project\EWARMv7\Flash\Obj\system_stm32f4xx.o
#        F:\work\YarnControl_Driver\src\stm32f4_rtos\Project\EWARMv7\Flash\Obj\tasks.o
#        F:\work\YarnControl_Driver\src\stm32f4_rtos\Project\EWARMv7\Flash\Obj\timer_platform.o
#        F:\work\YarnControl_Driver\src\stm32f4_rtos\Project\EWARMv7\Flash\Obj\timers.o
#        F:\work\YarnControl_Driver\src\stm32f4_rtos\Project\EWARMv7\Flash\Obj\transport.o
#        F:\work\YarnControl_Driver\src\stm32f4_rtos\Project\EWARMv7\Flash\Obj\usb_bsp.o
#        F:\work\YarnControl_Driver\src\stm32f4_rtos\Project\EWARMv7\Flash\Obj\usb_core.o
#        F:\work\YarnControl_Driver\src\stm32f4_rtos\Project\EWARMv7\Flash\Obj\usb_hcd.o
#        F:\work\YarnControl_Driver\src\stm32f4_rtos\Project\EWARMv7\Flash\Obj\usb_hcd_int.o
#        F:\work\YarnControl_Driver\src\stm32f4_rtos\Project\EWARMv7\Flash\Obj\usbh_core.o
#        F:\work\YarnControl_Driver\src\stm32f4_rtos\Project\EWARMv7\Flash\Obj\usbh_hcs.o
#        F:\work\YarnControl_Driver\src\stm32f4_rtos\Project\EWARMv7\Flash\Obj\usbh_ioreq.o
#        F:\work\YarnControl_Driver\src\stm32f4_rtos\Project\EWARMv7\Flash\Obj\usbh_it.o
#        F:\work\YarnControl_Driver\src\stm32f4_rtos\Project\EWARMv7\Flash\Obj\usbh_msc_bot.o
#        F:\work\YarnControl_Driver\src\stm32f4_rtos\Project\EWARMv7\Flash\Obj\usbh_msc_core.o
#        F:\work\YarnControl_Driver\src\stm32f4_rtos\Project\EWARMv7\Flash\Obj\usbh_msc_scsi.o
#        F:\work\YarnControl_Driver\src\stm32f4_rtos\Project\EWARMv7\Flash\Obj\usbh_stdreq.o
#        F:\work\YarnControl_Driver\src\stm32f4_rtos\Project\EWARMv7\Flash\Obj\usbh_usr.o
#        -o
#        F:\work\YarnControl_Driver\src\stm32f4_rtos\Project\EWARMv7\Flash\Exe\project.out
#        --map
#        F:\work\YarnControl_Driver\src\stm32f4_rtos\Project\EWARMv7\Flash\List\project.map
#        --config
#        F:\work\YarnControl_Driver\src\stm32f4_rtos\Project\EWARMv7\stm32f4xx_flash.icf
#        --semihosting --entry __iar_program_start --inline --vfe
#
###############################################################################

*******************************************************************************
*** RUNTIME MODEL ATTRIBUTES
***

CppFlavor                     = *
__Heap_Handler                = DLMalloc
__SystemLibrary               = DLib
__dlib_dynamic_initialization = normal


*******************************************************************************
*** PLACEMENT SUMMARY
***

"A1":  place at 0x08000000 { ro section .intvec };
"P1":  place in [from 0x08000000 to 0x080fffff] { ro };
"P2":  place in [from 0x20000000 to 0x2001ffff] { rw, block CSTACK, block HEAP };

  Section             Kind        Address     Size  Object
  -------             ----        -------     ----  ------
"A1":                                        0x188
  .intvec             ro code  0x08000000    0x188  startup_stm32f40_41xxx.o [1]
                             - 0x08000188    0x188

"P1":                                      0x4bf36
  .rodata             const    0x08000188  0x15484  cc936.o [1]
  .rodata             const    0x0801560c  0x15484  cc936.o [1]
  .text               ro code  0x0802aa90   0x7c08  apptask.o [1]
  .text               ro code  0x08032698   0x164c  bsp_sdwe050c17.o [1]
  .text               ro code  0x08033ce4    0x7c8  queue.o [1]
  .text               ro code  0x080344ac    0x6b0  product_cal.o [1]
  .text               ro code  0x08034b5c     0x66  ABImemset.o [5]
  .text               ro code  0x08034bc2     0x1e  xsscin.o [3]
  .text               ro code  0x08034be0    0xce0  tasks.o [1]
  .text               ro code  0x080358c0    0x380  bsp_w25qxx.o [1]
  .text               ro code  0x08035c40   0x1562  para.o [1]
  .text               ro code  0x080371a2     0x1a  xsnprout.o [3]
  .text               ro code  0x080371bc     0x4e  FltToDbl.o [4]
  .text               ro code  0x0803720a      0xa  xsprout.o [3]
  .text               ro code  0x08037214     0x24  printf.o [3]
  .text               ro code  0x08037238     0x76  ABImemcpy_unaligned.o [5]
  .text               ro code  0x080372b0     0x42  strcmp_unaligned.o [5]
  .text               ro code  0x080372f4    0x21c  malloc.o [1]
  .text               ro code  0x08037510     0x62  memcmp_unaligned.o [5]
  .text               ro code  0x08037574     0x30  I32ToDbl.o [4]
  .text               ro code  0x080375a4    0x256  DblDiv.o [4]
  .text               ro code  0x080377fc     0xe8  DblAdd.o [4]
  .text               ro code  0x080378e4    0x1a2  DblMul.o [4]
  .text               ro code  0x08037a88     0x58  DblToI32.o [4]
  .text               ro code  0x08037ae0     0x90  DblToFlt.o [4]
  .text               ro code  0x08037b70     0x36  strlen.o [5]
  .text               ro code  0x08037ba8    0x12c  stm32f4xx_gpio.o [1]
  .text               ro code  0x08037cd4    0x2c0  encoder_tim.o [1]
  .text               ro code  0x08037f94     0xc8  bsp_dac.o [1]
  .text               ro code  0x0803805c     0x3c  stm32f4xx_rtc.o [1]
  .text               ro code  0x08038098    0x62c  page_weimi.o [1]
  .text               ro code  0x080386c4    0x284  bsp_servomotor.o [1]
  .text               ro code  0x08038948    0x1a2  usbh_usr.o [1]
  .text               ro code  0x08038aec    0x760  usbh_core.o [1]
  .text               ro code  0x0803924c   0x2498  ff.o [1]
  .text               ro code  0x0803b6e4     0x34  sprintf.o [3]
  .text               ro code  0x0803b718     0x1c  strcat.o [3]
  .text               ro code  0x0803b734     0xc0  bsp_led.o [1]
  .text               ro code  0x0803b7f4     0xee  rc522.o [1]
  .text               ro code  0x0803b8e4    0x368  modbus.o [1]
  .text               ro code  0x0803bc4c     0x9c  protocol.o [1]
  .text               ro code  0x0803bce8     0x10  para.o [1]
  .text               ro code  0x0803bcf8     0xdc  bsp_closeSW.o [1]
  .text               ro code  0x0803bdd4    0x188  bkp_pwr.o [1]
  .text               ro code  0x0803bf5c    0x180  DblSub.o [4]
  .text               ro code  0x0803c0dc    0x4fc  bsp_stepmotor.o [1]
  .text               ro code  0x0803c5d8     0x7c  esp8266_init.o [1]
  .text               ro code  0x0803c654    0x414  esp8266_handler.o [1]
  .text               ro code  0x0803ca68    0x434  pub0sub1.o [1]
  .text               ro code  0x0803ce9c    0x21a  bsp_key.o [1]
  .text               ro code  0x0803d0b8    0x262  event_groups.o [1]
  .text               ro code  0x0803d31c    0x4a4  timers.o [1]
  .text               ro code  0x0803d7c0      0x8  bsp_watchdog.o [1]
  .text               ro code  0x0803d7c8    0x1e8  stm32f4xx_rcc.o [1]
  .text               ro code  0x0803d9b0     0x74  bsp_dwt.o [1]
  .text               ro code  0x0803da24    0xaa4  bsp_uart_fifo.o [1]
  .text               ro code  0x0803e4c8    0x204  bsp_timer.o [1]
  .text               ro code  0x0803e6cc    0x24c  port.o [1]
  .text               ro code  0x0803e918     0x98  list.o [1]
  .text               ro code  0x0803e9b0    0x280  heap_4.o [1]
  .text               ro code  0x0803ec30    0x124  bsp_spi.o [1]
  .text               ro code  0x0803ed54     0x44  strcpy_unaligned.o [5]
  .text               ro code  0x0803ed98     0x24  sscanf.o [3]
  .text               ro code  0x0803edbc    0xd96  xprintffull_nomb.o [3]
  .text               ro code  0x0803fb54     0x88  misc.o [1]
  .text               ro code  0x0803fbdc    0x6f6  stm32f4xx_tim.o [1]
  .text               ro code  0x080402d4    0x132  I64DivMod.o [5]
  .text               ro code  0x08040408     0x7c  stm32f4xx_dac.o [1]
  .text               ro code  0x08040484    0x31c  stm32f4xx_dma.o [1]
  .text               ro code  0x080407a0    0x14c  usb_bsp.o [1]
  .text               ro code  0x080408ec     0xd6  usb_hcd.o [1]
  .text               ro code  0x080409c2    0x1ba  usbh_hcs.o [1]
  .text               ro code  0x08040b7c    0x436  usbh_stdreq.o [1]
  .text               ro code  0x08040fb2    0x246  usbh_ioreq.o [1]
  .text               ro code  0x080411f8    0x2e4  diskio.o [1]
  .text               ro code  0x080414dc     0xf4  cc936.o [1]
  .text               ro code  0x080415d0     0xb8  mcheck.o [1]
  .text               ro code  0x08041688     0x2c  strstr.o [3]
  .text               ro code  0x080416b4     0x54  stm32f4xx_syscfg.o [1]
  .text               ro code  0x08041708     0xc0  stm32f4xx_exti.o [1]
  .text               ro code  0x080417c8      0xc  stm32f4xx_pwr.o [1]
  .text               ro code  0x080417d4      0x6  ABImemclr4.o [5]
  .text               ro code  0x080417dc     0x44  snprintf.o [3]
  .text               ro code  0x08041820    0x306  MQTTConnectClient.o [1]
  .text               ro code  0x08041b28     0x6c  transport.o [1]
  .text               ro code  0x08041b94    0x290  MQTTPacket.o [1]
  .text               ro code  0x08041e24     0x40  timer_platform.o [1]
  .text               ro code  0x08041e64    0x190  MQTTSubscribeClient.o [1]
  .text               ro code  0x08041ff4     0xbc  MQTTDeserializePublish.o [1]
  .text               ro code  0x080420b0     0xec  MQTTSerializePublish.o [1]
  .text               ro code  0x0804219c     0x10  stm32f4xx_iwdg.o [1]
  .text               ro code  0x080421ac    0x254  stm32f4xx_usart.o [1]
  CODE                ro code  0x08042400     0xa8  portasm.o [1]
  .text               ro code  0x080424a8     0x74  stm32f4xx_spi.o [1]
  .text               ro code  0x0804251c    0xb64  xscanffull_nomb.o [3]
  .text               ro code  0x08043080     0x16  strchr.o [5]
  .text               ro code  0x08043098     0x58  memchr.o [5]
  .text               ro code  0x080430f0     0x42  xdnorm.o [4]
  .text               ro code  0x08043134     0x2e  DblCmpLe.o [4]
  .text               ro code  0x08043164     0x2e  DblCmpGe.o [4]
  .text               ro code  0x08043194    0x114  xdscale.o [4]
  .text               ro code  0x080432a8     0x6c  localeconv.o [3]
  .text               ro code  0x08043314      0xe  div.o [3]
  .text               ro code  0x08043324      0x2  I64DivZer.o [5]
  .text               ro code  0x08043328    0xa50  usb_core.o [1]
  .text               ro code  0x08043d78   0x1a58  bsp_sdio_sd.o [1]
  .text               ro code  0x080457d0    0x618  usbh_msc_scsi.o [1]
  .text               ro code  0x08045de8    0x554  usbh_msc_bot.o [1]
  .text               ro code  0x0804633c     0x32  ABImemset48.o [5]
  .text               ro code  0x0804636e     0x28  isxxx.o [3]
  .text               ro code  0x08046396     0xa4  xstoll.o [3]
  .text               ro code  0x0804643c    0x1b0  xstoull.o [3]
  .text               ro code  0x080465ec    0x168  xstold.o [4]
  .text               ro code  0x08046754    0x17c  stm32f4xx_sdio.o [1]
  .text               ro code  0x080468d0     0x18  setlocale.o [3]
  .text               ro code  0x080468e8     0x16  xlocale_c.o [3]
  .text               ro code  0x080468fe     0x14  xlocale_c.o [3]
  .text               ro code  0x08046914      0xc  errno.o [3]
  .text               ro code  0x08046920     0x14  tolower.o [3]
  .text               ro code  0x08046934    0x124  xstopfx.o [3]
  .text               ro code  0x08046a58    0x1b8  xstoflt.o [3]
  .text               ro code  0x08046c10    0x200  xdtento.o [4]
  .text               ro code  0x08046e10    0x218  xstoxflt.o [3]
  .text               ro code  0x08047028      0x2  xtls.o [3]
  .text               ro code  0x0804702a      0xc  xlocale_c.o [3]
  .text               ro code  0x08047038     0x20  DblCmpEq.o [4]
  .text               ro code  0x08047058     0x52  xdunscal.o [4]
  .text               ro code  0x080470ac    0xc7e  usb_hcd_int.o [1]
  .text               ro code  0x08047d2c    0x4fa  des.o [1]
  .text               ro code  0x08048228    0x4ae  smec98sp.o [1]
  .text               ro code  0x080486d8    0x1b6  stm32f4xx_adc.o [1]
  .text               ro code  0x08048890    0x38e  iic_smec98sp.o [1]
  .text               ro code  0x08048c20     0x20  srand.o [3]
  .text               ro code  0x08048c40     0xe0  rand.o [3]
  .rodata             const    0x08048d20    0x400  apptask.o [1]
  .text               ro code  0x08049120    0x3e8  usbh_msc_core.o [1]
  .rodata             const    0x08049508    0x3dc  cc936.o [1]
  .rodata             const    0x080498e4    0x3dc  cc936.o [1]
  .rodata             const    0x08049cc0    0x200  des.o [1]
  .rodata             const    0x08049ec0    0x190  product_cal.o [1]
  .text               ro code  0x0804a050    0x154  system_stm32f4xx.o [1]
  .rodata             const    0x0804a1a4    0x100  mcheck.o [1]
  .rodata             const    0x0804a2a4    0x100  mcheck.o [1]
  .rodata             const    0x0804a3a4    0x100  mcheck.o [1]
  .text               ro code  0x0804a4a4     0xd0  packbits_init.o [5]
  .text               ro code  0x0804a574      0x6  abort.o [3]
  .text               ro code  0x0804a57c     0x14  exit.o [6]
  .text               ro code  0x0804a590     0x5c  bsp.o [1]
  .text               ro code  0x0804a5ec     0x44  bsp_relay.o [1]
  .text               ro code  0x0804a630     0x44  bsp_sw_onoff.o [1]
  .rodata             const    0x0804a674     0x58  pub0sub1.o [1]
  .rodata             const    0x0804a6cc     0x40  des.o [1]
  .rodata             const    0x0804a70c     0x40  des.o [1]
  .text               ro code  0x0804a74c     0x40  zero_init3.o [5]
  .rodata             const    0x0804a78c     0x38  demo_fatfs.o [1]
  .rodata             const    0x0804a7c4     0x38  des.o [1]
  .text               ro code  0x0804a7fc     0x38  stm32f4xx_it.o [1]
  .rodata             const    0x0804a834     0x34  apptask.o [1]
  .rodata             const    0x0804a868     0x30  apptask.o [1]
  .rodata             const    0x0804a898     0x30  demo_fatfs.o [1]
  .rodata             const    0x0804a8c8     0x30  demo_fatfs.o [1]
  .rodata             const    0x0804a8f8     0x30  des.o [1]
  .rodata             const    0x0804a928     0x30  des.o [1]
  .text               ro code  0x0804a958     0x30  main.o [1]
  .rodata             const    0x0804a988     0x2c  apptask.o [1]
  .rodata             const    0x0804a9b4     0x2c  demo_fatfs.o [1]
  .rodata             const    0x0804a9e0     0x2c  demo_fatfs.o [1]
  .rodata             const    0x0804aa0c     0x2c  stm32f4xx_it.o [1]
  .text               ro code  0x0804aa38     0x2c  SysInfoTest.o [1]
  .rodata             const    0x0804aa64     0x28  apptask.o [1]
  .rodata             const    0x0804aa8c     0x28  demo_fatfs.o [1]
  .rodata             const    0x0804aab4     0x28  demo_fatfs.o [1]
  .rodata             const    0x0804aadc     0x28  demo_fatfs.o [1]
  .text               ro code  0x0804ab04     0x28  data_init.o [5]
  .rodata             const    0x0804ab2c     0x24  apptask.o [1]
  .rodata             const    0x0804ab50     0x24  apptask.o [1]
  .rodata             const    0x0804ab74     0x24  apptask.o [1]
  .rodata             const    0x0804ab98     0x24  apptask.o [1]
  .rodata             const    0x0804abbc     0x24  apptask.o [1]
  .rodata             const    0x0804abe0     0x24  apptask.o [1]
  .rodata             const    0x0804ac04     0x24  apptask.o [1]
  .rodata             const    0x0804ac28     0x24  apptask.o [1]
  .rodata             const    0x0804ac4c     0x24  apptask.o [1]
  .rodata             const    0x0804ac70     0x24  apptask.o [1]
  .rodata             const    0x0804ac94     0x24  demo_fatfs.o [1]
  .rodata             const    0x0804acb8     0x24  demo_fatfs.o [1]
  .rodata             const    0x0804acdc     0x24  pub0sub1.o [1]
  .rodata             const    0x0804ad00     0x24  pub0sub1.o [1]
  .rodata             const    0x0804ad24     0x24  usbh_usr.o [1]
  .text               ro code  0x0804ad48     0x22  fpinit_M.o [4]
  .iar.init_table     const    0x0804ad6c     0x34  - Linker created -
  .rodata             const    0x0804ada0     0x20  apptask.o [1]
  .rodata             const    0x0804adc0     0x20  apptask.o [1]
  .rodata             const    0x0804ade0     0x20  apptask.o [1]
  .rodata             const    0x0804ae00     0x20  demo_fatfs.o [1]
  .rodata             const    0x0804ae20     0x20  demo_fatfs.o [1]
  .rodata             const    0x0804ae40     0x20  demo_fatfs.o [1]
  .rodata             const    0x0804ae60     0x20  des.o [1]
  .rodata             const    0x0804ae80     0x20  pub0sub1.o [1]
  .rodata             const    0x0804aea0     0x20  usbh_usr.o [1]
  .rodata             const    0x0804aec0     0x20  usbh_usr.o [1]
  .rodata             const    0x0804aee0     0x20  usbh_usr.o [1]
  .rodata             const    0x0804af00     0x20  usbh_usr.o [1]
  .rodata             const    0x0804af20     0x20  usbh_usr.o [1]
  .rodata             const    0x0804af40     0x1c  apptask.o [1]
  .rodata             const    0x0804af5c     0x1c  apptask.o [1]
  .rodata             const    0x0804af78     0x1c  apptask.o [1]
  .rodata             const    0x0804af94     0x1c  apptask.o [1]
  .rodata             const    0x0804afb0     0x1c  apptask.o [1]
  .rodata             const    0x0804afcc     0x1c  apptask.o [1]
  .rodata             const    0x0804afe8     0x1c  apptask.o [1]
  .rodata             const    0x0804b004     0x1c  apptask.o [1]
  .rodata             const    0x0804b020     0x1c  demo_fatfs.o [1]
  .rodata             const    0x0804b03c     0x1c  demo_fatfs.o [1]
  .rodata             const    0x0804b058     0x1c  esp8266_handler.o [1]
  .rodata             const    0x0804b074     0x1c  esp8266_handler.o [1]
  .rodata             const    0x0804b090     0x1c  pub0sub1.o [1]
  .rodata             const    0x0804b0ac     0x1c  pub0sub1.o [1]
  .rodata             const    0x0804b0c8     0x1c  pub0sub1.o [1]
  .rodata             const    0x0804b0e4     0x1c  smec98sp.o [1]
  .rodata             const    0x0804b100     0x1c  smec98sp.o [1]
  .rodata             const    0x0804b11c     0x1c  smec98sp.o [1]
  .rodata             const    0x0804b138     0x1c  usbh_usr.o [1]
  .rodata             const    0x0804b154     0x1c  usbh_usr.o [1]
  .rodata             const    0x0804b170     0x1c  usbh_usr.o [1]
  .rodata             const    0x0804b18c     0x1c  usbh_usr.o [1]
  .rodata             const    0x0804b1a8     0x1c  usbh_usr.o [1]
  .rodata             const    0x0804b1c4     0x1c  usbh_usr.o [1]
  .text               ro code  0x0804b1e0     0x1a  cmain.o [5]
  .text               ro code  0x0804b1fa      0x4  exit.o [3]
  .text               ro code  0x0804b200      0xa  cexit.o [5]
  .rodata             const    0x0804b20c     0x18  apptask.o [1]
  .rodata             const    0x0804b224     0x18  apptask.o [1]
  .rodata             const    0x0804b23c     0x18  apptask.o [1]
  .rodata             const    0x0804b254     0x18  apptask.o [1]
  .rodata             const    0x0804b26c     0x18  apptask.o [1]
  .rodata             const    0x0804b284     0x18  apptask.o [1]
  .rodata             const    0x0804b29c     0x18  apptask.o [1]
  .rodata             const    0x0804b2b4     0x18  apptask.o [1]
  .rodata             const    0x0804b2cc     0x18  apptask.o [1]
  .rodata             const    0x0804b2e4     0x18  apptask.o [1]
  .rodata             const    0x0804b2fc     0x18  apptask.o [1]
  .rodata             const    0x0804b314     0x18  apptask.o [1]
  .rodata             const    0x0804b32c     0x18  demo_fatfs.o [1]
  .rodata             const    0x0804b344     0x18  demo_fatfs.o [1]
  .rodata             const    0x0804b35c     0x18  demo_fatfs.o [1]
  .rodata             const    0x0804b374     0x18  demo_fatfs.o [1]
  .rodata             const    0x0804b38c     0x18  esp8266_handler.o [1]
  .rodata             const    0x0804b3a4     0x18  esp8266_handler.o [1]
  .rodata             const    0x0804b3bc     0x18  esp8266_handler.o [1]
  .rodata             const    0x0804b3d4     0x18  para.o [1]
  .rodata             const    0x0804b3ec     0x18  pub0sub1.o [1]
  .rodata             const    0x0804b404     0x18  pub0sub1.o [1]
  .rodata             const    0x0804b41c     0x18  smec98sp.o [1]
  .rodata             const    0x0804b434     0x18  smec98sp.o [1]
  .rodata             const    0x0804b44c     0x18  usbh_usr.o [1]
  .rodata             const    0x0804b464     0x18  usbh_usr.o [1]
  .rodata             const    0x0804b47c     0x18  usbh_usr.o [1]
  .rodata             const    0x0804b494     0x18  usbh_usr.o [1]
  .rodata             const    0x0804b4ac     0x18  usbh_usr.o [1]
  .text               ro code  0x0804b4c4     0x16  xprout.o [3]
  .text               ro code  0x0804b4dc      0xc  putchar.o [3]
  .rodata             const    0x0804b4e8     0x14  apptask.o [1]
  .rodata             const    0x0804b4fc     0x14  apptask.o [1]
  .rodata             const    0x0804b510     0x14  apptask.o [1]
  .rodata             const    0x0804b524     0x14  apptask.o [1]
  .rodata             const    0x0804b538     0x14  apptask.o [1]
  .rodata             const    0x0804b54c     0x14  apptask.o [1]
  .rodata             const    0x0804b560     0x14  apptask.o [1]
  .rodata             const    0x0804b574     0x14  apptask.o [1]
  .rodata             const    0x0804b588     0x14  apptask.o [1]
  .rodata             const    0x0804b59c     0x14  apptask.o [1]
  .rodata             const    0x0804b5b0     0x14  apptask.o [1]
  .rodata             const    0x0804b5c4     0x14  apptask.o [1]
  .rodata             const    0x0804b5d8     0x14  apptask.o [1]
  .rodata             const    0x0804b5ec     0x14  apptask.o [1]
  .rodata             const    0x0804b600     0x14  apptask.o [1]
  .rodata             const    0x0804b614     0x14  des.o [1]
  .rodata             const    0x0804b628     0x14  esp8266_handler.o [1]
  .rodata             const    0x0804b63c     0x14  pub0sub1.o [1]
  .rodata             const    0x0804b650     0x14  pub0sub1.o [1]
  .rodata             const    0x0804b664     0x14  pub0sub1.o [1]
  .rodata             const    0x0804b678     0x14  pub0sub1.o [1]
  .rodata             const    0x0804b68c     0x14  pub0sub1.o [1]
  .rodata             const    0x0804b6a0     0x14  smec98sp.o [1]
  .rodata             const    0x0804b6b4     0x14  usbh_usr.o [1]
  .rodata             const    0x0804b6c8     0x14  usbh_usr.o [1]
  .rodata             const    0x0804b6dc     0x10  apptask.o [1]
  .rodata             const    0x0804b6ec     0x10  apptask.o [1]
  .rodata             const    0x0804b6fc     0x10  apptask.o [1]
  .rodata             const    0x0804b70c     0x10  apptask.o [1]
  .rodata             const    0x0804b71c     0x10  apptask.o [1]
  .rodata             const    0x0804b72c     0x10  apptask.o [1]
  .rodata             const    0x0804b73c     0x10  apptask.o [1]
  .rodata             const    0x0804b74c     0x10  apptask.o [1]
  .rodata             const    0x0804b75c     0x10  apptask.o [1]
  .rodata             const    0x0804b76c     0x10  apptask.o [1]
  .rodata             const    0x0804b77c     0x10  apptask.o [1]
  .rodata             const    0x0804b78c     0x10  apptask.o [1]
  .rodata             const    0x0804b79c     0x10  apptask.o [1]
  .rodata             const    0x0804b7ac     0x10  apptask.o [1]
  .rodata             const    0x0804b7bc     0x10  apptask.o [1]
  .rodata             const    0x0804b7cc     0x10  apptask.o [1]
  .rodata             const    0x0804b7dc     0x10  apptask.o [1]
  .rodata             const    0x0804b7ec     0x10  apptask.o [1]
  .rodata             const    0x0804b7fc     0x10  apptask.o [1]
  .rodata             const    0x0804b80c     0x10  apptask.o [1]
  .rodata             const    0x0804b81c     0x10  apptask.o [1]
  .rodata             const    0x0804b82c     0x10  apptask.o [1]
  .rodata             const    0x0804b83c     0x10  apptask.o [1]
  .rodata             const    0x0804b84c     0x10  apptask.o [1]
  .rodata             const    0x0804b85c     0x10  apptask.o [1]
  .rodata             const    0x0804b86c     0x10  apptask.o [1]
  .rodata             const    0x0804b87c     0x10  apptask.o [1]
  .rodata             const    0x0804b88c     0x10  apptask.o [1]
  .rodata             const    0x0804b89c     0x10  bsp_sdwe050c17.o [1]
  .rodata             const    0x0804b8ac     0x10  esp8266_handler.o [1]
  .rodata             const    0x0804b8bc     0x10  esp8266_handler.o [1]
  .rodata             const    0x0804b8cc     0x10  esp8266_handler.o [1]
  .rodata             const    0x0804b8dc     0x10  esp8266_handler.o [1]
  .rodata             const    0x0804b8ec     0x10  esp8266_handler.o [1]
  .rodata             const    0x0804b8fc     0x10  esp8266_handler.o [1]
  .rodata             const    0x0804b90c     0x10  ff.o [1]
  .rodata             const    0x0804b91c     0x10  main.o [1]
  .rodata             const    0x0804b92c     0x10  main.o [1]
  .rodata             const    0x0804b93c     0x10  para.o [1]
  .rodata             const    0x0804b94c     0x10  para.o [1]
  .rodata             const    0x0804b95c     0x10  pub0sub1.o [1]
  .rodata             const    0x0804b96c     0x10  smec98sp.o [1]
  .rodata             const    0x0804b97c     0x10  smec98sp.o [1]
  .rodata             const    0x0804b98c     0x10  smec98sp.o [1]
  .rodata             const    0x0804b99c     0x10  smec98sp.o [1]
  .rodata             const    0x0804b9ac     0x10  smec98sp.o [1]
  .rodata             const    0x0804b9bc     0x10  smec98sp.o [1]
  .rodata             const    0x0804b9cc     0x10  usbh_usr.o [1]
  .rodata             const    0x0804b9dc     0x10  usbh_usr.o [1]
  .text               ro code  0x0804b9ec     0x10  startup_stm32f40_41xxx.o [1]
  .text               ro code  0x0804b9fc     0x10  usbh_it.o [1]
  .rodata             const    0x0804ba0c      0xc  apptask.o [1]
  .rodata             const    0x0804ba18      0xc  apptask.o [1]
  .rodata             const    0x0804ba24      0xc  apptask.o [1]
  .rodata             const    0x0804ba30      0xc  apptask.o [1]
  .rodata             const    0x0804ba3c      0xc  apptask.o [1]
  .rodata             const    0x0804ba48      0xc  apptask.o [1]
  .rodata             const    0x0804ba54      0xc  apptask.o [1]
  .rodata             const    0x0804ba60      0xc  apptask.o [1]
  .rodata             const    0x0804ba6c      0xc  apptask.o [1]
  .rodata             const    0x0804ba78      0xc  apptask.o [1]
  .rodata             const    0x0804ba84      0xc  apptask.o [1]
  .rodata             const    0x0804ba90      0xc  apptask.o [1]
  .rodata             const    0x0804ba9c      0xc  apptask.o [1]
  .rodata             const    0x0804baa8      0xc  apptask.o [1]
  .rodata             const    0x0804bab4      0xc  apptask.o [1]
  .rodata             const    0x0804bac0      0xc  apptask.o [1]
  .rodata             const    0x0804bacc      0xc  apptask.o [1]
  .rodata             const    0x0804bad8      0xc  apptask.o [1]
  .rodata             const    0x0804bae4      0xc  apptask.o [1]
  .rodata             const    0x0804baf0      0xc  apptask.o [1]
  .rodata             const    0x0804bafc      0xc  apptask.o [1]
  .rodata             const    0x0804bb08      0xc  apptask.o [1]
  .rodata             const    0x0804bb14      0xc  apptask.o [1]
  .rodata             const    0x0804bb20      0xc  apptask.o [1]
  .rodata             const    0x0804bb2c      0xc  apptask.o [1]
  .rodata             const    0x0804bb38      0xc  apptask.o [1]
  .rodata             const    0x0804bb44      0xc  apptask.o [1]
  .rodata             const    0x0804bb50      0xc  apptask.o [1]
  .rodata             const    0x0804bb5c      0xc  apptask.o [1]
  .rodata             const    0x0804bb68      0xc  apptask.o [1]
  .rodata             const    0x0804bb74      0xc  apptask.o [1]
  .rodata             const    0x0804bb80      0xc  apptask.o [1]
  .rodata             const    0x0804bb8c      0xc  apptask.o [1]
  .rodata             const    0x0804bb98      0xc  apptask.o [1]
  .rodata             const    0x0804bba4      0xc  apptask.o [1]
  .rodata             const    0x0804bbb0      0xc  bsp_sdwe050c17.o [1]
  .rodata             const    0x0804bbbc      0xc  demo_fatfs.o [1]
  .rodata             const    0x0804bbc8      0xc  esp8266_handler.o [1]
  .rodata             const    0x0804bbd4      0xc  esp8266_handler.o [1]
  .rodata             const    0x0804bbe0      0xc  esp8266_handler.o [1]
  .rodata             const    0x0804bbec      0xc  esp8266_handler.o [1]
  .rodata             const    0x0804bbf8      0xc  esp8266_handler.o [1]
  .rodata             const    0x0804bc04      0xc  esp8266_handler.o [1]
  .rodata             const    0x0804bc10      0xc  ff.o [1]
  .rodata             const    0x0804bc1c      0xc  page_weimi.o [1]
  .rodata             const    0x0804bc28      0xc  para.o [1]
  .rodata             const    0x0804bc34      0xc  para.o [1]
  .rodata             const    0x0804bc40      0xc  para.o [1]
  .rodata             const    0x0804bc4c      0xc  para.o [1]
  .rodata             const    0x0804bc58      0xc  para.o [1]
  .rodata             const    0x0804bc64      0xc  pub0sub1.o [1]
  .rodata             const    0x0804bc70      0xc  pub0sub1.o [1]
  .text               ro code  0x0804bc7c      0xc  cstartup_M.o [5]
  .rodata             const    0x0804bc88      0x8  apptask.o [1]
  .rodata             const    0x0804bc90      0x8  apptask.o [1]
  .rodata             const    0x0804bc98      0x8  apptask.o [1]
  .rodata             const    0x0804bca0      0x8  apptask.o [1]
  .rodata             const    0x0804bca8      0x8  apptask.o [1]
  .rodata             const    0x0804bcb0      0x8  apptask.o [1]
  .rodata             const    0x0804bcb8      0x8  apptask.o [1]
  .rodata             const    0x0804bcc0      0x8  apptask.o [1]
  .rodata             const    0x0804bcc8      0x8  apptask.o [1]
  .rodata             const    0x0804bcd0      0x8  apptask.o [1]
  .rodata             const    0x0804bcd8      0x8  apptask.o [1]
  .rodata             const    0x0804bce0      0x8  apptask.o [1]
  .rodata             const    0x0804bce8      0x8  apptask.o [1]
  .rodata             const    0x0804bcf0      0x8  apptask.o [1]
  .rodata             const    0x0804bcf8      0x8  apptask.o [1]
  .rodata             const    0x0804bd00      0x8  apptask.o [1]
  .rodata             const    0x0804bd08      0x8  apptask.o [1]
  .rodata             const    0x0804bd10      0x8  apptask.o [1]
  .rodata             const    0x0804bd18      0x8  apptask.o [1]
  .rodata             const    0x0804bd20      0x8  apptask.o [1]
  .rodata             const    0x0804bd28      0x8  apptask.o [1]
  .rodata             const    0x0804bd30      0x8  apptask.o [1]
  .rodata             const    0x0804bd38      0x8  apptask.o [1]
  .rodata             const    0x0804bd40      0x8  apptask.o [1]
  .rodata             const    0x0804bd48      0x8  bsp_sdwe050c17.o [1]
  .rodata             const    0x0804bd50      0x8  bsp_w25qxx.o [1]
  .rodata             const    0x0804bd58      0x8  esp8266_handler.o [1]
  .rodata             const    0x0804bd60      0x8  ff.o [1]
  .rodata             const    0x0804bd68      0x8  malloc.o [1]
  .rodata             const    0x0804bd70      0x8  malloc.o [1]
  .rodata             const    0x0804bd78      0x8  malloc.o [1]
  .rodata             const    0x0804bd80      0x8  MQTTConnectClient.o [1]
  .rodata             const    0x0804bd88      0x8  MQTTConnectClient.o [1]
  .rodata             const    0x0804bd90      0x8  para.o [1]
  .rodata             const    0x0804bd98      0x8  para.o [1]
  .rodata             const    0x0804bda0      0x8  para.o [1]
  .rodata             const    0x0804bda8      0x8  para.o [1]
  .rodata             const    0x0804bdb0      0x8  para.o [1]
  .rodata             const    0x0804bdb8      0x8  para.o [1]
  .rodata             const    0x0804bdc0      0x8  para.o [1]
  .rodata             const    0x0804bdc8      0x8  para.o [1]
  .rodata             const    0x0804bdd0      0x8  para.o [1]
  .rodata             const    0x0804bdd8      0x8  para.o [1]
  .rodata             const    0x0804bde0      0x8  para.o [1]
  .rodata             const    0x0804bde8      0x8  para.o [1]
  .rodata             const    0x0804bdf0      0x8  para.o [1]
  .rodata             const    0x0804bdf8      0x8  para.o [1]
  .rodata             const    0x0804be00      0x8  para.o [1]
  .rodata             const    0x0804be08      0x8  para.o [1]
  .rodata             const    0x0804be10      0x8  para.o [1]
  .rodata             const    0x0804be18      0x8  para.o [1]
  .rodata             const    0x0804be20      0x8  para.o [1]
  .rodata             const    0x0804be28      0x8  para.o [1]
  .rodata             const    0x0804be30      0x8  para.o [1]
  .rodata             const    0x0804be38      0x8  pub0sub1.o [1]
  .rodata             const    0x0804be40      0x8  smec98sp.o [1]
  .rodata             const    0x0804be48      0x8  tasks.o [1]
  .rodata             const    0x0804be50      0x8  timers.o [1]
  .rodata             const    0x0804be58      0x4  heap_4.o [1]
  .rodata             const    0x0804be5c      0x4  MQTTConnectClient.o [1]
  .rodata             const    0x0804be60      0x4  MQTTConnectClient.o [1]
  .rodata             const    0x0804be64      0x4  MQTTConnectClient.o [1]
  .rodata             const    0x0804be68      0x4  MQTTConnectClient.o [1]
  .rodata             const    0x0804be6c      0x4  MQTTConnectClient.o [1]
  .rodata             const    0x0804be70      0x4  MQTTDeserializePublish.o [1]
  .rodata             const    0x0804be74      0x4  MQTTPacket.o [1]
  .rodata             const    0x0804be78      0x4  MQTTSerializePublish.o [1]
  .rodata             const    0x0804be7c      0x4  MQTTSubscribeClient.o [1]
  .rodata             const    0x0804be80      0x4  MQTTSubscribeClient.o [1]
  .rodata             const    0x0804be84      0x4  port.o [1]
  .text               ro code  0x0804be88      0x4  startup_stm32f40_41xxx.o [1]
  .text               ro code  0x0804be8c      0x4  startup_stm32f40_41xxx.o [1]
  .text               ro code  0x0804be90      0x4  startup_stm32f40_41xxx.o [1]
  .text               ro code  0x0804be94      0x4  startup_stm32f40_41xxx.o [1]
  .text               ro code  0x0804be98      0x4  startup_stm32f40_41xxx.o [1]
  .text               ro code  0x0804be9c      0x4  startup_stm32f40_41xxx.o [1]
  .text               ro code  0x0804bea0      0x4  startup_stm32f40_41xxx.o [1]
  .text               ro code  0x0804bea4      0x4  startup_stm32f40_41xxx.o [1]
  .text               ro code  0x0804bea8      0x4  startup_stm32f40_41xxx.o [1]
  .text               ro code  0x0804beac      0x4  startup_stm32f40_41xxx.o [1]
  .text               ro code  0x0804beb0      0x4  startup_stm32f40_41xxx.o [1]
  .text               ro code  0x0804beb4      0x4  startup_stm32f40_41xxx.o [1]
  .text               ro code  0x0804beb8      0x4  startup_stm32f40_41xxx.o [1]
  .text               ro code  0x0804bebc      0x4  startup_stm32f40_41xxx.o [1]
  .text               ro code  0x0804bec0      0x4  startup_stm32f40_41xxx.o [1]
  .text               ro code  0x0804bec4      0x4  startup_stm32f40_41xxx.o [1]
  .text               ro code  0x0804bec8      0x4  startup_stm32f40_41xxx.o [1]
  .text               ro code  0x0804becc      0x4  startup_stm32f40_41xxx.o [1]
  .text               ro code  0x0804bed0      0x4  startup_stm32f40_41xxx.o [1]
  .text               ro code  0x0804bed4      0x4  startup_stm32f40_41xxx.o [1]
  .text               ro code  0x0804bed8      0x4  startup_stm32f40_41xxx.o [1]
  .text               ro code  0x0804bedc      0x4  startup_stm32f40_41xxx.o [1]
  .text               ro code  0x0804bee0      0x4  startup_stm32f40_41xxx.o [1]
  .text               ro code  0x0804bee4      0x4  startup_stm32f40_41xxx.o [1]
  .text               ro code  0x0804bee8      0x4  startup_stm32f40_41xxx.o [1]
  .text               ro code  0x0804beec      0x4  startup_stm32f40_41xxx.o [1]
  .text               ro code  0x0804bef0      0x4  startup_stm32f40_41xxx.o [1]
  .text               ro code  0x0804bef4      0x4  startup_stm32f40_41xxx.o [1]
  .text               ro code  0x0804bef8      0x4  startup_stm32f40_41xxx.o [1]
  .text               ro code  0x0804befc      0x4  startup_stm32f40_41xxx.o [1]
  .text               ro code  0x0804bf00      0x4  startup_stm32f40_41xxx.o [1]
  .text               ro code  0x0804bf04      0x4  startup_stm32f40_41xxx.o [1]
  .text               ro code  0x0804bf08      0x4  startup_stm32f40_41xxx.o [1]
  .text               ro code  0x0804bf0c      0x4  startup_stm32f40_41xxx.o [1]
  .text               ro code  0x0804bf10      0x4  startup_stm32f40_41xxx.o [1]
  .text               ro code  0x0804bf14      0x4  startup_stm32f40_41xxx.o [1]
  .text               ro code  0x0804bf18      0x4  startup_stm32f40_41xxx.o [1]
  .text               ro code  0x0804bf1c      0x4  startup_stm32f40_41xxx.o [1]
  .text               ro code  0x0804bf20      0x4  startup_stm32f40_41xxx.o [1]
  .text               ro code  0x0804bf24      0x4  startup_stm32f40_41xxx.o [1]
  .text               ro code  0x0804bf28      0x4  startup_stm32f40_41xxx.o [1]
  .text               ro code  0x0804bf2c      0x4  startup_stm32f40_41xxx.o [1]
  .text               ro code  0x0804bf30      0x4  startup_stm32f40_41xxx.o [1]
  .text               ro code  0x0804bf34      0x4  startup_stm32f40_41xxx.o [1]
  .text               ro code  0x0804bf38      0x4  startup_stm32f40_41xxx.o [1]
  .text               ro code  0x0804bf3c      0x4  startup_stm32f40_41xxx.o [1]
  .text               ro code  0x0804bf40      0x4  startup_stm32f40_41xxx.o [1]
  .text               ro code  0x0804bf44      0x4  startup_stm32f40_41xxx.o [1]
  .text               ro code  0x0804bf48      0x4  startup_stm32f40_41xxx.o [1]
  .text               ro code  0x0804bf4c      0x4  startup_stm32f40_41xxx.o [1]
  .text               ro code  0x0804bf50      0x4  startup_stm32f40_41xxx.o [1]
  .text               ro code  0x0804bf54      0x4  startup_stm32f40_41xxx.o [1]
  .text               ro code  0x0804bf58      0x4  startup_stm32f40_41xxx.o [1]
  .text               ro code  0x0804bf5c      0x4  startup_stm32f40_41xxx.o [1]
  .text               ro code  0x0804bf60      0x4  startup_stm32f40_41xxx.o [1]
  .text               ro code  0x0804bf64      0x4  startup_stm32f40_41xxx.o [1]
  .text               ro code  0x0804bf68      0x4  startup_stm32f40_41xxx.o [1]
  .text               ro code  0x0804bf6c      0x4  startup_stm32f40_41xxx.o [1]
  .text               ro code  0x0804bf70      0x4  startup_stm32f40_41xxx.o [1]
  .text               ro code  0x0804bf74      0x4  startup_stm32f40_41xxx.o [1]
  .text               ro code  0x0804bf78      0x4  startup_stm32f40_41xxx.o [1]
  .text               ro code  0x0804bf7c      0x4  startup_stm32f40_41xxx.o [1]
  .text               ro code  0x0804bf80      0x4  startup_stm32f40_41xxx.o [1]
  .text               ro code  0x0804bf84      0x4  startup_stm32f40_41xxx.o [1]
  .text               ro code  0x0804bf88      0x4  startup_stm32f40_41xxx.o [1]
  .text               ro code  0x0804bf8c      0x4  startup_stm32f40_41xxx.o [1]
  .text               ro code  0x0804bf90      0x4  startup_stm32f40_41xxx.o [1]
  .text               ro code  0x0804bf94      0x4  startup_stm32f40_41xxx.o [1]
  .rodata             const    0x0804bf98      0x0  zero_init3.o [5]
  .rodata             const    0x0804bf98      0x0  packbits_init.o [5]
  Initializer bytes   const    0x0804bf98    0x126  <for P2 s0>
                             - 0x0804c0be  0x4bf36

"P2":                                      0x1ff60
  P2 s0                        0x20000000    0x2be  <Init block>
    __DLIB_PERTHREAD  inited   0x20000000     0x8c  rand.o [3]
    __DLIB_PERTHREAD  inited   0x2000008c     0x88  localeconv.o [3]
    __DLIB_PERTHREAD  inited   0x20000114     0x74  setlocale.o [3]
    .data             inited   0x20000188     0x50  demo_fatfs.o [1]
    .data             inited   0x200001d8     0x48  usbh_usr.o [1]
    .data             inited   0x20000220     0x40  xfiles.o [3]
    .data             inited   0x20000260     0x1c  malloc.o [1]
    .data             inited   0x2000027c     0x10  stm32f4xx_rcc.o [1]
    .data             inited   0x2000028c     0x10  usbh_msc_core.o [1]
    .data             inited   0x2000029c      0xc  usbh_core.o [1]
    .data             inited   0x200002a8      0x4  port.o [1]
    .data             inited   0x200002ac      0x4  system_stm32f4xx.o [1]
    .data             inited   0x200002b0      0x4  usbh_core.o [1]
    __DLIB_PERTHREAD  inited   0x200002b4      0x4  errno.o [3]
    .data             inited   0x200002b8      0x2  bsp_w25qxx.o [1]
    .data             inited   0x200002ba      0x1  apptask.o [1]
    .data             inited   0x200002bb      0x1  encoder_tim.o [1]
    .data             inited   0x200002bc      0x1  page_weimi.o [1]
    .data             inited   0x200002bd      0x1  usbh_msc_scsi.o [1]
  .bss                zero     0x200002c0  0x10c00  heap_4.o [1]
  .bss                zero     0x20010ec0   0xa000  malloc.o [1]
  .bss                zero     0x2001aec0   0x1000  bsp_w25qxx.o [1]
  .bss                zero     0x2001bec0    0xa00  malloc.o [1]
  .bss                zero     0x2001c8c0    0x5ac  usbh_usr.o [1]
  .bss                zero     0x2001ce6c    0x5ac  usbh_usr.o [1]
  .bss                zero     0x2001d418    0x3e8  bsp_uart_fifo.o [1]
  .bss                zero     0x2001d800    0x3e8  esp8266_handler.o [1]
  .bss                zero     0x2001dbe8    0x3e8  esp8266_handler.o [1]
  .bss                zero     0x2001dfd0    0x3e8  pub0sub1.o [1]
  .bss                zero     0x2001e3b8    0x200  ff.o [1]
  .bss                zero     0x2001e5b8    0x200  usbh_msc_scsi.o [1]
  .bss                zero     0x2001e7b8    0x200  usbh_stdreq.o [1]
  .bss                zero     0x2001e9b8    0x168  tasks.o [1]
  .bss                zero     0x2001eb20    0x12c  page_weimi.o [1]
  .bss                zero     0x2001ec4c    0x11c  protocol.o [1]
  .bss                zero     0x2001ed68     0xd4  protocol.o [1]
  .bss                zero     0x2001ee3c     0xd0  protocol.o [1]
  .bss                zero     0x2001ef0c     0xb0  para.o [1]
  .bss                zero     0x2001efbc     0x94  usbh_usr.o [1]
  .bss                zero     0x2001f050     0x68  esp8266_handler.o [1]
  .bss                zero     0x2001f0b8     0x64  bsp_uart_fifo.o [1]
  .bss                zero     0x2001f11c     0x64  bsp_uart_fifo.o [1]
  .bss                zero     0x2001f180     0x58  bsp_sdio_sd.o [1]
  .bss                zero     0x2001f1d8     0x50  xfiles.o [3]
  .bss                zero     0x2001f228     0x4c  usbh_msc_core.o [1]
  .bss                zero     0x2001f274     0x40  page_weimi.o [1]
  .bss                zero     0x2001f2b4     0x40  pub0sub1.o [1]
  .bss                zero     0x2001f2f4     0x34  bsp_sdwe050c17.o [1]
  .bss                zero     0x2001f328     0x30  product_cal.o [1]
  .bss                zero     0x2001f358     0x28  product_cal.o [1]
  .bss                zero     0x2001f380     0x24  ff.o [1]
  .bss                zero     0x2001f3a4     0x20  pub0sub1.o [1]
  .bss                zero     0x2001f3c4     0x20  usbh_msc_bot.o [1]
  .bss                zero     0x2001f3e4     0x1c  encoder_tim.o [1]
  .bss                zero     0x2001f400     0x18  bsp_sdio_sd.o [1]
  .bss                zero     0x2001f418     0x18  bsp_sdio_sd.o [1]
  .bss                zero     0x2001f430     0x14  bsp_sdio_sd.o [1]
  .bss                zero     0x2001f444     0x14  rc522.o [1]
  .bss                zero     0x2001f458     0x14  tasks.o [1]
  .bss                zero     0x2001f46c     0x14  tasks.o [1]
  .bss                zero     0x2001f480     0x14  tasks.o [1]
  .bss                zero     0x2001f494     0x14  tasks.o [1]
  .bss                zero     0x2001f4a8     0x14  tasks.o [1]
  .bss                zero     0x2001f4bc     0x14  timers.o [1]
  .bss                zero     0x2001f4d0     0x14  timers.o [1]
  .bss                zero     0x2001f4e4     0x10  bsp_key.o [1]
  .bss                zero     0x2001f4f4     0x10  bsp_key.o [1]
  .bss                zero     0x2001f504     0x10  bsp_sdio_sd.o [1]
  .bss                zero     0x2001f514     0x10  bsp_sdio_sd.o [1]
  .bss                zero     0x2001f524     0x10  usbh_msc_bot.o [1]
  .bss                zero     0x2001f534     0x10  usbh_msc_bot.o [1]
  .bss                zero     0x2001f544     0x10  usbh_msc_scsi.o [1]
  .bss                zero     0x2001f554      0xc  apptask.o [1]
  .bss                zero     0x2001f560      0xc  apptask.o [1]
  .bss                zero     0x2001f56c      0xc  apptask.o [1]
  .bss                zero     0x2001f578      0xc  apptask.o [1]
  .bss                zero     0x2001f584      0xc  ff.o [1]
  .bss                zero     0x2001f590      0xc  protocol.o [1]
  .bss                zero     0x2001f59c      0xc  protocol.o [1]
  .bss                zero     0x2001f5a8      0xc  protocol.o [1]
  .bss                zero     0x2001f5b4      0xc  pub0sub1.o [1]
  .bss                zero     0x2001f5c0      0x8  heap_4.o [1]
  .bss                zero     0x2001f5c8      0x8  modbus.o [1]
  .bss                zero     0x2001f5d0      0x8  protocol.o [1]
  .bss                zero     0x2001f5d8      0x8  pub0sub1.o [1]
  .bss                zero     0x2001f5e0      0x4  apptask.o [1]
  .bss                zero     0x2001f5e4      0x4  apptask.o [1]
  .bss                zero     0x2001f5e8      0x4  apptask.o [1]
  .bss                zero     0x2001f5ec      0x4  apptask.o [1]
  .bss                zero     0x2001f5f0      0x4  apptask.o [1]
  .bss                zero     0x2001f5f4      0x4  apptask.o [1]
  .bss                zero     0x2001f5f8      0x4  apptask.o [1]
  .bss                zero     0x2001f5fc      0x4  apptask.o [1]
  .bss                zero     0x2001f600      0x4  apptask.o [1]
  .bss                zero     0x2001f604      0x4  apptask.o [1]
  .bss                zero     0x2001f608      0x4  apptask.o [1]
  .bss                zero     0x2001f60c      0x4  apptask.o [1]
  .bss                zero     0x2001f610      0x4  apptask.o [1]
  .bss                zero     0x2001f614      0x4  apptask.o [1]
  .bss                zero     0x2001f618      0x4  apptask.o [1]
  .bss                zero     0x2001f61c      0x4  apptask.o [1]
  .bss                zero     0x2001f620      0x4  apptask.o [1]
  .bss                zero     0x2001f624      0x4  apptask.o [1]
  .bss                zero     0x2001f628      0x4  apptask.o [1]
  .bss                zero     0x2001f62c      0x4  apptask.o [1]
  .bss                zero     0x2001f630      0x4  apptask.o [1]
  .bss                zero     0x2001f634      0x4  apptask.o [1]
  .bss                zero     0x2001f638      0x4  apptask.o [1]
  .bss                zero     0x2001f63c      0x4  apptask.o [1]
  .bss                zero     0x2001f640      0x4  apptask.o [1]
  .bss                zero     0x2001f644      0x4  apptask.o [1]
  .bss                zero     0x2001f648      0x4  apptask.o [1]
  .bss                zero     0x2001f64c      0x4  apptask.o [1]
  .bss                zero     0x2001f650      0x4  bsp_sdio_sd.o [1]
  .bss                zero     0x2001f654      0x4  bsp_sdio_sd.o [1]
  .bss                zero     0x2001f658      0x4  bsp_sdio_sd.o [1]
  .bss                zero     0x2001f65c      0x4  bsp_sdio_sd.o [1]
  .bss                zero     0x2001f660      0x4  bsp_sdio_sd.o [1]
  .bss                zero     0x2001f664      0x4  bsp_timer.o [1]
  .bss                zero     0x2001f668      0x4  bsp_timer.o [1]
  .bss                zero     0x2001f66c      0x4  bsp_timer.o [1]
  .bss                zero     0x2001f670      0x4  bsp_timer.o [1]
  .bss                zero     0x2001f674      0x4  esp8266_handler.o [1]
  .bss                zero     0x2001f678      0x4  esp8266_handler.o [1]
  .bss                zero     0x2001f67c      0x4  esp8266_handler.o [1]
  .bss                zero     0x2001f680      0x4  heap_4.o [1]
  .bss                zero     0x2001f684      0x4  heap_4.o [1]
  .bss                zero     0x2001f688      0x4  heap_4.o [1]
  .bss                zero     0x2001f68c      0x4  heap_4.o [1]
  .bss                zero     0x2001f690      0x4  MQTTPacket.o [1]
  .bss                zero     0x2001f694      0x4  page_weimi.o [1]
  .bss                zero     0x2001f698      0x4  page_weimi.o [1]
  .bss                zero     0x2001f69c      0x4  port.o [1]
  .bss                zero     0x2001f6a0      0x4  product_cal.o [1]
  .bss                zero     0x2001f6a4      0x4  product_cal.o [1]
  .bss                zero     0x2001f6a8      0x4  pub0sub1.o [1]
  .bss                zero     0x2001f6ac      0x4  SysInfoTest.o [1]
  .bss                zero     0x2001f6b0      0x4  tasks.o [1]
  .bss                zero     0x2001f6b4      0x4  tasks.o [1]
  .bss                zero     0x2001f6b8      0x4  tasks.o [1]
  .bss                zero     0x2001f6bc      0x4  tasks.o [1]
  .bss                zero     0x2001f6c0      0x4  tasks.o [1]
  .bss                zero     0x2001f6c4      0x4  tasks.o [1]
  .bss                zero     0x2001f6c8      0x4  tasks.o [1]
  .bss                zero     0x2001f6cc      0x4  tasks.o [1]
  .bss                zero     0x2001f6d0      0x4  tasks.o [1]
  .bss                zero     0x2001f6d4      0x4  tasks.o [1]
  .bss                zero     0x2001f6d8      0x4  tasks.o [1]
  .bss                zero     0x2001f6dc      0x4  tasks.o [1]
  .bss                zero     0x2001f6e0      0x4  tasks.o [1]
  .bss                zero     0x2001f6e4      0x4  tasks.o [1]
  .bss                zero     0x2001f6e8      0x4  tasks.o [1]
  .bss                zero     0x2001f6ec      0x4  tasks.o [1]
  .bss                zero     0x2001f6f0      0x4  timer_platform.o [1]
  .bss                zero     0x2001f6f4      0x4  timers.o [1]
  .bss                zero     0x2001f6f8      0x4  timers.o [1]
  .bss                zero     0x2001f6fc      0x4  timers.o [1]
  .bss                zero     0x2001f700      0x4  timers.o [1]
  .bss                zero     0x2001f704      0x4  usbh_msc_bot.o [1]
  .bss                zero     0x2001f708      0x4  usbh_msc_bot.o [1]
  .bss                zero     0x2001f70c      0x4  usbh_msc_bot.o [1]
  .bss                zero     0x2001f710      0x4  usbh_msc_bot.o [1]
  .bss                zero     0x2001f714      0x2  apptask.o [1]
  .bss                zero     0x2001f716      0x2  apptask.o [1]
  .bss                zero     0x2001f718      0x2  apptask.o [1]
  .bss                zero     0x2001f71a      0x2  apptask.o [1]
  .bss                zero     0x2001f71c      0x2  apptask.o [1]
  .bss                zero     0x2001f71e      0x2  apptask.o [1]
  .bss                zero     0x2001f720      0x2  apptask.o [1]
  .bss                zero     0x2001f722      0x2  apptask.o [1]
  .bss                zero     0x2001f724      0x2  bsp_sdwe050c17.o [1]
  .bss                zero     0x2001f726      0x2  encoder_tim.o [1]
  .bss                zero     0x2001f728      0x2  encoder_tim.o [1]
  .bss                zero     0x2001f72a      0x2  ff.o [1]
  .bss                zero     0x2001f72c      0x2  page_weimi.o [1]
  .bss                zero     0x2001f72e      0x2  page_weimi.o [1]
  .bss                zero     0x2001f730      0x2  product_cal.o [1]
  .bss                zero     0x2001f732      0x2  usbh_core.o [1]
  .bss                zero     0x2001f734      0x2  usbh_stdreq.o [1]
  .bss                zero     0x2001f736      0x1  apptask.o [1]
  .bss                zero     0x2001f737      0x1  apptask.o [1]
  .bss                zero     0x2001f738      0x1  apptask.o [1]
  .bss                zero     0x2001f739      0x1  apptask.o [1]
  .bss                zero     0x2001f73a      0x1  apptask.o [1]
  .bss                zero     0x2001f73b      0x1  apptask.o [1]
  .bss                zero     0x2001f73c      0x1  apptask.o [1]
  .bss                zero     0x2001f73d      0x1  apptask.o [1]
  .bss                zero     0x2001f73e      0x1  apptask.o [1]
  .bss                zero     0x2001f73f      0x1  apptask.o [1]
  .bss                zero     0x2001f740      0x1  apptask.o [1]
  .bss                zero     0x2001f741      0x1  apptask.o [1]
  .bss                zero     0x2001f742      0x1  apptask.o [1]
  .bss                zero     0x2001f743      0x1  apptask.o [1]
  .bss                zero     0x2001f744      0x1  bsp_sdio_sd.o [1]
  .bss                zero     0x2001f745      0x1  bsp_sdwe050c17.o [1]
  .bss                zero     0x2001f746      0x1  bsp_uart_fifo.o [1]
  .bss                zero     0x2001f747      0x1  esp8266_handler.o [1]
  .bss                zero     0x2001f748      0x1  esp8266_handler.o [1]
  .bss                zero     0x2001f749      0x1  esp8266_handler.o [1]
  .bss                zero     0x2001f74a      0x1  page_weimi.o [1]
  .bss                zero     0x2001f74b      0x1  page_weimi.o [1]
  .bss                zero     0x2001f74c      0x1  page_weimi.o [1]
  .bss                zero     0x2001f74d      0x1  page_weimi.o [1]
  .bss                zero     0x2001f74e      0x1  page_weimi.o [1]
  .bss                zero     0x2001f74f      0x1  port.o [1]
  .bss                zero     0x2001f750      0x1  product_cal.o [1]
  .bss                zero     0x2001f751      0x1  product_cal.o [1]
  .bss                zero     0x2001f752      0x1  protocol.o [1]
  .bss                zero     0x2001f753      0x1  pub0sub1.o [1]
  .bss                zero     0x2001f754      0x1  pub0sub1.o [1]
  .bss                zero     0x2001f755      0x1  rc522.o [1]
  .bss                zero     0x2001f756      0x1  rc522.o [1]
  .bss                zero     0x2001f757      0x1  usbh_msc_bot.o [1]
  .bss                zero     0x2001f758      0x1  usbh_msc_core.o [1]
  .bss                zero     0x2001f759      0x1  usbh_msc_core.o [1]
  .bss                zero     0x2001f75a      0x1  usbh_stdreq.o [1]
  .bss                zero     0x2001f75b      0x1  usbh_usr.o [1]
  CSTACK                       0x2001f760    0x800  <Block>
    CSTACK            uninit   0x2001f760    0x800  <Block tail>
                             - 0x2001ff60  0x1ff60

Absolute sections:                         0xff000
  .bss                zero     0x68000000  0xf0000  malloc.o [1]
  .bss                zero     0x680f0000   0xf000  malloc.o [1]
                             - 0x680ff000  0xff000


*******************************************************************************
*** INIT TABLE
***

          Address     Size
          -------     ----
Zero (__iar_zero_init3)
    2 destination ranges, total size 0x11e49c:
          0x200002c0  0x1f49c
          0x68000000  0xff000

Copy/packbits (__iar_packbits_init3)
    1 source range, total size 0x126 (41% of destination):
          0x0804bf98    0x126
    1 destination range, total size 0x2be:
          0x20000000    0x2be



*******************************************************************************
*** MODULE SUMMARY
***

    Module                    ro code  ro data  rw data    rw data
                                                            (abs)
    ------                    -------  -------  -------    -------
F:\work\YarnControl_Driver\src\stm32f4_rtos\Project\EWARMv7\Flash\Obj: [1]
    MQTTConnectClient.o           774       36
    MQTTDeserializePublish.o      188        4
    MQTTPacket.o                  656        4        4
    MQTTSerializePublish.o        236        4
    MQTTSubscribeClient.o         400        8
    SysInfoTest.o                  44                 4
    apptask.o                  31 752    3 536      191
    bkp_pwr.o                     392
    bsp.o                          92
    bsp_closeSW.o                 220
    bsp_dac.o                     200
    bsp_dwt.o                     116
    bsp_key.o                     538                32
    bsp_led.o                     192
    bsp_relay.o                    68
    bsp_sdio_sd.o               6 744               209
    bsp_sdwe050c17.o            5 708       36       55
    bsp_servomotor.o              644
    bsp_spi.o                     292
    bsp_stepmotor.o             1 276
    bsp_sw_onoff.o                 68
    bsp_timer.o                   516                16
    bsp_uart_fifo.o             2 724             1 201
    bsp_w25qxx.o                  896        9    4 098
    bsp_watchdog.o                  8
    cc936.o                       244  176 320
    demo_fatfs.o                           725       80
    des.o                       1 274      844
    diskio.o                      740
    encoder_tim.o                 704        1       33
    esp8266_handler.o           1 044      324    2 119
    esp8266_init.o                124
    event_groups.o                610
    ff.o                        9 368       36      562
    heap_4.o                      640        4   68 632
    iic_smec98sp.o                910
    list.o                        152
    main.o                         48       32
    malloc.o                      540       36   43 548  1 044 480
    mcheck.o                      184      768
    misc.o                        136
    modbus.o                      872                 8
    page_weimi.o                1 580       12      382
    para.o                      5 490      284      176
    port.o                        588        6        9
    portasm.o                     168
    product_cal.o               1 712      400      100
    protocol.o                    156               749
    pub0sub1.o                  1 076      472    1 122
    queue.o                     1 992
    rc522.o                       238                22
    smec98sp.o                  1 198      256
    startup_stm32f40_41xxx.o      680
    stm32f4xx_adc.o               438
    stm32f4xx_dac.o               124
    stm32f4xx_dma.o               796
    stm32f4xx_exti.o              192
    stm32f4xx_gpio.o              300
    stm32f4xx_it.o                 56       44
    stm32f4xx_iwdg.o               16
    stm32f4xx_pwr.o                12
    stm32f4xx_rcc.o               488        7       16
    stm32f4xx_rtc.o                60
    stm32f4xx_sdio.o              380
    stm32f4xx_spi.o               116
    stm32f4xx_syscfg.o             84
    stm32f4xx_tim.o             1 782
    stm32f4xx_usart.o             596
    system_stm32f4xx.o            340        2        4
    tasks.o                     3 296        8      524
    timer_platform.o               64                 4
    timers.o                    1 188        8       56
    transport.o                   108
    usb_bsp.o                     332
    usb_core.o                  2 640
    usb_hcd.o                     214
    usb_hcd_int.o               3 198
    usbh_core.o                 1 888        6       18
    usbh_hcs.o                    442
    usbh_ioreq.o                  582
    usbh_it.o                      16
    usbh_msc_bot.o              1 364                81
    usbh_msc_core.o             1 000        6       94
    usbh_msc_scsi.o             1 560        1      529
    usbh_stdreq.o               1 078               515
    usbh_usr.o                    418      586    3 125
    --------------------------------------------------------------
    Total:                    112 380  184 825  128 318  1 044 480

command line: [2]
    --------------------------------------------------------------
    Total:

dl7M_tlf.a: [3]
    abort.o                         6
    div.o                          14
    errno.o                        12        2        4
    exit.o                          4
    isxxx.o                        40
    localeconv.o                  108       57      136
    printf.o                       36
    putchar.o                      12
    rand.o                        224       58      140
    setlocale.o                    24       49      116
    snprintf.o                     68
    sprintf.o                      52
    srand.o                        32
    sscanf.o                       36
    strcat.o                       28
    strstr.o                       44
    tolower.o                      20
    xfiles.o                                27      144
    xlocale_c.o                    54
    xprintffull_nomb.o          3 478
    xprout.o                       22
    xscanffull_nomb.o           2 916
    xsnprout.o                     26
    xsprout.o                      10
    xsscin.o                       30
    xstoflt.o                     440
    xstoll.o                      164
    xstopfx.o                     292
    xstoull.o                     432
    xstoxflt.o                    536
    xtls.o                          2
    --------------------------------------------------------------
    Total:                      9 162      193      540

m7M_tls.a: [4]
    DblAdd.o                      232
    DblCmpEq.o                     32
    DblCmpGe.o                     46
    DblCmpLe.o                     46
    DblDiv.o                      598
    DblMul.o                      418
    DblSub.o                      384
    DblToFlt.o                    144
    DblToI32.o                     88
    FltToDbl.o                     78
    I32ToDbl.o                     48
    fpinit_M.o                     34
    xdnorm.o                       66
    xdscale.o                     276
    xdtento.o                     512
    xdunscal.o                     82
    xstold.o                      360
    --------------------------------------------------------------
    Total:                      3 444

rt7M_tl.a: [5]
    ABImemclr4.o                    6
    ABImemcpy_unaligned.o         118
    ABImemset.o                   102
    ABImemset48.o                  50
    I64DivMod.o                   306
    I64DivZer.o                     2
    cexit.o                        10
    cmain.o                        26
    cstartup_M.o                   12
    data_init.o                    40
    memchr.o                       88
    memcmp_unaligned.o             98
    packbits_init.o               208
    strchr.o                       22
    strcmp_unaligned.o             66
    strcpy_unaligned.o             68
    strlen.o                       54
    zero_init3.o                   64
    --------------------------------------------------------------
    Total:                      1 340

shb_l.a: [6]
    exit.o                         20
    --------------------------------------------------------------
    Total:                         20

    Gaps                           66        4        2
    Linker created                          52    2 048
------------------------------------------------------------------
    Grand Total:              126 412  185 074  130 908  1 044 480


*******************************************************************************
*** ENTRY LIST
***

Entry                      Address     Size  Type      Object
-----                      -------     ----  ----      ------
.iar.init_table$$Base   0x0804ad6c            --   Gb  - Linker created -
.iar.init_table$$Limit  0x0804ada0            --   Gb  - Linker created -
?main                   0x0804b1e1           Code  Gb  cmain.o [5]
ADC_Cmd                 0x0804874b     0x1a  Code  Gb  stm32f4xx_adc.o [1]
ADC_CommonInit          0x08048729     0x22  Code  Gb  stm32f4xx_adc.o [1]
ADC_GetFlagStatus       0x08048875     0x1a  Code  Gb  stm32f4xx_adc.o [1]
ADC_Init                0x080486d9     0x50  Code  Gb  stm32f4xx_adc.o [1]
ADC_RegularChannelConfig
                        0x08048765     0xf6  Code  Gb  stm32f4xx_adc.o [1]
ADC_SoftwareStartConv   0x0804885b      0xa  Code  Gb  stm32f4xx_adc.o [1]
APBAHBPrescTable        0x2000027c     0x10  Data  Lc  stm32f4xx_rcc.o [1]
AppObjCreate            0x08031d8d    0x190  Code  Gb  apptask.o [1]
AppTaskCreate           0x08031b49    0x232  Code  Gb  apptask.o [1]
BOTStallErrorCount      0x2001f704      0x4  Data  Lc  usbh_msc_bot.o [1]
BusFault_Handler        0x0804a82f      0x2  Code  Gb  stm32f4xx_it.o [1]
CID_Tab                 0x2001f514     0x10  Data  Lc  bsp_sdio_sd.o [1]
CLIENT_ID               0x2001f3a4     0x20  Data  Gb  pub0sub1.o [1]
CRC16HiTable            0x0804a1a4    0x100  Data  Gb  mcheck.o [1]
CRC16LoTable            0x0804a2a4    0x100  Data  Gb  mcheck.o [1]
CRC8Table               0x0804a3a4    0x100  Data  Gb  mcheck.o [1]
CSD_Tab                 0x2001f504     0x10  Data  Lc  bsp_sdio_sd.o [1]
CSTACK$$Base            0x2001f760            --   Gb  - Linker created -
CSTACK$$Limit           0x2001ff60            --   Gb  - Linker created -
CardType                0x2001f650      0x4  Data  Lc  bsp_sdio_sd.o [1]
ChannengMQTTPackage     0x080349b5     0x7e  Code  Gb  product_cal.o [1]
CmdError                0x08044ee1     0x38  Code  Lc  bsp_sdio_sd.o [1]
CmdResp1Error           0x08044f85    0x112  Code  Lc  bsp_sdio_sd.o [1]
CmdResp2Error           0x080450d5     0x52  Code  Lc  bsp_sdio_sd.o [1]
CmdResp3Error           0x08045097     0x3e  Code  Lc  bsp_sdio_sd.o [1]
CmdResp6Error           0x08045127     0xa6  Code  Lc  bsp_sdio_sd.o [1]
CmdResp7Error           0x08044f19     0x58  Code  Lc  bsp_sdio_sd.o [1]
ConfigExitNVIC          0x0803bd6b     0x22  Code  Gb  bsp_closeSW.o [1]
ConfigUartNVIC          0x0803de73     0x7c  Code  Lc  bsp_uart_fifo.o [1]
ConnectTcp              0x0803c777     0x48  Code  Gb  esp8266_handler.o [1]
DAC_Cmd                 0x0804043b     0x26  Code  Gb  stm32f4xx_dac.o [1]
DAC_Init                0x08040409     0x32  Code  Gb  stm32f4xx_dac.o [1]
DAC_SetChannel1Data     0x08040461     0x1e  Code  Gb  stm32f4xx_dac.o [1]
DMA1_Stream0_IRQHandler
                        0x080388ed     0x1c  Code  Gb  bsp_servomotor.o [1]
DMA1_Stream3_IRQHandler
                        0x08038909     0x1c  Code  Gb  bsp_servomotor.o [1]
DMA2_Stream3_IRQHandler
                        0x080457c9      0x8  Code  Gb  bsp_sdio_sd.o [1]
DMAEndOfTransfer        0x2001f660      0x4  Data  Gb  bsp_sdio_sd.o [1]
DMA_ClearFlag           0x08040667     0x24  Code  Gb  stm32f4xx_dma.o [1]
DMA_Cmd                 0x0804061d     0x1a  Code  Gb  stm32f4xx_dma.o [1]
DMA_DeInit              0x08040485    0x140  Code  Gb  stm32f4xx_dma.o [1]
DMA_FlowControllerConfig
                        0x08040637     0x18  Code  Gb  stm32f4xx_dma.o [1]
DMA_GetCmdStatus        0x0804064f     0x18  Code  Gb  stm32f4xx_dma.o [1]
DMA_GetITStatus         0x080406cd     0x62  Code  Gb  stm32f4xx_dma.o [1]
DMA_ITConfig            0x0804068b     0x42  Code  Gb  stm32f4xx_dma.o [1]
DMA_Init                0x080405c5     0x58  Code  Gb  stm32f4xx_dma.o [1]
Dac1_Init               0x08037f95     0x5a  Code  Gb  bsp_dac.o [1]
Dac1_Set_Vol            0x08037ff1     0x58  Code  Gb  bsp_dac.o [1]
DebugMon_Handler        0x0804a833      0x2  Code  Gb  stm32f4xx_it.o [1]
DesE                    0x0804a8f8     0x30  Data  Gb  des.o [1]
DesIp                   0x0804a6cc     0x40  Data  Gb  des.o [1]
DesIp_1                 0x0804a70c     0x40  Data  Gb  des.o [1]
DesP                    0x0804ae60     0x20  Data  Gb  des.o [1]
DesPc_1                 0x0804a7c4     0x38  Data  Gb  des.o [1]
DesPc_2                 0x0804a928     0x30  Data  Gb  des.o [1]
DesRots                 0x0804b614     0x14  Data  Gb  des.o [1]
DesS                    0x08049cc0    0x200  Data  Gb  des.o [1]
DiskFile_init           0x0803bc4d     0x40  Code  Gb  protocol.o [1]
Disk_File               0x2001ed68     0xd4  Data  Gb  protocol.o [1]
ENC_Calc_Average_Speed  0x08037ecd     0x4c  Code  Gb  encoder_tim.o [1]
ENC_Calc_Rot_Speed      0x08037de3     0xea  Code  Gb  encoder_tim.o [1]
ENC_Clear_Speed_Buffer  0x08037dc7     0x1c  Code  Gb  encoder_tim.o [1]
ENC_Init                0x08037cd5     0xf2  Code  Gb  encoder_tim.o [1]
ESP8266_Enable_MultipleId
                        0x0803c6a3     0x40  Code  Gb  esp8266_handler.o [1]
ESP8266_JoinAP          0x0803c73f     0x38  Code  Gb  esp8266_handler.o [1]
ESP8266_Net_Mode_Choose
                        0x0803c6e3     0x5c  Code  Gb  esp8266_handler.o [1]
EXTI9_5_IRQHandler      0x0803bd8d     0x3c  Code  Gb  bsp_closeSW.o [1]
EXTI_ClearITPendingBit  0x080417ab      0x6  Code  Gb  stm32f4xx_exti.o [1]
EXTI_GetITStatus        0x08041791     0x1a  Code  Gb  stm32f4xx_exti.o [1]
EXTI_Init               0x08041709     0x88  Code  Gb  stm32f4xx_exti.o [1]
Esp8266_GetTcpStatus    0x0803c9e5     0x12  Code  Gb  esp8266_handler.o [1]
Esp8266_Tcp_Send        0x0803c99f     0x46  Code  Gb  esp8266_handler.o [1]
FR_Table                0x20000188     0x50  Data  Gb  demo_fatfs.o [1]
FatFs                   0x2001f584      0xc  Data  Lc  ff.o [1]
Files                   0x2001f380     0x24  Data  Lc  ff.o [1]
FindSCR                 0x08045375    0x206  Code  Lc  bsp_sdio_sd.o [1]
Fsid                    0x2001f72a      0x2  Data  Lc  ff.o [1]
GPIO_Init               0x08037ba9     0xaa  Code  Gb  stm32f4xx_gpio.o [1]
GPIO_PinAFConfig        0x08037c7b     0x5a  Code  Gb  stm32f4xx_gpio.o [1]
GPIO_ReadInputDataBit   0x08037c53     0x1a  Code  Gb  stm32f4xx_gpio.o [1]
GPIO_WriteBit           0x08037c6d      0xe  Code  Gb  stm32f4xx_gpio.o [1]
GetStm32Uid             0x08048309     0x62  Code  Gb  smec98sp.o [1]
Get_Adc_RandomSeek      0x08048229     0x4e  Code  Gb  smec98sp.o [1]
HCD_GetCurrentFrame     0x0804097d      0x8  Code  Gb  usb_hcd.o [1]
HCD_GetCurrentSpeed     0x0804095f     0x10  Code  Gb  usb_hcd.o [1]
HCD_GetURB_State        0x08040985      0xa  Code  Gb  usb_hcd.o [1]
HCD_GetXferCnt          0x0804098f      0xc  Code  Gb  usb_hcd.o [1]
HCD_Init                0x080408ed     0x72  Code  Gb  usb_hcd.o [1]
[...]
mem_cpy                 0x0803924d     0x1c  Code  Lc  ff.o [1]
mem_set                 0x08039269     0x16  Code  Lc  ff.o [1]
memblksize              0x0804bd70      0x8  Data  Gb  malloc.o [1]
memchr                  0x08043099           Code  Gb  memchr.o [5]
memsize                 0x0804bd78      0x8  Data  Gb  malloc.o [1]
memtblsize              0x0804bd68      0x8  Data  Gb  malloc.o [1]
modbus_send_frame       0x0803bb4b     0xf6  Code  Gb  modbus.o [1]
move_window             0x08039541     0x40  Code  Lc  ff.o [1]
movram                  0x08047d2d     0x1e  Code  Gb  des.o [1]
mqttSubscribeData       0x2001d800    0x3e8  Data  Gb  esp8266_handler.o [1]
mqtt_status             0x2001f5d8      0x8  Data  Gb  pub0sub1.o [1]
my_mem_free             0x08037447     0x6c  Code  Gb  malloc.o [1]
my_mem_init             0x0803730b     0x42  Code  Gb  malloc.o [1]
my_mem_malloc           0x0803738b     0xbc  Code  Gb  malloc.o [1]
my_mem_perused          0x0803734d     0x3e  Code  Gb  malloc.o [1]
myfree                  0x080374b3     0x24  Code  Gb  malloc.o [1]
mymalloc                0x080374d7     0x2a  Code  Gb  malloc.o [1]
mymemset                0x080372f5     0x16  Code  Gb  malloc.o [1]
ndigs                   0x080465c4     0x28  Data  Lc  xstoull.o [3]
netDeviceInfo_t         0x2001f050     0x68  Data  Gb  esp8266_handler.o [1]
net_device_send_cmd     0x0803c655     0x4e  Code  Gb  esp8266_handler.o [1]
obuf                    0x2001f1d8     0x50  Data  Lc  xfiles.o [3]
oem2uni                 0x0801560c  0x15484  Data  Lc  cc936.o [1]
old_card_record         0x2001f73c      0x1  Data  Gb  apptask.o [1]
old_isWork              0x2001f738      0x1  Data  Gb  apptask.o [1]
old_is_stop             0x200002bc      0x1  Data  Gb  page_weimi.o [1]
old_plan_complete       0x2001f751      0x1  Data  Gb  product_cal.o [1]
old_system_state        0x200002ba      0x1  Data  Gb  apptask.o [1]
old_usb_disk_flag       0x2001f73a      0x1  Data  Gb  apptask.o [1]
old_wifi_flag           0x2001f748      0x1  Data  Gb  esp8266_handler.o [1]
para_init               0x08036185     0xae  Code  Gb  para.o [1]
pcInterruptPriorityRegisters
                        0x0804be84      0x4  Data  Lc  port.o [1]
peiliao_para            0x2001f328     0x30  Data  Gb  product_cal.o [1]
pick_lfn                0x08039d93     0x8c  Code  Lc  ff.o [1]
plan_complete           0x2001f750      0x1  Data  Gb  product_cal.o [1]
pluse_count             0x2001f716      0x2  Data  Gb  apptask.o [1]
pluse_step_src          0x2001f56c      0xc  Data  Gb  apptask.o [1]
pows                    0x08046dc8     0x48  Data  Lc  xdtento.o [4]
printf                  0x08037215     0x24  Code  Gb  printf.o [3]
product_complete_kilo   0x08034647     0x62  Code  Gb  product_cal.o [1]
product_complete_meter  0x0803462b     0x1c  Code  Gb  product_cal.o [1]
product_para            0x2001f358     0x28  Data  Gb  product_cal.o [1]
product_per_meter       0x080345a5     0x74  Code  Gb  product_cal.o [1]
prvAddCurrentTaskToDelayedList
                        0x08035739     0x48  Code  Lc  tasks.o [1]
prvAllocateTCBAndStack  0x08035781     0x5a  Code  Lc  tasks.o [1]
prvCheckForValidListAndQueue
                        0x0803d74f     0x52  Code  Lc  timers.o [1]
prvCheckTasksWaitingTermination
                        0x080356cf     0x66  Code  Lc  tasks.o [1]
prvCopyDataFromQueue    0x0803438d     0x30  Code  Lc  queue.o [1]
prvCopyDataToQueue      0x08034309     0x84  Code  Lc  queue.o [1]
prvDeleteTCB            0x080357db     0x12  Code  Lc  tasks.o [1]
prvGetNextExpireTime    0x0803d53b     0x2e  Code  Lc  timers.o [1]
prvHeapInit             0x0803eb41     0x6e  Code  Lc  heap_4.o [1]
prvIdleTask             0x080355e9     0x26  Code  Lc  tasks.o [1]
prvInitialiseTCBVariables
                        0x0803560f     0x6a  Code  Lc  tasks.o [1]
prvInitialiseTaskLists  0x08035679     0x56  Code  Lc  tasks.o [1]
prvInsertBlockIntoFreeList
                        0x0803ebaf     0x62  Code  Lc  heap_4.o [1]
prvInsertTimerInActiveList
                        0x0803d591     0x50  Code  Lc  timers.o [1]
prvIsQueueEmpty         0x08034427     0x20  Code  Lc  queue.o [1]
prvIsQueueFull          0x08034447     0x22  Code  Lc  queue.o [1]
prvProcessExpiredTimer  0x0803d453     0x5c  Code  Lc  timers.o [1]
prvProcessReceivedCommands
                        0x0803d5e1     0xde  Code  Lc  timers.o [1]
prvProcessTimerOrBlockTask
                        0x0803d4cb     0x70  Code  Lc  timers.o [1]
prvResetNextTaskUnblockTime
                        0x080357ed     0x26  Code  Lc  tasks.o [1]
prvSampleTimeNow        0x0803d569     0x28  Code  Lc  timers.o [1]
prvSwitchTimerLists     0x0803d6bf     0x90  Code  Lc  timers.o [1]
prvTaskExitError        0x0803e6f1     0x2a  Code  Lc  port.o [1]
prvTestWaitCondition    0x0803d2f7     0x24  Code  Lc  event_groups.o [1]
prvTimerTask            0x0803d4b1     0x1a  Code  Lc  timers.o [1]
prvUnlockQueue          0x080343bd     0x6a  Code  Lc  queue.o [1]
pub_topicString         0x2001f5b4      0xc  Data  Gb  pub0sub1.o [1]
put_fat                 0x0803978f    0x16c  Code  Gb  ff.o [1]
putchar                 0x0804b4dd      0xc  Code  Gb  putchar.o [3]
pvPortMalloc            0x0803e9b1    0x118  Code  Gb  heap_4.o [1]
pxCurrentTCB            0x2001f6b0      0x4  Data  Gb  tasks.o [1]
pxCurrentTimerList      0x2001f6f4      0x4  Data  Lc  timers.o [1]
pxDelayedTaskList       0x2001f6b4      0x4  Data  Lc  tasks.o [1]
pxEnd                   0x2001f680      0x4  Data  Lc  heap_4.o [1]
pxOverflowDelayedTaskList
                        0x2001f6b8      0x4  Data  Lc  tasks.o [1]
pxOverflowTimerList     0x2001f6f8      0x4  Data  Lc  timers.o [1]
pxPortInitialiseStack   0x0803e6cd     0x24  Code  Gb  port.o [1]
pxReadyTasksLists       0x2001e9b8    0x168  Data  Lc  tasks.o [1]
rand                    0x08048c41     0xe0  Code  Gb  rand.o [3]
rc522_cmd_anticoll      0x0803b889     0x5a  Code  Gb  rc522.o [1]
rc522_cmd_request       0x0803b835     0x54  Code  Gb  rc522.o [1]
readChar                0x08041c8f     0x10  Code  Gb  MQTTPacket.o [1]
readDisk                0x2001f73f      0x1  Data  Gb  apptask.o [1]
readFilenum             0x2001f740      0x1  Data  Gb  apptask.o [1]
readInt                 0x08041c73     0x1c  Code  Gb  MQTTPacket.o [1]
readMQTTLenString       0x08041d45     0x3c  Code  Gb  MQTTPacket.o [1]
readSlave               0x2001f560      0xc  Data  Gb  apptask.o [1]
read_bkp_para           0x0803be67     0x78  Code  Gb  bkp_pwr.o [1]
read_device_info        0x08035c41    0x30a  Code  Gb  para.o [1]
read_file_select        0x2001f5a8      0xc  Data  Gb  protocol.o [1]
read_from_disk          0x08036265    0xd74  Code  Gb  para.o [1]
remove_chain            0x080398fb     0x76  Code  Lc  ff.o [1]
reset_seg_to_1          0x0803826f     0xba  Code  Gb  page_weimi.o [1]
rfid_rev_buf            0x2001f444     0x14  Data  Gb  rc522.o [1]
rfid_rev_cnt            0x2001f756      0x1  Data  Gb  rc522.o [1]
rfid_rev_flag           0x2001f755      0x1  Data  Gb  rc522.o [1]
rtc_time                0x2001f5d0      0x8  Data  Gb  protocol.o [1]
s_TIM_CallBack1         0x2001f664      0x4  Data  Lc  bsp_timer.o [1]
s_TIM_CallBack2         0x2001f668      0x4  Data  Lc  bsp_timer.o [1]
s_TIM_CallBack3         0x2001f66c      0x4  Data  Lc  bsp_timer.o [1]
s_TIM_CallBack4         0x2001f670      0x4  Data  Lc  bsp_timer.o [1]
s_tBtn                  0x2001f4e4     0x10  Data  Lc  bsp_key.o [1]
s_tKey                  0x2001f4f4     0x10  Data  Lc  bsp_key.o [1]
sample_time             0x2001f714      0x2  Data  Gb  apptask.o [1]
sdew_weimi_page1        0x080335ed    0x28a  Code  Gb  bsp_sdwe050c17.o [1]
sdew_weimi_page2        0x08033889    0x1e6  Code  Gb  bsp_sdwe050c17.o [1]
sdew_weisha_page1       0x08033a75    0x100  Code  Gb  bsp_sdwe050c17.o [1]
sdew_weisha_page2       0x08033b79    0x100  Code  Gb  bsp_sdwe050c17.o [1]
selectbits              0x08047df7     0x42  Code  Gb  des.o [1]
semc_adc_Init           0x08048277     0x92  Code  Gb  smec98sp.o [1]
servo_diff              0x2001f644      0x4  Data  Gb  apptask.o [1]
servo_per_wei_src       0x2001f640      0x4  Data  Gb  apptask.o [1]
servo_speed_diff        0x2001f648      0x4  Data  Gb  apptask.o [1]
servomotor_guodu        0x2001f74a      0x1  Data  Gb  page_weimi.o [1]
servomotor_mode         0x2001f74b      0x1  Data  Gb  page_weimi.o [1]
setbit                  0x08047d6f     0x4c  Code  Gb  des.o [1]
shlc                    0x08047e39     0x68  Code  Gb  des.o [1]
shrc                    0x08047ea1     0x5e  Code  Gb  des.o [1]
slave_info              0x2001f554      0xc  Data  Gb  apptask.o [1]
snprintf                0x080417dd     0x44  Code  Gb  snprintf.o [3]
speed_diff              0x2001f578      0xc  Data  Gb  apptask.o [1]
speed_zhu               0x2001f72c      0x2  Data  Gb  page_weimi.o [1]
speed_zhu1              0x2001f72e      0x2  Data  Gb  page_weimi.o [1]
sprintf                 0x0803b6e5     0x34  Code  Gb  sprintf.o [3]
srand                   0x08048c21     0x20  Code  Gb  srand.o [3]
sscanf                  0x0803ed99     0x24  Code  Gb  sscanf.o [3]
st_clust                0x08039cc5     0x18  Code  Lc  ff.o [1]
stepmotor_guodu         0x2001f694      0x4  Data  Gb  page_weimi.o [1]
strans                  0x08047eff    0x168  Code  Gb  des.o [1]
strcat                  0x0803b719     0x1c  Code  Gb  strcat.o [3]
strchr                  0x08043081           Code  Gb  strchr.o [5]
strlen                  0x08037b71           Code  Gb  strlen.o [5]
strstr                  0x0803bce9     0x10  Code  Gb  para.o [1]
sum_sfn                 0x08039f99     0x20  Code  Lc  ff.o [1]
symbol                  0x2001f63c      0x4  Data  Gb  apptask.o [1]
symbol_servo            0x2001f741      0x1  Data  Gb  apptask.o [1]
sync_fs                 0x08039581     0xd8  Code  Lc  ff.o [1]
sync_window             0x080394e7     0x5a  Code  Lc  ff.o [1]
system_state_dis        0x08049ec0    0x190  Data  Gb  product_cal.o [1]
toStop                  0x2001f6a8      0x4  Data  Gb  pub0sub1.o [1]
tolower                 0x08046921     0x14  Code  Gb  tolower.o [3]
total_meter_gross       0x2001f6a0      0x4  Data  Gb  product_cal.o [1]
total_weight_gross      0x2001f6a4      0x4  Data  Gb  product_cal.o [1]
transport_close         0x08041b79     0x12  Code  Gb  transport.o [1]
transport_getdata       0x08041b65     0x14  Code  Gb  transport.o [1]
transport_sendPacketBuffer
                        0x08041b29     0x3c  Code  Gb  transport.o [1]
ucHeap                  0x200002c0  0x10c00  Data  Lc  heap_4.o [1]
ucMaxSysCallPriority    0x2001f74f      0x1  Data  Lc  port.o [1]
ulHighFrequencyTimerTicks
                        0x2001f6ac      0x4  Data  Gb  SysInfoTest.o [1]
ulMaxPRIGROUPValue      0x2001f69c      0x4  Data  Lc  port.o [1]
ulTaskSwitchedInTime    0x2001f6e8      0x4  Data  Lc  tasks.o [1]
ulTotalRunTime          0x2001f6ec      0x4  Data  Lc  tasks.o [1]
uni2oem                 0x08000188  0x15484  Data  Lc  cc936.o [1]
usb_disk_flag           0x2001f739      0x1  Data  Gb  apptask.o [1]
usbh_OpenMassStorage    0x08038949     0x14  Code  Gb  usbh_usr.o [1]
uxCriticalNesting       0x200002a8      0x4  Data  Lc  port.o [1]
uxCurrentNumberOfTasks  0x2001f6c0      0x4  Data  Lc  tasks.o [1]
uxListRemove            0x0803e989     0x28  Code  Gb  list.o [1]
uxPendedTicks           0x2001f6d0      0x4  Data  Lc  tasks.o [1]
uxSchedulerSuspended    0x2001f6e4      0x4  Data  Lc  tasks.o [1]
uxTaskNumber            0x2001f6dc      0x4  Data  Lc  tasks.o [1]
uxTaskResetEventItemValue
                        0x0803584d     0x20  Code  Gb  tasks.o [1]
uxTasksDeleted          0x2001f6bc      0x4  Data  Lc  tasks.o [1]
uxTopReadyPriority      0x2001f6c8      0x4  Data  Lc  tasks.o [1]
vAnalysisUartData       0x0803187d     0xca  Code  Gb  apptask.o [1]
vEsp8266_Main_Task      0x0803151d    0x21e  Code  Gb  apptask.o [1]
vListInitialise         0x0803e919     0x1e  Code  Gb  list.o [1]
vListInsert             0x0803e94f     0x3a  Code  Gb  list.o [1]
vListInsertEnd          0x0803e937     0x18  Code  Gb  list.o [1]
vMQTT_Handler_Task      0x08031741    0x138  Code  Gb  apptask.o [1]
vMQTT_Recive_Task       0x0803194d     0x7e  Code  Gb  apptask.o [1]
vMQTT_Tranmit_Task      0x080319d1     0xd0  Code  Gb  apptask.o [1]
vPortEnableVFP          0x0804248d           Code  Gb  portasm.o [1]
vPortEnterCritical      0x0803e7e7     0x3a  Code  Gb  port.o [1]
vPortExitCritical       0x0803e821     0x32  Code  Gb  port.o [1]
vPortFree               0x0803eac9     0x78  Code  Gb  heap_4.o [1]
vPortSetupTimerInterrupt
                        0x0803e87f      0xe  Code  Wk  port.o [1]
vPortStartFirstTask     0x08042475           Code  Gb  portasm.o [1]
vPortValidateInterruptPriority
                        0x0803e88d     0x4e  Code  Gb  port.o [1]
vQueueWaitForMessageRestricted
                        0x08034469     0x44  Code  Gb  queue.o [1]
vTaskDelay              0x08034e45     0x84  Code  Gb  tasks.o [1]
vTaskDelayUntil         0x08034d65     0xe0  Code  Gb  tasks.o [1]
vTaskFreq               0x08030ef9    0x618  Code  Lc  apptask.o [1]
vTaskManageCapacity     0x0802f949    0x520  Code  Gb  apptask.o [1]
vTaskMassStorage        0x0802e561    0x652  Code  Lc  apptask.o [1]
vTaskMissedYield        0x080355df      0xa  Code  Gb  tasks.o [1]
vTaskMotorControl       0x0802ff1d    0xfb8  Code  Lc  apptask.o [1]
vTaskMsgPro             0x0802f08d    0x4ce  Code  Lc  apptask.o [1]
vTaskPlaceOnEventList   0x08035245     0x74  Code  Gb  tasks.o [1]
vTaskPlaceOnEventListRestricted
                        0x0803537d     0x80  Code  Gb  tasks.o [1]
vTaskPlaceOnUnorderedEventList
                        0x080352d5     0xa8  Code  Gb  tasks.o [1]
vTaskReadDisk           0x0802f689    0x272  Code  Lc  apptask.o [1]
vTaskRev485             0x0802f579     0xd4  Code  Lc  apptask.o [1]
vTaskSetTimeOutState    0x08035529     0x26  Code  Gb  tasks.o [1]
vTaskStartScheduler     0x08034ec9     0x7e  Code  Gb  tasks.o [1]
vTaskSuspendAll         0x08034f47     0x10  Code  Gb  tasks.o [1]
vTaskSwitchContext      0x08035195     0xb0  Code  Gb  tasks.o [1]
vTaskTaskKey            0x08031aa5     0x82  Code  Gb  apptask.o [1]
vTaskTaskLCD            0x0802aa91   0x3aa2  Code  Gb  apptask.o [1]
vTaskTaskLED            0x0802ebf9     0x20  Code  Lc  apptask.o [1]
vTaskTaskRFID           0x0802ec19    0x410  Code  Lc  apptask.o [1]
valid_seg               0x2001f698      0x4  Data  Gb  page_weimi.o [1]
validate                0x0803ad3f     0x36  Code  Lc  ff.o [1]
weimi_para              0x2001eb20    0x12c  Data  Gb  page_weimi.o [1]
weisha_reset_to_seg1    0x08038329     0x30  Code  Gb  page_weimi.o [1]
wifi_flag               0x2001f747      0x1  Data  Gb  esp8266_handler.o [1]
work_idle_time          0x2001f730      0x2  Data  Gb  product_cal.o [1]
writeCString            0x08041cd5     0x2a  Code  Gb  MQTTPacket.o [1]
writeChar               0x08041c9f      0xc  Code  Gb  MQTTPacket.o [1]
writeInt                0x08041cab     0x2a  Code  Gb  MQTTPacket.o [1]
writeMQTTString         0x08041cff     0x46  Code  Gb  MQTTPacket.o [1]
write_bkp_para          0x0803bedf     0x6e  Code  Gb  bkp_pwr.o [1]
xActiveTimerList1       0x2001f4bc     0x14  Data  Lc  timers.o [1]
xActiveTimerList2       0x2001f4d0     0x14  Data  Lc  timers.o [1]
xBlockAllocatedBit      0x2001f68c      0x4  Data  Lc  heap_4.o [1]
xDelayedTaskList1       0x2001f458     0x14  Data  Lc  tasks.o [1]
xDelayedTaskList2       0x2001f46c     0x14  Data  Lc  tasks.o [1]
xEventGroupCreate       0x0803d0b9     0x1c  Code  Gb  event_groups.o [1]
xEventGroupSetBits      0x0803d221     0xd6  Code  Gb  event_groups.o [1]
xEventGroupWaitBits     0x0803d0d5    0x146  Code  Gb  event_groups.o [1]
xFreeBytesRemaining     0x2001f684      0x4  Data  Lc  heap_4.o [1]
xHandleTaskFreq         0x2001f604      0x4  Data  Gb  apptask.o [1]
xHandleTaskKey          0x2001f608      0x4  Data  Gb  apptask.o [1]
xHandleTaskLCD          0x2001f5e0      0x4  Data  Gb  apptask.o [1]
xHandleTaskLED          0x2001f5e4      0x4  Data  Gb  apptask.o [1]
xHandleTaskManageCapacity
                        0x2001f5fc      0x4  Data  Gb  apptask.o [1]
xHandleTaskMassStorage  0x2001f5ec      0x4  Data  Gb  apptask.o [1]
xHandleTaskMotorControl
                        0x2001f600      0x4  Data  Gb  apptask.o [1]
xHandleTaskMsgPro       0x2001f5f4      0x4  Data  Gb  apptask.o [1]
xHandleTaskRFID         0x2001f5e8      0x4  Data  Gb  apptask.o [1]
xHandleTaskReadDisk     0x2001f5f0      0x4  Data  Gb  apptask.o [1]
xHandleTaskRev485       0x2001f5f8      0x4  Data  Gb  apptask.o [1]
xHeapStructSize         0x0804be58      0x4  Data  Lc  heap_4.o [1]
xMinimumEverFreeBytesRemaining
                        0x2001f688      0x4  Data  Lc  heap_4.o [1]
xNextTaskUnblockTime    0x2001f6e0      0x4  Data  Lc  tasks.o [1]
xNumOfOverflows         0x2001f6d8      0x4  Data  Lc  tasks.o [1]
xPendingReadyList       0x2001f480     0x14  Data  Lc  tasks.o [1]
xPortStartScheduler     0x0803e71b     0xcc  Code  Gb  port.o [1]
xQueueGenericCreate     0x08033d75     0x7e  Code  Gb  queue.o [1]
xQueueGenericReceive    0x08034169    0x19c  Code  Gb  queue.o [1]
xQueueGenericReset      0x08033ce5     0x90  Code  Gb  queue.o [1]
xQueueGenericSend       0x08033df3    0x1b2  Code  Gb  queue.o [1]
xQueueGenericSendFromISR
                        0x08033fa5     0xec  Code  Gb  queue.o [1]
xQueueGiveFromISR       0x08034091     0xd8  Code  Gb  queue.o [1]
xQueue_MQTT_Recv        0x2001f62c      0x4  Data  Gb  apptask.o [1]
xQueue_MQTT_Transmit    0x2001f630      0x4  Data  Gb  apptask.o [1]
xQueue_esp8266_Cmd      0x2001f634      0x4  Data  Gb  apptask.o [1]
xQueue_message          0x2001f638      0x4  Data  Gb  apptask.o [1]
xSchedulerRunning       0x2001f6cc      0x4  Data  Lc  tasks.o [1]
xSemaphore_download     0x2001f61c      0x4  Data  Gb  apptask.o [1]
xSemaphore_encoder      0x2001f618      0x4  Data  Gb  apptask.o [1]
xSemaphore_lcd          0x2001f60c      0x4  Data  Gb  apptask.o [1]
xSemaphore_pluse        0x2001f614      0x4  Data  Gb  apptask.o [1]
xSemaphore_readDisk     0x2001f620      0x4  Data  Gb  apptask.o [1]
xSemaphore_rs485        0x2001f610      0x4  Data  Gb  apptask.o [1]
xStart                  0x2001f5c0      0x8  Data  Lc  heap_4.o [1]
xSuspendedTaskList      0x2001f4a8     0x14  Data  Lc  tasks.o [1]
xTaskCheckForTimeOut    0x08035555     0x8a  Code  Gb  tasks.o [1]
xTaskGenericCreate      0x08034be1    0x184  Code  Gb  tasks.o [1]
xTaskGetSchedulerState  0x08035813     0x26  Code  Gb  tasks.o [1]
xTaskGetTickCount       0x08035057      0xa  Code  Gb  tasks.o [1]
xTaskIncrementTick      0x08035061    0x134  Code  Gb  tasks.o [1]
xTaskRemoveFromEventList
                        0x08035401     0x8e  Code  Gb  tasks.o [1]
xTaskRemoveFromUnorderedEventList
                        0x08035495     0x94  Code  Gb  tasks.o [1]
xTaskResumeAll          0x08034f57    0x100  Code  Gb  tasks.o [1]
xTasksWaitingTermination
                        0x2001f494     0x14  Data  Lc  tasks.o [1]
xTickCount              0x2001f6c4      0x4  Data  Lc  tasks.o [1]
xTimerCreate            0x0803d36d     0x62  Code  Gb  timers.o [1]
xTimerCreateTimerTask   0x0803d31d     0x50  Code  Gb  timers.o [1]
xTimerGenericCommand    0x0803d3cf     0x84  Code  Gb  timers.o [1]
xTimerQueue             0x2001f6fc      0x4  Data  Lc  timers.o [1]
xTimerUser              0x2001f628      0x4  Data  Gb  apptask.o [1]
xYieldPending           0x2001f6d4      0x4  Data  Lc  tasks.o [1]


[1] = F:\work\YarnControl_Driver\src\stm32f4_rtos\Project\EWARMv7\Flash\Obj
[2] = command line
[3] = dl7M_tlf.a
[4] = m7M_tls.a
[5] = rt7M_tl.a
[6] = shb_l.a

  126 412 bytes of readonly  code memory
  185 074 bytes of readonly  data memory
  130 908 bytes of readwrite data memory (+ 1 044 480 absolute)

Errors: none
Warnings: none
