###############################################################################
#
# IAR ELF Linker V7.40.7.9843/W32 for ARM                 25/Jan/2019  23:50:43
# Copyright 2007-2015 IAR Systems AB.
#
#    Output file  =  
#        E:\WORK\YarnControl_Driver\YarnControl_Driver\src\stm32f4_rtos\Project\EWARMv7\Flash\Exe\project.out
#    Map file     =  
#        E:\WORK\YarnControl_Driver\YarnControl_Driver\src\stm32f4_rtos\Project\EWARMv7\Flash\List\project.map
#    Command line =  
#        E:\WORK\YarnControl_Driver\YarnControl_Driver\src\stm32f4_rtos\Project\EWARMv7\Flash\Obj\apptask.o
#        E:\WORK\YarnControl_Driver\YarnControl_Driver\src\stm32f4_rtos\Project\EWARMv7\Flash\Obj\bsp.o
#        E:\WORK\YarnControl_Driver\YarnControl_Driver\src\stm32f4_rtos\Project\EWARMv7\Flash\Obj\bsp_closeSW.o
#        E:\WORK\YarnControl_Driver\YarnControl_Driver\src\stm32f4_rtos\Project\EWARMv7\Flash\Obj\bsp_dwt.o
#        E:\WORK\YarnControl_Driver\YarnControl_Driver\src\stm32f4_rtos\Project\EWARMv7\Flash\Obj\bsp_led.o
#        E:\WORK\YarnControl_Driver\YarnControl_Driver\src\stm32f4_rtos\Project\EWARMv7\Flash\Obj\bsp_relay.o
#        E:\WORK\YarnControl_Driver\YarnControl_Driver\src\stm32f4_rtos\Project\EWARMv7\Flash\Obj\bsp_sdio_sd.o
#        E:\WORK\YarnControl_Driver\YarnControl_Driver\src\stm32f4_rtos\Project\EWARMv7\Flash\Obj\bsp_sdwe050c17.o
#        E:\WORK\YarnControl_Driver\YarnControl_Driver\src\stm32f4_rtos\Project\EWARMv7\Flash\Obj\bsp_servomotor.o
#        E:\WORK\YarnControl_Driver\YarnControl_Driver\src\stm32f4_rtos\Project\EWARMv7\Flash\Obj\bsp_spi.o
#        E:\WORK\YarnControl_Driver\YarnControl_Driver\src\stm32f4_rtos\Project\EWARMv7\Flash\Obj\bsp_stepmotor.o
#        E:\WORK\YarnControl_Driver\YarnControl_Driver\src\stm32f4_rtos\Project\EWARMv7\Flash\Obj\bsp_sw_onoff.o
#        E:\WORK\YarnControl_Driver\YarnControl_Driver\src\stm32f4_rtos\Project\EWARMv7\Flash\Obj\bsp_tim_pwm.o
#        E:\WORK\YarnControl_Driver\YarnControl_Driver\src\stm32f4_rtos\Project\EWARMv7\Flash\Obj\bsp_timer.o
#        E:\WORK\YarnControl_Driver\YarnControl_Driver\src\stm32f4_rtos\Project\EWARMv7\Flash\Obj\bsp_uart_fifo.o
#        E:\WORK\YarnControl_Driver\YarnControl_Driver\src\stm32f4_rtos\Project\EWARMv7\Flash\Obj\bsp_w25qxx.o
#        E:\WORK\YarnControl_Driver\YarnControl_Driver\src\stm32f4_rtos\Project\EWARMv7\Flash\Obj\bsp_watchdog.o
#        E:\WORK\YarnControl_Driver\YarnControl_Driver\src\stm32f4_rtos\Project\EWARMv7\Flash\Obj\cc936.o
#        E:\WORK\YarnControl_Driver\YarnControl_Driver\src\stm32f4_rtos\Project\EWARMv7\Flash\Obj\croutine.o
#        E:\WORK\YarnControl_Driver\YarnControl_Driver\src\stm32f4_rtos\Project\EWARMv7\Flash\Obj\demo_fatfs.o
#        E:\WORK\YarnControl_Driver\YarnControl_Driver\src\stm32f4_rtos\Project\EWARMv7\Flash\Obj\diskio.o
#        E:\WORK\YarnControl_Driver\YarnControl_Driver\src\stm32f4_rtos\Project\EWARMv7\Flash\Obj\encoder.o
#        E:\WORK\YarnControl_Driver\YarnControl_Driver\src\stm32f4_rtos\Project\EWARMv7\Flash\Obj\event_groups.o
#        E:\WORK\YarnControl_Driver\YarnControl_Driver\src\stm32f4_rtos\Project\EWARMv7\Flash\Obj\ff.o
#        E:\WORK\YarnControl_Driver\YarnControl_Driver\src\stm32f4_rtos\Project\EWARMv7\Flash\Obj\heap_4.o
#        E:\WORK\YarnControl_Driver\YarnControl_Driver\src\stm32f4_rtos\Project\EWARMv7\Flash\Obj\list.o
#        E:\WORK\YarnControl_Driver\YarnControl_Driver\src\stm32f4_rtos\Project\EWARMv7\Flash\Obj\main.o
#        E:\WORK\YarnControl_Driver\YarnControl_Driver\src\stm32f4_rtos\Project\EWARMv7\Flash\Obj\malloc.o
#        E:\WORK\YarnControl_Driver\YarnControl_Driver\src\stm32f4_rtos\Project\EWARMv7\Flash\Obj\mcheck.o
#        E:\WORK\YarnControl_Driver\YarnControl_Driver\src\stm32f4_rtos\Project\EWARMv7\Flash\Obj\misc.o
#        E:\WORK\YarnControl_Driver\YarnControl_Driver\src\stm32f4_rtos\Project\EWARMv7\Flash\Obj\modbus.o
#        E:\WORK\YarnControl_Driver\YarnControl_Driver\src\stm32f4_rtos\Project\EWARMv7\Flash\Obj\page_weimi.o
#        E:\WORK\YarnControl_Driver\YarnControl_Driver\src\stm32f4_rtos\Project\EWARMv7\Flash\Obj\para.o
#        E:\WORK\YarnControl_Driver\YarnControl_Driver\src\stm32f4_rtos\Project\EWARMv7\Flash\Obj\port.o
#        E:\WORK\YarnControl_Driver\YarnControl_Driver\src\stm32f4_rtos\Project\EWARMv7\Flash\Obj\portasm.o
#        E:\WORK\YarnControl_Driver\YarnControl_Driver\src\stm32f4_rtos\Project\EWARMv7\Flash\Obj\product_cal.o
#        E:\WORK\YarnControl_Driver\YarnControl_Driver\src\stm32f4_rtos\Project\EWARMv7\Flash\Obj\protocol.o
#        E:\WORK\YarnControl_Driver\YarnControl_Driver\src\stm32f4_rtos\Project\EWARMv7\Flash\Obj\queue.o
#        E:\WORK\YarnControl_Driver\YarnControl_Driver\src\stm32f4_rtos\Project\EWARMv7\Flash\Obj\rc522.o
#        E:\WORK\YarnControl_Driver\YarnControl_Driver\src\stm32f4_rtos\Project\EWARMv7\Flash\Obj\startup_stm32f40_41xxx.o
#        E:\WORK\YarnControl_Driver\YarnControl_Driver\src\stm32f4_rtos\Project\EWARMv7\Flash\Obj\stm32f4xx_adc.o
#        E:\WORK\YarnControl_Driver\YarnControl_Driver\src\stm32f4_rtos\Project\EWARMv7\Flash\Obj\stm32f4xx_assert.o
#        E:\WORK\YarnControl_Driver\YarnControl_Driver\src\stm32f4_rtos\Project\EWARMv7\Flash\Obj\stm32f4xx_can.o
#        E:\WORK\YarnControl_Driver\YarnControl_Driver\src\stm32f4_rtos\Project\EWARMv7\Flash\Obj\stm32f4xx_crc.o
#        E:\WORK\YarnControl_Driver\YarnControl_Driver\src\stm32f4_rtos\Project\EWARMv7\Flash\Obj\stm32f4xx_cryp.o
#        E:\WORK\YarnControl_Driver\YarnControl_Driver\src\stm32f4_rtos\Project\EWARMv7\Flash\Obj\stm32f4xx_cryp_aes.o
#        E:\WORK\YarnControl_Driver\YarnControl_Driver\src\stm32f4_rtos\Project\EWARMv7\Flash\Obj\stm32f4xx_cryp_des.o
#        E:\WORK\YarnControl_Driver\YarnControl_Driver\src\stm32f4_rtos\Project\EWARMv7\Flash\Obj\stm32f4xx_cryp_tdes.o
#        E:\WORK\YarnControl_Driver\YarnControl_Driver\src\stm32f4_rtos\Project\EWARMv7\Flash\Obj\stm32f4xx_dac.o
#        E:\WORK\YarnControl_Driver\YarnControl_Driver\src\stm32f4_rtos\Project\EWARMv7\Flash\Obj\stm32f4xx_dbgmcu.o
#        E:\WORK\YarnControl_Driver\YarnControl_Driver\src\stm32f4_rtos\Project\EWARMv7\Flash\Obj\stm32f4xx_dcmi.o
#        E:\WORK\YarnControl_Driver\YarnControl_Driver\src\stm32f4_rtos\Project\EWARMv7\Flash\Obj\stm32f4xx_dma.o
#        E:\WORK\YarnControl_Driver\YarnControl_Driver\src\stm32f4_rtos\Project\EWARMv7\Flash\Obj\stm32f4xx_dma2d.o
#        E:\WORK\YarnControl_Driver\YarnControl_Driver\src\stm32f4_rtos\Project\EWARMv7\Flash\Obj\stm32f4xx_exti.o
#        E:\WORK\YarnControl_Driver\YarnControl_Driver\src\stm32f4_rtos\Project\EWARMv7\Flash\Obj\stm32f4xx_flash.o
#        E:\WORK\YarnControl_Driver\YarnControl_Driver\src\stm32f4_rtos\Project\EWARMv7\Flash\Obj\stm32f4xx_fsmc.o
#        E:\WORK\YarnControl_Driver\YarnControl_Driver\src\stm32f4_rtos\Project\EWARMv7\Flash\Obj\stm32f4xx_gpio.o
#        E:\WORK\YarnControl_Driver\YarnControl_Driver\src\stm32f4_rtos\Project\EWARMv7\Flash\Obj\stm32f4xx_hash.o
#        E:\WORK\YarnControl_Driver\YarnControl_Driver\src\stm32f4_rtos\Project\EWARMv7\Flash\Obj\stm32f4xx_hash_md5.o
#        E:\WORK\YarnControl_Driver\YarnControl_Driver\src\stm32f4_rtos\Project\EWARMv7\Flash\Obj\stm32f4xx_hash_sha1.o
#        E:\WORK\YarnControl_Driver\YarnControl_Driver\src\stm32f4_rtos\Project\EWARMv7\Flash\Obj\stm32f4xx_i2c.o
#        E:\WORK\YarnControl_Driver\YarnControl_Driver\src\stm32f4_rtos\Project\EWARMv7\Flash\Obj\stm32f4xx_it.o
#        E:\WORK\YarnControl_Driver\YarnControl_Driver\src\stm32f4_rtos\Project\EWARMv7\Flash\Obj\stm32f4xx_iwdg.o
#        E:\WORK\YarnControl_Driver\YarnControl_Driver\src\stm32f4_rtos\Project\EWARMv7\Flash\Obj\stm32f4xx_ltdc.o
#        E:\WORK\YarnControl_Driver\YarnControl_Driver\src\stm32f4_rtos\Project\EWARMv7\Flash\Obj\stm32f4xx_pwr.o
#        E:\WORK\YarnControl_Driver\YarnControl_Driver\src\stm32f4_rtos\Project\EWARMv7\Flash\Obj\stm32f4xx_rcc.o
#        E:\WORK\YarnControl_Driver\YarnControl_Driver\src\stm32f4_rtos\Project\EWARMv7\Flash\Obj\stm32f4xx_rng.o
#        E:\WORK\YarnControl_Driver\YarnControl_Driver\src\stm32f4_rtos\Project\EWARMv7\Flash\Obj\stm32f4xx_rtc.o
#        E:\WORK\YarnControl_Driver\YarnControl_Driver\src\stm32f4_rtos\Project\EWARMv7\Flash\Obj\stm32f4xx_sai.o
#        E:\WORK\YarnControl_Driver\YarnControl_Driver\src\stm32f4_rtos\Project\EWARMv7\Flash\Obj\stm32f4xx_sdio.o
#        E:\WORK\YarnControl_Driver\YarnControl_Driver\src\stm32f4_rtos\Project\EWARMv7\Flash\Obj\stm32f4xx_spi.o
#        E:\WORK\YarnControl_Driver\YarnControl_Driver\src\stm32f4_rtos\Project\EWARMv7\Flash\Obj\stm32f4xx_syscfg.o
#        E:\WORK\YarnControl_Driver\YarnControl_Driver\src\stm32f4_rtos\Project\EWARMv7\Flash\Obj\stm32f4xx_tim.o
#        E:\WORK\YarnControl_Driver\YarnControl_Driver\src\stm32f4_rtos\Project\EWARMv7\Flash\Obj\stm32f4xx_usart.o
#        E:\WORK\YarnControl_Driver\YarnControl_Driver\src\stm32f4_rtos\Project\EWARMv7\Flash\Obj\stm32f4xx_wwdg.o
#        E:\WORK\YarnControl_Driver\YarnControl_Driver\src\stm32f4_rtos\Project\EWARMv7\Flash\Obj\SysInfoTest.o
#        E:\WORK\YarnControl_Driver\YarnControl_Driver\src\stm32f4_rtos\Project\EWARMv7\Flash\Obj\system_stm32f4xx.o
#        E:\WORK\YarnControl_Driver\YarnControl_Driver\src\stm32f4_rtos\Project\EWARMv7\Flash\Obj\tasks.o
#        E:\WORK\YarnControl_Driver\YarnControl_Driver\src\stm32f4_rtos\Project\EWARMv7\Flash\Obj\timers.o
#        E:\WORK\YarnControl_Driver\YarnControl_Driver\src\stm32f4_rtos\Project\EWARMv7\Flash\Obj\usb_bsp.o
#        E:\WORK\YarnControl_Driver\YarnControl_Driver\src\stm32f4_rtos\Project\EWARMv7\Flash\Obj\usb_core.o
#        E:\WORK\YarnControl_Driver\YarnControl_Driver\src\stm32f4_rtos\Project\EWARMv7\Flash\Obj\usb_hcd.o
#        E:\WORK\YarnControl_Driver\YarnControl_Driver\src\stm32f4_rtos\Project\EWARMv7\Flash\Obj\usb_hcd_int.o
#        E:\WORK\YarnControl_Driver\YarnControl_Driver\src\stm32f4_rtos\Project\EWARMv7\Flash\Obj\usbh_core.o
#        E:\WORK\YarnControl_Driver\YarnControl_Driver\src\stm32f4_rtos\Project\EWARMv7\Flash\Obj\usbh_hcs.o
#        E:\WORK\YarnControl_Driver\YarnControl_Driver\src\stm32f4_rtos\Project\EWARMv7\Flash\Obj\usbh_ioreq.o
#        E:\WORK\YarnControl_Driver\YarnControl_Driver\src\stm32f4_rtos\Project\EWARMv7\Flash\Obj\usbh_it.o
#        E:\WORK\YarnControl_Driver\YarnControl_Driver\src\stm32f4_rtos\Project\EWARMv7\Flash\Obj\usbh_msc_bot.o
#        E:\WORK\YarnControl_Driver\YarnControl_Driver\src\stm32f4_rtos\Project\EWARMv7\Flash\Obj\usbh_msc_core.o
#        E:\WORK\YarnControl_Driver\YarnControl_Driver\src\stm32f4_rtos\Project\EWARMv7\Flash\Obj\usbh_msc_scsi.o
#        E:\WORK\YarnControl_Driver\YarnControl_Driver\src\stm32f4_rtos\Project\EWARMv7\Flash\Obj\usbh_stdreq.o
#        E:\WORK\YarnControl_Driver\YarnControl_Driver\src\stm32f4_rtos\Project\EWARMv7\Flash\Obj\usbh_usr.o
#        -o
#        E:\WORK\YarnControl_Driver\YarnControl_Driver\src\stm32f4_rtos\Project\EWARMv7\Flash\Exe\project.out
#        --map
#        E:\WORK\YarnControl_Driver\YarnControl_Driver\src\stm32f4_rtos\Project\EWARMv7\Flash\List\project.map
#        --config
#        E:\WORK\YarnControl_Driver\YarnControl_Driver\src\stm32f4_rtos\Project\EWARMv7\stm32f4xx_flash.icf
#        --semihosting --entry __iar_program_start --inline --vfe
#
###############################################################################

*******************************************************************************
*** RUNTIME MODEL ATTRIBUTES
***

CppFlavor       = *
__SystemLibrary = DLib


*******************************************************************************
*** PLACEMENT SUMMARY
***

"A1":  place at 0x08000000 { ro section .intvec };
"P1":  place in [from 0x08000000 to 0x080fffff] { ro };
"P2":  place in [from 0x20000000 to 0x2001ffff] { rw, block CSTACK, block HEAP };

  Section             Kind        Address     Size  Object
  -------             ----        -------     ----  ------
"A1":                                        0x188
  .intvec             ro code  0x08000000    0x188  startup_stm32f40_41xxx.o [1]
                             - 0x08000188    0x188

"P1":                                      0x4157d
  .rodata             const    0x08000188  0x15484  cc936.o [1]
  .rodata             const    0x0801560c  0x15484  cc936.o [1]
  .text               ro code  0x0802aa90   0x41f4  apptask.o [1]
  .text               ro code  0x0802ec84    0xc00  tasks.o [1]
  .text               ro code  0x0802f884    0x7c8  queue.o [1]
  .text               ro code  0x0803004c   0x1258  bsp_sdwe050c17.o [1]
  .text               ro code  0x080312a4    0x524  product_cal.o [1]
  .text               ro code  0x080317c8     0x66  ABImemset.o [5]
  .text               ro code  0x0803182e      0xa  xsprout.o [3]
  .text               ro code  0x08031838    0x380  bsp_w25qxx.o [1]
  .text               ro code  0x08031bb8     0x76  ABImemcpy_unaligned.o [5]
  .text               ro code  0x08031c30     0x4e  FltToDbl.o [4]
  .text               ro code  0x08031c80     0x24  printf.o [3]
  .text               ro code  0x08031ca4     0x42  strcmp_unaligned.o [5]
  .text               ro code  0x08031ce8    0x21c  malloc.o [1]
  .text               ro code  0x08031f04    0x6ec  stm32f4xx_tim.o [1]
  .text               ro code  0x080325f0     0x30  I32ToDbl.o [4]
  .text               ro code  0x08032620    0x256  DblDiv.o [4]
  .text               ro code  0x08032878     0xe8  DblAdd.o [4]
  .text               ro code  0x08032960    0x1a2  DblMul.o [4]
  .text               ro code  0x08032b04     0x58  DblToI32.o [4]
  .text               ro code  0x08032b5c     0x90  DblToFlt.o [4]
  .text               ro code  0x08032bec     0x36  strlen.o [5]
  .text               ro code  0x08032c24     0x62  memcmp_unaligned.o [5]
  .text               ro code  0x08032c88    0x1b6  usbh_usr.o [1]
  .text               ro code  0x08032e40    0x760  usbh_core.o [1]
  .text               ro code  0x080335a0   0x2264  ff.o [1]
  .text               ro code  0x08035804     0x34  sprintf.o [3]
  .text               ro code  0x08035838     0x1c  strcat.o [3]
  .text               ro code  0x08035854     0xc0  bsp_led.o [1]
  .text               ro code  0x08035914     0xae  rc522.o [1]
  .text               ro code  0x080359c4    0x354  modbus.o [1]
  .text               ro code  0x08035d18     0x68  bsp_sw_onoff.o [1]
  .text               ro code  0x08035d80     0x44  protocol.o [1]
  .text               ro code  0x08035dc4     0x10  apptask.o [1]
  .text               ro code  0x08035dd4    0x224  bsp_stepmotor.o [1]
  .text               ro code  0x08035ff8    0x12c  stm32f4xx_gpio.o [1]
  .text               ro code  0x08036124    0x48c  bsp_servomotor.o [1]
  .text               ro code  0x080365b0    0x1a4  encoder.o [1]
  .text               ro code  0x08036754    0x14e  page_weimi.o [1]
  .text               ro code  0x080368a4    0x262  event_groups.o [1]
  .text               ro code  0x08036b08    0x4a4  timers.o [1]
  .text               ro code  0x08036fac      0x8  bsp_watchdog.o [1]
  .text               ro code  0x08036fb4    0x24c  port.o [1]
  .text               ro code  0x08037200     0x98  list.o [1]
  .text               ro code  0x08037298    0x280  heap_4.o [1]
  .text               ro code  0x08037518    0x1e8  stm32f4xx_rcc.o [1]
  .text               ro code  0x08037700    0x9e4  bsp_uart_fifo.o [1]
  .text               ro code  0x080380e4    0x204  bsp_timer.o [1]
  .text               ro code  0x080382e8    0x124  bsp_spi.o [1]
  .text               ro code  0x0803840c    0xd96  xprintffull_nomb.o [3]
  .text               ro code  0x080391a4    0x180  DblSub.o [4]
  .text               ro code  0x08039324    0x14c  usb_bsp.o [1]
  .text               ro code  0x08039470     0xd6  usb_hcd.o [1]
  .text               ro code  0x08039546    0x1ba  usbh_hcs.o [1]
  .text               ro code  0x08039700    0x436  usbh_stdreq.o [1]
  .text               ro code  0x08039b36    0x246  usbh_ioreq.o [1]
  .text               ro code  0x08039d7c    0x2e4  diskio.o [1]
  .text               ro code  0x0803a060     0xf4  cc936.o [1]
  .text               ro code  0x0803a154     0xb8  mcheck.o [1]
  .text               ro code  0x0803a20c     0x2c  strstr.o [3]
  .text               ro code  0x0803a238    0x31c  stm32f4xx_dma.o [1]
  .text               ro code  0x0803a554     0x88  misc.o [1]
  .text               ro code  0x0803a5dc     0x10  stm32f4xx_iwdg.o [1]
  CODE                ro code  0x0803a5ec     0xa8  portasm.o [1]
  .text               ro code  0x0803a694    0x254  stm32f4xx_usart.o [1]
  .text               ro code  0x0803a8e8     0x74  stm32f4xx_spi.o [1]
  .text               ro code  0x0803a95c     0x16  strchr.o [5]
  .text               ro code  0x0803a974     0x58  memchr.o [5]
  .text               ro code  0x0803a9cc     0xee  I64DivMod.o [5]
  .text               ro code  0x0803aaba     0x42  xdnorm.o [4]
  .text               ro code  0x0803aafc     0x2e  DblCmpLe.o [4]
  .text               ro code  0x0803ab2c     0x2e  DblCmpGe.o [4]
  .text               ro code  0x0803ab5c    0x114  xdscale.o [4]
  .text               ro code  0x0803ac70     0x6c  localeconv.o [3]
  .text               ro code  0x0803acdc      0xe  div.o [3]
  .text               ro code  0x0803acec     0x74  bsp_dwt.o [1]
  .text               ro code  0x0803ad60    0xa50  usb_core.o [1]
  .text               ro code  0x0803b7b0   0x1a58  bsp_sdio_sd.o [1]
  .text               ro code  0x0803d208    0x618  usbh_msc_scsi.o [1]
  .text               ro code  0x0803d820    0x554  usbh_msc_bot.o [1]
  .text               ro code  0x0803dd74      0x2  I64DivZer.o [5]
  .text               ro code  0x0803dd78    0x17c  stm32f4xx_sdio.o [1]
  .text               ro code  0x0803def4    0xc7e  usb_hcd_int.o [1]
  .text               ro code  0x0803eb74    0x3e8  usbh_msc_core.o [1]
  .rodata             const    0x0803ef5c    0x3dc  cc936.o [1]
  .rodata             const    0x0803f338    0x3dc  cc936.o [1]
  .text               ro code  0x0803f714    0x2f4  para.o [1]
  .text               ro code  0x0803fa08     0x44  strcpy_unaligned.o [5]
  .text               ro code  0x0803fa4c    0x2e0  bsp_tim_pwm.o [1]
  .rodata             const    0x0803fd2c    0x1f4  apptask.o [1]
  .rodata             const    0x0803ff20    0x190  product_cal.o [1]
  .text               ro code  0x080400b0    0x154  system_stm32f4xx.o [1]
  .rodata             const    0x08040204    0x100  mcheck.o [1]
  .rodata             const    0x08040304    0x100  mcheck.o [1]
  .rodata             const    0x08040404    0x100  mcheck.o [1]
  .text               ro code  0x08040504     0xd4  bsp_closeSW.o [1]
  .text               ro code  0x080405d8     0x54  stm32f4xx_syscfg.o [1]
  .text               ro code  0x0804062c     0xc0  stm32f4xx_exti.o [1]
  .text               ro code  0x080406ec     0xd0  packbits_init.o [5]
  .text               ro code  0x080407bc      0x6  abort.o [3]
  .text               ro code  0x080407c4     0x14  exit.o [6]
  .text               ro code  0x080407d8     0x4c  bsp.o [1]
  .text               ro code  0x08040824     0x44  bsp_relay.o [1]
  .text               ro code  0x08040868     0x40  zero_init3.o [5]
  .text               ro code  0x080408a8     0x3c  SysInfoTest.o [1]
  .rodata             const    0x080408e4     0x38  demo_fatfs.o [1]
  .text               ro code  0x0804091c     0x38  stm32f4xx_it.o [1]
  .rodata             const    0x08040954     0x30  apptask.o [1]
  .rodata             const    0x08040984     0x30  demo_fatfs.o [1]
  .rodata             const    0x080409b4     0x30  demo_fatfs.o [1]
  .rodata             const    0x080409e4     0x2c  apptask.o [1]
  .rodata             const    0x08040a10     0x2c  demo_fatfs.o [1]
  .rodata             const    0x08040a3c     0x2c  demo_fatfs.o [1]
  .rodata             const    0x08040a68     0x2c  stm32f4xx_it.o [1]
  .text               ro code  0x08040a94     0x2c  main.o [1]
  .rodata             const    0x08040ac0     0x28  demo_fatfs.o [1]
  .rodata             const    0x08040ae8     0x28  demo_fatfs.o [1]
  .rodata             const    0x08040b10     0x28  demo_fatfs.o [1]
  .text               ro code  0x08040b38     0x28  data_init.o [5]
  .rodata             const    0x08040b60     0x24  demo_fatfs.o [1]
  .rodata             const    0x08040b84     0x24  demo_fatfs.o [1]
  .rodata             const    0x08040ba8     0x24  usbh_usr.o [1]
  .text               ro code  0x08040bcc     0x22  fpinit_M.o [4]
  .iar.init_table     const    0x08040bf0     0x34  - Linker created -
  .rodata             const    0x08040c24     0x20  apptask.o [1]
  .rodata             const    0x08040c44     0x20  apptask.o [1]
  .rodata             const    0x08040c64     0x20  bsp_sdwe050c17.o [1]
  .rodata             const    0x08040c84     0x20  demo_fatfs.o [1]
  .rodata             const    0x08040ca4     0x20  demo_fatfs.o [1]
  .rodata             const    0x08040cc4     0x20  demo_fatfs.o [1]
  .rodata             const    0x08040ce4     0x20  usbh_usr.o [1]
  .rodata             const    0x08040d04     0x20  usbh_usr.o [1]
  .rodata             const    0x08040d24     0x20  usbh_usr.o [1]
  .rodata             const    0x08040d44     0x20  usbh_usr.o [1]
  .rodata             const    0x08040d64     0x20  usbh_usr.o [1]
  .rodata             const    0x08040d84     0x1c  apptask.o [1]
  .rodata             const    0x08040da0     0x1c  apptask.o [1]
  .rodata             const    0x08040dbc     0x1c  apptask.o [1]
  .rodata             const    0x08040dd8     0x1c  apptask.o [1]
  .rodata             const    0x08040df4     0x1c  apptask.o [1]
  .rodata             const    0x08040e10     0x1c  apptask.o [1]
  .rodata             const    0x08040e2c     0x1c  apptask.o [1]
  .rodata             const    0x08040e48     0x1c  demo_fatfs.o [1]
  .rodata             const    0x08040e64     0x1c  demo_fatfs.o [1]
  .rodata             const    0x08040e80     0x1c  usbh_usr.o [1]
  .rodata             const    0x08040e9c     0x1c  usbh_usr.o [1]
  .rodata             const    0x08040eb8     0x1c  usbh_usr.o [1]
  .rodata             const    0x08040ed4     0x1c  usbh_usr.o [1]
  .rodata             const    0x08040ef0     0x1c  usbh_usr.o [1]
  .rodata             const    0x08040f0c     0x1c  usbh_usr.o [1]
  .text               ro code  0x08040f28     0x1a  cmain.o [5]
  .text               ro code  0x08040f42      0x4  exit.o [3]
  .text               ro code  0x08040f48      0xa  cexit.o [5]
  .rodata             const    0x08040f54     0x18  apptask.o [1]
  .rodata             const    0x08040f6c     0x18  apptask.o [1]
  .rodata             const    0x08040f84     0x18  apptask.o [1]
  .rodata             const    0x08040f9c     0x18  apptask.o [1]
  .rodata             const    0x08040fb4     0x18  apptask.o [1]
  .rodata             const    0x08040fcc     0x18  apptask.o [1]
  .rodata             const    0x08040fe4     0x18  apptask.o [1]
  .rodata             const    0x08040ffc     0x18  demo_fatfs.o [1]
  .rodata             const    0x08041014     0x18  demo_fatfs.o [1]
  .rodata             const    0x0804102c     0x18  demo_fatfs.o [1]
  .rodata             const    0x08041044     0x18  demo_fatfs.o [1]
  .rodata             const    0x0804105c     0x18  usbh_usr.o [1]
  .rodata             const    0x08041074     0x18  usbh_usr.o [1]
  .rodata             const    0x0804108c     0x18  usbh_usr.o [1]
  .rodata             const    0x080410a4     0x18  usbh_usr.o [1]
  .rodata             const    0x080410bc     0x18  usbh_usr.o [1]
  .text               ro code  0x080410d4     0x16  xprout.o [3]
  .text               ro code  0x080410ec      0xc  putchar.o [3]
  .rodata             const    0x080410f8     0x14  apptask.o [1]
  .rodata             const    0x0804110c     0x14  apptask.o [1]
  .rodata             const    0x08041120     0x14  apptask.o [1]
  .rodata             const    0x08041134     0x14  apptask.o [1]
  .rodata             const    0x08041148     0x14  apptask.o [1]
  .rodata             const    0x0804115c     0x14  apptask.o [1]
  .rodata             const    0x08041170     0x14  usbh_usr.o [1]
  .rodata             const    0x08041184     0x14  usbh_usr.o [1]
  .rodata             const    0x08041198     0x10  apptask.o [1]
  .rodata             const    0x080411a8     0x10  apptask.o [1]
  .rodata             const    0x080411b8     0x10  apptask.o [1]
  .rodata             const    0x080411c8     0x10  apptask.o [1]
  .rodata             const    0x080411d8     0x10  apptask.o [1]
  .rodata             const    0x080411e8     0x10  apptask.o [1]
  .rodata             const    0x080411f8     0x10  apptask.o [1]
  .rodata             const    0x08041208     0x10  apptask.o [1]
  .rodata             const    0x08041218     0x10  apptask.o [1]
  .rodata             const    0x08041228     0x10  ff.o [1]
  .rodata             const    0x08041238     0x10  main.o [1]
  .rodata             const    0x08041248     0x10  main.o [1]
  .rodata             const    0x08041258     0x10  usbh_usr.o [1]
  .rodata             const    0x08041268     0x10  usbh_usr.o [1]
  .text               ro code  0x08041278     0x10  startup_stm32f40_41xxx.o [1]
  .text               ro code  0x08041288     0x10  usbh_it.o [1]
  .rodata             const    0x08041298      0xc  apptask.o [1]
  .rodata             const    0x080412a4      0xc  apptask.o [1]
  .rodata             const    0x080412b0      0xc  apptask.o [1]
  .rodata             const    0x080412bc      0xc  apptask.o [1]
  .rodata             const    0x080412c8      0xc  apptask.o [1]
  .rodata             const    0x080412d4      0xc  apptask.o [1]
  .rodata             const    0x080412e0      0xc  apptask.o [1]
  .rodata             const    0x080412ec      0xc  apptask.o [1]
  .rodata             const    0x080412f8      0xc  apptask.o [1]
  .rodata             const    0x08041304      0xc  apptask.o [1]
  .rodata             const    0x08041310      0xc  apptask.o [1]
  .rodata             const    0x0804131c      0xc  apptask.o [1]
  .rodata             const    0x08041328      0xc  apptask.o [1]
  .rodata             const    0x08041334      0xc  apptask.o [1]
  .rodata             const    0x08041340      0xc  apptask.o [1]
  .rodata             const    0x0804134c      0xc  apptask.o [1]
  .rodata             const    0x08041358      0xc  apptask.o [1]
  .rodata             const    0x08041364      0xc  apptask.o [1]
  .rodata             const    0x08041370      0xc  apptask.o [1]
  .rodata             const    0x0804137c      0xc  apptask.o [1]
  .rodata             const    0x08041388      0xc  apptask.o [1]
  .rodata             const    0x08041394      0xc  apptask.o [1]
  .rodata             const    0x080413a0      0xc  apptask.o [1]
  .rodata             const    0x080413ac      0xc  apptask.o [1]
  .rodata             const    0x080413b8      0xc  apptask.o [1]
  .rodata             const    0x080413c4      0xc  apptask.o [1]
  .rodata             const    0x080413d0      0xc  apptask.o [1]
  .rodata             const    0x080413dc      0xc  bsp_sdwe050c17.o [1]
  .rodata             const    0x080413e8      0xc  bsp_sdwe050c17.o [1]
  .rodata             const    0x080413f4      0xc  demo_fatfs.o [1]
  .rodata             const    0x08041400      0xc  ff.o [1]
  .text               ro code  0x0804140c      0xc  cstartup_M.o [5]
  .rodata             const    0x08041418      0x8  apptask.o [1]
  .rodata             const    0x08041420      0x8  apptask.o [1]
  .rodata             const    0x08041428      0x8  apptask.o [1]
  .rodata             const    0x08041430      0x8  apptask.o [1]
  .rodata             const    0x08041438      0x8  apptask.o [1]
  .rodata             const    0x08041440      0x8  apptask.o [1]
  .rodata             const    0x08041448      0x8  apptask.o [1]
  .rodata             const    0x08041450      0x8  apptask.o [1]
  .rodata             const    0x08041458      0x8  apptask.o [1]
  .rodata             const    0x08041460      0x8  apptask.o [1]
  .rodata             const    0x08041468      0x8  apptask.o [1]
  .rodata             const    0x08041470      0x8  apptask.o [1]
  .rodata             const    0x08041478      0x8  apptask.o [1]
  .rodata             const    0x08041480      0x8  bsp_w25qxx.o [1]
  .rodata             const    0x08041488      0x8  ff.o [1]
  .rodata             const    0x08041490      0x8  malloc.o [1]
  .rodata             const    0x08041498      0x8  malloc.o [1]
  .rodata             const    0x080414a0      0x8  malloc.o [1]
  .rodata             const    0x080414a8      0x8  para.o [1]
  .rodata             const    0x080414b0      0x8  para.o [1]
  .rodata             const    0x080414b8      0x8  para.o [1]
  .rodata             const    0x080414c0      0x8  tasks.o [1]
  .rodata             const    0x080414c8      0x8  timers.o [1]
  .rodata             const    0x080414d0      0x4  heap_4.o [1]
  .rodata             const    0x080414d4      0x4  port.o [1]
  .text               ro code  0x080414d8      0x4  startup_stm32f40_41xxx.o [1]
  .text               ro code  0x080414dc      0x4  startup_stm32f40_41xxx.o [1]
  .text               ro code  0x080414e0      0x4  startup_stm32f40_41xxx.o [1]
  .text               ro code  0x080414e4      0x4  startup_stm32f40_41xxx.o [1]
  .text               ro code  0x080414e8      0x4  startup_stm32f40_41xxx.o [1]
  .text               ro code  0x080414ec      0x4  startup_stm32f40_41xxx.o [1]
  .text               ro code  0x080414f0      0x4  startup_stm32f40_41xxx.o [1]
  .text               ro code  0x080414f4      0x4  startup_stm32f40_41xxx.o [1]
  .text               ro code  0x080414f8      0x4  startup_stm32f40_41xxx.o [1]
  .text               ro code  0x080414fc      0x4  startup_stm32f40_41xxx.o [1]
  .text               ro code  0x08041500      0x4  startup_stm32f40_41xxx.o [1]
  .text               ro code  0x08041504      0x4  startup_stm32f40_41xxx.o [1]
  .text               ro code  0x08041508      0x4  startup_stm32f40_41xxx.o [1]
  .text               ro code  0x0804150c      0x4  startup_stm32f40_41xxx.o [1]
  .text               ro code  0x08041510      0x4  startup_stm32f40_41xxx.o [1]
  .text               ro code  0x08041514      0x4  startup_stm32f40_41xxx.o [1]
  .text               ro code  0x08041518      0x4  startup_stm32f40_41xxx.o [1]
  .text               ro code  0x0804151c      0x4  startup_stm32f40_41xxx.o [1]
  .text               ro code  0x08041520      0x4  startup_stm32f40_41xxx.o [1]
  .text               ro code  0x08041524      0x4  startup_stm32f40_41xxx.o [1]
  .text               ro code  0x08041528      0x4  startup_stm32f40_41xxx.o [1]
  .text               ro code  0x0804152c      0x4  startup_stm32f40_41xxx.o [1]
  .text               ro code  0x08041530      0x4  startup_stm32f40_41xxx.o [1]
  .text               ro code  0x08041534      0x4  startup_stm32f40_41xxx.o [1]
  .text               ro code  0x08041538      0x4  startup_stm32f40_41xxx.o [1]
  .text               ro code  0x0804153c      0x4  startup_stm32f40_41xxx.o [1]
  .text               ro code  0x08041540      0x4  startup_stm32f40_41xxx.o [1]
  .text               ro code  0x08041544      0x4  startup_stm32f40_41xxx.o [1]
  .text               ro code  0x08041548      0x4  startup_stm32f40_41xxx.o [1]
  .text               ro code  0x0804154c      0x4  startup_stm32f40_41xxx.o [1]
  .text               ro code  0x08041550      0x4  startup_stm32f40_41xxx.o [1]
  .text               ro code  0x08041554      0x4  startup_stm32f40_41xxx.o [1]
  .text               ro code  0x08041558      0x4  startup_stm32f40_41xxx.o [1]
  .text               ro code  0x0804155c      0x4  startup_stm32f40_41xxx.o [1]
  .text               ro code  0x08041560      0x4  startup_stm32f40_41xxx.o [1]
  .text               ro code  0x08041564      0x4  startup_stm32f40_41xxx.o [1]
  .text               ro code  0x08041568      0x4  startup_stm32f40_41xxx.o [1]
  .text               ro code  0x0804156c      0x4  startup_stm32f40_41xxx.o [1]
  .text               ro code  0x08041570      0x4  startup_stm32f40_41xxx.o [1]
  .text               ro code  0x08041574      0x4  startup_stm32f40_41xxx.o [1]
  .text               ro code  0x08041578      0x4  startup_stm32f40_41xxx.o [1]
  .text               ro code  0x0804157c      0x4  startup_stm32f40_41xxx.o [1]
  .text               ro code  0x08041580      0x4  startup_stm32f40_41xxx.o [1]
  .text               ro code  0x08041584      0x4  startup_stm32f40_41xxx.o [1]
  .text               ro code  0x08041588      0x4  startup_stm32f40_41xxx.o [1]
  .text               ro code  0x0804158c      0x4  startup_stm32f40_41xxx.o [1]
  .text               ro code  0x08041590      0x4  startup_stm32f40_41xxx.o [1]
  .text               ro code  0x08041594      0x4  startup_stm32f40_41xxx.o [1]
  .text               ro code  0x08041598      0x4  startup_stm32f40_41xxx.o [1]
  .text               ro code  0x0804159c      0x4  startup_stm32f40_41xxx.o [1]
  .text               ro code  0x080415a0      0x4  startup_stm32f40_41xxx.o [1]
  .text               ro code  0x080415a4      0x4  startup_stm32f40_41xxx.o [1]
  .text               ro code  0x080415a8      0x4  startup_stm32f40_41xxx.o [1]
  .text               ro code  0x080415ac      0x4  startup_stm32f40_41xxx.o [1]
  .text               ro code  0x080415b0      0x4  startup_stm32f40_41xxx.o [1]
  .text               ro code  0x080415b4      0x4  startup_stm32f40_41xxx.o [1]
  .text               ro code  0x080415b8      0x4  startup_stm32f40_41xxx.o [1]
  .text               ro code  0x080415bc      0x4  startup_stm32f40_41xxx.o [1]
  .text               ro code  0x080415c0      0x4  startup_stm32f40_41xxx.o [1]
  .text               ro code  0x080415c4      0x4  startup_stm32f40_41xxx.o [1]
  .text               ro code  0x080415c8      0x4  startup_stm32f40_41xxx.o [1]
  .text               ro code  0x080415cc      0x4  startup_stm32f40_41xxx.o [1]
  .text               ro code  0x080415d0      0x4  startup_stm32f40_41xxx.o [1]
  .text               ro code  0x080415d4      0x4  startup_stm32f40_41xxx.o [1]
  .text               ro code  0x080415d8      0x4  startup_stm32f40_41xxx.o [1]
  .text               ro code  0x080415dc      0x4  startup_stm32f40_41xxx.o [1]
  .text               ro code  0x080415e0      0x4  startup_stm32f40_41xxx.o [1]
  .text               ro code  0x080415e4      0x4  startup_stm32f40_41xxx.o [1]
  .rodata             const    0x080415e8      0x0  zero_init3.o [5]
  .rodata             const    0x080415e8      0x0  packbits_init.o [5]
  Initializer bytes   const    0x080415e8    0x11d  <for P2 s0>
                             - 0x08041705  0x4157d

"P2":                                      0x1f718
  P2 s0                        0x20000000    0x1cb  <Init block>
    __DLIB_PERTHREAD  inited   0x20000000     0x88  localeconv.o [3]
    .data             inited   0x20000088     0x50  demo_fatfs.o [1]
    .data             inited   0x200000d8     0x48  usbh_usr.o [1]
    .data             inited   0x20000120     0x40  xfiles.o [3]
    .data             inited   0x20000160     0x1c  malloc.o [1]
    .data             inited   0x2000017c     0x14  bsp_servomotor.o [1]
    .data             inited   0x20000190     0x10  stm32f4xx_rcc.o [1]
    .data             inited   0x200001a0     0x10  usbh_msc_core.o [1]
    .data             inited   0x200001b0      0xc  usbh_core.o [1]
    .data             inited   0x200001bc      0x4  port.o [1]
    .data             inited   0x200001c0      0x4  system_stm32f4xx.o [1]
    .data             inited   0x200001c4      0x4  usbh_core.o [1]
    .data             inited   0x200001c8      0x2  bsp_w25qxx.o [1]
    .data             inited   0x200001ca      0x1  usbh_msc_scsi.o [1]
  .bss                zero     0x200001cc  0x11800  heap_4.o [1]
  .bss                zero     0x200119cc   0xa000  malloc.o [1]
  .bss                zero     0x2001b9cc   0x1000  bsp_w25qxx.o [1]
  .bss                zero     0x2001c9cc    0xa00  malloc.o [1]
  .bss                zero     0x2001d3cc    0x5ac  usbh_usr.o [1]
  .bss                zero     0x2001d978    0x5ac  usbh_usr.o [1]
  .bss                zero     0x2001df24    0x200  ff.o [1]
  .bss                zero     0x2001e124    0x200  usbh_msc_scsi.o [1]
  .bss                zero     0x2001e324    0x200  usbh_stdreq.o [1]
  .bss                zero     0x2001e524    0x118  page_weimi.o [1]
  .bss                zero     0x2001e63c     0xc8  tasks.o [1]
  .bss                zero     0x2001e704     0xa4  protocol.o [1]
  .bss                zero     0x2001e7a8     0x98  para.o [1]
  .bss                zero     0x2001e840     0x94  usbh_usr.o [1]
  .bss                zero     0x2001e8d4     0x70  protocol.o [1]
  .bss                zero     0x2001e944     0x64  bsp_uart_fifo.o [1]
  .bss                zero     0x2001e9a8     0x64  bsp_uart_fifo.o [1]
  .bss                zero     0x2001ea10     0x58  bsp_sdio_sd.o [1]
  .bss                zero     0x2001ea68     0x50  protocol.o [1]
  .bss                zero     0x2001eab8     0x50  xfiles.o [3]
  .bss                zero     0x2001eb08     0x4c  usbh_msc_core.o [1]
  .bss                zero     0x2001eb54     0x34  bsp_sdwe050c17.o [1]
  .bss                zero     0x2001eb88     0x2c  product_cal.o [1]
  .bss                zero     0x2001ebb4     0x28  bsp_uart_fifo.o [1]
  .bss                zero     0x2001ebdc     0x28  product_cal.o [1]
  .bss                zero     0x2001ec04     0x24  ff.o [1]
  .bss                zero     0x2001ec28     0x20  usbh_msc_bot.o [1]
  .bss                zero     0x2001ec48     0x18  bsp_sdio_sd.o [1]
  .bss                zero     0x2001ec60     0x18  bsp_sdio_sd.o [1]
  .bss                zero     0x2001ec78     0x14  bsp_sdio_sd.o [1]
  .bss                zero     0x2001ec8c     0x14  page_weimi.o [1]
  .bss                zero     0x2001eca0     0x14  rc522.o [1]
  .bss                zero     0x2001ecb4     0x14  tasks.o [1]
  .bss                zero     0x2001ecc8     0x14  tasks.o [1]
  .bss                zero     0x2001ecdc     0x14  tasks.o [1]
  .bss                zero     0x2001ecf0     0x14  tasks.o [1]
  .bss                zero     0x2001ed04     0x14  tasks.o [1]
  .bss                zero     0x2001ed18     0x14  timers.o [1]
  .bss                zero     0x2001ed2c     0x14  timers.o [1]
  .bss                zero     0x2001ed40     0x10  bsp_sdio_sd.o [1]
  .bss                zero     0x2001ed50     0x10  bsp_sdio_sd.o [1]
  .bss                zero     0x2001ed60     0x10  usbh_msc_bot.o [1]
  .bss                zero     0x2001ed70     0x10  usbh_msc_bot.o [1]
  .bss                zero     0x2001ed80     0x10  usbh_msc_scsi.o [1]
  .bss                zero     0x2001ed90      0xc  apptask.o [1]
  .bss                zero     0x2001ed9c      0xc  apptask.o [1]
  .bss                zero     0x2001eda8      0xc  ff.o [1]
  .bss                zero     0x2001edb4      0xc  protocol.o [1]
  .bss                zero     0x2001edc0      0xc  protocol.o [1]
  .bss                zero     0x2001edcc      0xc  protocol.o [1]
  .bss                zero     0x2001edd8      0x8  heap_4.o [1]
  .bss                zero     0x2001ede0      0x8  modbus.o [1]
  .bss                zero     0x2001ede8      0x8  protocol.o [1]
  .bss                zero     0x2001edf0      0x4  apptask.o [1]
  .bss                zero     0x2001edf4      0x4  apptask.o [1]
  .bss                zero     0x2001edf8      0x4  apptask.o [1]
  .bss                zero     0x2001edfc      0x4  apptask.o [1]
  .bss                zero     0x2001ee00      0x4  apptask.o [1]
  .bss                zero     0x2001ee04      0x4  apptask.o [1]
  .bss                zero     0x2001ee08      0x4  apptask.o [1]
  .bss                zero     0x2001ee0c      0x4  apptask.o [1]
  .bss                zero     0x2001ee10      0x4  apptask.o [1]
  .bss                zero     0x2001ee14      0x4  apptask.o [1]
  .bss                zero     0x2001ee18      0x4  apptask.o [1]
  .bss                zero     0x2001ee1c      0x4  apptask.o [1]
  .bss                zero     0x2001ee20      0x4  apptask.o [1]
  .bss                zero     0x2001ee24      0x4  apptask.o [1]
  .bss                zero     0x2001ee28      0x4  apptask.o [1]
  .bss                zero     0x2001ee2c      0x4  apptask.o [1]
  .bss                zero     0x2001ee30      0x4  apptask.o [1]
  .bss                zero     0x2001ee34      0x4  apptask.o [1]
  .bss                zero     0x2001ee38      0x4  bsp_sdio_sd.o [1]
  .bss                zero     0x2001ee3c      0x4  bsp_sdio_sd.o [1]
  .bss                zero     0x2001ee40      0x4  bsp_sdio_sd.o [1]
  .bss                zero     0x2001ee44      0x4  bsp_sdio_sd.o [1]
  .bss                zero     0x2001ee48      0x4  bsp_sdio_sd.o [1]
  .bss                zero     0x2001ee4c      0x4  bsp_timer.o [1]
  .bss                zero     0x2001ee50      0x4  bsp_timer.o [1]
  .bss                zero     0x2001ee54      0x4  bsp_timer.o [1]
  .bss                zero     0x2001ee58      0x4  bsp_timer.o [1]
  .bss                zero     0x2001ee5c      0x4  encoder.o [1]
  .bss                zero     0x2001ee60      0x4  encoder.o [1]
  .bss                zero     0x2001ee64      0x4  heap_4.o [1]
  .bss                zero     0x2001ee68      0x4  heap_4.o [1]
  .bss                zero     0x2001ee6c      0x4  heap_4.o [1]
  .bss                zero     0x2001ee70      0x4  heap_4.o [1]
  .bss                zero     0x2001ee74      0x4  port.o [1]
  .bss                zero     0x2001ee78      0x4  product_cal.o [1]
  .bss                zero     0x2001ee7c      0x4  product_cal.o [1]
  .bss                zero     0x2001ee80      0x4  SysInfoTest.o [1]
  .bss                zero     0x2001ee84      0x4  tasks.o [1]
  .bss                zero     0x2001ee88      0x4  tasks.o [1]
  .bss                zero     0x2001ee8c      0x4  tasks.o [1]
  .bss                zero     0x2001ee90      0x4  tasks.o [1]
  .bss                zero     0x2001ee94      0x4  tasks.o [1]
  .bss                zero     0x2001ee98      0x4  tasks.o [1]
  .bss                zero     0x2001ee9c      0x4  tasks.o [1]
  .bss                zero     0x2001eea0      0x4  tasks.o [1]
  .bss                zero     0x2001eea4      0x4  tasks.o [1]
  .bss                zero     0x2001eea8      0x4  tasks.o [1]
  .bss                zero     0x2001eeac      0x4  tasks.o [1]
  .bss                zero     0x2001eeb0      0x4  tasks.o [1]
  .bss                zero     0x2001eeb4      0x4  tasks.o [1]
  .bss                zero     0x2001eeb8      0x4  tasks.o [1]
  .bss                zero     0x2001eebc      0x4  tasks.o [1]
  .bss                zero     0x2001eec0      0x4  tasks.o [1]
  .bss                zero     0x2001eec4      0x4  timers.o [1]
  .bss                zero     0x2001eec8      0x4  timers.o [1]
  .bss                zero     0x2001eecc      0x4  timers.o [1]
  .bss                zero     0x2001eed0      0x4  timers.o [1]
  .bss                zero     0x2001eed4      0x4  usbh_msc_bot.o [1]
  .bss                zero     0x2001eed8      0x4  usbh_msc_bot.o [1]
  .bss                zero     0x2001eedc      0x4  usbh_msc_bot.o [1]
  .bss                zero     0x2001eee0      0x4  usbh_msc_bot.o [1]
  .bss                zero     0x2001eee4      0x2  apptask.o [1]
  .bss                zero     0x2001eee6      0x2  apptask.o [1]
  .bss                zero     0x2001eee8      0x2  apptask.o [1]
  .bss                zero     0x2001eeea      0x2  apptask.o [1]
  .bss                zero     0x2001eeec      0x2  bsp_sdwe050c17.o [1]
  .bss                zero     0x2001eeee      0x2  encoder.o [1]
  .bss                zero     0x2001eef0      0x2  encoder.o [1]
  .bss                zero     0x2001eef2      0x2  encoder.o [1]
  .bss                zero     0x2001eef4      0x2  ff.o [1]
  .bss                zero     0x2001eef6      0x2  product_cal.o [1]
  .bss                zero     0x2001eef8      0x2  usbh_core.o [1]
  .bss                zero     0x2001eefa      0x2  usbh_stdreq.o [1]
  .bss                zero     0x2001eefc      0x1  apptask.o [1]
  .bss                zero     0x2001eefd      0x1  apptask.o [1]
  .bss                zero     0x2001eefe      0x1  apptask.o [1]
  .bss                zero     0x2001eeff      0x1  apptask.o [1]
  .bss                zero     0x2001ef00      0x1  apptask.o [1]
  .bss                zero     0x2001ef01      0x1  apptask.o [1]
  .bss                zero     0x2001ef02      0x1  apptask.o [1]
  .bss                zero     0x2001ef03      0x1  apptask.o [1]
  .bss                zero     0x2001ef04      0x1  bsp_sdio_sd.o [1]
  .bss                zero     0x2001ef05      0x1  bsp_sdwe050c17.o [1]
  .bss                zero     0x2001ef06      0x1  bsp_uart_fifo.o [1]
  .bss                zero     0x2001ef07      0x1  encoder.o [1]
  .bss                zero     0x2001ef08      0x1  port.o [1]
  .bss                zero     0x2001ef09      0x1  product_cal.o [1]
  .bss                zero     0x2001ef0a      0x1  product_cal.o [1]
  .bss                zero     0x2001ef0b      0x1  product_cal.o [1]
  .bss                zero     0x2001ef0c      0x1  protocol.o [1]
  .bss                zero     0x2001ef0d      0x1  rc522.o [1]
  .bss                zero     0x2001ef0e      0x1  rc522.o [1]
  .bss                zero     0x2001ef0f      0x1  usbh_msc_bot.o [1]
  .bss                zero     0x2001ef10      0x1  usbh_msc_core.o [1]
  .bss                zero     0x2001ef11      0x1  usbh_msc_core.o [1]
  .bss                zero     0x2001ef12      0x1  usbh_stdreq.o [1]
  .bss                zero     0x2001ef13      0x1  usbh_usr.o [1]
  CSTACK                       0x2001ef18    0x800  <Block>
    CSTACK            uninit   0x2001ef18    0x800  <Block tail>
                             - 0x2001f718  0x1f718

Absolute sections:                         0xff000
  .bss                zero     0x68000000  0xf0000  malloc.o [1]
  .bss                zero     0x680f0000   0xf000  malloc.o [1]
                             - 0x680ff000  0xff000


*******************************************************************************
*** INIT TABLE
***

          Address     Size
          -------     ----
Zero (__iar_zero_init3)
    2 destination ranges, total size 0x11dd48:
          0x200001cc  0x1ed48
          0x68000000  0xff000

Copy/packbits (__iar_packbits_init3)
    1 source range, total size 0x11d (62% of destination):
          0x080415e8    0x11d
    1 destination range, total size 0x1cb:
          0x20000000    0x1cb



*******************************************************************************
*** MODULE SUMMARY
***

    Module                    ro code  ro data  rw data    rw data
                                                            (abs)
    ------                    -------  -------  -------    -------
E:\WORK\YarnControl_Driver\YarnControl_Driver\src\stm32f4_rtos\Project\EWARMv7\Flash\Obj: [1]
    SysInfoTest.o                  60                 4
    apptask.o                  16 900    1 712      112
    bsp.o                          76
    bsp_closeSW.o                 212
    bsp_dwt.o                     116
    bsp_led.o                     192
    bsp_relay.o                    68
    bsp_sdio_sd.o               6 744               209
    bsp_sdwe050c17.o            4 696       56       55
    bsp_servomotor.o            1 164       13       20
    bsp_spi.o                     292
    bsp_stepmotor.o               548
    bsp_sw_onoff.o                104
    bsp_tim_pwm.o                 736
    bsp_timer.o                   516                16
    bsp_uart_fifo.o             2 532               241
    bsp_w25qxx.o                  896        9    4 098
    bsp_watchdog.o                  8
    cc936.o                       244  176 320
    demo_fatfs.o                           742       80
    diskio.o                      740
    encoder.o                     420                15
    event_groups.o                610
    ff.o                        8 804       36      562
    heap_4.o                      640        4   71 704
    list.o                        152
    main.o                         44       32
    malloc.o                      540       41   43 548  1 044 480
    mcheck.o                      184      768
    misc.o                        136
    modbus.o                      852                 8
    page_weimi.o                  334               300
    para.o                        756       24      152
    port.o                        588        7        9
    portasm.o                     168
    product_cal.o               1 316      400       97
    protocol.o                     68               401
    queue.o                     1 992
    rc522.o                       174                22
    startup_stm32f40_41xxx.o      680
    stm32f4xx_dma.o               796
    stm32f4xx_exti.o              192
    stm32f4xx_gpio.o              300
    stm32f4xx_it.o                 56       44
    stm32f4xx_iwdg.o               16
    stm32f4xx_rcc.o               488       10       16
    stm32f4xx_sdio.o              380
    stm32f4xx_spi.o               116
    stm32f4xx_syscfg.o             84
    stm32f4xx_tim.o             1 772
    stm32f4xx_usart.o             596
    system_stm32f4xx.o            340        2        4
    tasks.o                     3 072        8      364
    timers.o                    1 188        8       56
    usb_bsp.o                     332
    usb_core.o                  2 640
    usb_hcd.o                     214
    usb_hcd_int.o               3 198
    usbh_core.o                 1 888       10       18
    usbh_hcs.o                    442
    usbh_ioreq.o                  582
    usbh_it.o                      16
    usbh_msc_bot.o              1 364                81
    usbh_msc_core.o             1 000       10       94
    usbh_msc_scsi.o             1 560        1      529
    usbh_stdreq.o               1 078               515
    usbh_usr.o                    438      600    3 125
    --------------------------------------------------------------
    Total:                     79 450  180 857  126 455  1 044 480

command line: [2]
    --------------------------------------------------------------
    Total:

dl7M_tlf.a: [3]
    abort.o                         6
    div.o                          14
    exit.o                          4
    localeconv.o                  108       84      136
    printf.o                       36
    putchar.o                      12
    sprintf.o                      52
    strcat.o                       28
    strstr.o                       44
    xfiles.o                                40      144
    xprintffull_nomb.o          3 478
    xprout.o                       22
    xsprout.o                      10
    --------------------------------------------------------------
    Total:                      3 814      124      280

m7M_tls.a: [4]
    DblAdd.o                      232
    DblCmpGe.o                     46
    DblCmpLe.o                     46
    DblDiv.o                      598
    DblMul.o                      418
    DblSub.o                      384
    DblToFlt.o                    144
    DblToI32.o                     88
    FltToDbl.o                     78
    I32ToDbl.o                     48
    fpinit_M.o                     34
    xdnorm.o                       66
    xdscale.o                     276
    --------------------------------------------------------------
    Total:                      2 458

rt7M_tl.a: [5]
    ABImemcpy_unaligned.o         118
    ABImemset.o                   102
    I64DivMod.o                   238
    I64DivZer.o                     2
    cexit.o                        10
    cmain.o                        26
    cstartup_M.o                   12
    data_init.o                    40
    memchr.o                       88
    memcmp_unaligned.o             98
    packbits_init.o               208
    strchr.o                       22
    strcmp_unaligned.o             66
    strcpy_unaligned.o             68
    strlen.o                       54
    zero_init3.o                   64
    --------------------------------------------------------------
    Total:                      1 216

shb_l.a: [6]
    exit.o                         20
    --------------------------------------------------------------
    Total:                         20

    Gaps                           42        4        5
    Linker created                          52    2 048
------------------------------------------------------------------
    Grand Total:               87 000  181 037  128 788  1 044 480


*******************************************************************************
*** ENTRY LIST
***

Entry                      Address     Size  Type      Object
-----                      -------     ----  ----      ------
.iar.init_table$$Base   0x08040bf0            --   Gb  - Linker created -
.iar.init_table$$Limit  0x08040c24            --   Gb  - Linker created -
?main                   0x08040f29           Code  Gb  cmain.o [5]
APBAHBPrescTable        0x20000190     0x10  Data  Lc  stm32f4xx_rcc.o [1]
AppObjCreate            0x0802e745    0x15e  Code  Gb  apptask.o [1]
AppTaskCreate           0x0802e5e5    0x148  Code  Gb  apptask.o [1]
BOTStallErrorCount      0x2001eed4      0x4  Data  Lc  usbh_msc_bot.o [1]
BusFault_Handler        0x0804094f      0x2  Code  Gb  stm32f4xx_it.o [1]
CID_Tab                 0x2001ed50     0x10  Data  Lc  bsp_sdio_sd.o [1]
CRC16HiTable            0x08040204    0x100  Data  Gb  mcheck.o [1]
CRC16LoTable            0x08040304    0x100  Data  Gb  mcheck.o [1]
CRC8Table               0x08040404    0x100  Data  Gb  mcheck.o [1]
CSD_Tab                 0x2001ed40     0x10  Data  Lc  bsp_sdio_sd.o [1]
CSTACK$$Base            0x2001ef18            --   Gb  - Linker created -
CSTACK$$Limit           0x2001f718            --   Gb  - Linker created -
CardType                0x2001ee38      0x4  Data  Lc  bsp_sdio_sd.o [1]
CmdError                0x0803c919     0x38  Code  Lc  bsp_sdio_sd.o [1]
CmdResp1Error           0x0803c9bd    0x112  Code  Lc  bsp_sdio_sd.o [1]
CmdResp2Error           0x0803cb0d     0x52  Code  Lc  bsp_sdio_sd.o [1]
CmdResp3Error           0x0803cacf     0x3e  Code  Lc  bsp_sdio_sd.o [1]
CmdResp6Error           0x0803cb5f     0xa6  Code  Lc  bsp_sdio_sd.o [1]
CmdResp7Error           0x0803c951     0x58  Code  Lc  bsp_sdio_sd.o [1]
ConfigExitNVIC          0x0804056f     0x22  Code  Gb  bsp_closeSW.o [1]
ConfigUartNVIC          0x08037b33     0x7c  Code  Lc  bsp_uart_fifo.o [1]
DIFF_G_init             0x080361dd     0x78  Code  Gb  bsp_servomotor.o [1]
DMA1_Stream0_IRQHandler
                        0x08036551     0x1c  Code  Gb  bsp_servomotor.o [1]
DMA1_Stream3_IRQHandler
                        0x0803656d     0x1c  Code  Gb  bsp_servomotor.o [1]
DMA2_Stream3_IRQHandler
                        0x0803d201      0x8  Code  Gb  bsp_sdio_sd.o [1]
DMAEndOfTransfer        0x2001ee48      0x4  Data  Gb  bsp_sdio_sd.o [1]
DMA_ClearFlag           0x0803a41b     0x24  Code  Gb  stm32f4xx_dma.o [1]
DMA_Cmd                 0x0803a3d1     0x1a  Code  Gb  stm32f4xx_dma.o [1]
DMA_DeInit              0x0803a239    0x140  Code  Gb  stm32f4xx_dma.o [1]
DMA_FlowControllerConfig
                        0x0803a3eb     0x18  Code  Gb  stm32f4xx_dma.o [1]
DMA_GetCmdStatus        0x0803a403     0x18  Code  Gb  stm32f4xx_dma.o [1]
DMA_GetITStatus         0x0803a481     0x62  Code  Gb  stm32f4xx_dma.o [1]
DMA_ITConfig            0x0803a43f     0x42  Code  Gb  stm32f4xx_dma.o [1]
DMA_Init                0x0803a379     0x58  Code  Gb  stm32f4xx_dma.o [1]
DebugMon_Handler        0x08040953      0x2  Code  Gb  stm32f4xx_it.o [1]
DiskFile_init           0x08035d81     0x40  Code  Gb  protocol.o [1]
Disk_File               0x2001e8d4     0x70  Data  Gb  protocol.o [1]
EXTI9_5_IRQHandler      0x08040591     0x3c  Code  Gb  bsp_closeSW.o [1]
EXTI_ClearITPendingBit  0x080406cf      0x6  Code  Gb  stm32f4xx_exti.o [1]
EXTI_GetITStatus        0x080406b5     0x1a  Code  Gb  stm32f4xx_exti.o [1]
EXTI_Init               0x0804062d     0x88  Code  Gb  stm32f4xx_exti.o [1]
Encoder_Cap_Init        0x080365b1     0xbe  Code  Gb  encoder.o [1]
FR_Table                0x20000088     0x50  Data  Gb  demo_fatfs.o [1]
FatFs                   0x2001eda8      0xc  Data  Lc  ff.o [1]
File_info               0x2001ea68     0x50  Data  Gb  protocol.o [1]
Files                   0x2001ec04     0x24  Data  Lc  ff.o [1]
FindSCR                 0x0803cdad    0x206  Code  Lc  bsp_sdio_sd.o [1]
Freq_value              0x2001ee60      0x4  Data  Gb  encoder.o [1]
Fsid                    0x2001eef4      0x2  Data  Lc  ff.o [1]
GPIO_Init               0x08035ff9     0xaa  Code  Gb  stm32f4xx_gpio.o [1]
GPIO_PinAFConfig        0x080360cb     0x5a  Code  Gb  stm32f4xx_gpio.o [1]
GPIO_ReadInputDataBit   0x080360a3     0x1a  Code  Gb  stm32f4xx_gpio.o [1]
GPIO_WriteBit           0x080360bd      0xe  Code  Gb  stm32f4xx_gpio.o [1]
GetDeviceState          0x08035d4d     0x2e  Code  Gb  bsp_sw_onoff.o [1]
HCD_GetCurrentFrame     0x08039501      0x8  Code  Gb  usb_hcd.o [1]
HCD_GetCurrentSpeed     0x080394e3     0x10  Code  Gb  usb_hcd.o [1]
HCD_GetURB_State        0x08039509      0xa  Code  Gb  usb_hcd.o [1]
HCD_GetXferCnt          0x08039513      0xc  Code  Gb  usb_hcd.o [1]
HCD_Init                0x08039471     0x72  Code  Gb  usb_hcd.o [1]
HCD_ResetPort           0x080394f3      0xe  Code  Gb  usb_hcd.o [1]
HCD_SubmitRequest       0x0803951f     0x28  Code  Gb  usb_hcd.o [1]
HardFault_Handler       0x0804091f     0x22  Code  Gb  stm32f4xx_it.o [1]
IWDG_Feed               0x08036fad      0x8  Code  Gb  bsp_watchdog.o [1]
IWDG_ReloadCounter      0x0803a5dd      0xa  Code  Gb  stm32f4xx_iwdg.o [1]
InStream_Read           0x080406ed     0x22  Code  Lc  packbits_init.o [5]
InitHardUart            0x08037771    0x3c2  Code  Lc  bsp_uart_fifo.o [1]
Init_JINGSHA_GUI        0x0803008b    0x122  Code  Gb  bsp_sdwe050c17.o [1]
LfnBuf                  0x2001df24    0x200  Data  Lc  ff.o [1]
LfnOfs                  0x08041228     0x10  Data  Lc  ff.o [1]
LoadInt                 0x08038999     0x6e  Code  Lc  xprintffull_nomb.o [3]
MSCErrorCount           0x2001ef10      0x1  Data  Gb  usbh_msc_core.o [1]
MSC_Machine             0x2001eb08     0x4c  Data  Gb  usbh_msc_core.o [1]
MSG_DEV_ATTACHED        0x080410a4     0x18  Data  Gb  usbh_usr.o [1]
MSG_DEV_DISCONNECTED    0x080410bc     0x18  Data  Gb  usbh_usr.o [1]
MSG_DEV_ENUMERATED      0x08040ed4     0x1c  Data  Gb  usbh_usr.o [1]
MSG_DEV_ERROR           0x08041184     0x14  Data  Gb  usbh_usr.o [1]
MSG_DEV_FULLSPEED       0x08040d44     0x20  Data  Gb  usbh_usr.o [1]
MSG_DEV_HIGHSPEED       0x08040d24     0x20  Data  Gb  usbh_usr.o [1]
MSG_DEV_LOWSPEED        0x08040d64     0x20  Data  Gb  usbh_usr.o [1]
MSG_HID_CLASS           0x08040ef0     0x1c  Data  Gb  usbh_usr.o [1]
MSG_MSC_CLASS           0x08040ba8     0x24  Data  Gb  usbh_usr.o [1]
MSG_UNREC_ERROR         0x08040f0c     0x1c  Data  Gb  usbh_usr.o [1]
MemManage_Handler       0x0804094d      0x2  Code  Gb  stm32f4xx_it.o [1]
MotorProcess            0x2001ec8c     0x14  Data  Gb  page_weimi.o [1]
MotorStepCount          0x08036755     0x62  Code  Gb  page_weimi.o [1]
NMI_Handler             0x0804091d      0x2  Code  Gb  stm32f4xx_it.o [1]
NVIC_Init               0x0803a55f     0x6a  Code  Gb  misc.o [1]
NVIC_PriorityGroupConfig
                        0x0803a555      0xa  Code  Gb  misc.o [1]
OTG_FS_IRQHandler       0x08041289     0x10  Code  Gb  usbh_it.o [1]
PendSV_Handler          0x0803a5ed           Code  Gb  portasm.o [1]
RCA                     0x2001ee3c      0x4  Data  Lc  bsp_sdio_sd.o [1]
RCC_AHB1PeriphClockCmd  0x0803761b     0x22  Code  Gb  stm32f4xx_rcc.o [1]
RCC_AHB2PeriphClockCmd  0x0803763d     0x1e  Code  Gb  stm32f4xx_rcc.o [1]
RCC_APB1PeriphClockCmd  0x0803765b     0x1e  Code  Gb  stm32f4xx_rcc.o [1]
RCC_APB1PeriphResetCmd  0x08037697     0x1e  Code  Gb  stm32f4xx_rcc.o [1]
RCC_APB2PeriphClockCmd  0x08037679     0x1e  Code  Gb  stm32f4xx_rcc.o [1]
RCC_APB2PeriphResetCmd  0x080376b5     0x1e  Code  Gb  stm32f4xx_rcc.o [1]
RCC_GetClocksFreq       0x08037519    0x102  Code  Gb  stm32f4xx_rcc.o [1]
RS485_InitTXE           0x0803773d     0x34  Code  Gb  bsp_uart_fifo.o [1]
RS485_sendbuf           0x08037f7d     0x3c  Code  Gb  bsp_uart_fifo.o [1]
ReadValue1              0x2001eeee      0x2  Data  Gb  encoder.o [1]
ReadValue2              0x2001eef0      0x2  Data  Gb  encoder.o [1]
Region$$Table$$Base     0x08040bf0            --   Gb  - Linker created -
Region$$Table$$Limit    0x08040c24            --   Gb  - Linker created -
SDCardInfo              0x2001ea10     0x58  Data  Gb  bsp_sdio_sd.o [1]
SDEnWideBus             0x0803cc11    0x198  Code  Lc  bsp_sdio_sd.o [1]
SDIO_ClearFlag          0x0803de8d      0x6  Code  Gb  stm32f4xx_sdio.o [1]
SDIO_ClearITPendingBit  0x0803dead      0x6  Code  Gb  stm32f4xx_sdio.o [1]
SDIO_ClockCmd           0x0803ddbb      0x8  Code  Gb  stm32f4xx_sdio.o [1]
SDIO_CmdInitStructure   0x2001ec78     0x14  Data  Gb  bsp_sdio_sd.o [1]
SDIO_DMACmd             0x0803de4d      0x8  Code  Gb  stm32f4xx_sdio.o [1]
SDIO_DataConfig         0x0803de19     0x2e  Code  Gb  stm32f4xx_sdio.o [1]
SDIO_DataInitStructure  0x2001ec60     0x18  Data  Gb  bsp_sdio_sd.o [1]
SDIO_DeInit             0x0803dd79     0x18  Code  Gb  stm32f4xx_sdio.o [1]
SDIO_GetCommandResponse
                        0x0803ddfb      0x8  Code  Gb  stm32f4xx_sdio.o [1]
SDIO_GetFlagStatus      0x0803de73     0x1a  Code  Gb  stm32f4xx_sdio.o [1]
SDIO_GetITStatus        0x0803de93     0x1a  Code  Gb  stm32f4xx_sdio.o [1]
SDIO_GetPowerState      0x0803ddc9      0xa  Code  Gb  stm32f4xx_sdio.o [1]
SDIO_GetResponse        0x0803de03     0x16  Code  Gb  stm32f4xx_sdio.o [1]
SDIO_IRQHandler         0x0803d1f9      0x8  Code  Gb  bsp_sdio_sd.o [1]
SDIO_ITConfig           0x0803de55     0x1e  Code  Gb  stm32f4xx_sdio.o [1]
SDIO_Init               0x0803dd91     0x2a  Code  Gb  stm32f4xx_sdio.o [1]
SDIO_InitStructure      0x2001ec48     0x18  Data  Gb  bsp_sdio_sd.o [1]
SDIO_Interrupts_Config  0x0803d1bd     0x3c  Code  Gb  bsp_sdio_sd.o [1]
SDIO_ReadData           0x0803de47      0x6  Code  Gb  stm32f4xx_sdio.o [1]
SDIO_SendCommand        0x0803ddd3     0x28  Code  Gb  stm32f4xx_sdio.o [1]
SDIO_SetPowerState      0x0803ddc3      0x6  Code  Gb  stm32f4xx_sdio.o [1]
SDWE_WARNNING           0x0803031d     0x2a  Code  Gb  bsp_sdwe050c17.o [1]
SD_Detect               0x0803b8b5     0x22  Code  Gb  bsp_sdio_sd.o [1]
SD_EnableWideBusOperation
                        0x0803c0b1     0xc8  Code  Gb  bsp_sdio_sd.o [1]
SD_GetCardInfo          0x0803bcc5    0x3ec  Code  Gb  bsp_sdio_sd.o [1]
SD_GetState             0x0803b88b     0x2a  Code  Gb  bsp_sdio_sd.o [1]
SD_GetStatus            0x0803b869     0x22  Code  Gb  bsp_sdio_sd.o [1]
SD_Init                 0x0803b7b1     0xb8  Code  Gb  bsp_sdio_sd.o [1]
SD_InitializeCards      0x0803bb23    0x1a2  Code  Gb  bsp_sdio_sd.o [1]
SD_LowLevel_DMA_RxConfig
                        0x0803d107     0x8e  Code  Gb  bsp_sdio_sd.o [1]
SD_LowLevel_DMA_TxConfig
                        0x0803d079     0x8e  Code  Gb  bsp_sdio_sd.o [1]
SD_LowLevel_Init        0x0803cfb5     0xbc  Code  Gb  bsp_sdio_sd.o [1]
SD_PowerON              0x0803b8d7    0x24c  Code  Gb  bsp_sdio_sd.o [1]
SD_ProcessDMAIRQ        0x0803c8f5     0x22  Code  Gb  bsp_sdio_sd.o [1]
SD_ProcessIRQSrc        0x0803c847     0xae  Code  Gb  bsp_sdio_sd.o [1]
SD_ReadBlock            0x0803c1b1    0x108  Code  Gb  bsp_sdio_sd.o [1]
SD_ReadMultiBlocks      0x0803c2b9    0x134  Code  Gb  bsp_sdio_sd.o [1]
SD_SelectDeselect       0x0803c179     0x38  Code  Gb  bsp_sdio_sd.o [1]
SD_SendStatus           0x0803c7d9     0x6e  Code  Gb  bsp_sdio_sd.o [1]
SD_StopTransfer         0x0803c791     0x44  Code  Gb  bsp_sdio_sd.o [1]
SD_WaitReadOperation    0x0803c3f1     0x96  Code  Gb  bsp_sdio_sd.o [1]
SD_WriteBlock           0x0803c491    0x11e  Code  Gb  bsp_sdio_sd.o [1]
SD_WriteMultiBlocks     0x0803c5bd    0x1cc  Code  Gb  bsp_sdio_sd.o [1]
SPI1_Init               0x080382e9     0xc0  Code  Gb  bsp_spi.o [1]
SPI1_ReadWriteByte      0x080383d1     0x32  Code  Gb  bsp_spi.o [1]
SPI1_SetSpeed           0x080383a9     0x28  Code  Gb  bsp_spi.o [1]
SPI_Cmd                 0x0803a929     0x1c  Code  Gb  stm32f4xx_spi.o [1]
SPI_I2S_GetFlagStatus   0x0803a945     0x18  Code  Gb  stm32f4xx_spi.o [1]
SPI_Init                0x0803a8e9     0x40  Code  Gb  stm32f4xx_spi.o [1]
SRC_Buffer              0x2000017c     0x14  Data  Gb  bsp_servomotor.o [1]
SVC_Handler             0x0803a645           Code  Gb  portasm.o [1]
SYSCFG_EXTILineConfig   0x080405d9     0x50  Code  Gb  stm32f4xx_syscfg.o [1]
Sdwe_ClearReadDisk      0x080303f3     0x1c  Code  Gb  bsp_sdwe050c17.o [1]
Sdwe_change_class_time  0x0803085f     0x30  Code  Gb  bsp_sdwe050c17.o [1]
Sdwe_clearString        0x08030347     0x54  Code  Gb  bsp_sdwe050c17.o [1]
Sdwe_clear_filename     0x0803043f     0x2a  Code  Gb  bsp_sdwe050c17.o [1]
Sdwe_disDigi            0x080301f7     0xa4  Code  Gb  bsp_sdwe050c17.o [1]
Sdwe_disPicture         0x080301ad     0x4a  Code  Gb  bsp_sdwe050c17.o [1]
Sdwe_disString          0x0803029b     0x82  Code  Gb  bsp_sdwe050c17.o [1]
Sdwe_hidden_page        0x080308f7     0x30  Code  Gb  bsp_sdwe050c17.o [1]
Sdwe_peiliao_page       0x08030769     0xf6  Code  Gb  bsp_sdwe050c17.o [1]
Sdwe_period_page        0x0803088f     0x68  Code  Gb  bsp_sdwe050c17.o [1]
Sdwe_product_page       0x080305e7    0x182  Code  Gb  bsp_sdwe050c17.o [1]
Sdwe_readRTC            0x0803040f     0x30  Code  Gb  bsp_sdwe050c17.o [1]
Sdwe_refresh_allname    0x0803059f     0x48  Code  Gb  bsp_sdwe050c17.o [1]
Sdwe_refresh_filename   0x08030469    0x136  Code  Gb  bsp_sdwe050c17.o [1]
Sdwe_stop_page          0x08030927    0x36a  Code  Gb  bsp_sdwe050c17.o [1]
Sdwe_writeIcon          0x0803039b     0x58  Code  Gb  bsp_sdwe050c17.o [1]
ServoMotorRunning       0x0803652d     0x24  Code  Gb  bsp_servomotor.o [1]
SetSysClock             0x08040103     0xce  Code  Lc  system_stm32f4xx.o [1]
SlavePara               0x2001e704     0xa4  Data  Gb  protocol.o [1]
StopCondition           0x2001ee40      0x4  Data  Gb  bsp_sdio_sd.o [1]
SysTick_Handler         0x0803713b     0x2c  Code  Gb  port.o [1]
SystemCoreClock         0x200001c0      0x4  Data  Gb  system_stm32f4xx.o [1]
SystemInit              0x080400b1     0x52  Code  Gb  system_stm32f4xx.o [1]
TI1_Config              0x080324f5     0x38  Code  Lc  stm32f4xx_tim.o [1]
TI2_Config              0x0803252d     0x42  Code  Lc  stm32f4xx_tim.o [1]
TI3_Config              0x0803256f     0x40  Code  Lc  stm32f4xx_tim.o [1]
TI4_Config              0x080325af     0x42  Code  Lc  stm32f4xx_tim.o [1]
TIM1_PWM_SETPMOTOR      0x08035f45     0x9e  Code  Gb  bsp_stepmotor.o [1]
TIM2_IRQHandler         0x08038225     0xac  Code  Gb  bsp_timer.o [1]
TIM3CH2_CAPTURE_STA     0x2001ef07      0x1  Data  Gb  encoder.o [1]
TIM3CH2_CAPTURE_VAL     0x2001ee5c      0x4  Data  Gb  encoder.o [1]
TIM3_IRQHandler         0x0803666f     0xc0  Code  Gb  encoder.o [1]
TIM3_PWM_SETPMOTOR      0x08035edd     0x68  Code  Gb  bsp_stepmotor.o [1]
TIM4_CH1_ConfigPwmOut   0x08036125     0x1c  Code  Gb  bsp_servomotor.o [1]
TIM4_CH1_GPIO_Configuration
                        0x0803619b     0x42  Code  Gb  bsp_servomotor.o [1]
TIM4_CH1_PWMDMA_Config  0x08036319     0xb0  Code  Gb  bsp_servomotor.o [1]
TIM4_CH1_StartPwmOut    0x08036141     0x2c  Code  Gb  bsp_servomotor.o [1]
TIM4_CH1_StopPwmOut     0x0803616d     0x2e  Code  Gb  bsp_servomotor.o [1]
TIM4_CH2_ConfigPwmOut   0x080363c9     0x1c  Code  Gb  bsp_servomotor.o [1]
TIM4_CH2_GPIO_Configuration
                        0x0803643f     0x3e  Code  Gb  bsp_servomotor.o [1]
TIM4_CH2_PWMDMA_Config  0x0803647d     0xb0  Code  Gb  bsp_servomotor.o [1]
TIM4_CH2_StartPwmOut    0x080363e5     0x2c  Code  Gb  bsp_servomotor.o [1]
TIM4_CH2_StopPwmOut     0x08036411     0x2e  Code  Gb  bsp_servomotor.o [1]
TIM4_PWM_Config         0x08036255     0xc4  Code  Gb  bsp_servomotor.o [1]
TIM6_DAC_IRQHandler     0x080408bb     0x22  Code  Gb  SysInfoTest.o [1]
TIM_ARRPreloadConfig    0x080320eb     0x1c  Code  Gb  stm32f4xx_tim.o [1]
TIM_CallBack1           0x0802e8e9     0x3c  Code  Gb  apptask.o [1]
TIM_ClearITPendingBit   0x080324d7      0x8  Code  Gb  stm32f4xx_tim.o [1]
TIM_Cmd                 0x08032107     0x1c  Code  Gb  stm32f4xx_tim.o [1]
TIM_CtrlPWMOutputs      0x0803246d     0x22  Code  Gb  stm32f4xx_tim.o [1]
TIM_DMACmd              0x080324df     0x16  Code  Gb  stm32f4xx_tim.o [1]
TIM_DeInit              0x08031f05    0x17c  Code  Gb  stm32f4xx_tim.o [1]
TIM_GetITStatus         0x080324a5     0x32  Code  Gb  stm32f4xx_tim.o [1]
TIM_ICInit              0x080323b1     0x70  Code  Gb  stm32f4xx_tim.o [1]
TIM_ITConfig            0x0803248f     0x16  Code  Gb  stm32f4xx_tim.o [1]
TIM_OC1Init             0x08032123     0x7e  Code  Gb  stm32f4xx_tim.o [1]
TIM_OC2Init             0x080321a1     0x8c  Code  Gb  stm32f4xx_tim.o [1]
TIM_OC2PreloadConfig    0x08032377     0x14  Code  Gb  stm32f4xx_tim.o [1]
TIM_OC3Init             0x0803222d     0x8a  Code  Gb  stm32f4xx_tim.o [1]
TIM_OC3PreloadConfig    0x0803238b     0x12  Code  Gb  stm32f4xx_tim.o [1]
TIM_OC4Init             0x080322b7     0x68  Code  Gb  stm32f4xx_tim.o [1]
TIM_OC4PreloadConfig    0x0803239d     0x14  Code  Gb  stm32f4xx_tim.o [1]
TIM_OCStructInit        0x08032355     0x22  Code  Gb  stm32f4xx_tim.o [1]
TIM_SetIC1Prescaler     0x08032421     0x12  Code  Gb  stm32f4xx_tim.o [1]
TIM_SetIC2Prescaler     0x08032433     0x14  Code  Gb  stm32f4xx_tim.o [1]
TIM_SetIC3Prescaler     0x08032447     0x12  Code  Gb  stm32f4xx_tim.o [1]
TIM_SetIC4Prescaler     0x08032459     0x14  Code  Gb  stm32f4xx_tim.o [1]
TIM_TimeBaseInit        0x08032081     0x6a  Code  Gb  stm32f4xx_tim.o [1]
Task_iwdg_refresh       0x0802eb31     0x56  Code  Gb  apptask.o [1]
TransferEnd             0x2001ee44      0x4  Data  Gb  bsp_sdio_sd.o [1]
TransferError           0x2001ef04      0x1  Data  Gb  bsp_sdio_sd.o [1]
UART1ToPC               0x08037f1d     0x30  Code  Gb  bsp_uart_fifo.o [1]
UART2ToPC               0x08037f4d     0x30  Code  Gb  bsp_uart_fifo.o [1]
UART2_RX_BUF            0x2001e9a8     0x64  Data  Gb  bsp_uart_fifo.o [1]
UART3ToPC               0x08037fb9     0x30  Code  Gb  bsp_uart_fifo.o [1]
UART4ToPC               0x08037fe9     0x30  Code  Gb  bsp_uart_fifo.o [1]
UART4_IRQHandler        0x08037e2f     0x84  Code  Gb  bsp_uart_fifo.o [1]
UART4_RX_BUF            0x2001e944     0x64  Data  Gb  bsp_uart_fifo.o [1]
UART5ToPC               0x08038019     0x30  Code  Gb  bsp_uart_fifo.o [1]
UART5_IRQHandler        0x08037eb3     0x6a  Code  Gb  bsp_uart_fifo.o [1]
USART1_IRQHandler       0x08037d9f     0x1e  Code  Gb  bsp_uart_fifo.o [1]
USART2_IRQHandler       0x08037dbd     0x68  Code  Gb  bsp_uart_fifo.o [1]
USART3_IRQHandler       0x08037e25      0xa  Code  Gb  bsp_uart_fifo.o [1]
USART_ClearFlag         0x0803a847      0xc  Code  Gb  stm32f4xx_usart.o [1]
USART_ClearITPendingBit
                        0x0803a8c3     0x26  Code  Gb  stm32f4xx_usart.o [1]
USART_Cmd               0x0803a791     0x1c  Code  Gb  stm32f4xx_usart.o [1]
USART_DMACmd            0x0803a7bd     0x16  Code  Gb  stm32f4xx_usart.o [1]
USART_GetFlagStatus     0x0803a829     0x1e  Code  Gb  stm32f4xx_usart.o [1]
USART_GetITStatus       0x0803a853     0x70  Code  Gb  stm32f4xx_usart.o [1]
USART_ITConfig          0x0803a7d3     0x56  Code  Gb  stm32f4xx_usart.o [1]
USART_Init              0x0803a695     0xee  Code  Gb  stm32f4xx_usart.o [1]
USART_ReceiveData       0x0803a7b5      0x8  Code  Gb  stm32f4xx_usart.o [1]
USART_SendData          0x0803a7ad      0x8  Code  Gb  stm32f4xx_usart.o [1]
USBH_Alloc_Channel      0x08039661     0x2e  Code  Gb  usbh_hcs.o [1]
USBH_BulkReceiveData    0x08039d05     0x62  Code  Gb  usbh_ioreq.o [1]
USBH_BulkSendData       0x08039ca3     0x62  Code  Gb  usbh_ioreq.o [1]
USBH_CfgDesc            0x2001e324    0x200  Data  Gb  usbh_stdreq.o [1]
USBH_ClrFeature         0x080398ab     0x4c  Code  Gb  usbh_stdreq.o [1]
USBH_Connected          0x08032e41      0xc  Code  Gb  usbh_core.o [1]
USBH_CtlReceiveData     0x08039c5d     0x46  Code  Gb  usbh_ioreq.o [1]
USBH_CtlReq             0x08039b37     0x6e  Code  Gb  usbh_ioreq.o [1]
USBH_CtlSendData        0x08039be9     0x74  Code  Gb  usbh_ioreq.o [1]
USBH_CtlSendSetup       0x08039ba5     0x44  Code  Gb  usbh_ioreq.o [1]
USBH_DataInBuffer       0x2001e124    0x200  Data  Gb  usbh_msc_scsi.o [1]
USBH_DeAllocate_AllChannel
                        0x080396b3     0x20  Code  Gb  usbh_hcs.o [1]
USBH_DeInit             0x08032ea7     0x3e  Code  Gb  usbh_core.o [1]
USBH_Disconnected       0x08032e4d      0xc  Code  Gb  usbh_core.o [1]
USBH_ErrorHandle        0x080330b7     0x34  Code  Gb  usbh_core.o [1]
USBH_Free_Channel       0x0803968f     0x24  Code  Gb  usbh_hcs.o [1]
USBH_GetDescriptor      0x0803980b     0x4e  Code  Gb  usbh_stdreq.o [1]
USBH_GetFreeChannel     0x080396d3     0x2e  Code  Lc  usbh_hcs.o [1]
USBH_GetNextDesc        0x08039b1f     0x18  Code  Gb  usbh_stdreq.o [1]
USBH_Get_CfgDesc        0x08039747     0x78  Code  Gb  usbh_stdreq.o [1]
USBH_Get_DevDesc        0x08039701     0x46  Code  Gb  usbh_stdreq.o [1]
USBH_Get_StringDesc     0x080397bf     0x4c  Code  Gb  usbh_stdreq.o [1]
USBH_HCD_INT_cb         0x200001b0      0xc  Data  Gb  usbh_core.o [1]
USBH_HCD_INT_fops       0x200001c4      0x4  Data  Gb  usbh_core.o [1]
USBH_HandleControl      0x080332ff    0x29a  Code  Gb  usbh_core.o [1]
USBH_HandleEnum         0x080330eb    0x214  Code  Lc  usbh_core.o [1]
USBH_Init               0x08032e5f     0x48  Code  Gb  usbh_core.o [1]
USBH_MSC_BOTReset       0x0803eeb9     0x28  Code  Lc  usbh_msc_core.o [1]
USBH_MSC_BOTXferParam   0x2001ed70     0x10  Data  Gb  usbh_msc_bot.o [1]
USBH_MSC_BOT_Abort      0x0803dc69     0x5c  Code  Gb  usbh_msc_bot.o [1]
USBH_MSC_CBWData        0x2001ec28     0x20  Data  Gb  usbh_msc_bot.o [1]
USBH_MSC_CSWData        0x2001ed60     0x10  Data  Gb  usbh_msc_bot.o [1]
USBH_MSC_ClassRequest   0x0803eca7     0x12  Code  Lc  usbh_msc_core.o [1]
USBH_MSC_DecodeCSW      0x0803dcc5     0x7a  Code  Gb  usbh_msc_bot.o [1]
USBH_MSC_ErrorHandle    0x0803ef09     0x3e  Code  Gb  usbh_msc_core.o [1]
USBH_MSC_GETMaxLUN      0x0803eee1     0x28  Code  Lc  usbh_msc_core.o [1]
USBH_MSC_Handle         0x0803ecb9    0x200  Code  Lc  usbh_msc_core.o [1]
USBH_MSC_HandleBOTXfer  0x0803d865    0x404  Code  Gb  usbh_msc_bot.o [1]
USBH_MSC_Init           0x0803d821     0x44  Code  Gb  usbh_msc_bot.o [1]
USBH_MSC_InterfaceDeInit
                        0x0803ec5b     0x4c  Code  Lc  usbh_msc_core.o [1]
USBH_MSC_InterfaceInit  0x0803eb75     0xe6  Code  Lc  usbh_msc_core.o [1]
USBH_MSC_ModeSense6     0x0803d41b    0x10c  Code  Gb  usbh_msc_scsi.o [1]
USBH_MSC_Param          0x2001ed80     0x10  Data  Gb  usbh_msc_scsi.o [1]
USBH_MSC_Read10         0x0803d701    0x106  Code  Gb  usbh_msc_scsi.o [1]
USBH_MSC_ReadCapacity10
                        0x0803d2f1    0x12a  Code  Gb  usbh_msc_scsi.o [1]
USBH_MSC_RequestSense   0x0803d527     0xee  Code  Gb  usbh_msc_scsi.o [1]
USBH_MSC_TestUnitReady  0x0803d209     0xe8  Code  Gb  usbh_msc_scsi.o [1]
USBH_MSC_Write10        0x0803d615     0xec  Code  Gb  usbh_msc_scsi.o [1]
USBH_MSC_cb             0x200001a0     0x10  Data  Gb  usbh_msc_core.o [1]
USBH_Modify_Channel     0x080395ed     0x74  Code  Gb  usbh_hcs.o [1]
USBH_OTG_ISR_Handler    0x0803def5     0xb8  Code  Gb  usb_hcd_int.o [1]
USBH_Open_Channel       0x08039547     0xa6  Code  Gb  usbh_hcs.o [1]
USBH_ParseCfgDesc       0x08039953    0x13c  Code  Lc  usbh_stdreq.o [1]
USBH_ParseDevDesc       0x080398f7     0x5c  Code  Lc  usbh_stdreq.o [1]
USBH_ParseEPDesc        0x08039ac3     0x20  Code  Lc  usbh_stdreq.o [1]
USBH_ParseInterfaceDesc
                        0x08039a9d     0x26  Code  Lc  usbh_stdreq.o [1]
USBH_ParseStringDesc    0x08039ae3     0x3c  Code  Lc  usbh_stdreq.o [1]
USBH_Process            0x08032ee5    0x1d2  Code  Gb  usbh_core.o [1]
USBH_SOF                0x08032e59      0x6  Code  Gb  usbh_core.o [1]
USBH_SetAddress         0x08039859     0x2a  Code  Gb  usbh_stdreq.o [1]
USBH_SetCfg             0x08039883     0x28  Code  Gb  usbh_stdreq.o [1]
USBH_SubmitSetupRequest
                        0x08039d67     0x16  Code  Lc  usbh_ioreq.o [1]
USBH_USR_Configuration_DescAvailable
                        0x08032d49     0x26  Code  Gb  usbh_usr.o [1]
USBH_USR_DeInit         0x08032e3d      0x2  Code  Gb  usbh_usr.o [1]
USBH_USR_DeviceAddressAssigned
                        0x08032d47      0x2  Code  Gb  usbh_usr.o [1]
USBH_USR_DeviceAttached
                        0x08032cc1      0xa  Code  Gb  usbh_usr.o [1]
USBH_USR_DeviceDisconnected
                        0x08032cd5     0x1a  Code  Gb  usbh_usr.o [1]
USBH_USR_DeviceNotSupported
                        0x08032db3      0xa  Code  Gb  usbh_usr.o [1]
USBH_USR_DeviceSpeedDetected
                        0x08032cf9     0x36  Code  Gb  usbh_usr.o [1]
USBH_USR_Device_DescAvailable
                        0x08032d2f     0x18  Code  Gb  usbh_usr.o [1]
USBH_USR_EnumerationDone
                        0x08032d99     0x1a  Code  Gb  usbh_usr.o [1]
USBH_USR_Init           0x08032c9d     0x24  Code  Gb  usbh_usr.o [1]
USBH_USR_MSC_Application
                        0x08032e39      0x4  Code  Gb  usbh_usr.o [1]
USBH_USR_Manufacturer_String
                        0x08032d6f      0xe  Code  Gb  usbh_usr.o [1]
USBH_USR_OverCurrentDetected
                        0x08032dc1      0xa  Code  Gb  usbh_usr.o [1]
USBH_USR_Product_String
                        0x08032d7d      0xe  Code  Gb  usbh_usr.o [1]
USBH_USR_ResetDevice    0x08032cef      0xa  Code  Gb  usbh_usr.o [1]
USBH_USR_SerialNum_String
                        0x08032d8b      0xe  Code  Gb  usbh_usr.o [1]
USBH_USR_UnrecoveredError
                        0x08032ccb      0xa  Code  Gb  usbh_usr.o [1]
USBH_USR_UserInput      0x08032dbd      0x4  Code  Gb  usbh_usr.o [1]
USB_Host                0x2001e840     0x94  Data  Gb  usbh_usr.o [1]
USB_OTG_BSP_DisableInterrupt
                        0x080393d5     0x22  Code  Gb  usb_bsp.o [1]
USB_OTG_BSP_EnableInterrupt
                        0x080393f7     0x54  Code  Gb  usb_bsp.o [1]
USB_OTG_BSP_Init        0x08039325     0xb0  Code  Gb  usb_bsp.o [1]
USB_OTG_BSP_mDelay      0x08039465      0xc  Code  Gb  usb_bsp.o [1]
USB_OTG_BSP_uDelay      0x08039459      0xc  Code  Gb  usb_bsp.o [1]
USB_OTG_Core            0x2001d3cc    0x5ac  Data  Gb  usbh_usr.o [1]
USB_OTG_CoreInit        0x0803af39     0xce  Code  Gb  usb_core.o [1]
USB_OTG_CoreInitHost    0x0803b145     0xd0  Code  Gb  usb_core.o [1]
USB_OTG_CoreReset       0x0803ad83     0x60  Code  Lc  usb_core.o [1]
USB_OTG_DisableGlobalInt
                        0x0803b025     0x1e  Code  Gb  usb_core.o [1]
USB_OTG_DriveVbus       0x0803b225     0x54  Code  Gb  usb_core.o [1]
USB_OTG_EnableCommonInt
                        0x0803ad61     0x22  Code  Lc  usb_core.o [1]
USB_OTG_EnableGlobalInt
                        0x0803b007     0x1e  Code  Gb  usb_core.o [1]
USB_OTG_EnableHostInt   0x0803b279     0x4e  Code  Gb  usb_core.o [1]
USB_OTG_FlushRxFifo     0x0803b08b     0x40  Code  Gb  usb_core.o [1]
USB_OTG_FlushTxFifo     0x0803b043     0x48  Code  Gb  usb_core.o [1]
USB_OTG_GetMode         0x0803b111      0xa  Code  Gb  usb_core.o [1]
[...]
dir_sdi                 0x08033daf     0xb2  Code  Lc  ff.o [1]
disk_initialize         0x08039d7d     0x40  Code  Gb  diskio.o [1]
disk_ioctl              0x08039fa1     0xa6  Code  Gb  diskio.o [1]
disk_read               0x08039de9     0xdc  Code  Gb  diskio.o [1]
disk_status             0x08039dbd     0x2c  Code  Gb  diskio.o [1]
disk_write              0x08039ec5     0xdc  Code  Gb  diskio.o [1]
div                     0x0803acdd      0xe  Code  Gb  div.o [3]
download_num            0x2001eefc      0x1  Data  Gb  apptask.o [1]
enq_lock                0x0803369f     0x28  Code  Lc  ff.o [1]
exit                    0x08040f43      0x4  Code  Gb  exit.o [3]
f_close                 0x08035695     0x38  Code  Gb  ff.o [1]
f_mount                 0x080350c9     0x66  Code  Gb  ff.o [1]
f_open                  0x0803512f    0x20e  Code  Gb  ff.o [1]
f_opendir               0x080356cd     0xb2  Code  Gb  ff.o [1]
f_readdir               0x0803577f     0x74  Code  Gb  ff.o [1]
f_sync                  0x080355df     0xb6  Code  Gb  ff.o [1]
f_write                 0x0803534d    0x292  Code  Gb  ff.o [1]
ff_convert              0x0803a061     0x80  Code  Gb  cc936.o [1]
ff_wtoupper             0x0803a0e1     0x64  Code  Gb  cc936.o [1]
file_select             0x2001edc0      0xc  Data  Gb  protocol.o [1]
final_per_meter         0x0803142d     0x1a  Code  Gb  product_cal.o [1]
find_volume             0x08034c39    0x45a  Code  Lc  ff.o [1]
fit_lfn                 0x08034173     0x88  Code  Lc  ff.o [1]
follow_path             0x08034ad3     0x90  Code  Lc  ff.o [1]
fputc                   0x08038049     0x22  Code  Gb  bsp_uart_fifo.o [1]
g_tUart3                0x2001ebb4     0x28  Data  Gb  bsp_uart_fifo.o [1]
gen_numname             0x08034201     0xec  Code  Lc  ff.o [1]
get_card_type           0x080315a3     0xe4  Code  Gb  product_cal.o [1]
get_class_time          0x080314ab     0x7a  Code  Gb  product_cal.o [1]
get_fat                 0x080339c7    0x11c  Code  Gb  ff.o [1]
get_fattime             0x0803a047      0x4  Code  Gb  diskio.o [1]
get_fileinfo            0x0803467d    0x13c  Code  Lc  ff.o [1]
get_float_1bit          0x08031489     0x22  Code  Gb  product_cal.o [1]
get_ldnumber            0x08034b63     0x50  Code  Lc  ff.o [1]
get_period_state        0x08031525     0x54  Code  Gb  product_cal.o [1]
get_valid_length        0x08031259     0x26  Code  Gb  bsp_sdwe050c17.o [1]
get_weimi_para          0x08036859     0x4a  Code  Gb  page_weimi.o [1]
hex_to_decimal          0x0803127f     0x26  Code  Gb  bsp_sdwe050c17.o [1]
idwgEventGroup          0x2001ee2c      0x4  Data  Gb  apptask.o [1]
inc_card_type           0x08031691    0x11c  Code  Gb  product_cal.o [1]
inc_lock                0x080336c7     0xe8  Code  Lc  ff.o [1]
init_peiliao_para       0x08031365     0x50  Code  Gb  product_cal.o [1]
init_product_para       0x080312a5     0xc0  Code  Gb  product_cal.o [1]
init_weimi_para         0x080367b7     0x8a  Code  Gb  page_weimi.o [1]
input_password_buf      0x2001edb4      0xc  Data  Gb  protocol.o [1]
input_password_len      0x2001ef0c      0x1  Data  Gb  protocol.o [1]
isDevicePeriod          0x2001ef03      0x1  Data  Gb  apptask.o [1]
isWork                  0x2001eefd      0x1  Data  Gb  apptask.o [1]
is_same_data            0x08031579     0x2a  Code  Gb  product_cal.o [1]
lcd_busy                0x2001ef05      0x1  Data  Gb  bsp_sdwe050c17.o [1]
lcd_rev_buf             0x2001eb54     0x34  Data  Gb  bsp_sdwe050c17.o [1]
lcd_rev_len             0x2001eeec      0x2  Data  Gb  bsp_sdwe050c17.o [1]
ld_clust                0x08033ff1     0x28  Code  Lc  ff.o [1]
localeconv              0x0803acab     0x16  Code  Gb  localeconv.o [3]
m_ctrl_dev              0x2001ede0      0x8  Data  Gb  modbus.o [1]
main                    0x08040a95     0x2c  Code  Gb  main.o [1]
mallco_dev              0x20000160     0x1c  Data  Gb  malloc.o [1]
mb_init                 0x08035bf9     0x30  Code  Gb  modbus.o [1]
mb_packsend_frame       0x08035b07     0xf2  Code  Gb  modbus.o [1]
mb_unpack_frame         0x080359c5    0x142  Code  Gb  modbus.o [1]
mc_check_crc16          0x0803a1c1     0x40  Code  Gb  mcheck.o [1]
mc_check_crc8           0x0803a19d     0x24  Code  Gb  mcheck.o [1]
mc_check_sum            0x0803a155     0x2e  Code  Gb  mcheck.o [1]
mc_check_xor            0x0803a183     0x1a  Code  Gb  mcheck.o [1]
mem1base                0x200119cc   0xa000  Data  Gb  malloc.o [1]
mem1mapbase             0x2001c9cc    0xa00  Data  Gb  malloc.o [1]
mem2base                0x68000000  0xf0000  Data  Gb  malloc.o [1]
mem2mapbase             0x680f0000   0xf000  Data  Gb  malloc.o [1]
mem_cmp                 0x080335d3     0x24  Code  Lc  ff.o [1]
mem_cpy                 0x080335a1     0x1c  Code  Lc  ff.o [1]
mem_set                 0x080335bd     0x16  Code  Lc  ff.o [1]
memblksize              0x08041498      0x8  Data  Gb  malloc.o [1]
memchr                  0x0803a975           Code  Gb  memchr.o [5]
memsize                 0x080414a0      0x8  Data  Gb  malloc.o [1]
memtblsize              0x08041490      0x8  Data  Gb  malloc.o [1]
modbus_send_frame       0x08035c29     0xe6  Code  Gb  modbus.o [1]
move_window             0x08033895     0x40  Code  Lc  ff.o [1]
my_mem_free             0x08031e3b     0x6c  Code  Gb  malloc.o [1]
my_mem_init             0x08031cff     0x42  Code  Gb  malloc.o [1]
my_mem_malloc           0x08031d7f     0xbc  Code  Gb  malloc.o [1]
my_mem_perused          0x08031d41     0x3e  Code  Gb  malloc.o [1]
myfree                  0x08031ea7     0x24  Code  Gb  malloc.o [1]
mymalloc                0x08031ecb     0x2a  Code  Gb  malloc.o [1]
mymemset                0x08031ce9     0x16  Code  Gb  malloc.o [1]
obuf                    0x2001eab8     0x50  Data  Lc  xfiles.o [3]
oem2uni                 0x0801560c  0x15484  Data  Lc  cc936.o [1]
old_card_record         0x2001ef01      0x1  Data  Gb  apptask.o [1]
old_isWork              0x2001eefe      0x1  Data  Gb  apptask.o [1]
old_plan_complete       0x2001ef0a      0x1  Data  Gb  product_cal.o [1]
para_init               0x0803f953     0x80  Code  Gb  para.o [1]
pcInterruptPriorityRegisters
                        0x080414d4      0x4  Data  Lc  port.o [1]
peiliao_para            0x2001eb88     0x2c  Data  Gb  product_cal.o [1]
pick_lfn                0x080340e7     0x8c  Code  Lc  ff.o [1]
plan_complete           0x2001ef09      0x1  Data  Gb  product_cal.o [1]
pluse_count             0x2001eee6      0x2  Data  Gb  apptask.o [1]
printf                  0x08031c81     0x24  Code  Gb  printf.o [3]
product_complete_kilo   0x08031459     0x30  Code  Gb  product_cal.o [1]
product_complete_meter  0x08031447     0x12  Code  Gb  product_cal.o [1]
product_para            0x2001ebdc     0x28  Data  Gb  product_cal.o [1]
product_per_meter       0x080313b5     0x78  Code  Gb  product_cal.o [1]
prvAddCurrentTaskToDelayedList
                        0x0802f6fd     0x48  Code  Lc  tasks.o [1]
prvAllocateTCBAndStack  0x0802f745     0x5a  Code  Lc  tasks.o [1]
prvCheckForValidListAndQueue
                        0x08036f3b     0x52  Code  Lc  timers.o [1]
prvCheckTasksWaitingTermination
                        0x0802f693     0x66  Code  Lc  tasks.o [1]
prvCopyDataFromQueue    0x0802ff2d     0x30  Code  Lc  queue.o [1]
prvCopyDataToQueue      0x0802fea9     0x84  Code  Lc  queue.o [1]
prvDeleteTCB            0x0802f79f     0x12  Code  Lc  tasks.o [1]
prvGetNextExpireTime    0x08036d27     0x2e  Code  Lc  timers.o [1]
prvHeapInit             0x08037429     0x6e  Code  Lc  heap_4.o [1]
prvIdleTask             0x0802f5ad     0x26  Code  Lc  tasks.o [1]
prvInitialiseTCBVariables
                        0x0802f5d3     0x6a  Code  Lc  tasks.o [1]
prvInitialiseTaskLists  0x0802f63d     0x56  Code  Lc  tasks.o [1]
prvInsertBlockIntoFreeList
                        0x08037497     0x62  Code  Lc  heap_4.o [1]
prvInsertTimerInActiveList
                        0x08036d7d     0x50  Code  Lc  timers.o [1]
prvIsQueueEmpty         0x0802ffc7     0x20  Code  Lc  queue.o [1]
prvIsQueueFull          0x0802ffe7     0x22  Code  Lc  queue.o [1]
prvProcessExpiredTimer  0x08036c3f     0x5c  Code  Lc  timers.o [1]
prvProcessReceivedCommands
                        0x08036dcd     0xde  Code  Lc  timers.o [1]
prvProcessTimerOrBlockTask
                        0x08036cb7     0x70  Code  Lc  timers.o [1]
prvResetNextTaskUnblockTime
                        0x0802f7b1     0x26  Code  Lc  tasks.o [1]
prvSampleTimeNow        0x08036d55     0x28  Code  Lc  timers.o [1]
prvSwitchTimerLists     0x08036eab     0x90  Code  Lc  timers.o [1]
prvTaskExitError        0x08036fd9     0x2a  Code  Lc  port.o [1]
prvTestWaitCondition    0x08036ae3     0x24  Code  Lc  event_groups.o [1]
prvTimerTask            0x08036c9d     0x1a  Code  Lc  timers.o [1]
prvUnlockQueue          0x0802ff5d     0x6a  Code  Lc  queue.o [1]
put_fat                 0x08033ae3    0x16c  Code  Gb  ff.o [1]
putchar                 0x080410ed      0xc  Code  Gb  putchar.o [3]
pvPortMalloc            0x08037299    0x118  Code  Gb  heap_4.o [1]
pxCurrentTCB            0x2001ee84      0x4  Data  Gb  tasks.o [1]
pxCurrentTimerList      0x2001eec4      0x4  Data  Lc  timers.o [1]
pxDelayedTaskList       0x2001ee88      0x4  Data  Lc  tasks.o [1]
pxEnd                   0x2001ee64      0x4  Data  Lc  heap_4.o [1]
pxOverflowDelayedTaskList
                        0x2001ee8c      0x4  Data  Lc  tasks.o [1]
pxOverflowTimerList     0x2001eec8      0x4  Data  Lc  timers.o [1]
pxPortInitialiseStack   0x08036fb5     0x24  Code  Gb  port.o [1]
pxReadyTasksLists       0x2001e63c     0xc8  Data  Lc  tasks.o [1]
rc522_cmd_anticoll      0x08035969     0x5a  Code  Gb  rc522.o [1]
rc522_cmd_request       0x08035915     0x54  Code  Gb  rc522.o [1]
readSlave               0x2001ed9c      0xc  Data  Gb  apptask.o [1]
read_device_info        0x0803f715    0x23e  Code  Gb  para.o [1]
read_file_select        0x2001edcc      0xc  Data  Gb  protocol.o [1]
remove_chain            0x08033c4f     0x76  Code  Lc  ff.o [1]
rfid_rev_buf            0x2001eca0     0x14  Data  Gb  rc522.o [1]
rfid_rev_cnt            0x2001ef0e      0x1  Data  Gb  rc522.o [1]
rfid_rev_flag           0x2001ef0d      0x1  Data  Gb  rc522.o [1]
rtc_time                0x2001ede8      0x8  Data  Gb  protocol.o [1]
s_TIM_CallBack1         0x2001ee4c      0x4  Data  Lc  bsp_timer.o [1]
s_TIM_CallBack2         0x2001ee50      0x4  Data  Lc  bsp_timer.o [1]
s_TIM_CallBack3         0x2001ee54      0x4  Data  Lc  bsp_timer.o [1]
s_TIM_CallBack4         0x2001ee58      0x4  Data  Lc  bsp_timer.o [1]
sample_time             0x2001eee4      0x2  Data  Gb  apptask.o [1]
sdew_weimi_page1        0x08030cc9    0x236  Code  Gb  bsp_sdwe050c17.o [1]
sdew_weimi_page2        0x08030eff    0x236  Code  Gb  bsp_sdwe050c17.o [1]
sdew_weisha_page1       0x08031135     0x92  Code  Gb  bsp_sdwe050c17.o [1]
sdew_weisha_page2       0x080311c7     0x92  Code  Gb  bsp_sdwe050c17.o [1]
slave_info              0x2001ed90      0xc  Data  Gb  apptask.o [1]
sprintf                 0x08035805     0x34  Code  Gb  sprintf.o [3]
st_clust                0x08034019     0x18  Code  Lc  ff.o [1]
strcat                  0x08035839     0x1c  Code  Gb  strcat.o [3]
strchr                  0x0803a95d           Code  Gb  strchr.o [5]
strlen                  0x08032bed           Code  Gb  strlen.o [5]
strstr                  0x08035dc5     0x10  Code  Gb  apptask.o [1]
sum_sfn                 0x080342ed     0x20  Code  Lc  ff.o [1]
sync_fs                 0x080338d5     0xd8  Code  Lc  ff.o [1]
sync_window             0x0803383b     0x5a  Code  Lc  ff.o [1]
system_state_dis        0x0803ff20    0x190  Data  Gb  product_cal.o [1]
total_meter_gross       0x2001ee78      0x4  Data  Gb  product_cal.o [1]
total_weight_gross      0x2001ee7c      0x4  Data  Gb  product_cal.o [1]
ucHeap                  0x200001cc  0x11800  Data  Lc  heap_4.o [1]
ucMaxSysCallPriority    0x2001ef08      0x1  Data  Lc  port.o [1]
ulHighFrequencyTimerTicks
                        0x2001ee80      0x4  Data  Gb  SysInfoTest.o [1]
ulMaxPRIGROUPValue      0x2001ee74      0x4  Data  Lc  port.o [1]
ulTaskSwitchedInTime    0x2001eebc      0x4  Data  Lc  tasks.o [1]
ulTotalRunTime          0x2001eec0      0x4  Data  Lc  tasks.o [1]
uni2oem                 0x08000188  0x15484  Data  Lc  cc936.o [1]
usb_disk_flag           0x2001eeff      0x1  Data  Gb  apptask.o [1]
usbh_OpenMassStorage    0x08032c89     0x14  Code  Gb  usbh_usr.o [1]
uxCriticalNesting       0x200001bc      0x4  Data  Lc  port.o [1]
uxCurrentNumberOfTasks  0x2001ee94      0x4  Data  Lc  tasks.o [1]
uxListRemove            0x08037271     0x28  Code  Gb  list.o [1]
uxPendedTicks           0x2001eea4      0x4  Data  Lc  tasks.o [1]
uxSchedulerSuspended    0x2001eeb8      0x4  Data  Lc  tasks.o [1]
uxTaskNumber            0x2001eeb0      0x4  Data  Lc  tasks.o [1]
uxTaskResetEventItemValue
                        0x0802f811     0x20  Code  Gb  tasks.o [1]
uxTasksDeleted          0x2001ee90      0x4  Data  Lc  tasks.o [1]
uxTopReadyPriority      0x2001ee9c      0x4  Data  Lc  tasks.o [1]
vListInitialise         0x08037201     0x1e  Code  Gb  list.o [1]
vListInsert             0x08037237     0x3a  Code  Gb  list.o [1]
vListInsertEnd          0x0803721f     0x18  Code  Gb  list.o [1]
vPortEnableVFP          0x0803a679           Code  Gb  portasm.o [1]
vPortEnterCritical      0x080370cf     0x3a  Code  Gb  port.o [1]
vPortExitCritical       0x08037109     0x32  Code  Gb  port.o [1]
vPortFree               0x080373b1     0x78  Code  Gb  heap_4.o [1]
vPortSetupTimerInterrupt
                        0x08037167      0xe  Code  Wk  port.o [1]
vPortStartFirstTask     0x0803a661           Code  Gb  portasm.o [1]
vPortValidateInterruptPriority
                        0x08037175     0x4e  Code  Gb  port.o [1]
vQueueWaitForMessageRestricted
                        0x08030009     0x44  Code  Gb  queue.o [1]
vSetupSysInfoTest       0x080408a9     0x12  Code  Gb  SysInfoTest.o [1]
vTaskDelay              0x0802ee09     0x84  Code  Gb  tasks.o [1]
vTaskManageCapacity     0x0802deb9    0x5b0  Code  Gb  apptask.o [1]
vTaskMassStorage        0x0802d0fd    0x23c  Code  Lc  apptask.o [1]
vTaskMissedYield        0x0802f5a3      0xa  Code  Gb  tasks.o [1]
vTaskMotorControl       0x0802e46d    0x174  Code  Lc  apptask.o [1]
vTaskMsgPro             0x0802d789    0x426  Code  Lc  apptask.o [1]
vTaskPlaceOnEventList   0x0802f209     0x74  Code  Gb  tasks.o [1]
vTaskPlaceOnEventListRestricted
                        0x0802f341     0x80  Code  Gb  tasks.o [1]
vTaskPlaceOnUnorderedEventList
                        0x0802f299     0xa8  Code  Gb  tasks.o [1]
vTaskReadDisk           0x0802dc85    0x1b6  Code  Lc  apptask.o [1]
vTaskRev485             0x0802dbb5     0xae  Code  Lc  apptask.o [1]
vTaskSetTimeOutState    0x0802f4ed     0x26  Code  Gb  tasks.o [1]
vTaskStartScheduler     0x0802ee8d     0x7e  Code  Gb  tasks.o [1]
vTaskSuspendAll         0x0802ef0b     0x10  Code  Gb  tasks.o [1]
vTaskSwitchContext      0x0802f159     0xb0  Code  Gb  tasks.o [1]
vTaskTaskLCD            0x0802aa91   0x265a  Code  Gb  apptask.o [1]
vTaskTaskLED            0x0802d371     0x20  Code  Lc  apptask.o [1]
vTaskTaskRFID           0x0802d391    0x3c6  Code  Lc  apptask.o [1]
validate                0x08035093     0x36  Code  Lc  ff.o [1]
weimi_para              0x2001e524    0x118  Data  Gb  page_weimi.o [1]
work_idle               0x2001ef0b      0x1  Data  Gb  product_cal.o [1]
work_idle_time          0x2001eef6      0x2  Data  Gb  product_cal.o [1]
xActiveTimerList1       0x2001ed18     0x14  Data  Lc  timers.o [1]
xActiveTimerList2       0x2001ed2c     0x14  Data  Lc  timers.o [1]
xBlockAllocatedBit      0x2001ee70      0x4  Data  Lc  heap_4.o [1]
xDelayedTaskList1       0x2001ecb4     0x14  Data  Lc  tasks.o [1]
xDelayedTaskList2       0x2001ecc8     0x14  Data  Lc  tasks.o [1]
xEventGroupCreate       0x080368a5     0x1c  Code  Gb  event_groups.o [1]
xEventGroupSetBits      0x08036a0d     0xd6  Code  Gb  event_groups.o [1]
xEventGroupWaitBits     0x080368c1    0x146  Code  Gb  event_groups.o [1]
xFreeBytesRemaining     0x2001ee68      0x4  Data  Lc  heap_4.o [1]
xHandleTaskLCD          0x2001edf0      0x4  Data  Gb  apptask.o [1]
xHandleTaskLED          0x2001edf4      0x4  Data  Gb  apptask.o [1]
xHandleTaskManageCapacity
                        0x2001ee0c      0x4  Data  Gb  apptask.o [1]
xHandleTaskMassStorage  0x2001edfc      0x4  Data  Gb  apptask.o [1]
xHandleTaskMotorControl
                        0x2001ee10      0x4  Data  Gb  apptask.o [1]
xHandleTaskMsgPro       0x2001ee04      0x4  Data  Gb  apptask.o [1]
xHandleTaskRFID         0x2001edf8      0x4  Data  Gb  apptask.o [1]
xHandleTaskReadDisk     0x2001ee00      0x4  Data  Gb  apptask.o [1]
xHandleTaskRev485       0x2001ee08      0x4  Data  Gb  apptask.o [1]
xHeapStructSize         0x080414d0      0x4  Data  Lc  heap_4.o [1]
xMinimumEverFreeBytesRemaining
                        0x2001ee6c      0x4  Data  Lc  heap_4.o [1]
xNextTaskUnblockTime    0x2001eeb4      0x4  Data  Lc  tasks.o [1]
xNumOfOverflows         0x2001eeac      0x4  Data  Lc  tasks.o [1]
xPendingReadyList       0x2001ecdc     0x14  Data  Lc  tasks.o [1]
xPortStartScheduler     0x08037003     0xcc  Code  Gb  port.o [1]
xQueueGenericCreate     0x0802f915     0x7e  Code  Gb  queue.o [1]
xQueueGenericReceive    0x0802fd09    0x19c  Code  Gb  queue.o [1]
xQueueGenericReset      0x0802f885     0x90  Code  Gb  queue.o [1]
xQueueGenericSend       0x0802f993    0x1b2  Code  Gb  queue.o [1]
xQueueGenericSendFromISR
                        0x0802fb45     0xec  Code  Gb  queue.o [1]
xQueueGiveFromISR       0x0802fc31     0xd8  Code  Gb  queue.o [1]
xQueue_message          0x2001ee34      0x4  Data  Gb  apptask.o [1]
xSchedulerRunning       0x2001eea0      0x4  Data  Lc  tasks.o [1]
xSemaphore_download     0x2001ee24      0x4  Data  Gb  apptask.o [1]
xSemaphore_encoder      0x2001ee20      0x4  Data  Gb  apptask.o [1]
xSemaphore_lcd          0x2001ee14      0x4  Data  Gb  apptask.o [1]
xSemaphore_pluse        0x2001ee1c      0x4  Data  Gb  apptask.o [1]
xSemaphore_readDisk     0x2001ee28      0x4  Data  Gb  apptask.o [1]
xSemaphore_rs485        0x2001ee18      0x4  Data  Gb  apptask.o [1]
xStart                  0x2001edd8      0x8  Data  Lc  heap_4.o [1]
xSuspendedTaskList      0x2001ed04     0x14  Data  Lc  tasks.o [1]
xTaskCheckForTimeOut    0x0802f519     0x8a  Code  Gb  tasks.o [1]
xTaskGenericCreate      0x0802ec85    0x184  Code  Gb  tasks.o [1]
xTaskGetSchedulerState  0x0802f7d7     0x26  Code  Gb  tasks.o [1]
xTaskGetTickCount       0x0802f01b      0xa  Code  Gb  tasks.o [1]
xTaskIncrementTick      0x0802f025    0x134  Code  Gb  tasks.o [1]
xTaskRemoveFromEventList
                        0x0802f3c5     0x8e  Code  Gb  tasks.o [1]
xTaskRemoveFromUnorderedEventList
                        0x0802f459     0x94  Code  Gb  tasks.o [1]
xTaskResumeAll          0x0802ef1b    0x100  Code  Gb  tasks.o [1]
xTasksWaitingTermination
                        0x2001ecf0     0x14  Data  Lc  tasks.o [1]
xTickCount              0x2001ee98      0x4  Data  Lc  tasks.o [1]
xTimerCreate            0x08036b59     0x62  Code  Gb  timers.o [1]
xTimerCreateTimerTask   0x08036b09     0x50  Code  Gb  timers.o [1]
xTimerGenericCommand    0x08036bbb     0x84  Code  Gb  timers.o [1]
xTimerQueue             0x2001eecc      0x4  Data  Lc  timers.o [1]
xTimerUser              0x2001ee30      0x4  Data  Gb  apptask.o [1]
xYieldPending           0x2001eea8      0x4  Data  Lc  tasks.o [1]


[1] = E:\WORK\YarnControl_Driver\YarnControl_Driver\src\stm32f4_rtos\Project\EWARMv7\Flash\Obj
[2] = command line
[3] = dl7M_tlf.a
[4] = m7M_tls.a
[5] = rt7M_tl.a
[6] = shb_l.a

   87 000 bytes of readonly  code memory
  181 037 bytes of readonly  data memory
  128 788 bytes of readwrite data memory (+ 1 044 480 absolute)

Errors: none
Warnings: none
