###############################################################################
#
# IAR ELF Linker V7.40.7.9843/W32 for ARM                 29/Apr/2019  00:30:50
# Copyright 2007-2015 IAR Systems AB.
#
#    Output file  =  
#        E:\WORK\YarnControl_Driver\YarnControl_Driver\src\stm32f4_rtos\Project\EWARMv7\Flash\Exe\project.out
#    Map file     =  
#        E:\WORK\YarnControl_Driver\YarnControl_Driver\src\stm32f4_rtos\Project\EWARMv7\Flash\List\project.map
#    Command line =  
#        E:\WORK\YarnControl_Driver\YarnControl_Driver\src\stm32f4_rtos\Project\EWARMv7\Flash\Obj\apptask.o
#        E:\WORK\YarnControl_Driver\YarnControl_Driver\src\stm32f4_rtos\Project\EWARMv7\Flash\Obj\bkp_pwr.o
#        E:\WORK\YarnControl_Driver\YarnControl_Driver\src\stm32f4_rtos\Project\EWARMv7\Flash\Obj\bsp.o
#        E:\WORK\YarnControl_Driver\YarnControl_Driver\src\stm32f4_rtos\Project\EWARMv7\Flash\Obj\bsp_adc.o
#        E:\WORK\YarnControl_Driver\YarnControl_Driver\src\stm32f4_rtos\Project\EWARMv7\Flash\Obj\bsp_closeSW.o
#        E:\WORK\YarnControl_Driver\YarnControl_Driver\src\stm32f4_rtos\Project\EWARMv7\Flash\Obj\bsp_dac.o
#        E:\WORK\YarnControl_Driver\YarnControl_Driver\src\stm32f4_rtos\Project\EWARMv7\Flash\Obj\bsp_dwt.o
#        E:\WORK\YarnControl_Driver\YarnControl_Driver\src\stm32f4_rtos\Project\EWARMv7\Flash\Obj\bsp_led.o
#        E:\WORK\YarnControl_Driver\YarnControl_Driver\src\stm32f4_rtos\Project\EWARMv7\Flash\Obj\bsp_relay.o
#        E:\WORK\YarnControl_Driver\YarnControl_Driver\src\stm32f4_rtos\Project\EWARMv7\Flash\Obj\bsp_sdio_sd.o
#        E:\WORK\YarnControl_Driver\YarnControl_Driver\src\stm32f4_rtos\Project\EWARMv7\Flash\Obj\bsp_sdwe050c17.o
#        E:\WORK\YarnControl_Driver\YarnControl_Driver\src\stm32f4_rtos\Project\EWARMv7\Flash\Obj\bsp_servomotor.o
#        E:\WORK\YarnControl_Driver\YarnControl_Driver\src\stm32f4_rtos\Project\EWARMv7\Flash\Obj\bsp_spi.o
#        E:\WORK\YarnControl_Driver\YarnControl_Driver\src\stm32f4_rtos\Project\EWARMv7\Flash\Obj\bsp_stepmotor.o
#        E:\WORK\YarnControl_Driver\YarnControl_Driver\src\stm32f4_rtos\Project\EWARMv7\Flash\Obj\bsp_sw_onoff.o
#        E:\WORK\YarnControl_Driver\YarnControl_Driver\src\stm32f4_rtos\Project\EWARMv7\Flash\Obj\bsp_tim_pwm.o
#        E:\WORK\YarnControl_Driver\YarnControl_Driver\src\stm32f4_rtos\Project\EWARMv7\Flash\Obj\bsp_timer.o
#        E:\WORK\YarnControl_Driver\YarnControl_Driver\src\stm32f4_rtos\Project\EWARMv7\Flash\Obj\bsp_uart_fifo.o
#        E:\WORK\YarnControl_Driver\YarnControl_Driver\src\stm32f4_rtos\Project\EWARMv7\Flash\Obj\bsp_w25qxx.o
#        E:\WORK\YarnControl_Driver\YarnControl_Driver\src\stm32f4_rtos\Project\EWARMv7\Flash\Obj\bsp_watchdog.o
#        E:\WORK\YarnControl_Driver\YarnControl_Driver\src\stm32f4_rtos\Project\EWARMv7\Flash\Obj\cc936.o
#        E:\WORK\YarnControl_Driver\YarnControl_Driver\src\stm32f4_rtos\Project\EWARMv7\Flash\Obj\cJSON.o
#        E:\WORK\YarnControl_Driver\YarnControl_Driver\src\stm32f4_rtos\Project\EWARMv7\Flash\Obj\croutine.o
#        E:\WORK\YarnControl_Driver\YarnControl_Driver\src\stm32f4_rtos\Project\EWARMv7\Flash\Obj\demo_fatfs.o
#        E:\WORK\YarnControl_Driver\YarnControl_Driver\src\stm32f4_rtos\Project\EWARMv7\Flash\Obj\des.o
#        E:\WORK\YarnControl_Driver\YarnControl_Driver\src\stm32f4_rtos\Project\EWARMv7\Flash\Obj\diskio.o
#        E:\WORK\YarnControl_Driver\YarnControl_Driver\src\stm32f4_rtos\Project\EWARMv7\Flash\Obj\encoder_tim.o
#        E:\WORK\YarnControl_Driver\YarnControl_Driver\src\stm32f4_rtos\Project\EWARMv7\Flash\Obj\esp8266_handler.o
#        E:\WORK\YarnControl_Driver\YarnControl_Driver\src\stm32f4_rtos\Project\EWARMv7\Flash\Obj\esp8266_init.o
#        E:\WORK\YarnControl_Driver\YarnControl_Driver\src\stm32f4_rtos\Project\EWARMv7\Flash\Obj\event_groups.o
#        E:\WORK\YarnControl_Driver\YarnControl_Driver\src\stm32f4_rtos\Project\EWARMv7\Flash\Obj\ff.o
#        E:\WORK\YarnControl_Driver\YarnControl_Driver\src\stm32f4_rtos\Project\EWARMv7\Flash\Obj\heap_4.o
#        E:\WORK\YarnControl_Driver\YarnControl_Driver\src\stm32f4_rtos\Project\EWARMv7\Flash\Obj\iic_smec98sp.o
#        E:\WORK\YarnControl_Driver\YarnControl_Driver\src\stm32f4_rtos\Project\EWARMv7\Flash\Obj\list.o
#        E:\WORK\YarnControl_Driver\YarnControl_Driver\src\stm32f4_rtos\Project\EWARMv7\Flash\Obj\main.o
#        E:\WORK\YarnControl_Driver\YarnControl_Driver\src\stm32f4_rtos\Project\EWARMv7\Flash\Obj\malloc.o
#        E:\WORK\YarnControl_Driver\YarnControl_Driver\src\stm32f4_rtos\Project\EWARMv7\Flash\Obj\mcheck.o
#        E:\WORK\YarnControl_Driver\YarnControl_Driver\src\stm32f4_rtos\Project\EWARMv7\Flash\Obj\misc.o
#        E:\WORK\YarnControl_Driver\YarnControl_Driver\src\stm32f4_rtos\Project\EWARMv7\Flash\Obj\modbus.o
#        E:\WORK\YarnControl_Driver\YarnControl_Driver\src\stm32f4_rtos\Project\EWARMv7\Flash\Obj\MQTTConnectClient.o
#        E:\WORK\YarnControl_Driver\YarnControl_Driver\src\stm32f4_rtos\Project\EWARMv7\Flash\Obj\MQTTConnectServer.o
#        E:\WORK\YarnControl_Driver\YarnControl_Driver\src\stm32f4_rtos\Project\EWARMv7\Flash\Obj\MQTTDeserializePublish.o
#        E:\WORK\YarnControl_Driver\YarnControl_Driver\src\stm32f4_rtos\Project\EWARMv7\Flash\Obj\MQTTFormat.o
#        E:\WORK\YarnControl_Driver\YarnControl_Driver\src\stm32f4_rtos\Project\EWARMv7\Flash\Obj\MQTTPacket.o
#        E:\WORK\YarnControl_Driver\YarnControl_Driver\src\stm32f4_rtos\Project\EWARMv7\Flash\Obj\MQTTSerializePublish.o
#        E:\WORK\YarnControl_Driver\YarnControl_Driver\src\stm32f4_rtos\Project\EWARMv7\Flash\Obj\MQTTSubscribeClient.o
#        E:\WORK\YarnControl_Driver\YarnControl_Driver\src\stm32f4_rtos\Project\EWARMv7\Flash\Obj\MQTTSubscribeServer.o
#        E:\WORK\YarnControl_Driver\YarnControl_Driver\src\stm32f4_rtos\Project\EWARMv7\Flash\Obj\MQTTUnsubscribeClient.o
#        E:\WORK\YarnControl_Driver\YarnControl_Driver\src\stm32f4_rtos\Project\EWARMv7\Flash\Obj\MQTTUnsubscribeServer.o
#        E:\WORK\YarnControl_Driver\YarnControl_Driver\src\stm32f4_rtos\Project\EWARMv7\Flash\Obj\page_weimi.o
#        E:\WORK\YarnControl_Driver\YarnControl_Driver\src\stm32f4_rtos\Project\EWARMv7\Flash\Obj\para.o
#        E:\WORK\YarnControl_Driver\YarnControl_Driver\src\stm32f4_rtos\Project\EWARMv7\Flash\Obj\port.o
#        E:\WORK\YarnControl_Driver\YarnControl_Driver\src\stm32f4_rtos\Project\EWARMv7\Flash\Obj\portasm.o
#        E:\WORK\YarnControl_Driver\YarnControl_Driver\src\stm32f4_rtos\Project\EWARMv7\Flash\Obj\product_cal.o
#        E:\WORK\YarnControl_Driver\YarnControl_Driver\src\stm32f4_rtos\Project\EWARMv7\Flash\Obj\protocol.o
#        E:\WORK\YarnControl_Driver\YarnControl_Driver\src\stm32f4_rtos\Project\EWARMv7\Flash\Obj\pub0sub1.o
#        E:\WORK\YarnControl_Driver\YarnControl_Driver\src\stm32f4_rtos\Project\EWARMv7\Flash\Obj\queue.o
#        E:\WORK\YarnControl_Driver\YarnControl_Driver\src\stm32f4_rtos\Project\EWARMv7\Flash\Obj\rc522.o
#        E:\WORK\YarnControl_Driver\YarnControl_Driver\src\stm32f4_rtos\Project\EWARMv7\Flash\Obj\sha1.o
#        E:\WORK\YarnControl_Driver\YarnControl_Driver\src\stm32f4_rtos\Project\EWARMv7\Flash\Obj\smec98sp.o
#        E:\WORK\YarnControl_Driver\YarnControl_Driver\src\stm32f4_rtos\Project\EWARMv7\Flash\Obj\startup_stm32f40_41xxx.o
#        E:\WORK\YarnControl_Driver\YarnControl_Driver\src\stm32f4_rtos\Project\EWARMv7\Flash\Obj\stm32f4xx_adc.o
#        E:\WORK\YarnControl_Driver\YarnControl_Driver\src\stm32f4_rtos\Project\EWARMv7\Flash\Obj\stm32f4xx_assert.o
#        E:\WORK\YarnControl_Driver\YarnControl_Driver\src\stm32f4_rtos\Project\EWARMv7\Flash\Obj\stm32f4xx_can.o
#        E:\WORK\YarnControl_Driver\YarnControl_Driver\src\stm32f4_rtos\Project\EWARMv7\Flash\Obj\stm32f4xx_crc.o
#        E:\WORK\YarnControl_Driver\YarnControl_Driver\src\stm32f4_rtos\Project\EWARMv7\Flash\Obj\stm32f4xx_cryp.o
#        E:\WORK\YarnControl_Driver\YarnControl_Driver\src\stm32f4_rtos\Project\EWARMv7\Flash\Obj\stm32f4xx_cryp_aes.o
#        E:\WORK\YarnControl_Driver\YarnControl_Driver\src\stm32f4_rtos\Project\EWARMv7\Flash\Obj\stm32f4xx_cryp_des.o
#        E:\WORK\YarnControl_Driver\YarnControl_Driver\src\stm32f4_rtos\Project\EWARMv7\Flash\Obj\stm32f4xx_cryp_tdes.o
#        E:\WORK\YarnControl_Driver\YarnControl_Driver\src\stm32f4_rtos\Project\EWARMv7\Flash\Obj\stm32f4xx_dac.o
#        E:\WORK\YarnControl_Driver\YarnControl_Driver\src\stm32f4_rtos\Project\EWARMv7\Flash\Obj\stm32f4xx_dbgmcu.o
#        E:\WORK\YarnControl_Driver\YarnControl_Driver\src\stm32f4_rtos\Project\EWARMv7\Flash\Obj\stm32f4xx_dcmi.o
#        E:\WORK\YarnControl_Driver\YarnControl_Driver\src\stm32f4_rtos\Project\EWARMv7\Flash\Obj\stm32f4xx_dma.o
#        E:\WORK\YarnControl_Driver\YarnControl_Driver\src\stm32f4_rtos\Project\EWARMv7\Flash\Obj\stm32f4xx_dma2d.o
#        E:\WORK\YarnControl_Driver\YarnControl_Driver\src\stm32f4_rtos\Project\EWARMv7\Flash\Obj\stm32f4xx_exti.o
#        E:\WORK\YarnControl_Driver\YarnControl_Driver\src\stm32f4_rtos\Project\EWARMv7\Flash\Obj\stm32f4xx_flash.o
#        E:\WORK\YarnControl_Driver\YarnControl_Driver\src\stm32f4_rtos\Project\EWARMv7\Flash\Obj\stm32f4xx_fsmc.o
#        E:\WORK\YarnControl_Driver\YarnControl_Driver\src\stm32f4_rtos\Project\EWARMv7\Flash\Obj\stm32f4xx_gpio.o
#        E:\WORK\YarnControl_Driver\YarnControl_Driver\src\stm32f4_rtos\Project\EWARMv7\Flash\Obj\stm32f4xx_hash.o
#        E:\WORK\YarnControl_Driver\YarnControl_Driver\src\stm32f4_rtos\Project\EWARMv7\Flash\Obj\stm32f4xx_hash_md5.o
#        E:\WORK\YarnControl_Driver\YarnControl_Driver\src\stm32f4_rtos\Project\EWARMv7\Flash\Obj\stm32f4xx_hash_sha1.o
#        E:\WORK\YarnControl_Driver\YarnControl_Driver\src\stm32f4_rtos\Project\EWARMv7\Flash\Obj\stm32f4xx_i2c.o
#        E:\WORK\YarnControl_Driver\YarnControl_Driver\src\stm32f4_rtos\Project\EWARMv7\Flash\Obj\stm32f4xx_it.o
#        E:\WORK\YarnControl_Driver\YarnControl_Driver\src\stm32f4_rtos\Project\EWARMv7\Flash\Obj\stm32f4xx_iwdg.o
#        E:\WORK\YarnControl_Driver\YarnControl_Driver\src\stm32f4_rtos\Project\EWARMv7\Flash\Obj\stm32f4xx_ltdc.o
#        E:\WORK\YarnControl_Driver\YarnControl_Driver\src\stm32f4_rtos\Project\EWARMv7\Flash\Obj\stm32f4xx_pwr.o
#        E:\WORK\YarnControl_Driver\YarnControl_Driver\src\stm32f4_rtos\Project\EWARMv7\Flash\Obj\stm32f4xx_rcc.o
#        E:\WORK\YarnControl_Driver\YarnControl_Driver\src\stm32f4_rtos\Project\EWARMv7\Flash\Obj\stm32f4xx_rng.o
#        E:\WORK\YarnControl_Driver\YarnControl_Driver\src\stm32f4_rtos\Project\EWARMv7\Flash\Obj\stm32f4xx_rtc.o
#        E:\WORK\YarnControl_Driver\YarnControl_Driver\src\stm32f4_rtos\Project\EWARMv7\Flash\Obj\stm32f4xx_sai.o
#        E:\WORK\YarnControl_Driver\YarnControl_Driver\src\stm32f4_rtos\Project\EWARMv7\Flash\Obj\stm32f4xx_sdio.o
#        E:\WORK\YarnControl_Driver\YarnControl_Driver\src\stm32f4_rtos\Project\EWARMv7\Flash\Obj\stm32f4xx_spi.o
#        E:\WORK\YarnControl_Driver\YarnControl_Driver\src\stm32f4_rtos\Project\EWARMv7\Flash\Obj\stm32f4xx_syscfg.o
#        E:\WORK\YarnControl_Driver\YarnControl_Driver\src\stm32f4_rtos\Project\EWARMv7\Flash\Obj\stm32f4xx_tim.o
#        E:\WORK\YarnControl_Driver\YarnControl_Driver\src\stm32f4_rtos\Project\EWARMv7\Flash\Obj\stm32f4xx_usart.o
#        E:\WORK\YarnControl_Driver\YarnControl_Driver\src\stm32f4_rtos\Project\EWARMv7\Flash\Obj\stm32f4xx_wwdg.o
#        E:\WORK\YarnControl_Driver\YarnControl_Driver\src\stm32f4_rtos\Project\EWARMv7\Flash\Obj\SysInfoTest.o
#        E:\WORK\YarnControl_Driver\YarnControl_Driver\src\stm32f4_rtos\Project\EWARMv7\Flash\Obj\system_stm32f4xx.o
#        E:\WORK\YarnControl_Driver\YarnControl_Driver\src\stm32f4_rtos\Project\EWARMv7\Flash\Obj\tasks.o
#        E:\WORK\YarnControl_Driver\YarnControl_Driver\src\stm32f4_rtos\Project\EWARMv7\Flash\Obj\timer_platform.o
#        E:\WORK\YarnControl_Driver\YarnControl_Driver\src\stm32f4_rtos\Project\EWARMv7\Flash\Obj\timers.o
#        E:\WORK\YarnControl_Driver\YarnControl_Driver\src\stm32f4_rtos\Project\EWARMv7\Flash\Obj\transport.o
#        E:\WORK\YarnControl_Driver\YarnControl_Driver\src\stm32f4_rtos\Project\EWARMv7\Flash\Obj\usb_bsp.o
#        E:\WORK\YarnControl_Driver\YarnControl_Driver\src\stm32f4_rtos\Project\EWARMv7\Flash\Obj\usb_core.o
#        E:\WORK\YarnControl_Driver\YarnControl_Driver\src\stm32f4_rtos\Project\EWARMv7\Flash\Obj\usb_hcd.o
#        E:\WORK\YarnControl_Driver\YarnControl_Driver\src\stm32f4_rtos\Project\EWARMv7\Flash\Obj\usb_hcd_int.o
#        E:\WORK\YarnControl_Driver\YarnControl_Driver\src\stm32f4_rtos\Project\EWARMv7\Flash\Obj\usbh_core.o
#        E:\WORK\YarnControl_Driver\YarnControl_Driver\src\stm32f4_rtos\Project\EWARMv7\Flash\Obj\usbh_hcs.o
#        E:\WORK\YarnControl_Driver\YarnControl_Driver\src\stm32f4_rtos\Project\EWARMv7\Flash\Obj\usbh_ioreq.o
#        E:\WORK\YarnControl_Driver\YarnControl_Driver\src\stm32f4_rtos\Project\EWARMv7\Flash\Obj\usbh_it.o
#        E:\WORK\YarnControl_Driver\YarnControl_Driver\src\stm32f4_rtos\Project\EWARMv7\Flash\Obj\usbh_msc_bot.o
#        E:\WORK\YarnControl_Driver\YarnControl_Driver\src\stm32f4_rtos\Project\EWARMv7\Flash\Obj\usbh_msc_core.o
#        E:\WORK\YarnControl_Driver\YarnControl_Driver\src\stm32f4_rtos\Project\EWARMv7\Flash\Obj\usbh_msc_scsi.o
#        E:\WORK\YarnControl_Driver\YarnControl_Driver\src\stm32f4_rtos\Project\EWARMv7\Flash\Obj\usbh_stdreq.o
#        E:\WORK\YarnControl_Driver\YarnControl_Driver\src\stm32f4_rtos\Project\EWARMv7\Flash\Obj\usbh_usr.o
#        -o
#        E:\WORK\YarnControl_Driver\YarnControl_Driver\src\stm32f4_rtos\Project\EWARMv7\Flash\Exe\project.out
#        --map
#        E:\WORK\YarnControl_Driver\YarnControl_Driver\src\stm32f4_rtos\Project\EWARMv7\Flash\List\project.map
#        --config
#        E:\WORK\YarnControl_Driver\YarnControl_Driver\src\stm32f4_rtos\Project\EWARMv7\stm32f4xx_flash.icf
#        --semihosting --entry __iar_program_start --inline --vfe
#
###############################################################################

*******************************************************************************
*** RUNTIME MODEL ATTRIBUTES
***

CppFlavor                     = *
__Heap_Handler                = DLMalloc
__SystemLibrary               = DLib
__dlib_dynamic_initialization = normal


*******************************************************************************
*** PLACEMENT SUMMARY
***

"A1":  place at 0x08000000 { ro section .intvec };
"P1":  place in [from 0x08000000 to 0x080fffff] { ro };
"P2":  place in [from 0x20000000 to 0x2001ffff] { rw, block CSTACK, block HEAP };

  Section             Kind        Address     Size  Object
  -------             ----        -------     ----  ------
"A1":                                        0x188
  .intvec             ro code  0x08000000    0x188  startup_stm32f40_41xxx.o [1]
                             - 0x08000188    0x188

"P1":                                      0x4ae56
  .rodata             const    0x08000188  0x15484  cc936.o [1]
  .rodata             const    0x0801560c  0x15484  cc936.o [1]
  .text               ro code  0x0802aa90   0x7124  apptask.o [1]
  .text               ro code  0x08031bb4   0x1534  bsp_sdwe050c17.o [1]
  .text               ro code  0x080330e8    0x7c8  queue.o [1]
  .text               ro code  0x080338b0    0x6c0  product_cal.o [1]
  .text               ro code  0x08033f70     0x66  ABImemset.o [5]
  .text               ro code  0x08033fd6     0x1e  xsscin.o [3]
  .text               ro code  0x08033ff4    0xce0  tasks.o [1]
  .text               ro code  0x08034cd4    0x380  bsp_w25qxx.o [1]
  .text               ro code  0x08035054     0x4e  FltToDbl.o [4]
  .text               ro code  0x080350a2     0x1a  xsnprout.o [3]
  .text               ro code  0x080350bc     0x24  printf.o [3]
  .text               ro code  0x080350e0     0x76  ABImemcpy_unaligned.o [5]
  .text               ro code  0x08035156      0xa  xsprout.o [3]
  .text               ro code  0x08035160     0x42  strcmp_unaligned.o [5]
  .text               ro code  0x080351a4    0x21c  malloc.o [1]
  .text               ro code  0x080353c0     0x30  I32ToDbl.o [4]
  .text               ro code  0x080353f0    0x256  DblDiv.o [4]
  .text               ro code  0x08035648     0xe8  DblAdd.o [4]
  .text               ro code  0x08035730    0x1a2  DblMul.o [4]
  .text               ro code  0x080358d4     0x58  DblToI32.o [4]
  .text               ro code  0x0803592c     0x90  DblToFlt.o [4]
  .text               ro code  0x080359bc     0x36  strlen.o [5]
  .text               ro code  0x080359f4    0x12c  stm32f4xx_gpio.o [1]
  .text               ro code  0x08035b20   0x1426  para.o [1]
  .text               ro code  0x08036f48     0x62  memcmp_unaligned.o [5]
  .text               ro code  0x08036fac     0xc8  bsp_dac.o [1]
  .text               ro code  0x08037074     0x3c  stm32f4xx_rtc.o [1]
  .text               ro code  0x080370b0    0x4f8  page_weimi.o [1]
  .text               ro code  0x080375a8    0x280  bsp_servomotor.o [1]
  .text               ro code  0x08037828    0x188  bkp_pwr.o [1]
  .text               ro code  0x080379b0    0x1a2  usbh_usr.o [1]
  .text               ro code  0x08037b54    0x760  usbh_core.o [1]
  .text               ro code  0x080382b4   0x2498  ff.o [1]
  .text               ro code  0x0803a74c     0x34  sprintf.o [3]
  .text               ro code  0x0803a780     0x1c  strcat.o [3]
  .text               ro code  0x0803a79c     0xc0  bsp_led.o [1]
  .text               ro code  0x0803a85c     0xee  rc522.o [1]
  .text               ro code  0x0803a94c    0x354  modbus.o [1]
  .text               ro code  0x0803aca0     0x80  protocol.o [1]
  .text               ro code  0x0803ad20     0x10  para.o [1]
  .text               ro code  0x0803ad30     0xdc  bsp_closeSW.o [1]
  .text               ro code  0x0803ae0c    0x180  DblSub.o [4]
  .text               ro code  0x0803af8c    0x4f4  bsp_stepmotor.o [1]
  .text               ro code  0x0803b480    0x2a8  encoder_tim.o [1]
  .text               ro code  0x0803b728     0x7c  esp8266_init.o [1]
  .text               ro code  0x0803b7a4    0x414  esp8266_handler.o [1]
  .text               ro code  0x0803bbb8    0x434  pub0sub1.o [1]
  .text               ro code  0x0803bfec    0x262  event_groups.o [1]
  .text               ro code  0x0803c250    0x4a4  timers.o [1]
  .text               ro code  0x0803c6f4      0x8  bsp_watchdog.o [1]
  .text               ro code  0x0803c6fc    0x1e8  stm32f4xx_rcc.o [1]
  .text               ro code  0x0803c8e4     0x74  bsp_dwt.o [1]
  .text               ro code  0x0803c958    0xaa4  bsp_uart_fifo.o [1]
  .text               ro code  0x0803d3fc    0x204  bsp_timer.o [1]
  .text               ro code  0x0803d600    0x24c  port.o [1]
  .text               ro code  0x0803d84c     0x98  list.o [1]
  .text               ro code  0x0803d8e4    0x280  heap_4.o [1]
  .text               ro code  0x0803db64    0x124  bsp_spi.o [1]
  .text               ro code  0x0803dc88    0xd96  xprintffull_nomb.o [3]
  .text               ro code  0x0803ea20     0x44  strcpy_unaligned.o [5]
  .text               ro code  0x0803ea64     0x24  sscanf.o [3]
  .text               ro code  0x0803ea88     0x7c  stm32f4xx_dac.o [1]
  .text               ro code  0x0803eb04    0x6f6  stm32f4xx_tim.o [1]
  .text               ro code  0x0803f1fc    0x31c  stm32f4xx_dma.o [1]
  .text               ro code  0x0803f518      0xc  stm32f4xx_pwr.o [1]
  .text               ro code  0x0803f524    0x14c  usb_bsp.o [1]
  .text               ro code  0x0803f670     0xd6  usb_hcd.o [1]
  .text               ro code  0x0803f746    0x1ba  usbh_hcs.o [1]
  .text               ro code  0x0803f900    0x436  usbh_stdreq.o [1]
  .text               ro code  0x0803fd36    0x246  usbh_ioreq.o [1]
  .text               ro code  0x0803ff7c    0x2e4  diskio.o [1]
  .text               ro code  0x08040260     0xf4  cc936.o [1]
  .text               ro code  0x08040354     0xb8  mcheck.o [1]
  .text               ro code  0x0804040c     0x2c  strstr.o [3]
  .text               ro code  0x08040438     0x54  stm32f4xx_syscfg.o [1]
  .text               ro code  0x0804048c     0xc0  stm32f4xx_exti.o [1]
  .text               ro code  0x0804054c     0x88  misc.o [1]
  .text               ro code  0x080405d4    0x132  I64DivMod.o [5]
  .text               ro code  0x08040708      0x6  ABImemclr4.o [5]
  .text               ro code  0x08040710     0x44  snprintf.o [3]
  .text               ro code  0x08040754    0x306  MQTTConnectClient.o [1]
  .text               ro code  0x08040a5c     0x6c  transport.o [1]
  .text               ro code  0x08040ac8    0x290  MQTTPacket.o [1]
  .text               ro code  0x08040d58     0x40  timer_platform.o [1]
  .text               ro code  0x08040d98    0x190  MQTTSubscribeClient.o [1]
  .text               ro code  0x08040f28     0xbc  MQTTDeserializePublish.o [1]
  .text               ro code  0x08040fe4     0xec  MQTTSerializePublish.o [1]
  .text               ro code  0x080410d0     0x10  stm32f4xx_iwdg.o [1]
  .text               ro code  0x080410e0    0x254  stm32f4xx_usart.o [1]
  CODE                ro code  0x08041334     0xa8  portasm.o [1]
  .text               ro code  0x080413dc     0x74  stm32f4xx_spi.o [1]
  .text               ro code  0x08041450     0x16  strchr.o [5]
  .text               ro code  0x08041468     0x58  memchr.o [5]
  .text               ro code  0x080414c0     0x42  xdnorm.o [4]
  .text               ro code  0x08041504     0x2e  DblCmpLe.o [4]
  .text               ro code  0x08041534     0x2e  DblCmpGe.o [4]
  .text               ro code  0x08041564    0x114  xdscale.o [4]
  .text               ro code  0x08041678     0x6c  localeconv.o [3]
  .text               ro code  0x080416e4      0xe  div.o [3]
  .text               ro code  0x080416f4    0xb64  xscanffull_nomb.o [3]
  .text               ro code  0x08042258    0xa50  usb_core.o [1]
  .text               ro code  0x08042ca8   0x1a58  bsp_sdio_sd.o [1]
  .text               ro code  0x08044700    0x618  usbh_msc_scsi.o [1]
  .text               ro code  0x08044d18    0x554  usbh_msc_bot.o [1]
  .text               ro code  0x0804526c      0x2  I64DivZer.o [5]
  .text               ro code  0x08045270     0x32  ABImemset48.o [5]
  .text               ro code  0x080452a2     0x28  isxxx.o [3]
  .text               ro code  0x080452ca     0xa4  xstoll.o [3]
  .text               ro code  0x08045370    0x1b0  xstoull.o [3]
  .text               ro code  0x08045520    0x168  xstold.o [4]
  .text               ro code  0x08045688    0x17c  stm32f4xx_sdio.o [1]
  .text               ro code  0x08045804     0x18  setlocale.o [3]
  .text               ro code  0x0804581c     0x16  xlocale_c.o [3]
  .text               ro code  0x08045832     0x14  xlocale_c.o [3]
  .text               ro code  0x08045848      0xc  errno.o [3]
  .text               ro code  0x08045854     0x14  tolower.o [3]
  .text               ro code  0x08045868    0x124  xstopfx.o [3]
  .text               ro code  0x0804598c    0x1b8  xstoflt.o [3]
  .rodata             const    0x08045b44     0x2c  apptask.o [1]
  .text               ro code  0x08045b70    0x200  xdtento.o [4]
  .text               ro code  0x08045d70    0x218  xstoxflt.o [3]
  .text               ro code  0x08045f88      0x2  xtls.o [3]
  .text               ro code  0x08045f8a      0xc  xlocale_c.o [3]
  .text               ro code  0x08045f98     0x20  DblCmpEq.o [4]
  .text               ro code  0x08045fb8     0x52  xdunscal.o [4]
  .text               ro code  0x0804600c    0xc7e  usb_hcd_int.o [1]
  .text               ro code  0x08046c8c    0x4fa  des.o [1]
  .text               ro code  0x08047188    0x4ae  smec98sp.o [1]
  .text               ro code  0x08047638    0x1b6  stm32f4xx_adc.o [1]
  .text               ro code  0x080477f0    0x38e  iic_smec98sp.o [1]
  .text               ro code  0x08047b80     0x20  srand.o [3]
  .text               ro code  0x08047ba0     0xe0  rand.o [3]
  .rodata             const    0x08047c80    0x400  apptask.o [1]
  .text               ro code  0x08048080    0x3e8  usbh_msc_core.o [1]
  .rodata             const    0x08048468    0x3dc  cc936.o [1]
  .rodata             const    0x08048844    0x3dc  cc936.o [1]
  .rodata             const    0x08048c20    0x200  des.o [1]
  .rodata             const    0x08048e20    0x190  product_cal.o [1]
  .text               ro code  0x08048fb0    0x154  system_stm32f4xx.o [1]
  .rodata             const    0x08049104    0x100  mcheck.o [1]
  .rodata             const    0x08049204    0x100  mcheck.o [1]
  .rodata             const    0x08049304    0x100  mcheck.o [1]
  .text               ro code  0x08049404     0xd0  packbits_init.o [5]
  .text               ro code  0x080494d4      0x6  abort.o [3]
  .text               ro code  0x080494dc     0x14  exit.o [6]
  .rodata             const    0x080494f0     0x58  pub0sub1.o [1]
  .text               ro code  0x08049548     0x58  bsp.o [1]
  .text               ro code  0x080495a0     0x44  bsp_relay.o [1]
  .text               ro code  0x080495e4     0x44  bsp_sw_onoff.o [1]
  .rodata             const    0x08049628     0x40  des.o [1]
  .rodata             const    0x08049668     0x40  des.o [1]
  .text               ro code  0x080496a8     0x40  zero_init3.o [5]
  .rodata             const    0x080496e8     0x38  demo_fatfs.o [1]
  .rodata             const    0x08049720     0x38  des.o [1]
  .text               ro code  0x08049758     0x38  stm32f4xx_it.o [1]
  .rodata             const    0x08049790     0x30  apptask.o [1]
  .rodata             const    0x080497c0     0x30  apptask.o [1]
  .rodata             const    0x080497f0     0x30  demo_fatfs.o [1]
  .rodata             const    0x08049820     0x30  demo_fatfs.o [1]
  .rodata             const    0x08049850     0x30  des.o [1]
  .rodata             const    0x08049880     0x30  des.o [1]
  .text               ro code  0x080498b0     0x30  main.o [1]
  .rodata             const    0x080498e0     0x2c  demo_fatfs.o [1]
  .rodata             const    0x0804990c     0x2c  demo_fatfs.o [1]
  .rodata             const    0x08049938     0x2c  stm32f4xx_it.o [1]
  .text               ro code  0x08049964     0x2c  SysInfoTest.o [1]
  .rodata             const    0x08049990     0x28  apptask.o [1]
  .rodata             const    0x080499b8     0x28  demo_fatfs.o [1]
  .rodata             const    0x080499e0     0x28  demo_fatfs.o [1]
  .rodata             const    0x08049a08     0x28  demo_fatfs.o [1]
  .text               ro code  0x08049a30     0x28  data_init.o [5]
  .rodata             const    0x08049a58     0x24  apptask.o [1]
  .rodata             const    0x08049a7c     0x24  apptask.o [1]
  .rodata             const    0x08049aa0     0x24  apptask.o [1]
  .rodata             const    0x08049ac4     0x24  apptask.o [1]
  .rodata             const    0x08049ae8     0x24  apptask.o [1]
  .rodata             const    0x08049b0c     0x24  apptask.o [1]
  .rodata             const    0x08049b30     0x24  apptask.o [1]
  .rodata             const    0x08049b54     0x24  apptask.o [1]
  .rodata             const    0x08049b78     0x24  apptask.o [1]
  .rodata             const    0x08049b9c     0x24  demo_fatfs.o [1]
  .rodata             const    0x08049bc0     0x24  demo_fatfs.o [1]
  .rodata             const    0x08049be4     0x24  pub0sub1.o [1]
  .rodata             const    0x08049c08     0x24  pub0sub1.o [1]
  .rodata             const    0x08049c2c     0x24  usbh_usr.o [1]
  .text               ro code  0x08049c50     0x22  fpinit_M.o [4]
  .iar.init_table     const    0x08049c74     0x34  - Linker created -
  .rodata             const    0x08049ca8     0x20  apptask.o [1]
  .rodata             const    0x08049cc8     0x20  apptask.o [1]
  .rodata             const    0x08049ce8     0x20  apptask.o [1]
  .rodata             const    0x08049d08     0x20  apptask.o [1]
  .rodata             const    0x08049d28     0x20  demo_fatfs.o [1]
  .rodata             const    0x08049d48     0x20  demo_fatfs.o [1]
  .rodata             const    0x08049d68     0x20  demo_fatfs.o [1]
  .rodata             const    0x08049d88     0x20  des.o [1]
  .rodata             const    0x08049da8     0x20  pub0sub1.o [1]
  .rodata             const    0x08049dc8     0x20  usbh_usr.o [1]
  .rodata             const    0x08049de8     0x20  usbh_usr.o [1]
  .rodata             const    0x08049e08     0x20  usbh_usr.o [1]
  .rodata             const    0x08049e28     0x20  usbh_usr.o [1]
  .rodata             const    0x08049e48     0x20  usbh_usr.o [1]
  .rodata             const    0x08049e68     0x1c  apptask.o [1]
  .rodata             const    0x08049e84     0x1c  apptask.o [1]
  .rodata             const    0x08049ea0     0x1c  apptask.o [1]
  .rodata             const    0x08049ebc     0x1c  apptask.o [1]
  .rodata             const    0x08049ed8     0x1c  apptask.o [1]
  .rodata             const    0x08049ef4     0x1c  apptask.o [1]
  .rodata             const    0x08049f10     0x1c  apptask.o [1]
  .rodata             const    0x08049f2c     0x1c  apptask.o [1]
  .rodata             const    0x08049f48     0x1c  demo_fatfs.o [1]
  .rodata             const    0x08049f64     0x1c  demo_fatfs.o [1]
  .rodata             const    0x08049f80     0x1c  esp8266_handler.o [1]
  .rodata             const    0x08049f9c     0x1c  esp8266_handler.o [1]
  .rodata             const    0x08049fb8     0x1c  pub0sub1.o [1]
  .rodata             const    0x08049fd4     0x1c  pub0sub1.o [1]
  .rodata             const    0x08049ff0     0x1c  pub0sub1.o [1]
  .rodata             const    0x0804a00c     0x1c  smec98sp.o [1]
  .rodata             const    0x0804a028     0x1c  smec98sp.o [1]
  .rodata             const    0x0804a044     0x1c  smec98sp.o [1]
  .rodata             const    0x0804a060     0x1c  usbh_usr.o [1]
  .rodata             const    0x0804a07c     0x1c  usbh_usr.o [1]
  .rodata             const    0x0804a098     0x1c  usbh_usr.o [1]
  .rodata             const    0x0804a0b4     0x1c  usbh_usr.o [1]
  .rodata             const    0x0804a0d0     0x1c  usbh_usr.o [1]
  .rodata             const    0x0804a0ec     0x1c  usbh_usr.o [1]
  .text               ro code  0x0804a108     0x1a  cmain.o [5]
  .text               ro code  0x0804a122      0x4  exit.o [3]
  .text               ro code  0x0804a128      0xa  cexit.o [5]
  .rodata             const    0x0804a134     0x18  apptask.o [1]
  .rodata             const    0x0804a14c     0x18  apptask.o [1]
  .rodata             const    0x0804a164     0x18  apptask.o [1]
  .rodata             const    0x0804a17c     0x18  apptask.o [1]
  .rodata             const    0x0804a194     0x18  apptask.o [1]
  .rodata             const    0x0804a1ac     0x18  apptask.o [1]
  .rodata             const    0x0804a1c4     0x18  apptask.o [1]
  .rodata             const    0x0804a1dc     0x18  apptask.o [1]
  .rodata             const    0x0804a1f4     0x18  apptask.o [1]
  .rodata             const    0x0804a20c     0x18  apptask.o [1]
  .rodata             const    0x0804a224     0x18  apptask.o [1]
  .rodata             const    0x0804a23c     0x18  apptask.o [1]
  .rodata             const    0x0804a254     0x18  demo_fatfs.o [1]
  .rodata             const    0x0804a26c     0x18  demo_fatfs.o [1]
  .rodata             const    0x0804a284     0x18  demo_fatfs.o [1]
  .rodata             const    0x0804a29c     0x18  demo_fatfs.o [1]
  .rodata             const    0x0804a2b4     0x18  esp8266_handler.o [1]
  .rodata             const    0x0804a2cc     0x18  esp8266_handler.o [1]
  .rodata             const    0x0804a2e4     0x18  esp8266_handler.o [1]
  .rodata             const    0x0804a2fc     0x18  para.o [1]
  .rodata             const    0x0804a314     0x18  pub0sub1.o [1]
  .rodata             const    0x0804a32c     0x18  pub0sub1.o [1]
  .rodata             const    0x0804a344     0x18  smec98sp.o [1]
  .rodata             const    0x0804a35c     0x18  smec98sp.o [1]
  .rodata             const    0x0804a374     0x18  usbh_usr.o [1]
  .rodata             const    0x0804a38c     0x18  usbh_usr.o [1]
  .rodata             const    0x0804a3a4     0x18  usbh_usr.o [1]
  .rodata             const    0x0804a3bc     0x18  usbh_usr.o [1]
  .rodata             const    0x0804a3d4     0x18  usbh_usr.o [1]
  .text               ro code  0x0804a3ec     0x16  xprout.o [3]
  .text               ro code  0x0804a404      0xc  putchar.o [3]
  .rodata             const    0x0804a410     0x14  apptask.o [1]
  .rodata             const    0x0804a424     0x14  apptask.o [1]
  .rodata             const    0x0804a438     0x14  apptask.o [1]
  .rodata             const    0x0804a44c     0x14  apptask.o [1]
  .rodata             const    0x0804a460     0x14  apptask.o [1]
  .rodata             const    0x0804a474     0x14  apptask.o [1]
  .rodata             const    0x0804a488     0x14  apptask.o [1]
  .rodata             const    0x0804a49c     0x14  apptask.o [1]
  .rodata             const    0x0804a4b0     0x14  apptask.o [1]
  .rodata             const    0x0804a4c4     0x14  apptask.o [1]
  .rodata             const    0x0804a4d8     0x14  apptask.o [1]
  .rodata             const    0x0804a4ec     0x14  apptask.o [1]
  .rodata             const    0x0804a500     0x14  apptask.o [1]
  .rodata             const    0x0804a514     0x14  apptask.o [1]
  .rodata             const    0x0804a528     0x14  apptask.o [1]
  .rodata             const    0x0804a53c     0x14  apptask.o [1]
  .rodata             const    0x0804a550     0x14  apptask.o [1]
  .rodata             const    0x0804a564     0x14  des.o [1]
  .rodata             const    0x0804a578     0x14  esp8266_handler.o [1]
  .rodata             const    0x0804a58c     0x14  pub0sub1.o [1]
  .rodata             const    0x0804a5a0     0x14  pub0sub1.o [1]
  .rodata             const    0x0804a5b4     0x14  pub0sub1.o [1]
  .rodata             const    0x0804a5c8     0x14  pub0sub1.o [1]
  .rodata             const    0x0804a5dc     0x14  pub0sub1.o [1]
  .rodata             const    0x0804a5f0     0x14  smec98sp.o [1]
  .rodata             const    0x0804a604     0x14  usbh_usr.o [1]
  .rodata             const    0x0804a618     0x14  usbh_usr.o [1]
  .rodata             const    0x0804a62c     0x10  apptask.o [1]
  .rodata             const    0x0804a63c     0x10  apptask.o [1]
  .rodata             const    0x0804a64c     0x10  apptask.o [1]
  .rodata             const    0x0804a65c     0x10  apptask.o [1]
  .rodata             const    0x0804a66c     0x10  apptask.o [1]
  .rodata             const    0x0804a67c     0x10  apptask.o [1]
  .rodata             const    0x0804a68c     0x10  apptask.o [1]
  .rodata             const    0x0804a69c     0x10  apptask.o [1]
  .rodata             const    0x0804a6ac     0x10  apptask.o [1]
  .rodata             const    0x0804a6bc     0x10  apptask.o [1]
  .rodata             const    0x0804a6cc     0x10  apptask.o [1]
  .rodata             const    0x0804a6dc     0x10  apptask.o [1]
  .rodata             const    0x0804a6ec     0x10  apptask.o [1]
  .rodata             const    0x0804a6fc     0x10  apptask.o [1]
  .rodata             const    0x0804a70c     0x10  apptask.o [1]
  .rodata             const    0x0804a71c     0x10  apptask.o [1]
  .rodata             const    0x0804a72c     0x10  apptask.o [1]
  .rodata             const    0x0804a73c     0x10  apptask.o [1]
  .rodata             const    0x0804a74c     0x10  apptask.o [1]
  .rodata             const    0x0804a75c     0x10  apptask.o [1]
  .rodata             const    0x0804a76c     0x10  apptask.o [1]
  .rodata             const    0x0804a77c     0x10  apptask.o [1]
  .rodata             const    0x0804a78c     0x10  apptask.o [1]
  .rodata             const    0x0804a79c     0x10  apptask.o [1]
  .rodata             const    0x0804a7ac     0x10  apptask.o [1]
  .rodata             const    0x0804a7bc     0x10  apptask.o [1]
  .rodata             const    0x0804a7cc     0x10  apptask.o [1]
  .rodata             const    0x0804a7dc     0x10  bsp_sdwe050c17.o [1]
  .rodata             const    0x0804a7ec     0x10  esp8266_handler.o [1]
  .rodata             const    0x0804a7fc     0x10  esp8266_handler.o [1]
  .rodata             const    0x0804a80c     0x10  esp8266_handler.o [1]
  .rodata             const    0x0804a81c     0x10  esp8266_handler.o [1]
  .rodata             const    0x0804a82c     0x10  esp8266_handler.o [1]
  .rodata             const    0x0804a83c     0x10  esp8266_handler.o [1]
  .rodata             const    0x0804a84c     0x10  ff.o [1]
  .rodata             const    0x0804a85c     0x10  main.o [1]
  .rodata             const    0x0804a86c     0x10  main.o [1]
  .rodata             const    0x0804a87c     0x10  para.o [1]
  .rodata             const    0x0804a88c     0x10  para.o [1]
  .rodata             const    0x0804a89c     0x10  pub0sub1.o [1]
  .rodata             const    0x0804a8ac     0x10  smec98sp.o [1]
  .rodata             const    0x0804a8bc     0x10  smec98sp.o [1]
  .rodata             const    0x0804a8cc     0x10  smec98sp.o [1]
  .rodata             const    0x0804a8dc     0x10  smec98sp.o [1]
  .rodata             const    0x0804a8ec     0x10  smec98sp.o [1]
  .rodata             const    0x0804a8fc     0x10  smec98sp.o [1]
  .rodata             const    0x0804a90c     0x10  usbh_usr.o [1]
  .rodata             const    0x0804a91c     0x10  usbh_usr.o [1]
  .text               ro code  0x0804a92c     0x10  startup_stm32f40_41xxx.o [1]
  .text               ro code  0x0804a93c     0x10  usbh_it.o [1]
  .rodata             const    0x0804a94c      0xc  apptask.o [1]
  .rodata             const    0x0804a958      0xc  apptask.o [1]
  .rodata             const    0x0804a964      0xc  apptask.o [1]
  .rodata             const    0x0804a970      0xc  apptask.o [1]
  .rodata             const    0x0804a97c      0xc  apptask.o [1]
  .rodata             const    0x0804a988      0xc  apptask.o [1]
  .rodata             const    0x0804a994      0xc  apptask.o [1]
  .rodata             const    0x0804a9a0      0xc  apptask.o [1]
  .rodata             const    0x0804a9ac      0xc  apptask.o [1]
  .rodata             const    0x0804a9b8      0xc  apptask.o [1]
  .rodata             const    0x0804a9c4      0xc  apptask.o [1]
  .rodata             const    0x0804a9d0      0xc  apptask.o [1]
  .rodata             const    0x0804a9dc      0xc  apptask.o [1]
  .rodata             const    0x0804a9e8      0xc  apptask.o [1]
  .rodata             const    0x0804a9f4      0xc  apptask.o [1]
  .rodata             const    0x0804aa00      0xc  apptask.o [1]
  .rodata             const    0x0804aa0c      0xc  apptask.o [1]
  .rodata             const    0x0804aa18      0xc  apptask.o [1]
  .rodata             const    0x0804aa24      0xc  apptask.o [1]
  .rodata             const    0x0804aa30      0xc  apptask.o [1]
  .rodata             const    0x0804aa3c      0xc  apptask.o [1]
  .rodata             const    0x0804aa48      0xc  apptask.o [1]
  .rodata             const    0x0804aa54      0xc  apptask.o [1]
  .rodata             const    0x0804aa60      0xc  apptask.o [1]
  .rodata             const    0x0804aa6c      0xc  apptask.o [1]
  .rodata             const    0x0804aa78      0xc  apptask.o [1]
  .rodata             const    0x0804aa84      0xc  apptask.o [1]
  .rodata             const    0x0804aa90      0xc  apptask.o [1]
  .rodata             const    0x0804aa9c      0xc  apptask.o [1]
  .rodata             const    0x0804aaa8      0xc  apptask.o [1]
  .rodata             const    0x0804aab4      0xc  apptask.o [1]
  .rodata             const    0x0804aac0      0xc  apptask.o [1]
  .rodata             const    0x0804aacc      0xc  apptask.o [1]
  .rodata             const    0x0804aad8      0xc  apptask.o [1]
  .rodata             const    0x0804aae4      0xc  apptask.o [1]
  .rodata             const    0x0804aaf0      0xc  bsp_sdwe050c17.o [1]
  .rodata             const    0x0804aafc      0xc  demo_fatfs.o [1]
  .rodata             const    0x0804ab08      0xc  esp8266_handler.o [1]
  .rodata             const    0x0804ab14      0xc  esp8266_handler.o [1]
  .rodata             const    0x0804ab20      0xc  esp8266_handler.o [1]
  .rodata             const    0x0804ab2c      0xc  esp8266_handler.o [1]
  .rodata             const    0x0804ab38      0xc  esp8266_handler.o [1]
  .rodata             const    0x0804ab44      0xc  esp8266_handler.o [1]
  .rodata             const    0x0804ab50      0xc  ff.o [1]
  .rodata             const    0x0804ab5c      0xc  page_weimi.o [1]
  .rodata             const    0x0804ab68      0xc  para.o [1]
  .rodata             const    0x0804ab74      0xc  para.o [1]
  .rodata             const    0x0804ab80      0xc  para.o [1]
  .rodata             const    0x0804ab8c      0xc  para.o [1]
  .rodata             const    0x0804ab98      0xc  para.o [1]
  .rodata             const    0x0804aba4      0xc  pub0sub1.o [1]
  .rodata             const    0x0804abb0      0xc  pub0sub1.o [1]
  .text               ro code  0x0804abbc      0xc  cstartup_M.o [5]
  .rodata             const    0x0804abc8      0x8  apptask.o [1]
  .rodata             const    0x0804abd0      0x8  apptask.o [1]
  .rodata             const    0x0804abd8      0x8  apptask.o [1]
  .rodata             const    0x0804abe0      0x8  apptask.o [1]
  .rodata             const    0x0804abe8      0x8  apptask.o [1]
  .rodata             const    0x0804abf0      0x8  apptask.o [1]
  .rodata             const    0x0804abf8      0x8  apptask.o [1]
  .rodata             const    0x0804ac00      0x8  apptask.o [1]
  .rodata             const    0x0804ac08      0x8  apptask.o [1]
  .rodata             const    0x0804ac10      0x8  apptask.o [1]
  .rodata             const    0x0804ac18      0x8  apptask.o [1]
  .rodata             const    0x0804ac20      0x8  apptask.o [1]
  .rodata             const    0x0804ac28      0x8  apptask.o [1]
  .rodata             const    0x0804ac30      0x8  apptask.o [1]
  .rodata             const    0x0804ac38      0x8  apptask.o [1]
  .rodata             const    0x0804ac40      0x8  apptask.o [1]
  .rodata             const    0x0804ac48      0x8  apptask.o [1]
  .rodata             const    0x0804ac50      0x8  apptask.o [1]
  .rodata             const    0x0804ac58      0x8  apptask.o [1]
  .rodata             const    0x0804ac60      0x8  apptask.o [1]
  .rodata             const    0x0804ac68      0x8  bsp_sdwe050c17.o [1]
  .rodata             const    0x0804ac70      0x8  bsp_w25qxx.o [1]
  .rodata             const    0x0804ac78      0x8  esp8266_handler.o [1]
  .rodata             const    0x0804ac80      0x8  ff.o [1]
  .rodata             const    0x0804ac88      0x8  malloc.o [1]
  .rodata             const    0x0804ac90      0x8  malloc.o [1]
  .rodata             const    0x0804ac98      0x8  malloc.o [1]
  .rodata             const    0x0804aca0      0x8  MQTTConnectClient.o [1]
  .rodata             const    0x0804aca8      0x8  MQTTConnectClient.o [1]
  .rodata             const    0x0804acb0      0x8  para.o [1]
  .rodata             const    0x0804acb8      0x8  para.o [1]
  .rodata             const    0x0804acc0      0x8  para.o [1]
  .rodata             const    0x0804acc8      0x8  para.o [1]
  .rodata             const    0x0804acd0      0x8  para.o [1]
  .rodata             const    0x0804acd8      0x8  para.o [1]
  .rodata             const    0x0804ace0      0x8  para.o [1]
  .rodata             const    0x0804ace8      0x8  para.o [1]
  .rodata             const    0x0804acf0      0x8  para.o [1]
  .rodata             const    0x0804acf8      0x8  para.o [1]
  .rodata             const    0x0804ad00      0x8  para.o [1]
  .rodata             const    0x0804ad08      0x8  para.o [1]
  .rodata             const    0x0804ad10      0x8  para.o [1]
  .rodata             const    0x0804ad18      0x8  para.o [1]
  .rodata             const    0x0804ad20      0x8  para.o [1]
  .rodata             const    0x0804ad28      0x8  para.o [1]
  .rodata             const    0x0804ad30      0x8  para.o [1]
  .rodata             const    0x0804ad38      0x8  para.o [1]
  .rodata             const    0x0804ad40      0x8  para.o [1]
  .rodata             const    0x0804ad48      0x8  para.o [1]
  .rodata             const    0x0804ad50      0x8  para.o [1]
  .rodata             const    0x0804ad58      0x8  pub0sub1.o [1]
  .rodata             const    0x0804ad60      0x8  smec98sp.o [1]
  .rodata             const    0x0804ad68      0x8  tasks.o [1]
  .rodata             const    0x0804ad70      0x8  timers.o [1]
  .rodata             const    0x0804ad78      0x4  heap_4.o [1]
  .rodata             const    0x0804ad7c      0x4  MQTTConnectClient.o [1]
  .rodata             const    0x0804ad80      0x4  MQTTConnectClient.o [1]
  .rodata             const    0x0804ad84      0x4  MQTTConnectClient.o [1]
  .rodata             const    0x0804ad88      0x4  MQTTConnectClient.o [1]
  .rodata             const    0x0804ad8c      0x4  MQTTConnectClient.o [1]
  .rodata             const    0x0804ad90      0x4  MQTTDeserializePublish.o [1]
  .rodata             const    0x0804ad94      0x4  MQTTPacket.o [1]
  .rodata             const    0x0804ad98      0x4  MQTTSerializePublish.o [1]
  .rodata             const    0x0804ad9c      0x4  MQTTSubscribeClient.o [1]
  .rodata             const    0x0804ada0      0x4  MQTTSubscribeClient.o [1]
  .rodata             const    0x0804ada4      0x4  port.o [1]
  .text               ro code  0x0804ada8      0x4  startup_stm32f40_41xxx.o [1]
  .text               ro code  0x0804adac      0x4  startup_stm32f40_41xxx.o [1]
  .text               ro code  0x0804adb0      0x4  startup_stm32f40_41xxx.o [1]
  .text               ro code  0x0804adb4      0x4  startup_stm32f40_41xxx.o [1]
  .text               ro code  0x0804adb8      0x4  startup_stm32f40_41xxx.o [1]
  .text               ro code  0x0804adbc      0x4  startup_stm32f40_41xxx.o [1]
  .text               ro code  0x0804adc0      0x4  startup_stm32f40_41xxx.o [1]
  .text               ro code  0x0804adc4      0x4  startup_stm32f40_41xxx.o [1]
  .text               ro code  0x0804adc8      0x4  startup_stm32f40_41xxx.o [1]
  .text               ro code  0x0804adcc      0x4  startup_stm32f40_41xxx.o [1]
  .text               ro code  0x0804add0      0x4  startup_stm32f40_41xxx.o [1]
  .text               ro code  0x0804add4      0x4  startup_stm32f40_41xxx.o [1]
  .text               ro code  0x0804add8      0x4  startup_stm32f40_41xxx.o [1]
  .text               ro code  0x0804addc      0x4  startup_stm32f40_41xxx.o [1]
  .text               ro code  0x0804ade0      0x4  startup_stm32f40_41xxx.o [1]
  .text               ro code  0x0804ade4      0x4  startup_stm32f40_41xxx.o [1]
  .text               ro code  0x0804ade8      0x4  startup_stm32f40_41xxx.o [1]
  .text               ro code  0x0804adec      0x4  startup_stm32f40_41xxx.o [1]
  .text               ro code  0x0804adf0      0x4  startup_stm32f40_41xxx.o [1]
  .text               ro code  0x0804adf4      0x4  startup_stm32f40_41xxx.o [1]
  .text               ro code  0x0804adf8      0x4  startup_stm32f40_41xxx.o [1]
  .text               ro code  0x0804adfc      0x4  startup_stm32f40_41xxx.o [1]
  .text               ro code  0x0804ae00      0x4  startup_stm32f40_41xxx.o [1]
  .text               ro code  0x0804ae04      0x4  startup_stm32f40_41xxx.o [1]
  .text               ro code  0x0804ae08      0x4  startup_stm32f40_41xxx.o [1]
  .text               ro code  0x0804ae0c      0x4  startup_stm32f40_41xxx.o [1]
  .text               ro code  0x0804ae10      0x4  startup_stm32f40_41xxx.o [1]
  .text               ro code  0x0804ae14      0x4  startup_stm32f40_41xxx.o [1]
  .text               ro code  0x0804ae18      0x4  startup_stm32f40_41xxx.o [1]
  .text               ro code  0x0804ae1c      0x4  startup_stm32f40_41xxx.o [1]
  .text               ro code  0x0804ae20      0x4  startup_stm32f40_41xxx.o [1]
  .text               ro code  0x0804ae24      0x4  startup_stm32f40_41xxx.o [1]
  .text               ro code  0x0804ae28      0x4  startup_stm32f40_41xxx.o [1]
  .text               ro code  0x0804ae2c      0x4  startup_stm32f40_41xxx.o [1]
  .text               ro code  0x0804ae30      0x4  startup_stm32f40_41xxx.o [1]
  .text               ro code  0x0804ae34      0x4  startup_stm32f40_41xxx.o [1]
  .text               ro code  0x0804ae38      0x4  startup_stm32f40_41xxx.o [1]
  .text               ro code  0x0804ae3c      0x4  startup_stm32f40_41xxx.o [1]
  .text               ro code  0x0804ae40      0x4  startup_stm32f40_41xxx.o [1]
  .text               ro code  0x0804ae44      0x4  startup_stm32f40_41xxx.o [1]
  .text               ro code  0x0804ae48      0x4  startup_stm32f40_41xxx.o [1]
  .text               ro code  0x0804ae4c      0x4  startup_stm32f40_41xxx.o [1]
  .text               ro code  0x0804ae50      0x4  startup_stm32f40_41xxx.o [1]
  .text               ro code  0x0804ae54      0x4  startup_stm32f40_41xxx.o [1]
  .text               ro code  0x0804ae58      0x4  startup_stm32f40_41xxx.o [1]
  .text               ro code  0x0804ae5c      0x4  startup_stm32f40_41xxx.o [1]
  .text               ro code  0x0804ae60      0x4  startup_stm32f40_41xxx.o [1]
  .text               ro code  0x0804ae64      0x4  startup_stm32f40_41xxx.o [1]
  .text               ro code  0x0804ae68      0x4  startup_stm32f40_41xxx.o [1]
  .text               ro code  0x0804ae6c      0x4  startup_stm32f40_41xxx.o [1]
  .text               ro code  0x0804ae70      0x4  startup_stm32f40_41xxx.o [1]
  .text               ro code  0x0804ae74      0x4  startup_stm32f40_41xxx.o [1]
  .text               ro code  0x0804ae78      0x4  startup_stm32f40_41xxx.o [1]
  .text               ro code  0x0804ae7c      0x4  startup_stm32f40_41xxx.o [1]
  .text               ro code  0x0804ae80      0x4  startup_stm32f40_41xxx.o [1]
  .text               ro code  0x0804ae84      0x4  startup_stm32f40_41xxx.o [1]
  .text               ro code  0x0804ae88      0x4  startup_stm32f40_41xxx.o [1]
  .text               ro code  0x0804ae8c      0x4  startup_stm32f40_41xxx.o [1]
  .text               ro code  0x0804ae90      0x4  startup_stm32f40_41xxx.o [1]
  .text               ro code  0x0804ae94      0x4  startup_stm32f40_41xxx.o [1]
  .text               ro code  0x0804ae98      0x4  startup_stm32f40_41xxx.o [1]
  .text               ro code  0x0804ae9c      0x4  startup_stm32f40_41xxx.o [1]
  .text               ro code  0x0804aea0      0x4  startup_stm32f40_41xxx.o [1]
  .text               ro code  0x0804aea4      0x4  startup_stm32f40_41xxx.o [1]
  .text               ro code  0x0804aea8      0x4  startup_stm32f40_41xxx.o [1]
  .text               ro code  0x0804aeac      0x4  startup_stm32f40_41xxx.o [1]
  .text               ro code  0x0804aeb0      0x4  startup_stm32f40_41xxx.o [1]
  .text               ro code  0x0804aeb4      0x4  startup_stm32f40_41xxx.o [1]
  .rodata             const    0x0804aeb8      0x0  zero_init3.o [5]
  .rodata             const    0x0804aeb8      0x0  packbits_init.o [5]
  Initializer bytes   const    0x0804aeb8    0x126  <for P2 s0>
                             - 0x0804afde  0x4ae56

"P2":                                      0x1f818
  P2 s0                        0x20000000    0x2be  <Init block>
    __DLIB_PERTHREAD  inited   0x20000000     0x8c  rand.o [3]
    __DLIB_PERTHREAD  inited   0x2000008c     0x88  localeconv.o [3]
    __DLIB_PERTHREAD  inited   0x20000114     0x74  setlocale.o [3]
    .data             inited   0x20000188     0x50  demo_fatfs.o [1]
    .data             inited   0x200001d8     0x48  usbh_usr.o [1]
    .data             inited   0x20000220     0x40  xfiles.o [3]
    .data             inited   0x20000260     0x1c  malloc.o [1]
    .data             inited   0x2000027c     0x10  stm32f4xx_rcc.o [1]
    .data             inited   0x2000028c     0x10  usbh_msc_core.o [1]
    .data             inited   0x2000029c      0xc  usbh_core.o [1]
    .data             inited   0x200002a8      0x4  port.o [1]
    .data             inited   0x200002ac      0x4  system_stm32f4xx.o [1]
    .data             inited   0x200002b0      0x4  usbh_core.o [1]
    __DLIB_PERTHREAD  inited   0x200002b4      0x4  errno.o [3]
    .data             inited   0x200002b8      0x2  bsp_w25qxx.o [1]
    .data             inited   0x200002ba      0x1  apptask.o [1]
    .data             inited   0x200002bb      0x1  encoder_tim.o [1]
    .data             inited   0x200002bc      0x1  page_weimi.o [1]
    .data             inited   0x200002bd      0x1  usbh_msc_scsi.o [1]
  .bss                zero     0x200002c0  0x10400  heap_4.o [1]
  .bss                zero     0x200106c0   0xa000  malloc.o [1]
  .bss                zero     0x2001a6c0   0x1000  bsp_w25qxx.o [1]
  .bss                zero     0x2001b6c0    0xa00  malloc.o [1]
  .bss                zero     0x2001c0c0    0x5ac  usbh_usr.o [1]
  .bss                zero     0x2001c66c    0x5ac  usbh_usr.o [1]
  .bss                zero     0x2001cc18    0x3e8  bsp_uart_fifo.o [1]
  .bss                zero     0x2001d000    0x3e8  esp8266_handler.o [1]
  .bss                zero     0x2001d3e8    0x3e8  esp8266_handler.o [1]
  .bss                zero     0x2001d7d0    0x3e8  pub0sub1.o [1]
  .bss                zero     0x2001dbb8    0x200  ff.o [1]
  .bss                zero     0x2001ddb8    0x200  usbh_msc_scsi.o [1]
  .bss                zero     0x2001dfb8    0x200  usbh_stdreq.o [1]
  .bss                zero     0x2001e1b8    0x140  tasks.o [1]
  .bss                zero     0x2001e2f8    0x12c  page_weimi.o [1]
  .bss                zero     0x2001e424     0xd4  protocol.o [1]
  .bss                zero     0x2001e4f8     0xa8  para.o [1]
  .bss                zero     0x2001e5a0     0xa4  protocol.o [1]
  .bss                zero     0x2001e644     0x94  usbh_usr.o [1]
  .bss                zero     0x2001e6d8     0x68  esp8266_handler.o [1]
  .bss                zero     0x2001e740     0x64  bsp_uart_fifo.o [1]
  .bss                zero     0x2001e7a4     0x64  bsp_uart_fifo.o [1]
  .bss                zero     0x2001e808     0x58  bsp_sdio_sd.o [1]
  .bss                zero     0x2001e860     0x58  protocol.o [1]
  .bss                zero     0x2001e8b8     0x50  xfiles.o [3]
  .bss                zero     0x2001e908     0x4c  usbh_msc_core.o [1]
  .bss                zero     0x2001e954     0x40  page_weimi.o [1]
  .bss                zero     0x2001e994     0x40  pub0sub1.o [1]
  .bss                zero     0x2001e9d4     0x34  bsp_sdwe050c17.o [1]
  .bss                zero     0x2001ea08     0x30  product_cal.o [1]
  .bss                zero     0x2001ea38     0x28  product_cal.o [1]
  .bss                zero     0x2001ea60     0x24  ff.o [1]
  .bss                zero     0x2001ea84     0x20  pub0sub1.o [1]
  .bss                zero     0x2001eaa4     0x20  usbh_msc_bot.o [1]
  .bss                zero     0x2001eac4     0x18  bsp_sdio_sd.o [1]
  .bss                zero     0x2001eadc     0x18  bsp_sdio_sd.o [1]
  .bss                zero     0x2001eaf4     0x18  encoder_tim.o [1]
  .bss                zero     0x2001eb0c     0x14  bsp_sdio_sd.o [1]
  .bss                zero     0x2001eb20     0x14  rc522.o [1]
  .bss                zero     0x2001eb34     0x14  tasks.o [1]
  .bss                zero     0x2001eb48     0x14  tasks.o [1]
  .bss                zero     0x2001eb5c     0x14  tasks.o [1]
  .bss                zero     0x2001eb70     0x14  tasks.o [1]
  .bss                zero     0x2001eb84     0x14  tasks.o [1]
  .bss                zero     0x2001eb98     0x14  timers.o [1]
  .bss                zero     0x2001ebac     0x14  timers.o [1]
  .bss                zero     0x2001ebc0     0x10  bsp_sdio_sd.o [1]
  .bss                zero     0x2001ebd0     0x10  bsp_sdio_sd.o [1]
  .bss                zero     0x2001ebe0     0x10  usbh_msc_bot.o [1]
  .bss                zero     0x2001ebf0     0x10  usbh_msc_bot.o [1]
  .bss                zero     0x2001ec00     0x10  usbh_msc_scsi.o [1]
  .bss                zero     0x2001ec10      0xc  apptask.o [1]
  .bss                zero     0x2001ec1c      0xc  apptask.o [1]
  .bss                zero     0x2001ec28      0xc  apptask.o [1]
  .bss                zero     0x2001ec34      0xc  apptask.o [1]
  .bss                zero     0x2001ec40      0xc  ff.o [1]
  .bss                zero     0x2001ec4c      0xc  protocol.o [1]
  .bss                zero     0x2001ec58      0xc  protocol.o [1]
  .bss                zero     0x2001ec64      0xc  protocol.o [1]
  .bss                zero     0x2001ec70      0xc  pub0sub1.o [1]
  .bss                zero     0x2001ec7c      0x8  heap_4.o [1]
  .bss                zero     0x2001ec84      0x8  modbus.o [1]
  .bss                zero     0x2001ec8c      0x8  protocol.o [1]
  .bss                zero     0x2001ec94      0x8  pub0sub1.o [1]
  .bss                zero     0x2001ec9c      0x4  apptask.o [1]
  .bss                zero     0x2001eca0      0x4  apptask.o [1]
  .bss                zero     0x2001eca4      0x4  apptask.o [1]
  .bss                zero     0x2001eca8      0x4  apptask.o [1]
  .bss                zero     0x2001ecac      0x4  apptask.o [1]
  .bss                zero     0x2001ecb0      0x4  apptask.o [1]
  .bss                zero     0x2001ecb4      0x4  apptask.o [1]
  .bss                zero     0x2001ecb8      0x4  apptask.o [1]
  .bss                zero     0x2001ecbc      0x4  apptask.o [1]
  .bss                zero     0x2001ecc0      0x4  apptask.o [1]
  .bss                zero     0x2001ecc4      0x4  apptask.o [1]
  .bss                zero     0x2001ecc8      0x4  apptask.o [1]
  .bss                zero     0x2001eccc      0x4  apptask.o [1]
  .bss                zero     0x2001ecd0      0x4  apptask.o [1]
  .bss                zero     0x2001ecd4      0x4  apptask.o [1]
  .bss                zero     0x2001ecd8      0x4  apptask.o [1]
  .bss                zero     0x2001ecdc      0x4  apptask.o [1]
  .bss                zero     0x2001ece0      0x4  apptask.o [1]
  .bss                zero     0x2001ece4      0x4  apptask.o [1]
  .bss                zero     0x2001ece8      0x4  apptask.o [1]
  .bss                zero     0x2001ecec      0x4  apptask.o [1]
  .bss                zero     0x2001ecf0      0x4  apptask.o [1]
  .bss                zero     0x2001ecf4      0x4  apptask.o [1]
  .bss                zero     0x2001ecf8      0x4  apptask.o [1]
  .bss                zero     0x2001ecfc      0x4  apptask.o [1]
  .bss                zero     0x2001ed00      0x4  apptask.o [1]
  .bss                zero     0x2001ed04      0x4  apptask.o [1]
  .bss                zero     0x2001ed08      0x4  bsp_sdio_sd.o [1]
  .bss                zero     0x2001ed0c      0x4  bsp_sdio_sd.o [1]
  .bss                zero     0x2001ed10      0x4  bsp_sdio_sd.o [1]
  .bss                zero     0x2001ed14      0x4  bsp_sdio_sd.o [1]
  .bss                zero     0x2001ed18      0x4  bsp_sdio_sd.o [1]
  .bss                zero     0x2001ed1c      0x4  bsp_timer.o [1]
  .bss                zero     0x2001ed20      0x4  bsp_timer.o [1]
  .bss                zero     0x2001ed24      0x4  bsp_timer.o [1]
  .bss                zero     0x2001ed28      0x4  bsp_timer.o [1]
  .bss                zero     0x2001ed2c      0x4  esp8266_handler.o [1]
  .bss                zero     0x2001ed30      0x4  esp8266_handler.o [1]
  .bss                zero     0x2001ed34      0x4  esp8266_handler.o [1]
  .bss                zero     0x2001ed38      0x4  heap_4.o [1]
  .bss                zero     0x2001ed3c      0x4  heap_4.o [1]
  .bss                zero     0x2001ed40      0x4  heap_4.o [1]
  .bss                zero     0x2001ed44      0x4  heap_4.o [1]
  .bss                zero     0x2001ed48      0x4  MQTTPacket.o [1]
  .bss                zero     0x2001ed4c      0x4  page_weimi.o [1]
  .bss                zero     0x2001ed50      0x4  page_weimi.o [1]
  .bss                zero     0x2001ed54      0x4  port.o [1]
  .bss                zero     0x2001ed58      0x4  product_cal.o [1]
  .bss                zero     0x2001ed5c      0x4  product_cal.o [1]
  .bss                zero     0x2001ed60      0x4  pub0sub1.o [1]
  .bss                zero     0x2001ed64      0x4  SysInfoTest.o [1]
  .bss                zero     0x2001ed68      0x4  tasks.o [1]
  .bss                zero     0x2001ed6c      0x4  tasks.o [1]
  .bss                zero     0x2001ed70      0x4  tasks.o [1]
  .bss                zero     0x2001ed74      0x4  tasks.o [1]
  .bss                zero     0x2001ed78      0x4  tasks.o [1]
  .bss                zero     0x2001ed7c      0x4  tasks.o [1]
  .bss                zero     0x2001ed80      0x4  tasks.o [1]
  .bss                zero     0x2001ed84      0x4  tasks.o [1]
  .bss                zero     0x2001ed88      0x4  tasks.o [1]
  .bss                zero     0x2001ed8c      0x4  tasks.o [1]
  .bss                zero     0x2001ed90      0x4  tasks.o [1]
  .bss                zero     0x2001ed94      0x4  tasks.o [1]
  .bss                zero     0x2001ed98      0x4  tasks.o [1]
  .bss                zero     0x2001ed9c      0x4  tasks.o [1]
  .bss                zero     0x2001eda0      0x4  tasks.o [1]
  .bss                zero     0x2001eda4      0x4  tasks.o [1]
  .bss                zero     0x2001eda8      0x4  timer_platform.o [1]
  .bss                zero     0x2001edac      0x4  timers.o [1]
  .bss                zero     0x2001edb0      0x4  timers.o [1]
  .bss                zero     0x2001edb4      0x4  timers.o [1]
  .bss                zero     0x2001edb8      0x4  timers.o [1]
  .bss                zero     0x2001edbc      0x4  usbh_msc_bot.o [1]
  .bss                zero     0x2001edc0      0x4  usbh_msc_bot.o [1]
  .bss                zero     0x2001edc4      0x4  usbh_msc_bot.o [1]
  .bss                zero     0x2001edc8      0x4  usbh_msc_bot.o [1]
  .bss                zero     0x2001edcc      0x2  apptask.o [1]
  .bss                zero     0x2001edce      0x2  apptask.o [1]
  .bss                zero     0x2001edd0      0x2  apptask.o [1]
  .bss                zero     0x2001edd2      0x2  apptask.o [1]
  .bss                zero     0x2001edd4      0x2  apptask.o [1]
  .bss                zero     0x2001edd6      0x2  apptask.o [1]
  .bss                zero     0x2001edd8      0x2  apptask.o [1]
  .bss                zero     0x2001edda      0x2  apptask.o [1]
  .bss                zero     0x2001eddc      0x2  bsp_sdwe050c17.o [1]
  .bss                zero     0x2001edde      0x2  encoder_tim.o [1]
  .bss                zero     0x2001ede0      0x2  encoder_tim.o [1]
  .bss                zero     0x2001ede2      0x2  ff.o [1]
  .bss                zero     0x2001ede4      0x2  page_weimi.o [1]
  .bss                zero     0x2001ede6      0x2  page_weimi.o [1]
  .bss                zero     0x2001ede8      0x2  product_cal.o [1]
  .bss                zero     0x2001edea      0x2  usbh_core.o [1]
  .bss                zero     0x2001edec      0x2  usbh_stdreq.o [1]
  .bss                zero     0x2001edee      0x1  apptask.o [1]
  .bss                zero     0x2001edef      0x1  apptask.o [1]
  .bss                zero     0x2001edf0      0x1  apptask.o [1]
  .bss                zero     0x2001edf1      0x1  apptask.o [1]
  .bss                zero     0x2001edf2      0x1  apptask.o [1]
  .bss                zero     0x2001edf3      0x1  apptask.o [1]
  .bss                zero     0x2001edf4      0x1  apptask.o [1]
  .bss                zero     0x2001edf5      0x1  apptask.o [1]
  .bss                zero     0x2001edf6      0x1  apptask.o [1]
  .bss                zero     0x2001edf7      0x1  apptask.o [1]
  .bss                zero     0x2001edf8      0x1  apptask.o [1]
  .bss                zero     0x2001edf9      0x1  apptask.o [1]
  .bss                zero     0x2001edfa      0x1  apptask.o [1]
  .bss                zero     0x2001edfb      0x1  apptask.o [1]
  .bss                zero     0x2001edfc      0x1  bsp_sdio_sd.o [1]
  .bss                zero     0x2001edfd      0x1  bsp_sdwe050c17.o [1]
  .bss                zero     0x2001edfe      0x1  bsp_uart_fifo.o [1]
  .bss                zero     0x2001edff      0x1  encoder_tim.o [1]
  .bss                zero     0x2001ee00      0x1  esp8266_handler.o [1]
  .bss                zero     0x2001ee01      0x1  esp8266_handler.o [1]
  .bss                zero     0x2001ee02      0x1  esp8266_handler.o [1]
  .bss                zero     0x2001ee03      0x1  page_weimi.o [1]
  .bss                zero     0x2001ee04      0x1  page_weimi.o [1]
  .bss                zero     0x2001ee05      0x1  page_weimi.o [1]
  .bss                zero     0x2001ee06      0x1  page_weimi.o [1]
  .bss                zero     0x2001ee07      0x1  page_weimi.o [1]
  .bss                zero     0x2001ee08      0x1  port.o [1]
  .bss                zero     0x2001ee09      0x1  product_cal.o [1]
  .bss                zero     0x2001ee0a      0x1  product_cal.o [1]
  .bss                zero     0x2001ee0b      0x1  protocol.o [1]
  .bss                zero     0x2001ee0c      0x1  pub0sub1.o [1]
  .bss                zero     0x2001ee0d      0x1  pub0sub1.o [1]
  .bss                zero     0x2001ee0e      0x1  rc522.o [1]
  .bss                zero     0x2001ee0f      0x1  rc522.o [1]
  .bss                zero     0x2001ee10      0x1  usbh_msc_bot.o [1]
  .bss                zero     0x2001ee11      0x1  usbh_msc_core.o [1]
  .bss                zero     0x2001ee12      0x1  usbh_msc_core.o [1]
  .bss                zero     0x2001ee13      0x1  usbh_stdreq.o [1]
  .bss                zero     0x2001ee14      0x1  usbh_usr.o [1]
  CSTACK                       0x2001ee18    0xa00  <Block>
    CSTACK            uninit   0x2001ee18    0xa00  <Block tail>
                             - 0x2001f818  0x1f818

Absolute sections:                         0xff000
  .bss                zero     0x68000000  0xf0000  malloc.o [1]
  .bss                zero     0x680f0000   0xf000  malloc.o [1]
                             - 0x680ff000  0xff000


*******************************************************************************
*** INIT TABLE
***

          Address     Size
          -------     ----
Zero (__iar_zero_init3)
    2 destination ranges, total size 0x11db55:
          0x200002c0  0x1eb55
          0x68000000  0xff000

Copy/packbits (__iar_packbits_init3)
    1 source range, total size 0x126 (41% of destination):
          0x0804aeb8    0x126
    1 destination range, total size 0x2be:
          0x20000000    0x2be



*******************************************************************************
*** MODULE SUMMARY
***

    Module                    ro code  ro data  rw data    rw data
                                                            (abs)
    ------                    -------  -------  -------    -------
E:\WORK\YarnControl_Driver\YarnControl_Driver\src\stm32f4_rtos\Project\EWARMv7\Flash\Obj: [1]
    MQTTConnectClient.o           774       36
    MQTTDeserializePublish.o      188        4
    MQTTPacket.o                  656        4        4
    MQTTSerializePublish.o        236        4
    MQTTSubscribeClient.o         400        8
    SysInfoTest.o                  44                 4
    apptask.o                  28 964    3 520      187
    bkp_pwr.o                     392
    bsp.o                          88
    bsp_closeSW.o                 220
    bsp_dac.o                     200
    bsp_dwt.o                     116
    bsp_led.o                     192
    bsp_relay.o                    68
    bsp_sdio_sd.o               6 744               209
    bsp_sdwe050c17.o            5 428       36       55
    bsp_servomotor.o              640
    bsp_spi.o                     292
    bsp_stepmotor.o             1 268
    bsp_sw_onoff.o                 68
    bsp_timer.o                   516                16
    bsp_uart_fifo.o             2 724             1 201
    bsp_w25qxx.o                  896        9    4 098
    bsp_watchdog.o                  8
    cc936.o                       244  176 320
    demo_fatfs.o                           725       80
    des.o                       1 274      844
    diskio.o                      740
    encoder_tim.o                 680        1       30
    esp8266_handler.o           1 044      324    2 119
    esp8266_init.o                124
    event_groups.o                610
    ff.o                        9 368       36      562
    heap_4.o                      640        4   66 584
    iic_smec98sp.o                910
    list.o                        152
    main.o                         48       32
    malloc.o                      540       36   43 548  1 044 480
    mcheck.o                      184      768
    misc.o                        136
    modbus.o                      852                 8
    page_weimi.o                1 272       12      382
    para.o                      5 174      284      168
    port.o                        588        6        9
    portasm.o                     168
    product_cal.o               1 728      400      100
    protocol.o                    128               509
    pub0sub1.o                  1 076      472    1 122
    queue.o                     1 992
    rc522.o                       238                22
    smec98sp.o                  1 198      256
    startup_stm32f40_41xxx.o      680
    stm32f4xx_adc.o               438
    stm32f4xx_dac.o               124
    stm32f4xx_dma.o               796
    stm32f4xx_exti.o              192
    stm32f4xx_gpio.o              300
    stm32f4xx_it.o                 56       44
    stm32f4xx_iwdg.o               16
    stm32f4xx_pwr.o                12
    stm32f4xx_rcc.o               488        7       16
    stm32f4xx_rtc.o                60
    stm32f4xx_sdio.o              380
    stm32f4xx_spi.o               116
    stm32f4xx_syscfg.o             84
    stm32f4xx_tim.o             1 782
    stm32f4xx_usart.o             596
    system_stm32f4xx.o            340        2        4
    tasks.o                     3 296        8      484
    timer_platform.o               64                 4
    timers.o                    1 188        8       56
    transport.o                   108
    usb_bsp.o                     332
    usb_core.o                  2 640
    usb_hcd.o                     214
    usb_hcd_int.o               3 198
    usbh_core.o                 1 888        6       18
    usbh_hcs.o                    442
    usbh_ioreq.o                  582
    usbh_it.o                      16
    usbh_msc_bot.o              1 364                81
    usbh_msc_core.o             1 000        6       94
    usbh_msc_scsi.o             1 560        1      529
    usbh_stdreq.o               1 078               515
    usbh_usr.o                    418      586    3 125
    --------------------------------------------------------------
    Total:                    108 078  184 809  125 943  1 044 480

command line: [2]
    --------------------------------------------------------------
    Total:

dl7M_tlf.a: [3]
    abort.o                         6
    div.o                          14
    errno.o                        12        2        4
    exit.o                          4
    isxxx.o                        40
    localeconv.o                  108       57      136
    printf.o                       36
    putchar.o                      12
    rand.o                        224       58      140
    setlocale.o                    24       49      116
    snprintf.o                     68
    sprintf.o                      52
    srand.o                        32
    sscanf.o                       36
    strcat.o                       28
    strstr.o                       44
    tolower.o                      20
    xfiles.o                                27      144
    xlocale_c.o                    54
    xprintffull_nomb.o          3 478
    xprout.o                       22
    xscanffull_nomb.o           2 916
    xsnprout.o                     26
    xsprout.o                      10
    xsscin.o                       30
    xstoflt.o                     440
    xstoll.o                      164
    xstopfx.o                     292
    xstoull.o                     432
    xstoxflt.o                    536
    xtls.o                          2
    --------------------------------------------------------------
    Total:                      9 162      193      540

m7M_tls.a: [4]
    DblAdd.o                      232
    DblCmpEq.o                     32
    DblCmpGe.o                     46
    DblCmpLe.o                     46
    DblDiv.o                      598
    DblMul.o                      418
    DblSub.o                      384
    DblToFlt.o                    144
    DblToI32.o                     88
    FltToDbl.o                     78
    I32ToDbl.o                     48
    fpinit_M.o                     34
    xdnorm.o                       66
    xdscale.o                     276
    xdtento.o                     512
    xdunscal.o                     82
    xstold.o                      360
    --------------------------------------------------------------
    Total:                      3 444

rt7M_tl.a: [5]
    ABImemclr4.o                    6
    ABImemcpy_unaligned.o         118
    ABImemset.o                   102
    ABImemset48.o                  50
    I64DivMod.o                   306
    I64DivZer.o                     2
    cexit.o                        10
    cmain.o                        26
    cstartup_M.o                   12
    data_init.o                    40
    memchr.o                       88
    memcmp_unaligned.o             98
    packbits_init.o               208
    strchr.o                       22
    strcmp_unaligned.o             66
    strcpy_unaligned.o             68
    strlen.o                       54
    zero_init3.o                   64
    --------------------------------------------------------------
    Total:                      1 340

shb_l.a: [6]
    exit.o                         20
    --------------------------------------------------------------
    Total:                         20

    Gaps                           64        4        2
    Linker created                          52    2 560
------------------------------------------------------------------
    Grand Total:              122 108  185 058  129 045  1 044 480


*******************************************************************************
*** ENTRY LIST
***

Entry                      Address     Size  Type      Object
-----                      -------     ----  ----      ------
.iar.init_table$$Base   0x08049c74            --   Gb  - Linker created -
.iar.init_table$$Limit  0x08049ca8            --   Gb  - Linker created -
?main                   0x0804a109           Code  Gb  cmain.o [5]
ADC_Cmd                 0x080476ab     0x1a  Code  Gb  stm32f4xx_adc.o [1]
ADC_CommonInit          0x08047689     0x22  Code  Gb  stm32f4xx_adc.o [1]
ADC_GetFlagStatus       0x080477d5     0x1a  Code  Gb  stm32f4xx_adc.o [1]
ADC_Init                0x08047639     0x50  Code  Gb  stm32f4xx_adc.o [1]
ADC_RegularChannelConfig
                        0x080476c5     0xf6  Code  Gb  stm32f4xx_adc.o [1]
ADC_SoftwareStartConv   0x080477bb      0xa  Code  Gb  stm32f4xx_adc.o [1]
APBAHBPrescTable        0x2000027c     0x10  Data  Lc  stm32f4xx_rcc.o [1]
AppObjCreate            0x080312dd    0x192  Code  Gb  apptask.o [1]
AppTaskCreate           0x080310b1    0x214  Code  Gb  apptask.o [1]
BOTStallErrorCount      0x2001edbc      0x4  Data  Lc  usbh_msc_bot.o [1]
BusFault_Handler        0x0804978b      0x2  Code  Gb  stm32f4xx_it.o [1]
CID_Tab                 0x2001ebd0     0x10  Data  Lc  bsp_sdio_sd.o [1]
CLIENT_ID               0x2001ea84     0x20  Data  Gb  pub0sub1.o [1]
CRC16HiTable            0x08049104    0x100  Data  Gb  mcheck.o [1]
CRC16LoTable            0x08049204    0x100  Data  Gb  mcheck.o [1]
CRC8Table               0x08049304    0x100  Data  Gb  mcheck.o [1]
CSD_Tab                 0x2001ebc0     0x10  Data  Lc  bsp_sdio_sd.o [1]
CSTACK$$Base            0x2001ee18            --   Gb  - Linker created -
CSTACK$$Limit           0x2001f818            --   Gb  - Linker created -
CardType                0x2001ed08      0x4  Data  Lc  bsp_sdio_sd.o [1]
ChannengMQTTPackage     0x08033dcb     0x7e  Code  Gb  product_cal.o [1]
CmdError                0x08043e11     0x38  Code  Lc  bsp_sdio_sd.o [1]
CmdResp1Error           0x08043eb5    0x112  Code  Lc  bsp_sdio_sd.o [1]
CmdResp2Error           0x08044005     0x52  Code  Lc  bsp_sdio_sd.o [1]
CmdResp3Error           0x08043fc7     0x3e  Code  Lc  bsp_sdio_sd.o [1]
CmdResp6Error           0x08044057     0xa6  Code  Lc  bsp_sdio_sd.o [1]
CmdResp7Error           0x08043e49     0x58  Code  Lc  bsp_sdio_sd.o [1]
ConfigExitNVIC          0x0803ada3     0x22  Code  Gb  bsp_closeSW.o [1]
ConfigUartNVIC          0x0803cda7     0x7c  Code  Lc  bsp_uart_fifo.o [1]
ConnectTcp              0x0803b8c7     0x48  Code  Gb  esp8266_handler.o [1]
DAC_Cmd                 0x0803eabb     0x26  Code  Gb  stm32f4xx_dac.o [1]
DAC_Init                0x0803ea89     0x32  Code  Gb  stm32f4xx_dac.o [1]
DAC_SetChannel1Data     0x0803eae1     0x1e  Code  Gb  stm32f4xx_dac.o [1]
DMA1_Stream0_IRQHandler
                        0x080377d1     0x1c  Code  Gb  bsp_servomotor.o [1]
DMA1_Stream3_IRQHandler
                        0x080377ed     0x1c  Code  Gb  bsp_servomotor.o [1]
DMA2_Stream3_IRQHandler
                        0x080446f9      0x8  Code  Gb  bsp_sdio_sd.o [1]
DMAEndOfTransfer        0x2001ed18      0x4  Data  Gb  bsp_sdio_sd.o [1]
DMA_ClearFlag           0x0803f3df     0x24  Code  Gb  stm32f4xx_dma.o [1]
DMA_Cmd                 0x0803f395     0x1a  Code  Gb  stm32f4xx_dma.o [1]
DMA_DeInit              0x0803f1fd    0x140  Code  Gb  stm32f4xx_dma.o [1]
DMA_FlowControllerConfig
                        0x0803f3af     0x18  Code  Gb  stm32f4xx_dma.o [1]
DMA_GetCmdStatus        0x0803f3c7     0x18  Code  Gb  stm32f4xx_dma.o [1]
DMA_GetITStatus         0x0803f445     0x62  Code  Gb  stm32f4xx_dma.o [1]
DMA_ITConfig            0x0803f403     0x42  Code  Gb  stm32f4xx_dma.o [1]
DMA_Init                0x0803f33d     0x58  Code  Gb  stm32f4xx_dma.o [1]
Dac1_Init               0x08036fad     0x5a  Code  Gb  bsp_dac.o [1]
Dac1_Set_Vol            0x08037009     0x58  Code  Gb  bsp_dac.o [1]
DebugMon_Handler        0x0804978f      0x2  Code  Gb  stm32f4xx_it.o [1]
DesE                    0x08049850     0x30  Data  Gb  des.o [1]
DesIp                   0x08049628     0x40  Data  Gb  des.o [1]
DesIp_1                 0x08049668     0x40  Data  Gb  des.o [1]
DesP                    0x08049d88     0x20  Data  Gb  des.o [1]
DesPc_1                 0x08049720     0x38  Data  Gb  des.o [1]
DesPc_2                 0x08049880     0x30  Data  Gb  des.o [1]
DesRots                 0x0804a564     0x14  Data  Gb  des.o [1]
DesS                    0x08048c20    0x200  Data  Gb  des.o [1]
DiskFile_init           0x0803aca1     0x40  Code  Gb  protocol.o [1]
Disk_File               0x2001e424     0xd4  Data  Gb  protocol.o [1]
ENC_Calc_Average_Speed  0x0803b663     0x58  Code  Gb  encoder_tim.o [1]
ENC_Calc_Rot_Speed      0x0803b589     0xda  Code  Gb  encoder_tim.o [1]
ENC_Clear_Speed_Buffer  0x0803b56d     0x1c  Code  Gb  encoder_tim.o [1]
ENC_Init                0x0803b481     0xec  Code  Gb  encoder_tim.o [1]
ESP8266_Enable_MultipleId
                        0x0803b7f3     0x40  Code  Gb  esp8266_handler.o [1]
[...]
mc_check_xor            0x08040383     0x1a  Code  Gb  mcheck.o [1]
mem1base                0x200106c0   0xa000  Data  Gb  malloc.o [1]
mem1mapbase             0x2001b6c0    0xa00  Data  Gb  malloc.o [1]
mem2base                0x68000000  0xf0000  Data  Gb  malloc.o [1]
mem2mapbase             0x680f0000   0xf000  Data  Gb  malloc.o [1]
mem_cmp                 0x080382e7     0x24  Code  Lc  ff.o [1]
mem_cpy                 0x080382b5     0x1c  Code  Lc  ff.o [1]
mem_set                 0x080382d1     0x16  Code  Lc  ff.o [1]
memblksize              0x0804ac90      0x8  Data  Gb  malloc.o [1]
memchr                  0x08041469           Code  Gb  memchr.o [5]
memsize                 0x0804ac98      0x8  Data  Gb  malloc.o [1]
memtblsize              0x0804ac88      0x8  Data  Gb  malloc.o [1]
modbus_send_frame       0x0803abb1     0xe6  Code  Gb  modbus.o [1]
move_window             0x080385a9     0x40  Code  Lc  ff.o [1]
movram                  0x08046c8d     0x1e  Code  Gb  des.o [1]
mqttSubscribeData       0x2001d000    0x3e8  Data  Gb  esp8266_handler.o [1]
mqtt_status             0x2001ec94      0x8  Data  Gb  pub0sub1.o [1]
my_mem_free             0x080352f7     0x6c  Code  Gb  malloc.o [1]
my_mem_init             0x080351bb     0x42  Code  Gb  malloc.o [1]
my_mem_malloc           0x0803523b     0xbc  Code  Gb  malloc.o [1]
my_mem_perused          0x080351fd     0x3e  Code  Gb  malloc.o [1]
myfree                  0x08035363     0x24  Code  Gb  malloc.o [1]
mymalloc                0x08035387     0x2a  Code  Gb  malloc.o [1]
mymemset                0x080351a5     0x16  Code  Gb  malloc.o [1]
ndigs                   0x080454f8     0x28  Data  Lc  xstoull.o [3]
netDeviceInfo_t         0x2001e6d8     0x68  Data  Gb  esp8266_handler.o [1]
net_device_send_cmd     0x0803b7a5     0x4e  Code  Gb  esp8266_handler.o [1]
obuf                    0x2001e8b8     0x50  Data  Lc  xfiles.o [3]
oem2uni                 0x0801560c  0x15484  Data  Lc  cc936.o [1]
old_card_record         0x2001edf4      0x1  Data  Gb  apptask.o [1]
old_isWork              0x2001edf0      0x1  Data  Gb  apptask.o [1]
old_is_stop             0x200002bc      0x1  Data  Gb  page_weimi.o [1]
old_plan_complete       0x2001ee0a      0x1  Data  Gb  product_cal.o [1]
old_system_state        0x200002ba      0x1  Data  Gb  apptask.o [1]
old_usb_disk_flag       0x2001edf2      0x1  Data  Gb  apptask.o [1]
old_wifi_flag           0x2001ee01      0x1  Data  Gb  esp8266_handler.o [1]
para_init               0x08035fed     0x80  Code  Gb  para.o [1]
pcInterruptPriorityRegisters
                        0x0804ada4      0x4  Data  Lc  port.o [1]
peiliao_para            0x2001ea08     0x30  Data  Gb  product_cal.o [1]
pick_lfn                0x08038dfb     0x8c  Code  Lc  ff.o [1]
plan_complete           0x2001ee09      0x1  Data  Gb  product_cal.o [1]
pluse_count             0x2001edce      0x2  Data  Gb  apptask.o [1]
pluse_step_src          0x2001ec28      0xc  Data  Gb  apptask.o [1]
pows                    0x08045d28     0x48  Data  Lc  xdtento.o [4]
printf                  0x080350bd     0x24  Code  Gb  printf.o [3]
product_complete_kilo   0x08033a4b     0x74  Code  Gb  product_cal.o [1]
product_complete_meter  0x08033a2f     0x1c  Code  Gb  product_cal.o [1]
product_para            0x2001ea38     0x28  Data  Gb  product_cal.o [1]
product_per_meter       0x080339a9     0x74  Code  Gb  product_cal.o [1]
prvAddCurrentTaskToDelayedList
                        0x08034b4d     0x48  Code  Lc  tasks.o [1]
prvAllocateTCBAndStack  0x08034b95     0x5a  Code  Lc  tasks.o [1]
prvCheckForValidListAndQueue
                        0x0803c683     0x52  Code  Lc  timers.o [1]
prvCheckTasksWaitingTermination
                        0x08034ae3     0x66  Code  Lc  tasks.o [1]
prvCopyDataFromQueue    0x08033791     0x30  Code  Lc  queue.o [1]
prvCopyDataToQueue      0x0803370d     0x84  Code  Lc  queue.o [1]
prvDeleteTCB            0x08034bef     0x12  Code  Lc  tasks.o [1]
prvGetNextExpireTime    0x0803c46f     0x2e  Code  Lc  timers.o [1]
prvHeapInit             0x0803da75     0x6e  Code  Lc  heap_4.o [1]
prvIdleTask             0x080349fd     0x26  Code  Lc  tasks.o [1]
prvInitialiseTCBVariables
                        0x08034a23     0x6a  Code  Lc  tasks.o [1]
prvInitialiseTaskLists  0x08034a8d     0x56  Code  Lc  tasks.o [1]
prvInsertBlockIntoFreeList
                        0x0803dae3     0x62  Code  Lc  heap_4.o [1]
prvInsertTimerInActiveList
                        0x0803c4c5     0x50  Code  Lc  timers.o [1]
prvIsQueueEmpty         0x0803382b     0x20  Code  Lc  queue.o [1]
prvIsQueueFull          0x0803384b     0x22  Code  Lc  queue.o [1]
prvProcessExpiredTimer  0x0803c387     0x5c  Code  Lc  timers.o [1]
prvProcessReceivedCommands
                        0x0803c515     0xde  Code  Lc  timers.o [1]
prvProcessTimerOrBlockTask
                        0x0803c3ff     0x70  Code  Lc  timers.o [1]
prvResetNextTaskUnblockTime
                        0x08034c01     0x26  Code  Lc  tasks.o [1]
prvSampleTimeNow        0x0803c49d     0x28  Code  Lc  timers.o [1]
prvSwitchTimerLists     0x0803c5f3     0x90  Code  Lc  timers.o [1]
prvTaskExitError        0x0803d625     0x2a  Code  Lc  port.o [1]
prvTestWaitCondition    0x0803c22b     0x24  Code  Lc  event_groups.o [1]
prvTimerTask            0x0803c3e5     0x1a  Code  Lc  timers.o [1]
prvUnlockQueue          0x080337c1     0x6a  Code  Lc  queue.o [1]
pub_topicString         0x2001ec70      0xc  Data  Gb  pub0sub1.o [1]
put_fat                 0x080387f7    0x16c  Code  Gb  ff.o [1]
putchar                 0x0804a405      0xc  Code  Gb  putchar.o [3]
pvPortMalloc            0x0803d8e5    0x118  Code  Gb  heap_4.o [1]
pxCurrentTCB            0x2001ed68      0x4  Data  Gb  tasks.o [1]
pxCurrentTimerList      0x2001edac      0x4  Data  Lc  timers.o [1]
pxDelayedTaskList       0x2001ed6c      0x4  Data  Lc  tasks.o [1]
pxEnd                   0x2001ed38      0x4  Data  Lc  heap_4.o [1]
pxOverflowDelayedTaskList
                        0x2001ed70      0x4  Data  Lc  tasks.o [1]
pxOverflowTimerList     0x2001edb0      0x4  Data  Lc  timers.o [1]
pxPortInitialiseStack   0x0803d601     0x24  Code  Gb  port.o [1]
pxReadyTasksLists       0x2001e1b8    0x140  Data  Lc  tasks.o [1]
rand                    0x08047ba1     0xe0  Code  Gb  rand.o [3]
rc522_cmd_anticoll      0x0803a8f1     0x5a  Code  Gb  rc522.o [1]
rc522_cmd_request       0x0803a89d     0x54  Code  Gb  rc522.o [1]
readChar                0x08040bc3     0x10  Code  Gb  MQTTPacket.o [1]
readDisk                0x2001edf7      0x1  Data  Gb  apptask.o [1]
readFilenum             0x2001edf8      0x1  Data  Gb  apptask.o [1]
readInt                 0x08040ba7     0x1c  Code  Gb  MQTTPacket.o [1]
readMQTTLenString       0x08040c79     0x3c  Code  Gb  MQTTPacket.o [1]
readSlave               0x2001ec1c      0xc  Data  Gb  apptask.o [1]
read_bkp_para           0x080378bb     0x78  Code  Gb  bkp_pwr.o [1]
read_device_info        0x08035b21    0x274  Code  Gb  para.o [1]
read_file_select        0x2001ec64      0xc  Data  Gb  protocol.o [1]
read_from_disk          0x080360a1    0xd04  Code  Gb  para.o [1]
remove_chain            0x08038963     0x76  Code  Lc  ff.o [1]
rfid_rev_buf            0x2001eb20     0x14  Data  Gb  rc522.o [1]
rfid_rev_cnt            0x2001ee0f      0x1  Data  Gb  rc522.o [1]
rfid_rev_flag           0x2001ee0e      0x1  Data  Gb  rc522.o [1]
rtc_time                0x2001ec8c      0x8  Data  Gb  protocol.o [1]
s_TIM_CallBack1         0x2001ed1c      0x4  Data  Lc  bsp_timer.o [1]
s_TIM_CallBack2         0x2001ed20      0x4  Data  Lc  bsp_timer.o [1]
s_TIM_CallBack3         0x2001ed24      0x4  Data  Lc  bsp_timer.o [1]
s_TIM_CallBack4         0x2001ed28      0x4  Data  Lc  bsp_timer.o [1]
sample_time             0x2001edcc      0x2  Data  Gb  apptask.o [1]
sdew_weimi_page1        0x080329f5    0x28a  Code  Gb  bsp_sdwe050c17.o [1]
sdew_weimi_page2        0x08032c91    0x1e6  Code  Gb  bsp_sdwe050c17.o [1]
sdew_weisha_page1       0x08032e77    0x100  Code  Gb  bsp_sdwe050c17.o [1]
sdew_weisha_page2       0x08032f81    0x100  Code  Gb  bsp_sdwe050c17.o [1]
selectbits              0x08046d57     0x42  Code  Gb  des.o [1]
semc_adc_Init           0x080471d7     0x92  Code  Gb  smec98sp.o [1]
servo_diff              0x2001ecfc      0x4  Data  Gb  apptask.o [1]
servo_per_wei_src       0x2001ecf8      0x4  Data  Gb  apptask.o [1]
servo_speed_diff        0x2001ed00      0x4  Data  Gb  apptask.o [1]
servomotor_guodu        0x2001ee03      0x1  Data  Gb  page_weimi.o [1]
servomotor_mode         0x2001ee04      0x1  Data  Gb  page_weimi.o [1]
setbit                  0x08046ccf     0x4c  Code  Gb  des.o [1]
shlc                    0x08046d99     0x68  Code  Gb  des.o [1]
shrc                    0x08046e01     0x5e  Code  Gb  des.o [1]
slave_info              0x2001ec10      0xc  Data  Gb  apptask.o [1]
snprintf                0x08040711     0x44  Code  Gb  snprintf.o [3]
speed_diff              0x2001ec34      0xc  Data  Gb  apptask.o [1]
speed_zhu               0x2001ede4      0x2  Data  Gb  page_weimi.o [1]
speed_zhu1              0x2001ede6      0x2  Data  Gb  page_weimi.o [1]
sprintf                 0x0803a74d     0x34  Code  Gb  sprintf.o [3]
srand                   0x08047b81     0x20  Code  Gb  srand.o [3]
sscanf                  0x0803ea65     0x24  Code  Gb  sscanf.o [3]
st_clust                0x08038d2d     0x18  Code  Lc  ff.o [1]
stepmotor_guodu         0x2001ed4c      0x4  Data  Gb  page_weimi.o [1]
strans                  0x08046e5f    0x168  Code  Gb  des.o [1]
strcat                  0x0803a781     0x1c  Code  Gb  strcat.o [3]
strchr                  0x08041451           Code  Gb  strchr.o [5]
strlen                  0x080359bd           Code  Gb  strlen.o [5]
strstr                  0x0803ad21     0x10  Code  Gb  para.o [1]
sum_sfn                 0x08039001     0x20  Code  Lc  ff.o [1]
symbol                  0x2001ecf4      0x4  Data  Gb  apptask.o [1]
symbol_servo            0x2001edf9      0x1  Data  Gb  apptask.o [1]
sync_fs                 0x080385e9     0xd8  Code  Lc  ff.o [1]
sync_window             0x0803854f     0x5a  Code  Lc  ff.o [1]
system_state_dis        0x08048e20    0x190  Data  Gb  product_cal.o [1]
toStop                  0x2001ed60      0x4  Data  Gb  pub0sub1.o [1]
tolower                 0x08045855     0x14  Code  Gb  tolower.o [3]
total_meter_gross       0x2001ed58      0x4  Data  Gb  product_cal.o [1]
total_weight_gross      0x2001ed5c      0x4  Data  Gb  product_cal.o [1]
transport_close         0x08040aad     0x12  Code  Gb  transport.o [1]
transport_getdata       0x08040a99     0x14  Code  Gb  transport.o [1]
transport_sendPacketBuffer
                        0x08040a5d     0x3c  Code  Gb  transport.o [1]
ucHeap                  0x200002c0  0x10400  Data  Lc  heap_4.o [1]
ucMaxSysCallPriority    0x2001ee08      0x1  Data  Lc  port.o [1]
ulHighFrequencyTimerTicks
                        0x2001ed64      0x4  Data  Gb  SysInfoTest.o [1]
ulMaxPRIGROUPValue      0x2001ed54      0x4  Data  Lc  port.o [1]
ulTaskSwitchedInTime    0x2001eda0      0x4  Data  Lc  tasks.o [1]
ulTotalRunTime          0x2001eda4      0x4  Data  Lc  tasks.o [1]
uni2oem                 0x08000188  0x15484  Data  Lc  cc936.o [1]
usb_disk_flag           0x2001edf1      0x1  Data  Gb  apptask.o [1]
usbh_OpenMassStorage    0x080379b1     0x14  Code  Gb  usbh_usr.o [1]
uxCriticalNesting       0x200002a8      0x4  Data  Lc  port.o [1]
uxCurrentNumberOfTasks  0x2001ed78      0x4  Data  Lc  tasks.o [1]
uxListRemove            0x0803d8bd     0x28  Code  Gb  list.o [1]
uxPendedTicks           0x2001ed88      0x4  Data  Lc  tasks.o [1]
uxSchedulerSuspended    0x2001ed9c      0x4  Data  Lc  tasks.o [1]
uxTaskNumber            0x2001ed94      0x4  Data  Lc  tasks.o [1]
uxTaskResetEventItemValue
                        0x08034c61     0x20  Code  Gb  tasks.o [1]
uxTasksDeleted          0x2001ed74      0x4  Data  Lc  tasks.o [1]
uxTopReadyPriority      0x2001ed80      0x4  Data  Lc  tasks.o [1]
vAnalysisUartData       0x08030e71     0xca  Code  Gb  apptask.o [1]
vEsp8266_Main_Task      0x08030b09    0x226  Code  Gb  apptask.o [1]
vListInitialise         0x0803d84d     0x1e  Code  Gb  list.o [1]
vListInsert             0x0803d883     0x3a  Code  Gb  list.o [1]
vListInsertEnd          0x0803d86b     0x18  Code  Gb  list.o [1]
vMQTT_Handler_Task      0x08030d39    0x138  Code  Gb  apptask.o [1]
vMQTT_Recive_Task       0x08030f45     0x7e  Code  Gb  apptask.o [1]
vMQTT_Tranmit_Task      0x08030fc3     0xd0  Code  Gb  apptask.o [1]
vPortEnableVFP          0x080413c1           Code  Gb  portasm.o [1]
vPortEnterCritical      0x0803d71b     0x3a  Code  Gb  port.o [1]
vPortExitCritical       0x0803d755     0x32  Code  Gb  port.o [1]
vPortFree               0x0803d9fd     0x78  Code  Gb  heap_4.o [1]
vPortSetupTimerInterrupt
                        0x0803d7b3      0xe  Code  Wk  port.o [1]
vPortStartFirstTask     0x080413a9           Code  Gb  portasm.o [1]
vPortValidateInterruptPriority
                        0x0803d7c1     0x4e  Code  Gb  port.o [1]
vQueueWaitForMessageRestricted
                        0x0803386d     0x44  Code  Gb  queue.o [1]
vTaskDelay              0x08034259     0x84  Code  Gb  tasks.o [1]
vTaskDelayUntil         0x08034179     0xe0  Code  Gb  tasks.o [1]
vTaskFreq               0x080304e1    0x61a  Code  Lc  apptask.o [1]
vTaskManageCapacity     0x0802ef29    0x518  Code  Gb  apptask.o [1]
vTaskMassStorage        0x0802dc79    0x5ae  Code  Lc  apptask.o [1]
vTaskMissedYield        0x080349f3      0xa  Code  Gb  tasks.o [1]
vTaskMotorControl       0x0802f4f5    0xfc6  Code  Lc  apptask.o [1]
vTaskMsgPro             0x0802e6e1    0x434  Code  Lc  apptask.o [1]
vTaskPlaceOnEventList   0x08034659     0x74  Code  Gb  tasks.o [1]
vTaskPlaceOnEventListRestricted
                        0x08034791     0x80  Code  Gb  tasks.o [1]
vTaskPlaceOnUnorderedEventList
                        0x080346e9     0xa8  Code  Gb  tasks.o [1]
vTaskReadDisk           0x0802ec69    0x272  Code  Lc  apptask.o [1]
vTaskRev485             0x0802eb4d     0xd4  Code  Lc  apptask.o [1]
vTaskSetTimeOutState    0x0803493d     0x26  Code  Gb  tasks.o [1]
vTaskStartScheduler     0x080342dd     0x7e  Code  Gb  tasks.o [1]
vTaskSuspendAll         0x0803435b     0x10  Code  Gb  tasks.o [1]
vTaskSwitchContext      0x080345a9     0xb0  Code  Gb  tasks.o [1]
vTaskTaskLCD            0x0802aa91   0x31ac  Code  Gb  apptask.o [1]
vTaskTaskLED            0x0802e259     0x20  Code  Lc  apptask.o [1]
vTaskTaskRFID           0x0802e279    0x40a  Code  Lc  apptask.o [1]
valid_seg               0x2001ed50      0x4  Data  Gb  page_weimi.o [1]
validate                0x08039da7     0x36  Code  Lc  ff.o [1]
weimi_para              0x2001e2f8    0x12c  Data  Gb  page_weimi.o [1]
wifi_flag               0x2001ee00      0x1  Data  Gb  esp8266_handler.o [1]
work_idle_time          0x2001ede8      0x2  Data  Gb  product_cal.o [1]
writeCString            0x08040c09     0x2a  Code  Gb  MQTTPacket.o [1]
writeChar               0x08040bd3      0xc  Code  Gb  MQTTPacket.o [1]
writeInt                0x08040bdf     0x2a  Code  Gb  MQTTPacket.o [1]
writeMQTTString         0x08040c33     0x46  Code  Gb  MQTTPacket.o [1]
write_bkp_para          0x08037933     0x6e  Code  Gb  bkp_pwr.o [1]
xActiveTimerList1       0x2001eb98     0x14  Data  Lc  timers.o [1]
xActiveTimerList2       0x2001ebac     0x14  Data  Lc  timers.o [1]
xBlockAllocatedBit      0x2001ed44      0x4  Data  Lc  heap_4.o [1]
xDelayedTaskList1       0x2001eb34     0x14  Data  Lc  tasks.o [1]
xDelayedTaskList2       0x2001eb48     0x14  Data  Lc  tasks.o [1]
xEventGroupCreate       0x0803bfed     0x1c  Code  Gb  event_groups.o [1]
xEventGroupSetBits      0x0803c155     0xd6  Code  Gb  event_groups.o [1]
xEventGroupWaitBits     0x0803c009    0x146  Code  Gb  event_groups.o [1]
xFreeBytesRemaining     0x2001ed3c      0x4  Data  Lc  heap_4.o [1]
xHandleTaskFreq         0x2001ecc0      0x4  Data  Gb  apptask.o [1]
xHandleTaskLCD          0x2001ec9c      0x4  Data  Gb  apptask.o [1]
xHandleTaskLED          0x2001eca0      0x4  Data  Gb  apptask.o [1]
xHandleTaskManageCapacity
                        0x2001ecb8      0x4  Data  Gb  apptask.o [1]
xHandleTaskMassStorage  0x2001eca8      0x4  Data  Gb  apptask.o [1]
xHandleTaskMotorControl
                        0x2001ecbc      0x4  Data  Gb  apptask.o [1]
xHandleTaskMsgPro       0x2001ecb0      0x4  Data  Gb  apptask.o [1]
xHandleTaskRFID         0x2001eca4      0x4  Data  Gb  apptask.o [1]
xHandleTaskReadDisk     0x2001ecac      0x4  Data  Gb  apptask.o [1]
xHandleTaskRev485       0x2001ecb4      0x4  Data  Gb  apptask.o [1]
xHeapStructSize         0x0804ad78      0x4  Data  Lc  heap_4.o [1]
xMinimumEverFreeBytesRemaining
                        0x2001ed40      0x4  Data  Lc  heap_4.o [1]
xNextTaskUnblockTime    0x2001ed98      0x4  Data  Lc  tasks.o [1]
xNumOfOverflows         0x2001ed90      0x4  Data  Lc  tasks.o [1]
xPendingReadyList       0x2001eb5c     0x14  Data  Lc  tasks.o [1]
xPortStartScheduler     0x0803d64f     0xcc  Code  Gb  port.o [1]
xQueueGenericCreate     0x08033179     0x7e  Code  Gb  queue.o [1]
xQueueGenericReceive    0x0803356d    0x19c  Code  Gb  queue.o [1]
xQueueGenericReset      0x080330e9     0x90  Code  Gb  queue.o [1]
xQueueGenericSend       0x080331f7    0x1b2  Code  Gb  queue.o [1]
xQueueGenericSendFromISR
                        0x080333a9     0xec  Code  Gb  queue.o [1]
xQueueGiveFromISR       0x08033495     0xd8  Code  Gb  queue.o [1]
xQueue_MQTT_Recv        0x2001ece4      0x4  Data  Gb  apptask.o [1]
xQueue_MQTT_Transmit    0x2001ece8      0x4  Data  Gb  apptask.o [1]
xQueue_esp8266_Cmd      0x2001ecec      0x4  Data  Gb  apptask.o [1]
xQueue_message          0x2001ecf0      0x4  Data  Gb  apptask.o [1]
xSchedulerRunning       0x2001ed84      0x4  Data  Lc  tasks.o [1]
xSemaphore_download     0x2001ecd4      0x4  Data  Gb  apptask.o [1]
xSemaphore_encoder      0x2001ecd0      0x4  Data  Gb  apptask.o [1]
xSemaphore_lcd          0x2001ecc4      0x4  Data  Gb  apptask.o [1]
xSemaphore_pluse        0x2001eccc      0x4  Data  Gb  apptask.o [1]
xSemaphore_readDisk     0x2001ecd8      0x4  Data  Gb  apptask.o [1]
xSemaphore_rs485        0x2001ecc8      0x4  Data  Gb  apptask.o [1]
xStart                  0x2001ec7c      0x8  Data  Lc  heap_4.o [1]
xSuspendedTaskList      0x2001eb84     0x14  Data  Lc  tasks.o [1]
xTaskCheckForTimeOut    0x08034969     0x8a  Code  Gb  tasks.o [1]
xTaskGenericCreate      0x08033ff5    0x184  Code  Gb  tasks.o [1]
xTaskGetSchedulerState  0x08034c27     0x26  Code  Gb  tasks.o [1]
xTaskGetTickCount       0x0803446b      0xa  Code  Gb  tasks.o [1]
xTaskIncrementTick      0x08034475    0x134  Code  Gb  tasks.o [1]
xTaskRemoveFromEventList
                        0x08034815     0x8e  Code  Gb  tasks.o [1]
xTaskRemoveFromUnorderedEventList
                        0x080348a9     0x94  Code  Gb  tasks.o [1]
xTaskResumeAll          0x0803436b    0x100  Code  Gb  tasks.o [1]
xTasksWaitingTermination
                        0x2001eb70     0x14  Data  Lc  tasks.o [1]
xTickCount              0x2001ed7c      0x4  Data  Lc  tasks.o [1]
xTimerCreate            0x0803c2a1     0x62  Code  Gb  timers.o [1]
xTimerCreateTimerTask   0x0803c251     0x50  Code  Gb  timers.o [1]
xTimerGenericCommand    0x0803c303     0x84  Code  Gb  timers.o [1]
xTimerQueue             0x2001edb4      0x4  Data  Lc  timers.o [1]
xTimerUser              0x2001ece0      0x4  Data  Gb  apptask.o [1]
xYieldPending           0x2001ed8c      0x4  Data  Lc  tasks.o [1]


[1] = E:\WORK\YarnControl_Driver\YarnControl_Driver\src\stm32f4_rtos\Project\EWARMv7\Flash\Obj
[2] = command line
[3] = dl7M_tlf.a
[4] = m7M_tls.a
[5] = rt7M_tl.a
[6] = shb_l.a

  122 108 bytes of readonly  code memory
  185 058 bytes of readonly  data memory
  129 045 bytes of readwrite data memory (+ 1 044 480 absolute)

Errors: none
Warnings: none
