###############################################################################
#
# IAR ELF Linker V7.40.7.9843/W32 for ARM                 21/Jan/2019  17:39:22
# Copyright 2007-2015 IAR Systems AB.
#
#    Output file  =  
#        F:\work\YarnControl_Driver\src\stm32f4_rtos\Project\EWARMv7\Flash\Exe\project.out
#    Map file     =  
#        F:\work\YarnControl_Driver\src\stm32f4_rtos\Project\EWARMv7\Flash\List\project.map
#    Command line =  
#        F:\work\YarnControl_Driver\src\stm32f4_rtos\Project\EWARMv7\Flash\Obj\apptask.o
#        F:\work\YarnControl_Driver\src\stm32f4_rtos\Project\EWARMv7\Flash\Obj\bsp.o
#        F:\work\YarnControl_Driver\src\stm32f4_rtos\Project\EWARMv7\Flash\Obj\bsp_closeSW.o
#        F:\work\YarnControl_Driver\src\stm32f4_rtos\Project\EWARMv7\Flash\Obj\bsp_dwt.o
#        F:\work\YarnControl_Driver\src\stm32f4_rtos\Project\EWARMv7\Flash\Obj\bsp_led.o
#        F:\work\YarnControl_Driver\src\stm32f4_rtos\Project\EWARMv7\Flash\Obj\bsp_relay.o
#        F:\work\YarnControl_Driver\src\stm32f4_rtos\Project\EWARMv7\Flash\Obj\bsp_sdio_sd.o
#        F:\work\YarnControl_Driver\src\stm32f4_rtos\Project\EWARMv7\Flash\Obj\bsp_sdwe050c17.o
#        F:\work\YarnControl_Driver\src\stm32f4_rtos\Project\EWARMv7\Flash\Obj\bsp_servomotor.o
#        F:\work\YarnControl_Driver\src\stm32f4_rtos\Project\EWARMv7\Flash\Obj\bsp_spi.o
#        F:\work\YarnControl_Driver\src\stm32f4_rtos\Project\EWARMv7\Flash\Obj\bsp_stepmotor.o
#        F:\work\YarnControl_Driver\src\stm32f4_rtos\Project\EWARMv7\Flash\Obj\bsp_sw_onoff.o
#        F:\work\YarnControl_Driver\src\stm32f4_rtos\Project\EWARMv7\Flash\Obj\bsp_tim_pwm.o
#        F:\work\YarnControl_Driver\src\stm32f4_rtos\Project\EWARMv7\Flash\Obj\bsp_timer.o
#        F:\work\YarnControl_Driver\src\stm32f4_rtos\Project\EWARMv7\Flash\Obj\bsp_uart_fifo.o
#        F:\work\YarnControl_Driver\src\stm32f4_rtos\Project\EWARMv7\Flash\Obj\bsp_w25qxx.o
#        F:\work\YarnControl_Driver\src\stm32f4_rtos\Project\EWARMv7\Flash\Obj\bsp_watchdog.o
#        F:\work\YarnControl_Driver\src\stm32f4_rtos\Project\EWARMv7\Flash\Obj\cc936.o
#        F:\work\YarnControl_Driver\src\stm32f4_rtos\Project\EWARMv7\Flash\Obj\croutine.o
#        F:\work\YarnControl_Driver\src\stm32f4_rtos\Project\EWARMv7\Flash\Obj\demo_fatfs.o
#        F:\work\YarnControl_Driver\src\stm32f4_rtos\Project\EWARMv7\Flash\Obj\diskio.o
#        F:\work\YarnControl_Driver\src\stm32f4_rtos\Project\EWARMv7\Flash\Obj\encoder.o
#        F:\work\YarnControl_Driver\src\stm32f4_rtos\Project\EWARMv7\Flash\Obj\event_groups.o
#        F:\work\YarnControl_Driver\src\stm32f4_rtos\Project\EWARMv7\Flash\Obj\ff.o
#        F:\work\YarnControl_Driver\src\stm32f4_rtos\Project\EWARMv7\Flash\Obj\heap_4.o
#        F:\work\YarnControl_Driver\src\stm32f4_rtos\Project\EWARMv7\Flash\Obj\list.o
#        F:\work\YarnControl_Driver\src\stm32f4_rtos\Project\EWARMv7\Flash\Obj\main.o
#        F:\work\YarnControl_Driver\src\stm32f4_rtos\Project\EWARMv7\Flash\Obj\malloc.o
#        F:\work\YarnControl_Driver\src\stm32f4_rtos\Project\EWARMv7\Flash\Obj\mcheck.o
#        F:\work\YarnControl_Driver\src\stm32f4_rtos\Project\EWARMv7\Flash\Obj\misc.o
#        F:\work\YarnControl_Driver\src\stm32f4_rtos\Project\EWARMv7\Flash\Obj\modbus.o
#        F:\work\YarnControl_Driver\src\stm32f4_rtos\Project\EWARMv7\Flash\Obj\page_weimi.o
#        F:\work\YarnControl_Driver\src\stm32f4_rtos\Project\EWARMv7\Flash\Obj\para.o
#        F:\work\YarnControl_Driver\src\stm32f4_rtos\Project\EWARMv7\Flash\Obj\port.o
#        F:\work\YarnControl_Driver\src\stm32f4_rtos\Project\EWARMv7\Flash\Obj\portasm.o
#        F:\work\YarnControl_Driver\src\stm32f4_rtos\Project\EWARMv7\Flash\Obj\product_cal.o
#        F:\work\YarnControl_Driver\src\stm32f4_rtos\Project\EWARMv7\Flash\Obj\protocol.o
#        F:\work\YarnControl_Driver\src\stm32f4_rtos\Project\EWARMv7\Flash\Obj\queue.o
#        F:\work\YarnControl_Driver\src\stm32f4_rtos\Project\EWARMv7\Flash\Obj\rc522.o
#        F:\work\YarnControl_Driver\src\stm32f4_rtos\Project\EWARMv7\Flash\Obj\startup_stm32f40_41xxx.o
#        F:\work\YarnControl_Driver\src\stm32f4_rtos\Project\EWARMv7\Flash\Obj\stm32f4xx_adc.o
#        F:\work\YarnControl_Driver\src\stm32f4_rtos\Project\EWARMv7\Flash\Obj\stm32f4xx_assert.o
#        F:\work\YarnControl_Driver\src\stm32f4_rtos\Project\EWARMv7\Flash\Obj\stm32f4xx_can.o
#        F:\work\YarnControl_Driver\src\stm32f4_rtos\Project\EWARMv7\Flash\Obj\stm32f4xx_crc.o
#        F:\work\YarnControl_Driver\src\stm32f4_rtos\Project\EWARMv7\Flash\Obj\stm32f4xx_cryp.o
#        F:\work\YarnControl_Driver\src\stm32f4_rtos\Project\EWARMv7\Flash\Obj\stm32f4xx_cryp_aes.o
#        F:\work\YarnControl_Driver\src\stm32f4_rtos\Project\EWARMv7\Flash\Obj\stm32f4xx_cryp_des.o
#        F:\work\YarnControl_Driver\src\stm32f4_rtos\Project\EWARMv7\Flash\Obj\stm32f4xx_cryp_tdes.o
#        F:\work\YarnControl_Driver\src\stm32f4_rtos\Project\EWARMv7\Flash\Obj\stm32f4xx_dac.o
#        F:\work\YarnControl_Driver\src\stm32f4_rtos\Project\EWARMv7\Flash\Obj\stm32f4xx_dbgmcu.o
#        F:\work\YarnControl_Driver\src\stm32f4_rtos\Project\EWARMv7\Flash\Obj\stm32f4xx_dcmi.o
#        F:\work\YarnControl_Driver\src\stm32f4_rtos\Project\EWARMv7\Flash\Obj\stm32f4xx_dma.o
#        F:\work\YarnControl_Driver\src\stm32f4_rtos\Project\EWARMv7\Flash\Obj\stm32f4xx_dma2d.o
#        F:\work\YarnControl_Driver\src\stm32f4_rtos\Project\EWARMv7\Flash\Obj\stm32f4xx_exti.o
#        F:\work\YarnControl_Driver\src\stm32f4_rtos\Project\EWARMv7\Flash\Obj\stm32f4xx_flash.o
#        F:\work\YarnControl_Driver\src\stm32f4_rtos\Project\EWARMv7\Flash\Obj\stm32f4xx_fsmc.o
#        F:\work\YarnControl_Driver\src\stm32f4_rtos\Project\EWARMv7\Flash\Obj\stm32f4xx_gpio.o
#        F:\work\YarnControl_Driver\src\stm32f4_rtos\Project\EWARMv7\Flash\Obj\stm32f4xx_hash.o
#        F:\work\YarnControl_Driver\src\stm32f4_rtos\Project\EWARMv7\Flash\Obj\stm32f4xx_hash_md5.o
#        F:\work\YarnControl_Driver\src\stm32f4_rtos\Project\EWARMv7\Flash\Obj\stm32f4xx_hash_sha1.o
#        F:\work\YarnControl_Driver\src\stm32f4_rtos\Project\EWARMv7\Flash\Obj\stm32f4xx_i2c.o
#        F:\work\YarnControl_Driver\src\stm32f4_rtos\Project\EWARMv7\Flash\Obj\stm32f4xx_it.o
#        F:\work\YarnControl_Driver\src\stm32f4_rtos\Project\EWARMv7\Flash\Obj\stm32f4xx_iwdg.o
#        F:\work\YarnControl_Driver\src\stm32f4_rtos\Project\EWARMv7\Flash\Obj\stm32f4xx_ltdc.o
#        F:\work\YarnControl_Driver\src\stm32f4_rtos\Project\EWARMv7\Flash\Obj\stm32f4xx_pwr.o
#        F:\work\YarnControl_Driver\src\stm32f4_rtos\Project\EWARMv7\Flash\Obj\stm32f4xx_rcc.o
#        F:\work\YarnControl_Driver\src\stm32f4_rtos\Project\EWARMv7\Flash\Obj\stm32f4xx_rng.o
#        F:\work\YarnControl_Driver\src\stm32f4_rtos\Project\EWARMv7\Flash\Obj\stm32f4xx_rtc.o
#        F:\work\YarnControl_Driver\src\stm32f4_rtos\Project\EWARMv7\Flash\Obj\stm32f4xx_sai.o
#        F:\work\YarnControl_Driver\src\stm32f4_rtos\Project\EWARMv7\Flash\Obj\stm32f4xx_sdio.o
#        F:\work\YarnControl_Driver\src\stm32f4_rtos\Project\EWARMv7\Flash\Obj\stm32f4xx_spi.o
#        F:\work\YarnControl_Driver\src\stm32f4_rtos\Project\EWARMv7\Flash\Obj\stm32f4xx_syscfg.o
#        F:\work\YarnControl_Driver\src\stm32f4_rtos\Project\EWARMv7\Flash\Obj\stm32f4xx_tim.o
#        F:\work\YarnControl_Driver\src\stm32f4_rtos\Project\EWARMv7\Flash\Obj\stm32f4xx_usart.o
#        F:\work\YarnControl_Driver\src\stm32f4_rtos\Project\EWARMv7\Flash\Obj\stm32f4xx_wwdg.o
#        F:\work\YarnControl_Driver\src\stm32f4_rtos\Project\EWARMv7\Flash\Obj\SysInfoTest.o
#        F:\work\YarnControl_Driver\src\stm32f4_rtos\Project\EWARMv7\Flash\Obj\system_stm32f4xx.o
#        F:\work\YarnControl_Driver\src\stm32f4_rtos\Project\EWARMv7\Flash\Obj\tasks.o
#        F:\work\YarnControl_Driver\src\stm32f4_rtos\Project\EWARMv7\Flash\Obj\timers.o
#        F:\work\YarnControl_Driver\src\stm32f4_rtos\Project\EWARMv7\Flash\Obj\usb_bsp.o
#        F:\work\YarnControl_Driver\src\stm32f4_rtos\Project\EWARMv7\Flash\Obj\usb_core.o
#        F:\work\YarnControl_Driver\src\stm32f4_rtos\Project\EWARMv7\Flash\Obj\usb_hcd.o
#        F:\work\YarnControl_Driver\src\stm32f4_rtos\Project\EWARMv7\Flash\Obj\usb_hcd_int.o
#        F:\work\YarnControl_Driver\src\stm32f4_rtos\Project\EWARMv7\Flash\Obj\usbh_core.o
#        F:\work\YarnControl_Driver\src\stm32f4_rtos\Project\EWARMv7\Flash\Obj\usbh_hcs.o
#        F:\work\YarnControl_Driver\src\stm32f4_rtos\Project\EWARMv7\Flash\Obj\usbh_ioreq.o
#        F:\work\YarnControl_Driver\src\stm32f4_rtos\Project\EWARMv7\Flash\Obj\usbh_it.o
#        F:\work\YarnControl_Driver\src\stm32f4_rtos\Project\EWARMv7\Flash\Obj\usbh_msc_bot.o
#        F:\work\YarnControl_Driver\src\stm32f4_rtos\Project\EWARMv7\Flash\Obj\usbh_msc_core.o
#        F:\work\YarnControl_Driver\src\stm32f4_rtos\Project\EWARMv7\Flash\Obj\usbh_msc_scsi.o
#        F:\work\YarnControl_Driver\src\stm32f4_rtos\Project\EWARMv7\Flash\Obj\usbh_stdreq.o
#        F:\work\YarnControl_Driver\src\stm32f4_rtos\Project\EWARMv7\Flash\Obj\usbh_usr.o
#        -o
#        F:\work\YarnControl_Driver\src\stm32f4_rtos\Project\EWARMv7\Flash\Exe\project.out
#        --map
#        F:\work\YarnControl_Driver\src\stm32f4_rtos\Project\EWARMv7\Flash\List\project.map
#        --config
#        F:\work\YarnControl_Driver\src\stm32f4_rtos\Project\EWARMv7\stm32f4xx_flash.icf
#        --semihosting --entry __iar_program_start --inline --vfe
#
###############################################################################

*******************************************************************************
*** RUNTIME MODEL ATTRIBUTES
***

CppFlavor       = *
__SystemLibrary = DLib


*******************************************************************************
*** PLACEMENT SUMMARY
***

"A1":  place at 0x08000000 { ro section .intvec };
"P1":  place in [from 0x08000000 to 0x080fffff] { ro };
"P2":  place in [from 0x20000000 to 0x2001ffff] { rw, block CSTACK, block HEAP };

  Section             Kind        Address     Size  Object
  -------             ----        -------     ----  ------
"A1":                                        0x188
  .intvec             ro code  0x08000000    0x188  startup_stm32f40_41xxx.o [1]
                             - 0x08000188    0x188

"P1":                                      0x410fd
  .rodata             const    0x08000188  0x15484  cc936.o [1]
  .rodata             const    0x0801560c  0x15484  cc936.o [1]
  .text               ro code  0x0802aa90   0x4028  apptask.o [1]
  .text               ro code  0x0802eab8    0xc00  tasks.o [1]
  .text               ro code  0x0802f6b8    0x7c8  queue.o [1]
  .text               ro code  0x0802fe80   0x1258  bsp_sdwe050c17.o [1]
  .text               ro code  0x080310d8    0x524  product_cal.o [1]
  .text               ro code  0x080315fc     0x66  ABImemset.o [5]
  .text               ro code  0x08031662      0xa  xsprout.o [3]
  .text               ro code  0x0803166c    0x380  bsp_w25qxx.o [1]
  .text               ro code  0x080319ec     0x76  ABImemcpy_unaligned.o [5]
  .text               ro code  0x08031a64     0x4e  FltToDbl.o [4]
  .text               ro code  0x08031ab4     0x24  printf.o [3]
  .text               ro code  0x08031ad8     0x42  strcmp_unaligned.o [5]
  .text               ro code  0x08031b1c    0x21c  malloc.o [1]
  .text               ro code  0x08031d38    0x652  stm32f4xx_tim.o [1]
  .text               ro code  0x0803238c     0x30  I32ToDbl.o [4]
  .text               ro code  0x080323bc    0x256  DblDiv.o [4]
  .text               ro code  0x08032614     0xe8  DblAdd.o [4]
  .text               ro code  0x080326fc    0x1a2  DblMul.o [4]
  .text               ro code  0x080328a0     0x58  DblToI32.o [4]
  .text               ro code  0x080328f8     0x90  DblToFlt.o [4]
  .text               ro code  0x08032988     0x36  strlen.o [5]
  .text               ro code  0x080329c0     0x62  memcmp_unaligned.o [5]
  .text               ro code  0x08032a24    0x1b6  usbh_usr.o [1]
  .text               ro code  0x08032bdc    0x760  usbh_core.o [1]
  .text               ro code  0x0803333c   0x2264  ff.o [1]
  .text               ro code  0x080355a0     0x34  sprintf.o [3]
  .text               ro code  0x080355d4     0x1c  strcat.o [3]
  .text               ro code  0x080355f0     0xc0  bsp_led.o [1]
  .text               ro code  0x080356b0     0xae  rc522.o [1]
  .text               ro code  0x08035760    0x354  modbus.o [1]
  .text               ro code  0x08035ab4     0x68  bsp_sw_onoff.o [1]
  .text               ro code  0x08035b1c     0x44  protocol.o [1]
  .text               ro code  0x08035b60     0x10  apptask.o [1]
  .text               ro code  0x08035b70    0x1b4  bsp_stepmotor.o [1]
  .text               ro code  0x08035d24    0x12c  stm32f4xx_gpio.o [1]
  .text               ro code  0x08035e50    0x48c  bsp_servomotor.o [1]
  .text               ro code  0x080362dc    0x194  encoder.o [1]
  .text               ro code  0x08036470    0x262  event_groups.o [1]
  .text               ro code  0x080366d4    0x4a4  timers.o [1]
  .text               ro code  0x08036b78      0x8  bsp_watchdog.o [1]
  .text               ro code  0x08036b80    0x24c  port.o [1]
  .text               ro code  0x08036dcc     0x98  list.o [1]
  .text               ro code  0x08036e64    0x280  heap_4.o [1]
  .text               ro code  0x080370e4    0x1e8  stm32f4xx_rcc.o [1]
  .text               ro code  0x080372cc    0x9e4  bsp_uart_fifo.o [1]
  .text               ro code  0x08037cb0    0x204  bsp_timer.o [1]
  .text               ro code  0x08037eb4    0x124  bsp_spi.o [1]
  .text               ro code  0x08037fd8    0xd96  xprintffull_nomb.o [3]
  .text               ro code  0x08038d70    0x180  DblSub.o [4]
  .text               ro code  0x08038ef0    0x14c  usb_bsp.o [1]
  .text               ro code  0x0803903c     0xd6  usb_hcd.o [1]
  .text               ro code  0x08039112    0x1ba  usbh_hcs.o [1]
  .text               ro code  0x080392cc    0x436  usbh_stdreq.o [1]
  .text               ro code  0x08039702    0x246  usbh_ioreq.o [1]
  .text               ro code  0x08039948    0x2e4  diskio.o [1]
  .text               ro code  0x08039c2c     0xf4  cc936.o [1]
  .text               ro code  0x08039d20     0xb8  mcheck.o [1]
  .text               ro code  0x08039dd8     0x2c  strstr.o [3]
  .text               ro code  0x08039e04    0x31c  stm32f4xx_dma.o [1]
  .text               ro code  0x0803a120     0x88  misc.o [1]
  .text               ro code  0x0803a1a8     0x10  stm32f4xx_iwdg.o [1]
  CODE                ro code  0x0803a1b8     0xa8  portasm.o [1]
  .text               ro code  0x0803a260    0x254  stm32f4xx_usart.o [1]
  .text               ro code  0x0803a4b4     0x74  stm32f4xx_spi.o [1]
  .text               ro code  0x0803a528     0x16  strchr.o [5]
  .text               ro code  0x0803a540     0x58  memchr.o [5]
  .text               ro code  0x0803a598     0xee  I64DivMod.o [5]
  .text               ro code  0x0803a686     0x42  xdnorm.o [4]
  .text               ro code  0x0803a6c8     0x2e  DblCmpLe.o [4]
  .text               ro code  0x0803a6f8     0x2e  DblCmpGe.o [4]
  .text               ro code  0x0803a728    0x114  xdscale.o [4]
  .text               ro code  0x0803a83c     0x6c  localeconv.o [3]
  .text               ro code  0x0803a8a8      0xe  div.o [3]
  .text               ro code  0x0803a8b8     0x74  bsp_dwt.o [1]
  .text               ro code  0x0803a92c    0xa50  usb_core.o [1]
  .text               ro code  0x0803b37c   0x1a58  bsp_sdio_sd.o [1]
  .text               ro code  0x0803cdd4    0x618  usbh_msc_scsi.o [1]
  .text               ro code  0x0803d3ec    0x554  usbh_msc_bot.o [1]
  .text               ro code  0x0803d940      0x2  I64DivZer.o [5]
  .text               ro code  0x0803d944    0x17c  stm32f4xx_sdio.o [1]
  .text               ro code  0x0803dac0    0xc7e  usb_hcd_int.o [1]
  .text               ro code  0x0803e740    0x3e8  usbh_msc_core.o [1]
  .rodata             const    0x0803eb28    0x3dc  cc936.o [1]
  .rodata             const    0x0803ef04    0x3dc  cc936.o [1]
  .text               ro code  0x0803f2e0    0x2e0  bsp_tim_pwm.o [1]
  .text               ro code  0x0803f5c0    0x2bc  para.o [1]
  .text               ro code  0x0803f87c     0x44  strcpy_unaligned.o [5]
  .rodata             const    0x0803f8c0    0x1f4  apptask.o [1]
  .rodata             const    0x0803fab4    0x190  product_cal.o [1]
  .text               ro code  0x0803fc44    0x154  system_stm32f4xx.o [1]
  .rodata             const    0x0803fd98    0x100  mcheck.o [1]
  .rodata             const    0x0803fe98    0x100  mcheck.o [1]
  .rodata             const    0x0803ff98    0x100  mcheck.o [1]
  .text               ro code  0x08040098     0xe8  bsp_closeSW.o [1]
  .text               ro code  0x08040180     0x54  stm32f4xx_syscfg.o [1]
  .text               ro code  0x080401d4     0xc0  stm32f4xx_exti.o [1]
  .text               ro code  0x08040294     0xd0  packbits_init.o [5]
  .text               ro code  0x08040364      0x6  abort.o [3]
  .text               ro code  0x0804036c     0x14  exit.o [6]
  .text               ro code  0x08040380     0x4c  bsp.o [1]
  .text               ro code  0x080403cc     0x44  bsp_relay.o [1]
  .text               ro code  0x08040410     0x40  zero_init3.o [5]
  .text               ro code  0x08040450     0x3c  SysInfoTest.o [1]
  .rodata             const    0x0804048c     0x38  demo_fatfs.o [1]
  .text               ro code  0x080404c4     0x38  stm32f4xx_it.o [1]
  .text               ro code  0x080404fc     0x34  main.o [1]
  .rodata             const    0x08040530     0x30  apptask.o [1]
  .rodata             const    0x08040560     0x30  demo_fatfs.o [1]
  .rodata             const    0x08040590     0x30  demo_fatfs.o [1]
  .rodata             const    0x080405c0     0x2c  apptask.o [1]
  .rodata             const    0x080405ec     0x2c  demo_fatfs.o [1]
  .rodata             const    0x08040618     0x2c  demo_fatfs.o [1]
  .rodata             const    0x08040644     0x2c  stm32f4xx_it.o [1]
  .rodata             const    0x08040670     0x28  demo_fatfs.o [1]
  .rodata             const    0x08040698     0x28  demo_fatfs.o [1]
  .rodata             const    0x080406c0     0x28  demo_fatfs.o [1]
  .text               ro code  0x080406e8     0x28  data_init.o [5]
  .rodata             const    0x08040710     0x24  demo_fatfs.o [1]
  .rodata             const    0x08040734     0x24  demo_fatfs.o [1]
  .rodata             const    0x08040758     0x24  usbh_usr.o [1]
  .text               ro code  0x0804077c     0x22  fpinit_M.o [4]
  .iar.init_table     const    0x080407a0     0x34  - Linker created -
  .rodata             const    0x080407d4     0x20  apptask.o [1]
  .rodata             const    0x080407f4     0x20  apptask.o [1]
  .rodata             const    0x08040814     0x20  bsp_sdwe050c17.o [1]
  .rodata             const    0x08040834     0x20  demo_fatfs.o [1]
  .rodata             const    0x08040854     0x20  demo_fatfs.o [1]
  .rodata             const    0x08040874     0x20  demo_fatfs.o [1]
  .rodata             const    0x08040894     0x20  usbh_usr.o [1]
  .rodata             const    0x080408b4     0x20  usbh_usr.o [1]
  .rodata             const    0x080408d4     0x20  usbh_usr.o [1]
  .rodata             const    0x080408f4     0x20  usbh_usr.o [1]
  .rodata             const    0x08040914     0x20  usbh_usr.o [1]
  .rodata             const    0x08040934     0x1c  apptask.o [1]
  .rodata             const    0x08040950     0x1c  apptask.o [1]
  .rodata             const    0x0804096c     0x1c  apptask.o [1]
  .rodata             const    0x08040988     0x1c  apptask.o [1]
  .rodata             const    0x080409a4     0x1c  apptask.o [1]
  .rodata             const    0x080409c0     0x1c  apptask.o [1]
  .rodata             const    0x080409dc     0x1c  demo_fatfs.o [1]
  .rodata             const    0x080409f8     0x1c  demo_fatfs.o [1]
  .rodata             const    0x08040a14     0x1c  usbh_usr.o [1]
  .rodata             const    0x08040a30     0x1c  usbh_usr.o [1]
  .rodata             const    0x08040a4c     0x1c  usbh_usr.o [1]
  .rodata             const    0x08040a68     0x1c  usbh_usr.o [1]
  .rodata             const    0x08040a84     0x1c  usbh_usr.o [1]
  .rodata             const    0x08040aa0     0x1c  usbh_usr.o [1]
  .text               ro code  0x08040abc     0x1a  cmain.o [5]
  .text               ro code  0x08040ad6      0x4  exit.o [3]
  .text               ro code  0x08040adc      0xa  cexit.o [5]
  .rodata             const    0x08040ae8     0x18  apptask.o [1]
  .rodata             const    0x08040b00     0x18  apptask.o [1]
  .rodata             const    0x08040b18     0x18  apptask.o [1]
  .rodata             const    0x08040b30     0x18  apptask.o [1]
  .rodata             const    0x08040b48     0x18  apptask.o [1]
  .rodata             const    0x08040b60     0x18  apptask.o [1]
  .rodata             const    0x08040b78     0x18  apptask.o [1]
  .rodata             const    0x08040b90     0x18  demo_fatfs.o [1]
  .rodata             const    0x08040ba8     0x18  demo_fatfs.o [1]
  .rodata             const    0x08040bc0     0x18  demo_fatfs.o [1]
  .rodata             const    0x08040bd8     0x18  demo_fatfs.o [1]
  .rodata             const    0x08040bf0     0x18  usbh_usr.o [1]
  .rodata             const    0x08040c08     0x18  usbh_usr.o [1]
  .rodata             const    0x08040c20     0x18  usbh_usr.o [1]
  .rodata             const    0x08040c38     0x18  usbh_usr.o [1]
  .rodata             const    0x08040c50     0x18  usbh_usr.o [1]
  .text               ro code  0x08040c68     0x16  xprout.o [3]
  .text               ro code  0x08040c80      0xc  putchar.o [3]
  .rodata             const    0x08040c8c     0x14  apptask.o [1]
  .rodata             const    0x08040ca0     0x14  apptask.o [1]
  .rodata             const    0x08040cb4     0x14  apptask.o [1]
  .rodata             const    0x08040cc8     0x14  apptask.o [1]
  .rodata             const    0x08040cdc     0x14  apptask.o [1]
  .rodata             const    0x08040cf0     0x14  apptask.o [1]
  .rodata             const    0x08040d04     0x14  usbh_usr.o [1]
  .rodata             const    0x08040d18     0x14  usbh_usr.o [1]
  .rodata             const    0x08040d2c     0x10  apptask.o [1]
  .rodata             const    0x08040d3c     0x10  apptask.o [1]
  .rodata             const    0x08040d4c     0x10  apptask.o [1]
  .rodata             const    0x08040d5c     0x10  apptask.o [1]
  .rodata             const    0x08040d6c     0x10  apptask.o [1]
  .rodata             const    0x08040d7c     0x10  apptask.o [1]
  .rodata             const    0x08040d8c     0x10  apptask.o [1]
  .rodata             const    0x08040d9c     0x10  apptask.o [1]
  .rodata             const    0x08040dac     0x10  apptask.o [1]
  .rodata             const    0x08040dbc     0x10  ff.o [1]
  .rodata             const    0x08040dcc     0x10  main.o [1]
  .rodata             const    0x08040ddc     0x10  main.o [1]
  .rodata             const    0x08040dec     0x10  usbh_usr.o [1]
  .rodata             const    0x08040dfc     0x10  usbh_usr.o [1]
  .text               ro code  0x08040e0c     0x10  startup_stm32f40_41xxx.o [1]
  .text               ro code  0x08040e1c     0x10  usbh_it.o [1]
  .rodata             const    0x08040e2c      0xc  apptask.o [1]
  .rodata             const    0x08040e38      0xc  apptask.o [1]
  .rodata             const    0x08040e44      0xc  apptask.o [1]
  .rodata             const    0x08040e50      0xc  apptask.o [1]
  .rodata             const    0x08040e5c      0xc  apptask.o [1]
  .rodata             const    0x08040e68      0xc  apptask.o [1]
  .rodata             const    0x08040e74      0xc  apptask.o [1]
  .rodata             const    0x08040e80      0xc  apptask.o [1]
  .rodata             const    0x08040e8c      0xc  apptask.o [1]
  .rodata             const    0x08040e98      0xc  apptask.o [1]
  .rodata             const    0x08040ea4      0xc  apptask.o [1]
  .rodata             const    0x08040eb0      0xc  apptask.o [1]
  .rodata             const    0x08040ebc      0xc  apptask.o [1]
  .rodata             const    0x08040ec8      0xc  apptask.o [1]
  .rodata             const    0x08040ed4      0xc  apptask.o [1]
  .rodata             const    0x08040ee0      0xc  apptask.o [1]
  .rodata             const    0x08040eec      0xc  apptask.o [1]
  .rodata             const    0x08040ef8      0xc  apptask.o [1]
  .rodata             const    0x08040f04      0xc  apptask.o [1]
  .rodata             const    0x08040f10      0xc  apptask.o [1]
  .rodata             const    0x08040f1c      0xc  apptask.o [1]
  .rodata             const    0x08040f28      0xc  apptask.o [1]
  .rodata             const    0x08040f34      0xc  apptask.o [1]
  .rodata             const    0x08040f40      0xc  apptask.o [1]
  .rodata             const    0x08040f4c      0xc  apptask.o [1]
  .rodata             const    0x08040f58      0xc  apptask.o [1]
  .rodata             const    0x08040f64      0xc  bsp_sdwe050c17.o [1]
  .rodata             const    0x08040f70      0xc  bsp_sdwe050c17.o [1]
  .rodata             const    0x08040f7c      0xc  demo_fatfs.o [1]
  .rodata             const    0x08040f88      0xc  ff.o [1]
  .text               ro code  0x08040f94      0xc  cstartup_M.o [5]
  .rodata             const    0x08040fa0      0x8  apptask.o [1]
  .rodata             const    0x08040fa8      0x8  apptask.o [1]
  .rodata             const    0x08040fb0      0x8  apptask.o [1]
  .rodata             const    0x08040fb8      0x8  apptask.o [1]
  .rodata             const    0x08040fc0      0x8  apptask.o [1]
  .rodata             const    0x08040fc8      0x8  apptask.o [1]
  .rodata             const    0x08040fd0      0x8  apptask.o [1]
  .rodata             const    0x08040fd8      0x8  apptask.o [1]
  .rodata             const    0x08040fe0      0x8  apptask.o [1]
  .rodata             const    0x08040fe8      0x8  apptask.o [1]
  .rodata             const    0x08040ff0      0x8  apptask.o [1]
  .rodata             const    0x08040ff8      0x8  apptask.o [1]
  .rodata             const    0x08041000      0x8  bsp_w25qxx.o [1]
  .rodata             const    0x08041008      0x8  ff.o [1]
  .rodata             const    0x08041010      0x8  malloc.o [1]
  .rodata             const    0x08041018      0x8  malloc.o [1]
  .rodata             const    0x08041020      0x8  malloc.o [1]
  .rodata             const    0x08041028      0x8  para.o [1]
  .rodata             const    0x08041030      0x8  para.o [1]
  .rodata             const    0x08041038      0x8  para.o [1]
  .rodata             const    0x08041040      0x8  tasks.o [1]
  .rodata             const    0x08041048      0x8  timers.o [1]
  .rodata             const    0x08041050      0x4  heap_4.o [1]
  .rodata             const    0x08041054      0x4  port.o [1]
  .text               ro code  0x08041058      0x4  startup_stm32f40_41xxx.o [1]
  .text               ro code  0x0804105c      0x4  startup_stm32f40_41xxx.o [1]
  .text               ro code  0x08041060      0x4  startup_stm32f40_41xxx.o [1]
  .text               ro code  0x08041064      0x4  startup_stm32f40_41xxx.o [1]
  .text               ro code  0x08041068      0x4  startup_stm32f40_41xxx.o [1]
  .text               ro code  0x0804106c      0x4  startup_stm32f40_41xxx.o [1]
  .text               ro code  0x08041070      0x4  startup_stm32f40_41xxx.o [1]
  .text               ro code  0x08041074      0x4  startup_stm32f40_41xxx.o [1]
  .text               ro code  0x08041078      0x4  startup_stm32f40_41xxx.o [1]
  .text               ro code  0x0804107c      0x4  startup_stm32f40_41xxx.o [1]
  .text               ro code  0x08041080      0x4  startup_stm32f40_41xxx.o [1]
  .text               ro code  0x08041084      0x4  startup_stm32f40_41xxx.o [1]
  .text               ro code  0x08041088      0x4  startup_stm32f40_41xxx.o [1]
  .text               ro code  0x0804108c      0x4  startup_stm32f40_41xxx.o [1]
  .text               ro code  0x08041090      0x4  startup_stm32f40_41xxx.o [1]
  .text               ro code  0x08041094      0x4  startup_stm32f40_41xxx.o [1]
  .text               ro code  0x08041098      0x4  startup_stm32f40_41xxx.o [1]
  .text               ro code  0x0804109c      0x4  startup_stm32f40_41xxx.o [1]
  .text               ro code  0x080410a0      0x4  startup_stm32f40_41xxx.o [1]
  .text               ro code  0x080410a4      0x4  startup_stm32f40_41xxx.o [1]
  .text               ro code  0x080410a8      0x4  startup_stm32f40_41xxx.o [1]
  .text               ro code  0x080410ac      0x4  startup_stm32f40_41xxx.o [1]
  .text               ro code  0x080410b0      0x4  startup_stm32f40_41xxx.o [1]
  .text               ro code  0x080410b4      0x4  startup_stm32f40_41xxx.o [1]
  .text               ro code  0x080410b8      0x4  startup_stm32f40_41xxx.o [1]
  .text               ro code  0x080410bc      0x4  startup_stm32f40_41xxx.o [1]
  .text               ro code  0x080410c0      0x4  startup_stm32f40_41xxx.o [1]
  .text               ro code  0x080410c4      0x4  startup_stm32f40_41xxx.o [1]
  .text               ro code  0x080410c8      0x4  startup_stm32f40_41xxx.o [1]
  .text               ro code  0x080410cc      0x4  startup_stm32f40_41xxx.o [1]
  .text               ro code  0x080410d0      0x4  startup_stm32f40_41xxx.o [1]
  .text               ro code  0x080410d4      0x4  startup_stm32f40_41xxx.o [1]
  .text               ro code  0x080410d8      0x4  startup_stm32f40_41xxx.o [1]
  .text               ro code  0x080410dc      0x4  startup_stm32f40_41xxx.o [1]
  .text               ro code  0x080410e0      0x4  startup_stm32f40_41xxx.o [1]
  .text               ro code  0x080410e4      0x4  startup_stm32f40_41xxx.o [1]
  .text               ro code  0x080410e8      0x4  startup_stm32f40_41xxx.o [1]
  .text               ro code  0x080410ec      0x4  startup_stm32f40_41xxx.o [1]
  .text               ro code  0x080410f0      0x4  startup_stm32f40_41xxx.o [1]
  .text               ro code  0x080410f4      0x4  startup_stm32f40_41xxx.o [1]
  .text               ro code  0x080410f8      0x4  startup_stm32f40_41xxx.o [1]
  .text               ro code  0x080410fc      0x4  startup_stm32f40_41xxx.o [1]
  .text               ro code  0x08041100      0x4  startup_stm32f40_41xxx.o [1]
  .text               ro code  0x08041104      0x4  startup_stm32f40_41xxx.o [1]
  .text               ro code  0x08041108      0x4  startup_stm32f40_41xxx.o [1]
  .text               ro code  0x0804110c      0x4  startup_stm32f40_41xxx.o [1]
  .text               ro code  0x08041110      0x4  startup_stm32f40_41xxx.o [1]
  .text               ro code  0x08041114      0x4  startup_stm32f40_41xxx.o [1]
  .text               ro code  0x08041118      0x4  startup_stm32f40_41xxx.o [1]
  .text               ro code  0x0804111c      0x4  startup_stm32f40_41xxx.o [1]
  .text               ro code  0x08041120      0x4  startup_stm32f40_41xxx.o [1]
  .text               ro code  0x08041124      0x4  startup_stm32f40_41xxx.o [1]
  .text               ro code  0x08041128      0x4  startup_stm32f40_41xxx.o [1]
  .text               ro code  0x0804112c      0x4  startup_stm32f40_41xxx.o [1]
  .text               ro code  0x08041130      0x4  startup_stm32f40_41xxx.o [1]
  .text               ro code  0x08041134      0x4  startup_stm32f40_41xxx.o [1]
  .text               ro code  0x08041138      0x4  startup_stm32f40_41xxx.o [1]
  .text               ro code  0x0804113c      0x4  startup_stm32f40_41xxx.o [1]
  .text               ro code  0x08041140      0x4  startup_stm32f40_41xxx.o [1]
  .text               ro code  0x08041144      0x4  startup_stm32f40_41xxx.o [1]
  .text               ro code  0x08041148      0x4  startup_stm32f40_41xxx.o [1]
  .text               ro code  0x0804114c      0x4  startup_stm32f40_41xxx.o [1]
  .text               ro code  0x08041150      0x4  startup_stm32f40_41xxx.o [1]
  .text               ro code  0x08041154      0x4  startup_stm32f40_41xxx.o [1]
  .text               ro code  0x08041158      0x4  startup_stm32f40_41xxx.o [1]
  .text               ro code  0x0804115c      0x4  startup_stm32f40_41xxx.o [1]
  .text               ro code  0x08041160      0x4  startup_stm32f40_41xxx.o [1]
  .text               ro code  0x08041164      0x4  startup_stm32f40_41xxx.o [1]
  .rodata             const    0x08041168      0x0  zero_init3.o [5]
  .rodata             const    0x08041168      0x0  packbits_init.o [5]
  Initializer bytes   const    0x08041168    0x11d  <for P2 s0>
                             - 0x08041285  0x410fd

"P2":                                      0x1f6f0
  P2 s0                        0x20000000    0x1cb  <Init block>
    __DLIB_PERTHREAD  inited   0x20000000     0x88  localeconv.o [3]
    .data             inited   0x20000088     0x50  demo_fatfs.o [1]
    .data             inited   0x200000d8     0x48  usbh_usr.o [1]
    .data             inited   0x20000120     0x40  xfiles.o [3]
    .data             inited   0x20000160     0x1c  malloc.o [1]
    .data             inited   0x2000017c     0x14  bsp_servomotor.o [1]
    .data             inited   0x20000190     0x10  stm32f4xx_rcc.o [1]
    .data             inited   0x200001a0     0x10  usbh_msc_core.o [1]
    .data             inited   0x200001b0      0xc  usbh_core.o [1]
    .data             inited   0x200001bc      0x4  port.o [1]
    .data             inited   0x200001c0      0x4  system_stm32f4xx.o [1]
    .data             inited   0x200001c4      0x4  usbh_core.o [1]
    .data             inited   0x200001c8      0x2  bsp_w25qxx.o [1]
    .data             inited   0x200001ca      0x1  usbh_msc_scsi.o [1]
  .bss                zero     0x200001cc  0x11800  heap_4.o [1]
  .bss                zero     0x200119cc   0xa000  malloc.o [1]
  .bss                zero     0x2001b9cc   0x1000  bsp_w25qxx.o [1]
  .bss                zero     0x2001c9cc    0xa00  malloc.o [1]
  .bss                zero     0x2001d3cc    0x5ac  usbh_usr.o [1]
  .bss                zero     0x2001d978    0x5ac  usbh_usr.o [1]
  .bss                zero     0x2001df24    0x200  ff.o [1]
  .bss                zero     0x2001e124    0x200  usbh_msc_scsi.o [1]
  .bss                zero     0x2001e324    0x200  usbh_stdreq.o [1]
  .bss                zero     0x2001e524    0x118  page_weimi.o [1]
  .bss                zero     0x2001e63c     0xc8  tasks.o [1]
  .bss                zero     0x2001e704     0xa4  protocol.o [1]
  .bss                zero     0x2001e7a8     0x94  usbh_usr.o [1]
  .bss                zero     0x2001e83c     0x90  para.o [1]
  .bss                zero     0x2001e8cc     0x70  protocol.o [1]
  .bss                zero     0x2001e93c     0x64  bsp_uart_fifo.o [1]
  .bss                zero     0x2001e9a0     0x64  bsp_uart_fifo.o [1]
  .bss                zero     0x2001ea08     0x58  bsp_sdio_sd.o [1]
  .bss                zero     0x2001ea60     0x50  protocol.o [1]
  .bss                zero     0x2001eab0     0x50  xfiles.o [3]
  .bss                zero     0x2001eb00     0x4c  usbh_msc_core.o [1]
  .bss                zero     0x2001eb4c     0x34  bsp_sdwe050c17.o [1]
  .bss                zero     0x2001eb80     0x2c  product_cal.o [1]
  .bss                zero     0x2001ebac     0x28  bsp_uart_fifo.o [1]
  .bss                zero     0x2001ebd4     0x28  product_cal.o [1]
  .bss                zero     0x2001ebfc     0x24  ff.o [1]
  .bss                zero     0x2001ec20     0x20  usbh_msc_bot.o [1]
  .bss                zero     0x2001ec40     0x18  bsp_sdio_sd.o [1]
  .bss                zero     0x2001ec58     0x18  bsp_sdio_sd.o [1]
  .bss                zero     0x2001ec70     0x14  bsp_sdio_sd.o [1]
  .bss                zero     0x2001ec84     0x14  rc522.o [1]
  .bss                zero     0x2001ec98     0x14  tasks.o [1]
  .bss                zero     0x2001ecac     0x14  tasks.o [1]
  .bss                zero     0x2001ecc0     0x14  tasks.o [1]
  .bss                zero     0x2001ecd4     0x14  tasks.o [1]
  .bss                zero     0x2001ece8     0x14  tasks.o [1]
  .bss                zero     0x2001ecfc     0x14  timers.o [1]
  .bss                zero     0x2001ed10     0x14  timers.o [1]
  .bss                zero     0x2001ed24     0x10  bsp_sdio_sd.o [1]
  .bss                zero     0x2001ed34     0x10  bsp_sdio_sd.o [1]
  .bss                zero     0x2001ed44     0x10  usbh_msc_bot.o [1]
  .bss                zero     0x2001ed54     0x10  usbh_msc_bot.o [1]
  .bss                zero     0x2001ed64     0x10  usbh_msc_scsi.o [1]
  .bss                zero     0x2001ed74      0xc  apptask.o [1]
  .bss                zero     0x2001ed80      0xc  apptask.o [1]
  .bss                zero     0x2001ed8c      0xc  ff.o [1]
  .bss                zero     0x2001ed98      0xc  protocol.o [1]
  .bss                zero     0x2001eda4      0xc  protocol.o [1]
  .bss                zero     0x2001edb0      0xc  protocol.o [1]
  .bss                zero     0x2001edbc      0x8  heap_4.o [1]
  .bss                zero     0x2001edc4      0x8  modbus.o [1]
  .bss                zero     0x2001edcc      0x8  protocol.o [1]
  .bss                zero     0x2001edd4      0x4  apptask.o [1]
  .bss                zero     0x2001edd8      0x4  apptask.o [1]
  .bss                zero     0x2001eddc      0x4  apptask.o [1]
  .bss                zero     0x2001ede0      0x4  apptask.o [1]
  .bss                zero     0x2001ede4      0x4  apptask.o [1]
  .bss                zero     0x2001ede8      0x4  apptask.o [1]
  .bss                zero     0x2001edec      0x4  apptask.o [1]
  .bss                zero     0x2001edf0      0x4  apptask.o [1]
  .bss                zero     0x2001edf4      0x4  apptask.o [1]
  .bss                zero     0x2001edf8      0x4  apptask.o [1]
  .bss                zero     0x2001edfc      0x4  apptask.o [1]
  .bss                zero     0x2001ee00      0x4  apptask.o [1]
  .bss                zero     0x2001ee04      0x4  apptask.o [1]
  .bss                zero     0x2001ee08      0x4  apptask.o [1]
  .bss                zero     0x2001ee0c      0x4  apptask.o [1]
  .bss                zero     0x2001ee10      0x4  apptask.o [1]
  .bss                zero     0x2001ee14      0x4  apptask.o [1]
  .bss                zero     0x2001ee18      0x4  bsp_sdio_sd.o [1]
  .bss                zero     0x2001ee1c      0x4  bsp_sdio_sd.o [1]
  .bss                zero     0x2001ee20      0x4  bsp_sdio_sd.o [1]
  .bss                zero     0x2001ee24      0x4  bsp_sdio_sd.o [1]
  .bss                zero     0x2001ee28      0x4  bsp_sdio_sd.o [1]
  .bss                zero     0x2001ee2c      0x4  bsp_timer.o [1]
  .bss                zero     0x2001ee30      0x4  bsp_timer.o [1]
  .bss                zero     0x2001ee34      0x4  bsp_timer.o [1]
  .bss                zero     0x2001ee38      0x4  bsp_timer.o [1]
  .bss                zero     0x2001ee3c      0x4  encoder.o [1]
  .bss                zero     0x2001ee40      0x4  heap_4.o [1]
  .bss                zero     0x2001ee44      0x4  heap_4.o [1]
  .bss                zero     0x2001ee48      0x4  heap_4.o [1]
  .bss                zero     0x2001ee4c      0x4  heap_4.o [1]
  .bss                zero     0x2001ee50      0x4  port.o [1]
  .bss                zero     0x2001ee54      0x4  product_cal.o [1]
  .bss                zero     0x2001ee58      0x4  product_cal.o [1]
  .bss                zero     0x2001ee5c      0x4  SysInfoTest.o [1]
  .bss                zero     0x2001ee60      0x4  tasks.o [1]
  .bss                zero     0x2001ee64      0x4  tasks.o [1]
  .bss                zero     0x2001ee68      0x4  tasks.o [1]
  .bss                zero     0x2001ee6c      0x4  tasks.o [1]
  .bss                zero     0x2001ee70      0x4  tasks.o [1]
  .bss                zero     0x2001ee74      0x4  tasks.o [1]
  .bss                zero     0x2001ee78      0x4  tasks.o [1]
  .bss                zero     0x2001ee7c      0x4  tasks.o [1]
  .bss                zero     0x2001ee80      0x4  tasks.o [1]
  .bss                zero     0x2001ee84      0x4  tasks.o [1]
  .bss                zero     0x2001ee88      0x4  tasks.o [1]
  .bss                zero     0x2001ee8c      0x4  tasks.o [1]
  .bss                zero     0x2001ee90      0x4  tasks.o [1]
  .bss                zero     0x2001ee94      0x4  tasks.o [1]
  .bss                zero     0x2001ee98      0x4  tasks.o [1]
  .bss                zero     0x2001ee9c      0x4  tasks.o [1]
  .bss                zero     0x2001eea0      0x4  timers.o [1]
  .bss                zero     0x2001eea4      0x4  timers.o [1]
  .bss                zero     0x2001eea8      0x4  timers.o [1]
  .bss                zero     0x2001eeac      0x4  timers.o [1]
  .bss                zero     0x2001eeb0      0x4  usbh_msc_bot.o [1]
  .bss                zero     0x2001eeb4      0x4  usbh_msc_bot.o [1]
  .bss                zero     0x2001eeb8      0x4  usbh_msc_bot.o [1]
  .bss                zero     0x2001eebc      0x4  usbh_msc_bot.o [1]
  .bss                zero     0x2001eec0      0x2  apptask.o [1]
  .bss                zero     0x2001eec2      0x2  apptask.o [1]
  .bss                zero     0x2001eec4      0x2  apptask.o [1]
  .bss                zero     0x2001eec6      0x2  apptask.o [1]
  .bss                zero     0x2001eec8      0x2  bsp_sdwe050c17.o [1]
  .bss                zero     0x2001eeca      0x2  encoder.o [1]
  .bss                zero     0x2001eecc      0x2  encoder.o [1]
  .bss                zero     0x2001eece      0x2  ff.o [1]
  .bss                zero     0x2001eed0      0x2  product_cal.o [1]
  .bss                zero     0x2001eed2      0x2  usbh_core.o [1]
  .bss                zero     0x2001eed4      0x2  usbh_stdreq.o [1]
  .bss                zero     0x2001eed6      0x1  apptask.o [1]
  .bss                zero     0x2001eed7      0x1  apptask.o [1]
  .bss                zero     0x2001eed8      0x1  apptask.o [1]
  .bss                zero     0x2001eed9      0x1  apptask.o [1]
  .bss                zero     0x2001eeda      0x1  apptask.o [1]
  .bss                zero     0x2001eedb      0x1  apptask.o [1]
  .bss                zero     0x2001eedc      0x1  apptask.o [1]
  .bss                zero     0x2001eedd      0x1  apptask.o [1]
  .bss                zero     0x2001eede      0x1  apptask.o [1]
  .bss                zero     0x2001eedf      0x1  bsp_sdio_sd.o [1]
  .bss                zero     0x2001eee0      0x1  bsp_sdwe050c17.o [1]
  .bss                zero     0x2001eee1      0x1  bsp_uart_fifo.o [1]
  .bss                zero     0x2001eee2      0x1  encoder.o [1]
  .bss                zero     0x2001eee3      0x1  port.o [1]
  .bss                zero     0x2001eee4      0x1  product_cal.o [1]
  .bss                zero     0x2001eee5      0x1  product_cal.o [1]
  .bss                zero     0x2001eee6      0x1  product_cal.o [1]
  .bss                zero     0x2001eee7      0x1  protocol.o [1]
  .bss                zero     0x2001eee8      0x1  rc522.o [1]
  .bss                zero     0x2001eee9      0x1  rc522.o [1]
  .bss                zero     0x2001eeea      0x1  usbh_msc_bot.o [1]
  .bss                zero     0x2001eeeb      0x1  usbh_msc_core.o [1]
  .bss                zero     0x2001eeec      0x1  usbh_msc_core.o [1]
  .bss                zero     0x2001eeed      0x1  usbh_stdreq.o [1]
  .bss                zero     0x2001eeee      0x1  usbh_usr.o [1]
  CSTACK                       0x2001eef0    0x800  <Block>
    CSTACK            uninit   0x2001eef0    0x800  <Block tail>
                             - 0x2001f6f0  0x1f6f0

Absolute sections:                         0xff000
  .bss                zero     0x68000000  0xf0000  malloc.o [1]
  .bss                zero     0x680f0000   0xf000  malloc.o [1]
                             - 0x680ff000  0xff000


*******************************************************************************
*** INIT TABLE
***

          Address     Size
          -------     ----
Zero (__iar_zero_init3)
    2 destination ranges, total size 0x11dd23:
          0x200001cc  0x1ed23
          0x68000000  0xff000

Copy/packbits (__iar_packbits_init3)
    1 source range, total size 0x11d (62% of destination):
          0x08041168    0x11d
    1 destination range, total size 0x1cb:
          0x20000000    0x1cb



*******************************************************************************
*** MODULE SUMMARY
***

    Module                    ro code  ro data  rw data    rw data
                                                            (abs)
    ------                    -------  -------  -------    -------
F:\work\YarnControl_Driver\src\stm32f4_rtos\Project\EWARMv7\Flash\Obj: [1]
    SysInfoTest.o                  60                 4
    apptask.o                  16 440    1 664      109
    bsp.o                          76
    bsp_closeSW.o                 232
    bsp_dwt.o                     116
    bsp_led.o                     192
    bsp_relay.o                    68
    bsp_sdio_sd.o               6 744               209
    bsp_sdwe050c17.o            4 696       56       55
    bsp_servomotor.o            1 164       13       20
    bsp_spi.o                     292
    bsp_stepmotor.o               436
    bsp_sw_onoff.o                104
    bsp_tim_pwm.o                 736
    bsp_timer.o                   516                16
    bsp_uart_fifo.o             2 532               241
    bsp_w25qxx.o                  896        9    4 098
    bsp_watchdog.o                  8
    cc936.o                       244  176 320
    demo_fatfs.o                           742       80
    diskio.o                      740
    encoder.o                     404                 9
    event_groups.o                610
    ff.o                        8 804       36      562
    heap_4.o                      640        4   71 704
    list.o                        152
    main.o                         52       32
    malloc.o                      540       41   43 548  1 044 480
    mcheck.o                      184      768
    misc.o                        136
    modbus.o                      852                 8
    page_weimi.o                                    280
    para.o                        700       24      144
    port.o                        588        7        9
    portasm.o                     168
    product_cal.o               1 316      400       97
    protocol.o                     68               401
    queue.o                     1 992
    rc522.o                       174                22
    startup_stm32f40_41xxx.o      680
    stm32f4xx_dma.o               796
    stm32f4xx_exti.o              192
    stm32f4xx_gpio.o              300
    stm32f4xx_it.o                 56       44
    stm32f4xx_iwdg.o               16
    stm32f4xx_rcc.o               488       10       16
    stm32f4xx_sdio.o              380
    stm32f4xx_spi.o               116
    stm32f4xx_syscfg.o             84
    stm32f4xx_tim.o             1 618
    stm32f4xx_usart.o             596
    system_stm32f4xx.o            340        2        4
    tasks.o                     3 072        8      364
    timers.o                    1 188        8       56
    usb_bsp.o                     332
    usb_core.o                  2 640
    usb_hcd.o                     214
    usb_hcd_int.o               3 198
    usbh_core.o                 1 888       10       18
    usbh_hcs.o                    442
    usbh_ioreq.o                  582
    usbh_it.o                      16
    usbh_msc_bot.o              1 364                81
    usbh_msc_core.o             1 000       10       94
    usbh_msc_scsi.o             1 560        1      529
    usbh_stdreq.o               1 078               515
    usbh_usr.o                    438      600    3 125
    --------------------------------------------------------------
    Total:                     78 346  180 809  126 418  1 044 480

command line: [2]
    --------------------------------------------------------------
    Total:

dl7M_tlf.a: [3]
    abort.o                         6
    div.o                          14
    exit.o                          4
    localeconv.o                  108       84      136
    printf.o                       36
    putchar.o                      12
    sprintf.o                      52
    strcat.o                       28
    strstr.o                       44
    xfiles.o                                40      144
    xprintffull_nomb.o          3 478
    xprout.o                       22
    xsprout.o                      10
    --------------------------------------------------------------
    Total:                      3 814      124      280

m7M_tls.a: [4]
    DblAdd.o                      232
    DblCmpGe.o                     46
    DblCmpLe.o                     46
    DblDiv.o                      598
    DblMul.o                      418
    DblSub.o                      384
    DblToFlt.o                    144
    DblToI32.o                     88
    FltToDbl.o                     78
    I32ToDbl.o                     48
    fpinit_M.o                     34
    xdnorm.o                       66
    xdscale.o                     276
    --------------------------------------------------------------
    Total:                      2 458

rt7M_tl.a: [5]
    ABImemcpy_unaligned.o         118
    ABImemset.o                   102
    I64DivMod.o                   238
    I64DivZer.o                     2
    cexit.o                        10
    cmain.o                        26
    cstartup_M.o                   12
    data_init.o                    40
    memchr.o                       88
    memcmp_unaligned.o             98
    packbits_init.o               208
    strchr.o                       22
    strcmp_unaligned.o             66
    strcpy_unaligned.o             68
    strlen.o                       54
    zero_init3.o                   64
    --------------------------------------------------------------
    Total:                      1 216

shb_l.a: [6]
    exit.o                         20
    --------------------------------------------------------------
    Total:                         20

    Gaps                           42        4        5
    Linker created                          52    2 048
------------------------------------------------------------------
    Grand Total:               85 896  180 989  128 751  1 044 480


*******************************************************************************
*** ENTRY LIST
***

Entry                      Address     Size  Type      Object
-----                      -------     ----  ----      ------
.iar.init_table$$Base   0x080407a0            --   Gb  - Linker created -
.iar.init_table$$Limit  0x080407d4            --   Gb  - Linker created -
?main                   0x08040abd           Code  Gb  cmain.o [5]
APBAHBPrescTable        0x20000190     0x10  Data  Lc  stm32f4xx_rcc.o [1]
AppObjCreate            0x0802e5bd    0x13c  Code  Gb  apptask.o [1]
AppTaskCreate           0x0802e471    0x148  Code  Gb  apptask.o [1]
BOTStallErrorCount      0x2001eeb0      0x4  Data  Lc  usbh_msc_bot.o [1]
BusFault_Handler        0x080404f7      0x2  Code  Gb  stm32f4xx_it.o [1]
CID_Tab                 0x2001ed34     0x10  Data  Lc  bsp_sdio_sd.o [1]
CRC16HiTable            0x0803fd98    0x100  Data  Gb  mcheck.o [1]
CRC16LoTable            0x0803fe98    0x100  Data  Gb  mcheck.o [1]
CRC8Table               0x0803ff98    0x100  Data  Gb  mcheck.o [1]
CSD_Tab                 0x2001ed24     0x10  Data  Lc  bsp_sdio_sd.o [1]
CSTACK$$Base            0x2001eef0            --   Gb  - Linker created -
CSTACK$$Limit           0x2001f6f0            --   Gb  - Linker created -
CardType                0x2001ee18      0x4  Data  Lc  bsp_sdio_sd.o [1]
CmdError                0x0803c4e5     0x38  Code  Lc  bsp_sdio_sd.o [1]
CmdResp1Error           0x0803c589    0x112  Code  Lc  bsp_sdio_sd.o [1]
CmdResp2Error           0x0803c6d9     0x52  Code  Lc  bsp_sdio_sd.o [1]
CmdResp3Error           0x0803c69b     0x3e  Code  Lc  bsp_sdio_sd.o [1]
CmdResp6Error           0x0803c72b     0xa6  Code  Lc  bsp_sdio_sd.o [1]
CmdResp7Error           0x0803c51d     0x58  Code  Lc  bsp_sdio_sd.o [1]
ConfigExitNVIC          0x08040103     0x22  Code  Gb  bsp_closeSW.o [1]
ConfigUartNVIC          0x080376ff     0x7c  Code  Lc  bsp_uart_fifo.o [1]
DIFF_G_init             0x08035f09     0x78  Code  Gb  bsp_servomotor.o [1]
DMA1_Stream0_IRQHandler
                        0x0803627d     0x1c  Code  Gb  bsp_servomotor.o [1]
DMA1_Stream3_IRQHandler
                        0x08036299     0x1c  Code  Gb  bsp_servomotor.o [1]
DMA2_Stream3_IRQHandler
                        0x0803cdcd      0x8  Code  Gb  bsp_sdio_sd.o [1]
DMAEndOfTransfer        0x2001ee28      0x4  Data  Gb  bsp_sdio_sd.o [1]
DMA_ClearFlag           0x08039fe7     0x24  Code  Gb  stm32f4xx_dma.o [1]
DMA_Cmd                 0x08039f9d     0x1a  Code  Gb  stm32f4xx_dma.o [1]
DMA_DeInit              0x08039e05    0x140  Code  Gb  stm32f4xx_dma.o [1]
DMA_FlowControllerConfig
                        0x08039fb7     0x18  Code  Gb  stm32f4xx_dma.o [1]
DMA_GetCmdStatus        0x08039fcf     0x18  Code  Gb  stm32f4xx_dma.o [1]
DMA_GetITStatus         0x0803a04d     0x62  Code  Gb  stm32f4xx_dma.o [1]
DMA_ITConfig            0x0803a00b     0x42  Code  Gb  stm32f4xx_dma.o [1]
DMA_Init                0x08039f45     0x58  Code  Gb  stm32f4xx_dma.o [1]
DebugMon_Handler        0x080404fb      0x2  Code  Gb  stm32f4xx_it.o [1]
DiskFile_init           0x08035b1d     0x40  Code  Gb  protocol.o [1]
Disk_File               0x2001e8cc     0x70  Data  Gb  protocol.o [1]
EXTI9_5_IRQHandler      0x08040125     0x4e  Code  Gb  bsp_closeSW.o [1]
EXTI_ClearITPendingBit  0x08040277      0x6  Code  Gb  stm32f4xx_exti.o [1]
EXTI_GetITStatus        0x0804025d     0x1a  Code  Gb  stm32f4xx_exti.o [1]
EXTI_Init               0x080401d5     0x88  Code  Gb  stm32f4xx_exti.o [1]
Encoder_Cap_Init        0x080362dd     0xb2  Code  Gb  encoder.o [1]
FR_Table                0x20000088     0x50  Data  Gb  demo_fatfs.o [1]
FatFs                   0x2001ed8c      0xc  Data  Lc  ff.o [1]
File_info               0x2001ea60     0x50  Data  Gb  protocol.o [1]
Files                   0x2001ebfc     0x24  Data  Lc  ff.o [1]
FindSCR                 0x0803c979    0x206  Code  Lc  bsp_sdio_sd.o [1]
Fsid                    0x2001eece      0x2  Data  Lc  ff.o [1]
GPIO_Init               0x08035d25     0xaa  Code  Gb  stm32f4xx_gpio.o [1]
GPIO_PinAFConfig        0x08035df7     0x5a  Code  Gb  stm32f4xx_gpio.o [1]
GPIO_ReadInputDataBit   0x08035dcf     0x1a  Code  Gb  stm32f4xx_gpio.o [1]
GPIO_WriteBit           0x08035de9      0xe  Code  Gb  stm32f4xx_gpio.o [1]
GetDeviceState          0x08035ae9     0x2e  Code  Gb  bsp_sw_onoff.o [1]
HCD_GetCurrentFrame     0x080390cd      0x8  Code  Gb  usb_hcd.o [1]
HCD_GetCurrentSpeed     0x080390af     0x10  Code  Gb  usb_hcd.o [1]
HCD_GetURB_State        0x080390d5      0xa  Code  Gb  usb_hcd.o [1]
HCD_GetXferCnt          0x080390df      0xc  Code  Gb  usb_hcd.o [1]
HCD_Init                0x0803903d     0x72  Code  Gb  usb_hcd.o [1]
HCD_ResetPort           0x080390bf      0xe  Code  Gb  usb_hcd.o [1]
HCD_SubmitRequest       0x080390eb     0x28  Code  Gb  usb_hcd.o [1]
HardFault_Handler       0x080404c7     0x22  Code  Gb  stm32f4xx_it.o [1]
IWDG_Feed               0x08036b79      0x8  Code  Gb  bsp_watchdog.o [1]
IWDG_ReloadCounter      0x0803a1a9      0xa  Code  Gb  stm32f4xx_iwdg.o [1]
InStream_Read           0x08040295     0x22  Code  Lc  packbits_init.o [5]
InitHardUart            0x0803733d    0x3c2  Code  Lc  bsp_uart_fifo.o [1]
Init_JINGSHA_GUI        0x0802febf    0x122  Code  Gb  bsp_sdwe050c17.o [1]
LfnBuf                  0x2001df24    0x200  Data  Lc  ff.o [1]
LfnOfs                  0x08040dbc     0x10  Data  Lc  ff.o [1]
LoadInt                 0x08038565     0x6e  Code  Lc  xprintffull_nomb.o [3]
MSCErrorCount           0x2001eeeb      0x1  Data  Gb  usbh_msc_core.o [1]
MSC_Machine             0x2001eb00     0x4c  Data  Gb  usbh_msc_core.o [1]
MSG_DEV_ATTACHED        0x08040c38     0x18  Data  Gb  usbh_usr.o [1]
MSG_DEV_DISCONNECTED    0x08040c50     0x18  Data  Gb  usbh_usr.o [1]
MSG_DEV_ENUMERATED      0x08040a68     0x1c  Data  Gb  usbh_usr.o [1]
MSG_DEV_ERROR           0x08040d18     0x14  Data  Gb  usbh_usr.o [1]
MSG_DEV_FULLSPEED       0x080408f4     0x20  Data  Gb  usbh_usr.o [1]
MSG_DEV_HIGHSPEED       0x080408d4     0x20  Data  Gb  usbh_usr.o [1]
MSG_DEV_LOWSPEED        0x08040914     0x20  Data  Gb  usbh_usr.o [1]
MSG_HID_CLASS           0x08040a84     0x1c  Data  Gb  usbh_usr.o [1]
MSG_MSC_CLASS           0x08040758     0x24  Data  Gb  usbh_usr.o [1]
MSG_UNREC_ERROR         0x08040aa0     0x1c  Data  Gb  usbh_usr.o [1]
MemManage_Handler       0x080404f5      0x2  Code  Gb  stm32f4xx_it.o [1]
NMI_Handler             0x080404c5      0x2  Code  Gb  stm32f4xx_it.o [1]
NVIC_Init               0x0803a12b     0x6a  Code  Gb  misc.o [1]
NVIC_PriorityGroupConfig
                        0x0803a121      0xa  Code  Gb  misc.o [1]
OTG_FS_IRQHandler       0x08040e1d     0x10  Code  Gb  usbh_it.o [1]
PendSV_Handler          0x0803a1b9           Code  Gb  portasm.o [1]
RCA                     0x2001ee1c      0x4  Data  Lc  bsp_sdio_sd.o [1]
RCC_AHB1PeriphClockCmd  0x080371e7     0x22  Code  Gb  stm32f4xx_rcc.o [1]
RCC_AHB2PeriphClockCmd  0x08037209     0x1e  Code  Gb  stm32f4xx_rcc.o [1]
RCC_APB1PeriphClockCmd  0x08037227     0x1e  Code  Gb  stm32f4xx_rcc.o [1]
RCC_APB1PeriphResetCmd  0x08037263     0x1e  Code  Gb  stm32f4xx_rcc.o [1]
RCC_APB2PeriphClockCmd  0x08037245     0x1e  Code  Gb  stm32f4xx_rcc.o [1]
RCC_APB2PeriphResetCmd  0x08037281     0x1e  Code  Gb  stm32f4xx_rcc.o [1]
RCC_GetClocksFreq       0x080370e5    0x102  Code  Gb  stm32f4xx_rcc.o [1]
RS485_InitTXE           0x08037309     0x34  Code  Gb  bsp_uart_fifo.o [1]
RS485_sendbuf           0x08037b49     0x3c  Code  Gb  bsp_uart_fifo.o [1]
ReadValue1              0x2001eeca      0x2  Data  Gb  encoder.o [1]
ReadValue2              0x2001eecc      0x2  Data  Gb  encoder.o [1]
Region$$Table$$Base     0x080407a0            --   Gb  - Linker created -
Region$$Table$$Limit    0x080407d4            --   Gb  - Linker created -
SDCardInfo              0x2001ea08     0x58  Data  Gb  bsp_sdio_sd.o [1]
SDEnWideBus             0x0803c7dd    0x198  Code  Lc  bsp_sdio_sd.o [1]
SDIO_ClearFlag          0x0803da59      0x6  Code  Gb  stm32f4xx_sdio.o [1]
SDIO_ClearITPendingBit  0x0803da79      0x6  Code  Gb  stm32f4xx_sdio.o [1]
SDIO_ClockCmd           0x0803d987      0x8  Code  Gb  stm32f4xx_sdio.o [1]
SDIO_CmdInitStructure   0x2001ec70     0x14  Data  Gb  bsp_sdio_sd.o [1]
SDIO_DMACmd             0x0803da19      0x8  Code  Gb  stm32f4xx_sdio.o [1]
SDIO_DataConfig         0x0803d9e5     0x2e  Code  Gb  stm32f4xx_sdio.o [1]
SDIO_DataInitStructure  0x2001ec58     0x18  Data  Gb  bsp_sdio_sd.o [1]
SDIO_DeInit             0x0803d945     0x18  Code  Gb  stm32f4xx_sdio.o [1]
SDIO_GetCommandResponse
                        0x0803d9c7      0x8  Code  Gb  stm32f4xx_sdio.o [1]
SDIO_GetFlagStatus      0x0803da3f     0x1a  Code  Gb  stm32f4xx_sdio.o [1]
SDIO_GetITStatus        0x0803da5f     0x1a  Code  Gb  stm32f4xx_sdio.o [1]
SDIO_GetPowerState      0x0803d995      0xa  Code  Gb  stm32f4xx_sdio.o [1]
SDIO_GetResponse        0x0803d9cf     0x16  Code  Gb  stm32f4xx_sdio.o [1]
SDIO_IRQHandler         0x0803cdc5      0x8  Code  Gb  bsp_sdio_sd.o [1]
SDIO_ITConfig           0x0803da21     0x1e  Code  Gb  stm32f4xx_sdio.o [1]
SDIO_Init               0x0803d95d     0x2a  Code  Gb  stm32f4xx_sdio.o [1]
SDIO_InitStructure      0x2001ec40     0x18  Data  Gb  bsp_sdio_sd.o [1]
SDIO_Interrupts_Config  0x0803cd89     0x3c  Code  Gb  bsp_sdio_sd.o [1]
SDIO_ReadData           0x0803da13      0x6  Code  Gb  stm32f4xx_sdio.o [1]
SDIO_SendCommand        0x0803d99f     0x28  Code  Gb  stm32f4xx_sdio.o [1]
SDIO_SetPowerState      0x0803d98f      0x6  Code  Gb  stm32f4xx_sdio.o [1]
SDWE_WARNNING           0x08030151     0x2a  Code  Gb  bsp_sdwe050c17.o [1]
SD_Detect               0x0803b481     0x22  Code  Gb  bsp_sdio_sd.o [1]
SD_EnableWideBusOperation
                        0x0803bc7d     0xc8  Code  Gb  bsp_sdio_sd.o [1]
SD_GetCardInfo          0x0803b891    0x3ec  Code  Gb  bsp_sdio_sd.o [1]
SD_GetState             0x0803b457     0x2a  Code  Gb  bsp_sdio_sd.o [1]
SD_GetStatus            0x0803b435     0x22  Code  Gb  bsp_sdio_sd.o [1]
SD_Init                 0x0803b37d     0xb8  Code  Gb  bsp_sdio_sd.o [1]
SD_InitializeCards      0x0803b6ef    0x1a2  Code  Gb  bsp_sdio_sd.o [1]
SD_LowLevel_DMA_RxConfig
                        0x0803ccd3     0x8e  Code  Gb  bsp_sdio_sd.o [1]
SD_LowLevel_DMA_TxConfig
                        0x0803cc45     0x8e  Code  Gb  bsp_sdio_sd.o [1]
SD_LowLevel_Init        0x0803cb81     0xbc  Code  Gb  bsp_sdio_sd.o [1]
SD_PowerON              0x0803b4a3    0x24c  Code  Gb  bsp_sdio_sd.o [1]
SD_ProcessDMAIRQ        0x0803c4c1     0x22  Code  Gb  bsp_sdio_sd.o [1]
SD_ProcessIRQSrc        0x0803c413     0xae  Code  Gb  bsp_sdio_sd.o [1]
SD_ReadBlock            0x0803bd7d    0x108  Code  Gb  bsp_sdio_sd.o [1]
SD_ReadMultiBlocks      0x0803be85    0x134  Code  Gb  bsp_sdio_sd.o [1]
SD_SelectDeselect       0x0803bd45     0x38  Code  Gb  bsp_sdio_sd.o [1]
SD_SendStatus           0x0803c3a5     0x6e  Code  Gb  bsp_sdio_sd.o [1]
SD_StopTransfer         0x0803c35d     0x44  Code  Gb  bsp_sdio_sd.o [1]
SD_WaitReadOperation    0x0803bfbd     0x96  Code  Gb  bsp_sdio_sd.o [1]
SD_WriteBlock           0x0803c05d    0x11e  Code  Gb  bsp_sdio_sd.o [1]
SD_WriteMultiBlocks     0x0803c189    0x1cc  Code  Gb  bsp_sdio_sd.o [1]
SPI1_Init               0x08037eb5     0xc0  Code  Gb  bsp_spi.o [1]
SPI1_ReadWriteByte      0x08037f9d     0x32  Code  Gb  bsp_spi.o [1]
SPI1_SetSpeed           0x08037f75     0x28  Code  Gb  bsp_spi.o [1]
SPI_Cmd                 0x0803a4f5     0x1c  Code  Gb  stm32f4xx_spi.o [1]
SPI_I2S_GetFlagStatus   0x0803a511     0x18  Code  Gb  stm32f4xx_spi.o [1]
SPI_Init                0x0803a4b5     0x40  Code  Gb  stm32f4xx_spi.o [1]
SRC_Buffer              0x2000017c     0x14  Data  Gb  bsp_servomotor.o [1]
SVC_Handler             0x0803a211           Code  Gb  portasm.o [1]
SYSCFG_EXTILineConfig   0x08040181     0x50  Code  Gb  stm32f4xx_syscfg.o [1]
Sdwe_ClearReadDisk      0x08030227     0x1c  Code  Gb  bsp_sdwe050c17.o [1]
Sdwe_change_class_time  0x08030693     0x30  Code  Gb  bsp_sdwe050c17.o [1]
Sdwe_clearString        0x0803017b     0x54  Code  Gb  bsp_sdwe050c17.o [1]
Sdwe_clear_filename     0x08030273     0x2a  Code  Gb  bsp_sdwe050c17.o [1]
Sdwe_disDigi            0x0803002b     0xa4  Code  Gb  bsp_sdwe050c17.o [1]
Sdwe_disPicture         0x0802ffe1     0x4a  Code  Gb  bsp_sdwe050c17.o [1]
Sdwe_disString          0x080300cf     0x82  Code  Gb  bsp_sdwe050c17.o [1]
Sdwe_hidden_page        0x0803072b     0x30  Code  Gb  bsp_sdwe050c17.o [1]
Sdwe_peiliao_page       0x0803059d     0xf6  Code  Gb  bsp_sdwe050c17.o [1]
Sdwe_period_page        0x080306c3     0x68  Code  Gb  bsp_sdwe050c17.o [1]
Sdwe_product_page       0x0803041b    0x182  Code  Gb  bsp_sdwe050c17.o [1]
Sdwe_readRTC            0x08030243     0x30  Code  Gb  bsp_sdwe050c17.o [1]
Sdwe_refresh_allname    0x080303d3     0x48  Code  Gb  bsp_sdwe050c17.o [1]
Sdwe_refresh_filename   0x0803029d    0x136  Code  Gb  bsp_sdwe050c17.o [1]
Sdwe_stop_page          0x0803075b    0x36a  Code  Gb  bsp_sdwe050c17.o [1]
Sdwe_writeIcon          0x080301cf     0x58  Code  Gb  bsp_sdwe050c17.o [1]
ServoMotorRunning       0x08036259     0x24  Code  Gb  bsp_servomotor.o [1]
SetSysClock             0x0803fc97     0xce  Code  Lc  system_stm32f4xx.o [1]
SlavePara               0x2001e704     0xa4  Data  Gb  protocol.o [1]
StopCondition           0x2001ee20      0x4  Data  Gb  bsp_sdio_sd.o [1]
SysTick_Handler         0x08036d07     0x2c  Code  Gb  port.o [1]
SystemCoreClock         0x200001c0      0x4  Data  Gb  system_stm32f4xx.o [1]
SystemInit              0x0803fc45     0x52  Code  Gb  system_stm32f4xx.o [1]
TI1_Config              0x0803228f     0x38  Code  Lc  stm32f4xx_tim.o [1]
TI2_Config              0x080322c7     0x42  Code  Lc  stm32f4xx_tim.o [1]
TI3_Config              0x08032309     0x40  Code  Lc  stm32f4xx_tim.o [1]
TI4_Config              0x08032349     0x42  Code  Lc  stm32f4xx_tim.o [1]
TIM1_PWM_SETPMOTOR      0x08035c75     0x9e  Code  Gb  bsp_stepmotor.o [1]
TIM2_IRQHandler         0x08037df1     0xac  Code  Gb  bsp_timer.o [1]
TIM3CH2_CAPTURE_STA     0x2001eee2      0x1  Data  Gb  encoder.o [1]
TIM3CH2_CAPTURE_VAL     0x2001ee3c      0x4  Data  Gb  encoder.o [1]
TIM3_IRQHandler         0x0803638f     0xc8  Code  Gb  encoder.o [1]
TIM4_CH1_ConfigPwmOut   0x08035e51     0x1c  Code  Gb  bsp_servomotor.o [1]
TIM4_CH1_GPIO_Configuration
                        0x08035ec7     0x42  Code  Gb  bsp_servomotor.o [1]
TIM4_CH1_PWMDMA_Config  0x08036045     0xb0  Code  Gb  bsp_servomotor.o [1]
TIM4_CH1_StartPwmOut    0x08035e6d     0x2c  Code  Gb  bsp_servomotor.o [1]
TIM4_CH1_StopPwmOut     0x08035e99     0x2e  Code  Gb  bsp_servomotor.o [1]
TIM4_CH2_ConfigPwmOut   0x080360f5     0x1c  Code  Gb  bsp_servomotor.o [1]
TIM4_CH2_GPIO_Configuration
                        0x0803616b     0x3e  Code  Gb  bsp_servomotor.o [1]
TIM4_CH2_PWMDMA_Config  0x080361a9     0xb0  Code  Gb  bsp_servomotor.o [1]
TIM4_CH2_StartPwmOut    0x08036111     0x2c  Code  Gb  bsp_servomotor.o [1]
TIM4_CH2_StopPwmOut     0x0803613d     0x2e  Code  Gb  bsp_servomotor.o [1]
TIM4_PWM_Config         0x08035f81     0xc4  Code  Gb  bsp_servomotor.o [1]
TIM6_DAC_IRQHandler     0x08040463     0x22  Code  Gb  SysInfoTest.o [1]
TIM_ARRPreloadConfig    0x08031f1f     0x1c  Code  Gb  stm32f4xx_tim.o [1]
TIM_CallBack1           0x0802e739     0x34  Code  Gb  apptask.o [1]
TIM_ClearITPendingBit   0x08032271      0x8  Code  Gb  stm32f4xx_tim.o [1]
TIM_Cmd                 0x08031f3b     0x1c  Code  Gb  stm32f4xx_tim.o [1]
TIM_CtrlPWMOutputs      0x08032207     0x22  Code  Gb  stm32f4xx_tim.o [1]
TIM_DMACmd              0x08032279     0x16  Code  Gb  stm32f4xx_tim.o [1]
TIM_DeInit              0x08031d39    0x17c  Code  Gb  stm32f4xx_tim.o [1]
TIM_GetITStatus         0x0803223f     0x32  Code  Gb  stm32f4xx_tim.o [1]
TIM_ICInit              0x0803214b     0x70  Code  Gb  stm32f4xx_tim.o [1]
TIM_ITConfig            0x08032229     0x16  Code  Gb  stm32f4xx_tim.o [1]
TIM_OC1Init             0x08031f57     0x7e  Code  Gb  stm32f4xx_tim.o [1]
TIM_OC2Init             0x08031fd5     0x8c  Code  Gb  stm32f4xx_tim.o [1]
TIM_OC2PreloadConfig    0x08032123     0x14  Code  Gb  stm32f4xx_tim.o [1]
TIM_OC4Init             0x08032061     0x68  Code  Gb  stm32f4xx_tim.o [1]
TIM_OC4PreloadConfig    0x08032137     0x14  Code  Gb  stm32f4xx_tim.o [1]
TIM_OCStructInit        0x08032101     0x22  Code  Gb  stm32f4xx_tim.o [1]
TIM_SetIC1Prescaler     0x080321bb     0x12  Code  Gb  stm32f4xx_tim.o [1]
TIM_SetIC2Prescaler     0x080321cd     0x14  Code  Gb  stm32f4xx_tim.o [1]
TIM_SetIC3Prescaler     0x080321e1     0x12  Code  Gb  stm32f4xx_tim.o [1]
TIM_SetIC4Prescaler     0x080321f3     0x14  Code  Gb  stm32f4xx_tim.o [1]
TIM_TimeBaseInit        0x08031eb5     0x6a  Code  Gb  stm32f4xx_tim.o [1]
Task_iwdg_refresh       0x0802e95d     0x56  Code  Gb  apptask.o [1]
TransferEnd             0x2001ee24      0x4  Data  Gb  bsp_sdio_sd.o [1]
TransferError           0x2001eedf      0x1  Data  Gb  bsp_sdio_sd.o [1]
UART1ToPC               0x08037ae9     0x30  Code  Gb  bsp_uart_fifo.o [1]
UART2ToPC               0x08037b19     0x30  Code  Gb  bsp_uart_fifo.o [1]
UART2_RX_BUF            0x2001e9a0     0x64  Data  Gb  bsp_uart_fifo.o [1]
UART3ToPC               0x08037b85     0x30  Code  Gb  bsp_uart_fifo.o [1]
UART4ToPC               0x08037bb5     0x30  Code  Gb  bsp_uart_fifo.o [1]
UART4_IRQHandler        0x080379fb     0x84  Code  Gb  bsp_uart_fifo.o [1]
UART4_RX_BUF            0x2001e93c     0x64  Data  Gb  bsp_uart_fifo.o [1]
UART5ToPC               0x08037be5     0x30  Code  Gb  bsp_uart_fifo.o [1]
UART5_IRQHandler        0x08037a7f     0x6a  Code  Gb  bsp_uart_fifo.o [1]
USART1_IRQHandler       0x0803796b     0x1e  Code  Gb  bsp_uart_fifo.o [1]
USART2_IRQHandler       0x08037989     0x68  Code  Gb  bsp_uart_fifo.o [1]
USART3_IRQHandler       0x080379f1      0xa  Code  Gb  bsp_uart_fifo.o [1]
USART_ClearFlag         0x0803a413      0xc  Code  Gb  stm32f4xx_usart.o [1]
USART_ClearITPendingBit
                        0x0803a48f     0x26  Code  Gb  stm32f4xx_usart.o [1]
USART_Cmd               0x0803a35d     0x1c  Code  Gb  stm32f4xx_usart.o [1]
USART_DMACmd            0x0803a389     0x16  Code  Gb  stm32f4xx_usart.o [1]
USART_GetFlagStatus     0x0803a3f5     0x1e  Code  Gb  stm32f4xx_usart.o [1]
USART_GetITStatus       0x0803a41f     0x70  Code  Gb  stm32f4xx_usart.o [1]
USART_ITConfig          0x0803a39f     0x56  Code  Gb  stm32f4xx_usart.o [1]
USART_Init              0x0803a261     0xee  Code  Gb  stm32f4xx_usart.o [1]
USART_ReceiveData       0x0803a381      0x8  Code  Gb  stm32f4xx_usart.o [1]
USART_SendData          0x0803a379      0x8  Code  Gb  stm32f4xx_usart.o [1]
USBH_Alloc_Channel      0x0803922d     0x2e  Code  Gb  usbh_hcs.o [1]
USBH_BulkReceiveData    0x080398d1     0x62  Code  Gb  usbh_ioreq.o [1]
USBH_BulkSendData       0x0803986f     0x62  Code  Gb  usbh_ioreq.o [1]
USBH_CfgDesc            0x2001e324    0x200  Data  Gb  usbh_stdreq.o [1]
USBH_ClrFeature         0x08039477     0x4c  Code  Gb  usbh_stdreq.o [1]
USBH_Connected          0x08032bdd      0xc  Code  Gb  usbh_core.o [1]
USBH_CtlReceiveData     0x08039829     0x46  Code  Gb  usbh_ioreq.o [1]
USBH_CtlReq             0x08039703     0x6e  Code  Gb  usbh_ioreq.o [1]
USBH_CtlSendData        0x080397b5     0x74  Code  Gb  usbh_ioreq.o [1]
USBH_CtlSendSetup       0x08039771     0x44  Code  Gb  usbh_ioreq.o [1]
USBH_DataInBuffer       0x2001e124    0x200  Data  Gb  usbh_msc_scsi.o [1]
USBH_DeAllocate_AllChannel
                        0x0803927f     0x20  Code  Gb  usbh_hcs.o [1]
USBH_DeInit             0x08032c43     0x3e  Code  Gb  usbh_core.o [1]
USBH_Disconnected       0x08032be9      0xc  Code  Gb  usbh_core.o [1]
USBH_ErrorHandle        0x08032e53     0x34  Code  Gb  usbh_core.o [1]
USBH_Free_Channel       0x0803925b     0x24  Code  Gb  usbh_hcs.o [1]
USBH_GetDescriptor      0x080393d7     0x4e  Code  Gb  usbh_stdreq.o [1]
USBH_GetFreeChannel     0x0803929f     0x2e  Code  Lc  usbh_hcs.o [1]
USBH_GetNextDesc        0x080396eb     0x18  Code  Gb  usbh_stdreq.o [1]
USBH_Get_CfgDesc        0x08039313     0x78  Code  Gb  usbh_stdreq.o [1]
USBH_Get_DevDesc        0x080392cd     0x46  Code  Gb  usbh_stdreq.o [1]
USBH_Get_StringDesc     0x0803938b     0x4c  Code  Gb  usbh_stdreq.o [1]
USBH_HCD_INT_cb         0x200001b0      0xc  Data  Gb  usbh_core.o [1]
USBH_HCD_INT_fops       0x200001c4      0x4  Data  Gb  usbh_core.o [1]
USBH_HandleControl      0x0803309b    0x29a  Code  Gb  usbh_core.o [1]
USBH_HandleEnum         0x08032e87    0x214  Code  Lc  usbh_core.o [1]
USBH_Init               0x08032bfb     0x48  Code  Gb  usbh_core.o [1]
USBH_MSC_BOTReset       0x0803ea85     0x28  Code  Lc  usbh_msc_core.o [1]
USBH_MSC_BOTXferParam   0x2001ed54     0x10  Data  Gb  usbh_msc_bot.o [1]
USBH_MSC_BOT_Abort      0x0803d835     0x5c  Code  Gb  usbh_msc_bot.o [1]
USBH_MSC_CBWData        0x2001ec20     0x20  Data  Gb  usbh_msc_bot.o [1]
USBH_MSC_CSWData        0x2001ed44     0x10  Data  Gb  usbh_msc_bot.o [1]
USBH_MSC_ClassRequest   0x0803e873     0x12  Code  Lc  usbh_msc_core.o [1]
USBH_MSC_DecodeCSW      0x0803d891     0x7a  Code  Gb  usbh_msc_bot.o [1]
USBH_MSC_ErrorHandle    0x0803ead5     0x3e  Code  Gb  usbh_msc_core.o [1]
USBH_MSC_GETMaxLUN      0x0803eaad     0x28  Code  Lc  usbh_msc_core.o [1]
USBH_MSC_Handle         0x0803e885    0x200  Code  Lc  usbh_msc_core.o [1]
USBH_MSC_HandleBOTXfer  0x0803d431    0x404  Code  Gb  usbh_msc_bot.o [1]
USBH_MSC_Init           0x0803d3ed     0x44  Code  Gb  usbh_msc_bot.o [1]
USBH_MSC_InterfaceDeInit
                        0x0803e827     0x4c  Code  Lc  usbh_msc_core.o [1]
USBH_MSC_InterfaceInit  0x0803e741     0xe6  Code  Lc  usbh_msc_core.o [1]
USBH_MSC_ModeSense6     0x0803cfe7    0x10c  Code  Gb  usbh_msc_scsi.o [1]
USBH_MSC_Param          0x2001ed64     0x10  Data  Gb  usbh_msc_scsi.o [1]
USBH_MSC_Read10         0x0803d2cd    0x106  Code  Gb  usbh_msc_scsi.o [1]
USBH_MSC_ReadCapacity10
                        0x0803cebd    0x12a  Code  Gb  usbh_msc_scsi.o [1]
USBH_MSC_RequestSense   0x0803d0f3     0xee  Code  Gb  usbh_msc_scsi.o [1]
USBH_MSC_TestUnitReady  0x0803cdd5     0xe8  Code  Gb  usbh_msc_scsi.o [1]
USBH_MSC_Write10        0x0803d1e1     0xec  Code  Gb  usbh_msc_scsi.o [1]
USBH_MSC_cb             0x200001a0     0x10  Data  Gb  usbh_msc_core.o [1]
USBH_Modify_Channel     0x080391b9     0x74  Code  Gb  usbh_hcs.o [1]
USBH_OTG_ISR_Handler    0x0803dac1     0xb8  Code  Gb  usb_hcd_int.o [1]
USBH_Open_Channel       0x08039113     0xa6  Code  Gb  usbh_hcs.o [1]
USBH_ParseCfgDesc       0x0803951f    0x13c  Code  Lc  usbh_stdreq.o [1]
USBH_ParseDevDesc       0x080394c3     0x5c  Code  Lc  usbh_stdreq.o [1]
USBH_ParseEPDesc        0x0803968f     0x20  Code  Lc  usbh_stdreq.o [1]
USBH_ParseInterfaceDesc
                        0x08039669     0x26  Code  Lc  usbh_stdreq.o [1]
USBH_ParseStringDesc    0x080396af     0x3c  Code  Lc  usbh_stdreq.o [1]
USBH_Process            0x08032c81    0x1d2  Code  Gb  usbh_core.o [1]
USBH_SOF                0x08032bf5      0x6  Code  Gb  usbh_core.o [1]
USBH_SetAddress         0x08039425     0x2a  Code  Gb  usbh_stdreq.o [1]
USBH_SetCfg             0x0803944f     0x28  Code  Gb  usbh_stdreq.o [1]
USBH_SubmitSetupRequest
                        0x08039933     0x16  Code  Lc  usbh_ioreq.o [1]
USBH_USR_Configuration_DescAvailable
                        0x08032ae5     0x26  Code  Gb  usbh_usr.o [1]
USBH_USR_DeInit         0x08032bd9      0x2  Code  Gb  usbh_usr.o [1]
USBH_USR_DeviceAddressAssigned
                        0x08032ae3      0x2  Code  Gb  usbh_usr.o [1]
USBH_USR_DeviceAttached
                        0x08032a5d      0xa  Code  Gb  usbh_usr.o [1]
USBH_USR_DeviceDisconnected
                        0x08032a71     0x1a  Code  Gb  usbh_usr.o [1]
USBH_USR_DeviceNotSupported
                        0x08032b4f      0xa  Code  Gb  usbh_usr.o [1]
USBH_USR_DeviceSpeedDetected
                        0x08032a95     0x36  Code  Gb  usbh_usr.o [1]
USBH_USR_Device_DescAvailable
                        0x08032acb     0x18  Code  Gb  usbh_usr.o [1]
USBH_USR_EnumerationDone
                        0x08032b35     0x1a  Code  Gb  usbh_usr.o [1]
USBH_USR_Init           0x08032a39     0x24  Code  Gb  usbh_usr.o [1]
USBH_USR_MSC_Application
                        0x08032bd5      0x4  Code  Gb  usbh_usr.o [1]
USBH_USR_Manufacturer_String
                        0x08032b0b      0xe  Code  Gb  usbh_usr.o [1]
USBH_USR_OverCurrentDetected
                        0x08032b5d      0xa  Code  Gb  usbh_usr.o [1]
USBH_USR_Product_String
                        0x08032b19      0xe  Code  Gb  usbh_usr.o [1]
USBH_USR_ResetDevice    0x08032a8b      0xa  Code  Gb  usbh_usr.o [1]
USBH_USR_SerialNum_String
                        0x08032b27      0xe  Code  Gb  usbh_usr.o [1]
USBH_USR_UnrecoveredError
                        0x08032a67      0xa  Code  Gb  usbh_usr.o [1]
USBH_USR_UserInput      0x08032b59      0x4  Code  Gb  usbh_usr.o [1]
USB_Host                0x2001e7a8     0x94  Data  Gb  usbh_usr.o [1]
USB_OTG_BSP_DisableInterrupt
                        0x08038fa1     0x22  Code  Gb  usb_bsp.o [1]
USB_OTG_BSP_EnableInterrupt
                        0x08038fc3     0x54  Code  Gb  usb_bsp.o [1]
USB_OTG_BSP_Init        0x08038ef1     0xb0  Code  Gb  usb_bsp.o [1]
USB_OTG_BSP_mDelay      0x08039031      0xc  Code  Gb  usb_bsp.o [1]
USB_OTG_BSP_uDelay      0x08039025      0xc  Code  Gb  usb_bsp.o [1]
USB_OTG_Core            0x2001d3cc    0x5ac  Data  Gb  usbh_usr.o [1]
USB_OTG_CoreInit        0x0803ab05     0xce  Code  Gb  usb_core.o [1]
USB_OTG_CoreInitHost    0x0803ad11     0xd0  Code  Gb  usb_core.o [1]
USB_OTG_CoreReset       0x0803a94f     0x60  Code  Lc  usb_core.o [1]
USB_OTG_DisableGlobalInt
                        0x0803abf1     0x1e  Code  Gb  usb_core.o [1]
USB_OTG_DriveVbus       0x0803adf1     0x54  Code  Gb  usb_core.o [1]
USB_OTG_EnableCommonInt
                        0x0803a92d     0x22  Code  Lc  usb_core.o [1]
USB_OTG_EnableGlobalInt
                        0x0803abd3     0x1e  Code  Gb  usb_core.o [1]
USB_OTG_EnableHostInt   0x0803ae45     0x4e  Code  Gb  usb_core.o [1]
USB_OTG_FlushRxFifo     0x0803ac57     0x40  Code  Gb  usb_core.o [1]
USB_OTG_FlushTxFifo     0x0803ac0f     0x48  Code  Gb  usb_core.o [1]
USB_OTG_GetMode         0x0803acdd      0xa  Code  Gb  usb_core.o [1]
USB_OTG_HC_DoPing       0x0803b335     0x48  Code  Gb  usb_core.o [1]
USB_OTG_HC_Halt         0x0803b2c1     0x74  Code  Gb  usb_core.o [1]
USB_OTG_HC_Init         0x0803aef1    0x1d0  Code  Gb  usb_core.o [1]
USB_OTG_HC_StartXfer    0x0803b0c1    0x200  Code  Gb  usb_core.o [1]
USB_OTG_InitFSLSPClkSel
                        0x0803ae93     0x12  Code  Gb  usb_core.o [1]
USB_OTG_IsEvenFrame     0x0803ade1     0x10  Code  Gb  usb_core.o [1]
USB_OTG_IsHostMode      0x0803ace7     0x18  Code  Gb  usb_core.o [1]
USB_OTG_ReadCoreItr     0x0803acff     0x12  Code  Gb  usb_core.o [1]
USB_OTG_ReadHPRT0       0x0803aea5     0x1c  Code  Gb  usb_core.o [1]
USB_OTG_ReadPacket      0x0803a9f7     0x2c  Code  Gb  usb_core.o [1]
USB_OTG_ResetPort       0x0803aec1     0x30  Code  Gb  usb_core.o [1]
USB_OTG_SelectCore      0x0803aa23     0xe2  Code  Gb  usb_core.o [1]
USB_OTG_SetCurrentMode  0x0803aca1     0x3c  Code  Gb  usb_core.o [1]
USB_OTG_USBH_handle_Disconnect_ISR
                        0x0803dbfd     0x1e  Code  Lc  usb_hcd_int.o [1]
USB_OTG_USBH_handle_IncompletePeriodicXfer_ISR
                        0x0803e717     0x28  Code  Lc  usb_hcd_int.o [1]
USB_OTG_USBH_handle_hc_ISR
                        0x0803db79     0x66  Code  Lc  usb_hcd_int.o [1]
USB_OTG_USBH_handle_hc_n_In_ISR
                        0x0803e289    0x378  Code  Lc  usb_hcd_int.o [1]
USB_OTG_USBH_handle_hc_n_Out_ISR
                        0x0803df51    0x338  Code  Lc  usb_hcd_int.o [1]
USB_OTG_USBH_handle_nptxfempty_ISR
                        0x0803dc1b    0x118  Code  Lc  usb_hcd_int.o [1]
USB_OTG_USBH_handle_port_ISR
                        0x0803de4d     0xfe  Code  Lc  usb_hcd_int.o [1]
USB_OTG_USBH_handle_ptxfempty_ISR
                        0x0803dd33    0x11a  Code  Lc  usb_hcd_int.o [1]
USB_OTG_USBH_handle_rx_qlvl_ISR
                        0x0803e601    0x116  Code  Lc  usb_hcd_int.o [1]
USB_OTG_USBH_handle_sof_ISR
                        0x0803dbdf     0x1e  Code  Lc  usb_hcd_int.o [1]
USB_OTG_WritePacket     0x0803a9af     0x48  Code  Gb  usb_core.o [1]
USB_OTG_dev             0x2001d978    0x5ac  Data  Gb  usbh_usr.o [1]
USRH_cb                 0x200000d8     0x48  Data  Gb  usbh_usr.o [1]
UartDMAConfig           0x0803777b     0xf8  Code  Gb  bsp_uart_fifo.o [1]
UartIRQ                 0x08037873     0xf8  Code  Lc  bsp_uart_fifo.o [1]
UsageFault_Handler      0x080404f9      0x2  Code  Gb  stm32f4xx_it.o [1]
UserTimerCallback       0x0802e76d    0x1e6  Code  Gb  apptask.o [1]
W25QXX_BUFFER           0x2001b9cc   0x1000  Data  Gb  bsp_w25qxx.o [1]
W25QXX_Erase_Sector     0x0803197d     0x52  Code  Gb  bsp_w25qxx.o [1]
W25QXX_Init             0x0803166d     0x54  Code  Gb  bsp_w25qxx.o [1]
W25QXX_Read             0x0803175b     0x62  Code  Gb  bsp_w25qxx.o [1]
[...]
dir_next                0x08033bfd    0x12a  Code  Lc  ff.o [1]
dir_read                0x080341bf    0x10c  Code  Lc  ff.o [1]
dir_register            0x080342cb    0x14e  Code  Lc  ff.o [1]
dir_sdi                 0x08033b4b     0xb2  Code  Lc  ff.o [1]
disk_initialize         0x08039949     0x40  Code  Gb  diskio.o [1]
disk_ioctl              0x08039b6d     0xa6  Code  Gb  diskio.o [1]
disk_read               0x080399b5     0xdc  Code  Gb  diskio.o [1]
disk_status             0x08039989     0x2c  Code  Gb  diskio.o [1]
disk_write              0x08039a91     0xdc  Code  Gb  diskio.o [1]
div                     0x0803a8a9      0xe  Code  Gb  div.o [3]
download_num            0x2001eed6      0x1  Data  Gb  apptask.o [1]
enq_lock                0x0803343b     0x28  Code  Lc  ff.o [1]
exit                    0x08040ad7      0x4  Code  Gb  exit.o [3]
f_close                 0x08035431     0x38  Code  Gb  ff.o [1]
f_mount                 0x08034e65     0x66  Code  Gb  ff.o [1]
f_open                  0x08034ecb    0x20e  Code  Gb  ff.o [1]
f_opendir               0x08035469     0xb2  Code  Gb  ff.o [1]
f_readdir               0x0803551b     0x74  Code  Gb  ff.o [1]
f_sync                  0x0803537b     0xb6  Code  Gb  ff.o [1]
f_write                 0x080350e9    0x292  Code  Gb  ff.o [1]
ff_convert              0x08039c2d     0x80  Code  Gb  cc936.o [1]
ff_wtoupper             0x08039cad     0x64  Code  Gb  cc936.o [1]
file_select             0x2001eda4      0xc  Data  Gb  protocol.o [1]
final_per_meter         0x08031261     0x1a  Code  Gb  product_cal.o [1]
find_volume             0x080349d5    0x45a  Code  Lc  ff.o [1]
fit_lfn                 0x08033f0f     0x88  Code  Lc  ff.o [1]
follow_path             0x0803486f     0x90  Code  Lc  ff.o [1]
fputc                   0x08037c15     0x22  Code  Gb  bsp_uart_fifo.o [1]
g_tUart3                0x2001ebac     0x28  Data  Gb  bsp_uart_fifo.o [1]
gen_numname             0x08033f9d     0xec  Code  Lc  ff.o [1]
get_card_type           0x080313d7     0xe4  Code  Gb  product_cal.o [1]
get_class_time          0x080312df     0x7a  Code  Gb  product_cal.o [1]
get_fat                 0x08033763    0x11c  Code  Gb  ff.o [1]
get_fattime             0x08039c13      0x4  Code  Gb  diskio.o [1]
get_fileinfo            0x08034419    0x13c  Code  Lc  ff.o [1]
get_float_1bit          0x080312bd     0x22  Code  Gb  product_cal.o [1]
get_ldnumber            0x080348ff     0x50  Code  Lc  ff.o [1]
get_period_state        0x08031359     0x54  Code  Gb  product_cal.o [1]
get_valid_length        0x0803108d     0x26  Code  Gb  bsp_sdwe050c17.o [1]
hex_to_decimal          0x080310b3     0x26  Code  Gb  bsp_sdwe050c17.o [1]
idwgEventGroup          0x2001ee0c      0x4  Data  Gb  apptask.o [1]
inc_card_type           0x080314c5    0x11c  Code  Gb  product_cal.o [1]
inc_lock                0x08033463     0xe8  Code  Lc  ff.o [1]
init_peiliao_para       0x08031199     0x50  Code  Gb  product_cal.o [1]
init_product_para       0x080310d9     0xc0  Code  Gb  product_cal.o [1]
input_password_buf      0x2001ed98      0xc  Data  Gb  protocol.o [1]
input_password_len      0x2001eee7      0x1  Data  Gb  protocol.o [1]
isDevicePeriod          0x2001eedd      0x1  Data  Gb  apptask.o [1]
isWork                  0x2001eed7      0x1  Data  Gb  apptask.o [1]
is_same_data            0x080313ad     0x2a  Code  Gb  product_cal.o [1]
lcd_busy                0x2001eee0      0x1  Data  Gb  bsp_sdwe050c17.o [1]
lcd_rev_buf             0x2001eb4c     0x34  Data  Gb  bsp_sdwe050c17.o [1]
lcd_rev_len             0x2001eec8      0x2  Data  Gb  bsp_sdwe050c17.o [1]
ld_clust                0x08033d8d     0x28  Code  Lc  ff.o [1]
localeconv              0x0803a877     0x16  Code  Gb  localeconv.o [3]
m_ctrl_dev              0x2001edc4      0x8  Data  Gb  modbus.o [1]
main                    0x080404fd     0x34  Code  Gb  main.o [1]
mallco_dev              0x20000160     0x1c  Data  Gb  malloc.o [1]
mb_init                 0x08035995     0x30  Code  Gb  modbus.o [1]
mb_packsend_frame       0x080358a3     0xf2  Code  Gb  modbus.o [1]
mb_unpack_frame         0x08035761    0x142  Code  Gb  modbus.o [1]
mc_check_crc16          0x08039d8d     0x40  Code  Gb  mcheck.o [1]
mc_check_crc8           0x08039d69     0x24  Code  Gb  mcheck.o [1]
mc_check_sum            0x08039d21     0x2e  Code  Gb  mcheck.o [1]
mc_check_xor            0x08039d4f     0x1a  Code  Gb  mcheck.o [1]
mem1base                0x200119cc   0xa000  Data  Gb  malloc.o [1]
mem1mapbase             0x2001c9cc    0xa00  Data  Gb  malloc.o [1]
mem2base                0x68000000  0xf0000  Data  Gb  malloc.o [1]
mem2mapbase             0x680f0000   0xf000  Data  Gb  malloc.o [1]
mem_cmp                 0x0803336f     0x24  Code  Lc  ff.o [1]
mem_cpy                 0x0803333d     0x1c  Code  Lc  ff.o [1]
mem_set                 0x08033359     0x16  Code  Lc  ff.o [1]
memblksize              0x08041018      0x8  Data  Gb  malloc.o [1]
memchr                  0x0803a541           Code  Gb  memchr.o [5]
memsize                 0x08041020      0x8  Data  Gb  malloc.o [1]
memtblsize              0x08041010      0x8  Data  Gb  malloc.o [1]
modbus_send_frame       0x080359c5     0xe6  Code  Gb  modbus.o [1]
move_window             0x08033631     0x40  Code  Lc  ff.o [1]
my_mem_free             0x08031c6f     0x6c  Code  Gb  malloc.o [1]
my_mem_init             0x08031b33     0x42  Code  Gb  malloc.o [1]
my_mem_malloc           0x08031bb3     0xbc  Code  Gb  malloc.o [1]
my_mem_perused          0x08031b75     0x3e  Code  Gb  malloc.o [1]
myfree                  0x08031cdb     0x24  Code  Gb  malloc.o [1]
mymalloc                0x08031cff     0x2a  Code  Gb  malloc.o [1]
mymemset                0x08031b1d     0x16  Code  Gb  malloc.o [1]
obuf                    0x2001eab0     0x50  Data  Lc  xfiles.o [3]
oem2uni                 0x0801560c  0x15484  Data  Lc  cc936.o [1]
old_card_record         0x2001eedb      0x1  Data  Gb  apptask.o [1]
old_isWork              0x2001eed8      0x1  Data  Gb  apptask.o [1]
old_plan_complete       0x2001eee5      0x1  Data  Gb  product_cal.o [1]
para_init               0x0803f7cd     0x80  Code  Gb  para.o [1]
pcInterruptPriorityRegisters
                        0x08041054      0x4  Data  Lc  port.o [1]
peiliao_para            0x2001eb80     0x2c  Data  Gb  product_cal.o [1]
pick_lfn                0x08033e83     0x8c  Code  Lc  ff.o [1]
plan_complete           0x2001eee4      0x1  Data  Gb  product_cal.o [1]
pluse_count             0x2001eec2      0x2  Data  Gb  apptask.o [1]
printf                  0x08031ab5     0x24  Code  Gb  printf.o [3]
product_complete_kilo   0x0803128d     0x30  Code  Gb  product_cal.o [1]
product_complete_meter  0x0803127b     0x12  Code  Gb  product_cal.o [1]
product_para            0x2001ebd4     0x28  Data  Gb  product_cal.o [1]
product_per_meter       0x080311e9     0x78  Code  Gb  product_cal.o [1]
prvAddCurrentTaskToDelayedList
                        0x0802f531     0x48  Code  Lc  tasks.o [1]
prvAllocateTCBAndStack  0x0802f579     0x5a  Code  Lc  tasks.o [1]
prvCheckForValidListAndQueue
                        0x08036b07     0x52  Code  Lc  timers.o [1]
prvCheckTasksWaitingTermination
                        0x0802f4c7     0x66  Code  Lc  tasks.o [1]
prvCopyDataFromQueue    0x0802fd61     0x30  Code  Lc  queue.o [1]
prvCopyDataToQueue      0x0802fcdd     0x84  Code  Lc  queue.o [1]
prvDeleteTCB            0x0802f5d3     0x12  Code  Lc  tasks.o [1]
prvGetNextExpireTime    0x080368f3     0x2e  Code  Lc  timers.o [1]
prvHeapInit             0x08036ff5     0x6e  Code  Lc  heap_4.o [1]
prvIdleTask             0x0802f3e1     0x26  Code  Lc  tasks.o [1]
prvInitialiseTCBVariables
                        0x0802f407     0x6a  Code  Lc  tasks.o [1]
prvInitialiseTaskLists  0x0802f471     0x56  Code  Lc  tasks.o [1]
prvInsertBlockIntoFreeList
                        0x08037063     0x62  Code  Lc  heap_4.o [1]
prvInsertTimerInActiveList
                        0x08036949     0x50  Code  Lc  timers.o [1]
prvIsQueueEmpty         0x0802fdfb     0x20  Code  Lc  queue.o [1]
prvIsQueueFull          0x0802fe1b     0x22  Code  Lc  queue.o [1]
prvProcessExpiredTimer  0x0803680b     0x5c  Code  Lc  timers.o [1]
prvProcessReceivedCommands
                        0x08036999     0xde  Code  Lc  timers.o [1]
prvProcessTimerOrBlockTask
                        0x08036883     0x70  Code  Lc  timers.o [1]
prvResetNextTaskUnblockTime
                        0x0802f5e5     0x26  Code  Lc  tasks.o [1]
prvSampleTimeNow        0x08036921     0x28  Code  Lc  timers.o [1]
prvSwitchTimerLists     0x08036a77     0x90  Code  Lc  timers.o [1]
prvTaskExitError        0x08036ba5     0x2a  Code  Lc  port.o [1]
prvTestWaitCondition    0x080366af     0x24  Code  Lc  event_groups.o [1]
prvTimerTask            0x08036869     0x1a  Code  Lc  timers.o [1]
prvUnlockQueue          0x0802fd91     0x6a  Code  Lc  queue.o [1]
put_fat                 0x0803387f    0x16c  Code  Gb  ff.o [1]
putchar                 0x08040c81      0xc  Code  Gb  putchar.o [3]
pvPortMalloc            0x08036e65    0x118  Code  Gb  heap_4.o [1]
pwm_flag                0x2001eede      0x1  Data  Gb  apptask.o [1]
pxCurrentTCB            0x2001ee60      0x4  Data  Gb  tasks.o [1]
pxCurrentTimerList      0x2001eea0      0x4  Data  Lc  timers.o [1]
pxDelayedTaskList       0x2001ee64      0x4  Data  Lc  tasks.o [1]
pxEnd                   0x2001ee40      0x4  Data  Lc  heap_4.o [1]
pxOverflowDelayedTaskList
                        0x2001ee68      0x4  Data  Lc  tasks.o [1]
pxOverflowTimerList     0x2001eea4      0x4  Data  Lc  timers.o [1]
pxPortInitialiseStack   0x08036b81     0x24  Code  Gb  port.o [1]
pxReadyTasksLists       0x2001e63c     0xc8  Data  Lc  tasks.o [1]
rc522_cmd_anticoll      0x08035705     0x5a  Code  Gb  rc522.o [1]
rc522_cmd_request       0x080356b1     0x54  Code  Gb  rc522.o [1]
readSlave               0x2001ed80      0xc  Data  Gb  apptask.o [1]
read_device_info        0x0803f5c1    0x20c  Code  Gb  para.o [1]
read_file_select        0x2001edb0      0xc  Data  Gb  protocol.o [1]
remove_chain            0x080339eb     0x76  Code  Lc  ff.o [1]
rfid_rev_buf            0x2001ec84     0x14  Data  Gb  rc522.o [1]
rfid_rev_cnt            0x2001eee9      0x1  Data  Gb  rc522.o [1]
rfid_rev_flag           0x2001eee8      0x1  Data  Gb  rc522.o [1]
rtc_time                0x2001edcc      0x8  Data  Gb  protocol.o [1]
s_TIM_CallBack1         0x2001ee2c      0x4  Data  Lc  bsp_timer.o [1]
s_TIM_CallBack2         0x2001ee30      0x4  Data  Lc  bsp_timer.o [1]
s_TIM_CallBack3         0x2001ee34      0x4  Data  Lc  bsp_timer.o [1]
s_TIM_CallBack4         0x2001ee38      0x4  Data  Lc  bsp_timer.o [1]
sample_time             0x2001eec0      0x2  Data  Gb  apptask.o [1]
sdew_weimi_page1        0x08030afd    0x236  Code  Gb  bsp_sdwe050c17.o [1]
sdew_weimi_page2        0x08030d33    0x236  Code  Gb  bsp_sdwe050c17.o [1]
sdew_weisha_page1       0x08030f69     0x92  Code  Gb  bsp_sdwe050c17.o [1]
sdew_weisha_page2       0x08030ffb     0x92  Code  Gb  bsp_sdwe050c17.o [1]
slave_info              0x2001ed74      0xc  Data  Gb  apptask.o [1]
sprintf                 0x080355a1     0x34  Code  Gb  sprintf.o [3]
st_clust                0x08033db5     0x18  Code  Lc  ff.o [1]
strcat                  0x080355d5     0x1c  Code  Gb  strcat.o [3]
strchr                  0x0803a529           Code  Gb  strchr.o [5]
strlen                  0x08032989           Code  Gb  strlen.o [5]
strstr                  0x08035b61     0x10  Code  Gb  apptask.o [1]
sum_sfn                 0x08034089     0x20  Code  Lc  ff.o [1]
sync_fs                 0x08033671     0xd8  Code  Lc  ff.o [1]
sync_window             0x080335d7     0x5a  Code  Lc  ff.o [1]
system_state_dis        0x0803fab4    0x190  Data  Gb  product_cal.o [1]
total_meter_gross       0x2001ee54      0x4  Data  Gb  product_cal.o [1]
total_weight_gross      0x2001ee58      0x4  Data  Gb  product_cal.o [1]
ucHeap                  0x200001cc  0x11800  Data  Lc  heap_4.o [1]
ucMaxSysCallPriority    0x2001eee3      0x1  Data  Lc  port.o [1]
ulHighFrequencyTimerTicks
                        0x2001ee5c      0x4  Data  Gb  SysInfoTest.o [1]
ulMaxPRIGROUPValue      0x2001ee50      0x4  Data  Lc  port.o [1]
ulTaskSwitchedInTime    0x2001ee98      0x4  Data  Lc  tasks.o [1]
ulTotalRunTime          0x2001ee9c      0x4  Data  Lc  tasks.o [1]
uni2oem                 0x08000188  0x15484  Data  Lc  cc936.o [1]
usb_disk_flag           0x2001eed9      0x1  Data  Gb  apptask.o [1]
usbh_OpenMassStorage    0x08032a25     0x14  Code  Gb  usbh_usr.o [1]
uxCriticalNesting       0x200001bc      0x4  Data  Lc  port.o [1]
uxCurrentNumberOfTasks  0x2001ee70      0x4  Data  Lc  tasks.o [1]
uxListRemove            0x08036e3d     0x28  Code  Gb  list.o [1]
uxPendedTicks           0x2001ee80      0x4  Data  Lc  tasks.o [1]
uxSchedulerSuspended    0x2001ee94      0x4  Data  Lc  tasks.o [1]
uxTaskNumber            0x2001ee8c      0x4  Data  Lc  tasks.o [1]
uxTaskResetEventItemValue
                        0x0802f645     0x20  Code  Gb  tasks.o [1]
uxTasksDeleted          0x2001ee6c      0x4  Data  Lc  tasks.o [1]
uxTopReadyPriority      0x2001ee78      0x4  Data  Lc  tasks.o [1]
vListInitialise         0x08036dcd     0x1e  Code  Gb  list.o [1]
vListInsert             0x08036e03     0x3a  Code  Gb  list.o [1]
vListInsertEnd          0x08036deb     0x18  Code  Gb  list.o [1]
vPortEnableVFP          0x0803a245           Code  Gb  portasm.o [1]
vPortEnterCritical      0x08036c9b     0x3a  Code  Gb  port.o [1]
vPortExitCritical       0x08036cd5     0x32  Code  Gb  port.o [1]
vPortFree               0x08036f7d     0x78  Code  Gb  heap_4.o [1]
vPortSetupTimerInterrupt
                        0x08036d33      0xe  Code  Wk  port.o [1]
vPortStartFirstTask     0x0803a22d           Code  Gb  portasm.o [1]
vPortValidateInterruptPriority
                        0x08036d41     0x4e  Code  Gb  port.o [1]
vQueueWaitForMessageRestricted
                        0x0802fe3d     0x44  Code  Gb  queue.o [1]
vSetupSysInfoTest       0x08040451     0x12  Code  Gb  SysInfoTest.o [1]
vTaskDelay              0x0802ec3d     0x84  Code  Gb  tasks.o [1]
vTaskManageCapacity     0x0802de6d    0x5b0  Code  Gb  apptask.o [1]
vTaskMassStorage        0x0802d0b9    0x23c  Code  Lc  apptask.o [1]
vTaskMissedYield        0x0802f3d7      0xa  Code  Gb  tasks.o [1]
vTaskMotorControl       0x0802e41d     0x4a  Code  Lc  apptask.o [1]
vTaskMsgPro             0x0802d73d    0x426  Code  Lc  apptask.o [1]
vTaskPlaceOnEventList   0x0802f03d     0x74  Code  Gb  tasks.o [1]
vTaskPlaceOnEventListRestricted
                        0x0802f175     0x80  Code  Gb  tasks.o [1]
vTaskPlaceOnUnorderedEventList
                        0x0802f0cd     0xa8  Code  Gb  tasks.o [1]
vTaskReadDisk           0x0802dc39    0x1b6  Code  Lc  apptask.o [1]
vTaskRev485             0x0802db69     0xae  Code  Lc  apptask.o [1]
vTaskSetTimeOutState    0x0802f321     0x26  Code  Gb  tasks.o [1]
vTaskStartScheduler     0x0802ecc1     0x7e  Code  Gb  tasks.o [1]
vTaskSuspendAll         0x0802ed3f     0x10  Code  Gb  tasks.o [1]
vTaskSwitchContext      0x0802ef8d     0xb0  Code  Gb  tasks.o [1]
vTaskTaskLCD            0x0802aa91   0x2618  Code  Gb  apptask.o [1]
vTaskTaskLED            0x0802d32d     0x20  Code  Lc  apptask.o [1]
vTaskTaskRFID           0x0802d34d    0x3c6  Code  Lc  apptask.o [1]
validate                0x08034e2f     0x36  Code  Lc  ff.o [1]
weimi_para              0x2001e524    0x118  Data  Gb  page_weimi.o [1]
work_idle               0x2001eee6      0x1  Data  Gb  product_cal.o [1]
work_idle_time          0x2001eed0      0x2  Data  Gb  product_cal.o [1]
xActiveTimerList1       0x2001ecfc     0x14  Data  Lc  timers.o [1]
xActiveTimerList2       0x2001ed10     0x14  Data  Lc  timers.o [1]
xBlockAllocatedBit      0x2001ee4c      0x4  Data  Lc  heap_4.o [1]
xDelayedTaskList1       0x2001ec98     0x14  Data  Lc  tasks.o [1]
xDelayedTaskList2       0x2001ecac     0x14  Data  Lc  tasks.o [1]
xEventGroupCreate       0x08036471     0x1c  Code  Gb  event_groups.o [1]
xEventGroupSetBits      0x080365d9     0xd6  Code  Gb  event_groups.o [1]
xEventGroupWaitBits     0x0803648d    0x146  Code  Gb  event_groups.o [1]
xFreeBytesRemaining     0x2001ee44      0x4  Data  Lc  heap_4.o [1]
xHandleTaskLCD          0x2001edd4      0x4  Data  Gb  apptask.o [1]
xHandleTaskLED          0x2001edd8      0x4  Data  Gb  apptask.o [1]
xHandleTaskManageCapacity
                        0x2001edf0      0x4  Data  Gb  apptask.o [1]
xHandleTaskMassStorage  0x2001ede0      0x4  Data  Gb  apptask.o [1]
xHandleTaskMotorControl
                        0x2001edf4      0x4  Data  Gb  apptask.o [1]
xHandleTaskMsgPro       0x2001ede8      0x4  Data  Gb  apptask.o [1]
xHandleTaskRFID         0x2001eddc      0x4  Data  Gb  apptask.o [1]
xHandleTaskReadDisk     0x2001ede4      0x4  Data  Gb  apptask.o [1]
xHandleTaskRev485       0x2001edec      0x4  Data  Gb  apptask.o [1]
xHeapStructSize         0x08041050      0x4  Data  Lc  heap_4.o [1]
xMinimumEverFreeBytesRemaining
                        0x2001ee48      0x4  Data  Lc  heap_4.o [1]
xNextTaskUnblockTime    0x2001ee90      0x4  Data  Lc  tasks.o [1]
xNumOfOverflows         0x2001ee88      0x4  Data  Lc  tasks.o [1]
xPendingReadyList       0x2001ecc0     0x14  Data  Lc  tasks.o [1]
xPortStartScheduler     0x08036bcf     0xcc  Code  Gb  port.o [1]
xQueueGenericCreate     0x0802f749     0x7e  Code  Gb  queue.o [1]
xQueueGenericReceive    0x0802fb3d    0x19c  Code  Gb  queue.o [1]
xQueueGenericReset      0x0802f6b9     0x90  Code  Gb  queue.o [1]
xQueueGenericSend       0x0802f7c7    0x1b2  Code  Gb  queue.o [1]
xQueueGenericSendFromISR
                        0x0802f979     0xec  Code  Gb  queue.o [1]
xQueueGiveFromISR       0x0802fa65     0xd8  Code  Gb  queue.o [1]
xQueue_message          0x2001ee14      0x4  Data  Gb  apptask.o [1]
xSchedulerRunning       0x2001ee7c      0x4  Data  Lc  tasks.o [1]
xSemaphore_download     0x2001ee04      0x4  Data  Gb  apptask.o [1]
xSemaphore_lcd          0x2001edf8      0x4  Data  Gb  apptask.o [1]
xSemaphore_pluse        0x2001ee00      0x4  Data  Gb  apptask.o [1]
xSemaphore_readDisk     0x2001ee08      0x4  Data  Gb  apptask.o [1]
xSemaphore_rs485        0x2001edfc      0x4  Data  Gb  apptask.o [1]
xStart                  0x2001edbc      0x8  Data  Lc  heap_4.o [1]
xSuspendedTaskList      0x2001ece8     0x14  Data  Lc  tasks.o [1]
xTaskCheckForTimeOut    0x0802f34d     0x8a  Code  Gb  tasks.o [1]
xTaskGenericCreate      0x0802eab9    0x184  Code  Gb  tasks.o [1]
xTaskGetSchedulerState  0x0802f60b     0x26  Code  Gb  tasks.o [1]
xTaskGetTickCount       0x0802ee4f      0xa  Code  Gb  tasks.o [1]
xTaskIncrementTick      0x0802ee59    0x134  Code  Gb  tasks.o [1]
xTaskRemoveFromEventList
                        0x0802f1f9     0x8e  Code  Gb  tasks.o [1]
xTaskRemoveFromUnorderedEventList
                        0x0802f28d     0x94  Code  Gb  tasks.o [1]
xTaskResumeAll          0x0802ed4f    0x100  Code  Gb  tasks.o [1]
xTasksWaitingTermination
                        0x2001ecd4     0x14  Data  Lc  tasks.o [1]
xTickCount              0x2001ee74      0x4  Data  Lc  tasks.o [1]
xTimerCreate            0x08036725     0x62  Code  Gb  timers.o [1]
xTimerCreateTimerTask   0x080366d5     0x50  Code  Gb  timers.o [1]
xTimerGenericCommand    0x08036787     0x84  Code  Gb  timers.o [1]
xTimerQueue             0x2001eea8      0x4  Data  Lc  timers.o [1]
xTimerUser              0x2001ee10      0x4  Data  Gb  apptask.o [1]
xYieldPending           0x2001ee84      0x4  Data  Lc  tasks.o [1]


[1] = F:\work\YarnControl_Driver\src\stm32f4_rtos\Project\EWARMv7\Flash\Obj
[2] = command line
[3] = dl7M_tlf.a
[4] = m7M_tls.a
[5] = rt7M_tl.a
[6] = shb_l.a

   85 896 bytes of readonly  code memory
  180 989 bytes of readonly  data memory
  128 751 bytes of readwrite data memory (+ 1 044 480 absolute)

Errors: none
Warnings: none
