###############################################################################
#
# IAR ELF Linker V7.40.7.9843/W32 for ARM                 30/Jan/2019  16:14:50
# Copyright 2007-2015 IAR Systems AB.
#
#    Output file  =  
#        F:\work\YarnControl_Driver\src\stm32f4_rtos\Project\EWARMv7\Flash\Exe\project.out
#    Map file     =  
#        F:\work\YarnControl_Driver\src\stm32f4_rtos\Project\EWARMv7\Flash\List\project.map
#    Command line =  
#        F:\work\YarnControl_Driver\src\stm32f4_rtos\Project\EWARMv7\Flash\Obj\apptask.o
#        F:\work\YarnControl_Driver\src\stm32f4_rtos\Project\EWARMv7\Flash\Obj\bsp.o
#        F:\work\YarnControl_Driver\src\stm32f4_rtos\Project\EWARMv7\Flash\Obj\bsp_closeSW.o
#        F:\work\YarnControl_Driver\src\stm32f4_rtos\Project\EWARMv7\Flash\Obj\bsp_dwt.o
#        F:\work\YarnControl_Driver\src\stm32f4_rtos\Project\EWARMv7\Flash\Obj\bsp_led.o
#        F:\work\YarnControl_Driver\src\stm32f4_rtos\Project\EWARMv7\Flash\Obj\bsp_relay.o
#        F:\work\YarnControl_Driver\src\stm32f4_rtos\Project\EWARMv7\Flash\Obj\bsp_sdio_sd.o
#        F:\work\YarnControl_Driver\src\stm32f4_rtos\Project\EWARMv7\Flash\Obj\bsp_sdwe050c17.o
#        F:\work\YarnControl_Driver\src\stm32f4_rtos\Project\EWARMv7\Flash\Obj\bsp_servomotor.o
#        F:\work\YarnControl_Driver\src\stm32f4_rtos\Project\EWARMv7\Flash\Obj\bsp_spi.o
#        F:\work\YarnControl_Driver\src\stm32f4_rtos\Project\EWARMv7\Flash\Obj\bsp_stepmotor.o
#        F:\work\YarnControl_Driver\src\stm32f4_rtos\Project\EWARMv7\Flash\Obj\bsp_sw_onoff.o
#        F:\work\YarnControl_Driver\src\stm32f4_rtos\Project\EWARMv7\Flash\Obj\bsp_tim_pwm.o
#        F:\work\YarnControl_Driver\src\stm32f4_rtos\Project\EWARMv7\Flash\Obj\bsp_timer.o
#        F:\work\YarnControl_Driver\src\stm32f4_rtos\Project\EWARMv7\Flash\Obj\bsp_uart_fifo.o
#        F:\work\YarnControl_Driver\src\stm32f4_rtos\Project\EWARMv7\Flash\Obj\bsp_w25qxx.o
#        F:\work\YarnControl_Driver\src\stm32f4_rtos\Project\EWARMv7\Flash\Obj\bsp_watchdog.o
#        F:\work\YarnControl_Driver\src\stm32f4_rtos\Project\EWARMv7\Flash\Obj\cc936.o
#        F:\work\YarnControl_Driver\src\stm32f4_rtos\Project\EWARMv7\Flash\Obj\croutine.o
#        F:\work\YarnControl_Driver\src\stm32f4_rtos\Project\EWARMv7\Flash\Obj\demo_fatfs.o
#        F:\work\YarnControl_Driver\src\stm32f4_rtos\Project\EWARMv7\Flash\Obj\diskio.o
#        F:\work\YarnControl_Driver\src\stm32f4_rtos\Project\EWARMv7\Flash\Obj\encoder.o
#        F:\work\YarnControl_Driver\src\stm32f4_rtos\Project\EWARMv7\Flash\Obj\event_groups.o
#        F:\work\YarnControl_Driver\src\stm32f4_rtos\Project\EWARMv7\Flash\Obj\ff.o
#        F:\work\YarnControl_Driver\src\stm32f4_rtos\Project\EWARMv7\Flash\Obj\heap_4.o
#        F:\work\YarnControl_Driver\src\stm32f4_rtos\Project\EWARMv7\Flash\Obj\list.o
#        F:\work\YarnControl_Driver\src\stm32f4_rtos\Project\EWARMv7\Flash\Obj\main.o
#        F:\work\YarnControl_Driver\src\stm32f4_rtos\Project\EWARMv7\Flash\Obj\malloc.o
#        F:\work\YarnControl_Driver\src\stm32f4_rtos\Project\EWARMv7\Flash\Obj\mcheck.o
#        F:\work\YarnControl_Driver\src\stm32f4_rtos\Project\EWARMv7\Flash\Obj\misc.o
#        F:\work\YarnControl_Driver\src\stm32f4_rtos\Project\EWARMv7\Flash\Obj\modbus.o
#        F:\work\YarnControl_Driver\src\stm32f4_rtos\Project\EWARMv7\Flash\Obj\page_weimi.o
#        F:\work\YarnControl_Driver\src\stm32f4_rtos\Project\EWARMv7\Flash\Obj\para.o
#        F:\work\YarnControl_Driver\src\stm32f4_rtos\Project\EWARMv7\Flash\Obj\port.o
#        F:\work\YarnControl_Driver\src\stm32f4_rtos\Project\EWARMv7\Flash\Obj\portasm.o
#        F:\work\YarnControl_Driver\src\stm32f4_rtos\Project\EWARMv7\Flash\Obj\product_cal.o
#        F:\work\YarnControl_Driver\src\stm32f4_rtos\Project\EWARMv7\Flash\Obj\protocol.o
#        F:\work\YarnControl_Driver\src\stm32f4_rtos\Project\EWARMv7\Flash\Obj\queue.o
#        F:\work\YarnControl_Driver\src\stm32f4_rtos\Project\EWARMv7\Flash\Obj\rc522.o
#        F:\work\YarnControl_Driver\src\stm32f4_rtos\Project\EWARMv7\Flash\Obj\startup_stm32f40_41xxx.o
#        F:\work\YarnControl_Driver\src\stm32f4_rtos\Project\EWARMv7\Flash\Obj\stm32f4xx_adc.o
#        F:\work\YarnControl_Driver\src\stm32f4_rtos\Project\EWARMv7\Flash\Obj\stm32f4xx_assert.o
#        F:\work\YarnControl_Driver\src\stm32f4_rtos\Project\EWARMv7\Flash\Obj\stm32f4xx_can.o
#        F:\work\YarnControl_Driver\src\stm32f4_rtos\Project\EWARMv7\Flash\Obj\stm32f4xx_crc.o
#        F:\work\YarnControl_Driver\src\stm32f4_rtos\Project\EWARMv7\Flash\Obj\stm32f4xx_cryp.o
#        F:\work\YarnControl_Driver\src\stm32f4_rtos\Project\EWARMv7\Flash\Obj\stm32f4xx_cryp_aes.o
#        F:\work\YarnControl_Driver\src\stm32f4_rtos\Project\EWARMv7\Flash\Obj\stm32f4xx_cryp_des.o
#        F:\work\YarnControl_Driver\src\stm32f4_rtos\Project\EWARMv7\Flash\Obj\stm32f4xx_cryp_tdes.o
#        F:\work\YarnControl_Driver\src\stm32f4_rtos\Project\EWARMv7\Flash\Obj\stm32f4xx_dac.o
#        F:\work\YarnControl_Driver\src\stm32f4_rtos\Project\EWARMv7\Flash\Obj\stm32f4xx_dbgmcu.o
#        F:\work\YarnControl_Driver\src\stm32f4_rtos\Project\EWARMv7\Flash\Obj\stm32f4xx_dcmi.o
#        F:\work\YarnControl_Driver\src\stm32f4_rtos\Project\EWARMv7\Flash\Obj\stm32f4xx_dma.o
#        F:\work\YarnControl_Driver\src\stm32f4_rtos\Project\EWARMv7\Flash\Obj\stm32f4xx_dma2d.o
#        F:\work\YarnControl_Driver\src\stm32f4_rtos\Project\EWARMv7\Flash\Obj\stm32f4xx_exti.o
#        F:\work\YarnControl_Driver\src\stm32f4_rtos\Project\EWARMv7\Flash\Obj\stm32f4xx_flash.o
#        F:\work\YarnControl_Driver\src\stm32f4_rtos\Project\EWARMv7\Flash\Obj\stm32f4xx_fsmc.o
#        F:\work\YarnControl_Driver\src\stm32f4_rtos\Project\EWARMv7\Flash\Obj\stm32f4xx_gpio.o
#        F:\work\YarnControl_Driver\src\stm32f4_rtos\Project\EWARMv7\Flash\Obj\stm32f4xx_hash.o
#        F:\work\YarnControl_Driver\src\stm32f4_rtos\Project\EWARMv7\Flash\Obj\stm32f4xx_hash_md5.o
#        F:\work\YarnControl_Driver\src\stm32f4_rtos\Project\EWARMv7\Flash\Obj\stm32f4xx_hash_sha1.o
#        F:\work\YarnControl_Driver\src\stm32f4_rtos\Project\EWARMv7\Flash\Obj\stm32f4xx_i2c.o
#        F:\work\YarnControl_Driver\src\stm32f4_rtos\Project\EWARMv7\Flash\Obj\stm32f4xx_it.o
#        F:\work\YarnControl_Driver\src\stm32f4_rtos\Project\EWARMv7\Flash\Obj\stm32f4xx_iwdg.o
#        F:\work\YarnControl_Driver\src\stm32f4_rtos\Project\EWARMv7\Flash\Obj\stm32f4xx_ltdc.o
#        F:\work\YarnControl_Driver\src\stm32f4_rtos\Project\EWARMv7\Flash\Obj\stm32f4xx_pwr.o
#        F:\work\YarnControl_Driver\src\stm32f4_rtos\Project\EWARMv7\Flash\Obj\stm32f4xx_rcc.o
#        F:\work\YarnControl_Driver\src\stm32f4_rtos\Project\EWARMv7\Flash\Obj\stm32f4xx_rng.o
#        F:\work\YarnControl_Driver\src\stm32f4_rtos\Project\EWARMv7\Flash\Obj\stm32f4xx_rtc.o
#        F:\work\YarnControl_Driver\src\stm32f4_rtos\Project\EWARMv7\Flash\Obj\stm32f4xx_sai.o
#        F:\work\YarnControl_Driver\src\stm32f4_rtos\Project\EWARMv7\Flash\Obj\stm32f4xx_sdio.o
#        F:\work\YarnControl_Driver\src\stm32f4_rtos\Project\EWARMv7\Flash\Obj\stm32f4xx_spi.o
#        F:\work\YarnControl_Driver\src\stm32f4_rtos\Project\EWARMv7\Flash\Obj\stm32f4xx_syscfg.o
#        F:\work\YarnControl_Driver\src\stm32f4_rtos\Project\EWARMv7\Flash\Obj\stm32f4xx_tim.o
#        F:\work\YarnControl_Driver\src\stm32f4_rtos\Project\EWARMv7\Flash\Obj\stm32f4xx_usart.o
#        F:\work\YarnControl_Driver\src\stm32f4_rtos\Project\EWARMv7\Flash\Obj\stm32f4xx_wwdg.o
#        F:\work\YarnControl_Driver\src\stm32f4_rtos\Project\EWARMv7\Flash\Obj\SysInfoTest.o
#        F:\work\YarnControl_Driver\src\stm32f4_rtos\Project\EWARMv7\Flash\Obj\system_stm32f4xx.o
#        F:\work\YarnControl_Driver\src\stm32f4_rtos\Project\EWARMv7\Flash\Obj\tasks.o
#        F:\work\YarnControl_Driver\src\stm32f4_rtos\Project\EWARMv7\Flash\Obj\timers.o
#        F:\work\YarnControl_Driver\src\stm32f4_rtos\Project\EWARMv7\Flash\Obj\usb_bsp.o
#        F:\work\YarnControl_Driver\src\stm32f4_rtos\Project\EWARMv7\Flash\Obj\usb_core.o
#        F:\work\YarnControl_Driver\src\stm32f4_rtos\Project\EWARMv7\Flash\Obj\usb_hcd.o
#        F:\work\YarnControl_Driver\src\stm32f4_rtos\Project\EWARMv7\Flash\Obj\usb_hcd_int.o
#        F:\work\YarnControl_Driver\src\stm32f4_rtos\Project\EWARMv7\Flash\Obj\usbh_core.o
#        F:\work\YarnControl_Driver\src\stm32f4_rtos\Project\EWARMv7\Flash\Obj\usbh_hcs.o
#        F:\work\YarnControl_Driver\src\stm32f4_rtos\Project\EWARMv7\Flash\Obj\usbh_ioreq.o
#        F:\work\YarnControl_Driver\src\stm32f4_rtos\Project\EWARMv7\Flash\Obj\usbh_it.o
#        F:\work\YarnControl_Driver\src\stm32f4_rtos\Project\EWARMv7\Flash\Obj\usbh_msc_bot.o
#        F:\work\YarnControl_Driver\src\stm32f4_rtos\Project\EWARMv7\Flash\Obj\usbh_msc_core.o
#        F:\work\YarnControl_Driver\src\stm32f4_rtos\Project\EWARMv7\Flash\Obj\usbh_msc_scsi.o
#        F:\work\YarnControl_Driver\src\stm32f4_rtos\Project\EWARMv7\Flash\Obj\usbh_stdreq.o
#        F:\work\YarnControl_Driver\src\stm32f4_rtos\Project\EWARMv7\Flash\Obj\usbh_usr.o
#        -o
#        F:\work\YarnControl_Driver\src\stm32f4_rtos\Project\EWARMv7\Flash\Exe\project.out
#        --map
#        F:\work\YarnControl_Driver\src\stm32f4_rtos\Project\EWARMv7\Flash\List\project.map
#        --config
#        F:\work\YarnControl_Driver\src\stm32f4_rtos\Project\EWARMv7\stm32f4xx_flash.icf
#        --semihosting --entry __iar_program_start --inline --vfe
#
###############################################################################

*******************************************************************************
*** RUNTIME MODEL ATTRIBUTES
***

CppFlavor       = *
__SystemLibrary = DLib


*******************************************************************************
*** PLACEMENT SUMMARY
***

"A1":  place at 0x08000000 { ro section .intvec };
"P1":  place in [from 0x08000000 to 0x080fffff] { ro };
"P2":  place in [from 0x20000000 to 0x2001ffff] { rw, block CSTACK, block HEAP };

  Section             Kind        Address     Size  Object
  -------             ----        -------     ----  ------
"A1":                                        0x188
  .intvec             ro code  0x08000000    0x188  startup_stm32f40_41xxx.o [1]
                             - 0x08000188    0x188

"P1":                                      0x41cba
  .rodata             const    0x08000188  0x15484  cc936.o [1]
  .rodata             const    0x0801560c  0x15484  cc936.o [1]
  .text               ro code  0x0802aa90   0x4604  apptask.o [1]
  .text               ro code  0x0802f094    0xc00  tasks.o [1]
  .text               ro code  0x0802fc94    0x7c8  queue.o [1]
  .text               ro code  0x0803045c   0x1258  bsp_sdwe050c17.o [1]
  .text               ro code  0x080316b4    0x524  product_cal.o [1]
  .text               ro code  0x08031bd8     0x66  ABImemset.o [5]
  .text               ro code  0x08031c3e      0xa  xsprout.o [3]
  .text               ro code  0x08031c48    0x380  bsp_w25qxx.o [1]
  .text               ro code  0x08031fc8     0x76  ABImemcpy_unaligned.o [5]
  .text               ro code  0x08032040     0x4e  FltToDbl.o [4]
  .text               ro code  0x08032090     0x24  printf.o [3]
  .text               ro code  0x080320b4     0x42  strcmp_unaligned.o [5]
  .text               ro code  0x080320f8    0x21c  malloc.o [1]
  .text               ro code  0x08032314     0x30  I32ToDbl.o [4]
  .text               ro code  0x08032344    0x256  DblDiv.o [4]
  .text               ro code  0x0803259c     0xe8  DblAdd.o [4]
  .text               ro code  0x08032684    0x1a2  DblMul.o [4]
  .text               ro code  0x08032828     0x58  DblToI32.o [4]
  .text               ro code  0x08032880     0x90  DblToFlt.o [4]
  .text               ro code  0x08032910     0x36  strlen.o [5]
  .text               ro code  0x08032948     0x62  memcmp_unaligned.o [5]
  .text               ro code  0x080329ac    0x48c  bsp_servomotor.o [1]
  .text               ro code  0x08032e38    0x1b6  usbh_usr.o [1]
  .text               ro code  0x08032ff0    0x760  usbh_core.o [1]
  .text               ro code  0x08033750   0x2264  ff.o [1]
  .text               ro code  0x080359b4     0x34  sprintf.o [3]
  .text               ro code  0x080359e8     0x1c  strcat.o [3]
  .text               ro code  0x08035a04     0xc0  bsp_led.o [1]
  .text               ro code  0x08035ac4     0xae  rc522.o [1]
  .text               ro code  0x08035b74    0x354  modbus.o [1]
  .text               ro code  0x08035ec8     0x68  bsp_sw_onoff.o [1]
  .text               ro code  0x08035f30     0x44  protocol.o [1]
  .text               ro code  0x08035f74     0x10  apptask.o [1]
  .text               ro code  0x08035f84    0x12c  stm32f4xx_gpio.o [1]
  .text               ro code  0x080360b0    0x6ec  stm32f4xx_tim.o [1]
  .text               ro code  0x0803679c    0x2b4  bsp_stepmotor.o [1]
  .text               ro code  0x08036a50    0x360  encoder.o [1]
  .text               ro code  0x08036db0    0x200  page_weimi.o [1]
  .text               ro code  0x08036fb0    0x262  event_groups.o [1]
  .text               ro code  0x08037214    0x4a4  timers.o [1]
  .text               ro code  0x080376b8      0x8  bsp_watchdog.o [1]
  .text               ro code  0x080376c0    0x24c  port.o [1]
  .text               ro code  0x0803790c     0x98  list.o [1]
  .text               ro code  0x080379a4    0x280  heap_4.o [1]
  .text               ro code  0x08037c24    0x1e8  stm32f4xx_rcc.o [1]
  .text               ro code  0x08037e0c    0x9e4  bsp_uart_fifo.o [1]
  .text               ro code  0x080387f0    0x204  bsp_timer.o [1]
  .text               ro code  0x080389f4    0x124  bsp_spi.o [1]
  .text               ro code  0x08038b18    0xd96  xprintffull_nomb.o [3]
  .text               ro code  0x080398b0    0x180  DblSub.o [4]
  .text               ro code  0x08039a30    0x31c  stm32f4xx_dma.o [1]
  .text               ro code  0x08039d4c     0x88  misc.o [1]
  .text               ro code  0x08039dd4    0x14c  usb_bsp.o [1]
  .text               ro code  0x08039f20     0xd6  usb_hcd.o [1]
  .text               ro code  0x08039ff6    0x1ba  usbh_hcs.o [1]
  .text               ro code  0x0803a1b0    0x436  usbh_stdreq.o [1]
  .text               ro code  0x0803a5e6    0x246  usbh_ioreq.o [1]
  .text               ro code  0x0803a82c    0x2e4  diskio.o [1]
  .text               ro code  0x0803ab10     0xf4  cc936.o [1]
  .text               ro code  0x0803ac04     0xb8  mcheck.o [1]
  .text               ro code  0x0803acbc     0x2c  strstr.o [3]
  .text               ro code  0x0803ace8     0x10  stm32f4xx_iwdg.o [1]
  CODE                ro code  0x0803acf8     0xa8  portasm.o [1]
  .text               ro code  0x0803ada0    0x254  stm32f4xx_usart.o [1]
  .text               ro code  0x0803aff4     0x74  stm32f4xx_spi.o [1]
  .text               ro code  0x0803b068     0x16  strchr.o [5]
  .text               ro code  0x0803b080     0x58  memchr.o [5]
  .text               ro code  0x0803b0d8     0xee  I64DivMod.o [5]
  .text               ro code  0x0803b1c6     0x42  xdnorm.o [4]
  .text               ro code  0x0803b208     0x2e  DblCmpLe.o [4]
  .text               ro code  0x0803b238     0x2e  DblCmpGe.o [4]
  .text               ro code  0x0803b268    0x114  xdscale.o [4]
  .text               ro code  0x0803b37c     0x6c  localeconv.o [3]
  .text               ro code  0x0803b3e8      0xe  div.o [3]
  .text               ro code  0x0803b3f8     0x74  bsp_dwt.o [1]
  .text               ro code  0x0803b46c    0xa50  usb_core.o [1]
  .text               ro code  0x0803bebc   0x1a58  bsp_sdio_sd.o [1]
  .text               ro code  0x0803d914    0x618  usbh_msc_scsi.o [1]
  .text               ro code  0x0803df2c    0x554  usbh_msc_bot.o [1]
  .text               ro code  0x0803e480      0x2  I64DivZer.o [5]
  .text               ro code  0x0803e484    0x17c  stm32f4xx_sdio.o [1]
  .text               ro code  0x0803e600    0xc7e  usb_hcd_int.o [1]
  .text               ro code  0x0803f280    0x3e8  usbh_msc_core.o [1]
  .rodata             const    0x0803f668    0x3dc  cc936.o [1]
  .rodata             const    0x0803fa44    0x3dc  cc936.o [1]
  .text               ro code  0x0803fe20    0x2f4  para.o [1]
  .text               ro code  0x08040114     0x44  strcpy_unaligned.o [5]
  .text               ro code  0x08040158    0x2e0  bsp_tim_pwm.o [1]
  .rodata             const    0x08040438    0x1f4  apptask.o [1]
  .rodata             const    0x0804062c    0x190  product_cal.o [1]
  .text               ro code  0x080407bc    0x154  system_stm32f4xx.o [1]
  .rodata             const    0x08040910    0x100  mcheck.o [1]
  .rodata             const    0x08040a10    0x100  mcheck.o [1]
  .rodata             const    0x08040b10    0x100  mcheck.o [1]
  .text               ro code  0x08040c10     0xd4  bsp_closeSW.o [1]
  .text               ro code  0x08040ce4     0x54  stm32f4xx_syscfg.o [1]
  .text               ro code  0x08040d38     0xc0  stm32f4xx_exti.o [1]
  .text               ro code  0x08040df8     0xd0  packbits_init.o [5]
  .text               ro code  0x08040ec8      0x6  abort.o [3]
  .text               ro code  0x08040ed0     0x14  exit.o [6]
  .text               ro code  0x08040ee4     0x4c  bsp.o [1]
  .text               ro code  0x08040f30     0x44  bsp_relay.o [1]
  .text               ro code  0x08040f74     0x40  zero_init3.o [5]
  .text               ro code  0x08040fb4     0x3c  SysInfoTest.o [1]
  .rodata             const    0x08040ff0     0x38  demo_fatfs.o [1]
  .text               ro code  0x08041028     0x38  stm32f4xx_it.o [1]
  .rodata             const    0x08041060     0x30  apptask.o [1]
  .rodata             const    0x08041090     0x30  demo_fatfs.o [1]
  .rodata             const    0x080410c0     0x30  demo_fatfs.o [1]
  .rodata             const    0x080410f0     0x2c  apptask.o [1]
  .rodata             const    0x0804111c     0x2c  demo_fatfs.o [1]
  .rodata             const    0x08041148     0x2c  demo_fatfs.o [1]
  .rodata             const    0x08041174     0x2c  stm32f4xx_it.o [1]
  .text               ro code  0x080411a0     0x2c  main.o [1]
  .rodata             const    0x080411cc     0x28  demo_fatfs.o [1]
  .rodata             const    0x080411f4     0x28  demo_fatfs.o [1]
  .rodata             const    0x0804121c     0x28  demo_fatfs.o [1]
  .text               ro code  0x08041244     0x28  data_init.o [5]
  .rodata             const    0x0804126c     0x24  demo_fatfs.o [1]
  .rodata             const    0x08041290     0x24  demo_fatfs.o [1]
  .rodata             const    0x080412b4     0x24  usbh_usr.o [1]
  .text               ro code  0x080412d8     0x22  fpinit_M.o [4]
  .iar.init_table     const    0x080412fc     0x34  - Linker created -
  .rodata             const    0x08041330     0x20  apptask.o [1]
  .rodata             const    0x08041350     0x20  apptask.o [1]
  .rodata             const    0x08041370     0x20  bsp_sdwe050c17.o [1]
  .rodata             const    0x08041390     0x20  demo_fatfs.o [1]
  .rodata             const    0x080413b0     0x20  demo_fatfs.o [1]
  .rodata             const    0x080413d0     0x20  demo_fatfs.o [1]
  .rodata             const    0x080413f0     0x20  usbh_usr.o [1]
  .rodata             const    0x08041410     0x20  usbh_usr.o [1]
  .rodata             const    0x08041430     0x20  usbh_usr.o [1]
  .rodata             const    0x08041450     0x20  usbh_usr.o [1]
  .rodata             const    0x08041470     0x20  usbh_usr.o [1]
  .rodata             const    0x08041490     0x1c  apptask.o [1]
  .rodata             const    0x080414ac     0x1c  apptask.o [1]
  .rodata             const    0x080414c8     0x1c  apptask.o [1]
  .rodata             const    0x080414e4     0x1c  apptask.o [1]
  .rodata             const    0x08041500     0x1c  apptask.o [1]
  .rodata             const    0x0804151c     0x1c  apptask.o [1]
  .rodata             const    0x08041538     0x1c  apptask.o [1]
  .rodata             const    0x08041554     0x1c  demo_fatfs.o [1]
  .rodata             const    0x08041570     0x1c  demo_fatfs.o [1]
  .rodata             const    0x0804158c     0x1c  usbh_usr.o [1]
  .rodata             const    0x080415a8     0x1c  usbh_usr.o [1]
  .rodata             const    0x080415c4     0x1c  usbh_usr.o [1]
  .rodata             const    0x080415e0     0x1c  usbh_usr.o [1]
  .rodata             const    0x080415fc     0x1c  usbh_usr.o [1]
  .rodata             const    0x08041618     0x1c  usbh_usr.o [1]
  .text               ro code  0x08041634     0x1a  cmain.o [5]
  .text               ro code  0x0804164e      0x4  exit.o [3]
  .text               ro code  0x08041654      0xa  cexit.o [5]
  .rodata             const    0x08041660     0x18  apptask.o [1]
  .rodata             const    0x08041678     0x18  apptask.o [1]
  .rodata             const    0x08041690     0x18  apptask.o [1]
  .rodata             const    0x080416a8     0x18  apptask.o [1]
  .rodata             const    0x080416c0     0x18  apptask.o [1]
  .rodata             const    0x080416d8     0x18  apptask.o [1]
  .rodata             const    0x080416f0     0x18  apptask.o [1]
  .rodata             const    0x08041708     0x18  apptask.o [1]
  .rodata             const    0x08041720     0x18  demo_fatfs.o [1]
  .rodata             const    0x08041738     0x18  demo_fatfs.o [1]
  .rodata             const    0x08041750     0x18  demo_fatfs.o [1]
  .rodata             const    0x08041768     0x18  demo_fatfs.o [1]
  .rodata             const    0x08041780     0x18  usbh_usr.o [1]
  .rodata             const    0x08041798     0x18  usbh_usr.o [1]
  .rodata             const    0x080417b0     0x18  usbh_usr.o [1]
  .rodata             const    0x080417c8     0x18  usbh_usr.o [1]
  .rodata             const    0x080417e0     0x18  usbh_usr.o [1]
  .text               ro code  0x080417f8     0x16  xprout.o [3]
  .text               ro code  0x08041810      0xc  putchar.o [3]
  .rodata             const    0x0804181c     0x14  apptask.o [1]
  .rodata             const    0x08041830     0x14  apptask.o [1]
  .rodata             const    0x08041844     0x14  apptask.o [1]
  .rodata             const    0x08041858     0x14  apptask.o [1]
  .rodata             const    0x0804186c     0x14  apptask.o [1]
  .rodata             const    0x08041880     0x14  apptask.o [1]
  .rodata             const    0x08041894     0x14  usbh_usr.o [1]
  .rodata             const    0x080418a8     0x14  usbh_usr.o [1]
  .rodata             const    0x080418bc     0x10  apptask.o [1]
  .rodata             const    0x080418cc     0x10  apptask.o [1]
  .rodata             const    0x080418dc     0x10  apptask.o [1]
  .rodata             const    0x080418ec     0x10  apptask.o [1]
  .rodata             const    0x080418fc     0x10  apptask.o [1]
  .rodata             const    0x0804190c     0x10  apptask.o [1]
  .rodata             const    0x0804191c     0x10  apptask.o [1]
  .rodata             const    0x0804192c     0x10  apptask.o [1]
  .rodata             const    0x0804193c     0x10  apptask.o [1]
  .rodata             const    0x0804194c     0x10  apptask.o [1]
  .rodata             const    0x0804195c     0x10  ff.o [1]
  .rodata             const    0x0804196c     0x10  main.o [1]
  .rodata             const    0x0804197c     0x10  main.o [1]
  .rodata             const    0x0804198c     0x10  usbh_usr.o [1]
  .rodata             const    0x0804199c     0x10  usbh_usr.o [1]
  .text               ro code  0x080419ac     0x10  startup_stm32f40_41xxx.o [1]
  .text               ro code  0x080419bc     0x10  usbh_it.o [1]
  .rodata             const    0x080419cc      0xc  apptask.o [1]
  .rodata             const    0x080419d8      0xc  apptask.o [1]
  .rodata             const    0x080419e4      0xc  apptask.o [1]
  .rodata             const    0x080419f0      0xc  apptask.o [1]
  .rodata             const    0x080419fc      0xc  apptask.o [1]
  .rodata             const    0x08041a08      0xc  apptask.o [1]
  .rodata             const    0x08041a14      0xc  apptask.o [1]
  .rodata             const    0x08041a20      0xc  apptask.o [1]
  .rodata             const    0x08041a2c      0xc  apptask.o [1]
  .rodata             const    0x08041a38      0xc  apptask.o [1]
  .rodata             const    0x08041a44      0xc  apptask.o [1]
  .rodata             const    0x08041a50      0xc  apptask.o [1]
  .rodata             const    0x08041a5c      0xc  apptask.o [1]
  .rodata             const    0x08041a68      0xc  apptask.o [1]
  .rodata             const    0x08041a74      0xc  apptask.o [1]
  .rodata             const    0x08041a80      0xc  apptask.o [1]
  .rodata             const    0x08041a8c      0xc  apptask.o [1]
  .rodata             const    0x08041a98      0xc  apptask.o [1]
  .rodata             const    0x08041aa4      0xc  apptask.o [1]
  .rodata             const    0x08041ab0      0xc  apptask.o [1]
  .rodata             const    0x08041abc      0xc  apptask.o [1]
  .rodata             const    0x08041ac8      0xc  apptask.o [1]
  .rodata             const    0x08041ad4      0xc  apptask.o [1]
  .rodata             const    0x08041ae0      0xc  apptask.o [1]
  .rodata             const    0x08041aec      0xc  apptask.o [1]
  .rodata             const    0x08041af8      0xc  apptask.o [1]
  .rodata             const    0x08041b04      0xc  apptask.o [1]
  .rodata             const    0x08041b10      0xc  apptask.o [1]
  .rodata             const    0x08041b1c      0xc  bsp_sdwe050c17.o [1]
  .rodata             const    0x08041b28      0xc  bsp_sdwe050c17.o [1]
  .rodata             const    0x08041b34      0xc  demo_fatfs.o [1]
  .rodata             const    0x08041b40      0xc  ff.o [1]
  .text               ro code  0x08041b4c      0xc  cstartup_M.o [5]
  .rodata             const    0x08041b58      0x8  apptask.o [1]
  .rodata             const    0x08041b60      0x8  apptask.o [1]
  .rodata             const    0x08041b68      0x8  apptask.o [1]
  .rodata             const    0x08041b70      0x8  apptask.o [1]
  .rodata             const    0x08041b78      0x8  apptask.o [1]
  .rodata             const    0x08041b80      0x8  apptask.o [1]
  .rodata             const    0x08041b88      0x8  apptask.o [1]
  .rodata             const    0x08041b90      0x8  apptask.o [1]
  .rodata             const    0x08041b98      0x8  apptask.o [1]
  .rodata             const    0x08041ba0      0x8  apptask.o [1]
  .rodata             const    0x08041ba8      0x8  apptask.o [1]
  .rodata             const    0x08041bb0      0x8  apptask.o [1]
  .rodata             const    0x08041bb8      0x8  apptask.o [1]
  .rodata             const    0x08041bc0      0x8  bsp_w25qxx.o [1]
  .rodata             const    0x08041bc8      0x8  ff.o [1]
  .rodata             const    0x08041bd0      0x8  malloc.o [1]
  .rodata             const    0x08041bd8      0x8  malloc.o [1]
  .rodata             const    0x08041be0      0x8  malloc.o [1]
  .rodata             const    0x08041be8      0x8  para.o [1]
  .rodata             const    0x08041bf0      0x8  para.o [1]
  .rodata             const    0x08041bf8      0x8  para.o [1]
  .rodata             const    0x08041c00      0x8  tasks.o [1]
  .rodata             const    0x08041c08      0x8  timers.o [1]
  .rodata             const    0x08041c10      0x4  heap_4.o [1]
  .rodata             const    0x08041c14      0x4  port.o [1]
  .text               ro code  0x08041c18      0x4  startup_stm32f40_41xxx.o [1]
  .text               ro code  0x08041c1c      0x4  startup_stm32f40_41xxx.o [1]
  .text               ro code  0x08041c20      0x4  startup_stm32f40_41xxx.o [1]
  .text               ro code  0x08041c24      0x4  startup_stm32f40_41xxx.o [1]
  .text               ro code  0x08041c28      0x4  startup_stm32f40_41xxx.o [1]
  .text               ro code  0x08041c2c      0x4  startup_stm32f40_41xxx.o [1]
  .text               ro code  0x08041c30      0x4  startup_stm32f40_41xxx.o [1]
  .text               ro code  0x08041c34      0x4  startup_stm32f40_41xxx.o [1]
  .text               ro code  0x08041c38      0x4  startup_stm32f40_41xxx.o [1]
  .text               ro code  0x08041c3c      0x4  startup_stm32f40_41xxx.o [1]
  .text               ro code  0x08041c40      0x4  startup_stm32f40_41xxx.o [1]
  .text               ro code  0x08041c44      0x4  startup_stm32f40_41xxx.o [1]
  .text               ro code  0x08041c48      0x4  startup_stm32f40_41xxx.o [1]
  .text               ro code  0x08041c4c      0x4  startup_stm32f40_41xxx.o [1]
  .text               ro code  0x08041c50      0x4  startup_stm32f40_41xxx.o [1]
  .text               ro code  0x08041c54      0x4  startup_stm32f40_41xxx.o [1]
  .text               ro code  0x08041c58      0x4  startup_stm32f40_41xxx.o [1]
  .text               ro code  0x08041c5c      0x4  startup_stm32f40_41xxx.o [1]
  .text               ro code  0x08041c60      0x4  startup_stm32f40_41xxx.o [1]
  .text               ro code  0x08041c64      0x4  startup_stm32f40_41xxx.o [1]
  .text               ro code  0x08041c68      0x4  startup_stm32f40_41xxx.o [1]
  .text               ro code  0x08041c6c      0x4  startup_stm32f40_41xxx.o [1]
  .text               ro code  0x08041c70      0x4  startup_stm32f40_41xxx.o [1]
  .text               ro code  0x08041c74      0x4  startup_stm32f40_41xxx.o [1]
  .text               ro code  0x08041c78      0x4  startup_stm32f40_41xxx.o [1]
  .text               ro code  0x08041c7c      0x4  startup_stm32f40_41xxx.o [1]
  .text               ro code  0x08041c80      0x4  startup_stm32f40_41xxx.o [1]
  .text               ro code  0x08041c84      0x4  startup_stm32f40_41xxx.o [1]
  .text               ro code  0x08041c88      0x4  startup_stm32f40_41xxx.o [1]
  .text               ro code  0x08041c8c      0x4  startup_stm32f40_41xxx.o [1]
  .text               ro code  0x08041c90      0x4  startup_stm32f40_41xxx.o [1]
  .text               ro code  0x08041c94      0x4  startup_stm32f40_41xxx.o [1]
  .text               ro code  0x08041c98      0x4  startup_stm32f40_41xxx.o [1]
  .text               ro code  0x08041c9c      0x4  startup_stm32f40_41xxx.o [1]
  .text               ro code  0x08041ca0      0x4  startup_stm32f40_41xxx.o [1]
  .text               ro code  0x08041ca4      0x4  startup_stm32f40_41xxx.o [1]
  .text               ro code  0x08041ca8      0x4  startup_stm32f40_41xxx.o [1]
  .text               ro code  0x08041cac      0x4  startup_stm32f40_41xxx.o [1]
  .text               ro code  0x08041cb0      0x4  startup_stm32f40_41xxx.o [1]
  .text               ro code  0x08041cb4      0x4  startup_stm32f40_41xxx.o [1]
  .text               ro code  0x08041cb8      0x4  startup_stm32f40_41xxx.o [1]
  .text               ro code  0x08041cbc      0x4  startup_stm32f40_41xxx.o [1]
  .text               ro code  0x08041cc0      0x4  startup_stm32f40_41xxx.o [1]
  .text               ro code  0x08041cc4      0x4  startup_stm32f40_41xxx.o [1]
  .text               ro code  0x08041cc8      0x4  startup_stm32f40_41xxx.o [1]
  .text               ro code  0x08041ccc      0x4  startup_stm32f40_41xxx.o [1]
  .text               ro code  0x08041cd0      0x4  startup_stm32f40_41xxx.o [1]
  .text               ro code  0x08041cd4      0x4  startup_stm32f40_41xxx.o [1]
  .text               ro code  0x08041cd8      0x4  startup_stm32f40_41xxx.o [1]
  .text               ro code  0x08041cdc      0x4  startup_stm32f40_41xxx.o [1]
  .text               ro code  0x08041ce0      0x4  startup_stm32f40_41xxx.o [1]
  .text               ro code  0x08041ce4      0x4  startup_stm32f40_41xxx.o [1]
  .text               ro code  0x08041ce8      0x4  startup_stm32f40_41xxx.o [1]
  .text               ro code  0x08041cec      0x4  startup_stm32f40_41xxx.o [1]
  .text               ro code  0x08041cf0      0x4  startup_stm32f40_41xxx.o [1]
  .text               ro code  0x08041cf4      0x4  startup_stm32f40_41xxx.o [1]
  .text               ro code  0x08041cf8      0x4  startup_stm32f40_41xxx.o [1]
  .text               ro code  0x08041cfc      0x4  startup_stm32f40_41xxx.o [1]
  .text               ro code  0x08041d00      0x4  startup_stm32f40_41xxx.o [1]
  .text               ro code  0x08041d04      0x4  startup_stm32f40_41xxx.o [1]
  .text               ro code  0x08041d08      0x4  startup_stm32f40_41xxx.o [1]
  .text               ro code  0x08041d0c      0x4  startup_stm32f40_41xxx.o [1]
  .text               ro code  0x08041d10      0x4  startup_stm32f40_41xxx.o [1]
  .text               ro code  0x08041d14      0x4  startup_stm32f40_41xxx.o [1]
  .text               ro code  0x08041d18      0x4  startup_stm32f40_41xxx.o [1]
  .text               ro code  0x08041d1c      0x4  startup_stm32f40_41xxx.o [1]
  .text               ro code  0x08041d20      0x4  startup_stm32f40_41xxx.o [1]
  .rodata             const    0x08041d24      0x0  zero_init3.o [5]
  .rodata             const    0x08041d24      0x0  packbits_init.o [5]
  Initializer bytes   const    0x08041d24    0x11e  <for P2 s0>
                             - 0x08041e42  0x41cba

"P2":                                      0x1f750
  P2 s0                        0x20000000    0x1cc  <Init block>
    __DLIB_PERTHREAD  inited   0x20000000     0x88  localeconv.o [3]
    .data             inited   0x20000088     0x50  demo_fatfs.o [1]
    .data             inited   0x200000d8     0x48  usbh_usr.o [1]
    .data             inited   0x20000120     0x40  xfiles.o [3]
    .data             inited   0x20000160     0x1c  malloc.o [1]
    .data             inited   0x2000017c     0x14  bsp_servomotor.o [1]
    .data             inited   0x20000190     0x10  stm32f4xx_rcc.o [1]
    .data             inited   0x200001a0     0x10  usbh_msc_core.o [1]
    .data             inited   0x200001b0      0xc  usbh_core.o [1]
    .data             inited   0x200001bc      0x4  port.o [1]
    .data             inited   0x200001c0      0x4  system_stm32f4xx.o [1]
    .data             inited   0x200001c4      0x4  usbh_core.o [1]
    .data             inited   0x200001c8      0x2  bsp_w25qxx.o [1]
    .data             inited   0x200001ca      0x1  page_weimi.o [1]
    .data             inited   0x200001cb      0x1  usbh_msc_scsi.o [1]
  .bss                zero     0x200001cc  0x11800  heap_4.o [1]
  .bss                zero     0x200119cc   0xa000  malloc.o [1]
  .bss                zero     0x2001b9cc   0x1000  bsp_w25qxx.o [1]
  .bss                zero     0x2001c9cc    0xa00  malloc.o [1]
  .bss                zero     0x2001d3cc    0x5ac  usbh_usr.o [1]
  .bss                zero     0x2001d978    0x5ac  usbh_usr.o [1]
  .bss                zero     0x2001df24    0x200  ff.o [1]
  .bss                zero     0x2001e124    0x200  usbh_msc_scsi.o [1]
  .bss                zero     0x2001e324    0x200  usbh_stdreq.o [1]
  .bss                zero     0x2001e524    0x118  page_weimi.o [1]
  .bss                zero     0x2001e63c     0xc8  tasks.o [1]
  .bss                zero     0x2001e704     0xa4  protocol.o [1]
  .bss                zero     0x2001e7a8     0x98  para.o [1]
  .bss                zero     0x2001e840     0x94  usbh_usr.o [1]
  .bss                zero     0x2001e8d4     0x70  protocol.o [1]
  .bss                zero     0x2001e944     0x64  bsp_uart_fifo.o [1]
  .bss                zero     0x2001e9a8     0x64  bsp_uart_fifo.o [1]
  .bss                zero     0x2001ea10     0x58  bsp_sdio_sd.o [1]
  .bss                zero     0x2001ea68     0x50  protocol.o [1]
  .bss                zero     0x2001eab8     0x50  xfiles.o [3]
  .bss                zero     0x2001eb08     0x4c  usbh_msc_core.o [1]
  .bss                zero     0x2001eb54     0x34  bsp_sdwe050c17.o [1]
  .bss                zero     0x2001eb88     0x2c  product_cal.o [1]
  .bss                zero     0x2001ebb4     0x28  bsp_uart_fifo.o [1]
  .bss                zero     0x2001ebdc     0x28  encoder.o [1]
  .bss                zero     0x2001ec04     0x28  product_cal.o [1]
  .bss                zero     0x2001ec2c     0x24  ff.o [1]
  .bss                zero     0x2001ec50     0x20  usbh_msc_bot.o [1]
  .bss                zero     0x2001ec70     0x18  bsp_sdio_sd.o [1]
  .bss                zero     0x2001ec88     0x18  bsp_sdio_sd.o [1]
  .bss                zero     0x2001eca0     0x14  bsp_sdio_sd.o [1]
  .bss                zero     0x2001ecb4     0x14  page_weimi.o [1]
  .bss                zero     0x2001ecc8     0x14  rc522.o [1]
  .bss                zero     0x2001ecdc     0x14  tasks.o [1]
  .bss                zero     0x2001ecf0     0x14  tasks.o [1]
  .bss                zero     0x2001ed04     0x14  tasks.o [1]
  .bss                zero     0x2001ed18     0x14  tasks.o [1]
  .bss                zero     0x2001ed2c     0x14  tasks.o [1]
  .bss                zero     0x2001ed40     0x14  timers.o [1]
  .bss                zero     0x2001ed54     0x14  timers.o [1]
  .bss                zero     0x2001ed68     0x10  bsp_sdio_sd.o [1]
  .bss                zero     0x2001ed78     0x10  bsp_sdio_sd.o [1]
  .bss                zero     0x2001ed88     0x10  usbh_msc_bot.o [1]
  .bss                zero     0x2001ed98     0x10  usbh_msc_bot.o [1]
  .bss                zero     0x2001eda8     0x10  usbh_msc_scsi.o [1]
  .bss                zero     0x2001edb8      0xc  apptask.o [1]
  .bss                zero     0x2001edc4      0xc  apptask.o [1]
  .bss                zero     0x2001edd0      0xc  ff.o [1]
  .bss                zero     0x2001eddc      0xc  protocol.o [1]
  .bss                zero     0x2001ede8      0xc  protocol.o [1]
  .bss                zero     0x2001edf4      0xc  protocol.o [1]
  .bss                zero     0x2001ee00      0x8  heap_4.o [1]
  .bss                zero     0x2001ee08      0x8  modbus.o [1]
  .bss                zero     0x2001ee10      0x8  protocol.o [1]
  .bss                zero     0x2001ee18      0x4  apptask.o [1]
  .bss                zero     0x2001ee1c      0x4  apptask.o [1]
  .bss                zero     0x2001ee20      0x4  apptask.o [1]
  .bss                zero     0x2001ee24      0x4  apptask.o [1]
  .bss                zero     0x2001ee28      0x4  apptask.o [1]
  .bss                zero     0x2001ee2c      0x4  apptask.o [1]
  .bss                zero     0x2001ee30      0x4  apptask.o [1]
  .bss                zero     0x2001ee34      0x4  apptask.o [1]
  .bss                zero     0x2001ee38      0x4  apptask.o [1]
  .bss                zero     0x2001ee3c      0x4  apptask.o [1]
  .bss                zero     0x2001ee40      0x4  apptask.o [1]
  .bss                zero     0x2001ee44      0x4  apptask.o [1]
  .bss                zero     0x2001ee48      0x4  apptask.o [1]
  .bss                zero     0x2001ee4c      0x4  apptask.o [1]
  .bss                zero     0x2001ee50      0x4  apptask.o [1]
  .bss                zero     0x2001ee54      0x4  apptask.o [1]
  .bss                zero     0x2001ee58      0x4  apptask.o [1]
  .bss                zero     0x2001ee5c      0x4  apptask.o [1]
  .bss                zero     0x2001ee60      0x4  apptask.o [1]
  .bss                zero     0x2001ee64      0x4  apptask.o [1]
  .bss                zero     0x2001ee68      0x4  bsp_sdio_sd.o [1]
  .bss                zero     0x2001ee6c      0x4  bsp_sdio_sd.o [1]
  .bss                zero     0x2001ee70      0x4  bsp_sdio_sd.o [1]
  .bss                zero     0x2001ee74      0x4  bsp_sdio_sd.o [1]
  .bss                zero     0x2001ee78      0x4  bsp_sdio_sd.o [1]
  .bss                zero     0x2001ee7c      0x4  bsp_timer.o [1]
  .bss                zero     0x2001ee80      0x4  bsp_timer.o [1]
  .bss                zero     0x2001ee84      0x4  bsp_timer.o [1]
  .bss                zero     0x2001ee88      0x4  bsp_timer.o [1]
  .bss                zero     0x2001ee8c      0x4  encoder.o [1]
  .bss                zero     0x2001ee90      0x4  encoder.o [1]
  .bss                zero     0x2001ee94      0x4  heap_4.o [1]
  .bss                zero     0x2001ee98      0x4  heap_4.o [1]
  .bss                zero     0x2001ee9c      0x4  heap_4.o [1]
  .bss                zero     0x2001eea0      0x4  heap_4.o [1]
  .bss                zero     0x2001eea4      0x4  port.o [1]
  .bss                zero     0x2001eea8      0x4  product_cal.o [1]
  .bss                zero     0x2001eeac      0x4  product_cal.o [1]
  .bss                zero     0x2001eeb0      0x4  SysInfoTest.o [1]
  .bss                zero     0x2001eeb4      0x4  tasks.o [1]
  .bss                zero     0x2001eeb8      0x4  tasks.o [1]
  .bss                zero     0x2001eebc      0x4  tasks.o [1]
  .bss                zero     0x2001eec0      0x4  tasks.o [1]
  .bss                zero     0x2001eec4      0x4  tasks.o [1]
  .bss                zero     0x2001eec8      0x4  tasks.o [1]
  .bss                zero     0x2001eecc      0x4  tasks.o [1]
  .bss                zero     0x2001eed0      0x4  tasks.o [1]
  .bss                zero     0x2001eed4      0x4  tasks.o [1]
  .bss                zero     0x2001eed8      0x4  tasks.o [1]
  .bss                zero     0x2001eedc      0x4  tasks.o [1]
  .bss                zero     0x2001eee0      0x4  tasks.o [1]
  .bss                zero     0x2001eee4      0x4  tasks.o [1]
  .bss                zero     0x2001eee8      0x4  tasks.o [1]
  .bss                zero     0x2001eeec      0x4  tasks.o [1]
  .bss                zero     0x2001eef0      0x4  tasks.o [1]
  .bss                zero     0x2001eef4      0x4  timers.o [1]
  .bss                zero     0x2001eef8      0x4  timers.o [1]
  .bss                zero     0x2001eefc      0x4  timers.o [1]
  .bss                zero     0x2001ef00      0x4  timers.o [1]
  .bss                zero     0x2001ef04      0x4  usbh_msc_bot.o [1]
  .bss                zero     0x2001ef08      0x4  usbh_msc_bot.o [1]
  .bss                zero     0x2001ef0c      0x4  usbh_msc_bot.o [1]
  .bss                zero     0x2001ef10      0x4  usbh_msc_bot.o [1]
  .bss                zero     0x2001ef14      0x2  apptask.o [1]
  .bss                zero     0x2001ef16      0x2  apptask.o [1]
  .bss                zero     0x2001ef18      0x2  apptask.o [1]
  .bss                zero     0x2001ef1a      0x2  apptask.o [1]
  .bss                zero     0x2001ef1c      0x2  bsp_sdwe050c17.o [1]
  .bss                zero     0x2001ef1e      0x2  encoder.o [1]
  .bss                zero     0x2001ef20      0x2  encoder.o [1]
  .bss                zero     0x2001ef22      0x2  encoder.o [1]
  .bss                zero     0x2001ef24      0x2  encoder.o [1]
  .bss                zero     0x2001ef26      0x2  ff.o [1]
  .bss                zero     0x2001ef28      0x2  page_weimi.o [1]
  .bss                zero     0x2001ef2a      0x2  product_cal.o [1]
  .bss                zero     0x2001ef2c      0x2  usbh_core.o [1]
  .bss                zero     0x2001ef2e      0x2  usbh_stdreq.o [1]
  .bss                zero     0x2001ef30      0x1  apptask.o [1]
  .bss                zero     0x2001ef31      0x1  apptask.o [1]
  .bss                zero     0x2001ef32      0x1  apptask.o [1]
  .bss                zero     0x2001ef33      0x1  apptask.o [1]
  .bss                zero     0x2001ef34      0x1  apptask.o [1]
  .bss                zero     0x2001ef35      0x1  apptask.o [1]
  .bss                zero     0x2001ef36      0x1  apptask.o [1]
  .bss                zero     0x2001ef37      0x1  apptask.o [1]
  .bss                zero     0x2001ef38      0x1  apptask.o [1]
  .bss                zero     0x2001ef39      0x1  bsp_sdio_sd.o [1]
  .bss                zero     0x2001ef3a      0x1  bsp_sdwe050c17.o [1]
  .bss                zero     0x2001ef3b      0x1  bsp_uart_fifo.o [1]
  .bss                zero     0x2001ef3c      0x1  encoder.o [1]
  .bss                zero     0x2001ef3d      0x1  encoder.o [1]
  .bss                zero     0x2001ef3e      0x1  encoder.o [1]
  .bss                zero     0x2001ef3f      0x1  page_weimi.o [1]
  .bss                zero     0x2001ef40      0x1  page_weimi.o [1]
  .bss                zero     0x2001ef41      0x1  page_weimi.o [1]
  .bss                zero     0x2001ef42      0x1  port.o [1]
  .bss                zero     0x2001ef43      0x1  product_cal.o [1]
  .bss                zero     0x2001ef44      0x1  product_cal.o [1]
  .bss                zero     0x2001ef45      0x1  product_cal.o [1]
  .bss                zero     0x2001ef46      0x1  protocol.o [1]
  .bss                zero     0x2001ef47      0x1  rc522.o [1]
  .bss                zero     0x2001ef48      0x1  rc522.o [1]
  .bss                zero     0x2001ef49      0x1  usbh_msc_bot.o [1]
  .bss                zero     0x2001ef4a      0x1  usbh_msc_core.o [1]
  .bss                zero     0x2001ef4b      0x1  usbh_msc_core.o [1]
  .bss                zero     0x2001ef4c      0x1  usbh_stdreq.o [1]
  .bss                zero     0x2001ef4d      0x1  usbh_usr.o [1]
  CSTACK                       0x2001ef50    0x800  <Block>
    CSTACK            uninit   0x2001ef50    0x800  <Block tail>
                             - 0x2001f750  0x1f750

Absolute sections:                         0xff000
  .bss                zero     0x68000000  0xf0000  malloc.o [1]
  .bss                zero     0x680f0000   0xf000  malloc.o [1]
                             - 0x680ff000  0xff000


*******************************************************************************
*** INIT TABLE
***

          Address     Size
          -------     ----
Zero (__iar_zero_init3)
    2 destination ranges, total size 0x11dd82:
          0x200001cc  0x1ed82
          0x68000000  0xff000

Copy/packbits (__iar_packbits_init3)
    1 source range, total size 0x11e (62% of destination):
          0x08041d24    0x11e
    1 destination range, total size 0x1cc:
          0x20000000    0x1cc



*******************************************************************************
*** MODULE SUMMARY
***

    Module                    ro code  ro data  rw data    rw data
                                                            (abs)
    ------                    -------  -------  -------    -------
F:\work\YarnControl_Driver\src\stm32f4_rtos\Project\EWARMv7\Flash\Obj: [1]
    SysInfoTest.o                  60                 4
    apptask.o                  17 940    1 764      121
    bsp.o                          76
    bsp_closeSW.o                 212
    bsp_dwt.o                     116
    bsp_led.o                     192
    bsp_relay.o                    68
    bsp_sdio_sd.o               6 744               209
    bsp_sdwe050c17.o            4 696       56       55
    bsp_servomotor.o            1 164       12       20
    bsp_spi.o                     292
    bsp_stepmotor.o               692
    bsp_sw_onoff.o                104
    bsp_tim_pwm.o                 736
    bsp_timer.o                   516                16
    bsp_uart_fifo.o             2 532               241
    bsp_w25qxx.o                  896        9    4 098
    bsp_watchdog.o                  8
    cc936.o                       244  176 320
    demo_fatfs.o                           742       80
    diskio.o                      740
    encoder.o                     864                59
    event_groups.o                610
    ff.o                        8 804       36      562
    heap_4.o                      640        4   71 704
    list.o                        152
    main.o                         44       32
    malloc.o                      540       42   43 548  1 044 480
    mcheck.o                      184      768
    misc.o                        136
    modbus.o                      852                 8
    page_weimi.o                  512        1      306
    para.o                        756       24      152
    port.o                        588        6        9
    portasm.o                     168
    product_cal.o               1 316      400       97
    protocol.o                     68               401
    queue.o                     1 992
    rc522.o                       174                22
    startup_stm32f40_41xxx.o      676
    stm32f4xx_dma.o               796
    stm32f4xx_exti.o              192
    stm32f4xx_gpio.o              300
    stm32f4xx_it.o                 56       44
    stm32f4xx_iwdg.o               16
    stm32f4xx_rcc.o               488       10       16
    stm32f4xx_sdio.o              380
    stm32f4xx_spi.o               116
    stm32f4xx_syscfg.o             84
    stm32f4xx_tim.o             1 772
    stm32f4xx_usart.o             596
    system_stm32f4xx.o            340        3        4
    tasks.o                     3 072        8      364
    timers.o                    1 188        8       56
    usb_bsp.o                     332
    usb_core.o                  2 640
    usb_hcd.o                     214
    usb_hcd_int.o               3 198
    usbh_core.o                 1 888       10       18
    usbh_hcs.o                    442
    usbh_ioreq.o                  582
    usbh_it.o                      16
    usbh_msc_bot.o              1 364                81
    usbh_msc_core.o             1 000       10       94
    usbh_msc_scsi.o             1 560        1      529
    usbh_stdreq.o               1 078               515
    usbh_usr.o                    438      601    3 125
    --------------------------------------------------------------
    Total:                     81 252  180 911  126 514  1 044 480

command line: [2]
    --------------------------------------------------------------
    Total:

dl7M_tlf.a: [3]
    abort.o                         6
    div.o                          14
    exit.o                          4
    localeconv.o                  108       84      136
    printf.o                       36
    putchar.o                      12
    sprintf.o                      52
    strcat.o                       28
    strstr.o                       44
    xfiles.o                                39      144
    xprintffull_nomb.o          3 478
    xprout.o                       22
    xsprout.o                      10
    --------------------------------------------------------------
    Total:                      3 814      123      280

m7M_tls.a: [4]
    DblAdd.o                      232
    DblCmpGe.o                     46
    DblCmpLe.o                     46
    DblDiv.o                      598
    DblMul.o                      418
    DblSub.o                      384
    DblToFlt.o                    144
    DblToI32.o                     88
    FltToDbl.o                     78
    I32ToDbl.o                     48
    fpinit_M.o                     34
    xdnorm.o                       66
    xdscale.o                     276
    --------------------------------------------------------------
    Total:                      2 458

rt7M_tl.a: [5]
    ABImemcpy_unaligned.o         118
    ABImemset.o                   102
    I64DivMod.o                   238
    I64DivZer.o                     2
    cexit.o                        10
    cmain.o                        26
    cstartup_M.o                   12
    data_init.o                    40
    memchr.o                       88
    memcmp_unaligned.o             98
    packbits_init.o               208
    strchr.o                       22
    strcmp_unaligned.o             66
    strcpy_unaligned.o             68
    strlen.o                       54
    zero_init3.o                   64
    --------------------------------------------------------------
    Total:                      1 216

shb_l.a: [6]
    exit.o                         20
    --------------------------------------------------------------
    Total:                         20

    Gaps                           40        4        4
    Linker created                          52    2 048
------------------------------------------------------------------
    Grand Total:               88 800  181 090  128 846  1 044 480


*******************************************************************************
*** ENTRY LIST
***

Entry                      Address     Size  Type      Object
-----                      -------     ----  ----      ------
.iar.init_table$$Base   0x080412fc            --   Gb  - Linker created -
.iar.init_table$$Limit  0x08041330            --   Gb  - Linker created -
?main                   0x08041635           Code  Gb  cmain.o [5]
APBAHBPrescTable        0x20000190     0x10  Data  Lc  stm32f4xx_rcc.o [1]
AppObjCreate            0x0802eb19    0x180  Code  Gb  apptask.o [1]
AppTaskCreate           0x0802e981    0x16a  Code  Gb  apptask.o [1]
BOTStallErrorCount      0x2001ef04      0x4  Data  Lc  usbh_msc_bot.o [1]
BusFault_Handler        0x0804105b      0x2  Code  Gb  stm32f4xx_it.o [1]
CID_Tab                 0x2001ed78     0x10  Data  Lc  bsp_sdio_sd.o [1]
CRC16HiTable            0x08040910    0x100  Data  Gb  mcheck.o [1]
CRC16LoTable            0x08040a10    0x100  Data  Gb  mcheck.o [1]
CRC8Table               0x08040b10    0x100  Data  Gb  mcheck.o [1]
CSD_Tab                 0x2001ed68     0x10  Data  Lc  bsp_sdio_sd.o [1]
CSTACK$$Base            0x2001ef50            --   Gb  - Linker created -
CSTACK$$Limit           0x2001f750            --   Gb  - Linker created -
CardType                0x2001ee68      0x4  Data  Lc  bsp_sdio_sd.o [1]
CmdError                0x0803d025     0x38  Code  Lc  bsp_sdio_sd.o [1]
CmdResp1Error           0x0803d0c9    0x112  Code  Lc  bsp_sdio_sd.o [1]
CmdResp2Error           0x0803d219     0x52  Code  Lc  bsp_sdio_sd.o [1]
CmdResp3Error           0x0803d1db     0x3e  Code  Lc  bsp_sdio_sd.o [1]
CmdResp6Error           0x0803d26b     0xa6  Code  Lc  bsp_sdio_sd.o [1]
CmdResp7Error           0x0803d05d     0x58  Code  Lc  bsp_sdio_sd.o [1]
ConfigExitNVIC          0x08040c7b     0x22  Code  Gb  bsp_closeSW.o [1]
ConfigUartNVIC          0x0803823f     0x7c  Code  Lc  bsp_uart_fifo.o [1]
DIFF_G_init             0x08032a65     0x78  Code  Gb  bsp_servomotor.o [1]
DMA1_Stream0_IRQHandler
                        0x08032dd9     0x1c  Code  Gb  bsp_servomotor.o [1]
DMA1_Stream3_IRQHandler
                        0x08032df5     0x1c  Code  Gb  bsp_servomotor.o [1]
DMA2_Stream3_IRQHandler
                        0x0803d90d      0x8  Code  Gb  bsp_sdio_sd.o [1]
DMAEndOfTransfer        0x2001ee78      0x4  Data  Gb  bsp_sdio_sd.o [1]
DMA_ClearFlag           0x08039c13     0x24  Code  Gb  stm32f4xx_dma.o [1]
DMA_Cmd                 0x08039bc9     0x1a  Code  Gb  stm32f4xx_dma.o [1]
DMA_DeInit              0x08039a31    0x140  Code  Gb  stm32f4xx_dma.o [1]
DMA_FlowControllerConfig
                        0x08039be3     0x18  Code  Gb  stm32f4xx_dma.o [1]
DMA_GetCmdStatus        0x08039bfb     0x18  Code  Gb  stm32f4xx_dma.o [1]
DMA_GetITStatus         0x08039c79     0x62  Code  Gb  stm32f4xx_dma.o [1]
DMA_ITConfig            0x08039c37     0x42  Code  Gb  stm32f4xx_dma.o [1]
DMA_Init                0x08039b71     0x58  Code  Gb  stm32f4xx_dma.o [1]
DebugMon_Handler        0x0804105f      0x2  Code  Gb  stm32f4xx_it.o [1]
DiskFile_init           0x08035f31     0x40  Code  Gb  protocol.o [1]
Disk_File               0x2001e8d4     0x70  Data  Gb  protocol.o [1]
EXTI9_5_IRQHandler      0x08040c9d     0x3c  Code  Gb  bsp_closeSW.o [1]
EXTI_ClearITPendingBit  0x08040ddb      0x6  Code  Gb  stm32f4xx_exti.o [1]
EXTI_GetITStatus        0x08040dc1     0x1a  Code  Gb  stm32f4xx_exti.o [1]
EXTI_Init               0x08040d39     0x88  Code  Gb  stm32f4xx_exti.o [1]
Encoder_Cap_Init        0x08036a51     0xbc  Code  Gb  encoder.o [1]
FR_Table                0x20000088     0x50  Data  Gb  demo_fatfs.o [1]
FatFs                   0x2001edd0      0xc  Data  Lc  ff.o [1]
File_info               0x2001ea68     0x50  Data  Gb  protocol.o [1]
Files                   0x2001ec2c     0x24  Data  Lc  ff.o [1]
FindSCR                 0x0803d4b9    0x206  Code  Lc  bsp_sdio_sd.o [1]
Freq                    0x2001ebdc     0x28  Data  Gb  encoder.o [1]
Freq_Sample             0x08036b0d     0xb0  Code  Gb  encoder.o [1]
Freq_ptr1               0x2001ef3d      0x1  Data  Gb  encoder.o [1]
Freq_ptr2               0x2001ef3e      0x1  Data  Gb  encoder.o [1]
Freq_value              0x2001ee90      0x4  Data  Gb  encoder.o [1]
Fsid                    0x2001ef26      0x2  Data  Lc  ff.o [1]
GPIO_Init               0x08035f85     0xaa  Code  Gb  stm32f4xx_gpio.o [1]
GPIO_PinAFConfig        0x08036057     0x5a  Code  Gb  stm32f4xx_gpio.o [1]
GPIO_ReadInputDataBit   0x0803602f     0x1a  Code  Gb  stm32f4xx_gpio.o [1]
GPIO_WriteBit           0x08036049      0xe  Code  Gb  stm32f4xx_gpio.o [1]
GetDeviceState          0x08035efd     0x2e  Code  Gb  bsp_sw_onoff.o [1]
HCD_GetCurrentFrame     0x08039fb1      0x8  Code  Gb  usb_hcd.o [1]
HCD_GetCurrentSpeed     0x08039f93     0x10  Code  Gb  usb_hcd.o [1]
HCD_GetURB_State        0x08039fb9      0xa  Code  Gb  usb_hcd.o [1]
HCD_GetXferCnt          0x08039fc3      0xc  Code  Gb  usb_hcd.o [1]
HCD_Init                0x08039f21     0x72  Code  Gb  usb_hcd.o [1]
HCD_ResetPort           0x08039fa3      0xe  Code  Gb  usb_hcd.o [1]
HCD_SubmitRequest       0x08039fcf     0x28  Code  Gb  usb_hcd.o [1]
HardFault_Handler       0x0804102b     0x22  Code  Gb  stm32f4xx_it.o [1]
IWDG_Feed               0x080376b9      0x8  Code  Gb  bsp_watchdog.o [1]
IWDG_ReloadCounter      0x0803ace9      0xa  Code  Gb  stm32f4xx_iwdg.o [1]
InStream_Read           0x08040df9     0x22  Code  Lc  packbits_init.o [5]
InitHardUart            0x08037e7d    0x3c2  Code  Lc  bsp_uart_fifo.o [1]
Init_JINGSHA_GUI        0x0803049b    0x122  Code  Gb  bsp_sdwe050c17.o [1]
LfnBuf                  0x2001df24    0x200  Data  Lc  ff.o [1]
LfnOfs                  0x0804195c     0x10  Data  Lc  ff.o [1]
LoadInt                 0x080390a5     0x6e  Code  Lc  xprintffull_nomb.o [3]
MSCErrorCount           0x2001ef4a      0x1  Data  Gb  usbh_msc_core.o [1]
MSC_Machine             0x2001eb08     0x4c  Data  Gb  usbh_msc_core.o [1]
MSG_DEV_ATTACHED        0x080417c8     0x18  Data  Gb  usbh_usr.o [1]
MSG_DEV_DISCONNECTED    0x080417e0     0x18  Data  Gb  usbh_usr.o [1]
MSG_DEV_ENUMERATED      0x080415e0     0x1c  Data  Gb  usbh_usr.o [1]
MSG_DEV_ERROR           0x080418a8     0x14  Data  Gb  usbh_usr.o [1]
MSG_DEV_FULLSPEED       0x08041450     0x20  Data  Gb  usbh_usr.o [1]
MSG_DEV_HIGHSPEED       0x08041430     0x20  Data  Gb  usbh_usr.o [1]
MSG_DEV_LOWSPEED        0x08041470     0x20  Data  Gb  usbh_usr.o [1]
MSG_HID_CLASS           0x080415fc     0x1c  Data  Gb  usbh_usr.o [1]
MSG_MSC_CLASS           0x080412b4     0x24  Data  Gb  usbh_usr.o [1]
MSG_UNREC_ERROR         0x08041618     0x1c  Data  Gb  usbh_usr.o [1]
MemManage_Handler       0x08041059      0x2  Code  Gb  stm32f4xx_it.o [1]
MotorProcess            0x2001ecb4     0x14  Data  Gb  page_weimi.o [1]
MotorStepCount          0x08036db1     0x62  Code  Gb  page_weimi.o [1]
NMI_Handler             0x08041029      0x2  Code  Gb  stm32f4xx_it.o [1]
NVIC_Init               0x08039d57     0x6a  Code  Gb  misc.o [1]
NVIC_PriorityGroupConfig
                        0x08039d4d      0xa  Code  Gb  misc.o [1]
OTG_FS_IRQHandler       0x080419bd     0x10  Code  Gb  usbh_it.o [1]
PendSV_Handler          0x0803acf9           Code  Gb  portasm.o [1]
RCA                     0x2001ee6c      0x4  Data  Lc  bsp_sdio_sd.o [1]
RCC_AHB1PeriphClockCmd  0x08037d27     0x22  Code  Gb  stm32f4xx_rcc.o [1]
RCC_AHB2PeriphClockCmd  0x08037d49     0x1e  Code  Gb  stm32f4xx_rcc.o [1]
RCC_APB1PeriphClockCmd  0x08037d67     0x1e  Code  Gb  stm32f4xx_rcc.o [1]
RCC_APB1PeriphResetCmd  0x08037da3     0x1e  Code  Gb  stm32f4xx_rcc.o [1]
RCC_APB2PeriphClockCmd  0x08037d85     0x1e  Code  Gb  stm32f4xx_rcc.o [1]
RCC_APB2PeriphResetCmd  0x08037dc1     0x1e  Code  Gb  stm32f4xx_rcc.o [1]
RCC_GetClocksFreq       0x08037c25    0x102  Code  Gb  stm32f4xx_rcc.o [1]
RS485_InitTXE           0x08037e49     0x34  Code  Gb  bsp_uart_fifo.o [1]
RS485_sendbuf           0x08038689     0x3c  Code  Gb  bsp_uart_fifo.o [1]
ReadValue1              0x2001ef1e      0x2  Data  Gb  encoder.o [1]
ReadValue2              0x2001ef20      0x2  Data  Gb  encoder.o [1]
Region$$Table$$Base     0x080412fc            --   Gb  - Linker created -
Region$$Table$$Limit    0x08041330            --   Gb  - Linker created -
SDCardInfo              0x2001ea10     0x58  Data  Gb  bsp_sdio_sd.o [1]
SDEnWideBus             0x0803d31d    0x198  Code  Lc  bsp_sdio_sd.o [1]
SDIO_ClearFlag          0x0803e599      0x6  Code  Gb  stm32f4xx_sdio.o [1]
SDIO_ClearITPendingBit  0x0803e5b9      0x6  Code  Gb  stm32f4xx_sdio.o [1]
SDIO_ClockCmd           0x0803e4c7      0x8  Code  Gb  stm32f4xx_sdio.o [1]
SDIO_CmdInitStructure   0x2001eca0     0x14  Data  Gb  bsp_sdio_sd.o [1]
SDIO_DMACmd             0x0803e559      0x8  Code  Gb  stm32f4xx_sdio.o [1]
SDIO_DataConfig         0x0803e525     0x2e  Code  Gb  stm32f4xx_sdio.o [1]
SDIO_DataInitStructure  0x2001ec88     0x18  Data  Gb  bsp_sdio_sd.o [1]
SDIO_DeInit             0x0803e485     0x18  Code  Gb  stm32f4xx_sdio.o [1]
SDIO_GetCommandResponse
                        0x0803e507      0x8  Code  Gb  stm32f4xx_sdio.o [1]
SDIO_GetFlagStatus      0x0803e57f     0x1a  Code  Gb  stm32f4xx_sdio.o [1]
SDIO_GetITStatus        0x0803e59f     0x1a  Code  Gb  stm32f4xx_sdio.o [1]
SDIO_GetPowerState      0x0803e4d5      0xa  Code  Gb  stm32f4xx_sdio.o [1]
SDIO_GetResponse        0x0803e50f     0x16  Code  Gb  stm32f4xx_sdio.o [1]
SDIO_IRQHandler         0x0803d905      0x8  Code  Gb  bsp_sdio_sd.o [1]
SDIO_ITConfig           0x0803e561     0x1e  Code  Gb  stm32f4xx_sdio.o [1]
SDIO_Init               0x0803e49d     0x2a  Code  Gb  stm32f4xx_sdio.o [1]
SDIO_InitStructure      0x2001ec70     0x18  Data  Gb  bsp_sdio_sd.o [1]
SDIO_Interrupts_Config  0x0803d8c9     0x3c  Code  Gb  bsp_sdio_sd.o [1]
SDIO_ReadData           0x0803e553      0x6  Code  Gb  stm32f4xx_sdio.o [1]
SDIO_SendCommand        0x0803e4df     0x28  Code  Gb  stm32f4xx_sdio.o [1]
SDIO_SetPowerState      0x0803e4cf      0x6  Code  Gb  stm32f4xx_sdio.o [1]
SDWE_WARNNING           0x0803072d     0x2a  Code  Gb  bsp_sdwe050c17.o [1]
SD_Detect               0x0803bfc1     0x22  Code  Gb  bsp_sdio_sd.o [1]
SD_EnableWideBusOperation
                        0x0803c7bd     0xc8  Code  Gb  bsp_sdio_sd.o [1]
SD_GetCardInfo          0x0803c3d1    0x3ec  Code  Gb  bsp_sdio_sd.o [1]
SD_GetState             0x0803bf97     0x2a  Code  Gb  bsp_sdio_sd.o [1]
SD_GetStatus            0x0803bf75     0x22  Code  Gb  bsp_sdio_sd.o [1]
SD_Init                 0x0803bebd     0xb8  Code  Gb  bsp_sdio_sd.o [1]
SD_InitializeCards      0x0803c22f    0x1a2  Code  Gb  bsp_sdio_sd.o [1]
SD_LowLevel_DMA_RxConfig
                        0x0803d813     0x8e  Code  Gb  bsp_sdio_sd.o [1]
SD_LowLevel_DMA_TxConfig
                        0x0803d785     0x8e  Code  Gb  bsp_sdio_sd.o [1]
SD_LowLevel_Init        0x0803d6c1     0xbc  Code  Gb  bsp_sdio_sd.o [1]
SD_PowerON              0x0803bfe3    0x24c  Code  Gb  bsp_sdio_sd.o [1]
SD_ProcessDMAIRQ        0x0803d001     0x22  Code  Gb  bsp_sdio_sd.o [1]
SD_ProcessIRQSrc        0x0803cf53     0xae  Code  Gb  bsp_sdio_sd.o [1]
SD_ReadBlock            0x0803c8bd    0x108  Code  Gb  bsp_sdio_sd.o [1]
SD_ReadMultiBlocks      0x0803c9c5    0x134  Code  Gb  bsp_sdio_sd.o [1]
SD_SelectDeselect       0x0803c885     0x38  Code  Gb  bsp_sdio_sd.o [1]
SD_SendStatus           0x0803cee5     0x6e  Code  Gb  bsp_sdio_sd.o [1]
SD_StopTransfer         0x0803ce9d     0x44  Code  Gb  bsp_sdio_sd.o [1]
SD_WaitReadOperation    0x0803cafd     0x96  Code  Gb  bsp_sdio_sd.o [1]
SD_WriteBlock           0x0803cb9d    0x11e  Code  Gb  bsp_sdio_sd.o [1]
SD_WriteMultiBlocks     0x0803ccc9    0x1cc  Code  Gb  bsp_sdio_sd.o [1]
SPI1_Init               0x080389f5     0xc0  Code  Gb  bsp_spi.o [1]
SPI1_ReadWriteByte      0x08038add     0x32  Code  Gb  bsp_spi.o [1]
SPI1_SetSpeed           0x08038ab5     0x28  Code  Gb  bsp_spi.o [1]
SPI_Cmd                 0x0803b035     0x1c  Code  Gb  stm32f4xx_spi.o [1]
SPI_I2S_GetFlagStatus   0x0803b051     0x18  Code  Gb  stm32f4xx_spi.o [1]
SPI_Init                0x0803aff5     0x40  Code  Gb  stm32f4xx_spi.o [1]
SRC_Buffer              0x2000017c     0x14  Data  Gb  bsp_servomotor.o [1]
SVC_Handler             0x0803ad51           Code  Gb  portasm.o [1]
SYSCFG_EXTILineConfig   0x08040ce5     0x50  Code  Gb  stm32f4xx_syscfg.o [1]
Sdwe_ClearReadDisk      0x08030803     0x1c  Code  Gb  bsp_sdwe050c17.o [1]
Sdwe_change_class_time  0x08030c6f     0x30  Code  Gb  bsp_sdwe050c17.o [1]
Sdwe_clearString        0x08030757     0x54  Code  Gb  bsp_sdwe050c17.o [1]
Sdwe_clear_filename     0x0803084f     0x2a  Code  Gb  bsp_sdwe050c17.o [1]
Sdwe_disDigi            0x08030607     0xa4  Code  Gb  bsp_sdwe050c17.o [1]
Sdwe_disPicture         0x080305bd     0x4a  Code  Gb  bsp_sdwe050c17.o [1]
Sdwe_disString          0x080306ab     0x82  Code  Gb  bsp_sdwe050c17.o [1]
Sdwe_hidden_page        0x08030d07     0x30  Code  Gb  bsp_sdwe050c17.o [1]
Sdwe_peiliao_page       0x08030b79     0xf6  Code  Gb  bsp_sdwe050c17.o [1]
Sdwe_period_page        0x08030c9f     0x68  Code  Gb  bsp_sdwe050c17.o [1]
Sdwe_product_page       0x080309f7    0x182  Code  Gb  bsp_sdwe050c17.o [1]
Sdwe_readRTC            0x0803081f     0x30  Code  Gb  bsp_sdwe050c17.o [1]
Sdwe_refresh_allname    0x080309af     0x48  Code  Gb  bsp_sdwe050c17.o [1]
Sdwe_refresh_filename   0x08030879    0x136  Code  Gb  bsp_sdwe050c17.o [1]
Sdwe_stop_page          0x08030d37    0x36a  Code  Gb  bsp_sdwe050c17.o [1]
Sdwe_writeIcon          0x080307ab     0x58  Code  Gb  bsp_sdwe050c17.o [1]
ServoMotorRunning       0x08032db7     0x22  Code  Gb  bsp_servomotor.o [1]
SetSysClock             0x0804080f     0xce  Code  Lc  system_stm32f4xx.o [1]
SlavePara               0x2001e704     0xa4  Data  Gb  protocol.o [1]
StepMotor_adjust_speed  0x080369ab     0x36  Code  Gb  bsp_stepmotor.o [1]
StepMotor_start         0x08036a0d     0x2c  Code  Gb  bsp_stepmotor.o [1]
StepMotor_stop          0x080369e1     0x2c  Code  Gb  bsp_stepmotor.o [1]
StopCondition           0x2001ee70      0x4  Data  Gb  bsp_sdio_sd.o [1]
SysTick_Handler         0x08037847     0x2c  Code  Gb  port.o [1]
SystemCoreClock         0x200001c0      0x4  Data  Gb  system_stm32f4xx.o [1]
SystemInit              0x080407bd     0x52  Code  Gb  system_stm32f4xx.o [1]
TI1_Config              0x080366a1     0x38  Code  Lc  stm32f4xx_tim.o [1]
TI2_Config              0x080366d9     0x42  Code  Lc  stm32f4xx_tim.o [1]
TI3_Config              0x0803671b     0x40  Code  Lc  stm32f4xx_tim.o [1]
TI4_Config              0x0803675b     0x42  Code  Lc  stm32f4xx_tim.o [1]
TIM1_PWM_SETPMOTOR      0x0803690d     0x9e  Code  Gb  bsp_stepmotor.o [1]
TIM2_IRQHandler         0x08038931     0xac  Code  Gb  bsp_timer.o [1]
TIM3CH2_CAPTURE_STA     0x2001ef3c      0x1  Data  Gb  encoder.o [1]
TIM3CH2_CAPTURE_VAL     0x2001ee8c      0x4  Data  Gb  encoder.o [1]
TIM3_IRQHandler         0x08036cab     0xc0  Code  Gb  encoder.o [1]
TIM3_PWM_SETPMOTOR      0x080368a5     0x68  Code  Gb  bsp_stepmotor.o [1]
TIM4_CH1_ConfigPwmOut   0x080329ad     0x1c  Code  Gb  bsp_servomotor.o [1]
TIM4_CH1_GPIO_Configuration
                        0x08032a23     0x42  Code  Gb  bsp_servomotor.o [1]
TIM4_CH1_PWMDMA_Config  0x08032ba3     0xb0  Code  Gb  bsp_servomotor.o [1]
TIM4_CH1_StartPwmOut    0x080329c9     0x2c  Code  Gb  bsp_servomotor.o [1]
TIM4_CH1_StopPwmOut     0x080329f5     0x2e  Code  Gb  bsp_servomotor.o [1]
TIM4_CH2_ConfigPwmOut   0x08032c53     0x1c  Code  Gb  bsp_servomotor.o [1]
TIM4_CH2_GPIO_Configuration
                        0x08032cc9     0x3e  Code  Gb  bsp_servomotor.o [1]
TIM4_CH2_PWMDMA_Config  0x08032d07     0xb0  Code  Gb  bsp_servomotor.o [1]
TIM4_CH2_StartPwmOut    0x08032c6f     0x2c  Code  Gb  bsp_servomotor.o [1]
TIM4_CH2_StopPwmOut     0x08032c9b     0x2e  Code  Gb  bsp_servomotor.o [1]
TIM4_PWM_Config         0x08032add     0xc6  Code  Gb  bsp_servomotor.o [1]
TIM6_DAC_IRQHandler     0x08040fc7     0x22  Code  Gb  SysInfoTest.o [1]
TIM8_CC_IRQHandler      0x08036bbd     0xee  Code  Gb  encoder.o [1]
TIM_ARRPreloadConfig    0x08036297     0x1c  Code  Gb  stm32f4xx_tim.o [1]
TIM_CallBack1           0x0802ecc9     0x3c  Code  Gb  apptask.o [1]
TIM_ClearITPendingBit   0x08036683      0x8  Code  Gb  stm32f4xx_tim.o [1]
TIM_Cmd                 0x080362b3     0x1c  Code  Gb  stm32f4xx_tim.o [1]
TIM_CtrlPWMOutputs      0x08036619     0x22  Code  Gb  stm32f4xx_tim.o [1]
TIM_DMACmd              0x0803668b     0x16  Code  Gb  stm32f4xx_tim.o [1]
TIM_DeInit              0x080360b1    0x17c  Code  Gb  stm32f4xx_tim.o [1]
TIM_GetITStatus         0x08036651     0x32  Code  Gb  stm32f4xx_tim.o [1]
TIM_ICInit              0x0803655d     0x70  Code  Gb  stm32f4xx_tim.o [1]
TIM_ITConfig            0x0803663b     0x16  Code  Gb  stm32f4xx_tim.o [1]
TIM_OC1Init             0x080362cf     0x7e  Code  Gb  stm32f4xx_tim.o [1]
TIM_OC2Init             0x0803634d     0x8c  Code  Gb  stm32f4xx_tim.o [1]
TIM_OC2PreloadConfig    0x08036523     0x14  Code  Gb  stm32f4xx_tim.o [1]
TIM_OC3Init             0x080363d9     0x8a  Code  Gb  stm32f4xx_tim.o [1]
TIM_OC3PreloadConfig    0x08036537     0x12  Code  Gb  stm32f4xx_tim.o [1]
TIM_OC4Init             0x08036463     0x68  Code  Gb  stm32f4xx_tim.o [1]
TIM_OC4PreloadConfig    0x08036549     0x14  Code  Gb  stm32f4xx_tim.o [1]
TIM_OCStructInit        0x08036501     0x22  Code  Gb  stm32f4xx_tim.o [1]
TIM_SetIC1Prescaler     0x080365cd     0x12  Code  Gb  stm32f4xx_tim.o [1]
TIM_SetIC2Prescaler     0x080365df     0x14  Code  Gb  stm32f4xx_tim.o [1]
TIM_SetIC3Prescaler     0x080365f3     0x12  Code  Gb  stm32f4xx_tim.o [1]
TIM_SetIC4Prescaler     0x08036605     0x14  Code  Gb  stm32f4xx_tim.o [1]
TIM_TimeBaseInit        0x0803622d     0x6a  Code  Gb  stm32f4xx_tim.o [1]
Task_iwdg_refresh       0x0802ef1d     0x56  Code  Gb  apptask.o [1]
TransferEnd             0x2001ee74      0x4  Data  Gb  bsp_sdio_sd.o [1]
TransferError           0x2001ef39      0x1  Data  Gb  bsp_sdio_sd.o [1]
UART1ToPC               0x08038629     0x30  Code  Gb  bsp_uart_fifo.o [1]
UART2ToPC               0x08038659     0x30  Code  Gb  bsp_uart_fifo.o [1]
UART2_RX_BUF            0x2001e9a8     0x64  Data  Gb  bsp_uart_fifo.o [1]
UART3ToPC               0x080386c5     0x30  Code  Gb  bsp_uart_fifo.o [1]
UART4ToPC               0x080386f5     0x30  Code  Gb  bsp_uart_fifo.o [1]
UART4_IRQHandler        0x0803853b     0x84  Code  Gb  bsp_uart_fifo.o [1]
UART4_RX_BUF            0x2001e944     0x64  Data  Gb  bsp_uart_fifo.o [1]
UART5ToPC               0x08038725     0x30  Code  Gb  bsp_uart_fifo.o [1]
UART5_IRQHandler        0x080385bf     0x6a  Code  Gb  bsp_uart_fifo.o [1]
USART1_IRQHandler       0x080384ab     0x1e  Code  Gb  bsp_uart_fifo.o [1]
USART2_IRQHandler       0x080384c9     0x68  Code  Gb  bsp_uart_fifo.o [1]
USART3_IRQHandler       0x08038531      0xa  Code  Gb  bsp_uart_fifo.o [1]
USART_ClearFlag         0x0803af53      0xc  Code  Gb  stm32f4xx_usart.o [1]
USART_ClearITPendingBit
                        0x0803afcf     0x26  Code  Gb  stm32f4xx_usart.o [1]
USART_Cmd               0x0803ae9d     0x1c  Code  Gb  stm32f4xx_usart.o [1]
USART_DMACmd            0x0803aec9     0x16  Code  Gb  stm32f4xx_usart.o [1]
USART_GetFlagStatus     0x0803af35     0x1e  Code  Gb  stm32f4xx_usart.o [1]
USART_GetITStatus       0x0803af5f     0x70  Code  Gb  stm32f4xx_usart.o [1]
USART_ITConfig          0x0803aedf     0x56  Code  Gb  stm32f4xx_usart.o [1]
USART_Init              0x0803ada1     0xee  Code  Gb  stm32f4xx_usart.o [1]
USART_ReceiveData       0x0803aec1      0x8  Code  Gb  stm32f4xx_usart.o [1]
USART_SendData          0x0803aeb9      0x8  Code  Gb  stm32f4xx_usart.o [1]
USBH_Alloc_Channel      0x0803a111     0x2e  Code  Gb  usbh_hcs.o [1]
USBH_BulkReceiveData    0x0803a7b5     0x62  Code  Gb  usbh_ioreq.o [1]
USBH_BulkSendData       0x0803a753     0x62  Code  Gb  usbh_ioreq.o [1]
USBH_CfgDesc            0x2001e324    0x200  Data  Gb  usbh_stdreq.o [1]
USBH_ClrFeature         0x0803a35b     0x4c  Code  Gb  usbh_stdreq.o [1]
USBH_Connected          0x08032ff1      0xc  Code  Gb  usbh_core.o [1]
USBH_CtlReceiveData     0x0803a70d     0x46  Code  Gb  usbh_ioreq.o [1]
USBH_CtlReq             0x0803a5e7     0x6e  Code  Gb  usbh_ioreq.o [1]
USBH_CtlSendData        0x0803a699     0x74  Code  Gb  usbh_ioreq.o [1]
USBH_CtlSendSetup       0x0803a655     0x44  Code  Gb  usbh_ioreq.o [1]
USBH_DataInBuffer       0x2001e124    0x200  Data  Gb  usbh_msc_scsi.o [1]
USBH_DeAllocate_AllChannel
                        0x0803a163     0x20  Code  Gb  usbh_hcs.o [1]
USBH_DeInit             0x08033057     0x3e  Code  Gb  usbh_core.o [1]
USBH_Disconnected       0x08032ffd      0xc  Code  Gb  usbh_core.o [1]
USBH_ErrorHandle        0x08033267     0x34  Code  Gb  usbh_core.o [1]
USBH_Free_Channel       0x0803a13f     0x24  Code  Gb  usbh_hcs.o [1]
USBH_GetDescriptor      0x0803a2bb     0x4e  Code  Gb  usbh_stdreq.o [1]
USBH_GetFreeChannel     0x0803a183     0x2e  Code  Lc  usbh_hcs.o [1]
USBH_GetNextDesc        0x0803a5cf     0x18  Code  Gb  usbh_stdreq.o [1]
USBH_Get_CfgDesc        0x0803a1f7     0x78  Code  Gb  usbh_stdreq.o [1]
USBH_Get_DevDesc        0x0803a1b1     0x46  Code  Gb  usbh_stdreq.o [1]
USBH_Get_StringDesc     0x0803a26f     0x4c  Code  Gb  usbh_stdreq.o [1]
USBH_HCD_INT_cb         0x200001b0      0xc  Data  Gb  usbh_core.o [1]
USBH_HCD_INT_fops       0x200001c4      0x4  Data  Gb  usbh_core.o [1]
USBH_HandleControl      0x080334af    0x29a  Code  Gb  usbh_core.o [1]
USBH_HandleEnum         0x0803329b    0x214  Code  Lc  usbh_core.o [1]
USBH_Init               0x0803300f     0x48  Code  Gb  usbh_core.o [1]
USBH_MSC_BOTReset       0x0803f5c5     0x28  Code  Lc  usbh_msc_core.o [1]
USBH_MSC_BOTXferParam   0x2001ed98     0x10  Data  Gb  usbh_msc_bot.o [1]
USBH_MSC_BOT_Abort      0x0803e375     0x5c  Code  Gb  usbh_msc_bot.o [1]
USBH_MSC_CBWData        0x2001ec50     0x20  Data  Gb  usbh_msc_bot.o [1]
USBH_MSC_CSWData        0x2001ed88     0x10  Data  Gb  usbh_msc_bot.o [1]
USBH_MSC_ClassRequest   0x0803f3b3     0x12  Code  Lc  usbh_msc_core.o [1]
USBH_MSC_DecodeCSW      0x0803e3d1     0x7a  Code  Gb  usbh_msc_bot.o [1]
USBH_MSC_ErrorHandle    0x0803f615     0x3e  Code  Gb  usbh_msc_core.o [1]
USBH_MSC_GETMaxLUN      0x0803f5ed     0x28  Code  Lc  usbh_msc_core.o [1]
USBH_MSC_Handle         0x0803f3c5    0x200  Code  Lc  usbh_msc_core.o [1]
USBH_MSC_HandleBOTXfer  0x0803df71    0x404  Code  Gb  usbh_msc_bot.o [1]
USBH_MSC_Init           0x0803df2d     0x44  Code  Gb  usbh_msc_bot.o [1]
USBH_MSC_InterfaceDeInit
                        0x0803f367     0x4c  Code  Lc  usbh_msc_core.o [1]
USBH_MSC_InterfaceInit  0x0803f281     0xe6  Code  Lc  usbh_msc_core.o [1]
USBH_MSC_ModeSense6     0x0803db27    0x10c  Code  Gb  usbh_msc_scsi.o [1]
USBH_MSC_Param          0x2001eda8     0x10  Data  Gb  usbh_msc_scsi.o [1]
USBH_MSC_Read10         0x0803de0d    0x106  Code  Gb  usbh_msc_scsi.o [1]
USBH_MSC_ReadCapacity10
                        0x0803d9fd    0x12a  Code  Gb  usbh_msc_scsi.o [1]
USBH_MSC_RequestSense   0x0803dc33     0xee  Code  Gb  usbh_msc_scsi.o [1]
USBH_MSC_TestUnitReady  0x0803d915     0xe8  Code  Gb  usbh_msc_scsi.o [1]
USBH_MSC_Write10        0x0803dd21     0xec  Code  Gb  usbh_msc_scsi.o [1]
USBH_MSC_cb             0x200001a0     0x10  Data  Gb  usbh_msc_core.o [1]
USBH_Modify_Channel     0x0803a09d     0x74  Code  Gb  usbh_hcs.o [1]
USBH_OTG_ISR_Handler    0x0803e601     0xb8  Code  Gb  usb_hcd_int.o [1]
USBH_Open_Channel       0x08039ff7     0xa6  Code  Gb  usbh_hcs.o [1]
USBH_ParseCfgDesc       0x0803a403    0x13c  Code  Lc  usbh_stdreq.o [1]
USBH_ParseDevDesc       0x0803a3a7     0x5c  Code  Lc  usbh_stdreq.o [1]
USBH_ParseEPDesc        0x0803a573     0x20  Code  Lc  usbh_stdreq.o [1]
USBH_ParseInterfaceDesc
                        0x0803a54d     0x26  Code  Lc  usbh_stdreq.o [1]
USBH_ParseStringDesc    0x0803a593     0x3c  Code  Lc  usbh_stdreq.o [1]
USBH_Process            0x08033095    0x1d2  Code  Gb  usbh_core.o [1]
USBH_SOF                0x08033009      0x6  Code  Gb  usbh_core.o [1]
USBH_SetAddress         0x0803a309     0x2a  Code  Gb  usbh_stdreq.o [1]
USBH_SetCfg             0x0803a333     0x28  Code  Gb  usbh_stdreq.o [1]
USBH_SubmitSetupRequest
                        0x0803a817     0x16  Code  Lc  usbh_ioreq.o [1]
USBH_USR_Configuration_DescAvailable
                        0x08032ef9     0x26  Code  Gb  usbh_usr.o [1]
USBH_USR_DeInit         0x08032fed      0x2  Code  Gb  usbh_usr.o [1]
USBH_USR_DeviceAddressAssigned
                        0x08032ef7      0x2  Code  Gb  usbh_usr.o [1]
USBH_USR_DeviceAttached
                        0x08032e71      0xa  Code  Gb  usbh_usr.o [1]
USBH_USR_DeviceDisconnected
                        0x08032e85     0x1a  Code  Gb  usbh_usr.o [1]
USBH_USR_DeviceNotSupported
                        0x08032f63      0xa  Code  Gb  usbh_usr.o [1]
USBH_USR_DeviceSpeedDetected
                        0x08032ea9     0x36  Code  Gb  usbh_usr.o [1]
USBH_USR_Device_DescAvailable
                        0x08032edf     0x18  Code  Gb  usbh_usr.o [1]
USBH_USR_EnumerationDone
                        0x08032f49     0x1a  Code  Gb  usbh_usr.o [1]
USBH_USR_Init           0x08032e4d     0x24  Code  Gb  usbh_usr.o [1]
USBH_USR_MSC_Application
                        0x08032fe9      0x4  Code  Gb  usbh_usr.o [1]
USBH_USR_Manufacturer_String
                        0x08032f1f      0xe  Code  Gb  usbh_usr.o [1]
USBH_USR_OverCurrentDetected
                        0x08032f71      0xa  Code  Gb  usbh_usr.o [1]
USBH_USR_Product_String
                        0x08032f2d      0xe  Code  Gb  usbh_usr.o [1]
USBH_USR_ResetDevice    0x08032e9f      0xa  Code  Gb  usbh_usr.o [1]
USBH_USR_SerialNum_String
                        0x08032f3b      0xe  Code  Gb  usbh_usr.o [1]
USBH_USR_UnrecoveredError
                        0x08032e7b      0xa  Code  Gb  usbh_usr.o [1]
USBH_USR_UserInput      0x08032f6d      0x4  Code  Gb  usbh_usr.o [1]
USB_Host                0x2001e840     0x94  Data  Gb  usbh_usr.o [1]
USB_OTG_BSP_DisableInterrupt
                        0x08039e85     0x22  Code  Gb  usb_bsp.o [1]
USB_OTG_BSP_EnableInterrupt
                        0x08039ea7     0x54  Code  Gb  usb_bsp.o [1]
USB_OTG_BSP_Init        0x08039dd5     0xb0  Code  Gb  usb_bsp.o [1]
USB_OTG_BSP_mDelay      0x08039f15      0xc  Code  Gb  usb_bsp.o [1]
USB_OTG_BSP_uDelay      0x08039f09      0xc  Code  Gb  usb_bsp.o [1]
USB_OTG_Core            0x2001d3cc    0x5ac  Data  Gb  usbh_usr.o [1]
USB_OTG_CoreInit        0x0803b645     0xce  Code  Gb  usb_core.o [1]
USB_OTG_CoreInitHost    0x0803b851     0xd0  Code  Gb  usb_core.o [1]
USB_OTG_CoreReset       0x0803b48f     0x60  Code  Lc  usb_core.o [1]
USB_OTG_DisableGlobalInt
                        0x0803b731     0x1e  Code  Gb  usb_core.o [1]
USB_OTG_DriveVbus       0x0803b931     0x54  Code  Gb  usb_core.o [1]
USB_OTG_EnableCommonInt
                        0x0803b46d     0x22  Code  Lc  usb_core.o [1]
USB_OTG_EnableGlobalInt
                        0x0803b713     0x1e  Code  Gb  usb_core.o [1]
USB_OTG_EnableHostInt   0x0803b985     0x4e  Code  Gb  usb_core.o [1]
USB_OTG_FlushRxFifo     0x0803b797     0x40  Code  Gb  usb_core.o [1]
USB_OTG_FlushTxFifo     0x0803b74f     0x48  Code  Gb  usb_core.o [1]
USB_OTG_GetMode         0x0803b81d      0xa  Code  Gb  usb_core.o [1]
USB_OTG_HC_DoPing       0x0803be75     0x48  Code  Gb  usb_core.o [1]
USB_OTG_HC_Halt         0x0803be01     0x74  Code  Gb  usb_core.o [1]
USB_OTG_HC_Init         0x0803ba31    0x1d0  Code  Gb  usb_core.o [1]
USB_OTG_HC_StartXfer    0x0803bc01    0x200  Code  Gb  usb_core.o [1]
USB_OTG_InitFSLSPClkSel
                        0x0803b9d3     0x12  Code  Gb  usb_core.o [1]
[...]
f_close                 0x08035845     0x38  Code  Gb  ff.o [1]
f_mount                 0x08035279     0x66  Code  Gb  ff.o [1]
f_open                  0x080352df    0x20e  Code  Gb  ff.o [1]
f_opendir               0x0803587d     0xb2  Code  Gb  ff.o [1]
f_readdir               0x0803592f     0x74  Code  Gb  ff.o [1]
f_sync                  0x0803578f     0xb6  Code  Gb  ff.o [1]
f_write                 0x080354fd    0x292  Code  Gb  ff.o [1]
ff_convert              0x0803ab11     0x80  Code  Gb  cc936.o [1]
ff_wtoupper             0x0803ab91     0x64  Code  Gb  cc936.o [1]
file_select             0x2001ede8      0xc  Data  Gb  protocol.o [1]
final_per_meter         0x0803183d     0x1a  Code  Gb  product_cal.o [1]
find_volume             0x08034de9    0x45a  Code  Lc  ff.o [1]
fit_lfn                 0x08034323     0x88  Code  Lc  ff.o [1]
follow_path             0x08034c83     0x90  Code  Lc  ff.o [1]
fputc                   0x08038755     0x22  Code  Gb  bsp_uart_fifo.o [1]
from_speed_step         0x08036f39     0x42  Code  Gb  page_weimi.o [1]
g_tUart3                0x2001ebb4     0x28  Data  Gb  bsp_uart_fifo.o [1]
gen_numname             0x080343b1     0xec  Code  Lc  ff.o [1]
get_card_type           0x080319b3     0xe4  Code  Gb  product_cal.o [1]
get_class_time          0x080318bb     0x7a  Code  Gb  product_cal.o [1]
get_fat                 0x08033b77    0x11c  Code  Gb  ff.o [1]
get_fattime             0x0803aaf7      0x4  Code  Gb  diskio.o [1]
get_fileinfo            0x0803482d    0x13c  Code  Lc  ff.o [1]
get_float_1bit          0x08031899     0x22  Code  Gb  product_cal.o [1]
get_ldnumber            0x08034d13     0x50  Code  Lc  ff.o [1]
get_main_speed          0x08036f05     0x32  Code  Gb  page_weimi.o [1]
get_period_state        0x08031935     0x54  Code  Gb  product_cal.o [1]
get_valid_length        0x08031669     0x26  Code  Gb  bsp_sdwe050c17.o [1]
get_weimi_para          0x08036ebb     0x4a  Code  Gb  page_weimi.o [1]
hex_to_decimal          0x0803168f     0x26  Code  Gb  bsp_sdwe050c17.o [1]
idwgEventGroup          0x2001ee5c      0x4  Data  Gb  apptask.o [1]
inc_card_type           0x08031aa1    0x11c  Code  Gb  product_cal.o [1]
inc_lock                0x08033877     0xe8  Code  Lc  ff.o [1]
init_peiliao_para       0x08031775     0x50  Code  Gb  product_cal.o [1]
init_product_para       0x080316b5     0xc0  Code  Gb  product_cal.o [1]
init_weimi_para         0x08036e13     0xa8  Code  Gb  page_weimi.o [1]
input_password_buf      0x2001eddc      0xc  Data  Gb  protocol.o [1]
input_password_len      0x2001ef46      0x1  Data  Gb  protocol.o [1]
isDevicePeriod          0x2001ef37      0x1  Data  Gb  apptask.o [1]
isWork                  0x2001ef31      0x1  Data  Gb  apptask.o [1]
is_same_data            0x08031989     0x2a  Code  Gb  product_cal.o [1]
is_stop                 0x2001ef41      0x1  Data  Gb  page_weimi.o [1]
lcd_busy                0x2001ef3a      0x1  Data  Gb  bsp_sdwe050c17.o [1]
lcd_rev_buf             0x2001eb54     0x34  Data  Gb  bsp_sdwe050c17.o [1]
lcd_rev_len             0x2001ef1c      0x2  Data  Gb  bsp_sdwe050c17.o [1]
ld_clust                0x080341a1     0x28  Code  Lc  ff.o [1]
localeconv              0x0803b3b7     0x16  Code  Gb  localeconv.o [3]
m_ctrl_dev              0x2001ee08      0x8  Data  Gb  modbus.o [1]
main                    0x080411a1     0x2c  Code  Gb  main.o [1]
mallco_dev              0x20000160     0x1c  Data  Gb  malloc.o [1]
mb_init                 0x08035da9     0x30  Code  Gb  modbus.o [1]
mb_packsend_frame       0x08035cb7     0xf2  Code  Gb  modbus.o [1]
mb_unpack_frame         0x08035b75    0x142  Code  Gb  modbus.o [1]
mc_check_crc16          0x0803ac71     0x40  Code  Gb  mcheck.o [1]
mc_check_crc8           0x0803ac4d     0x24  Code  Gb  mcheck.o [1]
mc_check_sum            0x0803ac05     0x2e  Code  Gb  mcheck.o [1]
mc_check_xor            0x0803ac33     0x1a  Code  Gb  mcheck.o [1]
mem1base                0x200119cc   0xa000  Data  Gb  malloc.o [1]
mem1mapbase             0x2001c9cc    0xa00  Data  Gb  malloc.o [1]
mem2base                0x68000000  0xf0000  Data  Gb  malloc.o [1]
mem2mapbase             0x680f0000   0xf000  Data  Gb  malloc.o [1]
mem_cmp                 0x08033783     0x24  Code  Lc  ff.o [1]
mem_cpy                 0x08033751     0x1c  Code  Lc  ff.o [1]
mem_set                 0x0803376d     0x16  Code  Lc  ff.o [1]
memblksize              0x08041bd8      0x8  Data  Gb  malloc.o [1]
memchr                  0x0803b081           Code  Gb  memchr.o [5]
memsize                 0x08041be0      0x8  Data  Gb  malloc.o [1]
memtblsize              0x08041bd0      0x8  Data  Gb  malloc.o [1]
modbus_send_frame       0x08035dd9     0xe6  Code  Gb  modbus.o [1]
move_window             0x08033a45     0x40  Code  Lc  ff.o [1]
my_mem_free             0x0803224b     0x6c  Code  Gb  malloc.o [1]
my_mem_init             0x0803210f     0x42  Code  Gb  malloc.o [1]
my_mem_malloc           0x0803218f     0xbc  Code  Gb  malloc.o [1]
my_mem_perused          0x08032151     0x3e  Code  Gb  malloc.o [1]
myfree                  0x080322b7     0x24  Code  Gb  malloc.o [1]
mymalloc                0x080322db     0x2a  Code  Gb  malloc.o [1]
mymemset                0x080320f9     0x16  Code  Gb  malloc.o [1]
obuf                    0x2001eab8     0x50  Data  Lc  xfiles.o [3]
oem2uni                 0x0801560c  0x15484  Data  Lc  cc936.o [1]
old_card_record         0x2001ef35      0x1  Data  Gb  apptask.o [1]
old_isWork              0x2001ef32      0x1  Data  Gb  apptask.o [1]
old_is_stop             0x200001ca      0x1  Data  Gb  page_weimi.o [1]
old_plan_complete       0x2001ef44      0x1  Data  Gb  product_cal.o [1]
para_init               0x0804005f     0x80  Code  Gb  para.o [1]
pcInterruptPriorityRegisters
                        0x08041c14      0x4  Data  Lc  port.o [1]
peiliao_para            0x2001eb88     0x2c  Data  Gb  product_cal.o [1]
pick_lfn                0x08034297     0x8c  Code  Lc  ff.o [1]
plan_complete           0x2001ef43      0x1  Data  Gb  product_cal.o [1]
pluse_count             0x2001ef16      0x2  Data  Gb  apptask.o [1]
printf                  0x08032091     0x24  Code  Gb  printf.o [3]
product_complete_kilo   0x08031869     0x30  Code  Gb  product_cal.o [1]
product_complete_meter  0x08031857     0x12  Code  Gb  product_cal.o [1]
product_para            0x2001ec04     0x28  Data  Gb  product_cal.o [1]
product_per_meter       0x080317c5     0x78  Code  Gb  product_cal.o [1]
prvAddCurrentTaskToDelayedList
                        0x0802fb0d     0x48  Code  Lc  tasks.o [1]
prvAllocateTCBAndStack  0x0802fb55     0x5a  Code  Lc  tasks.o [1]
prvCheckForValidListAndQueue
                        0x08037647     0x52  Code  Lc  timers.o [1]
prvCheckTasksWaitingTermination
                        0x0802faa3     0x66  Code  Lc  tasks.o [1]
prvCopyDataFromQueue    0x0803033d     0x30  Code  Lc  queue.o [1]
prvCopyDataToQueue      0x080302b9     0x84  Code  Lc  queue.o [1]
prvDeleteTCB            0x0802fbaf     0x12  Code  Lc  tasks.o [1]
prvGetNextExpireTime    0x08037433     0x2e  Code  Lc  timers.o [1]
prvHeapInit             0x08037b35     0x6e  Code  Lc  heap_4.o [1]
prvIdleTask             0x0802f9bd     0x26  Code  Lc  tasks.o [1]
prvInitialiseTCBVariables
                        0x0802f9e3     0x6a  Code  Lc  tasks.o [1]
prvInitialiseTaskLists  0x0802fa4d     0x56  Code  Lc  tasks.o [1]
prvInsertBlockIntoFreeList
                        0x08037ba3     0x62  Code  Lc  heap_4.o [1]
prvInsertTimerInActiveList
                        0x08037489     0x50  Code  Lc  timers.o [1]
prvIsQueueEmpty         0x080303d7     0x20  Code  Lc  queue.o [1]
prvIsQueueFull          0x080303f7     0x22  Code  Lc  queue.o [1]
prvProcessExpiredTimer  0x0803734b     0x5c  Code  Lc  timers.o [1]
prvProcessReceivedCommands
                        0x080374d9     0xde  Code  Lc  timers.o [1]
prvProcessTimerOrBlockTask
                        0x080373c3     0x70  Code  Lc  timers.o [1]
prvResetNextTaskUnblockTime
                        0x0802fbc1     0x26  Code  Lc  tasks.o [1]
prvSampleTimeNow        0x08037461     0x28  Code  Lc  timers.o [1]
prvSwitchTimerLists     0x080375b7     0x90  Code  Lc  timers.o [1]
prvTaskExitError        0x080376e5     0x2a  Code  Lc  port.o [1]
prvTestWaitCondition    0x080371ef     0x24  Code  Lc  event_groups.o [1]
prvTimerTask            0x080373a9     0x1a  Code  Lc  timers.o [1]
prvUnlockQueue          0x0803036d     0x6a  Code  Lc  queue.o [1]
put_fat                 0x08033c93    0x16c  Code  Gb  ff.o [1]
putchar                 0x08041811      0xc  Code  Gb  putchar.o [3]
pvPortMalloc            0x080379a5    0x118  Code  Gb  heap_4.o [1]
pxCurrentTCB            0x2001eeb4      0x4  Data  Gb  tasks.o [1]
pxCurrentTimerList      0x2001eef4      0x4  Data  Lc  timers.o [1]
pxDelayedTaskList       0x2001eeb8      0x4  Data  Lc  tasks.o [1]
pxEnd                   0x2001ee94      0x4  Data  Lc  heap_4.o [1]
pxOverflowDelayedTaskList
                        0x2001eebc      0x4  Data  Lc  tasks.o [1]
pxOverflowTimerList     0x2001eef8      0x4  Data  Lc  timers.o [1]
pxPortInitialiseStack   0x080376c1     0x24  Code  Gb  port.o [1]
pxReadyTasksLists       0x2001e63c     0xc8  Data  Lc  tasks.o [1]
rc522_cmd_anticoll      0x08035b19     0x5a  Code  Gb  rc522.o [1]
rc522_cmd_request       0x08035ac5     0x54  Code  Gb  rc522.o [1]
readSlave               0x2001edc4      0xc  Data  Gb  apptask.o [1]
read_device_info        0x0803fe21    0x23e  Code  Gb  para.o [1]
read_file_select        0x2001edf4      0xc  Data  Gb  protocol.o [1]
remove_chain            0x08033dff     0x76  Code  Lc  ff.o [1]
rfid_rev_buf            0x2001ecc8     0x14  Data  Gb  rc522.o [1]
rfid_rev_cnt            0x2001ef48      0x1  Data  Gb  rc522.o [1]
rfid_rev_flag           0x2001ef47      0x1  Data  Gb  rc522.o [1]
rtc_time                0x2001ee10      0x8  Data  Gb  protocol.o [1]
s_TIM_CallBack1         0x2001ee7c      0x4  Data  Lc  bsp_timer.o [1]
s_TIM_CallBack2         0x2001ee80      0x4  Data  Lc  bsp_timer.o [1]
s_TIM_CallBack3         0x2001ee84      0x4  Data  Lc  bsp_timer.o [1]
s_TIM_CallBack4         0x2001ee88      0x4  Data  Lc  bsp_timer.o [1]
sample_time             0x2001ef14      0x2  Data  Gb  apptask.o [1]
sdew_weimi_page1        0x080310d9    0x236  Code  Gb  bsp_sdwe050c17.o [1]
sdew_weimi_page2        0x0803130f    0x236  Code  Gb  bsp_sdwe050c17.o [1]
sdew_weisha_page1       0x08031545     0x92  Code  Gb  bsp_sdwe050c17.o [1]
sdew_weisha_page2       0x080315d7     0x92  Code  Gb  bsp_sdwe050c17.o [1]
servomotor_mode         0x2001ef40      0x1  Data  Gb  page_weimi.o [1]
slave_info              0x2001edb8      0xc  Data  Gb  apptask.o [1]
speed_zhu               0x2001ef28      0x2  Data  Gb  page_weimi.o [1]
sprintf                 0x080359b5     0x34  Code  Gb  sprintf.o [3]
st_clust                0x080341c9     0x18  Code  Lc  ff.o [1]
step_motor_adjust       0x2001ef3f      0x1  Data  Gb  page_weimi.o [1]
strcat                  0x080359e9     0x1c  Code  Gb  strcat.o [3]
strchr                  0x0803b069           Code  Gb  strchr.o [5]
strlen                  0x08032911           Code  Gb  strlen.o [5]
strstr                  0x08035f75     0x10  Code  Gb  apptask.o [1]
sum_sfn                 0x0803449d     0x20  Code  Lc  ff.o [1]
sync_fs                 0x08033a85     0xd8  Code  Lc  ff.o [1]
sync_window             0x080339eb     0x5a  Code  Lc  ff.o [1]
system_state_dis        0x0804062c    0x190  Data  Gb  product_cal.o [1]
total_meter_gross       0x2001eea8      0x4  Data  Gb  product_cal.o [1]
total_weight_gross      0x2001eeac      0x4  Data  Gb  product_cal.o [1]
ucHeap                  0x200001cc  0x11800  Data  Lc  heap_4.o [1]
ucMaxSysCallPriority    0x2001ef42      0x1  Data  Lc  port.o [1]
ulHighFrequencyTimerTicks
                        0x2001eeb0      0x4  Data  Gb  SysInfoTest.o [1]
ulMaxPRIGROUPValue      0x2001eea4      0x4  Data  Lc  port.o [1]
ulTaskSwitchedInTime    0x2001eeec      0x4  Data  Lc  tasks.o [1]
ulTotalRunTime          0x2001eef0      0x4  Data  Lc  tasks.o [1]
uni2oem                 0x08000188  0x15484  Data  Lc  cc936.o [1]
usb_disk_flag           0x2001ef33      0x1  Data  Gb  apptask.o [1]
usbh_OpenMassStorage    0x08032e39     0x14  Code  Gb  usbh_usr.o [1]
uxCriticalNesting       0x200001bc      0x4  Data  Lc  port.o [1]
uxCurrentNumberOfTasks  0x2001eec4      0x4  Data  Lc  tasks.o [1]
uxListRemove            0x0803797d     0x28  Code  Gb  list.o [1]
uxPendedTicks           0x2001eed4      0x4  Data  Lc  tasks.o [1]
uxSchedulerSuspended    0x2001eee8      0x4  Data  Lc  tasks.o [1]
uxTaskNumber            0x2001eee0      0x4  Data  Lc  tasks.o [1]
uxTaskResetEventItemValue
                        0x0802fc21     0x20  Code  Gb  tasks.o [1]
uxTasksDeleted          0x2001eec0      0x4  Data  Lc  tasks.o [1]
uxTopReadyPriority      0x2001eecc      0x4  Data  Lc  tasks.o [1]
vListInitialise         0x0803790d     0x1e  Code  Gb  list.o [1]
vListInsert             0x08037943     0x3a  Code  Gb  list.o [1]
vListInsertEnd          0x0803792b     0x18  Code  Gb  list.o [1]
vPortEnableVFP          0x0803ad85           Code  Gb  portasm.o [1]
vPortEnterCritical      0x080377db     0x3a  Code  Gb  port.o [1]
vPortExitCritical       0x08037815     0x32  Code  Gb  port.o [1]
vPortFree               0x08037abd     0x78  Code  Gb  heap_4.o [1]
vPortSetupTimerInterrupt
                        0x08037873      0xe  Code  Wk  port.o [1]
vPortStartFirstTask     0x0803ad6d           Code  Gb  portasm.o [1]
vPortValidateInterruptPriority
                        0x08037881     0x4e  Code  Gb  port.o [1]
vQueueWaitForMessageRestricted
                        0x08030419     0x44  Code  Gb  queue.o [1]
vSetupSysInfoTest       0x08040fb5     0x12  Code  Gb  SysInfoTest.o [1]
vTaskDelay              0x0802f219     0x84  Code  Gb  tasks.o [1]
vTaskFreq               0x0802e865     0xf2  Code  Lc  apptask.o [1]
vTaskManageCapacity     0x0802e015    0x5ac  Code  Gb  apptask.o [1]
vTaskMassStorage        0x0802d26d    0x23c  Code  Lc  apptask.o [1]
vTaskMissedYield        0x0802f9b3      0xa  Code  Gb  tasks.o [1]
vTaskMotorControl       0x0802e5c9    0x296  Code  Lc  apptask.o [1]
vTaskMsgPro             0x0802d8e5    0x426  Code  Lc  apptask.o [1]
vTaskPlaceOnEventList   0x0802f619     0x74  Code  Gb  tasks.o [1]
vTaskPlaceOnEventListRestricted
                        0x0802f751     0x80  Code  Gb  tasks.o [1]
vTaskPlaceOnUnorderedEventList
                        0x0802f6a9     0xa8  Code  Gb  tasks.o [1]
vTaskReadDisk           0x0802dde1    0x1b4  Code  Lc  apptask.o [1]
vTaskRev485             0x0802dd11     0xae  Code  Lc  apptask.o [1]
vTaskSetTimeOutState    0x0802f8fd     0x26  Code  Gb  tasks.o [1]
vTaskStartScheduler     0x0802f29d     0x7e  Code  Gb  tasks.o [1]
vTaskSuspendAll         0x0802f31b     0x10  Code  Gb  tasks.o [1]
vTaskSwitchContext      0x0802f569     0xb0  Code  Gb  tasks.o [1]
vTaskTaskLCD            0x0802aa91   0x27ae  Code  Gb  apptask.o [1]
vTaskTaskLED            0x0802d4d1     0x20  Code  Lc  apptask.o [1]
vTaskTaskRFID           0x0802d4f1    0x3c6  Code  Lc  apptask.o [1]
validate                0x08035243     0x36  Code  Lc  ff.o [1]
weimi_para              0x2001e524    0x118  Data  Gb  page_weimi.o [1]
work_idle               0x2001ef45      0x1  Data  Gb  product_cal.o [1]
work_idle_time          0x2001ef2a      0x2  Data  Gb  product_cal.o [1]
xActiveTimerList1       0x2001ed40     0x14  Data  Lc  timers.o [1]
xActiveTimerList2       0x2001ed54     0x14  Data  Lc  timers.o [1]
xBlockAllocatedBit      0x2001eea0      0x4  Data  Lc  heap_4.o [1]
xDelayedTaskList1       0x2001ecdc     0x14  Data  Lc  tasks.o [1]
xDelayedTaskList2       0x2001ecf0     0x14  Data  Lc  tasks.o [1]
xEventGroupCreate       0x08036fb1     0x1c  Code  Gb  event_groups.o [1]
xEventGroupSetBits      0x08037119     0xd6  Code  Gb  event_groups.o [1]
xEventGroupWaitBits     0x08036fcd    0x146  Code  Gb  event_groups.o [1]
xFreeBytesRemaining     0x2001ee98      0x4  Data  Lc  heap_4.o [1]
xHandleTaskFreq         0x2001ee3c      0x4  Data  Gb  apptask.o [1]
xHandleTaskLCD          0x2001ee18      0x4  Data  Gb  apptask.o [1]
xHandleTaskLED          0x2001ee1c      0x4  Data  Gb  apptask.o [1]
xHandleTaskManageCapacity
                        0x2001ee34      0x4  Data  Gb  apptask.o [1]
xHandleTaskMassStorage  0x2001ee24      0x4  Data  Gb  apptask.o [1]
xHandleTaskMotorControl
                        0x2001ee38      0x4  Data  Gb  apptask.o [1]
xHandleTaskMsgPro       0x2001ee2c      0x4  Data  Gb  apptask.o [1]
xHandleTaskRFID         0x2001ee20      0x4  Data  Gb  apptask.o [1]
xHandleTaskReadDisk     0x2001ee28      0x4  Data  Gb  apptask.o [1]
xHandleTaskRev485       0x2001ee30      0x4  Data  Gb  apptask.o [1]
xHeapStructSize         0x08041c10      0x4  Data  Lc  heap_4.o [1]
xMinimumEverFreeBytesRemaining
                        0x2001ee9c      0x4  Data  Lc  heap_4.o [1]
xNextTaskUnblockTime    0x2001eee4      0x4  Data  Lc  tasks.o [1]
xNumOfOverflows         0x2001eedc      0x4  Data  Lc  tasks.o [1]
xPendingReadyList       0x2001ed04     0x14  Data  Lc  tasks.o [1]
xPortStartScheduler     0x0803770f     0xcc  Code  Gb  port.o [1]
xQueueGenericCreate     0x0802fd25     0x7e  Code  Gb  queue.o [1]
xQueueGenericReceive    0x08030119    0x19c  Code  Gb  queue.o [1]
xQueueGenericReset      0x0802fc95     0x90  Code  Gb  queue.o [1]
xQueueGenericSend       0x0802fda3    0x1b2  Code  Gb  queue.o [1]
xQueueGenericSendFromISR
                        0x0802ff55     0xec  Code  Gb  queue.o [1]
xQueueGiveFromISR       0x08030041     0xd8  Code  Gb  queue.o [1]
xQueue_message          0x2001ee64      0x4  Data  Gb  apptask.o [1]
xSchedulerRunning       0x2001eed0      0x4  Data  Lc  tasks.o [1]
xSemaphore_download     0x2001ee54      0x4  Data  Gb  apptask.o [1]
xSemaphore_encoder      0x2001ee4c      0x4  Data  Gb  apptask.o [1]
xSemaphore_freq         0x2001ee50      0x4  Data  Gb  apptask.o [1]
xSemaphore_lcd          0x2001ee40      0x4  Data  Gb  apptask.o [1]
xSemaphore_pluse        0x2001ee48      0x4  Data  Gb  apptask.o [1]
xSemaphore_readDisk     0x2001ee58      0x4  Data  Gb  apptask.o [1]
xSemaphore_rs485        0x2001ee44      0x4  Data  Gb  apptask.o [1]
xStart                  0x2001ee00      0x8  Data  Lc  heap_4.o [1]
xSuspendedTaskList      0x2001ed2c     0x14  Data  Lc  tasks.o [1]
xTaskCheckForTimeOut    0x0802f929     0x8a  Code  Gb  tasks.o [1]
xTaskGenericCreate      0x0802f095    0x184  Code  Gb  tasks.o [1]
xTaskGetSchedulerState  0x0802fbe7     0x26  Code  Gb  tasks.o [1]
xTaskGetTickCount       0x0802f42b      0xa  Code  Gb  tasks.o [1]
xTaskIncrementTick      0x0802f435    0x134  Code  Gb  tasks.o [1]
xTaskRemoveFromEventList
                        0x0802f7d5     0x8e  Code  Gb  tasks.o [1]
xTaskRemoveFromUnorderedEventList
                        0x0802f869     0x94  Code  Gb  tasks.o [1]
xTaskResumeAll          0x0802f32b    0x100  Code  Gb  tasks.o [1]
xTasksWaitingTermination
                        0x2001ed18     0x14  Data  Lc  tasks.o [1]
xTickCount              0x2001eec8      0x4  Data  Lc  tasks.o [1]
xTimerCreate            0x08037265     0x62  Code  Gb  timers.o [1]
xTimerCreateTimerTask   0x08037215     0x50  Code  Gb  timers.o [1]
xTimerGenericCommand    0x080372c7     0x84  Code  Gb  timers.o [1]
xTimerQueue             0x2001eefc      0x4  Data  Lc  timers.o [1]
xTimerUser              0x2001ee60      0x4  Data  Gb  apptask.o [1]
xYieldPending           0x2001eed8      0x4  Data  Lc  tasks.o [1]


[1] = F:\work\YarnControl_Driver\src\stm32f4_rtos\Project\EWARMv7\Flash\Obj
[2] = command line
[3] = dl7M_tlf.a
[4] = m7M_tls.a
[5] = rt7M_tl.a
[6] = shb_l.a

   88 800 bytes of readonly  code memory
  181 090 bytes of readonly  data memory
  128 846 bytes of readwrite data memory (+ 1 044 480 absolute)

Errors: none
Warnings: none
