###############################################################################
#
# IAR ELF Linker V7.40.7.9843/W32 for ARM                 15/Jan/2019  23:40:23
# Copyright 2007-2015 IAR Systems AB.
#
#    Output file  =  
#        E:\WORK\YarnControl_Driver\YarnControl_Driver\src\stm32f4_rtos\Project\EWARMv7\Flash\Exe\project.out
#    Map file     =  
#        E:\WORK\YarnControl_Driver\YarnControl_Driver\src\stm32f4_rtos\Project\EWARMv7\Flash\List\project.map
#    Command line =  
#        E:\WORK\YarnControl_Driver\YarnControl_Driver\src\stm32f4_rtos\Project\EWARMv7\Flash\Obj\apptask.o
#        E:\WORK\YarnControl_Driver\YarnControl_Driver\src\stm32f4_rtos\Project\EWARMv7\Flash\Obj\bsp.o
#        E:\WORK\YarnControl_Driver\YarnControl_Driver\src\stm32f4_rtos\Project\EWARMv7\Flash\Obj\bsp_closeSW.o
#        E:\WORK\YarnControl_Driver\YarnControl_Driver\src\stm32f4_rtos\Project\EWARMv7\Flash\Obj\bsp_dwt.o
#        E:\WORK\YarnControl_Driver\YarnControl_Driver\src\stm32f4_rtos\Project\EWARMv7\Flash\Obj\bsp_led.o
#        E:\WORK\YarnControl_Driver\YarnControl_Driver\src\stm32f4_rtos\Project\EWARMv7\Flash\Obj\bsp_relay.o
#        E:\WORK\YarnControl_Driver\YarnControl_Driver\src\stm32f4_rtos\Project\EWARMv7\Flash\Obj\bsp_sdio_sd.o
#        E:\WORK\YarnControl_Driver\YarnControl_Driver\src\stm32f4_rtos\Project\EWARMv7\Flash\Obj\bsp_sdwe050c17.o
#        E:\WORK\YarnControl_Driver\YarnControl_Driver\src\stm32f4_rtos\Project\EWARMv7\Flash\Obj\bsp_servomotor.o
#        E:\WORK\YarnControl_Driver\YarnControl_Driver\src\stm32f4_rtos\Project\EWARMv7\Flash\Obj\bsp_spi.o
#        E:\WORK\YarnControl_Driver\YarnControl_Driver\src\stm32f4_rtos\Project\EWARMv7\Flash\Obj\bsp_stepmotor.o
#        E:\WORK\YarnControl_Driver\YarnControl_Driver\src\stm32f4_rtos\Project\EWARMv7\Flash\Obj\bsp_sw_onoff.o
#        E:\WORK\YarnControl_Driver\YarnControl_Driver\src\stm32f4_rtos\Project\EWARMv7\Flash\Obj\bsp_tim_pwm.o
#        E:\WORK\YarnControl_Driver\YarnControl_Driver\src\stm32f4_rtos\Project\EWARMv7\Flash\Obj\bsp_timer.o
#        E:\WORK\YarnControl_Driver\YarnControl_Driver\src\stm32f4_rtos\Project\EWARMv7\Flash\Obj\bsp_uart_fifo.o
#        E:\WORK\YarnControl_Driver\YarnControl_Driver\src\stm32f4_rtos\Project\EWARMv7\Flash\Obj\bsp_w25qxx.o
#        E:\WORK\YarnControl_Driver\YarnControl_Driver\src\stm32f4_rtos\Project\EWARMv7\Flash\Obj\bsp_watchdog.o
#        E:\WORK\YarnControl_Driver\YarnControl_Driver\src\stm32f4_rtos\Project\EWARMv7\Flash\Obj\cc936.o
#        E:\WORK\YarnControl_Driver\YarnControl_Driver\src\stm32f4_rtos\Project\EWARMv7\Flash\Obj\croutine.o
#        E:\WORK\YarnControl_Driver\YarnControl_Driver\src\stm32f4_rtos\Project\EWARMv7\Flash\Obj\demo_fatfs.o
#        E:\WORK\YarnControl_Driver\YarnControl_Driver\src\stm32f4_rtos\Project\EWARMv7\Flash\Obj\diskio.o
#        E:\WORK\YarnControl_Driver\YarnControl_Driver\src\stm32f4_rtos\Project\EWARMv7\Flash\Obj\event_groups.o
#        E:\WORK\YarnControl_Driver\YarnControl_Driver\src\stm32f4_rtos\Project\EWARMv7\Flash\Obj\ff.o
#        E:\WORK\YarnControl_Driver\YarnControl_Driver\src\stm32f4_rtos\Project\EWARMv7\Flash\Obj\heap_4.o
#        E:\WORK\YarnControl_Driver\YarnControl_Driver\src\stm32f4_rtos\Project\EWARMv7\Flash\Obj\list.o
#        E:\WORK\YarnControl_Driver\YarnControl_Driver\src\stm32f4_rtos\Project\EWARMv7\Flash\Obj\main.o
#        E:\WORK\YarnControl_Driver\YarnControl_Driver\src\stm32f4_rtos\Project\EWARMv7\Flash\Obj\malloc.o
#        E:\WORK\YarnControl_Driver\YarnControl_Driver\src\stm32f4_rtos\Project\EWARMv7\Flash\Obj\mcheck.o
#        E:\WORK\YarnControl_Driver\YarnControl_Driver\src\stm32f4_rtos\Project\EWARMv7\Flash\Obj\misc.o
#        E:\WORK\YarnControl_Driver\YarnControl_Driver\src\stm32f4_rtos\Project\EWARMv7\Flash\Obj\modbus.o
#        E:\WORK\YarnControl_Driver\YarnControl_Driver\src\stm32f4_rtos\Project\EWARMv7\Flash\Obj\para.o
#        E:\WORK\YarnControl_Driver\YarnControl_Driver\src\stm32f4_rtos\Project\EWARMv7\Flash\Obj\port.o
#        E:\WORK\YarnControl_Driver\YarnControl_Driver\src\stm32f4_rtos\Project\EWARMv7\Flash\Obj\portasm.o
#        E:\WORK\YarnControl_Driver\YarnControl_Driver\src\stm32f4_rtos\Project\EWARMv7\Flash\Obj\product_cal.o
#        E:\WORK\YarnControl_Driver\YarnControl_Driver\src\stm32f4_rtos\Project\EWARMv7\Flash\Obj\protocol.o
#        E:\WORK\YarnControl_Driver\YarnControl_Driver\src\stm32f4_rtos\Project\EWARMv7\Flash\Obj\queue.o
#        E:\WORK\YarnControl_Driver\YarnControl_Driver\src\stm32f4_rtos\Project\EWARMv7\Flash\Obj\rc522.o
#        E:\WORK\YarnControl_Driver\YarnControl_Driver\src\stm32f4_rtos\Project\EWARMv7\Flash\Obj\startup_stm32f40_41xxx.o
#        E:\WORK\YarnControl_Driver\YarnControl_Driver\src\stm32f4_rtos\Project\EWARMv7\Flash\Obj\stm32f4xx_adc.o
#        E:\WORK\YarnControl_Driver\YarnControl_Driver\src\stm32f4_rtos\Project\EWARMv7\Flash\Obj\stm32f4xx_assert.o
#        E:\WORK\YarnControl_Driver\YarnControl_Driver\src\stm32f4_rtos\Project\EWARMv7\Flash\Obj\stm32f4xx_can.o
#        E:\WORK\YarnControl_Driver\YarnControl_Driver\src\stm32f4_rtos\Project\EWARMv7\Flash\Obj\stm32f4xx_crc.o
#        E:\WORK\YarnControl_Driver\YarnControl_Driver\src\stm32f4_rtos\Project\EWARMv7\Flash\Obj\stm32f4xx_cryp.o
#        E:\WORK\YarnControl_Driver\YarnControl_Driver\src\stm32f4_rtos\Project\EWARMv7\Flash\Obj\stm32f4xx_cryp_aes.o
#        E:\WORK\YarnControl_Driver\YarnControl_Driver\src\stm32f4_rtos\Project\EWARMv7\Flash\Obj\stm32f4xx_cryp_des.o
#        E:\WORK\YarnControl_Driver\YarnControl_Driver\src\stm32f4_rtos\Project\EWARMv7\Flash\Obj\stm32f4xx_cryp_tdes.o
#        E:\WORK\YarnControl_Driver\YarnControl_Driver\src\stm32f4_rtos\Project\EWARMv7\Flash\Obj\stm32f4xx_dac.o
#        E:\WORK\YarnControl_Driver\YarnControl_Driver\src\stm32f4_rtos\Project\EWARMv7\Flash\Obj\stm32f4xx_dbgmcu.o
#        E:\WORK\YarnControl_Driver\YarnControl_Driver\src\stm32f4_rtos\Project\EWARMv7\Flash\Obj\stm32f4xx_dcmi.o
#        E:\WORK\YarnControl_Driver\YarnControl_Driver\src\stm32f4_rtos\Project\EWARMv7\Flash\Obj\stm32f4xx_dma.o
#        E:\WORK\YarnControl_Driver\YarnControl_Driver\src\stm32f4_rtos\Project\EWARMv7\Flash\Obj\stm32f4xx_dma2d.o
#        E:\WORK\YarnControl_Driver\YarnControl_Driver\src\stm32f4_rtos\Project\EWARMv7\Flash\Obj\stm32f4xx_exti.o
#        E:\WORK\YarnControl_Driver\YarnControl_Driver\src\stm32f4_rtos\Project\EWARMv7\Flash\Obj\stm32f4xx_flash.o
#        E:\WORK\YarnControl_Driver\YarnControl_Driver\src\stm32f4_rtos\Project\EWARMv7\Flash\Obj\stm32f4xx_fsmc.o
#        E:\WORK\YarnControl_Driver\YarnControl_Driver\src\stm32f4_rtos\Project\EWARMv7\Flash\Obj\stm32f4xx_gpio.o
#        E:\WORK\YarnControl_Driver\YarnControl_Driver\src\stm32f4_rtos\Project\EWARMv7\Flash\Obj\stm32f4xx_hash.o
#        E:\WORK\YarnControl_Driver\YarnControl_Driver\src\stm32f4_rtos\Project\EWARMv7\Flash\Obj\stm32f4xx_hash_md5.o
#        E:\WORK\YarnControl_Driver\YarnControl_Driver\src\stm32f4_rtos\Project\EWARMv7\Flash\Obj\stm32f4xx_hash_sha1.o
#        E:\WORK\YarnControl_Driver\YarnControl_Driver\src\stm32f4_rtos\Project\EWARMv7\Flash\Obj\stm32f4xx_i2c.o
#        E:\WORK\YarnControl_Driver\YarnControl_Driver\src\stm32f4_rtos\Project\EWARMv7\Flash\Obj\stm32f4xx_it.o
#        E:\WORK\YarnControl_Driver\YarnControl_Driver\src\stm32f4_rtos\Project\EWARMv7\Flash\Obj\stm32f4xx_iwdg.o
#        E:\WORK\YarnControl_Driver\YarnControl_Driver\src\stm32f4_rtos\Project\EWARMv7\Flash\Obj\stm32f4xx_ltdc.o
#        E:\WORK\YarnControl_Driver\YarnControl_Driver\src\stm32f4_rtos\Project\EWARMv7\Flash\Obj\stm32f4xx_pwr.o
#        E:\WORK\YarnControl_Driver\YarnControl_Driver\src\stm32f4_rtos\Project\EWARMv7\Flash\Obj\stm32f4xx_rcc.o
#        E:\WORK\YarnControl_Driver\YarnControl_Driver\src\stm32f4_rtos\Project\EWARMv7\Flash\Obj\stm32f4xx_rng.o
#        E:\WORK\YarnControl_Driver\YarnControl_Driver\src\stm32f4_rtos\Project\EWARMv7\Flash\Obj\stm32f4xx_rtc.o
#        E:\WORK\YarnControl_Driver\YarnControl_Driver\src\stm32f4_rtos\Project\EWARMv7\Flash\Obj\stm32f4xx_sai.o
#        E:\WORK\YarnControl_Driver\YarnControl_Driver\src\stm32f4_rtos\Project\EWARMv7\Flash\Obj\stm32f4xx_sdio.o
#        E:\WORK\YarnControl_Driver\YarnControl_Driver\src\stm32f4_rtos\Project\EWARMv7\Flash\Obj\stm32f4xx_spi.o
#        E:\WORK\YarnControl_Driver\YarnControl_Driver\src\stm32f4_rtos\Project\EWARMv7\Flash\Obj\stm32f4xx_syscfg.o
#        E:\WORK\YarnControl_Driver\YarnControl_Driver\src\stm32f4_rtos\Project\EWARMv7\Flash\Obj\stm32f4xx_tim.o
#        E:\WORK\YarnControl_Driver\YarnControl_Driver\src\stm32f4_rtos\Project\EWARMv7\Flash\Obj\stm32f4xx_usart.o
#        E:\WORK\YarnControl_Driver\YarnControl_Driver\src\stm32f4_rtos\Project\EWARMv7\Flash\Obj\stm32f4xx_wwdg.o
#        E:\WORK\YarnControl_Driver\YarnControl_Driver\src\stm32f4_rtos\Project\EWARMv7\Flash\Obj\SysInfoTest.o
#        E:\WORK\YarnControl_Driver\YarnControl_Driver\src\stm32f4_rtos\Project\EWARMv7\Flash\Obj\system_stm32f4xx.o
#        E:\WORK\YarnControl_Driver\YarnControl_Driver\src\stm32f4_rtos\Project\EWARMv7\Flash\Obj\tasks.o
#        E:\WORK\YarnControl_Driver\YarnControl_Driver\src\stm32f4_rtos\Project\EWARMv7\Flash\Obj\timers.o
#        E:\WORK\YarnControl_Driver\YarnControl_Driver\src\stm32f4_rtos\Project\EWARMv7\Flash\Obj\usb_bsp.o
#        E:\WORK\YarnControl_Driver\YarnControl_Driver\src\stm32f4_rtos\Project\EWARMv7\Flash\Obj\usb_core.o
#        E:\WORK\YarnControl_Driver\YarnControl_Driver\src\stm32f4_rtos\Project\EWARMv7\Flash\Obj\usb_hcd.o
#        E:\WORK\YarnControl_Driver\YarnControl_Driver\src\stm32f4_rtos\Project\EWARMv7\Flash\Obj\usb_hcd_int.o
#        E:\WORK\YarnControl_Driver\YarnControl_Driver\src\stm32f4_rtos\Project\EWARMv7\Flash\Obj\usbh_core.o
#        E:\WORK\YarnControl_Driver\YarnControl_Driver\src\stm32f4_rtos\Project\EWARMv7\Flash\Obj\usbh_hcs.o
#        E:\WORK\YarnControl_Driver\YarnControl_Driver\src\stm32f4_rtos\Project\EWARMv7\Flash\Obj\usbh_ioreq.o
#        E:\WORK\YarnControl_Driver\YarnControl_Driver\src\stm32f4_rtos\Project\EWARMv7\Flash\Obj\usbh_it.o
#        E:\WORK\YarnControl_Driver\YarnControl_Driver\src\stm32f4_rtos\Project\EWARMv7\Flash\Obj\usbh_msc_bot.o
#        E:\WORK\YarnControl_Driver\YarnControl_Driver\src\stm32f4_rtos\Project\EWARMv7\Flash\Obj\usbh_msc_core.o
#        E:\WORK\YarnControl_Driver\YarnControl_Driver\src\stm32f4_rtos\Project\EWARMv7\Flash\Obj\usbh_msc_scsi.o
#        E:\WORK\YarnControl_Driver\YarnControl_Driver\src\stm32f4_rtos\Project\EWARMv7\Flash\Obj\usbh_stdreq.o
#        E:\WORK\YarnControl_Driver\YarnControl_Driver\src\stm32f4_rtos\Project\EWARMv7\Flash\Obj\usbh_usr.o
#        -o
#        E:\WORK\YarnControl_Driver\YarnControl_Driver\src\stm32f4_rtos\Project\EWARMv7\Flash\Exe\project.out
#        --map
#        E:\WORK\YarnControl_Driver\YarnControl_Driver\src\stm32f4_rtos\Project\EWARMv7\Flash\List\project.map
#        --config
#        E:\WORK\YarnControl_Driver\YarnControl_Driver\src\stm32f4_rtos\Project\EWARMv7\stm32f4xx_flash.icf
#        --semihosting --entry __iar_program_start --inline --vfe
#
###############################################################################

*******************************************************************************
*** RUNTIME MODEL ATTRIBUTES
***

CppFlavor       = *
__SystemLibrary = DLib


*******************************************************************************
*** PLACEMENT SUMMARY
***

"A1":  place at 0x08000000 { ro section .intvec };
"P1":  place in [from 0x08000000 to 0x080fffff] { ro };
"P2":  place in [from 0x20000000 to 0x2001ffff] { rw, block CSTACK, block HEAP };

  Section             Kind        Address     Size  Object
  -------             ----        -------     ----  ------
"A1":                                        0x188
  .intvec             ro code  0x08000000    0x188  startup_stm32f40_41xxx.o [1]
                             - 0x08000188    0x188

"P1":                                      0x3fda4
  .rodata             const    0x08000188  0x15484  cc936.o [1]
  .rodata             const    0x0801560c  0x15484  cc936.o [1]
  .text               ro code  0x0802aa90   0x3a8c  apptask.o [1]
  .text               ro code  0x0802e51c    0xc00  tasks.o [1]
  .text               ro code  0x0802f11c    0x7c8  queue.o [1]
  .text               ro code  0x0802f8e4    0xcb4  bsp_sdwe050c17.o [1]
  .text               ro code  0x08030598    0x498  product_cal.o [1]
  .text               ro code  0x08030a30     0x66  ABImemset.o [5]
  .text               ro code  0x08030a96      0xa  xsprout.o [3]
  .text               ro code  0x08030aa0    0x380  bsp_w25qxx.o [1]
  .text               ro code  0x08030e20     0x76  ABImemcpy_unaligned.o [5]
  .text               ro code  0x08030e98     0x4e  FltToDbl.o [4]
  .text               ro code  0x08030ee8     0x24  printf.o [3]
  .text               ro code  0x08030f0c     0x62  memcmp_unaligned.o [5]
  .text               ro code  0x08030f70     0x42  strcmp_unaligned.o [5]
  .text               ro code  0x08030fb4    0x21c  malloc.o [1]
  .text               ro code  0x080311d0    0x37e  stm32f4xx_tim.o [1]
  .text               ro code  0x08031550     0x30  I32ToDbl.o [4]
  .text               ro code  0x08031580    0x256  DblDiv.o [4]
  .text               ro code  0x080317d8     0xe8  DblAdd.o [4]
  .text               ro code  0x080318c0    0x1a2  DblMul.o [4]
  .text               ro code  0x08031a64     0x58  DblToI32.o [4]
  .text               ro code  0x08031abc     0x36  strlen.o [5]
  .text               ro code  0x08031af4    0x1b6  usbh_usr.o [1]
  .text               ro code  0x08031cac    0x760  usbh_core.o [1]
  .text               ro code  0x0803240c   0x2264  ff.o [1]
  .text               ro code  0x08034670     0x34  sprintf.o [3]
  .text               ro code  0x080346a4     0x1c  strcat.o [3]
  .text               ro code  0x080346c0     0xc0  bsp_led.o [1]
  .text               ro code  0x08034780     0xae  rc522.o [1]
  .text               ro code  0x08034830    0x354  modbus.o [1]
  .text               ro code  0x08034b84     0x68  bsp_sw_onoff.o [1]
  .text               ro code  0x08034bec     0x44  protocol.o [1]
  .text               ro code  0x08034c30     0x10  apptask.o [1]
  .text               ro code  0x08034c40    0x21c  bsp_stepmotor.o [1]
  .text               ro code  0x08034e5c    0x12c  stm32f4xx_gpio.o [1]
  .text               ro code  0x08034f88    0x1dc  bsp_servomotor.o [1]
  .text               ro code  0x08035164    0x262  event_groups.o [1]
  .text               ro code  0x080353c8    0x4a4  timers.o [1]
  .text               ro code  0x0803586c      0x8  bsp_watchdog.o [1]
  .text               ro code  0x08035874    0x24c  port.o [1]
  .text               ro code  0x08035ac0     0x98  list.o [1]
  .text               ro code  0x08035b58    0x280  heap_4.o [1]
  .text               ro code  0x08035dd8    0x1c4  stm32f4xx_rcc.o [1]
  .text               ro code  0x08035f9c    0xa64  bsp_uart_fifo.o [1]
  .text               ro code  0x08036a00    0x204  bsp_timer.o [1]
  .text               ro code  0x08036c04    0x124  bsp_spi.o [1]
  .text               ro code  0x08036d28    0xd96  xprintffull_nomb.o [3]
  .text               ro code  0x08037ac0    0x180  DblSub.o [4]
  .text               ro code  0x08037c40    0x14c  usb_bsp.o [1]
  .text               ro code  0x08037d8c     0xd6  usb_hcd.o [1]
  .text               ro code  0x08037e62    0x1ba  usbh_hcs.o [1]
  .text               ro code  0x0803801c    0x436  usbh_stdreq.o [1]
  .text               ro code  0x08038452    0x246  usbh_ioreq.o [1]
  .text               ro code  0x08038698    0x2e4  diskio.o [1]
  .text               ro code  0x0803897c     0xf4  cc936.o [1]
  .text               ro code  0x08038a70     0xb8  mcheck.o [1]
  .text               ro code  0x08038b28     0x2c  strstr.o [3]
  .text               ro code  0x08038b54    0x2b4  stm32f4xx_dma.o [1]
  .text               ro code  0x08038e08     0x10  stm32f4xx_iwdg.o [1]
  CODE                ro code  0x08038e18     0xa8  portasm.o [1]
  .text               ro code  0x08038ec0    0x22e  stm32f4xx_usart.o [1]
  .text               ro code  0x080390f0     0x88  misc.o [1]
  .text               ro code  0x08039178     0x74  stm32f4xx_spi.o [1]
  .text               ro code  0x080391ec     0x16  strchr.o [5]
  .text               ro code  0x08039204     0x58  memchr.o [5]
  .text               ro code  0x0803925c     0xee  I64DivMod.o [5]
  .text               ro code  0x0803934a     0x42  xdnorm.o [4]
  .text               ro code  0x0803938c     0x2e  DblCmpLe.o [4]
  .text               ro code  0x080393bc     0x2e  DblCmpGe.o [4]
  .text               ro code  0x080393ec    0x114  xdscale.o [4]
  .text               ro code  0x08039500     0x6c  localeconv.o [3]
  .text               ro code  0x0803956c      0xe  div.o [3]
  .text               ro code  0x0803957c     0x74  bsp_dwt.o [1]
  .text               ro code  0x080395f0    0xa50  usb_core.o [1]
  .text               ro code  0x0803a040   0x1a58  bsp_sdio_sd.o [1]
  .text               ro code  0x0803ba98    0x618  usbh_msc_scsi.o [1]
  .text               ro code  0x0803c0b0    0x554  usbh_msc_bot.o [1]
  .text               ro code  0x0803c604      0x2  I64DivZer.o [5]
  .text               ro code  0x0803c608    0x17c  stm32f4xx_sdio.o [1]
  .text               ro code  0x0803c784    0xc7e  usb_hcd_int.o [1]
  .text               ro code  0x0803d404    0x3e8  usbh_msc_core.o [1]
  .rodata             const    0x0803d7ec    0x3dc  cc936.o [1]
  .rodata             const    0x0803dbc8    0x3dc  cc936.o [1]
  .text               ro code  0x0803dfa4    0x2e0  bsp_tim_pwm.o [1]
  .text               ro code  0x0803e284    0x2bc  para.o [1]
  .text               ro code  0x0803e540     0x44  strcpy_unaligned.o [5]
  .rodata             const    0x0803e584    0x1f4  apptask.o [1]
  .rodata             const    0x0803e778    0x190  product_cal.o [1]
  .text               ro code  0x0803e908    0x154  system_stm32f4xx.o [1]
  .rodata             const    0x0803ea5c    0x100  mcheck.o [1]
  .rodata             const    0x0803eb5c    0x100  mcheck.o [1]
  .rodata             const    0x0803ec5c    0x100  mcheck.o [1]
  .text               ro code  0x0803ed5c     0xd4  bsp_closeSW.o [1]
  .text               ro code  0x0803ee30     0x54  stm32f4xx_syscfg.o [1]
  .text               ro code  0x0803ee84     0xc0  stm32f4xx_exti.o [1]
  .text               ro code  0x0803ef44     0x50  bsp.o [1]
  .text               ro code  0x0803ef94     0x44  bsp_relay.o [1]
  .text               ro code  0x0803efd8     0x40  zero_init3.o [5]
  .text               ro code  0x0803f018     0x3c  SysInfoTest.o [1]
  .rodata             const    0x0803f054     0x38  demo_fatfs.o [1]
  .text               ro code  0x0803f08c     0x38  stm32f4xx_it.o [1]
  .text               ro code  0x0803f0c4     0x34  main.o [1]
  .rodata             const    0x0803f0f8     0x30  apptask.o [1]
  .rodata             const    0x0803f128     0x30  demo_fatfs.o [1]
  .rodata             const    0x0803f158     0x30  demo_fatfs.o [1]
  .rodata             const    0x0803f188     0x2c  apptask.o [1]
  .rodata             const    0x0803f1b4     0x2c  demo_fatfs.o [1]
  .rodata             const    0x0803f1e0     0x2c  demo_fatfs.o [1]
  .rodata             const    0x0803f20c     0x2c  stm32f4xx_it.o [1]
  .text               ro code  0x0803f238     0x2c  copy_init3.o [5]
  .rodata             const    0x0803f264     0x28  demo_fatfs.o [1]
  .rodata             const    0x0803f28c     0x28  demo_fatfs.o [1]
  .rodata             const    0x0803f2b4     0x28  demo_fatfs.o [1]
  .text               ro code  0x0803f2dc     0x28  data_init.o [5]
  .rodata             const    0x0803f304     0x24  demo_fatfs.o [1]
  .rodata             const    0x0803f328     0x24  demo_fatfs.o [1]
  .rodata             const    0x0803f34c     0x24  usbh_usr.o [1]
  .text               ro code  0x0803f370     0x22  fpinit_M.o [4]
  .iar.init_table     const    0x0803f394     0x2c  - Linker created -
  .rodata             const    0x0803f3c0     0x20  apptask.o [1]
  .rodata             const    0x0803f3e0     0x20  apptask.o [1]
  .rodata             const    0x0803f400     0x20  bsp_sdwe050c17.o [1]
  .rodata             const    0x0803f420     0x20  demo_fatfs.o [1]
  .rodata             const    0x0803f440     0x20  demo_fatfs.o [1]
  .rodata             const    0x0803f460     0x20  demo_fatfs.o [1]
  .rodata             const    0x0803f480     0x20  usbh_usr.o [1]
  .rodata             const    0x0803f4a0     0x20  usbh_usr.o [1]
  .rodata             const    0x0803f4c0     0x20  usbh_usr.o [1]
  .rodata             const    0x0803f4e0     0x20  usbh_usr.o [1]
  .rodata             const    0x0803f500     0x20  usbh_usr.o [1]
  .rodata             const    0x0803f520     0x1c  apptask.o [1]
  .rodata             const    0x0803f53c     0x1c  apptask.o [1]
  .rodata             const    0x0803f558     0x1c  apptask.o [1]
  .rodata             const    0x0803f574     0x1c  apptask.o [1]
  .rodata             const    0x0803f590     0x1c  apptask.o [1]
  .rodata             const    0x0803f5ac     0x1c  apptask.o [1]
  .rodata             const    0x0803f5c8     0x1c  demo_fatfs.o [1]
  .rodata             const    0x0803f5e4     0x1c  demo_fatfs.o [1]
  .rodata             const    0x0803f600     0x1c  usbh_usr.o [1]
  .rodata             const    0x0803f61c     0x1c  usbh_usr.o [1]
  .rodata             const    0x0803f638     0x1c  usbh_usr.o [1]
  .rodata             const    0x0803f654     0x1c  usbh_usr.o [1]
  .rodata             const    0x0803f670     0x1c  usbh_usr.o [1]
  .rodata             const    0x0803f68c     0x1c  usbh_usr.o [1]
  .text               ro code  0x0803f6a8     0x1a  cmain.o [5]
  .text               ro code  0x0803f6c2      0x4  exit.o [3]
  .text               ro code  0x0803f6c8      0xa  cexit.o [5]
  .text               ro code  0x0803f6d4     0x14  exit.o [6]
  .rodata             const    0x0803f6e8     0x18  apptask.o [1]
  .rodata             const    0x0803f700     0x18  apptask.o [1]
  .rodata             const    0x0803f718     0x18  apptask.o [1]
  .rodata             const    0x0803f730     0x18  apptask.o [1]
  .rodata             const    0x0803f748     0x18  apptask.o [1]
  .rodata             const    0x0803f760     0x18  apptask.o [1]
  .rodata             const    0x0803f778     0x18  apptask.o [1]
  .rodata             const    0x0803f790     0x18  demo_fatfs.o [1]
  .rodata             const    0x0803f7a8     0x18  demo_fatfs.o [1]
  .rodata             const    0x0803f7c0     0x18  demo_fatfs.o [1]
  .rodata             const    0x0803f7d8     0x18  demo_fatfs.o [1]
  .rodata             const    0x0803f7f0     0x18  usbh_usr.o [1]
  .rodata             const    0x0803f808     0x18  usbh_usr.o [1]
  .rodata             const    0x0803f820     0x18  usbh_usr.o [1]
  .rodata             const    0x0803f838     0x18  usbh_usr.o [1]
  .rodata             const    0x0803f850     0x18  usbh_usr.o [1]
  .text               ro code  0x0803f868     0x16  xprout.o [3]
  .text               ro code  0x0803f880      0xc  putchar.o [3]
  .rodata             const    0x0803f88c     0x14  apptask.o [1]
  .rodata             const    0x0803f8a0     0x14  apptask.o [1]
  .rodata             const    0x0803f8b4     0x14  apptask.o [1]
  .rodata             const    0x0803f8c8     0x14  apptask.o [1]
  .rodata             const    0x0803f8dc     0x14  apptask.o [1]
  .rodata             const    0x0803f8f0     0x14  apptask.o [1]
  .rodata             const    0x0803f904     0x14  usbh_usr.o [1]
  .rodata             const    0x0803f918     0x14  usbh_usr.o [1]
  .rodata             const    0x0803f92c     0x10  apptask.o [1]
  .rodata             const    0x0803f93c     0x10  apptask.o [1]
  .rodata             const    0x0803f94c     0x10  apptask.o [1]
  .rodata             const    0x0803f95c     0x10  apptask.o [1]
  .rodata             const    0x0803f96c     0x10  apptask.o [1]
  .rodata             const    0x0803f97c     0x10  apptask.o [1]
  .rodata             const    0x0803f98c     0x10  apptask.o [1]
  .rodata             const    0x0803f99c     0x10  apptask.o [1]
  .rodata             const    0x0803f9ac     0x10  apptask.o [1]
  .rodata             const    0x0803f9bc     0x10  ff.o [1]
  .rodata             const    0x0803f9cc     0x10  main.o [1]
  .rodata             const    0x0803f9dc     0x10  main.o [1]
  .rodata             const    0x0803f9ec     0x10  usbh_usr.o [1]
  .rodata             const    0x0803f9fc     0x10  usbh_usr.o [1]
  .text               ro code  0x0803fa0c     0x10  startup_stm32f40_41xxx.o [1]
  .text               ro code  0x0803fa1c     0x10  usbh_it.o [1]
  .rodata             const    0x0803fa2c      0xc  apptask.o [1]
  .rodata             const    0x0803fa38      0xc  apptask.o [1]
  .rodata             const    0x0803fa44      0xc  apptask.o [1]
  .rodata             const    0x0803fa50      0xc  apptask.o [1]
  .rodata             const    0x0803fa5c      0xc  apptask.o [1]
  .rodata             const    0x0803fa68      0xc  apptask.o [1]
  .rodata             const    0x0803fa74      0xc  apptask.o [1]
  .rodata             const    0x0803fa80      0xc  apptask.o [1]
  .rodata             const    0x0803fa8c      0xc  apptask.o [1]
  .rodata             const    0x0803fa98      0xc  apptask.o [1]
  .rodata             const    0x0803faa4      0xc  apptask.o [1]
  .rodata             const    0x0803fab0      0xc  apptask.o [1]
  .rodata             const    0x0803fabc      0xc  apptask.o [1]
  .rodata             const    0x0803fac8      0xc  apptask.o [1]
  .rodata             const    0x0803fad4      0xc  apptask.o [1]
  .rodata             const    0x0803fae0      0xc  apptask.o [1]
  .rodata             const    0x0803faec      0xc  apptask.o [1]
  .rodata             const    0x0803faf8      0xc  apptask.o [1]
  .rodata             const    0x0803fb04      0xc  apptask.o [1]
  .rodata             const    0x0803fb10      0xc  apptask.o [1]
  .rodata             const    0x0803fb1c      0xc  apptask.o [1]
  .rodata             const    0x0803fb28      0xc  apptask.o [1]
  .rodata             const    0x0803fb34      0xc  apptask.o [1]
  .rodata             const    0x0803fb40      0xc  apptask.o [1]
  .rodata             const    0x0803fb4c      0xc  apptask.o [1]
  .rodata             const    0x0803fb58      0xc  apptask.o [1]
  .rodata             const    0x0803fb64      0xc  bsp_sdwe050c17.o [1]
  .rodata             const    0x0803fb70      0xc  bsp_sdwe050c17.o [1]
  .rodata             const    0x0803fb7c      0xc  demo_fatfs.o [1]
  .rodata             const    0x0803fb88      0xc  ff.o [1]
  .text               ro code  0x0803fb94      0xc  cstartup_M.o [5]
  .rodata             const    0x0803fba0      0x8  apptask.o [1]
  .rodata             const    0x0803fba8      0x8  apptask.o [1]
  .rodata             const    0x0803fbb0      0x8  apptask.o [1]
  .rodata             const    0x0803fbb8      0x8  apptask.o [1]
  .rodata             const    0x0803fbc0      0x8  apptask.o [1]
  .rodata             const    0x0803fbc8      0x8  apptask.o [1]
  .rodata             const    0x0803fbd0      0x8  apptask.o [1]
  .rodata             const    0x0803fbd8      0x8  apptask.o [1]
  .rodata             const    0x0803fbe0      0x8  apptask.o [1]
  .rodata             const    0x0803fbe8      0x8  apptask.o [1]
  .rodata             const    0x0803fbf0      0x8  apptask.o [1]
  .rodata             const    0x0803fbf8      0x8  apptask.o [1]
  .rodata             const    0x0803fc00      0x8  bsp_w25qxx.o [1]
  .rodata             const    0x0803fc08      0x8  ff.o [1]
  .rodata             const    0x0803fc10      0x8  malloc.o [1]
  .rodata             const    0x0803fc18      0x8  malloc.o [1]
  .rodata             const    0x0803fc20      0x8  malloc.o [1]
  .rodata             const    0x0803fc28      0x8  para.o [1]
  .rodata             const    0x0803fc30      0x8  para.o [1]
  .rodata             const    0x0803fc38      0x8  para.o [1]
  .rodata             const    0x0803fc40      0x8  tasks.o [1]
  .rodata             const    0x0803fc48      0x8  timers.o [1]
  .rodata             const    0x0803fc50      0x4  heap_4.o [1]
  .rodata             const    0x0803fc54      0x4  port.o [1]
  .text               ro code  0x0803fc58      0x4  startup_stm32f40_41xxx.o [1]
  .text               ro code  0x0803fc5c      0x4  startup_stm32f40_41xxx.o [1]
  .text               ro code  0x0803fc60      0x4  startup_stm32f40_41xxx.o [1]
  .text               ro code  0x0803fc64      0x4  startup_stm32f40_41xxx.o [1]
  .text               ro code  0x0803fc68      0x4  startup_stm32f40_41xxx.o [1]
  .text               ro code  0x0803fc6c      0x4  startup_stm32f40_41xxx.o [1]
  .text               ro code  0x0803fc70      0x4  startup_stm32f40_41xxx.o [1]
  .text               ro code  0x0803fc74      0x4  startup_stm32f40_41xxx.o [1]
  .text               ro code  0x0803fc78      0x4  startup_stm32f40_41xxx.o [1]
  .text               ro code  0x0803fc7c      0x4  startup_stm32f40_41xxx.o [1]
  .text               ro code  0x0803fc80      0x4  startup_stm32f40_41xxx.o [1]
  .text               ro code  0x0803fc84      0x4  startup_stm32f40_41xxx.o [1]
  .text               ro code  0x0803fc88      0x4  startup_stm32f40_41xxx.o [1]
  .text               ro code  0x0803fc8c      0x4  startup_stm32f40_41xxx.o [1]
  .text               ro code  0x0803fc90      0x4  startup_stm32f40_41xxx.o [1]
  .text               ro code  0x0803fc94      0x4  startup_stm32f40_41xxx.o [1]
  .text               ro code  0x0803fc98      0x4  startup_stm32f40_41xxx.o [1]
  .text               ro code  0x0803fc9c      0x4  startup_stm32f40_41xxx.o [1]
  .text               ro code  0x0803fca0      0x4  startup_stm32f40_41xxx.o [1]
  .text               ro code  0x0803fca4      0x4  startup_stm32f40_41xxx.o [1]
  .text               ro code  0x0803fca8      0x4  startup_stm32f40_41xxx.o [1]
  .text               ro code  0x0803fcac      0x4  startup_stm32f40_41xxx.o [1]
  .text               ro code  0x0803fcb0      0x4  startup_stm32f40_41xxx.o [1]
  .text               ro code  0x0803fcb4      0x4  startup_stm32f40_41xxx.o [1]
  .text               ro code  0x0803fcb8      0x4  startup_stm32f40_41xxx.o [1]
  .text               ro code  0x0803fcbc      0x4  startup_stm32f40_41xxx.o [1]
  .text               ro code  0x0803fcc0      0x4  startup_stm32f40_41xxx.o [1]
  .text               ro code  0x0803fcc4      0x4  startup_stm32f40_41xxx.o [1]
  .text               ro code  0x0803fcc8      0x4  startup_stm32f40_41xxx.o [1]
  .text               ro code  0x0803fccc      0x4  startup_stm32f40_41xxx.o [1]
  .text               ro code  0x0803fcd0      0x4  startup_stm32f40_41xxx.o [1]
  .text               ro code  0x0803fcd4      0x4  startup_stm32f40_41xxx.o [1]
  .text               ro code  0x0803fcd8      0x4  startup_stm32f40_41xxx.o [1]
  .text               ro code  0x0803fcdc      0x4  startup_stm32f40_41xxx.o [1]
  .text               ro code  0x0803fce0      0x4  startup_stm32f40_41xxx.o [1]
  .text               ro code  0x0803fce4      0x4  startup_stm32f40_41xxx.o [1]
  .text               ro code  0x0803fce8      0x4  startup_stm32f40_41xxx.o [1]
  .text               ro code  0x0803fcec      0x4  startup_stm32f40_41xxx.o [1]
  .text               ro code  0x0803fcf0      0x4  startup_stm32f40_41xxx.o [1]
  .text               ro code  0x0803fcf4      0x4  startup_stm32f40_41xxx.o [1]
  .text               ro code  0x0803fcf8      0x4  startup_stm32f40_41xxx.o [1]
  .text               ro code  0x0803fcfc      0x4  startup_stm32f40_41xxx.o [1]
  .text               ro code  0x0803fd00      0x4  startup_stm32f40_41xxx.o [1]
  .text               ro code  0x0803fd04      0x4  startup_stm32f40_41xxx.o [1]
  .text               ro code  0x0803fd08      0x4  startup_stm32f40_41xxx.o [1]
  .text               ro code  0x0803fd0c      0x4  startup_stm32f40_41xxx.o [1]
  .text               ro code  0x0803fd10      0x4  startup_stm32f40_41xxx.o [1]
  .text               ro code  0x0803fd14      0x4  startup_stm32f40_41xxx.o [1]
  .text               ro code  0x0803fd18      0x4  startup_stm32f40_41xxx.o [1]
  .text               ro code  0x0803fd1c      0x4  startup_stm32f40_41xxx.o [1]
  .text               ro code  0x0803fd20      0x4  startup_stm32f40_41xxx.o [1]
  .text               ro code  0x0803fd24      0x4  startup_stm32f40_41xxx.o [1]
  .text               ro code  0x0803fd28      0x4  startup_stm32f40_41xxx.o [1]
  .text               ro code  0x0803fd2c      0x4  startup_stm32f40_41xxx.o [1]
  .text               ro code  0x0803fd30      0x4  startup_stm32f40_41xxx.o [1]
  .text               ro code  0x0803fd34      0x4  startup_stm32f40_41xxx.o [1]
  .text               ro code  0x0803fd38      0x4  startup_stm32f40_41xxx.o [1]
  .text               ro code  0x0803fd3c      0x4  startup_stm32f40_41xxx.o [1]
  .text               ro code  0x0803fd40      0x4  startup_stm32f40_41xxx.o [1]
  .text               ro code  0x0803fd44      0x4  startup_stm32f40_41xxx.o [1]
  .text               ro code  0x0803fd48      0x4  startup_stm32f40_41xxx.o [1]
  .text               ro code  0x0803fd4c      0x4  startup_stm32f40_41xxx.o [1]
  .text               ro code  0x0803fd50      0x4  startup_stm32f40_41xxx.o [1]
  .text               ro code  0x0803fd54      0x4  startup_stm32f40_41xxx.o [1]
  .text               ro code  0x0803fd58      0x4  startup_stm32f40_41xxx.o [1]
  .text               ro code  0x0803fd5c      0x4  startup_stm32f40_41xxx.o [1]
  .text               ro code  0x0803fd60      0x4  startup_stm32f40_41xxx.o [1]
  .text               ro code  0x0803fd64      0x4  startup_stm32f40_41xxx.o [1]
  .text               ro code  0x0803fd68      0x4  startup_stm32f40_41xxx.o [1]
  .text               ro code  0x0803fd6c      0x4  startup_stm32f40_41xxx.o [1]
  .text               ro code  0x0803fd70      0x4  startup_stm32f40_41xxx.o [1]
  .rodata             const    0x0803fd74      0x0  zero_init3.o [5]
  .rodata             const    0x0803fd74      0x0  copy_init3.o [5]
  Initializer bytes   const    0x0803fd74    0x1b8  <for P2 s0>
                             - 0x0803ff2c  0x3fda4

"P2":                                      0x1f618
  P2 s0                        0x20000000    0x1b8  <Init block>
    __DLIB_PERTHREAD  inited   0x20000000     0x88  localeconv.o [3]
    .data             inited   0x20000088     0x50  demo_fatfs.o [1]
    .data             inited   0x200000d8     0x48  usbh_usr.o [1]
    .data             inited   0x20000120     0x40  xfiles.o [3]
    .data             inited   0x20000160     0x1c  malloc.o [1]
    .data             inited   0x2000017c     0x10  stm32f4xx_rcc.o [1]
    .data             inited   0x2000018c     0x10  usbh_msc_core.o [1]
    .data             inited   0x2000019c      0xc  usbh_core.o [1]
    .data             inited   0x200001a8      0x4  port.o [1]
    .data             inited   0x200001ac      0x4  system_stm32f4xx.o [1]
    .data             inited   0x200001b0      0x4  usbh_core.o [1]
    .data             inited   0x200001b4      0x2  bsp_w25qxx.o [1]
    .data             inited   0x200001b6      0x1  usbh_msc_scsi.o [1]
  .bss                zero     0x200001b8  0x11800  heap_4.o [1]
  .bss                zero     0x200119b8   0xa000  malloc.o [1]
  .bss                zero     0x2001b9b8   0x1000  bsp_w25qxx.o [1]
  .bss                zero     0x2001c9b8    0xa00  malloc.o [1]
  .bss                zero     0x2001d3b8    0x5ac  usbh_usr.o [1]
  .bss                zero     0x2001d964    0x5ac  usbh_usr.o [1]
  .bss                zero     0x2001df10    0x200  ff.o [1]
  .bss                zero     0x2001e110    0x200  usbh_msc_scsi.o [1]
  .bss                zero     0x2001e310    0x200  usbh_stdreq.o [1]
  .bss                zero     0x2001e510     0xc8  tasks.o [1]
  .bss                zero     0x2001e5d8     0xa4  protocol.o [1]
  .bss                zero     0x2001e67c     0x94  usbh_usr.o [1]
  .bss                zero     0x2001e710     0x8c  para.o [1]
  .bss                zero     0x2001e79c     0x70  protocol.o [1]
  .bss                zero     0x2001e80c     0x64  bsp_uart_fifo.o [1]
  .bss                zero     0x2001e870     0x64  bsp_uart_fifo.o [1]
  .bss                zero     0x2001e8d4     0x64  bsp_uart_fifo.o [1]
  .bss                zero     0x2001e938     0x58  bsp_sdio_sd.o [1]
  .bss                zero     0x2001e990     0x50  protocol.o [1]
  .bss                zero     0x2001e9e0     0x50  xfiles.o [3]
  .bss                zero     0x2001ea30     0x4c  usbh_msc_core.o [1]
  .bss                zero     0x2001ea7c     0x34  bsp_sdwe050c17.o [1]
  .bss                zero     0x2001eab0     0x2c  product_cal.o [1]
  .bss                zero     0x2001eadc     0x28  bsp_uart_fifo.o [1]
  .bss                zero     0x2001eb04     0x28  product_cal.o [1]
  .bss                zero     0x2001eb2c     0x24  ff.o [1]
  .bss                zero     0x2001eb50     0x20  usbh_msc_bot.o [1]
  .bss                zero     0x2001eb70     0x18  bsp_sdio_sd.o [1]
  .bss                zero     0x2001eb88     0x18  bsp_sdio_sd.o [1]
  .bss                zero     0x2001eba0     0x14  bsp_sdio_sd.o [1]
  .bss                zero     0x2001ebb4     0x14  rc522.o [1]
  .bss                zero     0x2001ebc8     0x14  tasks.o [1]
  .bss                zero     0x2001ebdc     0x14  tasks.o [1]
  .bss                zero     0x2001ebf0     0x14  tasks.o [1]
  .bss                zero     0x2001ec04     0x14  tasks.o [1]
  .bss                zero     0x2001ec18     0x14  tasks.o [1]
  .bss                zero     0x2001ec2c     0x14  timers.o [1]
  .bss                zero     0x2001ec40     0x14  timers.o [1]
  .bss                zero     0x2001ec54     0x10  bsp_sdio_sd.o [1]
  .bss                zero     0x2001ec64     0x10  bsp_sdio_sd.o [1]
  .bss                zero     0x2001ec74     0x10  usbh_msc_bot.o [1]
  .bss                zero     0x2001ec84     0x10  usbh_msc_bot.o [1]
  .bss                zero     0x2001ec94     0x10  usbh_msc_scsi.o [1]
  .bss                zero     0x2001eca4      0xc  apptask.o [1]
  .bss                zero     0x2001ecb0      0xc  apptask.o [1]
  .bss                zero     0x2001ecbc      0xc  ff.o [1]
  .bss                zero     0x2001ecc8      0xc  protocol.o [1]
  .bss                zero     0x2001ecd4      0xc  protocol.o [1]
  .bss                zero     0x2001ece0      0xc  protocol.o [1]
  .bss                zero     0x2001ecec      0x8  heap_4.o [1]
  .bss                zero     0x2001ecf4      0x8  modbus.o [1]
  .bss                zero     0x2001ecfc      0x8  protocol.o [1]
  .bss                zero     0x2001ed04      0x4  apptask.o [1]
  .bss                zero     0x2001ed08      0x4  apptask.o [1]
  .bss                zero     0x2001ed0c      0x4  apptask.o [1]
  .bss                zero     0x2001ed10      0x4  apptask.o [1]
  .bss                zero     0x2001ed14      0x4  apptask.o [1]
  .bss                zero     0x2001ed18      0x4  apptask.o [1]
  .bss                zero     0x2001ed1c      0x4  apptask.o [1]
  .bss                zero     0x2001ed20      0x4  apptask.o [1]
  .bss                zero     0x2001ed24      0x4  apptask.o [1]
  .bss                zero     0x2001ed28      0x4  apptask.o [1]
  .bss                zero     0x2001ed2c      0x4  apptask.o [1]
  .bss                zero     0x2001ed30      0x4  apptask.o [1]
  .bss                zero     0x2001ed34      0x4  apptask.o [1]
  .bss                zero     0x2001ed38      0x4  apptask.o [1]
  .bss                zero     0x2001ed3c      0x4  apptask.o [1]
  .bss                zero     0x2001ed40      0x4  apptask.o [1]
  .bss                zero     0x2001ed44      0x4  apptask.o [1]
  .bss                zero     0x2001ed48      0x4  bsp_sdio_sd.o [1]
  .bss                zero     0x2001ed4c      0x4  bsp_sdio_sd.o [1]
  .bss                zero     0x2001ed50      0x4  bsp_sdio_sd.o [1]
  .bss                zero     0x2001ed54      0x4  bsp_sdio_sd.o [1]
  .bss                zero     0x2001ed58      0x4  bsp_sdio_sd.o [1]
  .bss                zero     0x2001ed5c      0x4  bsp_timer.o [1]
  .bss                zero     0x2001ed60      0x4  bsp_timer.o [1]
  .bss                zero     0x2001ed64      0x4  bsp_timer.o [1]
  .bss                zero     0x2001ed68      0x4  bsp_timer.o [1]
  .bss                zero     0x2001ed6c      0x4  heap_4.o [1]
  .bss                zero     0x2001ed70      0x4  heap_4.o [1]
  .bss                zero     0x2001ed74      0x4  heap_4.o [1]
  .bss                zero     0x2001ed78      0x4  heap_4.o [1]
  .bss                zero     0x2001ed7c      0x4  port.o [1]
  .bss                zero     0x2001ed80      0x4  product_cal.o [1]
  .bss                zero     0x2001ed84      0x4  product_cal.o [1]
  .bss                zero     0x2001ed88      0x4  SysInfoTest.o [1]
  .bss                zero     0x2001ed8c      0x4  tasks.o [1]
  .bss                zero     0x2001ed90      0x4  tasks.o [1]
  .bss                zero     0x2001ed94      0x4  tasks.o [1]
  .bss                zero     0x2001ed98      0x4  tasks.o [1]
  .bss                zero     0x2001ed9c      0x4  tasks.o [1]
  .bss                zero     0x2001eda0      0x4  tasks.o [1]
  .bss                zero     0x2001eda4      0x4  tasks.o [1]
  .bss                zero     0x2001eda8      0x4  tasks.o [1]
  .bss                zero     0x2001edac      0x4  tasks.o [1]
  .bss                zero     0x2001edb0      0x4  tasks.o [1]
  .bss                zero     0x2001edb4      0x4  tasks.o [1]
  .bss                zero     0x2001edb8      0x4  tasks.o [1]
  .bss                zero     0x2001edbc      0x4  tasks.o [1]
  .bss                zero     0x2001edc0      0x4  tasks.o [1]
  .bss                zero     0x2001edc4      0x4  tasks.o [1]
  .bss                zero     0x2001edc8      0x4  tasks.o [1]
  .bss                zero     0x2001edcc      0x4  timers.o [1]
  .bss                zero     0x2001edd0      0x4  timers.o [1]
  .bss                zero     0x2001edd4      0x4  timers.o [1]
  .bss                zero     0x2001edd8      0x4  timers.o [1]
  .bss                zero     0x2001eddc      0x4  usbh_msc_bot.o [1]
  .bss                zero     0x2001ede0      0x4  usbh_msc_bot.o [1]
  .bss                zero     0x2001ede4      0x4  usbh_msc_bot.o [1]
  .bss                zero     0x2001ede8      0x4  usbh_msc_bot.o [1]
  .bss                zero     0x2001edec      0x2  apptask.o [1]
  .bss                zero     0x2001edee      0x2  apptask.o [1]
  .bss                zero     0x2001edf0      0x2  apptask.o [1]
  .bss                zero     0x2001edf2      0x2  apptask.o [1]
  .bss                zero     0x2001edf4      0x2  bsp_sdwe050c17.o [1]
  .bss                zero     0x2001edf6      0x2  bsp_servomotor.o [1]
  .bss                zero     0x2001edf8      0x2  ff.o [1]
  .bss                zero     0x2001edfa      0x2  usbh_core.o [1]
  .bss                zero     0x2001edfc      0x2  usbh_stdreq.o [1]
  .bss                zero     0x2001edfe      0x1  apptask.o [1]
  .bss                zero     0x2001edff      0x1  apptask.o [1]
  .bss                zero     0x2001ee00      0x1  apptask.o [1]
  .bss                zero     0x2001ee01      0x1  apptask.o [1]
  .bss                zero     0x2001ee02      0x1  apptask.o [1]
  .bss                zero     0x2001ee03      0x1  apptask.o [1]
  .bss                zero     0x2001ee04      0x1  apptask.o [1]
  .bss                zero     0x2001ee05      0x1  apptask.o [1]
  .bss                zero     0x2001ee06      0x1  apptask.o [1]
  .bss                zero     0x2001ee07      0x1  bsp_sdio_sd.o [1]
  .bss                zero     0x2001ee08      0x1  bsp_sdwe050c17.o [1]
  .bss                zero     0x2001ee09      0x1  bsp_uart_fifo.o [1]
  .bss                zero     0x2001ee0a      0x1  port.o [1]
  .bss                zero     0x2001ee0b      0x1  product_cal.o [1]
  .bss                zero     0x2001ee0c      0x1  product_cal.o [1]
  .bss                zero     0x2001ee0d      0x1  protocol.o [1]
  .bss                zero     0x2001ee0e      0x1  rc522.o [1]
  .bss                zero     0x2001ee0f      0x1  rc522.o [1]
  .bss                zero     0x2001ee10      0x1  usbh_msc_bot.o [1]
  .bss                zero     0x2001ee11      0x1  usbh_msc_core.o [1]
  .bss                zero     0x2001ee12      0x1  usbh_msc_core.o [1]
  .bss                zero     0x2001ee13      0x1  usbh_stdreq.o [1]
  .bss                zero     0x2001ee14      0x1  usbh_usr.o [1]
  CSTACK                       0x2001ee18    0x800  <Block>
    CSTACK            uninit   0x2001ee18    0x800  <Block tail>
                             - 0x2001f618  0x1f618

Absolute sections:                         0xff000
  .bss                zero     0x68000000  0xf0000  malloc.o [1]
  .bss                zero     0x680f0000   0xf000  malloc.o [1]
                             - 0x680ff000  0xff000


*******************************************************************************
*** INIT TABLE
***

          Address     Size
          -------     ----
Zero (__iar_zero_init3)
    2 destination ranges, total size 0x11dc5d:
          0x200001b8  0x1ec5d
          0x68000000  0xff000

Copy (__iar_copy_init3)
    1 source range, total size 0x1b8 (100% of destination):
          0x0803fd74    0x1b8
    1 destination range, total size 0x1b7:
          0x20000000    0x1b7



*******************************************************************************
*** MODULE SUMMARY
***

    Module                    ro code  ro data  rw data    rw data
                                                            (abs)
    ------                    -------  -------  -------    -------
E:\WORK\YarnControl_Driver\YarnControl_Driver\src\stm32f4_rtos\Project\EWARMv7\Flash\Obj: [1]
    SysInfoTest.o                  60                 4
    apptask.o                  15 004    1 664      109
    bsp.o                          80
    bsp_closeSW.o                 212
    bsp_dwt.o                     116
    bsp_led.o                     192
    bsp_relay.o                    68
    bsp_sdio_sd.o               6 744               209
    bsp_sdwe050c17.o            3 252       56       55
    bsp_servomotor.o              476                 2
    bsp_spi.o                     292
    bsp_stepmotor.o               540
    bsp_sw_onoff.o                104
    bsp_tim_pwm.o                 736
    bsp_timer.o                   516                16
    bsp_uart_fifo.o             2 660               341
    bsp_w25qxx.o                  896       10    4 098
    bsp_watchdog.o                  8
    cc936.o                       244  176 320
    demo_fatfs.o                           772       80
    diskio.o                      740
    event_groups.o                610
    ff.o                        8 804       36      562
    heap_4.o                      640        4   71 704
    list.o                        152
    main.o                         52       32
    malloc.o                      540       52   43 548  1 044 480
    mcheck.o                      184      768
    misc.o                        136
    modbus.o                      852                 8
    para.o                        700       24      140
    port.o                        588        8        9
    portasm.o                     168
    product_cal.o               1 176      400       94
    protocol.o                     68               401
    queue.o                     1 992
    rc522.o                       174                22
    startup_stm32f40_41xxx.o      692
    stm32f4xx_dma.o               692
    stm32f4xx_exti.o              192
    stm32f4xx_gpio.o              300
    stm32f4xx_it.o                 56       44
    stm32f4xx_iwdg.o               16
    stm32f4xx_rcc.o               452       16       16
    stm32f4xx_sdio.o              380
    stm32f4xx_spi.o               116
    stm32f4xx_syscfg.o             84
    stm32f4xx_tim.o               894
    stm32f4xx_usart.o             558
    system_stm32f4xx.o            340        4        4
    tasks.o                     3 072        8      364
    timers.o                    1 188        8       56
    usb_bsp.o                     332
    usb_core.o                  2 640
    usb_hcd.o                     214
    usb_hcd_int.o               3 198
    usbh_core.o                 1 888       16       18
    usbh_hcs.o                    442
    usbh_ioreq.o                  582
    usbh_it.o                      16
    usbh_msc_bot.o              1 364                81
    usbh_msc_core.o             1 000       16       94
    usbh_msc_scsi.o             1 560        1      529
    usbh_stdreq.o               1 078               515
    usbh_usr.o                    438      628    3 125
    --------------------------------------------------------------
    Total:                     73 560  180 887  126 204  1 044 480

command line: [2]
    --------------------------------------------------------------
    Total:

dl7M_tlf.a: [3]
    div.o                          14
    exit.o                          4
    localeconv.o                  108      136      136
    printf.o                       36
    putchar.o                      12
    sprintf.o                      52
    strcat.o                       28
    strstr.o                       44
    xfiles.o                                64      144
    xprintffull_nomb.o          3 478
    xprout.o                       22
    xsprout.o                      10
    --------------------------------------------------------------
    Total:                      3 808      200      280

m7M_tls.a: [4]
    DblAdd.o                      232
    DblCmpGe.o                     46
    DblCmpLe.o                     46
    DblDiv.o                      598
    DblMul.o                      418
    DblSub.o                      384
    DblToI32.o                     88
    FltToDbl.o                     78
    I32ToDbl.o                     48
    fpinit_M.o                     34
    xdnorm.o                       66
    xdscale.o                     276
    --------------------------------------------------------------
    Total:                      2 314

rt7M_tl.a: [5]
    ABImemcpy_unaligned.o         118
    ABImemset.o                   102
    I64DivMod.o                   238
    I64DivZer.o                     2
    cexit.o                        10
    cmain.o                        26
    copy_init3.o                   44
    cstartup_M.o                   12
    data_init.o                    40
    memchr.o                       88
    memcmp_unaligned.o             98
    strchr.o                       22
    strcmp_unaligned.o             66
    strcpy_unaligned.o             68
    strlen.o                       54
    zero_init3.o                   64
    --------------------------------------------------------------
    Total:                      1 052

shb_l.a: [6]
    exit.o                         20
    --------------------------------------------------------------
    Total:                         20

    Gaps                           44        2
    Linker created                          45    2 048
------------------------------------------------------------------
    Grand Total:               80 798  181 134  128 532  1 044 480


*******************************************************************************
*** ENTRY LIST
***

Entry                      Address     Size  Type      Object
-----                      -------     ----  ----      ------
.iar.init_table$$Base   0x0803f394            --   Gb  - Linker created -
.iar.init_table$$Limit  0x0803f3c0            --   Gb  - Linker created -
?main                   0x0803f6a9           Code  Gb  cmain.o [5]
APBAHBPrescTable        0x2000017c     0x10  Data  Lc  stm32f4xx_rcc.o [1]
AppObjCreate            0x0802e081    0x134  Code  Gb  apptask.o [1]
AppTaskCreate           0x0802df2d    0x148  Code  Gb  apptask.o [1]
BOTStallErrorCount      0x2001eddc      0x4  Data  Lc  usbh_msc_bot.o [1]
BusFault_Handler        0x0803f0bf      0x2  Code  Gb  stm32f4xx_it.o [1]
CID_Tab                 0x2001ec64     0x10  Data  Lc  bsp_sdio_sd.o [1]
CRC16HiTable            0x0803ea5c    0x100  Data  Gb  mcheck.o [1]
CRC16LoTable            0x0803eb5c    0x100  Data  Gb  mcheck.o [1]
CRC8Table               0x0803ec5c    0x100  Data  Gb  mcheck.o [1]
CSD_Tab                 0x2001ec54     0x10  Data  Lc  bsp_sdio_sd.o [1]
CSTACK$$Base            0x2001ee18            --   Gb  - Linker created -
CSTACK$$Limit           0x2001f618            --   Gb  - Linker created -
CardType                0x2001ed48      0x4  Data  Lc  bsp_sdio_sd.o [1]
CmdError                0x0803b1a9     0x38  Code  Lc  bsp_sdio_sd.o [1]
CmdResp1Error           0x0803b24d    0x112  Code  Lc  bsp_sdio_sd.o [1]
CmdResp2Error           0x0803b39d     0x52  Code  Lc  bsp_sdio_sd.o [1]
CmdResp3Error           0x0803b35f     0x3e  Code  Lc  bsp_sdio_sd.o [1]
CmdResp6Error           0x0803b3ef     0xa6  Code  Lc  bsp_sdio_sd.o [1]
CmdResp7Error           0x0803b1e1     0x58  Code  Lc  bsp_sdio_sd.o [1]
ConfigExitNVIC          0x0803edc7     0x22  Code  Gb  bsp_closeSW.o [1]
ConfigUartNVIC          0x080363cd     0x7c  Code  Lc  bsp_uart_fifo.o [1]
DMA1_MEM_LEN            0x2001edf6      0x2  Data  Gb  bsp_servomotor.o [1]
DMA2_Stream3_IRQHandler
                        0x0803ba91      0x8  Code  Gb  bsp_sdio_sd.o [1]
DMAEndOfTransfer        0x2001ed58      0x4  Data  Gb  bsp_sdio_sd.o [1]
DMA_ClearFlag           0x08038d37     0x24  Code  Gb  stm32f4xx_dma.o [1]
DMA_Cmd                 0x08038ced     0x1a  Code  Gb  stm32f4xx_dma.o [1]
DMA_DeInit              0x08038b55    0x140  Code  Gb  stm32f4xx_dma.o [1]
DMA_FlowControllerConfig
                        0x08038d07     0x18  Code  Gb  stm32f4xx_dma.o [1]
DMA_GetCmdStatus        0x08038d1f     0x18  Code  Gb  stm32f4xx_dma.o [1]
DMA_ITConfig            0x08038d5b     0x42  Code  Gb  stm32f4xx_dma.o [1]
DMA_Init                0x08038c95     0x58  Code  Gb  stm32f4xx_dma.o [1]
DMA_PWM_Config          0x080350d1     0x7e  Code  Gb  bsp_servomotor.o [1]
DMA_PWM_Enable          0x0803502f     0x36  Code  Gb  bsp_servomotor.o [1]
DMA_send_feedback       0x08035065      0xa  Code  Gb  bsp_servomotor.o [1]
DebugMon_Handler        0x0803f0c3      0x2  Code  Gb  stm32f4xx_it.o [1]
DiskFile_init           0x08034bed     0x40  Code  Gb  protocol.o [1]
Disk_File               0x2001e79c     0x70  Data  Gb  protocol.o [1]
EXTI9_5_IRQHandler      0x0803ede9     0x3c  Code  Gb  bsp_closeSW.o [1]
EXTI_ClearITPendingBit  0x0803ef27      0x6  Code  Gb  stm32f4xx_exti.o [1]
EXTI_GetITStatus        0x0803ef0d     0x1a  Code  Gb  stm32f4xx_exti.o [1]
EXTI_Init               0x0803ee85     0x88  Code  Gb  stm32f4xx_exti.o [1]
FR_Table                0x20000088     0x50  Data  Gb  demo_fatfs.o [1]
FatFs                   0x2001ecbc      0xc  Data  Lc  ff.o [1]
File_info               0x2001e990     0x50  Data  Gb  protocol.o [1]
Files                   0x2001eb2c     0x24  Data  Lc  ff.o [1]
FindSCR                 0x0803b63d    0x206  Code  Lc  bsp_sdio_sd.o [1]
Fsid                    0x2001edf8      0x2  Data  Lc  ff.o [1]
GPIO_Init               0x08034e5d     0xaa  Code  Gb  stm32f4xx_gpio.o [1]
GPIO_PinAFConfig        0x08034f2f     0x5a  Code  Gb  stm32f4xx_gpio.o [1]
GPIO_ReadInputDataBit   0x08034f07     0x1a  Code  Gb  stm32f4xx_gpio.o [1]
GPIO_WriteBit           0x08034f21      0xe  Code  Gb  stm32f4xx_gpio.o [1]
GetDeviceState          0x08034bb9     0x2e  Code  Gb  bsp_sw_onoff.o [1]
HCD_GetCurrentFrame     0x08037e1d      0x8  Code  Gb  usb_hcd.o [1]
HCD_GetCurrentSpeed     0x08037dff     0x10  Code  Gb  usb_hcd.o [1]
HCD_GetURB_State        0x08037e25      0xa  Code  Gb  usb_hcd.o [1]
HCD_GetXferCnt          0x08037e2f      0xc  Code  Gb  usb_hcd.o [1]
HCD_Init                0x08037d8d     0x72  Code  Gb  usb_hcd.o [1]
HCD_ResetPort           0x08037e0f      0xe  Code  Gb  usb_hcd.o [1]
HCD_SubmitRequest       0x08037e3b     0x28  Code  Gb  usb_hcd.o [1]
HardFault_Handler       0x0803f08f     0x22  Code  Gb  stm32f4xx_it.o [1]
IWDG_Feed               0x0803586d      0x8  Code  Gb  bsp_watchdog.o [1]
IWDG_ReloadCounter      0x08038e09      0xa  Code  Gb  stm32f4xx_iwdg.o [1]
InitHardUart            0x0803600d    0x3c0  Code  Lc  bsp_uart_fifo.o [1]
Init_JINGSHA_GUI        0x0802f923    0x122  Code  Gb  bsp_sdwe050c17.o [1]
LfnBuf                  0x2001df10    0x200  Data  Lc  ff.o [1]
LfnOfs                  0x0803f9bc     0x10  Data  Lc  ff.o [1]
LoadInt                 0x080372b5     0x6e  Code  Lc  xprintffull_nomb.o [3]
MSCErrorCount           0x2001ee11      0x1  Data  Gb  usbh_msc_core.o [1]
MSC_Machine             0x2001ea30     0x4c  Data  Gb  usbh_msc_core.o [1]
MSG_DEV_ATTACHED        0x0803f838     0x18  Data  Gb  usbh_usr.o [1]
MSG_DEV_DISCONNECTED    0x0803f850     0x18  Data  Gb  usbh_usr.o [1]
MSG_DEV_ENUMERATED      0x0803f654     0x1c  Data  Gb  usbh_usr.o [1]
MSG_DEV_ERROR           0x0803f918     0x14  Data  Gb  usbh_usr.o [1]
MSG_DEV_FULLSPEED       0x0803f4e0     0x20  Data  Gb  usbh_usr.o [1]
MSG_DEV_HIGHSPEED       0x0803f4c0     0x20  Data  Gb  usbh_usr.o [1]
MSG_DEV_LOWSPEED        0x0803f500     0x20  Data  Gb  usbh_usr.o [1]
MSG_HID_CLASS           0x0803f670     0x1c  Data  Gb  usbh_usr.o [1]
MSG_MSC_CLASS           0x0803f34c     0x24  Data  Gb  usbh_usr.o [1]
MSG_UNREC_ERROR         0x0803f68c     0x1c  Data  Gb  usbh_usr.o [1]
MemManage_Handler       0x0803f0bd      0x2  Code  Gb  stm32f4xx_it.o [1]
NMI_Handler             0x0803f08d      0x2  Code  Gb  stm32f4xx_it.o [1]
NVIC_Init               0x080390fb     0x6a  Code  Gb  misc.o [1]
NVIC_PriorityGroupConfig
                        0x080390f1      0xa  Code  Gb  misc.o [1]
OTG_FS_IRQHandler       0x0803fa1d     0x10  Code  Gb  usbh_it.o [1]
PendSV_Handler          0x08038e19           Code  Gb  portasm.o [1]
RCA                     0x2001ed4c      0x4  Data  Lc  bsp_sdio_sd.o [1]
RCC_AHB1PeriphClockCmd  0x08035edb     0x22  Code  Gb  stm32f4xx_rcc.o [1]
RCC_AHB2PeriphClockCmd  0x08035efd     0x1e  Code  Gb  stm32f4xx_rcc.o [1]
RCC_APB1PeriphClockCmd  0x08035f1b     0x1e  Code  Gb  stm32f4xx_rcc.o [1]
RCC_APB2PeriphClockCmd  0x08035f39     0x1e  Code  Gb  stm32f4xx_rcc.o [1]
RCC_APB2PeriphResetCmd  0x08035f57     0x1e  Code  Gb  stm32f4xx_rcc.o [1]
RCC_GetClocksFreq       0x08035dd9    0x102  Code  Gb  stm32f4xx_rcc.o [1]
RS485_InitTXE           0x08035fd9     0x34  Code  Gb  bsp_uart_fifo.o [1]
RS485_sendbuf           0x08036889     0x3c  Code  Gb  bsp_uart_fifo.o [1]
Region$$Table$$Base     0x0803f394            --   Gb  - Linker created -
Region$$Table$$Limit    0x0803f3c0            --   Gb  - Linker created -
SDCardInfo              0x2001e938     0x58  Data  Gb  bsp_sdio_sd.o [1]
SDEnWideBus             0x0803b4a1    0x198  Code  Lc  bsp_sdio_sd.o [1]
SDIO_ClearFlag          0x0803c71d      0x6  Code  Gb  stm32f4xx_sdio.o [1]
SDIO_ClearITPendingBit  0x0803c73d      0x6  Code  Gb  stm32f4xx_sdio.o [1]
SDIO_ClockCmd           0x0803c64b      0x8  Code  Gb  stm32f4xx_sdio.o [1]
SDIO_CmdInitStructure   0x2001eba0     0x14  Data  Gb  bsp_sdio_sd.o [1]
SDIO_DMACmd             0x0803c6dd      0x8  Code  Gb  stm32f4xx_sdio.o [1]
SDIO_DataConfig         0x0803c6a9     0x2e  Code  Gb  stm32f4xx_sdio.o [1]
SDIO_DataInitStructure  0x2001eb88     0x18  Data  Gb  bsp_sdio_sd.o [1]
SDIO_DeInit             0x0803c609     0x18  Code  Gb  stm32f4xx_sdio.o [1]
SDIO_GetCommandResponse
                        0x0803c68b      0x8  Code  Gb  stm32f4xx_sdio.o [1]
SDIO_GetFlagStatus      0x0803c703     0x1a  Code  Gb  stm32f4xx_sdio.o [1]
SDIO_GetITStatus        0x0803c723     0x1a  Code  Gb  stm32f4xx_sdio.o [1]
SDIO_GetPowerState      0x0803c659      0xa  Code  Gb  stm32f4xx_sdio.o [1]
SDIO_GetResponse        0x0803c693     0x16  Code  Gb  stm32f4xx_sdio.o [1]
SDIO_IRQHandler         0x0803ba89      0x8  Code  Gb  bsp_sdio_sd.o [1]
SDIO_ITConfig           0x0803c6e5     0x1e  Code  Gb  stm32f4xx_sdio.o [1]
SDIO_Init               0x0803c621     0x2a  Code  Gb  stm32f4xx_sdio.o [1]
SDIO_InitStructure      0x2001eb70     0x18  Data  Gb  bsp_sdio_sd.o [1]
SDIO_Interrupts_Config  0x0803ba4d     0x3c  Code  Gb  bsp_sdio_sd.o [1]
SDIO_ReadData           0x0803c6d7      0x6  Code  Gb  stm32f4xx_sdio.o [1]
SDIO_SendCommand        0x0803c663     0x28  Code  Gb  stm32f4xx_sdio.o [1]
SDIO_SetPowerState      0x0803c653      0x6  Code  Gb  stm32f4xx_sdio.o [1]
SDWE_WARNNING           0x0802fbb5     0x2a  Code  Gb  bsp_sdwe050c17.o [1]
SD_Detect               0x0803a145     0x22  Code  Gb  bsp_sdio_sd.o [1]
SD_EnableWideBusOperation
                        0x0803a941     0xc8  Code  Gb  bsp_sdio_sd.o [1]
SD_GetCardInfo          0x0803a555    0x3ec  Code  Gb  bsp_sdio_sd.o [1]
SD_GetState             0x0803a11b     0x2a  Code  Gb  bsp_sdio_sd.o [1]
SD_GetStatus            0x0803a0f9     0x22  Code  Gb  bsp_sdio_sd.o [1]
SD_Init                 0x0803a041     0xb8  Code  Gb  bsp_sdio_sd.o [1]
SD_InitializeCards      0x0803a3b3    0x1a2  Code  Gb  bsp_sdio_sd.o [1]
SD_LowLevel_DMA_RxConfig
                        0x0803b997     0x8e  Code  Gb  bsp_sdio_sd.o [1]
SD_LowLevel_DMA_TxConfig
                        0x0803b909     0x8e  Code  Gb  bsp_sdio_sd.o [1]
SD_LowLevel_Init        0x0803b845     0xbc  Code  Gb  bsp_sdio_sd.o [1]
SD_PowerON              0x0803a167    0x24c  Code  Gb  bsp_sdio_sd.o [1]
SD_ProcessDMAIRQ        0x0803b185     0x22  Code  Gb  bsp_sdio_sd.o [1]
SD_ProcessIRQSrc        0x0803b0d7     0xae  Code  Gb  bsp_sdio_sd.o [1]
SD_ReadBlock            0x0803aa41    0x108  Code  Gb  bsp_sdio_sd.o [1]
SD_ReadMultiBlocks      0x0803ab49    0x134  Code  Gb  bsp_sdio_sd.o [1]
SD_SelectDeselect       0x0803aa09     0x38  Code  Gb  bsp_sdio_sd.o [1]
SD_SendStatus           0x0803b069     0x6e  Code  Gb  bsp_sdio_sd.o [1]
SD_StopTransfer         0x0803b021     0x44  Code  Gb  bsp_sdio_sd.o [1]
SD_WaitReadOperation    0x0803ac81     0x96  Code  Gb  bsp_sdio_sd.o [1]
SD_WriteBlock           0x0803ad21    0x11e  Code  Gb  bsp_sdio_sd.o [1]
SD_WriteMultiBlocks     0x0803ae4d    0x1cc  Code  Gb  bsp_sdio_sd.o [1]
SPI1_Init               0x08036c05     0xc0  Code  Gb  bsp_spi.o [1]
SPI1_ReadWriteByte      0x08036ced     0x32  Code  Gb  bsp_spi.o [1]
SPI1_SetSpeed           0x08036cc5     0x28  Code  Gb  bsp_spi.o [1]
SPI_Cmd                 0x080391b9     0x1c  Code  Gb  stm32f4xx_spi.o [1]
SPI_I2S_GetFlagStatus   0x080391d5     0x18  Code  Gb  stm32f4xx_spi.o [1]
SPI_Init                0x08039179     0x40  Code  Gb  stm32f4xx_spi.o [1]
SVC_Handler             0x08038e71           Code  Gb  portasm.o [1]
SYSCFG_EXTILineConfig   0x0803ee31     0x50  Code  Gb  stm32f4xx_syscfg.o [1]
Sdwe_ClearReadDisk      0x0802fc8b     0x1c  Code  Gb  bsp_sdwe050c17.o [1]
Sdwe_change_class_time  0x080300ef     0x30  Code  Gb  bsp_sdwe050c17.o [1]
Sdwe_clearString        0x0802fbdf     0x54  Code  Gb  bsp_sdwe050c17.o [1]
Sdwe_clear_filename     0x0802fcd7     0x2a  Code  Gb  bsp_sdwe050c17.o [1]
Sdwe_disDigi            0x0802fa8f     0xa4  Code  Gb  bsp_sdwe050c17.o [1]
Sdwe_disPicture         0x0802fa45     0x4a  Code  Gb  bsp_sdwe050c17.o [1]
Sdwe_disString          0x0802fb33     0x82  Code  Gb  bsp_sdwe050c17.o [1]
Sdwe_hidden_page        0x08030187     0x30  Code  Gb  bsp_sdwe050c17.o [1]
Sdwe_peiliao_page       0x0802fff9     0xf6  Code  Gb  bsp_sdwe050c17.o [1]
Sdwe_period_page        0x0803011f     0x68  Code  Gb  bsp_sdwe050c17.o [1]
Sdwe_product_page       0x0802fe81    0x174  Code  Gb  bsp_sdwe050c17.o [1]
Sdwe_readRTC            0x0802fca7     0x30  Code  Gb  bsp_sdwe050c17.o [1]
Sdwe_refresh_allname    0x0802fe37     0x48  Code  Gb  bsp_sdwe050c17.o [1]
Sdwe_refresh_filename   0x0802fd01    0x136  Code  Gb  bsp_sdwe050c17.o [1]
Sdwe_stop_page          0x080301b7    0x366  Code  Gb  bsp_sdwe050c17.o [1]
Sdwe_writeIcon          0x0802fc33     0x58  Code  Gb  bsp_sdwe050c17.o [1]
SetSysClock             0x0803e95b     0xce  Code  Lc  system_stm32f4xx.o [1]
SlavePara               0x2001e5d8     0xa4  Data  Gb  protocol.o [1]
StopCondition           0x2001ed50      0x4  Data  Gb  bsp_sdio_sd.o [1]
SysTick_Handler         0x080359fb     0x2c  Code  Gb  port.o [1]
SystemCoreClock         0x200001ac      0x4  Data  Gb  system_stm32f4xx.o [1]
SystemInit              0x0803e909     0x52  Code  Gb  system_stm32f4xx.o [1]
TIM1_PWM_SETPMOTOR      0x08034da9     0x9e  Code  Gb  bsp_stepmotor.o [1]
TIM2_IRQHandler         0x08036b41     0xac  Code  Gb  bsp_timer.o [1]
TIM3_PWM_SETPMOTOR      0x08034d41     0x68  Code  Gb  bsp_stepmotor.o [1]
TIM4_PWM_Init           0x0803506f     0x62  Code  Gb  bsp_servomotor.o [1]
TIM6_DAC_IRQHandler     0x0803f02b     0x22  Code  Gb  SysInfoTest.o [1]
TIM_ARRPreloadConfig    0x0803123b     0x1c  Code  Gb  stm32f4xx_tim.o [1]
TIM_CallBack1           0x0802e1d5     0x34  Code  Gb  apptask.o [1]
TIM_ClearITPendingBit   0x08031531      0x8  Code  Gb  stm32f4xx_tim.o [1]
TIM_Cmd                 0x08031257     0x1c  Code  Gb  stm32f4xx_tim.o [1]
TIM_CtrlPWMOutputs      0x080314c7     0x22  Code  Gb  stm32f4xx_tim.o [1]
TIM_DMACmd              0x08031539     0x16  Code  Gb  stm32f4xx_tim.o [1]
TIM_GetITStatus         0x080314ff     0x32  Code  Gb  stm32f4xx_tim.o [1]
TIM_ITConfig            0x080314e9     0x16  Code  Gb  stm32f4xx_tim.o [1]
TIM_OC1Init             0x08031273     0x7e  Code  Gb  stm32f4xx_tim.o [1]
TIM_OC2Init             0x080312f1     0x8c  Code  Gb  stm32f4xx_tim.o [1]
TIM_OC2PreloadConfig    0x0803148d     0x14  Code  Gb  stm32f4xx_tim.o [1]
TIM_OC3Init             0x0803137d     0x8a  Code  Gb  stm32f4xx_tim.o [1]
TIM_OC3PreloadConfig    0x080314a1     0x12  Code  Gb  stm32f4xx_tim.o [1]
TIM_OC4Init             0x08031407     0x68  Code  Gb  stm32f4xx_tim.o [1]
TIM_OC4PreloadConfig    0x080314b3     0x14  Code  Gb  stm32f4xx_tim.o [1]
TIM_TimeBaseInit        0x080311d1     0x6a  Code  Gb  stm32f4xx_tim.o [1]
Task_iwdg_refresh       0x0802e3a9     0x56  Code  Gb  apptask.o [1]
TransferEnd             0x2001ed54      0x4  Data  Gb  bsp_sdio_sd.o [1]
TransferError           0x2001ee07      0x1  Data  Gb  bsp_sdio_sd.o [1]
UART1ToPC               0x08036829     0x30  Code  Gb  bsp_uart_fifo.o [1]
UART2ToPC               0x08036859     0x30  Code  Gb  bsp_uart_fifo.o [1]
UART2_RX_BUF            0x2001e8d4     0x64  Data  Gb  bsp_uart_fifo.o [1]
UART3ToPC               0x080368c5     0x30  Code  Gb  bsp_uart_fifo.o [1]
UART4ToPC               0x080368f5     0x30  Code  Gb  bsp_uart_fifo.o [1]
UART4_IRQHandler        0x08036737     0x84  Code  Gb  bsp_uart_fifo.o [1]
UART4_RX_BUF            0x2001e870     0x64  Data  Gb  bsp_uart_fifo.o [1]
UART5ToPC               0x08036927     0x30  Code  Gb  bsp_uart_fifo.o [1]
UART5_IRQHandler        0x080367bb     0x6e  Code  Gb  bsp_uart_fifo.o [1]
UART5_RX_BUF            0x2001e80c     0x64  Data  Gb  bsp_uart_fifo.o [1]
USART1_IRQHandler       0x080366a7     0x1e  Code  Gb  bsp_uart_fifo.o [1]
USART2_IRQHandler       0x080366c5     0x68  Code  Gb  bsp_uart_fifo.o [1]
USART3_IRQHandler       0x0803672d      0xa  Code  Gb  bsp_uart_fifo.o [1]
USART_ClearFlag         0x08039073      0xc  Code  Gb  stm32f4xx_usart.o [1]
USART_Cmd               0x08038fbd     0x1c  Code  Gb  stm32f4xx_usart.o [1]
USART_DMACmd            0x08038fe9     0x16  Code  Gb  stm32f4xx_usart.o [1]
USART_GetFlagStatus     0x08039055     0x1e  Code  Gb  stm32f4xx_usart.o [1]
USART_GetITStatus       0x0803907f     0x70  Code  Gb  stm32f4xx_usart.o [1]
USART_ITConfig          0x08038fff     0x56  Code  Gb  stm32f4xx_usart.o [1]
USART_Init              0x08038ec1     0xee  Code  Gb  stm32f4xx_usart.o [1]
USART_ReceiveData       0x08038fe1      0x8  Code  Gb  stm32f4xx_usart.o [1]
USART_SendData          0x08038fd9      0x8  Code  Gb  stm32f4xx_usart.o [1]
USBH_Alloc_Channel      0x08037f7d     0x2e  Code  Gb  usbh_hcs.o [1]
USBH_BulkReceiveData    0x08038621     0x62  Code  Gb  usbh_ioreq.o [1]
USBH_BulkSendData       0x080385bf     0x62  Code  Gb  usbh_ioreq.o [1]
USBH_CfgDesc            0x2001e310    0x200  Data  Gb  usbh_stdreq.o [1]
USBH_ClrFeature         0x080381c7     0x4c  Code  Gb  usbh_stdreq.o [1]
USBH_Connected          0x08031cad      0xc  Code  Gb  usbh_core.o [1]
USBH_CtlReceiveData     0x08038579     0x46  Code  Gb  usbh_ioreq.o [1]
USBH_CtlReq             0x08038453     0x6e  Code  Gb  usbh_ioreq.o [1]
USBH_CtlSendData        0x08038505     0x74  Code  Gb  usbh_ioreq.o [1]
USBH_CtlSendSetup       0x080384c1     0x44  Code  Gb  usbh_ioreq.o [1]
USBH_DataInBuffer       0x2001e110    0x200  Data  Gb  usbh_msc_scsi.o [1]
USBH_DeAllocate_AllChannel
                        0x08037fcf     0x20  Code  Gb  usbh_hcs.o [1]
USBH_DeInit             0x08031d13     0x3e  Code  Gb  usbh_core.o [1]
USBH_Disconnected       0x08031cb9      0xc  Code  Gb  usbh_core.o [1]
USBH_ErrorHandle        0x08031f23     0x34  Code  Gb  usbh_core.o [1]
USBH_Free_Channel       0x08037fab     0x24  Code  Gb  usbh_hcs.o [1]
USBH_GetDescriptor      0x08038127     0x4e  Code  Gb  usbh_stdreq.o [1]
USBH_GetFreeChannel     0x08037fef     0x2e  Code  Lc  usbh_hcs.o [1]
USBH_GetNextDesc        0x0803843b     0x18  Code  Gb  usbh_stdreq.o [1]
USBH_Get_CfgDesc        0x08038063     0x78  Code  Gb  usbh_stdreq.o [1]
USBH_Get_DevDesc        0x0803801d     0x46  Code  Gb  usbh_stdreq.o [1]
USBH_Get_StringDesc     0x080380db     0x4c  Code  Gb  usbh_stdreq.o [1]
USBH_HCD_INT_cb         0x2000019c      0xc  Data  Gb  usbh_core.o [1]
USBH_HCD_INT_fops       0x200001b0      0x4  Data  Gb  usbh_core.o [1]
USBH_HandleControl      0x0803216b    0x29a  Code  Gb  usbh_core.o [1]
USBH_HandleEnum         0x08031f57    0x214  Code  Lc  usbh_core.o [1]
USBH_Init               0x08031ccb     0x48  Code  Gb  usbh_core.o [1]
USBH_MSC_BOTReset       0x0803d749     0x28  Code  Lc  usbh_msc_core.o [1]
USBH_MSC_BOTXferParam   0x2001ec84     0x10  Data  Gb  usbh_msc_bot.o [1]
USBH_MSC_BOT_Abort      0x0803c4f9     0x5c  Code  Gb  usbh_msc_bot.o [1]
USBH_MSC_CBWData        0x2001eb50     0x20  Data  Gb  usbh_msc_bot.o [1]
USBH_MSC_CSWData        0x2001ec74     0x10  Data  Gb  usbh_msc_bot.o [1]
USBH_MSC_ClassRequest   0x0803d537     0x12  Code  Lc  usbh_msc_core.o [1]
USBH_MSC_DecodeCSW      0x0803c555     0x7a  Code  Gb  usbh_msc_bot.o [1]
USBH_MSC_ErrorHandle    0x0803d799     0x3e  Code  Gb  usbh_msc_core.o [1]
USBH_MSC_GETMaxLUN      0x0803d771     0x28  Code  Lc  usbh_msc_core.o [1]
USBH_MSC_Handle         0x0803d549    0x200  Code  Lc  usbh_msc_core.o [1]
USBH_MSC_HandleBOTXfer  0x0803c0f5    0x404  Code  Gb  usbh_msc_bot.o [1]
USBH_MSC_Init           0x0803c0b1     0x44  Code  Gb  usbh_msc_bot.o [1]
USBH_MSC_InterfaceDeInit
                        0x0803d4eb     0x4c  Code  Lc  usbh_msc_core.o [1]
USBH_MSC_InterfaceInit  0x0803d405     0xe6  Code  Lc  usbh_msc_core.o [1]
USBH_MSC_ModeSense6     0x0803bcab    0x10c  Code  Gb  usbh_msc_scsi.o [1]
USBH_MSC_Param          0x2001ec94     0x10  Data  Gb  usbh_msc_scsi.o [1]
USBH_MSC_Read10         0x0803bf91    0x106  Code  Gb  usbh_msc_scsi.o [1]
USBH_MSC_ReadCapacity10
                        0x0803bb81    0x12a  Code  Gb  usbh_msc_scsi.o [1]
USBH_MSC_RequestSense   0x0803bdb7     0xee  Code  Gb  usbh_msc_scsi.o [1]
USBH_MSC_TestUnitReady  0x0803ba99     0xe8  Code  Gb  usbh_msc_scsi.o [1]
USBH_MSC_Write10        0x0803bea5     0xec  Code  Gb  usbh_msc_scsi.o [1]
USBH_MSC_cb             0x2000018c     0x10  Data  Gb  usbh_msc_core.o [1]
USBH_Modify_Channel     0x08037f09     0x74  Code  Gb  usbh_hcs.o [1]
USBH_OTG_ISR_Handler    0x0803c785     0xb8  Code  Gb  usb_hcd_int.o [1]
USBH_Open_Channel       0x08037e63     0xa6  Code  Gb  usbh_hcs.o [1]
USBH_ParseCfgDesc       0x0803826f    0x13c  Code  Lc  usbh_stdreq.o [1]
USBH_ParseDevDesc       0x08038213     0x5c  Code  Lc  usbh_stdreq.o [1]
USBH_ParseEPDesc        0x080383df     0x20  Code  Lc  usbh_stdreq.o [1]
USBH_ParseInterfaceDesc
                        0x080383b9     0x26  Code  Lc  usbh_stdreq.o [1]
USBH_ParseStringDesc    0x080383ff     0x3c  Code  Lc  usbh_stdreq.o [1]
USBH_Process            0x08031d51    0x1d2  Code  Gb  usbh_core.o [1]
USBH_SOF                0x08031cc5      0x6  Code  Gb  usbh_core.o [1]
USBH_SetAddress         0x08038175     0x2a  Code  Gb  usbh_stdreq.o [1]
USBH_SetCfg             0x0803819f     0x28  Code  Gb  usbh_stdreq.o [1]
USBH_SubmitSetupRequest
                        0x08038683     0x16  Code  Lc  usbh_ioreq.o [1]
USBH_USR_Configuration_DescAvailable
                        0x08031bb5     0x26  Code  Gb  usbh_usr.o [1]
USBH_USR_DeInit         0x08031ca9      0x2  Code  Gb  usbh_usr.o [1]
USBH_USR_DeviceAddressAssigned
                        0x08031bb3      0x2  Code  Gb  usbh_usr.o [1]
USBH_USR_DeviceAttached
                        0x08031b2d      0xa  Code  Gb  usbh_usr.o [1]
USBH_USR_DeviceDisconnected
                        0x08031b41     0x1a  Code  Gb  usbh_usr.o [1]
USBH_USR_DeviceNotSupported
                        0x08031c1f      0xa  Code  Gb  usbh_usr.o [1]
USBH_USR_DeviceSpeedDetected
                        0x08031b65     0x36  Code  Gb  usbh_usr.o [1]
USBH_USR_Device_DescAvailable
                        0x08031b9b     0x18  Code  Gb  usbh_usr.o [1]
USBH_USR_EnumerationDone
                        0x08031c05     0x1a  Code  Gb  usbh_usr.o [1]
USBH_USR_Init           0x08031b09     0x24  Code  Gb  usbh_usr.o [1]
USBH_USR_MSC_Application
                        0x08031ca5      0x4  Code  Gb  usbh_usr.o [1]
USBH_USR_Manufacturer_String
                        0x08031bdb      0xe  Code  Gb  usbh_usr.o [1]
USBH_USR_OverCurrentDetected
                        0x08031c2d      0xa  Code  Gb  usbh_usr.o [1]
USBH_USR_Product_String
                        0x08031be9      0xe  Code  Gb  usbh_usr.o [1]
USBH_USR_ResetDevice    0x08031b5b      0xa  Code  Gb  usbh_usr.o [1]
USBH_USR_SerialNum_String
                        0x08031bf7      0xe  Code  Gb  usbh_usr.o [1]
USBH_USR_UnrecoveredError
                        0x08031b37      0xa  Code  Gb  usbh_usr.o [1]
USBH_USR_UserInput      0x08031c29      0x4  Code  Gb  usbh_usr.o [1]
USB_Host                0x2001e67c     0x94  Data  Gb  usbh_usr.o [1]
USB_OTG_BSP_DisableInterrupt
                        0x08037cf1     0x22  Code  Gb  usb_bsp.o [1]
USB_OTG_BSP_EnableInterrupt
                        0x08037d13     0x54  Code  Gb  usb_bsp.o [1]
USB_OTG_BSP_Init        0x08037c41     0xb0  Code  Gb  usb_bsp.o [1]
USB_OTG_BSP_mDelay      0x08037d81      0xc  Code  Gb  usb_bsp.o [1]
USB_OTG_BSP_uDelay      0x08037d75      0xc  Code  Gb  usb_bsp.o [1]
USB_OTG_Core            0x2001d3b8    0x5ac  Data  Gb  usbh_usr.o [1]
USB_OTG_CoreInit        0x080397c9     0xce  Code  Gb  usb_core.o [1]
USB_OTG_CoreInitHost    0x080399d5     0xd0  Code  Gb  usb_core.o [1]
USB_OTG_CoreReset       0x08039613     0x60  Code  Lc  usb_core.o [1]
USB_OTG_DisableGlobalInt
                        0x080398b5     0x1e  Code  Gb  usb_core.o [1]
USB_OTG_DriveVbus       0x08039ab5     0x54  Code  Gb  usb_core.o [1]
USB_OTG_EnableCommonInt
                        0x080395f1     0x22  Code  Lc  usb_core.o [1]
USB_OTG_EnableGlobalInt
                        0x08039897     0x1e  Code  Gb  usb_core.o [1]
USB_OTG_EnableHostInt   0x08039b09     0x4e  Code  Gb  usb_core.o [1]
USB_OTG_FlushRxFifo     0x0803991b     0x40  Code  Gb  usb_core.o [1]
USB_OTG_FlushTxFifo     0x080398d3     0x48  Code  Gb  usb_core.o [1]
USB_OTG_GetMode         0x080399a1      0xa  Code  Gb  usb_core.o [1]
USB_OTG_HC_DoPing       0x08039ff9     0x48  Code  Gb  usb_core.o [1]
USB_OTG_HC_Halt         0x08039f85     0x74  Code  Gb  usb_core.o [1]
USB_OTG_HC_Init         0x08039bb5    0x1d0  Code  Gb  usb_core.o [1]
USB_OTG_HC_StartXfer    0x08039d85    0x200  Code  Gb  usb_core.o [1]
USB_OTG_InitFSLSPClkSel
                        0x08039b57     0x12  Code  Gb  usb_core.o [1]
USB_OTG_IsEvenFrame     0x08039aa5     0x10  Code  Gb  usb_core.o [1]
USB_OTG_IsHostMode      0x080399ab     0x18  Code  Gb  usb_core.o [1]
USB_OTG_ReadCoreItr     0x080399c3     0x12  Code  Gb  usb_core.o [1]
USB_OTG_ReadHPRT0       0x08039b69     0x1c  Code  Gb  usb_core.o [1]
USB_OTG_ReadPacket      0x080396bb     0x2c  Code  Gb  usb_core.o [1]
USB_OTG_ResetPort       0x08039b85     0x30  Code  Gb  usb_core.o [1]
USB_OTG_SelectCore      0x080396e7     0xe2  Code  Gb  usb_core.o [1]
USB_OTG_SetCurrentMode  0x08039965     0x3c  Code  Gb  usb_core.o [1]
USB_OTG_USBH_handle_Disconnect_ISR
                        0x0803c8c1     0x1e  Code  Lc  usb_hcd_int.o [1]
USB_OTG_USBH_handle_IncompletePeriodicXfer_ISR
                        0x0803d3db     0x28  Code  Lc  usb_hcd_int.o [1]
USB_OTG_USBH_handle_hc_ISR
                        0x0803c83d     0x66  Code  Lc  usb_hcd_int.o [1]
USB_OTG_USBH_handle_hc_n_In_ISR
                        0x0803cf4d    0x378  Code  Lc  usb_hcd_int.o [1]
USB_OTG_USBH_handle_hc_n_Out_ISR
                        0x0803cc15    0x338  Code  Lc  usb_hcd_int.o [1]
USB_OTG_USBH_handle_nptxfempty_ISR
                        0x0803c8df    0x118  Code  Lc  usb_hcd_int.o [1]
USB_OTG_USBH_handle_port_ISR
                        0x0803cb11     0xfe  Code  Lc  usb_hcd_int.o [1]
USB_OTG_USBH_handle_ptxfempty_ISR
                        0x0803c9f7    0x11a  Code  Lc  usb_hcd_int.o [1]
USB_OTG_USBH_handle_rx_qlvl_ISR
                        0x0803d2c5    0x116  Code  Lc  usb_hcd_int.o [1]
USB_OTG_USBH_handle_sof_ISR
                        0x0803c8a3     0x1e  Code  Lc  usb_hcd_int.o [1]
USB_OTG_WritePacket     0x08039673     0x48  Code  Gb  usb_core.o [1]
USB_OTG_dev             0x2001d964    0x5ac  Data  Gb  usbh_usr.o [1]
USRH_cb                 0x200000d8     0x48  Data  Gb  usbh_usr.o [1]
UartDMAConfig           0x08036449    0x166  Code  Gb  bsp_uart_fifo.o [1]
UartIRQ                 0x080365af     0xf8  Code  Lc  bsp_uart_fifo.o [1]
UsageFault_Handler      0x0803f0c1      0x2  Code  Gb  stm32f4xx_it.o [1]
UserTimerCallback       0x0802e209    0x192  Code  Gb  apptask.o [1]
W25QXX_BUFFER           0x2001b9b8   0x1000  Data  Gb  bsp_w25qxx.o [1]
W25QXX_Erase_Sector     0x08030db1     0x52  Code  Gb  bsp_w25qxx.o [1]
W25QXX_Init             0x08030aa1     0x54  Code  Gb  bsp_w25qxx.o [1]
W25QXX_Read             0x08030b8f     0x62  Code  Gb  bsp_w25qxx.o [1]
W25QXX_ReadID           0x08030b43     0x4c  Code  Gb  bsp_w25qxx.o [1]
W25QXX_ReadSR           0x08030af5     0x30  Code  Gb  bsp_w25qxx.o [1]
W25QXX_TYPE             0x200001b4      0x2  Data  Gb  bsp_w25qxx.o [1]
W25QXX_Wait_Busy        0x08030e03      0xc  Code  Gb  bsp_w25qxx.o [1]
W25QXX_Write            0x08030ca5    0x10c  Code  Gb  bsp_w25qxx.o [1]
W25QXX_Write_Enable     0x08030b25     0x1e  Code  Gb  bsp_w25qxx.o [1]
W25QXX_Write_NoCheck    0x08030c4d     0x58  Code  Gb  bsp_w25qxx.o [1]
W25QXX_Write_Page       0x08030bf1     0x5c  Code  Gb  bsp_w25qxx.o [1]
_GenldFullNoMb          0x0803782b    0x24c  Code  Lc  xprintffull_nomb.o [3]
_LdtobFullNoMb          0x08037429    0x3fc  Code  Lc  xprintffull_nomb.o [3]
_LitobFullNoMb          0x08037323    0x106  Code  Lc  xprintffull_nomb.o [3]
_Locale_aeabi_lconv     0x20000050     0x38  Data  Gb  localeconv.o [3]
_Locale_lconv           0x20000000     0x50  Data  Gb  localeconv.o [3]
_PrintfFullNoMb         0x08036d29    0x586  Code  Gb  xprintffull_nomb.o [3]
_Prout                  0x0803f869     0x16  Code  Gb  xprout.o [3]
[...]
create_chain            0x08032b31     0xea  Code  Lc  ff.o [1]
create_name             0x08033625    0x31a  Code  Lc  ff.o [1]
debug_cmd               0x2001ee09      0x1  Data  Gb  bsp_uart_fifo.o [1]
dec_lock                0x0803261b     0x5c  Code  Lc  ff.o [1]
device_info             0x2001e710     0x8c  Data  Gb  para.o [1]
dir_alloc               0x08032df7     0x66  Code  Lc  ff.o [1]
dir_find                0x08033179    0x116  Code  Lc  ff.o [1]
dir_next                0x08032ccd    0x12a  Code  Lc  ff.o [1]
dir_read                0x0803328f    0x10c  Code  Lc  ff.o [1]
dir_register            0x0803339b    0x14e  Code  Lc  ff.o [1]
dir_sdi                 0x08032c1b     0xb2  Code  Lc  ff.o [1]
disk_initialize         0x08038699     0x40  Code  Gb  diskio.o [1]
disk_ioctl              0x080388bd     0xa6  Code  Gb  diskio.o [1]
disk_read               0x08038705     0xdc  Code  Gb  diskio.o [1]
disk_status             0x080386d9     0x2c  Code  Gb  diskio.o [1]
disk_write              0x080387e1     0xdc  Code  Gb  diskio.o [1]
div                     0x0803956d      0xe  Code  Gb  div.o [3]
download_num            0x2001edfe      0x1  Data  Gb  apptask.o [1]
enq_lock                0x0803250b     0x28  Code  Lc  ff.o [1]
exit                    0x0803f6c3      0x4  Code  Gb  exit.o [3]
f_close                 0x08034501     0x38  Code  Gb  ff.o [1]
f_mount                 0x08033f35     0x66  Code  Gb  ff.o [1]
f_open                  0x08033f9b    0x20e  Code  Gb  ff.o [1]
f_opendir               0x08034539     0xb2  Code  Gb  ff.o [1]
f_readdir               0x080345eb     0x74  Code  Gb  ff.o [1]
f_sync                  0x0803444b     0xb6  Code  Gb  ff.o [1]
f_write                 0x080341b9    0x292  Code  Gb  ff.o [1]
ff_convert              0x0803897d     0x80  Code  Gb  cc936.o [1]
ff_wtoupper             0x080389fd     0x64  Code  Gb  cc936.o [1]
file_select             0x2001ecd4      0xc  Data  Gb  protocol.o [1]
final_per_meter         0x0803068d     0x1a  Code  Gb  product_cal.o [1]
find_volume             0x08033aa5    0x45a  Code  Lc  ff.o [1]
fit_lfn                 0x08032fdf     0x88  Code  Lc  ff.o [1]
follow_path             0x0803393f     0x90  Code  Lc  ff.o [1]
fputc                   0x0803695d     0x22  Code  Gb  bsp_uart_fifo.o [1]
g_tUart3                0x2001eadc     0x28  Data  Gb  bsp_uart_fifo.o [1]
gen_numname             0x0803306d     0xec  Code  Lc  ff.o [1]
get_card_type           0x08030815     0xe4  Code  Gb  product_cal.o [1]
get_class_time          0x0803071d     0x7a  Code  Gb  product_cal.o [1]
get_fat                 0x08032833    0x11c  Code  Gb  ff.o [1]
get_fattime             0x08038963      0x4  Code  Gb  diskio.o [1]
get_fileinfo            0x080334e9    0x13c  Code  Lc  ff.o [1]
get_float_1bit          0x080306fb     0x22  Code  Gb  product_cal.o [1]
get_ldnumber            0x080339cf     0x50  Code  Lc  ff.o [1]
get_period_state        0x08030797     0x54  Code  Gb  product_cal.o [1]
get_valid_length        0x0803054d     0x26  Code  Gb  bsp_sdwe050c17.o [1]
hex_to_decimal          0x08030573     0x26  Code  Gb  bsp_sdwe050c17.o [1]
idwgEventGroup          0x2001ed3c      0x4  Data  Gb  apptask.o [1]
inc_card_type           0x08030901    0x11c  Code  Gb  product_cal.o [1]
inc_lock                0x08032533     0xe8  Code  Lc  ff.o [1]
init_peiliao_para       0x080305c3     0x52  Code  Gb  product_cal.o [1]
init_product_para       0x08030599     0x2a  Code  Gb  product_cal.o [1]
input_password_buf      0x2001ecc8      0xc  Data  Gb  protocol.o [1]
input_password_len      0x2001ee0d      0x1  Data  Gb  protocol.o [1]
isDevicePeriod          0x2001ee05      0x1  Data  Gb  apptask.o [1]
isWork                  0x2001edff      0x1  Data  Gb  apptask.o [1]
is_same_data            0x080307eb     0x2a  Code  Gb  product_cal.o [1]
lcd_busy                0x2001ee08      0x1  Data  Gb  bsp_sdwe050c17.o [1]
lcd_rev_buf             0x2001ea7c     0x34  Data  Gb  bsp_sdwe050c17.o [1]
lcd_rev_len             0x2001edf4      0x2  Data  Gb  bsp_sdwe050c17.o [1]
ld_clust                0x08032e5d     0x28  Code  Lc  ff.o [1]
localeconv              0x0803953b     0x16  Code  Gb  localeconv.o [3]
m_ctrl_dev              0x2001ecf4      0x8  Data  Gb  modbus.o [1]
main                    0x0803f0c5     0x34  Code  Gb  main.o [1]
mallco_dev              0x20000160     0x1c  Data  Gb  malloc.o [1]
mb_init                 0x08034a65     0x30  Code  Gb  modbus.o [1]
mb_packsend_frame       0x08034973     0xf2  Code  Gb  modbus.o [1]
mb_unpack_frame         0x08034831    0x142  Code  Gb  modbus.o [1]
mc_check_crc16          0x08038add     0x40  Code  Gb  mcheck.o [1]
mc_check_crc8           0x08038ab9     0x24  Code  Gb  mcheck.o [1]
mc_check_sum            0x08038a71     0x2e  Code  Gb  mcheck.o [1]
mc_check_xor            0x08038a9f     0x1a  Code  Gb  mcheck.o [1]
mem1base                0x200119b8   0xa000  Data  Gb  malloc.o [1]
mem1mapbase             0x2001c9b8    0xa00  Data  Gb  malloc.o [1]
mem2base                0x68000000  0xf0000  Data  Gb  malloc.o [1]
mem2mapbase             0x680f0000   0xf000  Data  Gb  malloc.o [1]
mem_cmp                 0x0803243f     0x24  Code  Lc  ff.o [1]
mem_cpy                 0x0803240d     0x1c  Code  Lc  ff.o [1]
mem_set                 0x08032429     0x16  Code  Lc  ff.o [1]
memblksize              0x0803fc18      0x8  Data  Gb  malloc.o [1]
memchr                  0x08039205           Code  Gb  memchr.o [5]
memsize                 0x0803fc20      0x8  Data  Gb  malloc.o [1]
memtblsize              0x0803fc10      0x8  Data  Gb  malloc.o [1]
modbus_send_frame       0x08034a95     0xe6  Code  Gb  modbus.o [1]
move_window             0x08032701     0x40  Code  Lc  ff.o [1]
my_mem_free             0x08031107     0x6c  Code  Gb  malloc.o [1]
my_mem_init             0x08030fcb     0x42  Code  Gb  malloc.o [1]
my_mem_malloc           0x0803104b     0xbc  Code  Gb  malloc.o [1]
my_mem_perused          0x0803100d     0x3e  Code  Gb  malloc.o [1]
myfree                  0x08031173     0x24  Code  Gb  malloc.o [1]
mymalloc                0x08031197     0x2a  Code  Gb  malloc.o [1]
mymemset                0x08030fb5     0x16  Code  Gb  malloc.o [1]
obuf                    0x2001e9e0     0x50  Data  Lc  xfiles.o [3]
oem2uni                 0x0801560c  0x15484  Data  Lc  cc936.o [1]
old_card_record         0x2001ee03      0x1  Data  Gb  apptask.o [1]
old_isWork              0x2001ee00      0x1  Data  Gb  apptask.o [1]
old_plan_complete       0x2001ee0c      0x1  Data  Gb  product_cal.o [1]
para_init               0x0803e48f     0x80  Code  Gb  para.o [1]
pcInterruptPriorityRegisters
                        0x0803fc54      0x4  Data  Lc  port.o [1]
peiliao_para            0x2001eab0     0x2c  Data  Gb  product_cal.o [1]
pick_lfn                0x08032f53     0x8c  Code  Lc  ff.o [1]
plan_complete           0x2001ee0b      0x1  Data  Gb  product_cal.o [1]
pluse_count             0x2001edee      0x2  Data  Gb  apptask.o [1]
printf                  0x08030ee9     0x24  Code  Gb  printf.o [3]
product_complete_kilo   0x080306b9     0x42  Code  Gb  product_cal.o [1]
product_complete_meter  0x080306a7     0x12  Code  Gb  product_cal.o [1]
product_para            0x2001eb04     0x28  Data  Gb  product_cal.o [1]
product_per_meter       0x08030615     0x78  Code  Gb  product_cal.o [1]
prvAddCurrentTaskToDelayedList
                        0x0802ef95     0x48  Code  Lc  tasks.o [1]
prvAllocateTCBAndStack  0x0802efdd     0x5a  Code  Lc  tasks.o [1]
prvCheckForValidListAndQueue
                        0x080357fb     0x52  Code  Lc  timers.o [1]
prvCheckTasksWaitingTermination
                        0x0802ef2b     0x66  Code  Lc  tasks.o [1]
prvCopyDataFromQueue    0x0802f7c5     0x30  Code  Lc  queue.o [1]
prvCopyDataToQueue      0x0802f741     0x84  Code  Lc  queue.o [1]
prvDeleteTCB            0x0802f037     0x12  Code  Lc  tasks.o [1]
prvGetNextExpireTime    0x080355e7     0x2e  Code  Lc  timers.o [1]
prvHeapInit             0x08035ce9     0x6e  Code  Lc  heap_4.o [1]
prvIdleTask             0x0802ee45     0x26  Code  Lc  tasks.o [1]
prvInitialiseTCBVariables
                        0x0802ee6b     0x6a  Code  Lc  tasks.o [1]
prvInitialiseTaskLists  0x0802eed5     0x56  Code  Lc  tasks.o [1]
prvInsertBlockIntoFreeList
                        0x08035d57     0x62  Code  Lc  heap_4.o [1]
prvInsertTimerInActiveList
                        0x0803563d     0x50  Code  Lc  timers.o [1]
prvIsQueueEmpty         0x0802f85f     0x20  Code  Lc  queue.o [1]
prvIsQueueFull          0x0802f87f     0x22  Code  Lc  queue.o [1]
prvProcessExpiredTimer  0x080354ff     0x5c  Code  Lc  timers.o [1]
prvProcessReceivedCommands
                        0x0803568d     0xde  Code  Lc  timers.o [1]
prvProcessTimerOrBlockTask
                        0x08035577     0x70  Code  Lc  timers.o [1]
prvResetNextTaskUnblockTime
                        0x0802f049     0x26  Code  Lc  tasks.o [1]
prvSampleTimeNow        0x08035615     0x28  Code  Lc  timers.o [1]
prvSwitchTimerLists     0x0803576b     0x90  Code  Lc  timers.o [1]
prvTaskExitError        0x08035899     0x2a  Code  Lc  port.o [1]
prvTestWaitCondition    0x080353a3     0x24  Code  Lc  event_groups.o [1]
prvTimerTask            0x0803555d     0x1a  Code  Lc  timers.o [1]
prvUnlockQueue          0x0802f7f5     0x6a  Code  Lc  queue.o [1]
put_fat                 0x0803294f    0x16c  Code  Gb  ff.o [1]
putchar                 0x0803f881      0xc  Code  Gb  putchar.o [3]
pvPortMalloc            0x08035b59    0x118  Code  Gb  heap_4.o [1]
pwm_flag                0x2001ee06      0x1  Data  Gb  apptask.o [1]
pxCurrentTCB            0x2001ed8c      0x4  Data  Gb  tasks.o [1]
pxCurrentTimerList      0x2001edcc      0x4  Data  Lc  timers.o [1]
pxDelayedTaskList       0x2001ed90      0x4  Data  Lc  tasks.o [1]
pxEnd                   0x2001ed6c      0x4  Data  Lc  heap_4.o [1]
pxOverflowDelayedTaskList
                        0x2001ed94      0x4  Data  Lc  tasks.o [1]
pxOverflowTimerList     0x2001edd0      0x4  Data  Lc  timers.o [1]
pxPortInitialiseStack   0x08035875     0x24  Code  Gb  port.o [1]
pxReadyTasksLists       0x2001e510     0xc8  Data  Lc  tasks.o [1]
rc522_cmd_anticoll      0x080347d5     0x5a  Code  Gb  rc522.o [1]
rc522_cmd_request       0x08034781     0x54  Code  Gb  rc522.o [1]
readSlave               0x2001ecb0      0xc  Data  Gb  apptask.o [1]
read_device_info        0x0803e285    0x20a  Code  Gb  para.o [1]
read_file_select        0x2001ece0      0xc  Data  Gb  protocol.o [1]
remove_chain            0x08032abb     0x76  Code  Lc  ff.o [1]
rfid_rev_buf            0x2001ebb4     0x14  Data  Gb  rc522.o [1]
rfid_rev_cnt            0x2001ee0f      0x1  Data  Gb  rc522.o [1]
rfid_rev_flag           0x2001ee0e      0x1  Data  Gb  rc522.o [1]
rtc_time                0x2001ecfc      0x8  Data  Gb  protocol.o [1]
s_TIM_CallBack1         0x2001ed5c      0x4  Data  Lc  bsp_timer.o [1]
s_TIM_CallBack2         0x2001ed60      0x4  Data  Lc  bsp_timer.o [1]
s_TIM_CallBack3         0x2001ed64      0x4  Data  Lc  bsp_timer.o [1]
s_TIM_CallBack4         0x2001ed68      0x4  Data  Lc  bsp_timer.o [1]
sample_time             0x2001edec      0x2  Data  Gb  apptask.o [1]
slave_info              0x2001eca4      0xc  Data  Gb  apptask.o [1]
sprintf                 0x08034671     0x34  Code  Gb  sprintf.o [3]
st_clust                0x08032e85     0x18  Code  Lc  ff.o [1]
strcat                  0x080346a5     0x1c  Code  Gb  strcat.o [3]
strchr                  0x080391ed           Code  Gb  strchr.o [5]
strlen                  0x08031abd           Code  Gb  strlen.o [5]
strstr                  0x08034c31     0x10  Code  Gb  apptask.o [1]
sum_sfn                 0x08033159     0x20  Code  Lc  ff.o [1]
sync_fs                 0x08032741     0xd8  Code  Lc  ff.o [1]
sync_window             0x080326a7     0x5a  Code  Lc  ff.o [1]
system_state_dis        0x0803e778    0x190  Data  Gb  product_cal.o [1]
total_meter_gross       0x2001ed80      0x4  Data  Gb  product_cal.o [1]
total_weight_gross      0x2001ed84      0x4  Data  Gb  product_cal.o [1]
ucHeap                  0x200001b8  0x11800  Data  Lc  heap_4.o [1]
ucMaxSysCallPriority    0x2001ee0a      0x1  Data  Lc  port.o [1]
ulHighFrequencyTimerTicks
                        0x2001ed88      0x4  Data  Gb  SysInfoTest.o [1]
ulMaxPRIGROUPValue      0x2001ed7c      0x4  Data  Lc  port.o [1]
ulTaskSwitchedInTime    0x2001edc4      0x4  Data  Lc  tasks.o [1]
ulTotalRunTime          0x2001edc8      0x4  Data  Lc  tasks.o [1]
uni2oem                 0x08000188  0x15484  Data  Lc  cc936.o [1]
usb_disk_flag           0x2001ee01      0x1  Data  Gb  apptask.o [1]
usbh_OpenMassStorage    0x08031af5     0x14  Code  Gb  usbh_usr.o [1]
uxCriticalNesting       0x200001a8      0x4  Data  Lc  port.o [1]
uxCurrentNumberOfTasks  0x2001ed9c      0x4  Data  Lc  tasks.o [1]
uxListRemove            0x08035b31     0x28  Code  Gb  list.o [1]
uxPendedTicks           0x2001edac      0x4  Data  Lc  tasks.o [1]
uxSchedulerSuspended    0x2001edc0      0x4  Data  Lc  tasks.o [1]
uxTaskNumber            0x2001edb8      0x4  Data  Lc  tasks.o [1]
uxTaskResetEventItemValue
                        0x0802f0a9     0x20  Code  Gb  tasks.o [1]
uxTasksDeleted          0x2001ed98      0x4  Data  Lc  tasks.o [1]
uxTopReadyPriority      0x2001eda4      0x4  Data  Lc  tasks.o [1]
vListInitialise         0x08035ac1     0x1e  Code  Gb  list.o [1]
vListInsert             0x08035af7     0x3a  Code  Gb  list.o [1]
vListInsertEnd          0x08035adf     0x18  Code  Gb  list.o [1]
vPortEnableVFP          0x08038ea5           Code  Gb  portasm.o [1]
vPortEnterCritical      0x0803598f     0x3a  Code  Gb  port.o [1]
vPortExitCritical       0x080359c9     0x32  Code  Gb  port.o [1]
vPortFree               0x08035c71     0x78  Code  Gb  heap_4.o [1]
vPortSetupTimerInterrupt
                        0x08035a27      0xe  Code  Wk  port.o [1]
vPortStartFirstTask     0x08038e8d           Code  Gb  portasm.o [1]
vPortValidateInterruptPriority
                        0x08035a35     0x4e  Code  Gb  port.o [1]
vQueueWaitForMessageRestricted
                        0x0802f8a1     0x44  Code  Gb  queue.o [1]
vSetupSysInfoTest       0x0803f019     0x12  Code  Gb  SysInfoTest.o [1]
vTaskDelay              0x0802e6a1     0x84  Code  Gb  tasks.o [1]
vTaskManageCapacity     0x0802d9c5    0x4c0  Code  Gb  apptask.o [1]
vTaskMassStorage        0x0802cc4d    0x23e  Code  Lc  apptask.o [1]
vTaskMissedYield        0x0802ee3b      0xa  Code  Gb  tasks.o [1]
vTaskMotorControl       0x0802de8d     0x96  Code  Lc  apptask.o [1]
vTaskMsgPro             0x0802d2a5    0x426  Code  Lc  apptask.o [1]
vTaskPlaceOnEventList   0x0802eaa1     0x74  Code  Gb  tasks.o [1]
vTaskPlaceOnEventListRestricted
                        0x0802ebd9     0x80  Code  Gb  tasks.o [1]
vTaskPlaceOnUnorderedEventList
                        0x0802eb31     0xa8  Code  Gb  tasks.o [1]
vTaskReadDisk           0x0802d79d    0x1b4  Code  Lc  apptask.o [1]
vTaskRev485             0x0802d6d1     0xae  Code  Lc  apptask.o [1]
vTaskSetTimeOutState    0x0802ed85     0x26  Code  Gb  tasks.o [1]
vTaskStartScheduler     0x0802e725     0x7e  Code  Gb  tasks.o [1]
vTaskSuspendAll         0x0802e7a3     0x10  Code  Gb  tasks.o [1]
vTaskSwitchContext      0x0802e9f1     0xb0  Code  Gb  tasks.o [1]
vTaskTaskLCD            0x0802aa91   0x2190  Code  Gb  apptask.o [1]
vTaskTaskLED            0x0802cead     0x20  Code  Lc  apptask.o [1]
vTaskTaskRFID           0x0802cecd    0x3a6  Code  Lc  apptask.o [1]
validate                0x08033eff     0x36  Code  Lc  ff.o [1]
xActiveTimerList1       0x2001ec2c     0x14  Data  Lc  timers.o [1]
xActiveTimerList2       0x2001ec40     0x14  Data  Lc  timers.o [1]
xBlockAllocatedBit      0x2001ed78      0x4  Data  Lc  heap_4.o [1]
xDelayedTaskList1       0x2001ebc8     0x14  Data  Lc  tasks.o [1]
xDelayedTaskList2       0x2001ebdc     0x14  Data  Lc  tasks.o [1]
xEventGroupCreate       0x08035165     0x1c  Code  Gb  event_groups.o [1]
xEventGroupSetBits      0x080352cd     0xd6  Code  Gb  event_groups.o [1]
xEventGroupWaitBits     0x08035181    0x146  Code  Gb  event_groups.o [1]
xFreeBytesRemaining     0x2001ed70      0x4  Data  Lc  heap_4.o [1]
xHandleTaskLCD          0x2001ed04      0x4  Data  Gb  apptask.o [1]
xHandleTaskLED          0x2001ed08      0x4  Data  Gb  apptask.o [1]
xHandleTaskManageCapacity
                        0x2001ed20      0x4  Data  Gb  apptask.o [1]
xHandleTaskMassStorage  0x2001ed10      0x4  Data  Gb  apptask.o [1]
xHandleTaskMotorControl
                        0x2001ed24      0x4  Data  Gb  apptask.o [1]
xHandleTaskMsgPro       0x2001ed18      0x4  Data  Gb  apptask.o [1]
xHandleTaskRFID         0x2001ed0c      0x4  Data  Gb  apptask.o [1]
xHandleTaskReadDisk     0x2001ed14      0x4  Data  Gb  apptask.o [1]
xHandleTaskRev485       0x2001ed1c      0x4  Data  Gb  apptask.o [1]
xHeapStructSize         0x0803fc50      0x4  Data  Lc  heap_4.o [1]
xMinimumEverFreeBytesRemaining
                        0x2001ed74      0x4  Data  Lc  heap_4.o [1]
xNextTaskUnblockTime    0x2001edbc      0x4  Data  Lc  tasks.o [1]
xNumOfOverflows         0x2001edb4      0x4  Data  Lc  tasks.o [1]
xPendingReadyList       0x2001ebf0     0x14  Data  Lc  tasks.o [1]
xPortStartScheduler     0x080358c3     0xcc  Code  Gb  port.o [1]
xQueueGenericCreate     0x0802f1ad     0x7e  Code  Gb  queue.o [1]
xQueueGenericReceive    0x0802f5a1    0x19c  Code  Gb  queue.o [1]
xQueueGenericReset      0x0802f11d     0x90  Code  Gb  queue.o [1]
xQueueGenericSend       0x0802f22b    0x1b2  Code  Gb  queue.o [1]
xQueueGenericSendFromISR
                        0x0802f3dd     0xec  Code  Gb  queue.o [1]
xQueueGiveFromISR       0x0802f4c9     0xd8  Code  Gb  queue.o [1]
xQueue_message          0x2001ed44      0x4  Data  Gb  apptask.o [1]
xSchedulerRunning       0x2001eda8      0x4  Data  Lc  tasks.o [1]
xSemaphore_download     0x2001ed34      0x4  Data  Gb  apptask.o [1]
xSemaphore_lcd          0x2001ed28      0x4  Data  Gb  apptask.o [1]
xSemaphore_pluse        0x2001ed30      0x4  Data  Gb  apptask.o [1]
xSemaphore_readDisk     0x2001ed38      0x4  Data  Gb  apptask.o [1]
xSemaphore_rs485        0x2001ed2c      0x4  Data  Gb  apptask.o [1]
xStart                  0x2001ecec      0x8  Data  Lc  heap_4.o [1]
xSuspendedTaskList      0x2001ec18     0x14  Data  Lc  tasks.o [1]
xTaskCheckForTimeOut    0x0802edb1     0x8a  Code  Gb  tasks.o [1]
xTaskGenericCreate      0x0802e51d    0x184  Code  Gb  tasks.o [1]
xTaskGetSchedulerState  0x0802f06f     0x26  Code  Gb  tasks.o [1]
xTaskGetTickCount       0x0802e8b3      0xa  Code  Gb  tasks.o [1]
xTaskIncrementTick      0x0802e8bd    0x134  Code  Gb  tasks.o [1]
xTaskRemoveFromEventList
                        0x0802ec5d     0x8e  Code  Gb  tasks.o [1]
xTaskRemoveFromUnorderedEventList
                        0x0802ecf1     0x94  Code  Gb  tasks.o [1]
xTaskResumeAll          0x0802e7b3    0x100  Code  Gb  tasks.o [1]
xTasksWaitingTermination
                        0x2001ec04     0x14  Data  Lc  tasks.o [1]
xTickCount              0x2001eda0      0x4  Data  Lc  tasks.o [1]
xTimerCreate            0x08035419     0x62  Code  Gb  timers.o [1]
xTimerCreateTimerTask   0x080353c9     0x50  Code  Gb  timers.o [1]
xTimerGenericCommand    0x0803547b     0x84  Code  Gb  timers.o [1]
xTimerQueue             0x2001edd4      0x4  Data  Lc  timers.o [1]
xTimerUser              0x2001ed40      0x4  Data  Gb  apptask.o [1]
xYieldPending           0x2001edb0      0x4  Data  Lc  tasks.o [1]


[1] = E:\WORK\YarnControl_Driver\YarnControl_Driver\src\stm32f4_rtos\Project\EWARMv7\Flash\Obj
[2] = command line
[3] = dl7M_tlf.a
[4] = m7M_tls.a
[5] = rt7M_tl.a
[6] = shb_l.a

   80 798 bytes of readonly  code memory
  181 134 bytes of readonly  data memory
  128 532 bytes of readwrite data memory (+ 1 044 480 absolute)

Errors: none
Warnings: none
