###############################################################################
#
# IAR ELF Linker V7.40.7.9843/W32 for ARM                 22/Jan/2019  23:37:58
# Copyright 2007-2015 IAR Systems AB.
#
#    Output file  =  
#        E:\WORK\YarnControl_Driver\YarnControl_Driver\src\stm32f4_rtos\Project\EWARMv7\Flash\Exe\project.out
#    Map file     =  
#        E:\WORK\YarnControl_Driver\YarnControl_Driver\src\stm32f4_rtos\Project\EWARMv7\Flash\List\project.map
#    Command line =  
#        E:\WORK\YarnControl_Driver\YarnControl_Driver\src\stm32f4_rtos\Project\EWARMv7\Flash\Obj\apptask.o
#        E:\WORK\YarnControl_Driver\YarnControl_Driver\src\stm32f4_rtos\Project\EWARMv7\Flash\Obj\bsp.o
#        E:\WORK\YarnControl_Driver\YarnControl_Driver\src\stm32f4_rtos\Project\EWARMv7\Flash\Obj\bsp_closeSW.o
#        E:\WORK\YarnControl_Driver\YarnControl_Driver\src\stm32f4_rtos\Project\EWARMv7\Flash\Obj\bsp_dwt.o
#        E:\WORK\YarnControl_Driver\YarnControl_Driver\src\stm32f4_rtos\Project\EWARMv7\Flash\Obj\bsp_led.o
#        E:\WORK\YarnControl_Driver\YarnControl_Driver\src\stm32f4_rtos\Project\EWARMv7\Flash\Obj\bsp_relay.o
#        E:\WORK\YarnControl_Driver\YarnControl_Driver\src\stm32f4_rtos\Project\EWARMv7\Flash\Obj\bsp_sdio_sd.o
#        E:\WORK\YarnControl_Driver\YarnControl_Driver\src\stm32f4_rtos\Project\EWARMv7\Flash\Obj\bsp_sdwe050c17.o
#        E:\WORK\YarnControl_Driver\YarnControl_Driver\src\stm32f4_rtos\Project\EWARMv7\Flash\Obj\bsp_servomotor.o
#        E:\WORK\YarnControl_Driver\YarnControl_Driver\src\stm32f4_rtos\Project\EWARMv7\Flash\Obj\bsp_spi.o
#        E:\WORK\YarnControl_Driver\YarnControl_Driver\src\stm32f4_rtos\Project\EWARMv7\Flash\Obj\bsp_stepmotor.o
#        E:\WORK\YarnControl_Driver\YarnControl_Driver\src\stm32f4_rtos\Project\EWARMv7\Flash\Obj\bsp_sw_onoff.o
#        E:\WORK\YarnControl_Driver\YarnControl_Driver\src\stm32f4_rtos\Project\EWARMv7\Flash\Obj\bsp_tim_pwm.o
#        E:\WORK\YarnControl_Driver\YarnControl_Driver\src\stm32f4_rtos\Project\EWARMv7\Flash\Obj\bsp_timer.o
#        E:\WORK\YarnControl_Driver\YarnControl_Driver\src\stm32f4_rtos\Project\EWARMv7\Flash\Obj\bsp_uart_fifo.o
#        E:\WORK\YarnControl_Driver\YarnControl_Driver\src\stm32f4_rtos\Project\EWARMv7\Flash\Obj\bsp_w25qxx.o
#        E:\WORK\YarnControl_Driver\YarnControl_Driver\src\stm32f4_rtos\Project\EWARMv7\Flash\Obj\bsp_watchdog.o
#        E:\WORK\YarnControl_Driver\YarnControl_Driver\src\stm32f4_rtos\Project\EWARMv7\Flash\Obj\cc936.o
#        E:\WORK\YarnControl_Driver\YarnControl_Driver\src\stm32f4_rtos\Project\EWARMv7\Flash\Obj\croutine.o
#        E:\WORK\YarnControl_Driver\YarnControl_Driver\src\stm32f4_rtos\Project\EWARMv7\Flash\Obj\demo_fatfs.o
#        E:\WORK\YarnControl_Driver\YarnControl_Driver\src\stm32f4_rtos\Project\EWARMv7\Flash\Obj\diskio.o
#        E:\WORK\YarnControl_Driver\YarnControl_Driver\src\stm32f4_rtos\Project\EWARMv7\Flash\Obj\encoder.o
#        E:\WORK\YarnControl_Driver\YarnControl_Driver\src\stm32f4_rtos\Project\EWARMv7\Flash\Obj\event_groups.o
#        E:\WORK\YarnControl_Driver\YarnControl_Driver\src\stm32f4_rtos\Project\EWARMv7\Flash\Obj\ff.o
#        E:\WORK\YarnControl_Driver\YarnControl_Driver\src\stm32f4_rtos\Project\EWARMv7\Flash\Obj\heap_4.o
#        E:\WORK\YarnControl_Driver\YarnControl_Driver\src\stm32f4_rtos\Project\EWARMv7\Flash\Obj\list.o
#        E:\WORK\YarnControl_Driver\YarnControl_Driver\src\stm32f4_rtos\Project\EWARMv7\Flash\Obj\main.o
#        E:\WORK\YarnControl_Driver\YarnControl_Driver\src\stm32f4_rtos\Project\EWARMv7\Flash\Obj\malloc.o
#        E:\WORK\YarnControl_Driver\YarnControl_Driver\src\stm32f4_rtos\Project\EWARMv7\Flash\Obj\mcheck.o
#        E:\WORK\YarnControl_Driver\YarnControl_Driver\src\stm32f4_rtos\Project\EWARMv7\Flash\Obj\misc.o
#        E:\WORK\YarnControl_Driver\YarnControl_Driver\src\stm32f4_rtos\Project\EWARMv7\Flash\Obj\modbus.o
#        E:\WORK\YarnControl_Driver\YarnControl_Driver\src\stm32f4_rtos\Project\EWARMv7\Flash\Obj\page_weimi.o
#        E:\WORK\YarnControl_Driver\YarnControl_Driver\src\stm32f4_rtos\Project\EWARMv7\Flash\Obj\para.o
#        E:\WORK\YarnControl_Driver\YarnControl_Driver\src\stm32f4_rtos\Project\EWARMv7\Flash\Obj\port.o
#        E:\WORK\YarnControl_Driver\YarnControl_Driver\src\stm32f4_rtos\Project\EWARMv7\Flash\Obj\portasm.o
#        E:\WORK\YarnControl_Driver\YarnControl_Driver\src\stm32f4_rtos\Project\EWARMv7\Flash\Obj\product_cal.o
#        E:\WORK\YarnControl_Driver\YarnControl_Driver\src\stm32f4_rtos\Project\EWARMv7\Flash\Obj\protocol.o
#        E:\WORK\YarnControl_Driver\YarnControl_Driver\src\stm32f4_rtos\Project\EWARMv7\Flash\Obj\queue.o
#        E:\WORK\YarnControl_Driver\YarnControl_Driver\src\stm32f4_rtos\Project\EWARMv7\Flash\Obj\rc522.o
#        E:\WORK\YarnControl_Driver\YarnControl_Driver\src\stm32f4_rtos\Project\EWARMv7\Flash\Obj\startup_stm32f40_41xxx.o
#        E:\WORK\YarnControl_Driver\YarnControl_Driver\src\stm32f4_rtos\Project\EWARMv7\Flash\Obj\stm32f4xx_adc.o
#        E:\WORK\YarnControl_Driver\YarnControl_Driver\src\stm32f4_rtos\Project\EWARMv7\Flash\Obj\stm32f4xx_assert.o
#        E:\WORK\YarnControl_Driver\YarnControl_Driver\src\stm32f4_rtos\Project\EWARMv7\Flash\Obj\stm32f4xx_can.o
#        E:\WORK\YarnControl_Driver\YarnControl_Driver\src\stm32f4_rtos\Project\EWARMv7\Flash\Obj\stm32f4xx_crc.o
#        E:\WORK\YarnControl_Driver\YarnControl_Driver\src\stm32f4_rtos\Project\EWARMv7\Flash\Obj\stm32f4xx_cryp.o
#        E:\WORK\YarnControl_Driver\YarnControl_Driver\src\stm32f4_rtos\Project\EWARMv7\Flash\Obj\stm32f4xx_cryp_aes.o
#        E:\WORK\YarnControl_Driver\YarnControl_Driver\src\stm32f4_rtos\Project\EWARMv7\Flash\Obj\stm32f4xx_cryp_des.o
#        E:\WORK\YarnControl_Driver\YarnControl_Driver\src\stm32f4_rtos\Project\EWARMv7\Flash\Obj\stm32f4xx_cryp_tdes.o
#        E:\WORK\YarnControl_Driver\YarnControl_Driver\src\stm32f4_rtos\Project\EWARMv7\Flash\Obj\stm32f4xx_dac.o
#        E:\WORK\YarnControl_Driver\YarnControl_Driver\src\stm32f4_rtos\Project\EWARMv7\Flash\Obj\stm32f4xx_dbgmcu.o
#        E:\WORK\YarnControl_Driver\YarnControl_Driver\src\stm32f4_rtos\Project\EWARMv7\Flash\Obj\stm32f4xx_dcmi.o
#        E:\WORK\YarnControl_Driver\YarnControl_Driver\src\stm32f4_rtos\Project\EWARMv7\Flash\Obj\stm32f4xx_dma.o
#        E:\WORK\YarnControl_Driver\YarnControl_Driver\src\stm32f4_rtos\Project\EWARMv7\Flash\Obj\stm32f4xx_dma2d.o
#        E:\WORK\YarnControl_Driver\YarnControl_Driver\src\stm32f4_rtos\Project\EWARMv7\Flash\Obj\stm32f4xx_exti.o
#        E:\WORK\YarnControl_Driver\YarnControl_Driver\src\stm32f4_rtos\Project\EWARMv7\Flash\Obj\stm32f4xx_flash.o
#        E:\WORK\YarnControl_Driver\YarnControl_Driver\src\stm32f4_rtos\Project\EWARMv7\Flash\Obj\stm32f4xx_fsmc.o
#        E:\WORK\YarnControl_Driver\YarnControl_Driver\src\stm32f4_rtos\Project\EWARMv7\Flash\Obj\stm32f4xx_gpio.o
#        E:\WORK\YarnControl_Driver\YarnControl_Driver\src\stm32f4_rtos\Project\EWARMv7\Flash\Obj\stm32f4xx_hash.o
#        E:\WORK\YarnControl_Driver\YarnControl_Driver\src\stm32f4_rtos\Project\EWARMv7\Flash\Obj\stm32f4xx_hash_md5.o
#        E:\WORK\YarnControl_Driver\YarnControl_Driver\src\stm32f4_rtos\Project\EWARMv7\Flash\Obj\stm32f4xx_hash_sha1.o
#        E:\WORK\YarnControl_Driver\YarnControl_Driver\src\stm32f4_rtos\Project\EWARMv7\Flash\Obj\stm32f4xx_i2c.o
#        E:\WORK\YarnControl_Driver\YarnControl_Driver\src\stm32f4_rtos\Project\EWARMv7\Flash\Obj\stm32f4xx_it.o
#        E:\WORK\YarnControl_Driver\YarnControl_Driver\src\stm32f4_rtos\Project\EWARMv7\Flash\Obj\stm32f4xx_iwdg.o
#        E:\WORK\YarnControl_Driver\YarnControl_Driver\src\stm32f4_rtos\Project\EWARMv7\Flash\Obj\stm32f4xx_ltdc.o
#        E:\WORK\YarnControl_Driver\YarnControl_Driver\src\stm32f4_rtos\Project\EWARMv7\Flash\Obj\stm32f4xx_pwr.o
#        E:\WORK\YarnControl_Driver\YarnControl_Driver\src\stm32f4_rtos\Project\EWARMv7\Flash\Obj\stm32f4xx_rcc.o
#        E:\WORK\YarnControl_Driver\YarnControl_Driver\src\stm32f4_rtos\Project\EWARMv7\Flash\Obj\stm32f4xx_rng.o
#        E:\WORK\YarnControl_Driver\YarnControl_Driver\src\stm32f4_rtos\Project\EWARMv7\Flash\Obj\stm32f4xx_rtc.o
#        E:\WORK\YarnControl_Driver\YarnControl_Driver\src\stm32f4_rtos\Project\EWARMv7\Flash\Obj\stm32f4xx_sai.o
#        E:\WORK\YarnControl_Driver\YarnControl_Driver\src\stm32f4_rtos\Project\EWARMv7\Flash\Obj\stm32f4xx_sdio.o
#        E:\WORK\YarnControl_Driver\YarnControl_Driver\src\stm32f4_rtos\Project\EWARMv7\Flash\Obj\stm32f4xx_spi.o
#        E:\WORK\YarnControl_Driver\YarnControl_Driver\src\stm32f4_rtos\Project\EWARMv7\Flash\Obj\stm32f4xx_syscfg.o
#        E:\WORK\YarnControl_Driver\YarnControl_Driver\src\stm32f4_rtos\Project\EWARMv7\Flash\Obj\stm32f4xx_tim.o
#        E:\WORK\YarnControl_Driver\YarnControl_Driver\src\stm32f4_rtos\Project\EWARMv7\Flash\Obj\stm32f4xx_usart.o
#        E:\WORK\YarnControl_Driver\YarnControl_Driver\src\stm32f4_rtos\Project\EWARMv7\Flash\Obj\stm32f4xx_wwdg.o
#        E:\WORK\YarnControl_Driver\YarnControl_Driver\src\stm32f4_rtos\Project\EWARMv7\Flash\Obj\SysInfoTest.o
#        E:\WORK\YarnControl_Driver\YarnControl_Driver\src\stm32f4_rtos\Project\EWARMv7\Flash\Obj\system_stm32f4xx.o
#        E:\WORK\YarnControl_Driver\YarnControl_Driver\src\stm32f4_rtos\Project\EWARMv7\Flash\Obj\tasks.o
#        E:\WORK\YarnControl_Driver\YarnControl_Driver\src\stm32f4_rtos\Project\EWARMv7\Flash\Obj\timers.o
#        E:\WORK\YarnControl_Driver\YarnControl_Driver\src\stm32f4_rtos\Project\EWARMv7\Flash\Obj\usb_bsp.o
#        E:\WORK\YarnControl_Driver\YarnControl_Driver\src\stm32f4_rtos\Project\EWARMv7\Flash\Obj\usb_core.o
#        E:\WORK\YarnControl_Driver\YarnControl_Driver\src\stm32f4_rtos\Project\EWARMv7\Flash\Obj\usb_hcd.o
#        E:\WORK\YarnControl_Driver\YarnControl_Driver\src\stm32f4_rtos\Project\EWARMv7\Flash\Obj\usb_hcd_int.o
#        E:\WORK\YarnControl_Driver\YarnControl_Driver\src\stm32f4_rtos\Project\EWARMv7\Flash\Obj\usbh_core.o
#        E:\WORK\YarnControl_Driver\YarnControl_Driver\src\stm32f4_rtos\Project\EWARMv7\Flash\Obj\usbh_hcs.o
#        E:\WORK\YarnControl_Driver\YarnControl_Driver\src\stm32f4_rtos\Project\EWARMv7\Flash\Obj\usbh_ioreq.o
#        E:\WORK\YarnControl_Driver\YarnControl_Driver\src\stm32f4_rtos\Project\EWARMv7\Flash\Obj\usbh_it.o
#        E:\WORK\YarnControl_Driver\YarnControl_Driver\src\stm32f4_rtos\Project\EWARMv7\Flash\Obj\usbh_msc_bot.o
#        E:\WORK\YarnControl_Driver\YarnControl_Driver\src\stm32f4_rtos\Project\EWARMv7\Flash\Obj\usbh_msc_core.o
#        E:\WORK\YarnControl_Driver\YarnControl_Driver\src\stm32f4_rtos\Project\EWARMv7\Flash\Obj\usbh_msc_scsi.o
#        E:\WORK\YarnControl_Driver\YarnControl_Driver\src\stm32f4_rtos\Project\EWARMv7\Flash\Obj\usbh_stdreq.o
#        E:\WORK\YarnControl_Driver\YarnControl_Driver\src\stm32f4_rtos\Project\EWARMv7\Flash\Obj\usbh_usr.o
#        -o
#        E:\WORK\YarnControl_Driver\YarnControl_Driver\src\stm32f4_rtos\Project\EWARMv7\Flash\Exe\project.out
#        --map
#        E:\WORK\YarnControl_Driver\YarnControl_Driver\src\stm32f4_rtos\Project\EWARMv7\Flash\List\project.map
#        --config
#        E:\WORK\YarnControl_Driver\YarnControl_Driver\src\stm32f4_rtos\Project\EWARMv7\stm32f4xx_flash.icf
#        --semihosting --entry __iar_program_start --inline --vfe
#
###############################################################################

*******************************************************************************
*** RUNTIME MODEL ATTRIBUTES
***

CppFlavor       = *
__SystemLibrary = DLib


*******************************************************************************
*** PLACEMENT SUMMARY
***

"A1":  place at 0x08000000 { ro section .intvec };
"P1":  place in [from 0x08000000 to 0x080fffff] { ro };
"P2":  place in [from 0x20000000 to 0x2001ffff] { rw, block CSTACK, block HEAP };

  Section             Kind        Address     Size  Object
  -------             ----        -------     ----  ------
"A1":                                        0x188
  .intvec             ro code  0x08000000    0x188  startup_stm32f40_41xxx.o [1]
                             - 0x08000188    0x188

"P1":                                      0x41389
  .rodata             const    0x08000188  0x15484  cc936.o [1]
  .rodata             const    0x0801560c  0x15484  cc936.o [1]
  .text               ro code  0x0802aa90   0x413c  apptask.o [1]
  .text               ro code  0x0802ebcc    0xc00  tasks.o [1]
  .text               ro code  0x0802f7cc    0x7c8  queue.o [1]
  .text               ro code  0x0802ff94   0x1258  bsp_sdwe050c17.o [1]
  .text               ro code  0x080311ec    0x524  product_cal.o [1]
  .text               ro code  0x08031710     0x66  ABImemset.o [5]
  .text               ro code  0x08031776      0xa  xsprout.o [3]
  .text               ro code  0x08031780    0x380  bsp_w25qxx.o [1]
  .text               ro code  0x08031b00     0x76  ABImemcpy_unaligned.o [5]
  .text               ro code  0x08031b78     0x4e  FltToDbl.o [4]
  .text               ro code  0x08031bc8     0x24  printf.o [3]
  .text               ro code  0x08031bec     0x42  strcmp_unaligned.o [5]
  .text               ro code  0x08031c30    0x21c  malloc.o [1]
  .text               ro code  0x08031e4c    0x6ec  stm32f4xx_tim.o [1]
  .text               ro code  0x08032538     0x30  I32ToDbl.o [4]
  .text               ro code  0x08032568    0x256  DblDiv.o [4]
  .text               ro code  0x080327c0     0xe8  DblAdd.o [4]
  .text               ro code  0x080328a8    0x1a2  DblMul.o [4]
  .text               ro code  0x08032a4c     0x58  DblToI32.o [4]
  .text               ro code  0x08032aa4     0x90  DblToFlt.o [4]
  .text               ro code  0x08032b34     0x36  strlen.o [5]
  .text               ro code  0x08032b6c     0x62  memcmp_unaligned.o [5]
  .text               ro code  0x08032bd0    0x1b6  usbh_usr.o [1]
  .text               ro code  0x08032d88    0x760  usbh_core.o [1]
  .text               ro code  0x080334e8   0x2264  ff.o [1]
  .text               ro code  0x0803574c     0x34  sprintf.o [3]
  .text               ro code  0x08035780     0x1c  strcat.o [3]
  .text               ro code  0x0803579c     0xae  rc522.o [1]
  .text               ro code  0x0803584c    0x354  modbus.o [1]
  .text               ro code  0x08035ba0     0x68  bsp_sw_onoff.o [1]
  .text               ro code  0x08035c08     0x44  protocol.o [1]
  .text               ro code  0x08035c4c     0x10  apptask.o [1]
  .text               ro code  0x08035c5c    0x224  bsp_stepmotor.o [1]
  .text               ro code  0x08035e80    0x12c  stm32f4xx_gpio.o [1]
  .text               ro code  0x08035fac    0x48c  bsp_servomotor.o [1]
  .text               ro code  0x08036438    0x1ac  encoder.o [1]
  .text               ro code  0x080365e4     0x70  page_weimi.o [1]
  .text               ro code  0x08036654    0x262  event_groups.o [1]
  .text               ro code  0x080368b8    0x4a4  timers.o [1]
  .text               ro code  0x08036d5c      0x8  bsp_watchdog.o [1]
  .text               ro code  0x08036d64    0x24c  port.o [1]
  .text               ro code  0x08036fb0     0x98  list.o [1]
  .text               ro code  0x08037048    0x280  heap_4.o [1]
  .text               ro code  0x080372c8    0x1e8  stm32f4xx_rcc.o [1]
  .text               ro code  0x080374b0    0x9e4  bsp_uart_fifo.o [1]
  .text               ro code  0x08037e94    0x204  bsp_timer.o [1]
  .text               ro code  0x08038098    0x124  bsp_spi.o [1]
  .text               ro code  0x080381bc    0xd96  xprintffull_nomb.o [3]
  .text               ro code  0x08038f54    0x180  DblSub.o [4]
  .text               ro code  0x080390d4    0x14c  usb_bsp.o [1]
  .text               ro code  0x08039220     0xd6  usb_hcd.o [1]
  .text               ro code  0x080392f6    0x1ba  usbh_hcs.o [1]
  .text               ro code  0x080394b0    0x436  usbh_stdreq.o [1]
  .text               ro code  0x080398e6    0x246  usbh_ioreq.o [1]
  .text               ro code  0x08039b2c    0x2e4  diskio.o [1]
  .text               ro code  0x08039e10     0xf4  cc936.o [1]
  .text               ro code  0x08039f04     0xb8  mcheck.o [1]
  .text               ro code  0x08039fbc     0x2c  strstr.o [3]
  .text               ro code  0x08039fe8    0x31c  stm32f4xx_dma.o [1]
  .text               ro code  0x0803a304     0x88  misc.o [1]
  .text               ro code  0x0803a38c     0x94  bsp_led.o [1]
  .text               ro code  0x0803a420     0x10  stm32f4xx_iwdg.o [1]
  CODE                ro code  0x0803a430     0xa8  portasm.o [1]
  .text               ro code  0x0803a4d8    0x254  stm32f4xx_usart.o [1]
  .text               ro code  0x0803a72c     0x74  stm32f4xx_spi.o [1]
  .text               ro code  0x0803a7a0     0x16  strchr.o [5]
  .text               ro code  0x0803a7b8     0x58  memchr.o [5]
  .text               ro code  0x0803a810     0xee  I64DivMod.o [5]
  .text               ro code  0x0803a8fe     0x42  xdnorm.o [4]
  .text               ro code  0x0803a940     0x2e  DblCmpLe.o [4]
  .text               ro code  0x0803a970     0x2e  DblCmpGe.o [4]
  .text               ro code  0x0803a9a0    0x114  xdscale.o [4]
  .text               ro code  0x0803aab4     0x6c  localeconv.o [3]
  .text               ro code  0x0803ab20      0xe  div.o [3]
  .text               ro code  0x0803ab30     0x74  bsp_dwt.o [1]
  .text               ro code  0x0803aba4    0xa50  usb_core.o [1]
  .text               ro code  0x0803b5f4   0x1a58  bsp_sdio_sd.o [1]
  .text               ro code  0x0803d04c    0x618  usbh_msc_scsi.o [1]
  .text               ro code  0x0803d664    0x554  usbh_msc_bot.o [1]
  .text               ro code  0x0803dbb8      0x2  I64DivZer.o [5]
  .text               ro code  0x0803dbbc    0x17c  stm32f4xx_sdio.o [1]
  .text               ro code  0x0803dd38    0xc7e  usb_hcd_int.o [1]
  .text               ro code  0x0803e9b8    0x3e8  usbh_msc_core.o [1]
  .rodata             const    0x0803eda0    0x3dc  cc936.o [1]
  .rodata             const    0x0803f17c    0x3dc  cc936.o [1]
  .text               ro code  0x0803f558    0x2e0  bsp_tim_pwm.o [1]
  .text               ro code  0x0803f838    0x2bc  para.o [1]
  .text               ro code  0x0803faf4     0x44  strcpy_unaligned.o [5]
  .rodata             const    0x0803fb38    0x1f4  apptask.o [1]
  .rodata             const    0x0803fd2c    0x190  product_cal.o [1]
  .text               ro code  0x0803febc    0x154  system_stm32f4xx.o [1]
  .rodata             const    0x08040010    0x100  mcheck.o [1]
  .rodata             const    0x08040110    0x100  mcheck.o [1]
  .rodata             const    0x08040210    0x100  mcheck.o [1]
  .text               ro code  0x08040310     0xd4  bsp_closeSW.o [1]
  .text               ro code  0x080403e4     0x54  stm32f4xx_syscfg.o [1]
  .text               ro code  0x08040438     0xc0  stm32f4xx_exti.o [1]
  .text               ro code  0x080404f8     0xd0  packbits_init.o [5]
  .text               ro code  0x080405c8      0x6  abort.o [3]
  .text               ro code  0x080405d0     0x14  exit.o [6]
  .text               ro code  0x080405e4     0x4c  bsp.o [1]
  .text               ro code  0x08040630     0x44  bsp_relay.o [1]
  .text               ro code  0x08040674     0x40  zero_init3.o [5]
  .text               ro code  0x080406b4     0x3c  SysInfoTest.o [1]
  .rodata             const    0x080406f0     0x38  demo_fatfs.o [1]
  .text               ro code  0x08040728     0x38  stm32f4xx_it.o [1]
  .text               ro code  0x08040760     0x34  main.o [1]
  .rodata             const    0x08040794     0x30  apptask.o [1]
  .rodata             const    0x080407c4     0x30  demo_fatfs.o [1]
  .rodata             const    0x080407f4     0x30  demo_fatfs.o [1]
  .rodata             const    0x08040824     0x2c  apptask.o [1]
  .rodata             const    0x08040850     0x2c  demo_fatfs.o [1]
  .rodata             const    0x0804087c     0x2c  demo_fatfs.o [1]
  .rodata             const    0x080408a8     0x2c  stm32f4xx_it.o [1]
  .rodata             const    0x080408d4     0x28  demo_fatfs.o [1]
  .rodata             const    0x080408fc     0x28  demo_fatfs.o [1]
  .rodata             const    0x08040924     0x28  demo_fatfs.o [1]
  .text               ro code  0x0804094c     0x28  data_init.o [5]
  .rodata             const    0x08040974     0x24  demo_fatfs.o [1]
  .rodata             const    0x08040998     0x24  demo_fatfs.o [1]
  .rodata             const    0x080409bc     0x24  usbh_usr.o [1]
  .text               ro code  0x080409e0     0x22  fpinit_M.o [4]
  .iar.init_table     const    0x08040a04     0x34  - Linker created -
  .rodata             const    0x08040a38     0x20  apptask.o [1]
  .rodata             const    0x08040a58     0x20  apptask.o [1]
  .rodata             const    0x08040a78     0x20  bsp_sdwe050c17.o [1]
  .rodata             const    0x08040a98     0x20  demo_fatfs.o [1]
  .rodata             const    0x08040ab8     0x20  demo_fatfs.o [1]
  .rodata             const    0x08040ad8     0x20  demo_fatfs.o [1]
  .rodata             const    0x08040af8     0x20  usbh_usr.o [1]
  .rodata             const    0x08040b18     0x20  usbh_usr.o [1]
  .rodata             const    0x08040b38     0x20  usbh_usr.o [1]
  .rodata             const    0x08040b58     0x20  usbh_usr.o [1]
  .rodata             const    0x08040b78     0x20  usbh_usr.o [1]
  .rodata             const    0x08040b98     0x1c  apptask.o [1]
  .rodata             const    0x08040bb4     0x1c  apptask.o [1]
  .rodata             const    0x08040bd0     0x1c  apptask.o [1]
  .rodata             const    0x08040bec     0x1c  apptask.o [1]
  .rodata             const    0x08040c08     0x1c  apptask.o [1]
  .rodata             const    0x08040c24     0x1c  apptask.o [1]
  .rodata             const    0x08040c40     0x1c  apptask.o [1]
  .rodata             const    0x08040c5c     0x1c  demo_fatfs.o [1]
  .rodata             const    0x08040c78     0x1c  demo_fatfs.o [1]
  .rodata             const    0x08040c94     0x1c  usbh_usr.o [1]
  .rodata             const    0x08040cb0     0x1c  usbh_usr.o [1]
  .rodata             const    0x08040ccc     0x1c  usbh_usr.o [1]
  .rodata             const    0x08040ce8     0x1c  usbh_usr.o [1]
  .rodata             const    0x08040d04     0x1c  usbh_usr.o [1]
  .rodata             const    0x08040d20     0x1c  usbh_usr.o [1]
  .text               ro code  0x08040d3c     0x1a  cmain.o [5]
  .text               ro code  0x08040d56      0x4  exit.o [3]
  .text               ro code  0x08040d5c      0xa  cexit.o [5]
  .rodata             const    0x08040d68     0x18  apptask.o [1]
  .rodata             const    0x08040d80     0x18  apptask.o [1]
  .rodata             const    0x08040d98     0x18  apptask.o [1]
  .rodata             const    0x08040db0     0x18  apptask.o [1]
  .rodata             const    0x08040dc8     0x18  apptask.o [1]
  .rodata             const    0x08040de0     0x18  apptask.o [1]
  .rodata             const    0x08040df8     0x18  apptask.o [1]
  .rodata             const    0x08040e10     0x18  demo_fatfs.o [1]
  .rodata             const    0x08040e28     0x18  demo_fatfs.o [1]
  .rodata             const    0x08040e40     0x18  demo_fatfs.o [1]
  .rodata             const    0x08040e58     0x18  demo_fatfs.o [1]
  .rodata             const    0x08040e70     0x18  usbh_usr.o [1]
  .rodata             const    0x08040e88     0x18  usbh_usr.o [1]
  .rodata             const    0x08040ea0     0x18  usbh_usr.o [1]
  .rodata             const    0x08040eb8     0x18  usbh_usr.o [1]
  .rodata             const    0x08040ed0     0x18  usbh_usr.o [1]
  .text               ro code  0x08040ee8     0x16  xprout.o [3]
  .text               ro code  0x08040f00      0xc  putchar.o [3]
  .rodata             const    0x08040f0c     0x14  apptask.o [1]
  .rodata             const    0x08040f20     0x14  apptask.o [1]
  .rodata             const    0x08040f34     0x14  apptask.o [1]
  .rodata             const    0x08040f48     0x14  apptask.o [1]
  .rodata             const    0x08040f5c     0x14  apptask.o [1]
  .rodata             const    0x08040f70     0x14  apptask.o [1]
  .rodata             const    0x08040f84     0x14  usbh_usr.o [1]
  .rodata             const    0x08040f98     0x14  usbh_usr.o [1]
  .rodata             const    0x08040fac     0x10  apptask.o [1]
  .rodata             const    0x08040fbc     0x10  apptask.o [1]
  .rodata             const    0x08040fcc     0x10  apptask.o [1]
  .rodata             const    0x08040fdc     0x10  apptask.o [1]
  .rodata             const    0x08040fec     0x10  apptask.o [1]
  .rodata             const    0x08040ffc     0x10  apptask.o [1]
  .rodata             const    0x0804100c     0x10  apptask.o [1]
  .rodata             const    0x0804101c     0x10  apptask.o [1]
  .rodata             const    0x0804102c     0x10  apptask.o [1]
  .rodata             const    0x0804103c     0x10  ff.o [1]
  .rodata             const    0x0804104c     0x10  main.o [1]
  .rodata             const    0x0804105c     0x10  main.o [1]
  .rodata             const    0x0804106c     0x10  usbh_usr.o [1]
  .rodata             const    0x0804107c     0x10  usbh_usr.o [1]
  .text               ro code  0x0804108c     0x10  startup_stm32f40_41xxx.o [1]
  .text               ro code  0x0804109c     0x10  usbh_it.o [1]
  .rodata             const    0x080410ac      0xc  apptask.o [1]
  .rodata             const    0x080410b8      0xc  apptask.o [1]
  .rodata             const    0x080410c4      0xc  apptask.o [1]
  .rodata             const    0x080410d0      0xc  apptask.o [1]
  .rodata             const    0x080410dc      0xc  apptask.o [1]
  .rodata             const    0x080410e8      0xc  apptask.o [1]
  .rodata             const    0x080410f4      0xc  apptask.o [1]
  .rodata             const    0x08041100      0xc  apptask.o [1]
  .rodata             const    0x0804110c      0xc  apptask.o [1]
  .rodata             const    0x08041118      0xc  apptask.o [1]
  .rodata             const    0x08041124      0xc  apptask.o [1]
  .rodata             const    0x08041130      0xc  apptask.o [1]
  .rodata             const    0x0804113c      0xc  apptask.o [1]
  .rodata             const    0x08041148      0xc  apptask.o [1]
  .rodata             const    0x08041154      0xc  apptask.o [1]
  .rodata             const    0x08041160      0xc  apptask.o [1]
  .rodata             const    0x0804116c      0xc  apptask.o [1]
  .rodata             const    0x08041178      0xc  apptask.o [1]
  .rodata             const    0x08041184      0xc  apptask.o [1]
  .rodata             const    0x08041190      0xc  apptask.o [1]
  .rodata             const    0x0804119c      0xc  apptask.o [1]
  .rodata             const    0x080411a8      0xc  apptask.o [1]
  .rodata             const    0x080411b4      0xc  apptask.o [1]
  .rodata             const    0x080411c0      0xc  apptask.o [1]
  .rodata             const    0x080411cc      0xc  apptask.o [1]
  .rodata             const    0x080411d8      0xc  apptask.o [1]
  .rodata             const    0x080411e4      0xc  apptask.o [1]
  .rodata             const    0x080411f0      0xc  bsp_sdwe050c17.o [1]
  .rodata             const    0x080411fc      0xc  bsp_sdwe050c17.o [1]
  .rodata             const    0x08041208      0xc  demo_fatfs.o [1]
  .rodata             const    0x08041214      0xc  ff.o [1]
  .text               ro code  0x08041220      0xc  cstartup_M.o [5]
  .rodata             const    0x0804122c      0x8  apptask.o [1]
  .rodata             const    0x08041234      0x8  apptask.o [1]
  .rodata             const    0x0804123c      0x8  apptask.o [1]
  .rodata             const    0x08041244      0x8  apptask.o [1]
  .rodata             const    0x0804124c      0x8  apptask.o [1]
  .rodata             const    0x08041254      0x8  apptask.o [1]
  .rodata             const    0x0804125c      0x8  apptask.o [1]
  .rodata             const    0x08041264      0x8  apptask.o [1]
  .rodata             const    0x0804126c      0x8  apptask.o [1]
  .rodata             const    0x08041274      0x8  apptask.o [1]
  .rodata             const    0x0804127c      0x8  apptask.o [1]
  .rodata             const    0x08041284      0x8  apptask.o [1]
  .rodata             const    0x0804128c      0x8  bsp_w25qxx.o [1]
  .rodata             const    0x08041294      0x8  ff.o [1]
  .rodata             const    0x0804129c      0x8  malloc.o [1]
  .rodata             const    0x080412a4      0x8  malloc.o [1]
  .rodata             const    0x080412ac      0x8  malloc.o [1]
  .rodata             const    0x080412b4      0x8  para.o [1]
  .rodata             const    0x080412bc      0x8  para.o [1]
  .rodata             const    0x080412c4      0x8  para.o [1]
  .rodata             const    0x080412cc      0x8  tasks.o [1]
  .rodata             const    0x080412d4      0x8  timers.o [1]
  .rodata             const    0x080412dc      0x4  heap_4.o [1]
  .rodata             const    0x080412e0      0x4  port.o [1]
  .text               ro code  0x080412e4      0x4  startup_stm32f40_41xxx.o [1]
  .text               ro code  0x080412e8      0x4  startup_stm32f40_41xxx.o [1]
  .text               ro code  0x080412ec      0x4  startup_stm32f40_41xxx.o [1]
  .text               ro code  0x080412f0      0x4  startup_stm32f40_41xxx.o [1]
  .text               ro code  0x080412f4      0x4  startup_stm32f40_41xxx.o [1]
  .text               ro code  0x080412f8      0x4  startup_stm32f40_41xxx.o [1]
  .text               ro code  0x080412fc      0x4  startup_stm32f40_41xxx.o [1]
  .text               ro code  0x08041300      0x4  startup_stm32f40_41xxx.o [1]
  .text               ro code  0x08041304      0x4  startup_stm32f40_41xxx.o [1]
  .text               ro code  0x08041308      0x4  startup_stm32f40_41xxx.o [1]
  .text               ro code  0x0804130c      0x4  startup_stm32f40_41xxx.o [1]
  .text               ro code  0x08041310      0x4  startup_stm32f40_41xxx.o [1]
  .text               ro code  0x08041314      0x4  startup_stm32f40_41xxx.o [1]
  .text               ro code  0x08041318      0x4  startup_stm32f40_41xxx.o [1]
  .text               ro code  0x0804131c      0x4  startup_stm32f40_41xxx.o [1]
  .text               ro code  0x08041320      0x4  startup_stm32f40_41xxx.o [1]
  .text               ro code  0x08041324      0x4  startup_stm32f40_41xxx.o [1]
  .text               ro code  0x08041328      0x4  startup_stm32f40_41xxx.o [1]
  .text               ro code  0x0804132c      0x4  startup_stm32f40_41xxx.o [1]
  .text               ro code  0x08041330      0x4  startup_stm32f40_41xxx.o [1]
  .text               ro code  0x08041334      0x4  startup_stm32f40_41xxx.o [1]
  .text               ro code  0x08041338      0x4  startup_stm32f40_41xxx.o [1]
  .text               ro code  0x0804133c      0x4  startup_stm32f40_41xxx.o [1]
  .text               ro code  0x08041340      0x4  startup_stm32f40_41xxx.o [1]
  .text               ro code  0x08041344      0x4  startup_stm32f40_41xxx.o [1]
  .text               ro code  0x08041348      0x4  startup_stm32f40_41xxx.o [1]
  .text               ro code  0x0804134c      0x4  startup_stm32f40_41xxx.o [1]
  .text               ro code  0x08041350      0x4  startup_stm32f40_41xxx.o [1]
  .text               ro code  0x08041354      0x4  startup_stm32f40_41xxx.o [1]
  .text               ro code  0x08041358      0x4  startup_stm32f40_41xxx.o [1]
  .text               ro code  0x0804135c      0x4  startup_stm32f40_41xxx.o [1]
  .text               ro code  0x08041360      0x4  startup_stm32f40_41xxx.o [1]
  .text               ro code  0x08041364      0x4  startup_stm32f40_41xxx.o [1]
  .text               ro code  0x08041368      0x4  startup_stm32f40_41xxx.o [1]
  .text               ro code  0x0804136c      0x4  startup_stm32f40_41xxx.o [1]
  .text               ro code  0x08041370      0x4  startup_stm32f40_41xxx.o [1]
  .text               ro code  0x08041374      0x4  startup_stm32f40_41xxx.o [1]
  .text               ro code  0x08041378      0x4  startup_stm32f40_41xxx.o [1]
  .text               ro code  0x0804137c      0x4  startup_stm32f40_41xxx.o [1]
  .text               ro code  0x08041380      0x4  startup_stm32f40_41xxx.o [1]
  .text               ro code  0x08041384      0x4  startup_stm32f40_41xxx.o [1]
  .text               ro code  0x08041388      0x4  startup_stm32f40_41xxx.o [1]
  .text               ro code  0x0804138c      0x4  startup_stm32f40_41xxx.o [1]
  .text               ro code  0x08041390      0x4  startup_stm32f40_41xxx.o [1]
  .text               ro code  0x08041394      0x4  startup_stm32f40_41xxx.o [1]
  .text               ro code  0x08041398      0x4  startup_stm32f40_41xxx.o [1]
  .text               ro code  0x0804139c      0x4  startup_stm32f40_41xxx.o [1]
  .text               ro code  0x080413a0      0x4  startup_stm32f40_41xxx.o [1]
  .text               ro code  0x080413a4      0x4  startup_stm32f40_41xxx.o [1]
  .text               ro code  0x080413a8      0x4  startup_stm32f40_41xxx.o [1]
  .text               ro code  0x080413ac      0x4  startup_stm32f40_41xxx.o [1]
  .text               ro code  0x080413b0      0x4  startup_stm32f40_41xxx.o [1]
  .text               ro code  0x080413b4      0x4  startup_stm32f40_41xxx.o [1]
  .text               ro code  0x080413b8      0x4  startup_stm32f40_41xxx.o [1]
  .text               ro code  0x080413bc      0x4  startup_stm32f40_41xxx.o [1]
  .text               ro code  0x080413c0      0x4  startup_stm32f40_41xxx.o [1]
  .text               ro code  0x080413c4      0x4  startup_stm32f40_41xxx.o [1]
  .text               ro code  0x080413c8      0x4  startup_stm32f40_41xxx.o [1]
  .text               ro code  0x080413cc      0x4  startup_stm32f40_41xxx.o [1]
  .text               ro code  0x080413d0      0x4  startup_stm32f40_41xxx.o [1]
  .text               ro code  0x080413d4      0x4  startup_stm32f40_41xxx.o [1]
  .text               ro code  0x080413d8      0x4  startup_stm32f40_41xxx.o [1]
  .text               ro code  0x080413dc      0x4  startup_stm32f40_41xxx.o [1]
  .text               ro code  0x080413e0      0x4  startup_stm32f40_41xxx.o [1]
  .text               ro code  0x080413e4      0x4  startup_stm32f40_41xxx.o [1]
  .text               ro code  0x080413e8      0x4  startup_stm32f40_41xxx.o [1]
  .text               ro code  0x080413ec      0x4  startup_stm32f40_41xxx.o [1]
  .text               ro code  0x080413f0      0x4  startup_stm32f40_41xxx.o [1]
  .rodata             const    0x080413f4      0x0  zero_init3.o [5]
  .rodata             const    0x080413f4      0x0  packbits_init.o [5]
  Initializer bytes   const    0x080413f4    0x11d  <for P2 s0>
                             - 0x08041511  0x41389

"P2":                                      0x1f718
  P2 s0                        0x20000000    0x1cb  <Init block>
    __DLIB_PERTHREAD  inited   0x20000000     0x88  localeconv.o [3]
    .data             inited   0x20000088     0x50  demo_fatfs.o [1]
    .data             inited   0x200000d8     0x48  usbh_usr.o [1]
    .data             inited   0x20000120     0x40  xfiles.o [3]
    .data             inited   0x20000160     0x1c  malloc.o [1]
    .data             inited   0x2000017c     0x14  bsp_servomotor.o [1]
    .data             inited   0x20000190     0x10  stm32f4xx_rcc.o [1]
    .data             inited   0x200001a0     0x10  usbh_msc_core.o [1]
    .data             inited   0x200001b0      0xc  usbh_core.o [1]
    .data             inited   0x200001bc      0x4  port.o [1]
    .data             inited   0x200001c0      0x4  system_stm32f4xx.o [1]
    .data             inited   0x200001c4      0x4  usbh_core.o [1]
    .data             inited   0x200001c8      0x2  bsp_w25qxx.o [1]
    .data             inited   0x200001ca      0x1  usbh_msc_scsi.o [1]
  .bss                zero     0x200001cc  0x11800  heap_4.o [1]
  .bss                zero     0x200119cc   0xa000  malloc.o [1]
  .bss                zero     0x2001b9cc   0x1000  bsp_w25qxx.o [1]
  .bss                zero     0x2001c9cc    0xa00  malloc.o [1]
  .bss                zero     0x2001d3cc    0x5ac  usbh_usr.o [1]
  .bss                zero     0x2001d978    0x5ac  usbh_usr.o [1]
  .bss                zero     0x2001df24    0x200  ff.o [1]
  .bss                zero     0x2001e124    0x200  usbh_msc_scsi.o [1]
  .bss                zero     0x2001e324    0x200  usbh_stdreq.o [1]
  .bss                zero     0x2001e524    0x118  page_weimi.o [1]
  .bss                zero     0x2001e63c     0xc8  tasks.o [1]
  .bss                zero     0x2001e704     0xa4  protocol.o [1]
  .bss                zero     0x2001e7a8     0x94  usbh_usr.o [1]
  .bss                zero     0x2001e83c     0x90  para.o [1]
  .bss                zero     0x2001e8cc     0x70  protocol.o [1]
  .bss                zero     0x2001e93c     0x64  bsp_uart_fifo.o [1]
  .bss                zero     0x2001e9a0     0x64  bsp_uart_fifo.o [1]
  .bss                zero     0x2001ea08     0x58  bsp_sdio_sd.o [1]
  .bss                zero     0x2001ea60     0x50  protocol.o [1]
  .bss                zero     0x2001eab0     0x50  xfiles.o [3]
  .bss                zero     0x2001eb00     0x4c  usbh_msc_core.o [1]
  .bss                zero     0x2001eb4c     0x34  bsp_sdwe050c17.o [1]
  .bss                zero     0x2001eb80     0x2c  product_cal.o [1]
  .bss                zero     0x2001ebac     0x28  bsp_uart_fifo.o [1]
  .bss                zero     0x2001ebd4     0x28  product_cal.o [1]
  .bss                zero     0x2001ebfc     0x24  ff.o [1]
  .bss                zero     0x2001ec20     0x20  usbh_msc_bot.o [1]
  .bss                zero     0x2001ec40     0x1c  page_weimi.o [1]
  .bss                zero     0x2001ec5c     0x18  bsp_sdio_sd.o [1]
  .bss                zero     0x2001ec74     0x18  bsp_sdio_sd.o [1]
  .bss                zero     0x2001ec8c     0x14  bsp_sdio_sd.o [1]
  .bss                zero     0x2001eca0     0x14  rc522.o [1]
  .bss                zero     0x2001ecb4     0x14  tasks.o [1]
  .bss                zero     0x2001ecc8     0x14  tasks.o [1]
  .bss                zero     0x2001ecdc     0x14  tasks.o [1]
  .bss                zero     0x2001ecf0     0x14  tasks.o [1]
  .bss                zero     0x2001ed04     0x14  tasks.o [1]
  .bss                zero     0x2001ed18     0x14  timers.o [1]
  .bss                zero     0x2001ed2c     0x14  timers.o [1]
  .bss                zero     0x2001ed40     0x10  bsp_sdio_sd.o [1]
  .bss                zero     0x2001ed50     0x10  bsp_sdio_sd.o [1]
  .bss                zero     0x2001ed60     0x10  usbh_msc_bot.o [1]
  .bss                zero     0x2001ed70     0x10  usbh_msc_bot.o [1]
  .bss                zero     0x2001ed80     0x10  usbh_msc_scsi.o [1]
  .bss                zero     0x2001ed90      0xc  apptask.o [1]
  .bss                zero     0x2001ed9c      0xc  apptask.o [1]
  .bss                zero     0x2001eda8      0xc  ff.o [1]
  .bss                zero     0x2001edb4      0xc  protocol.o [1]
  .bss                zero     0x2001edc0      0xc  protocol.o [1]
  .bss                zero     0x2001edcc      0xc  protocol.o [1]
  .bss                zero     0x2001edd8      0x8  heap_4.o [1]
  .bss                zero     0x2001ede0      0x8  modbus.o [1]
  .bss                zero     0x2001ede8      0x8  protocol.o [1]
  .bss                zero     0x2001edf0      0x4  apptask.o [1]
  .bss                zero     0x2001edf4      0x4  apptask.o [1]
  .bss                zero     0x2001edf8      0x4  apptask.o [1]
  .bss                zero     0x2001edfc      0x4  apptask.o [1]
  .bss                zero     0x2001ee00      0x4  apptask.o [1]
  .bss                zero     0x2001ee04      0x4  apptask.o [1]
  .bss                zero     0x2001ee08      0x4  apptask.o [1]
  .bss                zero     0x2001ee0c      0x4  apptask.o [1]
  .bss                zero     0x2001ee10      0x4  apptask.o [1]
  .bss                zero     0x2001ee14      0x4  apptask.o [1]
  .bss                zero     0x2001ee18      0x4  apptask.o [1]
  .bss                zero     0x2001ee1c      0x4  apptask.o [1]
  .bss                zero     0x2001ee20      0x4  apptask.o [1]
  .bss                zero     0x2001ee24      0x4  apptask.o [1]
  .bss                zero     0x2001ee28      0x4  apptask.o [1]
  .bss                zero     0x2001ee2c      0x4  apptask.o [1]
  .bss                zero     0x2001ee30      0x4  apptask.o [1]
  .bss                zero     0x2001ee34      0x4  apptask.o [1]
  .bss                zero     0x2001ee38      0x4  bsp_sdio_sd.o [1]
  .bss                zero     0x2001ee3c      0x4  bsp_sdio_sd.o [1]
  .bss                zero     0x2001ee40      0x4  bsp_sdio_sd.o [1]
  .bss                zero     0x2001ee44      0x4  bsp_sdio_sd.o [1]
  .bss                zero     0x2001ee48      0x4  bsp_sdio_sd.o [1]
  .bss                zero     0x2001ee4c      0x4  bsp_timer.o [1]
  .bss                zero     0x2001ee50      0x4  bsp_timer.o [1]
  .bss                zero     0x2001ee54      0x4  bsp_timer.o [1]
  .bss                zero     0x2001ee58      0x4  bsp_timer.o [1]
  .bss                zero     0x2001ee5c      0x4  encoder.o [1]
  .bss                zero     0x2001ee60      0x4  encoder.o [1]
  .bss                zero     0x2001ee64      0x4  heap_4.o [1]
  .bss                zero     0x2001ee68      0x4  heap_4.o [1]
  .bss                zero     0x2001ee6c      0x4  heap_4.o [1]
  .bss                zero     0x2001ee70      0x4  heap_4.o [1]
  .bss                zero     0x2001ee74      0x4  port.o [1]
  .bss                zero     0x2001ee78      0x4  product_cal.o [1]
  .bss                zero     0x2001ee7c      0x4  product_cal.o [1]
  .bss                zero     0x2001ee80      0x4  SysInfoTest.o [1]
  .bss                zero     0x2001ee84      0x4  tasks.o [1]
  .bss                zero     0x2001ee88      0x4  tasks.o [1]
  .bss                zero     0x2001ee8c      0x4  tasks.o [1]
  .bss                zero     0x2001ee90      0x4  tasks.o [1]
  .bss                zero     0x2001ee94      0x4  tasks.o [1]
  .bss                zero     0x2001ee98      0x4  tasks.o [1]
  .bss                zero     0x2001ee9c      0x4  tasks.o [1]
  .bss                zero     0x2001eea0      0x4  tasks.o [1]
  .bss                zero     0x2001eea4      0x4  tasks.o [1]
  .bss                zero     0x2001eea8      0x4  tasks.o [1]
  .bss                zero     0x2001eeac      0x4  tasks.o [1]
  .bss                zero     0x2001eeb0      0x4  tasks.o [1]
  .bss                zero     0x2001eeb4      0x4  tasks.o [1]
  .bss                zero     0x2001eeb8      0x4  tasks.o [1]
  .bss                zero     0x2001eebc      0x4  tasks.o [1]
  .bss                zero     0x2001eec0      0x4  tasks.o [1]
  .bss                zero     0x2001eec4      0x4  timers.o [1]
  .bss                zero     0x2001eec8      0x4  timers.o [1]
  .bss                zero     0x2001eecc      0x4  timers.o [1]
  .bss                zero     0x2001eed0      0x4  timers.o [1]
  .bss                zero     0x2001eed4      0x4  usbh_msc_bot.o [1]
  .bss                zero     0x2001eed8      0x4  usbh_msc_bot.o [1]
  .bss                zero     0x2001eedc      0x4  usbh_msc_bot.o [1]
  .bss                zero     0x2001eee0      0x4  usbh_msc_bot.o [1]
  .bss                zero     0x2001eee4      0x2  apptask.o [1]
  .bss                zero     0x2001eee6      0x2  apptask.o [1]
  .bss                zero     0x2001eee8      0x2  apptask.o [1]
  .bss                zero     0x2001eeea      0x2  apptask.o [1]
  .bss                zero     0x2001eeec      0x2  bsp_sdwe050c17.o [1]
  .bss                zero     0x2001eeee      0x2  encoder.o [1]
  .bss                zero     0x2001eef0      0x2  encoder.o [1]
  .bss                zero     0x2001eef2      0x2  encoder.o [1]
  .bss                zero     0x2001eef4      0x2  ff.o [1]
  .bss                zero     0x2001eef6      0x2  product_cal.o [1]
  .bss                zero     0x2001eef8      0x2  usbh_core.o [1]
  .bss                zero     0x2001eefa      0x2  usbh_stdreq.o [1]
  .bss                zero     0x2001eefc      0x1  apptask.o [1]
  .bss                zero     0x2001eefd      0x1  apptask.o [1]
  .bss                zero     0x2001eefe      0x1  apptask.o [1]
  .bss                zero     0x2001eeff      0x1  apptask.o [1]
  .bss                zero     0x2001ef00      0x1  apptask.o [1]
  .bss                zero     0x2001ef01      0x1  apptask.o [1]
  .bss                zero     0x2001ef02      0x1  apptask.o [1]
  .bss                zero     0x2001ef03      0x1  apptask.o [1]
  .bss                zero     0x2001ef04      0x1  apptask.o [1]
  .bss                zero     0x2001ef05      0x1  bsp_sdio_sd.o [1]
  .bss                zero     0x2001ef06      0x1  bsp_sdwe050c17.o [1]
  .bss                zero     0x2001ef07      0x1  bsp_uart_fifo.o [1]
  .bss                zero     0x2001ef08      0x1  encoder.o [1]
  .bss                zero     0x2001ef09      0x1  port.o [1]
  .bss                zero     0x2001ef0a      0x1  product_cal.o [1]
  .bss                zero     0x2001ef0b      0x1  product_cal.o [1]
  .bss                zero     0x2001ef0c      0x1  product_cal.o [1]
  .bss                zero     0x2001ef0d      0x1  protocol.o [1]
  .bss                zero     0x2001ef0e      0x1  rc522.o [1]
  .bss                zero     0x2001ef0f      0x1  rc522.o [1]
  .bss                zero     0x2001ef10      0x1  usbh_msc_bot.o [1]
  .bss                zero     0x2001ef11      0x1  usbh_msc_core.o [1]
  .bss                zero     0x2001ef12      0x1  usbh_msc_core.o [1]
  .bss                zero     0x2001ef13      0x1  usbh_stdreq.o [1]
  .bss                zero     0x2001ef14      0x1  usbh_usr.o [1]
  CSTACK                       0x2001ef18    0x800  <Block>
    CSTACK            uninit   0x2001ef18    0x800  <Block tail>
                             - 0x2001f718  0x1f718

Absolute sections:                         0xff000
  .bss                zero     0x68000000  0xf0000  malloc.o [1]
  .bss                zero     0x680f0000   0xf000  malloc.o [1]
                             - 0x680ff000  0xff000


*******************************************************************************
*** INIT TABLE
***

          Address     Size
          -------     ----
Zero (__iar_zero_init3)
    2 destination ranges, total size 0x11dd49:
          0x200001cc  0x1ed49
          0x68000000  0xff000

Copy/packbits (__iar_packbits_init3)
    1 source range, total size 0x11d (62% of destination):
          0x080413f4    0x11d
    1 destination range, total size 0x1cb:
          0x20000000    0x1cb



*******************************************************************************
*** MODULE SUMMARY
***

    Module                    ro code  ro data  rw data    rw data
                                                            (abs)
    ------                    -------  -------  -------    -------
E:\WORK\YarnControl_Driver\YarnControl_Driver\src\stm32f4_rtos\Project\EWARMv7\Flash\Obj: [1]
    SysInfoTest.o                  60                 4
    apptask.o                  16 716    1 704      113
    bsp.o                          76
    bsp_closeSW.o                 212
    bsp_dwt.o                     116
    bsp_led.o                     148
    bsp_relay.o                    68
    bsp_sdio_sd.o               6 744               209
    bsp_sdwe050c17.o            4 696       56       55
    bsp_servomotor.o            1 164       13       20
    bsp_spi.o                     292
    bsp_stepmotor.o               548
    bsp_sw_onoff.o                104
    bsp_tim_pwm.o                 736
    bsp_timer.o                   516                16
    bsp_uart_fifo.o             2 532               241
    bsp_w25qxx.o                  896        9    4 098
    bsp_watchdog.o                  8
    cc936.o                       244  176 320
    demo_fatfs.o                           742       80
    diskio.o                      740
    encoder.o                     428                15
    event_groups.o                610
    ff.o                        8 804       36      562
    heap_4.o                      640        4   71 704
    list.o                        152
    main.o                         52       32
    malloc.o                      540       41   43 548  1 044 480
    mcheck.o                      184      768
    misc.o                        136
    modbus.o                      852                 8
    page_weimi.o                  112               308
    para.o                        700       24      144
    port.o                        588        7        9
    portasm.o                     168
    product_cal.o               1 316      400       97
    protocol.o                     68               401
    queue.o                     1 992
    rc522.o                       174                22
    startup_stm32f40_41xxx.o      680
    stm32f4xx_dma.o               796
    stm32f4xx_exti.o              192
    stm32f4xx_gpio.o              300
    stm32f4xx_it.o                 56       44
    stm32f4xx_iwdg.o               16
    stm32f4xx_rcc.o               488       10       16
    stm32f4xx_sdio.o              380
    stm32f4xx_spi.o               116
    stm32f4xx_syscfg.o             84
    stm32f4xx_tim.o             1 772
    stm32f4xx_usart.o             596
    system_stm32f4xx.o            340        2        4
    tasks.o                     3 072        8      364
    timers.o                    1 188        8       56
    usb_bsp.o                     332
    usb_core.o                  2 640
    usb_hcd.o                     214
    usb_hcd_int.o               3 198
    usbh_core.o                 1 888       10       18
    usbh_hcs.o                    442
    usbh_ioreq.o                  582
    usbh_it.o                      16
    usbh_msc_bot.o              1 364                81
    usbh_msc_core.o             1 000       10       94
    usbh_msc_scsi.o             1 560        1      529
    usbh_stdreq.o               1 078               515
    usbh_usr.o                    438      600    3 125
    --------------------------------------------------------------
    Total:                     78 960  180 849  126 456  1 044 480

command line: [2]
    --------------------------------------------------------------
    Total:

dl7M_tlf.a: [3]
    abort.o                         6
    div.o                          14
    exit.o                          4
    localeconv.o                  108       84      136
    printf.o                       36
    putchar.o                      12
    sprintf.o                      52
    strcat.o                       28
    strstr.o                       44
    xfiles.o                                40      144
    xprintffull_nomb.o          3 478
    xprout.o                       22
    xsprout.o                      10
    --------------------------------------------------------------
    Total:                      3 814      124      280

m7M_tls.a: [4]
    DblAdd.o                      232
    DblCmpGe.o                     46
    DblCmpLe.o                     46
    DblDiv.o                      598
    DblMul.o                      418
    DblSub.o                      384
    DblToFlt.o                    144
    DblToI32.o                     88
    FltToDbl.o                     78
    I32ToDbl.o                     48
    fpinit_M.o                     34
    xdnorm.o                       66
    xdscale.o                     276
    --------------------------------------------------------------
    Total:                      2 458

rt7M_tl.a: [5]
    ABImemcpy_unaligned.o         118
    ABImemset.o                   102
    I64DivMod.o                   238
    I64DivZer.o                     2
    cexit.o                        10
    cmain.o                        26
    cstartup_M.o                   12
    data_init.o                    40
    memchr.o                       88
    memcmp_unaligned.o             98
    packbits_init.o               208
    strchr.o                       22
    strcmp_unaligned.o             66
    strcpy_unaligned.o             68
    strlen.o                       54
    zero_init3.o                   64
    --------------------------------------------------------------
    Total:                      1 216

shb_l.a: [6]
    exit.o                         20
    --------------------------------------------------------------
    Total:                         20

    Gaps                           40        4        5
    Linker created                          52    2 048
------------------------------------------------------------------
    Grand Total:               86 508  181 029  128 789  1 044 480


*******************************************************************************
*** ENTRY LIST
***

Entry                      Address     Size  Type      Object
-----                      -------     ----  ----      ------
.iar.init_table$$Base   0x08040a04            --   Gb  - Linker created -
.iar.init_table$$Limit  0x08040a38            --   Gb  - Linker created -
?main                   0x08040d3d           Code  Gb  cmain.o [5]
APBAHBPrescTable        0x20000190     0x10  Data  Lc  stm32f4xx_rcc.o [1]
AppObjCreate            0x0802e69d    0x15e  Code  Gb  apptask.o [1]
AppTaskCreate           0x0802e53d    0x148  Code  Gb  apptask.o [1]
BOTStallErrorCount      0x2001eed4      0x4  Data  Lc  usbh_msc_bot.o [1]
BusFault_Handler        0x0804075b      0x2  Code  Gb  stm32f4xx_it.o [1]
CID_Tab                 0x2001ed50     0x10  Data  Lc  bsp_sdio_sd.o [1]
CRC16HiTable            0x08040010    0x100  Data  Gb  mcheck.o [1]
CRC16LoTable            0x08040110    0x100  Data  Gb  mcheck.o [1]
CRC8Table               0x08040210    0x100  Data  Gb  mcheck.o [1]
CSD_Tab                 0x2001ed40     0x10  Data  Lc  bsp_sdio_sd.o [1]
CSTACK$$Base            0x2001ef18            --   Gb  - Linker created -
CSTACK$$Limit           0x2001f718            --   Gb  - Linker created -
CardType                0x2001ee38      0x4  Data  Lc  bsp_sdio_sd.o [1]
CmdError                0x0803c75d     0x38  Code  Lc  bsp_sdio_sd.o [1]
CmdResp1Error           0x0803c801    0x112  Code  Lc  bsp_sdio_sd.o [1]
CmdResp2Error           0x0803c951     0x52  Code  Lc  bsp_sdio_sd.o [1]
CmdResp3Error           0x0803c913     0x3e  Code  Lc  bsp_sdio_sd.o [1]
CmdResp6Error           0x0803c9a3     0xa6  Code  Lc  bsp_sdio_sd.o [1]
CmdResp7Error           0x0803c795     0x58  Code  Lc  bsp_sdio_sd.o [1]
ConfigExitNVIC          0x0804037b     0x22  Code  Gb  bsp_closeSW.o [1]
ConfigUartNVIC          0x080378e3     0x7c  Code  Lc  bsp_uart_fifo.o [1]
DIFF_G_init             0x08036065     0x78  Code  Gb  bsp_servomotor.o [1]
DMA1_Stream0_IRQHandler
                        0x080363d9     0x1c  Code  Gb  bsp_servomotor.o [1]
DMA1_Stream3_IRQHandler
                        0x080363f5     0x1c  Code  Gb  bsp_servomotor.o [1]
DMA2_Stream3_IRQHandler
                        0x0803d045      0x8  Code  Gb  bsp_sdio_sd.o [1]
DMAEndOfTransfer        0x2001ee48      0x4  Data  Gb  bsp_sdio_sd.o [1]
DMA_ClearFlag           0x0803a1cb     0x24  Code  Gb  stm32f4xx_dma.o [1]
DMA_Cmd                 0x0803a181     0x1a  Code  Gb  stm32f4xx_dma.o [1]
DMA_DeInit              0x08039fe9    0x140  Code  Gb  stm32f4xx_dma.o [1]
DMA_FlowControllerConfig
                        0x0803a19b     0x18  Code  Gb  stm32f4xx_dma.o [1]
DMA_GetCmdStatus        0x0803a1b3     0x18  Code  Gb  stm32f4xx_dma.o [1]
DMA_GetITStatus         0x0803a231     0x62  Code  Gb  stm32f4xx_dma.o [1]
DMA_ITConfig            0x0803a1ef     0x42  Code  Gb  stm32f4xx_dma.o [1]
DMA_Init                0x0803a129     0x58  Code  Gb  stm32f4xx_dma.o [1]
DebugMon_Handler        0x0804075f      0x2  Code  Gb  stm32f4xx_it.o [1]
DiskFile_init           0x08035c09     0x40  Code  Gb  protocol.o [1]
Disk_File               0x2001e8cc     0x70  Data  Gb  protocol.o [1]
EXTI9_5_IRQHandler      0x0804039d     0x3c  Code  Gb  bsp_closeSW.o [1]
EXTI_ClearITPendingBit  0x080404db      0x6  Code  Gb  stm32f4xx_exti.o [1]
EXTI_GetITStatus        0x080404c1     0x1a  Code  Gb  stm32f4xx_exti.o [1]
EXTI_Init               0x08040439     0x88  Code  Gb  stm32f4xx_exti.o [1]
Encoder_Cap_Init        0x08036439     0xbc  Code  Gb  encoder.o [1]
FR_Table                0x20000088     0x50  Data  Gb  demo_fatfs.o [1]
FatFs                   0x2001eda8      0xc  Data  Lc  ff.o [1]
File_info               0x2001ea60     0x50  Data  Gb  protocol.o [1]
Files                   0x2001ebfc     0x24  Data  Lc  ff.o [1]
FindSCR                 0x0803cbf1    0x206  Code  Lc  bsp_sdio_sd.o [1]
Freq_value              0x2001ee60      0x4  Data  Gb  encoder.o [1]
Fsid                    0x2001eef4      0x2  Data  Lc  ff.o [1]
GPIO_Init               0x08035e81     0xaa  Code  Gb  stm32f4xx_gpio.o [1]
GPIO_PinAFConfig        0x08035f53     0x5a  Code  Gb  stm32f4xx_gpio.o [1]
GPIO_ReadInputDataBit   0x08035f2b     0x1a  Code  Gb  stm32f4xx_gpio.o [1]
GPIO_WriteBit           0x08035f45      0xe  Code  Gb  stm32f4xx_gpio.o [1]
GetDeviceState          0x08035bd5     0x2e  Code  Gb  bsp_sw_onoff.o [1]
HCD_GetCurrentFrame     0x080392b1      0x8  Code  Gb  usb_hcd.o [1]
HCD_GetCurrentSpeed     0x08039293     0x10  Code  Gb  usb_hcd.o [1]
HCD_GetURB_State        0x080392b9      0xa  Code  Gb  usb_hcd.o [1]
HCD_GetXferCnt          0x080392c3      0xc  Code  Gb  usb_hcd.o [1]
HCD_Init                0x08039221     0x72  Code  Gb  usb_hcd.o [1]
HCD_ResetPort           0x080392a3      0xe  Code  Gb  usb_hcd.o [1]
HCD_SubmitRequest       0x080392cf     0x28  Code  Gb  usb_hcd.o [1]
HardFault_Handler       0x0804072b     0x22  Code  Gb  stm32f4xx_it.o [1]
IWDG_Feed               0x08036d5d      0x8  Code  Gb  bsp_watchdog.o [1]
IWDG_ReloadCounter      0x0803a421      0xa  Code  Gb  stm32f4xx_iwdg.o [1]
InStream_Read           0x080404f9     0x22  Code  Lc  packbits_init.o [5]
InitHardUart            0x08037521    0x3c2  Code  Lc  bsp_uart_fifo.o [1]
Init_JINGSHA_GUI        0x0802ffd3    0x122  Code  Gb  bsp_sdwe050c17.o [1]
LfnBuf                  0x2001df24    0x200  Data  Lc  ff.o [1]
LfnOfs                  0x0804103c     0x10  Data  Lc  ff.o [1]
LoadInt                 0x08038749     0x6e  Code  Lc  xprintffull_nomb.o [3]
MSCErrorCount           0x2001ef11      0x1  Data  Gb  usbh_msc_core.o [1]
MSC_Machine             0x2001eb00     0x4c  Data  Gb  usbh_msc_core.o [1]
MSG_DEV_ATTACHED        0x08040eb8     0x18  Data  Gb  usbh_usr.o [1]
MSG_DEV_DISCONNECTED    0x08040ed0     0x18  Data  Gb  usbh_usr.o [1]
MSG_DEV_ENUMERATED      0x08040ce8     0x1c  Data  Gb  usbh_usr.o [1]
MSG_DEV_ERROR           0x08040f98     0x14  Data  Gb  usbh_usr.o [1]
MSG_DEV_FULLSPEED       0x08040b58     0x20  Data  Gb  usbh_usr.o [1]
MSG_DEV_HIGHSPEED       0x08040b38     0x20  Data  Gb  usbh_usr.o [1]
MSG_DEV_LOWSPEED        0x08040b78     0x20  Data  Gb  usbh_usr.o [1]
MSG_HID_CLASS           0x08040d04     0x1c  Data  Gb  usbh_usr.o [1]
MSG_MSC_CLASS           0x080409bc     0x24  Data  Gb  usbh_usr.o [1]
MSG_UNREC_ERROR         0x08040d20     0x1c  Data  Gb  usbh_usr.o [1]
MemManage_Handler       0x08040759      0x2  Code  Gb  stm32f4xx_it.o [1]
MotorProcess            0x2001ec40     0x1c  Data  Gb  page_weimi.o [1]
MotorStepCount          0x080365e5     0x70  Code  Gb  page_weimi.o [1]
NMI_Handler             0x08040729      0x2  Code  Gb  stm32f4xx_it.o [1]
NVIC_Init               0x0803a30f     0x6a  Code  Gb  misc.o [1]
NVIC_PriorityGroupConfig
                        0x0803a305      0xa  Code  Gb  misc.o [1]
OTG_FS_IRQHandler       0x0804109d     0x10  Code  Gb  usbh_it.o [1]
PendSV_Handler          0x0803a431           Code  Gb  portasm.o [1]
RCA                     0x2001ee3c      0x4  Data  Lc  bsp_sdio_sd.o [1]
RCC_AHB1PeriphClockCmd  0x080373cb     0x22  Code  Gb  stm32f4xx_rcc.o [1]
RCC_AHB2PeriphClockCmd  0x080373ed     0x1e  Code  Gb  stm32f4xx_rcc.o [1]
RCC_APB1PeriphClockCmd  0x0803740b     0x1e  Code  Gb  stm32f4xx_rcc.o [1]
RCC_APB1PeriphResetCmd  0x08037447     0x1e  Code  Gb  stm32f4xx_rcc.o [1]
RCC_APB2PeriphClockCmd  0x08037429     0x1e  Code  Gb  stm32f4xx_rcc.o [1]
RCC_APB2PeriphResetCmd  0x08037465     0x1e  Code  Gb  stm32f4xx_rcc.o [1]
RCC_GetClocksFreq       0x080372c9    0x102  Code  Gb  stm32f4xx_rcc.o [1]
RS485_InitTXE           0x080374ed     0x34  Code  Gb  bsp_uart_fifo.o [1]
RS485_sendbuf           0x08037d2d     0x3c  Code  Gb  bsp_uart_fifo.o [1]
ReadValue1              0x2001eeee      0x2  Data  Gb  encoder.o [1]
ReadValue2              0x2001eef0      0x2  Data  Gb  encoder.o [1]
Region$$Table$$Base     0x08040a04            --   Gb  - Linker created -
Region$$Table$$Limit    0x08040a38            --   Gb  - Linker created -
SDCardInfo              0x2001ea08     0x58  Data  Gb  bsp_sdio_sd.o [1]
SDEnWideBus             0x0803ca55    0x198  Code  Lc  bsp_sdio_sd.o [1]
SDIO_ClearFlag          0x0803dcd1      0x6  Code  Gb  stm32f4xx_sdio.o [1]
SDIO_ClearITPendingBit  0x0803dcf1      0x6  Code  Gb  stm32f4xx_sdio.o [1]
SDIO_ClockCmd           0x0803dbff      0x8  Code  Gb  stm32f4xx_sdio.o [1]
SDIO_CmdInitStructure   0x2001ec8c     0x14  Data  Gb  bsp_sdio_sd.o [1]
SDIO_DMACmd             0x0803dc91      0x8  Code  Gb  stm32f4xx_sdio.o [1]
SDIO_DataConfig         0x0803dc5d     0x2e  Code  Gb  stm32f4xx_sdio.o [1]
SDIO_DataInitStructure  0x2001ec74     0x18  Data  Gb  bsp_sdio_sd.o [1]
SDIO_DeInit             0x0803dbbd     0x18  Code  Gb  stm32f4xx_sdio.o [1]
SDIO_GetCommandResponse
                        0x0803dc3f      0x8  Code  Gb  stm32f4xx_sdio.o [1]
SDIO_GetFlagStatus      0x0803dcb7     0x1a  Code  Gb  stm32f4xx_sdio.o [1]
SDIO_GetITStatus        0x0803dcd7     0x1a  Code  Gb  stm32f4xx_sdio.o [1]
SDIO_GetPowerState      0x0803dc0d      0xa  Code  Gb  stm32f4xx_sdio.o [1]
SDIO_GetResponse        0x0803dc47     0x16  Code  Gb  stm32f4xx_sdio.o [1]
SDIO_IRQHandler         0x0803d03d      0x8  Code  Gb  bsp_sdio_sd.o [1]
SDIO_ITConfig           0x0803dc99     0x1e  Code  Gb  stm32f4xx_sdio.o [1]
SDIO_Init               0x0803dbd5     0x2a  Code  Gb  stm32f4xx_sdio.o [1]
SDIO_InitStructure      0x2001ec5c     0x18  Data  Gb  bsp_sdio_sd.o [1]
SDIO_Interrupts_Config  0x0803d001     0x3c  Code  Gb  bsp_sdio_sd.o [1]
SDIO_ReadData           0x0803dc8b      0x6  Code  Gb  stm32f4xx_sdio.o [1]
SDIO_SendCommand        0x0803dc17     0x28  Code  Gb  stm32f4xx_sdio.o [1]
SDIO_SetPowerState      0x0803dc07      0x6  Code  Gb  stm32f4xx_sdio.o [1]
SDWE_WARNNING           0x08030265     0x2a  Code  Gb  bsp_sdwe050c17.o [1]
SD_Detect               0x0803b6f9     0x22  Code  Gb  bsp_sdio_sd.o [1]
SD_EnableWideBusOperation
                        0x0803bef5     0xc8  Code  Gb  bsp_sdio_sd.o [1]
SD_GetCardInfo          0x0803bb09    0x3ec  Code  Gb  bsp_sdio_sd.o [1]
SD_GetState             0x0803b6cf     0x2a  Code  Gb  bsp_sdio_sd.o [1]
SD_GetStatus            0x0803b6ad     0x22  Code  Gb  bsp_sdio_sd.o [1]
SD_Init                 0x0803b5f5     0xb8  Code  Gb  bsp_sdio_sd.o [1]
SD_InitializeCards      0x0803b967    0x1a2  Code  Gb  bsp_sdio_sd.o [1]
SD_LowLevel_DMA_RxConfig
                        0x0803cf4b     0x8e  Code  Gb  bsp_sdio_sd.o [1]
SD_LowLevel_DMA_TxConfig
                        0x0803cebd     0x8e  Code  Gb  bsp_sdio_sd.o [1]
SD_LowLevel_Init        0x0803cdf9     0xbc  Code  Gb  bsp_sdio_sd.o [1]
SD_PowerON              0x0803b71b    0x24c  Code  Gb  bsp_sdio_sd.o [1]
SD_ProcessDMAIRQ        0x0803c739     0x22  Code  Gb  bsp_sdio_sd.o [1]
SD_ProcessIRQSrc        0x0803c68b     0xae  Code  Gb  bsp_sdio_sd.o [1]
SD_ReadBlock            0x0803bff5    0x108  Code  Gb  bsp_sdio_sd.o [1]
SD_ReadMultiBlocks      0x0803c0fd    0x134  Code  Gb  bsp_sdio_sd.o [1]
SD_SelectDeselect       0x0803bfbd     0x38  Code  Gb  bsp_sdio_sd.o [1]
SD_SendStatus           0x0803c61d     0x6e  Code  Gb  bsp_sdio_sd.o [1]
SD_StopTransfer         0x0803c5d5     0x44  Code  Gb  bsp_sdio_sd.o [1]
SD_WaitReadOperation    0x0803c235     0x96  Code  Gb  bsp_sdio_sd.o [1]
SD_WriteBlock           0x0803c2d5    0x11e  Code  Gb  bsp_sdio_sd.o [1]
SD_WriteMultiBlocks     0x0803c401    0x1cc  Code  Gb  bsp_sdio_sd.o [1]
SPI1_Init               0x08038099     0xc0  Code  Gb  bsp_spi.o [1]
SPI1_ReadWriteByte      0x08038181     0x32  Code  Gb  bsp_spi.o [1]
SPI1_SetSpeed           0x08038159     0x28  Code  Gb  bsp_spi.o [1]
SPI_Cmd                 0x0803a76d     0x1c  Code  Gb  stm32f4xx_spi.o [1]
SPI_I2S_GetFlagStatus   0x0803a789     0x18  Code  Gb  stm32f4xx_spi.o [1]
SPI_Init                0x0803a72d     0x40  Code  Gb  stm32f4xx_spi.o [1]
SRC_Buffer              0x2000017c     0x14  Data  Gb  bsp_servomotor.o [1]
SVC_Handler             0x0803a489           Code  Gb  portasm.o [1]
SYSCFG_EXTILineConfig   0x080403e5     0x50  Code  Gb  stm32f4xx_syscfg.o [1]
Sdwe_ClearReadDisk      0x0803033b     0x1c  Code  Gb  bsp_sdwe050c17.o [1]
Sdwe_change_class_time  0x080307a7     0x30  Code  Gb  bsp_sdwe050c17.o [1]
Sdwe_clearString        0x0803028f     0x54  Code  Gb  bsp_sdwe050c17.o [1]
Sdwe_clear_filename     0x08030387     0x2a  Code  Gb  bsp_sdwe050c17.o [1]
Sdwe_disDigi            0x0803013f     0xa4  Code  Gb  bsp_sdwe050c17.o [1]
Sdwe_disPicture         0x080300f5     0x4a  Code  Gb  bsp_sdwe050c17.o [1]
Sdwe_disString          0x080301e3     0x82  Code  Gb  bsp_sdwe050c17.o [1]
Sdwe_hidden_page        0x0803083f     0x30  Code  Gb  bsp_sdwe050c17.o [1]
Sdwe_peiliao_page       0x080306b1     0xf6  Code  Gb  bsp_sdwe050c17.o [1]
Sdwe_period_page        0x080307d7     0x68  Code  Gb  bsp_sdwe050c17.o [1]
Sdwe_product_page       0x0803052f    0x182  Code  Gb  bsp_sdwe050c17.o [1]
Sdwe_readRTC            0x08030357     0x30  Code  Gb  bsp_sdwe050c17.o [1]
Sdwe_refresh_allname    0x080304e7     0x48  Code  Gb  bsp_sdwe050c17.o [1]
Sdwe_refresh_filename   0x080303b1    0x136  Code  Gb  bsp_sdwe050c17.o [1]
Sdwe_stop_page          0x0803086f    0x36a  Code  Gb  bsp_sdwe050c17.o [1]
Sdwe_writeIcon          0x080302e3     0x58  Code  Gb  bsp_sdwe050c17.o [1]
ServoMotorRunning       0x080363b5     0x24  Code  Gb  bsp_servomotor.o [1]
SetSysClock             0x0803ff0f     0xce  Code  Lc  system_stm32f4xx.o [1]
SlavePara               0x2001e704     0xa4  Data  Gb  protocol.o [1]
StopCondition           0x2001ee40      0x4  Data  Gb  bsp_sdio_sd.o [1]
SysTick_Handler         0x08036eeb     0x2c  Code  Gb  port.o [1]
SystemCoreClock         0x200001c0      0x4  Data  Gb  system_stm32f4xx.o [1]
SystemInit              0x0803febd     0x52  Code  Gb  system_stm32f4xx.o [1]
TI1_Config              0x0803243d     0x38  Code  Lc  stm32f4xx_tim.o [1]
TI2_Config              0x08032475     0x42  Code  Lc  stm32f4xx_tim.o [1]
TI3_Config              0x080324b7     0x40  Code  Lc  stm32f4xx_tim.o [1]
TI4_Config              0x080324f7     0x42  Code  Lc  stm32f4xx_tim.o [1]
TIM1_PWM_SETPMOTOR      0x08035dcd     0x9e  Code  Gb  bsp_stepmotor.o [1]
TIM2_IRQHandler         0x08037fd5     0xac  Code  Gb  bsp_timer.o [1]
TIM3CH2_CAPTURE_STA     0x2001ef08      0x1  Data  Gb  encoder.o [1]
TIM3CH2_CAPTURE_VAL     0x2001ee5c      0x4  Data  Gb  encoder.o [1]
TIM3_IRQHandler         0x080364f5     0xcc  Code  Gb  encoder.o [1]
TIM3_PWM_SETPMOTOR      0x08035d65     0x68  Code  Gb  bsp_stepmotor.o [1]
TIM4_CH1_ConfigPwmOut   0x08035fad     0x1c  Code  Gb  bsp_servomotor.o [1]
TIM4_CH1_GPIO_Configuration
                        0x08036023     0x42  Code  Gb  bsp_servomotor.o [1]
TIM4_CH1_PWMDMA_Config  0x080361a1     0xb0  Code  Gb  bsp_servomotor.o [1]
TIM4_CH1_StartPwmOut    0x08035fc9     0x2c  Code  Gb  bsp_servomotor.o [1]
TIM4_CH1_StopPwmOut     0x08035ff5     0x2e  Code  Gb  bsp_servomotor.o [1]
TIM4_CH2_ConfigPwmOut   0x08036251     0x1c  Code  Gb  bsp_servomotor.o [1]
TIM4_CH2_GPIO_Configuration
                        0x080362c7     0x3e  Code  Gb  bsp_servomotor.o [1]
TIM4_CH2_PWMDMA_Config  0x08036305     0xb0  Code  Gb  bsp_servomotor.o [1]
TIM4_CH2_StartPwmOut    0x0803626d     0x2c  Code  Gb  bsp_servomotor.o [1]
TIM4_CH2_StopPwmOut     0x08036299     0x2e  Code  Gb  bsp_servomotor.o [1]
TIM4_PWM_Config         0x080360dd     0xc4  Code  Gb  bsp_servomotor.o [1]
TIM6_DAC_IRQHandler     0x080406c7     0x22  Code  Gb  SysInfoTest.o [1]
TIM_ARRPreloadConfig    0x08032033     0x1c  Code  Gb  stm32f4xx_tim.o [1]
TIM_CallBack1           0x0802e831     0x34  Code  Gb  apptask.o [1]
TIM_ClearITPendingBit   0x0803241f      0x8  Code  Gb  stm32f4xx_tim.o [1]
TIM_Cmd                 0x0803204f     0x1c  Code  Gb  stm32f4xx_tim.o [1]
TIM_CtrlPWMOutputs      0x080323b5     0x22  Code  Gb  stm32f4xx_tim.o [1]
TIM_DMACmd              0x08032427     0x16  Code  Gb  stm32f4xx_tim.o [1]
TIM_DeInit              0x08031e4d    0x17c  Code  Gb  stm32f4xx_tim.o [1]
TIM_GetITStatus         0x080323ed     0x32  Code  Gb  stm32f4xx_tim.o [1]
TIM_ICInit              0x080322f9     0x70  Code  Gb  stm32f4xx_tim.o [1]
TIM_ITConfig            0x080323d7     0x16  Code  Gb  stm32f4xx_tim.o [1]
TIM_OC1Init             0x0803206b     0x7e  Code  Gb  stm32f4xx_tim.o [1]
TIM_OC2Init             0x080320e9     0x8c  Code  Gb  stm32f4xx_tim.o [1]
TIM_OC2PreloadConfig    0x080322bf     0x14  Code  Gb  stm32f4xx_tim.o [1]
TIM_OC3Init             0x08032175     0x8a  Code  Gb  stm32f4xx_tim.o [1]
TIM_OC3PreloadConfig    0x080322d3     0x12  Code  Gb  stm32f4xx_tim.o [1]
TIM_OC4Init             0x080321ff     0x68  Code  Gb  stm32f4xx_tim.o [1]
TIM_OC4PreloadConfig    0x080322e5     0x14  Code  Gb  stm32f4xx_tim.o [1]
TIM_OCStructInit        0x0803229d     0x22  Code  Gb  stm32f4xx_tim.o [1]
TIM_SetIC1Prescaler     0x08032369     0x12  Code  Gb  stm32f4xx_tim.o [1]
TIM_SetIC2Prescaler     0x0803237b     0x14  Code  Gb  stm32f4xx_tim.o [1]
TIM_SetIC3Prescaler     0x0803238f     0x12  Code  Gb  stm32f4xx_tim.o [1]
TIM_SetIC4Prescaler     0x080323a1     0x14  Code  Gb  stm32f4xx_tim.o [1]
TIM_TimeBaseInit        0x08031fc9     0x6a  Code  Gb  stm32f4xx_tim.o [1]
Task_iwdg_refresh       0x0802ea71     0x56  Code  Gb  apptask.o [1]
TransferEnd             0x2001ee44      0x4  Data  Gb  bsp_sdio_sd.o [1]
TransferError           0x2001ef05      0x1  Data  Gb  bsp_sdio_sd.o [1]
UART1ToPC               0x08037ccd     0x30  Code  Gb  bsp_uart_fifo.o [1]
UART2ToPC               0x08037cfd     0x30  Code  Gb  bsp_uart_fifo.o [1]
UART2_RX_BUF            0x2001e9a0     0x64  Data  Gb  bsp_uart_fifo.o [1]
UART3ToPC               0x08037d69     0x30  Code  Gb  bsp_uart_fifo.o [1]
UART4ToPC               0x08037d99     0x30  Code  Gb  bsp_uart_fifo.o [1]
UART4_IRQHandler        0x08037bdf     0x84  Code  Gb  bsp_uart_fifo.o [1]
UART4_RX_BUF            0x2001e93c     0x64  Data  Gb  bsp_uart_fifo.o [1]
UART5ToPC               0x08037dc9     0x30  Code  Gb  bsp_uart_fifo.o [1]
UART5_IRQHandler        0x08037c63     0x6a  Code  Gb  bsp_uart_fifo.o [1]
USART1_IRQHandler       0x08037b4f     0x1e  Code  Gb  bsp_uart_fifo.o [1]
USART2_IRQHandler       0x08037b6d     0x68  Code  Gb  bsp_uart_fifo.o [1]
USART3_IRQHandler       0x08037bd5      0xa  Code  Gb  bsp_uart_fifo.o [1]
USART_ClearFlag         0x0803a68b      0xc  Code  Gb  stm32f4xx_usart.o [1]
USART_ClearITPendingBit
                        0x0803a707     0x26  Code  Gb  stm32f4xx_usart.o [1]
USART_Cmd               0x0803a5d5     0x1c  Code  Gb  stm32f4xx_usart.o [1]
USART_DMACmd            0x0803a601     0x16  Code  Gb  stm32f4xx_usart.o [1]
USART_GetFlagStatus     0x0803a66d     0x1e  Code  Gb  stm32f4xx_usart.o [1]
USART_GetITStatus       0x0803a697     0x70  Code  Gb  stm32f4xx_usart.o [1]
USART_ITConfig          0x0803a617     0x56  Code  Gb  stm32f4xx_usart.o [1]
USART_Init              0x0803a4d9     0xee  Code  Gb  stm32f4xx_usart.o [1]
USART_ReceiveData       0x0803a5f9      0x8  Code  Gb  stm32f4xx_usart.o [1]
USART_SendData          0x0803a5f1      0x8  Code  Gb  stm32f4xx_usart.o [1]
USBH_Alloc_Channel      0x08039411     0x2e  Code  Gb  usbh_hcs.o [1]
USBH_BulkReceiveData    0x08039ab5     0x62  Code  Gb  usbh_ioreq.o [1]
USBH_BulkSendData       0x08039a53     0x62  Code  Gb  usbh_ioreq.o [1]
USBH_CfgDesc            0x2001e324    0x200  Data  Gb  usbh_stdreq.o [1]
USBH_ClrFeature         0x0803965b     0x4c  Code  Gb  usbh_stdreq.o [1]
USBH_Connected          0x08032d89      0xc  Code  Gb  usbh_core.o [1]
USBH_CtlReceiveData     0x08039a0d     0x46  Code  Gb  usbh_ioreq.o [1]
USBH_CtlReq             0x080398e7     0x6e  Code  Gb  usbh_ioreq.o [1]
USBH_CtlSendData        0x08039999     0x74  Code  Gb  usbh_ioreq.o [1]
USBH_CtlSendSetup       0x08039955     0x44  Code  Gb  usbh_ioreq.o [1]
USBH_DataInBuffer       0x2001e124    0x200  Data  Gb  usbh_msc_scsi.o [1]
USBH_DeAllocate_AllChannel
                        0x08039463     0x20  Code  Gb  usbh_hcs.o [1]
USBH_DeInit             0x08032def     0x3e  Code  Gb  usbh_core.o [1]
USBH_Disconnected       0x08032d95      0xc  Code  Gb  usbh_core.o [1]
USBH_ErrorHandle        0x08032fff     0x34  Code  Gb  usbh_core.o [1]
USBH_Free_Channel       0x0803943f     0x24  Code  Gb  usbh_hcs.o [1]
USBH_GetDescriptor      0x080395bb     0x4e  Code  Gb  usbh_stdreq.o [1]
USBH_GetFreeChannel     0x08039483     0x2e  Code  Lc  usbh_hcs.o [1]
USBH_GetNextDesc        0x080398cf     0x18  Code  Gb  usbh_stdreq.o [1]
USBH_Get_CfgDesc        0x080394f7     0x78  Code  Gb  usbh_stdreq.o [1]
USBH_Get_DevDesc        0x080394b1     0x46  Code  Gb  usbh_stdreq.o [1]
USBH_Get_StringDesc     0x0803956f     0x4c  Code  Gb  usbh_stdreq.o [1]
USBH_HCD_INT_cb         0x200001b0      0xc  Data  Gb  usbh_core.o [1]
USBH_HCD_INT_fops       0x200001c4      0x4  Data  Gb  usbh_core.o [1]
USBH_HandleControl      0x08033247    0x29a  Code  Gb  usbh_core.o [1]
USBH_HandleEnum         0x08033033    0x214  Code  Lc  usbh_core.o [1]
USBH_Init               0x08032da7     0x48  Code  Gb  usbh_core.o [1]
USBH_MSC_BOTReset       0x0803ecfd     0x28  Code  Lc  usbh_msc_core.o [1]
USBH_MSC_BOTXferParam   0x2001ed70     0x10  Data  Gb  usbh_msc_bot.o [1]
USBH_MSC_BOT_Abort      0x0803daad     0x5c  Code  Gb  usbh_msc_bot.o [1]
USBH_MSC_CBWData        0x2001ec20     0x20  Data  Gb  usbh_msc_bot.o [1]
USBH_MSC_CSWData        0x2001ed60     0x10  Data  Gb  usbh_msc_bot.o [1]
USBH_MSC_ClassRequest   0x0803eaeb     0x12  Code  Lc  usbh_msc_core.o [1]
USBH_MSC_DecodeCSW      0x0803db09     0x7a  Code  Gb  usbh_msc_bot.o [1]
USBH_MSC_ErrorHandle    0x0803ed4d     0x3e  Code  Gb  usbh_msc_core.o [1]
USBH_MSC_GETMaxLUN      0x0803ed25     0x28  Code  Lc  usbh_msc_core.o [1]
USBH_MSC_Handle         0x0803eafd    0x200  Code  Lc  usbh_msc_core.o [1]
USBH_MSC_HandleBOTXfer  0x0803d6a9    0x404  Code  Gb  usbh_msc_bot.o [1]
USBH_MSC_Init           0x0803d665     0x44  Code  Gb  usbh_msc_bot.o [1]
USBH_MSC_InterfaceDeInit
                        0x0803ea9f     0x4c  Code  Lc  usbh_msc_core.o [1]
USBH_MSC_InterfaceInit  0x0803e9b9     0xe6  Code  Lc  usbh_msc_core.o [1]
USBH_MSC_ModeSense6     0x0803d25f    0x10c  Code  Gb  usbh_msc_scsi.o [1]
USBH_MSC_Param          0x2001ed80     0x10  Data  Gb  usbh_msc_scsi.o [1]
USBH_MSC_Read10         0x0803d545    0x106  Code  Gb  usbh_msc_scsi.o [1]
USBH_MSC_ReadCapacity10
                        0x0803d135    0x12a  Code  Gb  usbh_msc_scsi.o [1]
USBH_MSC_RequestSense   0x0803d36b     0xee  Code  Gb  usbh_msc_scsi.o [1]
USBH_MSC_TestUnitReady  0x0803d04d     0xe8  Code  Gb  usbh_msc_scsi.o [1]
USBH_MSC_Write10        0x0803d459     0xec  Code  Gb  usbh_msc_scsi.o [1]
USBH_MSC_cb             0x200001a0     0x10  Data  Gb  usbh_msc_core.o [1]
USBH_Modify_Channel     0x0803939d     0x74  Code  Gb  usbh_hcs.o [1]
USBH_OTG_ISR_Handler    0x0803dd39     0xb8  Code  Gb  usb_hcd_int.o [1]
USBH_Open_Channel       0x080392f7     0xa6  Code  Gb  usbh_hcs.o [1]
USBH_ParseCfgDesc       0x08039703    0x13c  Code  Lc  usbh_stdreq.o [1]
USBH_ParseDevDesc       0x080396a7     0x5c  Code  Lc  usbh_stdreq.o [1]
USBH_ParseEPDesc        0x08039873     0x20  Code  Lc  usbh_stdreq.o [1]
USBH_ParseInterfaceDesc
                        0x0803984d     0x26  Code  Lc  usbh_stdreq.o [1]
USBH_ParseStringDesc    0x08039893     0x3c  Code  Lc  usbh_stdreq.o [1]
USBH_Process            0x08032e2d    0x1d2  Code  Gb  usbh_core.o [1]
USBH_SOF                0x08032da1      0x6  Code  Gb  usbh_core.o [1]
USBH_SetAddress         0x08039609     0x2a  Code  Gb  usbh_stdreq.o [1]
USBH_SetCfg             0x08039633     0x28  Code  Gb  usbh_stdreq.o [1]
USBH_SubmitSetupRequest
                        0x08039b17     0x16  Code  Lc  usbh_ioreq.o [1]
USBH_USR_Configuration_DescAvailable
                        0x08032c91     0x26  Code  Gb  usbh_usr.o [1]
USBH_USR_DeInit         0x08032d85      0x2  Code  Gb  usbh_usr.o [1]
USBH_USR_DeviceAddressAssigned
                        0x08032c8f      0x2  Code  Gb  usbh_usr.o [1]
USBH_USR_DeviceAttached
                        0x08032c09      0xa  Code  Gb  usbh_usr.o [1]
USBH_USR_DeviceDisconnected
                        0x08032c1d     0x1a  Code  Gb  usbh_usr.o [1]
USBH_USR_DeviceNotSupported
                        0x08032cfb      0xa  Code  Gb  usbh_usr.o [1]
USBH_USR_DeviceSpeedDetected
                        0x08032c41     0x36  Code  Gb  usbh_usr.o [1]
USBH_USR_Device_DescAvailable
                        0x08032c77     0x18  Code  Gb  usbh_usr.o [1]
USBH_USR_EnumerationDone
                        0x08032ce1     0x1a  Code  Gb  usbh_usr.o [1]
USBH_USR_Init           0x08032be5     0x24  Code  Gb  usbh_usr.o [1]
USBH_USR_MSC_Application
                        0x08032d81      0x4  Code  Gb  usbh_usr.o [1]
USBH_USR_Manufacturer_String
                        0x08032cb7      0xe  Code  Gb  usbh_usr.o [1]
USBH_USR_OverCurrentDetected
                        0x08032d09      0xa  Code  Gb  usbh_usr.o [1]
USBH_USR_Product_String
                        0x08032cc5      0xe  Code  Gb  usbh_usr.o [1]
USBH_USR_ResetDevice    0x08032c37      0xa  Code  Gb  usbh_usr.o [1]
USBH_USR_SerialNum_String
                        0x08032cd3      0xe  Code  Gb  usbh_usr.o [1]
USBH_USR_UnrecoveredError
                        0x08032c13      0xa  Code  Gb  usbh_usr.o [1]
USBH_USR_UserInput      0x08032d05      0x4  Code  Gb  usbh_usr.o [1]
USB_Host                0x2001e7a8     0x94  Data  Gb  usbh_usr.o [1]
USB_OTG_BSP_DisableInterrupt
                        0x08039185     0x22  Code  Gb  usb_bsp.o [1]
USB_OTG_BSP_EnableInterrupt
                        0x080391a7     0x54  Code  Gb  usb_bsp.o [1]
USB_OTG_BSP_Init        0x080390d5     0xb0  Code  Gb  usb_bsp.o [1]
USB_OTG_BSP_mDelay      0x08039215      0xc  Code  Gb  usb_bsp.o [1]
USB_OTG_BSP_uDelay      0x08039209      0xc  Code  Gb  usb_bsp.o [1]
USB_OTG_Core            0x2001d3cc    0x5ac  Data  Gb  usbh_usr.o [1]
USB_OTG_CoreInit        0x0803ad7d     0xce  Code  Gb  usb_core.o [1]
USB_OTG_CoreInitHost    0x0803af89     0xd0  Code  Gb  usb_core.o [1]
USB_OTG_CoreReset       0x0803abc7     0x60  Code  Lc  usb_core.o [1]
USB_OTG_DisableGlobalInt
                        0x0803ae69     0x1e  Code  Gb  usb_core.o [1]
USB_OTG_DriveVbus       0x0803b069     0x54  Code  Gb  usb_core.o [1]
USB_OTG_EnableCommonInt
                        0x0803aba5     0x22  Code  Lc  usb_core.o [1]
USB_OTG_EnableGlobalInt
                        0x0803ae4b     0x1e  Code  Gb  usb_core.o [1]
USB_OTG_EnableHostInt   0x0803b0bd     0x4e  Code  Gb  usb_core.o [1]
USB_OTG_FlushRxFifo     0x0803aecf     0x40  Code  Gb  usb_core.o [1]
USB_OTG_FlushTxFifo     0x0803ae87     0x48  Code  Gb  usb_core.o [1]
USB_OTG_GetMode         0x0803af55      0xa  Code  Gb  usb_core.o [1]
[...]
dir_register            0x08034477    0x14e  Code  Lc  ff.o [1]
dir_sdi                 0x08033cf7     0xb2  Code  Lc  ff.o [1]
disk_initialize         0x08039b2d     0x40  Code  Gb  diskio.o [1]
disk_ioctl              0x08039d51     0xa6  Code  Gb  diskio.o [1]
disk_read               0x08039b99     0xdc  Code  Gb  diskio.o [1]
disk_status             0x08039b6d     0x2c  Code  Gb  diskio.o [1]
disk_write              0x08039c75     0xdc  Code  Gb  diskio.o [1]
div                     0x0803ab21      0xe  Code  Gb  div.o [3]
download_num            0x2001eefc      0x1  Data  Gb  apptask.o [1]
enq_lock                0x080335e7     0x28  Code  Lc  ff.o [1]
exit                    0x08040d57      0x4  Code  Gb  exit.o [3]
f_close                 0x080355dd     0x38  Code  Gb  ff.o [1]
f_mount                 0x08035011     0x66  Code  Gb  ff.o [1]
f_open                  0x08035077    0x20e  Code  Gb  ff.o [1]
f_opendir               0x08035615     0xb2  Code  Gb  ff.o [1]
f_readdir               0x080356c7     0x74  Code  Gb  ff.o [1]
f_sync                  0x08035527     0xb6  Code  Gb  ff.o [1]
f_write                 0x08035295    0x292  Code  Gb  ff.o [1]
ff_convert              0x08039e11     0x80  Code  Gb  cc936.o [1]
ff_wtoupper             0x08039e91     0x64  Code  Gb  cc936.o [1]
file_select             0x2001edc0      0xc  Data  Gb  protocol.o [1]
final_per_meter         0x08031375     0x1a  Code  Gb  product_cal.o [1]
find_volume             0x08034b81    0x45a  Code  Lc  ff.o [1]
fit_lfn                 0x080340bb     0x88  Code  Lc  ff.o [1]
follow_path             0x08034a1b     0x90  Code  Lc  ff.o [1]
fputc                   0x08037df9     0x22  Code  Gb  bsp_uart_fifo.o [1]
g_tUart3                0x2001ebac     0x28  Data  Gb  bsp_uart_fifo.o [1]
gen_numname             0x08034149     0xec  Code  Lc  ff.o [1]
get_card_type           0x080314eb     0xe4  Code  Gb  product_cal.o [1]
get_class_time          0x080313f3     0x7a  Code  Gb  product_cal.o [1]
get_fat                 0x0803390f    0x11c  Code  Gb  ff.o [1]
get_fattime             0x08039df7      0x4  Code  Gb  diskio.o [1]
get_fileinfo            0x080345c5    0x13c  Code  Lc  ff.o [1]
get_float_1bit          0x080313d1     0x22  Code  Gb  product_cal.o [1]
get_ldnumber            0x08034aab     0x50  Code  Lc  ff.o [1]
get_period_state        0x0803146d     0x54  Code  Gb  product_cal.o [1]
get_valid_length        0x080311a1     0x26  Code  Gb  bsp_sdwe050c17.o [1]
hex_to_decimal          0x080311c7     0x26  Code  Gb  bsp_sdwe050c17.o [1]
idwgEventGroup          0x2001ee2c      0x4  Data  Gb  apptask.o [1]
inc_card_type           0x080315d9    0x11c  Code  Gb  product_cal.o [1]
inc_lock                0x0803360f     0xe8  Code  Lc  ff.o [1]
init_peiliao_para       0x080312ad     0x50  Code  Gb  product_cal.o [1]
init_product_para       0x080311ed     0xc0  Code  Gb  product_cal.o [1]
input_password_buf      0x2001edb4      0xc  Data  Gb  protocol.o [1]
input_password_len      0x2001ef0d      0x1  Data  Gb  protocol.o [1]
isDevicePeriod          0x2001ef03      0x1  Data  Gb  apptask.o [1]
isWork                  0x2001eefd      0x1  Data  Gb  apptask.o [1]
is_same_data            0x080314c1     0x2a  Code  Gb  product_cal.o [1]
lcd_busy                0x2001ef06      0x1  Data  Gb  bsp_sdwe050c17.o [1]
lcd_rev_buf             0x2001eb4c     0x34  Data  Gb  bsp_sdwe050c17.o [1]
lcd_rev_len             0x2001eeec      0x2  Data  Gb  bsp_sdwe050c17.o [1]
ld_clust                0x08033f39     0x28  Code  Lc  ff.o [1]
localeconv              0x0803aaef     0x16  Code  Gb  localeconv.o [3]
m_ctrl_dev              0x2001ede0      0x8  Data  Gb  modbus.o [1]
main                    0x08040761     0x34  Code  Gb  main.o [1]
mallco_dev              0x20000160     0x1c  Data  Gb  malloc.o [1]
mb_init                 0x08035a81     0x30  Code  Gb  modbus.o [1]
mb_packsend_frame       0x0803598f     0xf2  Code  Gb  modbus.o [1]
mb_unpack_frame         0x0803584d    0x142  Code  Gb  modbus.o [1]
mc_check_crc16          0x08039f71     0x40  Code  Gb  mcheck.o [1]
mc_check_crc8           0x08039f4d     0x24  Code  Gb  mcheck.o [1]
mc_check_sum            0x08039f05     0x2e  Code  Gb  mcheck.o [1]
mc_check_xor            0x08039f33     0x1a  Code  Gb  mcheck.o [1]
mem1base                0x200119cc   0xa000  Data  Gb  malloc.o [1]
mem1mapbase             0x2001c9cc    0xa00  Data  Gb  malloc.o [1]
mem2base                0x68000000  0xf0000  Data  Gb  malloc.o [1]
mem2mapbase             0x680f0000   0xf000  Data  Gb  malloc.o [1]
mem_cmp                 0x0803351b     0x24  Code  Lc  ff.o [1]
mem_cpy                 0x080334e9     0x1c  Code  Lc  ff.o [1]
mem_set                 0x08033505     0x16  Code  Lc  ff.o [1]
memblksize              0x080412a4      0x8  Data  Gb  malloc.o [1]
memchr                  0x0803a7b9           Code  Gb  memchr.o [5]
memsize                 0x080412ac      0x8  Data  Gb  malloc.o [1]
memtblsize              0x0804129c      0x8  Data  Gb  malloc.o [1]
modbus_send_frame       0x08035ab1     0xe6  Code  Gb  modbus.o [1]
move_window             0x080337dd     0x40  Code  Lc  ff.o [1]
my_mem_free             0x08031d83     0x6c  Code  Gb  malloc.o [1]
my_mem_init             0x08031c47     0x42  Code  Gb  malloc.o [1]
my_mem_malloc           0x08031cc7     0xbc  Code  Gb  malloc.o [1]
my_mem_perused          0x08031c89     0x3e  Code  Gb  malloc.o [1]
myfree                  0x08031def     0x24  Code  Gb  malloc.o [1]
mymalloc                0x08031e13     0x2a  Code  Gb  malloc.o [1]
mymemset                0x08031c31     0x16  Code  Gb  malloc.o [1]
obuf                    0x2001eab0     0x50  Data  Lc  xfiles.o [3]
oem2uni                 0x0801560c  0x15484  Data  Lc  cc936.o [1]
old_card_record         0x2001ef01      0x1  Data  Gb  apptask.o [1]
old_isWork              0x2001eefe      0x1  Data  Gb  apptask.o [1]
old_plan_complete       0x2001ef0b      0x1  Data  Gb  product_cal.o [1]
para_init               0x0803fa45     0x80  Code  Gb  para.o [1]
pcInterruptPriorityRegisters
                        0x080412e0      0x4  Data  Lc  port.o [1]
peiliao_para            0x2001eb80     0x2c  Data  Gb  product_cal.o [1]
pick_lfn                0x0803402f     0x8c  Code  Lc  ff.o [1]
plan_complete           0x2001ef0a      0x1  Data  Gb  product_cal.o [1]
pluse_count             0x2001eee6      0x2  Data  Gb  apptask.o [1]
printf                  0x08031bc9     0x24  Code  Gb  printf.o [3]
product_complete_kilo   0x080313a1     0x30  Code  Gb  product_cal.o [1]
product_complete_meter  0x0803138f     0x12  Code  Gb  product_cal.o [1]
product_para            0x2001ebd4     0x28  Data  Gb  product_cal.o [1]
product_per_meter       0x080312fd     0x78  Code  Gb  product_cal.o [1]
prvAddCurrentTaskToDelayedList
                        0x0802f645     0x48  Code  Lc  tasks.o [1]
prvAllocateTCBAndStack  0x0802f68d     0x5a  Code  Lc  tasks.o [1]
prvCheckForValidListAndQueue
                        0x08036ceb     0x52  Code  Lc  timers.o [1]
prvCheckTasksWaitingTermination
                        0x0802f5db     0x66  Code  Lc  tasks.o [1]
prvCopyDataFromQueue    0x0802fe75     0x30  Code  Lc  queue.o [1]
prvCopyDataToQueue      0x0802fdf1     0x84  Code  Lc  queue.o [1]
prvDeleteTCB            0x0802f6e7     0x12  Code  Lc  tasks.o [1]
prvGetNextExpireTime    0x08036ad7     0x2e  Code  Lc  timers.o [1]
prvHeapInit             0x080371d9     0x6e  Code  Lc  heap_4.o [1]
prvIdleTask             0x0802f4f5     0x26  Code  Lc  tasks.o [1]
prvInitialiseTCBVariables
                        0x0802f51b     0x6a  Code  Lc  tasks.o [1]
prvInitialiseTaskLists  0x0802f585     0x56  Code  Lc  tasks.o [1]
prvInsertBlockIntoFreeList
                        0x08037247     0x62  Code  Lc  heap_4.o [1]
prvInsertTimerInActiveList
                        0x08036b2d     0x50  Code  Lc  timers.o [1]
prvIsQueueEmpty         0x0802ff0f     0x20  Code  Lc  queue.o [1]
prvIsQueueFull          0x0802ff2f     0x22  Code  Lc  queue.o [1]
prvProcessExpiredTimer  0x080369ef     0x5c  Code  Lc  timers.o [1]
prvProcessReceivedCommands
                        0x08036b7d     0xde  Code  Lc  timers.o [1]
prvProcessTimerOrBlockTask
                        0x08036a67     0x70  Code  Lc  timers.o [1]
prvResetNextTaskUnblockTime
                        0x0802f6f9     0x26  Code  Lc  tasks.o [1]
prvSampleTimeNow        0x08036b05     0x28  Code  Lc  timers.o [1]
prvSwitchTimerLists     0x08036c5b     0x90  Code  Lc  timers.o [1]
prvTaskExitError        0x08036d89     0x2a  Code  Lc  port.o [1]
prvTestWaitCondition    0x08036893     0x24  Code  Lc  event_groups.o [1]
prvTimerTask            0x08036a4d     0x1a  Code  Lc  timers.o [1]
prvUnlockQueue          0x0802fea5     0x6a  Code  Lc  queue.o [1]
put_fat                 0x08033a2b    0x16c  Code  Gb  ff.o [1]
putchar                 0x08040f01      0xc  Code  Gb  putchar.o [3]
pvPortMalloc            0x08037049    0x118  Code  Gb  heap_4.o [1]
pwm_flag                0x2001ef04      0x1  Data  Gb  apptask.o [1]
pxCurrentTCB            0x2001ee84      0x4  Data  Gb  tasks.o [1]
pxCurrentTimerList      0x2001eec4      0x4  Data  Lc  timers.o [1]
pxDelayedTaskList       0x2001ee88      0x4  Data  Lc  tasks.o [1]
pxEnd                   0x2001ee64      0x4  Data  Lc  heap_4.o [1]
pxOverflowDelayedTaskList
                        0x2001ee8c      0x4  Data  Lc  tasks.o [1]
pxOverflowTimerList     0x2001eec8      0x4  Data  Lc  timers.o [1]
pxPortInitialiseStack   0x08036d65     0x24  Code  Gb  port.o [1]
pxReadyTasksLists       0x2001e63c     0xc8  Data  Lc  tasks.o [1]
rc522_cmd_anticoll      0x080357f1     0x5a  Code  Gb  rc522.o [1]
rc522_cmd_request       0x0803579d     0x54  Code  Gb  rc522.o [1]
readSlave               0x2001ed9c      0xc  Data  Gb  apptask.o [1]
read_device_info        0x0803f839    0x20c  Code  Gb  para.o [1]
read_file_select        0x2001edcc      0xc  Data  Gb  protocol.o [1]
remove_chain            0x08033b97     0x76  Code  Lc  ff.o [1]
rfid_rev_buf            0x2001eca0     0x14  Data  Gb  rc522.o [1]
rfid_rev_cnt            0x2001ef0f      0x1  Data  Gb  rc522.o [1]
rfid_rev_flag           0x2001ef0e      0x1  Data  Gb  rc522.o [1]
rtc_time                0x2001ede8      0x8  Data  Gb  protocol.o [1]
s_TIM_CallBack1         0x2001ee4c      0x4  Data  Lc  bsp_timer.o [1]
s_TIM_CallBack2         0x2001ee50      0x4  Data  Lc  bsp_timer.o [1]
s_TIM_CallBack3         0x2001ee54      0x4  Data  Lc  bsp_timer.o [1]
s_TIM_CallBack4         0x2001ee58      0x4  Data  Lc  bsp_timer.o [1]
sample_time             0x2001eee4      0x2  Data  Gb  apptask.o [1]
sdew_weimi_page1        0x08030c11    0x236  Code  Gb  bsp_sdwe050c17.o [1]
sdew_weimi_page2        0x08030e47    0x236  Code  Gb  bsp_sdwe050c17.o [1]
sdew_weisha_page1       0x0803107d     0x92  Code  Gb  bsp_sdwe050c17.o [1]
sdew_weisha_page2       0x0803110f     0x92  Code  Gb  bsp_sdwe050c17.o [1]
slave_info              0x2001ed90      0xc  Data  Gb  apptask.o [1]
sprintf                 0x0803574d     0x34  Code  Gb  sprintf.o [3]
st_clust                0x08033f61     0x18  Code  Lc  ff.o [1]
strcat                  0x08035781     0x1c  Code  Gb  strcat.o [3]
strchr                  0x0803a7a1           Code  Gb  strchr.o [5]
strlen                  0x08032b35           Code  Gb  strlen.o [5]
strstr                  0x08035c4d     0x10  Code  Gb  apptask.o [1]
sum_sfn                 0x08034235     0x20  Code  Lc  ff.o [1]
sync_fs                 0x0803381d     0xd8  Code  Lc  ff.o [1]
sync_window             0x08033783     0x5a  Code  Lc  ff.o [1]
system_state_dis        0x0803fd2c    0x190  Data  Gb  product_cal.o [1]
total_meter_gross       0x2001ee78      0x4  Data  Gb  product_cal.o [1]
total_weight_gross      0x2001ee7c      0x4  Data  Gb  product_cal.o [1]
ucHeap                  0x200001cc  0x11800  Data  Lc  heap_4.o [1]
ucMaxSysCallPriority    0x2001ef09      0x1  Data  Lc  port.o [1]
ulHighFrequencyTimerTicks
                        0x2001ee80      0x4  Data  Gb  SysInfoTest.o [1]
ulMaxPRIGROUPValue      0x2001ee74      0x4  Data  Lc  port.o [1]
ulTaskSwitchedInTime    0x2001eebc      0x4  Data  Lc  tasks.o [1]
ulTotalRunTime          0x2001eec0      0x4  Data  Lc  tasks.o [1]
uni2oem                 0x08000188  0x15484  Data  Lc  cc936.o [1]
usb_disk_flag           0x2001eeff      0x1  Data  Gb  apptask.o [1]
usbh_OpenMassStorage    0x08032bd1     0x14  Code  Gb  usbh_usr.o [1]
uxCriticalNesting       0x200001bc      0x4  Data  Lc  port.o [1]
uxCurrentNumberOfTasks  0x2001ee94      0x4  Data  Lc  tasks.o [1]
uxListRemove            0x08037021     0x28  Code  Gb  list.o [1]
uxPendedTicks           0x2001eea4      0x4  Data  Lc  tasks.o [1]
uxSchedulerSuspended    0x2001eeb8      0x4  Data  Lc  tasks.o [1]
uxTaskNumber            0x2001eeb0      0x4  Data  Lc  tasks.o [1]
uxTaskResetEventItemValue
                        0x0802f759     0x20  Code  Gb  tasks.o [1]
uxTasksDeleted          0x2001ee90      0x4  Data  Lc  tasks.o [1]
uxTopReadyPriority      0x2001ee9c      0x4  Data  Lc  tasks.o [1]
vListInitialise         0x08036fb1     0x1e  Code  Gb  list.o [1]
vListInsert             0x08036fe7     0x3a  Code  Gb  list.o [1]
vListInsertEnd          0x08036fcf     0x18  Code  Gb  list.o [1]
vPortEnableVFP          0x0803a4bd           Code  Gb  portasm.o [1]
vPortEnterCritical      0x08036e7f     0x3a  Code  Gb  port.o [1]
vPortExitCritical       0x08036eb9     0x32  Code  Gb  port.o [1]
vPortFree               0x08037161     0x78  Code  Gb  heap_4.o [1]
vPortSetupTimerInterrupt
                        0x08036f17      0xe  Code  Wk  port.o [1]
vPortStartFirstTask     0x0803a4a5           Code  Gb  portasm.o [1]
vPortValidateInterruptPriority
                        0x08036f25     0x4e  Code  Gb  port.o [1]
vQueueWaitForMessageRestricted
                        0x0802ff51     0x44  Code  Gb  queue.o [1]
vSetupSysInfoTest       0x080406b5     0x12  Code  Gb  SysInfoTest.o [1]
vTaskDelay              0x0802ed51     0x84  Code  Gb  tasks.o [1]
vTaskManageCapacity     0x0802de55    0x5b0  Code  Gb  apptask.o [1]
vTaskMassStorage        0x0802d0ad    0x23c  Code  Lc  apptask.o [1]
vTaskMissedYield        0x0802f4eb      0xa  Code  Gb  tasks.o [1]
vTaskMotorControl       0x0802e409    0x130  Code  Lc  apptask.o [1]
vTaskMsgPro             0x0802d725    0x426  Code  Lc  apptask.o [1]
vTaskPlaceOnEventList   0x0802f151     0x74  Code  Gb  tasks.o [1]
vTaskPlaceOnEventListRestricted
                        0x0802f289     0x80  Code  Gb  tasks.o [1]
vTaskPlaceOnUnorderedEventList
                        0x0802f1e1     0xa8  Code  Gb  tasks.o [1]
vTaskReadDisk           0x0802dc21    0x1b4  Code  Lc  apptask.o [1]
vTaskRev485             0x0802db55     0xae  Code  Lc  apptask.o [1]
vTaskSetTimeOutState    0x0802f435     0x26  Code  Gb  tasks.o [1]
vTaskStartScheduler     0x0802edd5     0x7e  Code  Gb  tasks.o [1]
vTaskSuspendAll         0x0802ee53     0x10  Code  Gb  tasks.o [1]
vTaskSwitchContext      0x0802f0a1     0xb0  Code  Gb  tasks.o [1]
vTaskTaskLCD            0x0802aa91   0x260a  Code  Gb  apptask.o [1]
vTaskTaskLED            0x0802d321     0x14  Code  Lc  apptask.o [1]
vTaskTaskRFID           0x0802d335    0x3c6  Code  Lc  apptask.o [1]
validate                0x08034fdb     0x36  Code  Lc  ff.o [1]
weimi_para              0x2001e524    0x118  Data  Gb  page_weimi.o [1]
work_idle               0x2001ef0c      0x1  Data  Gb  product_cal.o [1]
work_idle_time          0x2001eef6      0x2  Data  Gb  product_cal.o [1]
xActiveTimerList1       0x2001ed18     0x14  Data  Lc  timers.o [1]
xActiveTimerList2       0x2001ed2c     0x14  Data  Lc  timers.o [1]
xBlockAllocatedBit      0x2001ee70      0x4  Data  Lc  heap_4.o [1]
xDelayedTaskList1       0x2001ecb4     0x14  Data  Lc  tasks.o [1]
xDelayedTaskList2       0x2001ecc8     0x14  Data  Lc  tasks.o [1]
xEventGroupCreate       0x08036655     0x1c  Code  Gb  event_groups.o [1]
xEventGroupSetBits      0x080367bd     0xd6  Code  Gb  event_groups.o [1]
xEventGroupWaitBits     0x08036671    0x146  Code  Gb  event_groups.o [1]
xFreeBytesRemaining     0x2001ee68      0x4  Data  Lc  heap_4.o [1]
xHandleTaskLCD          0x2001edf0      0x4  Data  Gb  apptask.o [1]
xHandleTaskLED          0x2001edf4      0x4  Data  Gb  apptask.o [1]
xHandleTaskManageCapacity
                        0x2001ee0c      0x4  Data  Gb  apptask.o [1]
xHandleTaskMassStorage  0x2001edfc      0x4  Data  Gb  apptask.o [1]
xHandleTaskMotorControl
                        0x2001ee10      0x4  Data  Gb  apptask.o [1]
xHandleTaskMsgPro       0x2001ee04      0x4  Data  Gb  apptask.o [1]
xHandleTaskRFID         0x2001edf8      0x4  Data  Gb  apptask.o [1]
xHandleTaskReadDisk     0x2001ee00      0x4  Data  Gb  apptask.o [1]
xHandleTaskRev485       0x2001ee08      0x4  Data  Gb  apptask.o [1]
xHeapStructSize         0x080412dc      0x4  Data  Lc  heap_4.o [1]
xMinimumEverFreeBytesRemaining
                        0x2001ee6c      0x4  Data  Lc  heap_4.o [1]
xNextTaskUnblockTime    0x2001eeb4      0x4  Data  Lc  tasks.o [1]
xNumOfOverflows         0x2001eeac      0x4  Data  Lc  tasks.o [1]
xPendingReadyList       0x2001ecdc     0x14  Data  Lc  tasks.o [1]
xPortStartScheduler     0x08036db3     0xcc  Code  Gb  port.o [1]
xQueueGenericCreate     0x0802f85d     0x7e  Code  Gb  queue.o [1]
xQueueGenericReceive    0x0802fc51    0x19c  Code  Gb  queue.o [1]
xQueueGenericReset      0x0802f7cd     0x90  Code  Gb  queue.o [1]
xQueueGenericSend       0x0802f8db    0x1b2  Code  Gb  queue.o [1]
xQueueGenericSendFromISR
                        0x0802fa8d     0xec  Code  Gb  queue.o [1]
xQueueGiveFromISR       0x0802fb79     0xd8  Code  Gb  queue.o [1]
xQueue_message          0x2001ee34      0x4  Data  Gb  apptask.o [1]
xSchedulerRunning       0x2001eea0      0x4  Data  Lc  tasks.o [1]
xSemaphore_download     0x2001ee24      0x4  Data  Gb  apptask.o [1]
xSemaphore_encoder      0x2001ee20      0x4  Data  Gb  apptask.o [1]
xSemaphore_lcd          0x2001ee14      0x4  Data  Gb  apptask.o [1]
xSemaphore_pluse        0x2001ee1c      0x4  Data  Gb  apptask.o [1]
xSemaphore_readDisk     0x2001ee28      0x4  Data  Gb  apptask.o [1]
xSemaphore_rs485        0x2001ee18      0x4  Data  Gb  apptask.o [1]
xStart                  0x2001edd8      0x8  Data  Lc  heap_4.o [1]
xSuspendedTaskList      0x2001ed04     0x14  Data  Lc  tasks.o [1]
xTaskCheckForTimeOut    0x0802f461     0x8a  Code  Gb  tasks.o [1]
xTaskGenericCreate      0x0802ebcd    0x184  Code  Gb  tasks.o [1]
xTaskGetSchedulerState  0x0802f71f     0x26  Code  Gb  tasks.o [1]
xTaskGetTickCount       0x0802ef63      0xa  Code  Gb  tasks.o [1]
xTaskIncrementTick      0x0802ef6d    0x134  Code  Gb  tasks.o [1]
xTaskRemoveFromEventList
                        0x0802f30d     0x8e  Code  Gb  tasks.o [1]
xTaskRemoveFromUnorderedEventList
                        0x0802f3a1     0x94  Code  Gb  tasks.o [1]
xTaskResumeAll          0x0802ee63    0x100  Code  Gb  tasks.o [1]
xTasksWaitingTermination
                        0x2001ecf0     0x14  Data  Lc  tasks.o [1]
xTickCount              0x2001ee98      0x4  Data  Lc  tasks.o [1]
xTimerCreate            0x08036909     0x62  Code  Gb  timers.o [1]
xTimerCreateTimerTask   0x080368b9     0x50  Code  Gb  timers.o [1]
xTimerGenericCommand    0x0803696b     0x84  Code  Gb  timers.o [1]
xTimerQueue             0x2001eecc      0x4  Data  Lc  timers.o [1]
xTimerUser              0x2001ee30      0x4  Data  Gb  apptask.o [1]
xYieldPending           0x2001eea8      0x4  Data  Lc  tasks.o [1]


[1] = E:\WORK\YarnControl_Driver\YarnControl_Driver\src\stm32f4_rtos\Project\EWARMv7\Flash\Obj
[2] = command line
[3] = dl7M_tlf.a
[4] = m7M_tls.a
[5] = rt7M_tl.a
[6] = shb_l.a

   86 508 bytes of readonly  code memory
  181 029 bytes of readonly  data memory
  128 789 bytes of readwrite data memory (+ 1 044 480 absolute)

Errors: none
Warnings: none
