###############################################################################
#
# IAR ELF Linker V7.40.7.9843/W32 for ARM                 25/Jan/2019  00:12:38
# Copyright 2007-2015 IAR Systems AB.
#
#    Output file  =  
#        E:\WORK\YarnControl_Driver\YarnControl_Driver\src\stm32f4_rtos\Project\EWARMv7\Flash\Exe\project.out
#    Map file     =  
#        E:\WORK\YarnControl_Driver\YarnControl_Driver\src\stm32f4_rtos\Project\EWARMv7\Flash\List\project.map
#    Command line =  
#        E:\WORK\YarnControl_Driver\YarnControl_Driver\src\stm32f4_rtos\Project\EWARMv7\Flash\Obj\apptask.o
#        E:\WORK\YarnControl_Driver\YarnControl_Driver\src\stm32f4_rtos\Project\EWARMv7\Flash\Obj\bsp.o
#        E:\WORK\YarnControl_Driver\YarnControl_Driver\src\stm32f4_rtos\Project\EWARMv7\Flash\Obj\bsp_closeSW.o
#        E:\WORK\YarnControl_Driver\YarnControl_Driver\src\stm32f4_rtos\Project\EWARMv7\Flash\Obj\bsp_dwt.o
#        E:\WORK\YarnControl_Driver\YarnControl_Driver\src\stm32f4_rtos\Project\EWARMv7\Flash\Obj\bsp_led.o
#        E:\WORK\YarnControl_Driver\YarnControl_Driver\src\stm32f4_rtos\Project\EWARMv7\Flash\Obj\bsp_relay.o
#        E:\WORK\YarnControl_Driver\YarnControl_Driver\src\stm32f4_rtos\Project\EWARMv7\Flash\Obj\bsp_sdio_sd.o
#        E:\WORK\YarnControl_Driver\YarnControl_Driver\src\stm32f4_rtos\Project\EWARMv7\Flash\Obj\bsp_sdwe050c17.o
#        E:\WORK\YarnControl_Driver\YarnControl_Driver\src\stm32f4_rtos\Project\EWARMv7\Flash\Obj\bsp_servomotor.o
#        E:\WORK\YarnControl_Driver\YarnControl_Driver\src\stm32f4_rtos\Project\EWARMv7\Flash\Obj\bsp_spi.o
#        E:\WORK\YarnControl_Driver\YarnControl_Driver\src\stm32f4_rtos\Project\EWARMv7\Flash\Obj\bsp_stepmotor.o
#        E:\WORK\YarnControl_Driver\YarnControl_Driver\src\stm32f4_rtos\Project\EWARMv7\Flash\Obj\bsp_sw_onoff.o
#        E:\WORK\YarnControl_Driver\YarnControl_Driver\src\stm32f4_rtos\Project\EWARMv7\Flash\Obj\bsp_tim_pwm.o
#        E:\WORK\YarnControl_Driver\YarnControl_Driver\src\stm32f4_rtos\Project\EWARMv7\Flash\Obj\bsp_timer.o
#        E:\WORK\YarnControl_Driver\YarnControl_Driver\src\stm32f4_rtos\Project\EWARMv7\Flash\Obj\bsp_uart_fifo.o
#        E:\WORK\YarnControl_Driver\YarnControl_Driver\src\stm32f4_rtos\Project\EWARMv7\Flash\Obj\bsp_w25qxx.o
#        E:\WORK\YarnControl_Driver\YarnControl_Driver\src\stm32f4_rtos\Project\EWARMv7\Flash\Obj\bsp_watchdog.o
#        E:\WORK\YarnControl_Driver\YarnControl_Driver\src\stm32f4_rtos\Project\EWARMv7\Flash\Obj\cc936.o
#        E:\WORK\YarnControl_Driver\YarnControl_Driver\src\stm32f4_rtos\Project\EWARMv7\Flash\Obj\croutine.o
#        E:\WORK\YarnControl_Driver\YarnControl_Driver\src\stm32f4_rtos\Project\EWARMv7\Flash\Obj\demo_fatfs.o
#        E:\WORK\YarnControl_Driver\YarnControl_Driver\src\stm32f4_rtos\Project\EWARMv7\Flash\Obj\diskio.o
#        E:\WORK\YarnControl_Driver\YarnControl_Driver\src\stm32f4_rtos\Project\EWARMv7\Flash\Obj\encoder.o
#        E:\WORK\YarnControl_Driver\YarnControl_Driver\src\stm32f4_rtos\Project\EWARMv7\Flash\Obj\event_groups.o
#        E:\WORK\YarnControl_Driver\YarnControl_Driver\src\stm32f4_rtos\Project\EWARMv7\Flash\Obj\ff.o
#        E:\WORK\YarnControl_Driver\YarnControl_Driver\src\stm32f4_rtos\Project\EWARMv7\Flash\Obj\heap_4.o
#        E:\WORK\YarnControl_Driver\YarnControl_Driver\src\stm32f4_rtos\Project\EWARMv7\Flash\Obj\list.o
#        E:\WORK\YarnControl_Driver\YarnControl_Driver\src\stm32f4_rtos\Project\EWARMv7\Flash\Obj\main.o
#        E:\WORK\YarnControl_Driver\YarnControl_Driver\src\stm32f4_rtos\Project\EWARMv7\Flash\Obj\malloc.o
#        E:\WORK\YarnControl_Driver\YarnControl_Driver\src\stm32f4_rtos\Project\EWARMv7\Flash\Obj\mcheck.o
#        E:\WORK\YarnControl_Driver\YarnControl_Driver\src\stm32f4_rtos\Project\EWARMv7\Flash\Obj\misc.o
#        E:\WORK\YarnControl_Driver\YarnControl_Driver\src\stm32f4_rtos\Project\EWARMv7\Flash\Obj\modbus.o
#        E:\WORK\YarnControl_Driver\YarnControl_Driver\src\stm32f4_rtos\Project\EWARMv7\Flash\Obj\page_weimi.o
#        E:\WORK\YarnControl_Driver\YarnControl_Driver\src\stm32f4_rtos\Project\EWARMv7\Flash\Obj\para.o
#        E:\WORK\YarnControl_Driver\YarnControl_Driver\src\stm32f4_rtos\Project\EWARMv7\Flash\Obj\port.o
#        E:\WORK\YarnControl_Driver\YarnControl_Driver\src\stm32f4_rtos\Project\EWARMv7\Flash\Obj\portasm.o
#        E:\WORK\YarnControl_Driver\YarnControl_Driver\src\stm32f4_rtos\Project\EWARMv7\Flash\Obj\product_cal.o
#        E:\WORK\YarnControl_Driver\YarnControl_Driver\src\stm32f4_rtos\Project\EWARMv7\Flash\Obj\protocol.o
#        E:\WORK\YarnControl_Driver\YarnControl_Driver\src\stm32f4_rtos\Project\EWARMv7\Flash\Obj\queue.o
#        E:\WORK\YarnControl_Driver\YarnControl_Driver\src\stm32f4_rtos\Project\EWARMv7\Flash\Obj\rc522.o
#        E:\WORK\YarnControl_Driver\YarnControl_Driver\src\stm32f4_rtos\Project\EWARMv7\Flash\Obj\startup_stm32f40_41xxx.o
#        E:\WORK\YarnControl_Driver\YarnControl_Driver\src\stm32f4_rtos\Project\EWARMv7\Flash\Obj\stm32f4xx_adc.o
#        E:\WORK\YarnControl_Driver\YarnControl_Driver\src\stm32f4_rtos\Project\EWARMv7\Flash\Obj\stm32f4xx_assert.o
#        E:\WORK\YarnControl_Driver\YarnControl_Driver\src\stm32f4_rtos\Project\EWARMv7\Flash\Obj\stm32f4xx_can.o
#        E:\WORK\YarnControl_Driver\YarnControl_Driver\src\stm32f4_rtos\Project\EWARMv7\Flash\Obj\stm32f4xx_crc.o
#        E:\WORK\YarnControl_Driver\YarnControl_Driver\src\stm32f4_rtos\Project\EWARMv7\Flash\Obj\stm32f4xx_cryp.o
#        E:\WORK\YarnControl_Driver\YarnControl_Driver\src\stm32f4_rtos\Project\EWARMv7\Flash\Obj\stm32f4xx_cryp_aes.o
#        E:\WORK\YarnControl_Driver\YarnControl_Driver\src\stm32f4_rtos\Project\EWARMv7\Flash\Obj\stm32f4xx_cryp_des.o
#        E:\WORK\YarnControl_Driver\YarnControl_Driver\src\stm32f4_rtos\Project\EWARMv7\Flash\Obj\stm32f4xx_cryp_tdes.o
#        E:\WORK\YarnControl_Driver\YarnControl_Driver\src\stm32f4_rtos\Project\EWARMv7\Flash\Obj\stm32f4xx_dac.o
#        E:\WORK\YarnControl_Driver\YarnControl_Driver\src\stm32f4_rtos\Project\EWARMv7\Flash\Obj\stm32f4xx_dbgmcu.o
#        E:\WORK\YarnControl_Driver\YarnControl_Driver\src\stm32f4_rtos\Project\EWARMv7\Flash\Obj\stm32f4xx_dcmi.o
#        E:\WORK\YarnControl_Driver\YarnControl_Driver\src\stm32f4_rtos\Project\EWARMv7\Flash\Obj\stm32f4xx_dma.o
#        E:\WORK\YarnControl_Driver\YarnControl_Driver\src\stm32f4_rtos\Project\EWARMv7\Flash\Obj\stm32f4xx_dma2d.o
#        E:\WORK\YarnControl_Driver\YarnControl_Driver\src\stm32f4_rtos\Project\EWARMv7\Flash\Obj\stm32f4xx_exti.o
#        E:\WORK\YarnControl_Driver\YarnControl_Driver\src\stm32f4_rtos\Project\EWARMv7\Flash\Obj\stm32f4xx_flash.o
#        E:\WORK\YarnControl_Driver\YarnControl_Driver\src\stm32f4_rtos\Project\EWARMv7\Flash\Obj\stm32f4xx_fsmc.o
#        E:\WORK\YarnControl_Driver\YarnControl_Driver\src\stm32f4_rtos\Project\EWARMv7\Flash\Obj\stm32f4xx_gpio.o
#        E:\WORK\YarnControl_Driver\YarnControl_Driver\src\stm32f4_rtos\Project\EWARMv7\Flash\Obj\stm32f4xx_hash.o
#        E:\WORK\YarnControl_Driver\YarnControl_Driver\src\stm32f4_rtos\Project\EWARMv7\Flash\Obj\stm32f4xx_hash_md5.o
#        E:\WORK\YarnControl_Driver\YarnControl_Driver\src\stm32f4_rtos\Project\EWARMv7\Flash\Obj\stm32f4xx_hash_sha1.o
#        E:\WORK\YarnControl_Driver\YarnControl_Driver\src\stm32f4_rtos\Project\EWARMv7\Flash\Obj\stm32f4xx_i2c.o
#        E:\WORK\YarnControl_Driver\YarnControl_Driver\src\stm32f4_rtos\Project\EWARMv7\Flash\Obj\stm32f4xx_it.o
#        E:\WORK\YarnControl_Driver\YarnControl_Driver\src\stm32f4_rtos\Project\EWARMv7\Flash\Obj\stm32f4xx_iwdg.o
#        E:\WORK\YarnControl_Driver\YarnControl_Driver\src\stm32f4_rtos\Project\EWARMv7\Flash\Obj\stm32f4xx_ltdc.o
#        E:\WORK\YarnControl_Driver\YarnControl_Driver\src\stm32f4_rtos\Project\EWARMv7\Flash\Obj\stm32f4xx_pwr.o
#        E:\WORK\YarnControl_Driver\YarnControl_Driver\src\stm32f4_rtos\Project\EWARMv7\Flash\Obj\stm32f4xx_rcc.o
#        E:\WORK\YarnControl_Driver\YarnControl_Driver\src\stm32f4_rtos\Project\EWARMv7\Flash\Obj\stm32f4xx_rng.o
#        E:\WORK\YarnControl_Driver\YarnControl_Driver\src\stm32f4_rtos\Project\EWARMv7\Flash\Obj\stm32f4xx_rtc.o
#        E:\WORK\YarnControl_Driver\YarnControl_Driver\src\stm32f4_rtos\Project\EWARMv7\Flash\Obj\stm32f4xx_sai.o
#        E:\WORK\YarnControl_Driver\YarnControl_Driver\src\stm32f4_rtos\Project\EWARMv7\Flash\Obj\stm32f4xx_sdio.o
#        E:\WORK\YarnControl_Driver\YarnControl_Driver\src\stm32f4_rtos\Project\EWARMv7\Flash\Obj\stm32f4xx_spi.o
#        E:\WORK\YarnControl_Driver\YarnControl_Driver\src\stm32f4_rtos\Project\EWARMv7\Flash\Obj\stm32f4xx_syscfg.o
#        E:\WORK\YarnControl_Driver\YarnControl_Driver\src\stm32f4_rtos\Project\EWARMv7\Flash\Obj\stm32f4xx_tim.o
#        E:\WORK\YarnControl_Driver\YarnControl_Driver\src\stm32f4_rtos\Project\EWARMv7\Flash\Obj\stm32f4xx_usart.o
#        E:\WORK\YarnControl_Driver\YarnControl_Driver\src\stm32f4_rtos\Project\EWARMv7\Flash\Obj\stm32f4xx_wwdg.o
#        E:\WORK\YarnControl_Driver\YarnControl_Driver\src\stm32f4_rtos\Project\EWARMv7\Flash\Obj\SysInfoTest.o
#        E:\WORK\YarnControl_Driver\YarnControl_Driver\src\stm32f4_rtos\Project\EWARMv7\Flash\Obj\system_stm32f4xx.o
#        E:\WORK\YarnControl_Driver\YarnControl_Driver\src\stm32f4_rtos\Project\EWARMv7\Flash\Obj\tasks.o
#        E:\WORK\YarnControl_Driver\YarnControl_Driver\src\stm32f4_rtos\Project\EWARMv7\Flash\Obj\timers.o
#        E:\WORK\YarnControl_Driver\YarnControl_Driver\src\stm32f4_rtos\Project\EWARMv7\Flash\Obj\usb_bsp.o
#        E:\WORK\YarnControl_Driver\YarnControl_Driver\src\stm32f4_rtos\Project\EWARMv7\Flash\Obj\usb_core.o
#        E:\WORK\YarnControl_Driver\YarnControl_Driver\src\stm32f4_rtos\Project\EWARMv7\Flash\Obj\usb_hcd.o
#        E:\WORK\YarnControl_Driver\YarnControl_Driver\src\stm32f4_rtos\Project\EWARMv7\Flash\Obj\usb_hcd_int.o
#        E:\WORK\YarnControl_Driver\YarnControl_Driver\src\stm32f4_rtos\Project\EWARMv7\Flash\Obj\usbh_core.o
#        E:\WORK\YarnControl_Driver\YarnControl_Driver\src\stm32f4_rtos\Project\EWARMv7\Flash\Obj\usbh_hcs.o
#        E:\WORK\YarnControl_Driver\YarnControl_Driver\src\stm32f4_rtos\Project\EWARMv7\Flash\Obj\usbh_ioreq.o
#        E:\WORK\YarnControl_Driver\YarnControl_Driver\src\stm32f4_rtos\Project\EWARMv7\Flash\Obj\usbh_it.o
#        E:\WORK\YarnControl_Driver\YarnControl_Driver\src\stm32f4_rtos\Project\EWARMv7\Flash\Obj\usbh_msc_bot.o
#        E:\WORK\YarnControl_Driver\YarnControl_Driver\src\stm32f4_rtos\Project\EWARMv7\Flash\Obj\usbh_msc_core.o
#        E:\WORK\YarnControl_Driver\YarnControl_Driver\src\stm32f4_rtos\Project\EWARMv7\Flash\Obj\usbh_msc_scsi.o
#        E:\WORK\YarnControl_Driver\YarnControl_Driver\src\stm32f4_rtos\Project\EWARMv7\Flash\Obj\usbh_stdreq.o
#        E:\WORK\YarnControl_Driver\YarnControl_Driver\src\stm32f4_rtos\Project\EWARMv7\Flash\Obj\usbh_usr.o
#        -o
#        E:\WORK\YarnControl_Driver\YarnControl_Driver\src\stm32f4_rtos\Project\EWARMv7\Flash\Exe\project.out
#        --map
#        E:\WORK\YarnControl_Driver\YarnControl_Driver\src\stm32f4_rtos\Project\EWARMv7\Flash\List\project.map
#        --config
#        E:\WORK\YarnControl_Driver\YarnControl_Driver\src\stm32f4_rtos\Project\EWARMv7\stm32f4xx_flash.icf
#        --semihosting --entry __iar_program_start --inline --vfe
#
###############################################################################

*******************************************************************************
*** RUNTIME MODEL ATTRIBUTES
***

CppFlavor       = *
__SystemLibrary = DLib


*******************************************************************************
*** PLACEMENT SUMMARY
***

"A1":  place at 0x08000000 { ro section .intvec };
"P1":  place in [from 0x08000000 to 0x080fffff] { ro };
"P2":  place in [from 0x20000000 to 0x2001ffff] { rw, block CSTACK, block HEAP };

  Section             Kind        Address     Size  Object
  -------             ----        -------     ----  ------
"A1":                                        0x188
  .intvec             ro code  0x08000000    0x188  startup_stm32f40_41xxx.o [1]
                             - 0x08000188    0x188

"P1":                                      0x41531
  .rodata             const    0x08000188  0x15484  cc936.o [1]
  .rodata             const    0x0801560c  0x15484  cc936.o [1]
  .text               ro code  0x0802aa90   0x41a8  apptask.o [1]
  .text               ro code  0x0802ec38    0xc00  tasks.o [1]
  .text               ro code  0x0802f838    0x7c8  queue.o [1]
  .text               ro code  0x08030000   0x1258  bsp_sdwe050c17.o [1]
  .text               ro code  0x08031258    0x524  product_cal.o [1]
  .text               ro code  0x0803177c     0x66  ABImemset.o [5]
  .text               ro code  0x080317e2      0xa  xsprout.o [3]
  .text               ro code  0x080317ec    0x380  bsp_w25qxx.o [1]
  .text               ro code  0x08031b6c     0x76  ABImemcpy_unaligned.o [5]
  .text               ro code  0x08031be4     0x4e  FltToDbl.o [4]
  .text               ro code  0x08031c34     0x24  printf.o [3]
  .text               ro code  0x08031c58     0x42  strcmp_unaligned.o [5]
  .text               ro code  0x08031c9c    0x21c  malloc.o [1]
  .text               ro code  0x08031eb8    0x6ec  stm32f4xx_tim.o [1]
  .text               ro code  0x080325a4     0x30  I32ToDbl.o [4]
  .text               ro code  0x080325d4    0x256  DblDiv.o [4]
  .text               ro code  0x0803282c     0xe8  DblAdd.o [4]
  .text               ro code  0x08032914    0x1a2  DblMul.o [4]
  .text               ro code  0x08032ab8     0x58  DblToI32.o [4]
  .text               ro code  0x08032b10     0x90  DblToFlt.o [4]
  .text               ro code  0x08032ba0     0x36  strlen.o [5]
  .text               ro code  0x08032bd8     0x62  memcmp_unaligned.o [5]
  .text               ro code  0x08032c3c    0x1b6  usbh_usr.o [1]
  .text               ro code  0x08032df4    0x760  usbh_core.o [1]
  .text               ro code  0x08033554   0x2264  ff.o [1]
  .text               ro code  0x080357b8     0x34  sprintf.o [3]
  .text               ro code  0x080357ec     0x1c  strcat.o [3]
  .text               ro code  0x08035808     0xc0  bsp_led.o [1]
  .text               ro code  0x080358c8     0xae  rc522.o [1]
  .text               ro code  0x08035978    0x354  modbus.o [1]
  .text               ro code  0x08035ccc     0x68  bsp_sw_onoff.o [1]
  .text               ro code  0x08035d34     0x44  protocol.o [1]
  .text               ro code  0x08035d78     0x10  apptask.o [1]
  .text               ro code  0x08035d88    0x224  bsp_stepmotor.o [1]
  .text               ro code  0x08035fac    0x12c  stm32f4xx_gpio.o [1]
  .text               ro code  0x080360d8    0x48c  bsp_servomotor.o [1]
  .text               ro code  0x08036564    0x1a4  encoder.o [1]
  .text               ro code  0x08036708    0x14e  page_weimi.o [1]
  .text               ro code  0x08036858    0x262  event_groups.o [1]
  .text               ro code  0x08036abc    0x4a4  timers.o [1]
  .text               ro code  0x08036f60      0x8  bsp_watchdog.o [1]
  .text               ro code  0x08036f68    0x24c  port.o [1]
  .text               ro code  0x080371b4     0x98  list.o [1]
  .text               ro code  0x0803724c    0x280  heap_4.o [1]
  .text               ro code  0x080374cc    0x1e8  stm32f4xx_rcc.o [1]
  .text               ro code  0x080376b4    0x9e4  bsp_uart_fifo.o [1]
  .text               ro code  0x08038098    0x204  bsp_timer.o [1]
  .text               ro code  0x0803829c    0x124  bsp_spi.o [1]
  .text               ro code  0x080383c0    0xd96  xprintffull_nomb.o [3]
  .text               ro code  0x08039158    0x180  DblSub.o [4]
  .text               ro code  0x080392d8    0x14c  usb_bsp.o [1]
  .text               ro code  0x08039424     0xd6  usb_hcd.o [1]
  .text               ro code  0x080394fa    0x1ba  usbh_hcs.o [1]
  .text               ro code  0x080396b4    0x436  usbh_stdreq.o [1]
  .text               ro code  0x08039aea    0x246  usbh_ioreq.o [1]
  .text               ro code  0x08039d30    0x2e4  diskio.o [1]
  .text               ro code  0x0803a014     0xf4  cc936.o [1]
  .text               ro code  0x0803a108     0xb8  mcheck.o [1]
  .text               ro code  0x0803a1c0     0x2c  strstr.o [3]
  .text               ro code  0x0803a1ec    0x31c  stm32f4xx_dma.o [1]
  .text               ro code  0x0803a508     0x88  misc.o [1]
  .text               ro code  0x0803a590     0x10  stm32f4xx_iwdg.o [1]
  CODE                ro code  0x0803a5a0     0xa8  portasm.o [1]
  .text               ro code  0x0803a648    0x254  stm32f4xx_usart.o [1]
  .text               ro code  0x0803a89c     0x74  stm32f4xx_spi.o [1]
  .text               ro code  0x0803a910     0x16  strchr.o [5]
  .text               ro code  0x0803a928     0x58  memchr.o [5]
  .text               ro code  0x0803a980     0xee  I64DivMod.o [5]
  .text               ro code  0x0803aa6e     0x42  xdnorm.o [4]
  .text               ro code  0x0803aab0     0x2e  DblCmpLe.o [4]
  .text               ro code  0x0803aae0     0x2e  DblCmpGe.o [4]
  .text               ro code  0x0803ab10    0x114  xdscale.o [4]
  .text               ro code  0x0803ac24     0x6c  localeconv.o [3]
  .text               ro code  0x0803ac90      0xe  div.o [3]
  .text               ro code  0x0803aca0     0x74  bsp_dwt.o [1]
  .text               ro code  0x0803ad14    0xa50  usb_core.o [1]
  .text               ro code  0x0803b764   0x1a58  bsp_sdio_sd.o [1]
  .text               ro code  0x0803d1bc    0x618  usbh_msc_scsi.o [1]
  .text               ro code  0x0803d7d4    0x554  usbh_msc_bot.o [1]
  .text               ro code  0x0803dd28      0x2  I64DivZer.o [5]
  .text               ro code  0x0803dd2c    0x17c  stm32f4xx_sdio.o [1]
  .text               ro code  0x0803dea8    0xc7e  usb_hcd_int.o [1]
  .text               ro code  0x0803eb28    0x3e8  usbh_msc_core.o [1]
  .rodata             const    0x0803ef10    0x3dc  cc936.o [1]
  .rodata             const    0x0803f2ec    0x3dc  cc936.o [1]
  .text               ro code  0x0803f6c8    0x2f4  para.o [1]
  .text               ro code  0x0803f9bc     0x44  strcpy_unaligned.o [5]
  .text               ro code  0x0803fa00    0x2e0  bsp_tim_pwm.o [1]
  .rodata             const    0x0803fce0    0x1f4  apptask.o [1]
  .rodata             const    0x0803fed4    0x190  product_cal.o [1]
  .text               ro code  0x08040064    0x154  system_stm32f4xx.o [1]
  .rodata             const    0x080401b8    0x100  mcheck.o [1]
  .rodata             const    0x080402b8    0x100  mcheck.o [1]
  .rodata             const    0x080403b8    0x100  mcheck.o [1]
  .text               ro code  0x080404b8     0xd4  bsp_closeSW.o [1]
  .text               ro code  0x0804058c     0x54  stm32f4xx_syscfg.o [1]
  .text               ro code  0x080405e0     0xc0  stm32f4xx_exti.o [1]
  .text               ro code  0x080406a0     0xd0  packbits_init.o [5]
  .text               ro code  0x08040770      0x6  abort.o [3]
  .text               ro code  0x08040778     0x14  exit.o [6]
  .text               ro code  0x0804078c     0x4c  bsp.o [1]
  .text               ro code  0x080407d8     0x44  bsp_relay.o [1]
  .text               ro code  0x0804081c     0x40  zero_init3.o [5]
  .text               ro code  0x0804085c     0x3c  SysInfoTest.o [1]
  .rodata             const    0x08040898     0x38  demo_fatfs.o [1]
  .text               ro code  0x080408d0     0x38  stm32f4xx_it.o [1]
  .rodata             const    0x08040908     0x30  apptask.o [1]
  .rodata             const    0x08040938     0x30  demo_fatfs.o [1]
  .rodata             const    0x08040968     0x30  demo_fatfs.o [1]
  .rodata             const    0x08040998     0x2c  apptask.o [1]
  .rodata             const    0x080409c4     0x2c  demo_fatfs.o [1]
  .rodata             const    0x080409f0     0x2c  demo_fatfs.o [1]
  .rodata             const    0x08040a1c     0x2c  stm32f4xx_it.o [1]
  .text               ro code  0x08040a48     0x2c  main.o [1]
  .rodata             const    0x08040a74     0x28  demo_fatfs.o [1]
  .rodata             const    0x08040a9c     0x28  demo_fatfs.o [1]
  .rodata             const    0x08040ac4     0x28  demo_fatfs.o [1]
  .text               ro code  0x08040aec     0x28  data_init.o [5]
  .rodata             const    0x08040b14     0x24  demo_fatfs.o [1]
  .rodata             const    0x08040b38     0x24  demo_fatfs.o [1]
  .rodata             const    0x08040b5c     0x24  usbh_usr.o [1]
  .text               ro code  0x08040b80     0x22  fpinit_M.o [4]
  .iar.init_table     const    0x08040ba4     0x34  - Linker created -
  .rodata             const    0x08040bd8     0x20  apptask.o [1]
  .rodata             const    0x08040bf8     0x20  apptask.o [1]
  .rodata             const    0x08040c18     0x20  bsp_sdwe050c17.o [1]
  .rodata             const    0x08040c38     0x20  demo_fatfs.o [1]
  .rodata             const    0x08040c58     0x20  demo_fatfs.o [1]
  .rodata             const    0x08040c78     0x20  demo_fatfs.o [1]
  .rodata             const    0x08040c98     0x20  usbh_usr.o [1]
  .rodata             const    0x08040cb8     0x20  usbh_usr.o [1]
  .rodata             const    0x08040cd8     0x20  usbh_usr.o [1]
  .rodata             const    0x08040cf8     0x20  usbh_usr.o [1]
  .rodata             const    0x08040d18     0x20  usbh_usr.o [1]
  .rodata             const    0x08040d38     0x1c  apptask.o [1]
  .rodata             const    0x08040d54     0x1c  apptask.o [1]
  .rodata             const    0x08040d70     0x1c  apptask.o [1]
  .rodata             const    0x08040d8c     0x1c  apptask.o [1]
  .rodata             const    0x08040da8     0x1c  apptask.o [1]
  .rodata             const    0x08040dc4     0x1c  apptask.o [1]
  .rodata             const    0x08040de0     0x1c  apptask.o [1]
  .rodata             const    0x08040dfc     0x1c  demo_fatfs.o [1]
  .rodata             const    0x08040e18     0x1c  demo_fatfs.o [1]
  .rodata             const    0x08040e34     0x1c  usbh_usr.o [1]
  .rodata             const    0x08040e50     0x1c  usbh_usr.o [1]
  .rodata             const    0x08040e6c     0x1c  usbh_usr.o [1]
  .rodata             const    0x08040e88     0x1c  usbh_usr.o [1]
  .rodata             const    0x08040ea4     0x1c  usbh_usr.o [1]
  .rodata             const    0x08040ec0     0x1c  usbh_usr.o [1]
  .text               ro code  0x08040edc     0x1a  cmain.o [5]
  .text               ro code  0x08040ef6      0x4  exit.o [3]
  .text               ro code  0x08040efc      0xa  cexit.o [5]
  .rodata             const    0x08040f08     0x18  apptask.o [1]
  .rodata             const    0x08040f20     0x18  apptask.o [1]
  .rodata             const    0x08040f38     0x18  apptask.o [1]
  .rodata             const    0x08040f50     0x18  apptask.o [1]
  .rodata             const    0x08040f68     0x18  apptask.o [1]
  .rodata             const    0x08040f80     0x18  apptask.o [1]
  .rodata             const    0x08040f98     0x18  apptask.o [1]
  .rodata             const    0x08040fb0     0x18  demo_fatfs.o [1]
  .rodata             const    0x08040fc8     0x18  demo_fatfs.o [1]
  .rodata             const    0x08040fe0     0x18  demo_fatfs.o [1]
  .rodata             const    0x08040ff8     0x18  demo_fatfs.o [1]
  .rodata             const    0x08041010     0x18  usbh_usr.o [1]
  .rodata             const    0x08041028     0x18  usbh_usr.o [1]
  .rodata             const    0x08041040     0x18  usbh_usr.o [1]
  .rodata             const    0x08041058     0x18  usbh_usr.o [1]
  .rodata             const    0x08041070     0x18  usbh_usr.o [1]
  .text               ro code  0x08041088     0x16  xprout.o [3]
  .text               ro code  0x080410a0      0xc  putchar.o [3]
  .rodata             const    0x080410ac     0x14  apptask.o [1]
  .rodata             const    0x080410c0     0x14  apptask.o [1]
  .rodata             const    0x080410d4     0x14  apptask.o [1]
  .rodata             const    0x080410e8     0x14  apptask.o [1]
  .rodata             const    0x080410fc     0x14  apptask.o [1]
  .rodata             const    0x08041110     0x14  apptask.o [1]
  .rodata             const    0x08041124     0x14  usbh_usr.o [1]
  .rodata             const    0x08041138     0x14  usbh_usr.o [1]
  .rodata             const    0x0804114c     0x10  apptask.o [1]
  .rodata             const    0x0804115c     0x10  apptask.o [1]
  .rodata             const    0x0804116c     0x10  apptask.o [1]
  .rodata             const    0x0804117c     0x10  apptask.o [1]
  .rodata             const    0x0804118c     0x10  apptask.o [1]
  .rodata             const    0x0804119c     0x10  apptask.o [1]
  .rodata             const    0x080411ac     0x10  apptask.o [1]
  .rodata             const    0x080411bc     0x10  apptask.o [1]
  .rodata             const    0x080411cc     0x10  apptask.o [1]
  .rodata             const    0x080411dc     0x10  ff.o [1]
  .rodata             const    0x080411ec     0x10  main.o [1]
  .rodata             const    0x080411fc     0x10  main.o [1]
  .rodata             const    0x0804120c     0x10  usbh_usr.o [1]
  .rodata             const    0x0804121c     0x10  usbh_usr.o [1]
  .text               ro code  0x0804122c     0x10  startup_stm32f40_41xxx.o [1]
  .text               ro code  0x0804123c     0x10  usbh_it.o [1]
  .rodata             const    0x0804124c      0xc  apptask.o [1]
  .rodata             const    0x08041258      0xc  apptask.o [1]
  .rodata             const    0x08041264      0xc  apptask.o [1]
  .rodata             const    0x08041270      0xc  apptask.o [1]
  .rodata             const    0x0804127c      0xc  apptask.o [1]
  .rodata             const    0x08041288      0xc  apptask.o [1]
  .rodata             const    0x08041294      0xc  apptask.o [1]
  .rodata             const    0x080412a0      0xc  apptask.o [1]
  .rodata             const    0x080412ac      0xc  apptask.o [1]
  .rodata             const    0x080412b8      0xc  apptask.o [1]
  .rodata             const    0x080412c4      0xc  apptask.o [1]
  .rodata             const    0x080412d0      0xc  apptask.o [1]
  .rodata             const    0x080412dc      0xc  apptask.o [1]
  .rodata             const    0x080412e8      0xc  apptask.o [1]
  .rodata             const    0x080412f4      0xc  apptask.o [1]
  .rodata             const    0x08041300      0xc  apptask.o [1]
  .rodata             const    0x0804130c      0xc  apptask.o [1]
  .rodata             const    0x08041318      0xc  apptask.o [1]
  .rodata             const    0x08041324      0xc  apptask.o [1]
  .rodata             const    0x08041330      0xc  apptask.o [1]
  .rodata             const    0x0804133c      0xc  apptask.o [1]
  .rodata             const    0x08041348      0xc  apptask.o [1]
  .rodata             const    0x08041354      0xc  apptask.o [1]
  .rodata             const    0x08041360      0xc  apptask.o [1]
  .rodata             const    0x0804136c      0xc  apptask.o [1]
  .rodata             const    0x08041378      0xc  apptask.o [1]
  .rodata             const    0x08041384      0xc  apptask.o [1]
  .rodata             const    0x08041390      0xc  bsp_sdwe050c17.o [1]
  .rodata             const    0x0804139c      0xc  bsp_sdwe050c17.o [1]
  .rodata             const    0x080413a8      0xc  demo_fatfs.o [1]
  .rodata             const    0x080413b4      0xc  ff.o [1]
  .text               ro code  0x080413c0      0xc  cstartup_M.o [5]
  .rodata             const    0x080413cc      0x8  apptask.o [1]
  .rodata             const    0x080413d4      0x8  apptask.o [1]
  .rodata             const    0x080413dc      0x8  apptask.o [1]
  .rodata             const    0x080413e4      0x8  apptask.o [1]
  .rodata             const    0x080413ec      0x8  apptask.o [1]
  .rodata             const    0x080413f4      0x8  apptask.o [1]
  .rodata             const    0x080413fc      0x8  apptask.o [1]
  .rodata             const    0x08041404      0x8  apptask.o [1]
  .rodata             const    0x0804140c      0x8  apptask.o [1]
  .rodata             const    0x08041414      0x8  apptask.o [1]
  .rodata             const    0x0804141c      0x8  apptask.o [1]
  .rodata             const    0x08041424      0x8  apptask.o [1]
  .rodata             const    0x0804142c      0x8  apptask.o [1]
  .rodata             const    0x08041434      0x8  bsp_w25qxx.o [1]
  .rodata             const    0x0804143c      0x8  ff.o [1]
  .rodata             const    0x08041444      0x8  malloc.o [1]
  .rodata             const    0x0804144c      0x8  malloc.o [1]
  .rodata             const    0x08041454      0x8  malloc.o [1]
  .rodata             const    0x0804145c      0x8  para.o [1]
  .rodata             const    0x08041464      0x8  para.o [1]
  .rodata             const    0x0804146c      0x8  para.o [1]
  .rodata             const    0x08041474      0x8  tasks.o [1]
  .rodata             const    0x0804147c      0x8  timers.o [1]
  .rodata             const    0x08041484      0x4  heap_4.o [1]
  .rodata             const    0x08041488      0x4  port.o [1]
  .text               ro code  0x0804148c      0x4  startup_stm32f40_41xxx.o [1]
  .text               ro code  0x08041490      0x4  startup_stm32f40_41xxx.o [1]
  .text               ro code  0x08041494      0x4  startup_stm32f40_41xxx.o [1]
  .text               ro code  0x08041498      0x4  startup_stm32f40_41xxx.o [1]
  .text               ro code  0x0804149c      0x4  startup_stm32f40_41xxx.o [1]
  .text               ro code  0x080414a0      0x4  startup_stm32f40_41xxx.o [1]
  .text               ro code  0x080414a4      0x4  startup_stm32f40_41xxx.o [1]
  .text               ro code  0x080414a8      0x4  startup_stm32f40_41xxx.o [1]
  .text               ro code  0x080414ac      0x4  startup_stm32f40_41xxx.o [1]
  .text               ro code  0x080414b0      0x4  startup_stm32f40_41xxx.o [1]
  .text               ro code  0x080414b4      0x4  startup_stm32f40_41xxx.o [1]
  .text               ro code  0x080414b8      0x4  startup_stm32f40_41xxx.o [1]
  .text               ro code  0x080414bc      0x4  startup_stm32f40_41xxx.o [1]
  .text               ro code  0x080414c0      0x4  startup_stm32f40_41xxx.o [1]
  .text               ro code  0x080414c4      0x4  startup_stm32f40_41xxx.o [1]
  .text               ro code  0x080414c8      0x4  startup_stm32f40_41xxx.o [1]
  .text               ro code  0x080414cc      0x4  startup_stm32f40_41xxx.o [1]
  .text               ro code  0x080414d0      0x4  startup_stm32f40_41xxx.o [1]
  .text               ro code  0x080414d4      0x4  startup_stm32f40_41xxx.o [1]
  .text               ro code  0x080414d8      0x4  startup_stm32f40_41xxx.o [1]
  .text               ro code  0x080414dc      0x4  startup_stm32f40_41xxx.o [1]
  .text               ro code  0x080414e0      0x4  startup_stm32f40_41xxx.o [1]
  .text               ro code  0x080414e4      0x4  startup_stm32f40_41xxx.o [1]
  .text               ro code  0x080414e8      0x4  startup_stm32f40_41xxx.o [1]
  .text               ro code  0x080414ec      0x4  startup_stm32f40_41xxx.o [1]
  .text               ro code  0x080414f0      0x4  startup_stm32f40_41xxx.o [1]
  .text               ro code  0x080414f4      0x4  startup_stm32f40_41xxx.o [1]
  .text               ro code  0x080414f8      0x4  startup_stm32f40_41xxx.o [1]
  .text               ro code  0x080414fc      0x4  startup_stm32f40_41xxx.o [1]
  .text               ro code  0x08041500      0x4  startup_stm32f40_41xxx.o [1]
  .text               ro code  0x08041504      0x4  startup_stm32f40_41xxx.o [1]
  .text               ro code  0x08041508      0x4  startup_stm32f40_41xxx.o [1]
  .text               ro code  0x0804150c      0x4  startup_stm32f40_41xxx.o [1]
  .text               ro code  0x08041510      0x4  startup_stm32f40_41xxx.o [1]
  .text               ro code  0x08041514      0x4  startup_stm32f40_41xxx.o [1]
  .text               ro code  0x08041518      0x4  startup_stm32f40_41xxx.o [1]
  .text               ro code  0x0804151c      0x4  startup_stm32f40_41xxx.o [1]
  .text               ro code  0x08041520      0x4  startup_stm32f40_41xxx.o [1]
  .text               ro code  0x08041524      0x4  startup_stm32f40_41xxx.o [1]
  .text               ro code  0x08041528      0x4  startup_stm32f40_41xxx.o [1]
  .text               ro code  0x0804152c      0x4  startup_stm32f40_41xxx.o [1]
  .text               ro code  0x08041530      0x4  startup_stm32f40_41xxx.o [1]
  .text               ro code  0x08041534      0x4  startup_stm32f40_41xxx.o [1]
  .text               ro code  0x08041538      0x4  startup_stm32f40_41xxx.o [1]
  .text               ro code  0x0804153c      0x4  startup_stm32f40_41xxx.o [1]
  .text               ro code  0x08041540      0x4  startup_stm32f40_41xxx.o [1]
  .text               ro code  0x08041544      0x4  startup_stm32f40_41xxx.o [1]
  .text               ro code  0x08041548      0x4  startup_stm32f40_41xxx.o [1]
  .text               ro code  0x0804154c      0x4  startup_stm32f40_41xxx.o [1]
  .text               ro code  0x08041550      0x4  startup_stm32f40_41xxx.o [1]
  .text               ro code  0x08041554      0x4  startup_stm32f40_41xxx.o [1]
  .text               ro code  0x08041558      0x4  startup_stm32f40_41xxx.o [1]
  .text               ro code  0x0804155c      0x4  startup_stm32f40_41xxx.o [1]
  .text               ro code  0x08041560      0x4  startup_stm32f40_41xxx.o [1]
  .text               ro code  0x08041564      0x4  startup_stm32f40_41xxx.o [1]
  .text               ro code  0x08041568      0x4  startup_stm32f40_41xxx.o [1]
  .text               ro code  0x0804156c      0x4  startup_stm32f40_41xxx.o [1]
  .text               ro code  0x08041570      0x4  startup_stm32f40_41xxx.o [1]
  .text               ro code  0x08041574      0x4  startup_stm32f40_41xxx.o [1]
  .text               ro code  0x08041578      0x4  startup_stm32f40_41xxx.o [1]
  .text               ro code  0x0804157c      0x4  startup_stm32f40_41xxx.o [1]
  .text               ro code  0x08041580      0x4  startup_stm32f40_41xxx.o [1]
  .text               ro code  0x08041584      0x4  startup_stm32f40_41xxx.o [1]
  .text               ro code  0x08041588      0x4  startup_stm32f40_41xxx.o [1]
  .text               ro code  0x0804158c      0x4  startup_stm32f40_41xxx.o [1]
  .text               ro code  0x08041590      0x4  startup_stm32f40_41xxx.o [1]
  .text               ro code  0x08041594      0x4  startup_stm32f40_41xxx.o [1]
  .text               ro code  0x08041598      0x4  startup_stm32f40_41xxx.o [1]
  .rodata             const    0x0804159c      0x0  zero_init3.o [5]
  .rodata             const    0x0804159c      0x0  packbits_init.o [5]
  Initializer bytes   const    0x0804159c    0x11d  <for P2 s0>
                             - 0x080416b9  0x41531

"P2":                                      0x1f718
  P2 s0                        0x20000000    0x1cb  <Init block>
    __DLIB_PERTHREAD  inited   0x20000000     0x88  localeconv.o [3]
    .data             inited   0x20000088     0x50  demo_fatfs.o [1]
    .data             inited   0x200000d8     0x48  usbh_usr.o [1]
    .data             inited   0x20000120     0x40  xfiles.o [3]
    .data             inited   0x20000160     0x1c  malloc.o [1]
    .data             inited   0x2000017c     0x14  bsp_servomotor.o [1]
    .data             inited   0x20000190     0x10  stm32f4xx_rcc.o [1]
    .data             inited   0x200001a0     0x10  usbh_msc_core.o [1]
    .data             inited   0x200001b0      0xc  usbh_core.o [1]
    .data             inited   0x200001bc      0x4  port.o [1]
    .data             inited   0x200001c0      0x4  system_stm32f4xx.o [1]
    .data             inited   0x200001c4      0x4  usbh_core.o [1]
    .data             inited   0x200001c8      0x2  bsp_w25qxx.o [1]
    .data             inited   0x200001ca      0x1  usbh_msc_scsi.o [1]
  .bss                zero     0x200001cc  0x11800  heap_4.o [1]
  .bss                zero     0x200119cc   0xa000  malloc.o [1]
  .bss                zero     0x2001b9cc   0x1000  bsp_w25qxx.o [1]
  .bss                zero     0x2001c9cc    0xa00  malloc.o [1]
  .bss                zero     0x2001d3cc    0x5ac  usbh_usr.o [1]
  .bss                zero     0x2001d978    0x5ac  usbh_usr.o [1]
  .bss                zero     0x2001df24    0x200  ff.o [1]
  .bss                zero     0x2001e124    0x200  usbh_msc_scsi.o [1]
  .bss                zero     0x2001e324    0x200  usbh_stdreq.o [1]
  .bss                zero     0x2001e524    0x118  page_weimi.o [1]
  .bss                zero     0x2001e63c     0xc8  tasks.o [1]
  .bss                zero     0x2001e704     0xa4  protocol.o [1]
  .bss                zero     0x2001e7a8     0x98  para.o [1]
  .bss                zero     0x2001e840     0x94  usbh_usr.o [1]
  .bss                zero     0x2001e8d4     0x70  protocol.o [1]
  .bss                zero     0x2001e944     0x64  bsp_uart_fifo.o [1]
  .bss                zero     0x2001e9a8     0x64  bsp_uart_fifo.o [1]
  .bss                zero     0x2001ea10     0x58  bsp_sdio_sd.o [1]
  .bss                zero     0x2001ea68     0x50  protocol.o [1]
  .bss                zero     0x2001eab8     0x50  xfiles.o [3]
  .bss                zero     0x2001eb08     0x4c  usbh_msc_core.o [1]
  .bss                zero     0x2001eb54     0x34  bsp_sdwe050c17.o [1]
  .bss                zero     0x2001eb88     0x2c  product_cal.o [1]
  .bss                zero     0x2001ebb4     0x28  bsp_uart_fifo.o [1]
  .bss                zero     0x2001ebdc     0x28  product_cal.o [1]
  .bss                zero     0x2001ec04     0x24  ff.o [1]
  .bss                zero     0x2001ec28     0x20  usbh_msc_bot.o [1]
  .bss                zero     0x2001ec48     0x18  bsp_sdio_sd.o [1]
  .bss                zero     0x2001ec60     0x18  bsp_sdio_sd.o [1]
  .bss                zero     0x2001ec78     0x14  bsp_sdio_sd.o [1]
  .bss                zero     0x2001ec8c     0x14  page_weimi.o [1]
  .bss                zero     0x2001eca0     0x14  rc522.o [1]
  .bss                zero     0x2001ecb4     0x14  tasks.o [1]
  .bss                zero     0x2001ecc8     0x14  tasks.o [1]
  .bss                zero     0x2001ecdc     0x14  tasks.o [1]
  .bss                zero     0x2001ecf0     0x14  tasks.o [1]
  .bss                zero     0x2001ed04     0x14  tasks.o [1]
  .bss                zero     0x2001ed18     0x14  timers.o [1]
  .bss                zero     0x2001ed2c     0x14  timers.o [1]
  .bss                zero     0x2001ed40     0x10  bsp_sdio_sd.o [1]
  .bss                zero     0x2001ed50     0x10  bsp_sdio_sd.o [1]
  .bss                zero     0x2001ed60     0x10  usbh_msc_bot.o [1]
  .bss                zero     0x2001ed70     0x10  usbh_msc_bot.o [1]
  .bss                zero     0x2001ed80     0x10  usbh_msc_scsi.o [1]
  .bss                zero     0x2001ed90      0xc  apptask.o [1]
  .bss                zero     0x2001ed9c      0xc  apptask.o [1]
  .bss                zero     0x2001eda8      0xc  ff.o [1]
  .bss                zero     0x2001edb4      0xc  protocol.o [1]
  .bss                zero     0x2001edc0      0xc  protocol.o [1]
  .bss                zero     0x2001edcc      0xc  protocol.o [1]
  .bss                zero     0x2001edd8      0x8  heap_4.o [1]
  .bss                zero     0x2001ede0      0x8  modbus.o [1]
  .bss                zero     0x2001ede8      0x8  protocol.o [1]
  .bss                zero     0x2001edf0      0x4  apptask.o [1]
  .bss                zero     0x2001edf4      0x4  apptask.o [1]
  .bss                zero     0x2001edf8      0x4  apptask.o [1]
  .bss                zero     0x2001edfc      0x4  apptask.o [1]
  .bss                zero     0x2001ee00      0x4  apptask.o [1]
  .bss                zero     0x2001ee04      0x4  apptask.o [1]
  .bss                zero     0x2001ee08      0x4  apptask.o [1]
  .bss                zero     0x2001ee0c      0x4  apptask.o [1]
  .bss                zero     0x2001ee10      0x4  apptask.o [1]
  .bss                zero     0x2001ee14      0x4  apptask.o [1]
  .bss                zero     0x2001ee18      0x4  apptask.o [1]
  .bss                zero     0x2001ee1c      0x4  apptask.o [1]
  .bss                zero     0x2001ee20      0x4  apptask.o [1]
  .bss                zero     0x2001ee24      0x4  apptask.o [1]
  .bss                zero     0x2001ee28      0x4  apptask.o [1]
  .bss                zero     0x2001ee2c      0x4  apptask.o [1]
  .bss                zero     0x2001ee30      0x4  apptask.o [1]
  .bss                zero     0x2001ee34      0x4  apptask.o [1]
  .bss                zero     0x2001ee38      0x4  bsp_sdio_sd.o [1]
  .bss                zero     0x2001ee3c      0x4  bsp_sdio_sd.o [1]
  .bss                zero     0x2001ee40      0x4  bsp_sdio_sd.o [1]
  .bss                zero     0x2001ee44      0x4  bsp_sdio_sd.o [1]
  .bss                zero     0x2001ee48      0x4  bsp_sdio_sd.o [1]
  .bss                zero     0x2001ee4c      0x4  bsp_timer.o [1]
  .bss                zero     0x2001ee50      0x4  bsp_timer.o [1]
  .bss                zero     0x2001ee54      0x4  bsp_timer.o [1]
  .bss                zero     0x2001ee58      0x4  bsp_timer.o [1]
  .bss                zero     0x2001ee5c      0x4  encoder.o [1]
  .bss                zero     0x2001ee60      0x4  encoder.o [1]
  .bss                zero     0x2001ee64      0x4  heap_4.o [1]
  .bss                zero     0x2001ee68      0x4  heap_4.o [1]
  .bss                zero     0x2001ee6c      0x4  heap_4.o [1]
  .bss                zero     0x2001ee70      0x4  heap_4.o [1]
  .bss                zero     0x2001ee74      0x4  port.o [1]
  .bss                zero     0x2001ee78      0x4  product_cal.o [1]
  .bss                zero     0x2001ee7c      0x4  product_cal.o [1]
  .bss                zero     0x2001ee80      0x4  SysInfoTest.o [1]
  .bss                zero     0x2001ee84      0x4  tasks.o [1]
  .bss                zero     0x2001ee88      0x4  tasks.o [1]
  .bss                zero     0x2001ee8c      0x4  tasks.o [1]
  .bss                zero     0x2001ee90      0x4  tasks.o [1]
  .bss                zero     0x2001ee94      0x4  tasks.o [1]
  .bss                zero     0x2001ee98      0x4  tasks.o [1]
  .bss                zero     0x2001ee9c      0x4  tasks.o [1]
  .bss                zero     0x2001eea0      0x4  tasks.o [1]
  .bss                zero     0x2001eea4      0x4  tasks.o [1]
  .bss                zero     0x2001eea8      0x4  tasks.o [1]
  .bss                zero     0x2001eeac      0x4  tasks.o [1]
  .bss                zero     0x2001eeb0      0x4  tasks.o [1]
  .bss                zero     0x2001eeb4      0x4  tasks.o [1]
  .bss                zero     0x2001eeb8      0x4  tasks.o [1]
  .bss                zero     0x2001eebc      0x4  tasks.o [1]
  .bss                zero     0x2001eec0      0x4  tasks.o [1]
  .bss                zero     0x2001eec4      0x4  timers.o [1]
  .bss                zero     0x2001eec8      0x4  timers.o [1]
  .bss                zero     0x2001eecc      0x4  timers.o [1]
  .bss                zero     0x2001eed0      0x4  timers.o [1]
  .bss                zero     0x2001eed4      0x4  usbh_msc_bot.o [1]
  .bss                zero     0x2001eed8      0x4  usbh_msc_bot.o [1]
  .bss                zero     0x2001eedc      0x4  usbh_msc_bot.o [1]
  .bss                zero     0x2001eee0      0x4  usbh_msc_bot.o [1]
  .bss                zero     0x2001eee4      0x2  apptask.o [1]
  .bss                zero     0x2001eee6      0x2  apptask.o [1]
  .bss                zero     0x2001eee8      0x2  apptask.o [1]
  .bss                zero     0x2001eeea      0x2  apptask.o [1]
  .bss                zero     0x2001eeec      0x2  bsp_sdwe050c17.o [1]
  .bss                zero     0x2001eeee      0x2  encoder.o [1]
  .bss                zero     0x2001eef0      0x2  encoder.o [1]
  .bss                zero     0x2001eef2      0x2  encoder.o [1]
  .bss                zero     0x2001eef4      0x2  ff.o [1]
  .bss                zero     0x2001eef6      0x2  product_cal.o [1]
  .bss                zero     0x2001eef8      0x2  usbh_core.o [1]
  .bss                zero     0x2001eefa      0x2  usbh_stdreq.o [1]
  .bss                zero     0x2001eefc      0x1  apptask.o [1]
  .bss                zero     0x2001eefd      0x1  apptask.o [1]
  .bss                zero     0x2001eefe      0x1  apptask.o [1]
  .bss                zero     0x2001eeff      0x1  apptask.o [1]
  .bss                zero     0x2001ef00      0x1  apptask.o [1]
  .bss                zero     0x2001ef01      0x1  apptask.o [1]
  .bss                zero     0x2001ef02      0x1  apptask.o [1]
  .bss                zero     0x2001ef03      0x1  apptask.o [1]
  .bss                zero     0x2001ef04      0x1  bsp_sdio_sd.o [1]
  .bss                zero     0x2001ef05      0x1  bsp_sdwe050c17.o [1]
  .bss                zero     0x2001ef06      0x1  bsp_uart_fifo.o [1]
  .bss                zero     0x2001ef07      0x1  encoder.o [1]
  .bss                zero     0x2001ef08      0x1  port.o [1]
  .bss                zero     0x2001ef09      0x1  product_cal.o [1]
  .bss                zero     0x2001ef0a      0x1  product_cal.o [1]
  .bss                zero     0x2001ef0b      0x1  product_cal.o [1]
  .bss                zero     0x2001ef0c      0x1  protocol.o [1]
  .bss                zero     0x2001ef0d      0x1  rc522.o [1]
  .bss                zero     0x2001ef0e      0x1  rc522.o [1]
  .bss                zero     0x2001ef0f      0x1  usbh_msc_bot.o [1]
  .bss                zero     0x2001ef10      0x1  usbh_msc_core.o [1]
  .bss                zero     0x2001ef11      0x1  usbh_msc_core.o [1]
  .bss                zero     0x2001ef12      0x1  usbh_stdreq.o [1]
  .bss                zero     0x2001ef13      0x1  usbh_usr.o [1]
  CSTACK                       0x2001ef18    0x800  <Block>
    CSTACK            uninit   0x2001ef18    0x800  <Block tail>
                             - 0x2001f718  0x1f718

Absolute sections:                         0xff000
  .bss                zero     0x68000000  0xf0000  malloc.o [1]
  .bss                zero     0x680f0000   0xf000  malloc.o [1]
                             - 0x680ff000  0xff000


*******************************************************************************
*** INIT TABLE
***

          Address     Size
          -------     ----
Zero (__iar_zero_init3)
    2 destination ranges, total size 0x11dd48:
          0x200001cc  0x1ed48
          0x68000000  0xff000

Copy/packbits (__iar_packbits_init3)
    1 source range, total size 0x11d (62% of destination):
          0x0804159c    0x11d
    1 destination range, total size 0x1cb:
          0x20000000    0x1cb



*******************************************************************************
*** MODULE SUMMARY
***

    Module                    ro code  ro data  rw data    rw data
                                                            (abs)
    ------                    -------  -------  -------    -------
E:\WORK\YarnControl_Driver\YarnControl_Driver\src\stm32f4_rtos\Project\EWARMv7\Flash\Obj: [1]
    SysInfoTest.o                  60                 4
    apptask.o                  16 824    1 712      112
    bsp.o                          76
    bsp_closeSW.o                 212
    bsp_dwt.o                     116
    bsp_led.o                     192
    bsp_relay.o                    68
    bsp_sdio_sd.o               6 744               209
    bsp_sdwe050c17.o            4 696       56       55
    bsp_servomotor.o            1 164       13       20
    bsp_spi.o                     292
    bsp_stepmotor.o               548
    bsp_sw_onoff.o                104
    bsp_tim_pwm.o                 736
    bsp_timer.o                   516                16
    bsp_uart_fifo.o             2 532               241
    bsp_w25qxx.o                  896        9    4 098
    bsp_watchdog.o                  8
    cc936.o                       244  176 320
    demo_fatfs.o                           742       80
    diskio.o                      740
    encoder.o                     420                15
    event_groups.o                610
    ff.o                        8 804       36      562
    heap_4.o                      640        4   71 704
    list.o                        152
    main.o                         44       32
    malloc.o                      540       41   43 548  1 044 480
    mcheck.o                      184      768
    misc.o                        136
    modbus.o                      852                 8
    page_weimi.o                  334               300
    para.o                        756       24      152
    port.o                        588        7        9
    portasm.o                     168
    product_cal.o               1 316      400       97
    protocol.o                     68               401
    queue.o                     1 992
    rc522.o                       174                22
    startup_stm32f40_41xxx.o      680
    stm32f4xx_dma.o               796
    stm32f4xx_exti.o              192
    stm32f4xx_gpio.o              300
    stm32f4xx_it.o                 56       44
    stm32f4xx_iwdg.o               16
    stm32f4xx_rcc.o               488       10       16
    stm32f4xx_sdio.o              380
    stm32f4xx_spi.o               116
    stm32f4xx_syscfg.o             84
    stm32f4xx_tim.o             1 772
    stm32f4xx_usart.o             596
    system_stm32f4xx.o            340        2        4
    tasks.o                     3 072        8      364
    timers.o                    1 188        8       56
    usb_bsp.o                     332
    usb_core.o                  2 640
    usb_hcd.o                     214
    usb_hcd_int.o               3 198
    usbh_core.o                 1 888       10       18
    usbh_hcs.o                    442
    usbh_ioreq.o                  582
    usbh_it.o                      16
    usbh_msc_bot.o              1 364                81
    usbh_msc_core.o             1 000       10       94
    usbh_msc_scsi.o             1 560        1      529
    usbh_stdreq.o               1 078               515
    usbh_usr.o                    438      600    3 125
    --------------------------------------------------------------
    Total:                     79 374  180 857  126 455  1 044 480

command line: [2]
    --------------------------------------------------------------
    Total:

dl7M_tlf.a: [3]
    abort.o                         6
    div.o                          14
    exit.o                          4
    localeconv.o                  108       84      136
    printf.o                       36
    putchar.o                      12
    sprintf.o                      52
    strcat.o                       28
    strstr.o                       44
    xfiles.o                                40      144
    xprintffull_nomb.o          3 478
    xprout.o                       22
    xsprout.o                      10
    --------------------------------------------------------------
    Total:                      3 814      124      280

m7M_tls.a: [4]
    DblAdd.o                      232
    DblCmpGe.o                     46
    DblCmpLe.o                     46
    DblDiv.o                      598
    DblMul.o                      418
    DblSub.o                      384
    DblToFlt.o                    144
    DblToI32.o                     88
    FltToDbl.o                     78
    I32ToDbl.o                     48
    fpinit_M.o                     34
    xdnorm.o                       66
    xdscale.o                     276
    --------------------------------------------------------------
    Total:                      2 458

rt7M_tl.a: [5]
    ABImemcpy_unaligned.o         118
    ABImemset.o                   102
    I64DivMod.o                   238
    I64DivZer.o                     2
    cexit.o                        10
    cmain.o                        26
    cstartup_M.o                   12
    data_init.o                    40
    memchr.o                       88
    memcmp_unaligned.o             98
    packbits_init.o               208
    strchr.o                       22
    strcmp_unaligned.o             66
    strcpy_unaligned.o             68
    strlen.o                       54
    zero_init3.o                   64
    --------------------------------------------------------------
    Total:                      1 216

shb_l.a: [6]
    exit.o                         20
    --------------------------------------------------------------
    Total:                         20

    Gaps                           42        4        5
    Linker created                          52    2 048
------------------------------------------------------------------
    Grand Total:               86 924  181 037  128 788  1 044 480


*******************************************************************************
*** ENTRY LIST
***

Entry                      Address     Size  Type      Object
-----                      -------     ----  ----      ------
.iar.init_table$$Base   0x08040ba4            --   Gb  - Linker created -
.iar.init_table$$Limit  0x08040bd8            --   Gb  - Linker created -
?main                   0x08040edd           Code  Gb  cmain.o [5]
APBAHBPrescTable        0x20000190     0x10  Data  Lc  stm32f4xx_rcc.o [1]
AppObjCreate            0x0802e6fd    0x15e  Code  Gb  apptask.o [1]
AppTaskCreate           0x0802e59d    0x148  Code  Gb  apptask.o [1]
BOTStallErrorCount      0x2001eed4      0x4  Data  Lc  usbh_msc_bot.o [1]
BusFault_Handler        0x08040903      0x2  Code  Gb  stm32f4xx_it.o [1]
CID_Tab                 0x2001ed50     0x10  Data  Lc  bsp_sdio_sd.o [1]
CRC16HiTable            0x080401b8    0x100  Data  Gb  mcheck.o [1]
CRC16LoTable            0x080402b8    0x100  Data  Gb  mcheck.o [1]
CRC8Table               0x080403b8    0x100  Data  Gb  mcheck.o [1]
CSD_Tab                 0x2001ed40     0x10  Data  Lc  bsp_sdio_sd.o [1]
CSTACK$$Base            0x2001ef18            --   Gb  - Linker created -
CSTACK$$Limit           0x2001f718            --   Gb  - Linker created -
CardType                0x2001ee38      0x4  Data  Lc  bsp_sdio_sd.o [1]
CmdError                0x0803c8cd     0x38  Code  Lc  bsp_sdio_sd.o [1]
CmdResp1Error           0x0803c971    0x112  Code  Lc  bsp_sdio_sd.o [1]
CmdResp2Error           0x0803cac1     0x52  Code  Lc  bsp_sdio_sd.o [1]
CmdResp3Error           0x0803ca83     0x3e  Code  Lc  bsp_sdio_sd.o [1]
CmdResp6Error           0x0803cb13     0xa6  Code  Lc  bsp_sdio_sd.o [1]
CmdResp7Error           0x0803c905     0x58  Code  Lc  bsp_sdio_sd.o [1]
ConfigExitNVIC          0x08040523     0x22  Code  Gb  bsp_closeSW.o [1]
ConfigUartNVIC          0x08037ae7     0x7c  Code  Lc  bsp_uart_fifo.o [1]
DIFF_G_init             0x08036191     0x78  Code  Gb  bsp_servomotor.o [1]
DMA1_Stream0_IRQHandler
                        0x08036505     0x1c  Code  Gb  bsp_servomotor.o [1]
DMA1_Stream3_IRQHandler
                        0x08036521     0x1c  Code  Gb  bsp_servomotor.o [1]
DMA2_Stream3_IRQHandler
                        0x0803d1b5      0x8  Code  Gb  bsp_sdio_sd.o [1]
DMAEndOfTransfer        0x2001ee48      0x4  Data  Gb  bsp_sdio_sd.o [1]
DMA_ClearFlag           0x0803a3cf     0x24  Code  Gb  stm32f4xx_dma.o [1]
DMA_Cmd                 0x0803a385     0x1a  Code  Gb  stm32f4xx_dma.o [1]
DMA_DeInit              0x0803a1ed    0x140  Code  Gb  stm32f4xx_dma.o [1]
DMA_FlowControllerConfig
                        0x0803a39f     0x18  Code  Gb  stm32f4xx_dma.o [1]
DMA_GetCmdStatus        0x0803a3b7     0x18  Code  Gb  stm32f4xx_dma.o [1]
DMA_GetITStatus         0x0803a435     0x62  Code  Gb  stm32f4xx_dma.o [1]
DMA_ITConfig            0x0803a3f3     0x42  Code  Gb  stm32f4xx_dma.o [1]
DMA_Init                0x0803a32d     0x58  Code  Gb  stm32f4xx_dma.o [1]
DebugMon_Handler        0x08040907      0x2  Code  Gb  stm32f4xx_it.o [1]
DiskFile_init           0x08035d35     0x40  Code  Gb  protocol.o [1]
Disk_File               0x2001e8d4     0x70  Data  Gb  protocol.o [1]
EXTI9_5_IRQHandler      0x08040545     0x3c  Code  Gb  bsp_closeSW.o [1]
EXTI_ClearITPendingBit  0x08040683      0x6  Code  Gb  stm32f4xx_exti.o [1]
EXTI_GetITStatus        0x08040669     0x1a  Code  Gb  stm32f4xx_exti.o [1]
EXTI_Init               0x080405e1     0x88  Code  Gb  stm32f4xx_exti.o [1]
Encoder_Cap_Init        0x08036565     0xbe  Code  Gb  encoder.o [1]
FR_Table                0x20000088     0x50  Data  Gb  demo_fatfs.o [1]
FatFs                   0x2001eda8      0xc  Data  Lc  ff.o [1]
File_info               0x2001ea68     0x50  Data  Gb  protocol.o [1]
Files                   0x2001ec04     0x24  Data  Lc  ff.o [1]
FindSCR                 0x0803cd61    0x206  Code  Lc  bsp_sdio_sd.o [1]
Freq_value              0x2001ee60      0x4  Data  Gb  encoder.o [1]
Fsid                    0x2001eef4      0x2  Data  Lc  ff.o [1]
GPIO_Init               0x08035fad     0xaa  Code  Gb  stm32f4xx_gpio.o [1]
GPIO_PinAFConfig        0x0803607f     0x5a  Code  Gb  stm32f4xx_gpio.o [1]
GPIO_ReadInputDataBit   0x08036057     0x1a  Code  Gb  stm32f4xx_gpio.o [1]
GPIO_WriteBit           0x08036071      0xe  Code  Gb  stm32f4xx_gpio.o [1]
GetDeviceState          0x08035d01     0x2e  Code  Gb  bsp_sw_onoff.o [1]
HCD_GetCurrentFrame     0x080394b5      0x8  Code  Gb  usb_hcd.o [1]
HCD_GetCurrentSpeed     0x08039497     0x10  Code  Gb  usb_hcd.o [1]
HCD_GetURB_State        0x080394bd      0xa  Code  Gb  usb_hcd.o [1]
HCD_GetXferCnt          0x080394c7      0xc  Code  Gb  usb_hcd.o [1]
HCD_Init                0x08039425     0x72  Code  Gb  usb_hcd.o [1]
HCD_ResetPort           0x080394a7      0xe  Code  Gb  usb_hcd.o [1]
HCD_SubmitRequest       0x080394d3     0x28  Code  Gb  usb_hcd.o [1]
HardFault_Handler       0x080408d3     0x22  Code  Gb  stm32f4xx_it.o [1]
IWDG_Feed               0x08036f61      0x8  Code  Gb  bsp_watchdog.o [1]
IWDG_ReloadCounter      0x0803a591      0xa  Code  Gb  stm32f4xx_iwdg.o [1]
InStream_Read           0x080406a1     0x22  Code  Lc  packbits_init.o [5]
InitHardUart            0x08037725    0x3c2  Code  Lc  bsp_uart_fifo.o [1]
Init_JINGSHA_GUI        0x0803003f    0x122  Code  Gb  bsp_sdwe050c17.o [1]
LfnBuf                  0x2001df24    0x200  Data  Lc  ff.o [1]
LfnOfs                  0x080411dc     0x10  Data  Lc  ff.o [1]
LoadInt                 0x0803894d     0x6e  Code  Lc  xprintffull_nomb.o [3]
MSCErrorCount           0x2001ef10      0x1  Data  Gb  usbh_msc_core.o [1]
MSC_Machine             0x2001eb08     0x4c  Data  Gb  usbh_msc_core.o [1]
MSG_DEV_ATTACHED        0x08041058     0x18  Data  Gb  usbh_usr.o [1]
MSG_DEV_DISCONNECTED    0x08041070     0x18  Data  Gb  usbh_usr.o [1]
MSG_DEV_ENUMERATED      0x08040e88     0x1c  Data  Gb  usbh_usr.o [1]
MSG_DEV_ERROR           0x08041138     0x14  Data  Gb  usbh_usr.o [1]
MSG_DEV_FULLSPEED       0x08040cf8     0x20  Data  Gb  usbh_usr.o [1]
MSG_DEV_HIGHSPEED       0x08040cd8     0x20  Data  Gb  usbh_usr.o [1]
MSG_DEV_LOWSPEED        0x08040d18     0x20  Data  Gb  usbh_usr.o [1]
MSG_HID_CLASS           0x08040ea4     0x1c  Data  Gb  usbh_usr.o [1]
MSG_MSC_CLASS           0x08040b5c     0x24  Data  Gb  usbh_usr.o [1]
MSG_UNREC_ERROR         0x08040ec0     0x1c  Data  Gb  usbh_usr.o [1]
MemManage_Handler       0x08040901      0x2  Code  Gb  stm32f4xx_it.o [1]
MotorProcess            0x2001ec8c     0x14  Data  Gb  page_weimi.o [1]
MotorStepCount          0x08036709     0x62  Code  Gb  page_weimi.o [1]
NMI_Handler             0x080408d1      0x2  Code  Gb  stm32f4xx_it.o [1]
NVIC_Init               0x0803a513     0x6a  Code  Gb  misc.o [1]
NVIC_PriorityGroupConfig
                        0x0803a509      0xa  Code  Gb  misc.o [1]
OTG_FS_IRQHandler       0x0804123d     0x10  Code  Gb  usbh_it.o [1]
PendSV_Handler          0x0803a5a1           Code  Gb  portasm.o [1]
RCA                     0x2001ee3c      0x4  Data  Lc  bsp_sdio_sd.o [1]
RCC_AHB1PeriphClockCmd  0x080375cf     0x22  Code  Gb  stm32f4xx_rcc.o [1]
RCC_AHB2PeriphClockCmd  0x080375f1     0x1e  Code  Gb  stm32f4xx_rcc.o [1]
RCC_APB1PeriphClockCmd  0x0803760f     0x1e  Code  Gb  stm32f4xx_rcc.o [1]
RCC_APB1PeriphResetCmd  0x0803764b     0x1e  Code  Gb  stm32f4xx_rcc.o [1]
RCC_APB2PeriphClockCmd  0x0803762d     0x1e  Code  Gb  stm32f4xx_rcc.o [1]
RCC_APB2PeriphResetCmd  0x08037669     0x1e  Code  Gb  stm32f4xx_rcc.o [1]
RCC_GetClocksFreq       0x080374cd    0x102  Code  Gb  stm32f4xx_rcc.o [1]
RS485_InitTXE           0x080376f1     0x34  Code  Gb  bsp_uart_fifo.o [1]
RS485_sendbuf           0x08037f31     0x3c  Code  Gb  bsp_uart_fifo.o [1]
ReadValue1              0x2001eeee      0x2  Data  Gb  encoder.o [1]
ReadValue2              0x2001eef0      0x2  Data  Gb  encoder.o [1]
Region$$Table$$Base     0x08040ba4            --   Gb  - Linker created -
Region$$Table$$Limit    0x08040bd8            --   Gb  - Linker created -
SDCardInfo              0x2001ea10     0x58  Data  Gb  bsp_sdio_sd.o [1]
SDEnWideBus             0x0803cbc5    0x198  Code  Lc  bsp_sdio_sd.o [1]
SDIO_ClearFlag          0x0803de41      0x6  Code  Gb  stm32f4xx_sdio.o [1]
SDIO_ClearITPendingBit  0x0803de61      0x6  Code  Gb  stm32f4xx_sdio.o [1]
SDIO_ClockCmd           0x0803dd6f      0x8  Code  Gb  stm32f4xx_sdio.o [1]
SDIO_CmdInitStructure   0x2001ec78     0x14  Data  Gb  bsp_sdio_sd.o [1]
SDIO_DMACmd             0x0803de01      0x8  Code  Gb  stm32f4xx_sdio.o [1]
SDIO_DataConfig         0x0803ddcd     0x2e  Code  Gb  stm32f4xx_sdio.o [1]
SDIO_DataInitStructure  0x2001ec60     0x18  Data  Gb  bsp_sdio_sd.o [1]
SDIO_DeInit             0x0803dd2d     0x18  Code  Gb  stm32f4xx_sdio.o [1]
SDIO_GetCommandResponse
                        0x0803ddaf      0x8  Code  Gb  stm32f4xx_sdio.o [1]
SDIO_GetFlagStatus      0x0803de27     0x1a  Code  Gb  stm32f4xx_sdio.o [1]
SDIO_GetITStatus        0x0803de47     0x1a  Code  Gb  stm32f4xx_sdio.o [1]
SDIO_GetPowerState      0x0803dd7d      0xa  Code  Gb  stm32f4xx_sdio.o [1]
SDIO_GetResponse        0x0803ddb7     0x16  Code  Gb  stm32f4xx_sdio.o [1]
SDIO_IRQHandler         0x0803d1ad      0x8  Code  Gb  bsp_sdio_sd.o [1]
SDIO_ITConfig           0x0803de09     0x1e  Code  Gb  stm32f4xx_sdio.o [1]
SDIO_Init               0x0803dd45     0x2a  Code  Gb  stm32f4xx_sdio.o [1]
SDIO_InitStructure      0x2001ec48     0x18  Data  Gb  bsp_sdio_sd.o [1]
SDIO_Interrupts_Config  0x0803d171     0x3c  Code  Gb  bsp_sdio_sd.o [1]
SDIO_ReadData           0x0803ddfb      0x6  Code  Gb  stm32f4xx_sdio.o [1]
SDIO_SendCommand        0x0803dd87     0x28  Code  Gb  stm32f4xx_sdio.o [1]
SDIO_SetPowerState      0x0803dd77      0x6  Code  Gb  stm32f4xx_sdio.o [1]
SDWE_WARNNING           0x080302d1     0x2a  Code  Gb  bsp_sdwe050c17.o [1]
SD_Detect               0x0803b869     0x22  Code  Gb  bsp_sdio_sd.o [1]
SD_EnableWideBusOperation
                        0x0803c065     0xc8  Code  Gb  bsp_sdio_sd.o [1]
SD_GetCardInfo          0x0803bc79    0x3ec  Code  Gb  bsp_sdio_sd.o [1]
SD_GetState             0x0803b83f     0x2a  Code  Gb  bsp_sdio_sd.o [1]
SD_GetStatus            0x0803b81d     0x22  Code  Gb  bsp_sdio_sd.o [1]
SD_Init                 0x0803b765     0xb8  Code  Gb  bsp_sdio_sd.o [1]
SD_InitializeCards      0x0803bad7    0x1a2  Code  Gb  bsp_sdio_sd.o [1]
SD_LowLevel_DMA_RxConfig
                        0x0803d0bb     0x8e  Code  Gb  bsp_sdio_sd.o [1]
SD_LowLevel_DMA_TxConfig
                        0x0803d02d     0x8e  Code  Gb  bsp_sdio_sd.o [1]
SD_LowLevel_Init        0x0803cf69     0xbc  Code  Gb  bsp_sdio_sd.o [1]
SD_PowerON              0x0803b88b    0x24c  Code  Gb  bsp_sdio_sd.o [1]
SD_ProcessDMAIRQ        0x0803c8a9     0x22  Code  Gb  bsp_sdio_sd.o [1]
SD_ProcessIRQSrc        0x0803c7fb     0xae  Code  Gb  bsp_sdio_sd.o [1]
SD_ReadBlock            0x0803c165    0x108  Code  Gb  bsp_sdio_sd.o [1]
SD_ReadMultiBlocks      0x0803c26d    0x134  Code  Gb  bsp_sdio_sd.o [1]
SD_SelectDeselect       0x0803c12d     0x38  Code  Gb  bsp_sdio_sd.o [1]
SD_SendStatus           0x0803c78d     0x6e  Code  Gb  bsp_sdio_sd.o [1]
SD_StopTransfer         0x0803c745     0x44  Code  Gb  bsp_sdio_sd.o [1]
SD_WaitReadOperation    0x0803c3a5     0x96  Code  Gb  bsp_sdio_sd.o [1]
SD_WriteBlock           0x0803c445    0x11e  Code  Gb  bsp_sdio_sd.o [1]
SD_WriteMultiBlocks     0x0803c571    0x1cc  Code  Gb  bsp_sdio_sd.o [1]
SPI1_Init               0x0803829d     0xc0  Code  Gb  bsp_spi.o [1]
SPI1_ReadWriteByte      0x08038385     0x32  Code  Gb  bsp_spi.o [1]
SPI1_SetSpeed           0x0803835d     0x28  Code  Gb  bsp_spi.o [1]
SPI_Cmd                 0x0803a8dd     0x1c  Code  Gb  stm32f4xx_spi.o [1]
SPI_I2S_GetFlagStatus   0x0803a8f9     0x18  Code  Gb  stm32f4xx_spi.o [1]
SPI_Init                0x0803a89d     0x40  Code  Gb  stm32f4xx_spi.o [1]
SRC_Buffer              0x2000017c     0x14  Data  Gb  bsp_servomotor.o [1]
SVC_Handler             0x0803a5f9           Code  Gb  portasm.o [1]
SYSCFG_EXTILineConfig   0x0804058d     0x50  Code  Gb  stm32f4xx_syscfg.o [1]
Sdwe_ClearReadDisk      0x080303a7     0x1c  Code  Gb  bsp_sdwe050c17.o [1]
Sdwe_change_class_time  0x08030813     0x30  Code  Gb  bsp_sdwe050c17.o [1]
Sdwe_clearString        0x080302fb     0x54  Code  Gb  bsp_sdwe050c17.o [1]
Sdwe_clear_filename     0x080303f3     0x2a  Code  Gb  bsp_sdwe050c17.o [1]
Sdwe_disDigi            0x080301ab     0xa4  Code  Gb  bsp_sdwe050c17.o [1]
Sdwe_disPicture         0x08030161     0x4a  Code  Gb  bsp_sdwe050c17.o [1]
Sdwe_disString          0x0803024f     0x82  Code  Gb  bsp_sdwe050c17.o [1]
Sdwe_hidden_page        0x080308ab     0x30  Code  Gb  bsp_sdwe050c17.o [1]
Sdwe_peiliao_page       0x0803071d     0xf6  Code  Gb  bsp_sdwe050c17.o [1]
Sdwe_period_page        0x08030843     0x68  Code  Gb  bsp_sdwe050c17.o [1]
Sdwe_product_page       0x0803059b    0x182  Code  Gb  bsp_sdwe050c17.o [1]
Sdwe_readRTC            0x080303c3     0x30  Code  Gb  bsp_sdwe050c17.o [1]
Sdwe_refresh_allname    0x08030553     0x48  Code  Gb  bsp_sdwe050c17.o [1]
Sdwe_refresh_filename   0x0803041d    0x136  Code  Gb  bsp_sdwe050c17.o [1]
Sdwe_stop_page          0x080308db    0x36a  Code  Gb  bsp_sdwe050c17.o [1]
Sdwe_writeIcon          0x0803034f     0x58  Code  Gb  bsp_sdwe050c17.o [1]
ServoMotorRunning       0x080364e1     0x24  Code  Gb  bsp_servomotor.o [1]
SetSysClock             0x080400b7     0xce  Code  Lc  system_stm32f4xx.o [1]
SlavePara               0x2001e704     0xa4  Data  Gb  protocol.o [1]
StopCondition           0x2001ee40      0x4  Data  Gb  bsp_sdio_sd.o [1]
SysTick_Handler         0x080370ef     0x2c  Code  Gb  port.o [1]
SystemCoreClock         0x200001c0      0x4  Data  Gb  system_stm32f4xx.o [1]
SystemInit              0x08040065     0x52  Code  Gb  system_stm32f4xx.o [1]
TI1_Config              0x080324a9     0x38  Code  Lc  stm32f4xx_tim.o [1]
TI2_Config              0x080324e1     0x42  Code  Lc  stm32f4xx_tim.o [1]
TI3_Config              0x08032523     0x40  Code  Lc  stm32f4xx_tim.o [1]
TI4_Config              0x08032563     0x42  Code  Lc  stm32f4xx_tim.o [1]
TIM1_PWM_SETPMOTOR      0x08035ef9     0x9e  Code  Gb  bsp_stepmotor.o [1]
TIM2_IRQHandler         0x080381d9     0xac  Code  Gb  bsp_timer.o [1]
TIM3CH2_CAPTURE_STA     0x2001ef07      0x1  Data  Gb  encoder.o [1]
TIM3CH2_CAPTURE_VAL     0x2001ee5c      0x4  Data  Gb  encoder.o [1]
TIM3_IRQHandler         0x08036623     0xc0  Code  Gb  encoder.o [1]
TIM3_PWM_SETPMOTOR      0x08035e91     0x68  Code  Gb  bsp_stepmotor.o [1]
TIM4_CH1_ConfigPwmOut   0x080360d9     0x1c  Code  Gb  bsp_servomotor.o [1]
TIM4_CH1_GPIO_Configuration
                        0x0803614f     0x42  Code  Gb  bsp_servomotor.o [1]
TIM4_CH1_PWMDMA_Config  0x080362cd     0xb0  Code  Gb  bsp_servomotor.o [1]
TIM4_CH1_StartPwmOut    0x080360f5     0x2c  Code  Gb  bsp_servomotor.o [1]
TIM4_CH1_StopPwmOut     0x08036121     0x2e  Code  Gb  bsp_servomotor.o [1]
TIM4_CH2_ConfigPwmOut   0x0803637d     0x1c  Code  Gb  bsp_servomotor.o [1]
TIM4_CH2_GPIO_Configuration
                        0x080363f3     0x3e  Code  Gb  bsp_servomotor.o [1]
TIM4_CH2_PWMDMA_Config  0x08036431     0xb0  Code  Gb  bsp_servomotor.o [1]
TIM4_CH2_StartPwmOut    0x08036399     0x2c  Code  Gb  bsp_servomotor.o [1]
TIM4_CH2_StopPwmOut     0x080363c5     0x2e  Code  Gb  bsp_servomotor.o [1]
TIM4_PWM_Config         0x08036209     0xc4  Code  Gb  bsp_servomotor.o [1]
TIM6_DAC_IRQHandler     0x0804086f     0x22  Code  Gb  SysInfoTest.o [1]
TIM_ARRPreloadConfig    0x0803209f     0x1c  Code  Gb  stm32f4xx_tim.o [1]
TIM_CallBack1           0x0802e895     0x3c  Code  Gb  apptask.o [1]
TIM_ClearITPendingBit   0x0803248b      0x8  Code  Gb  stm32f4xx_tim.o [1]
TIM_Cmd                 0x080320bb     0x1c  Code  Gb  stm32f4xx_tim.o [1]
TIM_CtrlPWMOutputs      0x08032421     0x22  Code  Gb  stm32f4xx_tim.o [1]
TIM_DMACmd              0x08032493     0x16  Code  Gb  stm32f4xx_tim.o [1]
TIM_DeInit              0x08031eb9    0x17c  Code  Gb  stm32f4xx_tim.o [1]
TIM_GetITStatus         0x08032459     0x32  Code  Gb  stm32f4xx_tim.o [1]
TIM_ICInit              0x08032365     0x70  Code  Gb  stm32f4xx_tim.o [1]
TIM_ITConfig            0x08032443     0x16  Code  Gb  stm32f4xx_tim.o [1]
TIM_OC1Init             0x080320d7     0x7e  Code  Gb  stm32f4xx_tim.o [1]
TIM_OC2Init             0x08032155     0x8c  Code  Gb  stm32f4xx_tim.o [1]
TIM_OC2PreloadConfig    0x0803232b     0x14  Code  Gb  stm32f4xx_tim.o [1]
TIM_OC3Init             0x080321e1     0x8a  Code  Gb  stm32f4xx_tim.o [1]
TIM_OC3PreloadConfig    0x0803233f     0x12  Code  Gb  stm32f4xx_tim.o [1]
TIM_OC4Init             0x0803226b     0x68  Code  Gb  stm32f4xx_tim.o [1]
TIM_OC4PreloadConfig    0x08032351     0x14  Code  Gb  stm32f4xx_tim.o [1]
TIM_OCStructInit        0x08032309     0x22  Code  Gb  stm32f4xx_tim.o [1]
TIM_SetIC1Prescaler     0x080323d5     0x12  Code  Gb  stm32f4xx_tim.o [1]
TIM_SetIC2Prescaler     0x080323e7     0x14  Code  Gb  stm32f4xx_tim.o [1]
TIM_SetIC3Prescaler     0x080323fb     0x12  Code  Gb  stm32f4xx_tim.o [1]
TIM_SetIC4Prescaler     0x0803240d     0x14  Code  Gb  stm32f4xx_tim.o [1]
TIM_TimeBaseInit        0x08032035     0x6a  Code  Gb  stm32f4xx_tim.o [1]
Task_iwdg_refresh       0x0802eadd     0x56  Code  Gb  apptask.o [1]
TransferEnd             0x2001ee44      0x4  Data  Gb  bsp_sdio_sd.o [1]
TransferError           0x2001ef04      0x1  Data  Gb  bsp_sdio_sd.o [1]
UART1ToPC               0x08037ed1     0x30  Code  Gb  bsp_uart_fifo.o [1]
UART2ToPC               0x08037f01     0x30  Code  Gb  bsp_uart_fifo.o [1]
UART2_RX_BUF            0x2001e9a8     0x64  Data  Gb  bsp_uart_fifo.o [1]
UART3ToPC               0x08037f6d     0x30  Code  Gb  bsp_uart_fifo.o [1]
UART4ToPC               0x08037f9d     0x30  Code  Gb  bsp_uart_fifo.o [1]
UART4_IRQHandler        0x08037de3     0x84  Code  Gb  bsp_uart_fifo.o [1]
UART4_RX_BUF            0x2001e944     0x64  Data  Gb  bsp_uart_fifo.o [1]
UART5ToPC               0x08037fcd     0x30  Code  Gb  bsp_uart_fifo.o [1]
UART5_IRQHandler        0x08037e67     0x6a  Code  Gb  bsp_uart_fifo.o [1]
USART1_IRQHandler       0x08037d53     0x1e  Code  Gb  bsp_uart_fifo.o [1]
USART2_IRQHandler       0x08037d71     0x68  Code  Gb  bsp_uart_fifo.o [1]
USART3_IRQHandler       0x08037dd9      0xa  Code  Gb  bsp_uart_fifo.o [1]
USART_ClearFlag         0x0803a7fb      0xc  Code  Gb  stm32f4xx_usart.o [1]
USART_ClearITPendingBit
                        0x0803a877     0x26  Code  Gb  stm32f4xx_usart.o [1]
USART_Cmd               0x0803a745     0x1c  Code  Gb  stm32f4xx_usart.o [1]
USART_DMACmd            0x0803a771     0x16  Code  Gb  stm32f4xx_usart.o [1]
USART_GetFlagStatus     0x0803a7dd     0x1e  Code  Gb  stm32f4xx_usart.o [1]
USART_GetITStatus       0x0803a807     0x70  Code  Gb  stm32f4xx_usart.o [1]
USART_ITConfig          0x0803a787     0x56  Code  Gb  stm32f4xx_usart.o [1]
USART_Init              0x0803a649     0xee  Code  Gb  stm32f4xx_usart.o [1]
USART_ReceiveData       0x0803a769      0x8  Code  Gb  stm32f4xx_usart.o [1]
USART_SendData          0x0803a761      0x8  Code  Gb  stm32f4xx_usart.o [1]
USBH_Alloc_Channel      0x08039615     0x2e  Code  Gb  usbh_hcs.o [1]
USBH_BulkReceiveData    0x08039cb9     0x62  Code  Gb  usbh_ioreq.o [1]
USBH_BulkSendData       0x08039c57     0x62  Code  Gb  usbh_ioreq.o [1]
USBH_CfgDesc            0x2001e324    0x200  Data  Gb  usbh_stdreq.o [1]
USBH_ClrFeature         0x0803985f     0x4c  Code  Gb  usbh_stdreq.o [1]
USBH_Connected          0x08032df5      0xc  Code  Gb  usbh_core.o [1]
USBH_CtlReceiveData     0x08039c11     0x46  Code  Gb  usbh_ioreq.o [1]
USBH_CtlReq             0x08039aeb     0x6e  Code  Gb  usbh_ioreq.o [1]
USBH_CtlSendData        0x08039b9d     0x74  Code  Gb  usbh_ioreq.o [1]
USBH_CtlSendSetup       0x08039b59     0x44  Code  Gb  usbh_ioreq.o [1]
USBH_DataInBuffer       0x2001e124    0x200  Data  Gb  usbh_msc_scsi.o [1]
USBH_DeAllocate_AllChannel
                        0x08039667     0x20  Code  Gb  usbh_hcs.o [1]
USBH_DeInit             0x08032e5b     0x3e  Code  Gb  usbh_core.o [1]
USBH_Disconnected       0x08032e01      0xc  Code  Gb  usbh_core.o [1]
USBH_ErrorHandle        0x0803306b     0x34  Code  Gb  usbh_core.o [1]
USBH_Free_Channel       0x08039643     0x24  Code  Gb  usbh_hcs.o [1]
USBH_GetDescriptor      0x080397bf     0x4e  Code  Gb  usbh_stdreq.o [1]
USBH_GetFreeChannel     0x08039687     0x2e  Code  Lc  usbh_hcs.o [1]
USBH_GetNextDesc        0x08039ad3     0x18  Code  Gb  usbh_stdreq.o [1]
USBH_Get_CfgDesc        0x080396fb     0x78  Code  Gb  usbh_stdreq.o [1]
USBH_Get_DevDesc        0x080396b5     0x46  Code  Gb  usbh_stdreq.o [1]
USBH_Get_StringDesc     0x08039773     0x4c  Code  Gb  usbh_stdreq.o [1]
USBH_HCD_INT_cb         0x200001b0      0xc  Data  Gb  usbh_core.o [1]
USBH_HCD_INT_fops       0x200001c4      0x4  Data  Gb  usbh_core.o [1]
USBH_HandleControl      0x080332b3    0x29a  Code  Gb  usbh_core.o [1]
USBH_HandleEnum         0x0803309f    0x214  Code  Lc  usbh_core.o [1]
USBH_Init               0x08032e13     0x48  Code  Gb  usbh_core.o [1]
USBH_MSC_BOTReset       0x0803ee6d     0x28  Code  Lc  usbh_msc_core.o [1]
USBH_MSC_BOTXferParam   0x2001ed70     0x10  Data  Gb  usbh_msc_bot.o [1]
USBH_MSC_BOT_Abort      0x0803dc1d     0x5c  Code  Gb  usbh_msc_bot.o [1]
USBH_MSC_CBWData        0x2001ec28     0x20  Data  Gb  usbh_msc_bot.o [1]
USBH_MSC_CSWData        0x2001ed60     0x10  Data  Gb  usbh_msc_bot.o [1]
USBH_MSC_ClassRequest   0x0803ec5b     0x12  Code  Lc  usbh_msc_core.o [1]
USBH_MSC_DecodeCSW      0x0803dc79     0x7a  Code  Gb  usbh_msc_bot.o [1]
USBH_MSC_ErrorHandle    0x0803eebd     0x3e  Code  Gb  usbh_msc_core.o [1]
USBH_MSC_GETMaxLUN      0x0803ee95     0x28  Code  Lc  usbh_msc_core.o [1]
USBH_MSC_Handle         0x0803ec6d    0x200  Code  Lc  usbh_msc_core.o [1]
USBH_MSC_HandleBOTXfer  0x0803d819    0x404  Code  Gb  usbh_msc_bot.o [1]
USBH_MSC_Init           0x0803d7d5     0x44  Code  Gb  usbh_msc_bot.o [1]
USBH_MSC_InterfaceDeInit
                        0x0803ec0f     0x4c  Code  Lc  usbh_msc_core.o [1]
USBH_MSC_InterfaceInit  0x0803eb29     0xe6  Code  Lc  usbh_msc_core.o [1]
USBH_MSC_ModeSense6     0x0803d3cf    0x10c  Code  Gb  usbh_msc_scsi.o [1]
USBH_MSC_Param          0x2001ed80     0x10  Data  Gb  usbh_msc_scsi.o [1]
USBH_MSC_Read10         0x0803d6b5    0x106  Code  Gb  usbh_msc_scsi.o [1]
USBH_MSC_ReadCapacity10
                        0x0803d2a5    0x12a  Code  Gb  usbh_msc_scsi.o [1]
USBH_MSC_RequestSense   0x0803d4db     0xee  Code  Gb  usbh_msc_scsi.o [1]
USBH_MSC_TestUnitReady  0x0803d1bd     0xe8  Code  Gb  usbh_msc_scsi.o [1]
USBH_MSC_Write10        0x0803d5c9     0xec  Code  Gb  usbh_msc_scsi.o [1]
USBH_MSC_cb             0x200001a0     0x10  Data  Gb  usbh_msc_core.o [1]
USBH_Modify_Channel     0x080395a1     0x74  Code  Gb  usbh_hcs.o [1]
USBH_OTG_ISR_Handler    0x0803dea9     0xb8  Code  Gb  usb_hcd_int.o [1]
USBH_Open_Channel       0x080394fb     0xa6  Code  Gb  usbh_hcs.o [1]
USBH_ParseCfgDesc       0x08039907    0x13c  Code  Lc  usbh_stdreq.o [1]
USBH_ParseDevDesc       0x080398ab     0x5c  Code  Lc  usbh_stdreq.o [1]
USBH_ParseEPDesc        0x08039a77     0x20  Code  Lc  usbh_stdreq.o [1]
USBH_ParseInterfaceDesc
                        0x08039a51     0x26  Code  Lc  usbh_stdreq.o [1]
USBH_ParseStringDesc    0x08039a97     0x3c  Code  Lc  usbh_stdreq.o [1]
USBH_Process            0x08032e99    0x1d2  Code  Gb  usbh_core.o [1]
USBH_SOF                0x08032e0d      0x6  Code  Gb  usbh_core.o [1]
USBH_SetAddress         0x0803980d     0x2a  Code  Gb  usbh_stdreq.o [1]
USBH_SetCfg             0x08039837     0x28  Code  Gb  usbh_stdreq.o [1]
USBH_SubmitSetupRequest
                        0x08039d1b     0x16  Code  Lc  usbh_ioreq.o [1]
USBH_USR_Configuration_DescAvailable
                        0x08032cfd     0x26  Code  Gb  usbh_usr.o [1]
USBH_USR_DeInit         0x08032df1      0x2  Code  Gb  usbh_usr.o [1]
USBH_USR_DeviceAddressAssigned
                        0x08032cfb      0x2  Code  Gb  usbh_usr.o [1]
USBH_USR_DeviceAttached
                        0x08032c75      0xa  Code  Gb  usbh_usr.o [1]
USBH_USR_DeviceDisconnected
                        0x08032c89     0x1a  Code  Gb  usbh_usr.o [1]
USBH_USR_DeviceNotSupported
                        0x08032d67      0xa  Code  Gb  usbh_usr.o [1]
USBH_USR_DeviceSpeedDetected
                        0x08032cad     0x36  Code  Gb  usbh_usr.o [1]
USBH_USR_Device_DescAvailable
                        0x08032ce3     0x18  Code  Gb  usbh_usr.o [1]
USBH_USR_EnumerationDone
                        0x08032d4d     0x1a  Code  Gb  usbh_usr.o [1]
USBH_USR_Init           0x08032c51     0x24  Code  Gb  usbh_usr.o [1]
USBH_USR_MSC_Application
                        0x08032ded      0x4  Code  Gb  usbh_usr.o [1]
USBH_USR_Manufacturer_String
                        0x08032d23      0xe  Code  Gb  usbh_usr.o [1]
USBH_USR_OverCurrentDetected
                        0x08032d75      0xa  Code  Gb  usbh_usr.o [1]
USBH_USR_Product_String
                        0x08032d31      0xe  Code  Gb  usbh_usr.o [1]
USBH_USR_ResetDevice    0x08032ca3      0xa  Code  Gb  usbh_usr.o [1]
USBH_USR_SerialNum_String
                        0x08032d3f      0xe  Code  Gb  usbh_usr.o [1]
USBH_USR_UnrecoveredError
                        0x08032c7f      0xa  Code  Gb  usbh_usr.o [1]
USBH_USR_UserInput      0x08032d71      0x4  Code  Gb  usbh_usr.o [1]
USB_Host                0x2001e840     0x94  Data  Gb  usbh_usr.o [1]
USB_OTG_BSP_DisableInterrupt
                        0x08039389     0x22  Code  Gb  usb_bsp.o [1]
USB_OTG_BSP_EnableInterrupt
                        0x080393ab     0x54  Code  Gb  usb_bsp.o [1]
USB_OTG_BSP_Init        0x080392d9     0xb0  Code  Gb  usb_bsp.o [1]
USB_OTG_BSP_mDelay      0x08039419      0xc  Code  Gb  usb_bsp.o [1]
USB_OTG_BSP_uDelay      0x0803940d      0xc  Code  Gb  usb_bsp.o [1]
USB_OTG_Core            0x2001d3cc    0x5ac  Data  Gb  usbh_usr.o [1]
USB_OTG_CoreInit        0x0803aeed     0xce  Code  Gb  usb_core.o [1]
USB_OTG_CoreInitHost    0x0803b0f9     0xd0  Code  Gb  usb_core.o [1]
USB_OTG_CoreReset       0x0803ad37     0x60  Code  Lc  usb_core.o [1]
USB_OTG_DisableGlobalInt
                        0x0803afd9     0x1e  Code  Gb  usb_core.o [1]
USB_OTG_DriveVbus       0x0803b1d9     0x54  Code  Gb  usb_core.o [1]
USB_OTG_EnableCommonInt
                        0x0803ad15     0x22  Code  Lc  usb_core.o [1]
USB_OTG_EnableGlobalInt
                        0x0803afbb     0x1e  Code  Gb  usb_core.o [1]
USB_OTG_EnableHostInt   0x0803b22d     0x4e  Code  Gb  usb_core.o [1]
USB_OTG_FlushRxFifo     0x0803b03f     0x40  Code  Gb  usb_core.o [1]
USB_OTG_FlushTxFifo     0x0803aff7     0x48  Code  Gb  usb_core.o [1]
USB_OTG_GetMode         0x0803b0c5      0xa  Code  Gb  usb_core.o [1]
[...]
dir_sdi                 0x08033d63     0xb2  Code  Lc  ff.o [1]
disk_initialize         0x08039d31     0x40  Code  Gb  diskio.o [1]
disk_ioctl              0x08039f55     0xa6  Code  Gb  diskio.o [1]
disk_read               0x08039d9d     0xdc  Code  Gb  diskio.o [1]
disk_status             0x08039d71     0x2c  Code  Gb  diskio.o [1]
disk_write              0x08039e79     0xdc  Code  Gb  diskio.o [1]
div                     0x0803ac91      0xe  Code  Gb  div.o [3]
download_num            0x2001eefc      0x1  Data  Gb  apptask.o [1]
enq_lock                0x08033653     0x28  Code  Lc  ff.o [1]
exit                    0x08040ef7      0x4  Code  Gb  exit.o [3]
f_close                 0x08035649     0x38  Code  Gb  ff.o [1]
f_mount                 0x0803507d     0x66  Code  Gb  ff.o [1]
f_open                  0x080350e3    0x20e  Code  Gb  ff.o [1]
f_opendir               0x08035681     0xb2  Code  Gb  ff.o [1]
f_readdir               0x08035733     0x74  Code  Gb  ff.o [1]
f_sync                  0x08035593     0xb6  Code  Gb  ff.o [1]
f_write                 0x08035301    0x292  Code  Gb  ff.o [1]
ff_convert              0x0803a015     0x80  Code  Gb  cc936.o [1]
ff_wtoupper             0x0803a095     0x64  Code  Gb  cc936.o [1]
file_select             0x2001edc0      0xc  Data  Gb  protocol.o [1]
final_per_meter         0x080313e1     0x1a  Code  Gb  product_cal.o [1]
find_volume             0x08034bed    0x45a  Code  Lc  ff.o [1]
fit_lfn                 0x08034127     0x88  Code  Lc  ff.o [1]
follow_path             0x08034a87     0x90  Code  Lc  ff.o [1]
fputc                   0x08037ffd     0x22  Code  Gb  bsp_uart_fifo.o [1]
g_tUart3                0x2001ebb4     0x28  Data  Gb  bsp_uart_fifo.o [1]
gen_numname             0x080341b5     0xec  Code  Lc  ff.o [1]
get_card_type           0x08031557     0xe4  Code  Gb  product_cal.o [1]
get_class_time          0x0803145f     0x7a  Code  Gb  product_cal.o [1]
get_fat                 0x0803397b    0x11c  Code  Gb  ff.o [1]
get_fattime             0x08039ffb      0x4  Code  Gb  diskio.o [1]
get_fileinfo            0x08034631    0x13c  Code  Lc  ff.o [1]
get_float_1bit          0x0803143d     0x22  Code  Gb  product_cal.o [1]
get_ldnumber            0x08034b17     0x50  Code  Lc  ff.o [1]
get_period_state        0x080314d9     0x54  Code  Gb  product_cal.o [1]
get_valid_length        0x0803120d     0x26  Code  Gb  bsp_sdwe050c17.o [1]
get_weimi_para          0x0803680d     0x4a  Code  Gb  page_weimi.o [1]
hex_to_decimal          0x08031233     0x26  Code  Gb  bsp_sdwe050c17.o [1]
idwgEventGroup          0x2001ee2c      0x4  Data  Gb  apptask.o [1]
inc_card_type           0x08031645    0x11c  Code  Gb  product_cal.o [1]
inc_lock                0x0803367b     0xe8  Code  Lc  ff.o [1]
init_peiliao_para       0x08031319     0x50  Code  Gb  product_cal.o [1]
init_product_para       0x08031259     0xc0  Code  Gb  product_cal.o [1]
init_weimi_para         0x0803676b     0x88  Code  Gb  page_weimi.o [1]
input_password_buf      0x2001edb4      0xc  Data  Gb  protocol.o [1]
input_password_len      0x2001ef0c      0x1  Data  Gb  protocol.o [1]
isDevicePeriod          0x2001ef03      0x1  Data  Gb  apptask.o [1]
isWork                  0x2001eefd      0x1  Data  Gb  apptask.o [1]
is_same_data            0x0803152d     0x2a  Code  Gb  product_cal.o [1]
lcd_busy                0x2001ef05      0x1  Data  Gb  bsp_sdwe050c17.o [1]
lcd_rev_buf             0x2001eb54     0x34  Data  Gb  bsp_sdwe050c17.o [1]
lcd_rev_len             0x2001eeec      0x2  Data  Gb  bsp_sdwe050c17.o [1]
ld_clust                0x08033fa5     0x28  Code  Lc  ff.o [1]
localeconv              0x0803ac5f     0x16  Code  Gb  localeconv.o [3]
m_ctrl_dev              0x2001ede0      0x8  Data  Gb  modbus.o [1]
main                    0x08040a49     0x2c  Code  Gb  main.o [1]
mallco_dev              0x20000160     0x1c  Data  Gb  malloc.o [1]
mb_init                 0x08035bad     0x30  Code  Gb  modbus.o [1]
mb_packsend_frame       0x08035abb     0xf2  Code  Gb  modbus.o [1]
mb_unpack_frame         0x08035979    0x142  Code  Gb  modbus.o [1]
mc_check_crc16          0x0803a175     0x40  Code  Gb  mcheck.o [1]
mc_check_crc8           0x0803a151     0x24  Code  Gb  mcheck.o [1]
mc_check_sum            0x0803a109     0x2e  Code  Gb  mcheck.o [1]
mc_check_xor            0x0803a137     0x1a  Code  Gb  mcheck.o [1]
mem1base                0x200119cc   0xa000  Data  Gb  malloc.o [1]
mem1mapbase             0x2001c9cc    0xa00  Data  Gb  malloc.o [1]
mem2base                0x68000000  0xf0000  Data  Gb  malloc.o [1]
mem2mapbase             0x680f0000   0xf000  Data  Gb  malloc.o [1]
mem_cmp                 0x08033587     0x24  Code  Lc  ff.o [1]
mem_cpy                 0x08033555     0x1c  Code  Lc  ff.o [1]
mem_set                 0x08033571     0x16  Code  Lc  ff.o [1]
memblksize              0x0804144c      0x8  Data  Gb  malloc.o [1]
memchr                  0x0803a929           Code  Gb  memchr.o [5]
memsize                 0x08041454      0x8  Data  Gb  malloc.o [1]
memtblsize              0x08041444      0x8  Data  Gb  malloc.o [1]
modbus_send_frame       0x08035bdd     0xe6  Code  Gb  modbus.o [1]
move_window             0x08033849     0x40  Code  Lc  ff.o [1]
my_mem_free             0x08031def     0x6c  Code  Gb  malloc.o [1]
my_mem_init             0x08031cb3     0x42  Code  Gb  malloc.o [1]
my_mem_malloc           0x08031d33     0xbc  Code  Gb  malloc.o [1]
my_mem_perused          0x08031cf5     0x3e  Code  Gb  malloc.o [1]
myfree                  0x08031e5b     0x24  Code  Gb  malloc.o [1]
mymalloc                0x08031e7f     0x2a  Code  Gb  malloc.o [1]
mymemset                0x08031c9d     0x16  Code  Gb  malloc.o [1]
obuf                    0x2001eab8     0x50  Data  Lc  xfiles.o [3]
oem2uni                 0x0801560c  0x15484  Data  Lc  cc936.o [1]
old_card_record         0x2001ef01      0x1  Data  Gb  apptask.o [1]
old_isWork              0x2001eefe      0x1  Data  Gb  apptask.o [1]
old_plan_complete       0x2001ef0a      0x1  Data  Gb  product_cal.o [1]
para_init               0x0803f907     0x80  Code  Gb  para.o [1]
pcInterruptPriorityRegisters
                        0x08041488      0x4  Data  Lc  port.o [1]
peiliao_para            0x2001eb88     0x2c  Data  Gb  product_cal.o [1]
pick_lfn                0x0803409b     0x8c  Code  Lc  ff.o [1]
plan_complete           0x2001ef09      0x1  Data  Gb  product_cal.o [1]
pluse_count             0x2001eee6      0x2  Data  Gb  apptask.o [1]
printf                  0x08031c35     0x24  Code  Gb  printf.o [3]
product_complete_kilo   0x0803140d     0x30  Code  Gb  product_cal.o [1]
product_complete_meter  0x080313fb     0x12  Code  Gb  product_cal.o [1]
product_para            0x2001ebdc     0x28  Data  Gb  product_cal.o [1]
product_per_meter       0x08031369     0x78  Code  Gb  product_cal.o [1]
prvAddCurrentTaskToDelayedList
                        0x0802f6b1     0x48  Code  Lc  tasks.o [1]
prvAllocateTCBAndStack  0x0802f6f9     0x5a  Code  Lc  tasks.o [1]
prvCheckForValidListAndQueue
                        0x08036eef     0x52  Code  Lc  timers.o [1]
prvCheckTasksWaitingTermination
                        0x0802f647     0x66  Code  Lc  tasks.o [1]
prvCopyDataFromQueue    0x0802fee1     0x30  Code  Lc  queue.o [1]
prvCopyDataToQueue      0x0802fe5d     0x84  Code  Lc  queue.o [1]
prvDeleteTCB            0x0802f753     0x12  Code  Lc  tasks.o [1]
prvGetNextExpireTime    0x08036cdb     0x2e  Code  Lc  timers.o [1]
prvHeapInit             0x080373dd     0x6e  Code  Lc  heap_4.o [1]
prvIdleTask             0x0802f561     0x26  Code  Lc  tasks.o [1]
prvInitialiseTCBVariables
                        0x0802f587     0x6a  Code  Lc  tasks.o [1]
prvInitialiseTaskLists  0x0802f5f1     0x56  Code  Lc  tasks.o [1]
prvInsertBlockIntoFreeList
                        0x0803744b     0x62  Code  Lc  heap_4.o [1]
prvInsertTimerInActiveList
                        0x08036d31     0x50  Code  Lc  timers.o [1]
prvIsQueueEmpty         0x0802ff7b     0x20  Code  Lc  queue.o [1]
prvIsQueueFull          0x0802ff9b     0x22  Code  Lc  queue.o [1]
prvProcessExpiredTimer  0x08036bf3     0x5c  Code  Lc  timers.o [1]
prvProcessReceivedCommands
                        0x08036d81     0xde  Code  Lc  timers.o [1]
prvProcessTimerOrBlockTask
                        0x08036c6b     0x70  Code  Lc  timers.o [1]
prvResetNextTaskUnblockTime
                        0x0802f765     0x26  Code  Lc  tasks.o [1]
prvSampleTimeNow        0x08036d09     0x28  Code  Lc  timers.o [1]
prvSwitchTimerLists     0x08036e5f     0x90  Code  Lc  timers.o [1]
prvTaskExitError        0x08036f8d     0x2a  Code  Lc  port.o [1]
prvTestWaitCondition    0x08036a97     0x24  Code  Lc  event_groups.o [1]
prvTimerTask            0x08036c51     0x1a  Code  Lc  timers.o [1]
prvUnlockQueue          0x0802ff11     0x6a  Code  Lc  queue.o [1]
put_fat                 0x08033a97    0x16c  Code  Gb  ff.o [1]
putchar                 0x080410a1      0xc  Code  Gb  putchar.o [3]
pvPortMalloc            0x0803724d    0x118  Code  Gb  heap_4.o [1]
pxCurrentTCB            0x2001ee84      0x4  Data  Gb  tasks.o [1]
pxCurrentTimerList      0x2001eec4      0x4  Data  Lc  timers.o [1]
pxDelayedTaskList       0x2001ee88      0x4  Data  Lc  tasks.o [1]
pxEnd                   0x2001ee64      0x4  Data  Lc  heap_4.o [1]
pxOverflowDelayedTaskList
                        0x2001ee8c      0x4  Data  Lc  tasks.o [1]
pxOverflowTimerList     0x2001eec8      0x4  Data  Lc  timers.o [1]
pxPortInitialiseStack   0x08036f69     0x24  Code  Gb  port.o [1]
pxReadyTasksLists       0x2001e63c     0xc8  Data  Lc  tasks.o [1]
rc522_cmd_anticoll      0x0803591d     0x5a  Code  Gb  rc522.o [1]
rc522_cmd_request       0x080358c9     0x54  Code  Gb  rc522.o [1]
readSlave               0x2001ed9c      0xc  Data  Gb  apptask.o [1]
read_device_info        0x0803f6c9    0x23e  Code  Gb  para.o [1]
read_file_select        0x2001edcc      0xc  Data  Gb  protocol.o [1]
remove_chain            0x08033c03     0x76  Code  Lc  ff.o [1]
rfid_rev_buf            0x2001eca0     0x14  Data  Gb  rc522.o [1]
rfid_rev_cnt            0x2001ef0e      0x1  Data  Gb  rc522.o [1]
rfid_rev_flag           0x2001ef0d      0x1  Data  Gb  rc522.o [1]
rtc_time                0x2001ede8      0x8  Data  Gb  protocol.o [1]
s_TIM_CallBack1         0x2001ee4c      0x4  Data  Lc  bsp_timer.o [1]
s_TIM_CallBack2         0x2001ee50      0x4  Data  Lc  bsp_timer.o [1]
s_TIM_CallBack3         0x2001ee54      0x4  Data  Lc  bsp_timer.o [1]
s_TIM_CallBack4         0x2001ee58      0x4  Data  Lc  bsp_timer.o [1]
sample_time             0x2001eee4      0x2  Data  Gb  apptask.o [1]
sdew_weimi_page1        0x08030c7d    0x236  Code  Gb  bsp_sdwe050c17.o [1]
sdew_weimi_page2        0x08030eb3    0x236  Code  Gb  bsp_sdwe050c17.o [1]
sdew_weisha_page1       0x080310e9     0x92  Code  Gb  bsp_sdwe050c17.o [1]
sdew_weisha_page2       0x0803117b     0x92  Code  Gb  bsp_sdwe050c17.o [1]
slave_info              0x2001ed90      0xc  Data  Gb  apptask.o [1]
sprintf                 0x080357b9     0x34  Code  Gb  sprintf.o [3]
st_clust                0x08033fcd     0x18  Code  Lc  ff.o [1]
strcat                  0x080357ed     0x1c  Code  Gb  strcat.o [3]
strchr                  0x0803a911           Code  Gb  strchr.o [5]
strlen                  0x08032ba1           Code  Gb  strlen.o [5]
strstr                  0x08035d79     0x10  Code  Gb  apptask.o [1]
sum_sfn                 0x080342a1     0x20  Code  Lc  ff.o [1]
sync_fs                 0x08033889     0xd8  Code  Lc  ff.o [1]
sync_window             0x080337ef     0x5a  Code  Lc  ff.o [1]
system_state_dis        0x0803fed4    0x190  Data  Gb  product_cal.o [1]
total_meter_gross       0x2001ee78      0x4  Data  Gb  product_cal.o [1]
total_weight_gross      0x2001ee7c      0x4  Data  Gb  product_cal.o [1]
ucHeap                  0x200001cc  0x11800  Data  Lc  heap_4.o [1]
ucMaxSysCallPriority    0x2001ef08      0x1  Data  Lc  port.o [1]
ulHighFrequencyTimerTicks
                        0x2001ee80      0x4  Data  Gb  SysInfoTest.o [1]
ulMaxPRIGROUPValue      0x2001ee74      0x4  Data  Lc  port.o [1]
ulTaskSwitchedInTime    0x2001eebc      0x4  Data  Lc  tasks.o [1]
ulTotalRunTime          0x2001eec0      0x4  Data  Lc  tasks.o [1]
uni2oem                 0x08000188  0x15484  Data  Lc  cc936.o [1]
usb_disk_flag           0x2001eeff      0x1  Data  Gb  apptask.o [1]
usbh_OpenMassStorage    0x08032c3d     0x14  Code  Gb  usbh_usr.o [1]
uxCriticalNesting       0x200001bc      0x4  Data  Lc  port.o [1]
uxCurrentNumberOfTasks  0x2001ee94      0x4  Data  Lc  tasks.o [1]
uxListRemove            0x08037225     0x28  Code  Gb  list.o [1]
uxPendedTicks           0x2001eea4      0x4  Data  Lc  tasks.o [1]
uxSchedulerSuspended    0x2001eeb8      0x4  Data  Lc  tasks.o [1]
uxTaskNumber            0x2001eeb0      0x4  Data  Lc  tasks.o [1]
uxTaskResetEventItemValue
                        0x0802f7c5     0x20  Code  Gb  tasks.o [1]
uxTasksDeleted          0x2001ee90      0x4  Data  Lc  tasks.o [1]
uxTopReadyPriority      0x2001ee9c      0x4  Data  Lc  tasks.o [1]
vListInitialise         0x080371b5     0x1e  Code  Gb  list.o [1]
vListInsert             0x080371eb     0x3a  Code  Gb  list.o [1]
vListInsertEnd          0x080371d3     0x18  Code  Gb  list.o [1]
vPortEnableVFP          0x0803a62d           Code  Gb  portasm.o [1]
vPortEnterCritical      0x08037083     0x3a  Code  Gb  port.o [1]
vPortExitCritical       0x080370bd     0x32  Code  Gb  port.o [1]
vPortFree               0x08037365     0x78  Code  Gb  heap_4.o [1]
vPortSetupTimerInterrupt
                        0x0803711b      0xe  Code  Wk  port.o [1]
vPortStartFirstTask     0x0803a615           Code  Gb  portasm.o [1]
vPortValidateInterruptPriority
                        0x08037129     0x4e  Code  Gb  port.o [1]
vQueueWaitForMessageRestricted
                        0x0802ffbd     0x44  Code  Gb  queue.o [1]
vSetupSysInfoTest       0x0804085d     0x12  Code  Gb  SysInfoTest.o [1]
vTaskDelay              0x0802edbd     0x84  Code  Gb  tasks.o [1]
vTaskManageCapacity     0x0802deb9    0x5b0  Code  Gb  apptask.o [1]
vTaskMassStorage        0x0802d0fd    0x23c  Code  Lc  apptask.o [1]
vTaskMissedYield        0x0802f557      0xa  Code  Gb  tasks.o [1]
vTaskMotorControl       0x0802e46d    0x12c  Code  Lc  apptask.o [1]
vTaskMsgPro             0x0802d789    0x426  Code  Lc  apptask.o [1]
vTaskPlaceOnEventList   0x0802f1bd     0x74  Code  Gb  tasks.o [1]
vTaskPlaceOnEventListRestricted
                        0x0802f2f5     0x80  Code  Gb  tasks.o [1]
vTaskPlaceOnUnorderedEventList
                        0x0802f24d     0xa8  Code  Gb  tasks.o [1]
vTaskReadDisk           0x0802dc85    0x1b6  Code  Lc  apptask.o [1]
vTaskRev485             0x0802dbb5     0xae  Code  Lc  apptask.o [1]
vTaskSetTimeOutState    0x0802f4a1     0x26  Code  Gb  tasks.o [1]
vTaskStartScheduler     0x0802ee41     0x7e  Code  Gb  tasks.o [1]
vTaskSuspendAll         0x0802eebf     0x10  Code  Gb  tasks.o [1]
vTaskSwitchContext      0x0802f10d     0xb0  Code  Gb  tasks.o [1]
vTaskTaskLCD            0x0802aa91   0x265a  Code  Gb  apptask.o [1]
vTaskTaskLED            0x0802d371     0x20  Code  Lc  apptask.o [1]
vTaskTaskRFID           0x0802d391    0x3c6  Code  Lc  apptask.o [1]
validate                0x08035047     0x36  Code  Lc  ff.o [1]
weimi_para              0x2001e524    0x118  Data  Gb  page_weimi.o [1]
work_idle               0x2001ef0b      0x1  Data  Gb  product_cal.o [1]
work_idle_time          0x2001eef6      0x2  Data  Gb  product_cal.o [1]
xActiveTimerList1       0x2001ed18     0x14  Data  Lc  timers.o [1]
xActiveTimerList2       0x2001ed2c     0x14  Data  Lc  timers.o [1]
xBlockAllocatedBit      0x2001ee70      0x4  Data  Lc  heap_4.o [1]
xDelayedTaskList1       0x2001ecb4     0x14  Data  Lc  tasks.o [1]
xDelayedTaskList2       0x2001ecc8     0x14  Data  Lc  tasks.o [1]
xEventGroupCreate       0x08036859     0x1c  Code  Gb  event_groups.o [1]
xEventGroupSetBits      0x080369c1     0xd6  Code  Gb  event_groups.o [1]
xEventGroupWaitBits     0x08036875    0x146  Code  Gb  event_groups.o [1]
xFreeBytesRemaining     0x2001ee68      0x4  Data  Lc  heap_4.o [1]
xHandleTaskLCD          0x2001edf0      0x4  Data  Gb  apptask.o [1]
xHandleTaskLED          0x2001edf4      0x4  Data  Gb  apptask.o [1]
xHandleTaskManageCapacity
                        0x2001ee0c      0x4  Data  Gb  apptask.o [1]
xHandleTaskMassStorage  0x2001edfc      0x4  Data  Gb  apptask.o [1]
xHandleTaskMotorControl
                        0x2001ee10      0x4  Data  Gb  apptask.o [1]
xHandleTaskMsgPro       0x2001ee04      0x4  Data  Gb  apptask.o [1]
xHandleTaskRFID         0x2001edf8      0x4  Data  Gb  apptask.o [1]
xHandleTaskReadDisk     0x2001ee00      0x4  Data  Gb  apptask.o [1]
xHandleTaskRev485       0x2001ee08      0x4  Data  Gb  apptask.o [1]
xHeapStructSize         0x08041484      0x4  Data  Lc  heap_4.o [1]
xMinimumEverFreeBytesRemaining
                        0x2001ee6c      0x4  Data  Lc  heap_4.o [1]
xNextTaskUnblockTime    0x2001eeb4      0x4  Data  Lc  tasks.o [1]
xNumOfOverflows         0x2001eeac      0x4  Data  Lc  tasks.o [1]
xPendingReadyList       0x2001ecdc     0x14  Data  Lc  tasks.o [1]
xPortStartScheduler     0x08036fb7     0xcc  Code  Gb  port.o [1]
xQueueGenericCreate     0x0802f8c9     0x7e  Code  Gb  queue.o [1]
xQueueGenericReceive    0x0802fcbd    0x19c  Code  Gb  queue.o [1]
xQueueGenericReset      0x0802f839     0x90  Code  Gb  queue.o [1]
xQueueGenericSend       0x0802f947    0x1b2  Code  Gb  queue.o [1]
xQueueGenericSendFromISR
                        0x0802faf9     0xec  Code  Gb  queue.o [1]
xQueueGiveFromISR       0x0802fbe5     0xd8  Code  Gb  queue.o [1]
xQueue_message          0x2001ee34      0x4  Data  Gb  apptask.o [1]
xSchedulerRunning       0x2001eea0      0x4  Data  Lc  tasks.o [1]
xSemaphore_download     0x2001ee24      0x4  Data  Gb  apptask.o [1]
xSemaphore_encoder      0x2001ee20      0x4  Data  Gb  apptask.o [1]
xSemaphore_lcd          0x2001ee14      0x4  Data  Gb  apptask.o [1]
xSemaphore_pluse        0x2001ee1c      0x4  Data  Gb  apptask.o [1]
xSemaphore_readDisk     0x2001ee28      0x4  Data  Gb  apptask.o [1]
xSemaphore_rs485        0x2001ee18      0x4  Data  Gb  apptask.o [1]
xStart                  0x2001edd8      0x8  Data  Lc  heap_4.o [1]
xSuspendedTaskList      0x2001ed04     0x14  Data  Lc  tasks.o [1]
xTaskCheckForTimeOut    0x0802f4cd     0x8a  Code  Gb  tasks.o [1]
xTaskGenericCreate      0x0802ec39    0x184  Code  Gb  tasks.o [1]
xTaskGetSchedulerState  0x0802f78b     0x26  Code  Gb  tasks.o [1]
xTaskGetTickCount       0x0802efcf      0xa  Code  Gb  tasks.o [1]
xTaskIncrementTick      0x0802efd9    0x134  Code  Gb  tasks.o [1]
xTaskRemoveFromEventList
                        0x0802f379     0x8e  Code  Gb  tasks.o [1]
xTaskRemoveFromUnorderedEventList
                        0x0802f40d     0x94  Code  Gb  tasks.o [1]
xTaskResumeAll          0x0802eecf    0x100  Code  Gb  tasks.o [1]
xTasksWaitingTermination
                        0x2001ecf0     0x14  Data  Lc  tasks.o [1]
xTickCount              0x2001ee98      0x4  Data  Lc  tasks.o [1]
xTimerCreate            0x08036b0d     0x62  Code  Gb  timers.o [1]
xTimerCreateTimerTask   0x08036abd     0x50  Code  Gb  timers.o [1]
xTimerGenericCommand    0x08036b6f     0x84  Code  Gb  timers.o [1]
xTimerQueue             0x2001eecc      0x4  Data  Lc  timers.o [1]
xTimerUser              0x2001ee30      0x4  Data  Gb  apptask.o [1]
xYieldPending           0x2001eea8      0x4  Data  Lc  tasks.o [1]


[1] = E:\WORK\YarnControl_Driver\YarnControl_Driver\src\stm32f4_rtos\Project\EWARMv7\Flash\Obj
[2] = command line
[3] = dl7M_tlf.a
[4] = m7M_tls.a
[5] = rt7M_tl.a
[6] = shb_l.a

   86 924 bytes of readonly  code memory
  181 037 bytes of readonly  data memory
  128 788 bytes of readwrite data memory (+ 1 044 480 absolute)

Errors: none
Warnings: none
