###############################################################################
#
# IAR ELF Linker V7.40.7.9843/W32 for ARM                 15/Mar/2019  20:18:15
# Copyright 2007-2015 IAR Systems AB.
#
#    Output file  =  
#        E:\WORK\YarnControl_Driver\YarnControl_Driver\src\stm32f4_rtos\Project\EWARMv7\Flash\Exe\project.out
#    Map file     =  
#        E:\WORK\YarnControl_Driver\YarnControl_Driver\src\stm32f4_rtos\Project\EWARMv7\Flash\List\project.map
#    Command line =  
#        E:\WORK\YarnControl_Driver\YarnControl_Driver\src\stm32f4_rtos\Project\EWARMv7\Flash\Obj\apptask.o
#        E:\WORK\YarnControl_Driver\YarnControl_Driver\src\stm32f4_rtos\Project\EWARMv7\Flash\Obj\bsp.o
#        E:\WORK\YarnControl_Driver\YarnControl_Driver\src\stm32f4_rtos\Project\EWARMv7\Flash\Obj\bsp_closeSW.o
#        E:\WORK\YarnControl_Driver\YarnControl_Driver\src\stm32f4_rtos\Project\EWARMv7\Flash\Obj\bsp_dwt.o
#        E:\WORK\YarnControl_Driver\YarnControl_Driver\src\stm32f4_rtos\Project\EWARMv7\Flash\Obj\bsp_led.o
#        E:\WORK\YarnControl_Driver\YarnControl_Driver\src\stm32f4_rtos\Project\EWARMv7\Flash\Obj\bsp_relay.o
#        E:\WORK\YarnControl_Driver\YarnControl_Driver\src\stm32f4_rtos\Project\EWARMv7\Flash\Obj\bsp_sdio_sd.o
#        E:\WORK\YarnControl_Driver\YarnControl_Driver\src\stm32f4_rtos\Project\EWARMv7\Flash\Obj\bsp_sdwe050c17.o
#        E:\WORK\YarnControl_Driver\YarnControl_Driver\src\stm32f4_rtos\Project\EWARMv7\Flash\Obj\bsp_servomotor.o
#        E:\WORK\YarnControl_Driver\YarnControl_Driver\src\stm32f4_rtos\Project\EWARMv7\Flash\Obj\bsp_spi.o
#        E:\WORK\YarnControl_Driver\YarnControl_Driver\src\stm32f4_rtos\Project\EWARMv7\Flash\Obj\bsp_stepmotor.o
#        E:\WORK\YarnControl_Driver\YarnControl_Driver\src\stm32f4_rtos\Project\EWARMv7\Flash\Obj\bsp_sw_onoff.o
#        E:\WORK\YarnControl_Driver\YarnControl_Driver\src\stm32f4_rtos\Project\EWARMv7\Flash\Obj\bsp_tim_pwm.o
#        E:\WORK\YarnControl_Driver\YarnControl_Driver\src\stm32f4_rtos\Project\EWARMv7\Flash\Obj\bsp_timer.o
#        E:\WORK\YarnControl_Driver\YarnControl_Driver\src\stm32f4_rtos\Project\EWARMv7\Flash\Obj\bsp_uart_fifo.o
#        E:\WORK\YarnControl_Driver\YarnControl_Driver\src\stm32f4_rtos\Project\EWARMv7\Flash\Obj\bsp_w25qxx.o
#        E:\WORK\YarnControl_Driver\YarnControl_Driver\src\stm32f4_rtos\Project\EWARMv7\Flash\Obj\bsp_watchdog.o
#        E:\WORK\YarnControl_Driver\YarnControl_Driver\src\stm32f4_rtos\Project\EWARMv7\Flash\Obj\cc936.o
#        E:\WORK\YarnControl_Driver\YarnControl_Driver\src\stm32f4_rtos\Project\EWARMv7\Flash\Obj\cJSON.o
#        E:\WORK\YarnControl_Driver\YarnControl_Driver\src\stm32f4_rtos\Project\EWARMv7\Flash\Obj\croutine.o
#        E:\WORK\YarnControl_Driver\YarnControl_Driver\src\stm32f4_rtos\Project\EWARMv7\Flash\Obj\demo_fatfs.o
#        E:\WORK\YarnControl_Driver\YarnControl_Driver\src\stm32f4_rtos\Project\EWARMv7\Flash\Obj\diskio.o
#        E:\WORK\YarnControl_Driver\YarnControl_Driver\src\stm32f4_rtos\Project\EWARMv7\Flash\Obj\encoder_tim.o
#        E:\WORK\YarnControl_Driver\YarnControl_Driver\src\stm32f4_rtos\Project\EWARMv7\Flash\Obj\esp8266_handler.o
#        E:\WORK\YarnControl_Driver\YarnControl_Driver\src\stm32f4_rtos\Project\EWARMv7\Flash\Obj\esp8266_init.o
#        E:\WORK\YarnControl_Driver\YarnControl_Driver\src\stm32f4_rtos\Project\EWARMv7\Flash\Obj\event_groups.o
#        E:\WORK\YarnControl_Driver\YarnControl_Driver\src\stm32f4_rtos\Project\EWARMv7\Flash\Obj\ff.o
#        E:\WORK\YarnControl_Driver\YarnControl_Driver\src\stm32f4_rtos\Project\EWARMv7\Flash\Obj\heap_4.o
#        E:\WORK\YarnControl_Driver\YarnControl_Driver\src\stm32f4_rtos\Project\EWARMv7\Flash\Obj\list.o
#        E:\WORK\YarnControl_Driver\YarnControl_Driver\src\stm32f4_rtos\Project\EWARMv7\Flash\Obj\main.o
#        E:\WORK\YarnControl_Driver\YarnControl_Driver\src\stm32f4_rtos\Project\EWARMv7\Flash\Obj\malloc.o
#        E:\WORK\YarnControl_Driver\YarnControl_Driver\src\stm32f4_rtos\Project\EWARMv7\Flash\Obj\mcheck.o
#        E:\WORK\YarnControl_Driver\YarnControl_Driver\src\stm32f4_rtos\Project\EWARMv7\Flash\Obj\misc.o
#        E:\WORK\YarnControl_Driver\YarnControl_Driver\src\stm32f4_rtos\Project\EWARMv7\Flash\Obj\modbus.o
#        E:\WORK\YarnControl_Driver\YarnControl_Driver\src\stm32f4_rtos\Project\EWARMv7\Flash\Obj\MQTTConnectClient.o
#        E:\WORK\YarnControl_Driver\YarnControl_Driver\src\stm32f4_rtos\Project\EWARMv7\Flash\Obj\MQTTConnectServer.o
#        E:\WORK\YarnControl_Driver\YarnControl_Driver\src\stm32f4_rtos\Project\EWARMv7\Flash\Obj\MQTTDeserializePublish.o
#        E:\WORK\YarnControl_Driver\YarnControl_Driver\src\stm32f4_rtos\Project\EWARMv7\Flash\Obj\MQTTFormat.o
#        E:\WORK\YarnControl_Driver\YarnControl_Driver\src\stm32f4_rtos\Project\EWARMv7\Flash\Obj\MQTTPacket.o
#        E:\WORK\YarnControl_Driver\YarnControl_Driver\src\stm32f4_rtos\Project\EWARMv7\Flash\Obj\MQTTSerializePublish.o
#        E:\WORK\YarnControl_Driver\YarnControl_Driver\src\stm32f4_rtos\Project\EWARMv7\Flash\Obj\MQTTSubscribeClient.o
#        E:\WORK\YarnControl_Driver\YarnControl_Driver\src\stm32f4_rtos\Project\EWARMv7\Flash\Obj\MQTTSubscribeServer.o
#        E:\WORK\YarnControl_Driver\YarnControl_Driver\src\stm32f4_rtos\Project\EWARMv7\Flash\Obj\MQTTUnsubscribeClient.o
#        E:\WORK\YarnControl_Driver\YarnControl_Driver\src\stm32f4_rtos\Project\EWARMv7\Flash\Obj\MQTTUnsubscribeServer.o
#        E:\WORK\YarnControl_Driver\YarnControl_Driver\src\stm32f4_rtos\Project\EWARMv7\Flash\Obj\page_weimi.o
#        E:\WORK\YarnControl_Driver\YarnControl_Driver\src\stm32f4_rtos\Project\EWARMv7\Flash\Obj\para.o
#        E:\WORK\YarnControl_Driver\YarnControl_Driver\src\stm32f4_rtos\Project\EWARMv7\Flash\Obj\port.o
#        E:\WORK\YarnControl_Driver\YarnControl_Driver\src\stm32f4_rtos\Project\EWARMv7\Flash\Obj\portasm.o
#        E:\WORK\YarnControl_Driver\YarnControl_Driver\src\stm32f4_rtos\Project\EWARMv7\Flash\Obj\product_cal.o
#        E:\WORK\YarnControl_Driver\YarnControl_Driver\src\stm32f4_rtos\Project\EWARMv7\Flash\Obj\protocol.o
#        E:\WORK\YarnControl_Driver\YarnControl_Driver\src\stm32f4_rtos\Project\EWARMv7\Flash\Obj\pub0sub1.o
#        E:\WORK\YarnControl_Driver\YarnControl_Driver\src\stm32f4_rtos\Project\EWARMv7\Flash\Obj\queue.o
#        E:\WORK\YarnControl_Driver\YarnControl_Driver\src\stm32f4_rtos\Project\EWARMv7\Flash\Obj\rc522.o
#        E:\WORK\YarnControl_Driver\YarnControl_Driver\src\stm32f4_rtos\Project\EWARMv7\Flash\Obj\startup_stm32f40_41xxx.o
#        E:\WORK\YarnControl_Driver\YarnControl_Driver\src\stm32f4_rtos\Project\EWARMv7\Flash\Obj\stm32f4xx_adc.o
#        E:\WORK\YarnControl_Driver\YarnControl_Driver\src\stm32f4_rtos\Project\EWARMv7\Flash\Obj\stm32f4xx_assert.o
#        E:\WORK\YarnControl_Driver\YarnControl_Driver\src\stm32f4_rtos\Project\EWARMv7\Flash\Obj\stm32f4xx_can.o
#        E:\WORK\YarnControl_Driver\YarnControl_Driver\src\stm32f4_rtos\Project\EWARMv7\Flash\Obj\stm32f4xx_crc.o
#        E:\WORK\YarnControl_Driver\YarnControl_Driver\src\stm32f4_rtos\Project\EWARMv7\Flash\Obj\stm32f4xx_cryp.o
#        E:\WORK\YarnControl_Driver\YarnControl_Driver\src\stm32f4_rtos\Project\EWARMv7\Flash\Obj\stm32f4xx_cryp_aes.o
#        E:\WORK\YarnControl_Driver\YarnControl_Driver\src\stm32f4_rtos\Project\EWARMv7\Flash\Obj\stm32f4xx_cryp_des.o
#        E:\WORK\YarnControl_Driver\YarnControl_Driver\src\stm32f4_rtos\Project\EWARMv7\Flash\Obj\stm32f4xx_cryp_tdes.o
#        E:\WORK\YarnControl_Driver\YarnControl_Driver\src\stm32f4_rtos\Project\EWARMv7\Flash\Obj\stm32f4xx_dac.o
#        E:\WORK\YarnControl_Driver\YarnControl_Driver\src\stm32f4_rtos\Project\EWARMv7\Flash\Obj\stm32f4xx_dbgmcu.o
#        E:\WORK\YarnControl_Driver\YarnControl_Driver\src\stm32f4_rtos\Project\EWARMv7\Flash\Obj\stm32f4xx_dcmi.o
#        E:\WORK\YarnControl_Driver\YarnControl_Driver\src\stm32f4_rtos\Project\EWARMv7\Flash\Obj\stm32f4xx_dma.o
#        E:\WORK\YarnControl_Driver\YarnControl_Driver\src\stm32f4_rtos\Project\EWARMv7\Flash\Obj\stm32f4xx_dma2d.o
#        E:\WORK\YarnControl_Driver\YarnControl_Driver\src\stm32f4_rtos\Project\EWARMv7\Flash\Obj\stm32f4xx_exti.o
#        E:\WORK\YarnControl_Driver\YarnControl_Driver\src\stm32f4_rtos\Project\EWARMv7\Flash\Obj\stm32f4xx_flash.o
#        E:\WORK\YarnControl_Driver\YarnControl_Driver\src\stm32f4_rtos\Project\EWARMv7\Flash\Obj\stm32f4xx_fsmc.o
#        E:\WORK\YarnControl_Driver\YarnControl_Driver\src\stm32f4_rtos\Project\EWARMv7\Flash\Obj\stm32f4xx_gpio.o
#        E:\WORK\YarnControl_Driver\YarnControl_Driver\src\stm32f4_rtos\Project\EWARMv7\Flash\Obj\stm32f4xx_hash.o
#        E:\WORK\YarnControl_Driver\YarnControl_Driver\src\stm32f4_rtos\Project\EWARMv7\Flash\Obj\stm32f4xx_hash_md5.o
#        E:\WORK\YarnControl_Driver\YarnControl_Driver\src\stm32f4_rtos\Project\EWARMv7\Flash\Obj\stm32f4xx_hash_sha1.o
#        E:\WORK\YarnControl_Driver\YarnControl_Driver\src\stm32f4_rtos\Project\EWARMv7\Flash\Obj\stm32f4xx_i2c.o
#        E:\WORK\YarnControl_Driver\YarnControl_Driver\src\stm32f4_rtos\Project\EWARMv7\Flash\Obj\stm32f4xx_it.o
#        E:\WORK\YarnControl_Driver\YarnControl_Driver\src\stm32f4_rtos\Project\EWARMv7\Flash\Obj\stm32f4xx_iwdg.o
#        E:\WORK\YarnControl_Driver\YarnControl_Driver\src\stm32f4_rtos\Project\EWARMv7\Flash\Obj\stm32f4xx_ltdc.o
#        E:\WORK\YarnControl_Driver\YarnControl_Driver\src\stm32f4_rtos\Project\EWARMv7\Flash\Obj\stm32f4xx_pwr.o
#        E:\WORK\YarnControl_Driver\YarnControl_Driver\src\stm32f4_rtos\Project\EWARMv7\Flash\Obj\stm32f4xx_rcc.o
#        E:\WORK\YarnControl_Driver\YarnControl_Driver\src\stm32f4_rtos\Project\EWARMv7\Flash\Obj\stm32f4xx_rng.o
#        E:\WORK\YarnControl_Driver\YarnControl_Driver\src\stm32f4_rtos\Project\EWARMv7\Flash\Obj\stm32f4xx_rtc.o
#        E:\WORK\YarnControl_Driver\YarnControl_Driver\src\stm32f4_rtos\Project\EWARMv7\Flash\Obj\stm32f4xx_sai.o
#        E:\WORK\YarnControl_Driver\YarnControl_Driver\src\stm32f4_rtos\Project\EWARMv7\Flash\Obj\stm32f4xx_sdio.o
#        E:\WORK\YarnControl_Driver\YarnControl_Driver\src\stm32f4_rtos\Project\EWARMv7\Flash\Obj\stm32f4xx_spi.o
#        E:\WORK\YarnControl_Driver\YarnControl_Driver\src\stm32f4_rtos\Project\EWARMv7\Flash\Obj\stm32f4xx_syscfg.o
#        E:\WORK\YarnControl_Driver\YarnControl_Driver\src\stm32f4_rtos\Project\EWARMv7\Flash\Obj\stm32f4xx_tim.o
#        E:\WORK\YarnControl_Driver\YarnControl_Driver\src\stm32f4_rtos\Project\EWARMv7\Flash\Obj\stm32f4xx_usart.o
#        E:\WORK\YarnControl_Driver\YarnControl_Driver\src\stm32f4_rtos\Project\EWARMv7\Flash\Obj\stm32f4xx_wwdg.o
#        E:\WORK\YarnControl_Driver\YarnControl_Driver\src\stm32f4_rtos\Project\EWARMv7\Flash\Obj\SysInfoTest.o
#        E:\WORK\YarnControl_Driver\YarnControl_Driver\src\stm32f4_rtos\Project\EWARMv7\Flash\Obj\system_stm32f4xx.o
#        E:\WORK\YarnControl_Driver\YarnControl_Driver\src\stm32f4_rtos\Project\EWARMv7\Flash\Obj\tasks.o
#        E:\WORK\YarnControl_Driver\YarnControl_Driver\src\stm32f4_rtos\Project\EWARMv7\Flash\Obj\timer_platform.o
#        E:\WORK\YarnControl_Driver\YarnControl_Driver\src\stm32f4_rtos\Project\EWARMv7\Flash\Obj\timers.o
#        E:\WORK\YarnControl_Driver\YarnControl_Driver\src\stm32f4_rtos\Project\EWARMv7\Flash\Obj\transport.o
#        E:\WORK\YarnControl_Driver\YarnControl_Driver\src\stm32f4_rtos\Project\EWARMv7\Flash\Obj\usb_bsp.o
#        E:\WORK\YarnControl_Driver\YarnControl_Driver\src\stm32f4_rtos\Project\EWARMv7\Flash\Obj\usb_core.o
#        E:\WORK\YarnControl_Driver\YarnControl_Driver\src\stm32f4_rtos\Project\EWARMv7\Flash\Obj\usb_hcd.o
#        E:\WORK\YarnControl_Driver\YarnControl_Driver\src\stm32f4_rtos\Project\EWARMv7\Flash\Obj\usb_hcd_int.o
#        E:\WORK\YarnControl_Driver\YarnControl_Driver\src\stm32f4_rtos\Project\EWARMv7\Flash\Obj\usbh_core.o
#        E:\WORK\YarnControl_Driver\YarnControl_Driver\src\stm32f4_rtos\Project\EWARMv7\Flash\Obj\usbh_hcs.o
#        E:\WORK\YarnControl_Driver\YarnControl_Driver\src\stm32f4_rtos\Project\EWARMv7\Flash\Obj\usbh_ioreq.o
#        E:\WORK\YarnControl_Driver\YarnControl_Driver\src\stm32f4_rtos\Project\EWARMv7\Flash\Obj\usbh_it.o
#        E:\WORK\YarnControl_Driver\YarnControl_Driver\src\stm32f4_rtos\Project\EWARMv7\Flash\Obj\usbh_msc_bot.o
#        E:\WORK\YarnControl_Driver\YarnControl_Driver\src\stm32f4_rtos\Project\EWARMv7\Flash\Obj\usbh_msc_core.o
#        E:\WORK\YarnControl_Driver\YarnControl_Driver\src\stm32f4_rtos\Project\EWARMv7\Flash\Obj\usbh_msc_scsi.o
#        E:\WORK\YarnControl_Driver\YarnControl_Driver\src\stm32f4_rtos\Project\EWARMv7\Flash\Obj\usbh_stdreq.o
#        E:\WORK\YarnControl_Driver\YarnControl_Driver\src\stm32f4_rtos\Project\EWARMv7\Flash\Obj\usbh_usr.o
#        -o
#        E:\WORK\YarnControl_Driver\YarnControl_Driver\src\stm32f4_rtos\Project\EWARMv7\Flash\Exe\project.out
#        --map
#        E:\WORK\YarnControl_Driver\YarnControl_Driver\src\stm32f4_rtos\Project\EWARMv7\Flash\List\project.map
#        --config
#        E:\WORK\YarnControl_Driver\YarnControl_Driver\src\stm32f4_rtos\Project\EWARMv7\stm32f4xx_flash.icf
#        --semihosting --entry __iar_program_start --inline --vfe
#
###############################################################################

*******************************************************************************
*** RUNTIME MODEL ATTRIBUTES
***

CppFlavor                     = *
__Heap_Handler                = DLMalloc
__SystemLibrary               = DLib
__dlib_dynamic_initialization = normal


*******************************************************************************
*** PLACEMENT SUMMARY
***

"A1":  place at 0x08000000 { ro section .intvec };
"P1":  place in [from 0x08000000 to 0x080fffff] { ro };
"P2":  place in [from 0x20000000 to 0x2001ffff] { rw, block CSTACK, block HEAP };

  Section             Kind        Address     Size  Object
  -------             ----        -------     ----  ------
"A1":                                        0x188
  .intvec             ro code  0x08000000    0x188  startup_stm32f40_41xxx.o [1]
                             - 0x08000188    0x188

"P1":                                      0x48815
  .rodata             const    0x08000188  0x15484  cc936.o [1]
  .rodata             const    0x0801560c  0x15484  cc936.o [1]
  .text               ro code  0x0802aa90   0x6208  apptask.o [1]
  .text               ro code  0x08030c98    0x7c8  queue.o [1]
  .text               ro code  0x08031460   0x16cc  bsp_sdwe050c17.o [1]
  .text               ro code  0x08032b2c    0x6b0  product_cal.o [1]
  .text               ro code  0x080331dc     0x66  ABImemset.o [5]
  .text               ro code  0x08033242     0x1e  xsscin.o [3]
  .text               ro code  0x08033260    0xc00  tasks.o [1]
  .text               ro code  0x08033e60    0x380  bsp_w25qxx.o [1]
  .text               ro code  0x080341e0     0x4e  FltToDbl.o [4]
  .text               ro code  0x0803422e     0x1a  xsnprout.o [3]
  .text               ro code  0x08034248     0x24  printf.o [3]
  .text               ro code  0x0803426c     0x76  ABImemcpy_unaligned.o [5]
  .text               ro code  0x080342e2      0xa  xsprout.o [3]
  .text               ro code  0x080342ec     0x42  strcmp_unaligned.o [5]
  .text               ro code  0x08034330    0x21c  malloc.o [1]
  .text               ro code  0x0803454c     0x30  I32ToDbl.o [4]
  .text               ro code  0x0803457c    0x256  DblDiv.o [4]
  .text               ro code  0x080347d4     0xe8  DblAdd.o [4]
  .text               ro code  0x080348bc    0x1a2  DblMul.o [4]
  .text               ro code  0x08034a60     0x58  DblToI32.o [4]
  .text               ro code  0x08034ab8     0x90  DblToFlt.o [4]
  .text               ro code  0x08034b48     0x36  strlen.o [5]
  .text               ro code  0x08034b80   0x13ee  para.o [1]
  .text               ro code  0x08035f70    0x400  page_weimi.o [1]
  .text               ro code  0x08036370     0x62  memcmp_unaligned.o [5]
  .text               ro code  0x080363d4    0x48c  bsp_servomotor.o [1]
  .text               ro code  0x08036860    0x1a2  usbh_usr.o [1]
  .text               ro code  0x08036a04    0x760  usbh_core.o [1]
  .text               ro code  0x08037164   0x2498  ff.o [1]
  .text               ro code  0x080395fc     0x34  sprintf.o [3]
  .text               ro code  0x08039630     0x1c  strcat.o [3]
  .text               ro code  0x0803964c     0xc0  bsp_led.o [1]
  .text               ro code  0x0803970c     0xae  rc522.o [1]
  .text               ro code  0x080397bc    0x354  modbus.o [1]
  .text               ro code  0x08039b10     0x68  bsp_sw_onoff.o [1]
  .text               ro code  0x08039b78     0x44  protocol.o [1]
  .text               ro code  0x08039bbc     0x10  para.o [1]
  .text               ro code  0x08039bcc     0xd4  bsp_closeSW.o [1]
  .text               ro code  0x08039ca0    0x12c  stm32f4xx_gpio.o [1]
  .text               ro code  0x08039dcc    0x324  bsp_stepmotor.o [1]
  .text               ro code  0x0803a0f0    0x25c  encoder_tim.o [1]
  .text               ro code  0x0803a34c     0x7c  esp8266_init.o [1]
  .text               ro code  0x0803a3c8    0x32c  esp8266_handler.o [1]
  .text               ro code  0x0803a6f4    0x434  pub0sub1.o [1]
  .text               ro code  0x0803ab28    0x262  event_groups.o [1]
  .text               ro code  0x0803ad8c    0x4a4  timers.o [1]
  .text               ro code  0x0803b230      0x8  bsp_watchdog.o [1]
  .text               ro code  0x0803b238    0x24c  port.o [1]
  .text               ro code  0x0803b484     0x98  list.o [1]
  .text               ro code  0x0803b51c    0x280  heap_4.o [1]
  .text               ro code  0x0803b79c    0x1e8  stm32f4xx_rcc.o [1]
  .text               ro code  0x0803b984     0x74  bsp_dwt.o [1]
  .text               ro code  0x0803b9f8    0xa98  bsp_uart_fifo.o [1]
  .text               ro code  0x0803c490    0x204  bsp_timer.o [1]
  .text               ro code  0x0803c694    0x124  bsp_spi.o [1]
  .text               ro code  0x0803c7b8    0xd96  xprintffull_nomb.o [3]
  .text               ro code  0x0803d550    0x180  DblSub.o [4]
  .text               ro code  0x0803d6d0     0x44  strcpy_unaligned.o [5]
  .text               ro code  0x0803d714     0x24  sscanf.o [3]
  .text               ro code  0x0803d738    0x6e4  stm32f4xx_tim.o [1]
  .text               ro code  0x0803de1c    0x31c  stm32f4xx_dma.o [1]
  .text               ro code  0x0803e138     0x88  misc.o [1]
  .text               ro code  0x0803e1c0    0x14c  usb_bsp.o [1]
  .text               ro code  0x0803e30c     0xd6  usb_hcd.o [1]
  .text               ro code  0x0803e3e2    0x1ba  usbh_hcs.o [1]
  .text               ro code  0x0803e59c    0x436  usbh_stdreq.o [1]
  .text               ro code  0x0803e9d2    0x246  usbh_ioreq.o [1]
  .text               ro code  0x0803ec18    0x2e4  diskio.o [1]
  .text               ro code  0x0803eefc     0xf4  cc936.o [1]
  .text               ro code  0x0803eff0     0xb8  mcheck.o [1]
  .text               ro code  0x0803f0a8     0x2c  strstr.o [3]
  .text               ro code  0x0803f0d4     0x54  stm32f4xx_syscfg.o [1]
  .text               ro code  0x0803f128     0xc0  stm32f4xx_exti.o [1]
  .text               ro code  0x0803f1e8    0x132  I64DivMod.o [5]
  .text               ro code  0x0803f31c      0x6  ABImemclr4.o [5]
  .text               ro code  0x0803f324     0x44  snprintf.o [3]
  .text               ro code  0x0803f368    0x306  MQTTConnectClient.o [1]
  .text               ro code  0x0803f670     0x6c  transport.o [1]
  .text               ro code  0x0803f6dc    0x290  MQTTPacket.o [1]
  .text               ro code  0x0803f96c     0x40  timer_platform.o [1]
  .text               ro code  0x0803f9ac    0x190  MQTTSubscribeClient.o [1]
  .text               ro code  0x0803fb3c     0xbc  MQTTDeserializePublish.o [1]
  .text               ro code  0x0803fbf8     0xec  MQTTSerializePublish.o [1]
  .text               ro code  0x0803fce4     0x10  stm32f4xx_iwdg.o [1]
  CODE                ro code  0x0803fcf4     0xa8  portasm.o [1]
  .text               ro code  0x0803fd9c    0x254  stm32f4xx_usart.o [1]
  .text               ro code  0x0803fff0     0x74  stm32f4xx_spi.o [1]
  .text               ro code  0x08040064     0x16  strchr.o [5]
  .text               ro code  0x0804007c     0x58  memchr.o [5]
  .text               ro code  0x080400d4     0x42  xdnorm.o [4]
  .text               ro code  0x08040118     0x2e  DblCmpLe.o [4]
  .text               ro code  0x08040148     0x2e  DblCmpGe.o [4]
  .text               ro code  0x08040178    0x114  xdscale.o [4]
  .text               ro code  0x0804028c     0x6c  localeconv.o [3]
  .text               ro code  0x080402f8      0xe  div.o [3]
  .text               ro code  0x08040308    0xb64  xscanffull_nomb.o [3]
  .text               ro code  0x08040e6c    0xa50  usb_core.o [1]
  .text               ro code  0x080418bc   0x1a58  bsp_sdio_sd.o [1]
  .text               ro code  0x08043314    0x618  usbh_msc_scsi.o [1]
  .text               ro code  0x0804392c    0x554  usbh_msc_bot.o [1]
  .text               ro code  0x08043e80      0x2  I64DivZer.o [5]
  .text               ro code  0x08043e84     0x32  ABImemset48.o [5]
  .text               ro code  0x08043eb6     0x28  isxxx.o [3]
  .text               ro code  0x08043ede     0xa4  xstoll.o [3]
  .text               ro code  0x08043f84    0x1b0  xstoull.o [3]
  .text               ro code  0x08044134    0x168  xstold.o [4]
  .text               ro code  0x0804429c    0x17c  stm32f4xx_sdio.o [1]
  .text               ro code  0x08044418     0x18  setlocale.o [3]
  .text               ro code  0x08044430     0x16  xlocale_c.o [3]
  .text               ro code  0x08044446     0x14  xlocale_c.o [3]
  .text               ro code  0x0804445c      0xc  errno.o [3]
  .text               ro code  0x08044468     0x14  tolower.o [3]
  .text               ro code  0x0804447c    0x124  xstopfx.o [3]
  .text               ro code  0x080445a0    0x1b8  xstoflt.o [3]
  .text               ro code  0x08044758    0x200  xdtento.o [4]
  .text               ro code  0x08044958    0x218  xstoxflt.o [3]
  .text               ro code  0x08044b70      0x2  xtls.o [3]
  .text               ro code  0x08044b72      0xc  xlocale_c.o [3]
  .text               ro code  0x08044b80     0x20  DblCmpEq.o [4]
  .text               ro code  0x08044ba0     0x52  xdunscal.o [4]
  .text               ro code  0x08044bf4    0xc7e  usb_hcd_int.o [1]
  .rodata             const    0x08045874    0x400  apptask.o [1]
  .text               ro code  0x08045c74    0x3e8  usbh_msc_core.o [1]
  .rodata             const    0x0804605c    0x3dc  cc936.o [1]
  .rodata             const    0x08046438    0x3dc  cc936.o [1]
  .text               ro code  0x08046814    0x2e0  bsp_tim_pwm.o [1]
  .rodata             const    0x08046af4    0x190  product_cal.o [1]
  .text               ro code  0x08046c84    0x154  system_stm32f4xx.o [1]
  .rodata             const    0x08046dd8    0x100  mcheck.o [1]
  .rodata             const    0x08046ed8    0x100  mcheck.o [1]
  .rodata             const    0x08046fd8    0x100  mcheck.o [1]
  .text               ro code  0x080470d8     0xd0  packbits_init.o [5]
  .text               ro code  0x080471a8      0x6  abort.o [3]
  .text               ro code  0x080471b0     0x14  exit.o [6]
  .rodata             const    0x080471c4     0x58  pub0sub1.o [1]
  .text               ro code  0x0804721c     0x48  bsp.o [1]
  .text               ro code  0x08047264     0x44  bsp_relay.o [1]
  .text               ro code  0x080472a8     0x40  zero_init3.o [5]
  .text               ro code  0x080472e8     0x3c  SysInfoTest.o [1]
  .rodata             const    0x08047324     0x38  demo_fatfs.o [1]
  .text               ro code  0x0804735c     0x38  stm32f4xx_it.o [1]
  .text               ro code  0x08047394     0x34  main.o [1]
  .rodata             const    0x080473c8     0x30  apptask.o [1]
  .rodata             const    0x080473f8     0x30  apptask.o [1]
  .rodata             const    0x08047428     0x30  demo_fatfs.o [1]
  .rodata             const    0x08047458     0x30  demo_fatfs.o [1]
  .rodata             const    0x08047488     0x2c  apptask.o [1]
  .rodata             const    0x080474b4     0x2c  demo_fatfs.o [1]
  .rodata             const    0x080474e0     0x2c  demo_fatfs.o [1]
  .rodata             const    0x0804750c     0x2c  stm32f4xx_it.o [1]
  .rodata             const    0x08047538     0x28  apptask.o [1]
  .rodata             const    0x08047560     0x28  demo_fatfs.o [1]
  .rodata             const    0x08047588     0x28  demo_fatfs.o [1]
  .rodata             const    0x080475b0     0x28  demo_fatfs.o [1]
  .text               ro code  0x080475d8     0x28  data_init.o [5]
  .rodata             const    0x08047600     0x24  apptask.o [1]
  .rodata             const    0x08047624     0x24  apptask.o [1]
  .rodata             const    0x08047648     0x24  apptask.o [1]
  .rodata             const    0x0804766c     0x24  apptask.o [1]
  .rodata             const    0x08047690     0x24  apptask.o [1]
  .rodata             const    0x080476b4     0x24  apptask.o [1]
  .rodata             const    0x080476d8     0x24  apptask.o [1]
  .rodata             const    0x080476fc     0x24  apptask.o [1]
  .rodata             const    0x08047720     0x24  apptask.o [1]
  .rodata             const    0x08047744     0x24  demo_fatfs.o [1]
  .rodata             const    0x08047768     0x24  demo_fatfs.o [1]
  .rodata             const    0x0804778c     0x24  pub0sub1.o [1]
  .rodata             const    0x080477b0     0x24  pub0sub1.o [1]
  .rodata             const    0x080477d4     0x24  usbh_usr.o [1]
  .text               ro code  0x080477f8     0x22  fpinit_M.o [4]
  .iar.init_table     const    0x0804781c     0x34  - Linker created -
  .rodata             const    0x08047850     0x20  apptask.o [1]
  .rodata             const    0x08047870     0x20  apptask.o [1]
  .rodata             const    0x08047890     0x20  apptask.o [1]
  .rodata             const    0x080478b0     0x20  apptask.o [1]
  .rodata             const    0x080478d0     0x20  demo_fatfs.o [1]
  .rodata             const    0x080478f0     0x20  demo_fatfs.o [1]
  .rodata             const    0x08047910     0x20  demo_fatfs.o [1]
  .rodata             const    0x08047930     0x20  pub0sub1.o [1]
  .rodata             const    0x08047950     0x20  usbh_usr.o [1]
  .rodata             const    0x08047970     0x20  usbh_usr.o [1]
  .rodata             const    0x08047990     0x20  usbh_usr.o [1]
  .rodata             const    0x080479b0     0x20  usbh_usr.o [1]
  .rodata             const    0x080479d0     0x20  usbh_usr.o [1]
  .rodata             const    0x080479f0     0x1c  apptask.o [1]
  .rodata             const    0x08047a0c     0x1c  apptask.o [1]
  .rodata             const    0x08047a28     0x1c  apptask.o [1]
  .rodata             const    0x08047a44     0x1c  apptask.o [1]
  .rodata             const    0x08047a60     0x1c  apptask.o [1]
  .rodata             const    0x08047a7c     0x1c  apptask.o [1]
  .rodata             const    0x08047a98     0x1c  apptask.o [1]
  .rodata             const    0x08047ab4     0x1c  apptask.o [1]
  .rodata             const    0x08047ad0     0x1c  demo_fatfs.o [1]
  .rodata             const    0x08047aec     0x1c  demo_fatfs.o [1]
  .rodata             const    0x08047b08     0x1c  esp8266_handler.o [1]
  .rodata             const    0x08047b24     0x1c  esp8266_handler.o [1]
  .rodata             const    0x08047b40     0x1c  pub0sub1.o [1]
  .rodata             const    0x08047b5c     0x1c  pub0sub1.o [1]
  .rodata             const    0x08047b78     0x1c  pub0sub1.o [1]
  .rodata             const    0x08047b94     0x1c  usbh_usr.o [1]
  .rodata             const    0x08047bb0     0x1c  usbh_usr.o [1]
  .rodata             const    0x08047bcc     0x1c  usbh_usr.o [1]
  .rodata             const    0x08047be8     0x1c  usbh_usr.o [1]
  .rodata             const    0x08047c04     0x1c  usbh_usr.o [1]
  .rodata             const    0x08047c20     0x1c  usbh_usr.o [1]
  .text               ro code  0x08047c3c     0x1a  cmain.o [5]
  .text               ro code  0x08047c56      0x4  exit.o [3]
  .text               ro code  0x08047c5c      0xa  cexit.o [5]
  .rodata             const    0x08047c68     0x18  apptask.o [1]
  .rodata             const    0x08047c80     0x18  apptask.o [1]
  .rodata             const    0x08047c98     0x18  apptask.o [1]
  .rodata             const    0x08047cb0     0x18  apptask.o [1]
  .rodata             const    0x08047cc8     0x18  apptask.o [1]
  .rodata             const    0x08047ce0     0x18  apptask.o [1]
  .rodata             const    0x08047cf8     0x18  apptask.o [1]
  .rodata             const    0x08047d10     0x18  apptask.o [1]
  .rodata             const    0x08047d28     0x18  apptask.o [1]
  .rodata             const    0x08047d40     0x18  apptask.o [1]
  .rodata             const    0x08047d58     0x18  apptask.o [1]
  .rodata             const    0x08047d70     0x18  apptask.o [1]
  .rodata             const    0x08047d88     0x18  demo_fatfs.o [1]
  .rodata             const    0x08047da0     0x18  demo_fatfs.o [1]
  .rodata             const    0x08047db8     0x18  demo_fatfs.o [1]
  .rodata             const    0x08047dd0     0x18  demo_fatfs.o [1]
  .rodata             const    0x08047de8     0x18  esp8266_handler.o [1]
  .rodata             const    0x08047e00     0x18  esp8266_handler.o [1]
  .rodata             const    0x08047e18     0x18  para.o [1]
  .rodata             const    0x08047e30     0x18  pub0sub1.o [1]
  .rodata             const    0x08047e48     0x18  pub0sub1.o [1]
  .rodata             const    0x08047e60     0x18  usbh_usr.o [1]
  .rodata             const    0x08047e78     0x18  usbh_usr.o [1]
  .rodata             const    0x08047e90     0x18  usbh_usr.o [1]
  .rodata             const    0x08047ea8     0x18  usbh_usr.o [1]
  .rodata             const    0x08047ec0     0x18  usbh_usr.o [1]
  .text               ro code  0x08047ed8     0x16  xprout.o [3]
  .text               ro code  0x08047ef0      0xc  putchar.o [3]
  .rodata             const    0x08047efc     0x14  apptask.o [1]
  .rodata             const    0x08047f10     0x14  apptask.o [1]
  .rodata             const    0x08047f24     0x14  apptask.o [1]
  .rodata             const    0x08047f38     0x14  apptask.o [1]
  .rodata             const    0x08047f4c     0x14  apptask.o [1]
  .rodata             const    0x08047f60     0x14  apptask.o [1]
  .rodata             const    0x08047f74     0x14  apptask.o [1]
  .rodata             const    0x08047f88     0x14  apptask.o [1]
  .rodata             const    0x08047f9c     0x14  apptask.o [1]
  .rodata             const    0x08047fb0     0x14  apptask.o [1]
  .rodata             const    0x08047fc4     0x14  apptask.o [1]
  .rodata             const    0x08047fd8     0x14  apptask.o [1]
  .rodata             const    0x08047fec     0x14  apptask.o [1]
  .rodata             const    0x08048000     0x14  apptask.o [1]
  .rodata             const    0x08048014     0x14  apptask.o [1]
  .rodata             const    0x08048028     0x14  esp8266_handler.o [1]
  .rodata             const    0x0804803c     0x14  pub0sub1.o [1]
  .rodata             const    0x08048050     0x14  pub0sub1.o [1]
  .rodata             const    0x08048064     0x14  pub0sub1.o [1]
  .rodata             const    0x08048078     0x14  pub0sub1.o [1]
  .rodata             const    0x0804808c     0x14  pub0sub1.o [1]
  .rodata             const    0x080480a0     0x14  usbh_usr.o [1]
  .rodata             const    0x080480b4     0x14  usbh_usr.o [1]
  .rodata             const    0x080480c8     0x10  apptask.o [1]
  .rodata             const    0x080480d8     0x10  apptask.o [1]
  .rodata             const    0x080480e8     0x10  apptask.o [1]
  .rodata             const    0x080480f8     0x10  apptask.o [1]
  .rodata             const    0x08048108     0x10  apptask.o [1]
  .rodata             const    0x08048118     0x10  apptask.o [1]
  .rodata             const    0x08048128     0x10  apptask.o [1]
  .rodata             const    0x08048138     0x10  apptask.o [1]
  .rodata             const    0x08048148     0x10  apptask.o [1]
  .rodata             const    0x08048158     0x10  apptask.o [1]
  .rodata             const    0x08048168     0x10  apptask.o [1]
  .rodata             const    0x08048178     0x10  apptask.o [1]
  .rodata             const    0x08048188     0x10  apptask.o [1]
  .rodata             const    0x08048198     0x10  apptask.o [1]
  .rodata             const    0x080481a8     0x10  apptask.o [1]
  .rodata             const    0x080481b8     0x10  apptask.o [1]
  .rodata             const    0x080481c8     0x10  apptask.o [1]
  .rodata             const    0x080481d8     0x10  apptask.o [1]
  .rodata             const    0x080481e8     0x10  apptask.o [1]
  .rodata             const    0x080481f8     0x10  apptask.o [1]
  .rodata             const    0x08048208     0x10  apptask.o [1]
  .rodata             const    0x08048218     0x10  apptask.o [1]
  .rodata             const    0x08048228     0x10  apptask.o [1]
  .rodata             const    0x08048238     0x10  apptask.o [1]
  .rodata             const    0x08048248     0x10  apptask.o [1]
  .rodata             const    0x08048258     0x10  apptask.o [1]
  .rodata             const    0x08048268     0x10  bsp_sdwe050c17.o [1]
  .rodata             const    0x08048278     0x10  esp8266_handler.o [1]
  .rodata             const    0x08048288     0x10  esp8266_handler.o [1]
  .rodata             const    0x08048298     0x10  ff.o [1]
  .rodata             const    0x080482a8     0x10  main.o [1]
  .rodata             const    0x080482b8     0x10  main.o [1]
  .rodata             const    0x080482c8     0x10  para.o [1]
  .rodata             const    0x080482d8     0x10  para.o [1]
  .rodata             const    0x080482e8     0x10  pub0sub1.o [1]
  .rodata             const    0x080482f8     0x10  usbh_usr.o [1]
  .rodata             const    0x08048308     0x10  usbh_usr.o [1]
  .text               ro code  0x08048318     0x10  startup_stm32f40_41xxx.o [1]
  .text               ro code  0x08048328     0x10  usbh_it.o [1]
  .rodata             const    0x08048338      0xc  apptask.o [1]
  .rodata             const    0x08048344      0xc  apptask.o [1]
  .rodata             const    0x08048350      0xc  apptask.o [1]
  .rodata             const    0x0804835c      0xc  apptask.o [1]
  .rodata             const    0x08048368      0xc  apptask.o [1]
  .rodata             const    0x08048374      0xc  apptask.o [1]
  .rodata             const    0x08048380      0xc  apptask.o [1]
  .rodata             const    0x0804838c      0xc  apptask.o [1]
  .rodata             const    0x08048398      0xc  apptask.o [1]
  .rodata             const    0x080483a4      0xc  apptask.o [1]
  .rodata             const    0x080483b0      0xc  apptask.o [1]
  .rodata             const    0x080483bc      0xc  apptask.o [1]
  .rodata             const    0x080483c8      0xc  apptask.o [1]
  .rodata             const    0x080483d4      0xc  apptask.o [1]
  .rodata             const    0x080483e0      0xc  apptask.o [1]
  .rodata             const    0x080483ec      0xc  apptask.o [1]
  .rodata             const    0x080483f8      0xc  apptask.o [1]
  .rodata             const    0x08048404      0xc  apptask.o [1]
  .rodata             const    0x08048410      0xc  apptask.o [1]
  .rodata             const    0x0804841c      0xc  apptask.o [1]
  .rodata             const    0x08048428      0xc  apptask.o [1]
  .rodata             const    0x08048434      0xc  apptask.o [1]
  .rodata             const    0x08048440      0xc  apptask.o [1]
  .rodata             const    0x0804844c      0xc  apptask.o [1]
  .rodata             const    0x08048458      0xc  apptask.o [1]
  .rodata             const    0x08048464      0xc  apptask.o [1]
  .rodata             const    0x08048470      0xc  apptask.o [1]
  .rodata             const    0x0804847c      0xc  apptask.o [1]
  .rodata             const    0x08048488      0xc  apptask.o [1]
  .rodata             const    0x08048494      0xc  apptask.o [1]
  .rodata             const    0x080484a0      0xc  apptask.o [1]
  .rodata             const    0x080484ac      0xc  apptask.o [1]
  .rodata             const    0x080484b8      0xc  apptask.o [1]
  .rodata             const    0x080484c4      0xc  apptask.o [1]
  .rodata             const    0x080484d0      0xc  bsp_sdwe050c17.o [1]
  .rodata             const    0x080484dc      0xc  demo_fatfs.o [1]
  .rodata             const    0x080484e8      0xc  esp8266_handler.o [1]
  .rodata             const    0x080484f4      0xc  esp8266_handler.o [1]
  .rodata             const    0x08048500      0xc  esp8266_handler.o [1]
  .rodata             const    0x0804850c      0xc  esp8266_handler.o [1]
  .rodata             const    0x08048518      0xc  esp8266_handler.o [1]
  .rodata             const    0x08048524      0xc  ff.o [1]
  .rodata             const    0x08048530      0xc  para.o [1]
  .rodata             const    0x0804853c      0xc  para.o [1]
  .rodata             const    0x08048548      0xc  para.o [1]
  .rodata             const    0x08048554      0xc  para.o [1]
  .rodata             const    0x08048560      0xc  para.o [1]
  .rodata             const    0x0804856c      0xc  pub0sub1.o [1]
  .rodata             const    0x08048578      0xc  pub0sub1.o [1]
  .text               ro code  0x08048584      0xc  cstartup_M.o [5]
  .rodata             const    0x08048590      0x8  apptask.o [1]
  .rodata             const    0x08048598      0x8  apptask.o [1]
  .rodata             const    0x080485a0      0x8  apptask.o [1]
  .rodata             const    0x080485a8      0x8  apptask.o [1]
  .rodata             const    0x080485b0      0x8  apptask.o [1]
  .rodata             const    0x080485b8      0x8  apptask.o [1]
  .rodata             const    0x080485c0      0x8  apptask.o [1]
  .rodata             const    0x080485c8      0x8  apptask.o [1]
  .rodata             const    0x080485d0      0x8  apptask.o [1]
  .rodata             const    0x080485d8      0x8  apptask.o [1]
  .rodata             const    0x080485e0      0x8  apptask.o [1]
  .rodata             const    0x080485e8      0x8  apptask.o [1]
  .rodata             const    0x080485f0      0x8  apptask.o [1]
  .rodata             const    0x080485f8      0x8  apptask.o [1]
  .rodata             const    0x08048600      0x8  apptask.o [1]
  .rodata             const    0x08048608      0x8  apptask.o [1]
  .rodata             const    0x08048610      0x8  apptask.o [1]
  .rodata             const    0x08048618      0x8  apptask.o [1]
  .rodata             const    0x08048620      0x8  apptask.o [1]
  .rodata             const    0x08048628      0x8  bsp_sdwe050c17.o [1]
  .rodata             const    0x08048630      0x8  bsp_w25qxx.o [1]
  .rodata             const    0x08048638      0x8  esp8266_handler.o [1]
  .rodata             const    0x08048640      0x8  ff.o [1]
  .rodata             const    0x08048648      0x8  malloc.o [1]
  .rodata             const    0x08048650      0x8  malloc.o [1]
  .rodata             const    0x08048658      0x8  malloc.o [1]
  .rodata             const    0x08048660      0x8  MQTTConnectClient.o [1]
  .rodata             const    0x08048668      0x8  MQTTConnectClient.o [1]
  .rodata             const    0x08048670      0x8  para.o [1]
  .rodata             const    0x08048678      0x8  para.o [1]
  .rodata             const    0x08048680      0x8  para.o [1]
  .rodata             const    0x08048688      0x8  para.o [1]
  .rodata             const    0x08048690      0x8  para.o [1]
  .rodata             const    0x08048698      0x8  para.o [1]
  .rodata             const    0x080486a0      0x8  para.o [1]
  .rodata             const    0x080486a8      0x8  para.o [1]
  .rodata             const    0x080486b0      0x8  para.o [1]
  .rodata             const    0x080486b8      0x8  para.o [1]
  .rodata             const    0x080486c0      0x8  para.o [1]
  .rodata             const    0x080486c8      0x8  para.o [1]
  .rodata             const    0x080486d0      0x8  para.o [1]
  .rodata             const    0x080486d8      0x8  para.o [1]
  .rodata             const    0x080486e0      0x8  para.o [1]
  .rodata             const    0x080486e8      0x8  para.o [1]
  .rodata             const    0x080486f0      0x8  para.o [1]
  .rodata             const    0x080486f8      0x8  para.o [1]
  .rodata             const    0x08048700      0x8  para.o [1]
  .rodata             const    0x08048708      0x8  para.o [1]
  .rodata             const    0x08048710      0x8  para.o [1]
  .rodata             const    0x08048718      0x8  para.o [1]
  .rodata             const    0x08048720      0x8  pub0sub1.o [1]
  .rodata             const    0x08048728      0x8  tasks.o [1]
  .rodata             const    0x08048730      0x8  timers.o [1]
  .rodata             const    0x08048738      0x4  heap_4.o [1]
  .rodata             const    0x0804873c      0x4  MQTTConnectClient.o [1]
  .rodata             const    0x08048740      0x4  MQTTConnectClient.o [1]
  .rodata             const    0x08048744      0x4  MQTTConnectClient.o [1]
  .rodata             const    0x08048748      0x4  MQTTConnectClient.o [1]
  .rodata             const    0x0804874c      0x4  MQTTConnectClient.o [1]
  .rodata             const    0x08048750      0x4  MQTTDeserializePublish.o [1]
  .rodata             const    0x08048754      0x4  MQTTPacket.o [1]
  .rodata             const    0x08048758      0x4  MQTTSerializePublish.o [1]
  .rodata             const    0x0804875c      0x4  MQTTSubscribeClient.o [1]
  .rodata             const    0x08048760      0x4  MQTTSubscribeClient.o [1]
  .rodata             const    0x08048764      0x4  port.o [1]
  .text               ro code  0x08048768      0x4  startup_stm32f40_41xxx.o [1]
  .text               ro code  0x0804876c      0x4  startup_stm32f40_41xxx.o [1]
  .text               ro code  0x08048770      0x4  startup_stm32f40_41xxx.o [1]
  .text               ro code  0x08048774      0x4  startup_stm32f40_41xxx.o [1]
  .text               ro code  0x08048778      0x4  startup_stm32f40_41xxx.o [1]
  .text               ro code  0x0804877c      0x4  startup_stm32f40_41xxx.o [1]
  .text               ro code  0x08048780      0x4  startup_stm32f40_41xxx.o [1]
  .text               ro code  0x08048784      0x4  startup_stm32f40_41xxx.o [1]
  .text               ro code  0x08048788      0x4  startup_stm32f40_41xxx.o [1]
  .text               ro code  0x0804878c      0x4  startup_stm32f40_41xxx.o [1]
  .text               ro code  0x08048790      0x4  startup_stm32f40_41xxx.o [1]
  .text               ro code  0x08048794      0x4  startup_stm32f40_41xxx.o [1]
  .text               ro code  0x08048798      0x4  startup_stm32f40_41xxx.o [1]
  .text               ro code  0x0804879c      0x4  startup_stm32f40_41xxx.o [1]
  .text               ro code  0x080487a0      0x4  startup_stm32f40_41xxx.o [1]
  .text               ro code  0x080487a4      0x4  startup_stm32f40_41xxx.o [1]
  .text               ro code  0x080487a8      0x4  startup_stm32f40_41xxx.o [1]
  .text               ro code  0x080487ac      0x4  startup_stm32f40_41xxx.o [1]
  .text               ro code  0x080487b0      0x4  startup_stm32f40_41xxx.o [1]
  .text               ro code  0x080487b4      0x4  startup_stm32f40_41xxx.o [1]
  .text               ro code  0x080487b8      0x4  startup_stm32f40_41xxx.o [1]
  .text               ro code  0x080487bc      0x4  startup_stm32f40_41xxx.o [1]
  .text               ro code  0x080487c0      0x4  startup_stm32f40_41xxx.o [1]
  .text               ro code  0x080487c4      0x4  startup_stm32f40_41xxx.o [1]
  .text               ro code  0x080487c8      0x4  startup_stm32f40_41xxx.o [1]
  .text               ro code  0x080487cc      0x4  startup_stm32f40_41xxx.o [1]
  .text               ro code  0x080487d0      0x4  startup_stm32f40_41xxx.o [1]
  .text               ro code  0x080487d4      0x4  startup_stm32f40_41xxx.o [1]
  .text               ro code  0x080487d8      0x4  startup_stm32f40_41xxx.o [1]
  .text               ro code  0x080487dc      0x4  startup_stm32f40_41xxx.o [1]
  .text               ro code  0x080487e0      0x4  startup_stm32f40_41xxx.o [1]
  .text               ro code  0x080487e4      0x4  startup_stm32f40_41xxx.o [1]
  .text               ro code  0x080487e8      0x4  startup_stm32f40_41xxx.o [1]
  .text               ro code  0x080487ec      0x4  startup_stm32f40_41xxx.o [1]
  .text               ro code  0x080487f0      0x4  startup_stm32f40_41xxx.o [1]
  .text               ro code  0x080487f4      0x4  startup_stm32f40_41xxx.o [1]
  .text               ro code  0x080487f8      0x4  startup_stm32f40_41xxx.o [1]
  .text               ro code  0x080487fc      0x4  startup_stm32f40_41xxx.o [1]
  .text               ro code  0x08048800      0x4  startup_stm32f40_41xxx.o [1]
  .text               ro code  0x08048804      0x4  startup_stm32f40_41xxx.o [1]
  .text               ro code  0x08048808      0x4  startup_stm32f40_41xxx.o [1]
  .text               ro code  0x0804880c      0x4  startup_stm32f40_41xxx.o [1]
  .text               ro code  0x08048810      0x4  startup_stm32f40_41xxx.o [1]
  .text               ro code  0x08048814      0x4  startup_stm32f40_41xxx.o [1]
  .text               ro code  0x08048818      0x4  startup_stm32f40_41xxx.o [1]
  .text               ro code  0x0804881c      0x4  startup_stm32f40_41xxx.o [1]
  .text               ro code  0x08048820      0x4  startup_stm32f40_41xxx.o [1]
  .text               ro code  0x08048824      0x4  startup_stm32f40_41xxx.o [1]
  .text               ro code  0x08048828      0x4  startup_stm32f40_41xxx.o [1]
  .text               ro code  0x0804882c      0x4  startup_stm32f40_41xxx.o [1]
  .text               ro code  0x08048830      0x4  startup_stm32f40_41xxx.o [1]
  .text               ro code  0x08048834      0x4  startup_stm32f40_41xxx.o [1]
  .text               ro code  0x08048838      0x4  startup_stm32f40_41xxx.o [1]
  .text               ro code  0x0804883c      0x4  startup_stm32f40_41xxx.o [1]
  .text               ro code  0x08048840      0x4  startup_stm32f40_41xxx.o [1]
  .text               ro code  0x08048844      0x4  startup_stm32f40_41xxx.o [1]
  .text               ro code  0x08048848      0x4  startup_stm32f40_41xxx.o [1]
  .text               ro code  0x0804884c      0x4  startup_stm32f40_41xxx.o [1]
  .text               ro code  0x08048850      0x4  startup_stm32f40_41xxx.o [1]
  .text               ro code  0x08048854      0x4  startup_stm32f40_41xxx.o [1]
  .text               ro code  0x08048858      0x4  startup_stm32f40_41xxx.o [1]
  .text               ro code  0x0804885c      0x4  startup_stm32f40_41xxx.o [1]
  .text               ro code  0x08048860      0x4  startup_stm32f40_41xxx.o [1]
  .text               ro code  0x08048864      0x4  startup_stm32f40_41xxx.o [1]
  .text               ro code  0x08048868      0x4  startup_stm32f40_41xxx.o [1]
  .text               ro code  0x0804886c      0x4  startup_stm32f40_41xxx.o [1]
  .text               ro code  0x08048870      0x4  startup_stm32f40_41xxx.o [1]
  .text               ro code  0x08048874      0x4  startup_stm32f40_41xxx.o [1]
  .rodata             const    0x08048878      0x0  zero_init3.o [5]
  .rodata             const    0x08048878      0x0  packbits_init.o [5]
  Initializer bytes   const    0x08048878    0x125  <for P2 s0>
                             - 0x0804899d  0x48815

"P2":                                      0x1e128
  P2 s0                        0x20000000    0x246  <Init block>
    __DLIB_PERTHREAD  inited   0x20000000     0x88  localeconv.o [3]
    __DLIB_PERTHREAD  inited   0x20000088     0x74  setlocale.o [3]
    .data             inited   0x200000fc     0x50  demo_fatfs.o [1]
    .data             inited   0x2000014c     0x48  usbh_usr.o [1]
    .data             inited   0x20000194     0x40  xfiles.o [3]
    .data             inited   0x200001d4     0x1c  malloc.o [1]
    .data             inited   0x200001f0     0x14  bsp_servomotor.o [1]
    .data             inited   0x20000204     0x10  stm32f4xx_rcc.o [1]
    .data             inited   0x20000214     0x10  usbh_msc_core.o [1]
    .data             inited   0x20000224      0xc  usbh_core.o [1]
    .data             inited   0x20000230      0x4  port.o [1]
    .data             inited   0x20000234      0x4  system_stm32f4xx.o [1]
    .data             inited   0x20000238      0x4  usbh_core.o [1]
    __DLIB_PERTHREAD  inited   0x2000023c      0x4  errno.o [3]
    .data             inited   0x20000240      0x2  bsp_w25qxx.o [1]
    .data             inited   0x20000242      0x1  apptask.o [1]
    .data             inited   0x20000243      0x1  encoder_tim.o [1]
    .data             inited   0x20000244      0x1  page_weimi.o [1]
    .data             inited   0x20000245      0x1  usbh_msc_scsi.o [1]
  .bss                zero     0x20000248   0xf000  heap_4.o [1]
  .bss                zero     0x2000f248   0xa000  malloc.o [1]
  .bss                zero     0x20019248   0x1000  bsp_w25qxx.o [1]
  .bss                zero     0x2001a248    0xa00  malloc.o [1]
  .bss                zero     0x2001ac48    0x5ac  usbh_usr.o [1]
  .bss                zero     0x2001b1f4    0x5ac  usbh_usr.o [1]
  .bss                zero     0x2001b7a0    0x3e8  bsp_uart_fifo.o [1]
  .bss                zero     0x2001bb88    0x3e8  esp8266_handler.o [1]
  .bss                zero     0x2001bf70    0x3e8  esp8266_handler.o [1]
  .bss                zero     0x2001c358    0x3e8  pub0sub1.o [1]
  .bss                zero     0x2001c740    0x200  ff.o [1]
  .bss                zero     0x2001c940    0x200  usbh_msc_scsi.o [1]
  .bss                zero     0x2001cb40    0x200  usbh_stdreq.o [1]
  .bss                zero     0x2001cd40    0x140  tasks.o [1]
  .bss                zero     0x2001ce80    0x12c  page_weimi.o [1]
  .bss                zero     0x2001cfac     0xd4  protocol.o [1]
  .bss                zero     0x2001d080     0xa4  protocol.o [1]
  .bss                zero     0x2001d124     0x98  para.o [1]
  .bss                zero     0x2001d1bc     0x94  usbh_usr.o [1]
  .bss                zero     0x2001d250     0x68  esp8266_handler.o [1]
  .bss                zero     0x2001d2b8     0x64  bsp_uart_fifo.o [1]
  .bss                zero     0x2001d31c     0x64  bsp_uart_fifo.o [1]
  .bss                zero     0x2001d380     0x58  bsp_sdio_sd.o [1]
  .bss                zero     0x2001d3d8     0x58  protocol.o [1]
  .bss                zero     0x2001d430     0x50  xfiles.o [3]
  .bss                zero     0x2001d480     0x4c  usbh_msc_core.o [1]
  .bss                zero     0x2001d4cc     0x40  pub0sub1.o [1]
  .bss                zero     0x2001d50c     0x34  bsp_sdwe050c17.o [1]
  .bss                zero     0x2001d540     0x34  product_cal.o [1]
  .bss                zero     0x2001d574     0x28  product_cal.o [1]
  .bss                zero     0x2001d59c     0x24  ff.o [1]
  .bss                zero     0x2001d5c0     0x20  pub0sub1.o [1]
  .bss                zero     0x2001d5e0     0x20  usbh_msc_bot.o [1]
  .bss                zero     0x2001d600     0x18  bsp_sdio_sd.o [1]
  .bss                zero     0x2001d618     0x18  bsp_sdio_sd.o [1]
  .bss                zero     0x2001d630     0x18  page_weimi.o [1]
  .bss                zero     0x2001d648     0x14  bsp_sdio_sd.o [1]
  .bss                zero     0x2001d65c     0x14  rc522.o [1]
  .bss                zero     0x2001d670     0x14  tasks.o [1]
  .bss                zero     0x2001d684     0x14  tasks.o [1]
  .bss                zero     0x2001d698     0x14  tasks.o [1]
  .bss                zero     0x2001d6ac     0x14  tasks.o [1]
  .bss                zero     0x2001d6c0     0x14  tasks.o [1]
  .bss                zero     0x2001d6d4     0x14  timers.o [1]
  .bss                zero     0x2001d6e8     0x14  timers.o [1]
  .bss                zero     0x2001d6fc     0x10  bsp_sdio_sd.o [1]
  .bss                zero     0x2001d70c     0x10  bsp_sdio_sd.o [1]
  .bss                zero     0x2001d71c     0x10  encoder_tim.o [1]
  .bss                zero     0x2001d72c     0x10  usbh_msc_bot.o [1]
  .bss                zero     0x2001d73c     0x10  usbh_msc_bot.o [1]
  .bss                zero     0x2001d74c     0x10  usbh_msc_scsi.o [1]
  .bss                zero     0x2001d75c      0xc  apptask.o [1]
  .bss                zero     0x2001d768      0xc  apptask.o [1]
  .bss                zero     0x2001d774      0xc  ff.o [1]
  .bss                zero     0x2001d780      0xc  protocol.o [1]
  .bss                zero     0x2001d78c      0xc  protocol.o [1]
  .bss                zero     0x2001d798      0xc  protocol.o [1]
  .bss                zero     0x2001d7a4      0xc  pub0sub1.o [1]
  .bss                zero     0x2001d7b0      0x8  heap_4.o [1]
  .bss                zero     0x2001d7b8      0x8  modbus.o [1]
  .bss                zero     0x2001d7c0      0x8  protocol.o [1]
  .bss                zero     0x2001d7c8      0x8  pub0sub1.o [1]
  .bss                zero     0x2001d7d0      0x4  apptask.o [1]
  .bss                zero     0x2001d7d4      0x4  apptask.o [1]
  .bss                zero     0x2001d7d8      0x4  apptask.o [1]
  .bss                zero     0x2001d7dc      0x4  apptask.o [1]
  .bss                zero     0x2001d7e0      0x4  apptask.o [1]
  .bss                zero     0x2001d7e4      0x4  apptask.o [1]
  .bss                zero     0x2001d7e8      0x4  apptask.o [1]
  .bss                zero     0x2001d7ec      0x4  apptask.o [1]
  .bss                zero     0x2001d7f0      0x4  apptask.o [1]
  .bss                zero     0x2001d7f4      0x4  apptask.o [1]
  .bss                zero     0x2001d7f8      0x4  apptask.o [1]
  .bss                zero     0x2001d7fc      0x4  apptask.o [1]
  .bss                zero     0x2001d800      0x4  apptask.o [1]
  .bss                zero     0x2001d804      0x4  apptask.o [1]
  .bss                zero     0x2001d808      0x4  apptask.o [1]
  .bss                zero     0x2001d80c      0x4  apptask.o [1]
  .bss                zero     0x2001d810      0x4  apptask.o [1]
  .bss                zero     0x2001d814      0x4  apptask.o [1]
  .bss                zero     0x2001d818      0x4  apptask.o [1]
  .bss                zero     0x2001d81c      0x4  apptask.o [1]
  .bss                zero     0x2001d820      0x4  apptask.o [1]
  .bss                zero     0x2001d824      0x4  apptask.o [1]
  .bss                zero     0x2001d828      0x4  bsp_sdio_sd.o [1]
  .bss                zero     0x2001d82c      0x4  bsp_sdio_sd.o [1]
  .bss                zero     0x2001d830      0x4  bsp_sdio_sd.o [1]
  .bss                zero     0x2001d834      0x4  bsp_sdio_sd.o [1]
  .bss                zero     0x2001d838      0x4  bsp_sdio_sd.o [1]
  .bss                zero     0x2001d83c      0x4  bsp_timer.o [1]
  .bss                zero     0x2001d840      0x4  bsp_timer.o [1]
  .bss                zero     0x2001d844      0x4  bsp_timer.o [1]
  .bss                zero     0x2001d848      0x4  bsp_timer.o [1]
  .bss                zero     0x2001d84c      0x4  esp8266_handler.o [1]
  .bss                zero     0x2001d850      0x4  esp8266_handler.o [1]
  .bss                zero     0x2001d854      0x4  esp8266_handler.o [1]
  .bss                zero     0x2001d858      0x4  heap_4.o [1]
  .bss                zero     0x2001d85c      0x4  heap_4.o [1]
  .bss                zero     0x2001d860      0x4  heap_4.o [1]
  .bss                zero     0x2001d864      0x4  heap_4.o [1]
  .bss                zero     0x2001d868      0x4  MQTTPacket.o [1]
  .bss                zero     0x2001d86c      0x4  port.o [1]
  .bss                zero     0x2001d870      0x4  product_cal.o [1]
  .bss                zero     0x2001d874      0x4  product_cal.o [1]
  .bss                zero     0x2001d878      0x4  pub0sub1.o [1]
  .bss                zero     0x2001d87c      0x4  SysInfoTest.o [1]
  .bss                zero     0x2001d880      0x4  tasks.o [1]
  .bss                zero     0x2001d884      0x4  tasks.o [1]
  .bss                zero     0x2001d888      0x4  tasks.o [1]
  .bss                zero     0x2001d88c      0x4  tasks.o [1]
  .bss                zero     0x2001d890      0x4  tasks.o [1]
  .bss                zero     0x2001d894      0x4  tasks.o [1]
  .bss                zero     0x2001d898      0x4  tasks.o [1]
  .bss                zero     0x2001d89c      0x4  tasks.o [1]
  .bss                zero     0x2001d8a0      0x4  tasks.o [1]
  .bss                zero     0x2001d8a4      0x4  tasks.o [1]
  .bss                zero     0x2001d8a8      0x4  tasks.o [1]
  .bss                zero     0x2001d8ac      0x4  tasks.o [1]
  .bss                zero     0x2001d8b0      0x4  tasks.o [1]
  .bss                zero     0x2001d8b4      0x4  tasks.o [1]
  .bss                zero     0x2001d8b8      0x4  tasks.o [1]
  .bss                zero     0x2001d8bc      0x4  tasks.o [1]
  .bss                zero     0x2001d8c0      0x4  timer_platform.o [1]
  .bss                zero     0x2001d8c4      0x4  timers.o [1]
  .bss                zero     0x2001d8c8      0x4  timers.o [1]
  .bss                zero     0x2001d8cc      0x4  timers.o [1]
  .bss                zero     0x2001d8d0      0x4  timers.o [1]
  .bss                zero     0x2001d8d4      0x4  usbh_msc_bot.o [1]
  .bss                zero     0x2001d8d8      0x4  usbh_msc_bot.o [1]
  .bss                zero     0x2001d8dc      0x4  usbh_msc_bot.o [1]
  .bss                zero     0x2001d8e0      0x4  usbh_msc_bot.o [1]
  .bss                zero     0x2001d8e4      0x2  apptask.o [1]
  .bss                zero     0x2001d8e6      0x2  apptask.o [1]
  .bss                zero     0x2001d8e8      0x2  apptask.o [1]
  .bss                zero     0x2001d8ea      0x2  apptask.o [1]
  .bss                zero     0x2001d8ec      0x2  apptask.o [1]
  .bss                zero     0x2001d8ee      0x2  bsp_sdwe050c17.o [1]
  .bss                zero     0x2001d8f0      0x2  encoder_tim.o [1]
  .bss                zero     0x2001d8f2      0x2  encoder_tim.o [1]
  .bss                zero     0x2001d8f4      0x2  ff.o [1]
  .bss                zero     0x2001d8f6      0x2  page_weimi.o [1]
  .bss                zero     0x2001d8f8      0x2  page_weimi.o [1]
  .bss                zero     0x2001d8fa      0x2  product_cal.o [1]
  .bss                zero     0x2001d8fc      0x2  usbh_core.o [1]
  .bss                zero     0x2001d8fe      0x2  usbh_stdreq.o [1]
  .bss                zero     0x2001d900      0x1  apptask.o [1]
  .bss                zero     0x2001d901      0x1  apptask.o [1]
  .bss                zero     0x2001d902      0x1  apptask.o [1]
  .bss                zero     0x2001d903      0x1  apptask.o [1]
  .bss                zero     0x2001d904      0x1  apptask.o [1]
  .bss                zero     0x2001d905      0x1  apptask.o [1]
  .bss                zero     0x2001d906      0x1  apptask.o [1]
  .bss                zero     0x2001d907      0x1  apptask.o [1]
  .bss                zero     0x2001d908      0x1  apptask.o [1]
  .bss                zero     0x2001d909      0x1  apptask.o [1]
  .bss                zero     0x2001d90a      0x1  apptask.o [1]
  .bss                zero     0x2001d90b      0x1  apptask.o [1]
  .bss                zero     0x2001d90c      0x1  bsp_sdio_sd.o [1]
  .bss                zero     0x2001d90d      0x1  bsp_sdwe050c17.o [1]
  .bss                zero     0x2001d90e      0x1  bsp_uart_fifo.o [1]
  .bss                zero     0x2001d90f      0x1  esp8266_handler.o [1]
  .bss                zero     0x2001d910      0x1  page_weimi.o [1]
  .bss                zero     0x2001d911      0x1  page_weimi.o [1]
  .bss                zero     0x2001d912      0x1  page_weimi.o [1]
  .bss                zero     0x2001d913      0x1  page_weimi.o [1]
  .bss                zero     0x2001d914      0x1  port.o [1]
  .bss                zero     0x2001d915      0x1  product_cal.o [1]
  .bss                zero     0x2001d916      0x1  product_cal.o [1]
  .bss                zero     0x2001d917      0x1  product_cal.o [1]
  .bss                zero     0x2001d918      0x1  protocol.o [1]
  .bss                zero     0x2001d919      0x1  pub0sub1.o [1]
  .bss                zero     0x2001d91a      0x1  pub0sub1.o [1]
  .bss                zero     0x2001d91b      0x1  rc522.o [1]
  .bss                zero     0x2001d91c      0x1  rc522.o [1]
  .bss                zero     0x2001d91d      0x1  usbh_msc_bot.o [1]
  .bss                zero     0x2001d91e      0x1  usbh_msc_core.o [1]
  .bss                zero     0x2001d91f      0x1  usbh_msc_core.o [1]
  .bss                zero     0x2001d920      0x1  usbh_stdreq.o [1]
  .bss                zero     0x2001d921      0x1  usbh_usr.o [1]
  CSTACK                       0x2001d928    0x800  <Block>
    CSTACK            uninit   0x2001d928    0x800  <Block tail>
                             - 0x2001e128  0x1e128

Absolute sections:                         0xff000
  .bss                zero     0x68000000  0xf0000  malloc.o [1]
  .bss                zero     0x680f0000   0xf000  malloc.o [1]
                             - 0x680ff000  0xff000


*******************************************************************************
*** INIT TABLE
***

          Address     Size
          -------     ----
Zero (__iar_zero_init3)
    2 destination ranges, total size 0x11c6da:
          0x20000248  0x1d6da
          0x68000000  0xff000

Copy/packbits (__iar_packbits_init3)
    1 source range, total size 0x125 (50% of destination):
          0x08048878    0x125
    1 destination range, total size 0x246:
          0x20000000    0x246



*******************************************************************************
*** MODULE SUMMARY
***

    Module                    ro code  ro data  rw data    rw data
                                                            (abs)
    ------                    -------  -------  -------    -------
E:\WORK\YarnControl_Driver\YarnControl_Driver\src\stm32f4_rtos\Project\EWARMv7\Flash\Obj: [1]
    MQTTConnectClient.o           774       36
    MQTTDeserializePublish.o      188        4
    MQTTPacket.o                  656        4        4
    MQTTSerializePublish.o        236        4
    MQTTSubscribeClient.o         400        8
    SysInfoTest.o                  60                 4
    apptask.o                  25 096    3 445      135
    bsp.o                          72
    bsp_closeSW.o                 212
    bsp_dwt.o                     116
    bsp_led.o                     192
    bsp_relay.o                    68
    bsp_sdio_sd.o               6 744               209
    bsp_sdwe050c17.o            5 836       36       55
    bsp_servomotor.o            1 164       10       20
    bsp_spi.o                     292
    bsp_stepmotor.o               804
    bsp_sw_onoff.o                104
    bsp_tim_pwm.o                 736
    bsp_timer.o                   516                16
    bsp_uart_fifo.o             2 712             1 201
    bsp_w25qxx.o                  896        9    4 098
    bsp_watchdog.o                  8
    cc936.o                       244  176 320
    demo_fatfs.o                           733       80
    diskio.o                      740
    encoder_tim.o                 604                21
    esp8266_handler.o             812      224    2 117
    esp8266_init.o                124
    event_groups.o                610
    ff.o                        9 368       36      562
    heap_4.o                      640        4   61 464
    list.o                        152
    main.o                         52       32
    malloc.o                      540       38   43 548  1 044 480
    mcheck.o                      184      768
    misc.o                        136
    modbus.o                      852                 8
    page_weimi.o                1 024        1      333
    para.o                      5 118      292      152
    port.o                        588        6        9
    portasm.o                     168
    product_cal.o               1 712      400      105
    protocol.o                     68               509
    pub0sub1.o                  1 076      472    1 122
    queue.o                     1 992
    rc522.o                       174                22
    startup_stm32f40_41xxx.o      680
    stm32f4xx_dma.o               796
    stm32f4xx_exti.o              192
    stm32f4xx_gpio.o              300
    stm32f4xx_it.o                 56       44
    stm32f4xx_iwdg.o               16
    stm32f4xx_rcc.o               488        8       16
    stm32f4xx_sdio.o              380
    stm32f4xx_spi.o               116
    stm32f4xx_syscfg.o             84
    stm32f4xx_tim.o             1 764
    stm32f4xx_usart.o             596
    system_stm32f4xx.o            340        2        4
    tasks.o                     3 072        8      484
    timer_platform.o               64                 4
    timers.o                    1 188        8       56
    transport.o                   108
    usb_bsp.o                     332
    usb_core.o                  2 640
    usb_hcd.o                     214
    usb_hcd_int.o               3 198
    usbh_core.o                 1 888        8       18
    usbh_hcs.o                    442
    usbh_ioreq.o                  582
    usbh_it.o                      16
    usbh_msc_bot.o              1 364                81
    usbh_msc_core.o             1 000        8       94
    usbh_msc_scsi.o             1 560        1      529
    usbh_stdreq.o               1 078               515
    usbh_usr.o                    418      592    3 125
    --------------------------------------------------------------
    Total:                     99 832  183 561  120 720  1 044 480

command line: [2]
    --------------------------------------------------------------
    Total:

dl7M_tlf.a: [3]
    abort.o                         6
    div.o                          14
    errno.o                        12        2        4
    exit.o                          4
    isxxx.o                        40
    localeconv.o                  108       68      136
    printf.o                       36
    putchar.o                      12
    setlocale.o                    24       58      116
    snprintf.o                     68
    sprintf.o                      52
    sscanf.o                       36
    strcat.o                       28
    strstr.o                       44
    tolower.o                      20
    xfiles.o                                32      144
    xlocale_c.o                    54
    xprintffull_nomb.o          3 478
    xprout.o                       22
    xscanffull_nomb.o           2 916
    xsnprout.o                     26
    xsprout.o                      10
    xsscin.o                       30
    xstoflt.o                     440
    xstoll.o                      164
    xstopfx.o                     292
    xstoull.o                     432
    xstoxflt.o                    536
    xtls.o                          2
    --------------------------------------------------------------
    Total:                      8 906      160      400

m7M_tls.a: [4]
    DblAdd.o                      232
    DblCmpEq.o                     32
    DblCmpGe.o                     46
    DblCmpLe.o                     46
    DblDiv.o                      598
    DblMul.o                      418
    DblSub.o                      384
    DblToFlt.o                    144
    DblToI32.o                     88
    FltToDbl.o                     78
    I32ToDbl.o                     48
    fpinit_M.o                     34
    xdnorm.o                       66
    xdscale.o                     276
    xdtento.o                     512
    xdunscal.o                     82
    xstold.o                      360
    --------------------------------------------------------------
    Total:                      3 444

rt7M_tl.a: [5]
    ABImemclr4.o                    6
    ABImemcpy_unaligned.o         118
    ABImemset.o                   102
    ABImemset48.o                  50
    I64DivMod.o                   306
    I64DivZer.o                     2
    cexit.o                        10
    cmain.o                        26
    cstartup_M.o                   12
    data_init.o                    40
    memchr.o                       88
    memcmp_unaligned.o             98
    packbits_init.o               208
    strchr.o                       22
    strcmp_unaligned.o             66
    strcpy_unaligned.o             68
    strlen.o                       54
    zero_init3.o                   64
    --------------------------------------------------------------
    Total:                      1 340

shb_l.a: [6]
    exit.o                         20
    --------------------------------------------------------------
    Total:                         20

    Gaps                           52        6        2
    Linker created                          52    2 048
------------------------------------------------------------------
    Grand Total:              113 594  183 779  123 170  1 044 480


*******************************************************************************
*** ENTRY LIST
***

Entry                      Address     Size  Type      Object
-----                      -------     ----  ----      ------
.iar.init_table$$Base   0x0804781c            --   Gb  - Linker created -
.iar.init_table$$Limit  0x08047850            --   Gb  - Linker created -
?main                   0x08047c3d           Code  Gb  cmain.o [5]
APBAHBPrescTable        0x20000204     0x10  Data  Lc  stm32f4xx_rcc.o [1]
AppObjCreate            0x0803057d    0x190  Code  Gb  apptask.o [1]
AppTaskCreate           0x08030359    0x216  Code  Gb  apptask.o [1]
BOTStallErrorCount      0x2001d8d4      0x4  Data  Lc  usbh_msc_bot.o [1]
BusFault_Handler        0x0804738f      0x2  Code  Gb  stm32f4xx_it.o [1]
CID_Tab                 0x2001d70c     0x10  Data  Lc  bsp_sdio_sd.o [1]
CLIENT_ID               0x2001d5c0     0x20  Data  Gb  pub0sub1.o [1]
CRC16HiTable            0x08046dd8    0x100  Data  Gb  mcheck.o [1]
CRC16LoTable            0x08046ed8    0x100  Data  Gb  mcheck.o [1]
CRC8Table               0x08046fd8    0x100  Data  Gb  mcheck.o [1]
CSD_Tab                 0x2001d6fc     0x10  Data  Lc  bsp_sdio_sd.o [1]
CSTACK$$Base            0x2001d928            --   Gb  - Linker created -
CSTACK$$Limit           0x2001e128            --   Gb  - Linker created -
CardType                0x2001d828      0x4  Data  Lc  bsp_sdio_sd.o [1]
ChannengMQTTPackage     0x08033039     0x7e  Code  Gb  product_cal.o [1]
CmdError                0x08042a25     0x38  Code  Lc  bsp_sdio_sd.o [1]
CmdResp1Error           0x08042ac9    0x112  Code  Lc  bsp_sdio_sd.o [1]
CmdResp2Error           0x08042c19     0x52  Code  Lc  bsp_sdio_sd.o [1]
CmdResp3Error           0x08042bdb     0x3e  Code  Lc  bsp_sdio_sd.o [1]
CmdResp6Error           0x08042c6b     0xa6  Code  Lc  bsp_sdio_sd.o [1]
CmdResp7Error           0x08042a5d     0x58  Code  Lc  bsp_sdio_sd.o [1]
ConfigExitNVIC          0x08039c37     0x22  Code  Gb  bsp_closeSW.o [1]
ConfigUartNVIC          0x0803be57     0x7c  Code  Lc  bsp_uart_fifo.o [1]
ConnectTcp              0x0803a417     0x48  Code  Gb  esp8266_handler.o [1]
DIFF_G_init             0x0803648d     0x78  Code  Gb  bsp_servomotor.o [1]
DMA1_Stream0_IRQHandler
                        0x08036801     0x1c  Code  Gb  bsp_servomotor.o [1]
DMA1_Stream3_IRQHandler
                        0x0803681d     0x1c  Code  Gb  bsp_servomotor.o [1]
DMA2_Stream3_IRQHandler
                        0x0804330d      0x8  Code  Gb  bsp_sdio_sd.o [1]
DMAEndOfTransfer        0x2001d838      0x4  Data  Gb  bsp_sdio_sd.o [1]
DMA_ClearFlag           0x0803dfff     0x24  Code  Gb  stm32f4xx_dma.o [1]
DMA_Cmd                 0x0803dfb5     0x1a  Code  Gb  stm32f4xx_dma.o [1]
DMA_DeInit              0x0803de1d    0x140  Code  Gb  stm32f4xx_dma.o [1]
DMA_FlowControllerConfig
                        0x0803dfcf     0x18  Code  Gb  stm32f4xx_dma.o [1]
DMA_GetCmdStatus        0x0803dfe7     0x18  Code  Gb  stm32f4xx_dma.o [1]
DMA_GetITStatus         0x0803e065     0x62  Code  Gb  stm32f4xx_dma.o [1]
DMA_ITConfig            0x0803e023     0x42  Code  Gb  stm32f4xx_dma.o [1]
DMA_Init                0x0803df5d     0x58  Code  Gb  stm32f4xx_dma.o [1]
DebugMon_Handler        0x08047393      0x2  Code  Gb  stm32f4xx_it.o [1]
DiskFile_init           0x08039b79     0x40  Code  Gb  protocol.o [1]
Disk_File               0x2001cfac     0xd4  Data  Gb  protocol.o [1]
ENC_Calc_Average_Speed  0x0803a2d3      0xe  Code  Gb  encoder_tim.o [1]
ENC_Calc_Rot_Speed      0x0803a1f9     0xda  Code  Gb  encoder_tim.o [1]
ENC_Clear_Speed_Buffer  0x0803a1dd     0x1c  Code  Gb  encoder_tim.o [1]
ENC_Init                0x0803a0f1     0xec  Code  Gb  encoder_tim.o [1]
EXTI9_5_IRQHandler      0x08039c59     0x3c  Code  Gb  bsp_closeSW.o [1]
EXTI_ClearITPendingBit  0x0803f1cb      0x6  Code  Gb  stm32f4xx_exti.o [1]
EXTI_GetITStatus        0x0803f1b1     0x1a  Code  Gb  stm32f4xx_exti.o [1]
EXTI_Init               0x0803f129     0x88  Code  Gb  stm32f4xx_exti.o [1]
Esp8266_GetTcpStatus    0x0803a687     0x12  Code  Gb  esp8266_handler.o [1]
Esp8266_Tcp_Send        0x0803a641     0x46  Code  Gb  esp8266_handler.o [1]
FR_Table                0x200000fc     0x50  Data  Gb  demo_fatfs.o [1]
FatFs                   0x2001d774      0xc  Data  Lc  ff.o [1]
Files                   0x2001d59c     0x24  Data  Lc  ff.o [1]
FindSCR                 0x08042eb9    0x206  Code  Lc  bsp_sdio_sd.o [1]
Fsid                    0x2001d8f4      0x2  Data  Lc  ff.o [1]
GPIO_Init               0x08039ca1     0xaa  Code  Gb  stm32f4xx_gpio.o [1]
GPIO_PinAFConfig        0x08039d73     0x5a  Code  Gb  stm32f4xx_gpio.o [1]
GPIO_ReadInputDataBit   0x08039d4b     0x1a  Code  Gb  stm32f4xx_gpio.o [1]
GPIO_WriteBit           0x08039d65      0xe  Code  Gb  stm32f4xx_gpio.o [1]
GetDeviceState          0x08039b45     0x2e  Code  Gb  bsp_sw_onoff.o [1]
HCD_GetCurrentFrame     0x0803e39d      0x8  Code  Gb  usb_hcd.o [1]
HCD_GetCurrentSpeed     0x0803e37f     0x10  Code  Gb  usb_hcd.o [1]
HCD_GetURB_State        0x0803e3a5      0xa  Code  Gb  usb_hcd.o [1]
HCD_GetXferCnt          0x0803e3af      0xc  Code  Gb  usb_hcd.o [1]
HCD_Init                0x0803e30d     0x72  Code  Gb  usb_hcd.o [1]
HCD_ResetPort           0x0803e38f      0xe  Code  Gb  usb_hcd.o [1]
HCD_SubmitRequest       0x0803e3bb     0x28  Code  Gb  usb_hcd.o [1]
Handle_Internet_Data    0x0803a5a3     0x60  Code  Gb  esp8266_handler.o [1]
HardFault_Handler       0x0804735f     0x22  Code  Gb  stm32f4xx_it.o [1]
IWDG_Feed               0x0803b231      0x8  Code  Gb  bsp_watchdog.o [1]
IWDG_ReloadCounter      0x0803fce5      0xa  Code  Gb  stm32f4xx_iwdg.o [1]
InStream_Read           0x080470d9     0x22  Code  Lc  packbits_init.o [5]
InitHardUart            0x0803ba6b    0x3ec  Code  Lc  bsp_uart_fifo.o [1]
Init_JINGSHA_GUI        0x080314a7    0x122  Code  Gb  bsp_sdwe050c17.o [1]
JingSha_File            0x2001d3d8     0x58  Data  Gb  protocol.o [1]
LfnBuf                  0x2001c740    0x200  Data  Lc  ff.o [1]
LfnOfs                  0x08048298     0x10  Data  Lc  ff.o [1]
LoadInt                 0x0803cd45     0x6e  Code  Lc  xprintffull_nomb.o [3]
MQTTDeserialize_connack
                        0x0803f56b     0x80  Code  Gb  MQTTConnectClient.o [1]
MQTTDeserialize_publish
                        0x0803fb3d     0xb6  Code  Gb  MQTTDeserializePublish.o [1]
MQTTDeserialize_suback  0x0803fa9b     0x98  Code  Gb  MQTTSubscribeClient.o [1]
MQTTPacket_decode       0x0803f707     0x54  Code  Gb  MQTTPacket.o [1]
MQTTPacket_decodeBuf    0x0803f7a7     0x14  Code  Gb  MQTTPacket.o [1]
MQTTPacket_encode       0x0803f6dd     0x2a  Code  Gb  MQTTPacket.o [1]
MQTTPacket_len          0x0803f75b     0x24  Code  Gb  MQTTPacket.o [1]
MQTTPacket_read         0x0803f8e9     0x72  Code  Gb  MQTTPacket.o [1]
MQTTSerialize_connect   0x0803f3f5    0x176  Code  Gb  MQTTConnectClient.o [1]
MQTTSerialize_connectLength
                        0x0803f369     0x8c  Code  Gb  MQTTConnectClient.o [1]
MQTTSerialize_pingreq   0x0803f65d     0x12  Code  Gb  MQTTConnectClient.o [1]
MQTTSerialize_publish   0x0803fc1d     0xc4  Code  Gb  MQTTSerializePublish.o [1]
MQTTSerialize_publishLength
                        0x0803fbf9     0x24  Code  Gb  MQTTSerializePublish.o [1]
MQTTSerialize_subscribe
                        0x0803f9d7     0xc4  Code  Gb  MQTTSubscribeClient.o [1]
MQTTSerialize_subscribeLength
                        0x0803f9ad     0x2a  Code  Gb  MQTTSubscribeClient.o [1]
MQTTSerialize_zero      0x0803f5eb     0x54  Code  Gb  MQTTConnectClient.o [1]
MQTT_Connect            0x0803a767     0xae  Code  Gb  pub0sub1.o [1]
MQTT_GetConnected       0x0803aa77     0x1e  Code  Gb  pub0sub1.o [1]
MQTT_Init               0x0803a73b     0x2c  Code  Gb  pub0sub1.o [1]
MQTT_Package_Publish    0x0803a963     0x50  Code  Gb  pub0sub1.o [1]
MQTT_Publish            0x0803a9ff     0x78  Code  Gb  pub0sub1.o [1]
MQTT_RB_Read            0x0803a525     0x7e  Code  Gb  esp8266_handler.o [1]
MQTT_Read               0x0803a8a9     0xba  Code  Gb  pub0sub1.o [1]
MQTT_Subscribe          0x0803a815     0x94  Code  Gb  pub0sub1.o [1]
MQTT_TOPIC              0x2001d4cc     0x40  Data  Gb  pub0sub1.o [1]
MQTTstrlen              0x0803f8c9     0x20  Code  Gb  MQTTPacket.o [1]
MSCErrorCount           0x2001d91e      0x1  Data  Gb  usbh_msc_core.o [1]
MSC_Machine             0x2001d480     0x4c  Data  Gb  usbh_msc_core.o [1]
MSG_DEV_ATTACHED        0x08047ea8     0x18  Data  Gb  usbh_usr.o [1]
MSG_DEV_DISCONNECTED    0x08047ec0     0x18  Data  Gb  usbh_usr.o [1]
MSG_DEV_ENUMERATED      0x08047be8     0x1c  Data  Gb  usbh_usr.o [1]
MSG_DEV_ERROR           0x080480b4     0x14  Data  Gb  usbh_usr.o [1]
MSG_DEV_FULLSPEED       0x080479b0     0x20  Data  Gb  usbh_usr.o [1]
MSG_DEV_HIGHSPEED       0x08047990     0x20  Data  Gb  usbh_usr.o [1]
MSG_DEV_LOWSPEED        0x080479d0     0x20  Data  Gb  usbh_usr.o [1]
MSG_HID_CLASS           0x08047c04     0x1c  Data  Gb  usbh_usr.o [1]
MSG_MSC_CLASS           0x080477d4     0x24  Data  Gb  usbh_usr.o [1]
MSG_UNREC_ERROR         0x08047c20     0x1c  Data  Gb  usbh_usr.o [1]
MemManage_Handler       0x0804738d      0x2  Code  Gb  stm32f4xx_it.o [1]
MotorProcess            0x2001d630     0x18  Data  Gb  page_weimi.o [1]
MotorStepCount          0x08035f71     0x68  Code  Gb  page_weimi.o [1]
MqttHandle              0x0803aa95      0xe  Code  Gb  pub0sub1.o [1]
Mqtt_status_step        0x2001d91a      0x1  Data  Gb  pub0sub1.o [1]
NMI_Handler             0x0804735d      0x2  Code  Gb  stm32f4xx_it.o [1]
NVIC_Init               0x0803e143     0x6a  Code  Gb  misc.o [1]
NVIC_PriorityGroupConfig
                        0x0803e139      0xa  Code  Gb  misc.o [1]
OTG_FS_IRQHandler       0x08048329     0x10  Code  Gb  usbh_it.o [1]
PeiliaoMQTTPackage      0x080330b7     0x7e  Code  Gb  product_cal.o [1]
PendSV_Handler          0x0803fcf5           Code  Gb  portasm.o [1]
RCA                     0x2001d82c      0x4  Data  Lc  bsp_sdio_sd.o [1]
RCC_AHB1PeriphClockCmd  0x0803b89f     0x22  Code  Gb  stm32f4xx_rcc.o [1]
RCC_AHB2PeriphClockCmd  0x0803b8c1     0x1e  Code  Gb  stm32f4xx_rcc.o [1]
RCC_APB1PeriphClockCmd  0x0803b8df     0x1e  Code  Gb  stm32f4xx_rcc.o [1]
[...]
isalpha                 0x08043eb7     0x14  Code  Gb  isxxx.o [3]
isspace                 0x08043ecb     0x14  Code  Gb  isxxx.o [3]
keepalive               0x0803a9b9     0x46  Code  Gb  pub0sub1.o [1]
lastSendOutTime         0x2001d84c      0x4  Data  Gb  esp8266_handler.o [1]
last_ping               0x2001d8c0      0x4  Data  Gb  timer_platform.o [1]
lcd_busy                0x2001d90d      0x1  Data  Gb  bsp_sdwe050c17.o [1]
lcd_rev_buf             0x2001d50c     0x34  Data  Gb  bsp_sdwe050c17.o [1]
lcd_rev_len             0x2001d8ee      0x2  Data  Gb  bsp_sdwe050c17.o [1]
ld_clust                0x08037bb5     0x28  Code  Lc  ff.o [1]
localeconv              0x080402c7     0x16  Code  Gb  localeconv.o [3]
m_ctrl_dev              0x2001d7b8      0x8  Data  Gb  modbus.o [1]
main                    0x08047395     0x34  Code  Gb  main.o [1]
mallco_dev              0x200001d4     0x1c  Data  Gb  malloc.o [1]
mb_init                 0x080399f1     0x30  Code  Gb  modbus.o [1]
mb_packsend_frame       0x080398ff     0xf2  Code  Gb  modbus.o [1]
mb_unpack_frame         0x080397bd    0x142  Code  Gb  modbus.o [1]
mc_check_crc16          0x0803f05d     0x40  Code  Gb  mcheck.o [1]
mc_check_crc8           0x0803f039     0x24  Code  Gb  mcheck.o [1]
mc_check_sum            0x0803eff1     0x2e  Code  Gb  mcheck.o [1]
mc_check_xor            0x0803f01f     0x1a  Code  Gb  mcheck.o [1]
mem1base                0x2000f248   0xa000  Data  Gb  malloc.o [1]
mem1mapbase             0x2001a248    0xa00  Data  Gb  malloc.o [1]
mem2base                0x68000000  0xf0000  Data  Gb  malloc.o [1]
mem2mapbase             0x680f0000   0xf000  Data  Gb  malloc.o [1]
mem_cmp                 0x08037197     0x24  Code  Lc  ff.o [1]
mem_cpy                 0x08037165     0x1c  Code  Lc  ff.o [1]
mem_set                 0x08037181     0x16  Code  Lc  ff.o [1]
memblksize              0x08048650      0x8  Data  Gb  malloc.o [1]
memchr                  0x0804007d           Code  Gb  memchr.o [5]
memsize                 0x08048658      0x8  Data  Gb  malloc.o [1]
memtblsize              0x08048648      0x8  Data  Gb  malloc.o [1]
modbus_send_frame       0x08039a21     0xe6  Code  Gb  modbus.o [1]
move_window             0x08037459     0x40  Code  Lc  ff.o [1]
mqttSubscribeData       0x2001bb88    0x3e8  Data  Gb  esp8266_handler.o [1]
mqtt_status             0x2001d7c8      0x8  Data  Gb  pub0sub1.o [1]
my_mem_free             0x08034483     0x6c  Code  Gb  malloc.o [1]
my_mem_init             0x08034347     0x42  Code  Gb  malloc.o [1]
my_mem_malloc           0x080343c7     0xbc  Code  Gb  malloc.o [1]
my_mem_perused          0x08034389     0x3e  Code  Gb  malloc.o [1]
myfree                  0x080344ef     0x24  Code  Gb  malloc.o [1]
mymalloc                0x08034513     0x2a  Code  Gb  malloc.o [1]
mymemset                0x08034331     0x16  Code  Gb  malloc.o [1]
ndigs                   0x0804410c     0x28  Data  Lc  xstoull.o [3]
netDeviceInfo_t         0x2001d250     0x68  Data  Gb  esp8266_handler.o [1]
net_device_send_cmd     0x0803a3c9     0x4e  Code  Gb  esp8266_handler.o [1]
obuf                    0x2001d430     0x50  Data  Lc  xfiles.o [3]
oem2uni                 0x0801560c  0x15484  Data  Lc  cc936.o [1]
old_card_record         0x2001d906      0x1  Data  Gb  apptask.o [1]
old_isWork              0x2001d902      0x1  Data  Gb  apptask.o [1]
old_is_stop             0x20000244      0x1  Data  Gb  page_weimi.o [1]
old_plan_complete       0x2001d916      0x1  Data  Gb  product_cal.o [1]
old_system_state        0x20000242      0x1  Data  Gb  apptask.o [1]
old_usb_disk_flag       0x2001d904      0x1  Data  Gb  apptask.o [1]
para_init               0x08035009     0x80  Code  Gb  para.o [1]
pcInterruptPriorityRegisters
                        0x08048764      0x4  Data  Lc  port.o [1]
peiliao_para            0x2001d540     0x34  Data  Gb  product_cal.o [1]
pick_lfn                0x08037cab     0x8c  Code  Lc  ff.o [1]
plan_complete           0x2001d915      0x1  Data  Gb  product_cal.o [1]
pluse_count             0x2001d8e6      0x2  Data  Gb  apptask.o [1]
pows                    0x08044910     0x48  Data  Lc  xdtento.o [4]
printf                  0x08034249     0x24  Code  Gb  printf.o [3]
product_complete_kilo   0x08032ce1     0x30  Code  Gb  product_cal.o [1]
product_complete_meter  0x08032ccf     0x12  Code  Gb  product_cal.o [1]
product_para            0x2001d574     0x28  Data  Gb  product_cal.o [1]
product_per_meter       0x08032c3d     0x78  Code  Gb  product_cal.o [1]
prvAddCurrentTaskToDelayedList
                        0x08033cd9     0x48  Code  Lc  tasks.o [1]
prvAllocateTCBAndStack  0x08033d21     0x5a  Code  Lc  tasks.o [1]
prvCheckForValidListAndQueue
                        0x0803b1bf     0x52  Code  Lc  timers.o [1]
prvCheckTasksWaitingTermination
                        0x08033c6f     0x66  Code  Lc  tasks.o [1]
prvCopyDataFromQueue    0x08031341     0x30  Code  Lc  queue.o [1]
prvCopyDataToQueue      0x080312bd     0x84  Code  Lc  queue.o [1]
prvDeleteTCB            0x08033d7b     0x12  Code  Lc  tasks.o [1]
prvGetNextExpireTime    0x0803afab     0x2e  Code  Lc  timers.o [1]
prvHeapInit             0x0803b6ad     0x6e  Code  Lc  heap_4.o [1]
prvIdleTask             0x08033b89     0x26  Code  Lc  tasks.o [1]
prvInitialiseTCBVariables
                        0x08033baf     0x6a  Code  Lc  tasks.o [1]
prvInitialiseTaskLists  0x08033c19     0x56  Code  Lc  tasks.o [1]
prvInsertBlockIntoFreeList
                        0x0803b71b     0x62  Code  Lc  heap_4.o [1]
prvInsertTimerInActiveList
                        0x0803b001     0x50  Code  Lc  timers.o [1]
prvIsQueueEmpty         0x080313db     0x20  Code  Lc  queue.o [1]
prvIsQueueFull          0x080313fb     0x22  Code  Lc  queue.o [1]
prvProcessExpiredTimer  0x0803aec3     0x5c  Code  Lc  timers.o [1]
prvProcessReceivedCommands
                        0x0803b051     0xde  Code  Lc  timers.o [1]
prvProcessTimerOrBlockTask
                        0x0803af3b     0x70  Code  Lc  timers.o [1]
prvResetNextTaskUnblockTime
                        0x08033d8d     0x26  Code  Lc  tasks.o [1]
prvSampleTimeNow        0x0803afd9     0x28  Code  Lc  timers.o [1]
prvSwitchTimerLists     0x0803b12f     0x90  Code  Lc  timers.o [1]
prvTaskExitError        0x0803b25d     0x2a  Code  Lc  port.o [1]
prvTestWaitCondition    0x0803ad67     0x24  Code  Lc  event_groups.o [1]
prvTimerTask            0x0803af21     0x1a  Code  Lc  timers.o [1]
prvUnlockQueue          0x08031371     0x6a  Code  Lc  queue.o [1]
pub_topicString         0x2001d7a4      0xc  Data  Gb  pub0sub1.o [1]
put_fat                 0x080376a7    0x16c  Code  Gb  ff.o [1]
putchar                 0x08047ef1      0xc  Code  Gb  putchar.o [3]
pvPortMalloc            0x0803b51d    0x118  Code  Gb  heap_4.o [1]
pxCurrentTCB            0x2001d880      0x4  Data  Gb  tasks.o [1]
pxCurrentTimerList      0x2001d8c4      0x4  Data  Lc  timers.o [1]
pxDelayedTaskList       0x2001d884      0x4  Data  Lc  tasks.o [1]
pxEnd                   0x2001d858      0x4  Data  Lc  heap_4.o [1]
pxOverflowDelayedTaskList
                        0x2001d888      0x4  Data  Lc  tasks.o [1]
pxOverflowTimerList     0x2001d8c8      0x4  Data  Lc  timers.o [1]
pxPortInitialiseStack   0x0803b239     0x24  Code  Gb  port.o [1]
pxReadyTasksLists       0x2001cd40    0x140  Data  Lc  tasks.o [1]
rc522_cmd_anticoll      0x08039761     0x5a  Code  Gb  rc522.o [1]
rc522_cmd_request       0x0803970d     0x54  Code  Gb  rc522.o [1]
readChar                0x0803f7d7     0x10  Code  Gb  MQTTPacket.o [1]
readDisk                0x2001d909      0x1  Data  Gb  apptask.o [1]
readFilenum             0x2001d90a      0x1  Data  Gb  apptask.o [1]
readInt                 0x0803f7bb     0x1c  Code  Gb  MQTTPacket.o [1]
readMQTTLenString       0x0803f88d     0x3c  Code  Gb  MQTTPacket.o [1]
readSlave               0x2001d768      0xc  Data  Gb  apptask.o [1]
read_device_info        0x08034b81    0x2ae  Code  Gb  para.o [1]
read_file_select        0x2001d798      0xc  Data  Gb  protocol.o [1]
read_from_disk          0x080350c9    0xd04  Code  Gb  para.o [1]
remove_chain            0x08037813     0x76  Code  Lc  ff.o [1]
rfid_rev_buf            0x2001d65c     0x14  Data  Gb  rc522.o [1]
rfid_rev_cnt            0x2001d91c      0x1  Data  Gb  rc522.o [1]
rfid_rev_flag           0x2001d91b      0x1  Data  Gb  rc522.o [1]
rtc_time                0x2001d7c0      0x8  Data  Gb  protocol.o [1]
s_TIM_CallBack1         0x2001d83c      0x4  Data  Lc  bsp_timer.o [1]
s_TIM_CallBack2         0x2001d840      0x4  Data  Lc  bsp_timer.o [1]
s_TIM_CallBack3         0x2001d844      0x4  Data  Lc  bsp_timer.o [1]
s_TIM_CallBack4         0x2001d848      0x4  Data  Lc  bsp_timer.o [1]
sample_time             0x2001d8e4      0x2  Data  Gb  apptask.o [1]
sdew_weimi_page1        0x0803234d    0x302  Code  Gb  bsp_sdwe050c17.o [1]
sdew_weimi_page2        0x0803265d    0x25e  Code  Gb  bsp_sdwe050c17.o [1]
sdew_weisha_page1       0x080328bb    0x100  Code  Gb  bsp_sdwe050c17.o [1]
sdew_weisha_page2       0x080329c9    0x100  Code  Gb  bsp_sdwe050c17.o [1]
servomotor_mode         0x2001d911      0x1  Data  Gb  page_weimi.o [1]
servomotor_step         0x2001d8f8      0x2  Data  Gb  page_weimi.o [1]
slave_info              0x2001d75c      0xc  Data  Gb  apptask.o [1]
snprintf                0x0803f325     0x44  Code  Gb  snprintf.o [3]
speed_zhu               0x2001d8f6      0x2  Data  Gb  page_weimi.o [1]
sprintf                 0x080395fd     0x34  Code  Gb  sprintf.o [3]
sscanf                  0x0803d715     0x24  Code  Gb  sscanf.o [3]
st_clust                0x08037bdd     0x18  Code  Lc  ff.o [1]
step_motor_adjust       0x2001d910      0x1  Data  Gb  page_weimi.o [1]
strcat                  0x08039631     0x1c  Code  Gb  strcat.o [3]
strchr                  0x08040065           Code  Gb  strchr.o [5]
strlen                  0x08034b49           Code  Gb  strlen.o [5]
strstr                  0x08039bbd     0x10  Code  Gb  para.o [1]
sum_sfn                 0x08037eb1     0x20  Code  Lc  ff.o [1]
sync_fs                 0x08037499     0xd8  Code  Lc  ff.o [1]
sync_window             0x080373ff     0x5a  Code  Lc  ff.o [1]
system_state_dis        0x08046af4    0x190  Data  Gb  product_cal.o [1]
toStop                  0x2001d878      0x4  Data  Gb  pub0sub1.o [1]
tolower                 0x08044469     0x14  Code  Gb  tolower.o [3]
total_meter_gross       0x2001d870      0x4  Data  Gb  product_cal.o [1]
total_weight_gross      0x2001d874      0x4  Data  Gb  product_cal.o [1]
transport_close         0x0803f6c1     0x12  Code  Gb  transport.o [1]
transport_getdata       0x0803f6ad     0x14  Code  Gb  transport.o [1]
transport_sendPacketBuffer
                        0x0803f671     0x3c  Code  Gb  transport.o [1]
ucHeap                  0x20000248   0xf000  Data  Lc  heap_4.o [1]
ucMaxSysCallPriority    0x2001d914      0x1  Data  Lc  port.o [1]
ulHighFrequencyTimerTicks
                        0x2001d87c      0x4  Data  Gb  SysInfoTest.o [1]
ulMaxPRIGROUPValue      0x2001d86c      0x4  Data  Lc  port.o [1]
ulTaskSwitchedInTime    0x2001d8b8      0x4  Data  Lc  tasks.o [1]
ulTotalRunTime          0x2001d8bc      0x4  Data  Lc  tasks.o [1]
uni2oem                 0x08000188  0x15484  Data  Lc  cc936.o [1]
usb_disk_flag           0x2001d903      0x1  Data  Gb  apptask.o [1]
usbh_OpenMassStorage    0x08036861     0x14  Code  Gb  usbh_usr.o [1]
uxCriticalNesting       0x20000230      0x4  Data  Lc  port.o [1]
uxCurrentNumberOfTasks  0x2001d890      0x4  Data  Lc  tasks.o [1]
uxListRemove            0x0803b4f5     0x28  Code  Gb  list.o [1]
uxPendedTicks           0x2001d8a0      0x4  Data  Lc  tasks.o [1]
uxSchedulerSuspended    0x2001d8b4      0x4  Data  Lc  tasks.o [1]
uxTaskNumber            0x2001d8ac      0x4  Data  Lc  tasks.o [1]
uxTaskResetEventItemValue
                        0x08033ded     0x20  Code  Gb  tasks.o [1]
uxTasksDeleted          0x2001d88c      0x4  Data  Lc  tasks.o [1]
uxTopReadyPriority      0x2001d898      0x4  Data  Lc  tasks.o [1]
vAnalysisUartData       0x0803013d     0xca  Code  Gb  apptask.o [1]
vEsp8266_Main_Task      0x0802fe69    0x190  Code  Gb  apptask.o [1]
vListInitialise         0x0803b485     0x1e  Code  Gb  list.o [1]
vListInsert             0x0803b4bb     0x3a  Code  Gb  list.o [1]
vListInsertEnd          0x0803b4a3     0x18  Code  Gb  list.o [1]
vMQTT_Handler_Task      0x08030015    0x120  Code  Gb  apptask.o [1]
vMQTT_Recive_Task       0x08030207     0x7e  Code  Gb  apptask.o [1]
vMQTT_Tranmit_Task      0x08030285     0xd0  Code  Gb  apptask.o [1]
vPortEnableVFP          0x0803fd81           Code  Gb  portasm.o [1]
vPortEnterCritical      0x0803b353     0x3a  Code  Gb  port.o [1]
vPortExitCritical       0x0803b38d     0x32  Code  Gb  port.o [1]
vPortFree               0x0803b635     0x78  Code  Gb  heap_4.o [1]
vPortSetupTimerInterrupt
                        0x0803b3eb      0xe  Code  Wk  port.o [1]
vPortStartFirstTask     0x0803fd69           Code  Gb  portasm.o [1]
vPortValidateInterruptPriority
                        0x0803b3f9     0x4e  Code  Gb  port.o [1]
vQueueWaitForMessageRestricted
                        0x0803141d     0x44  Code  Gb  queue.o [1]
vSetupSysInfoTest       0x080472e9     0x12  Code  Gb  SysInfoTest.o [1]
vTaskDelay              0x080333e5     0x84  Code  Gb  tasks.o [1]
vTaskFreq               0x0802fc39    0x230  Code  Lc  apptask.o [1]
vTaskManageCapacity     0x0802ec4d    0x5d2  Code  Gb  apptask.o [1]
vTaskMassStorage        0x0802d9d1    0x5e0  Code  Lc  apptask.o [1]
vTaskMissedYield        0x08033b7f      0xa  Code  Gb  tasks.o [1]
vTaskMotorControl       0x0802f2bd    0x96c  Code  Lc  apptask.o [1]
vTaskMsgPro             0x0802e429    0x434  Code  Lc  apptask.o [1]
vTaskPlaceOnEventList   0x080337e5     0x74  Code  Gb  tasks.o [1]
vTaskPlaceOnEventListRestricted
                        0x0803391d     0x80  Code  Gb  tasks.o [1]
vTaskPlaceOnUnorderedEventList
                        0x08033875     0xa8  Code  Gb  tasks.o [1]
vTaskReadDisk           0x0802e989    0x26a  Code  Lc  apptask.o [1]
vTaskRev485             0x0802e885     0xba  Code  Lc  apptask.o [1]
vTaskSetTimeOutState    0x08033ac9     0x26  Code  Gb  tasks.o [1]
vTaskStartScheduler     0x08033469     0x7e  Code  Gb  tasks.o [1]
vTaskSuspendAll         0x080334e7     0x10  Code  Gb  tasks.o [1]
vTaskSwitchContext      0x08033735     0xb0  Code  Gb  tasks.o [1]
vTaskTaskLCD            0x0802aa91   0x2f08  Code  Gb  apptask.o [1]
vTaskTaskLED            0x0802dfd9     0x26  Code  Lc  apptask.o [1]
vTaskTaskRFID           0x0802dfff    0x3cc  Code  Lc  apptask.o [1]
valid_seg               0x2001d913      0x1  Data  Gb  page_weimi.o [1]
validate                0x08038c57     0x36  Code  Lc  ff.o [1]
weimi_para              0x2001ce80    0x12c  Data  Gb  page_weimi.o [1]
work_idle               0x2001d917      0x1  Data  Gb  product_cal.o [1]
work_idle_time          0x2001d8fa      0x2  Data  Gb  product_cal.o [1]
writeCString            0x0803f81d     0x2a  Code  Gb  MQTTPacket.o [1]
writeChar               0x0803f7e7      0xc  Code  Gb  MQTTPacket.o [1]
writeInt                0x0803f7f3     0x2a  Code  Gb  MQTTPacket.o [1]
writeMQTTString         0x0803f847     0x46  Code  Gb  MQTTPacket.o [1]
xActiveTimerList1       0x2001d6d4     0x14  Data  Lc  timers.o [1]
xActiveTimerList2       0x2001d6e8     0x14  Data  Lc  timers.o [1]
xBlockAllocatedBit      0x2001d864      0x4  Data  Lc  heap_4.o [1]
xDelayedTaskList1       0x2001d670     0x14  Data  Lc  tasks.o [1]
xDelayedTaskList2       0x2001d684     0x14  Data  Lc  tasks.o [1]
xEventGroupCreate       0x0803ab29     0x1c  Code  Gb  event_groups.o [1]
xEventGroupSetBits      0x0803ac91     0xd6  Code  Gb  event_groups.o [1]
xEventGroupWaitBits     0x0803ab45    0x146  Code  Gb  event_groups.o [1]
xFreeBytesRemaining     0x2001d85c      0x4  Data  Lc  heap_4.o [1]
xHandleTaskFreq         0x2001d7f4      0x4  Data  Gb  apptask.o [1]
xHandleTaskLCD          0x2001d7d0      0x4  Data  Gb  apptask.o [1]
xHandleTaskLED          0x2001d7d4      0x4  Data  Gb  apptask.o [1]
xHandleTaskManageCapacity
                        0x2001d7ec      0x4  Data  Gb  apptask.o [1]
xHandleTaskMassStorage  0x2001d7dc      0x4  Data  Gb  apptask.o [1]
xHandleTaskMotorControl
                        0x2001d7f0      0x4  Data  Gb  apptask.o [1]
xHandleTaskMsgPro       0x2001d7e4      0x4  Data  Gb  apptask.o [1]
xHandleTaskRFID         0x2001d7d8      0x4  Data  Gb  apptask.o [1]
xHandleTaskReadDisk     0x2001d7e0      0x4  Data  Gb  apptask.o [1]
xHandleTaskRev485       0x2001d7e8      0x4  Data  Gb  apptask.o [1]
xHeapStructSize         0x08048738      0x4  Data  Lc  heap_4.o [1]
xMinimumEverFreeBytesRemaining
                        0x2001d860      0x4  Data  Lc  heap_4.o [1]
xNextTaskUnblockTime    0x2001d8b0      0x4  Data  Lc  tasks.o [1]
xNumOfOverflows         0x2001d8a8      0x4  Data  Lc  tasks.o [1]
xPendingReadyList       0x2001d698     0x14  Data  Lc  tasks.o [1]
xPortStartScheduler     0x0803b287     0xcc  Code  Gb  port.o [1]
xQueueGenericCreate     0x08030d29     0x7e  Code  Gb  queue.o [1]
xQueueGenericReceive    0x0803111d    0x19c  Code  Gb  queue.o [1]
xQueueGenericReset      0x08030c99     0x90  Code  Gb  queue.o [1]
xQueueGenericSend       0x08030da7    0x1b2  Code  Gb  queue.o [1]
xQueueGenericSendFromISR
                        0x08030f59     0xec  Code  Gb  queue.o [1]
xQueueGiveFromISR       0x08031045     0xd8  Code  Gb  queue.o [1]
xQueue_MQTT_Recv        0x2001d818      0x4  Data  Gb  apptask.o [1]
xQueue_MQTT_Transmit    0x2001d81c      0x4  Data  Gb  apptask.o [1]
xQueue_esp8266_Cmd      0x2001d820      0x4  Data  Gb  apptask.o [1]
xQueue_message          0x2001d824      0x4  Data  Gb  apptask.o [1]
xSchedulerRunning       0x2001d89c      0x4  Data  Lc  tasks.o [1]
xSemaphore_download     0x2001d808      0x4  Data  Gb  apptask.o [1]
xSemaphore_encoder      0x2001d804      0x4  Data  Gb  apptask.o [1]
xSemaphore_lcd          0x2001d7f8      0x4  Data  Gb  apptask.o [1]
xSemaphore_pluse        0x2001d800      0x4  Data  Gb  apptask.o [1]
xSemaphore_readDisk     0x2001d80c      0x4  Data  Gb  apptask.o [1]
xSemaphore_rs485        0x2001d7fc      0x4  Data  Gb  apptask.o [1]
xStart                  0x2001d7b0      0x8  Data  Lc  heap_4.o [1]
xSuspendedTaskList      0x2001d6c0     0x14  Data  Lc  tasks.o [1]
xTaskCheckForTimeOut    0x08033af5     0x8a  Code  Gb  tasks.o [1]
xTaskGenericCreate      0x08033261    0x184  Code  Gb  tasks.o [1]
xTaskGetSchedulerState  0x08033db3     0x26  Code  Gb  tasks.o [1]
xTaskGetTickCount       0x080335f7      0xa  Code  Gb  tasks.o [1]
xTaskIncrementTick      0x08033601    0x134  Code  Gb  tasks.o [1]
xTaskRemoveFromEventList
                        0x080339a1     0x8e  Code  Gb  tasks.o [1]
xTaskRemoveFromUnorderedEventList
                        0x08033a35     0x94  Code  Gb  tasks.o [1]
xTaskResumeAll          0x080334f7    0x100  Code  Gb  tasks.o [1]
xTasksWaitingTermination
                        0x2001d6ac     0x14  Data  Lc  tasks.o [1]
xTickCount              0x2001d894      0x4  Data  Lc  tasks.o [1]
xTimerCreate            0x0803addd     0x62  Code  Gb  timers.o [1]
xTimerCreateTimerTask   0x0803ad8d     0x50  Code  Gb  timers.o [1]
xTimerGenericCommand    0x0803ae3f     0x84  Code  Gb  timers.o [1]
xTimerQueue             0x2001d8cc      0x4  Data  Lc  timers.o [1]
xTimerUser              0x2001d814      0x4  Data  Gb  apptask.o [1]
xYieldPending           0x2001d8a4      0x4  Data  Lc  tasks.o [1]


[1] = E:\WORK\YarnControl_Driver\YarnControl_Driver\src\stm32f4_rtos\Project\EWARMv7\Flash\Obj
[2] = command line
[3] = dl7M_tlf.a
[4] = m7M_tls.a
[5] = rt7M_tl.a
[6] = shb_l.a

  113 594 bytes of readonly  code memory
  183 779 bytes of readonly  data memory
  123 170 bytes of readwrite data memory (+ 1 044 480 absolute)

Errors: none
Warnings: none
