###############################################################################
#
# IAR ELF Linker V7.40.7.9843/W32 for ARM                 01/Apr/2019  17:34:26
# Copyright 2007-2015 IAR Systems AB.
#
#    Output file  =  
#        E:\work\YarnControl_Driver\src\stm32f4_rtos\Project\EWARMv7\Flash\Exe\project.out
#    Map file     =  
#        E:\work\YarnControl_Driver\src\stm32f4_rtos\Project\EWARMv7\Flash\List\project.map
#    Command line =  
#        E:\work\YarnControl_Driver\src\stm32f4_rtos\Project\EWARMv7\Flash\Obj\apptask.o
#        E:\work\YarnControl_Driver\src\stm32f4_rtos\Project\EWARMv7\Flash\Obj\bsp.o
#        E:\work\YarnControl_Driver\src\stm32f4_rtos\Project\EWARMv7\Flash\Obj\bsp_closeSW.o
#        E:\work\YarnControl_Driver\src\stm32f4_rtos\Project\EWARMv7\Flash\Obj\bsp_dac.o
#        E:\work\YarnControl_Driver\src\stm32f4_rtos\Project\EWARMv7\Flash\Obj\bsp_dwt.o
#        E:\work\YarnControl_Driver\src\stm32f4_rtos\Project\EWARMv7\Flash\Obj\bsp_led.o
#        E:\work\YarnControl_Driver\src\stm32f4_rtos\Project\EWARMv7\Flash\Obj\bsp_relay.o
#        E:\work\YarnControl_Driver\src\stm32f4_rtos\Project\EWARMv7\Flash\Obj\bsp_sdio_sd.o
#        E:\work\YarnControl_Driver\src\stm32f4_rtos\Project\EWARMv7\Flash\Obj\bsp_sdwe050c17.o
#        E:\work\YarnControl_Driver\src\stm32f4_rtos\Project\EWARMv7\Flash\Obj\bsp_servomotor.o
#        E:\work\YarnControl_Driver\src\stm32f4_rtos\Project\EWARMv7\Flash\Obj\bsp_spi.o
#        E:\work\YarnControl_Driver\src\stm32f4_rtos\Project\EWARMv7\Flash\Obj\bsp_stepmotor.o
#        E:\work\YarnControl_Driver\src\stm32f4_rtos\Project\EWARMv7\Flash\Obj\bsp_sw_onoff.o
#        E:\work\YarnControl_Driver\src\stm32f4_rtos\Project\EWARMv7\Flash\Obj\bsp_tim_pwm.o
#        E:\work\YarnControl_Driver\src\stm32f4_rtos\Project\EWARMv7\Flash\Obj\bsp_timer.o
#        E:\work\YarnControl_Driver\src\stm32f4_rtos\Project\EWARMv7\Flash\Obj\bsp_uart_fifo.o
#        E:\work\YarnControl_Driver\src\stm32f4_rtos\Project\EWARMv7\Flash\Obj\bsp_w25qxx.o
#        E:\work\YarnControl_Driver\src\stm32f4_rtos\Project\EWARMv7\Flash\Obj\bsp_watchdog.o
#        E:\work\YarnControl_Driver\src\stm32f4_rtos\Project\EWARMv7\Flash\Obj\cc936.o
#        E:\work\YarnControl_Driver\src\stm32f4_rtos\Project\EWARMv7\Flash\Obj\cJSON.o
#        E:\work\YarnControl_Driver\src\stm32f4_rtos\Project\EWARMv7\Flash\Obj\croutine.o
#        E:\work\YarnControl_Driver\src\stm32f4_rtos\Project\EWARMv7\Flash\Obj\demo_fatfs.o
#        E:\work\YarnControl_Driver\src\stm32f4_rtos\Project\EWARMv7\Flash\Obj\diskio.o
#        E:\work\YarnControl_Driver\src\stm32f4_rtos\Project\EWARMv7\Flash\Obj\encoder_tim.o
#        E:\work\YarnControl_Driver\src\stm32f4_rtos\Project\EWARMv7\Flash\Obj\esp8266_handler.o
#        E:\work\YarnControl_Driver\src\stm32f4_rtos\Project\EWARMv7\Flash\Obj\esp8266_init.o
#        E:\work\YarnControl_Driver\src\stm32f4_rtos\Project\EWARMv7\Flash\Obj\event_groups.o
#        E:\work\YarnControl_Driver\src\stm32f4_rtos\Project\EWARMv7\Flash\Obj\ff.o
#        E:\work\YarnControl_Driver\src\stm32f4_rtos\Project\EWARMv7\Flash\Obj\heap_4.o
#        E:\work\YarnControl_Driver\src\stm32f4_rtos\Project\EWARMv7\Flash\Obj\list.o
#        E:\work\YarnControl_Driver\src\stm32f4_rtos\Project\EWARMv7\Flash\Obj\main.o
#        E:\work\YarnControl_Driver\src\stm32f4_rtos\Project\EWARMv7\Flash\Obj\malloc.o
#        E:\work\YarnControl_Driver\src\stm32f4_rtos\Project\EWARMv7\Flash\Obj\mcheck.o
#        E:\work\YarnControl_Driver\src\stm32f4_rtos\Project\EWARMv7\Flash\Obj\misc.o
#        E:\work\YarnControl_Driver\src\stm32f4_rtos\Project\EWARMv7\Flash\Obj\modbus.o
#        E:\work\YarnControl_Driver\src\stm32f4_rtos\Project\EWARMv7\Flash\Obj\MQTTConnectClient.o
#        E:\work\YarnControl_Driver\src\stm32f4_rtos\Project\EWARMv7\Flash\Obj\MQTTConnectServer.o
#        E:\work\YarnControl_Driver\src\stm32f4_rtos\Project\EWARMv7\Flash\Obj\MQTTDeserializePublish.o
#        E:\work\YarnControl_Driver\src\stm32f4_rtos\Project\EWARMv7\Flash\Obj\MQTTFormat.o
#        E:\work\YarnControl_Driver\src\stm32f4_rtos\Project\EWARMv7\Flash\Obj\MQTTPacket.o
#        E:\work\YarnControl_Driver\src\stm32f4_rtos\Project\EWARMv7\Flash\Obj\MQTTSerializePublish.o
#        E:\work\YarnControl_Driver\src\stm32f4_rtos\Project\EWARMv7\Flash\Obj\MQTTSubscribeClient.o
#        E:\work\YarnControl_Driver\src\stm32f4_rtos\Project\EWARMv7\Flash\Obj\MQTTSubscribeServer.o
#        E:\work\YarnControl_Driver\src\stm32f4_rtos\Project\EWARMv7\Flash\Obj\MQTTUnsubscribeClient.o
#        E:\work\YarnControl_Driver\src\stm32f4_rtos\Project\EWARMv7\Flash\Obj\MQTTUnsubscribeServer.o
#        E:\work\YarnControl_Driver\src\stm32f4_rtos\Project\EWARMv7\Flash\Obj\page_weimi.o
#        E:\work\YarnControl_Driver\src\stm32f4_rtos\Project\EWARMv7\Flash\Obj\para.o
#        E:\work\YarnControl_Driver\src\stm32f4_rtos\Project\EWARMv7\Flash\Obj\port.o
#        E:\work\YarnControl_Driver\src\stm32f4_rtos\Project\EWARMv7\Flash\Obj\portasm.o
#        E:\work\YarnControl_Driver\src\stm32f4_rtos\Project\EWARMv7\Flash\Obj\product_cal.o
#        E:\work\YarnControl_Driver\src\stm32f4_rtos\Project\EWARMv7\Flash\Obj\protocol.o
#        E:\work\YarnControl_Driver\src\stm32f4_rtos\Project\EWARMv7\Flash\Obj\pub0sub1.o
#        E:\work\YarnControl_Driver\src\stm32f4_rtos\Project\EWARMv7\Flash\Obj\queue.o
#        E:\work\YarnControl_Driver\src\stm32f4_rtos\Project\EWARMv7\Flash\Obj\rc522.o
#        E:\work\YarnControl_Driver\src\stm32f4_rtos\Project\EWARMv7\Flash\Obj\startup_stm32f40_41xxx.o
#        E:\work\YarnControl_Driver\src\stm32f4_rtos\Project\EWARMv7\Flash\Obj\stm32f4xx_adc.o
#        E:\work\YarnControl_Driver\src\stm32f4_rtos\Project\EWARMv7\Flash\Obj\stm32f4xx_assert.o
#        E:\work\YarnControl_Driver\src\stm32f4_rtos\Project\EWARMv7\Flash\Obj\stm32f4xx_can.o
#        E:\work\YarnControl_Driver\src\stm32f4_rtos\Project\EWARMv7\Flash\Obj\stm32f4xx_crc.o
#        E:\work\YarnControl_Driver\src\stm32f4_rtos\Project\EWARMv7\Flash\Obj\stm32f4xx_cryp.o
#        E:\work\YarnControl_Driver\src\stm32f4_rtos\Project\EWARMv7\Flash\Obj\stm32f4xx_cryp_aes.o
#        E:\work\YarnControl_Driver\src\stm32f4_rtos\Project\EWARMv7\Flash\Obj\stm32f4xx_cryp_des.o
#        E:\work\YarnControl_Driver\src\stm32f4_rtos\Project\EWARMv7\Flash\Obj\stm32f4xx_cryp_tdes.o
#        E:\work\YarnControl_Driver\src\stm32f4_rtos\Project\EWARMv7\Flash\Obj\stm32f4xx_dac.o
#        E:\work\YarnControl_Driver\src\stm32f4_rtos\Project\EWARMv7\Flash\Obj\stm32f4xx_dbgmcu.o
#        E:\work\YarnControl_Driver\src\stm32f4_rtos\Project\EWARMv7\Flash\Obj\stm32f4xx_dcmi.o
#        E:\work\YarnControl_Driver\src\stm32f4_rtos\Project\EWARMv7\Flash\Obj\stm32f4xx_dma.o
#        E:\work\YarnControl_Driver\src\stm32f4_rtos\Project\EWARMv7\Flash\Obj\stm32f4xx_dma2d.o
#        E:\work\YarnControl_Driver\src\stm32f4_rtos\Project\EWARMv7\Flash\Obj\stm32f4xx_exti.o
#        E:\work\YarnControl_Driver\src\stm32f4_rtos\Project\EWARMv7\Flash\Obj\stm32f4xx_flash.o
#        E:\work\YarnControl_Driver\src\stm32f4_rtos\Project\EWARMv7\Flash\Obj\stm32f4xx_fsmc.o
#        E:\work\YarnControl_Driver\src\stm32f4_rtos\Project\EWARMv7\Flash\Obj\stm32f4xx_gpio.o
#        E:\work\YarnControl_Driver\src\stm32f4_rtos\Project\EWARMv7\Flash\Obj\stm32f4xx_hash.o
#        E:\work\YarnControl_Driver\src\stm32f4_rtos\Project\EWARMv7\Flash\Obj\stm32f4xx_hash_md5.o
#        E:\work\YarnControl_Driver\src\stm32f4_rtos\Project\EWARMv7\Flash\Obj\stm32f4xx_hash_sha1.o
#        E:\work\YarnControl_Driver\src\stm32f4_rtos\Project\EWARMv7\Flash\Obj\stm32f4xx_i2c.o
#        E:\work\YarnControl_Driver\src\stm32f4_rtos\Project\EWARMv7\Flash\Obj\stm32f4xx_it.o
#        E:\work\YarnControl_Driver\src\stm32f4_rtos\Project\EWARMv7\Flash\Obj\stm32f4xx_iwdg.o
#        E:\work\YarnControl_Driver\src\stm32f4_rtos\Project\EWARMv7\Flash\Obj\stm32f4xx_ltdc.o
#        E:\work\YarnControl_Driver\src\stm32f4_rtos\Project\EWARMv7\Flash\Obj\stm32f4xx_pwr.o
#        E:\work\YarnControl_Driver\src\stm32f4_rtos\Project\EWARMv7\Flash\Obj\stm32f4xx_rcc.o
#        E:\work\YarnControl_Driver\src\stm32f4_rtos\Project\EWARMv7\Flash\Obj\stm32f4xx_rng.o
#        E:\work\YarnControl_Driver\src\stm32f4_rtos\Project\EWARMv7\Flash\Obj\stm32f4xx_rtc.o
#        E:\work\YarnControl_Driver\src\stm32f4_rtos\Project\EWARMv7\Flash\Obj\stm32f4xx_sai.o
#        E:\work\YarnControl_Driver\src\stm32f4_rtos\Project\EWARMv7\Flash\Obj\stm32f4xx_sdio.o
#        E:\work\YarnControl_Driver\src\stm32f4_rtos\Project\EWARMv7\Flash\Obj\stm32f4xx_spi.o
#        E:\work\YarnControl_Driver\src\stm32f4_rtos\Project\EWARMv7\Flash\Obj\stm32f4xx_syscfg.o
#        E:\work\YarnControl_Driver\src\stm32f4_rtos\Project\EWARMv7\Flash\Obj\stm32f4xx_tim.o
#        E:\work\YarnControl_Driver\src\stm32f4_rtos\Project\EWARMv7\Flash\Obj\stm32f4xx_usart.o
#        E:\work\YarnControl_Driver\src\stm32f4_rtos\Project\EWARMv7\Flash\Obj\stm32f4xx_wwdg.o
#        E:\work\YarnControl_Driver\src\stm32f4_rtos\Project\EWARMv7\Flash\Obj\SysInfoTest.o
#        E:\work\YarnControl_Driver\src\stm32f4_rtos\Project\EWARMv7\Flash\Obj\system_stm32f4xx.o
#        E:\work\YarnControl_Driver\src\stm32f4_rtos\Project\EWARMv7\Flash\Obj\tasks.o
#        E:\work\YarnControl_Driver\src\stm32f4_rtos\Project\EWARMv7\Flash\Obj\timer_platform.o
#        E:\work\YarnControl_Driver\src\stm32f4_rtos\Project\EWARMv7\Flash\Obj\timers.o
#        E:\work\YarnControl_Driver\src\stm32f4_rtos\Project\EWARMv7\Flash\Obj\transport.o
#        E:\work\YarnControl_Driver\src\stm32f4_rtos\Project\EWARMv7\Flash\Obj\usb_bsp.o
#        E:\work\YarnControl_Driver\src\stm32f4_rtos\Project\EWARMv7\Flash\Obj\usb_core.o
#        E:\work\YarnControl_Driver\src\stm32f4_rtos\Project\EWARMv7\Flash\Obj\usb_hcd.o
#        E:\work\YarnControl_Driver\src\stm32f4_rtos\Project\EWARMv7\Flash\Obj\usb_hcd_int.o
#        E:\work\YarnControl_Driver\src\stm32f4_rtos\Project\EWARMv7\Flash\Obj\usbh_core.o
#        E:\work\YarnControl_Driver\src\stm32f4_rtos\Project\EWARMv7\Flash\Obj\usbh_hcs.o
#        E:\work\YarnControl_Driver\src\stm32f4_rtos\Project\EWARMv7\Flash\Obj\usbh_ioreq.o
#        E:\work\YarnControl_Driver\src\stm32f4_rtos\Project\EWARMv7\Flash\Obj\usbh_it.o
#        E:\work\YarnControl_Driver\src\stm32f4_rtos\Project\EWARMv7\Flash\Obj\usbh_msc_bot.o
#        E:\work\YarnControl_Driver\src\stm32f4_rtos\Project\EWARMv7\Flash\Obj\usbh_msc_core.o
#        E:\work\YarnControl_Driver\src\stm32f4_rtos\Project\EWARMv7\Flash\Obj\usbh_msc_scsi.o
#        E:\work\YarnControl_Driver\src\stm32f4_rtos\Project\EWARMv7\Flash\Obj\usbh_stdreq.o
#        E:\work\YarnControl_Driver\src\stm32f4_rtos\Project\EWARMv7\Flash\Obj\usbh_usr.o
#        -o
#        E:\work\YarnControl_Driver\src\stm32f4_rtos\Project\EWARMv7\Flash\Exe\project.out
#        --map
#        E:\work\YarnControl_Driver\src\stm32f4_rtos\Project\EWARMv7\Flash\List\project.map
#        --config
#        E:\work\YarnControl_Driver\src\stm32f4_rtos\Project\EWARMv7\stm32f4xx_flash.icf
#        --semihosting --entry __iar_program_start --inline --vfe
#
###############################################################################

*******************************************************************************
*** RUNTIME MODEL ATTRIBUTES
***

CppFlavor                     = *
__Heap_Handler                = DLMalloc
__SystemLibrary               = DLib
__dlib_dynamic_initialization = normal


*******************************************************************************
*** PLACEMENT SUMMARY
***

"A1":  place at 0x08000000 { ro section .intvec };
"P1":  place in [from 0x08000000 to 0x080fffff] { ro };
"P2":  place in [from 0x20000000 to 0x2001ffff] { rw, block CSTACK, block HEAP };

  Section             Kind        Address     Size  Object
  -------             ----        -------     ----  ------
"A1":                                        0x188
  .intvec             ro code  0x08000000    0x188  startup_stm32f40_41xxx.o [1]
                             - 0x08000188    0x188

"P1":                                      0x47418
  .rodata             const    0x08000188  0x15484  cc936.o [1]
  .rodata             const    0x0801560c  0x15484  cc936.o [1]
  .text               ro code  0x0802aa90   0x683c  apptask.o [1]
  .text               ro code  0x080312cc    0x7c8  queue.o [1]
  .text               ro code  0x08031a94   0x1620  bsp_sdwe050c17.o [1]
  .text               ro code  0x080330b4    0x538  product_cal.o [1]
  .text               ro code  0x080335ec     0x66  ABImemset.o [5]
  .text               ro code  0x08033652     0x1e  xsscin.o [3]
  .text               ro code  0x08033670    0xce0  tasks.o [1]
  .text               ro code  0x08034350    0x380  bsp_w25qxx.o [1]
  .text               ro code  0x080346d0     0x4e  FltToDbl.o [4]
  .text               ro code  0x0803471e      0xa  xsprout.o [3]
  .text               ro code  0x08034728     0x24  printf.o [3]
  .text               ro code  0x0803474c     0x76  ABImemcpy_unaligned.o [5]
  .text               ro code  0x080347c4     0x42  strcmp_unaligned.o [5]
  .text               ro code  0x08034808    0x21c  malloc.o [1]
  .text               ro code  0x08034a24     0x30  I32ToDbl.o [4]
  .text               ro code  0x08034a54    0x256  DblDiv.o [4]
  .text               ro code  0x08034cac     0xe8  DblAdd.o [4]
  .text               ro code  0x08034d94    0x1a2  DblMul.o [4]
  .text               ro code  0x08034f38     0x58  DblToI32.o [4]
  .text               ro code  0x08034f90     0x90  DblToFlt.o [4]
  .text               ro code  0x08035020     0x36  strlen.o [5]
  .text               ro code  0x08035058    0x12c  stm32f4xx_gpio.o [1]
  .text               ro code  0x08035184   0x143e  para.o [1]
  .text               ro code  0x080365c4     0x62  memcmp_unaligned.o [5]
  .text               ro code  0x08036628     0xd4  bsp_dac.o [1]
  .text               ro code  0x080366fc    0x348  page_weimi.o [1]
  .text               ro code  0x08036a44    0x264  bsp_servomotor.o [1]
  .text               ro code  0x08036ca8    0x1a2  usbh_usr.o [1]
  .text               ro code  0x08036e4c    0x760  usbh_core.o [1]
  .text               ro code  0x080375ac   0x2498  ff.o [1]
  .text               ro code  0x08039a44     0x34  sprintf.o [3]
  .text               ro code  0x08039a78     0x1c  strcat.o [3]
  .text               ro code  0x08039a94     0xc0  bsp_led.o [1]
  .text               ro code  0x08039b54     0xee  rc522.o [1]
  .text               ro code  0x08039c44    0x354  modbus.o [1]
  .text               ro code  0x08039f98     0x80  protocol.o [1]
  .text               ro code  0x0803a018     0x10  para.o [1]
  .text               ro code  0x0803a028     0xd4  bsp_closeSW.o [1]
  .text               ro code  0x0803a0fc    0x49c  bsp_stepmotor.o [1]
  .text               ro code  0x0803a598    0x180  DblSub.o [4]
  .text               ro code  0x0803a718    0x2c0  encoder_tim.o [1]
  .text               ro code  0x0803a9d8    0x262  event_groups.o [1]
  .text               ro code  0x0803ac3c    0x4a4  timers.o [1]
  .text               ro code  0x0803b0e0      0x8  bsp_watchdog.o [1]
  .text               ro code  0x0803b0e8    0x24c  port.o [1]
  .text               ro code  0x0803b334     0x98  list.o [1]
  .text               ro code  0x0803b3cc    0x280  heap_4.o [1]
  .text               ro code  0x0803b64c    0x1e8  stm32f4xx_rcc.o [1]
  .text               ro code  0x0803b834     0x74  bsp_dwt.o [1]
  .text               ro code  0x0803b8a8    0xaa4  bsp_uart_fifo.o [1]
  .text               ro code  0x0803c34c    0x204  bsp_timer.o [1]
  .text               ro code  0x0803c550    0x124  bsp_spi.o [1]
  .text               ro code  0x0803c674    0xd96  xprintffull_nomb.o [3]
  .text               ro code  0x0803d40c     0x44  strcpy_unaligned.o [5]
  .text               ro code  0x0803d450     0x24  sscanf.o [3]
  .text               ro code  0x0803d474     0x7c  stm32f4xx_dac.o [1]
  .text               ro code  0x0803d4f0    0x6f6  stm32f4xx_tim.o [1]
  .text               ro code  0x0803dbe8    0x31c  stm32f4xx_dma.o [1]
  .text               ro code  0x0803df04    0x14c  usb_bsp.o [1]
  .text               ro code  0x0803e050     0xd6  usb_hcd.o [1]
  .text               ro code  0x0803e126    0x1ba  usbh_hcs.o [1]
  .text               ro code  0x0803e2e0    0x436  usbh_stdreq.o [1]
  .text               ro code  0x0803e716    0x246  usbh_ioreq.o [1]
  .text               ro code  0x0803e95c    0x2e4  diskio.o [1]
  .text               ro code  0x0803ec40     0xf4  cc936.o [1]
  .text               ro code  0x0803ed34     0xb8  mcheck.o [1]
  .text               ro code  0x0803edec     0x2c  strstr.o [3]
  .text               ro code  0x0803ee18     0x54  stm32f4xx_syscfg.o [1]
  .text               ro code  0x0803ee6c     0xc0  stm32f4xx_exti.o [1]
  .text               ro code  0x0803ef2c     0x88  misc.o [1]
  .text               ro code  0x0803efb4    0x132  I64DivMod.o [5]
  .text               ro code  0x0803f0e8     0x10  stm32f4xx_iwdg.o [1]
  CODE                ro code  0x0803f0f8     0xa8  portasm.o [1]
  .text               ro code  0x0803f1a0    0x254  stm32f4xx_usart.o [1]
  .text               ro code  0x0803f3f4     0x74  stm32f4xx_spi.o [1]
  .text               ro code  0x0803f468     0x16  strchr.o [5]
  .text               ro code  0x0803f480     0x58  memchr.o [5]
  .text               ro code  0x0803f4d8     0x42  xdnorm.o [4]
  .text               ro code  0x0803f51c     0x2e  DblCmpLe.o [4]
  .text               ro code  0x0803f54c     0x2e  DblCmpGe.o [4]
  .text               ro code  0x0803f57c    0x114  xdscale.o [4]
  .text               ro code  0x0803f690     0x6c  localeconv.o [3]
  .text               ro code  0x0803f6fc      0xe  div.o [3]
  .text               ro code  0x0803f70c    0xb64  xscanffull_nomb.o [3]
  .text               ro code  0x08040270    0xa50  usb_core.o [1]
  .text               ro code  0x08040cc0   0x1a58  bsp_sdio_sd.o [1]
  .text               ro code  0x08042718    0x618  usbh_msc_scsi.o [1]
  .text               ro code  0x08042d30    0x554  usbh_msc_bot.o [1]
  .text               ro code  0x08043284      0x2  I64DivZer.o [5]
  .text               ro code  0x08043286     0x28  isxxx.o [3]
  .text               ro code  0x080432ae     0xa4  xstoll.o [3]
  .text               ro code  0x08043354    0x1b0  xstoull.o [3]
  .text               ro code  0x08043504    0x168  xstold.o [4]
  .text               ro code  0x0804366c    0x17c  stm32f4xx_sdio.o [1]
  .text               ro code  0x080437e8     0x18  setlocale.o [3]
  .text               ro code  0x08043800     0x16  xlocale_c.o [3]
  .text               ro code  0x08043816     0x14  xlocale_c.o [3]
  .text               ro code  0x0804382c      0xc  errno.o [3]
  .text               ro code  0x08043838     0x14  tolower.o [3]
  .text               ro code  0x0804384c    0x124  xstopfx.o [3]
  .text               ro code  0x08043970    0x1b8  xstoflt.o [3]
  .text               ro code  0x08043b28    0x200  xdtento.o [4]
  .text               ro code  0x08043d28    0x218  xstoxflt.o [3]
  .text               ro code  0x08043f40      0x2  xtls.o [3]
  .text               ro code  0x08043f42      0xc  xlocale_c.o [3]
  .text               ro code  0x08043f50     0x20  DblCmpEq.o [4]
  .text               ro code  0x08043f70     0x52  xdunscal.o [4]
  .text               ro code  0x08043fc4    0xc7e  usb_hcd_int.o [1]
  .rodata             const    0x08044c44    0x400  apptask.o [1]
  .text               ro code  0x08045044    0x3e8  usbh_msc_core.o [1]
  .rodata             const    0x0804542c    0x3dc  cc936.o [1]
  .rodata             const    0x08045808    0x3dc  cc936.o [1]
  .rodata             const    0x08045be4    0x190  product_cal.o [1]
  .text               ro code  0x08045d74    0x154  system_stm32f4xx.o [1]
  .rodata             const    0x08045ec8    0x100  mcheck.o [1]
  .rodata             const    0x08045fc8    0x100  mcheck.o [1]
  .rodata             const    0x080460c8    0x100  mcheck.o [1]
  .text               ro code  0x080461c8     0xd0  packbits_init.o [5]
  .text               ro code  0x08046298      0x6  abort.o [3]
  .text               ro code  0x080462a0     0x14  exit.o [6]
  .text               ro code  0x080462b4     0x4c  bsp.o [1]
  .text               ro code  0x08046300     0x44  bsp_relay.o [1]
  .text               ro code  0x08046344     0x38  bsp_sw_onoff.o [1]
  .text               ro code  0x0804637c     0x40  zero_init3.o [5]
  .rodata             const    0x080463bc     0x38  demo_fatfs.o [1]
  .text               ro code  0x080463f4     0x38  stm32f4xx_it.o [1]
  .rodata             const    0x0804642c     0x30  apptask.o [1]
  .rodata             const    0x0804645c     0x30  apptask.o [1]
  .rodata             const    0x0804648c     0x30  demo_fatfs.o [1]
  .rodata             const    0x080464bc     0x30  demo_fatfs.o [1]
  .text               ro code  0x080464ec     0x30  main.o [1]
  .rodata             const    0x0804651c     0x2c  apptask.o [1]
  .rodata             const    0x08046548     0x2c  demo_fatfs.o [1]
  .rodata             const    0x08046574     0x2c  demo_fatfs.o [1]
  .rodata             const    0x080465a0     0x2c  stm32f4xx_it.o [1]
  .text               ro code  0x080465cc     0x2c  SysInfoTest.o [1]
  .rodata             const    0x080465f8     0x28  demo_fatfs.o [1]
  .rodata             const    0x08046620     0x28  demo_fatfs.o [1]
  .rodata             const    0x08046648     0x28  demo_fatfs.o [1]
  .text               ro code  0x08046670     0x28  data_init.o [5]
  .rodata             const    0x08046698     0x24  apptask.o [1]
  .rodata             const    0x080466bc     0x24  apptask.o [1]
  .rodata             const    0x080466e0     0x24  apptask.o [1]
  .rodata             const    0x08046704     0x24  apptask.o [1]
  .rodata             const    0x08046728     0x24  apptask.o [1]
  .rodata             const    0x0804674c     0x24  apptask.o [1]
  .rodata             const    0x08046770     0x24  apptask.o [1]
  .rodata             const    0x08046794     0x24  apptask.o [1]
  .rodata             const    0x080467b8     0x24  apptask.o [1]
  .rodata             const    0x080467dc     0x24  demo_fatfs.o [1]
  .rodata             const    0x08046800     0x24  demo_fatfs.o [1]
  .rodata             const    0x08046824     0x24  usbh_usr.o [1]
  .text               ro code  0x08046848     0x22  fpinit_M.o [4]
  .iar.init_table     const    0x0804686c     0x34  - Linker created -
  .rodata             const    0x080468a0     0x20  apptask.o [1]
  .rodata             const    0x080468c0     0x20  apptask.o [1]
  .rodata             const    0x080468e0     0x20  apptask.o [1]
  .rodata             const    0x08046900     0x20  demo_fatfs.o [1]
  .rodata             const    0x08046920     0x20  demo_fatfs.o [1]
  .rodata             const    0x08046940     0x20  demo_fatfs.o [1]
  .rodata             const    0x08046960     0x20  usbh_usr.o [1]
  .rodata             const    0x08046980     0x20  usbh_usr.o [1]
  .rodata             const    0x080469a0     0x20  usbh_usr.o [1]
  .rodata             const    0x080469c0     0x20  usbh_usr.o [1]
  .rodata             const    0x080469e0     0x20  usbh_usr.o [1]
  .rodata             const    0x08046a00     0x1c  apptask.o [1]
  .rodata             const    0x08046a1c     0x1c  apptask.o [1]
  .rodata             const    0x08046a38     0x1c  apptask.o [1]
  .rodata             const    0x08046a54     0x1c  apptask.o [1]
  .rodata             const    0x08046a70     0x1c  apptask.o [1]
  .rodata             const    0x08046a8c     0x1c  apptask.o [1]
  .rodata             const    0x08046aa8     0x1c  demo_fatfs.o [1]
  .rodata             const    0x08046ac4     0x1c  demo_fatfs.o [1]
  .rodata             const    0x08046ae0     0x1c  usbh_usr.o [1]
  .rodata             const    0x08046afc     0x1c  usbh_usr.o [1]
  .rodata             const    0x08046b18     0x1c  usbh_usr.o [1]
  .rodata             const    0x08046b34     0x1c  usbh_usr.o [1]
  .rodata             const    0x08046b50     0x1c  usbh_usr.o [1]
  .rodata             const    0x08046b6c     0x1c  usbh_usr.o [1]
  .text               ro code  0x08046b88     0x1a  cmain.o [5]
  .text               ro code  0x08046ba2      0x4  exit.o [3]
  .text               ro code  0x08046ba8      0xa  cexit.o [5]
  .rodata             const    0x08046bb4     0x18  apptask.o [1]
  .rodata             const    0x08046bcc     0x18  apptask.o [1]
  .rodata             const    0x08046be4     0x18  apptask.o [1]
  .rodata             const    0x08046bfc     0x18  apptask.o [1]
  .rodata             const    0x08046c14     0x18  apptask.o [1]
  .rodata             const    0x08046c2c     0x18  apptask.o [1]
  .rodata             const    0x08046c44     0x18  apptask.o [1]
  .rodata             const    0x08046c5c     0x18  apptask.o [1]
  .rodata             const    0x08046c74     0x18  demo_fatfs.o [1]
  .rodata             const    0x08046c8c     0x18  demo_fatfs.o [1]
  .rodata             const    0x08046ca4     0x18  demo_fatfs.o [1]
  .rodata             const    0x08046cbc     0x18  demo_fatfs.o [1]
  .rodata             const    0x08046cd4     0x18  para.o [1]
  .rodata             const    0x08046cec     0x18  usbh_usr.o [1]
  .rodata             const    0x08046d04     0x18  usbh_usr.o [1]
  .rodata             const    0x08046d1c     0x18  usbh_usr.o [1]
  .rodata             const    0x08046d34     0x18  usbh_usr.o [1]
  .rodata             const    0x08046d4c     0x18  usbh_usr.o [1]
  .text               ro code  0x08046d64     0x16  xprout.o [3]
  .text               ro code  0x08046d7c      0xc  putchar.o [3]
  .rodata             const    0x08046d88     0x14  apptask.o [1]
  .rodata             const    0x08046d9c     0x14  apptask.o [1]
  .rodata             const    0x08046db0     0x14  apptask.o [1]
  .rodata             const    0x08046dc4     0x14  apptask.o [1]
  .rodata             const    0x08046dd8     0x14  apptask.o [1]
  .rodata             const    0x08046dec     0x14  apptask.o [1]
  .rodata             const    0x08046e00     0x14  apptask.o [1]
  .rodata             const    0x08046e14     0x14  usbh_usr.o [1]
  .rodata             const    0x08046e28     0x14  usbh_usr.o [1]
  .rodata             const    0x08046e3c     0x10  apptask.o [1]
  .rodata             const    0x08046e4c     0x10  apptask.o [1]
  .rodata             const    0x08046e5c     0x10  apptask.o [1]
  .rodata             const    0x08046e6c     0x10  apptask.o [1]
  .rodata             const    0x08046e7c     0x10  apptask.o [1]
  .rodata             const    0x08046e8c     0x10  apptask.o [1]
  .rodata             const    0x08046e9c     0x10  apptask.o [1]
  .rodata             const    0x08046eac     0x10  apptask.o [1]
  .rodata             const    0x08046ebc     0x10  apptask.o [1]
  .rodata             const    0x08046ecc     0x10  apptask.o [1]
  .rodata             const    0x08046edc     0x10  apptask.o [1]
  .rodata             const    0x08046eec     0x10  apptask.o [1]
  .rodata             const    0x08046efc     0x10  apptask.o [1]
  .rodata             const    0x08046f0c     0x10  apptask.o [1]
  .rodata             const    0x08046f1c     0x10  apptask.o [1]
  .rodata             const    0x08046f2c     0x10  apptask.o [1]
  .rodata             const    0x08046f3c     0x10  apptask.o [1]
  .rodata             const    0x08046f4c     0x10  apptask.o [1]
  .rodata             const    0x08046f5c     0x10  apptask.o [1]
  .rodata             const    0x08046f6c     0x10  bsp_sdwe050c17.o [1]
  .rodata             const    0x08046f7c     0x10  ff.o [1]
  .rodata             const    0x08046f8c     0x10  main.o [1]
  .rodata             const    0x08046f9c     0x10  main.o [1]
  .rodata             const    0x08046fac     0x10  para.o [1]
  .rodata             const    0x08046fbc     0x10  para.o [1]
  .rodata             const    0x08046fcc     0x10  usbh_usr.o [1]
  .rodata             const    0x08046fdc     0x10  usbh_usr.o [1]
  .text               ro code  0x08046fec     0x10  startup_stm32f40_41xxx.o [1]
  .text               ro code  0x08046ffc     0x10  usbh_it.o [1]
  .rodata             const    0x0804700c      0xc  apptask.o [1]
  .rodata             const    0x08047018      0xc  apptask.o [1]
  .rodata             const    0x08047024      0xc  apptask.o [1]
  .rodata             const    0x08047030      0xc  apptask.o [1]
  .rodata             const    0x0804703c      0xc  apptask.o [1]
  .rodata             const    0x08047048      0xc  apptask.o [1]
  .rodata             const    0x08047054      0xc  apptask.o [1]
  .rodata             const    0x08047060      0xc  apptask.o [1]
  .rodata             const    0x0804706c      0xc  apptask.o [1]
  .rodata             const    0x08047078      0xc  apptask.o [1]
  .rodata             const    0x08047084      0xc  apptask.o [1]
  .rodata             const    0x08047090      0xc  apptask.o [1]
  .rodata             const    0x0804709c      0xc  apptask.o [1]
  .rodata             const    0x080470a8      0xc  apptask.o [1]
  .rodata             const    0x080470b4      0xc  apptask.o [1]
  .rodata             const    0x080470c0      0xc  apptask.o [1]
  .rodata             const    0x080470cc      0xc  apptask.o [1]
  .rodata             const    0x080470d8      0xc  apptask.o [1]
  .rodata             const    0x080470e4      0xc  apptask.o [1]
  .rodata             const    0x080470f0      0xc  apptask.o [1]
  .rodata             const    0x080470fc      0xc  apptask.o [1]
  .rodata             const    0x08047108      0xc  apptask.o [1]
  .rodata             const    0x08047114      0xc  apptask.o [1]
  .rodata             const    0x08047120      0xc  apptask.o [1]
  .rodata             const    0x0804712c      0xc  apptask.o [1]
  .rodata             const    0x08047138      0xc  apptask.o [1]
  .rodata             const    0x08047144      0xc  apptask.o [1]
  .rodata             const    0x08047150      0xc  apptask.o [1]
  .rodata             const    0x0804715c      0xc  apptask.o [1]
  .rodata             const    0x08047168      0xc  apptask.o [1]
  .rodata             const    0x08047174      0xc  apptask.o [1]
  .rodata             const    0x08047180      0xc  apptask.o [1]
  .rodata             const    0x0804718c      0xc  apptask.o [1]
  .rodata             const    0x08047198      0xc  bsp_sdwe050c17.o [1]
  .rodata             const    0x080471a4      0xc  demo_fatfs.o [1]
  .rodata             const    0x080471b0      0xc  ff.o [1]
  .rodata             const    0x080471bc      0xc  page_weimi.o [1]
  .rodata             const    0x080471c8      0xc  para.o [1]
  .rodata             const    0x080471d4      0xc  para.o [1]
  .rodata             const    0x080471e0      0xc  para.o [1]
  .rodata             const    0x080471ec      0xc  para.o [1]
  .rodata             const    0x080471f8      0xc  para.o [1]
  .text               ro code  0x08047204      0xc  cstartup_M.o [5]
  .rodata             const    0x08047210      0x8  apptask.o [1]
  .rodata             const    0x08047218      0x8  apptask.o [1]
  .rodata             const    0x08047220      0x8  apptask.o [1]
  .rodata             const    0x08047228      0x8  apptask.o [1]
  .rodata             const    0x08047230      0x8  apptask.o [1]
  .rodata             const    0x08047238      0x8  apptask.o [1]
  .rodata             const    0x08047240      0x8  apptask.o [1]
  .rodata             const    0x08047248      0x8  apptask.o [1]
  .rodata             const    0x08047250      0x8  apptask.o [1]
  .rodata             const    0x08047258      0x8  apptask.o [1]
  .rodata             const    0x08047260      0x8  apptask.o [1]
  .rodata             const    0x08047268      0x8  apptask.o [1]
  .rodata             const    0x08047270      0x8  apptask.o [1]
  .rodata             const    0x08047278      0x8  apptask.o [1]
  .rodata             const    0x08047280      0x8  bsp_sdwe050c17.o [1]
  .rodata             const    0x08047288      0x8  bsp_w25qxx.o [1]
  .rodata             const    0x08047290      0x8  ff.o [1]
  .rodata             const    0x08047298      0x8  malloc.o [1]
  .rodata             const    0x080472a0      0x8  malloc.o [1]
  .rodata             const    0x080472a8      0x8  malloc.o [1]
  .rodata             const    0x080472b0      0x8  para.o [1]
  .rodata             const    0x080472b8      0x8  para.o [1]
  .rodata             const    0x080472c0      0x8  para.o [1]
  .rodata             const    0x080472c8      0x8  para.o [1]
  .rodata             const    0x080472d0      0x8  para.o [1]
  .rodata             const    0x080472d8      0x8  para.o [1]
  .rodata             const    0x080472e0      0x8  para.o [1]
  .rodata             const    0x080472e8      0x8  para.o [1]
  .rodata             const    0x080472f0      0x8  para.o [1]
  .rodata             const    0x080472f8      0x8  para.o [1]
  .rodata             const    0x08047300      0x8  para.o [1]
  .rodata             const    0x08047308      0x8  para.o [1]
  .rodata             const    0x08047310      0x8  para.o [1]
  .rodata             const    0x08047318      0x8  para.o [1]
  .rodata             const    0x08047320      0x8  para.o [1]
  .rodata             const    0x08047328      0x8  para.o [1]
  .rodata             const    0x08047330      0x8  para.o [1]
  .rodata             const    0x08047338      0x8  para.o [1]
  .rodata             const    0x08047340      0x8  para.o [1]
  .rodata             const    0x08047348      0x8  para.o [1]
  .rodata             const    0x08047350      0x8  para.o [1]
  .rodata             const    0x08047358      0x8  tasks.o [1]
  .rodata             const    0x08047360      0x8  timers.o [1]
  .rodata             const    0x08047368      0x4  heap_4.o [1]
  .rodata             const    0x0804736c      0x4  port.o [1]
  .text               ro code  0x08047370      0x4  startup_stm32f40_41xxx.o [1]
  .text               ro code  0x08047374      0x4  startup_stm32f40_41xxx.o [1]
  .text               ro code  0x08047378      0x4  startup_stm32f40_41xxx.o [1]
  .text               ro code  0x0804737c      0x4  startup_stm32f40_41xxx.o [1]
  .text               ro code  0x08047380      0x4  startup_stm32f40_41xxx.o [1]
  .text               ro code  0x08047384      0x4  startup_stm32f40_41xxx.o [1]
  .text               ro code  0x08047388      0x4  startup_stm32f40_41xxx.o [1]
  .text               ro code  0x0804738c      0x4  startup_stm32f40_41xxx.o [1]
  .text               ro code  0x08047390      0x4  startup_stm32f40_41xxx.o [1]
  .text               ro code  0x08047394      0x4  startup_stm32f40_41xxx.o [1]
  .text               ro code  0x08047398      0x4  startup_stm32f40_41xxx.o [1]
  .text               ro code  0x0804739c      0x4  startup_stm32f40_41xxx.o [1]
  .text               ro code  0x080473a0      0x4  startup_stm32f40_41xxx.o [1]
  .text               ro code  0x080473a4      0x4  startup_stm32f40_41xxx.o [1]
  .text               ro code  0x080473a8      0x4  startup_stm32f40_41xxx.o [1]
  .text               ro code  0x080473ac      0x4  startup_stm32f40_41xxx.o [1]
  .text               ro code  0x080473b0      0x4  startup_stm32f40_41xxx.o [1]
  .text               ro code  0x080473b4      0x4  startup_stm32f40_41xxx.o [1]
  .text               ro code  0x080473b8      0x4  startup_stm32f40_41xxx.o [1]
  .text               ro code  0x080473bc      0x4  startup_stm32f40_41xxx.o [1]
  .text               ro code  0x080473c0      0x4  startup_stm32f40_41xxx.o [1]
  .text               ro code  0x080473c4      0x4  startup_stm32f40_41xxx.o [1]
  .text               ro code  0x080473c8      0x4  startup_stm32f40_41xxx.o [1]
  .text               ro code  0x080473cc      0x4  startup_stm32f40_41xxx.o [1]
  .text               ro code  0x080473d0      0x4  startup_stm32f40_41xxx.o [1]
  .text               ro code  0x080473d4      0x4  startup_stm32f40_41xxx.o [1]
  .text               ro code  0x080473d8      0x4  startup_stm32f40_41xxx.o [1]
  .text               ro code  0x080473dc      0x4  startup_stm32f40_41xxx.o [1]
  .text               ro code  0x080473e0      0x4  startup_stm32f40_41xxx.o [1]
  .text               ro code  0x080473e4      0x4  startup_stm32f40_41xxx.o [1]
  .text               ro code  0x080473e8      0x4  startup_stm32f40_41xxx.o [1]
  .text               ro code  0x080473ec      0x4  startup_stm32f40_41xxx.o [1]
  .text               ro code  0x080473f0      0x4  startup_stm32f40_41xxx.o [1]
  .text               ro code  0x080473f4      0x4  startup_stm32f40_41xxx.o [1]
  .text               ro code  0x080473f8      0x4  startup_stm32f40_41xxx.o [1]
  .text               ro code  0x080473fc      0x4  startup_stm32f40_41xxx.o [1]
  .text               ro code  0x08047400      0x4  startup_stm32f40_41xxx.o [1]
  .text               ro code  0x08047404      0x4  startup_stm32f40_41xxx.o [1]
  .text               ro code  0x08047408      0x4  startup_stm32f40_41xxx.o [1]
  .text               ro code  0x0804740c      0x4  startup_stm32f40_41xxx.o [1]
  .text               ro code  0x08047410      0x4  startup_stm32f40_41xxx.o [1]
  .text               ro code  0x08047414      0x4  startup_stm32f40_41xxx.o [1]
  .text               ro code  0x08047418      0x4  startup_stm32f40_41xxx.o [1]
  .text               ro code  0x0804741c      0x4  startup_stm32f40_41xxx.o [1]
  .text               ro code  0x08047420      0x4  startup_stm32f40_41xxx.o [1]
  .text               ro code  0x08047424      0x4  startup_stm32f40_41xxx.o [1]
  .text               ro code  0x08047428      0x4  startup_stm32f40_41xxx.o [1]
  .text               ro code  0x0804742c      0x4  startup_stm32f40_41xxx.o [1]
  .text               ro code  0x08047430      0x4  startup_stm32f40_41xxx.o [1]
  .text               ro code  0x08047434      0x4  startup_stm32f40_41xxx.o [1]
  .text               ro code  0x08047438      0x4  startup_stm32f40_41xxx.o [1]
  .text               ro code  0x0804743c      0x4  startup_stm32f40_41xxx.o [1]
  .text               ro code  0x08047440      0x4  startup_stm32f40_41xxx.o [1]
  .text               ro code  0x08047444      0x4  startup_stm32f40_41xxx.o [1]
  .text               ro code  0x08047448      0x4  startup_stm32f40_41xxx.o [1]
  .text               ro code  0x0804744c      0x4  startup_stm32f40_41xxx.o [1]
  .text               ro code  0x08047450      0x4  startup_stm32f40_41xxx.o [1]
  .text               ro code  0x08047454      0x4  startup_stm32f40_41xxx.o [1]
  .text               ro code  0x08047458      0x4  startup_stm32f40_41xxx.o [1]
  .text               ro code  0x0804745c      0x4  startup_stm32f40_41xxx.o [1]
  .text               ro code  0x08047460      0x4  startup_stm32f40_41xxx.o [1]
  .text               ro code  0x08047464      0x4  startup_stm32f40_41xxx.o [1]
  .text               ro code  0x08047468      0x4  startup_stm32f40_41xxx.o [1]
  .text               ro code  0x0804746c      0x4  startup_stm32f40_41xxx.o [1]
  .text               ro code  0x08047470      0x4  startup_stm32f40_41xxx.o [1]
  .text               ro code  0x08047474      0x4  startup_stm32f40_41xxx.o [1]
  .text               ro code  0x08047478      0x4  startup_stm32f40_41xxx.o [1]
  .text               ro code  0x0804747c      0x4  startup_stm32f40_41xxx.o [1]
  .rodata             const    0x08047480      0x0  zero_init3.o [5]
  .rodata             const    0x08047480      0x0  packbits_init.o [5]
  Initializer bytes   const    0x08047480    0x120  <for P2 s0>
                             - 0x080475a0  0x47418

"P2":                                      0x1fec8
  P2 s0                        0x20000000    0x232  <Init block>
    __DLIB_PERTHREAD  inited   0x20000000     0x88  localeconv.o [3]
    __DLIB_PERTHREAD  inited   0x20000088     0x74  setlocale.o [3]
    .data             inited   0x200000fc     0x50  demo_fatfs.o [1]
    .data             inited   0x2000014c     0x48  usbh_usr.o [1]
    .data             inited   0x20000194     0x40  xfiles.o [3]
    .data             inited   0x200001d4     0x1c  malloc.o [1]
    .data             inited   0x200001f0     0x10  stm32f4xx_rcc.o [1]
    .data             inited   0x20000200     0x10  usbh_msc_core.o [1]
    .data             inited   0x20000210      0xc  usbh_core.o [1]
    .data             inited   0x2000021c      0x4  port.o [1]
    .data             inited   0x20000220      0x4  system_stm32f4xx.o [1]
    .data             inited   0x20000224      0x4  usbh_core.o [1]
    __DLIB_PERTHREAD  inited   0x20000228      0x4  errno.o [3]
    .data             inited   0x2000022c      0x2  bsp_w25qxx.o [1]
    .data             inited   0x2000022e      0x1  apptask.o [1]
    .data             inited   0x2000022f      0x1  encoder_tim.o [1]
    .data             inited   0x20000230      0x1  page_weimi.o [1]
    .data             inited   0x20000231      0x1  usbh_msc_scsi.o [1]
  .bss                zero     0x20000234  0x11800  heap_4.o [1]
  .bss                zero     0x20011a34   0xa000  malloc.o [1]
  .bss                zero     0x2001ba34   0x1000  bsp_w25qxx.o [1]
  .bss                zero     0x2001ca34    0xa00  malloc.o [1]
  .bss                zero     0x2001d434    0x5ac  usbh_usr.o [1]
  .bss                zero     0x2001d9e0    0x5ac  usbh_usr.o [1]
  .bss                zero     0x2001df8c    0x3e8  bsp_uart_fifo.o [1]
  .bss                zero     0x2001e374    0x200  ff.o [1]
  .bss                zero     0x2001e574    0x200  usbh_msc_scsi.o [1]
  .bss                zero     0x2001e774    0x200  usbh_stdreq.o [1]
  .bss                zero     0x2001e974    0x140  tasks.o [1]
  .bss                zero     0x2001eab4    0x12c  page_weimi.o [1]
  .bss                zero     0x2001ebe0     0xd4  protocol.o [1]
  .bss                zero     0x2001ecb4     0xa4  protocol.o [1]
  .bss                zero     0x2001ed58     0x9c  para.o [1]
  .bss                zero     0x2001edf4     0x94  usbh_usr.o [1]
  .bss                zero     0x2001ee88     0x64  bsp_uart_fifo.o [1]
  .bss                zero     0x2001eeec     0x64  bsp_uart_fifo.o [1]
  .bss                zero     0x2001ef50     0x4c  usbh_msc_core.o [1]
  .bss                zero     0x2001efa0     0x58  bsp_sdio_sd.o [1]
  .bss                zero     0x2001eff8     0x58  protocol.o [1]
  .bss                zero     0x2001f050     0x50  xfiles.o [3]
  .bss                zero     0x2001f0a0     0x40  page_weimi.o [1]
  .bss                zero     0x2001f0e0     0x34  bsp_sdwe050c17.o [1]
  .bss                zero     0x2001f114     0x30  product_cal.o [1]
  .bss                zero     0x2001f144     0x28  product_cal.o [1]
  .bss                zero     0x2001f16c     0x24  ff.o [1]
  .bss                zero     0x2001f190     0x20  usbh_msc_bot.o [1]
  .bss                zero     0x2001f1b0     0x18  bsp_sdio_sd.o [1]
  .bss                zero     0x2001f1c8     0x18  bsp_sdio_sd.o [1]
  .bss                zero     0x2001f1e0     0x14  bsp_sdio_sd.o [1]
  .bss                zero     0x2001f1f4     0x14  rc522.o [1]
  .bss                zero     0x2001f208     0x14  tasks.o [1]
  .bss                zero     0x2001f21c     0x14  tasks.o [1]
  .bss                zero     0x2001f230     0x14  tasks.o [1]
  .bss                zero     0x2001f244     0x14  tasks.o [1]
  .bss                zero     0x2001f258     0x14  tasks.o [1]
  .bss                zero     0x2001f26c     0x14  timers.o [1]
  .bss                zero     0x2001f280     0x14  timers.o [1]
  .bss                zero     0x2001f294     0x10  bsp_sdio_sd.o [1]
  .bss                zero     0x2001f2a4     0x10  bsp_sdio_sd.o [1]
  .bss                zero     0x2001f2b4     0x10  encoder_tim.o [1]
  .bss                zero     0x2001f2c4     0x10  usbh_msc_bot.o [1]
  .bss                zero     0x2001f2d4     0x10  usbh_msc_bot.o [1]
  .bss                zero     0x2001f2e4     0x10  usbh_msc_scsi.o [1]
  .bss                zero     0x2001f2f4      0xc  apptask.o [1]
  .bss                zero     0x2001f300      0xc  apptask.o [1]
  .bss                zero     0x2001f30c      0xc  apptask.o [1]
  .bss                zero     0x2001f318      0xc  apptask.o [1]
  .bss                zero     0x2001f324      0xc  ff.o [1]
  .bss                zero     0x2001f330      0xc  protocol.o [1]
  .bss                zero     0x2001f33c      0xc  protocol.o [1]
  .bss                zero     0x2001f348      0xc  protocol.o [1]
  .bss                zero     0x2001f354      0x8  heap_4.o [1]
  .bss                zero     0x2001f35c      0x8  modbus.o [1]
  .bss                zero     0x2001f364      0x8  protocol.o [1]
  .bss                zero     0x2001f36c      0x4  apptask.o [1]
  .bss                zero     0x2001f370      0x4  apptask.o [1]
  .bss                zero     0x2001f374      0x4  apptask.o [1]
  .bss                zero     0x2001f378      0x4  apptask.o [1]
  .bss                zero     0x2001f37c      0x4  apptask.o [1]
  .bss                zero     0x2001f380      0x4  apptask.o [1]
  .bss                zero     0x2001f384      0x4  apptask.o [1]
  .bss                zero     0x2001f388      0x4  apptask.o [1]
  .bss                zero     0x2001f38c      0x4  apptask.o [1]
  .bss                zero     0x2001f390      0x4  apptask.o [1]
  .bss                zero     0x2001f394      0x4  apptask.o [1]
  .bss                zero     0x2001f398      0x4  apptask.o [1]
  .bss                zero     0x2001f39c      0x4  apptask.o [1]
  .bss                zero     0x2001f3a0      0x4  apptask.o [1]
  .bss                zero     0x2001f3a4      0x4  apptask.o [1]
  .bss                zero     0x2001f3a8      0x4  apptask.o [1]
  .bss                zero     0x2001f3ac      0x4  apptask.o [1]
  .bss                zero     0x2001f3b0      0x4  apptask.o [1]
  .bss                zero     0x2001f3b4      0x4  apptask.o [1]
  .bss                zero     0x2001f3b8      0x4  apptask.o [1]
  .bss                zero     0x2001f3bc      0x4  apptask.o [1]
  .bss                zero     0x2001f3c0      0x4  apptask.o [1]
  .bss                zero     0x2001f3c4      0x4  apptask.o [1]
  .bss                zero     0x2001f3c8      0x4  apptask.o [1]
  .bss                zero     0x2001f3cc      0x4  apptask.o [1]
  .bss                zero     0x2001f3d0      0x4  apptask.o [1]
  .bss                zero     0x2001f3d4      0x4  apptask.o [1]
  .bss                zero     0x2001f3d8      0x4  bsp_sdio_sd.o [1]
  .bss                zero     0x2001f3dc      0x4  bsp_sdio_sd.o [1]
  .bss                zero     0x2001f3e0      0x4  bsp_sdio_sd.o [1]
  .bss                zero     0x2001f3e4      0x4  bsp_sdio_sd.o [1]
  .bss                zero     0x2001f3e8      0x4  bsp_sdio_sd.o [1]
  .bss                zero     0x2001f3ec      0x4  bsp_timer.o [1]
  .bss                zero     0x2001f3f0      0x4  bsp_timer.o [1]
  .bss                zero     0x2001f3f4      0x4  bsp_timer.o [1]
  .bss                zero     0x2001f3f8      0x4  bsp_timer.o [1]
  .bss                zero     0x2001f3fc      0x4  heap_4.o [1]
  .bss                zero     0x2001f400      0x4  heap_4.o [1]
  .bss                zero     0x2001f404      0x4  heap_4.o [1]
  .bss                zero     0x2001f408      0x4  heap_4.o [1]
  .bss                zero     0x2001f40c      0x4  page_weimi.o [1]
  .bss                zero     0x2001f410      0x4  page_weimi.o [1]
  .bss                zero     0x2001f414      0x4  port.o [1]
  .bss                zero     0x2001f418      0x4  product_cal.o [1]
  .bss                zero     0x2001f41c      0x4  product_cal.o [1]
  .bss                zero     0x2001f420      0x4  SysInfoTest.o [1]
  .bss                zero     0x2001f424      0x4  tasks.o [1]
  .bss                zero     0x2001f428      0x4  tasks.o [1]
  .bss                zero     0x2001f42c      0x4  tasks.o [1]
  .bss                zero     0x2001f430      0x4  tasks.o [1]
  .bss                zero     0x2001f434      0x4  tasks.o [1]
  .bss                zero     0x2001f438      0x4  tasks.o [1]
  .bss                zero     0x2001f43c      0x4  tasks.o [1]
  .bss                zero     0x2001f440      0x4  tasks.o [1]
  .bss                zero     0x2001f444      0x4  tasks.o [1]
  .bss                zero     0x2001f448      0x4  tasks.o [1]
  .bss                zero     0x2001f44c      0x4  tasks.o [1]
  .bss                zero     0x2001f450      0x4  tasks.o [1]
  .bss                zero     0x2001f454      0x4  tasks.o [1]
  .bss                zero     0x2001f458      0x4  tasks.o [1]
  .bss                zero     0x2001f45c      0x4  tasks.o [1]
  .bss                zero     0x2001f460      0x4  tasks.o [1]
  .bss                zero     0x2001f464      0x4  timers.o [1]
  .bss                zero     0x2001f468      0x4  timers.o [1]
  .bss                zero     0x2001f46c      0x4  timers.o [1]
  .bss                zero     0x2001f470      0x4  timers.o [1]
  .bss                zero     0x2001f474      0x4  usbh_msc_bot.o [1]
  .bss                zero     0x2001f478      0x4  usbh_msc_bot.o [1]
  .bss                zero     0x2001f47c      0x4  usbh_msc_bot.o [1]
  .bss                zero     0x2001f480      0x4  usbh_msc_bot.o [1]
  .bss                zero     0x2001f484      0x2  apptask.o [1]
  .bss                zero     0x2001f486      0x2  apptask.o [1]
  .bss                zero     0x2001f488      0x2  apptask.o [1]
  .bss                zero     0x2001f48a      0x2  apptask.o [1]
  .bss                zero     0x2001f48c      0x2  apptask.o [1]
  .bss                zero     0x2001f48e      0x2  bsp_sdwe050c17.o [1]
  .bss                zero     0x2001f490      0x2  encoder_tim.o [1]
  .bss                zero     0x2001f492      0x2  encoder_tim.o [1]
  .bss                zero     0x2001f494      0x2  ff.o [1]
  .bss                zero     0x2001f496      0x2  page_weimi.o [1]
  .bss                zero     0x2001f498      0x2  page_weimi.o [1]
  .bss                zero     0x2001f49a      0x2  product_cal.o [1]
  .bss                zero     0x2001f49c      0x2  usbh_core.o [1]
  .bss                zero     0x2001f49e      0x2  usbh_stdreq.o [1]
  .bss                zero     0x2001f4a0      0x1  apptask.o [1]
  .bss                zero     0x2001f4a1      0x1  apptask.o [1]
  .bss                zero     0x2001f4a2      0x1  apptask.o [1]
  .bss                zero     0x2001f4a3      0x1  apptask.o [1]
  .bss                zero     0x2001f4a4      0x1  apptask.o [1]
  .bss                zero     0x2001f4a5      0x1  apptask.o [1]
  .bss                zero     0x2001f4a6      0x1  apptask.o [1]
  .bss                zero     0x2001f4a7      0x1  apptask.o [1]
  .bss                zero     0x2001f4a8      0x1  apptask.o [1]
  .bss                zero     0x2001f4a9      0x1  apptask.o [1]
  .bss                zero     0x2001f4aa      0x1  apptask.o [1]
  .bss                zero     0x2001f4ab      0x1  apptask.o [1]
  .bss                zero     0x2001f4ac      0x1  apptask.o [1]
  .bss                zero     0x2001f4ad      0x1  apptask.o [1]
  .bss                zero     0x2001f4ae      0x1  bsp_sdio_sd.o [1]
  .bss                zero     0x2001f4af      0x1  bsp_sdwe050c17.o [1]
  .bss                zero     0x2001f4b0      0x1  bsp_uart_fifo.o [1]
  .bss                zero     0x2001f4b1      0x1  encoder_tim.o [1]
  .bss                zero     0x2001f4b2      0x1  page_weimi.o [1]
  .bss                zero     0x2001f4b3      0x1  page_weimi.o [1]
  .bss                zero     0x2001f4b4      0x1  page_weimi.o [1]
  .bss                zero     0x2001f4b5      0x1  page_weimi.o [1]
  .bss                zero     0x2001f4b6      0x1  page_weimi.o [1]
  .bss                zero     0x2001f4b7      0x1  page_weimi.o [1]
  .bss                zero     0x2001f4b8      0x1  port.o [1]
  .bss                zero     0x2001f4b9      0x1  product_cal.o [1]
  .bss                zero     0x2001f4ba      0x1  product_cal.o [1]
  .bss                zero     0x2001f4bb      0x1  protocol.o [1]
  .bss                zero     0x2001f4bc      0x1  rc522.o [1]
  .bss                zero     0x2001f4bd      0x1  rc522.o [1]
  .bss                zero     0x2001f4be      0x1  usbh_msc_bot.o [1]
  .bss                zero     0x2001f4bf      0x1  usbh_msc_core.o [1]
  .bss                zero     0x2001f4c0      0x1  usbh_msc_core.o [1]
  .bss                zero     0x2001f4c1      0x1  usbh_stdreq.o [1]
  .bss                zero     0x2001f4c2      0x1  usbh_usr.o [1]
  CSTACK                       0x2001f4c8    0xa00  <Block>
    CSTACK            uninit   0x2001f4c8    0xa00  <Block tail>
                             - 0x2001fec8  0x1fec8

Absolute sections:                         0xff000
  .bss                zero     0x68000000  0xf0000  malloc.o [1]
  .bss                zero     0x680f0000   0xf000  malloc.o [1]
                             - 0x680ff000  0xff000


*******************************************************************************
*** INIT TABLE
***

          Address     Size
          -------     ----
Zero (__iar_zero_init3)
    2 destination ranges, total size 0x11e28f:
          0x20000234  0x1f28f
          0x68000000  0xff000

Copy/packbits (__iar_packbits_init3)
    1 source range, total size 0x120 (51% of destination):
          0x08047480    0x120
    1 destination range, total size 0x232:
          0x20000000    0x232



*******************************************************************************
*** MODULE SUMMARY
***

    Module                    ro code  ro data  rw data    rw data
                                                            (abs)
    ------                    -------  -------  -------    -------
E:\work\YarnControl_Driver\src\stm32f4_rtos\Project\EWARMv7\Flash\Obj: [1]
    SysInfoTest.o                  44                 4
    apptask.o                  26 684    2 897      181
    bsp.o                          76
    bsp_closeSW.o                 212
    bsp_dac.o                     212
    bsp_dwt.o                     116
    bsp_led.o                     192
    bsp_relay.o                    68
    bsp_sdio_sd.o               6 744               209
    bsp_sdwe050c17.o            5 664       36       55
    bsp_servomotor.o              612
    bsp_spi.o                     292
    bsp_stepmotor.o             1 180
    bsp_sw_onoff.o                 56
    bsp_timer.o                   516                16
    bsp_uart_fifo.o             2 724             1 201
    bsp_w25qxx.o                  896        9    4 098
    bsp_watchdog.o                  8
    cc936.o                       244  176 320
    demo_fatfs.o                           733       80
    diskio.o                      740
    encoder_tim.o                 704                22
    event_groups.o                610
    ff.o                        9 368       36      562
    heap_4.o                      640        4   71 704
    list.o                        152
    main.o                         48       32
    malloc.o                      540       39   43 548  1 044 480
    mcheck.o                      184      768
    misc.o                        136
    modbus.o                      852                 8
    page_weimi.o                  840       13      383
    para.o                      5 198      284      156
    port.o                        588        6        9
    portasm.o                     168
    product_cal.o               1 336      400      100
    protocol.o                    128               509
    queue.o                     1 992
    rc522.o                       238                22
    startup_stm32f40_41xxx.o      680
    stm32f4xx_dac.o               124
    stm32f4xx_dma.o               796
    stm32f4xx_exti.o              192
    stm32f4xx_gpio.o              300
    stm32f4xx_it.o                 56       44
    stm32f4xx_iwdg.o               16
    stm32f4xx_rcc.o               488        8       16
    stm32f4xx_sdio.o              380
    stm32f4xx_spi.o               116
    stm32f4xx_syscfg.o             84
    stm32f4xx_tim.o             1 782
    stm32f4xx_usart.o             596
    system_stm32f4xx.o            340        2        4
    tasks.o                     3 296        8      484
    timers.o                    1 188        8       56
    usb_bsp.o                     332
    usb_core.o                  2 640
    usb_hcd.o                     214
    usb_hcd_int.o               3 198
    usbh_core.o                 1 888        8       18
    usbh_hcs.o                    442
    usbh_ioreq.o                  582
    usbh_it.o                      16
    usbh_msc_bot.o              1 364                81
    usbh_msc_core.o             1 000        8       94
    usbh_msc_scsi.o             1 560        1      529
    usbh_stdreq.o               1 078               515
    usbh_usr.o                    418      593    3 125
    --------------------------------------------------------------
    Total:                     96 168  182 257  127 789  1 044 480

command line: [2]
    --------------------------------------------------------------
    Total:

dl7M_tlf.a: [3]
    abort.o                         6
    div.o                          14
    errno.o                        12        2        4
    exit.o                          4
    isxxx.o                        40
    localeconv.o                  108       69      136
    printf.o                       36
    putchar.o                      12
    setlocale.o                    24       60      116
    sprintf.o                      52
    sscanf.o                       36
    strcat.o                       28
    strstr.o                       44
    tolower.o                      20
    xfiles.o                                32      144
    xlocale_c.o                    54
    xprintffull_nomb.o          3 478
    xprout.o                       22
    xscanffull_nomb.o           2 916
    xsprout.o                      10
    xsscin.o                       30
    xstoflt.o                     440
    xstoll.o                      164
    xstopfx.o                     292
    xstoull.o                     432
    xstoxflt.o                    536
    xtls.o                          2
    --------------------------------------------------------------
    Total:                      8 812      163      400

m7M_tls.a: [4]
    DblAdd.o                      232
    DblCmpEq.o                     32
    DblCmpGe.o                     46
    DblCmpLe.o                     46
    DblDiv.o                      598
    DblMul.o                      418
    DblSub.o                      384
    DblToFlt.o                    144
    DblToI32.o                     88
    FltToDbl.o                     78
    I32ToDbl.o                     48
    fpinit_M.o                     34
    xdnorm.o                       66
    xdscale.o                     276
    xdtento.o                     512
    xdunscal.o                     82
    xstold.o                      360
    --------------------------------------------------------------
    Total:                      3 444

rt7M_tl.a: [5]
    ABImemcpy_unaligned.o         118
    ABImemset.o                   102
    I64DivMod.o                   306
    I64DivZer.o                     2
    cexit.o                        10
    cmain.o                        26
    cstartup_M.o                   12
    data_init.o                    40
    memchr.o                       88
    memcmp_unaligned.o             98
    packbits_init.o               208
    strchr.o                       22
    strcmp_unaligned.o             66
    strcpy_unaligned.o             68
    strlen.o                       54
    zero_init3.o                   64
    --------------------------------------------------------------
    Total:                      1 284

shb_l.a: [6]
    exit.o                         20
    --------------------------------------------------------------
    Total:                         20

    Gaps                           50        6        6
    Linker created                          52    2 560
------------------------------------------------------------------
    Grand Total:              109 778  182 478  130 755  1 044 480


*******************************************************************************
*** ENTRY LIST
***

Entry                      Address     Size  Type      Object
-----                      -------     ----  ----      ------
.iar.init_table$$Base   0x0804686c            --   Gb  - Linker created -
.iar.init_table$$Limit  0x080468a0            --   Gb  - Linker created -
?main                   0x08046b89           Code  Gb  cmain.o [5]
APBAHBPrescTable        0x200001f0     0x10  Data  Lc  stm32f4xx_rcc.o [1]
AppObjCreate            0x08030b51    0x194  Code  Gb  apptask.o [1]
AppTaskCreate           0x080309d9    0x16c  Code  Gb  apptask.o [1]
BOTStallErrorCount      0x2001f474      0x4  Data  Lc  usbh_msc_bot.o [1]
BusFault_Handler        0x08046427      0x2  Code  Gb  stm32f4xx_it.o [1]
CID_Tab                 0x2001f2a4     0x10  Data  Lc  bsp_sdio_sd.o [1]
CRC16HiTable            0x08045ec8    0x100  Data  Gb  mcheck.o [1]
CRC16LoTable            0x08045fc8    0x100  Data  Gb  mcheck.o [1]
CRC8Table               0x080460c8    0x100  Data  Gb  mcheck.o [1]
CSD_Tab                 0x2001f294     0x10  Data  Lc  bsp_sdio_sd.o [1]
CSTACK$$Base            0x2001f4c8            --   Gb  - Linker created -
CSTACK$$Limit           0x2001fec8            --   Gb  - Linker created -
CardType                0x2001f3d8      0x4  Data  Lc  bsp_sdio_sd.o [1]
CmdError                0x08041e29     0x38  Code  Lc  bsp_sdio_sd.o [1]
CmdResp1Error           0x08041ecd    0x112  Code  Lc  bsp_sdio_sd.o [1]
CmdResp2Error           0x0804201d     0x52  Code  Lc  bsp_sdio_sd.o [1]
CmdResp3Error           0x08041fdf     0x3e  Code  Lc  bsp_sdio_sd.o [1]
CmdResp6Error           0x0804206f     0xa6  Code  Lc  bsp_sdio_sd.o [1]
CmdResp7Error           0x08041e61     0x58  Code  Lc  bsp_sdio_sd.o [1]
ConfigExitNVIC          0x0803a093     0x22  Code  Gb  bsp_closeSW.o [1]
ConfigUartNVIC          0x0803bcf7     0x7c  Code  Lc  bsp_uart_fifo.o [1]
DAC_Cmd                 0x0803d4a7     0x26  Code  Gb  stm32f4xx_dac.o [1]
DAC_Init                0x0803d475     0x32  Code  Gb  stm32f4xx_dac.o [1]
DAC_SetChannel1Data     0x0803d4cd     0x1e  Code  Gb  stm32f4xx_dac.o [1]
DMA1_Stream0_IRQHandler
                        0x08036c53     0x1c  Code  Gb  bsp_servomotor.o [1]
DMA1_Stream3_IRQHandler
                        0x08036c6f     0x1c  Code  Gb  bsp_servomotor.o [1]
DMA2_Stream3_IRQHandler
                        0x08042711      0x8  Code  Gb  bsp_sdio_sd.o [1]
DMAEndOfTransfer        0x2001f3e8      0x4  Data  Gb  bsp_sdio_sd.o [1]
DMA_ClearFlag           0x0803ddcb     0x24  Code  Gb  stm32f4xx_dma.o [1]
DMA_Cmd                 0x0803dd81     0x1a  Code  Gb  stm32f4xx_dma.o [1]
DMA_DeInit              0x0803dbe9    0x140  Code  Gb  stm32f4xx_dma.o [1]
DMA_FlowControllerConfig
                        0x0803dd9b     0x18  Code  Gb  stm32f4xx_dma.o [1]
DMA_GetCmdStatus        0x0803ddb3     0x18  Code  Gb  stm32f4xx_dma.o [1]
DMA_GetITStatus         0x0803de31     0x62  Code  Gb  stm32f4xx_dma.o [1]
DMA_ITConfig            0x0803ddef     0x42  Code  Gb  stm32f4xx_dma.o [1]
DMA_Init                0x0803dd29     0x58  Code  Gb  stm32f4xx_dma.o [1]
Dac1_Init               0x08036629     0x5a  Code  Gb  bsp_dac.o [1]
Dac1_Set_Vol            0x08036685     0x64  Code  Gb  bsp_dac.o [1]
DebugMon_Handler        0x0804642b      0x2  Code  Gb  stm32f4xx_it.o [1]
DiskFile_init           0x08039f99     0x40  Code  Gb  protocol.o [1]
Disk_File               0x2001ebe0     0xd4  Data  Gb  protocol.o [1]
ENC_Calc_Average_Speed  0x0803a8fb     0x58  Code  Gb  encoder_tim.o [1]
ENC_Calc_Rot_Speed      0x0803a821     0xda  Code  Gb  encoder_tim.o [1]
ENC_Clear_Speed_Buffer  0x0803a805     0x1c  Code  Gb  encoder_tim.o [1]
ENC_Init                0x0803a719     0xec  Code  Gb  encoder_tim.o [1]
EXTI9_5_IRQHandler      0x0803a0b5     0x3c  Code  Gb  bsp_closeSW.o [1]
EXTI_ClearITPendingBit  0x0803ef0f      0x6  Code  Gb  stm32f4xx_exti.o [1]
EXTI_GetITStatus        0x0803eef5     0x1a  Code  Gb  stm32f4xx_exti.o [1]
EXTI_Init               0x0803ee6d     0x88  Code  Gb  stm32f4xx_exti.o [1]
FR_Table                0x200000fc     0x50  Data  Gb  demo_fatfs.o [1]
FatFs                   0x2001f324      0xc  Data  Lc  ff.o [1]
Files                   0x2001f16c     0x24  Data  Lc  ff.o [1]
FindSCR                 0x080422bd    0x206  Code  Lc  bsp_sdio_sd.o [1]
Fsid                    0x2001f494      0x2  Data  Lc  ff.o [1]
GPIO_Init               0x08035059     0xaa  Code  Gb  stm32f4xx_gpio.o [1]
GPIO_PinAFConfig        0x0803512b     0x5a  Code  Gb  stm32f4xx_gpio.o [1]
GPIO_ReadInputDataBit   0x08035103     0x1a  Code  Gb  stm32f4xx_gpio.o [1]
GPIO_WriteBit           0x0803511d      0xe  Code  Gb  stm32f4xx_gpio.o [1]
HCD_GetCurrentFrame     0x0803e0e1      0x8  Code  Gb  usb_hcd.o [1]
HCD_GetCurrentSpeed     0x0803e0c3     0x10  Code  Gb  usb_hcd.o [1]
HCD_GetURB_State        0x0803e0e9      0xa  Code  Gb  usb_hcd.o [1]
HCD_GetXferCnt          0x0803e0f3      0xc  Code  Gb  usb_hcd.o [1]
HCD_Init                0x0803e051     0x72  Code  Gb  usb_hcd.o [1]
HCD_ResetPort           0x0803e0d3      0xe  Code  Gb  usb_hcd.o [1]
HCD_SubmitRequest       0x0803e0ff     0x28  Code  Gb  usb_hcd.o [1]
HardFault_Handler       0x080463f7     0x22  Code  Gb  stm32f4xx_it.o [1]
IWDG_Feed               0x0803b0e1      0x8  Code  Gb  bsp_watchdog.o [1]
IWDG_ReloadCounter      0x0803f0e9      0xa  Code  Gb  stm32f4xx_iwdg.o [1]
InStream_Read           0x080461c9     0x22  Code  Lc  packbits_init.o [5]
InitHardUart            0x0803b90b    0x3ec  Code  Lc  bsp_uart_fifo.o [1]
Init_JINGSHA_GUI        0x08031adb    0x116  Code  Gb  bsp_sdwe050c17.o [1]
JingSha_File            0x2001eff8     0x58  Data  Gb  protocol.o [1]
LfnBuf                  0x2001e374    0x200  Data  Lc  ff.o [1]
LfnOfs                  0x08046f7c     0x10  Data  Lc  ff.o [1]
LoadInt                 0x0803cc01     0x6e  Code  Lc  xprintffull_nomb.o [3]
MSCErrorCount           0x2001f4bf      0x1  Data  Gb  usbh_msc_core.o [1]
MSC_Machine             0x2001ef50     0x4c  Data  Gb  usbh_msc_core.o [1]
MSG_DEV_ATTACHED        0x08046d34     0x18  Data  Gb  usbh_usr.o [1]
MSG_DEV_DISCONNECTED    0x08046d4c     0x18  Data  Gb  usbh_usr.o [1]
MSG_DEV_ENUMERATED      0x08046b34     0x1c  Data  Gb  usbh_usr.o [1]
MSG_DEV_ERROR           0x08046e28     0x14  Data  Gb  usbh_usr.o [1]
MSG_DEV_FULLSPEED       0x080469c0     0x20  Data  Gb  usbh_usr.o [1]
MSG_DEV_HIGHSPEED       0x080469a0     0x20  Data  Gb  usbh_usr.o [1]
MSG_DEV_LOWSPEED        0x080469e0     0x20  Data  Gb  usbh_usr.o [1]
MSG_HID_CLASS           0x08046b50     0x1c  Data  Gb  usbh_usr.o [1]
MSG_MSC_CLASS           0x08046824     0x24  Data  Gb  usbh_usr.o [1]
MSG_UNREC_ERROR         0x08046b6c     0x1c  Data  Gb  usbh_usr.o [1]
MemManage_Handler       0x08046425      0x2  Code  Gb  stm32f4xx_it.o [1]
MotorProcess            0x2001f0a0     0x40  Data  Gb  page_weimi.o [1]
NMI_Handler             0x080463f5      0x2  Code  Gb  stm32f4xx_it.o [1]
NVIC_Init               0x0803ef37     0x6a  Code  Gb  misc.o [1]
NVIC_PriorityGroupConfig
                        0x0803ef2d      0xa  Code  Gb  misc.o [1]
OTG_FS_IRQHandler       0x08046ffd     0x10  Code  Gb  usbh_it.o [1]
PendSV_Handler          0x0803f0f9           Code  Gb  portasm.o [1]
RCA                     0x2001f3dc      0x4  Data  Lc  bsp_sdio_sd.o [1]
RCC_AHB1PeriphClockCmd  0x0803b74f     0x22  Code  Gb  stm32f4xx_rcc.o [1]
RCC_AHB2PeriphClockCmd  0x0803b771     0x1e  Code  Gb  stm32f4xx_rcc.o [1]
RCC_APB1PeriphClockCmd  0x0803b78f     0x1e  Code  Gb  stm32f4xx_rcc.o [1]
RCC_APB1PeriphResetCmd  0x0803b7cb     0x1e  Code  Gb  stm32f4xx_rcc.o [1]
RCC_APB2PeriphClockCmd  0x0803b7ad     0x1e  Code  Gb  stm32f4xx_rcc.o [1]
RCC_APB2PeriphResetCmd  0x0803b7e9     0x1e  Code  Gb  stm32f4xx_rcc.o [1]
RCC_GetClocksFreq       0x0803b64d    0x102  Code  Gb  stm32f4xx_rcc.o [1]
RS485_InitTXE           0x0803b8d5     0x36  Code  Gb  bsp_uart_fifo.o [1]
RS485_sendbuf           0x0803c1b1     0x44  Code  Gb  bsp_uart_fifo.o [1]
Region$$Table$$Base     0x0804686c            --   Gb  - Linker created -
Region$$Table$$Limit    0x080468a0            --   Gb  - Linker created -
SDCardInfo              0x2001efa0     0x58  Data  Gb  bsp_sdio_sd.o [1]
SDEnWideBus             0x08042121    0x198  Code  Lc  bsp_sdio_sd.o [1]
SDIO_ClearFlag          0x08043781      0x6  Code  Gb  stm32f4xx_sdio.o [1]
SDIO_ClearITPendingBit  0x080437a1      0x6  Code  Gb  stm32f4xx_sdio.o [1]
SDIO_ClockCmd           0x080436af      0x8  Code  Gb  stm32f4xx_sdio.o [1]
SDIO_CmdInitStructure   0x2001f1e0     0x14  Data  Gb  bsp_sdio_sd.o [1]
SDIO_DMACmd             0x08043741      0x8  Code  Gb  stm32f4xx_sdio.o [1]
SDIO_DataConfig         0x0804370d     0x2e  Code  Gb  stm32f4xx_sdio.o [1]
SDIO_DataInitStructure  0x2001f1c8     0x18  Data  Gb  bsp_sdio_sd.o [1]
SDIO_DeInit             0x0804366d     0x18  Code  Gb  stm32f4xx_sdio.o [1]
SDIO_GetCommandResponse
                        0x080436ef      0x8  Code  Gb  stm32f4xx_sdio.o [1]
SDIO_GetFlagStatus      0x08043767     0x1a  Code  Gb  stm32f4xx_sdio.o [1]
SDIO_GetITStatus        0x08043787     0x1a  Code  Gb  stm32f4xx_sdio.o [1]
SDIO_GetPowerState      0x080436bd      0xa  Code  Gb  stm32f4xx_sdio.o [1]
SDIO_GetResponse        0x080436f7     0x16  Code  Gb  stm32f4xx_sdio.o [1]
SDIO_IRQHandler         0x08042709      0x8  Code  Gb  bsp_sdio_sd.o [1]
SDIO_ITConfig           0x08043749     0x1e  Code  Gb  stm32f4xx_sdio.o [1]
SDIO_Init               0x08043685     0x2a  Code  Gb  stm32f4xx_sdio.o [1]
SDIO_InitStructure      0x2001f1b0     0x18  Data  Gb  bsp_sdio_sd.o [1]
SDIO_Interrupts_Config  0x080426cd     0x3c  Code  Gb  bsp_sdio_sd.o [1]
SDIO_ReadData           0x0804373b      0x6  Code  Gb  stm32f4xx_sdio.o [1]
SDIO_SendCommand        0x080436c7     0x28  Code  Gb  stm32f4xx_sdio.o [1]
SDIO_SetPowerState      0x080436b7      0x6  Code  Gb  stm32f4xx_sdio.o [1]
SDWE_WARNNING           0x08031d61     0x32  Code  Gb  bsp_sdwe050c17.o [1]
SD_Detect               0x08040dc5     0x22  Code  Gb  bsp_sdio_sd.o [1]
SD_EnableWideBusOperation
                        0x080415c1     0xc8  Code  Gb  bsp_sdio_sd.o [1]
SD_GetCardInfo          0x080411d5    0x3ec  Code  Gb  bsp_sdio_sd.o [1]
SD_GetState             0x08040d9b     0x2a  Code  Gb  bsp_sdio_sd.o [1]
SD_GetStatus            0x08040d79     0x22  Code  Gb  bsp_sdio_sd.o [1]
SD_Init                 0x08040cc1     0xb8  Code  Gb  bsp_sdio_sd.o [1]
SD_InitializeCards      0x08041033    0x1a2  Code  Gb  bsp_sdio_sd.o [1]
SD_LowLevel_DMA_RxConfig
                        0x08042617     0x8e  Code  Gb  bsp_sdio_sd.o [1]
SD_LowLevel_DMA_TxConfig
                        0x08042589     0x8e  Code  Gb  bsp_sdio_sd.o [1]
SD_LowLevel_Init        0x080424c5     0xbc  Code  Gb  bsp_sdio_sd.o [1]
SD_PowerON              0x08040de7    0x24c  Code  Gb  bsp_sdio_sd.o [1]
SD_ProcessDMAIRQ        0x08041e05     0x22  Code  Gb  bsp_sdio_sd.o [1]
SD_ProcessIRQSrc        0x08041d57     0xae  Code  Gb  bsp_sdio_sd.o [1]
SD_ReadBlock            0x080416c1    0x108  Code  Gb  bsp_sdio_sd.o [1]
SD_ReadMultiBlocks      0x080417c9    0x134  Code  Gb  bsp_sdio_sd.o [1]
SD_SelectDeselect       0x08041689     0x38  Code  Gb  bsp_sdio_sd.o [1]
SD_SendStatus           0x08041ce9     0x6e  Code  Gb  bsp_sdio_sd.o [1]
SD_StopTransfer         0x08041ca1     0x44  Code  Gb  bsp_sdio_sd.o [1]
SD_WaitReadOperation    0x08041901     0x96  Code  Gb  bsp_sdio_sd.o [1]
SD_WriteBlock           0x080419a1    0x11e  Code  Gb  bsp_sdio_sd.o [1]
SD_WriteMultiBlocks     0x08041acd    0x1cc  Code  Gb  bsp_sdio_sd.o [1]
SEVRO_PWM_Continue      0x08036af7     0x78  Code  Gb  bsp_servomotor.o [1]
SPEED_RADIO             0x080471bc      0xc  Data  Gb  page_weimi.o [1]
SPI1_Init               0x0803c551     0xc0  Code  Gb  bsp_spi.o [1]
SPI1_ReadWriteByte      0x0803c639     0x32  Code  Gb  bsp_spi.o [1]
SPI1_SetSpeed           0x0803c611     0x28  Code  Gb  bsp_spi.o [1]
SPI_Cmd                 0x0803f435     0x1c  Code  Gb  stm32f4xx_spi.o [1]
SPI_I2S_GetFlagStatus   0x0803f451     0x18  Code  Gb  stm32f4xx_spi.o [1]
SPI_Init                0x0803f3f5     0x40  Code  Gb  stm32f4xx_spi.o [1]
STEP1_PWM_START         0x0803a28f     0x6c  Code  Gb  bsp_stepmotor.o [1]
STEP2_PWM_START         0x0803a36f     0x72  Code  Gb  bsp_stepmotor.o [1]
STEP3_PWM_START         0x0803a44d     0x6c  Code  Gb  bsp_stepmotor.o [1]
SVC_Handler             0x0803f151           Code  Gb  portasm.o [1]
SYSCFG_EXTILineConfig   0x0803ee19     0x50  Code  Gb  stm32f4xx_syscfg.o [1]
Sdwe_ClearReadDisk      0x08031e3f     0x20  Code  Gb  bsp_sdwe050c17.o [1]
Sdwe_change_class_time  0x08032463     0x30  Code  Gb  bsp_sdwe050c17.o [1]
Sdwe_clearString        0x08031d93     0x54  Code  Gb  bsp_sdwe050c17.o [1]
Sdwe_clear_filename     0x08031e8f     0x60  Code  Gb  bsp_sdwe050c17.o [1]
Sdwe_disDigi            0x08031c3b     0xa4  Code  Gb  bsp_sdwe050c17.o [1]
Sdwe_disPicture         0x08031bf1     0x4a  Code  Gb  bsp_sdwe050c17.o [1]
Sdwe_disString          0x08031cdf     0x82  Code  Gb  bsp_sdwe050c17.o [1]
Sdwe_hidden_page        0x080324fb     0x30  Code  Gb  bsp_sdwe050c17.o [1]
Sdwe_peiliao_page       0x08032305    0x12a  Code  Gb  bsp_sdwe050c17.o [1]
Sdwe_period_page        0x08032493     0x68  Code  Gb  bsp_sdwe050c17.o [1]
Sdwe_product_page       0x0803212b    0x1d2  Code  Gb  bsp_sdwe050c17.o [1]
Sdwe_ratio_display      0x0803242f     0x22  Code  Gb  bsp_sdwe050c17.o [1]
Sdwe_readRTC            0x08031e5f     0x30  Code  Gb  bsp_sdwe050c17.o [1]
Sdwe_refresh_allname    0x080320e3     0x48  Code  Gb  bsp_sdwe050c17.o [1]
Sdwe_refresh_filename   0x08031eef    0x1f4  Code  Gb  bsp_sdwe050c17.o [1]
Sdwe_sevro_pulse_display
                        0x08032451     0x12  Code  Gb  bsp_sdwe050c17.o [1]
Sdwe_stop_page          0x0803252b    0x384  Code  Gb  bsp_sdwe050c17.o [1]
Sdwe_writeIcon          0x08031de7     0x58  Code  Gb  bsp_sdwe050c17.o [1]
ServoMotor_adjust_speed
                        0x08036b87     0x1a  Code  Gb  bsp_servomotor.o [1]
ServoMotor_start        0x08036b6f     0x18  Code  Gb  bsp_servomotor.o [1]
SetSysClock             0x08045dc7     0xce  Code  Lc  system_stm32f4xx.o [1]
SlavePara               0x2001ecb4     0xa4  Data  Gb  protocol.o [1]
StepMotor_adjust_speed  0x0803a4b9     0x4e  Code  Gb  bsp_stepmotor.o [1]
StepMotor_start         0x0803a543     0x38  Code  Gb  bsp_stepmotor.o [1]
StepMotor_stop          0x0803a507     0x3c  Code  Gb  bsp_stepmotor.o [1]
StopCondition           0x2001f3e0      0x4  Data  Gb  bsp_sdio_sd.o [1]
SysTick_Handler         0x0803b26f     0x2c  Code  Gb  port.o [1]
SystemCoreClock         0x20000220      0x4  Data  Gb  system_stm32f4xx.o [1]
SystemInit              0x08045d75     0x52  Code  Gb  system_stm32f4xx.o [1]
TI1_Config              0x0803daeb     0x38  Code  Lc  stm32f4xx_tim.o [1]
TI2_Config              0x0803db23     0x42  Code  Lc  stm32f4xx_tim.o [1]
TI3_Config              0x0803db65     0x40  Code  Lc  stm32f4xx_tim.o [1]
TI4_Config              0x0803dba5     0x42  Code  Lc  stm32f4xx_tim.o [1]
TIM1_PWM_SETPMOTOR      0x0803a2fb     0x74  Code  Gb  bsp_stepmotor.o [1]
TIM2_IRQHandler         0x0803c48d     0xac  Code  Gb  bsp_timer.o [1]
TIM3_PWM_SETPMOTOR      0x0803a223     0x6c  Code  Gb  bsp_stepmotor.o [1]
TIM4_CH1_ConfigPwmOut   0x08036a45     0x10  Code  Gb  bsp_servomotor.o [1]
TIM4_CH1_GPIO_Configuration
                        0x08036a8d     0x6a  Code  Gb  bsp_servomotor.o [1]
TIM4_CH1_StopPwmOut     0x08036a55     0x38  Code  Gb  bsp_servomotor.o [1]
TIM4_CH2_StopPwmOut     0x08036c25     0x2e  Code  Gb  bsp_servomotor.o [1]
TIM4_MANUAL_PWM_Config  0x08036ba1     0x78  Code  Gb  bsp_servomotor.o [1]
TIM4_MANUAL_PWM_Stop    0x08036c19      0xc  Code  Gb  bsp_servomotor.o [1]
TIM5_PWM_SETPMOTOR      0x0803a3e1     0x6c  Code  Gb  bsp_stepmotor.o [1]
TIM6_DAC_IRQHandler     0x080465cd     0x22  Code  Gb  SysInfoTest.o [1]
TIM8_UP_TIM13_IRQHandler
                        0x0803a953     0x58  Code  Gb  encoder_tim.o [1]
TIM_ARRPreloadConfig    0x0803d6ef     0x1c  Code  Gb  stm32f4xx_tim.o [1]
TIM_CallBack1           0x08030ce9     0xf2  Code  Gb  apptask.o [1]
TIM_ClearFlag           0x0803da55      0x8  Code  Gb  stm32f4xx_tim.o [1]
TIM_ClearITPendingBit   0x0803da8f      0x8  Code  Gb  stm32f4xx_tim.o [1]
TIM_Cmd                 0x0803d70b     0x1c  Code  Gb  stm32f4xx_tim.o [1]
TIM_CtrlPWMOutputs      0x0803da1d     0x22  Code  Gb  stm32f4xx_tim.o [1]
TIM_DMACmd              0x0803da97     0x16  Code  Gb  stm32f4xx_tim.o [1]
TIM_DeInit              0x0803d4f1    0x17c  Code  Gb  stm32f4xx_tim.o [1]
TIM_EncoderInterfaceConfig
                        0x0803daad     0x3e  Code  Gb  stm32f4xx_tim.o [1]
TIM_GetITStatus         0x0803da5d     0x32  Code  Gb  stm32f4xx_tim.o [1]
TIM_ICInit              0x0803d94b     0x70  Code  Gb  stm32f4xx_tim.o [1]
TIM_ICStructInit        0x0803d9bb     0x16  Code  Gb  stm32f4xx_tim.o [1]
TIM_ITConfig            0x0803da3f     0x16  Code  Gb  stm32f4xx_tim.o [1]
TIM_OC1Init             0x0803d727     0x7e  Code  Gb  stm32f4xx_tim.o [1]
TIM_OC1PreloadConfig    0x0803d913     0x12  Code  Gb  stm32f4xx_tim.o [1]
TIM_OC2Init             0x0803d7a5     0x8c  Code  Gb  stm32f4xx_tim.o [1]
TIM_OC2PreloadConfig    0x0803d925     0x14  Code  Gb  stm32f4xx_tim.o [1]
TIM_OC3Init             0x0803d831     0x8a  Code  Gb  stm32f4xx_tim.o [1]
TIM_OC3PreloadConfig    0x0803d939     0x12  Code  Gb  stm32f4xx_tim.o [1]
TIM_OCStructInit        0x0803d8f1     0x22  Code  Gb  stm32f4xx_tim.o [1]
TIM_SetIC1Prescaler     0x0803d9d1     0x12  Code  Gb  stm32f4xx_tim.o [1]
TIM_SetIC2Prescaler     0x0803d9e3     0x14  Code  Gb  stm32f4xx_tim.o [1]
TIM_SetIC3Prescaler     0x0803d9f7     0x12  Code  Gb  stm32f4xx_tim.o [1]
TIM_SetIC4Prescaler     0x0803da09     0x14  Code  Gb  stm32f4xx_tim.o [1]
TIM_TimeBaseInit        0x0803d66d     0x6a  Code  Gb  stm32f4xx_tim.o [1]
TIM_TimeBaseStructInit  0x0803d6d7     0x18  Code  Gb  stm32f4xx_tim.o [1]
Task_iwdg_refresh       0x08031139     0x8a  Code  Gb  apptask.o [1]
TransferEnd             0x2001f3e4      0x4  Data  Gb  bsp_sdio_sd.o [1]
TransferError           0x2001f4ae      0x1  Data  Gb  bsp_sdio_sd.o [1]
UART1ToPC               0x0803c151     0x30  Code  Gb  bsp_uart_fifo.o [1]
UART2ToPC               0x0803c181     0x30  Code  Gb  bsp_uart_fifo.o [1]
UART2_RX_BUF            0x2001eeec     0x64  Data  Gb  bsp_uart_fifo.o [1]
UART3ToPC               0x0803c1f5     0x30  Code  Gb  bsp_uart_fifo.o [1]
UART3_RX_BUF            0x2001df8c    0x3e8  Data  Gb  bsp_uart_fifo.o [1]
UART4ToPC               0x0803c227     0x3c  Code  Gb  bsp_uart_fifo.o [1]
UART4_IRQHandler        0x0803c063     0x84  Code  Gb  bsp_uart_fifo.o [1]
UART4_RX_BUF            0x2001ee88     0x64  Data  Gb  bsp_uart_fifo.o [1]
UART5ToPC               0x0803c263     0x3c  Code  Gb  bsp_uart_fifo.o [1]
UART5_IRQHandler        0x0803c0e7     0x6a  Code  Gb  bsp_uart_fifo.o [1]
USART1_IRQHandler       0x0803bedb     0x24  Code  Gb  bsp_uart_fifo.o [1]
USART2_IRQHandler       0x0803beff     0x82  Code  Gb  bsp_uart_fifo.o [1]
USART3_IRQHandler       0x0803bf81     0xe2  Code  Gb  bsp_uart_fifo.o [1]
[...]
get_weimi_para          0x080367dd     0xae  Code  Gb  page_weimi.o [1]
hEncoder_Timer_Overflow
                        0x2001f492      0x2  Data  Gb  encoder_tim.o [1]
hPrevious_angle         0x2001f490      0x2  Data  Gb  encoder_tim.o [1]
hSpeed_Buffer           0x2001f2b4     0x10  Data  Gb  encoder_tim.o [1]
hex_to_decimal          0x0803308f     0x26  Code  Gb  bsp_sdwe050c17.o [1]
idwgEventGroup          0x2001f3ac      0x4  Data  Gb  apptask.o [1]
inc_card_type           0x080334b3    0x11c  Code  Gb  product_cal.o [1]
inc_lock                0x080376d3     0xe8  Code  Lc  ff.o [1]
init_jingsha_para       0x08039fd9     0x38  Code  Gb  protocol.o [1]
init_peiliao_para       0x08033163     0x4a  Code  Gb  product_cal.o [1]
init_product_para       0x080330b5     0xae  Code  Gb  product_cal.o [1]
init_weimi_para         0x080366fd     0xe0  Code  Gb  page_weimi.o [1]
input_password_buf      0x2001f330      0xc  Data  Gb  protocol.o [1]
input_password_len      0x2001f4bb      0x1  Data  Gb  protocol.o [1]
isDevicePeriod          0x2001f4a8      0x1  Data  Gb  apptask.o [1]
isWork                  0x2001f4a1      0x1  Data  Gb  apptask.o [1]
is_same_data            0x080333a5     0x2a  Code  Gb  product_cal.o [1]
is_stop                 0x2001f4b4      0x1  Data  Gb  page_weimi.o [1]
isalpha                 0x08043287     0x14  Code  Gb  isxxx.o [3]
isspace                 0x0804329b     0x14  Code  Gb  isxxx.o [3]
lcd_busy                0x2001f4af      0x1  Data  Gb  bsp_sdwe050c17.o [1]
lcd_rev_buf             0x2001f0e0     0x34  Data  Gb  bsp_sdwe050c17.o [1]
lcd_rev_len             0x2001f48e      0x2  Data  Gb  bsp_sdwe050c17.o [1]
ld_clust                0x08037ffd     0x28  Code  Lc  ff.o [1]
localeconv              0x0803f6cb     0x16  Code  Gb  localeconv.o [3]
m_ctrl_dev              0x2001f35c      0x8  Data  Gb  modbus.o [1]
main                    0x080464ed     0x30  Code  Gb  main.o [1]
mallco_dev              0x200001d4     0x1c  Data  Gb  malloc.o [1]
max_seg                 0x2001f4b5      0x1  Data  Gb  page_weimi.o [1]
mb_init                 0x08039e79     0x30  Code  Gb  modbus.o [1]
mb_packsend_frame       0x08039d87     0xf2  Code  Gb  modbus.o [1]
mb_unpack_frame         0x08039c45    0x142  Code  Gb  modbus.o [1]
mc_check_crc16          0x0803eda1     0x40  Code  Gb  mcheck.o [1]
mc_check_crc8           0x0803ed7d     0x24  Code  Gb  mcheck.o [1]
mc_check_sum            0x0803ed35     0x2e  Code  Gb  mcheck.o [1]
mc_check_xor            0x0803ed63     0x1a  Code  Gb  mcheck.o [1]
mem1base                0x20011a34   0xa000  Data  Gb  malloc.o [1]
mem1mapbase             0x2001ca34    0xa00  Data  Gb  malloc.o [1]
mem2base                0x68000000  0xf0000  Data  Gb  malloc.o [1]
mem2mapbase             0x680f0000   0xf000  Data  Gb  malloc.o [1]
mem_cmp                 0x080375df     0x24  Code  Lc  ff.o [1]
mem_cpy                 0x080375ad     0x1c  Code  Lc  ff.o [1]
mem_set                 0x080375c9     0x16  Code  Lc  ff.o [1]
memblksize              0x080472a0      0x8  Data  Gb  malloc.o [1]
memchr                  0x0803f481           Code  Gb  memchr.o [5]
memsize                 0x080472a8      0x8  Data  Gb  malloc.o [1]
memtblsize              0x08047298      0x8  Data  Gb  malloc.o [1]
modbus_send_frame       0x08039ea9     0xe6  Code  Gb  modbus.o [1]
move_window             0x080378a1     0x40  Code  Lc  ff.o [1]
my_mem_free             0x0803495b     0x6c  Code  Gb  malloc.o [1]
my_mem_init             0x0803481f     0x42  Code  Gb  malloc.o [1]
my_mem_malloc           0x0803489f     0xbc  Code  Gb  malloc.o [1]
my_mem_perused          0x08034861     0x3e  Code  Gb  malloc.o [1]
myfree                  0x080349c7     0x24  Code  Gb  malloc.o [1]
mymalloc                0x080349eb     0x2a  Code  Gb  malloc.o [1]
mymemset                0x08034809     0x16  Code  Gb  malloc.o [1]
ndigs                   0x080434dc     0x28  Data  Lc  xstoull.o [3]
obuf                    0x2001f050     0x50  Data  Lc  xfiles.o [3]
oem2uni                 0x0801560c  0x15484  Data  Lc  cc936.o [1]
old_card_record         0x2001f4a6      0x1  Data  Gb  apptask.o [1]
old_isWork              0x2001f4a2      0x1  Data  Gb  apptask.o [1]
old_is_stop             0x20000230      0x1  Data  Gb  page_weimi.o [1]
old_plan_complete       0x2001f4ba      0x1  Data  Gb  product_cal.o [1]
old_system_state        0x2000022e      0x1  Data  Gb  apptask.o [1]
old_usb_disk_flag       0x2001f4a4      0x1  Data  Gb  apptask.o [1]
para_init               0x08035663     0x80  Code  Gb  para.o [1]
pcInterruptPriorityRegisters
                        0x0804736c      0x4  Data  Lc  port.o [1]
peiliao_para            0x2001f114     0x30  Data  Gb  product_cal.o [1]
pick_lfn                0x080380f3     0x8c  Code  Lc  ff.o [1]
plan_complete           0x2001f4b9      0x1  Data  Gb  product_cal.o [1]
pluse_count             0x2001f486      0x2  Data  Gb  apptask.o [1]
pluse_step_src          0x2001f30c      0xc  Data  Gb  apptask.o [1]
pows                    0x08043ce0     0x48  Data  Lc  xdtento.o [4]
printf                  0x08034729     0x24  Code  Gb  printf.o [3]
product_complete_kilo   0x0803324f     0x74  Code  Gb  product_cal.o [1]
product_complete_meter  0x08033233     0x1c  Code  Gb  product_cal.o [1]
product_para            0x2001f144     0x28  Data  Gb  product_cal.o [1]
product_per_meter       0x080331ad     0x74  Code  Gb  product_cal.o [1]
prvAddCurrentTaskToDelayedList
                        0x080341c9     0x48  Code  Lc  tasks.o [1]
prvAllocateTCBAndStack  0x08034211     0x5a  Code  Lc  tasks.o [1]
prvCheckForValidListAndQueue
                        0x0803b06f     0x52  Code  Lc  timers.o [1]
prvCheckTasksWaitingTermination
                        0x0803415f     0x66  Code  Lc  tasks.o [1]
prvCopyDataFromQueue    0x08031975     0x30  Code  Lc  queue.o [1]
prvCopyDataToQueue      0x080318f1     0x84  Code  Lc  queue.o [1]
prvDeleteTCB            0x0803426b     0x12  Code  Lc  tasks.o [1]
prvGetNextExpireTime    0x0803ae5b     0x2e  Code  Lc  timers.o [1]
prvHeapInit             0x0803b55d     0x6e  Code  Lc  heap_4.o [1]
prvIdleTask             0x08034079     0x26  Code  Lc  tasks.o [1]
prvInitialiseTCBVariables
                        0x0803409f     0x6a  Code  Lc  tasks.o [1]
prvInitialiseTaskLists  0x08034109     0x56  Code  Lc  tasks.o [1]
prvInsertBlockIntoFreeList
                        0x0803b5cb     0x62  Code  Lc  heap_4.o [1]
prvInsertTimerInActiveList
                        0x0803aeb1     0x50  Code  Lc  timers.o [1]
prvIsQueueEmpty         0x08031a0f     0x20  Code  Lc  queue.o [1]
prvIsQueueFull          0x08031a2f     0x22  Code  Lc  queue.o [1]
prvProcessExpiredTimer  0x0803ad73     0x5c  Code  Lc  timers.o [1]
prvProcessReceivedCommands
                        0x0803af01     0xde  Code  Lc  timers.o [1]
prvProcessTimerOrBlockTask
                        0x0803adeb     0x70  Code  Lc  timers.o [1]
prvResetNextTaskUnblockTime
                        0x0803427d     0x26  Code  Lc  tasks.o [1]
prvSampleTimeNow        0x0803ae89     0x28  Code  Lc  timers.o [1]
prvSwitchTimerLists     0x0803afdf     0x90  Code  Lc  timers.o [1]
prvTaskExitError        0x0803b10d     0x2a  Code  Lc  port.o [1]
prvTestWaitCondition    0x0803ac17     0x24  Code  Lc  event_groups.o [1]
prvTimerTask            0x0803add1     0x1a  Code  Lc  timers.o [1]
prvUnlockQueue          0x080319a5     0x6a  Code  Lc  queue.o [1]
put_fat                 0x08037aef    0x16c  Code  Gb  ff.o [1]
putchar                 0x08046d7d      0xc  Code  Gb  putchar.o [3]
pvPortMalloc            0x0803b3cd    0x118  Code  Gb  heap_4.o [1]
pxCurrentTCB            0x2001f424      0x4  Data  Gb  tasks.o [1]
pxCurrentTimerList      0x2001f464      0x4  Data  Lc  timers.o [1]
pxDelayedTaskList       0x2001f428      0x4  Data  Lc  tasks.o [1]
pxEnd                   0x2001f3fc      0x4  Data  Lc  heap_4.o [1]
pxOverflowDelayedTaskList
                        0x2001f42c      0x4  Data  Lc  tasks.o [1]
pxOverflowTimerList     0x2001f468      0x4  Data  Lc  timers.o [1]
pxPortInitialiseStack   0x0803b0e9     0x24  Code  Gb  port.o [1]
pxReadyTasksLists       0x2001e974    0x140  Data  Lc  tasks.o [1]
rc522_cmd_anticoll      0x08039be9     0x5a  Code  Gb  rc522.o [1]
rc522_cmd_request       0x08039b95     0x54  Code  Gb  rc522.o [1]
readDisk                0x2001f4a9      0x1  Data  Gb  apptask.o [1]
readFilenum             0x2001f4aa      0x1  Data  Gb  apptask.o [1]
readSlave               0x2001f300      0xc  Data  Gb  apptask.o [1]
read_device_info        0x08035185    0x2b4  Code  Gb  para.o [1]
read_file_select        0x2001f348      0xc  Data  Gb  protocol.o [1]
read_from_disk          0x0803571d    0xd04  Code  Gb  para.o [1]
remove_chain            0x08037c5b     0x76  Code  Lc  ff.o [1]
rfid_rev_buf            0x2001f1f4     0x14  Data  Gb  rc522.o [1]
rfid_rev_cnt            0x2001f4bd      0x1  Data  Gb  rc522.o [1]
rfid_rev_flag           0x2001f4bc      0x1  Data  Gb  rc522.o [1]
rtc_time                0x2001f364      0x8  Data  Gb  protocol.o [1]
s_TIM_CallBack1         0x2001f3ec      0x4  Data  Lc  bsp_timer.o [1]
s_TIM_CallBack2         0x2001f3f0      0x4  Data  Lc  bsp_timer.o [1]
s_TIM_CallBack3         0x2001f3f4      0x4  Data  Lc  bsp_timer.o [1]
s_TIM_CallBack4         0x2001f3f8      0x4  Data  Lc  bsp_timer.o [1]
sample_time             0x2001f484      0x2  Data  Gb  apptask.o [1]
sdew_weimi_page1        0x080328d9    0x302  Code  Gb  bsp_sdwe050c17.o [1]
sdew_weimi_page2        0x08032be5    0x25e  Code  Gb  bsp_sdwe050c17.o [1]
sdew_weisha_page1       0x08032e49    0x100  Code  Gb  bsp_sdwe050c17.o [1]
sdew_weisha_page2       0x08032f51    0x100  Code  Gb  bsp_sdwe050c17.o [1]
servo_diff              0x2001f3cc      0x4  Data  Gb  apptask.o [1]
servo_per_wei_src       0x2001f3c8      0x4  Data  Gb  apptask.o [1]
servo_speed_diff        0x2001f3d0      0x4  Data  Gb  apptask.o [1]
servomotor_guodu        0x2001f4b2      0x1  Data  Gb  page_weimi.o [1]
servomotor_mode         0x2001f4b3      0x1  Data  Gb  page_weimi.o [1]
slave_info              0x2001f2f4      0xc  Data  Gb  apptask.o [1]
speed_diff              0x2001f318      0xc  Data  Gb  apptask.o [1]
speed_zhu               0x2001f496      0x2  Data  Gb  page_weimi.o [1]
speed_zhu1              0x2001f498      0x2  Data  Gb  page_weimi.o [1]
sprintf                 0x08039a45     0x34  Code  Gb  sprintf.o [3]
sscanf                  0x0803d451     0x24  Code  Gb  sscanf.o [3]
st_clust                0x08038025     0x18  Code  Lc  ff.o [1]
stepmotor_guodu         0x2001f40c      0x4  Data  Gb  page_weimi.o [1]
strcat                  0x08039a79     0x1c  Code  Gb  strcat.o [3]
strchr                  0x0803f469           Code  Gb  strchr.o [5]
strlen                  0x08035021           Code  Gb  strlen.o [5]
strstr                  0x0803a019     0x10  Code  Gb  para.o [1]
sum_sfn                 0x080382f9     0x20  Code  Lc  ff.o [1]
symbol                  0x2001f3c4      0x4  Data  Gb  apptask.o [1]
symbol_servo            0x2001f4ab      0x1  Data  Gb  apptask.o [1]
sync_fs                 0x080378e1     0xd8  Code  Lc  ff.o [1]
sync_window             0x08037847     0x5a  Code  Lc  ff.o [1]
system_state_dis        0x08045be4    0x190  Data  Gb  product_cal.o [1]
tolower                 0x08043839     0x14  Code  Gb  tolower.o [3]
total_meter_gross       0x2001f418      0x4  Data  Gb  product_cal.o [1]
total_weight_gross      0x2001f41c      0x4  Data  Gb  product_cal.o [1]
ucHeap                  0x20000234  0x11800  Data  Lc  heap_4.o [1]
ucMaxSysCallPriority    0x2001f4b8      0x1  Data  Lc  port.o [1]
ulHighFrequencyTimerTicks
                        0x2001f420      0x4  Data  Gb  SysInfoTest.o [1]
ulMaxPRIGROUPValue      0x2001f414      0x4  Data  Lc  port.o [1]
ulTaskSwitchedInTime    0x2001f45c      0x4  Data  Lc  tasks.o [1]
ulTotalRunTime          0x2001f460      0x4  Data  Lc  tasks.o [1]
uni2oem                 0x08000188  0x15484  Data  Lc  cc936.o [1]
usb_disk_flag           0x2001f4a3      0x1  Data  Gb  apptask.o [1]
usbh_OpenMassStorage    0x08036ca9     0x14  Code  Gb  usbh_usr.o [1]
uxCriticalNesting       0x2000021c      0x4  Data  Lc  port.o [1]
uxCurrentNumberOfTasks  0x2001f434      0x4  Data  Lc  tasks.o [1]
uxListRemove            0x0803b3a5     0x28  Code  Gb  list.o [1]
uxPendedTicks           0x2001f444      0x4  Data  Lc  tasks.o [1]
uxSchedulerSuspended    0x2001f458      0x4  Data  Lc  tasks.o [1]
uxTaskNumber            0x2001f450      0x4  Data  Lc  tasks.o [1]
uxTaskResetEventItemValue
                        0x080342dd     0x20  Code  Gb  tasks.o [1]
uxTasksDeleted          0x2001f430      0x4  Data  Lc  tasks.o [1]
uxTopReadyPriority      0x2001f43c      0x4  Data  Lc  tasks.o [1]
vListInitialise         0x0803b335     0x1e  Code  Gb  list.o [1]
vListInsert             0x0803b36b     0x3a  Code  Gb  list.o [1]
vListInsertEnd          0x0803b353     0x18  Code  Gb  list.o [1]
vPortEnableVFP          0x0803f185           Code  Gb  portasm.o [1]
vPortEnterCritical      0x0803b203     0x3a  Code  Gb  port.o [1]
vPortExitCritical       0x0803b23d     0x32  Code  Gb  port.o [1]
vPortFree               0x0803b4e5     0x78  Code  Gb  heap_4.o [1]
vPortSetupTimerInterrupt
                        0x0803b29b      0xe  Code  Wk  port.o [1]
vPortStartFirstTask     0x0803f16d           Code  Gb  portasm.o [1]
vPortValidateInterruptPriority
                        0x0803b2a9     0x4e  Code  Gb  port.o [1]
vQueueWaitForMessageRestricted
                        0x08031a51     0x44  Code  Gb  queue.o [1]
vTaskDelay              0x080338d5     0x84  Code  Gb  tasks.o [1]
vTaskDelayUntil         0x080337f5     0xe0  Code  Gb  tasks.o [1]
vTaskFreq               0x08030391    0x622  Code  Lc  apptask.o [1]
vTaskManageCapacity     0x0802eef1    0x526  Code  Gb  apptask.o [1]
vTaskMassStorage        0x0802dc59    0x5ae  Code  Lc  apptask.o [1]
vTaskMissedYield        0x0803406f      0xa  Code  Gb  tasks.o [1]
vTaskMotorControl       0x0802f4d1    0xe88  Code  Lc  apptask.o [1]
vTaskMsgPro             0x0802e6a9    0x434  Code  Lc  apptask.o [1]
vTaskPlaceOnEventList   0x08033cd5     0x74  Code  Gb  tasks.o [1]
vTaskPlaceOnEventListRestricted
                        0x08033e0d     0x80  Code  Gb  tasks.o [1]
vTaskPlaceOnUnorderedEventList
                        0x08033d65     0xa8  Code  Gb  tasks.o [1]
vTaskReadDisk           0x0802ec35    0x272  Code  Lc  apptask.o [1]
vTaskRev485             0x0802eb15     0xd6  Code  Lc  apptask.o [1]
vTaskSetTimeOutState    0x08033fb9     0x26  Code  Gb  tasks.o [1]
vTaskStartScheduler     0x08033959     0x7e  Code  Gb  tasks.o [1]
vTaskSuspendAll         0x080339d7     0x10  Code  Gb  tasks.o [1]
vTaskSwitchContext      0x08033c25     0xb0  Code  Gb  tasks.o [1]
vTaskTaskLCD            0x0802aa91   0x3184  Code  Gb  apptask.o [1]
vTaskTaskLED            0x0802e231     0x20  Code  Lc  apptask.o [1]
vTaskTaskRFID           0x0802e251    0x3f6  Code  Lc  apptask.o [1]
valid_seg               0x2001f410      0x4  Data  Gb  page_weimi.o [1]
validate                0x0803909f     0x36  Code  Lc  ff.o [1]
weimi_para              0x2001eab4    0x12c  Data  Gb  page_weimi.o [1]
work_idle_time          0x2001f49a      0x2  Data  Gb  product_cal.o [1]
xActiveTimerList1       0x2001f26c     0x14  Data  Lc  timers.o [1]
xActiveTimerList2       0x2001f280     0x14  Data  Lc  timers.o [1]
xBlockAllocatedBit      0x2001f408      0x4  Data  Lc  heap_4.o [1]
xDelayedTaskList1       0x2001f208     0x14  Data  Lc  tasks.o [1]
xDelayedTaskList2       0x2001f21c     0x14  Data  Lc  tasks.o [1]
xEventGroupCreate       0x0803a9d9     0x1c  Code  Gb  event_groups.o [1]
xEventGroupSetBits      0x0803ab41     0xd6  Code  Gb  event_groups.o [1]
xEventGroupWaitBits     0x0803a9f5    0x146  Code  Gb  event_groups.o [1]
xFreeBytesRemaining     0x2001f400      0x4  Data  Lc  heap_4.o [1]
xHandleTaskFreq         0x2001f390      0x4  Data  Gb  apptask.o [1]
xHandleTaskLCD          0x2001f36c      0x4  Data  Gb  apptask.o [1]
xHandleTaskLED          0x2001f370      0x4  Data  Gb  apptask.o [1]
xHandleTaskManageCapacity
                        0x2001f388      0x4  Data  Gb  apptask.o [1]
xHandleTaskMassStorage  0x2001f378      0x4  Data  Gb  apptask.o [1]
xHandleTaskMotorControl
                        0x2001f38c      0x4  Data  Gb  apptask.o [1]
xHandleTaskMsgPro       0x2001f380      0x4  Data  Gb  apptask.o [1]
xHandleTaskRFID         0x2001f374      0x4  Data  Gb  apptask.o [1]
xHandleTaskReadDisk     0x2001f37c      0x4  Data  Gb  apptask.o [1]
xHandleTaskRev485       0x2001f384      0x4  Data  Gb  apptask.o [1]
xHeapStructSize         0x08047368      0x4  Data  Lc  heap_4.o [1]
xMinimumEverFreeBytesRemaining
                        0x2001f404      0x4  Data  Lc  heap_4.o [1]
xNextTaskUnblockTime    0x2001f454      0x4  Data  Lc  tasks.o [1]
xNumOfOverflows         0x2001f44c      0x4  Data  Lc  tasks.o [1]
xPendingReadyList       0x2001f230     0x14  Data  Lc  tasks.o [1]
xPortStartScheduler     0x0803b137     0xcc  Code  Gb  port.o [1]
xQueueGenericCreate     0x0803135d     0x7e  Code  Gb  queue.o [1]
xQueueGenericReceive    0x08031751    0x19c  Code  Gb  queue.o [1]
xQueueGenericReset      0x080312cd     0x90  Code  Gb  queue.o [1]
xQueueGenericSend       0x080313db    0x1b2  Code  Gb  queue.o [1]
xQueueGenericSendFromISR
                        0x0803158d     0xec  Code  Gb  queue.o [1]
xQueueGiveFromISR       0x08031679     0xd8  Code  Gb  queue.o [1]
xQueue_MQTT_Recv        0x2001f3b4      0x4  Data  Gb  apptask.o [1]
xQueue_MQTT_Transmit    0x2001f3b8      0x4  Data  Gb  apptask.o [1]
xQueue_esp8266_Cmd      0x2001f3bc      0x4  Data  Gb  apptask.o [1]
xQueue_message          0x2001f3c0      0x4  Data  Gb  apptask.o [1]
xSchedulerRunning       0x2001f440      0x4  Data  Lc  tasks.o [1]
xSemaphore_download     0x2001f3a4      0x4  Data  Gb  apptask.o [1]
xSemaphore_encoder      0x2001f3a0      0x4  Data  Gb  apptask.o [1]
xSemaphore_lcd          0x2001f394      0x4  Data  Gb  apptask.o [1]
xSemaphore_pluse        0x2001f39c      0x4  Data  Gb  apptask.o [1]
xSemaphore_readDisk     0x2001f3a8      0x4  Data  Gb  apptask.o [1]
xSemaphore_rs485        0x2001f398      0x4  Data  Gb  apptask.o [1]
xStart                  0x2001f354      0x8  Data  Lc  heap_4.o [1]
xSuspendedTaskList      0x2001f258     0x14  Data  Lc  tasks.o [1]
xTaskCheckForTimeOut    0x08033fe5     0x8a  Code  Gb  tasks.o [1]
xTaskGenericCreate      0x08033671    0x184  Code  Gb  tasks.o [1]
xTaskGetSchedulerState  0x080342a3     0x26  Code  Gb  tasks.o [1]
xTaskGetTickCount       0x08033ae7      0xa  Code  Gb  tasks.o [1]
xTaskIncrementTick      0x08033af1    0x134  Code  Gb  tasks.o [1]
xTaskRemoveFromEventList
                        0x08033e91     0x8e  Code  Gb  tasks.o [1]
xTaskRemoveFromUnorderedEventList
                        0x08033f25     0x94  Code  Gb  tasks.o [1]
xTaskResumeAll          0x080339e7    0x100  Code  Gb  tasks.o [1]
xTasksWaitingTermination
                        0x2001f244     0x14  Data  Lc  tasks.o [1]
xTickCount              0x2001f438      0x4  Data  Lc  tasks.o [1]
xTimerCreate            0x0803ac8d     0x62  Code  Gb  timers.o [1]
xTimerCreateTimerTask   0x0803ac3d     0x50  Code  Gb  timers.o [1]
xTimerGenericCommand    0x0803acef     0x84  Code  Gb  timers.o [1]
xTimerQueue             0x2001f46c      0x4  Data  Lc  timers.o [1]
xTimerUser              0x2001f3b0      0x4  Data  Gb  apptask.o [1]
xYieldPending           0x2001f448      0x4  Data  Lc  tasks.o [1]


[1] = E:\work\YarnControl_Driver\src\stm32f4_rtos\Project\EWARMv7\Flash\Obj
[2] = command line
[3] = dl7M_tlf.a
[4] = m7M_tls.a
[5] = rt7M_tl.a
[6] = shb_l.a

  109 778 bytes of readonly  code memory
  182 478 bytes of readonly  data memory
  130 755 bytes of readwrite data memory (+ 1 044 480 absolute)

Errors: none
Warnings: none
