###############################################################################
#
# IAR ELF Linker V7.40.7.9843/W32 for ARM                 10/May/2019  14:14:25
# Copyright 2007-2015 IAR Systems AB.
#
#    Output file  =  
#        F:\work\YarnControl_Driver\src\stm32f4_rtos\Project\EWARMv7\Flash\Exe\project.out
#    Map file     =  
#        F:\work\YarnControl_Driver\src\stm32f4_rtos\Project\EWARMv7\Flash\List\project.map
#    Command line =  
#        F:\work\YarnControl_Driver\src\stm32f4_rtos\Project\EWARMv7\Flash\Obj\apptask.o
#        F:\work\YarnControl_Driver\src\stm32f4_rtos\Project\EWARMv7\Flash\Obj\bkp_pwr.o
#        F:\work\YarnControl_Driver\src\stm32f4_rtos\Project\EWARMv7\Flash\Obj\bsp.o
#        F:\work\YarnControl_Driver\src\stm32f4_rtos\Project\EWARMv7\Flash\Obj\bsp_adc.o
#        F:\work\YarnControl_Driver\src\stm32f4_rtos\Project\EWARMv7\Flash\Obj\bsp_closeSW.o
#        F:\work\YarnControl_Driver\src\stm32f4_rtos\Project\EWARMv7\Flash\Obj\bsp_dac.o
#        F:\work\YarnControl_Driver\src\stm32f4_rtos\Project\EWARMv7\Flash\Obj\bsp_dwt.o
#        F:\work\YarnControl_Driver\src\stm32f4_rtos\Project\EWARMv7\Flash\Obj\bsp_led.o
#        F:\work\YarnControl_Driver\src\stm32f4_rtos\Project\EWARMv7\Flash\Obj\bsp_relay.o
#        F:\work\YarnControl_Driver\src\stm32f4_rtos\Project\EWARMv7\Flash\Obj\bsp_sdio_sd.o
#        F:\work\YarnControl_Driver\src\stm32f4_rtos\Project\EWARMv7\Flash\Obj\bsp_sdwe050c17.o
#        F:\work\YarnControl_Driver\src\stm32f4_rtos\Project\EWARMv7\Flash\Obj\bsp_servomotor.o
#        F:\work\YarnControl_Driver\src\stm32f4_rtos\Project\EWARMv7\Flash\Obj\bsp_spi.o
#        F:\work\YarnControl_Driver\src\stm32f4_rtos\Project\EWARMv7\Flash\Obj\bsp_stepmotor.o
#        F:\work\YarnControl_Driver\src\stm32f4_rtos\Project\EWARMv7\Flash\Obj\bsp_sw_onoff.o
#        F:\work\YarnControl_Driver\src\stm32f4_rtos\Project\EWARMv7\Flash\Obj\bsp_tim_pwm.o
#        F:\work\YarnControl_Driver\src\stm32f4_rtos\Project\EWARMv7\Flash\Obj\bsp_timer.o
#        F:\work\YarnControl_Driver\src\stm32f4_rtos\Project\EWARMv7\Flash\Obj\bsp_uart_fifo.o
#        F:\work\YarnControl_Driver\src\stm32f4_rtos\Project\EWARMv7\Flash\Obj\bsp_w25qxx.o
#        F:\work\YarnControl_Driver\src\stm32f4_rtos\Project\EWARMv7\Flash\Obj\bsp_watchdog.o
#        F:\work\YarnControl_Driver\src\stm32f4_rtos\Project\EWARMv7\Flash\Obj\cc936.o
#        F:\work\YarnControl_Driver\src\stm32f4_rtos\Project\EWARMv7\Flash\Obj\cJSON.o
#        F:\work\YarnControl_Driver\src\stm32f4_rtos\Project\EWARMv7\Flash\Obj\croutine.o
#        F:\work\YarnControl_Driver\src\stm32f4_rtos\Project\EWARMv7\Flash\Obj\demo_fatfs.o
#        F:\work\YarnControl_Driver\src\stm32f4_rtos\Project\EWARMv7\Flash\Obj\des.o
#        F:\work\YarnControl_Driver\src\stm32f4_rtos\Project\EWARMv7\Flash\Obj\diskio.o
#        F:\work\YarnControl_Driver\src\stm32f4_rtos\Project\EWARMv7\Flash\Obj\encoder_tim.o
#        F:\work\YarnControl_Driver\src\stm32f4_rtos\Project\EWARMv7\Flash\Obj\esp8266_handler.o
#        F:\work\YarnControl_Driver\src\stm32f4_rtos\Project\EWARMv7\Flash\Obj\esp8266_init.o
#        F:\work\YarnControl_Driver\src\stm32f4_rtos\Project\EWARMv7\Flash\Obj\event_groups.o
#        F:\work\YarnControl_Driver\src\stm32f4_rtos\Project\EWARMv7\Flash\Obj\ff.o
#        F:\work\YarnControl_Driver\src\stm32f4_rtos\Project\EWARMv7\Flash\Obj\heap_4.o
#        F:\work\YarnControl_Driver\src\stm32f4_rtos\Project\EWARMv7\Flash\Obj\iic_smec98sp.o
#        F:\work\YarnControl_Driver\src\stm32f4_rtos\Project\EWARMv7\Flash\Obj\list.o
#        F:\work\YarnControl_Driver\src\stm32f4_rtos\Project\EWARMv7\Flash\Obj\main.o
#        F:\work\YarnControl_Driver\src\stm32f4_rtos\Project\EWARMv7\Flash\Obj\malloc.o
#        F:\work\YarnControl_Driver\src\stm32f4_rtos\Project\EWARMv7\Flash\Obj\mcheck.o
#        F:\work\YarnControl_Driver\src\stm32f4_rtos\Project\EWARMv7\Flash\Obj\misc.o
#        F:\work\YarnControl_Driver\src\stm32f4_rtos\Project\EWARMv7\Flash\Obj\modbus.o
#        F:\work\YarnControl_Driver\src\stm32f4_rtos\Project\EWARMv7\Flash\Obj\MQTTConnectClient.o
#        F:\work\YarnControl_Driver\src\stm32f4_rtos\Project\EWARMv7\Flash\Obj\MQTTConnectServer.o
#        F:\work\YarnControl_Driver\src\stm32f4_rtos\Project\EWARMv7\Flash\Obj\MQTTDeserializePublish.o
#        F:\work\YarnControl_Driver\src\stm32f4_rtos\Project\EWARMv7\Flash\Obj\MQTTFormat.o
#        F:\work\YarnControl_Driver\src\stm32f4_rtos\Project\EWARMv7\Flash\Obj\MQTTPacket.o
#        F:\work\YarnControl_Driver\src\stm32f4_rtos\Project\EWARMv7\Flash\Obj\MQTTSerializePublish.o
#        F:\work\YarnControl_Driver\src\stm32f4_rtos\Project\EWARMv7\Flash\Obj\MQTTSubscribeClient.o
#        F:\work\YarnControl_Driver\src\stm32f4_rtos\Project\EWARMv7\Flash\Obj\MQTTSubscribeServer.o
#        F:\work\YarnControl_Driver\src\stm32f4_rtos\Project\EWARMv7\Flash\Obj\MQTTUnsubscribeClient.o
#        F:\work\YarnControl_Driver\src\stm32f4_rtos\Project\EWARMv7\Flash\Obj\MQTTUnsubscribeServer.o
#        F:\work\YarnControl_Driver\src\stm32f4_rtos\Project\EWARMv7\Flash\Obj\page_weimi.o
#        F:\work\YarnControl_Driver\src\stm32f4_rtos\Project\EWARMv7\Flash\Obj\para.o
#        F:\work\YarnControl_Driver\src\stm32f4_rtos\Project\EWARMv7\Flash\Obj\port.o
#        F:\work\YarnControl_Driver\src\stm32f4_rtos\Project\EWARMv7\Flash\Obj\portasm.o
#        F:\work\YarnControl_Driver\src\stm32f4_rtos\Project\EWARMv7\Flash\Obj\product_cal.o
#        F:\work\YarnControl_Driver\src\stm32f4_rtos\Project\EWARMv7\Flash\Obj\protocol.o
#        F:\work\YarnControl_Driver\src\stm32f4_rtos\Project\EWARMv7\Flash\Obj\pub0sub1.o
#        F:\work\YarnControl_Driver\src\stm32f4_rtos\Project\EWARMv7\Flash\Obj\queue.o
#        F:\work\YarnControl_Driver\src\stm32f4_rtos\Project\EWARMv7\Flash\Obj\rc522.o
#        F:\work\YarnControl_Driver\src\stm32f4_rtos\Project\EWARMv7\Flash\Obj\sha1.o
#        F:\work\YarnControl_Driver\src\stm32f4_rtos\Project\EWARMv7\Flash\Obj\smec98sp.o
#        F:\work\YarnControl_Driver\src\stm32f4_rtos\Project\EWARMv7\Flash\Obj\startup_stm32f40_41xxx.o
#        F:\work\YarnControl_Driver\src\stm32f4_rtos\Project\EWARMv7\Flash\Obj\stm32f4xx_adc.o
#        F:\work\YarnControl_Driver\src\stm32f4_rtos\Project\EWARMv7\Flash\Obj\stm32f4xx_assert.o
#        F:\work\YarnControl_Driver\src\stm32f4_rtos\Project\EWARMv7\Flash\Obj\stm32f4xx_can.o
#        F:\work\YarnControl_Driver\src\stm32f4_rtos\Project\EWARMv7\Flash\Obj\stm32f4xx_crc.o
#        F:\work\YarnControl_Driver\src\stm32f4_rtos\Project\EWARMv7\Flash\Obj\stm32f4xx_cryp.o
#        F:\work\YarnControl_Driver\src\stm32f4_rtos\Project\EWARMv7\Flash\Obj\stm32f4xx_cryp_aes.o
#        F:\work\YarnControl_Driver\src\stm32f4_rtos\Project\EWARMv7\Flash\Obj\stm32f4xx_cryp_des.o
#        F:\work\YarnControl_Driver\src\stm32f4_rtos\Project\EWARMv7\Flash\Obj\stm32f4xx_cryp_tdes.o
#        F:\work\YarnControl_Driver\src\stm32f4_rtos\Project\EWARMv7\Flash\Obj\stm32f4xx_dac.o
#        F:\work\YarnControl_Driver\src\stm32f4_rtos\Project\EWARMv7\Flash\Obj\stm32f4xx_dbgmcu.o
#        F:\work\YarnControl_Driver\src\stm32f4_rtos\Project\EWARMv7\Flash\Obj\stm32f4xx_dcmi.o
#        F:\work\YarnControl_Driver\src\stm32f4_rtos\Project\EWARMv7\Flash\Obj\stm32f4xx_dma.o
#        F:\work\YarnControl_Driver\src\stm32f4_rtos\Project\EWARMv7\Flash\Obj\stm32f4xx_dma2d.o
#        F:\work\YarnControl_Driver\src\stm32f4_rtos\Project\EWARMv7\Flash\Obj\stm32f4xx_exti.o
#        F:\work\YarnControl_Driver\src\stm32f4_rtos\Project\EWARMv7\Flash\Obj\stm32f4xx_flash.o
#        F:\work\YarnControl_Driver\src\stm32f4_rtos\Project\EWARMv7\Flash\Obj\stm32f4xx_fsmc.o
#        F:\work\YarnControl_Driver\src\stm32f4_rtos\Project\EWARMv7\Flash\Obj\stm32f4xx_gpio.o
#        F:\work\YarnControl_Driver\src\stm32f4_rtos\Project\EWARMv7\Flash\Obj\stm32f4xx_hash.o
#        F:\work\YarnControl_Driver\src\stm32f4_rtos\Project\EWARMv7\Flash\Obj\stm32f4xx_hash_md5.o
#        F:\work\YarnControl_Driver\src\stm32f4_rtos\Project\EWARMv7\Flash\Obj\stm32f4xx_hash_sha1.o
#        F:\work\YarnControl_Driver\src\stm32f4_rtos\Project\EWARMv7\Flash\Obj\stm32f4xx_i2c.o
#        F:\work\YarnControl_Driver\src\stm32f4_rtos\Project\EWARMv7\Flash\Obj\stm32f4xx_it.o
#        F:\work\YarnControl_Driver\src\stm32f4_rtos\Project\EWARMv7\Flash\Obj\stm32f4xx_iwdg.o
#        F:\work\YarnControl_Driver\src\stm32f4_rtos\Project\EWARMv7\Flash\Obj\stm32f4xx_ltdc.o
#        F:\work\YarnControl_Driver\src\stm32f4_rtos\Project\EWARMv7\Flash\Obj\stm32f4xx_pwr.o
#        F:\work\YarnControl_Driver\src\stm32f4_rtos\Project\EWARMv7\Flash\Obj\stm32f4xx_rcc.o
#        F:\work\YarnControl_Driver\src\stm32f4_rtos\Project\EWARMv7\Flash\Obj\stm32f4xx_rng.o
#        F:\work\YarnControl_Driver\src\stm32f4_rtos\Project\EWARMv7\Flash\Obj\stm32f4xx_rtc.o
#        F:\work\YarnControl_Driver\src\stm32f4_rtos\Project\EWARMv7\Flash\Obj\stm32f4xx_sai.o
#        F:\work\YarnControl_Driver\src\stm32f4_rtos\Project\EWARMv7\Flash\Obj\stm32f4xx_sdio.o
#        F:\work\YarnControl_Driver\src\stm32f4_rtos\Project\EWARMv7\Flash\Obj\stm32f4xx_spi.o
#        F:\work\YarnControl_Driver\src\stm32f4_rtos\Project\EWARMv7\Flash\Obj\stm32f4xx_syscfg.o
#        F:\work\YarnControl_Driver\src\stm32f4_rtos\Project\EWARMv7\Flash\Obj\stm32f4xx_tim.o
#        F:\work\YarnControl_Driver\src\stm32f4_rtos\Project\EWARMv7\Flash\Obj\stm32f4xx_usart.o
#        F:\work\YarnControl_Driver\src\stm32f4_rtos\Project\EWARMv7\Flash\Obj\stm32f4xx_wwdg.o
#        F:\work\YarnControl_Driver\src\stm32f4_rtos\Project\EWARMv7\Flash\Obj\SysInfoTest.o
#        F:\work\YarnControl_Driver\src\stm32f4_rtos\Project\EWARMv7\Flash\Obj\system_stm32f4xx.o
#        F:\work\YarnControl_Driver\src\stm32f4_rtos\Project\EWARMv7\Flash\Obj\tasks.o
#        F:\work\YarnControl_Driver\src\stm32f4_rtos\Project\EWARMv7\Flash\Obj\timer_platform.o
#        F:\work\YarnControl_Driver\src\stm32f4_rtos\Project\EWARMv7\Flash\Obj\timers.o
#        F:\work\YarnControl_Driver\src\stm32f4_rtos\Project\EWARMv7\Flash\Obj\transport.o
#        F:\work\YarnControl_Driver\src\stm32f4_rtos\Project\EWARMv7\Flash\Obj\usb_bsp.o
#        F:\work\YarnControl_Driver\src\stm32f4_rtos\Project\EWARMv7\Flash\Obj\usb_core.o
#        F:\work\YarnControl_Driver\src\stm32f4_rtos\Project\EWARMv7\Flash\Obj\usb_hcd.o
#        F:\work\YarnControl_Driver\src\stm32f4_rtos\Project\EWARMv7\Flash\Obj\usb_hcd_int.o
#        F:\work\YarnControl_Driver\src\stm32f4_rtos\Project\EWARMv7\Flash\Obj\usbh_core.o
#        F:\work\YarnControl_Driver\src\stm32f4_rtos\Project\EWARMv7\Flash\Obj\usbh_hcs.o
#        F:\work\YarnControl_Driver\src\stm32f4_rtos\Project\EWARMv7\Flash\Obj\usbh_ioreq.o
#        F:\work\YarnControl_Driver\src\stm32f4_rtos\Project\EWARMv7\Flash\Obj\usbh_it.o
#        F:\work\YarnControl_Driver\src\stm32f4_rtos\Project\EWARMv7\Flash\Obj\usbh_msc_bot.o
#        F:\work\YarnControl_Driver\src\stm32f4_rtos\Project\EWARMv7\Flash\Obj\usbh_msc_core.o
#        F:\work\YarnControl_Driver\src\stm32f4_rtos\Project\EWARMv7\Flash\Obj\usbh_msc_scsi.o
#        F:\work\YarnControl_Driver\src\stm32f4_rtos\Project\EWARMv7\Flash\Obj\usbh_stdreq.o
#        F:\work\YarnControl_Driver\src\stm32f4_rtos\Project\EWARMv7\Flash\Obj\usbh_usr.o
#        -o
#        F:\work\YarnControl_Driver\src\stm32f4_rtos\Project\EWARMv7\Flash\Exe\project.out
#        --map
#        F:\work\YarnControl_Driver\src\stm32f4_rtos\Project\EWARMv7\Flash\List\project.map
#        --config
#        F:\work\YarnControl_Driver\src\stm32f4_rtos\Project\EWARMv7\stm32f4xx_flash.icf
#        --semihosting --entry __iar_program_start --inline --vfe
#
###############################################################################

*******************************************************************************
*** RUNTIME MODEL ATTRIBUTES
***

CppFlavor                     = *
__Heap_Handler                = DLMalloc
__SystemLibrary               = DLib
__dlib_dynamic_initialization = normal


*******************************************************************************
*** PLACEMENT SUMMARY
***

"A1":  place at 0x08000000 { ro section .intvec };
"P1":  place in [from 0x08000000 to 0x080fffff] { ro };
"P2":  place in [from 0x20000000 to 0x2001ffff] { rw, block CSTACK, block HEAP };

  Section             Kind        Address     Size  Object
  -------             ----        -------     ----  ------
"A1":                                        0x188
  .intvec             ro code  0x08000000    0x188  startup_stm32f40_41xxx.o [1]
                             - 0x08000188    0x188

"P1":                                      0x4b2d6
  .rodata             const    0x08000188  0x15484  cc936.o [1]
  .rodata             const    0x0801560c  0x15484  cc936.o [1]
  .text               ro code  0x0802aa90   0x74bc  apptask.o [1]
  .text               ro code  0x08031f4c   0x1548  bsp_sdwe050c17.o [1]
  .text               ro code  0x08033494    0x7c8  queue.o [1]
  .text               ro code  0x08033c5c    0x6b0  product_cal.o [1]
  .text               ro code  0x0803430c     0x66  ABImemset.o [5]
  .text               ro code  0x08034372     0x1e  xsscin.o [3]
  .text               ro code  0x08034390    0xce0  tasks.o [1]
  .text               ro code  0x08035070    0x380  bsp_w25qxx.o [1]
  .text               ro code  0x080353f0   0x150a  para.o [1]
  .text               ro code  0x080368fa     0x1a  xsnprout.o [3]
  .text               ro code  0x08036914     0x4e  FltToDbl.o [4]
  .text               ro code  0x08036962      0xa  xsprout.o [3]
  .text               ro code  0x0803696c     0x24  printf.o [3]
  .text               ro code  0x08036990     0x76  ABImemcpy_unaligned.o [5]
  .text               ro code  0x08036a08     0x42  strcmp_unaligned.o [5]
  .text               ro code  0x08036a4c    0x21c  malloc.o [1]
  .text               ro code  0x08036c68     0x30  I32ToDbl.o [4]
  .text               ro code  0x08036c98    0x256  DblDiv.o [4]
  .text               ro code  0x08036ef0     0xe8  DblAdd.o [4]
  .text               ro code  0x08036fd8    0x1a2  DblMul.o [4]
  .text               ro code  0x0803717c     0x58  DblToI32.o [4]
  .text               ro code  0x080371d4     0x90  DblToFlt.o [4]
  .text               ro code  0x08037264     0x36  strlen.o [5]
  .text               ro code  0x0803729c    0x12c  stm32f4xx_gpio.o [1]
  .text               ro code  0x080373c8     0x62  memcmp_unaligned.o [5]
  .text               ro code  0x0803742c     0xc8  bsp_dac.o [1]
  .text               ro code  0x080374f4     0x3c  stm32f4xx_rtc.o [1]
  .text               ro code  0x08037530    0x504  page_weimi.o [1]
  .text               ro code  0x08037a34    0x280  bsp_servomotor.o [1]
  .text               ro code  0x08037cb4    0x188  bkp_pwr.o [1]
  .text               ro code  0x08037e3c    0x1a2  usbh_usr.o [1]
  .text               ro code  0x08037fe0    0x760  usbh_core.o [1]
  .text               ro code  0x08038740   0x2498  ff.o [1]
  .text               ro code  0x0803abd8     0x34  sprintf.o [3]
  .text               ro code  0x0803ac0c     0x1c  strcat.o [3]
  .text               ro code  0x0803ac28     0xc0  bsp_led.o [1]
  .text               ro code  0x0803ace8     0xee  rc522.o [1]
  .text               ro code  0x0803add8    0x354  modbus.o [1]
  .text               ro code  0x0803b12c     0x80  protocol.o [1]
  .text               ro code  0x0803b1ac     0x10  para.o [1]
  .text               ro code  0x0803b1bc     0xdc  bsp_closeSW.o [1]
  .text               ro code  0x0803b298    0x180  DblSub.o [4]
  .text               ro code  0x0803b418    0x4f4  bsp_stepmotor.o [1]
  .text               ro code  0x0803b90c    0x2a0  encoder_tim.o [1]
  .text               ro code  0x0803bbac     0x7c  esp8266_init.o [1]
  .text               ro code  0x0803bc28    0x414  esp8266_handler.o [1]
  .text               ro code  0x0803c03c    0x434  pub0sub1.o [1]
  .text               ro code  0x0803c470    0x262  event_groups.o [1]
  .text               ro code  0x0803c6d4    0x4a4  timers.o [1]
  .text               ro code  0x0803cb78      0x8  bsp_watchdog.o [1]
  .text               ro code  0x0803cb80    0x1e8  stm32f4xx_rcc.o [1]
  .text               ro code  0x0803cd68     0x74  bsp_dwt.o [1]
  .text               ro code  0x0803cddc    0xaa4  bsp_uart_fifo.o [1]
  .text               ro code  0x0803d880    0x204  bsp_timer.o [1]
  .text               ro code  0x0803da84    0x24c  port.o [1]
  .text               ro code  0x0803dcd0     0x98  list.o [1]
  .text               ro code  0x0803dd68    0x280  heap_4.o [1]
  .text               ro code  0x0803dfe8    0x124  bsp_spi.o [1]
  .text               ro code  0x0803e10c     0x44  strcpy_unaligned.o [5]
  .text               ro code  0x0803e150     0x24  sscanf.o [3]
  .text               ro code  0x0803e174    0xd96  xprintffull_nomb.o [3]
  .text               ro code  0x0803ef0c     0x7c  stm32f4xx_dac.o [1]
  .text               ro code  0x0803ef88    0x6f6  stm32f4xx_tim.o [1]
  .text               ro code  0x0803f680    0x31c  stm32f4xx_dma.o [1]
  .text               ro code  0x0803f99c      0xc  stm32f4xx_pwr.o [1]
  .text               ro code  0x0803f9a8    0x14c  usb_bsp.o [1]
  .text               ro code  0x0803faf4     0xd6  usb_hcd.o [1]
  .text               ro code  0x0803fbca    0x1ba  usbh_hcs.o [1]
  .text               ro code  0x0803fd84    0x436  usbh_stdreq.o [1]
  .text               ro code  0x080401ba    0x246  usbh_ioreq.o [1]
  .text               ro code  0x08040400    0x2e4  diskio.o [1]
  .text               ro code  0x080406e4     0xf4  cc936.o [1]
  .text               ro code  0x080407d8     0xb8  mcheck.o [1]
  .text               ro code  0x08040890     0x2c  strstr.o [3]
  .text               ro code  0x080408bc     0x54  stm32f4xx_syscfg.o [1]
  .text               ro code  0x08040910     0xc0  stm32f4xx_exti.o [1]
  .text               ro code  0x080409d0     0x88  misc.o [1]
  .text               ro code  0x08040a58    0x132  I64DivMod.o [5]
  .text               ro code  0x08040b8c      0x6  ABImemclr4.o [5]
  .text               ro code  0x08040b94     0x44  snprintf.o [3]
  .text               ro code  0x08040bd8    0x306  MQTTConnectClient.o [1]
  .text               ro code  0x08040ee0     0x6c  transport.o [1]
  .text               ro code  0x08040f4c    0x290  MQTTPacket.o [1]
  .text               ro code  0x080411dc     0x40  timer_platform.o [1]
  .text               ro code  0x0804121c    0x190  MQTTSubscribeClient.o [1]
  .text               ro code  0x080413ac     0xbc  MQTTDeserializePublish.o [1]
  .text               ro code  0x08041468     0xec  MQTTSerializePublish.o [1]
  .text               ro code  0x08041554     0x10  stm32f4xx_iwdg.o [1]
  .text               ro code  0x08041564    0x254  stm32f4xx_usart.o [1]
  CODE                ro code  0x080417b8     0xa8  portasm.o [1]
  .text               ro code  0x08041860     0x74  stm32f4xx_spi.o [1]
  .text               ro code  0x080418d4    0xb64  xscanffull_nomb.o [3]
  .text               ro code  0x08042438     0x16  strchr.o [5]
  .text               ro code  0x08042450     0x58  memchr.o [5]
  .text               ro code  0x080424a8     0x42  xdnorm.o [4]
  .text               ro code  0x080424ec     0x2e  DblCmpLe.o [4]
  .text               ro code  0x0804251c     0x2e  DblCmpGe.o [4]
  .text               ro code  0x0804254c    0x114  xdscale.o [4]
  .text               ro code  0x08042660     0x6c  localeconv.o [3]
  .text               ro code  0x080426cc      0xe  div.o [3]
  .text               ro code  0x080426dc    0xa50  usb_core.o [1]
  .text               ro code  0x0804312c   0x1a58  bsp_sdio_sd.o [1]
  .text               ro code  0x08044b84    0x618  usbh_msc_scsi.o [1]
  .text               ro code  0x0804519c    0x554  usbh_msc_bot.o [1]
  .text               ro code  0x080456f0      0x2  I64DivZer.o [5]
  .text               ro code  0x080456f4     0x32  ABImemset48.o [5]
  .text               ro code  0x08045726     0x28  isxxx.o [3]
  .text               ro code  0x0804574e     0xa4  xstoll.o [3]
  .text               ro code  0x080457f4    0x1b0  xstoull.o [3]
  .text               ro code  0x080459a4    0x168  xstold.o [4]
  .text               ro code  0x08045b0c    0x17c  stm32f4xx_sdio.o [1]
  .text               ro code  0x08045c88     0x18  setlocale.o [3]
  .text               ro code  0x08045ca0     0x16  xlocale_c.o [3]
  .text               ro code  0x08045cb6     0x14  xlocale_c.o [3]
  .text               ro code  0x08045ccc      0xc  errno.o [3]
  .text               ro code  0x08045cd8     0x14  tolower.o [3]
  .text               ro code  0x08045cec    0x124  xstopfx.o [3]
  .text               ro code  0x08045e10    0x1b8  xstoflt.o [3]
  .text               ro code  0x08045fc8    0x200  xdtento.o [4]
  .text               ro code  0x080461c8    0x218  xstoxflt.o [3]
  .text               ro code  0x080463e0      0x2  xtls.o [3]
  .text               ro code  0x080463e2      0xc  xlocale_c.o [3]
  .text               ro code  0x080463f0     0x20  DblCmpEq.o [4]
  .text               ro code  0x08046410     0x52  xdunscal.o [4]
  .text               ro code  0x08046464    0xc7e  usb_hcd_int.o [1]
  .text               ro code  0x080470e4    0x4fa  des.o [1]
  .text               ro code  0x080475e0    0x4ae  smec98sp.o [1]
  .text               ro code  0x08047a90    0x1b6  stm32f4xx_adc.o [1]
  .text               ro code  0x08047c48    0x38e  iic_smec98sp.o [1]
  .text               ro code  0x08047fd8     0x20  srand.o [3]
  .text               ro code  0x08047ff8     0xe0  rand.o [3]
  .rodata             const    0x080480d8    0x400  apptask.o [1]
  .text               ro code  0x080484d8    0x3e8  usbh_msc_core.o [1]
  .rodata             const    0x080488c0    0x3dc  cc936.o [1]
  .rodata             const    0x08048c9c    0x3dc  cc936.o [1]
  .rodata             const    0x08049078    0x200  des.o [1]
  .rodata             const    0x08049278    0x190  product_cal.o [1]
  .text               ro code  0x08049408    0x154  system_stm32f4xx.o [1]
  .rodata             const    0x0804955c    0x100  mcheck.o [1]
  .rodata             const    0x0804965c    0x100  mcheck.o [1]
  .rodata             const    0x0804975c    0x100  mcheck.o [1]
  .text               ro code  0x0804985c     0xd0  packbits_init.o [5]
  .text               ro code  0x0804992c      0x6  abort.o [3]
  .text               ro code  0x08049934     0x14  exit.o [6]
  .rodata             const    0x08049948     0x58  pub0sub1.o [1]
  .text               ro code  0x080499a0     0x58  bsp.o [1]
  .text               ro code  0x080499f8     0x44  bsp_relay.o [1]
  .text               ro code  0x08049a3c     0x44  bsp_sw_onoff.o [1]
  .rodata             const    0x08049a80     0x40  des.o [1]
  .rodata             const    0x08049ac0     0x40  des.o [1]
  .text               ro code  0x08049b00     0x40  zero_init3.o [5]
  .rodata             const    0x08049b40     0x38  demo_fatfs.o [1]
  .rodata             const    0x08049b78     0x38  des.o [1]
  .text               ro code  0x08049bb0     0x38  stm32f4xx_it.o [1]
  .rodata             const    0x08049be8     0x34  apptask.o [1]
  .rodata             const    0x08049c1c     0x30  apptask.o [1]
  .rodata             const    0x08049c4c     0x30  demo_fatfs.o [1]
  .rodata             const    0x08049c7c     0x30  demo_fatfs.o [1]
  .rodata             const    0x08049cac     0x30  des.o [1]
  .rodata             const    0x08049cdc     0x30  des.o [1]
  .text               ro code  0x08049d0c     0x30  main.o [1]
  .rodata             const    0x08049d3c     0x2c  apptask.o [1]
  .rodata             const    0x08049d68     0x2c  demo_fatfs.o [1]
  .rodata             const    0x08049d94     0x2c  demo_fatfs.o [1]
  .rodata             const    0x08049dc0     0x2c  stm32f4xx_it.o [1]
  .text               ro code  0x08049dec     0x2c  SysInfoTest.o [1]
  .rodata             const    0x08049e18     0x28  apptask.o [1]
  .rodata             const    0x08049e40     0x28  demo_fatfs.o [1]
  .rodata             const    0x08049e68     0x28  demo_fatfs.o [1]
  .rodata             const    0x08049e90     0x28  demo_fatfs.o [1]
  .text               ro code  0x08049eb8     0x28  data_init.o [5]
  .rodata             const    0x08049ee0     0x24  apptask.o [1]
  .rodata             const    0x08049f04     0x24  apptask.o [1]
  .rodata             const    0x08049f28     0x24  apptask.o [1]
  .rodata             const    0x08049f4c     0x24  apptask.o [1]
  .rodata             const    0x08049f70     0x24  apptask.o [1]
  .rodata             const    0x08049f94     0x24  apptask.o [1]
  .rodata             const    0x08049fb8     0x24  apptask.o [1]
  .rodata             const    0x08049fdc     0x24  apptask.o [1]
  .rodata             const    0x0804a000     0x24  apptask.o [1]
  .rodata             const    0x0804a024     0x24  apptask.o [1]
  .rodata             const    0x0804a048     0x24  demo_fatfs.o [1]
  .rodata             const    0x0804a06c     0x24  demo_fatfs.o [1]
  .rodata             const    0x0804a090     0x24  pub0sub1.o [1]
  .rodata             const    0x0804a0b4     0x24  pub0sub1.o [1]
  .rodata             const    0x0804a0d8     0x24  usbh_usr.o [1]
  .text               ro code  0x0804a0fc     0x22  fpinit_M.o [4]
  .iar.init_table     const    0x0804a120     0x34  - Linker created -
  .rodata             const    0x0804a154     0x20  apptask.o [1]
  .rodata             const    0x0804a174     0x20  apptask.o [1]
  .rodata             const    0x0804a194     0x20  apptask.o [1]
  .rodata             const    0x0804a1b4     0x20  demo_fatfs.o [1]
  .rodata             const    0x0804a1d4     0x20  demo_fatfs.o [1]
  .rodata             const    0x0804a1f4     0x20  demo_fatfs.o [1]
  .rodata             const    0x0804a214     0x20  des.o [1]
  .rodata             const    0x0804a234     0x20  pub0sub1.o [1]
  .rodata             const    0x0804a254     0x20  usbh_usr.o [1]
  .rodata             const    0x0804a274     0x20  usbh_usr.o [1]
  .rodata             const    0x0804a294     0x20  usbh_usr.o [1]
  .rodata             const    0x0804a2b4     0x20  usbh_usr.o [1]
  .rodata             const    0x0804a2d4     0x20  usbh_usr.o [1]
  .rodata             const    0x0804a2f4     0x1c  apptask.o [1]
  .rodata             const    0x0804a310     0x1c  apptask.o [1]
  .rodata             const    0x0804a32c     0x1c  apptask.o [1]
  .rodata             const    0x0804a348     0x1c  apptask.o [1]
  .rodata             const    0x0804a364     0x1c  apptask.o [1]
  .rodata             const    0x0804a380     0x1c  apptask.o [1]
  .rodata             const    0x0804a39c     0x1c  apptask.o [1]
  .rodata             const    0x0804a3b8     0x1c  apptask.o [1]
  .rodata             const    0x0804a3d4     0x1c  demo_fatfs.o [1]
  .rodata             const    0x0804a3f0     0x1c  demo_fatfs.o [1]
  .rodata             const    0x0804a40c     0x1c  esp8266_handler.o [1]
  .rodata             const    0x0804a428     0x1c  esp8266_handler.o [1]
  .rodata             const    0x0804a444     0x1c  pub0sub1.o [1]
  .rodata             const    0x0804a460     0x1c  pub0sub1.o [1]
  .rodata             const    0x0804a47c     0x1c  pub0sub1.o [1]
  .rodata             const    0x0804a498     0x1c  smec98sp.o [1]
  .rodata             const    0x0804a4b4     0x1c  smec98sp.o [1]
  .rodata             const    0x0804a4d0     0x1c  smec98sp.o [1]
  .rodata             const    0x0804a4ec     0x1c  usbh_usr.o [1]
  .rodata             const    0x0804a508     0x1c  usbh_usr.o [1]
  .rodata             const    0x0804a524     0x1c  usbh_usr.o [1]
  .rodata             const    0x0804a540     0x1c  usbh_usr.o [1]
  .rodata             const    0x0804a55c     0x1c  usbh_usr.o [1]
  .rodata             const    0x0804a578     0x1c  usbh_usr.o [1]
  .text               ro code  0x0804a594     0x1a  cmain.o [5]
  .text               ro code  0x0804a5ae      0x4  exit.o [3]
  .text               ro code  0x0804a5b4      0xa  cexit.o [5]
  .rodata             const    0x0804a5c0     0x18  apptask.o [1]
  .rodata             const    0x0804a5d8     0x18  apptask.o [1]
  .rodata             const    0x0804a5f0     0x18  apptask.o [1]
  .rodata             const    0x0804a608     0x18  apptask.o [1]
  .rodata             const    0x0804a620     0x18  apptask.o [1]
  .rodata             const    0x0804a638     0x18  apptask.o [1]
  .rodata             const    0x0804a650     0x18  apptask.o [1]
  .rodata             const    0x0804a668     0x18  apptask.o [1]
  .rodata             const    0x0804a680     0x18  apptask.o [1]
  .rodata             const    0x0804a698     0x18  apptask.o [1]
  .rodata             const    0x0804a6b0     0x18  apptask.o [1]
  .rodata             const    0x0804a6c8     0x18  apptask.o [1]
  .rodata             const    0x0804a6e0     0x18  demo_fatfs.o [1]
  .rodata             const    0x0804a6f8     0x18  demo_fatfs.o [1]
  .rodata             const    0x0804a710     0x18  demo_fatfs.o [1]
  .rodata             const    0x0804a728     0x18  demo_fatfs.o [1]
  .rodata             const    0x0804a740     0x18  esp8266_handler.o [1]
  .rodata             const    0x0804a758     0x18  esp8266_handler.o [1]
  .rodata             const    0x0804a770     0x18  esp8266_handler.o [1]
  .rodata             const    0x0804a788     0x18  para.o [1]
  .rodata             const    0x0804a7a0     0x18  pub0sub1.o [1]
  .rodata             const    0x0804a7b8     0x18  pub0sub1.o [1]
  .rodata             const    0x0804a7d0     0x18  smec98sp.o [1]
  .rodata             const    0x0804a7e8     0x18  smec98sp.o [1]
  .rodata             const    0x0804a800     0x18  usbh_usr.o [1]
  .rodata             const    0x0804a818     0x18  usbh_usr.o [1]
  .rodata             const    0x0804a830     0x18  usbh_usr.o [1]
  .rodata             const    0x0804a848     0x18  usbh_usr.o [1]
  .rodata             const    0x0804a860     0x18  usbh_usr.o [1]
  .text               ro code  0x0804a878     0x16  xprout.o [3]
  .text               ro code  0x0804a890      0xc  putchar.o [3]
  .rodata             const    0x0804a89c     0x14  apptask.o [1]
  .rodata             const    0x0804a8b0     0x14  apptask.o [1]
  .rodata             const    0x0804a8c4     0x14  apptask.o [1]
  .rodata             const    0x0804a8d8     0x14  apptask.o [1]
  .rodata             const    0x0804a8ec     0x14  apptask.o [1]
  .rodata             const    0x0804a900     0x14  apptask.o [1]
  .rodata             const    0x0804a914     0x14  apptask.o [1]
  .rodata             const    0x0804a928     0x14  apptask.o [1]
  .rodata             const    0x0804a93c     0x14  apptask.o [1]
  .rodata             const    0x0804a950     0x14  apptask.o [1]
  .rodata             const    0x0804a964     0x14  apptask.o [1]
  .rodata             const    0x0804a978     0x14  apptask.o [1]
  .rodata             const    0x0804a98c     0x14  apptask.o [1]
  .rodata             const    0x0804a9a0     0x14  apptask.o [1]
  .rodata             const    0x0804a9b4     0x14  apptask.o [1]
  .rodata             const    0x0804a9c8     0x14  apptask.o [1]
  .rodata             const    0x0804a9dc     0x14  des.o [1]
  .rodata             const    0x0804a9f0     0x14  esp8266_handler.o [1]
  .rodata             const    0x0804aa04     0x14  pub0sub1.o [1]
  .rodata             const    0x0804aa18     0x14  pub0sub1.o [1]
  .rodata             const    0x0804aa2c     0x14  pub0sub1.o [1]
  .rodata             const    0x0804aa40     0x14  pub0sub1.o [1]
  .rodata             const    0x0804aa54     0x14  pub0sub1.o [1]
  .rodata             const    0x0804aa68     0x14  smec98sp.o [1]
  .rodata             const    0x0804aa7c     0x14  usbh_usr.o [1]
  .rodata             const    0x0804aa90     0x14  usbh_usr.o [1]
  .rodata             const    0x0804aaa4     0x10  apptask.o [1]
  .rodata             const    0x0804aab4     0x10  apptask.o [1]
  .rodata             const    0x0804aac4     0x10  apptask.o [1]
  .rodata             const    0x0804aad4     0x10  apptask.o [1]
  .rodata             const    0x0804aae4     0x10  apptask.o [1]
  .rodata             const    0x0804aaf4     0x10  apptask.o [1]
  .rodata             const    0x0804ab04     0x10  apptask.o [1]
  .rodata             const    0x0804ab14     0x10  apptask.o [1]
  .rodata             const    0x0804ab24     0x10  apptask.o [1]
  .rodata             const    0x0804ab34     0x10  apptask.o [1]
  .rodata             const    0x0804ab44     0x10  apptask.o [1]
  .rodata             const    0x0804ab54     0x10  apptask.o [1]
  .rodata             const    0x0804ab64     0x10  apptask.o [1]
  .rodata             const    0x0804ab74     0x10  apptask.o [1]
  .rodata             const    0x0804ab84     0x10  apptask.o [1]
  .rodata             const    0x0804ab94     0x10  apptask.o [1]
  .rodata             const    0x0804aba4     0x10  apptask.o [1]
  .rodata             const    0x0804abb4     0x10  apptask.o [1]
  .rodata             const    0x0804abc4     0x10  apptask.o [1]
  .rodata             const    0x0804abd4     0x10  apptask.o [1]
  .rodata             const    0x0804abe4     0x10  apptask.o [1]
  .rodata             const    0x0804abf4     0x10  apptask.o [1]
  .rodata             const    0x0804ac04     0x10  apptask.o [1]
  .rodata             const    0x0804ac14     0x10  apptask.o [1]
  .rodata             const    0x0804ac24     0x10  apptask.o [1]
  .rodata             const    0x0804ac34     0x10  apptask.o [1]
  .rodata             const    0x0804ac44     0x10  apptask.o [1]
  .rodata             const    0x0804ac54     0x10  bsp_sdwe050c17.o [1]
  .rodata             const    0x0804ac64     0x10  esp8266_handler.o [1]
  .rodata             const    0x0804ac74     0x10  esp8266_handler.o [1]
  .rodata             const    0x0804ac84     0x10  esp8266_handler.o [1]
  .rodata             const    0x0804ac94     0x10  esp8266_handler.o [1]
  .rodata             const    0x0804aca4     0x10  esp8266_handler.o [1]
  .rodata             const    0x0804acb4     0x10  esp8266_handler.o [1]
  .rodata             const    0x0804acc4     0x10  ff.o [1]
  .rodata             const    0x0804acd4     0x10  main.o [1]
  .rodata             const    0x0804ace4     0x10  main.o [1]
  .rodata             const    0x0804acf4     0x10  para.o [1]
  .rodata             const    0x0804ad04     0x10  para.o [1]
  .rodata             const    0x0804ad14     0x10  pub0sub1.o [1]
  .rodata             const    0x0804ad24     0x10  smec98sp.o [1]
  .rodata             const    0x0804ad34     0x10  smec98sp.o [1]
  .rodata             const    0x0804ad44     0x10  smec98sp.o [1]
  .rodata             const    0x0804ad54     0x10  smec98sp.o [1]
  .rodata             const    0x0804ad64     0x10  smec98sp.o [1]
  .rodata             const    0x0804ad74     0x10  smec98sp.o [1]
  .rodata             const    0x0804ad84     0x10  usbh_usr.o [1]
  .rodata             const    0x0804ad94     0x10  usbh_usr.o [1]
  .text               ro code  0x0804ada4     0x10  startup_stm32f40_41xxx.o [1]
  .text               ro code  0x0804adb4     0x10  usbh_it.o [1]
  .rodata             const    0x0804adc4      0xc  apptask.o [1]
  .rodata             const    0x0804add0      0xc  apptask.o [1]
  .rodata             const    0x0804addc      0xc  apptask.o [1]
  .rodata             const    0x0804ade8      0xc  apptask.o [1]
  .rodata             const    0x0804adf4      0xc  apptask.o [1]
  .rodata             const    0x0804ae00      0xc  apptask.o [1]
  .rodata             const    0x0804ae0c      0xc  apptask.o [1]
  .rodata             const    0x0804ae18      0xc  apptask.o [1]
  .rodata             const    0x0804ae24      0xc  apptask.o [1]
  .rodata             const    0x0804ae30      0xc  apptask.o [1]
  .rodata             const    0x0804ae3c      0xc  apptask.o [1]
  .rodata             const    0x0804ae48      0xc  apptask.o [1]
  .rodata             const    0x0804ae54      0xc  apptask.o [1]
  .rodata             const    0x0804ae60      0xc  apptask.o [1]
  .rodata             const    0x0804ae6c      0xc  apptask.o [1]
  .rodata             const    0x0804ae78      0xc  apptask.o [1]
  .rodata             const    0x0804ae84      0xc  apptask.o [1]
  .rodata             const    0x0804ae90      0xc  apptask.o [1]
  .rodata             const    0x0804ae9c      0xc  apptask.o [1]
  .rodata             const    0x0804aea8      0xc  apptask.o [1]
  .rodata             const    0x0804aeb4      0xc  apptask.o [1]
  .rodata             const    0x0804aec0      0xc  apptask.o [1]
  .rodata             const    0x0804aecc      0xc  apptask.o [1]
  .rodata             const    0x0804aed8      0xc  apptask.o [1]
  .rodata             const    0x0804aee4      0xc  apptask.o [1]
  .rodata             const    0x0804aef0      0xc  apptask.o [1]
  .rodata             const    0x0804aefc      0xc  apptask.o [1]
  .rodata             const    0x0804af08      0xc  apptask.o [1]
  .rodata             const    0x0804af14      0xc  apptask.o [1]
  .rodata             const    0x0804af20      0xc  apptask.o [1]
  .rodata             const    0x0804af2c      0xc  apptask.o [1]
  .rodata             const    0x0804af38      0xc  apptask.o [1]
  .rodata             const    0x0804af44      0xc  apptask.o [1]
  .rodata             const    0x0804af50      0xc  apptask.o [1]
  .rodata             const    0x0804af5c      0xc  apptask.o [1]
  .rodata             const    0x0804af68      0xc  bsp_sdwe050c17.o [1]
  .rodata             const    0x0804af74      0xc  demo_fatfs.o [1]
  .rodata             const    0x0804af80      0xc  esp8266_handler.o [1]
  .rodata             const    0x0804af8c      0xc  esp8266_handler.o [1]
  .rodata             const    0x0804af98      0xc  esp8266_handler.o [1]
  .rodata             const    0x0804afa4      0xc  esp8266_handler.o [1]
  .rodata             const    0x0804afb0      0xc  esp8266_handler.o [1]
  .rodata             const    0x0804afbc      0xc  esp8266_handler.o [1]
  .rodata             const    0x0804afc8      0xc  ff.o [1]
  .rodata             const    0x0804afd4      0xc  page_weimi.o [1]
  .rodata             const    0x0804afe0      0xc  para.o [1]
  .rodata             const    0x0804afec      0xc  para.o [1]
  .rodata             const    0x0804aff8      0xc  para.o [1]
  .rodata             const    0x0804b004      0xc  para.o [1]
  .rodata             const    0x0804b010      0xc  para.o [1]
  .rodata             const    0x0804b01c      0xc  pub0sub1.o [1]
  .rodata             const    0x0804b028      0xc  pub0sub1.o [1]
  .text               ro code  0x0804b034      0xc  cstartup_M.o [5]
  .rodata             const    0x0804b040      0x8  apptask.o [1]
  .rodata             const    0x0804b048      0x8  apptask.o [1]
  .rodata             const    0x0804b050      0x8  apptask.o [1]
  .rodata             const    0x0804b058      0x8  apptask.o [1]
  .rodata             const    0x0804b060      0x8  apptask.o [1]
  .rodata             const    0x0804b068      0x8  apptask.o [1]
  .rodata             const    0x0804b070      0x8  apptask.o [1]
  .rodata             const    0x0804b078      0x8  apptask.o [1]
  .rodata             const    0x0804b080      0x8  apptask.o [1]
  .rodata             const    0x0804b088      0x8  apptask.o [1]
  .rodata             const    0x0804b090      0x8  apptask.o [1]
  .rodata             const    0x0804b098      0x8  apptask.o [1]
  .rodata             const    0x0804b0a0      0x8  apptask.o [1]
  .rodata             const    0x0804b0a8      0x8  apptask.o [1]
  .rodata             const    0x0804b0b0      0x8  apptask.o [1]
  .rodata             const    0x0804b0b8      0x8  apptask.o [1]
  .rodata             const    0x0804b0c0      0x8  apptask.o [1]
  .rodata             const    0x0804b0c8      0x8  apptask.o [1]
  .rodata             const    0x0804b0d0      0x8  apptask.o [1]
  .rodata             const    0x0804b0d8      0x8  apptask.o [1]
  .rodata             const    0x0804b0e0      0x8  apptask.o [1]
  .rodata             const    0x0804b0e8      0x8  bsp_sdwe050c17.o [1]
  .rodata             const    0x0804b0f0      0x8  bsp_w25qxx.o [1]
  .rodata             const    0x0804b0f8      0x8  esp8266_handler.o [1]
  .rodata             const    0x0804b100      0x8  ff.o [1]
  .rodata             const    0x0804b108      0x8  malloc.o [1]
  .rodata             const    0x0804b110      0x8  malloc.o [1]
  .rodata             const    0x0804b118      0x8  malloc.o [1]
  .rodata             const    0x0804b120      0x8  MQTTConnectClient.o [1]
  .rodata             const    0x0804b128      0x8  MQTTConnectClient.o [1]
  .rodata             const    0x0804b130      0x8  para.o [1]
  .rodata             const    0x0804b138      0x8  para.o [1]
  .rodata             const    0x0804b140      0x8  para.o [1]
  .rodata             const    0x0804b148      0x8  para.o [1]
  .rodata             const    0x0804b150      0x8  para.o [1]
  .rodata             const    0x0804b158      0x8  para.o [1]
  .rodata             const    0x0804b160      0x8  para.o [1]
  .rodata             const    0x0804b168      0x8  para.o [1]
  .rodata             const    0x0804b170      0x8  para.o [1]
  .rodata             const    0x0804b178      0x8  para.o [1]
  .rodata             const    0x0804b180      0x8  para.o [1]
  .rodata             const    0x0804b188      0x8  para.o [1]
  .rodata             const    0x0804b190      0x8  para.o [1]
  .rodata             const    0x0804b198      0x8  para.o [1]
  .rodata             const    0x0804b1a0      0x8  para.o [1]
  .rodata             const    0x0804b1a8      0x8  para.o [1]
  .rodata             const    0x0804b1b0      0x8  para.o [1]
  .rodata             const    0x0804b1b8      0x8  para.o [1]
  .rodata             const    0x0804b1c0      0x8  para.o [1]
  .rodata             const    0x0804b1c8      0x8  para.o [1]
  .rodata             const    0x0804b1d0      0x8  para.o [1]
  .rodata             const    0x0804b1d8      0x8  pub0sub1.o [1]
  .rodata             const    0x0804b1e0      0x8  smec98sp.o [1]
  .rodata             const    0x0804b1e8      0x8  tasks.o [1]
  .rodata             const    0x0804b1f0      0x8  timers.o [1]
  .rodata             const    0x0804b1f8      0x4  heap_4.o [1]
  .rodata             const    0x0804b1fc      0x4  MQTTConnectClient.o [1]
  .rodata             const    0x0804b200      0x4  MQTTConnectClient.o [1]
  .rodata             const    0x0804b204      0x4  MQTTConnectClient.o [1]
  .rodata             const    0x0804b208      0x4  MQTTConnectClient.o [1]
  .rodata             const    0x0804b20c      0x4  MQTTConnectClient.o [1]
  .rodata             const    0x0804b210      0x4  MQTTDeserializePublish.o [1]
  .rodata             const    0x0804b214      0x4  MQTTPacket.o [1]
  .rodata             const    0x0804b218      0x4  MQTTSerializePublish.o [1]
  .rodata             const    0x0804b21c      0x4  MQTTSubscribeClient.o [1]
  .rodata             const    0x0804b220      0x4  MQTTSubscribeClient.o [1]
  .rodata             const    0x0804b224      0x4  port.o [1]
  .text               ro code  0x0804b228      0x4  startup_stm32f40_41xxx.o [1]
  .text               ro code  0x0804b22c      0x4  startup_stm32f40_41xxx.o [1]
  .text               ro code  0x0804b230      0x4  startup_stm32f40_41xxx.o [1]
  .text               ro code  0x0804b234      0x4  startup_stm32f40_41xxx.o [1]
  .text               ro code  0x0804b238      0x4  startup_stm32f40_41xxx.o [1]
  .text               ro code  0x0804b23c      0x4  startup_stm32f40_41xxx.o [1]
  .text               ro code  0x0804b240      0x4  startup_stm32f40_41xxx.o [1]
  .text               ro code  0x0804b244      0x4  startup_stm32f40_41xxx.o [1]
  .text               ro code  0x0804b248      0x4  startup_stm32f40_41xxx.o [1]
  .text               ro code  0x0804b24c      0x4  startup_stm32f40_41xxx.o [1]
  .text               ro code  0x0804b250      0x4  startup_stm32f40_41xxx.o [1]
  .text               ro code  0x0804b254      0x4  startup_stm32f40_41xxx.o [1]
  .text               ro code  0x0804b258      0x4  startup_stm32f40_41xxx.o [1]
  .text               ro code  0x0804b25c      0x4  startup_stm32f40_41xxx.o [1]
  .text               ro code  0x0804b260      0x4  startup_stm32f40_41xxx.o [1]
  .text               ro code  0x0804b264      0x4  startup_stm32f40_41xxx.o [1]
  .text               ro code  0x0804b268      0x4  startup_stm32f40_41xxx.o [1]
  .text               ro code  0x0804b26c      0x4  startup_stm32f40_41xxx.o [1]
  .text               ro code  0x0804b270      0x4  startup_stm32f40_41xxx.o [1]
  .text               ro code  0x0804b274      0x4  startup_stm32f40_41xxx.o [1]
  .text               ro code  0x0804b278      0x4  startup_stm32f40_41xxx.o [1]
  .text               ro code  0x0804b27c      0x4  startup_stm32f40_41xxx.o [1]
  .text               ro code  0x0804b280      0x4  startup_stm32f40_41xxx.o [1]
  .text               ro code  0x0804b284      0x4  startup_stm32f40_41xxx.o [1]
  .text               ro code  0x0804b288      0x4  startup_stm32f40_41xxx.o [1]
  .text               ro code  0x0804b28c      0x4  startup_stm32f40_41xxx.o [1]
  .text               ro code  0x0804b290      0x4  startup_stm32f40_41xxx.o [1]
  .text               ro code  0x0804b294      0x4  startup_stm32f40_41xxx.o [1]
  .text               ro code  0x0804b298      0x4  startup_stm32f40_41xxx.o [1]
  .text               ro code  0x0804b29c      0x4  startup_stm32f40_41xxx.o [1]
  .text               ro code  0x0804b2a0      0x4  startup_stm32f40_41xxx.o [1]
  .text               ro code  0x0804b2a4      0x4  startup_stm32f40_41xxx.o [1]
  .text               ro code  0x0804b2a8      0x4  startup_stm32f40_41xxx.o [1]
  .text               ro code  0x0804b2ac      0x4  startup_stm32f40_41xxx.o [1]
  .text               ro code  0x0804b2b0      0x4  startup_stm32f40_41xxx.o [1]
  .text               ro code  0x0804b2b4      0x4  startup_stm32f40_41xxx.o [1]
  .text               ro code  0x0804b2b8      0x4  startup_stm32f40_41xxx.o [1]
  .text               ro code  0x0804b2bc      0x4  startup_stm32f40_41xxx.o [1]
  .text               ro code  0x0804b2c0      0x4  startup_stm32f40_41xxx.o [1]
  .text               ro code  0x0804b2c4      0x4  startup_stm32f40_41xxx.o [1]
  .text               ro code  0x0804b2c8      0x4  startup_stm32f40_41xxx.o [1]
  .text               ro code  0x0804b2cc      0x4  startup_stm32f40_41xxx.o [1]
  .text               ro code  0x0804b2d0      0x4  startup_stm32f40_41xxx.o [1]
  .text               ro code  0x0804b2d4      0x4  startup_stm32f40_41xxx.o [1]
  .text               ro code  0x0804b2d8      0x4  startup_stm32f40_41xxx.o [1]
  .text               ro code  0x0804b2dc      0x4  startup_stm32f40_41xxx.o [1]
  .text               ro code  0x0804b2e0      0x4  startup_stm32f40_41xxx.o [1]
  .text               ro code  0x0804b2e4      0x4  startup_stm32f40_41xxx.o [1]
  .text               ro code  0x0804b2e8      0x4  startup_stm32f40_41xxx.o [1]
  .text               ro code  0x0804b2ec      0x4  startup_stm32f40_41xxx.o [1]
  .text               ro code  0x0804b2f0      0x4  startup_stm32f40_41xxx.o [1]
  .text               ro code  0x0804b2f4      0x4  startup_stm32f40_41xxx.o [1]
  .text               ro code  0x0804b2f8      0x4  startup_stm32f40_41xxx.o [1]
  .text               ro code  0x0804b2fc      0x4  startup_stm32f40_41xxx.o [1]
  .text               ro code  0x0804b300      0x4  startup_stm32f40_41xxx.o [1]
  .text               ro code  0x0804b304      0x4  startup_stm32f40_41xxx.o [1]
  .text               ro code  0x0804b308      0x4  startup_stm32f40_41xxx.o [1]
  .text               ro code  0x0804b30c      0x4  startup_stm32f40_41xxx.o [1]
  .text               ro code  0x0804b310      0x4  startup_stm32f40_41xxx.o [1]
  .text               ro code  0x0804b314      0x4  startup_stm32f40_41xxx.o [1]
  .text               ro code  0x0804b318      0x4  startup_stm32f40_41xxx.o [1]
  .text               ro code  0x0804b31c      0x4  startup_stm32f40_41xxx.o [1]
  .text               ro code  0x0804b320      0x4  startup_stm32f40_41xxx.o [1]
  .text               ro code  0x0804b324      0x4  startup_stm32f40_41xxx.o [1]
  .text               ro code  0x0804b328      0x4  startup_stm32f40_41xxx.o [1]
  .text               ro code  0x0804b32c      0x4  startup_stm32f40_41xxx.o [1]
  .text               ro code  0x0804b330      0x4  startup_stm32f40_41xxx.o [1]
  .text               ro code  0x0804b334      0x4  startup_stm32f40_41xxx.o [1]
  .rodata             const    0x0804b338      0x0  zero_init3.o [5]
  .rodata             const    0x0804b338      0x0  packbits_init.o [5]
  Initializer bytes   const    0x0804b338    0x126  <for P2 s0>
                             - 0x0804b45e  0x4b2d6

"P2":                                      0x1fc18
  P2 s0                        0x20000000    0x2be  <Init block>
    __DLIB_PERTHREAD  inited   0x20000000     0x8c  rand.o [3]
    __DLIB_PERTHREAD  inited   0x2000008c     0x88  localeconv.o [3]
    __DLIB_PERTHREAD  inited   0x20000114     0x74  setlocale.o [3]
    .data             inited   0x20000188     0x50  demo_fatfs.o [1]
    .data             inited   0x200001d8     0x48  usbh_usr.o [1]
    .data             inited   0x20000220     0x40  xfiles.o [3]
    .data             inited   0x20000260     0x1c  malloc.o [1]
    .data             inited   0x2000027c     0x10  stm32f4xx_rcc.o [1]
    .data             inited   0x2000028c     0x10  usbh_msc_core.o [1]
    .data             inited   0x2000029c      0xc  usbh_core.o [1]
    .data             inited   0x200002a8      0x4  port.o [1]
    .data             inited   0x200002ac      0x4  system_stm32f4xx.o [1]
    .data             inited   0x200002b0      0x4  usbh_core.o [1]
    __DLIB_PERTHREAD  inited   0x200002b4      0x4  errno.o [3]
    .data             inited   0x200002b8      0x2  bsp_w25qxx.o [1]
    .data             inited   0x200002ba      0x1  apptask.o [1]
    .data             inited   0x200002bb      0x1  encoder_tim.o [1]
    .data             inited   0x200002bc      0x1  page_weimi.o [1]
    .data             inited   0x200002bd      0x1  usbh_msc_scsi.o [1]
  .bss                zero     0x200002c0  0x10800  heap_4.o [1]
  .bss                zero     0x20010ac0   0xa000  malloc.o [1]
  .bss                zero     0x2001aac0   0x1000  bsp_w25qxx.o [1]
  .bss                zero     0x2001bac0    0xa00  malloc.o [1]
  .bss                zero     0x2001c4c0    0x5ac  usbh_usr.o [1]
  .bss                zero     0x2001ca6c    0x5ac  usbh_usr.o [1]
  .bss                zero     0x2001d018    0x3e8  bsp_uart_fifo.o [1]
  .bss                zero     0x2001d400    0x3e8  esp8266_handler.o [1]
  .bss                zero     0x2001d7e8    0x3e8  esp8266_handler.o [1]
  .bss                zero     0x2001dbd0    0x3e8  pub0sub1.o [1]
  .bss                zero     0x2001dfb8    0x200  ff.o [1]
  .bss                zero     0x2001e1b8    0x200  usbh_msc_scsi.o [1]
  .bss                zero     0x2001e3b8    0x200  usbh_stdreq.o [1]
  .bss                zero     0x2001e5b8    0x140  tasks.o [1]
  .bss                zero     0x2001e6f8    0x12c  page_weimi.o [1]
  .bss                zero     0x2001e824     0xd4  protocol.o [1]
  .bss                zero     0x2001e8f8     0xa8  para.o [1]
  .bss                zero     0x2001e9a0     0xa4  protocol.o [1]
  .bss                zero     0x2001ea44     0x94  usbh_usr.o [1]
  .bss                zero     0x2001ead8     0x68  esp8266_handler.o [1]
  .bss                zero     0x2001eb40     0x64  bsp_uart_fifo.o [1]
  .bss                zero     0x2001eba4     0x64  bsp_uart_fifo.o [1]
  .bss                zero     0x2001ec08     0x58  bsp_sdio_sd.o [1]
  .bss                zero     0x2001ec60     0x58  protocol.o [1]
  .bss                zero     0x2001ecb8     0x50  xfiles.o [3]
  .bss                zero     0x2001ed08     0x4c  usbh_msc_core.o [1]
  .bss                zero     0x2001ed54     0x40  page_weimi.o [1]
  .bss                zero     0x2001ed94     0x40  pub0sub1.o [1]
  .bss                zero     0x2001edd4     0x34  bsp_sdwe050c17.o [1]
  .bss                zero     0x2001ee08     0x30  product_cal.o [1]
  .bss                zero     0x2001ee38     0x28  product_cal.o [1]
  .bss                zero     0x2001ee60     0x24  ff.o [1]
  .bss                zero     0x2001ee84     0x20  pub0sub1.o [1]
  .bss                zero     0x2001eea4     0x20  usbh_msc_bot.o [1]
  .bss                zero     0x2001eec4     0x18  bsp_sdio_sd.o [1]
  .bss                zero     0x2001eedc     0x18  bsp_sdio_sd.o [1]
  .bss                zero     0x2001eef4     0x18  encoder_tim.o [1]
  .bss                zero     0x2001ef0c     0x14  bsp_sdio_sd.o [1]
  .bss                zero     0x2001ef20     0x14  rc522.o [1]
  .bss                zero     0x2001ef34     0x14  tasks.o [1]
  .bss                zero     0x2001ef48     0x14  tasks.o [1]
  .bss                zero     0x2001ef5c     0x14  tasks.o [1]
  .bss                zero     0x2001ef70     0x14  tasks.o [1]
  .bss                zero     0x2001ef84     0x14  tasks.o [1]
  .bss                zero     0x2001ef98     0x14  timers.o [1]
  .bss                zero     0x2001efac     0x14  timers.o [1]
  .bss                zero     0x2001efc0     0x10  bsp_sdio_sd.o [1]
  .bss                zero     0x2001efd0     0x10  bsp_sdio_sd.o [1]
  .bss                zero     0x2001efe0     0x10  usbh_msc_bot.o [1]
  .bss                zero     0x2001eff0     0x10  usbh_msc_bot.o [1]
  .bss                zero     0x2001f000     0x10  usbh_msc_scsi.o [1]
  .bss                zero     0x2001f010      0xc  apptask.o [1]
  .bss                zero     0x2001f01c      0xc  apptask.o [1]
  .bss                zero     0x2001f028      0xc  apptask.o [1]
  .bss                zero     0x2001f034      0xc  apptask.o [1]
  .bss                zero     0x2001f040      0xc  ff.o [1]
  .bss                zero     0x2001f04c      0xc  protocol.o [1]
  .bss                zero     0x2001f058      0xc  protocol.o [1]
  .bss                zero     0x2001f064      0xc  protocol.o [1]
  .bss                zero     0x2001f070      0xc  pub0sub1.o [1]
  .bss                zero     0x2001f07c      0x8  heap_4.o [1]
  .bss                zero     0x2001f084      0x8  modbus.o [1]
  .bss                zero     0x2001f08c      0x8  protocol.o [1]
  .bss                zero     0x2001f094      0x8  pub0sub1.o [1]
  .bss                zero     0x2001f09c      0x4  apptask.o [1]
  .bss                zero     0x2001f0a0      0x4  apptask.o [1]
  .bss                zero     0x2001f0a4      0x4  apptask.o [1]
  .bss                zero     0x2001f0a8      0x4  apptask.o [1]
  .bss                zero     0x2001f0ac      0x4  apptask.o [1]
  .bss                zero     0x2001f0b0      0x4  apptask.o [1]
  .bss                zero     0x2001f0b4      0x4  apptask.o [1]
  .bss                zero     0x2001f0b8      0x4  apptask.o [1]
  .bss                zero     0x2001f0bc      0x4  apptask.o [1]
  .bss                zero     0x2001f0c0      0x4  apptask.o [1]
  .bss                zero     0x2001f0c4      0x4  apptask.o [1]
  .bss                zero     0x2001f0c8      0x4  apptask.o [1]
  .bss                zero     0x2001f0cc      0x4  apptask.o [1]
  .bss                zero     0x2001f0d0      0x4  apptask.o [1]
  .bss                zero     0x2001f0d4      0x4  apptask.o [1]
  .bss                zero     0x2001f0d8      0x4  apptask.o [1]
  .bss                zero     0x2001f0dc      0x4  apptask.o [1]
  .bss                zero     0x2001f0e0      0x4  apptask.o [1]
  .bss                zero     0x2001f0e4      0x4  apptask.o [1]
  .bss                zero     0x2001f0e8      0x4  apptask.o [1]
  .bss                zero     0x2001f0ec      0x4  apptask.o [1]
  .bss                zero     0x2001f0f0      0x4  apptask.o [1]
  .bss                zero     0x2001f0f4      0x4  apptask.o [1]
  .bss                zero     0x2001f0f8      0x4  apptask.o [1]
  .bss                zero     0x2001f0fc      0x4  apptask.o [1]
  .bss                zero     0x2001f100      0x4  apptask.o [1]
  .bss                zero     0x2001f104      0x4  apptask.o [1]
  .bss                zero     0x2001f108      0x4  bsp_sdio_sd.o [1]
  .bss                zero     0x2001f10c      0x4  bsp_sdio_sd.o [1]
  .bss                zero     0x2001f110      0x4  bsp_sdio_sd.o [1]
  .bss                zero     0x2001f114      0x4  bsp_sdio_sd.o [1]
  .bss                zero     0x2001f118      0x4  bsp_sdio_sd.o [1]
  .bss                zero     0x2001f11c      0x4  bsp_timer.o [1]
  .bss                zero     0x2001f120      0x4  bsp_timer.o [1]
  .bss                zero     0x2001f124      0x4  bsp_timer.o [1]
  .bss                zero     0x2001f128      0x4  bsp_timer.o [1]
  .bss                zero     0x2001f12c      0x4  esp8266_handler.o [1]
  .bss                zero     0x2001f130      0x4  esp8266_handler.o [1]
  .bss                zero     0x2001f134      0x4  esp8266_handler.o [1]
  .bss                zero     0x2001f138      0x4  heap_4.o [1]
  .bss                zero     0x2001f13c      0x4  heap_4.o [1]
  .bss                zero     0x2001f140      0x4  heap_4.o [1]
  .bss                zero     0x2001f144      0x4  heap_4.o [1]
  .bss                zero     0x2001f148      0x4  MQTTPacket.o [1]
  .bss                zero     0x2001f14c      0x4  page_weimi.o [1]
  .bss                zero     0x2001f150      0x4  page_weimi.o [1]
  .bss                zero     0x2001f154      0x4  port.o [1]
  .bss                zero     0x2001f158      0x4  product_cal.o [1]
  .bss                zero     0x2001f15c      0x4  product_cal.o [1]
  .bss                zero     0x2001f160      0x4  pub0sub1.o [1]
  .bss                zero     0x2001f164      0x4  SysInfoTest.o [1]
  .bss                zero     0x2001f168      0x4  tasks.o [1]
  .bss                zero     0x2001f16c      0x4  tasks.o [1]
  .bss                zero     0x2001f170      0x4  tasks.o [1]
  .bss                zero     0x2001f174      0x4  tasks.o [1]
  .bss                zero     0x2001f178      0x4  tasks.o [1]
  .bss                zero     0x2001f17c      0x4  tasks.o [1]
  .bss                zero     0x2001f180      0x4  tasks.o [1]
  .bss                zero     0x2001f184      0x4  tasks.o [1]
  .bss                zero     0x2001f188      0x4  tasks.o [1]
  .bss                zero     0x2001f18c      0x4  tasks.o [1]
  .bss                zero     0x2001f190      0x4  tasks.o [1]
  .bss                zero     0x2001f194      0x4  tasks.o [1]
  .bss                zero     0x2001f198      0x4  tasks.o [1]
  .bss                zero     0x2001f19c      0x4  tasks.o [1]
  .bss                zero     0x2001f1a0      0x4  tasks.o [1]
  .bss                zero     0x2001f1a4      0x4  tasks.o [1]
  .bss                zero     0x2001f1a8      0x4  timer_platform.o [1]
  .bss                zero     0x2001f1ac      0x4  timers.o [1]
  .bss                zero     0x2001f1b0      0x4  timers.o [1]
  .bss                zero     0x2001f1b4      0x4  timers.o [1]
  .bss                zero     0x2001f1b8      0x4  timers.o [1]
  .bss                zero     0x2001f1bc      0x4  usbh_msc_bot.o [1]
  .bss                zero     0x2001f1c0      0x4  usbh_msc_bot.o [1]
  .bss                zero     0x2001f1c4      0x4  usbh_msc_bot.o [1]
  .bss                zero     0x2001f1c8      0x4  usbh_msc_bot.o [1]
  .bss                zero     0x2001f1cc      0x2  apptask.o [1]
  .bss                zero     0x2001f1ce      0x2  apptask.o [1]
  .bss                zero     0x2001f1d0      0x2  apptask.o [1]
  .bss                zero     0x2001f1d2      0x2  apptask.o [1]
  .bss                zero     0x2001f1d4      0x2  apptask.o [1]
  .bss                zero     0x2001f1d6      0x2  apptask.o [1]
  .bss                zero     0x2001f1d8      0x2  apptask.o [1]
  .bss                zero     0x2001f1da      0x2  apptask.o [1]
  .bss                zero     0x2001f1dc      0x2  bsp_sdwe050c17.o [1]
  .bss                zero     0x2001f1de      0x2  encoder_tim.o [1]
  .bss                zero     0x2001f1e0      0x2  encoder_tim.o [1]
  .bss                zero     0x2001f1e2      0x2  ff.o [1]
  .bss                zero     0x2001f1e4      0x2  page_weimi.o [1]
  .bss                zero     0x2001f1e6      0x2  page_weimi.o [1]
  .bss                zero     0x2001f1e8      0x2  product_cal.o [1]
  .bss                zero     0x2001f1ea      0x2  usbh_core.o [1]
  .bss                zero     0x2001f1ec      0x2  usbh_stdreq.o [1]
  .bss                zero     0x2001f1ee      0x1  apptask.o [1]
  .bss                zero     0x2001f1ef      0x1  apptask.o [1]
  .bss                zero     0x2001f1f0      0x1  apptask.o [1]
  .bss                zero     0x2001f1f1      0x1  apptask.o [1]
  .bss                zero     0x2001f1f2      0x1  apptask.o [1]
  .bss                zero     0x2001f1f3      0x1  apptask.o [1]
  .bss                zero     0x2001f1f4      0x1  apptask.o [1]
  .bss                zero     0x2001f1f5      0x1  apptask.o [1]
  .bss                zero     0x2001f1f6      0x1  apptask.o [1]
  .bss                zero     0x2001f1f7      0x1  apptask.o [1]
  .bss                zero     0x2001f1f8      0x1  apptask.o [1]
  .bss                zero     0x2001f1f9      0x1  apptask.o [1]
  .bss                zero     0x2001f1fa      0x1  apptask.o [1]
  .bss                zero     0x2001f1fb      0x1  apptask.o [1]
  .bss                zero     0x2001f1fc      0x1  bsp_sdio_sd.o [1]
  .bss                zero     0x2001f1fd      0x1  bsp_sdwe050c17.o [1]
  .bss                zero     0x2001f1fe      0x1  bsp_uart_fifo.o [1]
  .bss                zero     0x2001f1ff      0x1  encoder_tim.o [1]
  .bss                zero     0x2001f200      0x1  esp8266_handler.o [1]
  .bss                zero     0x2001f201      0x1  esp8266_handler.o [1]
  .bss                zero     0x2001f202      0x1  esp8266_handler.o [1]
  .bss                zero     0x2001f203      0x1  page_weimi.o [1]
  .bss                zero     0x2001f204      0x1  page_weimi.o [1]
  .bss                zero     0x2001f205      0x1  page_weimi.o [1]
  .bss                zero     0x2001f206      0x1  page_weimi.o [1]
  .bss                zero     0x2001f207      0x1  page_weimi.o [1]
  .bss                zero     0x2001f208      0x1  port.o [1]
  .bss                zero     0x2001f209      0x1  product_cal.o [1]
  .bss                zero     0x2001f20a      0x1  product_cal.o [1]
  .bss                zero     0x2001f20b      0x1  protocol.o [1]
  .bss                zero     0x2001f20c      0x1  pub0sub1.o [1]
  .bss                zero     0x2001f20d      0x1  pub0sub1.o [1]
  .bss                zero     0x2001f20e      0x1  rc522.o [1]
  .bss                zero     0x2001f20f      0x1  rc522.o [1]
  .bss                zero     0x2001f210      0x1  usbh_msc_bot.o [1]
  .bss                zero     0x2001f211      0x1  usbh_msc_core.o [1]
  .bss                zero     0x2001f212      0x1  usbh_msc_core.o [1]
  .bss                zero     0x2001f213      0x1  usbh_stdreq.o [1]
  .bss                zero     0x2001f214      0x1  usbh_usr.o [1]
  CSTACK                       0x2001f218    0xa00  <Block>
    CSTACK            uninit   0x2001f218    0xa00  <Block tail>
                             - 0x2001fc18  0x1fc18

Absolute sections:                         0xff000
  .bss                zero     0x68000000  0xf0000  malloc.o [1]
  .bss                zero     0x680f0000   0xf000  malloc.o [1]
                             - 0x680ff000  0xff000


*******************************************************************************
*** INIT TABLE
***

          Address     Size
          -------     ----
Zero (__iar_zero_init3)
    2 destination ranges, total size 0x11df55:
          0x200002c0  0x1ef55
          0x68000000  0xff000

Copy/packbits (__iar_packbits_init3)
    1 source range, total size 0x126 (41% of destination):
          0x0804b338    0x126
    1 destination range, total size 0x2be:
          0x20000000    0x2be



*******************************************************************************
*** MODULE SUMMARY
***

    Module                    ro code  ro data  rw data    rw data
                                                            (abs)
    ------                    -------  -------  -------    -------
F:\work\YarnControl_Driver\src\stm32f4_rtos\Project\EWARMv7\Flash\Obj: [1]
    MQTTConnectClient.o           774       36
    MQTTDeserializePublish.o      188        4
    MQTTPacket.o                  656        4        4
    MQTTSerializePublish.o        236        4
    MQTTSubscribeClient.o         400        8
    SysInfoTest.o                  44                 4
    apptask.o                  29 884    3 516      187
    bkp_pwr.o                     392
    bsp.o                          88
    bsp_closeSW.o                 220
    bsp_dac.o                     200
    bsp_dwt.o                     116
    bsp_led.o                     192
    bsp_relay.o                    68
    bsp_sdio_sd.o               6 744               209
    bsp_sdwe050c17.o            5 448       36       55
    bsp_servomotor.o              640
    bsp_spi.o                     292
    bsp_stepmotor.o             1 268
    bsp_sw_onoff.o                 68
    bsp_timer.o                   516                16
    bsp_uart_fifo.o             2 724             1 201
    bsp_w25qxx.o                  896        9    4 098
    bsp_watchdog.o                  8
    cc936.o                       244  176 320
    demo_fatfs.o                           725       80
    des.o                       1 274      844
    diskio.o                      740
    encoder_tim.o                 672        1       30
    esp8266_handler.o           1 044      324    2 119
    esp8266_init.o                124
    event_groups.o                610
    ff.o                        9 368       36      562
    heap_4.o                      640        4   67 608
    iic_smec98sp.o                910
    list.o                        152
    main.o                         48       32
    malloc.o                      540       36   43 548  1 044 480
    mcheck.o                      184      768
    misc.o                        136
    modbus.o                      852                 8
    page_weimi.o                1 284       12      382
    para.o                      5 402      284      168
    port.o                        588        6        9
    portasm.o                     168
    product_cal.o               1 712      400      100
    protocol.o                    128               509
    pub0sub1.o                  1 076      472    1 122
    queue.o                     1 992
    rc522.o                       238                22
    smec98sp.o                  1 198      256
    startup_stm32f40_41xxx.o      680
    stm32f4xx_adc.o               438
    stm32f4xx_dac.o               124
    stm32f4xx_dma.o               796
    stm32f4xx_exti.o              192
    stm32f4xx_gpio.o              300
    stm32f4xx_it.o                 56       44
    stm32f4xx_iwdg.o               16
    stm32f4xx_pwr.o                12
    stm32f4xx_rcc.o               488        7       16
    stm32f4xx_rtc.o                60
    stm32f4xx_sdio.o              380
    stm32f4xx_spi.o               116
    stm32f4xx_syscfg.o             84
    stm32f4xx_tim.o             1 782
    stm32f4xx_usart.o             596
    system_stm32f4xx.o            340        2        4
    tasks.o                     3 296        8      484
    timer_platform.o               64                 4
    timers.o                    1 188        8       56
    transport.o                   108
    usb_bsp.o                     332
    usb_core.o                  2 640
    usb_hcd.o                     214
    usb_hcd_int.o               3 198
    usbh_core.o                 1 888        6       18
    usbh_hcs.o                    442
    usbh_ioreq.o                  582
    usbh_it.o                      16
    usbh_msc_bot.o              1 364                81
    usbh_msc_core.o             1 000        6       94
    usbh_msc_scsi.o             1 560        1      529
    usbh_stdreq.o               1 078               515
    usbh_usr.o                    418      586    3 125
    --------------------------------------------------------------
    Total:                    109 234  184 805  126 967  1 044 480

command line: [2]
    --------------------------------------------------------------
    Total:

dl7M_tlf.a: [3]
    abort.o                         6
    div.o                          14
    errno.o                        12        2        4
    exit.o                          4
    isxxx.o                        40
    localeconv.o                  108       57      136
    printf.o                       36
    putchar.o                      12
    rand.o                        224       58      140
    setlocale.o                    24       49      116
    snprintf.o                     68
    sprintf.o                      52
    srand.o                        32
    sscanf.o                       36
    strcat.o                       28
    strstr.o                       44
    tolower.o                      20
    xfiles.o                                27      144
    xlocale_c.o                    54
    xprintffull_nomb.o          3 478
    xprout.o                       22
    xscanffull_nomb.o           2 916
    xsnprout.o                     26
    xsprout.o                      10
    xsscin.o                       30
    xstoflt.o                     440
    xstoll.o                      164
    xstopfx.o                     292
    xstoull.o                     432
    xstoxflt.o                    536
    xtls.o                          2
    --------------------------------------------------------------
    Total:                      9 162      193      540

m7M_tls.a: [4]
    DblAdd.o                      232
    DblCmpEq.o                     32
    DblCmpGe.o                     46
    DblCmpLe.o                     46
    DblDiv.o                      598
    DblMul.o                      418
    DblSub.o                      384
    DblToFlt.o                    144
    DblToI32.o                     88
    FltToDbl.o                     78
    I32ToDbl.o                     48
    fpinit_M.o                     34
    xdnorm.o                       66
    xdscale.o                     276
    xdtento.o                     512
    xdunscal.o                     82
    xstold.o                      360
    --------------------------------------------------------------
    Total:                      3 444

rt7M_tl.a: [5]
    ABImemclr4.o                    6
    ABImemcpy_unaligned.o         118
    ABImemset.o                   102
    ABImemset48.o                  50
    I64DivMod.o                   306
    I64DivZer.o                     2
    cexit.o                        10
    cmain.o                        26
    cstartup_M.o                   12
    data_init.o                    40
    memchr.o                       88
    memcmp_unaligned.o             98
    packbits_init.o               208
    strchr.o                       22
    strcmp_unaligned.o             66
    strcpy_unaligned.o             68
    strlen.o                       54
    zero_init3.o                   64
    --------------------------------------------------------------
    Total:                      1 340

shb_l.a: [6]
    exit.o                         20
    --------------------------------------------------------------
    Total:                         20

    Gaps                           64        4        2
    Linker created                          52    2 560
------------------------------------------------------------------
    Grand Total:              123 264  185 054  130 069  1 044 480


*******************************************************************************
*** ENTRY LIST
***

Entry                      Address     Size  Type      Object
-----                      -------     ----  ----      ------
.iar.init_table$$Base   0x0804a120            --   Gb  - Linker created -
.iar.init_table$$Limit  0x0804a154            --   Gb  - Linker created -
?main                   0x0804a595           Code  Gb  cmain.o [5]
ADC_Cmd                 0x08047b03     0x1a  Code  Gb  stm32f4xx_adc.o [1]
ADC_CommonInit          0x08047ae1     0x22  Code  Gb  stm32f4xx_adc.o [1]
ADC_GetFlagStatus       0x08047c2d     0x1a  Code  Gb  stm32f4xx_adc.o [1]
ADC_Init                0x08047a91     0x50  Code  Gb  stm32f4xx_adc.o [1]
ADC_RegularChannelConfig
                        0x08047b1d     0xf6  Code  Gb  stm32f4xx_adc.o [1]
ADC_SoftwareStartConv   0x08047c13      0xa  Code  Gb  stm32f4xx_adc.o [1]
APBAHBPrescTable        0x2000027c     0x10  Data  Lc  stm32f4xx_rcc.o [1]
AppObjCreate            0x08031659    0x192  Code  Gb  apptask.o [1]
AppTaskCreate           0x0803142d    0x214  Code  Gb  apptask.o [1]
BOTStallErrorCount      0x2001f1bc      0x4  Data  Lc  usbh_msc_bot.o [1]
BusFault_Handler        0x08049be3      0x2  Code  Gb  stm32f4xx_it.o [1]
CID_Tab                 0x2001efd0     0x10  Data  Lc  bsp_sdio_sd.o [1]
CLIENT_ID               0x2001ee84     0x20  Data  Gb  pub0sub1.o [1]
CRC16HiTable            0x0804955c    0x100  Data  Gb  mcheck.o [1]
CRC16LoTable            0x0804965c    0x100  Data  Gb  mcheck.o [1]
CRC8Table               0x0804975c    0x100  Data  Gb  mcheck.o [1]
CSD_Tab                 0x2001efc0     0x10  Data  Lc  bsp_sdio_sd.o [1]
CSTACK$$Base            0x2001f218            --   Gb  - Linker created -
CSTACK$$Limit           0x2001fc18            --   Gb  - Linker created -
CardType                0x2001f108      0x4  Data  Lc  bsp_sdio_sd.o [1]
ChannengMQTTPackage     0x08034165     0x7e  Code  Gb  product_cal.o [1]
CmdError                0x08044295     0x38  Code  Lc  bsp_sdio_sd.o [1]
CmdResp1Error           0x08044339    0x112  Code  Lc  bsp_sdio_sd.o [1]
CmdResp2Error           0x08044489     0x52  Code  Lc  bsp_sdio_sd.o [1]
CmdResp3Error           0x0804444b     0x3e  Code  Lc  bsp_sdio_sd.o [1]
CmdResp6Error           0x080444db     0xa6  Code  Lc  bsp_sdio_sd.o [1]
CmdResp7Error           0x080442cd     0x58  Code  Lc  bsp_sdio_sd.o [1]
ConfigExitNVIC          0x0803b22f     0x22  Code  Gb  bsp_closeSW.o [1]
ConfigUartNVIC          0x0803d22b     0x7c  Code  Lc  bsp_uart_fifo.o [1]
ConnectTcp              0x0803bd4b     0x48  Code  Gb  esp8266_handler.o [1]
DAC_Cmd                 0x0803ef3f     0x26  Code  Gb  stm32f4xx_dac.o [1]
DAC_Init                0x0803ef0d     0x32  Code  Gb  stm32f4xx_dac.o [1]
DAC_SetChannel1Data     0x0803ef65     0x1e  Code  Gb  stm32f4xx_dac.o [1]
DMA1_Stream0_IRQHandler
                        0x08037c5d     0x1c  Code  Gb  bsp_servomotor.o [1]
DMA1_Stream3_IRQHandler
                        0x08037c79     0x1c  Code  Gb  bsp_servomotor.o [1]
DMA2_Stream3_IRQHandler
                        0x08044b7d      0x8  Code  Gb  bsp_sdio_sd.o [1]
DMAEndOfTransfer        0x2001f118      0x4  Data  Gb  bsp_sdio_sd.o [1]
DMA_ClearFlag           0x0803f863     0x24  Code  Gb  stm32f4xx_dma.o [1]
DMA_Cmd                 0x0803f819     0x1a  Code  Gb  stm32f4xx_dma.o [1]
DMA_DeInit              0x0803f681    0x140  Code  Gb  stm32f4xx_dma.o [1]
DMA_FlowControllerConfig
                        0x0803f833     0x18  Code  Gb  stm32f4xx_dma.o [1]
DMA_GetCmdStatus        0x0803f84b     0x18  Code  Gb  stm32f4xx_dma.o [1]
DMA_GetITStatus         0x0803f8c9     0x62  Code  Gb  stm32f4xx_dma.o [1]
DMA_ITConfig            0x0803f887     0x42  Code  Gb  stm32f4xx_dma.o [1]
DMA_Init                0x0803f7c1     0x58  Code  Gb  stm32f4xx_dma.o [1]
Dac1_Init               0x0803742d     0x5a  Code  Gb  bsp_dac.o [1]
Dac1_Set_Vol            0x08037489     0x58  Code  Gb  bsp_dac.o [1]
DebugMon_Handler        0x08049be7      0x2  Code  Gb  stm32f4xx_it.o [1]
DesE                    0x08049cac     0x30  Data  Gb  des.o [1]
DesIp                   0x08049a80     0x40  Data  Gb  des.o [1]
DesIp_1                 0x08049ac0     0x40  Data  Gb  des.o [1]
DesP                    0x0804a214     0x20  Data  Gb  des.o [1]
DesPc_1                 0x08049b78     0x38  Data  Gb  des.o [1]
DesPc_2                 0x08049cdc     0x30  Data  Gb  des.o [1]
DesRots                 0x0804a9dc     0x14  Data  Gb  des.o [1]
DesS                    0x08049078    0x200  Data  Gb  des.o [1]
DiskFile_init           0x0803b12d     0x40  Code  Gb  protocol.o [1]
Disk_File               0x2001e824     0xd4  Data  Gb  protocol.o [1]
ENC_Calc_Average_Speed  0x0803bae5     0x58  Code  Gb  encoder_tim.o [1]
ENC_Calc_Rot_Speed      0x0803ba0b     0xda  Code  Gb  encoder_tim.o [1]
ENC_Clear_Speed_Buffer  0x0803b9ef     0x1c  Code  Gb  encoder_tim.o [1]
ENC_Init                0x0803b90d     0xe2  Code  Gb  encoder_tim.o [1]
ESP8266_Enable_MultipleId
                        0x0803bc77     0x40  Code  Gb  esp8266_handler.o [1]
ESP8266_JoinAP          0x0803bd13     0x38  Code  Gb  esp8266_handler.o [1]
ESP8266_Net_Mode_Choose
                        0x0803bcb7     0x5c  Code  Gb  esp8266_handler.o [1]
EXTI9_5_IRQHandler      0x0803b251     0x3c  Code  Gb  bsp_closeSW.o [1]
EXTI_ClearITPendingBit  0x080409b3      0x6  Code  Gb  stm32f4xx_exti.o [1]
EXTI_GetITStatus        0x08040999     0x1a  Code  Gb  stm32f4xx_exti.o [1]
EXTI_Init               0x08040911     0x88  Code  Gb  stm32f4xx_exti.o [1]
Esp8266_GetTcpStatus    0x0803bfb9     0x12  Code  Gb  esp8266_handler.o [1]
Esp8266_Tcp_Send        0x0803bf73     0x46  Code  Gb  esp8266_handler.o [1]
FR_Table                0x20000188     0x50  Data  Gb  demo_fatfs.o [1]
FatFs                   0x2001f040      0xc  Data  Lc  ff.o [1]
Files                   0x2001ee60     0x24  Data  Lc  ff.o [1]
FindSCR                 0x08044729    0x206  Code  Lc  bsp_sdio_sd.o [1]
Fsid                    0x2001f1e2      0x2  Data  Lc  ff.o [1]
GPIO_Init               0x0803729d     0xaa  Code  Gb  stm32f4xx_gpio.o [1]
GPIO_PinAFConfig        0x0803736f     0x5a  Code  Gb  stm32f4xx_gpio.o [1]
GPIO_ReadInputDataBit   0x08037347     0x1a  Code  Gb  stm32f4xx_gpio.o [1]
GPIO_WriteBit           0x08037361      0xe  Code  Gb  stm32f4xx_gpio.o [1]
GetStm32Uid             0x080476c1     0x62  Code  Gb  smec98sp.o [1]
Get_Adc_RandomSeek      0x080475e1     0x4e  Code  Gb  smec98sp.o [1]
HCD_GetCurrentFrame     0x0803fb85      0x8  Code  Gb  usb_hcd.o [1]
HCD_GetCurrentSpeed     0x0803fb67     0x10  Code  Gb  usb_hcd.o [1]
HCD_GetURB_State        0x0803fb8d      0xa  Code  Gb  usb_hcd.o [1]
HCD_GetXferCnt          0x0803fb97      0xc  Code  Gb  usb_hcd.o [1]
HCD_Init                0x0803faf5     0x72  Code  Gb  usb_hcd.o [1]
HCD_ResetPort           0x0803fb77      0xe  Code  Gb  usb_hcd.o [1]
HCD_SubmitRequest       0x0803fba3     0x28  Code  Gb  usb_hcd.o [1]
Handle_Internet_Data    0x0803bedb     0x60  Code  Gb  esp8266_handler.o [1]
HardFault_Handler       0x08049bb3     0x22  Code  Gb  stm32f4xx_it.o [1]
IIC_ClrSclPin           0x08047d1f      0xe  Code  Gb  iic_smec98sp.o [1]
IIC_ClrSdaPin           0x08047d3b      0xe  Code  Gb  iic_smec98sp.o [1]
IIC_Delay               0x08047cf3     0x1e  Code  Gb  iic_smec98sp.o [1]
[...]
mc_check_xor            0x08040807     0x1a  Code  Gb  mcheck.o [1]
mem1base                0x20010ac0   0xa000  Data  Gb  malloc.o [1]
mem1mapbase             0x2001bac0    0xa00  Data  Gb  malloc.o [1]
mem2base                0x68000000  0xf0000  Data  Gb  malloc.o [1]
mem2mapbase             0x680f0000   0xf000  Data  Gb  malloc.o [1]
mem_cmp                 0x08038773     0x24  Code  Lc  ff.o [1]
mem_cpy                 0x08038741     0x1c  Code  Lc  ff.o [1]
mem_set                 0x0803875d     0x16  Code  Lc  ff.o [1]
memblksize              0x0804b110      0x8  Data  Gb  malloc.o [1]
memchr                  0x08042451           Code  Gb  memchr.o [5]
memsize                 0x0804b118      0x8  Data  Gb  malloc.o [1]
memtblsize              0x0804b108      0x8  Data  Gb  malloc.o [1]
modbus_send_frame       0x0803b03d     0xe6  Code  Gb  modbus.o [1]
move_window             0x08038a35     0x40  Code  Lc  ff.o [1]
movram                  0x080470e5     0x1e  Code  Gb  des.o [1]
mqttSubscribeData       0x2001d400    0x3e8  Data  Gb  esp8266_handler.o [1]
mqtt_status             0x2001f094      0x8  Data  Gb  pub0sub1.o [1]
my_mem_free             0x08036b9f     0x6c  Code  Gb  malloc.o [1]
my_mem_init             0x08036a63     0x42  Code  Gb  malloc.o [1]
my_mem_malloc           0x08036ae3     0xbc  Code  Gb  malloc.o [1]
my_mem_perused          0x08036aa5     0x3e  Code  Gb  malloc.o [1]
myfree                  0x08036c0b     0x24  Code  Gb  malloc.o [1]
mymalloc                0x08036c2f     0x2a  Code  Gb  malloc.o [1]
mymemset                0x08036a4d     0x16  Code  Gb  malloc.o [1]
ndigs                   0x0804597c     0x28  Data  Lc  xstoull.o [3]
netDeviceInfo_t         0x2001ead8     0x68  Data  Gb  esp8266_handler.o [1]
net_device_send_cmd     0x0803bc29     0x4e  Code  Gb  esp8266_handler.o [1]
obuf                    0x2001ecb8     0x50  Data  Lc  xfiles.o [3]
oem2uni                 0x0801560c  0x15484  Data  Lc  cc936.o [1]
old_card_record         0x2001f1f4      0x1  Data  Gb  apptask.o [1]
old_isWork              0x2001f1f0      0x1  Data  Gb  apptask.o [1]
old_is_stop             0x200002bc      0x1  Data  Gb  page_weimi.o [1]
old_plan_complete       0x2001f20a      0x1  Data  Gb  product_cal.o [1]
old_system_state        0x200002ba      0x1  Data  Gb  apptask.o [1]
old_usb_disk_flag       0x2001f1f2      0x1  Data  Gb  apptask.o [1]
old_wifi_flag           0x2001f201      0x1  Data  Gb  esp8266_handler.o [1]
para_init               0x08035905     0x82  Code  Gb  para.o [1]
pcInterruptPriorityRegisters
                        0x0804b224      0x4  Data  Lc  port.o [1]
peiliao_para            0x2001ee08     0x30  Data  Gb  product_cal.o [1]
pick_lfn                0x08039287     0x8c  Code  Lc  ff.o [1]
plan_complete           0x2001f209      0x1  Data  Gb  product_cal.o [1]
pluse_count             0x2001f1ce      0x2  Data  Gb  apptask.o [1]
pluse_step_src          0x2001f028      0xc  Data  Gb  apptask.o [1]
pows                    0x08046180     0x48  Data  Lc  xdtento.o [4]
printf                  0x0803696d     0x24  Code  Gb  printf.o [3]
product_complete_kilo   0x08033df7     0x62  Code  Gb  product_cal.o [1]
product_complete_meter  0x08033ddb     0x1c  Code  Gb  product_cal.o [1]
product_para            0x2001ee38     0x28  Data  Gb  product_cal.o [1]
product_per_meter       0x08033d55     0x74  Code  Gb  product_cal.o [1]
prvAddCurrentTaskToDelayedList
                        0x08034ee9     0x48  Code  Lc  tasks.o [1]
prvAllocateTCBAndStack  0x08034f31     0x5a  Code  Lc  tasks.o [1]
prvCheckForValidListAndQueue
                        0x0803cb07     0x52  Code  Lc  timers.o [1]
prvCheckTasksWaitingTermination
                        0x08034e7f     0x66  Code  Lc  tasks.o [1]
prvCopyDataFromQueue    0x08033b3d     0x30  Code  Lc  queue.o [1]
prvCopyDataToQueue      0x08033ab9     0x84  Code  Lc  queue.o [1]
prvDeleteTCB            0x08034f8b     0x12  Code  Lc  tasks.o [1]
prvGetNextExpireTime    0x0803c8f3     0x2e  Code  Lc  timers.o [1]
prvHeapInit             0x0803def9     0x6e  Code  Lc  heap_4.o [1]
prvIdleTask             0x08034d99     0x26  Code  Lc  tasks.o [1]
prvInitialiseTCBVariables
                        0x08034dbf     0x6a  Code  Lc  tasks.o [1]
prvInitialiseTaskLists  0x08034e29     0x56  Code  Lc  tasks.o [1]
prvInsertBlockIntoFreeList
                        0x0803df67     0x62  Code  Lc  heap_4.o [1]
prvInsertTimerInActiveList
                        0x0803c949     0x50  Code  Lc  timers.o [1]
prvIsQueueEmpty         0x08033bd7     0x20  Code  Lc  queue.o [1]
prvIsQueueFull          0x08033bf7     0x22  Code  Lc  queue.o [1]
prvProcessExpiredTimer  0x0803c80b     0x5c  Code  Lc  timers.o [1]
prvProcessReceivedCommands
                        0x0803c999     0xde  Code  Lc  timers.o [1]
prvProcessTimerOrBlockTask
                        0x0803c883     0x70  Code  Lc  timers.o [1]
prvResetNextTaskUnblockTime
                        0x08034f9d     0x26  Code  Lc  tasks.o [1]
prvSampleTimeNow        0x0803c921     0x28  Code  Lc  timers.o [1]
prvSwitchTimerLists     0x0803ca77     0x90  Code  Lc  timers.o [1]
prvTaskExitError        0x0803daa9     0x2a  Code  Lc  port.o [1]
prvTestWaitCondition    0x0803c6af     0x24  Code  Lc  event_groups.o [1]
prvTimerTask            0x0803c869     0x1a  Code  Lc  timers.o [1]
prvUnlockQueue          0x08033b6d     0x6a  Code  Lc  queue.o [1]
pub_topicString         0x2001f070      0xc  Data  Gb  pub0sub1.o [1]
put_fat                 0x08038c83    0x16c  Code  Gb  ff.o [1]
putchar                 0x0804a891      0xc  Code  Gb  putchar.o [3]
pvPortMalloc            0x0803dd69    0x118  Code  Gb  heap_4.o [1]
pxCurrentTCB            0x2001f168      0x4  Data  Gb  tasks.o [1]
pxCurrentTimerList      0x2001f1ac      0x4  Data  Lc  timers.o [1]
pxDelayedTaskList       0x2001f16c      0x4  Data  Lc  tasks.o [1]
pxEnd                   0x2001f138      0x4  Data  Lc  heap_4.o [1]
pxOverflowDelayedTaskList
                        0x2001f170      0x4  Data  Lc  tasks.o [1]
pxOverflowTimerList     0x2001f1b0      0x4  Data  Lc  timers.o [1]
pxPortInitialiseStack   0x0803da85     0x24  Code  Gb  port.o [1]
pxReadyTasksLists       0x2001e5b8    0x140  Data  Lc  tasks.o [1]
rand                    0x08047ff9     0xe0  Code  Gb  rand.o [3]
rc522_cmd_anticoll      0x0803ad7d     0x5a  Code  Gb  rc522.o [1]
rc522_cmd_request       0x0803ad29     0x54  Code  Gb  rc522.o [1]
readChar                0x08041047     0x10  Code  Gb  MQTTPacket.o [1]
readDisk                0x2001f1f7      0x1  Data  Gb  apptask.o [1]
readFilenum             0x2001f1f8      0x1  Data  Gb  apptask.o [1]
readInt                 0x0804102b     0x1c  Code  Gb  MQTTPacket.o [1]
readMQTTLenString       0x080410fd     0x3c  Code  Gb  MQTTPacket.o [1]
readSlave               0x2001f01c      0xc  Data  Gb  apptask.o [1]
read_bkp_para           0x08037d47     0x78  Code  Gb  bkp_pwr.o [1]
read_device_info        0x080353f1    0x2f0  Code  Gb  para.o [1]
read_file_select        0x2001f064      0xc  Data  Gb  protocol.o [1]
read_from_disk          0x080359bd    0xd74  Code  Gb  para.o [1]
remove_chain            0x08038def     0x76  Code  Lc  ff.o [1]
rfid_rev_buf            0x2001ef20     0x14  Data  Gb  rc522.o [1]
rfid_rev_cnt            0x2001f20f      0x1  Data  Gb  rc522.o [1]
rfid_rev_flag           0x2001f20e      0x1  Data  Gb  rc522.o [1]
rtc_time                0x2001f08c      0x8  Data  Gb  protocol.o [1]
s_TIM_CallBack1         0x2001f11c      0x4  Data  Lc  bsp_timer.o [1]
s_TIM_CallBack2         0x2001f120      0x4  Data  Lc  bsp_timer.o [1]
s_TIM_CallBack3         0x2001f124      0x4  Data  Lc  bsp_timer.o [1]
s_TIM_CallBack4         0x2001f128      0x4  Data  Lc  bsp_timer.o [1]
sample_time             0x2001f1cc      0x2  Data  Gb  apptask.o [1]
sdew_weimi_page1        0x08032d9d    0x28a  Code  Gb  bsp_sdwe050c17.o [1]
sdew_weimi_page2        0x08033039    0x1e6  Code  Gb  bsp_sdwe050c17.o [1]
sdew_weisha_page1       0x0803321f    0x100  Code  Gb  bsp_sdwe050c17.o [1]
sdew_weisha_page2       0x08033329    0x100  Code  Gb  bsp_sdwe050c17.o [1]
selectbits              0x080471af     0x42  Code  Gb  des.o [1]
semc_adc_Init           0x0804762f     0x92  Code  Gb  smec98sp.o [1]
servo_diff              0x2001f0fc      0x4  Data  Gb  apptask.o [1]
servo_per_wei_src       0x2001f0f8      0x4  Data  Gb  apptask.o [1]
servo_speed_diff        0x2001f100      0x4  Data  Gb  apptask.o [1]
servomotor_guodu        0x2001f203      0x1  Data  Gb  page_weimi.o [1]
servomotor_mode         0x2001f204      0x1  Data  Gb  page_weimi.o [1]
setbit                  0x08047127     0x4c  Code  Gb  des.o [1]
shlc                    0x080471f1     0x68  Code  Gb  des.o [1]
shrc                    0x08047259     0x5e  Code  Gb  des.o [1]
slave_info              0x2001f010      0xc  Data  Gb  apptask.o [1]
snprintf                0x08040b95     0x44  Code  Gb  snprintf.o [3]
speed_diff              0x2001f034      0xc  Data  Gb  apptask.o [1]
speed_zhu               0x2001f1e4      0x2  Data  Gb  page_weimi.o [1]
speed_zhu1              0x2001f1e6      0x2  Data  Gb  page_weimi.o [1]
sprintf                 0x0803abd9     0x34  Code  Gb  sprintf.o [3]
srand                   0x08047fd9     0x20  Code  Gb  srand.o [3]
sscanf                  0x0803e151     0x24  Code  Gb  sscanf.o [3]
st_clust                0x080391b9     0x18  Code  Lc  ff.o [1]
stepmotor_guodu         0x2001f14c      0x4  Data  Gb  page_weimi.o [1]
strans                  0x080472b7    0x168  Code  Gb  des.o [1]
strcat                  0x0803ac0d     0x1c  Code  Gb  strcat.o [3]
strchr                  0x08042439           Code  Gb  strchr.o [5]
strlen                  0x08037265           Code  Gb  strlen.o [5]
strstr                  0x0803b1ad     0x10  Code  Gb  para.o [1]
sum_sfn                 0x0803948d     0x20  Code  Lc  ff.o [1]
symbol                  0x2001f0f4      0x4  Data  Gb  apptask.o [1]
symbol_servo            0x2001f1f9      0x1  Data  Gb  apptask.o [1]
sync_fs                 0x08038a75     0xd8  Code  Lc  ff.o [1]
sync_window             0x080389db     0x5a  Code  Lc  ff.o [1]
system_state_dis        0x08049278    0x190  Data  Gb  product_cal.o [1]
toStop                  0x2001f160      0x4  Data  Gb  pub0sub1.o [1]
tolower                 0x08045cd9     0x14  Code  Gb  tolower.o [3]
total_meter_gross       0x2001f158      0x4  Data  Gb  product_cal.o [1]
total_weight_gross      0x2001f15c      0x4  Data  Gb  product_cal.o [1]
transport_close         0x08040f31     0x12  Code  Gb  transport.o [1]
transport_getdata       0x08040f1d     0x14  Code  Gb  transport.o [1]
transport_sendPacketBuffer
                        0x08040ee1     0x3c  Code  Gb  transport.o [1]
ucHeap                  0x200002c0  0x10800  Data  Lc  heap_4.o [1]
ucMaxSysCallPriority    0x2001f208      0x1  Data  Lc  port.o [1]
ulHighFrequencyTimerTicks
                        0x2001f164      0x4  Data  Gb  SysInfoTest.o [1]
ulMaxPRIGROUPValue      0x2001f154      0x4  Data  Lc  port.o [1]
ulTaskSwitchedInTime    0x2001f1a0      0x4  Data  Lc  tasks.o [1]
ulTotalRunTime          0x2001f1a4      0x4  Data  Lc  tasks.o [1]
uni2oem                 0x08000188  0x15484  Data  Lc  cc936.o [1]
usb_disk_flag           0x2001f1f1      0x1  Data  Gb  apptask.o [1]
usbh_OpenMassStorage    0x08037e3d     0x14  Code  Gb  usbh_usr.o [1]
uxCriticalNesting       0x200002a8      0x4  Data  Lc  port.o [1]
uxCurrentNumberOfTasks  0x2001f178      0x4  Data  Lc  tasks.o [1]
uxListRemove            0x0803dd41     0x28  Code  Gb  list.o [1]
uxPendedTicks           0x2001f188      0x4  Data  Lc  tasks.o [1]
uxSchedulerSuspended    0x2001f19c      0x4  Data  Lc  tasks.o [1]
uxTaskNumber            0x2001f194      0x4  Data  Lc  tasks.o [1]
uxTaskResetEventItemValue
                        0x08034ffd     0x20  Code  Gb  tasks.o [1]
uxTasksDeleted          0x2001f174      0x4  Data  Lc  tasks.o [1]
uxTopReadyPriority      0x2001f180      0x4  Data  Lc  tasks.o [1]
vAnalysisUartData       0x080311ed     0xca  Code  Gb  apptask.o [1]
vEsp8266_Main_Task      0x08030e85    0x226  Code  Gb  apptask.o [1]
vListInitialise         0x0803dcd1     0x1e  Code  Gb  list.o [1]
vListInsert             0x0803dd07     0x3a  Code  Gb  list.o [1]
vListInsertEnd          0x0803dcef     0x18  Code  Gb  list.o [1]
vMQTT_Handler_Task      0x080310b5    0x138  Code  Gb  apptask.o [1]
vMQTT_Recive_Task       0x080312c1     0x7e  Code  Gb  apptask.o [1]
vMQTT_Tranmit_Task      0x0803133f     0xd0  Code  Gb  apptask.o [1]
vPortEnableVFP          0x08041845           Code  Gb  portasm.o [1]
vPortEnterCritical      0x0803db9f     0x3a  Code  Gb  port.o [1]
vPortExitCritical       0x0803dbd9     0x32  Code  Gb  port.o [1]
vPortFree               0x0803de81     0x78  Code  Gb  heap_4.o [1]
vPortSetupTimerInterrupt
                        0x0803dc37      0xe  Code  Wk  port.o [1]
vPortStartFirstTask     0x0804182d           Code  Gb  portasm.o [1]
vPortValidateInterruptPriority
                        0x0803dc45     0x4e  Code  Gb  port.o [1]
vQueueWaitForMessageRestricted
                        0x08033c19     0x44  Code  Gb  queue.o [1]
vTaskDelay              0x080345f5     0x84  Code  Gb  tasks.o [1]
vTaskDelayUntil         0x08034515     0xe0  Code  Gb  tasks.o [1]
vTaskFreq               0x0803085d    0x61a  Code  Lc  apptask.o [1]
vTaskManageCapacity     0x0802f2a5    0x518  Code  Gb  apptask.o [1]
vTaskMassStorage        0x0802df5d    0x64a  Code  Lc  apptask.o [1]
vTaskMissedYield        0x08034d8f      0xa  Code  Gb  tasks.o [1]
vTaskMotorControl       0x0802f871    0xfc6  Code  Lc  apptask.o [1]
vTaskMsgPro             0x0802ea6d    0x434  Code  Lc  apptask.o [1]
vTaskPlaceOnEventList   0x080349f5     0x74  Code  Gb  tasks.o [1]
vTaskPlaceOnEventListRestricted
                        0x08034b2d     0x80  Code  Gb  tasks.o [1]
vTaskPlaceOnUnorderedEventList
                        0x08034a85     0xa8  Code  Gb  tasks.o [1]
vTaskReadDisk           0x0802efe5    0x272  Code  Lc  apptask.o [1]
vTaskRev485             0x0802eec9     0xd4  Code  Lc  apptask.o [1]
vTaskSetTimeOutState    0x08034cd9     0x26  Code  Gb  tasks.o [1]
vTaskStartScheduler     0x08034679     0x7e  Code  Gb  tasks.o [1]
vTaskSuspendAll         0x080346f7     0x10  Code  Gb  tasks.o [1]
vTaskSwitchContext      0x08034945     0xb0  Code  Gb  tasks.o [1]
vTaskTaskLCD            0x0802aa91   0x3494  Code  Gb  apptask.o [1]
vTaskTaskLED            0x0802e5d1     0x20  Code  Lc  apptask.o [1]
vTaskTaskRFID           0x0802e5f1    0x410  Code  Lc  apptask.o [1]
valid_seg               0x2001f150      0x4  Data  Gb  page_weimi.o [1]
validate                0x0803a233     0x36  Code  Lc  ff.o [1]
weimi_para              0x2001e6f8    0x12c  Data  Gb  page_weimi.o [1]
wifi_flag               0x2001f200      0x1  Data  Gb  esp8266_handler.o [1]
work_idle_time          0x2001f1e8      0x2  Data  Gb  product_cal.o [1]
writeCString            0x0804108d     0x2a  Code  Gb  MQTTPacket.o [1]
writeChar               0x08041057      0xc  Code  Gb  MQTTPacket.o [1]
writeInt                0x08041063     0x2a  Code  Gb  MQTTPacket.o [1]
writeMQTTString         0x080410b7     0x46  Code  Gb  MQTTPacket.o [1]
write_bkp_para          0x08037dbf     0x6e  Code  Gb  bkp_pwr.o [1]
xActiveTimerList1       0x2001ef98     0x14  Data  Lc  timers.o [1]
xActiveTimerList2       0x2001efac     0x14  Data  Lc  timers.o [1]
xBlockAllocatedBit      0x2001f144      0x4  Data  Lc  heap_4.o [1]
xDelayedTaskList1       0x2001ef34     0x14  Data  Lc  tasks.o [1]
xDelayedTaskList2       0x2001ef48     0x14  Data  Lc  tasks.o [1]
xEventGroupCreate       0x0803c471     0x1c  Code  Gb  event_groups.o [1]
xEventGroupSetBits      0x0803c5d9     0xd6  Code  Gb  event_groups.o [1]
xEventGroupWaitBits     0x0803c48d    0x146  Code  Gb  event_groups.o [1]
xFreeBytesRemaining     0x2001f13c      0x4  Data  Lc  heap_4.o [1]
xHandleTaskFreq         0x2001f0c0      0x4  Data  Gb  apptask.o [1]
xHandleTaskLCD          0x2001f09c      0x4  Data  Gb  apptask.o [1]
xHandleTaskLED          0x2001f0a0      0x4  Data  Gb  apptask.o [1]
xHandleTaskManageCapacity
                        0x2001f0b8      0x4  Data  Gb  apptask.o [1]
xHandleTaskMassStorage  0x2001f0a8      0x4  Data  Gb  apptask.o [1]
xHandleTaskMotorControl
                        0x2001f0bc      0x4  Data  Gb  apptask.o [1]
xHandleTaskMsgPro       0x2001f0b0      0x4  Data  Gb  apptask.o [1]
xHandleTaskRFID         0x2001f0a4      0x4  Data  Gb  apptask.o [1]
xHandleTaskReadDisk     0x2001f0ac      0x4  Data  Gb  apptask.o [1]
xHandleTaskRev485       0x2001f0b4      0x4  Data  Gb  apptask.o [1]
xHeapStructSize         0x0804b1f8      0x4  Data  Lc  heap_4.o [1]
xMinimumEverFreeBytesRemaining
                        0x2001f140      0x4  Data  Lc  heap_4.o [1]
xNextTaskUnblockTime    0x2001f198      0x4  Data  Lc  tasks.o [1]
xNumOfOverflows         0x2001f190      0x4  Data  Lc  tasks.o [1]
xPendingReadyList       0x2001ef5c     0x14  Data  Lc  tasks.o [1]
xPortStartScheduler     0x0803dad3     0xcc  Code  Gb  port.o [1]
xQueueGenericCreate     0x08033525     0x7e  Code  Gb  queue.o [1]
xQueueGenericReceive    0x08033919    0x19c  Code  Gb  queue.o [1]
xQueueGenericReset      0x08033495     0x90  Code  Gb  queue.o [1]
xQueueGenericSend       0x080335a3    0x1b2  Code  Gb  queue.o [1]
xQueueGenericSendFromISR
                        0x08033755     0xec  Code  Gb  queue.o [1]
xQueueGiveFromISR       0x08033841     0xd8  Code  Gb  queue.o [1]
xQueue_MQTT_Recv        0x2001f0e4      0x4  Data  Gb  apptask.o [1]
xQueue_MQTT_Transmit    0x2001f0e8      0x4  Data  Gb  apptask.o [1]
xQueue_esp8266_Cmd      0x2001f0ec      0x4  Data  Gb  apptask.o [1]
xQueue_message          0x2001f0f0      0x4  Data  Gb  apptask.o [1]
xSchedulerRunning       0x2001f184      0x4  Data  Lc  tasks.o [1]
xSemaphore_download     0x2001f0d4      0x4  Data  Gb  apptask.o [1]
xSemaphore_encoder      0x2001f0d0      0x4  Data  Gb  apptask.o [1]
xSemaphore_lcd          0x2001f0c4      0x4  Data  Gb  apptask.o [1]
xSemaphore_pluse        0x2001f0cc      0x4  Data  Gb  apptask.o [1]
xSemaphore_readDisk     0x2001f0d8      0x4  Data  Gb  apptask.o [1]
xSemaphore_rs485        0x2001f0c8      0x4  Data  Gb  apptask.o [1]
xStart                  0x2001f07c      0x8  Data  Lc  heap_4.o [1]
xSuspendedTaskList      0x2001ef84     0x14  Data  Lc  tasks.o [1]
xTaskCheckForTimeOut    0x08034d05     0x8a  Code  Gb  tasks.o [1]
xTaskGenericCreate      0x08034391    0x184  Code  Gb  tasks.o [1]
xTaskGetSchedulerState  0x08034fc3     0x26  Code  Gb  tasks.o [1]
xTaskGetTickCount       0x08034807      0xa  Code  Gb  tasks.o [1]
xTaskIncrementTick      0x08034811    0x134  Code  Gb  tasks.o [1]
xTaskRemoveFromEventList
                        0x08034bb1     0x8e  Code  Gb  tasks.o [1]
xTaskRemoveFromUnorderedEventList
                        0x08034c45     0x94  Code  Gb  tasks.o [1]
xTaskResumeAll          0x08034707    0x100  Code  Gb  tasks.o [1]
xTasksWaitingTermination
                        0x2001ef70     0x14  Data  Lc  tasks.o [1]
xTickCount              0x2001f17c      0x4  Data  Lc  tasks.o [1]
xTimerCreate            0x0803c725     0x62  Code  Gb  timers.o [1]
xTimerCreateTimerTask   0x0803c6d5     0x50  Code  Gb  timers.o [1]
xTimerGenericCommand    0x0803c787     0x84  Code  Gb  timers.o [1]
xTimerQueue             0x2001f1b4      0x4  Data  Lc  timers.o [1]
xTimerUser              0x2001f0e0      0x4  Data  Gb  apptask.o [1]
xYieldPending           0x2001f18c      0x4  Data  Lc  tasks.o [1]


[1] = F:\work\YarnControl_Driver\src\stm32f4_rtos\Project\EWARMv7\Flash\Obj
[2] = command line
[3] = dl7M_tlf.a
[4] = m7M_tls.a
[5] = rt7M_tl.a
[6] = shb_l.a

  123 264 bytes of readonly  code memory
  185 054 bytes of readonly  data memory
  130 069 bytes of readwrite data memory (+ 1 044 480 absolute)

Errors: none
Warnings: none
