###############################################################################
#
# IAR ELF Linker V7.40.7.9843/W32 for ARM                 22/Aug/2019  21:01:31
# Copyright 2007-2015 IAR Systems AB.
#
#    Output file  =  
#        E:\WORK\YarnControl_Driver\YarnControl_Driver\src\stm32f4_rtos\Project\EWARMv7\Flash\Exe\project.out
#    Map file     =  
#        E:\WORK\YarnControl_Driver\YarnControl_Driver\src\stm32f4_rtos\Project\EWARMv7\Flash\List\project.map
#    Command line =  
#        E:\WORK\YarnControl_Driver\YarnControl_Driver\src\stm32f4_rtos\Project\EWARMv7\Flash\Obj\apptask.o
#        E:\WORK\YarnControl_Driver\YarnControl_Driver\src\stm32f4_rtos\Project\EWARMv7\Flash\Obj\bkp_pwr.o
#        E:\WORK\YarnControl_Driver\YarnControl_Driver\src\stm32f4_rtos\Project\EWARMv7\Flash\Obj\bsp.o
#        E:\WORK\YarnControl_Driver\YarnControl_Driver\src\stm32f4_rtos\Project\EWARMv7\Flash\Obj\bsp_adc.o
#        E:\WORK\YarnControl_Driver\YarnControl_Driver\src\stm32f4_rtos\Project\EWARMv7\Flash\Obj\bsp_closeSW.o
#        E:\WORK\YarnControl_Driver\YarnControl_Driver\src\stm32f4_rtos\Project\EWARMv7\Flash\Obj\bsp_dac.o
#        E:\WORK\YarnControl_Driver\YarnControl_Driver\src\stm32f4_rtos\Project\EWARMv7\Flash\Obj\bsp_dwt.o
#        E:\WORK\YarnControl_Driver\YarnControl_Driver\src\stm32f4_rtos\Project\EWARMv7\Flash\Obj\bsp_led.o
#        E:\WORK\YarnControl_Driver\YarnControl_Driver\src\stm32f4_rtos\Project\EWARMv7\Flash\Obj\bsp_relay.o
#        E:\WORK\YarnControl_Driver\YarnControl_Driver\src\stm32f4_rtos\Project\EWARMv7\Flash\Obj\bsp_sdio_sd.o
#        E:\WORK\YarnControl_Driver\YarnControl_Driver\src\stm32f4_rtos\Project\EWARMv7\Flash\Obj\bsp_sdwe050c17.o
#        E:\WORK\YarnControl_Driver\YarnControl_Driver\src\stm32f4_rtos\Project\EWARMv7\Flash\Obj\bsp_servomotor.o
#        E:\WORK\YarnControl_Driver\YarnControl_Driver\src\stm32f4_rtos\Project\EWARMv7\Flash\Obj\bsp_spi.o
#        E:\WORK\YarnControl_Driver\YarnControl_Driver\src\stm32f4_rtos\Project\EWARMv7\Flash\Obj\bsp_stepmotor.o
#        E:\WORK\YarnControl_Driver\YarnControl_Driver\src\stm32f4_rtos\Project\EWARMv7\Flash\Obj\bsp_sw_onoff.o
#        E:\WORK\YarnControl_Driver\YarnControl_Driver\src\stm32f4_rtos\Project\EWARMv7\Flash\Obj\bsp_tim_pwm.o
#        E:\WORK\YarnControl_Driver\YarnControl_Driver\src\stm32f4_rtos\Project\EWARMv7\Flash\Obj\bsp_timer.o
#        E:\WORK\YarnControl_Driver\YarnControl_Driver\src\stm32f4_rtos\Project\EWARMv7\Flash\Obj\bsp_uart_fifo.o
#        E:\WORK\YarnControl_Driver\YarnControl_Driver\src\stm32f4_rtos\Project\EWARMv7\Flash\Obj\bsp_w25qxx.o
#        E:\WORK\YarnControl_Driver\YarnControl_Driver\src\stm32f4_rtos\Project\EWARMv7\Flash\Obj\bsp_watchdog.o
#        E:\WORK\YarnControl_Driver\YarnControl_Driver\src\stm32f4_rtos\Project\EWARMv7\Flash\Obj\cc936.o
#        E:\WORK\YarnControl_Driver\YarnControl_Driver\src\stm32f4_rtos\Project\EWARMv7\Flash\Obj\cJSON.o
#        E:\WORK\YarnControl_Driver\YarnControl_Driver\src\stm32f4_rtos\Project\EWARMv7\Flash\Obj\croutine.o
#        E:\WORK\YarnControl_Driver\YarnControl_Driver\src\stm32f4_rtos\Project\EWARMv7\Flash\Obj\demo_fatfs.o
#        E:\WORK\YarnControl_Driver\YarnControl_Driver\src\stm32f4_rtos\Project\EWARMv7\Flash\Obj\des.o
#        E:\WORK\YarnControl_Driver\YarnControl_Driver\src\stm32f4_rtos\Project\EWARMv7\Flash\Obj\diskio.o
#        E:\WORK\YarnControl_Driver\YarnControl_Driver\src\stm32f4_rtos\Project\EWARMv7\Flash\Obj\encoder_tim.o
#        E:\WORK\YarnControl_Driver\YarnControl_Driver\src\stm32f4_rtos\Project\EWARMv7\Flash\Obj\esp8266_handler.o
#        E:\WORK\YarnControl_Driver\YarnControl_Driver\src\stm32f4_rtos\Project\EWARMv7\Flash\Obj\esp8266_init.o
#        E:\WORK\YarnControl_Driver\YarnControl_Driver\src\stm32f4_rtos\Project\EWARMv7\Flash\Obj\event_groups.o
#        E:\WORK\YarnControl_Driver\YarnControl_Driver\src\stm32f4_rtos\Project\EWARMv7\Flash\Obj\ff.o
#        E:\WORK\YarnControl_Driver\YarnControl_Driver\src\stm32f4_rtos\Project\EWARMv7\Flash\Obj\heap_4.o
#        E:\WORK\YarnControl_Driver\YarnControl_Driver\src\stm32f4_rtos\Project\EWARMv7\Flash\Obj\iic_smec98sp.o
#        E:\WORK\YarnControl_Driver\YarnControl_Driver\src\stm32f4_rtos\Project\EWARMv7\Flash\Obj\list.o
#        E:\WORK\YarnControl_Driver\YarnControl_Driver\src\stm32f4_rtos\Project\EWARMv7\Flash\Obj\main.o
#        E:\WORK\YarnControl_Driver\YarnControl_Driver\src\stm32f4_rtos\Project\EWARMv7\Flash\Obj\malloc.o
#        E:\WORK\YarnControl_Driver\YarnControl_Driver\src\stm32f4_rtos\Project\EWARMv7\Flash\Obj\mcheck.o
#        E:\WORK\YarnControl_Driver\YarnControl_Driver\src\stm32f4_rtos\Project\EWARMv7\Flash\Obj\misc.o
#        E:\WORK\YarnControl_Driver\YarnControl_Driver\src\stm32f4_rtos\Project\EWARMv7\Flash\Obj\modbus.o
#        E:\WORK\YarnControl_Driver\YarnControl_Driver\src\stm32f4_rtos\Project\EWARMv7\Flash\Obj\MQTTConnectClient.o
#        E:\WORK\YarnControl_Driver\YarnControl_Driver\src\stm32f4_rtos\Project\EWARMv7\Flash\Obj\MQTTConnectServer.o
#        E:\WORK\YarnControl_Driver\YarnControl_Driver\src\stm32f4_rtos\Project\EWARMv7\Flash\Obj\MQTTDeserializePublish.o
#        E:\WORK\YarnControl_Driver\YarnControl_Driver\src\stm32f4_rtos\Project\EWARMv7\Flash\Obj\MQTTFormat.o
#        E:\WORK\YarnControl_Driver\YarnControl_Driver\src\stm32f4_rtos\Project\EWARMv7\Flash\Obj\MQTTPacket.o
#        E:\WORK\YarnControl_Driver\YarnControl_Driver\src\stm32f4_rtos\Project\EWARMv7\Flash\Obj\MQTTSerializePublish.o
#        E:\WORK\YarnControl_Driver\YarnControl_Driver\src\stm32f4_rtos\Project\EWARMv7\Flash\Obj\MQTTSubscribeClient.o
#        E:\WORK\YarnControl_Driver\YarnControl_Driver\src\stm32f4_rtos\Project\EWARMv7\Flash\Obj\MQTTSubscribeServer.o
#        E:\WORK\YarnControl_Driver\YarnControl_Driver\src\stm32f4_rtos\Project\EWARMv7\Flash\Obj\MQTTUnsubscribeClient.o
#        E:\WORK\YarnControl_Driver\YarnControl_Driver\src\stm32f4_rtos\Project\EWARMv7\Flash\Obj\MQTTUnsubscribeServer.o
#        E:\WORK\YarnControl_Driver\YarnControl_Driver\src\stm32f4_rtos\Project\EWARMv7\Flash\Obj\page_weimi.o
#        E:\WORK\YarnControl_Driver\YarnControl_Driver\src\stm32f4_rtos\Project\EWARMv7\Flash\Obj\para.o
#        E:\WORK\YarnControl_Driver\YarnControl_Driver\src\stm32f4_rtos\Project\EWARMv7\Flash\Obj\port.o
#        E:\WORK\YarnControl_Driver\YarnControl_Driver\src\stm32f4_rtos\Project\EWARMv7\Flash\Obj\portasm.o
#        E:\WORK\YarnControl_Driver\YarnControl_Driver\src\stm32f4_rtos\Project\EWARMv7\Flash\Obj\product_cal.o
#        E:\WORK\YarnControl_Driver\YarnControl_Driver\src\stm32f4_rtos\Project\EWARMv7\Flash\Obj\protocol.o
#        E:\WORK\YarnControl_Driver\YarnControl_Driver\src\stm32f4_rtos\Project\EWARMv7\Flash\Obj\pub0sub1.o
#        E:\WORK\YarnControl_Driver\YarnControl_Driver\src\stm32f4_rtos\Project\EWARMv7\Flash\Obj\queue.o
#        E:\WORK\YarnControl_Driver\YarnControl_Driver\src\stm32f4_rtos\Project\EWARMv7\Flash\Obj\rc522.o
#        E:\WORK\YarnControl_Driver\YarnControl_Driver\src\stm32f4_rtos\Project\EWARMv7\Flash\Obj\sha1.o
#        E:\WORK\YarnControl_Driver\YarnControl_Driver\src\stm32f4_rtos\Project\EWARMv7\Flash\Obj\smec98sp.o
#        E:\WORK\YarnControl_Driver\YarnControl_Driver\src\stm32f4_rtos\Project\EWARMv7\Flash\Obj\startup_stm32f40_41xxx.o
#        E:\WORK\YarnControl_Driver\YarnControl_Driver\src\stm32f4_rtos\Project\EWARMv7\Flash\Obj\stm32f4xx_adc.o
#        E:\WORK\YarnControl_Driver\YarnControl_Driver\src\stm32f4_rtos\Project\EWARMv7\Flash\Obj\stm32f4xx_assert.o
#        E:\WORK\YarnControl_Driver\YarnControl_Driver\src\stm32f4_rtos\Project\EWARMv7\Flash\Obj\stm32f4xx_can.o
#        E:\WORK\YarnControl_Driver\YarnControl_Driver\src\stm32f4_rtos\Project\EWARMv7\Flash\Obj\stm32f4xx_crc.o
#        E:\WORK\YarnControl_Driver\YarnControl_Driver\src\stm32f4_rtos\Project\EWARMv7\Flash\Obj\stm32f4xx_cryp.o
#        E:\WORK\YarnControl_Driver\YarnControl_Driver\src\stm32f4_rtos\Project\EWARMv7\Flash\Obj\stm32f4xx_cryp_aes.o
#        E:\WORK\YarnControl_Driver\YarnControl_Driver\src\stm32f4_rtos\Project\EWARMv7\Flash\Obj\stm32f4xx_cryp_des.o
#        E:\WORK\YarnControl_Driver\YarnControl_Driver\src\stm32f4_rtos\Project\EWARMv7\Flash\Obj\stm32f4xx_cryp_tdes.o
#        E:\WORK\YarnControl_Driver\YarnControl_Driver\src\stm32f4_rtos\Project\EWARMv7\Flash\Obj\stm32f4xx_dac.o
#        E:\WORK\YarnControl_Driver\YarnControl_Driver\src\stm32f4_rtos\Project\EWARMv7\Flash\Obj\stm32f4xx_dbgmcu.o
#        E:\WORK\YarnControl_Driver\YarnControl_Driver\src\stm32f4_rtos\Project\EWARMv7\Flash\Obj\stm32f4xx_dcmi.o
#        E:\WORK\YarnControl_Driver\YarnControl_Driver\src\stm32f4_rtos\Project\EWARMv7\Flash\Obj\stm32f4xx_dma.o
#        E:\WORK\YarnControl_Driver\YarnControl_Driver\src\stm32f4_rtos\Project\EWARMv7\Flash\Obj\stm32f4xx_dma2d.o
#        E:\WORK\YarnControl_Driver\YarnControl_Driver\src\stm32f4_rtos\Project\EWARMv7\Flash\Obj\stm32f4xx_exti.o
#        E:\WORK\YarnControl_Driver\YarnControl_Driver\src\stm32f4_rtos\Project\EWARMv7\Flash\Obj\stm32f4xx_flash.o
#        E:\WORK\YarnControl_Driver\YarnControl_Driver\src\stm32f4_rtos\Project\EWARMv7\Flash\Obj\stm32f4xx_fsmc.o
#        E:\WORK\YarnControl_Driver\YarnControl_Driver\src\stm32f4_rtos\Project\EWARMv7\Flash\Obj\stm32f4xx_gpio.o
#        E:\WORK\YarnControl_Driver\YarnControl_Driver\src\stm32f4_rtos\Project\EWARMv7\Flash\Obj\stm32f4xx_hash.o
#        E:\WORK\YarnControl_Driver\YarnControl_Driver\src\stm32f4_rtos\Project\EWARMv7\Flash\Obj\stm32f4xx_hash_md5.o
#        E:\WORK\YarnControl_Driver\YarnControl_Driver\src\stm32f4_rtos\Project\EWARMv7\Flash\Obj\stm32f4xx_hash_sha1.o
#        E:\WORK\YarnControl_Driver\YarnControl_Driver\src\stm32f4_rtos\Project\EWARMv7\Flash\Obj\stm32f4xx_i2c.o
#        E:\WORK\YarnControl_Driver\YarnControl_Driver\src\stm32f4_rtos\Project\EWARMv7\Flash\Obj\stm32f4xx_it.o
#        E:\WORK\YarnControl_Driver\YarnControl_Driver\src\stm32f4_rtos\Project\EWARMv7\Flash\Obj\stm32f4xx_iwdg.o
#        E:\WORK\YarnControl_Driver\YarnControl_Driver\src\stm32f4_rtos\Project\EWARMv7\Flash\Obj\stm32f4xx_ltdc.o
#        E:\WORK\YarnControl_Driver\YarnControl_Driver\src\stm32f4_rtos\Project\EWARMv7\Flash\Obj\stm32f4xx_pwr.o
#        E:\WORK\YarnControl_Driver\YarnControl_Driver\src\stm32f4_rtos\Project\EWARMv7\Flash\Obj\stm32f4xx_rcc.o
#        E:\WORK\YarnControl_Driver\YarnControl_Driver\src\stm32f4_rtos\Project\EWARMv7\Flash\Obj\stm32f4xx_rng.o
#        E:\WORK\YarnControl_Driver\YarnControl_Driver\src\stm32f4_rtos\Project\EWARMv7\Flash\Obj\stm32f4xx_rtc.o
#        E:\WORK\YarnControl_Driver\YarnControl_Driver\src\stm32f4_rtos\Project\EWARMv7\Flash\Obj\stm32f4xx_sai.o
#        E:\WORK\YarnControl_Driver\YarnControl_Driver\src\stm32f4_rtos\Project\EWARMv7\Flash\Obj\stm32f4xx_sdio.o
#        E:\WORK\YarnControl_Driver\YarnControl_Driver\src\stm32f4_rtos\Project\EWARMv7\Flash\Obj\stm32f4xx_spi.o
#        E:\WORK\YarnControl_Driver\YarnControl_Driver\src\stm32f4_rtos\Project\EWARMv7\Flash\Obj\stm32f4xx_syscfg.o
#        E:\WORK\YarnControl_Driver\YarnControl_Driver\src\stm32f4_rtos\Project\EWARMv7\Flash\Obj\stm32f4xx_tim.o
#        E:\WORK\YarnControl_Driver\YarnControl_Driver\src\stm32f4_rtos\Project\EWARMv7\Flash\Obj\stm32f4xx_usart.o
#        E:\WORK\YarnControl_Driver\YarnControl_Driver\src\stm32f4_rtos\Project\EWARMv7\Flash\Obj\stm32f4xx_wwdg.o
#        E:\WORK\YarnControl_Driver\YarnControl_Driver\src\stm32f4_rtos\Project\EWARMv7\Flash\Obj\SysInfoTest.o
#        E:\WORK\YarnControl_Driver\YarnControl_Driver\src\stm32f4_rtos\Project\EWARMv7\Flash\Obj\system_stm32f4xx.o
#        E:\WORK\YarnControl_Driver\YarnControl_Driver\src\stm32f4_rtos\Project\EWARMv7\Flash\Obj\tasks.o
#        E:\WORK\YarnControl_Driver\YarnControl_Driver\src\stm32f4_rtos\Project\EWARMv7\Flash\Obj\timer_platform.o
#        E:\WORK\YarnControl_Driver\YarnControl_Driver\src\stm32f4_rtos\Project\EWARMv7\Flash\Obj\timers.o
#        E:\WORK\YarnControl_Driver\YarnControl_Driver\src\stm32f4_rtos\Project\EWARMv7\Flash\Obj\transport.o
#        E:\WORK\YarnControl_Driver\YarnControl_Driver\src\stm32f4_rtos\Project\EWARMv7\Flash\Obj\usb_bsp.o
#        E:\WORK\YarnControl_Driver\YarnControl_Driver\src\stm32f4_rtos\Project\EWARMv7\Flash\Obj\usb_core.o
#        E:\WORK\YarnControl_Driver\YarnControl_Driver\src\stm32f4_rtos\Project\EWARMv7\Flash\Obj\usb_hcd.o
#        E:\WORK\YarnControl_Driver\YarnControl_Driver\src\stm32f4_rtos\Project\EWARMv7\Flash\Obj\usb_hcd_int.o
#        E:\WORK\YarnControl_Driver\YarnControl_Driver\src\stm32f4_rtos\Project\EWARMv7\Flash\Obj\usbh_core.o
#        E:\WORK\YarnControl_Driver\YarnControl_Driver\src\stm32f4_rtos\Project\EWARMv7\Flash\Obj\usbh_hcs.o
#        E:\WORK\YarnControl_Driver\YarnControl_Driver\src\stm32f4_rtos\Project\EWARMv7\Flash\Obj\usbh_ioreq.o
#        E:\WORK\YarnControl_Driver\YarnControl_Driver\src\stm32f4_rtos\Project\EWARMv7\Flash\Obj\usbh_it.o
#        E:\WORK\YarnControl_Driver\YarnControl_Driver\src\stm32f4_rtos\Project\EWARMv7\Flash\Obj\usbh_msc_bot.o
#        E:\WORK\YarnControl_Driver\YarnControl_Driver\src\stm32f4_rtos\Project\EWARMv7\Flash\Obj\usbh_msc_core.o
#        E:\WORK\YarnControl_Driver\YarnControl_Driver\src\stm32f4_rtos\Project\EWARMv7\Flash\Obj\usbh_msc_scsi.o
#        E:\WORK\YarnControl_Driver\YarnControl_Driver\src\stm32f4_rtos\Project\EWARMv7\Flash\Obj\usbh_stdreq.o
#        E:\WORK\YarnControl_Driver\YarnControl_Driver\src\stm32f4_rtos\Project\EWARMv7\Flash\Obj\usbh_usr.o
#        -o
#        E:\WORK\YarnControl_Driver\YarnControl_Driver\src\stm32f4_rtos\Project\EWARMv7\Flash\Exe\project.out
#        --map
#        E:\WORK\YarnControl_Driver\YarnControl_Driver\src\stm32f4_rtos\Project\EWARMv7\Flash\List\project.map
#        --config
#        E:\WORK\YarnControl_Driver\YarnControl_Driver\src\stm32f4_rtos\Project\EWARMv7\stm32f4xx_flash.icf
#        --semihosting --entry __iar_program_start --inline --vfe
#
###############################################################################

*******************************************************************************
*** RUNTIME MODEL ATTRIBUTES
***

CppFlavor                     = *
__Heap_Handler                = DLMalloc
__SystemLibrary               = DLib
__dlib_dynamic_initialization = normal


*******************************************************************************
*** PLACEMENT SUMMARY
***

"A1":  place at 0x08000000 { ro section .intvec };
"P1":  place in [from 0x08000000 to 0x080fffff] { ro };
"P2":  place in [from 0x20000000 to 0x2001ffff] { rw, block CSTACK, block HEAP };

  Section             Kind        Address     Size  Object
  -------             ----        -------     ----  ------
"A1":                                        0x188
  .intvec             ro code  0x08000000    0x188  startup_stm32f40_41xxx.o [1]
                             - 0x08000188    0x188

"P1":                                      0x4b6ea
  .rodata             const    0x08000188  0x15484  cc936.o [1]
  .rodata             const    0x0801560c  0x15484  cc936.o [1]
  .text               ro code  0x0802aa90   0x76d4  apptask.o [1]
  .text               ro code  0x08032164   0x1634  bsp_sdwe050c17.o [1]
  .text               ro code  0x08033798    0x7c8  queue.o [1]
  .text               ro code  0x08033f60    0x6b0  product_cal.o [1]
  .text               ro code  0x08034610     0x66  ABImemset.o [5]
  .text               ro code  0x08034676     0x1e  xsscin.o [3]
  .text               ro code  0x08034694    0xce0  tasks.o [1]
  .text               ro code  0x08035374    0x380  bsp_w25qxx.o [1]
  .text               ro code  0x080356f4   0x153a  para.o [1]
  .text               ro code  0x08036c2e     0x1a  xsnprout.o [3]
  .text               ro code  0x08036c48     0x4e  FltToDbl.o [4]
  .text               ro code  0x08036c96      0xa  xsprout.o [3]
  .text               ro code  0x08036ca0     0x24  printf.o [3]
  .text               ro code  0x08036cc4     0x76  ABImemcpy_unaligned.o [5]
  .text               ro code  0x08036d3c     0x42  strcmp_unaligned.o [5]
  .text               ro code  0x08036d80    0x21c  malloc.o [1]
  .text               ro code  0x08036f9c     0x62  memcmp_unaligned.o [5]
  .text               ro code  0x08037000     0x30  I32ToDbl.o [4]
  .text               ro code  0x08037030    0x256  DblDiv.o [4]
  .text               ro code  0x08037288     0xe8  DblAdd.o [4]
  .text               ro code  0x08037370    0x1a2  DblMul.o [4]
  .text               ro code  0x08037514     0x58  DblToI32.o [4]
  .text               ro code  0x0803756c     0x90  DblToFlt.o [4]
  .text               ro code  0x080375fc     0x36  strlen.o [5]
  .text               ro code  0x08037634    0x12c  stm32f4xx_gpio.o [1]
  .text               ro code  0x08037760     0xc8  bsp_dac.o [1]
  .text               ro code  0x08037828     0x3c  stm32f4xx_rtc.o [1]
  .text               ro code  0x08037864    0x5a8  page_weimi.o [1]
  .text               ro code  0x08037e0c    0x280  bsp_servomotor.o [1]
  .text               ro code  0x0803808c    0x1a2  usbh_usr.o [1]
  .text               ro code  0x08038230    0x760  usbh_core.o [1]
  .text               ro code  0x08038990   0x2498  ff.o [1]
  .text               ro code  0x0803ae28     0x34  sprintf.o [3]
  .text               ro code  0x0803ae5c     0x1c  strcat.o [3]
  .text               ro code  0x0803ae78     0xc0  bsp_led.o [1]
  .text               ro code  0x0803af38     0xee  rc522.o [1]
  .text               ro code  0x0803b028    0x354  modbus.o [1]
  .text               ro code  0x0803b37c     0x9c  protocol.o [1]
  .text               ro code  0x0803b418     0x10  para.o [1]
  .text               ro code  0x0803b428     0xdc  bsp_closeSW.o [1]
  .text               ro code  0x0803b504    0x188  bkp_pwr.o [1]
  .text               ro code  0x0803b68c    0x180  DblSub.o [4]
  .text               ro code  0x0803b80c    0x4f4  bsp_stepmotor.o [1]
  .text               ro code  0x0803bd00    0x2a8  encoder_tim.o [1]
  .text               ro code  0x0803bfa8     0x7c  esp8266_init.o [1]
  .text               ro code  0x0803c024    0x414  esp8266_handler.o [1]
  .text               ro code  0x0803c438    0x434  pub0sub1.o [1]
  .text               ro code  0x0803c86c    0x262  event_groups.o [1]
  .text               ro code  0x0803cad0    0x4a4  timers.o [1]
  .text               ro code  0x0803cf74      0x8  bsp_watchdog.o [1]
  .text               ro code  0x0803cf7c    0x1e8  stm32f4xx_rcc.o [1]
  .text               ro code  0x0803d164     0x74  bsp_dwt.o [1]
  .text               ro code  0x0803d1d8    0xaa4  bsp_uart_fifo.o [1]
  .text               ro code  0x0803dc7c    0x204  bsp_timer.o [1]
  .text               ro code  0x0803de80    0x24c  port.o [1]
  .text               ro code  0x0803e0cc     0x98  list.o [1]
  .text               ro code  0x0803e164    0x280  heap_4.o [1]
  .text               ro code  0x0803e3e4    0x124  bsp_spi.o [1]
  .text               ro code  0x0803e508     0x44  strcpy_unaligned.o [5]
  .text               ro code  0x0803e54c     0x24  sscanf.o [3]
  .text               ro code  0x0803e570    0xd96  xprintffull_nomb.o [3]
  .text               ro code  0x0803f308     0x7c  stm32f4xx_dac.o [1]
  .text               ro code  0x0803f384    0x6f6  stm32f4xx_tim.o [1]
  .text               ro code  0x0803fa7c    0x31c  stm32f4xx_dma.o [1]
  .text               ro code  0x0803fd98    0x14c  usb_bsp.o [1]
  .text               ro code  0x0803fee4     0xd6  usb_hcd.o [1]
  .text               ro code  0x0803ffba    0x1ba  usbh_hcs.o [1]
  .text               ro code  0x08040174    0x436  usbh_stdreq.o [1]
  .text               ro code  0x080405aa    0x246  usbh_ioreq.o [1]
  .text               ro code  0x080407f0    0x2e4  diskio.o [1]
  .text               ro code  0x08040ad4     0xf4  cc936.o [1]
  .text               ro code  0x08040bc8     0xb8  mcheck.o [1]
  .text               ro code  0x08040c80     0x2c  strstr.o [3]
  .text               ro code  0x08040cac     0x54  stm32f4xx_syscfg.o [1]
  .text               ro code  0x08040d00     0xc0  stm32f4xx_exti.o [1]
  .text               ro code  0x08040dc0     0x88  misc.o [1]
  .text               ro code  0x08040e48      0xc  stm32f4xx_pwr.o [1]
  .text               ro code  0x08040e54    0x132  I64DivMod.o [5]
  .text               ro code  0x08040f88      0x6  ABImemclr4.o [5]
  .text               ro code  0x08040f90     0x44  snprintf.o [3]
  .text               ro code  0x08040fd4    0x306  MQTTConnectClient.o [1]
  .text               ro code  0x080412dc     0x6c  transport.o [1]
  .text               ro code  0x08041348    0x290  MQTTPacket.o [1]
  .text               ro code  0x080415d8     0x40  timer_platform.o [1]
  .text               ro code  0x08041618    0x190  MQTTSubscribeClient.o [1]
  .text               ro code  0x080417a8     0xbc  MQTTDeserializePublish.o [1]
  .text               ro code  0x08041864     0xec  MQTTSerializePublish.o [1]
  .text               ro code  0x08041950     0x10  stm32f4xx_iwdg.o [1]
  .text               ro code  0x08041960    0x254  stm32f4xx_usart.o [1]
  CODE                ro code  0x08041bb4     0xa8  portasm.o [1]
  .text               ro code  0x08041c5c     0x74  stm32f4xx_spi.o [1]
  .text               ro code  0x08041cd0    0xb64  xscanffull_nomb.o [3]
  .text               ro code  0x08042834     0x16  strchr.o [5]
  .text               ro code  0x0804284c     0x58  memchr.o [5]
  .text               ro code  0x080428a4     0x42  xdnorm.o [4]
  .text               ro code  0x080428e8     0x2e  DblCmpLe.o [4]
  .text               ro code  0x08042918     0x2e  DblCmpGe.o [4]
  .text               ro code  0x08042948    0x114  xdscale.o [4]
  .text               ro code  0x08042a5c     0x6c  localeconv.o [3]
  .text               ro code  0x08042ac8      0xe  div.o [3]
  .text               ro code  0x08042ad8    0xa50  usb_core.o [1]
  .text               ro code  0x08043528   0x1a58  bsp_sdio_sd.o [1]
  .text               ro code  0x08044f80    0x618  usbh_msc_scsi.o [1]
  .text               ro code  0x08045598    0x554  usbh_msc_bot.o [1]
  .text               ro code  0x08045aec      0x2  I64DivZer.o [5]
  .text               ro code  0x08045af0     0x32  ABImemset48.o [5]
  .text               ro code  0x08045b22     0x28  isxxx.o [3]
  .text               ro code  0x08045b4a     0xa4  xstoll.o [3]
  .text               ro code  0x08045bf0    0x1b0  xstoull.o [3]
  .text               ro code  0x08045da0    0x168  xstold.o [4]
  .text               ro code  0x08045f08    0x17c  stm32f4xx_sdio.o [1]
  .text               ro code  0x08046084     0x18  setlocale.o [3]
  .text               ro code  0x0804609c     0x16  xlocale_c.o [3]
  .text               ro code  0x080460b2     0x14  xlocale_c.o [3]
  .text               ro code  0x080460c8      0xc  errno.o [3]
  .text               ro code  0x080460d4     0x14  tolower.o [3]
  .text               ro code  0x080460e8    0x124  xstopfx.o [3]
  .text               ro code  0x0804620c    0x1b8  xstoflt.o [3]
  .rodata             const    0x080463c4     0x34  apptask.o [1]
  .text               ro code  0x080463f8    0x200  xdtento.o [4]
  .text               ro code  0x080465f8    0x218  xstoxflt.o [3]
  .text               ro code  0x08046810      0x2  xtls.o [3]
  .text               ro code  0x08046812      0xc  xlocale_c.o [3]
  .text               ro code  0x08046820     0x20  DblCmpEq.o [4]
  .text               ro code  0x08046840     0x52  xdunscal.o [4]
  .text               ro code  0x08046894    0xc7e  usb_hcd_int.o [1]
  .text               ro code  0x08047514    0x4fa  des.o [1]
  .text               ro code  0x08047a10    0x4ae  smec98sp.o [1]
  .text               ro code  0x08047ec0    0x1b6  stm32f4xx_adc.o [1]
  .text               ro code  0x08048078    0x38e  iic_smec98sp.o [1]
  .text               ro code  0x08048408     0x20  srand.o [3]
  .text               ro code  0x08048428     0xe0  rand.o [3]
  .rodata             const    0x08048508    0x400  apptask.o [1]
  .text               ro code  0x08048908    0x3e8  usbh_msc_core.o [1]
  .rodata             const    0x08048cf0    0x3dc  cc936.o [1]
  .rodata             const    0x080490cc    0x3dc  cc936.o [1]
  .rodata             const    0x080494a8    0x200  des.o [1]
  .rodata             const    0x080496a8    0x190  product_cal.o [1]
  .text               ro code  0x08049838    0x154  system_stm32f4xx.o [1]
  .rodata             const    0x0804998c    0x100  mcheck.o [1]
  .rodata             const    0x08049a8c    0x100  mcheck.o [1]
  .rodata             const    0x08049b8c    0x100  mcheck.o [1]
  .text               ro code  0x08049c8c     0xd0  packbits_init.o [5]
  .text               ro code  0x08049d5c      0x6  abort.o [3]
  .text               ro code  0x08049d64     0x14  exit.o [6]
  .rodata             const    0x08049d78     0x58  pub0sub1.o [1]
  .text               ro code  0x08049dd0     0x58  bsp.o [1]
  .text               ro code  0x08049e28     0x44  bsp_relay.o [1]
  .text               ro code  0x08049e6c     0x44  bsp_sw_onoff.o [1]
  .rodata             const    0x08049eb0     0x40  des.o [1]
  .rodata             const    0x08049ef0     0x40  des.o [1]
  .text               ro code  0x08049f30     0x40  zero_init3.o [5]
  .rodata             const    0x08049f70     0x38  demo_fatfs.o [1]
  .rodata             const    0x08049fa8     0x38  des.o [1]
  .text               ro code  0x08049fe0     0x38  stm32f4xx_it.o [1]
  .rodata             const    0x0804a018     0x30  apptask.o [1]
  .rodata             const    0x0804a048     0x30  demo_fatfs.o [1]
  .rodata             const    0x0804a078     0x30  demo_fatfs.o [1]
  .rodata             const    0x0804a0a8     0x30  des.o [1]
  .rodata             const    0x0804a0d8     0x30  des.o [1]
  .text               ro code  0x0804a108     0x30  main.o [1]
  .rodata             const    0x0804a138     0x2c  apptask.o [1]
  .rodata             const    0x0804a164     0x2c  demo_fatfs.o [1]
  .rodata             const    0x0804a190     0x2c  demo_fatfs.o [1]
  .rodata             const    0x0804a1bc     0x2c  stm32f4xx_it.o [1]
  .text               ro code  0x0804a1e8     0x2c  SysInfoTest.o [1]
  .rodata             const    0x0804a214     0x28  apptask.o [1]
  .rodata             const    0x0804a23c     0x28  demo_fatfs.o [1]
  .rodata             const    0x0804a264     0x28  demo_fatfs.o [1]
  .rodata             const    0x0804a28c     0x28  demo_fatfs.o [1]
  .text               ro code  0x0804a2b4     0x28  data_init.o [5]
  .rodata             const    0x0804a2dc     0x24  apptask.o [1]
  .rodata             const    0x0804a300     0x24  apptask.o [1]
  .rodata             const    0x0804a324     0x24  apptask.o [1]
  .rodata             const    0x0804a348     0x24  apptask.o [1]
  .rodata             const    0x0804a36c     0x24  apptask.o [1]
  .rodata             const    0x0804a390     0x24  apptask.o [1]
  .rodata             const    0x0804a3b4     0x24  apptask.o [1]
  .rodata             const    0x0804a3d8     0x24  apptask.o [1]
  .rodata             const    0x0804a3fc     0x24  apptask.o [1]
  .rodata             const    0x0804a420     0x24  apptask.o [1]
  .rodata             const    0x0804a444     0x24  demo_fatfs.o [1]
  .rodata             const    0x0804a468     0x24  demo_fatfs.o [1]
  .rodata             const    0x0804a48c     0x24  pub0sub1.o [1]
  .rodata             const    0x0804a4b0     0x24  pub0sub1.o [1]
  .rodata             const    0x0804a4d4     0x24  usbh_usr.o [1]
  .text               ro code  0x0804a4f8     0x22  fpinit_M.o [4]
  .iar.init_table     const    0x0804a51c     0x34  - Linker created -
  .rodata             const    0x0804a550     0x20  apptask.o [1]
  .rodata             const    0x0804a570     0x20  apptask.o [1]
  .rodata             const    0x0804a590     0x20  apptask.o [1]
  .rodata             const    0x0804a5b0     0x20  demo_fatfs.o [1]
  .rodata             const    0x0804a5d0     0x20  demo_fatfs.o [1]
  .rodata             const    0x0804a5f0     0x20  demo_fatfs.o [1]
  .rodata             const    0x0804a610     0x20  des.o [1]
  .rodata             const    0x0804a630     0x20  pub0sub1.o [1]
  .rodata             const    0x0804a650     0x20  usbh_usr.o [1]
  .rodata             const    0x0804a670     0x20  usbh_usr.o [1]
  .rodata             const    0x0804a690     0x20  usbh_usr.o [1]
  .rodata             const    0x0804a6b0     0x20  usbh_usr.o [1]
  .rodata             const    0x0804a6d0     0x20  usbh_usr.o [1]
  .rodata             const    0x0804a6f0     0x1c  apptask.o [1]
  .rodata             const    0x0804a70c     0x1c  apptask.o [1]
  .rodata             const    0x0804a728     0x1c  apptask.o [1]
  .rodata             const    0x0804a744     0x1c  apptask.o [1]
  .rodata             const    0x0804a760     0x1c  apptask.o [1]
  .rodata             const    0x0804a77c     0x1c  apptask.o [1]
  .rodata             const    0x0804a798     0x1c  apptask.o [1]
  .rodata             const    0x0804a7b4     0x1c  apptask.o [1]
  .rodata             const    0x0804a7d0     0x1c  demo_fatfs.o [1]
  .rodata             const    0x0804a7ec     0x1c  demo_fatfs.o [1]
  .rodata             const    0x0804a808     0x1c  esp8266_handler.o [1]
  .rodata             const    0x0804a824     0x1c  esp8266_handler.o [1]
  .rodata             const    0x0804a840     0x1c  pub0sub1.o [1]
  .rodata             const    0x0804a85c     0x1c  pub0sub1.o [1]
  .rodata             const    0x0804a878     0x1c  pub0sub1.o [1]
  .rodata             const    0x0804a894     0x1c  smec98sp.o [1]
  .rodata             const    0x0804a8b0     0x1c  smec98sp.o [1]
  .rodata             const    0x0804a8cc     0x1c  smec98sp.o [1]
  .rodata             const    0x0804a8e8     0x1c  usbh_usr.o [1]
  .rodata             const    0x0804a904     0x1c  usbh_usr.o [1]
  .rodata             const    0x0804a920     0x1c  usbh_usr.o [1]
  .rodata             const    0x0804a93c     0x1c  usbh_usr.o [1]
  .rodata             const    0x0804a958     0x1c  usbh_usr.o [1]
  .rodata             const    0x0804a974     0x1c  usbh_usr.o [1]
  .text               ro code  0x0804a990     0x1a  cmain.o [5]
  .text               ro code  0x0804a9aa      0x4  exit.o [3]
  .text               ro code  0x0804a9b0      0xa  cexit.o [5]
  .rodata             const    0x0804a9bc     0x18  apptask.o [1]
  .rodata             const    0x0804a9d4     0x18  apptask.o [1]
  .rodata             const    0x0804a9ec     0x18  apptask.o [1]
  .rodata             const    0x0804aa04     0x18  apptask.o [1]
  .rodata             const    0x0804aa1c     0x18  apptask.o [1]
  .rodata             const    0x0804aa34     0x18  apptask.o [1]
  .rodata             const    0x0804aa4c     0x18  apptask.o [1]
  .rodata             const    0x0804aa64     0x18  apptask.o [1]
  .rodata             const    0x0804aa7c     0x18  apptask.o [1]
  .rodata             const    0x0804aa94     0x18  apptask.o [1]
  .rodata             const    0x0804aaac     0x18  apptask.o [1]
  .rodata             const    0x0804aac4     0x18  apptask.o [1]
  .rodata             const    0x0804aadc     0x18  demo_fatfs.o [1]
  .rodata             const    0x0804aaf4     0x18  demo_fatfs.o [1]
  .rodata             const    0x0804ab0c     0x18  demo_fatfs.o [1]
  .rodata             const    0x0804ab24     0x18  demo_fatfs.o [1]
  .rodata             const    0x0804ab3c     0x18  esp8266_handler.o [1]
  .rodata             const    0x0804ab54     0x18  esp8266_handler.o [1]
  .rodata             const    0x0804ab6c     0x18  esp8266_handler.o [1]
  .rodata             const    0x0804ab84     0x18  para.o [1]
  .rodata             const    0x0804ab9c     0x18  pub0sub1.o [1]
  .rodata             const    0x0804abb4     0x18  pub0sub1.o [1]
  .rodata             const    0x0804abcc     0x18  smec98sp.o [1]
  .rodata             const    0x0804abe4     0x18  smec98sp.o [1]
  .rodata             const    0x0804abfc     0x18  usbh_usr.o [1]
  .rodata             const    0x0804ac14     0x18  usbh_usr.o [1]
  .rodata             const    0x0804ac2c     0x18  usbh_usr.o [1]
  .rodata             const    0x0804ac44     0x18  usbh_usr.o [1]
  .rodata             const    0x0804ac5c     0x18  usbh_usr.o [1]
  .text               ro code  0x0804ac74     0x16  xprout.o [3]
  .text               ro code  0x0804ac8c      0xc  putchar.o [3]
  .rodata             const    0x0804ac98     0x14  apptask.o [1]
  .rodata             const    0x0804acac     0x14  apptask.o [1]
  .rodata             const    0x0804acc0     0x14  apptask.o [1]
  .rodata             const    0x0804acd4     0x14  apptask.o [1]
  .rodata             const    0x0804ace8     0x14  apptask.o [1]
  .rodata             const    0x0804acfc     0x14  apptask.o [1]
  .rodata             const    0x0804ad10     0x14  apptask.o [1]
  .rodata             const    0x0804ad24     0x14  apptask.o [1]
  .rodata             const    0x0804ad38     0x14  apptask.o [1]
  .rodata             const    0x0804ad4c     0x14  apptask.o [1]
  .rodata             const    0x0804ad60     0x14  apptask.o [1]
  .rodata             const    0x0804ad74     0x14  apptask.o [1]
  .rodata             const    0x0804ad88     0x14  apptask.o [1]
  .rodata             const    0x0804ad9c     0x14  apptask.o [1]
  .rodata             const    0x0804adb0     0x14  apptask.o [1]
  .rodata             const    0x0804adc4     0x14  apptask.o [1]
  .rodata             const    0x0804add8     0x14  des.o [1]
  .rodata             const    0x0804adec     0x14  esp8266_handler.o [1]
  .rodata             const    0x0804ae00     0x14  pub0sub1.o [1]
  .rodata             const    0x0804ae14     0x14  pub0sub1.o [1]
  .rodata             const    0x0804ae28     0x14  pub0sub1.o [1]
  .rodata             const    0x0804ae3c     0x14  pub0sub1.o [1]
  .rodata             const    0x0804ae50     0x14  pub0sub1.o [1]
  .rodata             const    0x0804ae64     0x14  smec98sp.o [1]
  .rodata             const    0x0804ae78     0x14  usbh_usr.o [1]
  .rodata             const    0x0804ae8c     0x14  usbh_usr.o [1]
  .rodata             const    0x0804aea0     0x10  apptask.o [1]
  .rodata             const    0x0804aeb0     0x10  apptask.o [1]
  .rodata             const    0x0804aec0     0x10  apptask.o [1]
  .rodata             const    0x0804aed0     0x10  apptask.o [1]
  .rodata             const    0x0804aee0     0x10  apptask.o [1]
  .rodata             const    0x0804aef0     0x10  apptask.o [1]
  .rodata             const    0x0804af00     0x10  apptask.o [1]
  .rodata             const    0x0804af10     0x10  apptask.o [1]
  .rodata             const    0x0804af20     0x10  apptask.o [1]
  .rodata             const    0x0804af30     0x10  apptask.o [1]
  .rodata             const    0x0804af40     0x10  apptask.o [1]
  .rodata             const    0x0804af50     0x10  apptask.o [1]
  .rodata             const    0x0804af60     0x10  apptask.o [1]
  .rodata             const    0x0804af70     0x10  apptask.o [1]
  .rodata             const    0x0804af80     0x10  apptask.o [1]
  .rodata             const    0x0804af90     0x10  apptask.o [1]
  .rodata             const    0x0804afa0     0x10  apptask.o [1]
  .rodata             const    0x0804afb0     0x10  apptask.o [1]
  .rodata             const    0x0804afc0     0x10  apptask.o [1]
  .rodata             const    0x0804afd0     0x10  apptask.o [1]
  .rodata             const    0x0804afe0     0x10  apptask.o [1]
  .rodata             const    0x0804aff0     0x10  apptask.o [1]
  .rodata             const    0x0804b000     0x10  apptask.o [1]
  .rodata             const    0x0804b010     0x10  apptask.o [1]
  .rodata             const    0x0804b020     0x10  apptask.o [1]
  .rodata             const    0x0804b030     0x10  apptask.o [1]
  .rodata             const    0x0804b040     0x10  apptask.o [1]
  .rodata             const    0x0804b050     0x10  bsp_sdwe050c17.o [1]
  .rodata             const    0x0804b060     0x10  esp8266_handler.o [1]
  .rodata             const    0x0804b070     0x10  esp8266_handler.o [1]
  .rodata             const    0x0804b080     0x10  esp8266_handler.o [1]
  .rodata             const    0x0804b090     0x10  esp8266_handler.o [1]
  .rodata             const    0x0804b0a0     0x10  esp8266_handler.o [1]
  .rodata             const    0x0804b0b0     0x10  esp8266_handler.o [1]
  .rodata             const    0x0804b0c0     0x10  ff.o [1]
  .rodata             const    0x0804b0d0     0x10  main.o [1]
  .rodata             const    0x0804b0e0     0x10  main.o [1]
  .rodata             const    0x0804b0f0     0x10  para.o [1]
  .rodata             const    0x0804b100     0x10  para.o [1]
  .rodata             const    0x0804b110     0x10  pub0sub1.o [1]
  .rodata             const    0x0804b120     0x10  smec98sp.o [1]
  .rodata             const    0x0804b130     0x10  smec98sp.o [1]
  .rodata             const    0x0804b140     0x10  smec98sp.o [1]
  .rodata             const    0x0804b150     0x10  smec98sp.o [1]
  .rodata             const    0x0804b160     0x10  smec98sp.o [1]
  .rodata             const    0x0804b170     0x10  smec98sp.o [1]
  .rodata             const    0x0804b180     0x10  usbh_usr.o [1]
  .rodata             const    0x0804b190     0x10  usbh_usr.o [1]
  .text               ro code  0x0804b1a0     0x10  startup_stm32f40_41xxx.o [1]
  .text               ro code  0x0804b1b0     0x10  usbh_it.o [1]
  .rodata             const    0x0804b1c0      0xc  apptask.o [1]
  .rodata             const    0x0804b1cc      0xc  apptask.o [1]
  .rodata             const    0x0804b1d8      0xc  apptask.o [1]
  .rodata             const    0x0804b1e4      0xc  apptask.o [1]
  .rodata             const    0x0804b1f0      0xc  apptask.o [1]
  .rodata             const    0x0804b1fc      0xc  apptask.o [1]
  .rodata             const    0x0804b208      0xc  apptask.o [1]
  .rodata             const    0x0804b214      0xc  apptask.o [1]
  .rodata             const    0x0804b220      0xc  apptask.o [1]
  .rodata             const    0x0804b22c      0xc  apptask.o [1]
  .rodata             const    0x0804b238      0xc  apptask.o [1]
  .rodata             const    0x0804b244      0xc  apptask.o [1]
  .rodata             const    0x0804b250      0xc  apptask.o [1]
  .rodata             const    0x0804b25c      0xc  apptask.o [1]
  .rodata             const    0x0804b268      0xc  apptask.o [1]
  .rodata             const    0x0804b274      0xc  apptask.o [1]
  .rodata             const    0x0804b280      0xc  apptask.o [1]
  .rodata             const    0x0804b28c      0xc  apptask.o [1]
  .rodata             const    0x0804b298      0xc  apptask.o [1]
  .rodata             const    0x0804b2a4      0xc  apptask.o [1]
  .rodata             const    0x0804b2b0      0xc  apptask.o [1]
  .rodata             const    0x0804b2bc      0xc  apptask.o [1]
  .rodata             const    0x0804b2c8      0xc  apptask.o [1]
  .rodata             const    0x0804b2d4      0xc  apptask.o [1]
  .rodata             const    0x0804b2e0      0xc  apptask.o [1]
  .rodata             const    0x0804b2ec      0xc  apptask.o [1]
  .rodata             const    0x0804b2f8      0xc  apptask.o [1]
  .rodata             const    0x0804b304      0xc  apptask.o [1]
  .rodata             const    0x0804b310      0xc  apptask.o [1]
  .rodata             const    0x0804b31c      0xc  apptask.o [1]
  .rodata             const    0x0804b328      0xc  apptask.o [1]
  .rodata             const    0x0804b334      0xc  apptask.o [1]
  .rodata             const    0x0804b340      0xc  apptask.o [1]
  .rodata             const    0x0804b34c      0xc  apptask.o [1]
  .rodata             const    0x0804b358      0xc  apptask.o [1]
  .rodata             const    0x0804b364      0xc  bsp_sdwe050c17.o [1]
  .rodata             const    0x0804b370      0xc  demo_fatfs.o [1]
  .rodata             const    0x0804b37c      0xc  esp8266_handler.o [1]
  .rodata             const    0x0804b388      0xc  esp8266_handler.o [1]
  .rodata             const    0x0804b394      0xc  esp8266_handler.o [1]
  .rodata             const    0x0804b3a0      0xc  esp8266_handler.o [1]
  .rodata             const    0x0804b3ac      0xc  esp8266_handler.o [1]
  .rodata             const    0x0804b3b8      0xc  esp8266_handler.o [1]
  .rodata             const    0x0804b3c4      0xc  ff.o [1]
  .rodata             const    0x0804b3d0      0xc  page_weimi.o [1]
  .rodata             const    0x0804b3dc      0xc  para.o [1]
  .rodata             const    0x0804b3e8      0xc  para.o [1]
  .rodata             const    0x0804b3f4      0xc  para.o [1]
  .rodata             const    0x0804b400      0xc  para.o [1]
  .rodata             const    0x0804b40c      0xc  para.o [1]
  .rodata             const    0x0804b418      0xc  pub0sub1.o [1]
  .rodata             const    0x0804b424      0xc  pub0sub1.o [1]
  .text               ro code  0x0804b430      0xc  cstartup_M.o [5]
  .rodata             const    0x0804b43c      0x8  apptask.o [1]
  .rodata             const    0x0804b444      0x8  apptask.o [1]
  .rodata             const    0x0804b44c      0x8  apptask.o [1]
  .rodata             const    0x0804b454      0x8  apptask.o [1]
  .rodata             const    0x0804b45c      0x8  apptask.o [1]
  .rodata             const    0x0804b464      0x8  apptask.o [1]
  .rodata             const    0x0804b46c      0x8  apptask.o [1]
  .rodata             const    0x0804b474      0x8  apptask.o [1]
  .rodata             const    0x0804b47c      0x8  apptask.o [1]
  .rodata             const    0x0804b484      0x8  apptask.o [1]
  .rodata             const    0x0804b48c      0x8  apptask.o [1]
  .rodata             const    0x0804b494      0x8  apptask.o [1]
  .rodata             const    0x0804b49c      0x8  apptask.o [1]
  .rodata             const    0x0804b4a4      0x8  apptask.o [1]
  .rodata             const    0x0804b4ac      0x8  apptask.o [1]
  .rodata             const    0x0804b4b4      0x8  apptask.o [1]
  .rodata             const    0x0804b4bc      0x8  apptask.o [1]
  .rodata             const    0x0804b4c4      0x8  apptask.o [1]
  .rodata             const    0x0804b4cc      0x8  apptask.o [1]
  .rodata             const    0x0804b4d4      0x8  apptask.o [1]
  .rodata             const    0x0804b4dc      0x8  apptask.o [1]
  .rodata             const    0x0804b4e4      0x8  apptask.o [1]
  .rodata             const    0x0804b4ec      0x8  apptask.o [1]
  .rodata             const    0x0804b4f4      0x8  apptask.o [1]
  .rodata             const    0x0804b4fc      0x8  bsp_sdwe050c17.o [1]
  .rodata             const    0x0804b504      0x8  bsp_w25qxx.o [1]
  .rodata             const    0x0804b50c      0x8  esp8266_handler.o [1]
  .rodata             const    0x0804b514      0x8  ff.o [1]
  .rodata             const    0x0804b51c      0x8  malloc.o [1]
  .rodata             const    0x0804b524      0x8  malloc.o [1]
  .rodata             const    0x0804b52c      0x8  malloc.o [1]
  .rodata             const    0x0804b534      0x8  MQTTConnectClient.o [1]
  .rodata             const    0x0804b53c      0x8  MQTTConnectClient.o [1]
  .rodata             const    0x0804b544      0x8  para.o [1]
  .rodata             const    0x0804b54c      0x8  para.o [1]
  .rodata             const    0x0804b554      0x8  para.o [1]
  .rodata             const    0x0804b55c      0x8  para.o [1]
  .rodata             const    0x0804b564      0x8  para.o [1]
  .rodata             const    0x0804b56c      0x8  para.o [1]
  .rodata             const    0x0804b574      0x8  para.o [1]
  .rodata             const    0x0804b57c      0x8  para.o [1]
  .rodata             const    0x0804b584      0x8  para.o [1]
  .rodata             const    0x0804b58c      0x8  para.o [1]
  .rodata             const    0x0804b594      0x8  para.o [1]
  .rodata             const    0x0804b59c      0x8  para.o [1]
  .rodata             const    0x0804b5a4      0x8  para.o [1]
  .rodata             const    0x0804b5ac      0x8  para.o [1]
  .rodata             const    0x0804b5b4      0x8  para.o [1]
  .rodata             const    0x0804b5bc      0x8  para.o [1]
  .rodata             const    0x0804b5c4      0x8  para.o [1]
  .rodata             const    0x0804b5cc      0x8  para.o [1]
  .rodata             const    0x0804b5d4      0x8  para.o [1]
  .rodata             const    0x0804b5dc      0x8  para.o [1]
  .rodata             const    0x0804b5e4      0x8  para.o [1]
  .rodata             const    0x0804b5ec      0x8  pub0sub1.o [1]
  .rodata             const    0x0804b5f4      0x8  smec98sp.o [1]
  .rodata             const    0x0804b5fc      0x8  tasks.o [1]
  .rodata             const    0x0804b604      0x8  timers.o [1]
  .rodata             const    0x0804b60c      0x4  heap_4.o [1]
  .rodata             const    0x0804b610      0x4  MQTTConnectClient.o [1]
  .rodata             const    0x0804b614      0x4  MQTTConnectClient.o [1]
  .rodata             const    0x0804b618      0x4  MQTTConnectClient.o [1]
  .rodata             const    0x0804b61c      0x4  MQTTConnectClient.o [1]
  .rodata             const    0x0804b620      0x4  MQTTConnectClient.o [1]
  .rodata             const    0x0804b624      0x4  MQTTDeserializePublish.o [1]
  .rodata             const    0x0804b628      0x4  MQTTPacket.o [1]
  .rodata             const    0x0804b62c      0x4  MQTTSerializePublish.o [1]
  .rodata             const    0x0804b630      0x4  MQTTSubscribeClient.o [1]
  .rodata             const    0x0804b634      0x4  MQTTSubscribeClient.o [1]
  .rodata             const    0x0804b638      0x4  port.o [1]
  .text               ro code  0x0804b63c      0x4  startup_stm32f40_41xxx.o [1]
  .text               ro code  0x0804b640      0x4  startup_stm32f40_41xxx.o [1]
  .text               ro code  0x0804b644      0x4  startup_stm32f40_41xxx.o [1]
  .text               ro code  0x0804b648      0x4  startup_stm32f40_41xxx.o [1]
  .text               ro code  0x0804b64c      0x4  startup_stm32f40_41xxx.o [1]
  .text               ro code  0x0804b650      0x4  startup_stm32f40_41xxx.o [1]
  .text               ro code  0x0804b654      0x4  startup_stm32f40_41xxx.o [1]
  .text               ro code  0x0804b658      0x4  startup_stm32f40_41xxx.o [1]
  .text               ro code  0x0804b65c      0x4  startup_stm32f40_41xxx.o [1]
  .text               ro code  0x0804b660      0x4  startup_stm32f40_41xxx.o [1]
  .text               ro code  0x0804b664      0x4  startup_stm32f40_41xxx.o [1]
  .text               ro code  0x0804b668      0x4  startup_stm32f40_41xxx.o [1]
  .text               ro code  0x0804b66c      0x4  startup_stm32f40_41xxx.o [1]
  .text               ro code  0x0804b670      0x4  startup_stm32f40_41xxx.o [1]
  .text               ro code  0x0804b674      0x4  startup_stm32f40_41xxx.o [1]
  .text               ro code  0x0804b678      0x4  startup_stm32f40_41xxx.o [1]
  .text               ro code  0x0804b67c      0x4  startup_stm32f40_41xxx.o [1]
  .text               ro code  0x0804b680      0x4  startup_stm32f40_41xxx.o [1]
  .text               ro code  0x0804b684      0x4  startup_stm32f40_41xxx.o [1]
  .text               ro code  0x0804b688      0x4  startup_stm32f40_41xxx.o [1]
  .text               ro code  0x0804b68c      0x4  startup_stm32f40_41xxx.o [1]
  .text               ro code  0x0804b690      0x4  startup_stm32f40_41xxx.o [1]
  .text               ro code  0x0804b694      0x4  startup_stm32f40_41xxx.o [1]
  .text               ro code  0x0804b698      0x4  startup_stm32f40_41xxx.o [1]
  .text               ro code  0x0804b69c      0x4  startup_stm32f40_41xxx.o [1]
  .text               ro code  0x0804b6a0      0x4  startup_stm32f40_41xxx.o [1]
  .text               ro code  0x0804b6a4      0x4  startup_stm32f40_41xxx.o [1]
  .text               ro code  0x0804b6a8      0x4  startup_stm32f40_41xxx.o [1]
  .text               ro code  0x0804b6ac      0x4  startup_stm32f40_41xxx.o [1]
  .text               ro code  0x0804b6b0      0x4  startup_stm32f40_41xxx.o [1]
  .text               ro code  0x0804b6b4      0x4  startup_stm32f40_41xxx.o [1]
  .text               ro code  0x0804b6b8      0x4  startup_stm32f40_41xxx.o [1]
  .text               ro code  0x0804b6bc      0x4  startup_stm32f40_41xxx.o [1]
  .text               ro code  0x0804b6c0      0x4  startup_stm32f40_41xxx.o [1]
  .text               ro code  0x0804b6c4      0x4  startup_stm32f40_41xxx.o [1]
  .text               ro code  0x0804b6c8      0x4  startup_stm32f40_41xxx.o [1]
  .text               ro code  0x0804b6cc      0x4  startup_stm32f40_41xxx.o [1]
  .text               ro code  0x0804b6d0      0x4  startup_stm32f40_41xxx.o [1]
  .text               ro code  0x0804b6d4      0x4  startup_stm32f40_41xxx.o [1]
  .text               ro code  0x0804b6d8      0x4  startup_stm32f40_41xxx.o [1]
  .text               ro code  0x0804b6dc      0x4  startup_stm32f40_41xxx.o [1]
  .text               ro code  0x0804b6e0      0x4  startup_stm32f40_41xxx.o [1]
  .text               ro code  0x0804b6e4      0x4  startup_stm32f40_41xxx.o [1]
  .text               ro code  0x0804b6e8      0x4  startup_stm32f40_41xxx.o [1]
  .text               ro code  0x0804b6ec      0x4  startup_stm32f40_41xxx.o [1]
  .text               ro code  0x0804b6f0      0x4  startup_stm32f40_41xxx.o [1]
  .text               ro code  0x0804b6f4      0x4  startup_stm32f40_41xxx.o [1]
  .text               ro code  0x0804b6f8      0x4  startup_stm32f40_41xxx.o [1]
  .text               ro code  0x0804b6fc      0x4  startup_stm32f40_41xxx.o [1]
  .text               ro code  0x0804b700      0x4  startup_stm32f40_41xxx.o [1]
  .text               ro code  0x0804b704      0x4  startup_stm32f40_41xxx.o [1]
  .text               ro code  0x0804b708      0x4  startup_stm32f40_41xxx.o [1]
  .text               ro code  0x0804b70c      0x4  startup_stm32f40_41xxx.o [1]
  .text               ro code  0x0804b710      0x4  startup_stm32f40_41xxx.o [1]
  .text               ro code  0x0804b714      0x4  startup_stm32f40_41xxx.o [1]
  .text               ro code  0x0804b718      0x4  startup_stm32f40_41xxx.o [1]
  .text               ro code  0x0804b71c      0x4  startup_stm32f40_41xxx.o [1]
  .text               ro code  0x0804b720      0x4  startup_stm32f40_41xxx.o [1]
  .text               ro code  0x0804b724      0x4  startup_stm32f40_41xxx.o [1]
  .text               ro code  0x0804b728      0x4  startup_stm32f40_41xxx.o [1]
  .text               ro code  0x0804b72c      0x4  startup_stm32f40_41xxx.o [1]
  .text               ro code  0x0804b730      0x4  startup_stm32f40_41xxx.o [1]
  .text               ro code  0x0804b734      0x4  startup_stm32f40_41xxx.o [1]
  .text               ro code  0x0804b738      0x4  startup_stm32f40_41xxx.o [1]
  .text               ro code  0x0804b73c      0x4  startup_stm32f40_41xxx.o [1]
  .text               ro code  0x0804b740      0x4  startup_stm32f40_41xxx.o [1]
  .text               ro code  0x0804b744      0x4  startup_stm32f40_41xxx.o [1]
  .text               ro code  0x0804b748      0x4  startup_stm32f40_41xxx.o [1]
  .rodata             const    0x0804b74c      0x0  zero_init3.o [5]
  .rodata             const    0x0804b74c      0x0  packbits_init.o [5]
  Initializer bytes   const    0x0804b74c    0x126  <for P2 s0>
                             - 0x0804b872  0x4b6ea

"P2":                                      0x1ff08
  P2 s0                        0x20000000    0x2be  <Init block>
    __DLIB_PERTHREAD  inited   0x20000000     0x8c  rand.o [3]
    __DLIB_PERTHREAD  inited   0x2000008c     0x88  localeconv.o [3]
    __DLIB_PERTHREAD  inited   0x20000114     0x74  setlocale.o [3]
    .data             inited   0x20000188     0x50  demo_fatfs.o [1]
    .data             inited   0x200001d8     0x48  usbh_usr.o [1]
    .data             inited   0x20000220     0x40  xfiles.o [3]
    .data             inited   0x20000260     0x1c  malloc.o [1]
    .data             inited   0x2000027c     0x10  stm32f4xx_rcc.o [1]
    .data             inited   0x2000028c     0x10  usbh_msc_core.o [1]
    .data             inited   0x2000029c      0xc  usbh_core.o [1]
    .data             inited   0x200002a8      0x4  port.o [1]
    .data             inited   0x200002ac      0x4  system_stm32f4xx.o [1]
    .data             inited   0x200002b0      0x4  usbh_core.o [1]
    __DLIB_PERTHREAD  inited   0x200002b4      0x4  errno.o [3]
    .data             inited   0x200002b8      0x2  bsp_w25qxx.o [1]
    .data             inited   0x200002ba      0x1  apptask.o [1]
    .data             inited   0x200002bb      0x1  encoder_tim.o [1]
    .data             inited   0x200002bc      0x1  page_weimi.o [1]
    .data             inited   0x200002bd      0x1  usbh_msc_scsi.o [1]
  .bss                zero     0x200002c0  0x10c00  heap_4.o [1]
  .bss                zero     0x20010ec0   0xa000  malloc.o [1]
  .bss                zero     0x2001aec0   0x1000  bsp_w25qxx.o [1]
  .bss                zero     0x2001bec0    0xa00  malloc.o [1]
  .bss                zero     0x2001c8c0    0x5ac  usbh_usr.o [1]
  .bss                zero     0x2001ce6c    0x5ac  usbh_usr.o [1]
  .bss                zero     0x2001d418    0x3e8  bsp_uart_fifo.o [1]
  .bss                zero     0x2001d800    0x3e8  esp8266_handler.o [1]
  .bss                zero     0x2001dbe8    0x3e8  esp8266_handler.o [1]
  .bss                zero     0x2001dfd0    0x3e8  pub0sub1.o [1]
  .bss                zero     0x2001e3b8    0x200  ff.o [1]
  .bss                zero     0x2001e5b8    0x200  usbh_msc_scsi.o [1]
  .bss                zero     0x2001e7b8    0x200  usbh_stdreq.o [1]
  .bss                zero     0x2001e9b8    0x140  tasks.o [1]
  .bss                zero     0x2001eaf8    0x12c  page_weimi.o [1]
  .bss                zero     0x2001ec24    0x11c  protocol.o [1]
  .bss                zero     0x2001ed40     0xd4  protocol.o [1]
  .bss                zero     0x2001ee14     0xd0  protocol.o [1]
  .bss                zero     0x2001eee4     0xa8  para.o [1]
  .bss                zero     0x2001ef8c     0x94  usbh_usr.o [1]
  .bss                zero     0x2001f020     0x68  esp8266_handler.o [1]
  .bss                zero     0x2001f088     0x64  bsp_uart_fifo.o [1]
  .bss                zero     0x2001f0ec     0x64  bsp_uart_fifo.o [1]
  .bss                zero     0x2001f150     0x58  bsp_sdio_sd.o [1]
  .bss                zero     0x2001f1a8     0x50  xfiles.o [3]
  .bss                zero     0x2001f1f8     0x4c  usbh_msc_core.o [1]
  .bss                zero     0x2001f244     0x40  page_weimi.o [1]
  .bss                zero     0x2001f284     0x40  pub0sub1.o [1]
  .bss                zero     0x2001f2c4     0x34  bsp_sdwe050c17.o [1]
  .bss                zero     0x2001f2f8     0x30  product_cal.o [1]
  .bss                zero     0x2001f328     0x28  product_cal.o [1]
  .bss                zero     0x2001f350     0x24  ff.o [1]
  .bss                zero     0x2001f374     0x20  pub0sub1.o [1]
  .bss                zero     0x2001f394     0x20  usbh_msc_bot.o [1]
  .bss                zero     0x2001f3b4     0x18  bsp_sdio_sd.o [1]
  .bss                zero     0x2001f3cc     0x18  bsp_sdio_sd.o [1]
  .bss                zero     0x2001f3e4     0x18  encoder_tim.o [1]
  .bss                zero     0x2001f3fc     0x14  bsp_sdio_sd.o [1]
  .bss                zero     0x2001f410     0x14  rc522.o [1]
  .bss                zero     0x2001f424     0x14  tasks.o [1]
  .bss                zero     0x2001f438     0x14  tasks.o [1]
  .bss                zero     0x2001f44c     0x14  tasks.o [1]
  .bss                zero     0x2001f460     0x14  tasks.o [1]
  .bss                zero     0x2001f474     0x14  tasks.o [1]
  .bss                zero     0x2001f488     0x14  timers.o [1]
  .bss                zero     0x2001f49c     0x14  timers.o [1]
  .bss                zero     0x2001f4b0     0x10  bsp_sdio_sd.o [1]
  .bss                zero     0x2001f4c0     0x10  bsp_sdio_sd.o [1]
  .bss                zero     0x2001f4d0     0x10  usbh_msc_bot.o [1]
  .bss                zero     0x2001f4e0     0x10  usbh_msc_bot.o [1]
  .bss                zero     0x2001f4f0     0x10  usbh_msc_scsi.o [1]
  .bss                zero     0x2001f500      0xc  apptask.o [1]
  .bss                zero     0x2001f50c      0xc  apptask.o [1]
  .bss                zero     0x2001f518      0xc  apptask.o [1]
  .bss                zero     0x2001f524      0xc  apptask.o [1]
  .bss                zero     0x2001f530      0xc  ff.o [1]
  .bss                zero     0x2001f53c      0xc  protocol.o [1]
  .bss                zero     0x2001f548      0xc  protocol.o [1]
  .bss                zero     0x2001f554      0xc  protocol.o [1]
  .bss                zero     0x2001f560      0xc  pub0sub1.o [1]
  .bss                zero     0x2001f56c      0x8  heap_4.o [1]
  .bss                zero     0x2001f574      0x8  modbus.o [1]
  .bss                zero     0x2001f57c      0x8  protocol.o [1]
  .bss                zero     0x2001f584      0x8  pub0sub1.o [1]
  .bss                zero     0x2001f58c      0x4  apptask.o [1]
  .bss                zero     0x2001f590      0x4  apptask.o [1]
  .bss                zero     0x2001f594      0x4  apptask.o [1]
  .bss                zero     0x2001f598      0x4  apptask.o [1]
  .bss                zero     0x2001f59c      0x4  apptask.o [1]
  .bss                zero     0x2001f5a0      0x4  apptask.o [1]
  .bss                zero     0x2001f5a4      0x4  apptask.o [1]
  .bss                zero     0x2001f5a8      0x4  apptask.o [1]
  .bss                zero     0x2001f5ac      0x4  apptask.o [1]
  .bss                zero     0x2001f5b0      0x4  apptask.o [1]
  .bss                zero     0x2001f5b4      0x4  apptask.o [1]
  .bss                zero     0x2001f5b8      0x4  apptask.o [1]
  .bss                zero     0x2001f5bc      0x4  apptask.o [1]
  .bss                zero     0x2001f5c0      0x4  apptask.o [1]
  .bss                zero     0x2001f5c4      0x4  apptask.o [1]
  .bss                zero     0x2001f5c8      0x4  apptask.o [1]
  .bss                zero     0x2001f5cc      0x4  apptask.o [1]
  .bss                zero     0x2001f5d0      0x4  apptask.o [1]
  .bss                zero     0x2001f5d4      0x4  apptask.o [1]
  .bss                zero     0x2001f5d8      0x4  apptask.o [1]
  .bss                zero     0x2001f5dc      0x4  apptask.o [1]
  .bss                zero     0x2001f5e0      0x4  apptask.o [1]
  .bss                zero     0x2001f5e4      0x4  apptask.o [1]
  .bss                zero     0x2001f5e8      0x4  apptask.o [1]
  .bss                zero     0x2001f5ec      0x4  apptask.o [1]
  .bss                zero     0x2001f5f0      0x4  apptask.o [1]
  .bss                zero     0x2001f5f4      0x4  apptask.o [1]
  .bss                zero     0x2001f5f8      0x4  bsp_sdio_sd.o [1]
  .bss                zero     0x2001f5fc      0x4  bsp_sdio_sd.o [1]
  .bss                zero     0x2001f600      0x4  bsp_sdio_sd.o [1]
  .bss                zero     0x2001f604      0x4  bsp_sdio_sd.o [1]
  .bss                zero     0x2001f608      0x4  bsp_sdio_sd.o [1]
  .bss                zero     0x2001f60c      0x4  bsp_timer.o [1]
  .bss                zero     0x2001f610      0x4  bsp_timer.o [1]
  .bss                zero     0x2001f614      0x4  bsp_timer.o [1]
  .bss                zero     0x2001f618      0x4  bsp_timer.o [1]
  .bss                zero     0x2001f61c      0x4  esp8266_handler.o [1]
  .bss                zero     0x2001f620      0x4  esp8266_handler.o [1]
  .bss                zero     0x2001f624      0x4  esp8266_handler.o [1]
  .bss                zero     0x2001f628      0x4  heap_4.o [1]
  .bss                zero     0x2001f62c      0x4  heap_4.o [1]
  .bss                zero     0x2001f630      0x4  heap_4.o [1]
  .bss                zero     0x2001f634      0x4  heap_4.o [1]
  .bss                zero     0x2001f638      0x4  MQTTPacket.o [1]
  .bss                zero     0x2001f63c      0x4  page_weimi.o [1]
  .bss                zero     0x2001f640      0x4  page_weimi.o [1]
  .bss                zero     0x2001f644      0x4  port.o [1]
  .bss                zero     0x2001f648      0x4  product_cal.o [1]
  .bss                zero     0x2001f64c      0x4  product_cal.o [1]
  .bss                zero     0x2001f650      0x4  pub0sub1.o [1]
  .bss                zero     0x2001f654      0x4  SysInfoTest.o [1]
  .bss                zero     0x2001f658      0x4  tasks.o [1]
  .bss                zero     0x2001f65c      0x4  tasks.o [1]
  .bss                zero     0x2001f660      0x4  tasks.o [1]
  .bss                zero     0x2001f664      0x4  tasks.o [1]
  .bss                zero     0x2001f668      0x4  tasks.o [1]
  .bss                zero     0x2001f66c      0x4  tasks.o [1]
  .bss                zero     0x2001f670      0x4  tasks.o [1]
  .bss                zero     0x2001f674      0x4  tasks.o [1]
  .bss                zero     0x2001f678      0x4  tasks.o [1]
  .bss                zero     0x2001f67c      0x4  tasks.o [1]
  .bss                zero     0x2001f680      0x4  tasks.o [1]
  .bss                zero     0x2001f684      0x4  tasks.o [1]
  .bss                zero     0x2001f688      0x4  tasks.o [1]
  .bss                zero     0x2001f68c      0x4  tasks.o [1]
  .bss                zero     0x2001f690      0x4  tasks.o [1]
  .bss                zero     0x2001f694      0x4  tasks.o [1]
  .bss                zero     0x2001f698      0x4  timer_platform.o [1]
  .bss                zero     0x2001f69c      0x4  timers.o [1]
  .bss                zero     0x2001f6a0      0x4  timers.o [1]
  .bss                zero     0x2001f6a4      0x4  timers.o [1]
  .bss                zero     0x2001f6a8      0x4  timers.o [1]
  .bss                zero     0x2001f6ac      0x4  usbh_msc_bot.o [1]
  .bss                zero     0x2001f6b0      0x4  usbh_msc_bot.o [1]
  .bss                zero     0x2001f6b4      0x4  usbh_msc_bot.o [1]
  .bss                zero     0x2001f6b8      0x4  usbh_msc_bot.o [1]
  .bss                zero     0x2001f6bc      0x2  apptask.o [1]
  .bss                zero     0x2001f6be      0x2  apptask.o [1]
  .bss                zero     0x2001f6c0      0x2  apptask.o [1]
  .bss                zero     0x2001f6c2      0x2  apptask.o [1]
  .bss                zero     0x2001f6c4      0x2  apptask.o [1]
  .bss                zero     0x2001f6c6      0x2  apptask.o [1]
  .bss                zero     0x2001f6c8      0x2  apptask.o [1]
  .bss                zero     0x2001f6ca      0x2  apptask.o [1]
  .bss                zero     0x2001f6cc      0x2  bsp_sdwe050c17.o [1]
  .bss                zero     0x2001f6ce      0x2  encoder_tim.o [1]
  .bss                zero     0x2001f6d0      0x2  encoder_tim.o [1]
  .bss                zero     0x2001f6d2      0x2  ff.o [1]
  .bss                zero     0x2001f6d4      0x2  page_weimi.o [1]
  .bss                zero     0x2001f6d6      0x2  page_weimi.o [1]
  .bss                zero     0x2001f6d8      0x2  product_cal.o [1]
  .bss                zero     0x2001f6da      0x2  usbh_core.o [1]
  .bss                zero     0x2001f6dc      0x2  usbh_stdreq.o [1]
  .bss                zero     0x2001f6de      0x1  apptask.o [1]
  .bss                zero     0x2001f6df      0x1  apptask.o [1]
  .bss                zero     0x2001f6e0      0x1  apptask.o [1]
  .bss                zero     0x2001f6e1      0x1  apptask.o [1]
  .bss                zero     0x2001f6e2      0x1  apptask.o [1]
  .bss                zero     0x2001f6e3      0x1  apptask.o [1]
  .bss                zero     0x2001f6e4      0x1  apptask.o [1]
  .bss                zero     0x2001f6e5      0x1  apptask.o [1]
  .bss                zero     0x2001f6e6      0x1  apptask.o [1]
  .bss                zero     0x2001f6e7      0x1  apptask.o [1]
  .bss                zero     0x2001f6e8      0x1  apptask.o [1]
  .bss                zero     0x2001f6e9      0x1  apptask.o [1]
  .bss                zero     0x2001f6ea      0x1  apptask.o [1]
  .bss                zero     0x2001f6eb      0x1  apptask.o [1]
  .bss                zero     0x2001f6ec      0x1  bsp_sdio_sd.o [1]
  .bss                zero     0x2001f6ed      0x1  bsp_sdwe050c17.o [1]
  .bss                zero     0x2001f6ee      0x1  bsp_uart_fifo.o [1]
  .bss                zero     0x2001f6ef      0x1  encoder_tim.o [1]
  .bss                zero     0x2001f6f0      0x1  esp8266_handler.o [1]
  .bss                zero     0x2001f6f1      0x1  esp8266_handler.o [1]
  .bss                zero     0x2001f6f2      0x1  esp8266_handler.o [1]
  .bss                zero     0x2001f6f3      0x1  page_weimi.o [1]
  .bss                zero     0x2001f6f4      0x1  page_weimi.o [1]
  .bss                zero     0x2001f6f5      0x1  page_weimi.o [1]
  .bss                zero     0x2001f6f6      0x1  page_weimi.o [1]
  .bss                zero     0x2001f6f7      0x1  page_weimi.o [1]
  .bss                zero     0x2001f6f8      0x1  port.o [1]
  .bss                zero     0x2001f6f9      0x1  product_cal.o [1]
  .bss                zero     0x2001f6fa      0x1  product_cal.o [1]
  .bss                zero     0x2001f6fb      0x1  protocol.o [1]
  .bss                zero     0x2001f6fc      0x1  pub0sub1.o [1]
  .bss                zero     0x2001f6fd      0x1  pub0sub1.o [1]
  .bss                zero     0x2001f6fe      0x1  rc522.o [1]
  .bss                zero     0x2001f6ff      0x1  rc522.o [1]
  .bss                zero     0x2001f700      0x1  usbh_msc_bot.o [1]
  .bss                zero     0x2001f701      0x1  usbh_msc_core.o [1]
  .bss                zero     0x2001f702      0x1  usbh_msc_core.o [1]
  .bss                zero     0x2001f703      0x1  usbh_stdreq.o [1]
  .bss                zero     0x2001f704      0x1  usbh_usr.o [1]
  CSTACK                       0x2001f708    0x800  <Block>
    CSTACK            uninit   0x2001f708    0x800  <Block tail>
                             - 0x2001ff08  0x1ff08

Absolute sections:                         0xff000
  .bss                zero     0x68000000  0xf0000  malloc.o [1]
  .bss                zero     0x680f0000   0xf000  malloc.o [1]
                             - 0x680ff000  0xff000


*******************************************************************************
*** INIT TABLE
***

          Address     Size
          -------     ----
Zero (__iar_zero_init3)
    2 destination ranges, total size 0x11e445:
          0x200002c0  0x1f445
          0x68000000  0xff000

Copy/packbits (__iar_packbits_init3)
    1 source range, total size 0x126 (41% of destination):
          0x0804b74c    0x126
    1 destination range, total size 0x2be:
          0x20000000    0x2be



*******************************************************************************
*** MODULE SUMMARY
***

    Module                    ro code  ro data  rw data    rw data
                                                            (abs)
    ------                    -------  -------  -------    -------
E:\WORK\YarnControl_Driver\YarnControl_Driver\src\stm32f4_rtos\Project\EWARMv7\Flash\Obj: [1]
    MQTTConnectClient.o           774       36
    MQTTDeserializePublish.o      188        4
    MQTTPacket.o                  656        4        4
    MQTTSerializePublish.o        236        4
    MQTTSubscribeClient.o         400        8
    SysInfoTest.o                  44                 4
    apptask.o                  30 420    3 540      187
    bkp_pwr.o                     392
    bsp.o                          88
    bsp_closeSW.o                 220
    bsp_dac.o                     200
    bsp_dwt.o                     116
    bsp_led.o                     192
    bsp_relay.o                    68
    bsp_sdio_sd.o               6 744               209
    bsp_sdwe050c17.o            5 684       36       55
    bsp_servomotor.o              640
    bsp_spi.o                     292
    bsp_stepmotor.o             1 268
    bsp_sw_onoff.o                 68
    bsp_timer.o                   516                16
    bsp_uart_fifo.o             2 724             1 201
    bsp_w25qxx.o                  896        9    4 098
    bsp_watchdog.o                  8
    cc936.o                       244  176 320
    demo_fatfs.o                           725       80
    des.o                       1 274      844
    diskio.o                      740
    encoder_tim.o                 680        1       30
    esp8266_handler.o           1 044      324    2 119
    esp8266_init.o                124
    event_groups.o                610
    ff.o                        9 368       36      562
    heap_4.o                      640        4   68 632
    iic_smec98sp.o                910
    list.o                        152
    main.o                         48       32
    malloc.o                      540       36   43 548  1 044 480
    mcheck.o                      184      768
    misc.o                        136
    modbus.o                      852                 8
    page_weimi.o                1 448       12      382
    para.o                      5 450      284      168
    port.o                        588        6        9
    portasm.o                     168
    product_cal.o               1 712      400      100
    protocol.o                    156               749
    pub0sub1.o                  1 076      472    1 122
    queue.o                     1 992
    rc522.o                       238                22
    smec98sp.o                  1 198      256
    startup_stm32f40_41xxx.o      680
    stm32f4xx_adc.o               438
    stm32f4xx_dac.o               124
    stm32f4xx_dma.o               796
    stm32f4xx_exti.o              192
    stm32f4xx_gpio.o              300
    stm32f4xx_it.o                 56       44
    stm32f4xx_iwdg.o               16
    stm32f4xx_pwr.o                12
    stm32f4xx_rcc.o               488        7       16
    stm32f4xx_rtc.o                60
    stm32f4xx_sdio.o              380
    stm32f4xx_spi.o               116
    stm32f4xx_syscfg.o             84
    stm32f4xx_tim.o             1 782
    stm32f4xx_usart.o             596
    system_stm32f4xx.o            340        2        4
    tasks.o                     3 296        8      484
    timer_platform.o               64                 4
    timers.o                    1 188        8       56
    transport.o                   108
    usb_bsp.o                     332
    usb_core.o                  2 640
    usb_hcd.o                     214
    usb_hcd_int.o               3 198
    usbh_core.o                 1 888        6       18
    usbh_hcs.o                    442
    usbh_ioreq.o                  582
    usbh_it.o                      16
    usbh_msc_bot.o              1 364                81
    usbh_msc_core.o             1 000        6       94
    usbh_msc_scsi.o             1 560        1      529
    usbh_stdreq.o               1 078               515
    usbh_usr.o                    418      586    3 125
    --------------------------------------------------------------
    Total:                    110 254  184 829  128 231  1 044 480

command line: [2]
    --------------------------------------------------------------
    Total:

dl7M_tlf.a: [3]
    abort.o                         6
    div.o                          14
    errno.o                        12        2        4
    exit.o                          4
    isxxx.o                        40
    localeconv.o                  108       57      136
    printf.o                       36
    putchar.o                      12
    rand.o                        224       58      140
    setlocale.o                    24       49      116
    snprintf.o                     68
    sprintf.o                      52
    srand.o                        32
    sscanf.o                       36
    strcat.o                       28
    strstr.o                       44
    tolower.o                      20
    xfiles.o                                27      144
    xlocale_c.o                    54
    xprintffull_nomb.o          3 478
    xprout.o                       22
    xscanffull_nomb.o           2 916
    xsnprout.o                     26
    xsprout.o                      10
    xsscin.o                       30
    xstoflt.o                     440
    xstoll.o                      164
    xstopfx.o                     292
    xstoull.o                     432
    xstoxflt.o                    536
    xtls.o                          2
    --------------------------------------------------------------
    Total:                      9 162      193      540

m7M_tls.a: [4]
    DblAdd.o                      232
    DblCmpEq.o                     32
    DblCmpGe.o                     46
    DblCmpLe.o                     46
    DblDiv.o                      598
    DblMul.o                      418
    DblSub.o                      384
    DblToFlt.o                    144
    DblToI32.o                     88
    FltToDbl.o                     78
    I32ToDbl.o                     48
    fpinit_M.o                     34
    xdnorm.o                       66
    xdscale.o                     276
    xdtento.o                     512
    xdunscal.o                     82
    xstold.o                      360
    --------------------------------------------------------------
    Total:                      3 444

rt7M_tl.a: [5]
    ABImemclr4.o                    6
    ABImemcpy_unaligned.o         118
    ABImemset.o                   102
    ABImemset48.o                  50
    I64DivMod.o                   306
    I64DivZer.o                     2
    cexit.o                        10
    cmain.o                        26
    cstartup_M.o                   12
    data_init.o                    40
    memchr.o                       88
    memcmp_unaligned.o             98
    packbits_init.o               208
    strchr.o                       22
    strcmp_unaligned.o             66
    strcpy_unaligned.o             68
    strlen.o                       54
    zero_init3.o                   64
    --------------------------------------------------------------
    Total:                      1 340

shb_l.a: [6]
    exit.o                         20
    --------------------------------------------------------------
    Total:                         20

    Gaps                           64        4        2
    Linker created                          52    2 048
------------------------------------------------------------------
    Grand Total:              124 284  185 078  130 821  1 044 480


*******************************************************************************
*** ENTRY LIST
***

Entry                      Address     Size  Type      Object
-----                      -------     ----  ----      ------
.iar.init_table$$Base   0x0804a51c            --   Gb  - Linker created -
.iar.init_table$$Limit  0x0804a550            --   Gb  - Linker created -
?main                   0x0804a991           Code  Gb  cmain.o [5]
ADC_Cmd                 0x08047f33     0x1a  Code  Gb  stm32f4xx_adc.o [1]
ADC_CommonInit          0x08047f11     0x22  Code  Gb  stm32f4xx_adc.o [1]
ADC_GetFlagStatus       0x0804805d     0x1a  Code  Gb  stm32f4xx_adc.o [1]
ADC_Init                0x08047ec1     0x50  Code  Gb  stm32f4xx_adc.o [1]
ADC_RegularChannelConfig
                        0x08047f4d     0xf6  Code  Gb  stm32f4xx_adc.o [1]
ADC_SoftwareStartConv   0x08048043      0xa  Code  Gb  stm32f4xx_adc.o [1]
APBAHBPrescTable        0x2000027c     0x10  Data  Lc  stm32f4xx_rcc.o [1]
AppObjCreate            0x08031871    0x192  Code  Gb  apptask.o [1]
AppTaskCreate           0x08031649    0x210  Code  Gb  apptask.o [1]
BOTStallErrorCount      0x2001f6ac      0x4  Data  Lc  usbh_msc_bot.o [1]
BusFault_Handler        0x0804a013      0x2  Code  Gb  stm32f4xx_it.o [1]
CID_Tab                 0x2001f4c0     0x10  Data  Lc  bsp_sdio_sd.o [1]
CLIENT_ID               0x2001f374     0x20  Data  Gb  pub0sub1.o [1]
CRC16HiTable            0x0804998c    0x100  Data  Gb  mcheck.o [1]
CRC16LoTable            0x08049a8c    0x100  Data  Gb  mcheck.o [1]
CRC8Table               0x08049b8c    0x100  Data  Gb  mcheck.o [1]
CSD_Tab                 0x2001f4b0     0x10  Data  Lc  bsp_sdio_sd.o [1]
CSTACK$$Base            0x2001f708            --   Gb  - Linker created -
CSTACK$$Limit           0x2001ff08            --   Gb  - Linker created -
CardType                0x2001f5f8      0x4  Data  Lc  bsp_sdio_sd.o [1]
ChannengMQTTPackage     0x08034469     0x7e  Code  Gb  product_cal.o [1]
CmdError                0x08044691     0x38  Code  Lc  bsp_sdio_sd.o [1]
CmdResp1Error           0x08044735    0x112  Code  Lc  bsp_sdio_sd.o [1]
CmdResp2Error           0x08044885     0x52  Code  Lc  bsp_sdio_sd.o [1]
CmdResp3Error           0x08044847     0x3e  Code  Lc  bsp_sdio_sd.o [1]
CmdResp6Error           0x080448d7     0xa6  Code  Lc  bsp_sdio_sd.o [1]
CmdResp7Error           0x080446c9     0x58  Code  Lc  bsp_sdio_sd.o [1]
ConfigExitNVIC          0x0803b49b     0x22  Code  Gb  bsp_closeSW.o [1]
ConfigUartNVIC          0x0803d627     0x7c  Code  Lc  bsp_uart_fifo.o [1]
ConnectTcp              0x0803c147     0x48  Code  Gb  esp8266_handler.o [1]
DAC_Cmd                 0x0803f33b     0x26  Code  Gb  stm32f4xx_dac.o [1]
DAC_Init                0x0803f309     0x32  Code  Gb  stm32f4xx_dac.o [1]
DAC_SetChannel1Data     0x0803f361     0x1e  Code  Gb  stm32f4xx_dac.o [1]
DMA1_Stream0_IRQHandler
                        0x08038035     0x1c  Code  Gb  bsp_servomotor.o [1]
DMA1_Stream3_IRQHandler
                        0x08038051     0x1c  Code  Gb  bsp_servomotor.o [1]
DMA2_Stream3_IRQHandler
                        0x08044f79      0x8  Code  Gb  bsp_sdio_sd.o [1]
DMAEndOfTransfer        0x2001f608      0x4  Data  Gb  bsp_sdio_sd.o [1]
DMA_ClearFlag           0x0803fc5f     0x24  Code  Gb  stm32f4xx_dma.o [1]
DMA_Cmd                 0x0803fc15     0x1a  Code  Gb  stm32f4xx_dma.o [1]
DMA_DeInit              0x0803fa7d    0x140  Code  Gb  stm32f4xx_dma.o [1]
DMA_FlowControllerConfig
                        0x0803fc2f     0x18  Code  Gb  stm32f4xx_dma.o [1]
DMA_GetCmdStatus        0x0803fc47     0x18  Code  Gb  stm32f4xx_dma.o [1]
DMA_GetITStatus         0x0803fcc5     0x62  Code  Gb  stm32f4xx_dma.o [1]
DMA_ITConfig            0x0803fc83     0x42  Code  Gb  stm32f4xx_dma.o [1]
DMA_Init                0x0803fbbd     0x58  Code  Gb  stm32f4xx_dma.o [1]
Dac1_Init               0x08037761     0x5a  Code  Gb  bsp_dac.o [1]
Dac1_Set_Vol            0x080377bd     0x58  Code  Gb  bsp_dac.o [1]
DebugMon_Handler        0x0804a017      0x2  Code  Gb  stm32f4xx_it.o [1]
DesE                    0x0804a0a8     0x30  Data  Gb  des.o [1]
DesIp                   0x08049eb0     0x40  Data  Gb  des.o [1]
DesIp_1                 0x08049ef0     0x40  Data  Gb  des.o [1]
DesP                    0x0804a610     0x20  Data  Gb  des.o [1]
DesPc_1                 0x08049fa8     0x38  Data  Gb  des.o [1]
DesPc_2                 0x0804a0d8     0x30  Data  Gb  des.o [1]
DesRots                 0x0804add8     0x14  Data  Gb  des.o [1]
DesS                    0x080494a8    0x200  Data  Gb  des.o [1]
DiskFile_init           0x0803b37d     0x40  Code  Gb  protocol.o [1]
Disk_File               0x2001ed40     0xd4  Data  Gb  protocol.o [1]
ENC_Calc_Average_Speed  0x0803bee3     0x58  Code  Gb  encoder_tim.o [1]
ENC_Calc_Rot_Speed      0x0803be09     0xda  Code  Gb  encoder_tim.o [1]
ENC_Clear_Speed_Buffer  0x0803bded     0x1c  Code  Gb  encoder_tim.o [1]
[...]
mem1mapbase             0x2001bec0    0xa00  Data  Gb  malloc.o [1]
mem2base                0x68000000  0xf0000  Data  Gb  malloc.o [1]
mem2mapbase             0x680f0000   0xf000  Data  Gb  malloc.o [1]
mem_cmp                 0x080389c3     0x24  Code  Lc  ff.o [1]
mem_cpy                 0x08038991     0x1c  Code  Lc  ff.o [1]
mem_set                 0x080389ad     0x16  Code  Lc  ff.o [1]
memblksize              0x0804b524      0x8  Data  Gb  malloc.o [1]
memchr                  0x0804284d           Code  Gb  memchr.o [5]
memsize                 0x0804b52c      0x8  Data  Gb  malloc.o [1]
memtblsize              0x0804b51c      0x8  Data  Gb  malloc.o [1]
modbus_send_frame       0x0803b28d     0xe6  Code  Gb  modbus.o [1]
move_window             0x08038c85     0x40  Code  Lc  ff.o [1]
movram                  0x08047515     0x1e  Code  Gb  des.o [1]
mqttSubscribeData       0x2001d800    0x3e8  Data  Gb  esp8266_handler.o [1]
mqtt_status             0x2001f584      0x8  Data  Gb  pub0sub1.o [1]
my_mem_free             0x08036ed3     0x6c  Code  Gb  malloc.o [1]
my_mem_init             0x08036d97     0x42  Code  Gb  malloc.o [1]
my_mem_malloc           0x08036e17     0xbc  Code  Gb  malloc.o [1]
my_mem_perused          0x08036dd9     0x3e  Code  Gb  malloc.o [1]
myfree                  0x08036f3f     0x24  Code  Gb  malloc.o [1]
mymalloc                0x08036f63     0x2a  Code  Gb  malloc.o [1]
mymemset                0x08036d81     0x16  Code  Gb  malloc.o [1]
ndigs                   0x08045d78     0x28  Data  Lc  xstoull.o [3]
netDeviceInfo_t         0x2001f020     0x68  Data  Gb  esp8266_handler.o [1]
net_device_send_cmd     0x0803c025     0x4e  Code  Gb  esp8266_handler.o [1]
obuf                    0x2001f1a8     0x50  Data  Lc  xfiles.o [3]
oem2uni                 0x0801560c  0x15484  Data  Lc  cc936.o [1]
old_card_record         0x2001f6e4      0x1  Data  Gb  apptask.o [1]
old_isWork              0x2001f6e0      0x1  Data  Gb  apptask.o [1]
old_is_stop             0x200002bc      0x1  Data  Gb  page_weimi.o [1]
old_plan_complete       0x2001f6fa      0x1  Data  Gb  product_cal.o [1]
old_system_state        0x200002ba      0x1  Data  Gb  apptask.o [1]
old_usb_disk_flag       0x2001f6e2      0x1  Data  Gb  apptask.o [1]
old_wifi_flag           0x2001f6f1      0x1  Data  Gb  esp8266_handler.o [1]
para_init               0x08035c11     0xae  Code  Gb  para.o [1]
pcInterruptPriorityRegisters
                        0x0804b638      0x4  Data  Lc  port.o [1]
peiliao_para            0x2001f2f8     0x30  Data  Gb  product_cal.o [1]
pick_lfn                0x080394d7     0x8c  Code  Lc  ff.o [1]
plan_complete           0x2001f6f9      0x1  Data  Gb  product_cal.o [1]
pluse_count             0x2001f6be      0x2  Data  Gb  apptask.o [1]
pluse_step_src          0x2001f518      0xc  Data  Gb  apptask.o [1]
pows                    0x080465b0     0x48  Data  Lc  xdtento.o [4]
printf                  0x08036ca1     0x24  Code  Gb  printf.o [3]
product_complete_kilo   0x080340fb     0x62  Code  Gb  product_cal.o [1]
product_complete_meter  0x080340df     0x1c  Code  Gb  product_cal.o [1]
product_para            0x2001f328     0x28  Data  Gb  product_cal.o [1]
product_per_meter       0x08034059     0x74  Code  Gb  product_cal.o [1]
prvAddCurrentTaskToDelayedList
                        0x080351ed     0x48  Code  Lc  tasks.o [1]
prvAllocateTCBAndStack  0x08035235     0x5a  Code  Lc  tasks.o [1]
prvCheckForValidListAndQueue
                        0x0803cf03     0x52  Code  Lc  timers.o [1]
prvCheckTasksWaitingTermination
                        0x08035183     0x66  Code  Lc  tasks.o [1]
prvCopyDataFromQueue    0x08033e41     0x30  Code  Lc  queue.o [1]
prvCopyDataToQueue      0x08033dbd     0x84  Code  Lc  queue.o [1]
prvDeleteTCB            0x0803528f     0x12  Code  Lc  tasks.o [1]
prvGetNextExpireTime    0x0803ccef     0x2e  Code  Lc  timers.o [1]
prvHeapInit             0x0803e2f5     0x6e  Code  Lc  heap_4.o [1]
prvIdleTask             0x0803509d     0x26  Code  Lc  tasks.o [1]
prvInitialiseTCBVariables
                        0x080350c3     0x6a  Code  Lc  tasks.o [1]
prvInitialiseTaskLists  0x0803512d     0x56  Code  Lc  tasks.o [1]
prvInsertBlockIntoFreeList
                        0x0803e363     0x62  Code  Lc  heap_4.o [1]
prvInsertTimerInActiveList
                        0x0803cd45     0x50  Code  Lc  timers.o [1]
prvIsQueueEmpty         0x08033edb     0x20  Code  Lc  queue.o [1]
prvIsQueueFull          0x08033efb     0x22  Code  Lc  queue.o [1]
prvProcessExpiredTimer  0x0803cc07     0x5c  Code  Lc  timers.o [1]
prvProcessReceivedCommands
                        0x0803cd95     0xde  Code  Lc  timers.o [1]
prvProcessTimerOrBlockTask
                        0x0803cc7f     0x70  Code  Lc  timers.o [1]
prvResetNextTaskUnblockTime
                        0x080352a1     0x26  Code  Lc  tasks.o [1]
prvSampleTimeNow        0x0803cd1d     0x28  Code  Lc  timers.o [1]
prvSwitchTimerLists     0x0803ce73     0x90  Code  Lc  timers.o [1]
prvTaskExitError        0x0803dea5     0x2a  Code  Lc  port.o [1]
prvTestWaitCondition    0x0803caab     0x24  Code  Lc  event_groups.o [1]
prvTimerTask            0x0803cc65     0x1a  Code  Lc  timers.o [1]
prvUnlockQueue          0x08033e71     0x6a  Code  Lc  queue.o [1]
pub_topicString         0x2001f560      0xc  Data  Gb  pub0sub1.o [1]
put_fat                 0x08038ed3    0x16c  Code  Gb  ff.o [1]
putchar                 0x0804ac8d      0xc  Code  Gb  putchar.o [3]
pvPortMalloc            0x0803e165    0x118  Code  Gb  heap_4.o [1]
pxCurrentTCB            0x2001f658      0x4  Data  Gb  tasks.o [1]
pxCurrentTimerList      0x2001f69c      0x4  Data  Lc  timers.o [1]
pxDelayedTaskList       0x2001f65c      0x4  Data  Lc  tasks.o [1]
pxEnd                   0x2001f628      0x4  Data  Lc  heap_4.o [1]
pxOverflowDelayedTaskList
                        0x2001f660      0x4  Data  Lc  tasks.o [1]
pxOverflowTimerList     0x2001f6a0      0x4  Data  Lc  timers.o [1]
pxPortInitialiseStack   0x0803de81     0x24  Code  Gb  port.o [1]
pxReadyTasksLists       0x2001e9b8    0x140  Data  Lc  tasks.o [1]
rand                    0x08048429     0xe0  Code  Gb  rand.o [3]
rc522_cmd_anticoll      0x0803afcd     0x5a  Code  Gb  rc522.o [1]
rc522_cmd_request       0x0803af79     0x54  Code  Gb  rc522.o [1]
readChar                0x08041443     0x10  Code  Gb  MQTTPacket.o [1]
readDisk                0x2001f6e7      0x1  Data  Gb  apptask.o [1]
readFilenum             0x2001f6e8      0x1  Data  Gb  apptask.o [1]
readInt                 0x08041427     0x1c  Code  Gb  MQTTPacket.o [1]
readMQTTLenString       0x080414f9     0x3c  Code  Gb  MQTTPacket.o [1]
readSlave               0x2001f50c      0xc  Data  Gb  apptask.o [1]
read_bkp_para           0x0803b597     0x78  Code  Gb  bkp_pwr.o [1]
read_device_info        0x080356f5    0x2f4  Code  Gb  para.o [1]
read_file_select        0x2001f554      0xc  Data  Gb  protocol.o [1]
read_from_disk          0x08035cf1    0xd74  Code  Gb  para.o [1]
remove_chain            0x0803903f     0x76  Code  Lc  ff.o [1]
reset_seg_to_1          0x08037a1d     0x9a  Code  Gb  page_weimi.o [1]
rfid_rev_buf            0x2001f410     0x14  Data  Gb  rc522.o [1]
rfid_rev_cnt            0x2001f6ff      0x1  Data  Gb  rc522.o [1]
rfid_rev_flag           0x2001f6fe      0x1  Data  Gb  rc522.o [1]
rtc_time                0x2001f57c      0x8  Data  Gb  protocol.o [1]
s_TIM_CallBack1         0x2001f60c      0x4  Data  Lc  bsp_timer.o [1]
s_TIM_CallBack2         0x2001f610      0x4  Data  Lc  bsp_timer.o [1]
s_TIM_CallBack3         0x2001f614      0x4  Data  Lc  bsp_timer.o [1]
s_TIM_CallBack4         0x2001f618      0x4  Data  Lc  bsp_timer.o [1]
sample_time             0x2001f6bc      0x2  Data  Gb  apptask.o [1]
sdew_weimi_page1        0x080330a1    0x28a  Code  Gb  bsp_sdwe050c17.o [1]
sdew_weimi_page2        0x0803333d    0x1e6  Code  Gb  bsp_sdwe050c17.o [1]
sdew_weisha_page1       0x08033523    0x100  Code  Gb  bsp_sdwe050c17.o [1]
sdew_weisha_page2       0x0803362d    0x100  Code  Gb  bsp_sdwe050c17.o [1]
selectbits              0x080475df     0x42  Code  Gb  des.o [1]
semc_adc_Init           0x08047a5f     0x92  Code  Gb  smec98sp.o [1]
servo_diff              0x2001f5ec      0x4  Data  Gb  apptask.o [1]
servo_per_wei_src       0x2001f5e8      0x4  Data  Gb  apptask.o [1]
servo_speed_diff        0x2001f5f0      0x4  Data  Gb  apptask.o [1]
servomotor_guodu        0x2001f6f3      0x1  Data  Gb  page_weimi.o [1]
servomotor_mode         0x2001f6f4      0x1  Data  Gb  page_weimi.o [1]
setbit                  0x08047557     0x4c  Code  Gb  des.o [1]
shlc                    0x08047621     0x68  Code  Gb  des.o [1]
shrc                    0x08047689     0x5e  Code  Gb  des.o [1]
slave_info              0x2001f500      0xc  Data  Gb  apptask.o [1]
snprintf                0x08040f91     0x44  Code  Gb  snprintf.o [3]
speed_diff              0x2001f524      0xc  Data  Gb  apptask.o [1]
speed_zhu               0x2001f6d4      0x2  Data  Gb  page_weimi.o [1]
speed_zhu1              0x2001f6d6      0x2  Data  Gb  page_weimi.o [1]
sprintf                 0x0803ae29     0x34  Code  Gb  sprintf.o [3]
srand                   0x08048409     0x20  Code  Gb  srand.o [3]
sscanf                  0x0803e54d     0x24  Code  Gb  sscanf.o [3]
st_clust                0x08039409     0x18  Code  Lc  ff.o [1]
stepmotor_guodu         0x2001f63c      0x4  Data  Gb  page_weimi.o [1]
strans                  0x080476e7    0x168  Code  Gb  des.o [1]
strcat                  0x0803ae5d     0x1c  Code  Gb  strcat.o [3]
strchr                  0x08042835           Code  Gb  strchr.o [5]
strlen                  0x080375fd           Code  Gb  strlen.o [5]
strstr                  0x0803b419     0x10  Code  Gb  para.o [1]
sum_sfn                 0x080396dd     0x20  Code  Lc  ff.o [1]
symbol                  0x2001f5e4      0x4  Data  Gb  apptask.o [1]
symbol_servo            0x2001f6e9      0x1  Data  Gb  apptask.o [1]
sync_fs                 0x08038cc5     0xd8  Code  Lc  ff.o [1]
sync_window             0x08038c2b     0x5a  Code  Lc  ff.o [1]
system_state_dis        0x080496a8    0x190  Data  Gb  product_cal.o [1]
toStop                  0x2001f650      0x4  Data  Gb  pub0sub1.o [1]
tolower                 0x080460d5     0x14  Code  Gb  tolower.o [3]
total_meter_gross       0x2001f648      0x4  Data  Gb  product_cal.o [1]
total_weight_gross      0x2001f64c      0x4  Data  Gb  product_cal.o [1]
transport_close         0x0804132d     0x12  Code  Gb  transport.o [1]
transport_getdata       0x08041319     0x14  Code  Gb  transport.o [1]
transport_sendPacketBuffer
                        0x080412dd     0x3c  Code  Gb  transport.o [1]
ucHeap                  0x200002c0  0x10c00  Data  Lc  heap_4.o [1]
ucMaxSysCallPriority    0x2001f6f8      0x1  Data  Lc  port.o [1]
ulHighFrequencyTimerTicks
                        0x2001f654      0x4  Data  Gb  SysInfoTest.o [1]
ulMaxPRIGROUPValue      0x2001f644      0x4  Data  Lc  port.o [1]
ulTaskSwitchedInTime    0x2001f690      0x4  Data  Lc  tasks.o [1]
ulTotalRunTime          0x2001f694      0x4  Data  Lc  tasks.o [1]
uni2oem                 0x08000188  0x15484  Data  Lc  cc936.o [1]
usb_disk_flag           0x2001f6e1      0x1  Data  Gb  apptask.o [1]
usbh_OpenMassStorage    0x0803808d     0x14  Code  Gb  usbh_usr.o [1]
uxCriticalNesting       0x200002a8      0x4  Data  Lc  port.o [1]
uxCurrentNumberOfTasks  0x2001f668      0x4  Data  Lc  tasks.o [1]
uxListRemove            0x0803e13d     0x28  Code  Gb  list.o [1]
uxPendedTicks           0x2001f678      0x4  Data  Lc  tasks.o [1]
uxSchedulerSuspended    0x2001f68c      0x4  Data  Lc  tasks.o [1]
uxTaskNumber            0x2001f684      0x4  Data  Lc  tasks.o [1]
uxTaskResetEventItemValue
                        0x08035301     0x20  Code  Gb  tasks.o [1]
uxTasksDeleted          0x2001f664      0x4  Data  Lc  tasks.o [1]
uxTopReadyPriority      0x2001f670      0x4  Data  Lc  tasks.o [1]
vAnalysisUartData       0x08031409     0xca  Code  Gb  apptask.o [1]
vEsp8266_Main_Task      0x080310a1    0x226  Code  Gb  apptask.o [1]
vListInitialise         0x0803e0cd     0x1e  Code  Gb  list.o [1]
vListInsert             0x0803e103     0x3a  Code  Gb  list.o [1]
vListInsertEnd          0x0803e0eb     0x18  Code  Gb  list.o [1]
vMQTT_Handler_Task      0x080312d1    0x138  Code  Gb  apptask.o [1]
vMQTT_Recive_Task       0x080314dd     0x7e  Code  Gb  apptask.o [1]
vMQTT_Tranmit_Task      0x0803155b     0xd0  Code  Gb  apptask.o [1]
vPortEnableVFP          0x08041c41           Code  Gb  portasm.o [1]
vPortEnterCritical      0x0803df9b     0x3a  Code  Gb  port.o [1]
vPortExitCritical       0x0803dfd5     0x32  Code  Gb  port.o [1]
vPortFree               0x0803e27d     0x78  Code  Gb  heap_4.o [1]
vPortSetupTimerInterrupt
                        0x0803e033      0xe  Code  Wk  port.o [1]
vPortStartFirstTask     0x08041c29           Code  Gb  portasm.o [1]
vPortValidateInterruptPriority
                        0x0803e041     0x4e  Code  Gb  port.o [1]
vQueueWaitForMessageRestricted
                        0x08033f1d     0x44  Code  Gb  queue.o [1]
vTaskDelay              0x080348f9     0x84  Code  Gb  tasks.o [1]
vTaskDelayUntil         0x08034819     0xe0  Code  Gb  tasks.o [1]
vTaskFreq               0x08030a79    0x61a  Code  Lc  apptask.o [1]
vTaskManageCapacity     0x0802f4ad    0x528  Code  Gb  apptask.o [1]
vTaskMassStorage        0x0802e0dd    0x652  Code  Lc  apptask.o [1]
vTaskMissedYield        0x08035093      0xa  Code  Gb  tasks.o [1]
vTaskMotorControl       0x0802fa8d    0xfc6  Code  Lc  apptask.o [1]
vTaskMsgPro             0x0802ec09    0x4b2  Code  Lc  apptask.o [1]
vTaskPlaceOnEventList   0x08034cf9     0x74  Code  Gb  tasks.o [1]
vTaskPlaceOnEventListRestricted
                        0x08034e31     0x80  Code  Gb  tasks.o [1]
vTaskPlaceOnUnorderedEventList
                        0x08034d89     0xa8  Code  Gb  tasks.o [1]
vTaskReadDisk           0x0802f1e9    0x272  Code  Lc  apptask.o [1]
vTaskRev485             0x0802f0dd     0xd0  Code  Lc  apptask.o [1]
vTaskSetTimeOutState    0x08034fdd     0x26  Code  Gb  tasks.o [1]
vTaskStartScheduler     0x0803497d     0x7e  Code  Gb  tasks.o [1]
vTaskSuspendAll         0x080349fb     0x10  Code  Gb  tasks.o [1]
vTaskSwitchContext      0x08034c49     0xb0  Code  Gb  tasks.o [1]
vTaskTaskLCD            0x0802aa91   0x35fa  Code  Gb  apptask.o [1]
vTaskTaskLED            0x0802e765     0x20  Code  Lc  apptask.o [1]
vTaskTaskRFID           0x0802e785    0x418  Code  Lc  apptask.o [1]
valid_seg               0x2001f640      0x4  Data  Gb  page_weimi.o [1]
validate                0x0803a483     0x36  Code  Lc  ff.o [1]
weimi_para              0x2001eaf8    0x12c  Data  Gb  page_weimi.o [1]
wifi_flag               0x2001f6f0      0x1  Data  Gb  esp8266_handler.o [1]
work_idle_time          0x2001f6d8      0x2  Data  Gb  product_cal.o [1]
writeCString            0x08041489     0x2a  Code  Gb  MQTTPacket.o [1]
writeChar               0x08041453      0xc  Code  Gb  MQTTPacket.o [1]
writeInt                0x0804145f     0x2a  Code  Gb  MQTTPacket.o [1]
writeMQTTString         0x080414b3     0x46  Code  Gb  MQTTPacket.o [1]
write_bkp_para          0x0803b60f     0x6e  Code  Gb  bkp_pwr.o [1]
xActiveTimerList1       0x2001f488     0x14  Data  Lc  timers.o [1]
xActiveTimerList2       0x2001f49c     0x14  Data  Lc  timers.o [1]
xBlockAllocatedBit      0x2001f634      0x4  Data  Lc  heap_4.o [1]
xDelayedTaskList1       0x2001f424     0x14  Data  Lc  tasks.o [1]
xDelayedTaskList2       0x2001f438     0x14  Data  Lc  tasks.o [1]
xEventGroupCreate       0x0803c86d     0x1c  Code  Gb  event_groups.o [1]
xEventGroupSetBits      0x0803c9d5     0xd6  Code  Gb  event_groups.o [1]
xEventGroupWaitBits     0x0803c889    0x146  Code  Gb  event_groups.o [1]
xFreeBytesRemaining     0x2001f62c      0x4  Data  Lc  heap_4.o [1]
xHandleTaskFreq         0x2001f5b0      0x4  Data  Gb  apptask.o [1]
xHandleTaskLCD          0x2001f58c      0x4  Data  Gb  apptask.o [1]
xHandleTaskLED          0x2001f590      0x4  Data  Gb  apptask.o [1]
xHandleTaskManageCapacity
                        0x2001f5a8      0x4  Data  Gb  apptask.o [1]
xHandleTaskMassStorage  0x2001f598      0x4  Data  Gb  apptask.o [1]
xHandleTaskMotorControl
                        0x2001f5ac      0x4  Data  Gb  apptask.o [1]
xHandleTaskMsgPro       0x2001f5a0      0x4  Data  Gb  apptask.o [1]
xHandleTaskRFID         0x2001f594      0x4  Data  Gb  apptask.o [1]
xHandleTaskReadDisk     0x2001f59c      0x4  Data  Gb  apptask.o [1]
xHandleTaskRev485       0x2001f5a4      0x4  Data  Gb  apptask.o [1]
xHeapStructSize         0x0804b60c      0x4  Data  Lc  heap_4.o [1]
xMinimumEverFreeBytesRemaining
                        0x2001f630      0x4  Data  Lc  heap_4.o [1]
xNextTaskUnblockTime    0x2001f688      0x4  Data  Lc  tasks.o [1]
xNumOfOverflows         0x2001f680      0x4  Data  Lc  tasks.o [1]
xPendingReadyList       0x2001f44c     0x14  Data  Lc  tasks.o [1]
xPortStartScheduler     0x0803decf     0xcc  Code  Gb  port.o [1]
xQueueGenericCreate     0x08033829     0x7e  Code  Gb  queue.o [1]
xQueueGenericReceive    0x08033c1d    0x19c  Code  Gb  queue.o [1]
xQueueGenericReset      0x08033799     0x90  Code  Gb  queue.o [1]
xQueueGenericSend       0x080338a7    0x1b2  Code  Gb  queue.o [1]
xQueueGenericSendFromISR
                        0x08033a59     0xec  Code  Gb  queue.o [1]
xQueueGiveFromISR       0x08033b45     0xd8  Code  Gb  queue.o [1]
xQueue_MQTT_Recv        0x2001f5d4      0x4  Data  Gb  apptask.o [1]
xQueue_MQTT_Transmit    0x2001f5d8      0x4  Data  Gb  apptask.o [1]
xQueue_esp8266_Cmd      0x2001f5dc      0x4  Data  Gb  apptask.o [1]
xQueue_message          0x2001f5e0      0x4  Data  Gb  apptask.o [1]
xSchedulerRunning       0x2001f674      0x4  Data  Lc  tasks.o [1]
xSemaphore_download     0x2001f5c4      0x4  Data  Gb  apptask.o [1]
xSemaphore_encoder      0x2001f5c0      0x4  Data  Gb  apptask.o [1]
xSemaphore_lcd          0x2001f5b4      0x4  Data  Gb  apptask.o [1]
xSemaphore_pluse        0x2001f5bc      0x4  Data  Gb  apptask.o [1]
xSemaphore_readDisk     0x2001f5c8      0x4  Data  Gb  apptask.o [1]
xSemaphore_rs485        0x2001f5b8      0x4  Data  Gb  apptask.o [1]
xStart                  0x2001f56c      0x8  Data  Lc  heap_4.o [1]
xSuspendedTaskList      0x2001f474     0x14  Data  Lc  tasks.o [1]
xTaskCheckForTimeOut    0x08035009     0x8a  Code  Gb  tasks.o [1]
xTaskGenericCreate      0x08034695    0x184  Code  Gb  tasks.o [1]
xTaskGetSchedulerState  0x080352c7     0x26  Code  Gb  tasks.o [1]
xTaskGetTickCount       0x08034b0b      0xa  Code  Gb  tasks.o [1]
xTaskIncrementTick      0x08034b15    0x134  Code  Gb  tasks.o [1]
xTaskRemoveFromEventList
                        0x08034eb5     0x8e  Code  Gb  tasks.o [1]
xTaskRemoveFromUnorderedEventList
                        0x08034f49     0x94  Code  Gb  tasks.o [1]
xTaskResumeAll          0x08034a0b    0x100  Code  Gb  tasks.o [1]
xTasksWaitingTermination
                        0x2001f460     0x14  Data  Lc  tasks.o [1]
xTickCount              0x2001f66c      0x4  Data  Lc  tasks.o [1]
xTimerCreate            0x0803cb21     0x62  Code  Gb  timers.o [1]
xTimerCreateTimerTask   0x0803cad1     0x50  Code  Gb  timers.o [1]
xTimerGenericCommand    0x0803cb83     0x84  Code  Gb  timers.o [1]
xTimerQueue             0x2001f6a4      0x4  Data  Lc  timers.o [1]
xTimerUser              0x2001f5d0      0x4  Data  Gb  apptask.o [1]
xYieldPending           0x2001f67c      0x4  Data  Lc  tasks.o [1]


[1] = E:\WORK\YarnControl_Driver\YarnControl_Driver\src\stm32f4_rtos\Project\EWARMv7\Flash\Obj
[2] = command line
[3] = dl7M_tlf.a
[4] = m7M_tls.a
[5] = rt7M_tl.a
[6] = shb_l.a

  124 284 bytes of readonly  code memory
  185 078 bytes of readonly  data memory
  130 821 bytes of readwrite data memory (+ 1 044 480 absolute)

Errors: none
Warnings: none
