###############################################################################
#
# IAR ELF Linker V7.40.7.9843/W32 for ARM                 14/Jan/2019  14:27:35
# Copyright 2007-2015 IAR Systems AB.
#
#    Output file  =  
#        F:\work\YarnControl_Driver\src\stm32f4_rtos\Project\EWARMv7\Flash\Exe\project.out
#    Map file     =  
#        F:\work\YarnControl_Driver\src\stm32f4_rtos\Project\EWARMv7\Flash\List\project.map
#    Command line =  
#        F:\work\YarnControl_Driver\src\stm32f4_rtos\Project\EWARMv7\Flash\Obj\apptask.o
#        F:\work\YarnControl_Driver\src\stm32f4_rtos\Project\EWARMv7\Flash\Obj\bsp.o
#        F:\work\YarnControl_Driver\src\stm32f4_rtos\Project\EWARMv7\Flash\Obj\bsp_closeSW.o
#        F:\work\YarnControl_Driver\src\stm32f4_rtos\Project\EWARMv7\Flash\Obj\bsp_dwt.o
#        F:\work\YarnControl_Driver\src\stm32f4_rtos\Project\EWARMv7\Flash\Obj\bsp_led.o
#        F:\work\YarnControl_Driver\src\stm32f4_rtos\Project\EWARMv7\Flash\Obj\bsp_relay.o
#        F:\work\YarnControl_Driver\src\stm32f4_rtos\Project\EWARMv7\Flash\Obj\bsp_sdio_sd.o
#        F:\work\YarnControl_Driver\src\stm32f4_rtos\Project\EWARMv7\Flash\Obj\bsp_sdwe050c17.o
#        F:\work\YarnControl_Driver\src\stm32f4_rtos\Project\EWARMv7\Flash\Obj\bsp_servomotor.o
#        F:\work\YarnControl_Driver\src\stm32f4_rtos\Project\EWARMv7\Flash\Obj\bsp_spi.o
#        F:\work\YarnControl_Driver\src\stm32f4_rtos\Project\EWARMv7\Flash\Obj\bsp_stepmotor.o
#        F:\work\YarnControl_Driver\src\stm32f4_rtos\Project\EWARMv7\Flash\Obj\bsp_sw_onoff.o
#        F:\work\YarnControl_Driver\src\stm32f4_rtos\Project\EWARMv7\Flash\Obj\bsp_tim_pwm.o
#        F:\work\YarnControl_Driver\src\stm32f4_rtos\Project\EWARMv7\Flash\Obj\bsp_timer.o
#        F:\work\YarnControl_Driver\src\stm32f4_rtos\Project\EWARMv7\Flash\Obj\bsp_uart_fifo.o
#        F:\work\YarnControl_Driver\src\stm32f4_rtos\Project\EWARMv7\Flash\Obj\bsp_w25qxx.o
#        F:\work\YarnControl_Driver\src\stm32f4_rtos\Project\EWARMv7\Flash\Obj\bsp_watchdog.o
#        F:\work\YarnControl_Driver\src\stm32f4_rtos\Project\EWARMv7\Flash\Obj\cc936.o
#        F:\work\YarnControl_Driver\src\stm32f4_rtos\Project\EWARMv7\Flash\Obj\croutine.o
#        F:\work\YarnControl_Driver\src\stm32f4_rtos\Project\EWARMv7\Flash\Obj\demo_fatfs.o
#        F:\work\YarnControl_Driver\src\stm32f4_rtos\Project\EWARMv7\Flash\Obj\diskio.o
#        F:\work\YarnControl_Driver\src\stm32f4_rtos\Project\EWARMv7\Flash\Obj\event_groups.o
#        F:\work\YarnControl_Driver\src\stm32f4_rtos\Project\EWARMv7\Flash\Obj\ff.o
#        F:\work\YarnControl_Driver\src\stm32f4_rtos\Project\EWARMv7\Flash\Obj\heap_4.o
#        F:\work\YarnControl_Driver\src\stm32f4_rtos\Project\EWARMv7\Flash\Obj\list.o
#        F:\work\YarnControl_Driver\src\stm32f4_rtos\Project\EWARMv7\Flash\Obj\main.o
#        F:\work\YarnControl_Driver\src\stm32f4_rtos\Project\EWARMv7\Flash\Obj\malloc.o
#        F:\work\YarnControl_Driver\src\stm32f4_rtos\Project\EWARMv7\Flash\Obj\mcheck.o
#        F:\work\YarnControl_Driver\src\stm32f4_rtos\Project\EWARMv7\Flash\Obj\misc.o
#        F:\work\YarnControl_Driver\src\stm32f4_rtos\Project\EWARMv7\Flash\Obj\modbus.o
#        F:\work\YarnControl_Driver\src\stm32f4_rtos\Project\EWARMv7\Flash\Obj\para.o
#        F:\work\YarnControl_Driver\src\stm32f4_rtos\Project\EWARMv7\Flash\Obj\port.o
#        F:\work\YarnControl_Driver\src\stm32f4_rtos\Project\EWARMv7\Flash\Obj\portasm.o
#        F:\work\YarnControl_Driver\src\stm32f4_rtos\Project\EWARMv7\Flash\Obj\product_cal.o
#        F:\work\YarnControl_Driver\src\stm32f4_rtos\Project\EWARMv7\Flash\Obj\protocol.o
#        F:\work\YarnControl_Driver\src\stm32f4_rtos\Project\EWARMv7\Flash\Obj\queue.o
#        F:\work\YarnControl_Driver\src\stm32f4_rtos\Project\EWARMv7\Flash\Obj\rc522.o
#        F:\work\YarnControl_Driver\src\stm32f4_rtos\Project\EWARMv7\Flash\Obj\startup_stm32f40_41xxx.o
#        F:\work\YarnControl_Driver\src\stm32f4_rtos\Project\EWARMv7\Flash\Obj\stm32f4xx_adc.o
#        F:\work\YarnControl_Driver\src\stm32f4_rtos\Project\EWARMv7\Flash\Obj\stm32f4xx_assert.o
#        F:\work\YarnControl_Driver\src\stm32f4_rtos\Project\EWARMv7\Flash\Obj\stm32f4xx_can.o
#        F:\work\YarnControl_Driver\src\stm32f4_rtos\Project\EWARMv7\Flash\Obj\stm32f4xx_crc.o
#        F:\work\YarnControl_Driver\src\stm32f4_rtos\Project\EWARMv7\Flash\Obj\stm32f4xx_cryp.o
#        F:\work\YarnControl_Driver\src\stm32f4_rtos\Project\EWARMv7\Flash\Obj\stm32f4xx_cryp_aes.o
#        F:\work\YarnControl_Driver\src\stm32f4_rtos\Project\EWARMv7\Flash\Obj\stm32f4xx_cryp_des.o
#        F:\work\YarnControl_Driver\src\stm32f4_rtos\Project\EWARMv7\Flash\Obj\stm32f4xx_cryp_tdes.o
#        F:\work\YarnControl_Driver\src\stm32f4_rtos\Project\EWARMv7\Flash\Obj\stm32f4xx_dac.o
#        F:\work\YarnControl_Driver\src\stm32f4_rtos\Project\EWARMv7\Flash\Obj\stm32f4xx_dbgmcu.o
#        F:\work\YarnControl_Driver\src\stm32f4_rtos\Project\EWARMv7\Flash\Obj\stm32f4xx_dcmi.o
#        F:\work\YarnControl_Driver\src\stm32f4_rtos\Project\EWARMv7\Flash\Obj\stm32f4xx_dma.o
#        F:\work\YarnControl_Driver\src\stm32f4_rtos\Project\EWARMv7\Flash\Obj\stm32f4xx_dma2d.o
#        F:\work\YarnControl_Driver\src\stm32f4_rtos\Project\EWARMv7\Flash\Obj\stm32f4xx_exti.o
#        F:\work\YarnControl_Driver\src\stm32f4_rtos\Project\EWARMv7\Flash\Obj\stm32f4xx_flash.o
#        F:\work\YarnControl_Driver\src\stm32f4_rtos\Project\EWARMv7\Flash\Obj\stm32f4xx_fsmc.o
#        F:\work\YarnControl_Driver\src\stm32f4_rtos\Project\EWARMv7\Flash\Obj\stm32f4xx_gpio.o
#        F:\work\YarnControl_Driver\src\stm32f4_rtos\Project\EWARMv7\Flash\Obj\stm32f4xx_hash.o
#        F:\work\YarnControl_Driver\src\stm32f4_rtos\Project\EWARMv7\Flash\Obj\stm32f4xx_hash_md5.o
#        F:\work\YarnControl_Driver\src\stm32f4_rtos\Project\EWARMv7\Flash\Obj\stm32f4xx_hash_sha1.o
#        F:\work\YarnControl_Driver\src\stm32f4_rtos\Project\EWARMv7\Flash\Obj\stm32f4xx_i2c.o
#        F:\work\YarnControl_Driver\src\stm32f4_rtos\Project\EWARMv7\Flash\Obj\stm32f4xx_it.o
#        F:\work\YarnControl_Driver\src\stm32f4_rtos\Project\EWARMv7\Flash\Obj\stm32f4xx_iwdg.o
#        F:\work\YarnControl_Driver\src\stm32f4_rtos\Project\EWARMv7\Flash\Obj\stm32f4xx_ltdc.o
#        F:\work\YarnControl_Driver\src\stm32f4_rtos\Project\EWARMv7\Flash\Obj\stm32f4xx_pwr.o
#        F:\work\YarnControl_Driver\src\stm32f4_rtos\Project\EWARMv7\Flash\Obj\stm32f4xx_rcc.o
#        F:\work\YarnControl_Driver\src\stm32f4_rtos\Project\EWARMv7\Flash\Obj\stm32f4xx_rng.o
#        F:\work\YarnControl_Driver\src\stm32f4_rtos\Project\EWARMv7\Flash\Obj\stm32f4xx_rtc.o
#        F:\work\YarnControl_Driver\src\stm32f4_rtos\Project\EWARMv7\Flash\Obj\stm32f4xx_sai.o
#        F:\work\YarnControl_Driver\src\stm32f4_rtos\Project\EWARMv7\Flash\Obj\stm32f4xx_sdio.o
#        F:\work\YarnControl_Driver\src\stm32f4_rtos\Project\EWARMv7\Flash\Obj\stm32f4xx_spi.o
#        F:\work\YarnControl_Driver\src\stm32f4_rtos\Project\EWARMv7\Flash\Obj\stm32f4xx_syscfg.o
#        F:\work\YarnControl_Driver\src\stm32f4_rtos\Project\EWARMv7\Flash\Obj\stm32f4xx_tim.o
#        F:\work\YarnControl_Driver\src\stm32f4_rtos\Project\EWARMv7\Flash\Obj\stm32f4xx_usart.o
#        F:\work\YarnControl_Driver\src\stm32f4_rtos\Project\EWARMv7\Flash\Obj\stm32f4xx_wwdg.o
#        F:\work\YarnControl_Driver\src\stm32f4_rtos\Project\EWARMv7\Flash\Obj\SysInfoTest.o
#        F:\work\YarnControl_Driver\src\stm32f4_rtos\Project\EWARMv7\Flash\Obj\system_stm32f4xx.o
#        F:\work\YarnControl_Driver\src\stm32f4_rtos\Project\EWARMv7\Flash\Obj\tasks.o
#        F:\work\YarnControl_Driver\src\stm32f4_rtos\Project\EWARMv7\Flash\Obj\timers.o
#        F:\work\YarnControl_Driver\src\stm32f4_rtos\Project\EWARMv7\Flash\Obj\usb_bsp.o
#        F:\work\YarnControl_Driver\src\stm32f4_rtos\Project\EWARMv7\Flash\Obj\usb_core.o
#        F:\work\YarnControl_Driver\src\stm32f4_rtos\Project\EWARMv7\Flash\Obj\usb_hcd.o
#        F:\work\YarnControl_Driver\src\stm32f4_rtos\Project\EWARMv7\Flash\Obj\usb_hcd_int.o
#        F:\work\YarnControl_Driver\src\stm32f4_rtos\Project\EWARMv7\Flash\Obj\usbh_core.o
#        F:\work\YarnControl_Driver\src\stm32f4_rtos\Project\EWARMv7\Flash\Obj\usbh_hcs.o
#        F:\work\YarnControl_Driver\src\stm32f4_rtos\Project\EWARMv7\Flash\Obj\usbh_ioreq.o
#        F:\work\YarnControl_Driver\src\stm32f4_rtos\Project\EWARMv7\Flash\Obj\usbh_it.o
#        F:\work\YarnControl_Driver\src\stm32f4_rtos\Project\EWARMv7\Flash\Obj\usbh_msc_bot.o
#        F:\work\YarnControl_Driver\src\stm32f4_rtos\Project\EWARMv7\Flash\Obj\usbh_msc_core.o
#        F:\work\YarnControl_Driver\src\stm32f4_rtos\Project\EWARMv7\Flash\Obj\usbh_msc_scsi.o
#        F:\work\YarnControl_Driver\src\stm32f4_rtos\Project\EWARMv7\Flash\Obj\usbh_stdreq.o
#        F:\work\YarnControl_Driver\src\stm32f4_rtos\Project\EWARMv7\Flash\Obj\usbh_usr.o
#        -o
#        F:\work\YarnControl_Driver\src\stm32f4_rtos\Project\EWARMv7\Flash\Exe\project.out
#        --map
#        F:\work\YarnControl_Driver\src\stm32f4_rtos\Project\EWARMv7\Flash\List\project.map
#        --config
#        F:\work\YarnControl_Driver\src\stm32f4_rtos\Project\EWARMv7\stm32f4xx_flash.icf
#        --semihosting --entry __iar_program_start --inline --vfe
#
###############################################################################

*******************************************************************************
*** RUNTIME MODEL ATTRIBUTES
***

CppFlavor       = *
__SystemLibrary = DLib


*******************************************************************************
*** PLACEMENT SUMMARY
***

"A1":  place at 0x08000000 { ro section .intvec };
"P1":  place in [from 0x08000000 to 0x080fffff] { ro };
"P2":  place in [from 0x20000000 to 0x2001ffff] { rw, block CSTACK, block HEAP };

  Section             Kind        Address     Size  Object
  -------             ----        -------     ----  ------
"A1":                                        0x188
  .intvec             ro code  0x08000000    0x188  startup_stm32f40_41xxx.o [1]
                             - 0x08000188    0x188

"P1":                                      0x3fad4
  .rodata             const    0x08000188  0x15484  cc936.o [1]
  .rodata             const    0x0801560c  0x15484  cc936.o [1]
  .text               ro code  0x0802aa90   0x3998  apptask.o [1]
  .text               ro code  0x0802e428    0xc00  tasks.o [1]
  .text               ro code  0x0802f028    0x7c8  queue.o [1]
  .text               ro code  0x0802f7f0    0xca8  bsp_sdwe050c17.o [1]
  .text               ro code  0x08030498    0x494  product_cal.o [1]
  .text               ro code  0x0803092c     0x66  ABImemset.o [5]
  .text               ro code  0x08030992      0xa  xsprout.o [3]
  .text               ro code  0x0803099c    0x380  bsp_w25qxx.o [1]
  .text               ro code  0x08030d1c     0x76  ABImemcpy_unaligned.o [5]
  .text               ro code  0x08030d94     0x4e  FltToDbl.o [4]
  .text               ro code  0x08030de4     0x24  printf.o [3]
  .text               ro code  0x08030e08     0x62  memcmp_unaligned.o [5]
  .text               ro code  0x08030e6c     0x42  strcmp_unaligned.o [5]
  .text               ro code  0x08030eb0    0x21c  malloc.o [1]
  .text               ro code  0x080310cc    0x2ec  stm32f4xx_tim.o [1]
  .text               ro code  0x080313b8     0x30  I32ToDbl.o [4]
  .text               ro code  0x080313e8    0x256  DblDiv.o [4]
  .text               ro code  0x08031640     0xe8  DblAdd.o [4]
  .text               ro code  0x08031728    0x1a2  DblMul.o [4]
  .text               ro code  0x080318cc     0x58  DblToI32.o [4]
  .text               ro code  0x08031924     0x36  strlen.o [5]
  .text               ro code  0x0803195c    0x1b6  usbh_usr.o [1]
  .text               ro code  0x08031b14    0x760  usbh_core.o [1]
  .text               ro code  0x08032274   0x2264  ff.o [1]
  .text               ro code  0x080344d8     0x34  sprintf.o [3]
  .text               ro code  0x0803450c     0x1c  strcat.o [3]
  .text               ro code  0x08034528     0xc0  bsp_led.o [1]
  .text               ro code  0x080345e8     0xae  rc522.o [1]
  .text               ro code  0x08034698    0x354  modbus.o [1]
  .text               ro code  0x080349ec     0x68  bsp_sw_onoff.o [1]
  .text               ro code  0x08034a54     0x44  protocol.o [1]
  .text               ro code  0x08034a98     0x10  apptask.o [1]
  .text               ro code  0x08034aa8    0x21c  bsp_stepmotor.o [1]
  .text               ro code  0x08034cc4    0x12c  stm32f4xx_gpio.o [1]
  .text               ro code  0x08034df0    0x262  event_groups.o [1]
  .text               ro code  0x08035054    0x4a4  timers.o [1]
  .text               ro code  0x080354f8      0x8  bsp_watchdog.o [1]
  .text               ro code  0x08035500    0x24c  port.o [1]
  .text               ro code  0x0803574c     0x98  list.o [1]
  .text               ro code  0x080357e4    0x280  heap_4.o [1]
  .text               ro code  0x08035a64    0x1c4  stm32f4xx_rcc.o [1]
  .text               ro code  0x08035c28    0xa64  bsp_uart_fifo.o [1]
  .text               ro code  0x0803668c    0x204  bsp_timer.o [1]
  .text               ro code  0x08036890    0x124  bsp_spi.o [1]
  .text               ro code  0x080369b4    0xd96  xprintffull_nomb.o [3]
  .text               ro code  0x0803774c    0x180  DblSub.o [4]
  .text               ro code  0x080378cc    0x14c  usb_bsp.o [1]
  .text               ro code  0x08037a18     0xd6  usb_hcd.o [1]
  .text               ro code  0x08037aee    0x1ba  usbh_hcs.o [1]
  .text               ro code  0x08037ca8    0x436  usbh_stdreq.o [1]
  .text               ro code  0x080380de    0x246  usbh_ioreq.o [1]
  .text               ro code  0x08038324    0x2e4  diskio.o [1]
  .text               ro code  0x08038608     0xf4  cc936.o [1]
  .text               ro code  0x080386fc     0xb8  mcheck.o [1]
  .text               ro code  0x080387b4     0x2c  strstr.o [3]
  .text               ro code  0x080387e0     0x10  stm32f4xx_iwdg.o [1]
  CODE                ro code  0x080387f0     0xa8  portasm.o [1]
  .text               ro code  0x08038898    0x22e  stm32f4xx_usart.o [1]
  .text               ro code  0x08038ac8     0x88  misc.o [1]
  .text               ro code  0x08038b50    0x2b4  stm32f4xx_dma.o [1]
  .text               ro code  0x08038e04     0x74  stm32f4xx_spi.o [1]
  .text               ro code  0x08038e78     0x16  strchr.o [5]
  .text               ro code  0x08038e90     0x58  memchr.o [5]
  .text               ro code  0x08038ee8     0xee  I64DivMod.o [5]
  .text               ro code  0x08038fd6     0x42  xdnorm.o [4]
  .text               ro code  0x08039018     0x2e  DblCmpLe.o [4]
  .text               ro code  0x08039048     0x2e  DblCmpGe.o [4]
  .text               ro code  0x08039078    0x114  xdscale.o [4]
  .text               ro code  0x0803918c     0x6c  localeconv.o [3]
  .text               ro code  0x080391f8      0xe  div.o [3]
  .text               ro code  0x08039208     0x74  bsp_dwt.o [1]
  .text               ro code  0x0803927c    0xa50  usb_core.o [1]
  .text               ro code  0x08039ccc   0x1a58  bsp_sdio_sd.o [1]
  .text               ro code  0x0803b724    0x618  usbh_msc_scsi.o [1]
  .text               ro code  0x0803bd3c    0x554  usbh_msc_bot.o [1]
  .text               ro code  0x0803c290      0x2  I64DivZer.o [5]
  .text               ro code  0x0803c294    0x17c  stm32f4xx_sdio.o [1]
  .text               ro code  0x0803c410    0xc7e  usb_hcd_int.o [1]
  .text               ro code  0x0803d090    0x3e8  usbh_msc_core.o [1]
  .rodata             const    0x0803d478    0x3dc  cc936.o [1]
  .rodata             const    0x0803d854    0x3dc  cc936.o [1]
  .text               ro code  0x0803dc30    0x2e0  bsp_tim_pwm.o [1]
  .text               ro code  0x0803df10    0x2b8  para.o [1]
  .text               ro code  0x0803e1c8     0x44  strcpy_unaligned.o [5]
  .rodata             const    0x0803e20c    0x1f4  apptask.o [1]
  .rodata             const    0x0803e400    0x190  product_cal.o [1]
  .text               ro code  0x0803e590    0x154  system_stm32f4xx.o [1]
  .rodata             const    0x0803e6e4    0x100  mcheck.o [1]
  .rodata             const    0x0803e7e4    0x100  mcheck.o [1]
  .rodata             const    0x0803e8e4    0x100  mcheck.o [1]
  .text               ro code  0x0803e9e4     0xd4  bsp_closeSW.o [1]
  .text               ro code  0x0803eab8     0x54  stm32f4xx_syscfg.o [1]
  .text               ro code  0x0803eb0c     0xc0  stm32f4xx_exti.o [1]
  .text               ro code  0x0803ebcc     0xc4  bsp_servomotor.o [1]
  .text               ro code  0x0803ec90     0x50  bsp.o [1]
  .text               ro code  0x0803ece0     0x44  bsp_relay.o [1]
  .text               ro code  0x0803ed24     0x40  zero_init3.o [5]
  .text               ro code  0x0803ed64     0x3c  SysInfoTest.o [1]
  .rodata             const    0x0803eda0     0x38  demo_fatfs.o [1]
  .text               ro code  0x0803edd8     0x38  stm32f4xx_it.o [1]
  .text               ro code  0x0803ee10     0x34  main.o [1]
  .rodata             const    0x0803ee44     0x30  apptask.o [1]
  .rodata             const    0x0803ee74     0x30  demo_fatfs.o [1]
  .rodata             const    0x0803eea4     0x30  demo_fatfs.o [1]
  .rodata             const    0x0803eed4     0x2c  apptask.o [1]
  .rodata             const    0x0803ef00     0x2c  demo_fatfs.o [1]
  .rodata             const    0x0803ef2c     0x2c  demo_fatfs.o [1]
  .rodata             const    0x0803ef58     0x2c  stm32f4xx_it.o [1]
  .text               ro code  0x0803ef84     0x2c  copy_init3.o [5]
  .rodata             const    0x0803efb0     0x28  demo_fatfs.o [1]
  .rodata             const    0x0803efd8     0x28  demo_fatfs.o [1]
  .rodata             const    0x0803f000     0x28  demo_fatfs.o [1]
  .text               ro code  0x0803f028     0x28  data_init.o [5]
  .rodata             const    0x0803f050     0x24  demo_fatfs.o [1]
  .rodata             const    0x0803f074     0x24  demo_fatfs.o [1]
  .rodata             const    0x0803f098     0x24  usbh_usr.o [1]
  .text               ro code  0x0803f0bc     0x22  fpinit_M.o [4]
  .iar.init_table     const    0x0803f0e0     0x2c  - Linker created -
  .rodata             const    0x0803f10c     0x20  apptask.o [1]
  .rodata             const    0x0803f12c     0x20  apptask.o [1]
  .rodata             const    0x0803f14c     0x20  bsp_sdwe050c17.o [1]
  .rodata             const    0x0803f16c     0x20  demo_fatfs.o [1]
  .rodata             const    0x0803f18c     0x20  demo_fatfs.o [1]
  .rodata             const    0x0803f1ac     0x20  demo_fatfs.o [1]
  .rodata             const    0x0803f1cc     0x20  usbh_usr.o [1]
  .rodata             const    0x0803f1ec     0x20  usbh_usr.o [1]
  .rodata             const    0x0803f20c     0x20  usbh_usr.o [1]
  .rodata             const    0x0803f22c     0x20  usbh_usr.o [1]
  .rodata             const    0x0803f24c     0x20  usbh_usr.o [1]
  .rodata             const    0x0803f26c     0x1c  apptask.o [1]
  .rodata             const    0x0803f288     0x1c  apptask.o [1]
  .rodata             const    0x0803f2a4     0x1c  apptask.o [1]
  .rodata             const    0x0803f2c0     0x1c  apptask.o [1]
  .rodata             const    0x0803f2dc     0x1c  apptask.o [1]
  .rodata             const    0x0803f2f8     0x1c  apptask.o [1]
  .rodata             const    0x0803f314     0x1c  demo_fatfs.o [1]
  .rodata             const    0x0803f330     0x1c  demo_fatfs.o [1]
  .rodata             const    0x0803f34c     0x1c  usbh_usr.o [1]
  .rodata             const    0x0803f368     0x1c  usbh_usr.o [1]
  .rodata             const    0x0803f384     0x1c  usbh_usr.o [1]
  .rodata             const    0x0803f3a0     0x1c  usbh_usr.o [1]
  .rodata             const    0x0803f3bc     0x1c  usbh_usr.o [1]
  .rodata             const    0x0803f3d8     0x1c  usbh_usr.o [1]
  .text               ro code  0x0803f3f4     0x1a  cmain.o [5]
  .text               ro code  0x0803f40e      0x4  exit.o [3]
  .text               ro code  0x0803f414      0xa  cexit.o [5]
  .text               ro code  0x0803f420     0x14  exit.o [6]
  .rodata             const    0x0803f434     0x18  apptask.o [1]
  .rodata             const    0x0803f44c     0x18  apptask.o [1]
  .rodata             const    0x0803f464     0x18  apptask.o [1]
  .rodata             const    0x0803f47c     0x18  apptask.o [1]
  .rodata             const    0x0803f494     0x18  apptask.o [1]
  .rodata             const    0x0803f4ac     0x18  apptask.o [1]
  .rodata             const    0x0803f4c4     0x18  apptask.o [1]
  .rodata             const    0x0803f4dc     0x18  demo_fatfs.o [1]
  .rodata             const    0x0803f4f4     0x18  demo_fatfs.o [1]
  .rodata             const    0x0803f50c     0x18  demo_fatfs.o [1]
  .rodata             const    0x0803f524     0x18  demo_fatfs.o [1]
  .rodata             const    0x0803f53c     0x18  usbh_usr.o [1]
  .rodata             const    0x0803f554     0x18  usbh_usr.o [1]
  .rodata             const    0x0803f56c     0x18  usbh_usr.o [1]
  .rodata             const    0x0803f584     0x18  usbh_usr.o [1]
  .rodata             const    0x0803f59c     0x18  usbh_usr.o [1]
  .text               ro code  0x0803f5b4     0x16  xprout.o [3]
  .text               ro code  0x0803f5cc      0xc  putchar.o [3]
  .rodata             const    0x0803f5d8     0x14  apptask.o [1]
  .rodata             const    0x0803f5ec     0x14  apptask.o [1]
  .rodata             const    0x0803f600     0x14  apptask.o [1]
  .rodata             const    0x0803f614     0x14  apptask.o [1]
  .rodata             const    0x0803f628     0x14  apptask.o [1]
  .rodata             const    0x0803f63c     0x14  usbh_usr.o [1]
  .rodata             const    0x0803f650     0x14  usbh_usr.o [1]
  .rodata             const    0x0803f664     0x10  apptask.o [1]
  .rodata             const    0x0803f674     0x10  apptask.o [1]
  .rodata             const    0x0803f684     0x10  apptask.o [1]
  .rodata             const    0x0803f694     0x10  apptask.o [1]
  .rodata             const    0x0803f6a4     0x10  apptask.o [1]
  .rodata             const    0x0803f6b4     0x10  apptask.o [1]
  .rodata             const    0x0803f6c4     0x10  apptask.o [1]
  .rodata             const    0x0803f6d4     0x10  apptask.o [1]
  .rodata             const    0x0803f6e4     0x10  apptask.o [1]
  .rodata             const    0x0803f6f4     0x10  ff.o [1]
  .rodata             const    0x0803f704     0x10  main.o [1]
  .rodata             const    0x0803f714     0x10  main.o [1]
  .rodata             const    0x0803f724     0x10  usbh_usr.o [1]
  .rodata             const    0x0803f734     0x10  usbh_usr.o [1]
  .text               ro code  0x0803f744     0x10  startup_stm32f40_41xxx.o [1]
  .text               ro code  0x0803f754     0x10  usbh_it.o [1]
  .rodata             const    0x0803f764      0xc  apptask.o [1]
  .rodata             const    0x0803f770      0xc  apptask.o [1]
  .rodata             const    0x0803f77c      0xc  apptask.o [1]
  .rodata             const    0x0803f788      0xc  apptask.o [1]
  .rodata             const    0x0803f794      0xc  apptask.o [1]
  .rodata             const    0x0803f7a0      0xc  apptask.o [1]
  .rodata             const    0x0803f7ac      0xc  apptask.o [1]
  .rodata             const    0x0803f7b8      0xc  apptask.o [1]
  .rodata             const    0x0803f7c4      0xc  apptask.o [1]
  .rodata             const    0x0803f7d0      0xc  apptask.o [1]
  .rodata             const    0x0803f7dc      0xc  apptask.o [1]
  .rodata             const    0x0803f7e8      0xc  apptask.o [1]
  .rodata             const    0x0803f7f4      0xc  apptask.o [1]
  .rodata             const    0x0803f800      0xc  apptask.o [1]
  .rodata             const    0x0803f80c      0xc  apptask.o [1]
  .rodata             const    0x0803f818      0xc  apptask.o [1]
  .rodata             const    0x0803f824      0xc  apptask.o [1]
  .rodata             const    0x0803f830      0xc  apptask.o [1]
  .rodata             const    0x0803f83c      0xc  apptask.o [1]
  .rodata             const    0x0803f848      0xc  apptask.o [1]
  .rodata             const    0x0803f854      0xc  apptask.o [1]
  .rodata             const    0x0803f860      0xc  apptask.o [1]
  .rodata             const    0x0803f86c      0xc  apptask.o [1]
  .rodata             const    0x0803f878      0xc  apptask.o [1]
  .rodata             const    0x0803f884      0xc  apptask.o [1]
  .rodata             const    0x0803f890      0xc  apptask.o [1]
  .rodata             const    0x0803f89c      0xc  bsp_sdwe050c17.o [1]
  .rodata             const    0x0803f8a8      0xc  bsp_sdwe050c17.o [1]
  .rodata             const    0x0803f8b4      0xc  demo_fatfs.o [1]
  .rodata             const    0x0803f8c0      0xc  ff.o [1]
  .text               ro code  0x0803f8cc      0xc  cstartup_M.o [5]
  .rodata             const    0x0803f8d8      0x8  apptask.o [1]
  .rodata             const    0x0803f8e0      0x8  apptask.o [1]
  .rodata             const    0x0803f8e8      0x8  apptask.o [1]
  .rodata             const    0x0803f8f0      0x8  apptask.o [1]
  .rodata             const    0x0803f8f8      0x8  apptask.o [1]
  .rodata             const    0x0803f900      0x8  apptask.o [1]
  .rodata             const    0x0803f908      0x8  apptask.o [1]
  .rodata             const    0x0803f910      0x8  apptask.o [1]
  .rodata             const    0x0803f918      0x8  apptask.o [1]
  .rodata             const    0x0803f920      0x8  apptask.o [1]
  .rodata             const    0x0803f928      0x8  apptask.o [1]
  .rodata             const    0x0803f930      0x8  bsp_w25qxx.o [1]
  .rodata             const    0x0803f938      0x8  ff.o [1]
  .rodata             const    0x0803f940      0x8  malloc.o [1]
  .rodata             const    0x0803f948      0x8  malloc.o [1]
  .rodata             const    0x0803f950      0x8  malloc.o [1]
  .rodata             const    0x0803f958      0x8  para.o [1]
  .rodata             const    0x0803f960      0x8  para.o [1]
  .rodata             const    0x0803f968      0x8  para.o [1]
  .rodata             const    0x0803f970      0x8  tasks.o [1]
  .rodata             const    0x0803f978      0x8  timers.o [1]
  .rodata             const    0x0803f980      0x4  heap_4.o [1]
  .rodata             const    0x0803f984      0x4  port.o [1]
  .text               ro code  0x0803f988      0x4  startup_stm32f40_41xxx.o [1]
  .text               ro code  0x0803f98c      0x4  startup_stm32f40_41xxx.o [1]
  .text               ro code  0x0803f990      0x4  startup_stm32f40_41xxx.o [1]
  .text               ro code  0x0803f994      0x4  startup_stm32f40_41xxx.o [1]
  .text               ro code  0x0803f998      0x4  startup_stm32f40_41xxx.o [1]
  .text               ro code  0x0803f99c      0x4  startup_stm32f40_41xxx.o [1]
  .text               ro code  0x0803f9a0      0x4  startup_stm32f40_41xxx.o [1]
  .text               ro code  0x0803f9a4      0x4  startup_stm32f40_41xxx.o [1]
  .text               ro code  0x0803f9a8      0x4  startup_stm32f40_41xxx.o [1]
  .text               ro code  0x0803f9ac      0x4  startup_stm32f40_41xxx.o [1]
  .text               ro code  0x0803f9b0      0x4  startup_stm32f40_41xxx.o [1]
  .text               ro code  0x0803f9b4      0x4  startup_stm32f40_41xxx.o [1]
  .text               ro code  0x0803f9b8      0x4  startup_stm32f40_41xxx.o [1]
  .text               ro code  0x0803f9bc      0x4  startup_stm32f40_41xxx.o [1]
  .text               ro code  0x0803f9c0      0x4  startup_stm32f40_41xxx.o [1]
  .text               ro code  0x0803f9c4      0x4  startup_stm32f40_41xxx.o [1]
  .text               ro code  0x0803f9c8      0x4  startup_stm32f40_41xxx.o [1]
  .text               ro code  0x0803f9cc      0x4  startup_stm32f40_41xxx.o [1]
  .text               ro code  0x0803f9d0      0x4  startup_stm32f40_41xxx.o [1]
  .text               ro code  0x0803f9d4      0x4  startup_stm32f40_41xxx.o [1]
  .text               ro code  0x0803f9d8      0x4  startup_stm32f40_41xxx.o [1]
  .text               ro code  0x0803f9dc      0x4  startup_stm32f40_41xxx.o [1]
  .text               ro code  0x0803f9e0      0x4  startup_stm32f40_41xxx.o [1]
  .text               ro code  0x0803f9e4      0x4  startup_stm32f40_41xxx.o [1]
  .text               ro code  0x0803f9e8      0x4  startup_stm32f40_41xxx.o [1]
  .text               ro code  0x0803f9ec      0x4  startup_stm32f40_41xxx.o [1]
  .text               ro code  0x0803f9f0      0x4  startup_stm32f40_41xxx.o [1]
  .text               ro code  0x0803f9f4      0x4  startup_stm32f40_41xxx.o [1]
  .text               ro code  0x0803f9f8      0x4  startup_stm32f40_41xxx.o [1]
  .text               ro code  0x0803f9fc      0x4  startup_stm32f40_41xxx.o [1]
  .text               ro code  0x0803fa00      0x4  startup_stm32f40_41xxx.o [1]
  .text               ro code  0x0803fa04      0x4  startup_stm32f40_41xxx.o [1]
  .text               ro code  0x0803fa08      0x4  startup_stm32f40_41xxx.o [1]
  .text               ro code  0x0803fa0c      0x4  startup_stm32f40_41xxx.o [1]
  .text               ro code  0x0803fa10      0x4  startup_stm32f40_41xxx.o [1]
  .text               ro code  0x0803fa14      0x4  startup_stm32f40_41xxx.o [1]
  .text               ro code  0x0803fa18      0x4  startup_stm32f40_41xxx.o [1]
  .text               ro code  0x0803fa1c      0x4  startup_stm32f40_41xxx.o [1]
  .text               ro code  0x0803fa20      0x4  startup_stm32f40_41xxx.o [1]
  .text               ro code  0x0803fa24      0x4  startup_stm32f40_41xxx.o [1]
  .text               ro code  0x0803fa28      0x4  startup_stm32f40_41xxx.o [1]
  .text               ro code  0x0803fa2c      0x4  startup_stm32f40_41xxx.o [1]
  .text               ro code  0x0803fa30      0x4  startup_stm32f40_41xxx.o [1]
  .text               ro code  0x0803fa34      0x4  startup_stm32f40_41xxx.o [1]
  .text               ro code  0x0803fa38      0x4  startup_stm32f40_41xxx.o [1]
  .text               ro code  0x0803fa3c      0x4  startup_stm32f40_41xxx.o [1]
  .text               ro code  0x0803fa40      0x4  startup_stm32f40_41xxx.o [1]
  .text               ro code  0x0803fa44      0x4  startup_stm32f40_41xxx.o [1]
  .text               ro code  0x0803fa48      0x4  startup_stm32f40_41xxx.o [1]
  .text               ro code  0x0803fa4c      0x4  startup_stm32f40_41xxx.o [1]
  .text               ro code  0x0803fa50      0x4  startup_stm32f40_41xxx.o [1]
  .text               ro code  0x0803fa54      0x4  startup_stm32f40_41xxx.o [1]
  .text               ro code  0x0803fa58      0x4  startup_stm32f40_41xxx.o [1]
  .text               ro code  0x0803fa5c      0x4  startup_stm32f40_41xxx.o [1]
  .text               ro code  0x0803fa60      0x4  startup_stm32f40_41xxx.o [1]
  .text               ro code  0x0803fa64      0x4  startup_stm32f40_41xxx.o [1]
  .text               ro code  0x0803fa68      0x4  startup_stm32f40_41xxx.o [1]
  .text               ro code  0x0803fa6c      0x4  startup_stm32f40_41xxx.o [1]
  .text               ro code  0x0803fa70      0x4  startup_stm32f40_41xxx.o [1]
  .text               ro code  0x0803fa74      0x4  startup_stm32f40_41xxx.o [1]
  .text               ro code  0x0803fa78      0x4  startup_stm32f40_41xxx.o [1]
  .text               ro code  0x0803fa7c      0x4  startup_stm32f40_41xxx.o [1]
  .text               ro code  0x0803fa80      0x4  startup_stm32f40_41xxx.o [1]
  .text               ro code  0x0803fa84      0x4  startup_stm32f40_41xxx.o [1]
  .text               ro code  0x0803fa88      0x4  startup_stm32f40_41xxx.o [1]
  .text               ro code  0x0803fa8c      0x4  startup_stm32f40_41xxx.o [1]
  .text               ro code  0x0803fa90      0x4  startup_stm32f40_41xxx.o [1]
  .text               ro code  0x0803fa94      0x4  startup_stm32f40_41xxx.o [1]
  .text               ro code  0x0803fa98      0x4  startup_stm32f40_41xxx.o [1]
  .text               ro code  0x0803fa9c      0x4  startup_stm32f40_41xxx.o [1]
  .text               ro code  0x0803faa0      0x4  startup_stm32f40_41xxx.o [1]
  .rodata             const    0x0803faa4      0x0  zero_init3.o [5]
  .rodata             const    0x0803faa4      0x0  copy_init3.o [5]
  Initializer bytes   const    0x0803faa4    0x1b8  <for P2 s0>
                             - 0x0803fc5c  0x3fad4

"P2":                                      0x1f608
  P2 s0                        0x20000000    0x1b8  <Init block>
    __DLIB_PERTHREAD  inited   0x20000000     0x88  localeconv.o [3]
    .data             inited   0x20000088     0x50  demo_fatfs.o [1]
    .data             inited   0x200000d8     0x48  usbh_usr.o [1]
    .data             inited   0x20000120     0x40  xfiles.o [3]
    .data             inited   0x20000160     0x1c  malloc.o [1]
    .data             inited   0x2000017c     0x10  stm32f4xx_rcc.o [1]
    .data             inited   0x2000018c     0x10  usbh_msc_core.o [1]
    .data             inited   0x2000019c      0xc  usbh_core.o [1]
    .data             inited   0x200001a8      0x4  port.o [1]
    .data             inited   0x200001ac      0x4  system_stm32f4xx.o [1]
    .data             inited   0x200001b0      0x4  usbh_core.o [1]
    .data             inited   0x200001b4      0x2  bsp_w25qxx.o [1]
    .data             inited   0x200001b6      0x1  usbh_msc_scsi.o [1]
  .bss                zero     0x200001b8  0x11800  heap_4.o [1]
  .bss                zero     0x200119b8   0xa000  malloc.o [1]
  .bss                zero     0x2001b9b8   0x1000  bsp_w25qxx.o [1]
  .bss                zero     0x2001c9b8    0xa00  malloc.o [1]
  .bss                zero     0x2001d3b8    0x5ac  usbh_usr.o [1]
  .bss                zero     0x2001d964    0x5ac  usbh_usr.o [1]
  .bss                zero     0x2001df10    0x200  ff.o [1]
  .bss                zero     0x2001e110    0x200  usbh_msc_scsi.o [1]
  .bss                zero     0x2001e310    0x200  usbh_stdreq.o [1]
  .bss                zero     0x2001e510     0xc8  tasks.o [1]
  .bss                zero     0x2001e5d8     0xa4  protocol.o [1]
  .bss                zero     0x2001e67c     0x94  usbh_usr.o [1]
  .bss                zero     0x2001e710     0x84  para.o [1]
  .bss                zero     0x2001e794     0x70  protocol.o [1]
  .bss                zero     0x2001e804     0x64  bsp_uart_fifo.o [1]
  .bss                zero     0x2001e868     0x64  bsp_uart_fifo.o [1]
  .bss                zero     0x2001e8cc     0x64  bsp_uart_fifo.o [1]
  .bss                zero     0x2001e930     0x58  bsp_sdio_sd.o [1]
  .bss                zero     0x2001e988     0x50  protocol.o [1]
  .bss                zero     0x2001e9d8     0x50  xfiles.o [3]
  .bss                zero     0x2001ea28     0x4c  usbh_msc_core.o [1]
  .bss                zero     0x2001ea74     0x34  bsp_sdwe050c17.o [1]
  .bss                zero     0x2001eaa8     0x2c  product_cal.o [1]
  .bss                zero     0x2001ead4     0x28  bsp_uart_fifo.o [1]
  .bss                zero     0x2001eafc     0x28  product_cal.o [1]
  .bss                zero     0x2001eb24     0x24  ff.o [1]
  .bss                zero     0x2001eb48     0x20  usbh_msc_bot.o [1]
  .bss                zero     0x2001eb68     0x18  bsp_sdio_sd.o [1]
  .bss                zero     0x2001eb80     0x18  bsp_sdio_sd.o [1]
  .bss                zero     0x2001eb98     0x14  bsp_sdio_sd.o [1]
  .bss                zero     0x2001ebac     0x14  rc522.o [1]
  .bss                zero     0x2001ebc0     0x14  tasks.o [1]
  .bss                zero     0x2001ebd4     0x14  tasks.o [1]
  .bss                zero     0x2001ebe8     0x14  tasks.o [1]
  .bss                zero     0x2001ebfc     0x14  tasks.o [1]
  .bss                zero     0x2001ec10     0x14  tasks.o [1]
  .bss                zero     0x2001ec24     0x14  timers.o [1]
  .bss                zero     0x2001ec38     0x14  timers.o [1]
  .bss                zero     0x2001ec4c     0x10  bsp_sdio_sd.o [1]
  .bss                zero     0x2001ec5c     0x10  bsp_sdio_sd.o [1]
  .bss                zero     0x2001ec6c     0x10  usbh_msc_bot.o [1]
  .bss                zero     0x2001ec7c     0x10  usbh_msc_bot.o [1]
  .bss                zero     0x2001ec8c     0x10  usbh_msc_scsi.o [1]
  .bss                zero     0x2001ec9c      0xc  apptask.o [1]
  .bss                zero     0x2001eca8      0xc  apptask.o [1]
  .bss                zero     0x2001ecb4      0xc  ff.o [1]
  .bss                zero     0x2001ecc0      0xc  protocol.o [1]
  .bss                zero     0x2001eccc      0xc  protocol.o [1]
  .bss                zero     0x2001ecd8      0xc  protocol.o [1]
  .bss                zero     0x2001ece4      0x8  heap_4.o [1]
  .bss                zero     0x2001ecec      0x8  modbus.o [1]
  .bss                zero     0x2001ecf4      0x8  protocol.o [1]
  .bss                zero     0x2001ecfc      0x4  apptask.o [1]
  .bss                zero     0x2001ed00      0x4  apptask.o [1]
  .bss                zero     0x2001ed04      0x4  apptask.o [1]
  .bss                zero     0x2001ed08      0x4  apptask.o [1]
  .bss                zero     0x2001ed0c      0x4  apptask.o [1]
  .bss                zero     0x2001ed10      0x4  apptask.o [1]
  .bss                zero     0x2001ed14      0x4  apptask.o [1]
  .bss                zero     0x2001ed18      0x4  apptask.o [1]
  .bss                zero     0x2001ed1c      0x4  apptask.o [1]
  .bss                zero     0x2001ed20      0x4  apptask.o [1]
  .bss                zero     0x2001ed24      0x4  apptask.o [1]
  .bss                zero     0x2001ed28      0x4  apptask.o [1]
  .bss                zero     0x2001ed2c      0x4  apptask.o [1]
  .bss                zero     0x2001ed30      0x4  apptask.o [1]
  .bss                zero     0x2001ed34      0x4  apptask.o [1]
  .bss                zero     0x2001ed38      0x4  apptask.o [1]
  .bss                zero     0x2001ed3c      0x4  bsp_sdio_sd.o [1]
  .bss                zero     0x2001ed40      0x4  bsp_sdio_sd.o [1]
  .bss                zero     0x2001ed44      0x4  bsp_sdio_sd.o [1]
  .bss                zero     0x2001ed48      0x4  bsp_sdio_sd.o [1]
  .bss                zero     0x2001ed4c      0x4  bsp_sdio_sd.o [1]
  .bss                zero     0x2001ed50      0x4  bsp_timer.o [1]
  .bss                zero     0x2001ed54      0x4  bsp_timer.o [1]
  .bss                zero     0x2001ed58      0x4  bsp_timer.o [1]
  .bss                zero     0x2001ed5c      0x4  bsp_timer.o [1]
  .bss                zero     0x2001ed60      0x4  heap_4.o [1]
  .bss                zero     0x2001ed64      0x4  heap_4.o [1]
  .bss                zero     0x2001ed68      0x4  heap_4.o [1]
  .bss                zero     0x2001ed6c      0x4  heap_4.o [1]
  .bss                zero     0x2001ed70      0x4  port.o [1]
  .bss                zero     0x2001ed74      0x4  product_cal.o [1]
  .bss                zero     0x2001ed78      0x4  product_cal.o [1]
  .bss                zero     0x2001ed7c      0x4  SysInfoTest.o [1]
  .bss                zero     0x2001ed80      0x4  tasks.o [1]
  .bss                zero     0x2001ed84      0x4  tasks.o [1]
  .bss                zero     0x2001ed88      0x4  tasks.o [1]
  .bss                zero     0x2001ed8c      0x4  tasks.o [1]
  .bss                zero     0x2001ed90      0x4  tasks.o [1]
  .bss                zero     0x2001ed94      0x4  tasks.o [1]
  .bss                zero     0x2001ed98      0x4  tasks.o [1]
  .bss                zero     0x2001ed9c      0x4  tasks.o [1]
  .bss                zero     0x2001eda0      0x4  tasks.o [1]
  .bss                zero     0x2001eda4      0x4  tasks.o [1]
  .bss                zero     0x2001eda8      0x4  tasks.o [1]
  .bss                zero     0x2001edac      0x4  tasks.o [1]
  .bss                zero     0x2001edb0      0x4  tasks.o [1]
  .bss                zero     0x2001edb4      0x4  tasks.o [1]
  .bss                zero     0x2001edb8      0x4  tasks.o [1]
  .bss                zero     0x2001edbc      0x4  tasks.o [1]
  .bss                zero     0x2001edc0      0x4  timers.o [1]
  .bss                zero     0x2001edc4      0x4  timers.o [1]
  .bss                zero     0x2001edc8      0x4  timers.o [1]
  .bss                zero     0x2001edcc      0x4  timers.o [1]
  .bss                zero     0x2001edd0      0x4  usbh_msc_bot.o [1]
  .bss                zero     0x2001edd4      0x4  usbh_msc_bot.o [1]
  .bss                zero     0x2001edd8      0x4  usbh_msc_bot.o [1]
  .bss                zero     0x2001eddc      0x4  usbh_msc_bot.o [1]
  .bss                zero     0x2001ede0      0x2  apptask.o [1]
  .bss                zero     0x2001ede2      0x2  apptask.o [1]
  .bss                zero     0x2001ede4      0x2  apptask.o [1]
  .bss                zero     0x2001ede6      0x2  apptask.o [1]
  .bss                zero     0x2001ede8      0x2  bsp_sdwe050c17.o [1]
  .bss                zero     0x2001edea      0x2  ff.o [1]
  .bss                zero     0x2001edec      0x2  usbh_core.o [1]
  .bss                zero     0x2001edee      0x2  usbh_stdreq.o [1]
  .bss                zero     0x2001edf0      0x1  apptask.o [1]
  .bss                zero     0x2001edf1      0x1  apptask.o [1]
  .bss                zero     0x2001edf2      0x1  apptask.o [1]
  .bss                zero     0x2001edf3      0x1  apptask.o [1]
  .bss                zero     0x2001edf4      0x1  apptask.o [1]
  .bss                zero     0x2001edf5      0x1  apptask.o [1]
  .bss                zero     0x2001edf6      0x1  apptask.o [1]
  .bss                zero     0x2001edf7      0x1  apptask.o [1]
  .bss                zero     0x2001edf8      0x1  bsp_sdio_sd.o [1]
  .bss                zero     0x2001edf9      0x1  bsp_sdwe050c17.o [1]
  .bss                zero     0x2001edfa      0x1  bsp_uart_fifo.o [1]
  .bss                zero     0x2001edfb      0x1  port.o [1]
  .bss                zero     0x2001edfc      0x1  product_cal.o [1]
  .bss                zero     0x2001edfd      0x1  product_cal.o [1]
  .bss                zero     0x2001edfe      0x1  protocol.o [1]
  .bss                zero     0x2001edff      0x1  rc522.o [1]
  .bss                zero     0x2001ee00      0x1  rc522.o [1]
  .bss                zero     0x2001ee01      0x1  usbh_msc_bot.o [1]
  .bss                zero     0x2001ee02      0x1  usbh_msc_core.o [1]
  .bss                zero     0x2001ee03      0x1  usbh_msc_core.o [1]
  .bss                zero     0x2001ee04      0x1  usbh_stdreq.o [1]
  .bss                zero     0x2001ee05      0x1  usbh_usr.o [1]
  CSTACK                       0x2001ee08    0x800  <Block>
    CSTACK            uninit   0x2001ee08    0x800  <Block tail>
                             - 0x2001f608  0x1f608

Absolute sections:                         0xff000
  .bss                zero     0x68000000  0xf0000  malloc.o [1]
  .bss                zero     0x680f0000   0xf000  malloc.o [1]
                             - 0x680ff000  0xff000


*******************************************************************************
*** INIT TABLE
***

          Address     Size
          -------     ----
Zero (__iar_zero_init3)
    2 destination ranges, total size 0x11dc4e:
          0x200001b8  0x1ec4e
          0x68000000  0xff000

Copy (__iar_copy_init3)
    1 source range, total size 0x1b8 (100% of destination):
          0x0803faa4    0x1b8
    1 destination range, total size 0x1b7:
          0x20000000    0x1b7



*******************************************************************************
*** MODULE SUMMARY
***

    Module                    ro code  ro data  rw data    rw data
                                                            (abs)
    ------                    -------  -------  -------    -------
F:\work\YarnControl_Driver\src\stm32f4_rtos\Project\EWARMv7\Flash\Obj: [1]
    SysInfoTest.o                  60                 4
    apptask.o                  14 760    1 636      104
    bsp.o                          80
    bsp_closeSW.o                 212
    bsp_dwt.o                     116
    bsp_led.o                     192
    bsp_relay.o                    68
    bsp_sdio_sd.o               6 744               209
    bsp_sdwe050c17.o            3 240       56       55
    bsp_servomotor.o              196
    bsp_spi.o                     292
    bsp_stepmotor.o               540
    bsp_sw_onoff.o                104
    bsp_tim_pwm.o                 736
    bsp_timer.o                   516                16
    bsp_uart_fifo.o             2 660               341
    bsp_w25qxx.o                  896       10    4 098
    bsp_watchdog.o                  8
    cc936.o                       244  176 320
    demo_fatfs.o                           772       80
    diskio.o                      740
    event_groups.o                610
    ff.o                        8 804       36      562
    heap_4.o                      640        4   71 704
    list.o                        152
    main.o                         52       32
    malloc.o                      540       52   43 548  1 044 480
    mcheck.o                      184      768
    misc.o                        136
    modbus.o                      852                 8
    para.o                        696       24      132
    port.o                        588        8        9
    portasm.o                     168
    product_cal.o               1 172      400       94
    protocol.o                     68               401
    queue.o                     1 992
    rc522.o                       174                22
    startup_stm32f40_41xxx.o      692
    stm32f4xx_dma.o               692
    stm32f4xx_exti.o              192
    stm32f4xx_gpio.o              300
    stm32f4xx_it.o                 56       44
    stm32f4xx_iwdg.o               16
    stm32f4xx_rcc.o               452       16       16
    stm32f4xx_sdio.o              380
    stm32f4xx_spi.o               116
    stm32f4xx_syscfg.o             84
    stm32f4xx_tim.o               748
    stm32f4xx_usart.o             558
    system_stm32f4xx.o            340        4        4
    tasks.o                     3 072        8      364
    timers.o                    1 188        8       56
    usb_bsp.o                     332
    usb_core.o                  2 640
    usb_hcd.o                     214
    usb_hcd_int.o               3 198
    usbh_core.o                 1 888       16       18
    usbh_hcs.o                    442
    usbh_ioreq.o                  582
    usbh_it.o                      16
    usbh_msc_bot.o              1 364                81
    usbh_msc_core.o             1 000       16       94
    usbh_msc_scsi.o             1 560        1      529
    usbh_stdreq.o               1 078               515
    usbh_usr.o                    438      628    3 125
    --------------------------------------------------------------
    Total:                     72 870  180 859  126 189  1 044 480

command line: [2]
    --------------------------------------------------------------
    Total:

dl7M_tlf.a: [3]
    div.o                          14
    exit.o                          4
    localeconv.o                  108      136      136
    printf.o                       36
    putchar.o                      12
    sprintf.o                      52
    strcat.o                       28
    strstr.o                       44
    xfiles.o                                64      144
    xprintffull_nomb.o          3 478
    xprout.o                       22
    xsprout.o                      10
    --------------------------------------------------------------
    Total:                      3 808      200      280

m7M_tls.a: [4]
    DblAdd.o                      232
    DblCmpGe.o                     46
    DblCmpLe.o                     46
    DblDiv.o                      598
    DblMul.o                      418
    DblSub.o                      384
    DblToI32.o                     88
    FltToDbl.o                     78
    I32ToDbl.o                     48
    fpinit_M.o                     34
    xdnorm.o                       66
    xdscale.o                     276
    --------------------------------------------------------------
    Total:                      2 314

rt7M_tl.a: [5]
    ABImemcpy_unaligned.o         118
    ABImemset.o                   102
    I64DivMod.o                   238
    I64DivZer.o                     2
    cexit.o                        10
    cmain.o                        26
    copy_init3.o                   44
    cstartup_M.o                   12
    data_init.o                    40
    memchr.o                       88
    memcmp_unaligned.o             98
    strchr.o                       22
    strcmp_unaligned.o             66
    strcpy_unaligned.o             68
    strlen.o                       54
    zero_init3.o                   64
    --------------------------------------------------------------
    Total:                      1 052

shb_l.a: [6]
    exit.o                         20
    --------------------------------------------------------------
    Total:                         20

    Gaps                           42        2
    Linker created                          45    2 048
------------------------------------------------------------------
    Grand Total:               80 106  181 106  128 517  1 044 480


*******************************************************************************
*** ENTRY LIST
***

Entry                      Address     Size  Type      Object
-----                      -------     ----  ----      ------
.iar.init_table$$Base   0x0803f0e0            --   Gb  - Linker created -
.iar.init_table$$Limit  0x0803f10c            --   Gb  - Linker created -
?main                   0x0803f3f5           Code  Gb  cmain.o [5]
APBAHBPrescTable        0x2000017c     0x10  Data  Lc  stm32f4xx_rcc.o [1]
AppObjCreate            0x0802dfa9    0x130  Code  Gb  apptask.o [1]
AppTaskCreate           0x0802de7d    0x126  Code  Gb  apptask.o [1]
BOTStallErrorCount      0x2001edd0      0x4  Data  Lc  usbh_msc_bot.o [1]
BusFault_Handler        0x0803ee0b      0x2  Code  Gb  stm32f4xx_it.o [1]
CID_Tab                 0x2001ec5c     0x10  Data  Lc  bsp_sdio_sd.o [1]
CRC16HiTable            0x0803e6e4    0x100  Data  Gb  mcheck.o [1]
CRC16LoTable            0x0803e7e4    0x100  Data  Gb  mcheck.o [1]
CRC8Table               0x0803e8e4    0x100  Data  Gb  mcheck.o [1]
CSD_Tab                 0x2001ec4c     0x10  Data  Lc  bsp_sdio_sd.o [1]
CSTACK$$Base            0x2001ee08            --   Gb  - Linker created -
CSTACK$$Limit           0x2001f608            --   Gb  - Linker created -
CardType                0x2001ed3c      0x4  Data  Lc  bsp_sdio_sd.o [1]
CmdError                0x0803ae35     0x38  Code  Lc  bsp_sdio_sd.o [1]
CmdResp1Error           0x0803aed9    0x112  Code  Lc  bsp_sdio_sd.o [1]
CmdResp2Error           0x0803b029     0x52  Code  Lc  bsp_sdio_sd.o [1]
CmdResp3Error           0x0803afeb     0x3e  Code  Lc  bsp_sdio_sd.o [1]
CmdResp6Error           0x0803b07b     0xa6  Code  Lc  bsp_sdio_sd.o [1]
CmdResp7Error           0x0803ae6d     0x58  Code  Lc  bsp_sdio_sd.o [1]
ConfigExitNVIC          0x0803ea4f     0x22  Code  Gb  bsp_closeSW.o [1]
ConfigUartNVIC          0x08036059     0x7c  Code  Lc  bsp_uart_fifo.o [1]
DMA2_Stream3_IRQHandler
                        0x0803b71d      0x8  Code  Gb  bsp_sdio_sd.o [1]
DMAEndOfTransfer        0x2001ed4c      0x4  Data  Gb  bsp_sdio_sd.o [1]
DMA_ClearFlag           0x08038d33     0x24  Code  Gb  stm32f4xx_dma.o [1]
DMA_Cmd                 0x08038ce9     0x1a  Code  Gb  stm32f4xx_dma.o [1]
DMA_DeInit              0x08038b51    0x140  Code  Gb  stm32f4xx_dma.o [1]
DMA_FlowControllerConfig
                        0x08038d03     0x18  Code  Gb  stm32f4xx_dma.o [1]
DMA_GetCmdStatus        0x08038d1b     0x18  Code  Gb  stm32f4xx_dma.o [1]
DMA_ITConfig            0x08038d57     0x42  Code  Gb  stm32f4xx_dma.o [1]
DMA_Init                0x08038c91     0x58  Code  Gb  stm32f4xx_dma.o [1]
DebugMon_Handler        0x0803ee0f      0x2  Code  Gb  stm32f4xx_it.o [1]
DiskFile_init           0x08034a55     0x40  Code  Gb  protocol.o [1]
Disk_File               0x2001e794     0x70  Data  Gb  protocol.o [1]
EXTI9_5_IRQHandler      0x0803ea71     0x3c  Code  Gb  bsp_closeSW.o [1]
EXTI_ClearITPendingBit  0x0803ebaf      0x6  Code  Gb  stm32f4xx_exti.o [1]
EXTI_GetITStatus        0x0803eb95     0x1a  Code  Gb  stm32f4xx_exti.o [1]
EXTI_Init               0x0803eb0d     0x88  Code  Gb  stm32f4xx_exti.o [1]
FR_Table                0x20000088     0x50  Data  Gb  demo_fatfs.o [1]
FatFs                   0x2001ecb4      0xc  Data  Lc  ff.o [1]
File_info               0x2001e988     0x50  Data  Gb  protocol.o [1]
Files                   0x2001eb24     0x24  Data  Lc  ff.o [1]
FindSCR                 0x0803b2c9    0x206  Code  Lc  bsp_sdio_sd.o [1]
Fsid                    0x2001edea      0x2  Data  Lc  ff.o [1]
GPIO_Init               0x08034cc5     0xaa  Code  Gb  stm32f4xx_gpio.o [1]
GPIO_PinAFConfig        0x08034d97     0x5a  Code  Gb  stm32f4xx_gpio.o [1]
GPIO_ReadInputDataBit   0x08034d6f     0x1a  Code  Gb  stm32f4xx_gpio.o [1]
GPIO_WriteBit           0x08034d89      0xe  Code  Gb  stm32f4xx_gpio.o [1]
GetDeviceState          0x08034a21     0x2e  Code  Gb  bsp_sw_onoff.o [1]
HCD_GetCurrentFrame     0x08037aa9      0x8  Code  Gb  usb_hcd.o [1]
HCD_GetCurrentSpeed     0x08037a8b     0x10  Code  Gb  usb_hcd.o [1]
HCD_GetURB_State        0x08037ab1      0xa  Code  Gb  usb_hcd.o [1]
HCD_GetXferCnt          0x08037abb      0xc  Code  Gb  usb_hcd.o [1]
HCD_Init                0x08037a19     0x72  Code  Gb  usb_hcd.o [1]
HCD_ResetPort           0x08037a9b      0xe  Code  Gb  usb_hcd.o [1]
HCD_SubmitRequest       0x08037ac7     0x28  Code  Gb  usb_hcd.o [1]
HardFault_Handler       0x0803eddb     0x22  Code  Gb  stm32f4xx_it.o [1]
IWDG_Feed               0x080354f9      0x8  Code  Gb  bsp_watchdog.o [1]
IWDG_ReloadCounter      0x080387e1      0xa  Code  Gb  stm32f4xx_iwdg.o [1]
InitHardUart            0x08035c99    0x3c0  Code  Lc  bsp_uart_fifo.o [1]
Init_JINGSHA_GUI        0x0802f82f    0x122  Code  Gb  bsp_sdwe050c17.o [1]
LfnBuf                  0x2001df10    0x200  Data  Lc  ff.o [1]
LfnOfs                  0x0803f6f4     0x10  Data  Lc  ff.o [1]
LoadInt                 0x08036f41     0x6e  Code  Lc  xprintffull_nomb.o [3]
MSCErrorCount           0x2001ee02      0x1  Data  Gb  usbh_msc_core.o [1]
MSC_Machine             0x2001ea28     0x4c  Data  Gb  usbh_msc_core.o [1]
MSG_DEV_ATTACHED        0x0803f584     0x18  Data  Gb  usbh_usr.o [1]
MSG_DEV_DISCONNECTED    0x0803f59c     0x18  Data  Gb  usbh_usr.o [1]
MSG_DEV_ENUMERATED      0x0803f3a0     0x1c  Data  Gb  usbh_usr.o [1]
MSG_DEV_ERROR           0x0803f650     0x14  Data  Gb  usbh_usr.o [1]
MSG_DEV_FULLSPEED       0x0803f22c     0x20  Data  Gb  usbh_usr.o [1]
MSG_DEV_HIGHSPEED       0x0803f20c     0x20  Data  Gb  usbh_usr.o [1]
MSG_DEV_LOWSPEED        0x0803f24c     0x20  Data  Gb  usbh_usr.o [1]
MSG_HID_CLASS           0x0803f3bc     0x1c  Data  Gb  usbh_usr.o [1]
MSG_MSC_CLASS           0x0803f098     0x24  Data  Gb  usbh_usr.o [1]
MSG_UNREC_ERROR         0x0803f3d8     0x1c  Data  Gb  usbh_usr.o [1]
MemManage_Handler       0x0803ee09      0x2  Code  Gb  stm32f4xx_it.o [1]
NMI_Handler             0x0803edd9      0x2  Code  Gb  stm32f4xx_it.o [1]
NVIC_Init               0x08038ad3     0x6a  Code  Gb  misc.o [1]
NVIC_PriorityGroupConfig
                        0x08038ac9      0xa  Code  Gb  misc.o [1]
OTG_FS_IRQHandler       0x0803f755     0x10  Code  Gb  usbh_it.o [1]
PendSV_Handler          0x080387f1           Code  Gb  portasm.o [1]
RCA                     0x2001ed40      0x4  Data  Lc  bsp_sdio_sd.o [1]
RCC_AHB1PeriphClockCmd  0x08035b67     0x22  Code  Gb  stm32f4xx_rcc.o [1]
RCC_AHB2PeriphClockCmd  0x08035b89     0x1e  Code  Gb  stm32f4xx_rcc.o [1]
RCC_APB1PeriphClockCmd  0x08035ba7     0x1e  Code  Gb  stm32f4xx_rcc.o [1]
RCC_APB2PeriphClockCmd  0x08035bc5     0x1e  Code  Gb  stm32f4xx_rcc.o [1]
RCC_APB2PeriphResetCmd  0x08035be3     0x1e  Code  Gb  stm32f4xx_rcc.o [1]
RCC_GetClocksFreq       0x08035a65    0x102  Code  Gb  stm32f4xx_rcc.o [1]
RS485_InitTXE           0x08035c65     0x34  Code  Gb  bsp_uart_fifo.o [1]
RS485_sendbuf           0x08036515     0x3c  Code  Gb  bsp_uart_fifo.o [1]
Region$$Table$$Base     0x0803f0e0            --   Gb  - Linker created -
Region$$Table$$Limit    0x0803f10c            --   Gb  - Linker created -
SDCardInfo              0x2001e930     0x58  Data  Gb  bsp_sdio_sd.o [1]
SDEnWideBus             0x0803b12d    0x198  Code  Lc  bsp_sdio_sd.o [1]
SDIO_ClearFlag          0x0803c3a9      0x6  Code  Gb  stm32f4xx_sdio.o [1]
SDIO_ClearITPendingBit  0x0803c3c9      0x6  Code  Gb  stm32f4xx_sdio.o [1]
SDIO_ClockCmd           0x0803c2d7      0x8  Code  Gb  stm32f4xx_sdio.o [1]
SDIO_CmdInitStructure   0x2001eb98     0x14  Data  Gb  bsp_sdio_sd.o [1]
SDIO_DMACmd             0x0803c369      0x8  Code  Gb  stm32f4xx_sdio.o [1]
SDIO_DataConfig         0x0803c335     0x2e  Code  Gb  stm32f4xx_sdio.o [1]
SDIO_DataInitStructure  0x2001eb80     0x18  Data  Gb  bsp_sdio_sd.o [1]
SDIO_DeInit             0x0803c295     0x18  Code  Gb  stm32f4xx_sdio.o [1]
SDIO_GetCommandResponse
                        0x0803c317      0x8  Code  Gb  stm32f4xx_sdio.o [1]
SDIO_GetFlagStatus      0x0803c38f     0x1a  Code  Gb  stm32f4xx_sdio.o [1]
SDIO_GetITStatus        0x0803c3af     0x1a  Code  Gb  stm32f4xx_sdio.o [1]
SDIO_GetPowerState      0x0803c2e5      0xa  Code  Gb  stm32f4xx_sdio.o [1]
SDIO_GetResponse        0x0803c31f     0x16  Code  Gb  stm32f4xx_sdio.o [1]
SDIO_IRQHandler         0x0803b715      0x8  Code  Gb  bsp_sdio_sd.o [1]
SDIO_ITConfig           0x0803c371     0x1e  Code  Gb  stm32f4xx_sdio.o [1]
SDIO_Init               0x0803c2ad     0x2a  Code  Gb  stm32f4xx_sdio.o [1]
SDIO_InitStructure      0x2001eb68     0x18  Data  Gb  bsp_sdio_sd.o [1]
SDIO_Interrupts_Config  0x0803b6d9     0x3c  Code  Gb  bsp_sdio_sd.o [1]
SDIO_ReadData           0x0803c363      0x6  Code  Gb  stm32f4xx_sdio.o [1]
SDIO_SendCommand        0x0803c2ef     0x28  Code  Gb  stm32f4xx_sdio.o [1]
SDIO_SetPowerState      0x0803c2df      0x6  Code  Gb  stm32f4xx_sdio.o [1]
SDWE_WARNNING           0x0802fac1     0x2a  Code  Gb  bsp_sdwe050c17.o [1]
SD_Detect               0x08039dd1     0x22  Code  Gb  bsp_sdio_sd.o [1]
SD_EnableWideBusOperation
                        0x0803a5cd     0xc8  Code  Gb  bsp_sdio_sd.o [1]
SD_GetCardInfo          0x0803a1e1    0x3ec  Code  Gb  bsp_sdio_sd.o [1]
SD_GetState             0x08039da7     0x2a  Code  Gb  bsp_sdio_sd.o [1]
SD_GetStatus            0x08039d85     0x22  Code  Gb  bsp_sdio_sd.o [1]
SD_Init                 0x08039ccd     0xb8  Code  Gb  bsp_sdio_sd.o [1]
SD_InitializeCards      0x0803a03f    0x1a2  Code  Gb  bsp_sdio_sd.o [1]
SD_LowLevel_DMA_RxConfig
                        0x0803b623     0x8e  Code  Gb  bsp_sdio_sd.o [1]
SD_LowLevel_DMA_TxConfig
                        0x0803b595     0x8e  Code  Gb  bsp_sdio_sd.o [1]
SD_LowLevel_Init        0x0803b4d1     0xbc  Code  Gb  bsp_sdio_sd.o [1]
SD_PowerON              0x08039df3    0x24c  Code  Gb  bsp_sdio_sd.o [1]
SD_ProcessDMAIRQ        0x0803ae11     0x22  Code  Gb  bsp_sdio_sd.o [1]
SD_ProcessIRQSrc        0x0803ad63     0xae  Code  Gb  bsp_sdio_sd.o [1]
SD_ReadBlock            0x0803a6cd    0x108  Code  Gb  bsp_sdio_sd.o [1]
SD_ReadMultiBlocks      0x0803a7d5    0x134  Code  Gb  bsp_sdio_sd.o [1]
SD_SelectDeselect       0x0803a695     0x38  Code  Gb  bsp_sdio_sd.o [1]
SD_SendStatus           0x0803acf5     0x6e  Code  Gb  bsp_sdio_sd.o [1]
SD_StopTransfer         0x0803acad     0x44  Code  Gb  bsp_sdio_sd.o [1]
SD_WaitReadOperation    0x0803a90d     0x96  Code  Gb  bsp_sdio_sd.o [1]
SD_WriteBlock           0x0803a9ad    0x11e  Code  Gb  bsp_sdio_sd.o [1]
SD_WriteMultiBlocks     0x0803aad9    0x1cc  Code  Gb  bsp_sdio_sd.o [1]
SPI1_Init               0x08036891     0xc0  Code  Gb  bsp_spi.o [1]
SPI1_ReadWriteByte      0x08036979     0x32  Code  Gb  bsp_spi.o [1]
SPI1_SetSpeed           0x08036951     0x28  Code  Gb  bsp_spi.o [1]
SPI_Cmd                 0x08038e45     0x1c  Code  Gb  stm32f4xx_spi.o [1]
SPI_I2S_GetFlagStatus   0x08038e61     0x18  Code  Gb  stm32f4xx_spi.o [1]
SPI_Init                0x08038e05     0x40  Code  Gb  stm32f4xx_spi.o [1]
SVC_Handler             0x08038849           Code  Gb  portasm.o [1]
SYSCFG_EXTILineConfig   0x0803eab9     0x50  Code  Gb  stm32f4xx_syscfg.o [1]
Sdwe_ClearReadDisk      0x0802fb97     0x1c  Code  Gb  bsp_sdwe050c17.o [1]
Sdwe_change_class_time  0x0802fffb     0x30  Code  Gb  bsp_sdwe050c17.o [1]
Sdwe_clearString        0x0802faeb     0x54  Code  Gb  bsp_sdwe050c17.o [1]
Sdwe_clear_filename     0x0802fbe3     0x2a  Code  Gb  bsp_sdwe050c17.o [1]
Sdwe_disDigi            0x0802f99b     0xa4  Code  Gb  bsp_sdwe050c17.o [1]
Sdwe_disPicture         0x0802f951     0x4a  Code  Gb  bsp_sdwe050c17.o [1]
Sdwe_disString          0x0802fa3f     0x82  Code  Gb  bsp_sdwe050c17.o [1]
Sdwe_hidden_page        0x08030087     0x30  Code  Gb  bsp_sdwe050c17.o [1]
Sdwe_peiliao_page       0x0802ff05     0xf6  Code  Gb  bsp_sdwe050c17.o [1]
Sdwe_period_page        0x0803002b     0x5c  Code  Gb  bsp_sdwe050c17.o [1]
Sdwe_product_page       0x0802fd8d    0x174  Code  Gb  bsp_sdwe050c17.o [1]
Sdwe_readRTC            0x0802fbb3     0x30  Code  Gb  bsp_sdwe050c17.o [1]
Sdwe_refresh_allname    0x0802fd43     0x48  Code  Gb  bsp_sdwe050c17.o [1]
Sdwe_refresh_filename   0x0802fc0d    0x136  Code  Gb  bsp_sdwe050c17.o [1]
Sdwe_stop_page          0x080300b7    0x366  Code  Gb  bsp_sdwe050c17.o [1]
Sdwe_writeIcon          0x0802fb3f     0x58  Code  Gb  bsp_sdwe050c17.o [1]
SetSysClock             0x0803e5e3     0xce  Code  Lc  system_stm32f4xx.o [1]
SlavePara               0x2001e5d8     0xa4  Data  Gb  protocol.o [1]
StopCondition           0x2001ed44      0x4  Data  Gb  bsp_sdio_sd.o [1]
SysTick_Handler         0x08035687     0x2c  Code  Gb  port.o [1]
SystemCoreClock         0x200001ac      0x4  Data  Gb  system_stm32f4xx.o [1]
SystemInit              0x0803e591     0x52  Code  Gb  system_stm32f4xx.o [1]
TIM1_PWM_SETPMOTOR      0x08034c11     0x9e  Code  Gb  bsp_stepmotor.o [1]
TIM2_IRQHandler         0x080367cd     0xac  Code  Gb  bsp_timer.o [1]
TIM3_PWM_SETPMOTOR      0x08034ba9     0x68  Code  Gb  bsp_stepmotor.o [1]
TIM6_DAC_IRQHandler     0x0803ed77     0x22  Code  Gb  SysInfoTest.o [1]
TIM_ARRPreloadConfig    0x08031137     0x1c  Code  Gb  stm32f4xx_tim.o [1]
TIM_CallBack1           0x0802e0ed     0x34  Code  Gb  apptask.o [1]
TIM_ClearITPendingBit   0x080313b1      0x8  Code  Gb  stm32f4xx_tim.o [1]
TIM_Cmd                 0x08031153     0x1c  Code  Gb  stm32f4xx_tim.o [1]
TIM_CtrlPWMOutputs      0x08031347     0x22  Code  Gb  stm32f4xx_tim.o [1]
TIM_GetITStatus         0x0803137f     0x32  Code  Gb  stm32f4xx_tim.o [1]
TIM_ITConfig            0x08031369     0x16  Code  Gb  stm32f4xx_tim.o [1]
TIM_OC2Init             0x0803116f     0x8c  Code  Gb  stm32f4xx_tim.o [1]
TIM_OC2PreloadConfig    0x0803130d     0x14  Code  Gb  stm32f4xx_tim.o [1]
TIM_OC3Init             0x080311fb     0x8a  Code  Gb  stm32f4xx_tim.o [1]
TIM_OC3PreloadConfig    0x08031321     0x12  Code  Gb  stm32f4xx_tim.o [1]
TIM_OC4Init             0x08031285     0x68  Code  Gb  stm32f4xx_tim.o [1]
TIM_OC4PreloadConfig    0x08031333     0x14  Code  Gb  stm32f4xx_tim.o [1]
TIM_TimeBaseInit        0x080310cd     0x6a  Code  Gb  stm32f4xx_tim.o [1]
Task_iwdg_refresh       0x0802e2b9     0x56  Code  Gb  apptask.o [1]
TransferEnd             0x2001ed48      0x4  Data  Gb  bsp_sdio_sd.o [1]
TransferError           0x2001edf8      0x1  Data  Gb  bsp_sdio_sd.o [1]
UART1ToPC               0x080364b5     0x30  Code  Gb  bsp_uart_fifo.o [1]
UART2ToPC               0x080364e5     0x30  Code  Gb  bsp_uart_fifo.o [1]
UART2_RX_BUF            0x2001e8cc     0x64  Data  Gb  bsp_uart_fifo.o [1]
UART3ToPC               0x08036551     0x30  Code  Gb  bsp_uart_fifo.o [1]
UART4ToPC               0x08036581     0x30  Code  Gb  bsp_uart_fifo.o [1]
UART4_IRQHandler        0x080363c3     0x84  Code  Gb  bsp_uart_fifo.o [1]
UART4_RX_BUF            0x2001e868     0x64  Data  Gb  bsp_uart_fifo.o [1]
UART5ToPC               0x080365b3     0x30  Code  Gb  bsp_uart_fifo.o [1]
UART5_IRQHandler        0x08036447     0x6e  Code  Gb  bsp_uart_fifo.o [1]
UART5_RX_BUF            0x2001e804     0x64  Data  Gb  bsp_uart_fifo.o [1]
USART1_IRQHandler       0x08036333     0x1e  Code  Gb  bsp_uart_fifo.o [1]
USART2_IRQHandler       0x08036351     0x68  Code  Gb  bsp_uart_fifo.o [1]
USART3_IRQHandler       0x080363b9      0xa  Code  Gb  bsp_uart_fifo.o [1]
USART_ClearFlag         0x08038a4b      0xc  Code  Gb  stm32f4xx_usart.o [1]
USART_Cmd               0x08038995     0x1c  Code  Gb  stm32f4xx_usart.o [1]
USART_DMACmd            0x080389c1     0x16  Code  Gb  stm32f4xx_usart.o [1]
USART_GetFlagStatus     0x08038a2d     0x1e  Code  Gb  stm32f4xx_usart.o [1]
USART_GetITStatus       0x08038a57     0x70  Code  Gb  stm32f4xx_usart.o [1]
USART_ITConfig          0x080389d7     0x56  Code  Gb  stm32f4xx_usart.o [1]
USART_Init              0x08038899     0xee  Code  Gb  stm32f4xx_usart.o [1]
USART_ReceiveData       0x080389b9      0x8  Code  Gb  stm32f4xx_usart.o [1]
USART_SendData          0x080389b1      0x8  Code  Gb  stm32f4xx_usart.o [1]
USBH_Alloc_Channel      0x08037c09     0x2e  Code  Gb  usbh_hcs.o [1]
USBH_BulkReceiveData    0x080382ad     0x62  Code  Gb  usbh_ioreq.o [1]
USBH_BulkSendData       0x0803824b     0x62  Code  Gb  usbh_ioreq.o [1]
USBH_CfgDesc            0x2001e310    0x200  Data  Gb  usbh_stdreq.o [1]
USBH_ClrFeature         0x08037e53     0x4c  Code  Gb  usbh_stdreq.o [1]
USBH_Connected          0x08031b15      0xc  Code  Gb  usbh_core.o [1]
USBH_CtlReceiveData     0x08038205     0x46  Code  Gb  usbh_ioreq.o [1]
USBH_CtlReq             0x080380df     0x6e  Code  Gb  usbh_ioreq.o [1]
USBH_CtlSendData        0x08038191     0x74  Code  Gb  usbh_ioreq.o [1]
USBH_CtlSendSetup       0x0803814d     0x44  Code  Gb  usbh_ioreq.o [1]
USBH_DataInBuffer       0x2001e110    0x200  Data  Gb  usbh_msc_scsi.o [1]
USBH_DeAllocate_AllChannel
                        0x08037c5b     0x20  Code  Gb  usbh_hcs.o [1]
USBH_DeInit             0x08031b7b     0x3e  Code  Gb  usbh_core.o [1]
USBH_Disconnected       0x08031b21      0xc  Code  Gb  usbh_core.o [1]
USBH_ErrorHandle        0x08031d8b     0x34  Code  Gb  usbh_core.o [1]
USBH_Free_Channel       0x08037c37     0x24  Code  Gb  usbh_hcs.o [1]
USBH_GetDescriptor      0x08037db3     0x4e  Code  Gb  usbh_stdreq.o [1]
USBH_GetFreeChannel     0x08037c7b     0x2e  Code  Lc  usbh_hcs.o [1]
USBH_GetNextDesc        0x080380c7     0x18  Code  Gb  usbh_stdreq.o [1]
USBH_Get_CfgDesc        0x08037cef     0x78  Code  Gb  usbh_stdreq.o [1]
USBH_Get_DevDesc        0x08037ca9     0x46  Code  Gb  usbh_stdreq.o [1]
USBH_Get_StringDesc     0x08037d67     0x4c  Code  Gb  usbh_stdreq.o [1]
USBH_HCD_INT_cb         0x2000019c      0xc  Data  Gb  usbh_core.o [1]
USBH_HCD_INT_fops       0x200001b0      0x4  Data  Gb  usbh_core.o [1]
USBH_HandleControl      0x08031fd3    0x29a  Code  Gb  usbh_core.o [1]
USBH_HandleEnum         0x08031dbf    0x214  Code  Lc  usbh_core.o [1]
USBH_Init               0x08031b33     0x48  Code  Gb  usbh_core.o [1]
USBH_MSC_BOTReset       0x0803d3d5     0x28  Code  Lc  usbh_msc_core.o [1]
USBH_MSC_BOTXferParam   0x2001ec7c     0x10  Data  Gb  usbh_msc_bot.o [1]
USBH_MSC_BOT_Abort      0x0803c185     0x5c  Code  Gb  usbh_msc_bot.o [1]
USBH_MSC_CBWData        0x2001eb48     0x20  Data  Gb  usbh_msc_bot.o [1]
USBH_MSC_CSWData        0x2001ec6c     0x10  Data  Gb  usbh_msc_bot.o [1]
USBH_MSC_ClassRequest   0x0803d1c3     0x12  Code  Lc  usbh_msc_core.o [1]
USBH_MSC_DecodeCSW      0x0803c1e1     0x7a  Code  Gb  usbh_msc_bot.o [1]
USBH_MSC_ErrorHandle    0x0803d425     0x3e  Code  Gb  usbh_msc_core.o [1]
USBH_MSC_GETMaxLUN      0x0803d3fd     0x28  Code  Lc  usbh_msc_core.o [1]
USBH_MSC_Handle         0x0803d1d5    0x200  Code  Lc  usbh_msc_core.o [1]
USBH_MSC_HandleBOTXfer  0x0803bd81    0x404  Code  Gb  usbh_msc_bot.o [1]
USBH_MSC_Init           0x0803bd3d     0x44  Code  Gb  usbh_msc_bot.o [1]
USBH_MSC_InterfaceDeInit
                        0x0803d177     0x4c  Code  Lc  usbh_msc_core.o [1]
USBH_MSC_InterfaceInit  0x0803d091     0xe6  Code  Lc  usbh_msc_core.o [1]
USBH_MSC_ModeSense6     0x0803b937    0x10c  Code  Gb  usbh_msc_scsi.o [1]
USBH_MSC_Param          0x2001ec8c     0x10  Data  Gb  usbh_msc_scsi.o [1]
USBH_MSC_Read10         0x0803bc1d    0x106  Code  Gb  usbh_msc_scsi.o [1]
USBH_MSC_ReadCapacity10
                        0x0803b80d    0x12a  Code  Gb  usbh_msc_scsi.o [1]
USBH_MSC_RequestSense   0x0803ba43     0xee  Code  Gb  usbh_msc_scsi.o [1]
USBH_MSC_TestUnitReady  0x0803b725     0xe8  Code  Gb  usbh_msc_scsi.o [1]
USBH_MSC_Write10        0x0803bb31     0xec  Code  Gb  usbh_msc_scsi.o [1]
USBH_MSC_cb             0x2000018c     0x10  Data  Gb  usbh_msc_core.o [1]
USBH_Modify_Channel     0x08037b95     0x74  Code  Gb  usbh_hcs.o [1]
USBH_OTG_ISR_Handler    0x0803c411     0xb8  Code  Gb  usb_hcd_int.o [1]
USBH_Open_Channel       0x08037aef     0xa6  Code  Gb  usbh_hcs.o [1]
USBH_ParseCfgDesc       0x08037efb    0x13c  Code  Lc  usbh_stdreq.o [1]
USBH_ParseDevDesc       0x08037e9f     0x5c  Code  Lc  usbh_stdreq.o [1]
USBH_ParseEPDesc        0x0803806b     0x20  Code  Lc  usbh_stdreq.o [1]
USBH_ParseInterfaceDesc
                        0x08038045     0x26  Code  Lc  usbh_stdreq.o [1]
USBH_ParseStringDesc    0x0803808b     0x3c  Code  Lc  usbh_stdreq.o [1]
USBH_Process            0x08031bb9    0x1d2  Code  Gb  usbh_core.o [1]
USBH_SOF                0x08031b2d      0x6  Code  Gb  usbh_core.o [1]
USBH_SetAddress         0x08037e01     0x2a  Code  Gb  usbh_stdreq.o [1]
USBH_SetCfg             0x08037e2b     0x28  Code  Gb  usbh_stdreq.o [1]
USBH_SubmitSetupRequest
                        0x0803830f     0x16  Code  Lc  usbh_ioreq.o [1]
USBH_USR_Configuration_DescAvailable
                        0x08031a1d     0x26  Code  Gb  usbh_usr.o [1]
USBH_USR_DeInit         0x08031b11      0x2  Code  Gb  usbh_usr.o [1]
USBH_USR_DeviceAddressAssigned
                        0x08031a1b      0x2  Code  Gb  usbh_usr.o [1]
USBH_USR_DeviceAttached
                        0x08031995      0xa  Code  Gb  usbh_usr.o [1]
USBH_USR_DeviceDisconnected
                        0x080319a9     0x1a  Code  Gb  usbh_usr.o [1]
USBH_USR_DeviceNotSupported
                        0x08031a87      0xa  Code  Gb  usbh_usr.o [1]
USBH_USR_DeviceSpeedDetected
                        0x080319cd     0x36  Code  Gb  usbh_usr.o [1]
USBH_USR_Device_DescAvailable
                        0x08031a03     0x18  Code  Gb  usbh_usr.o [1]
USBH_USR_EnumerationDone
                        0x08031a6d     0x1a  Code  Gb  usbh_usr.o [1]
USBH_USR_Init           0x08031971     0x24  Code  Gb  usbh_usr.o [1]
USBH_USR_MSC_Application
                        0x08031b0d      0x4  Code  Gb  usbh_usr.o [1]
USBH_USR_Manufacturer_String
                        0x08031a43      0xe  Code  Gb  usbh_usr.o [1]
USBH_USR_OverCurrentDetected
                        0x08031a95      0xa  Code  Gb  usbh_usr.o [1]
USBH_USR_Product_String
                        0x08031a51      0xe  Code  Gb  usbh_usr.o [1]
USBH_USR_ResetDevice    0x080319c3      0xa  Code  Gb  usbh_usr.o [1]
USBH_USR_SerialNum_String
                        0x08031a5f      0xe  Code  Gb  usbh_usr.o [1]
USBH_USR_UnrecoveredError
                        0x0803199f      0xa  Code  Gb  usbh_usr.o [1]
USBH_USR_UserInput      0x08031a91      0x4  Code  Gb  usbh_usr.o [1]
USB_Host                0x2001e67c     0x94  Data  Gb  usbh_usr.o [1]
USB_OTG_BSP_DisableInterrupt
                        0x0803797d     0x22  Code  Gb  usb_bsp.o [1]
USB_OTG_BSP_EnableInterrupt
                        0x0803799f     0x54  Code  Gb  usb_bsp.o [1]
USB_OTG_BSP_Init        0x080378cd     0xb0  Code  Gb  usb_bsp.o [1]
USB_OTG_BSP_mDelay      0x08037a0d      0xc  Code  Gb  usb_bsp.o [1]
USB_OTG_BSP_uDelay      0x08037a01      0xc  Code  Gb  usb_bsp.o [1]
USB_OTG_Core            0x2001d3b8    0x5ac  Data  Gb  usbh_usr.o [1]
USB_OTG_CoreInit        0x08039455     0xce  Code  Gb  usb_core.o [1]
USB_OTG_CoreInitHost    0x08039661     0xd0  Code  Gb  usb_core.o [1]
USB_OTG_CoreReset       0x0803929f     0x60  Code  Lc  usb_core.o [1]
USB_OTG_DisableGlobalInt
                        0x08039541     0x1e  Code  Gb  usb_core.o [1]
USB_OTG_DriveVbus       0x08039741     0x54  Code  Gb  usb_core.o [1]
USB_OTG_EnableCommonInt
                        0x0803927d     0x22  Code  Lc  usb_core.o [1]
USB_OTG_EnableGlobalInt
                        0x08039523     0x1e  Code  Gb  usb_core.o [1]
USB_OTG_EnableHostInt   0x08039795     0x4e  Code  Gb  usb_core.o [1]
USB_OTG_FlushRxFifo     0x080395a7     0x40  Code  Gb  usb_core.o [1]
USB_OTG_FlushTxFifo     0x0803955f     0x48  Code  Gb  usb_core.o [1]
USB_OTG_GetMode         0x0803962d      0xa  Code  Gb  usb_core.o [1]
USB_OTG_HC_DoPing       0x08039c85     0x48  Code  Gb  usb_core.o [1]
USB_OTG_HC_Halt         0x08039c11     0x74  Code  Gb  usb_core.o [1]
USB_OTG_HC_Init         0x08039841    0x1d0  Code  Gb  usb_core.o [1]
USB_OTG_HC_StartXfer    0x08039a11    0x200  Code  Gb  usb_core.o [1]
USB_OTG_InitFSLSPClkSel
                        0x080397e3     0x12  Code  Gb  usb_core.o [1]
USB_OTG_IsEvenFrame     0x08039731     0x10  Code  Gb  usb_core.o [1]
USB_OTG_IsHostMode      0x08039637     0x18  Code  Gb  usb_core.o [1]
USB_OTG_ReadCoreItr     0x0803964f     0x12  Code  Gb  usb_core.o [1]
USB_OTG_ReadHPRT0       0x080397f5     0x1c  Code  Gb  usb_core.o [1]
USB_OTG_ReadPacket      0x08039347     0x2c  Code  Gb  usb_core.o [1]
USB_OTG_ResetPort       0x08039811     0x30  Code  Gb  usb_core.o [1]
USB_OTG_SelectCore      0x08039373     0xe2  Code  Gb  usb_core.o [1]
USB_OTG_SetCurrentMode  0x080395f1     0x3c  Code  Gb  usb_core.o [1]
USB_OTG_USBH_handle_Disconnect_ISR
                        0x0803c54d     0x1e  Code  Lc  usb_hcd_int.o [1]
USB_OTG_USBH_handle_IncompletePeriodicXfer_ISR
                        0x0803d067     0x28  Code  Lc  usb_hcd_int.o [1]
USB_OTG_USBH_handle_hc_ISR
                        0x0803c4c9     0x66  Code  Lc  usb_hcd_int.o [1]
USB_OTG_USBH_handle_hc_n_In_ISR
                        0x0803cbd9    0x378  Code  Lc  usb_hcd_int.o [1]
USB_OTG_USBH_handle_hc_n_Out_ISR
                        0x0803c8a1    0x338  Code  Lc  usb_hcd_int.o [1]
USB_OTG_USBH_handle_nptxfempty_ISR
                        0x0803c56b    0x118  Code  Lc  usb_hcd_int.o [1]
USB_OTG_USBH_handle_port_ISR
                        0x0803c79d     0xfe  Code  Lc  usb_hcd_int.o [1]
USB_OTG_USBH_handle_ptxfempty_ISR
                        0x0803c683    0x11a  Code  Lc  usb_hcd_int.o [1]
USB_OTG_USBH_handle_rx_qlvl_ISR
                        0x0803cf51    0x116  Code  Lc  usb_hcd_int.o [1]
USB_OTG_USBH_handle_sof_ISR
                        0x0803c52f     0x1e  Code  Lc  usb_hcd_int.o [1]
USB_OTG_WritePacket     0x080392ff     0x48  Code  Gb  usb_core.o [1]
USB_OTG_dev             0x2001d964    0x5ac  Data  Gb  usbh_usr.o [1]
USRH_cb                 0x200000d8     0x48  Data  Gb  usbh_usr.o [1]
UartDMAConfig           0x080360d5    0x166  Code  Gb  bsp_uart_fifo.o [1]
UartIRQ                 0x0803623b     0xf8  Code  Lc  bsp_uart_fifo.o [1]
UsageFault_Handler      0x0803ee0d      0x2  Code  Gb  stm32f4xx_it.o [1]
UserTimerCallback       0x0802e121    0x192  Code  Gb  apptask.o [1]
W25QXX_BUFFER           0x2001b9b8   0x1000  Data  Gb  bsp_w25qxx.o [1]
W25QXX_Erase_Sector     0x08030cad     0x52  Code  Gb  bsp_w25qxx.o [1]
W25QXX_Init             0x0803099d     0x54  Code  Gb  bsp_w25qxx.o [1]
W25QXX_Read             0x08030a8b     0x62  Code  Gb  bsp_w25qxx.o [1]
W25QXX_ReadID           0x08030a3f     0x4c  Code  Gb  bsp_w25qxx.o [1]
W25QXX_ReadSR           0x080309f1     0x30  Code  Gb  bsp_w25qxx.o [1]
W25QXX_TYPE             0x200001b4      0x2  Data  Gb  bsp_w25qxx.o [1]
W25QXX_Wait_Busy        0x08030cff      0xc  Code  Gb  bsp_w25qxx.o [1]
W25QXX_Write            0x08030ba1    0x10c  Code  Gb  bsp_w25qxx.o [1]
W25QXX_Write_Enable     0x08030a21     0x1e  Code  Gb  bsp_w25qxx.o [1]
W25QXX_Write_NoCheck    0x08030b49     0x58  Code  Gb  bsp_w25qxx.o [1]
W25QXX_Write_Page       0x08030aed     0x5c  Code  Gb  bsp_w25qxx.o [1]
_GenldFullNoMb          0x080374b7    0x24c  Code  Lc  xprintffull_nomb.o [3]
_LdtobFullNoMb          0x080370b5    0x3fc  Code  Lc  xprintffull_nomb.o [3]
_LitobFullNoMb          0x08036faf    0x106  Code  Lc  xprintffull_nomb.o [3]
_Locale_aeabi_lconv     0x20000050     0x38  Data  Gb  localeconv.o [3]
_Locale_lconv           0x20000000     0x50  Data  Gb  localeconv.o [3]
_PrintfFullNoMb         0x080369b5    0x586  Code  Gb  xprintffull_nomb.o [3]
_Prout                  0x0803f5b5     0x16  Code  Gb  xprout.o [3]
_PutcharsFullNoMb       0x08037703     0x2e  Code  Lc  xprintffull_nomb.o [3]
_SProut                 0x08030993      0xa  Code  Gb  xsprout.o [3]
__aeabi_cdcmple         0x08039019           Code  Gb  DblCmpLe.o [4]
__aeabi_cdrcmple        0x08039049           Code  Gb  DblCmpGe.o [4]
__aeabi_d2iz            0x080318cd           Code  Gb  DblToI32.o [4]
__aeabi_d2uiz           0x080318f9           Code  Gb  DblToI32.o [4]
__aeabi_dadd            0x08031641           Code  Gb  DblAdd.o [4]
__aeabi_ddiv            0x080313e9           Code  Gb  DblDiv.o [4]
__aeabi_dmul            0x08031729           Code  Gb  DblMul.o [4]
__aeabi_dsub            0x0803774d           Code  Gb  DblSub.o [4]
__aeabi_f2d             0x08030d95           Code  Gb  FltToDbl.o [4]
__aeabi_i2d             0x080313b9           Code  Gb  I32ToDbl.o [4]
__aeabi_ldiv0           0x0803c291           Code  Gb  I64DivZer.o [5]
__aeabi_memset          0x0803092d           Code  Gb  ABImemset.o [5]
__aeabi_ui2d            0x080313cd           Code  Gb  I32ToDbl.o [4]
__aeabi_uldivmod        0x08038ee9           Code  Gb  I64DivMod.o [5]
__cmain                 0x0803f3f5           Code  Gb  cmain.o [5]
__exit                  0x0803f421     0x14  Code  Gb  exit.o [6]
__iar_Dnorm             0x08038fd7     0x42  Code  Gb  xdnorm.o [4]
__iar_Dscale            0x08039079    0x114  Code  Gb  xdscale.o [4]
__iar_Locale_lconv_init
                        0x0803918d     0x3a  Code  Gb  localeconv.o [3]
__iar_Memchr            0x08038e91           Code  Gb  memchr.o [5]
__iar_Memset            0x0803092d           Code  Gb  ABImemset.o [5]
__iar_Memset_word       0x08030935           Code  Gb  ABImemset.o [5]
__iar_Stdout            0x20000120     0x40  Data  Gb  xfiles.o [3]
__iar_Strchr            0x08038e79           Code  Gb  strchr.o [5]
__iar_Strstr            0x080387b5     0x2c  Code  Gb  strstr.o [3]
__iar_copy_init3        0x0803ef85     0x2c  Code  Gb  copy_init3.o [5]
__iar_d2uiz             0x08031905           Code  Gb  DblToI32.o [4]
__iar_dadd              0x08031655           Code  Gb  DblAdd.o [4]
__iar_data_init3        0x0803f029     0x28  Code  Gb  data_init.o [5]
__iar_dsub              0x08037761           Code  Gb  DblSub.o [4]
__iar_dsubStart         0x08037773           Code  Gb  DblSub.o [4]
__iar_init_vfp          0x0803f0bd           Code  Gb  fpinit_M.o [4]
__iar_program_start     0x0803f8cd           Code  Gb  cstartup_M.o [5]
__iar_ui2d              0x080313d1           Code  Gb  I32ToDbl.o [4]
__iar_unaligned___aeabi_memcpy
                        0x08030d1d           Code  Gb  ABImemcpy_unaligned.o [5]
__iar_unaligned___aeabi_memcpy4
[...]
chk_lock                0x080322df     0x94  Code  Lc  ff.o [1]
clear_lock              0x080324df     0x30  Code  Lc  ff.o [1]
clust2sect              0x08032681     0x1a  Code  Gb  ff.o [1]
cmp_lfn                 0x08032d05     0xb6  Code  Lc  ff.o [1]
create_chain            0x08032999     0xea  Code  Lc  ff.o [1]
create_name             0x0803348d    0x31a  Code  Lc  ff.o [1]
debug_cmd               0x2001edfa      0x1  Data  Gb  bsp_uart_fifo.o [1]
dec_lock                0x08032483     0x5c  Code  Lc  ff.o [1]
device_info             0x2001e710     0x84  Data  Gb  para.o [1]
dir_alloc               0x08032c5f     0x66  Code  Lc  ff.o [1]
dir_find                0x08032fe1    0x116  Code  Lc  ff.o [1]
dir_next                0x08032b35    0x12a  Code  Lc  ff.o [1]
dir_read                0x080330f7    0x10c  Code  Lc  ff.o [1]
dir_register            0x08033203    0x14e  Code  Lc  ff.o [1]
dir_sdi                 0x08032a83     0xb2  Code  Lc  ff.o [1]
disk_initialize         0x08038325     0x40  Code  Gb  diskio.o [1]
disk_ioctl              0x08038549     0xa6  Code  Gb  diskio.o [1]
disk_read               0x08038391     0xdc  Code  Gb  diskio.o [1]
disk_status             0x08038365     0x2c  Code  Gb  diskio.o [1]
disk_write              0x0803846d     0xdc  Code  Gb  diskio.o [1]
div                     0x080391f9      0xe  Code  Gb  div.o [3]
download_num            0x2001edf0      0x1  Data  Gb  apptask.o [1]
enq_lock                0x08032373     0x28  Code  Lc  ff.o [1]
exit                    0x0803f40f      0x4  Code  Gb  exit.o [3]
f_close                 0x08034369     0x38  Code  Gb  ff.o [1]
f_mount                 0x08033d9d     0x66  Code  Gb  ff.o [1]
f_open                  0x08033e03    0x20e  Code  Gb  ff.o [1]
f_opendir               0x080343a1     0xb2  Code  Gb  ff.o [1]
f_readdir               0x08034453     0x74  Code  Gb  ff.o [1]
f_sync                  0x080342b3     0xb6  Code  Gb  ff.o [1]
f_write                 0x08034021    0x292  Code  Gb  ff.o [1]
ff_convert              0x08038609     0x80  Code  Gb  cc936.o [1]
ff_wtoupper             0x08038689     0x64  Code  Gb  cc936.o [1]
file_select             0x2001eccc      0xc  Data  Gb  protocol.o [1]
final_per_meter         0x0803058d     0x1a  Code  Gb  product_cal.o [1]
find_volume             0x0803390d    0x45a  Code  Lc  ff.o [1]
fit_lfn                 0x08032e47     0x88  Code  Lc  ff.o [1]
follow_path             0x080337a7     0x90  Code  Lc  ff.o [1]
fputc                   0x080365e9     0x22  Code  Gb  bsp_uart_fifo.o [1]
g_tUart3                0x2001ead4     0x28  Data  Gb  bsp_uart_fifo.o [1]
gen_numname             0x08032ed5     0xec  Code  Lc  ff.o [1]
get_card_type           0x0803070f     0xe4  Code  Gb  product_cal.o [1]
get_class_time          0x0803061d     0x7a  Code  Gb  product_cal.o [1]
get_fat                 0x0803269b    0x11c  Code  Gb  ff.o [1]
get_fattime             0x080385ef      0x4  Code  Gb  diskio.o [1]
get_fileinfo            0x08033351    0x13c  Code  Lc  ff.o [1]
get_float_1bit          0x080305fb     0x22  Code  Gb  product_cal.o [1]
get_ldnumber            0x08033837     0x50  Code  Lc  ff.o [1]
get_period_state        0x08030697     0x4e  Code  Gb  product_cal.o [1]
get_valid_length        0x0803044d     0x26  Code  Gb  bsp_sdwe050c17.o [1]
hex_to_decimal          0x08030473     0x26  Code  Gb  bsp_sdwe050c17.o [1]
idwgEventGroup          0x2001ed30      0x4  Data  Gb  apptask.o [1]
inc_card_type           0x080307fd    0x11c  Code  Gb  product_cal.o [1]
inc_lock                0x0803239b     0xe8  Code  Lc  ff.o [1]
init_peiliao_para       0x080304c3     0x50  Code  Gb  product_cal.o [1]
init_product_para       0x08030499     0x2a  Code  Gb  product_cal.o [1]
input_password_buf      0x2001ecc0      0xc  Data  Gb  protocol.o [1]
input_password_len      0x2001edfe      0x1  Data  Gb  protocol.o [1]
isDevicePeriod          0x2001edf7      0x1  Data  Gb  apptask.o [1]
isWork                  0x2001edf1      0x1  Data  Gb  apptask.o [1]
is_same_data            0x080306e5     0x2a  Code  Gb  product_cal.o [1]
lcd_busy                0x2001edf9      0x1  Data  Gb  bsp_sdwe050c17.o [1]
lcd_rev_buf             0x2001ea74     0x34  Data  Gb  bsp_sdwe050c17.o [1]
lcd_rev_len             0x2001ede8      0x2  Data  Gb  bsp_sdwe050c17.o [1]
ld_clust                0x08032cc5     0x28  Code  Lc  ff.o [1]
localeconv              0x080391c7     0x16  Code  Gb  localeconv.o [3]
m_ctrl_dev              0x2001ecec      0x8  Data  Gb  modbus.o [1]
main                    0x0803ee11     0x34  Code  Gb  main.o [1]
mallco_dev              0x20000160     0x1c  Data  Gb  malloc.o [1]
mb_init                 0x080348cd     0x30  Code  Gb  modbus.o [1]
mb_packsend_frame       0x080347db     0xf2  Code  Gb  modbus.o [1]
mb_unpack_frame         0x08034699    0x142  Code  Gb  modbus.o [1]
mc_check_crc16          0x08038769     0x40  Code  Gb  mcheck.o [1]
mc_check_crc8           0x08038745     0x24  Code  Gb  mcheck.o [1]
mc_check_sum            0x080386fd     0x2e  Code  Gb  mcheck.o [1]
mc_check_xor            0x0803872b     0x1a  Code  Gb  mcheck.o [1]
mem1base                0x200119b8   0xa000  Data  Gb  malloc.o [1]
mem1mapbase             0x2001c9b8    0xa00  Data  Gb  malloc.o [1]
mem2base                0x68000000  0xf0000  Data  Gb  malloc.o [1]
mem2mapbase             0x680f0000   0xf000  Data  Gb  malloc.o [1]
mem_cmp                 0x080322a7     0x24  Code  Lc  ff.o [1]
mem_cpy                 0x08032275     0x1c  Code  Lc  ff.o [1]
mem_set                 0x08032291     0x16  Code  Lc  ff.o [1]
memblksize              0x0803f948      0x8  Data  Gb  malloc.o [1]
memchr                  0x08038e91           Code  Gb  memchr.o [5]
memsize                 0x0803f950      0x8  Data  Gb  malloc.o [1]
memtblsize              0x0803f940      0x8  Data  Gb  malloc.o [1]
modbus_send_frame       0x080348fd     0xe6  Code  Gb  modbus.o [1]
move_window             0x08032569     0x40  Code  Lc  ff.o [1]
my_mem_free             0x08031003     0x6c  Code  Gb  malloc.o [1]
my_mem_init             0x08030ec7     0x42  Code  Gb  malloc.o [1]
my_mem_malloc           0x08030f47     0xbc  Code  Gb  malloc.o [1]
my_mem_perused          0x08030f09     0x3e  Code  Gb  malloc.o [1]
myfree                  0x0803106f     0x24  Code  Gb  malloc.o [1]
mymalloc                0x08031093     0x2a  Code  Gb  malloc.o [1]
mymemset                0x08030eb1     0x16  Code  Gb  malloc.o [1]
obuf                    0x2001e9d8     0x50  Data  Lc  xfiles.o [3]
oem2uni                 0x0801560c  0x15484  Data  Lc  cc936.o [1]
old_card_record         0x2001edf5      0x1  Data  Gb  apptask.o [1]
old_isWork              0x2001edf2      0x1  Data  Gb  apptask.o [1]
old_plan_complete       0x2001edfd      0x1  Data  Gb  product_cal.o [1]
para_init               0x0803e115     0x82  Code  Gb  para.o [1]
pcInterruptPriorityRegisters
                        0x0803f984      0x4  Data  Lc  port.o [1]
peiliao_para            0x2001eaa8     0x2c  Data  Gb  product_cal.o [1]
pick_lfn                0x08032dbb     0x8c  Code  Lc  ff.o [1]
plan_complete           0x2001edfc      0x1  Data  Gb  product_cal.o [1]
pluse_count             0x2001ede2      0x2  Data  Gb  apptask.o [1]
printf                  0x08030de5     0x24  Code  Gb  printf.o [3]
product_complete_kilo   0x080305b9     0x42  Code  Gb  product_cal.o [1]
product_complete_meter  0x080305a7     0x12  Code  Gb  product_cal.o [1]
product_para            0x2001eafc     0x28  Data  Gb  product_cal.o [1]
product_per_meter       0x08030515     0x78  Code  Gb  product_cal.o [1]
prvAddCurrentTaskToDelayedList
                        0x0802eea1     0x48  Code  Lc  tasks.o [1]
prvAllocateTCBAndStack  0x0802eee9     0x5a  Code  Lc  tasks.o [1]
prvCheckForValidListAndQueue
                        0x08035487     0x52  Code  Lc  timers.o [1]
prvCheckTasksWaitingTermination
                        0x0802ee37     0x66  Code  Lc  tasks.o [1]
prvCopyDataFromQueue    0x0802f6d1     0x30  Code  Lc  queue.o [1]
prvCopyDataToQueue      0x0802f64d     0x84  Code  Lc  queue.o [1]
prvDeleteTCB            0x0802ef43     0x12  Code  Lc  tasks.o [1]
prvGetNextExpireTime    0x08035273     0x2e  Code  Lc  timers.o [1]
prvHeapInit             0x08035975     0x6e  Code  Lc  heap_4.o [1]
prvIdleTask             0x0802ed51     0x26  Code  Lc  tasks.o [1]
prvInitialiseTCBVariables
                        0x0802ed77     0x6a  Code  Lc  tasks.o [1]
prvInitialiseTaskLists  0x0802ede1     0x56  Code  Lc  tasks.o [1]
prvInsertBlockIntoFreeList
                        0x080359e3     0x62  Code  Lc  heap_4.o [1]
prvInsertTimerInActiveList
                        0x080352c9     0x50  Code  Lc  timers.o [1]
prvIsQueueEmpty         0x0802f76b     0x20  Code  Lc  queue.o [1]
prvIsQueueFull          0x0802f78b     0x22  Code  Lc  queue.o [1]
prvProcessExpiredTimer  0x0803518b     0x5c  Code  Lc  timers.o [1]
prvProcessReceivedCommands
                        0x08035319     0xde  Code  Lc  timers.o [1]
prvProcessTimerOrBlockTask
                        0x08035203     0x70  Code  Lc  timers.o [1]
prvResetNextTaskUnblockTime
                        0x0802ef55     0x26  Code  Lc  tasks.o [1]
prvSampleTimeNow        0x080352a1     0x28  Code  Lc  timers.o [1]
prvSwitchTimerLists     0x080353f7     0x90  Code  Lc  timers.o [1]
prvTaskExitError        0x08035525     0x2a  Code  Lc  port.o [1]
prvTestWaitCondition    0x0803502f     0x24  Code  Lc  event_groups.o [1]
prvTimerTask            0x080351e9     0x1a  Code  Lc  timers.o [1]
prvUnlockQueue          0x0802f701     0x6a  Code  Lc  queue.o [1]
put_fat                 0x080327b7    0x16c  Code  Gb  ff.o [1]
putchar                 0x0803f5cd      0xc  Code  Gb  putchar.o [3]
pvPortMalloc            0x080357e5    0x118  Code  Gb  heap_4.o [1]
pxCurrentTCB            0x2001ed80      0x4  Data  Gb  tasks.o [1]
pxCurrentTimerList      0x2001edc0      0x4  Data  Lc  timers.o [1]
pxDelayedTaskList       0x2001ed84      0x4  Data  Lc  tasks.o [1]
pxEnd                   0x2001ed60      0x4  Data  Lc  heap_4.o [1]
pxOverflowDelayedTaskList
                        0x2001ed88      0x4  Data  Lc  tasks.o [1]
pxOverflowTimerList     0x2001edc4      0x4  Data  Lc  timers.o [1]
pxPortInitialiseStack   0x08035501     0x24  Code  Gb  port.o [1]
pxReadyTasksLists       0x2001e510     0xc8  Data  Lc  tasks.o [1]
rc522_cmd_anticoll      0x0803463d     0x5a  Code  Gb  rc522.o [1]
rc522_cmd_request       0x080345e9     0x54  Code  Gb  rc522.o [1]
readSlave               0x2001eca8      0xc  Data  Gb  apptask.o [1]
read_device_info        0x0803df11    0x204  Code  Gb  para.o [1]
read_file_select        0x2001ecd8      0xc  Data  Gb  protocol.o [1]
remove_chain            0x08032923     0x76  Code  Lc  ff.o [1]
rfid_rev_buf            0x2001ebac     0x14  Data  Gb  rc522.o [1]
rfid_rev_cnt            0x2001ee00      0x1  Data  Gb  rc522.o [1]
rfid_rev_flag           0x2001edff      0x1  Data  Gb  rc522.o [1]
rtc_time                0x2001ecf4      0x8  Data  Gb  protocol.o [1]
s_TIM_CallBack1         0x2001ed50      0x4  Data  Lc  bsp_timer.o [1]
s_TIM_CallBack2         0x2001ed54      0x4  Data  Lc  bsp_timer.o [1]
s_TIM_CallBack3         0x2001ed58      0x4  Data  Lc  bsp_timer.o [1]
s_TIM_CallBack4         0x2001ed5c      0x4  Data  Lc  bsp_timer.o [1]
sample_time             0x2001ede0      0x2  Data  Gb  apptask.o [1]
slave_info              0x2001ec9c      0xc  Data  Gb  apptask.o [1]
sprintf                 0x080344d9     0x34  Code  Gb  sprintf.o [3]
st_clust                0x08032ced     0x18  Code  Lc  ff.o [1]
strcat                  0x0803450d     0x1c  Code  Gb  strcat.o [3]
strchr                  0x08038e79           Code  Gb  strchr.o [5]
strlen                  0x08031925           Code  Gb  strlen.o [5]
strstr                  0x08034a99     0x10  Code  Gb  apptask.o [1]
sum_sfn                 0x08032fc1     0x20  Code  Lc  ff.o [1]
sync_fs                 0x080325a9     0xd8  Code  Lc  ff.o [1]
sync_window             0x0803250f     0x5a  Code  Lc  ff.o [1]
system_state_dis        0x0803e400    0x190  Data  Gb  product_cal.o [1]
total_meter_gross       0x2001ed74      0x4  Data  Gb  product_cal.o [1]
total_weight_gross      0x2001ed78      0x4  Data  Gb  product_cal.o [1]
ucHeap                  0x200001b8  0x11800  Data  Lc  heap_4.o [1]
ucMaxSysCallPriority    0x2001edfb      0x1  Data  Lc  port.o [1]
ulHighFrequencyTimerTicks
                        0x2001ed7c      0x4  Data  Gb  SysInfoTest.o [1]
ulMaxPRIGROUPValue      0x2001ed70      0x4  Data  Lc  port.o [1]
ulTaskSwitchedInTime    0x2001edb8      0x4  Data  Lc  tasks.o [1]
ulTotalRunTime          0x2001edbc      0x4  Data  Lc  tasks.o [1]
uni2oem                 0x08000188  0x15484  Data  Lc  cc936.o [1]
usb_disk_flag           0x2001edf3      0x1  Data  Gb  apptask.o [1]
usbh_OpenMassStorage    0x0803195d     0x14  Code  Gb  usbh_usr.o [1]
uxCriticalNesting       0x200001a8      0x4  Data  Lc  port.o [1]
uxCurrentNumberOfTasks  0x2001ed90      0x4  Data  Lc  tasks.o [1]
uxListRemove            0x080357bd     0x28  Code  Gb  list.o [1]
uxPendedTicks           0x2001eda0      0x4  Data  Lc  tasks.o [1]
uxSchedulerSuspended    0x2001edb4      0x4  Data  Lc  tasks.o [1]
uxTaskNumber            0x2001edac      0x4  Data  Lc  tasks.o [1]
uxTaskResetEventItemValue
                        0x0802efb5     0x20  Code  Gb  tasks.o [1]
uxTasksDeleted          0x2001ed8c      0x4  Data  Lc  tasks.o [1]
uxTopReadyPriority      0x2001ed98      0x4  Data  Lc  tasks.o [1]
vListInitialise         0x0803574d     0x1e  Code  Gb  list.o [1]
vListInsert             0x08035783     0x3a  Code  Gb  list.o [1]
vListInsertEnd          0x0803576b     0x18  Code  Gb  list.o [1]
vPortEnableVFP          0x0803887d           Code  Gb  portasm.o [1]
vPortEnterCritical      0x0803561b     0x3a  Code  Gb  port.o [1]
vPortExitCritical       0x08035655     0x32  Code  Gb  port.o [1]
vPortFree               0x080358fd     0x78  Code  Gb  heap_4.o [1]
vPortSetupTimerInterrupt
                        0x080356b3      0xe  Code  Wk  port.o [1]
vPortStartFirstTask     0x08038865           Code  Gb  portasm.o [1]
vPortValidateInterruptPriority
                        0x080356c1     0x4e  Code  Gb  port.o [1]
vQueueWaitForMessageRestricted
                        0x0802f7ad     0x44  Code  Gb  queue.o [1]
vSetupSysInfoTest       0x0803ed65     0x12  Code  Gb  SysInfoTest.o [1]
vTaskDelay              0x0802e5ad     0x84  Code  Gb  tasks.o [1]
vTaskManageCapacity     0x0802d9ad    0x4c0  Code  Gb  apptask.o [1]
vTaskMassStorage        0x0802cc35    0x23e  Code  Lc  apptask.o [1]
vTaskMissedYield        0x0802ed47      0xa  Code  Gb  tasks.o [1]
vTaskMsgPro             0x0802d28d    0x426  Code  Lc  apptask.o [1]
vTaskPlaceOnEventList   0x0802e9ad     0x74  Code  Gb  tasks.o [1]
vTaskPlaceOnEventListRestricted
                        0x0802eae5     0x80  Code  Gb  tasks.o [1]
vTaskPlaceOnUnorderedEventList
                        0x0802ea3d     0xa8  Code  Gb  tasks.o [1]
vTaskReadDisk           0x0802d785    0x1b4  Code  Lc  apptask.o [1]
vTaskRev485             0x0802d6b9     0xae  Code  Lc  apptask.o [1]
vTaskSetTimeOutState    0x0802ec91     0x26  Code  Gb  tasks.o [1]
vTaskStartScheduler     0x0802e631     0x7e  Code  Gb  tasks.o [1]
vTaskSuspendAll         0x0802e6af     0x10  Code  Gb  tasks.o [1]
vTaskSwitchContext      0x0802e8fd     0xb0  Code  Gb  tasks.o [1]
vTaskTaskLCD            0x0802aa91   0x2178  Code  Gb  apptask.o [1]
vTaskTaskLED            0x0802ce95     0x20  Code  Lc  apptask.o [1]
vTaskTaskRFID           0x0802ceb5    0x3a6  Code  Lc  apptask.o [1]
validate                0x08033d67     0x36  Code  Lc  ff.o [1]
xActiveTimerList1       0x2001ec24     0x14  Data  Lc  timers.o [1]
xActiveTimerList2       0x2001ec38     0x14  Data  Lc  timers.o [1]
xBlockAllocatedBit      0x2001ed6c      0x4  Data  Lc  heap_4.o [1]
xDelayedTaskList1       0x2001ebc0     0x14  Data  Lc  tasks.o [1]
xDelayedTaskList2       0x2001ebd4     0x14  Data  Lc  tasks.o [1]
xEventGroupCreate       0x08034df1     0x1c  Code  Gb  event_groups.o [1]
xEventGroupSetBits      0x08034f59     0xd6  Code  Gb  event_groups.o [1]
xEventGroupWaitBits     0x08034e0d    0x146  Code  Gb  event_groups.o [1]
xFreeBytesRemaining     0x2001ed64      0x4  Data  Lc  heap_4.o [1]
xHandleTaskLCD          0x2001ecfc      0x4  Data  Gb  apptask.o [1]
xHandleTaskLED          0x2001ed00      0x4  Data  Gb  apptask.o [1]
xHandleTaskManageCapacity
                        0x2001ed18      0x4  Data  Gb  apptask.o [1]
xHandleTaskMassStorage  0x2001ed08      0x4  Data  Gb  apptask.o [1]
xHandleTaskMsgPro       0x2001ed10      0x4  Data  Gb  apptask.o [1]
xHandleTaskRFID         0x2001ed04      0x4  Data  Gb  apptask.o [1]
xHandleTaskReadDisk     0x2001ed0c      0x4  Data  Gb  apptask.o [1]
xHandleTaskRev485       0x2001ed14      0x4  Data  Gb  apptask.o [1]
xHeapStructSize         0x0803f980      0x4  Data  Lc  heap_4.o [1]
xMinimumEverFreeBytesRemaining
                        0x2001ed68      0x4  Data  Lc  heap_4.o [1]
xNextTaskUnblockTime    0x2001edb0      0x4  Data  Lc  tasks.o [1]
xNumOfOverflows         0x2001eda8      0x4  Data  Lc  tasks.o [1]
xPendingReadyList       0x2001ebe8     0x14  Data  Lc  tasks.o [1]
xPortStartScheduler     0x0803554f     0xcc  Code  Gb  port.o [1]
xQueueGenericCreate     0x0802f0b9     0x7e  Code  Gb  queue.o [1]
xQueueGenericReceive    0x0802f4ad    0x19c  Code  Gb  queue.o [1]
xQueueGenericReset      0x0802f029     0x90  Code  Gb  queue.o [1]
xQueueGenericSend       0x0802f137    0x1b2  Code  Gb  queue.o [1]
xQueueGenericSendFromISR
                        0x0802f2e9     0xec  Code  Gb  queue.o [1]
xQueueGiveFromISR       0x0802f3d5     0xd8  Code  Gb  queue.o [1]
xQueue_message          0x2001ed38      0x4  Data  Gb  apptask.o [1]
xSchedulerRunning       0x2001ed9c      0x4  Data  Lc  tasks.o [1]
xSemaphore_download     0x2001ed28      0x4  Data  Gb  apptask.o [1]
xSemaphore_lcd          0x2001ed1c      0x4  Data  Gb  apptask.o [1]
xSemaphore_pluse        0x2001ed24      0x4  Data  Gb  apptask.o [1]
xSemaphore_readDisk     0x2001ed2c      0x4  Data  Gb  apptask.o [1]
xSemaphore_rs485        0x2001ed20      0x4  Data  Gb  apptask.o [1]
xStart                  0x2001ece4      0x8  Data  Lc  heap_4.o [1]
xSuspendedTaskList      0x2001ec10     0x14  Data  Lc  tasks.o [1]
xTaskCheckForTimeOut    0x0802ecbd     0x8a  Code  Gb  tasks.o [1]
xTaskGenericCreate      0x0802e429    0x184  Code  Gb  tasks.o [1]
xTaskGetSchedulerState  0x0802ef7b     0x26  Code  Gb  tasks.o [1]
xTaskGetTickCount       0x0802e7bf      0xa  Code  Gb  tasks.o [1]
xTaskIncrementTick      0x0802e7c9    0x134  Code  Gb  tasks.o [1]
xTaskRemoveFromEventList
                        0x0802eb69     0x8e  Code  Gb  tasks.o [1]
xTaskRemoveFromUnorderedEventList
                        0x0802ebfd     0x94  Code  Gb  tasks.o [1]
xTaskResumeAll          0x0802e6bf    0x100  Code  Gb  tasks.o [1]
xTasksWaitingTermination
                        0x2001ebfc     0x14  Data  Lc  tasks.o [1]
xTickCount              0x2001ed94      0x4  Data  Lc  tasks.o [1]
xTimerCreate            0x080350a5     0x62  Code  Gb  timers.o [1]
xTimerCreateTimerTask   0x08035055     0x50  Code  Gb  timers.o [1]
xTimerGenericCommand    0x08035107     0x84  Code  Gb  timers.o [1]
xTimerQueue             0x2001edc8      0x4  Data  Lc  timers.o [1]
xTimerUser              0x2001ed34      0x4  Data  Gb  apptask.o [1]
xYieldPending           0x2001eda4      0x4  Data  Lc  tasks.o [1]


[1] = F:\work\YarnControl_Driver\src\stm32f4_rtos\Project\EWARMv7\Flash\Obj
[2] = command line
[3] = dl7M_tlf.a
[4] = m7M_tls.a
[5] = rt7M_tl.a
[6] = shb_l.a

   80 106 bytes of readonly  code memory
  181 106 bytes of readonly  data memory
  128 517 bytes of readwrite data memory (+ 1 044 480 absolute)

Errors: none
Warnings: none
