###############################################################################
#
# IAR ELF Linker V7.40.7.9843/W32 for ARM                 13/May/2019  21:10:50
# Copyright 2007-2015 IAR Systems AB.
#
#    Output file  =  
#        E:\WORK\YarnControl_Driver\YarnControl_Driver\src\stm32f4_rtos\Project\EWARMv7\Flash\Exe\project.out
#    Map file     =  
#        E:\WORK\YarnControl_Driver\YarnControl_Driver\src\stm32f4_rtos\Project\EWARMv7\Flash\List\project.map
#    Command line =  
#        E:\WORK\YarnControl_Driver\YarnControl_Driver\src\stm32f4_rtos\Project\EWARMv7\Flash\Obj\apptask.o
#        E:\WORK\YarnControl_Driver\YarnControl_Driver\src\stm32f4_rtos\Project\EWARMv7\Flash\Obj\bkp_pwr.o
#        E:\WORK\YarnControl_Driver\YarnControl_Driver\src\stm32f4_rtos\Project\EWARMv7\Flash\Obj\bsp.o
#        E:\WORK\YarnControl_Driver\YarnControl_Driver\src\stm32f4_rtos\Project\EWARMv7\Flash\Obj\bsp_adc.o
#        E:\WORK\YarnControl_Driver\YarnControl_Driver\src\stm32f4_rtos\Project\EWARMv7\Flash\Obj\bsp_closeSW.o
#        E:\WORK\YarnControl_Driver\YarnControl_Driver\src\stm32f4_rtos\Project\EWARMv7\Flash\Obj\bsp_dac.o
#        E:\WORK\YarnControl_Driver\YarnControl_Driver\src\stm32f4_rtos\Project\EWARMv7\Flash\Obj\bsp_dwt.o
#        E:\WORK\YarnControl_Driver\YarnControl_Driver\src\stm32f4_rtos\Project\EWARMv7\Flash\Obj\bsp_led.o
#        E:\WORK\YarnControl_Driver\YarnControl_Driver\src\stm32f4_rtos\Project\EWARMv7\Flash\Obj\bsp_relay.o
#        E:\WORK\YarnControl_Driver\YarnControl_Driver\src\stm32f4_rtos\Project\EWARMv7\Flash\Obj\bsp_sdio_sd.o
#        E:\WORK\YarnControl_Driver\YarnControl_Driver\src\stm32f4_rtos\Project\EWARMv7\Flash\Obj\bsp_sdwe050c17.o
#        E:\WORK\YarnControl_Driver\YarnControl_Driver\src\stm32f4_rtos\Project\EWARMv7\Flash\Obj\bsp_servomotor.o
#        E:\WORK\YarnControl_Driver\YarnControl_Driver\src\stm32f4_rtos\Project\EWARMv7\Flash\Obj\bsp_spi.o
#        E:\WORK\YarnControl_Driver\YarnControl_Driver\src\stm32f4_rtos\Project\EWARMv7\Flash\Obj\bsp_stepmotor.o
#        E:\WORK\YarnControl_Driver\YarnControl_Driver\src\stm32f4_rtos\Project\EWARMv7\Flash\Obj\bsp_sw_onoff.o
#        E:\WORK\YarnControl_Driver\YarnControl_Driver\src\stm32f4_rtos\Project\EWARMv7\Flash\Obj\bsp_tim_pwm.o
#        E:\WORK\YarnControl_Driver\YarnControl_Driver\src\stm32f4_rtos\Project\EWARMv7\Flash\Obj\bsp_timer.o
#        E:\WORK\YarnControl_Driver\YarnControl_Driver\src\stm32f4_rtos\Project\EWARMv7\Flash\Obj\bsp_uart_fifo.o
#        E:\WORK\YarnControl_Driver\YarnControl_Driver\src\stm32f4_rtos\Project\EWARMv7\Flash\Obj\bsp_w25qxx.o
#        E:\WORK\YarnControl_Driver\YarnControl_Driver\src\stm32f4_rtos\Project\EWARMv7\Flash\Obj\bsp_watchdog.o
#        E:\WORK\YarnControl_Driver\YarnControl_Driver\src\stm32f4_rtos\Project\EWARMv7\Flash\Obj\cc936.o
#        E:\WORK\YarnControl_Driver\YarnControl_Driver\src\stm32f4_rtos\Project\EWARMv7\Flash\Obj\cJSON.o
#        E:\WORK\YarnControl_Driver\YarnControl_Driver\src\stm32f4_rtos\Project\EWARMv7\Flash\Obj\croutine.o
#        E:\WORK\YarnControl_Driver\YarnControl_Driver\src\stm32f4_rtos\Project\EWARMv7\Flash\Obj\demo_fatfs.o
#        E:\WORK\YarnControl_Driver\YarnControl_Driver\src\stm32f4_rtos\Project\EWARMv7\Flash\Obj\des.o
#        E:\WORK\YarnControl_Driver\YarnControl_Driver\src\stm32f4_rtos\Project\EWARMv7\Flash\Obj\diskio.o
#        E:\WORK\YarnControl_Driver\YarnControl_Driver\src\stm32f4_rtos\Project\EWARMv7\Flash\Obj\encoder_tim.o
#        E:\WORK\YarnControl_Driver\YarnControl_Driver\src\stm32f4_rtos\Project\EWARMv7\Flash\Obj\esp8266_handler.o
#        E:\WORK\YarnControl_Driver\YarnControl_Driver\src\stm32f4_rtos\Project\EWARMv7\Flash\Obj\esp8266_init.o
#        E:\WORK\YarnControl_Driver\YarnControl_Driver\src\stm32f4_rtos\Project\EWARMv7\Flash\Obj\event_groups.o
#        E:\WORK\YarnControl_Driver\YarnControl_Driver\src\stm32f4_rtos\Project\EWARMv7\Flash\Obj\ff.o
#        E:\WORK\YarnControl_Driver\YarnControl_Driver\src\stm32f4_rtos\Project\EWARMv7\Flash\Obj\heap_4.o
#        E:\WORK\YarnControl_Driver\YarnControl_Driver\src\stm32f4_rtos\Project\EWARMv7\Flash\Obj\iic_smec98sp.o
#        E:\WORK\YarnControl_Driver\YarnControl_Driver\src\stm32f4_rtos\Project\EWARMv7\Flash\Obj\list.o
#        E:\WORK\YarnControl_Driver\YarnControl_Driver\src\stm32f4_rtos\Project\EWARMv7\Flash\Obj\main.o
#        E:\WORK\YarnControl_Driver\YarnControl_Driver\src\stm32f4_rtos\Project\EWARMv7\Flash\Obj\malloc.o
#        E:\WORK\YarnControl_Driver\YarnControl_Driver\src\stm32f4_rtos\Project\EWARMv7\Flash\Obj\mcheck.o
#        E:\WORK\YarnControl_Driver\YarnControl_Driver\src\stm32f4_rtos\Project\EWARMv7\Flash\Obj\misc.o
#        E:\WORK\YarnControl_Driver\YarnControl_Driver\src\stm32f4_rtos\Project\EWARMv7\Flash\Obj\modbus.o
#        E:\WORK\YarnControl_Driver\YarnControl_Driver\src\stm32f4_rtos\Project\EWARMv7\Flash\Obj\MQTTConnectClient.o
#        E:\WORK\YarnControl_Driver\YarnControl_Driver\src\stm32f4_rtos\Project\EWARMv7\Flash\Obj\MQTTConnectServer.o
#        E:\WORK\YarnControl_Driver\YarnControl_Driver\src\stm32f4_rtos\Project\EWARMv7\Flash\Obj\MQTTDeserializePublish.o
#        E:\WORK\YarnControl_Driver\YarnControl_Driver\src\stm32f4_rtos\Project\EWARMv7\Flash\Obj\MQTTFormat.o
#        E:\WORK\YarnControl_Driver\YarnControl_Driver\src\stm32f4_rtos\Project\EWARMv7\Flash\Obj\MQTTPacket.o
#        E:\WORK\YarnControl_Driver\YarnControl_Driver\src\stm32f4_rtos\Project\EWARMv7\Flash\Obj\MQTTSerializePublish.o
#        E:\WORK\YarnControl_Driver\YarnControl_Driver\src\stm32f4_rtos\Project\EWARMv7\Flash\Obj\MQTTSubscribeClient.o
#        E:\WORK\YarnControl_Driver\YarnControl_Driver\src\stm32f4_rtos\Project\EWARMv7\Flash\Obj\MQTTSubscribeServer.o
#        E:\WORK\YarnControl_Driver\YarnControl_Driver\src\stm32f4_rtos\Project\EWARMv7\Flash\Obj\MQTTUnsubscribeClient.o
#        E:\WORK\YarnControl_Driver\YarnControl_Driver\src\stm32f4_rtos\Project\EWARMv7\Flash\Obj\MQTTUnsubscribeServer.o
#        E:\WORK\YarnControl_Driver\YarnControl_Driver\src\stm32f4_rtos\Project\EWARMv7\Flash\Obj\page_weimi.o
#        E:\WORK\YarnControl_Driver\YarnControl_Driver\src\stm32f4_rtos\Project\EWARMv7\Flash\Obj\para.o
#        E:\WORK\YarnControl_Driver\YarnControl_Driver\src\stm32f4_rtos\Project\EWARMv7\Flash\Obj\port.o
#        E:\WORK\YarnControl_Driver\YarnControl_Driver\src\stm32f4_rtos\Project\EWARMv7\Flash\Obj\portasm.o
#        E:\WORK\YarnControl_Driver\YarnControl_Driver\src\stm32f4_rtos\Project\EWARMv7\Flash\Obj\product_cal.o
#        E:\WORK\YarnControl_Driver\YarnControl_Driver\src\stm32f4_rtos\Project\EWARMv7\Flash\Obj\protocol.o
#        E:\WORK\YarnControl_Driver\YarnControl_Driver\src\stm32f4_rtos\Project\EWARMv7\Flash\Obj\pub0sub1.o
#        E:\WORK\YarnControl_Driver\YarnControl_Driver\src\stm32f4_rtos\Project\EWARMv7\Flash\Obj\queue.o
#        E:\WORK\YarnControl_Driver\YarnControl_Driver\src\stm32f4_rtos\Project\EWARMv7\Flash\Obj\rc522.o
#        E:\WORK\YarnControl_Driver\YarnControl_Driver\src\stm32f4_rtos\Project\EWARMv7\Flash\Obj\sha1.o
#        E:\WORK\YarnControl_Driver\YarnControl_Driver\src\stm32f4_rtos\Project\EWARMv7\Flash\Obj\smec98sp.o
#        E:\WORK\YarnControl_Driver\YarnControl_Driver\src\stm32f4_rtos\Project\EWARMv7\Flash\Obj\startup_stm32f40_41xxx.o
#        E:\WORK\YarnControl_Driver\YarnControl_Driver\src\stm32f4_rtos\Project\EWARMv7\Flash\Obj\stm32f4xx_adc.o
#        E:\WORK\YarnControl_Driver\YarnControl_Driver\src\stm32f4_rtos\Project\EWARMv7\Flash\Obj\stm32f4xx_assert.o
#        E:\WORK\YarnControl_Driver\YarnControl_Driver\src\stm32f4_rtos\Project\EWARMv7\Flash\Obj\stm32f4xx_can.o
#        E:\WORK\YarnControl_Driver\YarnControl_Driver\src\stm32f4_rtos\Project\EWARMv7\Flash\Obj\stm32f4xx_crc.o
#        E:\WORK\YarnControl_Driver\YarnControl_Driver\src\stm32f4_rtos\Project\EWARMv7\Flash\Obj\stm32f4xx_cryp.o
#        E:\WORK\YarnControl_Driver\YarnControl_Driver\src\stm32f4_rtos\Project\EWARMv7\Flash\Obj\stm32f4xx_cryp_aes.o
#        E:\WORK\YarnControl_Driver\YarnControl_Driver\src\stm32f4_rtos\Project\EWARMv7\Flash\Obj\stm32f4xx_cryp_des.o
#        E:\WORK\YarnControl_Driver\YarnControl_Driver\src\stm32f4_rtos\Project\EWARMv7\Flash\Obj\stm32f4xx_cryp_tdes.o
#        E:\WORK\YarnControl_Driver\YarnControl_Driver\src\stm32f4_rtos\Project\EWARMv7\Flash\Obj\stm32f4xx_dac.o
#        E:\WORK\YarnControl_Driver\YarnControl_Driver\src\stm32f4_rtos\Project\EWARMv7\Flash\Obj\stm32f4xx_dbgmcu.o
#        E:\WORK\YarnControl_Driver\YarnControl_Driver\src\stm32f4_rtos\Project\EWARMv7\Flash\Obj\stm32f4xx_dcmi.o
#        E:\WORK\YarnControl_Driver\YarnControl_Driver\src\stm32f4_rtos\Project\EWARMv7\Flash\Obj\stm32f4xx_dma.o
#        E:\WORK\YarnControl_Driver\YarnControl_Driver\src\stm32f4_rtos\Project\EWARMv7\Flash\Obj\stm32f4xx_dma2d.o
#        E:\WORK\YarnControl_Driver\YarnControl_Driver\src\stm32f4_rtos\Project\EWARMv7\Flash\Obj\stm32f4xx_exti.o
#        E:\WORK\YarnControl_Driver\YarnControl_Driver\src\stm32f4_rtos\Project\EWARMv7\Flash\Obj\stm32f4xx_flash.o
#        E:\WORK\YarnControl_Driver\YarnControl_Driver\src\stm32f4_rtos\Project\EWARMv7\Flash\Obj\stm32f4xx_fsmc.o
#        E:\WORK\YarnControl_Driver\YarnControl_Driver\src\stm32f4_rtos\Project\EWARMv7\Flash\Obj\stm32f4xx_gpio.o
#        E:\WORK\YarnControl_Driver\YarnControl_Driver\src\stm32f4_rtos\Project\EWARMv7\Flash\Obj\stm32f4xx_hash.o
#        E:\WORK\YarnControl_Driver\YarnControl_Driver\src\stm32f4_rtos\Project\EWARMv7\Flash\Obj\stm32f4xx_hash_md5.o
#        E:\WORK\YarnControl_Driver\YarnControl_Driver\src\stm32f4_rtos\Project\EWARMv7\Flash\Obj\stm32f4xx_hash_sha1.o
#        E:\WORK\YarnControl_Driver\YarnControl_Driver\src\stm32f4_rtos\Project\EWARMv7\Flash\Obj\stm32f4xx_i2c.o
#        E:\WORK\YarnControl_Driver\YarnControl_Driver\src\stm32f4_rtos\Project\EWARMv7\Flash\Obj\stm32f4xx_it.o
#        E:\WORK\YarnControl_Driver\YarnControl_Driver\src\stm32f4_rtos\Project\EWARMv7\Flash\Obj\stm32f4xx_iwdg.o
#        E:\WORK\YarnControl_Driver\YarnControl_Driver\src\stm32f4_rtos\Project\EWARMv7\Flash\Obj\stm32f4xx_ltdc.o
#        E:\WORK\YarnControl_Driver\YarnControl_Driver\src\stm32f4_rtos\Project\EWARMv7\Flash\Obj\stm32f4xx_pwr.o
#        E:\WORK\YarnControl_Driver\YarnControl_Driver\src\stm32f4_rtos\Project\EWARMv7\Flash\Obj\stm32f4xx_rcc.o
#        E:\WORK\YarnControl_Driver\YarnControl_Driver\src\stm32f4_rtos\Project\EWARMv7\Flash\Obj\stm32f4xx_rng.o
#        E:\WORK\YarnControl_Driver\YarnControl_Driver\src\stm32f4_rtos\Project\EWARMv7\Flash\Obj\stm32f4xx_rtc.o
#        E:\WORK\YarnControl_Driver\YarnControl_Driver\src\stm32f4_rtos\Project\EWARMv7\Flash\Obj\stm32f4xx_sai.o
#        E:\WORK\YarnControl_Driver\YarnControl_Driver\src\stm32f4_rtos\Project\EWARMv7\Flash\Obj\stm32f4xx_sdio.o
#        E:\WORK\YarnControl_Driver\YarnControl_Driver\src\stm32f4_rtos\Project\EWARMv7\Flash\Obj\stm32f4xx_spi.o
#        E:\WORK\YarnControl_Driver\YarnControl_Driver\src\stm32f4_rtos\Project\EWARMv7\Flash\Obj\stm32f4xx_syscfg.o
#        E:\WORK\YarnControl_Driver\YarnControl_Driver\src\stm32f4_rtos\Project\EWARMv7\Flash\Obj\stm32f4xx_tim.o
#        E:\WORK\YarnControl_Driver\YarnControl_Driver\src\stm32f4_rtos\Project\EWARMv7\Flash\Obj\stm32f4xx_usart.o
#        E:\WORK\YarnControl_Driver\YarnControl_Driver\src\stm32f4_rtos\Project\EWARMv7\Flash\Obj\stm32f4xx_wwdg.o
#        E:\WORK\YarnControl_Driver\YarnControl_Driver\src\stm32f4_rtos\Project\EWARMv7\Flash\Obj\SysInfoTest.o
#        E:\WORK\YarnControl_Driver\YarnControl_Driver\src\stm32f4_rtos\Project\EWARMv7\Flash\Obj\system_stm32f4xx.o
#        E:\WORK\YarnControl_Driver\YarnControl_Driver\src\stm32f4_rtos\Project\EWARMv7\Flash\Obj\tasks.o
#        E:\WORK\YarnControl_Driver\YarnControl_Driver\src\stm32f4_rtos\Project\EWARMv7\Flash\Obj\timer_platform.o
#        E:\WORK\YarnControl_Driver\YarnControl_Driver\src\stm32f4_rtos\Project\EWARMv7\Flash\Obj\timers.o
#        E:\WORK\YarnControl_Driver\YarnControl_Driver\src\stm32f4_rtos\Project\EWARMv7\Flash\Obj\transport.o
#        E:\WORK\YarnControl_Driver\YarnControl_Driver\src\stm32f4_rtos\Project\EWARMv7\Flash\Obj\usb_bsp.o
#        E:\WORK\YarnControl_Driver\YarnControl_Driver\src\stm32f4_rtos\Project\EWARMv7\Flash\Obj\usb_core.o
#        E:\WORK\YarnControl_Driver\YarnControl_Driver\src\stm32f4_rtos\Project\EWARMv7\Flash\Obj\usb_hcd.o
#        E:\WORK\YarnControl_Driver\YarnControl_Driver\src\stm32f4_rtos\Project\EWARMv7\Flash\Obj\usb_hcd_int.o
#        E:\WORK\YarnControl_Driver\YarnControl_Driver\src\stm32f4_rtos\Project\EWARMv7\Flash\Obj\usbh_core.o
#        E:\WORK\YarnControl_Driver\YarnControl_Driver\src\stm32f4_rtos\Project\EWARMv7\Flash\Obj\usbh_hcs.o
#        E:\WORK\YarnControl_Driver\YarnControl_Driver\src\stm32f4_rtos\Project\EWARMv7\Flash\Obj\usbh_ioreq.o
#        E:\WORK\YarnControl_Driver\YarnControl_Driver\src\stm32f4_rtos\Project\EWARMv7\Flash\Obj\usbh_it.o
#        E:\WORK\YarnControl_Driver\YarnControl_Driver\src\stm32f4_rtos\Project\EWARMv7\Flash\Obj\usbh_msc_bot.o
#        E:\WORK\YarnControl_Driver\YarnControl_Driver\src\stm32f4_rtos\Project\EWARMv7\Flash\Obj\usbh_msc_core.o
#        E:\WORK\YarnControl_Driver\YarnControl_Driver\src\stm32f4_rtos\Project\EWARMv7\Flash\Obj\usbh_msc_scsi.o
#        E:\WORK\YarnControl_Driver\YarnControl_Driver\src\stm32f4_rtos\Project\EWARMv7\Flash\Obj\usbh_stdreq.o
#        E:\WORK\YarnControl_Driver\YarnControl_Driver\src\stm32f4_rtos\Project\EWARMv7\Flash\Obj\usbh_usr.o
#        -o
#        E:\WORK\YarnControl_Driver\YarnControl_Driver\src\stm32f4_rtos\Project\EWARMv7\Flash\Exe\project.out
#        --map
#        E:\WORK\YarnControl_Driver\YarnControl_Driver\src\stm32f4_rtos\Project\EWARMv7\Flash\List\project.map
#        --config
#        E:\WORK\YarnControl_Driver\YarnControl_Driver\src\stm32f4_rtos\Project\EWARMv7\stm32f4xx_flash.icf
#        --semihosting --entry __iar_program_start --inline --vfe
#
###############################################################################

*******************************************************************************
*** RUNTIME MODEL ATTRIBUTES
***

CppFlavor                     = *
__Heap_Handler                = DLMalloc
__SystemLibrary               = DLib
__dlib_dynamic_initialization = normal


*******************************************************************************
*** PLACEMENT SUMMARY
***

"A1":  place at 0x08000000 { ro section .intvec };
"P1":  place in [from 0x08000000 to 0x080fffff] { ro };
"P2":  place in [from 0x20000000 to 0x2001ffff] { rw, block CSTACK, block HEAP };

  Section             Kind        Address     Size  Object
  -------             ----        -------     ----  ------
"A1":                                        0x188
  .intvec             ro code  0x08000000    0x188  startup_stm32f40_41xxx.o [1]
                             - 0x08000188    0x188

"P1":                                      0x4b30e
  .rodata             const    0x08000188  0x15484  cc936.o [1]
  .rodata             const    0x0801560c  0x15484  cc936.o [1]
  .text               ro code  0x0802aa90   0x74e8  apptask.o [1]
  .text               ro code  0x08031f78   0x154c  bsp_sdwe050c17.o [1]
  .text               ro code  0x080334c4    0x7c8  queue.o [1]
  .text               ro code  0x08033c8c    0x6b0  product_cal.o [1]
  .text               ro code  0x0803433c     0x66  ABImemset.o [5]
  .text               ro code  0x080343a2     0x1e  xsscin.o [3]
  .text               ro code  0x080343c0    0xce0  tasks.o [1]
  .text               ro code  0x080350a0    0x380  bsp_w25qxx.o [1]
  .text               ro code  0x08035420   0x150a  para.o [1]
  .text               ro code  0x0803692a     0x1a  xsnprout.o [3]
  .text               ro code  0x08036944     0x4e  FltToDbl.o [4]
  .text               ro code  0x08036992      0xa  xsprout.o [3]
  .text               ro code  0x0803699c     0x24  printf.o [3]
  .text               ro code  0x080369c0     0x76  ABImemcpy_unaligned.o [5]
  .text               ro code  0x08036a38     0x42  strcmp_unaligned.o [5]
  .text               ro code  0x08036a7c    0x21c  malloc.o [1]
  .text               ro code  0x08036c98     0x30  I32ToDbl.o [4]
  .text               ro code  0x08036cc8    0x256  DblDiv.o [4]
  .text               ro code  0x08036f20     0xe8  DblAdd.o [4]
  .text               ro code  0x08037008    0x1a2  DblMul.o [4]
  .text               ro code  0x080371ac     0x58  DblToI32.o [4]
  .text               ro code  0x08037204     0x90  DblToFlt.o [4]
  .text               ro code  0x08037294     0x36  strlen.o [5]
  .text               ro code  0x080372cc    0x12c  stm32f4xx_gpio.o [1]
  .text               ro code  0x080373f8     0x62  memcmp_unaligned.o [5]
  .text               ro code  0x0803745c     0xc8  bsp_dac.o [1]
  .text               ro code  0x08037524     0x3c  stm32f4xx_rtc.o [1]
  .text               ro code  0x08037560    0x504  page_weimi.o [1]
  .text               ro code  0x08037a64    0x280  bsp_servomotor.o [1]
  .text               ro code  0x08037ce4    0x188  bkp_pwr.o [1]
  .text               ro code  0x08037e6c    0x1a2  usbh_usr.o [1]
  .text               ro code  0x08038010    0x760  usbh_core.o [1]
  .text               ro code  0x08038770   0x2498  ff.o [1]
  .text               ro code  0x0803ac08     0x34  sprintf.o [3]
  .text               ro code  0x0803ac3c     0x1c  strcat.o [3]
  .text               ro code  0x0803ac58     0xc0  bsp_led.o [1]
  .text               ro code  0x0803ad18     0xee  rc522.o [1]
  .text               ro code  0x0803ae08    0x354  modbus.o [1]
  .text               ro code  0x0803b15c     0x80  protocol.o [1]
  .text               ro code  0x0803b1dc     0x10  para.o [1]
  .text               ro code  0x0803b1ec     0xdc  bsp_closeSW.o [1]
  .text               ro code  0x0803b2c8    0x180  DblSub.o [4]
  .text               ro code  0x0803b448    0x4f4  bsp_stepmotor.o [1]
  .text               ro code  0x0803b93c    0x2a0  encoder_tim.o [1]
  .text               ro code  0x0803bbdc     0x7c  esp8266_init.o [1]
  .text               ro code  0x0803bc58    0x414  esp8266_handler.o [1]
  .text               ro code  0x0803c06c    0x434  pub0sub1.o [1]
  .text               ro code  0x0803c4a0    0x262  event_groups.o [1]
  .text               ro code  0x0803c704    0x4a4  timers.o [1]
  .text               ro code  0x0803cba8      0x8  bsp_watchdog.o [1]
  .text               ro code  0x0803cbb0    0x1e8  stm32f4xx_rcc.o [1]
  .text               ro code  0x0803cd98     0x74  bsp_dwt.o [1]
  .text               ro code  0x0803ce0c    0xaa4  bsp_uart_fifo.o [1]
  .text               ro code  0x0803d8b0    0x204  bsp_timer.o [1]
  .text               ro code  0x0803dab4    0x24c  port.o [1]
  .text               ro code  0x0803dd00     0x98  list.o [1]
  .text               ro code  0x0803dd98    0x280  heap_4.o [1]
  .text               ro code  0x0803e018    0x124  bsp_spi.o [1]
  .text               ro code  0x0803e13c     0x44  strcpy_unaligned.o [5]
  .text               ro code  0x0803e180     0x24  sscanf.o [3]
  .text               ro code  0x0803e1a4    0xd96  xprintffull_nomb.o [3]
  .text               ro code  0x0803ef3c     0x7c  stm32f4xx_dac.o [1]
  .text               ro code  0x0803efb8    0x6f6  stm32f4xx_tim.o [1]
  .text               ro code  0x0803f6b0    0x31c  stm32f4xx_dma.o [1]
  .text               ro code  0x0803f9cc      0xc  stm32f4xx_pwr.o [1]
  .text               ro code  0x0803f9d8    0x14c  usb_bsp.o [1]
  .text               ro code  0x0803fb24     0xd6  usb_hcd.o [1]
  .text               ro code  0x0803fbfa    0x1ba  usbh_hcs.o [1]
  .text               ro code  0x0803fdb4    0x436  usbh_stdreq.o [1]
  .text               ro code  0x080401ea    0x246  usbh_ioreq.o [1]
  .text               ro code  0x08040430    0x2e4  diskio.o [1]
  .text               ro code  0x08040714     0xf4  cc936.o [1]
  .text               ro code  0x08040808     0xb8  mcheck.o [1]
  .text               ro code  0x080408c0     0x2c  strstr.o [3]
  .text               ro code  0x080408ec     0x54  stm32f4xx_syscfg.o [1]
  .text               ro code  0x08040940     0xc0  stm32f4xx_exti.o [1]
  .text               ro code  0x08040a00     0x88  misc.o [1]
  .text               ro code  0x08040a88    0x132  I64DivMod.o [5]
  .text               ro code  0x08040bbc      0x6  ABImemclr4.o [5]
  .text               ro code  0x08040bc4     0x44  snprintf.o [3]
  .text               ro code  0x08040c08    0x306  MQTTConnectClient.o [1]
  .text               ro code  0x08040f10     0x6c  transport.o [1]
  .text               ro code  0x08040f7c    0x290  MQTTPacket.o [1]
  .text               ro code  0x0804120c     0x40  timer_platform.o [1]
  .text               ro code  0x0804124c    0x190  MQTTSubscribeClient.o [1]
  .text               ro code  0x080413dc     0xbc  MQTTDeserializePublish.o [1]
  .text               ro code  0x08041498     0xec  MQTTSerializePublish.o [1]
  .text               ro code  0x08041584     0x10  stm32f4xx_iwdg.o [1]
  .text               ro code  0x08041594    0x254  stm32f4xx_usart.o [1]
  CODE                ro code  0x080417e8     0xa8  portasm.o [1]
  .text               ro code  0x08041890     0x74  stm32f4xx_spi.o [1]
  .text               ro code  0x08041904    0xb64  xscanffull_nomb.o [3]
  .text               ro code  0x08042468     0x16  strchr.o [5]
  .text               ro code  0x08042480     0x58  memchr.o [5]
  .text               ro code  0x080424d8     0x42  xdnorm.o [4]
  .text               ro code  0x0804251c     0x2e  DblCmpLe.o [4]
  .text               ro code  0x0804254c     0x2e  DblCmpGe.o [4]
  .text               ro code  0x0804257c    0x114  xdscale.o [4]
  .text               ro code  0x08042690     0x6c  localeconv.o [3]
  .text               ro code  0x080426fc      0xe  div.o [3]
  .text               ro code  0x0804270c    0xa50  usb_core.o [1]
  .text               ro code  0x0804315c   0x1a58  bsp_sdio_sd.o [1]
  .text               ro code  0x08044bb4    0x618  usbh_msc_scsi.o [1]
  .text               ro code  0x080451cc    0x554  usbh_msc_bot.o [1]
  .text               ro code  0x08045720      0x2  I64DivZer.o [5]
  .text               ro code  0x08045724     0x32  ABImemset48.o [5]
  .text               ro code  0x08045756     0x28  isxxx.o [3]
  .text               ro code  0x0804577e     0xa4  xstoll.o [3]
  .text               ro code  0x08045824    0x1b0  xstoull.o [3]
  .text               ro code  0x080459d4    0x168  xstold.o [4]
  .text               ro code  0x08045b3c    0x17c  stm32f4xx_sdio.o [1]
  .text               ro code  0x08045cb8     0x18  setlocale.o [3]
  .text               ro code  0x08045cd0     0x16  xlocale_c.o [3]
  .text               ro code  0x08045ce6     0x14  xlocale_c.o [3]
  .text               ro code  0x08045cfc      0xc  errno.o [3]
  .text               ro code  0x08045d08     0x14  tolower.o [3]
  .text               ro code  0x08045d1c    0x124  xstopfx.o [3]
  .text               ro code  0x08045e40    0x1b8  xstoflt.o [3]
  .text               ro code  0x08045ff8    0x200  xdtento.o [4]
  .text               ro code  0x080461f8    0x218  xstoxflt.o [3]
  .text               ro code  0x08046410      0x2  xtls.o [3]
  .text               ro code  0x08046412      0xc  xlocale_c.o [3]
  .text               ro code  0x08046420     0x20  DblCmpEq.o [4]
  .text               ro code  0x08046440     0x52  xdunscal.o [4]
  .text               ro code  0x08046494    0xc7e  usb_hcd_int.o [1]
  .text               ro code  0x08047114    0x4fa  des.o [1]
  .text               ro code  0x08047610    0x4ae  smec98sp.o [1]
  .text               ro code  0x08047ac0    0x1b6  stm32f4xx_adc.o [1]
  .text               ro code  0x08047c78    0x38e  iic_smec98sp.o [1]
  .text               ro code  0x08048008     0x20  srand.o [3]
  .text               ro code  0x08048028     0xe0  rand.o [3]
  .rodata             const    0x08048108    0x400  apptask.o [1]
  .text               ro code  0x08048508    0x3e8  usbh_msc_core.o [1]
  .rodata             const    0x080488f0    0x3dc  cc936.o [1]
  .rodata             const    0x08048ccc    0x3dc  cc936.o [1]
  .rodata             const    0x080490a8    0x200  des.o [1]
  .rodata             const    0x080492a8    0x190  product_cal.o [1]
  .text               ro code  0x08049438    0x154  system_stm32f4xx.o [1]
  .rodata             const    0x0804958c    0x100  mcheck.o [1]
  .rodata             const    0x0804968c    0x100  mcheck.o [1]
  .rodata             const    0x0804978c    0x100  mcheck.o [1]
  .text               ro code  0x0804988c     0xd0  packbits_init.o [5]
  .text               ro code  0x0804995c      0x6  abort.o [3]
  .text               ro code  0x08049964     0x14  exit.o [6]
  .rodata             const    0x08049978     0x58  pub0sub1.o [1]
  .text               ro code  0x080499d0     0x58  bsp.o [1]
  .text               ro code  0x08049a28     0x44  bsp_relay.o [1]
  .text               ro code  0x08049a6c     0x44  bsp_sw_onoff.o [1]
  .rodata             const    0x08049ab0     0x40  des.o [1]
  .rodata             const    0x08049af0     0x40  des.o [1]
  .text               ro code  0x08049b30     0x40  zero_init3.o [5]
  .rodata             const    0x08049b70     0x38  demo_fatfs.o [1]
  .rodata             const    0x08049ba8     0x38  des.o [1]
  .text               ro code  0x08049be0     0x38  stm32f4xx_it.o [1]
  .rodata             const    0x08049c18     0x34  apptask.o [1]
  .rodata             const    0x08049c4c     0x30  apptask.o [1]
  .rodata             const    0x08049c7c     0x30  demo_fatfs.o [1]
  .rodata             const    0x08049cac     0x30  demo_fatfs.o [1]
  .rodata             const    0x08049cdc     0x30  des.o [1]
  .rodata             const    0x08049d0c     0x30  des.o [1]
  .text               ro code  0x08049d3c     0x30  main.o [1]
  .rodata             const    0x08049d6c     0x2c  apptask.o [1]
  .rodata             const    0x08049d98     0x2c  demo_fatfs.o [1]
  .rodata             const    0x08049dc4     0x2c  demo_fatfs.o [1]
  .rodata             const    0x08049df0     0x2c  stm32f4xx_it.o [1]
  .text               ro code  0x08049e1c     0x2c  SysInfoTest.o [1]
  .rodata             const    0x08049e48     0x28  apptask.o [1]
  .rodata             const    0x08049e70     0x28  demo_fatfs.o [1]
  .rodata             const    0x08049e98     0x28  demo_fatfs.o [1]
  .rodata             const    0x08049ec0     0x28  demo_fatfs.o [1]
  .text               ro code  0x08049ee8     0x28  data_init.o [5]
  .rodata             const    0x08049f10     0x24  apptask.o [1]
  .rodata             const    0x08049f34     0x24  apptask.o [1]
  .rodata             const    0x08049f58     0x24  apptask.o [1]
  .rodata             const    0x08049f7c     0x24  apptask.o [1]
  .rodata             const    0x08049fa0     0x24  apptask.o [1]
  .rodata             const    0x08049fc4     0x24  apptask.o [1]
  .rodata             const    0x08049fe8     0x24  apptask.o [1]
  .rodata             const    0x0804a00c     0x24  apptask.o [1]
  .rodata             const    0x0804a030     0x24  apptask.o [1]
  .rodata             const    0x0804a054     0x24  apptask.o [1]
  .rodata             const    0x0804a078     0x24  demo_fatfs.o [1]
  .rodata             const    0x0804a09c     0x24  demo_fatfs.o [1]
  .rodata             const    0x0804a0c0     0x24  pub0sub1.o [1]
  .rodata             const    0x0804a0e4     0x24  pub0sub1.o [1]
  .rodata             const    0x0804a108     0x24  usbh_usr.o [1]
  .text               ro code  0x0804a12c     0x22  fpinit_M.o [4]
  .iar.init_table     const    0x0804a150     0x34  - Linker created -
  .rodata             const    0x0804a184     0x20  apptask.o [1]
  .rodata             const    0x0804a1a4     0x20  apptask.o [1]
  .rodata             const    0x0804a1c4     0x20  apptask.o [1]
  .rodata             const    0x0804a1e4     0x20  demo_fatfs.o [1]
  .rodata             const    0x0804a204     0x20  demo_fatfs.o [1]
  .rodata             const    0x0804a224     0x20  demo_fatfs.o [1]
  .rodata             const    0x0804a244     0x20  des.o [1]
  .rodata             const    0x0804a264     0x20  pub0sub1.o [1]
  .rodata             const    0x0804a284     0x20  usbh_usr.o [1]
  .rodata             const    0x0804a2a4     0x20  usbh_usr.o [1]
  .rodata             const    0x0804a2c4     0x20  usbh_usr.o [1]
  .rodata             const    0x0804a2e4     0x20  usbh_usr.o [1]
  .rodata             const    0x0804a304     0x20  usbh_usr.o [1]
  .rodata             const    0x0804a324     0x1c  apptask.o [1]
  .rodata             const    0x0804a340     0x1c  apptask.o [1]
  .rodata             const    0x0804a35c     0x1c  apptask.o [1]
  .rodata             const    0x0804a378     0x1c  apptask.o [1]
  .rodata             const    0x0804a394     0x1c  apptask.o [1]
  .rodata             const    0x0804a3b0     0x1c  apptask.o [1]
  .rodata             const    0x0804a3cc     0x1c  apptask.o [1]
  .rodata             const    0x0804a3e8     0x1c  apptask.o [1]
  .rodata             const    0x0804a404     0x1c  demo_fatfs.o [1]
  .rodata             const    0x0804a420     0x1c  demo_fatfs.o [1]
  .rodata             const    0x0804a43c     0x1c  esp8266_handler.o [1]
  .rodata             const    0x0804a458     0x1c  esp8266_handler.o [1]
  .rodata             const    0x0804a474     0x1c  pub0sub1.o [1]
  .rodata             const    0x0804a490     0x1c  pub0sub1.o [1]
  .rodata             const    0x0804a4ac     0x1c  pub0sub1.o [1]
  .rodata             const    0x0804a4c8     0x1c  smec98sp.o [1]
  .rodata             const    0x0804a4e4     0x1c  smec98sp.o [1]
  .rodata             const    0x0804a500     0x1c  smec98sp.o [1]
  .rodata             const    0x0804a51c     0x1c  usbh_usr.o [1]
  .rodata             const    0x0804a538     0x1c  usbh_usr.o [1]
  .rodata             const    0x0804a554     0x1c  usbh_usr.o [1]
  .rodata             const    0x0804a570     0x1c  usbh_usr.o [1]
  .rodata             const    0x0804a58c     0x1c  usbh_usr.o [1]
  .rodata             const    0x0804a5a8     0x1c  usbh_usr.o [1]
  .text               ro code  0x0804a5c4     0x1a  cmain.o [5]
  .text               ro code  0x0804a5de      0x4  exit.o [3]
  .text               ro code  0x0804a5e4      0xa  cexit.o [5]
  .rodata             const    0x0804a5f0     0x18  apptask.o [1]
  .rodata             const    0x0804a608     0x18  apptask.o [1]
  .rodata             const    0x0804a620     0x18  apptask.o [1]
  .rodata             const    0x0804a638     0x18  apptask.o [1]
  .rodata             const    0x0804a650     0x18  apptask.o [1]
  .rodata             const    0x0804a668     0x18  apptask.o [1]
  .rodata             const    0x0804a680     0x18  apptask.o [1]
  .rodata             const    0x0804a698     0x18  apptask.o [1]
  .rodata             const    0x0804a6b0     0x18  apptask.o [1]
  .rodata             const    0x0804a6c8     0x18  apptask.o [1]
  .rodata             const    0x0804a6e0     0x18  apptask.o [1]
  .rodata             const    0x0804a6f8     0x18  apptask.o [1]
  .rodata             const    0x0804a710     0x18  demo_fatfs.o [1]
  .rodata             const    0x0804a728     0x18  demo_fatfs.o [1]
  .rodata             const    0x0804a740     0x18  demo_fatfs.o [1]
  .rodata             const    0x0804a758     0x18  demo_fatfs.o [1]
  .rodata             const    0x0804a770     0x18  esp8266_handler.o [1]
  .rodata             const    0x0804a788     0x18  esp8266_handler.o [1]
  .rodata             const    0x0804a7a0     0x18  esp8266_handler.o [1]
  .rodata             const    0x0804a7b8     0x18  para.o [1]
  .rodata             const    0x0804a7d0     0x18  pub0sub1.o [1]
  .rodata             const    0x0804a7e8     0x18  pub0sub1.o [1]
  .rodata             const    0x0804a800     0x18  smec98sp.o [1]
  .rodata             const    0x0804a818     0x18  smec98sp.o [1]
  .rodata             const    0x0804a830     0x18  usbh_usr.o [1]
  .rodata             const    0x0804a848     0x18  usbh_usr.o [1]
  .rodata             const    0x0804a860     0x18  usbh_usr.o [1]
  .rodata             const    0x0804a878     0x18  usbh_usr.o [1]
  .rodata             const    0x0804a890     0x18  usbh_usr.o [1]
  .text               ro code  0x0804a8a8     0x16  xprout.o [3]
  .text               ro code  0x0804a8c0      0xc  putchar.o [3]
  .rodata             const    0x0804a8cc     0x14  apptask.o [1]
  .rodata             const    0x0804a8e0     0x14  apptask.o [1]
  .rodata             const    0x0804a8f4     0x14  apptask.o [1]
  .rodata             const    0x0804a908     0x14  apptask.o [1]
  .rodata             const    0x0804a91c     0x14  apptask.o [1]
  .rodata             const    0x0804a930     0x14  apptask.o [1]
  .rodata             const    0x0804a944     0x14  apptask.o [1]
  .rodata             const    0x0804a958     0x14  apptask.o [1]
  .rodata             const    0x0804a96c     0x14  apptask.o [1]
  .rodata             const    0x0804a980     0x14  apptask.o [1]
  .rodata             const    0x0804a994     0x14  apptask.o [1]
  .rodata             const    0x0804a9a8     0x14  apptask.o [1]
  .rodata             const    0x0804a9bc     0x14  apptask.o [1]
  .rodata             const    0x0804a9d0     0x14  apptask.o [1]
  .rodata             const    0x0804a9e4     0x14  apptask.o [1]
  .rodata             const    0x0804a9f8     0x14  apptask.o [1]
  .rodata             const    0x0804aa0c     0x14  des.o [1]
  .rodata             const    0x0804aa20     0x14  esp8266_handler.o [1]
  .rodata             const    0x0804aa34     0x14  pub0sub1.o [1]
  .rodata             const    0x0804aa48     0x14  pub0sub1.o [1]
  .rodata             const    0x0804aa5c     0x14  pub0sub1.o [1]
  .rodata             const    0x0804aa70     0x14  pub0sub1.o [1]
  .rodata             const    0x0804aa84     0x14  pub0sub1.o [1]
  .rodata             const    0x0804aa98     0x14  smec98sp.o [1]
  .rodata             const    0x0804aaac     0x14  usbh_usr.o [1]
  .rodata             const    0x0804aac0     0x14  usbh_usr.o [1]
  .rodata             const    0x0804aad4     0x10  apptask.o [1]
  .rodata             const    0x0804aae4     0x10  apptask.o [1]
  .rodata             const    0x0804aaf4     0x10  apptask.o [1]
  .rodata             const    0x0804ab04     0x10  apptask.o [1]
  .rodata             const    0x0804ab14     0x10  apptask.o [1]
  .rodata             const    0x0804ab24     0x10  apptask.o [1]
  .rodata             const    0x0804ab34     0x10  apptask.o [1]
  .rodata             const    0x0804ab44     0x10  apptask.o [1]
  .rodata             const    0x0804ab54     0x10  apptask.o [1]
  .rodata             const    0x0804ab64     0x10  apptask.o [1]
  .rodata             const    0x0804ab74     0x10  apptask.o [1]
  .rodata             const    0x0804ab84     0x10  apptask.o [1]
  .rodata             const    0x0804ab94     0x10  apptask.o [1]
  .rodata             const    0x0804aba4     0x10  apptask.o [1]
  .rodata             const    0x0804abb4     0x10  apptask.o [1]
  .rodata             const    0x0804abc4     0x10  apptask.o [1]
  .rodata             const    0x0804abd4     0x10  apptask.o [1]
  .rodata             const    0x0804abe4     0x10  apptask.o [1]
  .rodata             const    0x0804abf4     0x10  apptask.o [1]
  .rodata             const    0x0804ac04     0x10  apptask.o [1]
  .rodata             const    0x0804ac14     0x10  apptask.o [1]
  .rodata             const    0x0804ac24     0x10  apptask.o [1]
  .rodata             const    0x0804ac34     0x10  apptask.o [1]
  .rodata             const    0x0804ac44     0x10  apptask.o [1]
  .rodata             const    0x0804ac54     0x10  apptask.o [1]
  .rodata             const    0x0804ac64     0x10  apptask.o [1]
  .rodata             const    0x0804ac74     0x10  apptask.o [1]
  .rodata             const    0x0804ac84     0x10  bsp_sdwe050c17.o [1]
  .rodata             const    0x0804ac94     0x10  esp8266_handler.o [1]
  .rodata             const    0x0804aca4     0x10  esp8266_handler.o [1]
  .rodata             const    0x0804acb4     0x10  esp8266_handler.o [1]
  .rodata             const    0x0804acc4     0x10  esp8266_handler.o [1]
  .rodata             const    0x0804acd4     0x10  esp8266_handler.o [1]
  .rodata             const    0x0804ace4     0x10  esp8266_handler.o [1]
  .rodata             const    0x0804acf4     0x10  ff.o [1]
  .rodata             const    0x0804ad04     0x10  main.o [1]
  .rodata             const    0x0804ad14     0x10  main.o [1]
  .rodata             const    0x0804ad24     0x10  para.o [1]
  .rodata             const    0x0804ad34     0x10  para.o [1]
  .rodata             const    0x0804ad44     0x10  pub0sub1.o [1]
  .rodata             const    0x0804ad54     0x10  smec98sp.o [1]
  .rodata             const    0x0804ad64     0x10  smec98sp.o [1]
  .rodata             const    0x0804ad74     0x10  smec98sp.o [1]
  .rodata             const    0x0804ad84     0x10  smec98sp.o [1]
  .rodata             const    0x0804ad94     0x10  smec98sp.o [1]
  .rodata             const    0x0804ada4     0x10  smec98sp.o [1]
  .rodata             const    0x0804adb4     0x10  usbh_usr.o [1]
  .rodata             const    0x0804adc4     0x10  usbh_usr.o [1]
  .text               ro code  0x0804add4     0x10  startup_stm32f40_41xxx.o [1]
  .text               ro code  0x0804ade4     0x10  usbh_it.o [1]
  .rodata             const    0x0804adf4      0xc  apptask.o [1]
  .rodata             const    0x0804ae00      0xc  apptask.o [1]
  .rodata             const    0x0804ae0c      0xc  apptask.o [1]
  .rodata             const    0x0804ae18      0xc  apptask.o [1]
  .rodata             const    0x0804ae24      0xc  apptask.o [1]
  .rodata             const    0x0804ae30      0xc  apptask.o [1]
  .rodata             const    0x0804ae3c      0xc  apptask.o [1]
  .rodata             const    0x0804ae48      0xc  apptask.o [1]
  .rodata             const    0x0804ae54      0xc  apptask.o [1]
  .rodata             const    0x0804ae60      0xc  apptask.o [1]
  .rodata             const    0x0804ae6c      0xc  apptask.o [1]
  .rodata             const    0x0804ae78      0xc  apptask.o [1]
  .rodata             const    0x0804ae84      0xc  apptask.o [1]
  .rodata             const    0x0804ae90      0xc  apptask.o [1]
  .rodata             const    0x0804ae9c      0xc  apptask.o [1]
  .rodata             const    0x0804aea8      0xc  apptask.o [1]
  .rodata             const    0x0804aeb4      0xc  apptask.o [1]
  .rodata             const    0x0804aec0      0xc  apptask.o [1]
  .rodata             const    0x0804aecc      0xc  apptask.o [1]
  .rodata             const    0x0804aed8      0xc  apptask.o [1]
  .rodata             const    0x0804aee4      0xc  apptask.o [1]
  .rodata             const    0x0804aef0      0xc  apptask.o [1]
  .rodata             const    0x0804aefc      0xc  apptask.o [1]
  .rodata             const    0x0804af08      0xc  apptask.o [1]
  .rodata             const    0x0804af14      0xc  apptask.o [1]
  .rodata             const    0x0804af20      0xc  apptask.o [1]
  .rodata             const    0x0804af2c      0xc  apptask.o [1]
  .rodata             const    0x0804af38      0xc  apptask.o [1]
  .rodata             const    0x0804af44      0xc  apptask.o [1]
  .rodata             const    0x0804af50      0xc  apptask.o [1]
  .rodata             const    0x0804af5c      0xc  apptask.o [1]
  .rodata             const    0x0804af68      0xc  apptask.o [1]
  .rodata             const    0x0804af74      0xc  apptask.o [1]
  .rodata             const    0x0804af80      0xc  apptask.o [1]
  .rodata             const    0x0804af8c      0xc  apptask.o [1]
  .rodata             const    0x0804af98      0xc  bsp_sdwe050c17.o [1]
  .rodata             const    0x0804afa4      0xc  demo_fatfs.o [1]
  .rodata             const    0x0804afb0      0xc  esp8266_handler.o [1]
  .rodata             const    0x0804afbc      0xc  esp8266_handler.o [1]
  .rodata             const    0x0804afc8      0xc  esp8266_handler.o [1]
  .rodata             const    0x0804afd4      0xc  esp8266_handler.o [1]
  .rodata             const    0x0804afe0      0xc  esp8266_handler.o [1]
  .rodata             const    0x0804afec      0xc  esp8266_handler.o [1]
  .rodata             const    0x0804aff8      0xc  ff.o [1]
  .rodata             const    0x0804b004      0xc  page_weimi.o [1]
  .rodata             const    0x0804b010      0xc  para.o [1]
  .rodata             const    0x0804b01c      0xc  para.o [1]
  .rodata             const    0x0804b028      0xc  para.o [1]
  .rodata             const    0x0804b034      0xc  para.o [1]
  .rodata             const    0x0804b040      0xc  para.o [1]
  .rodata             const    0x0804b04c      0xc  pub0sub1.o [1]
  .rodata             const    0x0804b058      0xc  pub0sub1.o [1]
  .text               ro code  0x0804b064      0xc  cstartup_M.o [5]
  .rodata             const    0x0804b070      0x8  apptask.o [1]
  .rodata             const    0x0804b078      0x8  apptask.o [1]
  .rodata             const    0x0804b080      0x8  apptask.o [1]
  .rodata             const    0x0804b088      0x8  apptask.o [1]
  .rodata             const    0x0804b090      0x8  apptask.o [1]
  .rodata             const    0x0804b098      0x8  apptask.o [1]
  .rodata             const    0x0804b0a0      0x8  apptask.o [1]
  .rodata             const    0x0804b0a8      0x8  apptask.o [1]
  .rodata             const    0x0804b0b0      0x8  apptask.o [1]
  .rodata             const    0x0804b0b8      0x8  apptask.o [1]
  .rodata             const    0x0804b0c0      0x8  apptask.o [1]
  .rodata             const    0x0804b0c8      0x8  apptask.o [1]
  .rodata             const    0x0804b0d0      0x8  apptask.o [1]
  .rodata             const    0x0804b0d8      0x8  apptask.o [1]
  .rodata             const    0x0804b0e0      0x8  apptask.o [1]
  .rodata             const    0x0804b0e8      0x8  apptask.o [1]
  .rodata             const    0x0804b0f0      0x8  apptask.o [1]
  .rodata             const    0x0804b0f8      0x8  apptask.o [1]
  .rodata             const    0x0804b100      0x8  apptask.o [1]
  .rodata             const    0x0804b108      0x8  apptask.o [1]
  .rodata             const    0x0804b110      0x8  apptask.o [1]
  .rodata             const    0x0804b118      0x8  apptask.o [1]
  .rodata             const    0x0804b120      0x8  bsp_sdwe050c17.o [1]
  .rodata             const    0x0804b128      0x8  bsp_w25qxx.o [1]
  .rodata             const    0x0804b130      0x8  esp8266_handler.o [1]
  .rodata             const    0x0804b138      0x8  ff.o [1]
  .rodata             const    0x0804b140      0x8  malloc.o [1]
  .rodata             const    0x0804b148      0x8  malloc.o [1]
  .rodata             const    0x0804b150      0x8  malloc.o [1]
  .rodata             const    0x0804b158      0x8  MQTTConnectClient.o [1]
  .rodata             const    0x0804b160      0x8  MQTTConnectClient.o [1]
  .rodata             const    0x0804b168      0x8  para.o [1]
  .rodata             const    0x0804b170      0x8  para.o [1]
  .rodata             const    0x0804b178      0x8  para.o [1]
  .rodata             const    0x0804b180      0x8  para.o [1]
  .rodata             const    0x0804b188      0x8  para.o [1]
  .rodata             const    0x0804b190      0x8  para.o [1]
  .rodata             const    0x0804b198      0x8  para.o [1]
  .rodata             const    0x0804b1a0      0x8  para.o [1]
  .rodata             const    0x0804b1a8      0x8  para.o [1]
  .rodata             const    0x0804b1b0      0x8  para.o [1]
  .rodata             const    0x0804b1b8      0x8  para.o [1]
  .rodata             const    0x0804b1c0      0x8  para.o [1]
  .rodata             const    0x0804b1c8      0x8  para.o [1]
  .rodata             const    0x0804b1d0      0x8  para.o [1]
  .rodata             const    0x0804b1d8      0x8  para.o [1]
  .rodata             const    0x0804b1e0      0x8  para.o [1]
  .rodata             const    0x0804b1e8      0x8  para.o [1]
  .rodata             const    0x0804b1f0      0x8  para.o [1]
  .rodata             const    0x0804b1f8      0x8  para.o [1]
  .rodata             const    0x0804b200      0x8  para.o [1]
  .rodata             const    0x0804b208      0x8  para.o [1]
  .rodata             const    0x0804b210      0x8  pub0sub1.o [1]
  .rodata             const    0x0804b218      0x8  smec98sp.o [1]
  .rodata             const    0x0804b220      0x8  tasks.o [1]
  .rodata             const    0x0804b228      0x8  timers.o [1]
  .rodata             const    0x0804b230      0x4  heap_4.o [1]
  .rodata             const    0x0804b234      0x4  MQTTConnectClient.o [1]
  .rodata             const    0x0804b238      0x4  MQTTConnectClient.o [1]
  .rodata             const    0x0804b23c      0x4  MQTTConnectClient.o [1]
  .rodata             const    0x0804b240      0x4  MQTTConnectClient.o [1]
  .rodata             const    0x0804b244      0x4  MQTTConnectClient.o [1]
  .rodata             const    0x0804b248      0x4  MQTTDeserializePublish.o [1]
  .rodata             const    0x0804b24c      0x4  MQTTPacket.o [1]
  .rodata             const    0x0804b250      0x4  MQTTSerializePublish.o [1]
  .rodata             const    0x0804b254      0x4  MQTTSubscribeClient.o [1]
  .rodata             const    0x0804b258      0x4  MQTTSubscribeClient.o [1]
  .rodata             const    0x0804b25c      0x4  port.o [1]
  .text               ro code  0x0804b260      0x4  startup_stm32f40_41xxx.o [1]
  .text               ro code  0x0804b264      0x4  startup_stm32f40_41xxx.o [1]
  .text               ro code  0x0804b268      0x4  startup_stm32f40_41xxx.o [1]
  .text               ro code  0x0804b26c      0x4  startup_stm32f40_41xxx.o [1]
  .text               ro code  0x0804b270      0x4  startup_stm32f40_41xxx.o [1]
  .text               ro code  0x0804b274      0x4  startup_stm32f40_41xxx.o [1]
  .text               ro code  0x0804b278      0x4  startup_stm32f40_41xxx.o [1]
  .text               ro code  0x0804b27c      0x4  startup_stm32f40_41xxx.o [1]
  .text               ro code  0x0804b280      0x4  startup_stm32f40_41xxx.o [1]
  .text               ro code  0x0804b284      0x4  startup_stm32f40_41xxx.o [1]
  .text               ro code  0x0804b288      0x4  startup_stm32f40_41xxx.o [1]
  .text               ro code  0x0804b28c      0x4  startup_stm32f40_41xxx.o [1]
  .text               ro code  0x0804b290      0x4  startup_stm32f40_41xxx.o [1]
  .text               ro code  0x0804b294      0x4  startup_stm32f40_41xxx.o [1]
  .text               ro code  0x0804b298      0x4  startup_stm32f40_41xxx.o [1]
  .text               ro code  0x0804b29c      0x4  startup_stm32f40_41xxx.o [1]
  .text               ro code  0x0804b2a0      0x4  startup_stm32f40_41xxx.o [1]
  .text               ro code  0x0804b2a4      0x4  startup_stm32f40_41xxx.o [1]
  .text               ro code  0x0804b2a8      0x4  startup_stm32f40_41xxx.o [1]
  .text               ro code  0x0804b2ac      0x4  startup_stm32f40_41xxx.o [1]
  .text               ro code  0x0804b2b0      0x4  startup_stm32f40_41xxx.o [1]
  .text               ro code  0x0804b2b4      0x4  startup_stm32f40_41xxx.o [1]
  .text               ro code  0x0804b2b8      0x4  startup_stm32f40_41xxx.o [1]
  .text               ro code  0x0804b2bc      0x4  startup_stm32f40_41xxx.o [1]
  .text               ro code  0x0804b2c0      0x4  startup_stm32f40_41xxx.o [1]
  .text               ro code  0x0804b2c4      0x4  startup_stm32f40_41xxx.o [1]
  .text               ro code  0x0804b2c8      0x4  startup_stm32f40_41xxx.o [1]
  .text               ro code  0x0804b2cc      0x4  startup_stm32f40_41xxx.o [1]
  .text               ro code  0x0804b2d0      0x4  startup_stm32f40_41xxx.o [1]
  .text               ro code  0x0804b2d4      0x4  startup_stm32f40_41xxx.o [1]
  .text               ro code  0x0804b2d8      0x4  startup_stm32f40_41xxx.o [1]
  .text               ro code  0x0804b2dc      0x4  startup_stm32f40_41xxx.o [1]
  .text               ro code  0x0804b2e0      0x4  startup_stm32f40_41xxx.o [1]
  .text               ro code  0x0804b2e4      0x4  startup_stm32f40_41xxx.o [1]
  .text               ro code  0x0804b2e8      0x4  startup_stm32f40_41xxx.o [1]
  .text               ro code  0x0804b2ec      0x4  startup_stm32f40_41xxx.o [1]
  .text               ro code  0x0804b2f0      0x4  startup_stm32f40_41xxx.o [1]
  .text               ro code  0x0804b2f4      0x4  startup_stm32f40_41xxx.o [1]
  .text               ro code  0x0804b2f8      0x4  startup_stm32f40_41xxx.o [1]
  .text               ro code  0x0804b2fc      0x4  startup_stm32f40_41xxx.o [1]
  .text               ro code  0x0804b300      0x4  startup_stm32f40_41xxx.o [1]
  .text               ro code  0x0804b304      0x4  startup_stm32f40_41xxx.o [1]
  .text               ro code  0x0804b308      0x4  startup_stm32f40_41xxx.o [1]
  .text               ro code  0x0804b30c      0x4  startup_stm32f40_41xxx.o [1]
  .text               ro code  0x0804b310      0x4  startup_stm32f40_41xxx.o [1]
  .text               ro code  0x0804b314      0x4  startup_stm32f40_41xxx.o [1]
  .text               ro code  0x0804b318      0x4  startup_stm32f40_41xxx.o [1]
  .text               ro code  0x0804b31c      0x4  startup_stm32f40_41xxx.o [1]
  .text               ro code  0x0804b320      0x4  startup_stm32f40_41xxx.o [1]
  .text               ro code  0x0804b324      0x4  startup_stm32f40_41xxx.o [1]
  .text               ro code  0x0804b328      0x4  startup_stm32f40_41xxx.o [1]
  .text               ro code  0x0804b32c      0x4  startup_stm32f40_41xxx.o [1]
  .text               ro code  0x0804b330      0x4  startup_stm32f40_41xxx.o [1]
  .text               ro code  0x0804b334      0x4  startup_stm32f40_41xxx.o [1]
  .text               ro code  0x0804b338      0x4  startup_stm32f40_41xxx.o [1]
  .text               ro code  0x0804b33c      0x4  startup_stm32f40_41xxx.o [1]
  .text               ro code  0x0804b340      0x4  startup_stm32f40_41xxx.o [1]
  .text               ro code  0x0804b344      0x4  startup_stm32f40_41xxx.o [1]
  .text               ro code  0x0804b348      0x4  startup_stm32f40_41xxx.o [1]
  .text               ro code  0x0804b34c      0x4  startup_stm32f40_41xxx.o [1]
  .text               ro code  0x0804b350      0x4  startup_stm32f40_41xxx.o [1]
  .text               ro code  0x0804b354      0x4  startup_stm32f40_41xxx.o [1]
  .text               ro code  0x0804b358      0x4  startup_stm32f40_41xxx.o [1]
  .text               ro code  0x0804b35c      0x4  startup_stm32f40_41xxx.o [1]
  .text               ro code  0x0804b360      0x4  startup_stm32f40_41xxx.o [1]
  .text               ro code  0x0804b364      0x4  startup_stm32f40_41xxx.o [1]
  .text               ro code  0x0804b368      0x4  startup_stm32f40_41xxx.o [1]
  .text               ro code  0x0804b36c      0x4  startup_stm32f40_41xxx.o [1]
  .rodata             const    0x0804b370      0x0  zero_init3.o [5]
  .rodata             const    0x0804b370      0x0  packbits_init.o [5]
  Initializer bytes   const    0x0804b370    0x126  <for P2 s0>
                             - 0x0804b496  0x4b30e

"P2":                                      0x1fe18
  P2 s0                        0x20000000    0x2be  <Init block>
    __DLIB_PERTHREAD  inited   0x20000000     0x8c  rand.o [3]
    __DLIB_PERTHREAD  inited   0x2000008c     0x88  localeconv.o [3]
    __DLIB_PERTHREAD  inited   0x20000114     0x74  setlocale.o [3]
    .data             inited   0x20000188     0x50  demo_fatfs.o [1]
    .data             inited   0x200001d8     0x48  usbh_usr.o [1]
    .data             inited   0x20000220     0x40  xfiles.o [3]
    .data             inited   0x20000260     0x1c  malloc.o [1]
    .data             inited   0x2000027c     0x10  stm32f4xx_rcc.o [1]
    .data             inited   0x2000028c     0x10  usbh_msc_core.o [1]
    .data             inited   0x2000029c      0xc  usbh_core.o [1]
    .data             inited   0x200002a8      0x4  port.o [1]
    .data             inited   0x200002ac      0x4  system_stm32f4xx.o [1]
    .data             inited   0x200002b0      0x4  usbh_core.o [1]
    __DLIB_PERTHREAD  inited   0x200002b4      0x4  errno.o [3]
    .data             inited   0x200002b8      0x2  bsp_w25qxx.o [1]
    .data             inited   0x200002ba      0x1  apptask.o [1]
    .data             inited   0x200002bb      0x1  encoder_tim.o [1]
    .data             inited   0x200002bc      0x1  page_weimi.o [1]
    .data             inited   0x200002bd      0x1  usbh_msc_scsi.o [1]
  .bss                zero     0x200002c0  0x10c00  heap_4.o [1]
  .bss                zero     0x20010ec0   0xa000  malloc.o [1]
  .bss                zero     0x2001aec0   0x1000  bsp_w25qxx.o [1]
  .bss                zero     0x2001bec0    0xa00  malloc.o [1]
  .bss                zero     0x2001c8c0    0x5ac  usbh_usr.o [1]
  .bss                zero     0x2001ce6c    0x5ac  usbh_usr.o [1]
  .bss                zero     0x2001d418    0x3e8  bsp_uart_fifo.o [1]
  .bss                zero     0x2001d800    0x3e8  esp8266_handler.o [1]
  .bss                zero     0x2001dbe8    0x3e8  esp8266_handler.o [1]
  .bss                zero     0x2001dfd0    0x3e8  pub0sub1.o [1]
  .bss                zero     0x2001e3b8    0x200  ff.o [1]
  .bss                zero     0x2001e5b8    0x200  usbh_msc_scsi.o [1]
  .bss                zero     0x2001e7b8    0x200  usbh_stdreq.o [1]
  .bss                zero     0x2001e9b8    0x140  tasks.o [1]
  .bss                zero     0x2001eaf8    0x12c  page_weimi.o [1]
  .bss                zero     0x2001ec24     0xd4  protocol.o [1]
  .bss                zero     0x2001ecf8     0xa8  para.o [1]
  .bss                zero     0x2001eda0     0xa4  protocol.o [1]
  .bss                zero     0x2001ee44     0x94  usbh_usr.o [1]
  .bss                zero     0x2001eed8     0x68  esp8266_handler.o [1]
  .bss                zero     0x2001ef40     0x64  bsp_uart_fifo.o [1]
  .bss                zero     0x2001efa4     0x64  bsp_uart_fifo.o [1]
  .bss                zero     0x2001f008     0x58  bsp_sdio_sd.o [1]
  .bss                zero     0x2001f060     0x58  protocol.o [1]
  .bss                zero     0x2001f0b8     0x50  xfiles.o [3]
  .bss                zero     0x2001f108     0x4c  usbh_msc_core.o [1]
  .bss                zero     0x2001f154     0x40  page_weimi.o [1]
  .bss                zero     0x2001f194     0x40  pub0sub1.o [1]
  .bss                zero     0x2001f1d4     0x34  bsp_sdwe050c17.o [1]
  .bss                zero     0x2001f208     0x30  product_cal.o [1]
  .bss                zero     0x2001f238     0x28  product_cal.o [1]
  .bss                zero     0x2001f260     0x24  ff.o [1]
  .bss                zero     0x2001f284     0x20  pub0sub1.o [1]
  .bss                zero     0x2001f2a4     0x20  usbh_msc_bot.o [1]
  .bss                zero     0x2001f2c4     0x18  bsp_sdio_sd.o [1]
  .bss                zero     0x2001f2dc     0x18  bsp_sdio_sd.o [1]
  .bss                zero     0x2001f2f4     0x18  encoder_tim.o [1]
  .bss                zero     0x2001f30c     0x14  bsp_sdio_sd.o [1]
  .bss                zero     0x2001f320     0x14  rc522.o [1]
  .bss                zero     0x2001f334     0x14  tasks.o [1]
  .bss                zero     0x2001f348     0x14  tasks.o [1]
  .bss                zero     0x2001f35c     0x14  tasks.o [1]
  .bss                zero     0x2001f370     0x14  tasks.o [1]
  .bss                zero     0x2001f384     0x14  tasks.o [1]
  .bss                zero     0x2001f398     0x14  timers.o [1]
  .bss                zero     0x2001f3ac     0x14  timers.o [1]
  .bss                zero     0x2001f3c0     0x10  bsp_sdio_sd.o [1]
  .bss                zero     0x2001f3d0     0x10  bsp_sdio_sd.o [1]
  .bss                zero     0x2001f3e0     0x10  usbh_msc_bot.o [1]
  .bss                zero     0x2001f3f0     0x10  usbh_msc_bot.o [1]
  .bss                zero     0x2001f400     0x10  usbh_msc_scsi.o [1]
  .bss                zero     0x2001f410      0xc  apptask.o [1]
  .bss                zero     0x2001f41c      0xc  apptask.o [1]
  .bss                zero     0x2001f428      0xc  apptask.o [1]
  .bss                zero     0x2001f434      0xc  apptask.o [1]
  .bss                zero     0x2001f440      0xc  ff.o [1]
  .bss                zero     0x2001f44c      0xc  protocol.o [1]
  .bss                zero     0x2001f458      0xc  protocol.o [1]
  .bss                zero     0x2001f464      0xc  protocol.o [1]
  .bss                zero     0x2001f470      0xc  pub0sub1.o [1]
  .bss                zero     0x2001f47c      0x8  heap_4.o [1]
  .bss                zero     0x2001f484      0x8  modbus.o [1]
  .bss                zero     0x2001f48c      0x8  protocol.o [1]
  .bss                zero     0x2001f494      0x8  pub0sub1.o [1]
  .bss                zero     0x2001f49c      0x4  apptask.o [1]
  .bss                zero     0x2001f4a0      0x4  apptask.o [1]
  .bss                zero     0x2001f4a4      0x4  apptask.o [1]
  .bss                zero     0x2001f4a8      0x4  apptask.o [1]
  .bss                zero     0x2001f4ac      0x4  apptask.o [1]
  .bss                zero     0x2001f4b0      0x4  apptask.o [1]
  .bss                zero     0x2001f4b4      0x4  apptask.o [1]
  .bss                zero     0x2001f4b8      0x4  apptask.o [1]
  .bss                zero     0x2001f4bc      0x4  apptask.o [1]
  .bss                zero     0x2001f4c0      0x4  apptask.o [1]
  .bss                zero     0x2001f4c4      0x4  apptask.o [1]
  .bss                zero     0x2001f4c8      0x4  apptask.o [1]
  .bss                zero     0x2001f4cc      0x4  apptask.o [1]
  .bss                zero     0x2001f4d0      0x4  apptask.o [1]
  .bss                zero     0x2001f4d4      0x4  apptask.o [1]
  .bss                zero     0x2001f4d8      0x4  apptask.o [1]
  .bss                zero     0x2001f4dc      0x4  apptask.o [1]
  .bss                zero     0x2001f4e0      0x4  apptask.o [1]
  .bss                zero     0x2001f4e4      0x4  apptask.o [1]
  .bss                zero     0x2001f4e8      0x4  apptask.o [1]
  .bss                zero     0x2001f4ec      0x4  apptask.o [1]
  .bss                zero     0x2001f4f0      0x4  apptask.o [1]
  .bss                zero     0x2001f4f4      0x4  apptask.o [1]
  .bss                zero     0x2001f4f8      0x4  apptask.o [1]
  .bss                zero     0x2001f4fc      0x4  apptask.o [1]
  .bss                zero     0x2001f500      0x4  apptask.o [1]
  .bss                zero     0x2001f504      0x4  apptask.o [1]
  .bss                zero     0x2001f508      0x4  bsp_sdio_sd.o [1]
  .bss                zero     0x2001f50c      0x4  bsp_sdio_sd.o [1]
  .bss                zero     0x2001f510      0x4  bsp_sdio_sd.o [1]
  .bss                zero     0x2001f514      0x4  bsp_sdio_sd.o [1]
  .bss                zero     0x2001f518      0x4  bsp_sdio_sd.o [1]
  .bss                zero     0x2001f51c      0x4  bsp_timer.o [1]
  .bss                zero     0x2001f520      0x4  bsp_timer.o [1]
  .bss                zero     0x2001f524      0x4  bsp_timer.o [1]
  .bss                zero     0x2001f528      0x4  bsp_timer.o [1]
  .bss                zero     0x2001f52c      0x4  esp8266_handler.o [1]
  .bss                zero     0x2001f530      0x4  esp8266_handler.o [1]
  .bss                zero     0x2001f534      0x4  esp8266_handler.o [1]
  .bss                zero     0x2001f538      0x4  heap_4.o [1]
  .bss                zero     0x2001f53c      0x4  heap_4.o [1]
  .bss                zero     0x2001f540      0x4  heap_4.o [1]
  .bss                zero     0x2001f544      0x4  heap_4.o [1]
  .bss                zero     0x2001f548      0x4  MQTTPacket.o [1]
  .bss                zero     0x2001f54c      0x4  page_weimi.o [1]
  .bss                zero     0x2001f550      0x4  page_weimi.o [1]
  .bss                zero     0x2001f554      0x4  port.o [1]
  .bss                zero     0x2001f558      0x4  product_cal.o [1]
  .bss                zero     0x2001f55c      0x4  product_cal.o [1]
  .bss                zero     0x2001f560      0x4  pub0sub1.o [1]
  .bss                zero     0x2001f564      0x4  SysInfoTest.o [1]
  .bss                zero     0x2001f568      0x4  tasks.o [1]
  .bss                zero     0x2001f56c      0x4  tasks.o [1]
  .bss                zero     0x2001f570      0x4  tasks.o [1]
  .bss                zero     0x2001f574      0x4  tasks.o [1]
  .bss                zero     0x2001f578      0x4  tasks.o [1]
  .bss                zero     0x2001f57c      0x4  tasks.o [1]
  .bss                zero     0x2001f580      0x4  tasks.o [1]
  .bss                zero     0x2001f584      0x4  tasks.o [1]
  .bss                zero     0x2001f588      0x4  tasks.o [1]
  .bss                zero     0x2001f58c      0x4  tasks.o [1]
  .bss                zero     0x2001f590      0x4  tasks.o [1]
  .bss                zero     0x2001f594      0x4  tasks.o [1]
  .bss                zero     0x2001f598      0x4  tasks.o [1]
  .bss                zero     0x2001f59c      0x4  tasks.o [1]
  .bss                zero     0x2001f5a0      0x4  tasks.o [1]
  .bss                zero     0x2001f5a4      0x4  tasks.o [1]
  .bss                zero     0x2001f5a8      0x4  timer_platform.o [1]
  .bss                zero     0x2001f5ac      0x4  timers.o [1]
  .bss                zero     0x2001f5b0      0x4  timers.o [1]
  .bss                zero     0x2001f5b4      0x4  timers.o [1]
  .bss                zero     0x2001f5b8      0x4  timers.o [1]
  .bss                zero     0x2001f5bc      0x4  usbh_msc_bot.o [1]
  .bss                zero     0x2001f5c0      0x4  usbh_msc_bot.o [1]
  .bss                zero     0x2001f5c4      0x4  usbh_msc_bot.o [1]
  .bss                zero     0x2001f5c8      0x4  usbh_msc_bot.o [1]
  .bss                zero     0x2001f5cc      0x2  apptask.o [1]
  .bss                zero     0x2001f5ce      0x2  apptask.o [1]
  .bss                zero     0x2001f5d0      0x2  apptask.o [1]
  .bss                zero     0x2001f5d2      0x2  apptask.o [1]
  .bss                zero     0x2001f5d4      0x2  apptask.o [1]
  .bss                zero     0x2001f5d6      0x2  apptask.o [1]
  .bss                zero     0x2001f5d8      0x2  apptask.o [1]
  .bss                zero     0x2001f5da      0x2  apptask.o [1]
  .bss                zero     0x2001f5dc      0x2  bsp_sdwe050c17.o [1]
  .bss                zero     0x2001f5de      0x2  encoder_tim.o [1]
  .bss                zero     0x2001f5e0      0x2  encoder_tim.o [1]
  .bss                zero     0x2001f5e2      0x2  ff.o [1]
  .bss                zero     0x2001f5e4      0x2  page_weimi.o [1]
  .bss                zero     0x2001f5e6      0x2  page_weimi.o [1]
  .bss                zero     0x2001f5e8      0x2  product_cal.o [1]
  .bss                zero     0x2001f5ea      0x2  usbh_core.o [1]
  .bss                zero     0x2001f5ec      0x2  usbh_stdreq.o [1]
  .bss                zero     0x2001f5ee      0x1  apptask.o [1]
  .bss                zero     0x2001f5ef      0x1  apptask.o [1]
  .bss                zero     0x2001f5f0      0x1  apptask.o [1]
  .bss                zero     0x2001f5f1      0x1  apptask.o [1]
  .bss                zero     0x2001f5f2      0x1  apptask.o [1]
  .bss                zero     0x2001f5f3      0x1  apptask.o [1]
  .bss                zero     0x2001f5f4      0x1  apptask.o [1]
  .bss                zero     0x2001f5f5      0x1  apptask.o [1]
  .bss                zero     0x2001f5f6      0x1  apptask.o [1]
  .bss                zero     0x2001f5f7      0x1  apptask.o [1]
  .bss                zero     0x2001f5f8      0x1  apptask.o [1]
  .bss                zero     0x2001f5f9      0x1  apptask.o [1]
  .bss                zero     0x2001f5fa      0x1  apptask.o [1]
  .bss                zero     0x2001f5fb      0x1  apptask.o [1]
  .bss                zero     0x2001f5fc      0x1  bsp_sdio_sd.o [1]
  .bss                zero     0x2001f5fd      0x1  bsp_sdwe050c17.o [1]
  .bss                zero     0x2001f5fe      0x1  bsp_uart_fifo.o [1]
  .bss                zero     0x2001f5ff      0x1  encoder_tim.o [1]
  .bss                zero     0x2001f600      0x1  esp8266_handler.o [1]
  .bss                zero     0x2001f601      0x1  esp8266_handler.o [1]
  .bss                zero     0x2001f602      0x1  esp8266_handler.o [1]
  .bss                zero     0x2001f603      0x1  page_weimi.o [1]
  .bss                zero     0x2001f604      0x1  page_weimi.o [1]
  .bss                zero     0x2001f605      0x1  page_weimi.o [1]
  .bss                zero     0x2001f606      0x1  page_weimi.o [1]
  .bss                zero     0x2001f607      0x1  page_weimi.o [1]
  .bss                zero     0x2001f608      0x1  port.o [1]
  .bss                zero     0x2001f609      0x1  product_cal.o [1]
  .bss                zero     0x2001f60a      0x1  product_cal.o [1]
  .bss                zero     0x2001f60b      0x1  protocol.o [1]
  .bss                zero     0x2001f60c      0x1  pub0sub1.o [1]
  .bss                zero     0x2001f60d      0x1  pub0sub1.o [1]
  .bss                zero     0x2001f60e      0x1  rc522.o [1]
  .bss                zero     0x2001f60f      0x1  rc522.o [1]
  .bss                zero     0x2001f610      0x1  usbh_msc_bot.o [1]
  .bss                zero     0x2001f611      0x1  usbh_msc_core.o [1]
  .bss                zero     0x2001f612      0x1  usbh_msc_core.o [1]
  .bss                zero     0x2001f613      0x1  usbh_stdreq.o [1]
  .bss                zero     0x2001f614      0x1  usbh_usr.o [1]
  CSTACK                       0x2001f618    0x800  <Block>
    CSTACK            uninit   0x2001f618    0x800  <Block tail>
                             - 0x2001fe18  0x1fe18

Absolute sections:                         0xff000
  .bss                zero     0x68000000  0xf0000  malloc.o [1]
  .bss                zero     0x680f0000   0xf000  malloc.o [1]
                             - 0x680ff000  0xff000


*******************************************************************************
*** INIT TABLE
***

          Address     Size
          -------     ----
Zero (__iar_zero_init3)
    2 destination ranges, total size 0x11e355:
          0x200002c0  0x1f355
          0x68000000  0xff000

Copy/packbits (__iar_packbits_init3)
    1 source range, total size 0x126 (41% of destination):
          0x0804b370    0x126
    1 destination range, total size 0x2be:
          0x20000000    0x2be



*******************************************************************************
*** MODULE SUMMARY
***

    Module                    ro code  ro data  rw data    rw data
                                                            (abs)
    ------                    -------  -------  -------    -------
E:\WORK\YarnControl_Driver\YarnControl_Driver\src\stm32f4_rtos\Project\EWARMv7\Flash\Obj: [1]
    MQTTConnectClient.o           774       36
    MQTTDeserializePublish.o      188        4
    MQTTPacket.o                  656        4        4
    MQTTSerializePublish.o        236        4
    MQTTSubscribeClient.o         400        8
    SysInfoTest.o                  44                 4
    apptask.o                  29 928    3 524      187
    bkp_pwr.o                     392
    bsp.o                          88
    bsp_closeSW.o                 220
    bsp_dac.o                     200
    bsp_dwt.o                     116
    bsp_led.o                     192
    bsp_relay.o                    68
    bsp_sdio_sd.o               6 744               209
    bsp_sdwe050c17.o            5 452       36       55
    bsp_servomotor.o              640
    bsp_spi.o                     292
    bsp_stepmotor.o             1 268
    bsp_sw_onoff.o                 68
    bsp_timer.o                   516                16
    bsp_uart_fifo.o             2 724             1 201
    bsp_w25qxx.o                  896        9    4 098
    bsp_watchdog.o                  8
    cc936.o                       244  176 320
    demo_fatfs.o                           725       80
    des.o                       1 274      844
    diskio.o                      740
    encoder_tim.o                 672        1       30
    esp8266_handler.o           1 044      324    2 119
    esp8266_init.o                124
    event_groups.o                610
    ff.o                        9 368       36      562
    heap_4.o                      640        4   68 632
    iic_smec98sp.o                910
    list.o                        152
    main.o                         48       32
    malloc.o                      540       36   43 548  1 044 480
    mcheck.o                      184      768
    misc.o                        136
    modbus.o                      852                 8
    page_weimi.o                1 284       12      382
    para.o                      5 402      284      168
    port.o                        588        6        9
    portasm.o                     168
    product_cal.o               1 712      400      100
    protocol.o                    128               509
    pub0sub1.o                  1 076      472    1 122
    queue.o                     1 992
    rc522.o                       238                22
    smec98sp.o                  1 198      256
    startup_stm32f40_41xxx.o      680
    stm32f4xx_adc.o               438
    stm32f4xx_dac.o               124
    stm32f4xx_dma.o               796
    stm32f4xx_exti.o              192
    stm32f4xx_gpio.o              300
    stm32f4xx_it.o                 56       44
    stm32f4xx_iwdg.o               16
    stm32f4xx_pwr.o                12
    stm32f4xx_rcc.o               488        7       16
    stm32f4xx_rtc.o                60
    stm32f4xx_sdio.o              380
    stm32f4xx_spi.o               116
    stm32f4xx_syscfg.o             84
    stm32f4xx_tim.o             1 782
    stm32f4xx_usart.o             596
    system_stm32f4xx.o            340        2        4
    tasks.o                     3 296        8      484
    timer_platform.o               64                 4
    timers.o                    1 188        8       56
    transport.o                   108
    usb_bsp.o                     332
    usb_core.o                  2 640
    usb_hcd.o                     214
    usb_hcd_int.o               3 198
    usbh_core.o                 1 888        6       18
    usbh_hcs.o                    442
    usbh_ioreq.o                  582
    usbh_it.o                      16
    usbh_msc_bot.o              1 364                81
    usbh_msc_core.o             1 000        6       94
    usbh_msc_scsi.o             1 560        1      529
    usbh_stdreq.o               1 078               515
    usbh_usr.o                    418      586    3 125
    --------------------------------------------------------------
    Total:                    109 282  184 813  127 991  1 044 480

command line: [2]
    --------------------------------------------------------------
    Total:

dl7M_tlf.a: [3]
    abort.o                         6
    div.o                          14
    errno.o                        12        2        4
    exit.o                          4
    isxxx.o                        40
    localeconv.o                  108       57      136
    printf.o                       36
    putchar.o                      12
    rand.o                        224       58      140
    setlocale.o                    24       49      116
    snprintf.o                     68
    sprintf.o                      52
    srand.o                        32
    sscanf.o                       36
    strcat.o                       28
    strstr.o                       44
    tolower.o                      20
    xfiles.o                                27      144
    xlocale_c.o                    54
    xprintffull_nomb.o          3 478
    xprout.o                       22
    xscanffull_nomb.o           2 916
    xsnprout.o                     26
    xsprout.o                      10
    xsscin.o                       30
    xstoflt.o                     440
    xstoll.o                      164
    xstopfx.o                     292
    xstoull.o                     432
    xstoxflt.o                    536
    xtls.o                          2
    --------------------------------------------------------------
    Total:                      9 162      193      540

m7M_tls.a: [4]
    DblAdd.o                      232
    DblCmpEq.o                     32
    DblCmpGe.o                     46
    DblCmpLe.o                     46
    DblDiv.o                      598
    DblMul.o                      418
    DblSub.o                      384
    DblToFlt.o                    144
    DblToI32.o                     88
    FltToDbl.o                     78
    I32ToDbl.o                     48
    fpinit_M.o                     34
    xdnorm.o                       66
    xdscale.o                     276
    xdtento.o                     512
    xdunscal.o                     82
    xstold.o                      360
    --------------------------------------------------------------
    Total:                      3 444

rt7M_tl.a: [5]
    ABImemclr4.o                    6
    ABImemcpy_unaligned.o         118
    ABImemset.o                   102
    ABImemset48.o                  50
    I64DivMod.o                   306
    I64DivZer.o                     2
    cexit.o                        10
    cmain.o                        26
    cstartup_M.o                   12
    data_init.o                    40
    memchr.o                       88
    memcmp_unaligned.o             98
    packbits_init.o               208
    strchr.o                       22
    strcmp_unaligned.o             66
    strcpy_unaligned.o             68
    strlen.o                       54
    zero_init3.o                   64
    --------------------------------------------------------------
    Total:                      1 340

shb_l.a: [6]
    exit.o                         20
    --------------------------------------------------------------
    Total:                         20

    Gaps                           64        4        2
    Linker created                          52    2 048
------------------------------------------------------------------
    Grand Total:              123 312  185 062  130 581  1 044 480


*******************************************************************************
*** ENTRY LIST
***

Entry                      Address     Size  Type      Object
-----                      -------     ----  ----      ------
.iar.init_table$$Base   0x0804a150            --   Gb  - Linker created -
.iar.init_table$$Limit  0x0804a184            --   Gb  - Linker created -
?main                   0x0804a5c5           Code  Gb  cmain.o [5]
ADC_Cmd                 0x08047b33     0x1a  Code  Gb  stm32f4xx_adc.o [1]
ADC_CommonInit          0x08047b11     0x22  Code  Gb  stm32f4xx_adc.o [1]
ADC_GetFlagStatus       0x08047c5d     0x1a  Code  Gb  stm32f4xx_adc.o [1]
ADC_Init                0x08047ac1     0x50  Code  Gb  stm32f4xx_adc.o [1]
ADC_RegularChannelConfig
                        0x08047b4d     0xf6  Code  Gb  stm32f4xx_adc.o [1]
ADC_SoftwareStartConv   0x08047c43      0xa  Code  Gb  stm32f4xx_adc.o [1]
APBAHBPrescTable        0x2000027c     0x10  Data  Lc  stm32f4xx_rcc.o [1]
AppObjCreate            0x08031685    0x192  Code  Gb  apptask.o [1]
AppTaskCreate           0x0803145d    0x210  Code  Gb  apptask.o [1]
BOTStallErrorCount      0x2001f5bc      0x4  Data  Lc  usbh_msc_bot.o [1]
BusFault_Handler        0x08049c13      0x2  Code  Gb  stm32f4xx_it.o [1]
CID_Tab                 0x2001f3d0     0x10  Data  Lc  bsp_sdio_sd.o [1]
CLIENT_ID               0x2001f284     0x20  Data  Gb  pub0sub1.o [1]
CRC16HiTable            0x0804958c    0x100  Data  Gb  mcheck.o [1]
CRC16LoTable            0x0804968c    0x100  Data  Gb  mcheck.o [1]
CRC8Table               0x0804978c    0x100  Data  Gb  mcheck.o [1]
CSD_Tab                 0x2001f3c0     0x10  Data  Lc  bsp_sdio_sd.o [1]
CSTACK$$Base            0x2001f618            --   Gb  - Linker created -
CSTACK$$Limit           0x2001fe18            --   Gb  - Linker created -
CardType                0x2001f508      0x4  Data  Lc  bsp_sdio_sd.o [1]
ChannengMQTTPackage     0x08034195     0x7e  Code  Gb  product_cal.o [1]
CmdError                0x080442c5     0x38  Code  Lc  bsp_sdio_sd.o [1]
CmdResp1Error           0x08044369    0x112  Code  Lc  bsp_sdio_sd.o [1]
CmdResp2Error           0x080444b9     0x52  Code  Lc  bsp_sdio_sd.o [1]
CmdResp3Error           0x0804447b     0x3e  Code  Lc  bsp_sdio_sd.o [1]
CmdResp6Error           0x0804450b     0xa6  Code  Lc  bsp_sdio_sd.o [1]
CmdResp7Error           0x080442fd     0x58  Code  Lc  bsp_sdio_sd.o [1]
ConfigExitNVIC          0x0803b25f     0x22  Code  Gb  bsp_closeSW.o [1]
ConfigUartNVIC          0x0803d25b     0x7c  Code  Lc  bsp_uart_fifo.o [1]
ConnectTcp              0x0803bd7b     0x48  Code  Gb  esp8266_handler.o [1]
DAC_Cmd                 0x0803ef6f     0x26  Code  Gb  stm32f4xx_dac.o [1]
DAC_Init                0x0803ef3d     0x32  Code  Gb  stm32f4xx_dac.o [1]
DAC_SetChannel1Data     0x0803ef95     0x1e  Code  Gb  stm32f4xx_dac.o [1]
DMA1_Stream0_IRQHandler
                        0x08037c8d     0x1c  Code  Gb  bsp_servomotor.o [1]
DMA1_Stream3_IRQHandler
                        0x08037ca9     0x1c  Code  Gb  bsp_servomotor.o [1]
DMA2_Stream3_IRQHandler
                        0x08044bad      0x8  Code  Gb  bsp_sdio_sd.o [1]
DMAEndOfTransfer        0x2001f518      0x4  Data  Gb  bsp_sdio_sd.o [1]
DMA_ClearFlag           0x0803f893     0x24  Code  Gb  stm32f4xx_dma.o [1]
DMA_Cmd                 0x0803f849     0x1a  Code  Gb  stm32f4xx_dma.o [1]
DMA_DeInit              0x0803f6b1    0x140  Code  Gb  stm32f4xx_dma.o [1]
DMA_FlowControllerConfig
                        0x0803f863     0x18  Code  Gb  stm32f4xx_dma.o [1]
DMA_GetCmdStatus        0x0803f87b     0x18  Code  Gb  stm32f4xx_dma.o [1]
DMA_GetITStatus         0x0803f8f9     0x62  Code  Gb  stm32f4xx_dma.o [1]
DMA_ITConfig            0x0803f8b7     0x42  Code  Gb  stm32f4xx_dma.o [1]
DMA_Init                0x0803f7f1     0x58  Code  Gb  stm32f4xx_dma.o [1]
Dac1_Init               0x0803745d     0x5a  Code  Gb  bsp_dac.o [1]
Dac1_Set_Vol            0x080374b9     0x58  Code  Gb  bsp_dac.o [1]
DebugMon_Handler        0x08049c17      0x2  Code  Gb  stm32f4xx_it.o [1]
DesE                    0x08049cdc     0x30  Data  Gb  des.o [1]
DesIp                   0x08049ab0     0x40  Data  Gb  des.o [1]
DesIp_1                 0x08049af0     0x40  Data  Gb  des.o [1]
DesP                    0x0804a244     0x20  Data  Gb  des.o [1]
DesPc_1                 0x08049ba8     0x38  Data  Gb  des.o [1]
DesPc_2                 0x08049d0c     0x30  Data  Gb  des.o [1]
DesRots                 0x0804aa0c     0x14  Data  Gb  des.o [1]
DesS                    0x080490a8    0x200  Data  Gb  des.o [1]
DiskFile_init           0x0803b15d     0x40  Code  Gb  protocol.o [1]
Disk_File               0x2001ec24     0xd4  Data  Gb  protocol.o [1]
ENC_Calc_Average_Speed  0x0803bb15     0x58  Code  Gb  encoder_tim.o [1]
ENC_Calc_Rot_Speed      0x0803ba3b     0xda  Code  Gb  encoder_tim.o [1]
ENC_Clear_Speed_Buffer  0x0803ba1f     0x1c  Code  Gb  encoder_tim.o [1]
ENC_Init                0x0803b93d     0xe2  Code  Gb  encoder_tim.o [1]
ESP8266_Enable_MultipleId
[...]
mc_check_xor            0x08040837     0x1a  Code  Gb  mcheck.o [1]
mem1base                0x20010ec0   0xa000  Data  Gb  malloc.o [1]
mem1mapbase             0x2001bec0    0xa00  Data  Gb  malloc.o [1]
mem2base                0x68000000  0xf0000  Data  Gb  malloc.o [1]
mem2mapbase             0x680f0000   0xf000  Data  Gb  malloc.o [1]
mem_cmp                 0x080387a3     0x24  Code  Lc  ff.o [1]
mem_cpy                 0x08038771     0x1c  Code  Lc  ff.o [1]
mem_set                 0x0803878d     0x16  Code  Lc  ff.o [1]
memblksize              0x0804b148      0x8  Data  Gb  malloc.o [1]
memchr                  0x08042481           Code  Gb  memchr.o [5]
memsize                 0x0804b150      0x8  Data  Gb  malloc.o [1]
memtblsize              0x0804b140      0x8  Data  Gb  malloc.o [1]
modbus_send_frame       0x0803b06d     0xe6  Code  Gb  modbus.o [1]
move_window             0x08038a65     0x40  Code  Lc  ff.o [1]
movram                  0x08047115     0x1e  Code  Gb  des.o [1]
mqttSubscribeData       0x2001d800    0x3e8  Data  Gb  esp8266_handler.o [1]
mqtt_status             0x2001f494      0x8  Data  Gb  pub0sub1.o [1]
my_mem_free             0x08036bcf     0x6c  Code  Gb  malloc.o [1]
my_mem_init             0x08036a93     0x42  Code  Gb  malloc.o [1]
my_mem_malloc           0x08036b13     0xbc  Code  Gb  malloc.o [1]
my_mem_perused          0x08036ad5     0x3e  Code  Gb  malloc.o [1]
myfree                  0x08036c3b     0x24  Code  Gb  malloc.o [1]
mymalloc                0x08036c5f     0x2a  Code  Gb  malloc.o [1]
mymemset                0x08036a7d     0x16  Code  Gb  malloc.o [1]
ndigs                   0x080459ac     0x28  Data  Lc  xstoull.o [3]
netDeviceInfo_t         0x2001eed8     0x68  Data  Gb  esp8266_handler.o [1]
net_device_send_cmd     0x0803bc59     0x4e  Code  Gb  esp8266_handler.o [1]
obuf                    0x2001f0b8     0x50  Data  Lc  xfiles.o [3]
oem2uni                 0x0801560c  0x15484  Data  Lc  cc936.o [1]
old_card_record         0x2001f5f4      0x1  Data  Gb  apptask.o [1]
old_isWork              0x2001f5f0      0x1  Data  Gb  apptask.o [1]
old_is_stop             0x200002bc      0x1  Data  Gb  page_weimi.o [1]
old_plan_complete       0x2001f60a      0x1  Data  Gb  product_cal.o [1]
old_system_state        0x200002ba      0x1  Data  Gb  apptask.o [1]
old_usb_disk_flag       0x2001f5f2      0x1  Data  Gb  apptask.o [1]
old_wifi_flag           0x2001f601      0x1  Data  Gb  esp8266_handler.o [1]
para_init               0x08035935     0x82  Code  Gb  para.o [1]
pcInterruptPriorityRegisters
                        0x0804b25c      0x4  Data  Lc  port.o [1]
peiliao_para            0x2001f208     0x30  Data  Gb  product_cal.o [1]
pick_lfn                0x080392b7     0x8c  Code  Lc  ff.o [1]
plan_complete           0x2001f609      0x1  Data  Gb  product_cal.o [1]
pluse_count             0x2001f5ce      0x2  Data  Gb  apptask.o [1]
pluse_step_src          0x2001f428      0xc  Data  Gb  apptask.o [1]
pows                    0x080461b0     0x48  Data  Lc  xdtento.o [4]
printf                  0x0803699d     0x24  Code  Gb  printf.o [3]
product_complete_kilo   0x08033e27     0x62  Code  Gb  product_cal.o [1]
product_complete_meter  0x08033e0b     0x1c  Code  Gb  product_cal.o [1]
product_para            0x2001f238     0x28  Data  Gb  product_cal.o [1]
product_per_meter       0x08033d85     0x74  Code  Gb  product_cal.o [1]
prvAddCurrentTaskToDelayedList
                        0x08034f19     0x48  Code  Lc  tasks.o [1]
prvAllocateTCBAndStack  0x08034f61     0x5a  Code  Lc  tasks.o [1]
prvCheckForValidListAndQueue
                        0x0803cb37     0x52  Code  Lc  timers.o [1]
prvCheckTasksWaitingTermination
                        0x08034eaf     0x66  Code  Lc  tasks.o [1]
prvCopyDataFromQueue    0x08033b6d     0x30  Code  Lc  queue.o [1]
prvCopyDataToQueue      0x08033ae9     0x84  Code  Lc  queue.o [1]
prvDeleteTCB            0x08034fbb     0x12  Code  Lc  tasks.o [1]
prvGetNextExpireTime    0x0803c923     0x2e  Code  Lc  timers.o [1]
prvHeapInit             0x0803df29     0x6e  Code  Lc  heap_4.o [1]
prvIdleTask             0x08034dc9     0x26  Code  Lc  tasks.o [1]
prvInitialiseTCBVariables
                        0x08034def     0x6a  Code  Lc  tasks.o [1]
prvInitialiseTaskLists  0x08034e59     0x56  Code  Lc  tasks.o [1]
prvInsertBlockIntoFreeList
                        0x0803df97     0x62  Code  Lc  heap_4.o [1]
prvInsertTimerInActiveList
                        0x0803c979     0x50  Code  Lc  timers.o [1]
prvIsQueueEmpty         0x08033c07     0x20  Code  Lc  queue.o [1]
prvIsQueueFull          0x08033c27     0x22  Code  Lc  queue.o [1]
prvProcessExpiredTimer  0x0803c83b     0x5c  Code  Lc  timers.o [1]
prvProcessReceivedCommands
                        0x0803c9c9     0xde  Code  Lc  timers.o [1]
prvProcessTimerOrBlockTask
                        0x0803c8b3     0x70  Code  Lc  timers.o [1]
prvResetNextTaskUnblockTime
                        0x08034fcd     0x26  Code  Lc  tasks.o [1]
prvSampleTimeNow        0x0803c951     0x28  Code  Lc  timers.o [1]
prvSwitchTimerLists     0x0803caa7     0x90  Code  Lc  timers.o [1]
prvTaskExitError        0x0803dad9     0x2a  Code  Lc  port.o [1]
prvTestWaitCondition    0x0803c6df     0x24  Code  Lc  event_groups.o [1]
prvTimerTask            0x0803c899     0x1a  Code  Lc  timers.o [1]
prvUnlockQueue          0x08033b9d     0x6a  Code  Lc  queue.o [1]
pub_topicString         0x2001f470      0xc  Data  Gb  pub0sub1.o [1]
put_fat                 0x08038cb3    0x16c  Code  Gb  ff.o [1]
putchar                 0x0804a8c1      0xc  Code  Gb  putchar.o [3]
pvPortMalloc            0x0803dd99    0x118  Code  Gb  heap_4.o [1]
pxCurrentTCB            0x2001f568      0x4  Data  Gb  tasks.o [1]
pxCurrentTimerList      0x2001f5ac      0x4  Data  Lc  timers.o [1]
pxDelayedTaskList       0x2001f56c      0x4  Data  Lc  tasks.o [1]
pxEnd                   0x2001f538      0x4  Data  Lc  heap_4.o [1]
pxOverflowDelayedTaskList
                        0x2001f570      0x4  Data  Lc  tasks.o [1]
pxOverflowTimerList     0x2001f5b0      0x4  Data  Lc  timers.o [1]
pxPortInitialiseStack   0x0803dab5     0x24  Code  Gb  port.o [1]
pxReadyTasksLists       0x2001e9b8    0x140  Data  Lc  tasks.o [1]
rand                    0x08048029     0xe0  Code  Gb  rand.o [3]
rc522_cmd_anticoll      0x0803adad     0x5a  Code  Gb  rc522.o [1]
rc522_cmd_request       0x0803ad59     0x54  Code  Gb  rc522.o [1]
readChar                0x08041077     0x10  Code  Gb  MQTTPacket.o [1]
readDisk                0x2001f5f7      0x1  Data  Gb  apptask.o [1]
readFilenum             0x2001f5f8      0x1  Data  Gb  apptask.o [1]
readInt                 0x0804105b     0x1c  Code  Gb  MQTTPacket.o [1]
readMQTTLenString       0x0804112d     0x3c  Code  Gb  MQTTPacket.o [1]
readSlave               0x2001f41c      0xc  Data  Gb  apptask.o [1]
read_bkp_para           0x08037d77     0x78  Code  Gb  bkp_pwr.o [1]
read_device_info        0x08035421    0x2f0  Code  Gb  para.o [1]
read_file_select        0x2001f464      0xc  Data  Gb  protocol.o [1]
read_from_disk          0x080359ed    0xd74  Code  Gb  para.o [1]
remove_chain            0x08038e1f     0x76  Code  Lc  ff.o [1]
rfid_rev_buf            0x2001f320     0x14  Data  Gb  rc522.o [1]
rfid_rev_cnt            0x2001f60f      0x1  Data  Gb  rc522.o [1]
rfid_rev_flag           0x2001f60e      0x1  Data  Gb  rc522.o [1]
rtc_time                0x2001f48c      0x8  Data  Gb  protocol.o [1]
s_TIM_CallBack1         0x2001f51c      0x4  Data  Lc  bsp_timer.o [1]
s_TIM_CallBack2         0x2001f520      0x4  Data  Lc  bsp_timer.o [1]
s_TIM_CallBack3         0x2001f524      0x4  Data  Lc  bsp_timer.o [1]
s_TIM_CallBack4         0x2001f528      0x4  Data  Lc  bsp_timer.o [1]
sample_time             0x2001f5cc      0x2  Data  Gb  apptask.o [1]
sdew_weimi_page1        0x08032dcd    0x28a  Code  Gb  bsp_sdwe050c17.o [1]
sdew_weimi_page2        0x08033069    0x1e6  Code  Gb  bsp_sdwe050c17.o [1]
sdew_weisha_page1       0x0803324f    0x100  Code  Gb  bsp_sdwe050c17.o [1]
sdew_weisha_page2       0x08033359    0x100  Code  Gb  bsp_sdwe050c17.o [1]
selectbits              0x080471df     0x42  Code  Gb  des.o [1]
semc_adc_Init           0x0804765f     0x92  Code  Gb  smec98sp.o [1]
servo_diff              0x2001f4fc      0x4  Data  Gb  apptask.o [1]
servo_per_wei_src       0x2001f4f8      0x4  Data  Gb  apptask.o [1]
servo_speed_diff        0x2001f500      0x4  Data  Gb  apptask.o [1]
servomotor_guodu        0x2001f603      0x1  Data  Gb  page_weimi.o [1]
servomotor_mode         0x2001f604      0x1  Data  Gb  page_weimi.o [1]
setbit                  0x08047157     0x4c  Code  Gb  des.o [1]
shlc                    0x08047221     0x68  Code  Gb  des.o [1]
shrc                    0x08047289     0x5e  Code  Gb  des.o [1]
slave_info              0x2001f410      0xc  Data  Gb  apptask.o [1]
snprintf                0x08040bc5     0x44  Code  Gb  snprintf.o [3]
speed_diff              0x2001f434      0xc  Data  Gb  apptask.o [1]
speed_zhu               0x2001f5e4      0x2  Data  Gb  page_weimi.o [1]
speed_zhu1              0x2001f5e6      0x2  Data  Gb  page_weimi.o [1]
sprintf                 0x0803ac09     0x34  Code  Gb  sprintf.o [3]
srand                   0x08048009     0x20  Code  Gb  srand.o [3]
sscanf                  0x0803e181     0x24  Code  Gb  sscanf.o [3]
st_clust                0x080391e9     0x18  Code  Lc  ff.o [1]
stepmotor_guodu         0x2001f54c      0x4  Data  Gb  page_weimi.o [1]
strans                  0x080472e7    0x168  Code  Gb  des.o [1]
strcat                  0x0803ac3d     0x1c  Code  Gb  strcat.o [3]
strchr                  0x08042469           Code  Gb  strchr.o [5]
strlen                  0x08037295           Code  Gb  strlen.o [5]
strstr                  0x0803b1dd     0x10  Code  Gb  para.o [1]
sum_sfn                 0x080394bd     0x20  Code  Lc  ff.o [1]
symbol                  0x2001f4f4      0x4  Data  Gb  apptask.o [1]
symbol_servo            0x2001f5f9      0x1  Data  Gb  apptask.o [1]
sync_fs                 0x08038aa5     0xd8  Code  Lc  ff.o [1]
sync_window             0x08038a0b     0x5a  Code  Lc  ff.o [1]
system_state_dis        0x080492a8    0x190  Data  Gb  product_cal.o [1]
toStop                  0x2001f560      0x4  Data  Gb  pub0sub1.o [1]
tolower                 0x08045d09     0x14  Code  Gb  tolower.o [3]
total_meter_gross       0x2001f558      0x4  Data  Gb  product_cal.o [1]
total_weight_gross      0x2001f55c      0x4  Data  Gb  product_cal.o [1]
transport_close         0x08040f61     0x12  Code  Gb  transport.o [1]
transport_getdata       0x08040f4d     0x14  Code  Gb  transport.o [1]
transport_sendPacketBuffer
                        0x08040f11     0x3c  Code  Gb  transport.o [1]
ucHeap                  0x200002c0  0x10c00  Data  Lc  heap_4.o [1]
ucMaxSysCallPriority    0x2001f608      0x1  Data  Lc  port.o [1]
ulHighFrequencyTimerTicks
                        0x2001f564      0x4  Data  Gb  SysInfoTest.o [1]
ulMaxPRIGROUPValue      0x2001f554      0x4  Data  Lc  port.o [1]
ulTaskSwitchedInTime    0x2001f5a0      0x4  Data  Lc  tasks.o [1]
ulTotalRunTime          0x2001f5a4      0x4  Data  Lc  tasks.o [1]
uni2oem                 0x08000188  0x15484  Data  Lc  cc936.o [1]
usb_disk_flag           0x2001f5f1      0x1  Data  Gb  apptask.o [1]
usbh_OpenMassStorage    0x08037e6d     0x14  Code  Gb  usbh_usr.o [1]
uxCriticalNesting       0x200002a8      0x4  Data  Lc  port.o [1]
uxCurrentNumberOfTasks  0x2001f578      0x4  Data  Lc  tasks.o [1]
uxListRemove            0x0803dd71     0x28  Code  Gb  list.o [1]
uxPendedTicks           0x2001f588      0x4  Data  Lc  tasks.o [1]
uxSchedulerSuspended    0x2001f59c      0x4  Data  Lc  tasks.o [1]
uxTaskNumber            0x2001f594      0x4  Data  Lc  tasks.o [1]
uxTaskResetEventItemValue
                        0x0803502d     0x20  Code  Gb  tasks.o [1]
uxTasksDeleted          0x2001f574      0x4  Data  Lc  tasks.o [1]
uxTopReadyPriority      0x2001f580      0x4  Data  Lc  tasks.o [1]
vAnalysisUartData       0x0803121d     0xca  Code  Gb  apptask.o [1]
vEsp8266_Main_Task      0x08030eb5    0x226  Code  Gb  apptask.o [1]
vListInitialise         0x0803dd01     0x1e  Code  Gb  list.o [1]
vListInsert             0x0803dd37     0x3a  Code  Gb  list.o [1]
vListInsertEnd          0x0803dd1f     0x18  Code  Gb  list.o [1]
vMQTT_Handler_Task      0x080310e5    0x138  Code  Gb  apptask.o [1]
vMQTT_Recive_Task       0x080312f1     0x7e  Code  Gb  apptask.o [1]
vMQTT_Tranmit_Task      0x0803136f     0xd0  Code  Gb  apptask.o [1]
vPortEnableVFP          0x08041875           Code  Gb  portasm.o [1]
vPortEnterCritical      0x0803dbcf     0x3a  Code  Gb  port.o [1]
vPortExitCritical       0x0803dc09     0x32  Code  Gb  port.o [1]
vPortFree               0x0803deb1     0x78  Code  Gb  heap_4.o [1]
vPortSetupTimerInterrupt
                        0x0803dc67      0xe  Code  Wk  port.o [1]
vPortStartFirstTask     0x0804185d           Code  Gb  portasm.o [1]
vPortValidateInterruptPriority
                        0x0803dc75     0x4e  Code  Gb  port.o [1]
vQueueWaitForMessageRestricted
                        0x08033c49     0x44  Code  Gb  queue.o [1]
vTaskDelay              0x08034625     0x84  Code  Gb  tasks.o [1]
vTaskDelayUntil         0x08034545     0xe0  Code  Gb  tasks.o [1]
vTaskFreq               0x0803088d    0x61a  Code  Lc  apptask.o [1]
vTaskManageCapacity     0x0802f2c9    0x520  Code  Gb  apptask.o [1]
vTaskMassStorage        0x0802df81    0x64a  Code  Lc  apptask.o [1]
vTaskMissedYield        0x08034dbf      0xa  Code  Gb  tasks.o [1]
vTaskMotorControl       0x0802f8a1    0xfc6  Code  Lc  apptask.o [1]
vTaskMsgPro             0x0802ea91    0x434  Code  Lc  apptask.o [1]
vTaskPlaceOnEventList   0x08034a25     0x74  Code  Gb  tasks.o [1]
vTaskPlaceOnEventListRestricted
                        0x08034b5d     0x80  Code  Gb  tasks.o [1]
vTaskPlaceOnUnorderedEventList
                        0x08034ab5     0xa8  Code  Gb  tasks.o [1]
vTaskReadDisk           0x0802f009    0x272  Code  Lc  apptask.o [1]
vTaskRev485             0x0802eeed     0xd4  Code  Lc  apptask.o [1]
vTaskSetTimeOutState    0x08034d09     0x26  Code  Gb  tasks.o [1]
vTaskStartScheduler     0x080346a9     0x7e  Code  Gb  tasks.o [1]
vTaskSuspendAll         0x08034727     0x10  Code  Gb  tasks.o [1]
vTaskSwitchContext      0x08034975     0xb0  Code  Gb  tasks.o [1]
vTaskTaskLCD            0x0802aa91   0x34b8  Code  Gb  apptask.o [1]
vTaskTaskLED            0x0802e5f5     0x20  Code  Lc  apptask.o [1]
vTaskTaskRFID           0x0802e615    0x410  Code  Lc  apptask.o [1]
valid_seg               0x2001f550      0x4  Data  Gb  page_weimi.o [1]
validate                0x0803a263     0x36  Code  Lc  ff.o [1]
weimi_para              0x2001eaf8    0x12c  Data  Gb  page_weimi.o [1]
wifi_flag               0x2001f600      0x1  Data  Gb  esp8266_handler.o [1]
work_idle_time          0x2001f5e8      0x2  Data  Gb  product_cal.o [1]
writeCString            0x080410bd     0x2a  Code  Gb  MQTTPacket.o [1]
writeChar               0x08041087      0xc  Code  Gb  MQTTPacket.o [1]
writeInt                0x08041093     0x2a  Code  Gb  MQTTPacket.o [1]
writeMQTTString         0x080410e7     0x46  Code  Gb  MQTTPacket.o [1]
write_bkp_para          0x08037def     0x6e  Code  Gb  bkp_pwr.o [1]
xActiveTimerList1       0x2001f398     0x14  Data  Lc  timers.o [1]
xActiveTimerList2       0x2001f3ac     0x14  Data  Lc  timers.o [1]
xBlockAllocatedBit      0x2001f544      0x4  Data  Lc  heap_4.o [1]
xDelayedTaskList1       0x2001f334     0x14  Data  Lc  tasks.o [1]
xDelayedTaskList2       0x2001f348     0x14  Data  Lc  tasks.o [1]
xEventGroupCreate       0x0803c4a1     0x1c  Code  Gb  event_groups.o [1]
xEventGroupSetBits      0x0803c609     0xd6  Code  Gb  event_groups.o [1]
xEventGroupWaitBits     0x0803c4bd    0x146  Code  Gb  event_groups.o [1]
xFreeBytesRemaining     0x2001f53c      0x4  Data  Lc  heap_4.o [1]
xHandleTaskFreq         0x2001f4c0      0x4  Data  Gb  apptask.o [1]
xHandleTaskLCD          0x2001f49c      0x4  Data  Gb  apptask.o [1]
xHandleTaskLED          0x2001f4a0      0x4  Data  Gb  apptask.o [1]
xHandleTaskManageCapacity
                        0x2001f4b8      0x4  Data  Gb  apptask.o [1]
xHandleTaskMassStorage  0x2001f4a8      0x4  Data  Gb  apptask.o [1]
xHandleTaskMotorControl
                        0x2001f4bc      0x4  Data  Gb  apptask.o [1]
xHandleTaskMsgPro       0x2001f4b0      0x4  Data  Gb  apptask.o [1]
xHandleTaskRFID         0x2001f4a4      0x4  Data  Gb  apptask.o [1]
xHandleTaskReadDisk     0x2001f4ac      0x4  Data  Gb  apptask.o [1]
xHandleTaskRev485       0x2001f4b4      0x4  Data  Gb  apptask.o [1]
xHeapStructSize         0x0804b230      0x4  Data  Lc  heap_4.o [1]
xMinimumEverFreeBytesRemaining
                        0x2001f540      0x4  Data  Lc  heap_4.o [1]
xNextTaskUnblockTime    0x2001f598      0x4  Data  Lc  tasks.o [1]
xNumOfOverflows         0x2001f590      0x4  Data  Lc  tasks.o [1]
xPendingReadyList       0x2001f35c     0x14  Data  Lc  tasks.o [1]
xPortStartScheduler     0x0803db03     0xcc  Code  Gb  port.o [1]
xQueueGenericCreate     0x08033555     0x7e  Code  Gb  queue.o [1]
xQueueGenericReceive    0x08033949    0x19c  Code  Gb  queue.o [1]
xQueueGenericReset      0x080334c5     0x90  Code  Gb  queue.o [1]
xQueueGenericSend       0x080335d3    0x1b2  Code  Gb  queue.o [1]
xQueueGenericSendFromISR
                        0x08033785     0xec  Code  Gb  queue.o [1]
xQueueGiveFromISR       0x08033871     0xd8  Code  Gb  queue.o [1]
xQueue_MQTT_Recv        0x2001f4e4      0x4  Data  Gb  apptask.o [1]
xQueue_MQTT_Transmit    0x2001f4e8      0x4  Data  Gb  apptask.o [1]
xQueue_esp8266_Cmd      0x2001f4ec      0x4  Data  Gb  apptask.o [1]
xQueue_message          0x2001f4f0      0x4  Data  Gb  apptask.o [1]
xSchedulerRunning       0x2001f584      0x4  Data  Lc  tasks.o [1]
xSemaphore_download     0x2001f4d4      0x4  Data  Gb  apptask.o [1]
xSemaphore_encoder      0x2001f4d0      0x4  Data  Gb  apptask.o [1]
xSemaphore_lcd          0x2001f4c4      0x4  Data  Gb  apptask.o [1]
xSemaphore_pluse        0x2001f4cc      0x4  Data  Gb  apptask.o [1]
xSemaphore_readDisk     0x2001f4d8      0x4  Data  Gb  apptask.o [1]
xSemaphore_rs485        0x2001f4c8      0x4  Data  Gb  apptask.o [1]
xStart                  0x2001f47c      0x8  Data  Lc  heap_4.o [1]
xSuspendedTaskList      0x2001f384     0x14  Data  Lc  tasks.o [1]
xTaskCheckForTimeOut    0x08034d35     0x8a  Code  Gb  tasks.o [1]
xTaskGenericCreate      0x080343c1    0x184  Code  Gb  tasks.o [1]
xTaskGetSchedulerState  0x08034ff3     0x26  Code  Gb  tasks.o [1]
xTaskGetTickCount       0x08034837      0xa  Code  Gb  tasks.o [1]
xTaskIncrementTick      0x08034841    0x134  Code  Gb  tasks.o [1]
xTaskRemoveFromEventList
                        0x08034be1     0x8e  Code  Gb  tasks.o [1]
xTaskRemoveFromUnorderedEventList
                        0x08034c75     0x94  Code  Gb  tasks.o [1]
xTaskResumeAll          0x08034737    0x100  Code  Gb  tasks.o [1]
xTasksWaitingTermination
                        0x2001f370     0x14  Data  Lc  tasks.o [1]
xTickCount              0x2001f57c      0x4  Data  Lc  tasks.o [1]
xTimerCreate            0x0803c755     0x62  Code  Gb  timers.o [1]
xTimerCreateTimerTask   0x0803c705     0x50  Code  Gb  timers.o [1]
xTimerGenericCommand    0x0803c7b7     0x84  Code  Gb  timers.o [1]
xTimerQueue             0x2001f5b4      0x4  Data  Lc  timers.o [1]
xTimerUser              0x2001f4e0      0x4  Data  Gb  apptask.o [1]
xYieldPending           0x2001f58c      0x4  Data  Lc  tasks.o [1]


[1] = E:\WORK\YarnControl_Driver\YarnControl_Driver\src\stm32f4_rtos\Project\EWARMv7\Flash\Obj
[2] = command line
[3] = dl7M_tlf.a
[4] = m7M_tls.a
[5] = rt7M_tl.a
[6] = shb_l.a

  123 312 bytes of readonly  code memory
  185 062 bytes of readonly  data memory
  130 581 bytes of readwrite data memory (+ 1 044 480 absolute)

Errors: none
Warnings: none
