###############################################################################
#
# IAR ELF Linker V7.40.7.9843/W32 for ARM                 19/Jan/2019  23:49:40
# Copyright 2007-2015 IAR Systems AB.
#
#    Output file  =  
#        E:\WORK\YarnControl_Driver\YarnControl_Driver\src\stm32f4_rtos\Project\EWARMv7\Flash\Exe\project.out
#    Map file     =  
#        E:\WORK\YarnControl_Driver\YarnControl_Driver\src\stm32f4_rtos\Project\EWARMv7\Flash\List\project.map
#    Command line =  
#        E:\WORK\YarnControl_Driver\YarnControl_Driver\src\stm32f4_rtos\Project\EWARMv7\Flash\Obj\apptask.o
#        E:\WORK\YarnControl_Driver\YarnControl_Driver\src\stm32f4_rtos\Project\EWARMv7\Flash\Obj\bsp.o
#        E:\WORK\YarnControl_Driver\YarnControl_Driver\src\stm32f4_rtos\Project\EWARMv7\Flash\Obj\bsp_closeSW.o
#        E:\WORK\YarnControl_Driver\YarnControl_Driver\src\stm32f4_rtos\Project\EWARMv7\Flash\Obj\bsp_dwt.o
#        E:\WORK\YarnControl_Driver\YarnControl_Driver\src\stm32f4_rtos\Project\EWARMv7\Flash\Obj\bsp_led.o
#        E:\WORK\YarnControl_Driver\YarnControl_Driver\src\stm32f4_rtos\Project\EWARMv7\Flash\Obj\bsp_relay.o
#        E:\WORK\YarnControl_Driver\YarnControl_Driver\src\stm32f4_rtos\Project\EWARMv7\Flash\Obj\bsp_sdio_sd.o
#        E:\WORK\YarnControl_Driver\YarnControl_Driver\src\stm32f4_rtos\Project\EWARMv7\Flash\Obj\bsp_sdwe050c17.o
#        E:\WORK\YarnControl_Driver\YarnControl_Driver\src\stm32f4_rtos\Project\EWARMv7\Flash\Obj\bsp_servomotor.o
#        E:\WORK\YarnControl_Driver\YarnControl_Driver\src\stm32f4_rtos\Project\EWARMv7\Flash\Obj\bsp_spi.o
#        E:\WORK\YarnControl_Driver\YarnControl_Driver\src\stm32f4_rtos\Project\EWARMv7\Flash\Obj\bsp_stepmotor.o
#        E:\WORK\YarnControl_Driver\YarnControl_Driver\src\stm32f4_rtos\Project\EWARMv7\Flash\Obj\bsp_sw_onoff.o
#        E:\WORK\YarnControl_Driver\YarnControl_Driver\src\stm32f4_rtos\Project\EWARMv7\Flash\Obj\bsp_tim_pwm.o
#        E:\WORK\YarnControl_Driver\YarnControl_Driver\src\stm32f4_rtos\Project\EWARMv7\Flash\Obj\bsp_timer.o
#        E:\WORK\YarnControl_Driver\YarnControl_Driver\src\stm32f4_rtos\Project\EWARMv7\Flash\Obj\bsp_uart_fifo.o
#        E:\WORK\YarnControl_Driver\YarnControl_Driver\src\stm32f4_rtos\Project\EWARMv7\Flash\Obj\bsp_w25qxx.o
#        E:\WORK\YarnControl_Driver\YarnControl_Driver\src\stm32f4_rtos\Project\EWARMv7\Flash\Obj\bsp_watchdog.o
#        E:\WORK\YarnControl_Driver\YarnControl_Driver\src\stm32f4_rtos\Project\EWARMv7\Flash\Obj\cc936.o
#        E:\WORK\YarnControl_Driver\YarnControl_Driver\src\stm32f4_rtos\Project\EWARMv7\Flash\Obj\croutine.o
#        E:\WORK\YarnControl_Driver\YarnControl_Driver\src\stm32f4_rtos\Project\EWARMv7\Flash\Obj\demo_fatfs.o
#        E:\WORK\YarnControl_Driver\YarnControl_Driver\src\stm32f4_rtos\Project\EWARMv7\Flash\Obj\diskio.o
#        E:\WORK\YarnControl_Driver\YarnControl_Driver\src\stm32f4_rtos\Project\EWARMv7\Flash\Obj\encoder.o
#        E:\WORK\YarnControl_Driver\YarnControl_Driver\src\stm32f4_rtos\Project\EWARMv7\Flash\Obj\event_groups.o
#        E:\WORK\YarnControl_Driver\YarnControl_Driver\src\stm32f4_rtos\Project\EWARMv7\Flash\Obj\ff.o
#        E:\WORK\YarnControl_Driver\YarnControl_Driver\src\stm32f4_rtos\Project\EWARMv7\Flash\Obj\heap_4.o
#        E:\WORK\YarnControl_Driver\YarnControl_Driver\src\stm32f4_rtos\Project\EWARMv7\Flash\Obj\list.o
#        E:\WORK\YarnControl_Driver\YarnControl_Driver\src\stm32f4_rtos\Project\EWARMv7\Flash\Obj\main.o
#        E:\WORK\YarnControl_Driver\YarnControl_Driver\src\stm32f4_rtos\Project\EWARMv7\Flash\Obj\malloc.o
#        E:\WORK\YarnControl_Driver\YarnControl_Driver\src\stm32f4_rtos\Project\EWARMv7\Flash\Obj\mcheck.o
#        E:\WORK\YarnControl_Driver\YarnControl_Driver\src\stm32f4_rtos\Project\EWARMv7\Flash\Obj\misc.o
#        E:\WORK\YarnControl_Driver\YarnControl_Driver\src\stm32f4_rtos\Project\EWARMv7\Flash\Obj\modbus.o
#        E:\WORK\YarnControl_Driver\YarnControl_Driver\src\stm32f4_rtos\Project\EWARMv7\Flash\Obj\page_weimi.o
#        E:\WORK\YarnControl_Driver\YarnControl_Driver\src\stm32f4_rtos\Project\EWARMv7\Flash\Obj\para.o
#        E:\WORK\YarnControl_Driver\YarnControl_Driver\src\stm32f4_rtos\Project\EWARMv7\Flash\Obj\port.o
#        E:\WORK\YarnControl_Driver\YarnControl_Driver\src\stm32f4_rtos\Project\EWARMv7\Flash\Obj\portasm.o
#        E:\WORK\YarnControl_Driver\YarnControl_Driver\src\stm32f4_rtos\Project\EWARMv7\Flash\Obj\product_cal.o
#        E:\WORK\YarnControl_Driver\YarnControl_Driver\src\stm32f4_rtos\Project\EWARMv7\Flash\Obj\protocol.o
#        E:\WORK\YarnControl_Driver\YarnControl_Driver\src\stm32f4_rtos\Project\EWARMv7\Flash\Obj\queue.o
#        E:\WORK\YarnControl_Driver\YarnControl_Driver\src\stm32f4_rtos\Project\EWARMv7\Flash\Obj\rc522.o
#        E:\WORK\YarnControl_Driver\YarnControl_Driver\src\stm32f4_rtos\Project\EWARMv7\Flash\Obj\startup_stm32f40_41xxx.o
#        E:\WORK\YarnControl_Driver\YarnControl_Driver\src\stm32f4_rtos\Project\EWARMv7\Flash\Obj\stm32f4xx_adc.o
#        E:\WORK\YarnControl_Driver\YarnControl_Driver\src\stm32f4_rtos\Project\EWARMv7\Flash\Obj\stm32f4xx_assert.o
#        E:\WORK\YarnControl_Driver\YarnControl_Driver\src\stm32f4_rtos\Project\EWARMv7\Flash\Obj\stm32f4xx_can.o
#        E:\WORK\YarnControl_Driver\YarnControl_Driver\src\stm32f4_rtos\Project\EWARMv7\Flash\Obj\stm32f4xx_crc.o
#        E:\WORK\YarnControl_Driver\YarnControl_Driver\src\stm32f4_rtos\Project\EWARMv7\Flash\Obj\stm32f4xx_cryp.o
#        E:\WORK\YarnControl_Driver\YarnControl_Driver\src\stm32f4_rtos\Project\EWARMv7\Flash\Obj\stm32f4xx_cryp_aes.o
#        E:\WORK\YarnControl_Driver\YarnControl_Driver\src\stm32f4_rtos\Project\EWARMv7\Flash\Obj\stm32f4xx_cryp_des.o
#        E:\WORK\YarnControl_Driver\YarnControl_Driver\src\stm32f4_rtos\Project\EWARMv7\Flash\Obj\stm32f4xx_cryp_tdes.o
#        E:\WORK\YarnControl_Driver\YarnControl_Driver\src\stm32f4_rtos\Project\EWARMv7\Flash\Obj\stm32f4xx_dac.o
#        E:\WORK\YarnControl_Driver\YarnControl_Driver\src\stm32f4_rtos\Project\EWARMv7\Flash\Obj\stm32f4xx_dbgmcu.o
#        E:\WORK\YarnControl_Driver\YarnControl_Driver\src\stm32f4_rtos\Project\EWARMv7\Flash\Obj\stm32f4xx_dcmi.o
#        E:\WORK\YarnControl_Driver\YarnControl_Driver\src\stm32f4_rtos\Project\EWARMv7\Flash\Obj\stm32f4xx_dma.o
#        E:\WORK\YarnControl_Driver\YarnControl_Driver\src\stm32f4_rtos\Project\EWARMv7\Flash\Obj\stm32f4xx_dma2d.o
#        E:\WORK\YarnControl_Driver\YarnControl_Driver\src\stm32f4_rtos\Project\EWARMv7\Flash\Obj\stm32f4xx_exti.o
#        E:\WORK\YarnControl_Driver\YarnControl_Driver\src\stm32f4_rtos\Project\EWARMv7\Flash\Obj\stm32f4xx_flash.o
#        E:\WORK\YarnControl_Driver\YarnControl_Driver\src\stm32f4_rtos\Project\EWARMv7\Flash\Obj\stm32f4xx_fsmc.o
#        E:\WORK\YarnControl_Driver\YarnControl_Driver\src\stm32f4_rtos\Project\EWARMv7\Flash\Obj\stm32f4xx_gpio.o
#        E:\WORK\YarnControl_Driver\YarnControl_Driver\src\stm32f4_rtos\Project\EWARMv7\Flash\Obj\stm32f4xx_hash.o
#        E:\WORK\YarnControl_Driver\YarnControl_Driver\src\stm32f4_rtos\Project\EWARMv7\Flash\Obj\stm32f4xx_hash_md5.o
#        E:\WORK\YarnControl_Driver\YarnControl_Driver\src\stm32f4_rtos\Project\EWARMv7\Flash\Obj\stm32f4xx_hash_sha1.o
#        E:\WORK\YarnControl_Driver\YarnControl_Driver\src\stm32f4_rtos\Project\EWARMv7\Flash\Obj\stm32f4xx_i2c.o
#        E:\WORK\YarnControl_Driver\YarnControl_Driver\src\stm32f4_rtos\Project\EWARMv7\Flash\Obj\stm32f4xx_it.o
#        E:\WORK\YarnControl_Driver\YarnControl_Driver\src\stm32f4_rtos\Project\EWARMv7\Flash\Obj\stm32f4xx_iwdg.o
#        E:\WORK\YarnControl_Driver\YarnControl_Driver\src\stm32f4_rtos\Project\EWARMv7\Flash\Obj\stm32f4xx_ltdc.o
#        E:\WORK\YarnControl_Driver\YarnControl_Driver\src\stm32f4_rtos\Project\EWARMv7\Flash\Obj\stm32f4xx_pwr.o
#        E:\WORK\YarnControl_Driver\YarnControl_Driver\src\stm32f4_rtos\Project\EWARMv7\Flash\Obj\stm32f4xx_rcc.o
#        E:\WORK\YarnControl_Driver\YarnControl_Driver\src\stm32f4_rtos\Project\EWARMv7\Flash\Obj\stm32f4xx_rng.o
#        E:\WORK\YarnControl_Driver\YarnControl_Driver\src\stm32f4_rtos\Project\EWARMv7\Flash\Obj\stm32f4xx_rtc.o
#        E:\WORK\YarnControl_Driver\YarnControl_Driver\src\stm32f4_rtos\Project\EWARMv7\Flash\Obj\stm32f4xx_sai.o
#        E:\WORK\YarnControl_Driver\YarnControl_Driver\src\stm32f4_rtos\Project\EWARMv7\Flash\Obj\stm32f4xx_sdio.o
#        E:\WORK\YarnControl_Driver\YarnControl_Driver\src\stm32f4_rtos\Project\EWARMv7\Flash\Obj\stm32f4xx_spi.o
#        E:\WORK\YarnControl_Driver\YarnControl_Driver\src\stm32f4_rtos\Project\EWARMv7\Flash\Obj\stm32f4xx_syscfg.o
#        E:\WORK\YarnControl_Driver\YarnControl_Driver\src\stm32f4_rtos\Project\EWARMv7\Flash\Obj\stm32f4xx_tim.o
#        E:\WORK\YarnControl_Driver\YarnControl_Driver\src\stm32f4_rtos\Project\EWARMv7\Flash\Obj\stm32f4xx_usart.o
#        E:\WORK\YarnControl_Driver\YarnControl_Driver\src\stm32f4_rtos\Project\EWARMv7\Flash\Obj\stm32f4xx_wwdg.o
#        E:\WORK\YarnControl_Driver\YarnControl_Driver\src\stm32f4_rtos\Project\EWARMv7\Flash\Obj\SysInfoTest.o
#        E:\WORK\YarnControl_Driver\YarnControl_Driver\src\stm32f4_rtos\Project\EWARMv7\Flash\Obj\system_stm32f4xx.o
#        E:\WORK\YarnControl_Driver\YarnControl_Driver\src\stm32f4_rtos\Project\EWARMv7\Flash\Obj\tasks.o
#        E:\WORK\YarnControl_Driver\YarnControl_Driver\src\stm32f4_rtos\Project\EWARMv7\Flash\Obj\timers.o
#        E:\WORK\YarnControl_Driver\YarnControl_Driver\src\stm32f4_rtos\Project\EWARMv7\Flash\Obj\usb_bsp.o
#        E:\WORK\YarnControl_Driver\YarnControl_Driver\src\stm32f4_rtos\Project\EWARMv7\Flash\Obj\usb_core.o
#        E:\WORK\YarnControl_Driver\YarnControl_Driver\src\stm32f4_rtos\Project\EWARMv7\Flash\Obj\usb_hcd.o
#        E:\WORK\YarnControl_Driver\YarnControl_Driver\src\stm32f4_rtos\Project\EWARMv7\Flash\Obj\usb_hcd_int.o
#        E:\WORK\YarnControl_Driver\YarnControl_Driver\src\stm32f4_rtos\Project\EWARMv7\Flash\Obj\usbh_core.o
#        E:\WORK\YarnControl_Driver\YarnControl_Driver\src\stm32f4_rtos\Project\EWARMv7\Flash\Obj\usbh_hcs.o
#        E:\WORK\YarnControl_Driver\YarnControl_Driver\src\stm32f4_rtos\Project\EWARMv7\Flash\Obj\usbh_ioreq.o
#        E:\WORK\YarnControl_Driver\YarnControl_Driver\src\stm32f4_rtos\Project\EWARMv7\Flash\Obj\usbh_it.o
#        E:\WORK\YarnControl_Driver\YarnControl_Driver\src\stm32f4_rtos\Project\EWARMv7\Flash\Obj\usbh_msc_bot.o
#        E:\WORK\YarnControl_Driver\YarnControl_Driver\src\stm32f4_rtos\Project\EWARMv7\Flash\Obj\usbh_msc_core.o
#        E:\WORK\YarnControl_Driver\YarnControl_Driver\src\stm32f4_rtos\Project\EWARMv7\Flash\Obj\usbh_msc_scsi.o
#        E:\WORK\YarnControl_Driver\YarnControl_Driver\src\stm32f4_rtos\Project\EWARMv7\Flash\Obj\usbh_stdreq.o
#        E:\WORK\YarnControl_Driver\YarnControl_Driver\src\stm32f4_rtos\Project\EWARMv7\Flash\Obj\usbh_usr.o
#        -o
#        E:\WORK\YarnControl_Driver\YarnControl_Driver\src\stm32f4_rtos\Project\EWARMv7\Flash\Exe\project.out
#        --map
#        E:\WORK\YarnControl_Driver\YarnControl_Driver\src\stm32f4_rtos\Project\EWARMv7\Flash\List\project.map
#        --config
#        E:\WORK\YarnControl_Driver\YarnControl_Driver\src\stm32f4_rtos\Project\EWARMv7\stm32f4xx_flash.icf
#        --semihosting --entry __iar_program_start --inline --vfe
#
###############################################################################

*******************************************************************************
*** RUNTIME MODEL ATTRIBUTES
***

CppFlavor       = *
__SystemLibrary = DLib


*******************************************************************************
*** PLACEMENT SUMMARY
***

"A1":  place at 0x08000000 { ro section .intvec };
"P1":  place in [from 0x08000000 to 0x080fffff] { ro };
"P2":  place in [from 0x20000000 to 0x2001ffff] { rw, block CSTACK, block HEAP };

  Section             Kind        Address     Size  Object
  -------             ----        -------     ----  ------
"A1":                                        0x188
  .intvec             ro code  0x08000000    0x188  startup_stm32f40_41xxx.o [1]
                             - 0x08000188    0x188

"P1":                                      0x40905
  .rodata             const    0x08000188  0x15484  cc936.o [1]
  .rodata             const    0x0801560c  0x15484  cc936.o [1]
  .text               ro code  0x0802aa90   0x3fd0  apptask.o [1]
  .text               ro code  0x0802ea60    0xc00  tasks.o [1]
  .text               ro code  0x0802f660    0x7c8  queue.o [1]
  .text               ro code  0x0802fe28   0x1248  bsp_sdwe050c17.o [1]
  .text               ro code  0x08031070    0x524  product_cal.o [1]
  .text               ro code  0x08031594     0x66  ABImemset.o [5]
  .text               ro code  0x080315fa      0xa  xsprout.o [3]
  .text               ro code  0x08031604    0x380  bsp_w25qxx.o [1]
  .text               ro code  0x08031984     0x76  ABImemcpy_unaligned.o [5]
  .text               ro code  0x080319fc     0x4e  FltToDbl.o [4]
  .text               ro code  0x08031a4c     0x24  printf.o [3]
  .text               ro code  0x08031a70     0x42  strcmp_unaligned.o [5]
  .text               ro code  0x08031ab4    0x21c  malloc.o [1]
  .text               ro code  0x08031cd0    0x302  stm32f4xx_tim.o [1]
  .text               ro code  0x08031fd4     0x30  I32ToDbl.o [4]
  .text               ro code  0x08032004    0x256  DblDiv.o [4]
  .text               ro code  0x0803225c     0xe8  DblAdd.o [4]
  .text               ro code  0x08032344    0x1a2  DblMul.o [4]
  .text               ro code  0x080324e8     0x58  DblToI32.o [4]
  .text               ro code  0x08032540     0x36  strlen.o [5]
  .text               ro code  0x08032578     0x62  memcmp_unaligned.o [5]
  .text               ro code  0x080325dc     0x90  DblToFlt.o [4]
  .text               ro code  0x0803266c    0x1b6  usbh_usr.o [1]
  .text               ro code  0x08032824    0x760  usbh_core.o [1]
  .text               ro code  0x08032f84   0x2264  ff.o [1]
  .text               ro code  0x080351e8     0x34  sprintf.o [3]
  .text               ro code  0x0803521c     0x1c  strcat.o [3]
  .text               ro code  0x08035238     0xc0  bsp_led.o [1]
  .text               ro code  0x080352f8     0xae  rc522.o [1]
  .text               ro code  0x080353a8    0x354  modbus.o [1]
  .text               ro code  0x080356fc     0x68  bsp_sw_onoff.o [1]
  .text               ro code  0x08035764     0x44  protocol.o [1]
  .text               ro code  0x080357a8     0x10  apptask.o [1]
  .text               ro code  0x080357b8    0x214  bsp_stepmotor.o [1]
  .text               ro code  0x080359cc    0x12c  stm32f4xx_gpio.o [1]
  .text               ro code  0x08035af8    0x140  bsp_servomotor.o [1]
  .text               ro code  0x08035c38    0x262  event_groups.o [1]
  .text               ro code  0x08035e9c    0x4a4  timers.o [1]
  .text               ro code  0x08036340      0x8  bsp_watchdog.o [1]
  .text               ro code  0x08036348    0x24c  port.o [1]
  .text               ro code  0x08036594     0x98  list.o [1]
  .text               ro code  0x0803662c    0x280  heap_4.o [1]
  .text               ro code  0x080368ac    0x1c4  stm32f4xx_rcc.o [1]
  .text               ro code  0x08036a70    0xa64  bsp_uart_fifo.o [1]
  .text               ro code  0x080374d4    0x204  bsp_timer.o [1]
  .text               ro code  0x080376d8    0x124  bsp_spi.o [1]
  .text               ro code  0x080377fc    0xd96  xprintffull_nomb.o [3]
  .text               ro code  0x08038594    0x180  DblSub.o [4]
  .text               ro code  0x08038714    0x14c  usb_bsp.o [1]
  .text               ro code  0x08038860     0xd6  usb_hcd.o [1]
  .text               ro code  0x08038936    0x1ba  usbh_hcs.o [1]
  .text               ro code  0x08038af0    0x436  usbh_stdreq.o [1]
  .text               ro code  0x08038f26    0x246  usbh_ioreq.o [1]
  .text               ro code  0x0803916c    0x2e4  diskio.o [1]
  .text               ro code  0x08039450     0xf4  cc936.o [1]
  .text               ro code  0x08039544     0xb8  mcheck.o [1]
  .text               ro code  0x080395fc     0x2c  strstr.o [3]
  .text               ro code  0x08039628    0x31c  stm32f4xx_dma.o [1]
  .text               ro code  0x08039944     0x88  misc.o [1]
  .text               ro code  0x080399cc     0x10  stm32f4xx_iwdg.o [1]
  CODE                ro code  0x080399dc     0xa8  portasm.o [1]
  .text               ro code  0x08039a84    0x22e  stm32f4xx_usart.o [1]
  .text               ro code  0x08039cb4     0x74  stm32f4xx_spi.o [1]
  .text               ro code  0x08039d28     0x16  strchr.o [5]
  .text               ro code  0x08039d40     0x58  memchr.o [5]
  .text               ro code  0x08039d98     0xee  I64DivMod.o [5]
  .text               ro code  0x08039e86     0x42  xdnorm.o [4]
  .text               ro code  0x08039ec8     0x2e  DblCmpLe.o [4]
  .text               ro code  0x08039ef8     0x2e  DblCmpGe.o [4]
  .text               ro code  0x08039f28    0x114  xdscale.o [4]
  .text               ro code  0x0803a03c     0x6c  localeconv.o [3]
  .text               ro code  0x0803a0a8      0xe  div.o [3]
  .text               ro code  0x0803a0b8     0x74  bsp_dwt.o [1]
  .text               ro code  0x0803a12c    0xa50  usb_core.o [1]
  .text               ro code  0x0803ab7c   0x1a58  bsp_sdio_sd.o [1]
  .text               ro code  0x0803c5d4    0x618  usbh_msc_scsi.o [1]
  .text               ro code  0x0803cbec    0x554  usbh_msc_bot.o [1]
  .text               ro code  0x0803d140      0x2  I64DivZer.o [5]
  .text               ro code  0x0803d144    0x17c  stm32f4xx_sdio.o [1]
  .text               ro code  0x0803d2c0    0xc7e  usb_hcd_int.o [1]
  .text               ro code  0x0803df40    0x3e8  usbh_msc_core.o [1]
  .rodata             const    0x0803e328    0x3dc  cc936.o [1]
  .rodata             const    0x0803e704    0x3dc  cc936.o [1]
  .text               ro code  0x0803eae0    0x2e0  bsp_tim_pwm.o [1]
  .text               ro code  0x0803edc0    0x2bc  para.o [1]
  .text               ro code  0x0803f07c     0x44  strcpy_unaligned.o [5]
  .rodata             const    0x0803f0c0    0x1f4  apptask.o [1]
  .rodata             const    0x0803f2b4    0x190  product_cal.o [1]
  .text               ro code  0x0803f444    0x154  system_stm32f4xx.o [1]
  .rodata             const    0x0803f598    0x100  mcheck.o [1]
  .rodata             const    0x0803f698    0x100  mcheck.o [1]
  .rodata             const    0x0803f798    0x100  mcheck.o [1]
  .text               ro code  0x0803f898     0xe8  bsp_closeSW.o [1]
  .text               ro code  0x0803f980     0x54  stm32f4xx_syscfg.o [1]
  .text               ro code  0x0803f9d4     0xc0  stm32f4xx_exti.o [1]
  .text               ro code  0x0803fa94     0xd0  packbits_init.o [5]
  .text               ro code  0x0803fb64      0x6  abort.o [3]
  .text               ro code  0x0803fb6c     0x14  exit.o [6]
  .text               ro code  0x0803fb80     0x4c  bsp.o [1]
  .text               ro code  0x0803fbcc     0x44  bsp_relay.o [1]
  .text               ro code  0x0803fc10     0x40  zero_init3.o [5]
  .text               ro code  0x0803fc50     0x3c  SysInfoTest.o [1]
  .rodata             const    0x0803fc8c     0x38  demo_fatfs.o [1]
  .text               ro code  0x0803fcc4     0x38  stm32f4xx_it.o [1]
  .text               ro code  0x0803fcfc     0x34  main.o [1]
  .rodata             const    0x0803fd30     0x30  apptask.o [1]
  .rodata             const    0x0803fd60     0x30  demo_fatfs.o [1]
  .rodata             const    0x0803fd90     0x30  demo_fatfs.o [1]
  .rodata             const    0x0803fdc0     0x2c  apptask.o [1]
  .rodata             const    0x0803fdec     0x2c  demo_fatfs.o [1]
  .rodata             const    0x0803fe18     0x2c  demo_fatfs.o [1]
  .rodata             const    0x0803fe44     0x2c  stm32f4xx_it.o [1]
  .rodata             const    0x0803fe70     0x28  demo_fatfs.o [1]
  .rodata             const    0x0803fe98     0x28  demo_fatfs.o [1]
  .rodata             const    0x0803fec0     0x28  demo_fatfs.o [1]
  .text               ro code  0x0803fee8     0x28  data_init.o [5]
  .rodata             const    0x0803ff10     0x24  demo_fatfs.o [1]
  .rodata             const    0x0803ff34     0x24  demo_fatfs.o [1]
  .rodata             const    0x0803ff58     0x24  usbh_usr.o [1]
  .text               ro code  0x0803ff7c     0x22  fpinit_M.o [4]
  .iar.init_table     const    0x0803ffa0     0x34  - Linker created -
  .rodata             const    0x0803ffd4     0x20  apptask.o [1]
  .rodata             const    0x0803fff4     0x20  apptask.o [1]
  .rodata             const    0x08040014     0x20  bsp_sdwe050c17.o [1]
  .rodata             const    0x08040034     0x20  demo_fatfs.o [1]
  .rodata             const    0x08040054     0x20  demo_fatfs.o [1]
  .rodata             const    0x08040074     0x20  demo_fatfs.o [1]
  .rodata             const    0x08040094     0x20  usbh_usr.o [1]
  .rodata             const    0x080400b4     0x20  usbh_usr.o [1]
  .rodata             const    0x080400d4     0x20  usbh_usr.o [1]
  .rodata             const    0x080400f4     0x20  usbh_usr.o [1]
  .rodata             const    0x08040114     0x20  usbh_usr.o [1]
  .rodata             const    0x08040134     0x1c  apptask.o [1]
  .rodata             const    0x08040150     0x1c  apptask.o [1]
  .rodata             const    0x0804016c     0x1c  apptask.o [1]
  .rodata             const    0x08040188     0x1c  apptask.o [1]
  .rodata             const    0x080401a4     0x1c  apptask.o [1]
  .rodata             const    0x080401c0     0x1c  apptask.o [1]
  .rodata             const    0x080401dc     0x1c  demo_fatfs.o [1]
  .rodata             const    0x080401f8     0x1c  demo_fatfs.o [1]
  .rodata             const    0x08040214     0x1c  usbh_usr.o [1]
  .rodata             const    0x08040230     0x1c  usbh_usr.o [1]
  .rodata             const    0x0804024c     0x1c  usbh_usr.o [1]
  .rodata             const    0x08040268     0x1c  usbh_usr.o [1]
  .rodata             const    0x08040284     0x1c  usbh_usr.o [1]
  .rodata             const    0x080402a0     0x1c  usbh_usr.o [1]
  .text               ro code  0x080402bc     0x1a  cmain.o [5]
  .text               ro code  0x080402d6      0x4  exit.o [3]
  .text               ro code  0x080402dc      0xa  cexit.o [5]
  .rodata             const    0x080402e8     0x18  apptask.o [1]
  .rodata             const    0x08040300     0x18  apptask.o [1]
  .rodata             const    0x08040318     0x18  apptask.o [1]
  .rodata             const    0x08040330     0x18  apptask.o [1]
  .rodata             const    0x08040348     0x18  apptask.o [1]
  .rodata             const    0x08040360     0x18  apptask.o [1]
  .rodata             const    0x08040378     0x18  apptask.o [1]
  .rodata             const    0x08040390     0x18  demo_fatfs.o [1]
  .rodata             const    0x080403a8     0x18  demo_fatfs.o [1]
  .rodata             const    0x080403c0     0x18  demo_fatfs.o [1]
  .rodata             const    0x080403d8     0x18  demo_fatfs.o [1]
  .rodata             const    0x080403f0     0x18  usbh_usr.o [1]
  .rodata             const    0x08040408     0x18  usbh_usr.o [1]
  .rodata             const    0x08040420     0x18  usbh_usr.o [1]
  .rodata             const    0x08040438     0x18  usbh_usr.o [1]
  .rodata             const    0x08040450     0x18  usbh_usr.o [1]
  .text               ro code  0x08040468     0x16  xprout.o [3]
  .text               ro code  0x08040480      0xc  putchar.o [3]
  .rodata             const    0x0804048c     0x14  apptask.o [1]
  .rodata             const    0x080404a0     0x14  apptask.o [1]
  .rodata             const    0x080404b4     0x14  apptask.o [1]
  .rodata             const    0x080404c8     0x14  apptask.o [1]
  .rodata             const    0x080404dc     0x14  apptask.o [1]
  .rodata             const    0x080404f0     0x14  apptask.o [1]
  .rodata             const    0x08040504     0x14  usbh_usr.o [1]
  .rodata             const    0x08040518     0x14  usbh_usr.o [1]
  .rodata             const    0x0804052c     0x10  apptask.o [1]
  .rodata             const    0x0804053c     0x10  apptask.o [1]
  .rodata             const    0x0804054c     0x10  apptask.o [1]
  .rodata             const    0x0804055c     0x10  apptask.o [1]
  .rodata             const    0x0804056c     0x10  apptask.o [1]
  .rodata             const    0x0804057c     0x10  apptask.o [1]
  .rodata             const    0x0804058c     0x10  apptask.o [1]
  .rodata             const    0x0804059c     0x10  apptask.o [1]
  .rodata             const    0x080405ac     0x10  apptask.o [1]
  .rodata             const    0x080405bc     0x10  ff.o [1]
  .rodata             const    0x080405cc     0x10  main.o [1]
  .rodata             const    0x080405dc     0x10  main.o [1]
  .rodata             const    0x080405ec     0x10  usbh_usr.o [1]
  .rodata             const    0x080405fc     0x10  usbh_usr.o [1]
  .text               ro code  0x0804060c     0x10  startup_stm32f40_41xxx.o [1]
  .text               ro code  0x0804061c     0x10  usbh_it.o [1]
  .rodata             const    0x0804062c      0xc  apptask.o [1]
  .rodata             const    0x08040638      0xc  apptask.o [1]
  .rodata             const    0x08040644      0xc  apptask.o [1]
  .rodata             const    0x08040650      0xc  apptask.o [1]
  .rodata             const    0x0804065c      0xc  apptask.o [1]
  .rodata             const    0x08040668      0xc  apptask.o [1]
  .rodata             const    0x08040674      0xc  apptask.o [1]
  .rodata             const    0x08040680      0xc  apptask.o [1]
  .rodata             const    0x0804068c      0xc  apptask.o [1]
  .rodata             const    0x08040698      0xc  apptask.o [1]
  .rodata             const    0x080406a4      0xc  apptask.o [1]
  .rodata             const    0x080406b0      0xc  apptask.o [1]
  .rodata             const    0x080406bc      0xc  apptask.o [1]
  .rodata             const    0x080406c8      0xc  apptask.o [1]
  .rodata             const    0x080406d4      0xc  apptask.o [1]
  .rodata             const    0x080406e0      0xc  apptask.o [1]
  .rodata             const    0x080406ec      0xc  apptask.o [1]
  .rodata             const    0x080406f8      0xc  apptask.o [1]
  .rodata             const    0x08040704      0xc  apptask.o [1]
  .rodata             const    0x08040710      0xc  apptask.o [1]
  .rodata             const    0x0804071c      0xc  apptask.o [1]
  .rodata             const    0x08040728      0xc  apptask.o [1]
  .rodata             const    0x08040734      0xc  apptask.o [1]
  .rodata             const    0x08040740      0xc  apptask.o [1]
  .rodata             const    0x0804074c      0xc  apptask.o [1]
  .rodata             const    0x08040758      0xc  apptask.o [1]
  .rodata             const    0x08040764      0xc  bsp_sdwe050c17.o [1]
  .rodata             const    0x08040770      0xc  bsp_sdwe050c17.o [1]
  .rodata             const    0x0804077c      0xc  demo_fatfs.o [1]
  .rodata             const    0x08040788      0xc  ff.o [1]
  .text               ro code  0x08040794      0xc  cstartup_M.o [5]
  .rodata             const    0x080407a0      0x8  apptask.o [1]
  .rodata             const    0x080407a8      0x8  apptask.o [1]
  .rodata             const    0x080407b0      0x8  apptask.o [1]
  .rodata             const    0x080407b8      0x8  apptask.o [1]
  .rodata             const    0x080407c0      0x8  apptask.o [1]
  .rodata             const    0x080407c8      0x8  apptask.o [1]
  .rodata             const    0x080407d0      0x8  apptask.o [1]
  .rodata             const    0x080407d8      0x8  apptask.o [1]
  .rodata             const    0x080407e0      0x8  apptask.o [1]
  .rodata             const    0x080407e8      0x8  apptask.o [1]
  .rodata             const    0x080407f0      0x8  apptask.o [1]
  .rodata             const    0x080407f8      0x8  apptask.o [1]
  .rodata             const    0x08040800      0x8  bsp_w25qxx.o [1]
  .rodata             const    0x08040808      0x8  ff.o [1]
  .rodata             const    0x08040810      0x8  malloc.o [1]
  .rodata             const    0x08040818      0x8  malloc.o [1]
  .rodata             const    0x08040820      0x8  malloc.o [1]
  .rodata             const    0x08040828      0x8  para.o [1]
  .rodata             const    0x08040830      0x8  para.o [1]
  .rodata             const    0x08040838      0x8  para.o [1]
  .rodata             const    0x08040840      0x8  tasks.o [1]
  .rodata             const    0x08040848      0x8  timers.o [1]
  .rodata             const    0x08040850      0x4  heap_4.o [1]
  .rodata             const    0x08040854      0x4  port.o [1]
  .text               ro code  0x08040858      0x4  startup_stm32f40_41xxx.o [1]
  .text               ro code  0x0804085c      0x4  startup_stm32f40_41xxx.o [1]
  .text               ro code  0x08040860      0x4  startup_stm32f40_41xxx.o [1]
  .text               ro code  0x08040864      0x4  startup_stm32f40_41xxx.o [1]
  .text               ro code  0x08040868      0x4  startup_stm32f40_41xxx.o [1]
  .text               ro code  0x0804086c      0x4  startup_stm32f40_41xxx.o [1]
  .text               ro code  0x08040870      0x4  startup_stm32f40_41xxx.o [1]
  .text               ro code  0x08040874      0x4  startup_stm32f40_41xxx.o [1]
  .text               ro code  0x08040878      0x4  startup_stm32f40_41xxx.o [1]
  .text               ro code  0x0804087c      0x4  startup_stm32f40_41xxx.o [1]
  .text               ro code  0x08040880      0x4  startup_stm32f40_41xxx.o [1]
  .text               ro code  0x08040884      0x4  startup_stm32f40_41xxx.o [1]
  .text               ro code  0x08040888      0x4  startup_stm32f40_41xxx.o [1]
  .text               ro code  0x0804088c      0x4  startup_stm32f40_41xxx.o [1]
  .text               ro code  0x08040890      0x4  startup_stm32f40_41xxx.o [1]
  .text               ro code  0x08040894      0x4  startup_stm32f40_41xxx.o [1]
  .text               ro code  0x08040898      0x4  startup_stm32f40_41xxx.o [1]
  .text               ro code  0x0804089c      0x4  startup_stm32f40_41xxx.o [1]
  .text               ro code  0x080408a0      0x4  startup_stm32f40_41xxx.o [1]
  .text               ro code  0x080408a4      0x4  startup_stm32f40_41xxx.o [1]
  .text               ro code  0x080408a8      0x4  startup_stm32f40_41xxx.o [1]
  .text               ro code  0x080408ac      0x4  startup_stm32f40_41xxx.o [1]
  .text               ro code  0x080408b0      0x4  startup_stm32f40_41xxx.o [1]
  .text               ro code  0x080408b4      0x4  startup_stm32f40_41xxx.o [1]
  .text               ro code  0x080408b8      0x4  startup_stm32f40_41xxx.o [1]
  .text               ro code  0x080408bc      0x4  startup_stm32f40_41xxx.o [1]
  .text               ro code  0x080408c0      0x4  startup_stm32f40_41xxx.o [1]
  .text               ro code  0x080408c4      0x4  startup_stm32f40_41xxx.o [1]
  .text               ro code  0x080408c8      0x4  startup_stm32f40_41xxx.o [1]
  .text               ro code  0x080408cc      0x4  startup_stm32f40_41xxx.o [1]
  .text               ro code  0x080408d0      0x4  startup_stm32f40_41xxx.o [1]
  .text               ro code  0x080408d4      0x4  startup_stm32f40_41xxx.o [1]
  .text               ro code  0x080408d8      0x4  startup_stm32f40_41xxx.o [1]
  .text               ro code  0x080408dc      0x4  startup_stm32f40_41xxx.o [1]
  .text               ro code  0x080408e0      0x4  startup_stm32f40_41xxx.o [1]
  .text               ro code  0x080408e4      0x4  startup_stm32f40_41xxx.o [1]
  .text               ro code  0x080408e8      0x4  startup_stm32f40_41xxx.o [1]
  .text               ro code  0x080408ec      0x4  startup_stm32f40_41xxx.o [1]
  .text               ro code  0x080408f0      0x4  startup_stm32f40_41xxx.o [1]
  .text               ro code  0x080408f4      0x4  startup_stm32f40_41xxx.o [1]
  .text               ro code  0x080408f8      0x4  startup_stm32f40_41xxx.o [1]
  .text               ro code  0x080408fc      0x4  startup_stm32f40_41xxx.o [1]
  .text               ro code  0x08040900      0x4  startup_stm32f40_41xxx.o [1]
  .text               ro code  0x08040904      0x4  startup_stm32f40_41xxx.o [1]
  .text               ro code  0x08040908      0x4  startup_stm32f40_41xxx.o [1]
  .text               ro code  0x0804090c      0x4  startup_stm32f40_41xxx.o [1]
  .text               ro code  0x08040910      0x4  startup_stm32f40_41xxx.o [1]
  .text               ro code  0x08040914      0x4  startup_stm32f40_41xxx.o [1]
  .text               ro code  0x08040918      0x4  startup_stm32f40_41xxx.o [1]
  .text               ro code  0x0804091c      0x4  startup_stm32f40_41xxx.o [1]
  .text               ro code  0x08040920      0x4  startup_stm32f40_41xxx.o [1]
  .text               ro code  0x08040924      0x4  startup_stm32f40_41xxx.o [1]
  .text               ro code  0x08040928      0x4  startup_stm32f40_41xxx.o [1]
  .text               ro code  0x0804092c      0x4  startup_stm32f40_41xxx.o [1]
  .text               ro code  0x08040930      0x4  startup_stm32f40_41xxx.o [1]
  .text               ro code  0x08040934      0x4  startup_stm32f40_41xxx.o [1]
  .text               ro code  0x08040938      0x4  startup_stm32f40_41xxx.o [1]
  .text               ro code  0x0804093c      0x4  startup_stm32f40_41xxx.o [1]
  .text               ro code  0x08040940      0x4  startup_stm32f40_41xxx.o [1]
  .text               ro code  0x08040944      0x4  startup_stm32f40_41xxx.o [1]
  .text               ro code  0x08040948      0x4  startup_stm32f40_41xxx.o [1]
  .text               ro code  0x0804094c      0x4  startup_stm32f40_41xxx.o [1]
  .text               ro code  0x08040950      0x4  startup_stm32f40_41xxx.o [1]
  .text               ro code  0x08040954      0x4  startup_stm32f40_41xxx.o [1]
  .text               ro code  0x08040958      0x4  startup_stm32f40_41xxx.o [1]
  .text               ro code  0x0804095c      0x4  startup_stm32f40_41xxx.o [1]
  .text               ro code  0x08040960      0x4  startup_stm32f40_41xxx.o [1]
  .text               ro code  0x08040964      0x4  startup_stm32f40_41xxx.o [1]
  .text               ro code  0x08040968      0x4  startup_stm32f40_41xxx.o [1]
  .text               ro code  0x0804096c      0x4  startup_stm32f40_41xxx.o [1]
  .rodata             const    0x08040970      0x0  zero_init3.o [5]
  .rodata             const    0x08040970      0x0  packbits_init.o [5]
  Initializer bytes   const    0x08040970    0x11d  <for P2 s0>
                             - 0x08040a8d  0x40905

"P2":                                      0x1f750
  P2 s0                        0x20000000    0x1cb  <Init block>
    __DLIB_PERTHREAD  inited   0x20000000     0x88  localeconv.o [3]
    .data             inited   0x20000088     0x50  demo_fatfs.o [1]
    .data             inited   0x200000d8     0x48  usbh_usr.o [1]
    .data             inited   0x20000120     0x40  xfiles.o [3]
    .data             inited   0x20000160     0x1c  malloc.o [1]
    .data             inited   0x2000017c     0x14  bsp_servomotor.o [1]
    .data             inited   0x20000190     0x10  stm32f4xx_rcc.o [1]
    .data             inited   0x200001a0     0x10  usbh_msc_core.o [1]
    .data             inited   0x200001b0      0xc  usbh_core.o [1]
    .data             inited   0x200001bc      0x4  port.o [1]
    .data             inited   0x200001c0      0x4  system_stm32f4xx.o [1]
    .data             inited   0x200001c4      0x4  usbh_core.o [1]
    .data             inited   0x200001c8      0x2  bsp_w25qxx.o [1]
    .data             inited   0x200001ca      0x1  usbh_msc_scsi.o [1]
  .bss                zero     0x200001cc  0x11800  heap_4.o [1]
  .bss                zero     0x200119cc   0xa000  malloc.o [1]
  .bss                zero     0x2001b9cc   0x1000  bsp_w25qxx.o [1]
  .bss                zero     0x2001c9cc    0xa00  malloc.o [1]
  .bss                zero     0x2001d3cc    0x5ac  usbh_usr.o [1]
  .bss                zero     0x2001d978    0x5ac  usbh_usr.o [1]
  .bss                zero     0x2001df24    0x200  ff.o [1]
  .bss                zero     0x2001e124    0x200  usbh_msc_scsi.o [1]
  .bss                zero     0x2001e324    0x200  usbh_stdreq.o [1]
  .bss                zero     0x2001e524    0x118  page_weimi.o [1]
  .bss                zero     0x2001e63c     0xc8  tasks.o [1]
  .bss                zero     0x2001e704     0xa4  protocol.o [1]
  .bss                zero     0x2001e7a8     0x94  usbh_usr.o [1]
  .bss                zero     0x2001e83c     0x90  para.o [1]
  .bss                zero     0x2001e8cc     0x70  protocol.o [1]
  .bss                zero     0x2001e93c     0x64  bsp_uart_fifo.o [1]
  .bss                zero     0x2001e9a0     0x64  bsp_uart_fifo.o [1]
  .bss                zero     0x2001ea04     0x64  bsp_uart_fifo.o [1]
  .bss                zero     0x2001ea68     0x4c  usbh_msc_core.o [1]
  .bss                zero     0x2001eab8     0x58  bsp_sdio_sd.o [1]
  .bss                zero     0x2001eb10     0x50  protocol.o [1]
  .bss                zero     0x2001eb60     0x50  xfiles.o [3]
  .bss                zero     0x2001ebb0     0x34  bsp_sdwe050c17.o [1]
  .bss                zero     0x2001ebe4     0x2c  product_cal.o [1]
  .bss                zero     0x2001ec10     0x28  bsp_uart_fifo.o [1]
  .bss                zero     0x2001ec38     0x28  product_cal.o [1]
  .bss                zero     0x2001ec60     0x24  ff.o [1]
  .bss                zero     0x2001ec84     0x20  usbh_msc_bot.o [1]
  .bss                zero     0x2001eca4     0x18  bsp_sdio_sd.o [1]
  .bss                zero     0x2001ecbc     0x18  bsp_sdio_sd.o [1]
  .bss                zero     0x2001ecd4     0x14  bsp_sdio_sd.o [1]
  .bss                zero     0x2001ece8     0x14  rc522.o [1]
  .bss                zero     0x2001ecfc     0x14  tasks.o [1]
  .bss                zero     0x2001ed10     0x14  tasks.o [1]
  .bss                zero     0x2001ed24     0x14  tasks.o [1]
  .bss                zero     0x2001ed38     0x14  tasks.o [1]
  .bss                zero     0x2001ed4c     0x14  tasks.o [1]
  .bss                zero     0x2001ed60     0x14  timers.o [1]
  .bss                zero     0x2001ed74     0x14  timers.o [1]
  .bss                zero     0x2001ed88     0x10  bsp_sdio_sd.o [1]
  .bss                zero     0x2001ed98     0x10  bsp_sdio_sd.o [1]
  .bss                zero     0x2001eda8     0x10  usbh_msc_bot.o [1]
  .bss                zero     0x2001edb8     0x10  usbh_msc_bot.o [1]
  .bss                zero     0x2001edc8     0x10  usbh_msc_scsi.o [1]
  .bss                zero     0x2001edd8      0xc  apptask.o [1]
  .bss                zero     0x2001ede4      0xc  apptask.o [1]
  .bss                zero     0x2001edf0      0xc  ff.o [1]
  .bss                zero     0x2001edfc      0xc  protocol.o [1]
  .bss                zero     0x2001ee08      0xc  protocol.o [1]
  .bss                zero     0x2001ee14      0xc  protocol.o [1]
  .bss                zero     0x2001ee20      0x8  heap_4.o [1]
  .bss                zero     0x2001ee28      0x8  modbus.o [1]
  .bss                zero     0x2001ee30      0x8  protocol.o [1]
  .bss                zero     0x2001ee38      0x4  apptask.o [1]
  .bss                zero     0x2001ee3c      0x4  apptask.o [1]
  .bss                zero     0x2001ee40      0x4  apptask.o [1]
  .bss                zero     0x2001ee44      0x4  apptask.o [1]
  .bss                zero     0x2001ee48      0x4  apptask.o [1]
  .bss                zero     0x2001ee4c      0x4  apptask.o [1]
  .bss                zero     0x2001ee50      0x4  apptask.o [1]
  .bss                zero     0x2001ee54      0x4  apptask.o [1]
  .bss                zero     0x2001ee58      0x4  apptask.o [1]
  .bss                zero     0x2001ee5c      0x4  apptask.o [1]
  .bss                zero     0x2001ee60      0x4  apptask.o [1]
  .bss                zero     0x2001ee64      0x4  apptask.o [1]
  .bss                zero     0x2001ee68      0x4  apptask.o [1]
  .bss                zero     0x2001ee6c      0x4  apptask.o [1]
  .bss                zero     0x2001ee70      0x4  apptask.o [1]
  .bss                zero     0x2001ee74      0x4  apptask.o [1]
  .bss                zero     0x2001ee78      0x4  apptask.o [1]
  .bss                zero     0x2001ee7c      0x4  bsp_sdio_sd.o [1]
  .bss                zero     0x2001ee80      0x4  bsp_sdio_sd.o [1]
  .bss                zero     0x2001ee84      0x4  bsp_sdio_sd.o [1]
  .bss                zero     0x2001ee88      0x4  bsp_sdio_sd.o [1]
  .bss                zero     0x2001ee8c      0x4  bsp_sdio_sd.o [1]
  .bss                zero     0x2001ee90      0x4  bsp_timer.o [1]
  .bss                zero     0x2001ee94      0x4  bsp_timer.o [1]
  .bss                zero     0x2001ee98      0x4  bsp_timer.o [1]
  .bss                zero     0x2001ee9c      0x4  bsp_timer.o [1]
  .bss                zero     0x2001eea0      0x4  heap_4.o [1]
  .bss                zero     0x2001eea4      0x4  heap_4.o [1]
  .bss                zero     0x2001eea8      0x4  heap_4.o [1]
  .bss                zero     0x2001eeac      0x4  heap_4.o [1]
  .bss                zero     0x2001eeb0      0x4  port.o [1]
  .bss                zero     0x2001eeb4      0x4  product_cal.o [1]
  .bss                zero     0x2001eeb8      0x4  product_cal.o [1]
  .bss                zero     0x2001eebc      0x4  SysInfoTest.o [1]
  .bss                zero     0x2001eec0      0x4  tasks.o [1]
  .bss                zero     0x2001eec4      0x4  tasks.o [1]
  .bss                zero     0x2001eec8      0x4  tasks.o [1]
  .bss                zero     0x2001eecc      0x4  tasks.o [1]
  .bss                zero     0x2001eed0      0x4  tasks.o [1]
  .bss                zero     0x2001eed4      0x4  tasks.o [1]
  .bss                zero     0x2001eed8      0x4  tasks.o [1]
  .bss                zero     0x2001eedc      0x4  tasks.o [1]
  .bss                zero     0x2001eee0      0x4  tasks.o [1]
  .bss                zero     0x2001eee4      0x4  tasks.o [1]
  .bss                zero     0x2001eee8      0x4  tasks.o [1]
  .bss                zero     0x2001eeec      0x4  tasks.o [1]
  .bss                zero     0x2001eef0      0x4  tasks.o [1]
  .bss                zero     0x2001eef4      0x4  tasks.o [1]
  .bss                zero     0x2001eef8      0x4  tasks.o [1]
  .bss                zero     0x2001eefc      0x4  tasks.o [1]
  .bss                zero     0x2001ef00      0x4  timers.o [1]
  .bss                zero     0x2001ef04      0x4  timers.o [1]
  .bss                zero     0x2001ef08      0x4  timers.o [1]
  .bss                zero     0x2001ef0c      0x4  timers.o [1]
  .bss                zero     0x2001ef10      0x4  usbh_msc_bot.o [1]
  .bss                zero     0x2001ef14      0x4  usbh_msc_bot.o [1]
  .bss                zero     0x2001ef18      0x4  usbh_msc_bot.o [1]
  .bss                zero     0x2001ef1c      0x4  usbh_msc_bot.o [1]
  .bss                zero     0x2001ef20      0x2  apptask.o [1]
  .bss                zero     0x2001ef22      0x2  apptask.o [1]
  .bss                zero     0x2001ef24      0x2  apptask.o [1]
  .bss                zero     0x2001ef26      0x2  apptask.o [1]
  .bss                zero     0x2001ef28      0x2  bsp_sdwe050c17.o [1]
  .bss                zero     0x2001ef2a      0x2  ff.o [1]
  .bss                zero     0x2001ef2c      0x2  product_cal.o [1]
  .bss                zero     0x2001ef2e      0x2  usbh_core.o [1]
  .bss                zero     0x2001ef30      0x2  usbh_stdreq.o [1]
  .bss                zero     0x2001ef32      0x1  apptask.o [1]
  .bss                zero     0x2001ef33      0x1  apptask.o [1]
  .bss                zero     0x2001ef34      0x1  apptask.o [1]
  .bss                zero     0x2001ef35      0x1  apptask.o [1]
  .bss                zero     0x2001ef36      0x1  apptask.o [1]
  .bss                zero     0x2001ef37      0x1  apptask.o [1]
  .bss                zero     0x2001ef38      0x1  apptask.o [1]
  .bss                zero     0x2001ef39      0x1  apptask.o [1]
  .bss                zero     0x2001ef3a      0x1  apptask.o [1]
  .bss                zero     0x2001ef3b      0x1  bsp_sdio_sd.o [1]
  .bss                zero     0x2001ef3c      0x1  bsp_sdwe050c17.o [1]
  .bss                zero     0x2001ef3d      0x1  bsp_uart_fifo.o [1]
  .bss                zero     0x2001ef3e      0x1  port.o [1]
  .bss                zero     0x2001ef3f      0x1  product_cal.o [1]
  .bss                zero     0x2001ef40      0x1  product_cal.o [1]
  .bss                zero     0x2001ef41      0x1  product_cal.o [1]
  .bss                zero     0x2001ef42      0x1  protocol.o [1]
  .bss                zero     0x2001ef43      0x1  rc522.o [1]
  .bss                zero     0x2001ef44      0x1  rc522.o [1]
  .bss                zero     0x2001ef45      0x1  usbh_msc_bot.o [1]
  .bss                zero     0x2001ef46      0x1  usbh_msc_core.o [1]
  .bss                zero     0x2001ef47      0x1  usbh_msc_core.o [1]
  .bss                zero     0x2001ef48      0x1  usbh_stdreq.o [1]
  .bss                zero     0x2001ef49      0x1  usbh_usr.o [1]
  CSTACK                       0x2001ef50    0x800  <Block>
    CSTACK            uninit   0x2001ef50    0x800  <Block tail>
                             - 0x2001f750  0x1f750

Absolute sections:                         0xff000
  .bss                zero     0x68000000  0xf0000  malloc.o [1]
  .bss                zero     0x680f0000   0xf000  malloc.o [1]
                             - 0x680ff000  0xff000


*******************************************************************************
*** INIT TABLE
***

          Address     Size
          -------     ----
Zero (__iar_zero_init3)
    2 destination ranges, total size 0x11dd7e:
          0x200001cc  0x1ed7e
          0x68000000  0xff000

Copy/packbits (__iar_packbits_init3)
    1 source range, total size 0x11d (62% of destination):
          0x08040970    0x11d
    1 destination range, total size 0x1cb:
          0x20000000    0x1cb



*******************************************************************************
*** MODULE SUMMARY
***

    Module                    ro code  ro data  rw data    rw data
                                                            (abs)
    ------                    -------  -------  -------    -------
E:\WORK\YarnControl_Driver\YarnControl_Driver\src\stm32f4_rtos\Project\EWARMv7\Flash\Obj: [1]
    SysInfoTest.o                  60                 4
    apptask.o                  16 352    1 664      109
    bsp.o                          76
    bsp_closeSW.o                 232
    bsp_dwt.o                     116
    bsp_led.o                     192
    bsp_relay.o                    68
    bsp_sdio_sd.o               6 744               209
    bsp_sdwe050c17.o            4 680       56       55
    bsp_servomotor.o              320       13       20
    bsp_spi.o                     292
    bsp_stepmotor.o               532
    bsp_sw_onoff.o                104
    bsp_tim_pwm.o                 736
    bsp_timer.o                   516                16
    bsp_uart_fifo.o             2 660               341
    bsp_w25qxx.o                  896        9    4 098
    bsp_watchdog.o                  8
    cc936.o                       244  176 320
    demo_fatfs.o                           742       80
    diskio.o                      740
    event_groups.o                610
    ff.o                        8 804       36      562
    heap_4.o                      640        4   71 704
    list.o                        152
    main.o                         52       32
    malloc.o                      540       41   43 548  1 044 480
    mcheck.o                      184      768
    misc.o                        136
    modbus.o                      852                 8
    page_weimi.o                                    280
    para.o                        700       24      144
    port.o                        588        7        9
    portasm.o                     168
    product_cal.o               1 316      400       97
    protocol.o                     68               401
    queue.o                     1 992
    rc522.o                       174                22
    startup_stm32f40_41xxx.o      688
    stm32f4xx_dma.o               796
    stm32f4xx_exti.o              192
    stm32f4xx_gpio.o              300
    stm32f4xx_it.o                 56       44
    stm32f4xx_iwdg.o               16
    stm32f4xx_rcc.o               452       10       16
    stm32f4xx_sdio.o              380
    stm32f4xx_spi.o               116
    stm32f4xx_syscfg.o             84
    stm32f4xx_tim.o               770
    stm32f4xx_usart.o             558
    system_stm32f4xx.o            340        2        4
    tasks.o                     3 072        8      364
    timers.o                    1 188        8       56
    usb_bsp.o                     332
    usb_core.o                  2 640
    usb_hcd.o                     214
    usb_hcd_int.o               3 198
    usbh_core.o                 1 888       10       18
    usbh_hcs.o                    442
    usbh_ioreq.o                  582
    usbh_it.o                      16
    usbh_msc_bot.o              1 364                81
    usbh_msc_core.o             1 000       10       94
    usbh_msc_scsi.o             1 560        1      529
    usbh_stdreq.o               1 078               515
    usbh_usr.o                    438      600    3 125
    --------------------------------------------------------------
    Total:                     76 304  180 809  126 509  1 044 480

command line: [2]
    --------------------------------------------------------------
    Total:

dl7M_tlf.a: [3]
    abort.o                         6
    div.o                          14
    exit.o                          4
    localeconv.o                  108       84      136
    printf.o                       36
    putchar.o                      12
    sprintf.o                      52
    strcat.o                       28
    strstr.o                       44
    xfiles.o                                40      144
    xprintffull_nomb.o          3 478
    xprout.o                       22
    xsprout.o                      10
    --------------------------------------------------------------
    Total:                      3 814      124      280

m7M_tls.a: [4]
    DblAdd.o                      232
    DblCmpGe.o                     46
    DblCmpLe.o                     46
    DblDiv.o                      598
    DblMul.o                      418
    DblSub.o                      384
    DblToFlt.o                    144
    DblToI32.o                     88
    FltToDbl.o                     78
    I32ToDbl.o                     48
    fpinit_M.o                     34
    xdnorm.o                       66
    xdscale.o                     276
    --------------------------------------------------------------
    Total:                      2 458

rt7M_tl.a: [5]
    ABImemcpy_unaligned.o         118
    ABImemset.o                   102
    I64DivMod.o                   238
    I64DivZer.o                     2
    cexit.o                        10
    cmain.o                        26
    cstartup_M.o                   12
    data_init.o                    40
    memchr.o                       88
    memcmp_unaligned.o             98
    packbits_init.o               208
    strchr.o                       22
    strcmp_unaligned.o             66
    strcpy_unaligned.o             68
    strlen.o                       54
    zero_init3.o                   64
    --------------------------------------------------------------
    Total:                      1 216

shb_l.a: [6]
    exit.o                         20
    --------------------------------------------------------------
    Total:                         20

    Gaps                           44        4        5
    Linker created                          52    2 048
------------------------------------------------------------------
    Grand Total:               83 856  180 989  128 842  1 044 480


*******************************************************************************
*** ENTRY LIST
***

Entry                      Address     Size  Type      Object
-----                      -------     ----  ----      ------
.iar.init_table$$Base   0x0803ffa0            --   Gb  - Linker created -
.iar.init_table$$Limit  0x0803ffd4            --   Gb  - Linker created -
?main                   0x080402bd           Code  Gb  cmain.o [5]
APBAHBPrescTable        0x20000190     0x10  Data  Lc  stm32f4xx_rcc.o [1]
AppObjCreate            0x0802e56d    0x138  Code  Gb  apptask.o [1]
AppTaskCreate           0x0802e421    0x148  Code  Gb  apptask.o [1]
BOTStallErrorCount      0x2001ef10      0x4  Data  Lc  usbh_msc_bot.o [1]
BusFault_Handler        0x0803fcf7      0x2  Code  Gb  stm32f4xx_it.o [1]
CID_Tab                 0x2001ed98     0x10  Data  Lc  bsp_sdio_sd.o [1]
CRC16HiTable            0x0803f598    0x100  Data  Gb  mcheck.o [1]
CRC16LoTable            0x0803f698    0x100  Data  Gb  mcheck.o [1]
CRC8Table               0x0803f798    0x100  Data  Gb  mcheck.o [1]
CSD_Tab                 0x2001ed88     0x10  Data  Lc  bsp_sdio_sd.o [1]
CSTACK$$Base            0x2001ef50            --   Gb  - Linker created -
CSTACK$$Limit           0x2001f750            --   Gb  - Linker created -
CardType                0x2001ee7c      0x4  Data  Lc  bsp_sdio_sd.o [1]
CmdError                0x0803bce5     0x38  Code  Lc  bsp_sdio_sd.o [1]
CmdResp1Error           0x0803bd89    0x112  Code  Lc  bsp_sdio_sd.o [1]
CmdResp2Error           0x0803bed9     0x52  Code  Lc  bsp_sdio_sd.o [1]
CmdResp3Error           0x0803be9b     0x3e  Code  Lc  bsp_sdio_sd.o [1]
CmdResp6Error           0x0803bf2b     0xa6  Code  Lc  bsp_sdio_sd.o [1]
CmdResp7Error           0x0803bd1d     0x58  Code  Lc  bsp_sdio_sd.o [1]
ConfigExitNVIC          0x0803f903     0x22  Code  Gb  bsp_closeSW.o [1]
ConfigUartNVIC          0x08036ea1     0x7c  Code  Lc  bsp_uart_fifo.o [1]
DMA1_Stream0_IRQHandler
                        0x08035c03     0x1c  Code  Gb  bsp_servomotor.o [1]
DMA2_Stream3_IRQHandler
                        0x0803c5cd      0x8  Code  Gb  bsp_sdio_sd.o [1]
DMAEndOfTransfer        0x2001ee8c      0x4  Data  Gb  bsp_sdio_sd.o [1]
DMA_ClearFlag           0x0803980b     0x24  Code  Gb  stm32f4xx_dma.o [1]
DMA_Cmd                 0x080397c1     0x1a  Code  Gb  stm32f4xx_dma.o [1]
DMA_DeInit              0x08039629    0x140  Code  Gb  stm32f4xx_dma.o [1]
DMA_FlowControllerConfig
                        0x080397db     0x18  Code  Gb  stm32f4xx_dma.o [1]
DMA_GetCmdStatus        0x080397f3     0x18  Code  Gb  stm32f4xx_dma.o [1]
DMA_GetITStatus         0x08039871     0x62  Code  Gb  stm32f4xx_dma.o [1]
DMA_ITConfig            0x0803982f     0x42  Code  Gb  stm32f4xx_dma.o [1]
DMA_Init                0x08039769     0x58  Code  Gb  stm32f4xx_dma.o [1]
DebugMon_Handler        0x0803fcfb      0x2  Code  Gb  stm32f4xx_it.o [1]
DiskFile_init           0x08035765     0x40  Code  Gb  protocol.o [1]
Disk_File               0x2001e8cc     0x70  Data  Gb  protocol.o [1]
EXTI9_5_IRQHandler      0x0803f925     0x4e  Code  Gb  bsp_closeSW.o [1]
EXTI_ClearITPendingBit  0x0803fa77      0x6  Code  Gb  stm32f4xx_exti.o [1]
EXTI_GetITStatus        0x0803fa5d     0x1a  Code  Gb  stm32f4xx_exti.o [1]
EXTI_Init               0x0803f9d5     0x88  Code  Gb  stm32f4xx_exti.o [1]
FR_Table                0x20000088     0x50  Data  Gb  demo_fatfs.o [1]
FatFs                   0x2001edf0      0xc  Data  Lc  ff.o [1]
File_info               0x2001eb10     0x50  Data  Gb  protocol.o [1]
Files                   0x2001ec60     0x24  Data  Lc  ff.o [1]
FindSCR                 0x0803c179    0x206  Code  Lc  bsp_sdio_sd.o [1]
Fsid                    0x2001ef2a      0x2  Data  Lc  ff.o [1]
GPIO_Init               0x080359cd     0xaa  Code  Gb  stm32f4xx_gpio.o [1]
GPIO_PinAFConfig        0x08035a9f     0x5a  Code  Gb  stm32f4xx_gpio.o [1]
GPIO_ReadInputDataBit   0x08035a77     0x1a  Code  Gb  stm32f4xx_gpio.o [1]
GPIO_WriteBit           0x08035a91      0xe  Code  Gb  stm32f4xx_gpio.o [1]
GetDeviceState          0x08035731     0x2e  Code  Gb  bsp_sw_onoff.o [1]
HCD_GetCurrentFrame     0x080388f1      0x8  Code  Gb  usb_hcd.o [1]
HCD_GetCurrentSpeed     0x080388d3     0x10  Code  Gb  usb_hcd.o [1]
HCD_GetURB_State        0x080388f9      0xa  Code  Gb  usb_hcd.o [1]
HCD_GetXferCnt          0x08038903      0xc  Code  Gb  usb_hcd.o [1]
HCD_Init                0x08038861     0x72  Code  Gb  usb_hcd.o [1]
HCD_ResetPort           0x080388e3      0xe  Code  Gb  usb_hcd.o [1]
HCD_SubmitRequest       0x0803890f     0x28  Code  Gb  usb_hcd.o [1]
HardFault_Handler       0x0803fcc7     0x22  Code  Gb  stm32f4xx_it.o [1]
IWDG_Feed               0x08036341      0x8  Code  Gb  bsp_watchdog.o [1]
IWDG_ReloadCounter      0x080399cd      0xa  Code  Gb  stm32f4xx_iwdg.o [1]
InStream_Read           0x0803fa95     0x22  Code  Lc  packbits_init.o [5]
InitHardUart            0x08036ae1    0x3c0  Code  Lc  bsp_uart_fifo.o [1]
Init_JINGSHA_GUI        0x0802fe67    0x122  Code  Gb  bsp_sdwe050c17.o [1]
LfnBuf                  0x2001df24    0x200  Data  Lc  ff.o [1]
LfnOfs                  0x080405bc     0x10  Data  Lc  ff.o [1]
LoadInt                 0x08037d89     0x6e  Code  Lc  xprintffull_nomb.o [3]
MSCErrorCount           0x2001ef46      0x1  Data  Gb  usbh_msc_core.o [1]
MSC_Machine             0x2001ea68     0x4c  Data  Gb  usbh_msc_core.o [1]
MSG_DEV_ATTACHED        0x08040438     0x18  Data  Gb  usbh_usr.o [1]
MSG_DEV_DISCONNECTED    0x08040450     0x18  Data  Gb  usbh_usr.o [1]
MSG_DEV_ENUMERATED      0x08040268     0x1c  Data  Gb  usbh_usr.o [1]
MSG_DEV_ERROR           0x08040518     0x14  Data  Gb  usbh_usr.o [1]
MSG_DEV_FULLSPEED       0x080400f4     0x20  Data  Gb  usbh_usr.o [1]
MSG_DEV_HIGHSPEED       0x080400d4     0x20  Data  Gb  usbh_usr.o [1]
MSG_DEV_LOWSPEED        0x08040114     0x20  Data  Gb  usbh_usr.o [1]
MSG_HID_CLASS           0x08040284     0x1c  Data  Gb  usbh_usr.o [1]
MSG_MSC_CLASS           0x0803ff58     0x24  Data  Gb  usbh_usr.o [1]
MSG_UNREC_ERROR         0x080402a0     0x1c  Data  Gb  usbh_usr.o [1]
MemManage_Handler       0x0803fcf5      0x2  Code  Gb  stm32f4xx_it.o [1]
NMI_Handler             0x0803fcc5      0x2  Code  Gb  stm32f4xx_it.o [1]
NVIC_Init               0x0803994f     0x6a  Code  Gb  misc.o [1]
NVIC_PriorityGroupConfig
                        0x08039945      0xa  Code  Gb  misc.o [1]
OTG_FS_IRQHandler       0x0804061d     0x10  Code  Gb  usbh_it.o [1]
PendSV_Handler          0x080399dd           Code  Gb  portasm.o [1]
RCA                     0x2001ee80      0x4  Data  Lc  bsp_sdio_sd.o [1]
RCC_AHB1PeriphClockCmd  0x080369af     0x22  Code  Gb  stm32f4xx_rcc.o [1]
RCC_AHB2PeriphClockCmd  0x080369d1     0x1e  Code  Gb  stm32f4xx_rcc.o [1]
RCC_APB1PeriphClockCmd  0x080369ef     0x1e  Code  Gb  stm32f4xx_rcc.o [1]
RCC_APB2PeriphClockCmd  0x08036a0d     0x1e  Code  Gb  stm32f4xx_rcc.o [1]
RCC_APB2PeriphResetCmd  0x08036a2b     0x1e  Code  Gb  stm32f4xx_rcc.o [1]
RCC_GetClocksFreq       0x080368ad    0x102  Code  Gb  stm32f4xx_rcc.o [1]
RS485_InitTXE           0x08036aad     0x34  Code  Gb  bsp_uart_fifo.o [1]
RS485_sendbuf           0x0803735d     0x3c  Code  Gb  bsp_uart_fifo.o [1]
Region$$Table$$Base     0x0803ffa0            --   Gb  - Linker created -
Region$$Table$$Limit    0x0803ffd4            --   Gb  - Linker created -
SDCardInfo              0x2001eab8     0x58  Data  Gb  bsp_sdio_sd.o [1]
SDEnWideBus             0x0803bfdd    0x198  Code  Lc  bsp_sdio_sd.o [1]
SDIO_ClearFlag          0x0803d259      0x6  Code  Gb  stm32f4xx_sdio.o [1]
SDIO_ClearITPendingBit  0x0803d279      0x6  Code  Gb  stm32f4xx_sdio.o [1]
SDIO_ClockCmd           0x0803d187      0x8  Code  Gb  stm32f4xx_sdio.o [1]
SDIO_CmdInitStructure   0x2001ecd4     0x14  Data  Gb  bsp_sdio_sd.o [1]
SDIO_DMACmd             0x0803d219      0x8  Code  Gb  stm32f4xx_sdio.o [1]
SDIO_DataConfig         0x0803d1e5     0x2e  Code  Gb  stm32f4xx_sdio.o [1]
SDIO_DataInitStructure  0x2001ecbc     0x18  Data  Gb  bsp_sdio_sd.o [1]
SDIO_DeInit             0x0803d145     0x18  Code  Gb  stm32f4xx_sdio.o [1]
SDIO_GetCommandResponse
                        0x0803d1c7      0x8  Code  Gb  stm32f4xx_sdio.o [1]
SDIO_GetFlagStatus      0x0803d23f     0x1a  Code  Gb  stm32f4xx_sdio.o [1]
SDIO_GetITStatus        0x0803d25f     0x1a  Code  Gb  stm32f4xx_sdio.o [1]
SDIO_GetPowerState      0x0803d195      0xa  Code  Gb  stm32f4xx_sdio.o [1]
SDIO_GetResponse        0x0803d1cf     0x16  Code  Gb  stm32f4xx_sdio.o [1]
SDIO_IRQHandler         0x0803c5c5      0x8  Code  Gb  bsp_sdio_sd.o [1]
SDIO_ITConfig           0x0803d221     0x1e  Code  Gb  stm32f4xx_sdio.o [1]
SDIO_Init               0x0803d15d     0x2a  Code  Gb  stm32f4xx_sdio.o [1]
SDIO_InitStructure      0x2001eca4     0x18  Data  Gb  bsp_sdio_sd.o [1]
SDIO_Interrupts_Config  0x0803c589     0x3c  Code  Gb  bsp_sdio_sd.o [1]
SDIO_ReadData           0x0803d213      0x6  Code  Gb  stm32f4xx_sdio.o [1]
SDIO_SendCommand        0x0803d19f     0x28  Code  Gb  stm32f4xx_sdio.o [1]
SDIO_SetPowerState      0x0803d18f      0x6  Code  Gb  stm32f4xx_sdio.o [1]
SDWE_WARNNING           0x080300f9     0x2a  Code  Gb  bsp_sdwe050c17.o [1]
SD_Detect               0x0803ac81     0x22  Code  Gb  bsp_sdio_sd.o [1]
SD_EnableWideBusOperation
                        0x0803b47d     0xc8  Code  Gb  bsp_sdio_sd.o [1]
SD_GetCardInfo          0x0803b091    0x3ec  Code  Gb  bsp_sdio_sd.o [1]
SD_GetState             0x0803ac57     0x2a  Code  Gb  bsp_sdio_sd.o [1]
SD_GetStatus            0x0803ac35     0x22  Code  Gb  bsp_sdio_sd.o [1]
SD_Init                 0x0803ab7d     0xb8  Code  Gb  bsp_sdio_sd.o [1]
SD_InitializeCards      0x0803aeef    0x1a2  Code  Gb  bsp_sdio_sd.o [1]
SD_LowLevel_DMA_RxConfig
                        0x0803c4d3     0x8e  Code  Gb  bsp_sdio_sd.o [1]
SD_LowLevel_DMA_TxConfig
                        0x0803c445     0x8e  Code  Gb  bsp_sdio_sd.o [1]
SD_LowLevel_Init        0x0803c381     0xbc  Code  Gb  bsp_sdio_sd.o [1]
SD_PowerON              0x0803aca3    0x24c  Code  Gb  bsp_sdio_sd.o [1]
SD_ProcessDMAIRQ        0x0803bcc1     0x22  Code  Gb  bsp_sdio_sd.o [1]
SD_ProcessIRQSrc        0x0803bc13     0xae  Code  Gb  bsp_sdio_sd.o [1]
SD_ReadBlock            0x0803b57d    0x108  Code  Gb  bsp_sdio_sd.o [1]
SD_ReadMultiBlocks      0x0803b685    0x134  Code  Gb  bsp_sdio_sd.o [1]
SD_SelectDeselect       0x0803b545     0x38  Code  Gb  bsp_sdio_sd.o [1]
SD_SendStatus           0x0803bba5     0x6e  Code  Gb  bsp_sdio_sd.o [1]
SD_StopTransfer         0x0803bb5d     0x44  Code  Gb  bsp_sdio_sd.o [1]
SD_WaitReadOperation    0x0803b7bd     0x96  Code  Gb  bsp_sdio_sd.o [1]
SD_WriteBlock           0x0803b85d    0x11e  Code  Gb  bsp_sdio_sd.o [1]
SD_WriteMultiBlocks     0x0803b989    0x1cc  Code  Gb  bsp_sdio_sd.o [1]
SPI1_Init               0x080376d9     0xc0  Code  Gb  bsp_spi.o [1]
SPI1_ReadWriteByte      0x080377c1     0x32  Code  Gb  bsp_spi.o [1]
SPI1_SetSpeed           0x08037799     0x28  Code  Gb  bsp_spi.o [1]
SPI_Cmd                 0x08039cf5     0x1c  Code  Gb  stm32f4xx_spi.o [1]
SPI_I2S_GetFlagStatus   0x08039d11     0x18  Code  Gb  stm32f4xx_spi.o [1]
SPI_Init                0x08039cb5     0x40  Code  Gb  stm32f4xx_spi.o [1]
SRC_Buffer              0x2000017c     0x14  Data  Gb  bsp_servomotor.o [1]
SVC_Handler             0x08039a35           Code  Gb  portasm.o [1]
SYSCFG_EXTILineConfig   0x0803f981     0x50  Code  Gb  stm32f4xx_syscfg.o [1]
Sdwe_ClearReadDisk      0x080301cf     0x1c  Code  Gb  bsp_sdwe050c17.o [1]
Sdwe_change_class_time  0x08030633     0x30  Code  Gb  bsp_sdwe050c17.o [1]
Sdwe_clearString        0x08030123     0x54  Code  Gb  bsp_sdwe050c17.o [1]
Sdwe_clear_filename     0x0803021b     0x2a  Code  Gb  bsp_sdwe050c17.o [1]
Sdwe_disDigi            0x0802ffd3     0xa4  Code  Gb  bsp_sdwe050c17.o [1]
Sdwe_disPicture         0x0802ff89     0x4a  Code  Gb  bsp_sdwe050c17.o [1]
Sdwe_disString          0x08030077     0x82  Code  Gb  bsp_sdwe050c17.o [1]
Sdwe_hidden_page        0x080306cb     0x30  Code  Gb  bsp_sdwe050c17.o [1]
Sdwe_peiliao_page       0x0803053d     0xf6  Code  Gb  bsp_sdwe050c17.o [1]
Sdwe_period_page        0x08030663     0x68  Code  Gb  bsp_sdwe050c17.o [1]
Sdwe_product_page       0x080303c5    0x174  Code  Gb  bsp_sdwe050c17.o [1]
Sdwe_readRTC            0x080301eb     0x30  Code  Gb  bsp_sdwe050c17.o [1]
Sdwe_refresh_allname    0x0803037b     0x48  Code  Gb  bsp_sdwe050c17.o [1]
Sdwe_refresh_filename   0x08030245    0x136  Code  Gb  bsp_sdwe050c17.o [1]
Sdwe_stop_page          0x080306fb    0x36a  Code  Gb  bsp_sdwe050c17.o [1]
Sdwe_writeIcon          0x08030177     0x58  Code  Gb  bsp_sdwe050c17.o [1]
SetSysClock             0x0803f497     0xce  Code  Lc  system_stm32f4xx.o [1]
SlavePara               0x2001e704     0xa4  Data  Gb  protocol.o [1]
StopCondition           0x2001ee84      0x4  Data  Gb  bsp_sdio_sd.o [1]
SysTick_Handler         0x080364cf     0x2c  Code  Gb  port.o [1]
SystemCoreClock         0x200001c0      0x4  Data  Gb  system_stm32f4xx.o [1]
SystemInit              0x0803f445     0x52  Code  Gb  system_stm32f4xx.o [1]
TIM1_PWM_SETPMOTOR      0x08035921     0x96  Code  Gb  bsp_stepmotor.o [1]
TIM2_IRQHandler         0x08037615     0xac  Code  Gb  bsp_timer.o [1]
TIM3_PWM_SETPMOTOR      0x080358b9     0x68  Code  Gb  bsp_stepmotor.o [1]
TIM4StartPwmOut         0x08035af9     0x2c  Code  Gb  bsp_servomotor.o [1]
TIM4StopPwmOut          0x08035b25     0x2e  Code  Gb  bsp_servomotor.o [1]
TIM4_PWMDMA_Config      0x08035b53     0xb0  Code  Gb  bsp_servomotor.o [1]
TIM6_DAC_IRQHandler     0x0803fc63     0x22  Code  Gb  SysInfoTest.o [1]
TIM_ARRPreloadConfig    0x08031d3b     0x1c  Code  Gb  stm32f4xx_tim.o [1]
TIM_CallBack1           0x0802e6e1     0x34  Code  Gb  apptask.o [1]
TIM_ClearITPendingBit   0x08031fb5      0x8  Code  Gb  stm32f4xx_tim.o [1]
TIM_Cmd                 0x08031d57     0x1c  Code  Gb  stm32f4xx_tim.o [1]
TIM_CtrlPWMOutputs      0x08031f4b     0x22  Code  Gb  stm32f4xx_tim.o [1]
TIM_DMACmd              0x08031fbd     0x16  Code  Gb  stm32f4xx_tim.o [1]
TIM_GetITStatus         0x08031f83     0x32  Code  Gb  stm32f4xx_tim.o [1]
TIM_ITConfig            0x08031f6d     0x16  Code  Gb  stm32f4xx_tim.o [1]
TIM_OC2Init             0x08031d73     0x8c  Code  Gb  stm32f4xx_tim.o [1]
TIM_OC2PreloadConfig    0x08031f11     0x14  Code  Gb  stm32f4xx_tim.o [1]
TIM_OC3Init             0x08031dff     0x8a  Code  Gb  stm32f4xx_tim.o [1]
TIM_OC3PreloadConfig    0x08031f25     0x12  Code  Gb  stm32f4xx_tim.o [1]
TIM_OC4Init             0x08031e89     0x68  Code  Gb  stm32f4xx_tim.o [1]
TIM_OC4PreloadConfig    0x08031f37     0x14  Code  Gb  stm32f4xx_tim.o [1]
TIM_TimeBaseInit        0x08031cd1     0x6a  Code  Gb  stm32f4xx_tim.o [1]
Task_iwdg_refresh       0x0802e905     0x56  Code  Gb  apptask.o [1]
TransferEnd             0x2001ee88      0x4  Data  Gb  bsp_sdio_sd.o [1]
TransferError           0x2001ef3b      0x1  Data  Gb  bsp_sdio_sd.o [1]
UART1ToPC               0x080372fd     0x30  Code  Gb  bsp_uart_fifo.o [1]
UART2ToPC               0x0803732d     0x30  Code  Gb  bsp_uart_fifo.o [1]
UART2_RX_BUF            0x2001ea04     0x64  Data  Gb  bsp_uart_fifo.o [1]
UART3ToPC               0x08037399     0x30  Code  Gb  bsp_uart_fifo.o [1]
UART4ToPC               0x080373c9     0x30  Code  Gb  bsp_uart_fifo.o [1]
UART4_IRQHandler        0x0803720b     0x84  Code  Gb  bsp_uart_fifo.o [1]
UART4_RX_BUF            0x2001e9a0     0x64  Data  Gb  bsp_uart_fifo.o [1]
UART5ToPC               0x080373fb     0x30  Code  Gb  bsp_uart_fifo.o [1]
UART5_IRQHandler        0x0803728f     0x6e  Code  Gb  bsp_uart_fifo.o [1]
UART5_RX_BUF            0x2001e93c     0x64  Data  Gb  bsp_uart_fifo.o [1]
USART1_IRQHandler       0x0803717b     0x1e  Code  Gb  bsp_uart_fifo.o [1]
USART2_IRQHandler       0x08037199     0x68  Code  Gb  bsp_uart_fifo.o [1]
USART3_IRQHandler       0x08037201      0xa  Code  Gb  bsp_uart_fifo.o [1]
USART_ClearFlag         0x08039c37      0xc  Code  Gb  stm32f4xx_usart.o [1]
USART_Cmd               0x08039b81     0x1c  Code  Gb  stm32f4xx_usart.o [1]
USART_DMACmd            0x08039bad     0x16  Code  Gb  stm32f4xx_usart.o [1]
USART_GetFlagStatus     0x08039c19     0x1e  Code  Gb  stm32f4xx_usart.o [1]
USART_GetITStatus       0x08039c43     0x70  Code  Gb  stm32f4xx_usart.o [1]
USART_ITConfig          0x08039bc3     0x56  Code  Gb  stm32f4xx_usart.o [1]
USART_Init              0x08039a85     0xee  Code  Gb  stm32f4xx_usart.o [1]
USART_ReceiveData       0x08039ba5      0x8  Code  Gb  stm32f4xx_usart.o [1]
USART_SendData          0x08039b9d      0x8  Code  Gb  stm32f4xx_usart.o [1]
USBH_Alloc_Channel      0x08038a51     0x2e  Code  Gb  usbh_hcs.o [1]
USBH_BulkReceiveData    0x080390f5     0x62  Code  Gb  usbh_ioreq.o [1]
USBH_BulkSendData       0x08039093     0x62  Code  Gb  usbh_ioreq.o [1]
USBH_CfgDesc            0x2001e324    0x200  Data  Gb  usbh_stdreq.o [1]
USBH_ClrFeature         0x08038c9b     0x4c  Code  Gb  usbh_stdreq.o [1]
USBH_Connected          0x08032825      0xc  Code  Gb  usbh_core.o [1]
USBH_CtlReceiveData     0x0803904d     0x46  Code  Gb  usbh_ioreq.o [1]
USBH_CtlReq             0x08038f27     0x6e  Code  Gb  usbh_ioreq.o [1]
USBH_CtlSendData        0x08038fd9     0x74  Code  Gb  usbh_ioreq.o [1]
USBH_CtlSendSetup       0x08038f95     0x44  Code  Gb  usbh_ioreq.o [1]
USBH_DataInBuffer       0x2001e124    0x200  Data  Gb  usbh_msc_scsi.o [1]
USBH_DeAllocate_AllChannel
                        0x08038aa3     0x20  Code  Gb  usbh_hcs.o [1]
USBH_DeInit             0x0803288b     0x3e  Code  Gb  usbh_core.o [1]
USBH_Disconnected       0x08032831      0xc  Code  Gb  usbh_core.o [1]
USBH_ErrorHandle        0x08032a9b     0x34  Code  Gb  usbh_core.o [1]
USBH_Free_Channel       0x08038a7f     0x24  Code  Gb  usbh_hcs.o [1]
USBH_GetDescriptor      0x08038bfb     0x4e  Code  Gb  usbh_stdreq.o [1]
USBH_GetFreeChannel     0x08038ac3     0x2e  Code  Lc  usbh_hcs.o [1]
USBH_GetNextDesc        0x08038f0f     0x18  Code  Gb  usbh_stdreq.o [1]
USBH_Get_CfgDesc        0x08038b37     0x78  Code  Gb  usbh_stdreq.o [1]
USBH_Get_DevDesc        0x08038af1     0x46  Code  Gb  usbh_stdreq.o [1]
USBH_Get_StringDesc     0x08038baf     0x4c  Code  Gb  usbh_stdreq.o [1]
USBH_HCD_INT_cb         0x200001b0      0xc  Data  Gb  usbh_core.o [1]
USBH_HCD_INT_fops       0x200001c4      0x4  Data  Gb  usbh_core.o [1]
USBH_HandleControl      0x08032ce3    0x29a  Code  Gb  usbh_core.o [1]
USBH_HandleEnum         0x08032acf    0x214  Code  Lc  usbh_core.o [1]
USBH_Init               0x08032843     0x48  Code  Gb  usbh_core.o [1]
USBH_MSC_BOTReset       0x0803e285     0x28  Code  Lc  usbh_msc_core.o [1]
USBH_MSC_BOTXferParam   0x2001edb8     0x10  Data  Gb  usbh_msc_bot.o [1]
USBH_MSC_BOT_Abort      0x0803d035     0x5c  Code  Gb  usbh_msc_bot.o [1]
USBH_MSC_CBWData        0x2001ec84     0x20  Data  Gb  usbh_msc_bot.o [1]
USBH_MSC_CSWData        0x2001eda8     0x10  Data  Gb  usbh_msc_bot.o [1]
USBH_MSC_ClassRequest   0x0803e073     0x12  Code  Lc  usbh_msc_core.o [1]
USBH_MSC_DecodeCSW      0x0803d091     0x7a  Code  Gb  usbh_msc_bot.o [1]
USBH_MSC_ErrorHandle    0x0803e2d5     0x3e  Code  Gb  usbh_msc_core.o [1]
USBH_MSC_GETMaxLUN      0x0803e2ad     0x28  Code  Lc  usbh_msc_core.o [1]
USBH_MSC_Handle         0x0803e085    0x200  Code  Lc  usbh_msc_core.o [1]
USBH_MSC_HandleBOTXfer  0x0803cc31    0x404  Code  Gb  usbh_msc_bot.o [1]
USBH_MSC_Init           0x0803cbed     0x44  Code  Gb  usbh_msc_bot.o [1]
USBH_MSC_InterfaceDeInit
                        0x0803e027     0x4c  Code  Lc  usbh_msc_core.o [1]
USBH_MSC_InterfaceInit  0x0803df41     0xe6  Code  Lc  usbh_msc_core.o [1]
USBH_MSC_ModeSense6     0x0803c7e7    0x10c  Code  Gb  usbh_msc_scsi.o [1]
USBH_MSC_Param          0x2001edc8     0x10  Data  Gb  usbh_msc_scsi.o [1]
USBH_MSC_Read10         0x0803cacd    0x106  Code  Gb  usbh_msc_scsi.o [1]
USBH_MSC_ReadCapacity10
                        0x0803c6bd    0x12a  Code  Gb  usbh_msc_scsi.o [1]
USBH_MSC_RequestSense   0x0803c8f3     0xee  Code  Gb  usbh_msc_scsi.o [1]
USBH_MSC_TestUnitReady  0x0803c5d5     0xe8  Code  Gb  usbh_msc_scsi.o [1]
USBH_MSC_Write10        0x0803c9e1     0xec  Code  Gb  usbh_msc_scsi.o [1]
USBH_MSC_cb             0x200001a0     0x10  Data  Gb  usbh_msc_core.o [1]
USBH_Modify_Channel     0x080389dd     0x74  Code  Gb  usbh_hcs.o [1]
USBH_OTG_ISR_Handler    0x0803d2c1     0xb8  Code  Gb  usb_hcd_int.o [1]
USBH_Open_Channel       0x08038937     0xa6  Code  Gb  usbh_hcs.o [1]
USBH_ParseCfgDesc       0x08038d43    0x13c  Code  Lc  usbh_stdreq.o [1]
USBH_ParseDevDesc       0x08038ce7     0x5c  Code  Lc  usbh_stdreq.o [1]
USBH_ParseEPDesc        0x08038eb3     0x20  Code  Lc  usbh_stdreq.o [1]
USBH_ParseInterfaceDesc
                        0x08038e8d     0x26  Code  Lc  usbh_stdreq.o [1]
USBH_ParseStringDesc    0x08038ed3     0x3c  Code  Lc  usbh_stdreq.o [1]
USBH_Process            0x080328c9    0x1d2  Code  Gb  usbh_core.o [1]
USBH_SOF                0x0803283d      0x6  Code  Gb  usbh_core.o [1]
USBH_SetAddress         0x08038c49     0x2a  Code  Gb  usbh_stdreq.o [1]
USBH_SetCfg             0x08038c73     0x28  Code  Gb  usbh_stdreq.o [1]
USBH_SubmitSetupRequest
                        0x08039157     0x16  Code  Lc  usbh_ioreq.o [1]
USBH_USR_Configuration_DescAvailable
                        0x0803272d     0x26  Code  Gb  usbh_usr.o [1]
USBH_USR_DeInit         0x08032821      0x2  Code  Gb  usbh_usr.o [1]
USBH_USR_DeviceAddressAssigned
                        0x0803272b      0x2  Code  Gb  usbh_usr.o [1]
USBH_USR_DeviceAttached
                        0x080326a5      0xa  Code  Gb  usbh_usr.o [1]
USBH_USR_DeviceDisconnected
                        0x080326b9     0x1a  Code  Gb  usbh_usr.o [1]
USBH_USR_DeviceNotSupported
                        0x08032797      0xa  Code  Gb  usbh_usr.o [1]
USBH_USR_DeviceSpeedDetected
                        0x080326dd     0x36  Code  Gb  usbh_usr.o [1]
USBH_USR_Device_DescAvailable
                        0x08032713     0x18  Code  Gb  usbh_usr.o [1]
USBH_USR_EnumerationDone
                        0x0803277d     0x1a  Code  Gb  usbh_usr.o [1]
USBH_USR_Init           0x08032681     0x24  Code  Gb  usbh_usr.o [1]
USBH_USR_MSC_Application
                        0x0803281d      0x4  Code  Gb  usbh_usr.o [1]
USBH_USR_Manufacturer_String
                        0x08032753      0xe  Code  Gb  usbh_usr.o [1]
USBH_USR_OverCurrentDetected
                        0x080327a5      0xa  Code  Gb  usbh_usr.o [1]
USBH_USR_Product_String
                        0x08032761      0xe  Code  Gb  usbh_usr.o [1]
USBH_USR_ResetDevice    0x080326d3      0xa  Code  Gb  usbh_usr.o [1]
USBH_USR_SerialNum_String
                        0x0803276f      0xe  Code  Gb  usbh_usr.o [1]
USBH_USR_UnrecoveredError
                        0x080326af      0xa  Code  Gb  usbh_usr.o [1]
USBH_USR_UserInput      0x080327a1      0x4  Code  Gb  usbh_usr.o [1]
USB_Host                0x2001e7a8     0x94  Data  Gb  usbh_usr.o [1]
USB_OTG_BSP_DisableInterrupt
                        0x080387c5     0x22  Code  Gb  usb_bsp.o [1]
USB_OTG_BSP_EnableInterrupt
                        0x080387e7     0x54  Code  Gb  usb_bsp.o [1]
USB_OTG_BSP_Init        0x08038715     0xb0  Code  Gb  usb_bsp.o [1]
USB_OTG_BSP_mDelay      0x08038855      0xc  Code  Gb  usb_bsp.o [1]
USB_OTG_BSP_uDelay      0x08038849      0xc  Code  Gb  usb_bsp.o [1]
USB_OTG_Core            0x2001d3cc    0x5ac  Data  Gb  usbh_usr.o [1]
USB_OTG_CoreInit        0x0803a305     0xce  Code  Gb  usb_core.o [1]
USB_OTG_CoreInitHost    0x0803a511     0xd0  Code  Gb  usb_core.o [1]
USB_OTG_CoreReset       0x0803a14f     0x60  Code  Lc  usb_core.o [1]
USB_OTG_DisableGlobalInt
                        0x0803a3f1     0x1e  Code  Gb  usb_core.o [1]
USB_OTG_DriveVbus       0x0803a5f1     0x54  Code  Gb  usb_core.o [1]
USB_OTG_EnableCommonInt
                        0x0803a12d     0x22  Code  Lc  usb_core.o [1]
USB_OTG_EnableGlobalInt
                        0x0803a3d3     0x1e  Code  Gb  usb_core.o [1]
USB_OTG_EnableHostInt   0x0803a645     0x4e  Code  Gb  usb_core.o [1]
USB_OTG_FlushRxFifo     0x0803a457     0x40  Code  Gb  usb_core.o [1]
USB_OTG_FlushTxFifo     0x0803a40f     0x48  Code  Gb  usb_core.o [1]
USB_OTG_GetMode         0x0803a4dd      0xa  Code  Gb  usb_core.o [1]
USB_OTG_HC_DoPing       0x0803ab35     0x48  Code  Gb  usb_core.o [1]
USB_OTG_HC_Halt         0x0803aac1     0x74  Code  Gb  usb_core.o [1]
USB_OTG_HC_Init         0x0803a6f1    0x1d0  Code  Gb  usb_core.o [1]
USB_OTG_HC_StartXfer    0x0803a8c1    0x200  Code  Gb  usb_core.o [1]
USB_OTG_InitFSLSPClkSel
                        0x0803a693     0x12  Code  Gb  usb_core.o [1]
USB_OTG_IsEvenFrame     0x0803a5e1     0x10  Code  Gb  usb_core.o [1]
USB_OTG_IsHostMode      0x0803a4e7     0x18  Code  Gb  usb_core.o [1]
USB_OTG_ReadCoreItr     0x0803a4ff     0x12  Code  Gb  usb_core.o [1]
USB_OTG_ReadHPRT0       0x0803a6a5     0x1c  Code  Gb  usb_core.o [1]
USB_OTG_ReadPacket      0x0803a1f7     0x2c  Code  Gb  usb_core.o [1]
USB_OTG_ResetPort       0x0803a6c1     0x30  Code  Gb  usb_core.o [1]
USB_OTG_SelectCore      0x0803a223     0xe2  Code  Gb  usb_core.o [1]
USB_OTG_SetCurrentMode  0x0803a4a1     0x3c  Code  Gb  usb_core.o [1]
USB_OTG_USBH_handle_Disconnect_ISR
                        0x0803d3fd     0x1e  Code  Lc  usb_hcd_int.o [1]
USB_OTG_USBH_handle_IncompletePeriodicXfer_ISR
                        0x0803df17     0x28  Code  Lc  usb_hcd_int.o [1]
USB_OTG_USBH_handle_hc_ISR
                        0x0803d379     0x66  Code  Lc  usb_hcd_int.o [1]
USB_OTG_USBH_handle_hc_n_In_ISR
                        0x0803da89    0x378  Code  Lc  usb_hcd_int.o [1]
USB_OTG_USBH_handle_hc_n_Out_ISR
                        0x0803d751    0x338  Code  Lc  usb_hcd_int.o [1]
USB_OTG_USBH_handle_nptxfempty_ISR
                        0x0803d41b    0x118  Code  Lc  usb_hcd_int.o [1]
USB_OTG_USBH_handle_port_ISR
                        0x0803d64d     0xfe  Code  Lc  usb_hcd_int.o [1]
USB_OTG_USBH_handle_ptxfempty_ISR
                        0x0803d533    0x11a  Code  Lc  usb_hcd_int.o [1]
USB_OTG_USBH_handle_rx_qlvl_ISR
                        0x0803de01    0x116  Code  Lc  usb_hcd_int.o [1]
USB_OTG_USBH_handle_sof_ISR
                        0x0803d3df     0x1e  Code  Lc  usb_hcd_int.o [1]
USB_OTG_WritePacket     0x0803a1af     0x48  Code  Gb  usb_core.o [1]
USB_OTG_dev             0x2001d978    0x5ac  Data  Gb  usbh_usr.o [1]
USRH_cb                 0x200000d8     0x48  Data  Gb  usbh_usr.o [1]
UartDMAConfig           0x08036f1d    0x166  Code  Gb  bsp_uart_fifo.o [1]
UartIRQ                 0x08037083     0xf8  Code  Lc  bsp_uart_fifo.o [1]
UsageFault_Handler      0x0803fcf9      0x2  Code  Gb  stm32f4xx_it.o [1]
UserTimerCallback       0x0802e715    0x1e6  Code  Gb  apptask.o [1]
W25QXX_BUFFER           0x2001b9cc   0x1000  Data  Gb  bsp_w25qxx.o [1]
W25QXX_Erase_Sector     0x08031915     0x52  Code  Gb  bsp_w25qxx.o [1]
W25QXX_Init             0x08031605     0x54  Code  Gb  bsp_w25qxx.o [1]
W25QXX_Read             0x080316f3     0x62  Code  Gb  bsp_w25qxx.o [1]
W25QXX_ReadID           0x080316a7     0x4c  Code  Gb  bsp_w25qxx.o [1]
W25QXX_ReadSR           0x08031659     0x30  Code  Gb  bsp_w25qxx.o [1]
W25QXX_TYPE             0x200001c8      0x2  Data  Gb  bsp_w25qxx.o [1]
W25QXX_Wait_Busy        0x08031967      0xc  Code  Gb  bsp_w25qxx.o [1]
W25QXX_Write            0x08031809    0x10c  Code  Gb  bsp_w25qxx.o [1]
[...]
dir_read                0x08033e07    0x10c  Code  Lc  ff.o [1]
dir_register            0x08033f13    0x14e  Code  Lc  ff.o [1]
dir_sdi                 0x08033793     0xb2  Code  Lc  ff.o [1]
disk_initialize         0x0803916d     0x40  Code  Gb  diskio.o [1]
disk_ioctl              0x08039391     0xa6  Code  Gb  diskio.o [1]
disk_read               0x080391d9     0xdc  Code  Gb  diskio.o [1]
disk_status             0x080391ad     0x2c  Code  Gb  diskio.o [1]
disk_write              0x080392b5     0xdc  Code  Gb  diskio.o [1]
div                     0x0803a0a9      0xe  Code  Gb  div.o [3]
download_num            0x2001ef32      0x1  Data  Gb  apptask.o [1]
enq_lock                0x08033083     0x28  Code  Lc  ff.o [1]
exit                    0x080402d7      0x4  Code  Gb  exit.o [3]
f_close                 0x08035079     0x38  Code  Gb  ff.o [1]
f_mount                 0x08034aad     0x66  Code  Gb  ff.o [1]
f_open                  0x08034b13    0x20e  Code  Gb  ff.o [1]
f_opendir               0x080350b1     0xb2  Code  Gb  ff.o [1]
f_readdir               0x08035163     0x74  Code  Gb  ff.o [1]
f_sync                  0x08034fc3     0xb6  Code  Gb  ff.o [1]
f_write                 0x08034d31    0x292  Code  Gb  ff.o [1]
ff_convert              0x08039451     0x80  Code  Gb  cc936.o [1]
ff_wtoupper             0x080394d1     0x64  Code  Gb  cc936.o [1]
file_select             0x2001ee08      0xc  Data  Gb  protocol.o [1]
final_per_meter         0x080311f9     0x1a  Code  Gb  product_cal.o [1]
find_volume             0x0803461d    0x45a  Code  Lc  ff.o [1]
fit_lfn                 0x08033b57     0x88  Code  Lc  ff.o [1]
follow_path             0x080344b7     0x90  Code  Lc  ff.o [1]
fputc                   0x08037431     0x22  Code  Gb  bsp_uart_fifo.o [1]
g_tUart3                0x2001ec10     0x28  Data  Gb  bsp_uart_fifo.o [1]
gen_numname             0x08033be5     0xec  Code  Lc  ff.o [1]
get_card_type           0x0803136f     0xe4  Code  Gb  product_cal.o [1]
get_class_time          0x08031277     0x7a  Code  Gb  product_cal.o [1]
get_fat                 0x080333ab    0x11c  Code  Gb  ff.o [1]
get_fattime             0x08039437      0x4  Code  Gb  diskio.o [1]
get_fileinfo            0x08034061    0x13c  Code  Lc  ff.o [1]
get_float_1bit          0x08031255     0x22  Code  Gb  product_cal.o [1]
get_ldnumber            0x08034547     0x50  Code  Lc  ff.o [1]
get_period_state        0x080312f1     0x54  Code  Gb  product_cal.o [1]
get_valid_length        0x08031025     0x26  Code  Gb  bsp_sdwe050c17.o [1]
hex_to_decimal          0x0803104b     0x26  Code  Gb  bsp_sdwe050c17.o [1]
idwgEventGroup          0x2001ee70      0x4  Data  Gb  apptask.o [1]
inc_card_type           0x0803145d    0x11c  Code  Gb  product_cal.o [1]
inc_lock                0x080330ab     0xe8  Code  Lc  ff.o [1]
init_peiliao_para       0x08031131     0x50  Code  Gb  product_cal.o [1]
init_product_para       0x08031071     0xc0  Code  Gb  product_cal.o [1]
input_password_buf      0x2001edfc      0xc  Data  Gb  protocol.o [1]
input_password_len      0x2001ef42      0x1  Data  Gb  protocol.o [1]
isDevicePeriod          0x2001ef39      0x1  Data  Gb  apptask.o [1]
isWork                  0x2001ef33      0x1  Data  Gb  apptask.o [1]
is_same_data            0x08031345     0x2a  Code  Gb  product_cal.o [1]
lcd_busy                0x2001ef3c      0x1  Data  Gb  bsp_sdwe050c17.o [1]
lcd_rev_buf             0x2001ebb0     0x34  Data  Gb  bsp_sdwe050c17.o [1]
lcd_rev_len             0x2001ef28      0x2  Data  Gb  bsp_sdwe050c17.o [1]
ld_clust                0x080339d5     0x28  Code  Lc  ff.o [1]
localeconv              0x0803a077     0x16  Code  Gb  localeconv.o [3]
m_ctrl_dev              0x2001ee28      0x8  Data  Gb  modbus.o [1]
main                    0x0803fcfd     0x34  Code  Gb  main.o [1]
mallco_dev              0x20000160     0x1c  Data  Gb  malloc.o [1]
mb_init                 0x080355dd     0x30  Code  Gb  modbus.o [1]
mb_packsend_frame       0x080354eb     0xf2  Code  Gb  modbus.o [1]
mb_unpack_frame         0x080353a9    0x142  Code  Gb  modbus.o [1]
mc_check_crc16          0x080395b1     0x40  Code  Gb  mcheck.o [1]
mc_check_crc8           0x0803958d     0x24  Code  Gb  mcheck.o [1]
mc_check_sum            0x08039545     0x2e  Code  Gb  mcheck.o [1]
mc_check_xor            0x08039573     0x1a  Code  Gb  mcheck.o [1]
mem1base                0x200119cc   0xa000  Data  Gb  malloc.o [1]
mem1mapbase             0x2001c9cc    0xa00  Data  Gb  malloc.o [1]
mem2base                0x68000000  0xf0000  Data  Gb  malloc.o [1]
mem2mapbase             0x680f0000   0xf000  Data  Gb  malloc.o [1]
mem_cmp                 0x08032fb7     0x24  Code  Lc  ff.o [1]
mem_cpy                 0x08032f85     0x1c  Code  Lc  ff.o [1]
mem_set                 0x08032fa1     0x16  Code  Lc  ff.o [1]
memblksize              0x08040818      0x8  Data  Gb  malloc.o [1]
memchr                  0x08039d41           Code  Gb  memchr.o [5]
memsize                 0x08040820      0x8  Data  Gb  malloc.o [1]
memtblsize              0x08040810      0x8  Data  Gb  malloc.o [1]
modbus_send_frame       0x0803560d     0xe6  Code  Gb  modbus.o [1]
move_window             0x08033279     0x40  Code  Lc  ff.o [1]
my_mem_free             0x08031c07     0x6c  Code  Gb  malloc.o [1]
my_mem_init             0x08031acb     0x42  Code  Gb  malloc.o [1]
my_mem_malloc           0x08031b4b     0xbc  Code  Gb  malloc.o [1]
my_mem_perused          0x08031b0d     0x3e  Code  Gb  malloc.o [1]
myfree                  0x08031c73     0x24  Code  Gb  malloc.o [1]
mymalloc                0x08031c97     0x2a  Code  Gb  malloc.o [1]
mymemset                0x08031ab5     0x16  Code  Gb  malloc.o [1]
obuf                    0x2001eb60     0x50  Data  Lc  xfiles.o [3]
oem2uni                 0x0801560c  0x15484  Data  Lc  cc936.o [1]
old_card_record         0x2001ef37      0x1  Data  Gb  apptask.o [1]
old_isWork              0x2001ef34      0x1  Data  Gb  apptask.o [1]
old_plan_complete       0x2001ef40      0x1  Data  Gb  product_cal.o [1]
para_init               0x0803efcd     0x80  Code  Gb  para.o [1]
pcInterruptPriorityRegisters
                        0x08040854      0x4  Data  Lc  port.o [1]
peiliao_para            0x2001ebe4     0x2c  Data  Gb  product_cal.o [1]
pick_lfn                0x08033acb     0x8c  Code  Lc  ff.o [1]
plan_complete           0x2001ef3f      0x1  Data  Gb  product_cal.o [1]
pluse_count             0x2001ef22      0x2  Data  Gb  apptask.o [1]
printf                  0x08031a4d     0x24  Code  Gb  printf.o [3]
product_complete_kilo   0x08031225     0x30  Code  Gb  product_cal.o [1]
product_complete_meter  0x08031213     0x12  Code  Gb  product_cal.o [1]
product_para            0x2001ec38     0x28  Data  Gb  product_cal.o [1]
product_per_meter       0x08031181     0x78  Code  Gb  product_cal.o [1]
prvAddCurrentTaskToDelayedList
                        0x0802f4d9     0x48  Code  Lc  tasks.o [1]
prvAllocateTCBAndStack  0x0802f521     0x5a  Code  Lc  tasks.o [1]
prvCheckForValidListAndQueue
                        0x080362cf     0x52  Code  Lc  timers.o [1]
prvCheckTasksWaitingTermination
                        0x0802f46f     0x66  Code  Lc  tasks.o [1]
prvCopyDataFromQueue    0x0802fd09     0x30  Code  Lc  queue.o [1]
prvCopyDataToQueue      0x0802fc85     0x84  Code  Lc  queue.o [1]
prvDeleteTCB            0x0802f57b     0x12  Code  Lc  tasks.o [1]
prvGetNextExpireTime    0x080360bb     0x2e  Code  Lc  timers.o [1]
prvHeapInit             0x080367bd     0x6e  Code  Lc  heap_4.o [1]
prvIdleTask             0x0802f389     0x26  Code  Lc  tasks.o [1]
prvInitialiseTCBVariables
                        0x0802f3af     0x6a  Code  Lc  tasks.o [1]
prvInitialiseTaskLists  0x0802f419     0x56  Code  Lc  tasks.o [1]
prvInsertBlockIntoFreeList
                        0x0803682b     0x62  Code  Lc  heap_4.o [1]
prvInsertTimerInActiveList
                        0x08036111     0x50  Code  Lc  timers.o [1]
prvIsQueueEmpty         0x0802fda3     0x20  Code  Lc  queue.o [1]
prvIsQueueFull          0x0802fdc3     0x22  Code  Lc  queue.o [1]
prvProcessExpiredTimer  0x08035fd3     0x5c  Code  Lc  timers.o [1]
prvProcessReceivedCommands
                        0x08036161     0xde  Code  Lc  timers.o [1]
prvProcessTimerOrBlockTask
                        0x0803604b     0x70  Code  Lc  timers.o [1]
prvResetNextTaskUnblockTime
                        0x0802f58d     0x26  Code  Lc  tasks.o [1]
prvSampleTimeNow        0x080360e9     0x28  Code  Lc  timers.o [1]
prvSwitchTimerLists     0x0803623f     0x90  Code  Lc  timers.o [1]
prvTaskExitError        0x0803636d     0x2a  Code  Lc  port.o [1]
prvTestWaitCondition    0x08035e77     0x24  Code  Lc  event_groups.o [1]
prvTimerTask            0x08036031     0x1a  Code  Lc  timers.o [1]
prvUnlockQueue          0x0802fd39     0x6a  Code  Lc  queue.o [1]
put_fat                 0x080334c7    0x16c  Code  Gb  ff.o [1]
putchar                 0x08040481      0xc  Code  Gb  putchar.o [3]
pvPortMalloc            0x0803662d    0x118  Code  Gb  heap_4.o [1]
pwm_flag                0x2001ef3a      0x1  Data  Gb  apptask.o [1]
pxCurrentTCB            0x2001eec0      0x4  Data  Gb  tasks.o [1]
pxCurrentTimerList      0x2001ef00      0x4  Data  Lc  timers.o [1]
pxDelayedTaskList       0x2001eec4      0x4  Data  Lc  tasks.o [1]
pxEnd                   0x2001eea0      0x4  Data  Lc  heap_4.o [1]
pxOverflowDelayedTaskList
                        0x2001eec8      0x4  Data  Lc  tasks.o [1]
pxOverflowTimerList     0x2001ef04      0x4  Data  Lc  timers.o [1]
pxPortInitialiseStack   0x08036349     0x24  Code  Gb  port.o [1]
pxReadyTasksLists       0x2001e63c     0xc8  Data  Lc  tasks.o [1]
rc522_cmd_anticoll      0x0803534d     0x5a  Code  Gb  rc522.o [1]
rc522_cmd_request       0x080352f9     0x54  Code  Gb  rc522.o [1]
readSlave               0x2001ede4      0xc  Data  Gb  apptask.o [1]
read_device_info        0x0803edc1    0x20c  Code  Gb  para.o [1]
read_file_select        0x2001ee14      0xc  Data  Gb  protocol.o [1]
remove_chain            0x08033633     0x76  Code  Lc  ff.o [1]
rfid_rev_buf            0x2001ece8     0x14  Data  Gb  rc522.o [1]
rfid_rev_cnt            0x2001ef44      0x1  Data  Gb  rc522.o [1]
rfid_rev_flag           0x2001ef43      0x1  Data  Gb  rc522.o [1]
rtc_time                0x2001ee30      0x8  Data  Gb  protocol.o [1]
s_TIM_CallBack1         0x2001ee90      0x4  Data  Lc  bsp_timer.o [1]
s_TIM_CallBack2         0x2001ee94      0x4  Data  Lc  bsp_timer.o [1]
s_TIM_CallBack3         0x2001ee98      0x4  Data  Lc  bsp_timer.o [1]
s_TIM_CallBack4         0x2001ee9c      0x4  Data  Lc  bsp_timer.o [1]
sample_time             0x2001ef20      0x2  Data  Gb  apptask.o [1]
sdew_weimi_page1        0x08030a95    0x236  Code  Gb  bsp_sdwe050c17.o [1]
sdew_weimi_page2        0x08030ccb    0x236  Code  Gb  bsp_sdwe050c17.o [1]
sdew_weisha_page1       0x08030f01     0x92  Code  Gb  bsp_sdwe050c17.o [1]
sdew_weisha_page2       0x08030f93     0x92  Code  Gb  bsp_sdwe050c17.o [1]
slave_info              0x2001edd8      0xc  Data  Gb  apptask.o [1]
sprintf                 0x080351e9     0x34  Code  Gb  sprintf.o [3]
st_clust                0x080339fd     0x18  Code  Lc  ff.o [1]
strcat                  0x0803521d     0x1c  Code  Gb  strcat.o [3]
strchr                  0x08039d29           Code  Gb  strchr.o [5]
strlen                  0x08032541           Code  Gb  strlen.o [5]
strstr                  0x080357a9     0x10  Code  Gb  apptask.o [1]
sum_sfn                 0x08033cd1     0x20  Code  Lc  ff.o [1]
sync_fs                 0x080332b9     0xd8  Code  Lc  ff.o [1]
sync_window             0x0803321f     0x5a  Code  Lc  ff.o [1]
system_state_dis        0x0803f2b4    0x190  Data  Gb  product_cal.o [1]
total_meter_gross       0x2001eeb4      0x4  Data  Gb  product_cal.o [1]
total_weight_gross      0x2001eeb8      0x4  Data  Gb  product_cal.o [1]
ucHeap                  0x200001cc  0x11800  Data  Lc  heap_4.o [1]
ucMaxSysCallPriority    0x2001ef3e      0x1  Data  Lc  port.o [1]
ulHighFrequencyTimerTicks
                        0x2001eebc      0x4  Data  Gb  SysInfoTest.o [1]
ulMaxPRIGROUPValue      0x2001eeb0      0x4  Data  Lc  port.o [1]
ulTaskSwitchedInTime    0x2001eef8      0x4  Data  Lc  tasks.o [1]
ulTotalRunTime          0x2001eefc      0x4  Data  Lc  tasks.o [1]
uni2oem                 0x08000188  0x15484  Data  Lc  cc936.o [1]
usb_disk_flag           0x2001ef35      0x1  Data  Gb  apptask.o [1]
usbh_OpenMassStorage    0x0803266d     0x14  Code  Gb  usbh_usr.o [1]
uxCriticalNesting       0x200001bc      0x4  Data  Lc  port.o [1]
uxCurrentNumberOfTasks  0x2001eed0      0x4  Data  Lc  tasks.o [1]
uxListRemove            0x08036605     0x28  Code  Gb  list.o [1]
uxPendedTicks           0x2001eee0      0x4  Data  Lc  tasks.o [1]
uxSchedulerSuspended    0x2001eef4      0x4  Data  Lc  tasks.o [1]
uxTaskNumber            0x2001eeec      0x4  Data  Lc  tasks.o [1]
uxTaskResetEventItemValue
                        0x0802f5ed     0x20  Code  Gb  tasks.o [1]
uxTasksDeleted          0x2001eecc      0x4  Data  Lc  tasks.o [1]
uxTopReadyPriority      0x2001eed8      0x4  Data  Lc  tasks.o [1]
vListInitialise         0x08036595     0x1e  Code  Gb  list.o [1]
vListInsert             0x080365cb     0x3a  Code  Gb  list.o [1]
vListInsertEnd          0x080365b3     0x18  Code  Gb  list.o [1]
vPortEnableVFP          0x08039a69           Code  Gb  portasm.o [1]
vPortEnterCritical      0x08036463     0x3a  Code  Gb  port.o [1]
vPortExitCritical       0x0803649d     0x32  Code  Gb  port.o [1]
vPortFree               0x08036745     0x78  Code  Gb  heap_4.o [1]
vPortSetupTimerInterrupt
                        0x080364fb      0xe  Code  Wk  port.o [1]
vPortStartFirstTask     0x08039a51           Code  Gb  portasm.o [1]
vPortValidateInterruptPriority
                        0x08036509     0x4e  Code  Gb  port.o [1]
vQueueWaitForMessageRestricted
                        0x0802fde5     0x44  Code  Gb  queue.o [1]
vSetupSysInfoTest       0x0803fc51     0x12  Code  Gb  SysInfoTest.o [1]
vTaskDelay              0x0802ebe5     0x84  Code  Gb  tasks.o [1]
vTaskManageCapacity     0x0802de35    0x5ae  Code  Gb  apptask.o [1]
vTaskMassStorage        0x0802d0a5    0x23c  Code  Lc  apptask.o [1]
vTaskMissedYield        0x0802f37f      0xa  Code  Gb  tasks.o [1]
vTaskMotorControl       0x0802e3e3     0x30  Code  Lc  apptask.o [1]
vTaskMsgPro             0x0802d705    0x426  Code  Lc  apptask.o [1]
vTaskPlaceOnEventList   0x0802efe5     0x74  Code  Gb  tasks.o [1]
vTaskPlaceOnEventListRestricted
                        0x0802f11d     0x80  Code  Gb  tasks.o [1]
vTaskPlaceOnUnorderedEventList
                        0x0802f075     0xa8  Code  Gb  tasks.o [1]
vTaskReadDisk           0x0802dc01    0x1b4  Code  Lc  apptask.o [1]
vTaskRev485             0x0802db35     0xae  Code  Lc  apptask.o [1]
vTaskSetTimeOutState    0x0802f2c9     0x26  Code  Gb  tasks.o [1]
vTaskStartScheduler     0x0802ec69     0x7e  Code  Gb  tasks.o [1]
vTaskSuspendAll         0x0802ece7     0x10  Code  Gb  tasks.o [1]
vTaskSwitchContext      0x0802ef35     0xb0  Code  Gb  tasks.o [1]
vTaskTaskLCD            0x0802aa91   0x2604  Code  Gb  apptask.o [1]
vTaskTaskLED            0x0802d319     0x20  Code  Lc  apptask.o [1]
vTaskTaskRFID           0x0802d339    0x3a6  Code  Lc  apptask.o [1]
validate                0x08034a77     0x36  Code  Lc  ff.o [1]
weimi_para              0x2001e524    0x118  Data  Gb  page_weimi.o [1]
work_idle               0x2001ef41      0x1  Data  Gb  product_cal.o [1]
work_idle_time          0x2001ef2c      0x2  Data  Gb  product_cal.o [1]
xActiveTimerList1       0x2001ed60     0x14  Data  Lc  timers.o [1]
xActiveTimerList2       0x2001ed74     0x14  Data  Lc  timers.o [1]
xBlockAllocatedBit      0x2001eeac      0x4  Data  Lc  heap_4.o [1]
xDelayedTaskList1       0x2001ecfc     0x14  Data  Lc  tasks.o [1]
xDelayedTaskList2       0x2001ed10     0x14  Data  Lc  tasks.o [1]
xEventGroupCreate       0x08035c39     0x1c  Code  Gb  event_groups.o [1]
xEventGroupSetBits      0x08035da1     0xd6  Code  Gb  event_groups.o [1]
xEventGroupWaitBits     0x08035c55    0x146  Code  Gb  event_groups.o [1]
xFreeBytesRemaining     0x2001eea4      0x4  Data  Lc  heap_4.o [1]
xHandleTaskLCD          0x2001ee38      0x4  Data  Gb  apptask.o [1]
xHandleTaskLED          0x2001ee3c      0x4  Data  Gb  apptask.o [1]
xHandleTaskManageCapacity
                        0x2001ee54      0x4  Data  Gb  apptask.o [1]
xHandleTaskMassStorage  0x2001ee44      0x4  Data  Gb  apptask.o [1]
xHandleTaskMotorControl
                        0x2001ee58      0x4  Data  Gb  apptask.o [1]
xHandleTaskMsgPro       0x2001ee4c      0x4  Data  Gb  apptask.o [1]
xHandleTaskRFID         0x2001ee40      0x4  Data  Gb  apptask.o [1]
xHandleTaskReadDisk     0x2001ee48      0x4  Data  Gb  apptask.o [1]
xHandleTaskRev485       0x2001ee50      0x4  Data  Gb  apptask.o [1]
xHeapStructSize         0x08040850      0x4  Data  Lc  heap_4.o [1]
xMinimumEverFreeBytesRemaining
                        0x2001eea8      0x4  Data  Lc  heap_4.o [1]
xNextTaskUnblockTime    0x2001eef0      0x4  Data  Lc  tasks.o [1]
xNumOfOverflows         0x2001eee8      0x4  Data  Lc  tasks.o [1]
xPendingReadyList       0x2001ed24     0x14  Data  Lc  tasks.o [1]
xPortStartScheduler     0x08036397     0xcc  Code  Gb  port.o [1]
xQueueGenericCreate     0x0802f6f1     0x7e  Code  Gb  queue.o [1]
xQueueGenericReceive    0x0802fae5    0x19c  Code  Gb  queue.o [1]
xQueueGenericReset      0x0802f661     0x90  Code  Gb  queue.o [1]
xQueueGenericSend       0x0802f76f    0x1b2  Code  Gb  queue.o [1]
xQueueGenericSendFromISR
                        0x0802f921     0xec  Code  Gb  queue.o [1]
xQueueGiveFromISR       0x0802fa0d     0xd8  Code  Gb  queue.o [1]
xQueue_message          0x2001ee78      0x4  Data  Gb  apptask.o [1]
xSchedulerRunning       0x2001eedc      0x4  Data  Lc  tasks.o [1]
xSemaphore_download     0x2001ee68      0x4  Data  Gb  apptask.o [1]
xSemaphore_lcd          0x2001ee5c      0x4  Data  Gb  apptask.o [1]
xSemaphore_pluse        0x2001ee64      0x4  Data  Gb  apptask.o [1]
xSemaphore_readDisk     0x2001ee6c      0x4  Data  Gb  apptask.o [1]
xSemaphore_rs485        0x2001ee60      0x4  Data  Gb  apptask.o [1]
xStart                  0x2001ee20      0x8  Data  Lc  heap_4.o [1]
xSuspendedTaskList      0x2001ed4c     0x14  Data  Lc  tasks.o [1]
xTaskCheckForTimeOut    0x0802f2f5     0x8a  Code  Gb  tasks.o [1]
xTaskGenericCreate      0x0802ea61    0x184  Code  Gb  tasks.o [1]
xTaskGetSchedulerState  0x0802f5b3     0x26  Code  Gb  tasks.o [1]
xTaskGetTickCount       0x0802edf7      0xa  Code  Gb  tasks.o [1]
xTaskIncrementTick      0x0802ee01    0x134  Code  Gb  tasks.o [1]
xTaskRemoveFromEventList
                        0x0802f1a1     0x8e  Code  Gb  tasks.o [1]
xTaskRemoveFromUnorderedEventList
                        0x0802f235     0x94  Code  Gb  tasks.o [1]
xTaskResumeAll          0x0802ecf7    0x100  Code  Gb  tasks.o [1]
xTasksWaitingTermination
                        0x2001ed38     0x14  Data  Lc  tasks.o [1]
xTickCount              0x2001eed4      0x4  Data  Lc  tasks.o [1]
xTimerCreate            0x08035eed     0x62  Code  Gb  timers.o [1]
xTimerCreateTimerTask   0x08035e9d     0x50  Code  Gb  timers.o [1]
xTimerGenericCommand    0x08035f4f     0x84  Code  Gb  timers.o [1]
xTimerQueue             0x2001ef08      0x4  Data  Lc  timers.o [1]
xTimerUser              0x2001ee74      0x4  Data  Gb  apptask.o [1]
xYieldPending           0x2001eee4      0x4  Data  Lc  tasks.o [1]


[1] = E:\WORK\YarnControl_Driver\YarnControl_Driver\src\stm32f4_rtos\Project\EWARMv7\Flash\Obj
[2] = command line
[3] = dl7M_tlf.a
[4] = m7M_tls.a
[5] = rt7M_tl.a
[6] = shb_l.a

   83 856 bytes of readonly  code memory
  180 989 bytes of readonly  data memory
  128 842 bytes of readwrite data memory (+ 1 044 480 absolute)

Errors: none
Warnings: none
