###############################################################################
#
# IAR ELF Linker V7.40.7.9843/W32 for ARM                 17/Jan/2019  00:14:21
# Copyright 2007-2015 IAR Systems AB.
#
#    Output file  =  
#        E:\WORK\YarnControl_Driver\YarnControl_Driver\src\stm32f4_rtos\Project\EWARMv7\Flash\Exe\project.out
#    Map file     =  
#        E:\WORK\YarnControl_Driver\YarnControl_Driver\src\stm32f4_rtos\Project\EWARMv7\Flash\List\project.map
#    Command line =  
#        E:\WORK\YarnControl_Driver\YarnControl_Driver\src\stm32f4_rtos\Project\EWARMv7\Flash\Obj\apptask.o
#        E:\WORK\YarnControl_Driver\YarnControl_Driver\src\stm32f4_rtos\Project\EWARMv7\Flash\Obj\bsp.o
#        E:\WORK\YarnControl_Driver\YarnControl_Driver\src\stm32f4_rtos\Project\EWARMv7\Flash\Obj\bsp_closeSW.o
#        E:\WORK\YarnControl_Driver\YarnControl_Driver\src\stm32f4_rtos\Project\EWARMv7\Flash\Obj\bsp_dwt.o
#        E:\WORK\YarnControl_Driver\YarnControl_Driver\src\stm32f4_rtos\Project\EWARMv7\Flash\Obj\bsp_led.o
#        E:\WORK\YarnControl_Driver\YarnControl_Driver\src\stm32f4_rtos\Project\EWARMv7\Flash\Obj\bsp_relay.o
#        E:\WORK\YarnControl_Driver\YarnControl_Driver\src\stm32f4_rtos\Project\EWARMv7\Flash\Obj\bsp_sdio_sd.o
#        E:\WORK\YarnControl_Driver\YarnControl_Driver\src\stm32f4_rtos\Project\EWARMv7\Flash\Obj\bsp_sdwe050c17.o
#        E:\WORK\YarnControl_Driver\YarnControl_Driver\src\stm32f4_rtos\Project\EWARMv7\Flash\Obj\bsp_servomotor.o
#        E:\WORK\YarnControl_Driver\YarnControl_Driver\src\stm32f4_rtos\Project\EWARMv7\Flash\Obj\bsp_spi.o
#        E:\WORK\YarnControl_Driver\YarnControl_Driver\src\stm32f4_rtos\Project\EWARMv7\Flash\Obj\bsp_stepmotor.o
#        E:\WORK\YarnControl_Driver\YarnControl_Driver\src\stm32f4_rtos\Project\EWARMv7\Flash\Obj\bsp_sw_onoff.o
#        E:\WORK\YarnControl_Driver\YarnControl_Driver\src\stm32f4_rtos\Project\EWARMv7\Flash\Obj\bsp_tim_pwm.o
#        E:\WORK\YarnControl_Driver\YarnControl_Driver\src\stm32f4_rtos\Project\EWARMv7\Flash\Obj\bsp_timer.o
#        E:\WORK\YarnControl_Driver\YarnControl_Driver\src\stm32f4_rtos\Project\EWARMv7\Flash\Obj\bsp_uart_fifo.o
#        E:\WORK\YarnControl_Driver\YarnControl_Driver\src\stm32f4_rtos\Project\EWARMv7\Flash\Obj\bsp_w25qxx.o
#        E:\WORK\YarnControl_Driver\YarnControl_Driver\src\stm32f4_rtos\Project\EWARMv7\Flash\Obj\bsp_watchdog.o
#        E:\WORK\YarnControl_Driver\YarnControl_Driver\src\stm32f4_rtos\Project\EWARMv7\Flash\Obj\cc936.o
#        E:\WORK\YarnControl_Driver\YarnControl_Driver\src\stm32f4_rtos\Project\EWARMv7\Flash\Obj\croutine.o
#        E:\WORK\YarnControl_Driver\YarnControl_Driver\src\stm32f4_rtos\Project\EWARMv7\Flash\Obj\demo_fatfs.o
#        E:\WORK\YarnControl_Driver\YarnControl_Driver\src\stm32f4_rtos\Project\EWARMv7\Flash\Obj\diskio.o
#        E:\WORK\YarnControl_Driver\YarnControl_Driver\src\stm32f4_rtos\Project\EWARMv7\Flash\Obj\event_groups.o
#        E:\WORK\YarnControl_Driver\YarnControl_Driver\src\stm32f4_rtos\Project\EWARMv7\Flash\Obj\ff.o
#        E:\WORK\YarnControl_Driver\YarnControl_Driver\src\stm32f4_rtos\Project\EWARMv7\Flash\Obj\heap_4.o
#        E:\WORK\YarnControl_Driver\YarnControl_Driver\src\stm32f4_rtos\Project\EWARMv7\Flash\Obj\list.o
#        E:\WORK\YarnControl_Driver\YarnControl_Driver\src\stm32f4_rtos\Project\EWARMv7\Flash\Obj\main.o
#        E:\WORK\YarnControl_Driver\YarnControl_Driver\src\stm32f4_rtos\Project\EWARMv7\Flash\Obj\malloc.o
#        E:\WORK\YarnControl_Driver\YarnControl_Driver\src\stm32f4_rtos\Project\EWARMv7\Flash\Obj\mcheck.o
#        E:\WORK\YarnControl_Driver\YarnControl_Driver\src\stm32f4_rtos\Project\EWARMv7\Flash\Obj\misc.o
#        E:\WORK\YarnControl_Driver\YarnControl_Driver\src\stm32f4_rtos\Project\EWARMv7\Flash\Obj\modbus.o
#        E:\WORK\YarnControl_Driver\YarnControl_Driver\src\stm32f4_rtos\Project\EWARMv7\Flash\Obj\page_weimi.o
#        E:\WORK\YarnControl_Driver\YarnControl_Driver\src\stm32f4_rtos\Project\EWARMv7\Flash\Obj\para.o
#        E:\WORK\YarnControl_Driver\YarnControl_Driver\src\stm32f4_rtos\Project\EWARMv7\Flash\Obj\port.o
#        E:\WORK\YarnControl_Driver\YarnControl_Driver\src\stm32f4_rtos\Project\EWARMv7\Flash\Obj\portasm.o
#        E:\WORK\YarnControl_Driver\YarnControl_Driver\src\stm32f4_rtos\Project\EWARMv7\Flash\Obj\product_cal.o
#        E:\WORK\YarnControl_Driver\YarnControl_Driver\src\stm32f4_rtos\Project\EWARMv7\Flash\Obj\protocol.o
#        E:\WORK\YarnControl_Driver\YarnControl_Driver\src\stm32f4_rtos\Project\EWARMv7\Flash\Obj\queue.o
#        E:\WORK\YarnControl_Driver\YarnControl_Driver\src\stm32f4_rtos\Project\EWARMv7\Flash\Obj\rc522.o
#        E:\WORK\YarnControl_Driver\YarnControl_Driver\src\stm32f4_rtos\Project\EWARMv7\Flash\Obj\startup_stm32f40_41xxx.o
#        E:\WORK\YarnControl_Driver\YarnControl_Driver\src\stm32f4_rtos\Project\EWARMv7\Flash\Obj\stm32f4xx_adc.o
#        E:\WORK\YarnControl_Driver\YarnControl_Driver\src\stm32f4_rtos\Project\EWARMv7\Flash\Obj\stm32f4xx_assert.o
#        E:\WORK\YarnControl_Driver\YarnControl_Driver\src\stm32f4_rtos\Project\EWARMv7\Flash\Obj\stm32f4xx_can.o
#        E:\WORK\YarnControl_Driver\YarnControl_Driver\src\stm32f4_rtos\Project\EWARMv7\Flash\Obj\stm32f4xx_crc.o
#        E:\WORK\YarnControl_Driver\YarnControl_Driver\src\stm32f4_rtos\Project\EWARMv7\Flash\Obj\stm32f4xx_cryp.o
#        E:\WORK\YarnControl_Driver\YarnControl_Driver\src\stm32f4_rtos\Project\EWARMv7\Flash\Obj\stm32f4xx_cryp_aes.o
#        E:\WORK\YarnControl_Driver\YarnControl_Driver\src\stm32f4_rtos\Project\EWARMv7\Flash\Obj\stm32f4xx_cryp_des.o
#        E:\WORK\YarnControl_Driver\YarnControl_Driver\src\stm32f4_rtos\Project\EWARMv7\Flash\Obj\stm32f4xx_cryp_tdes.o
#        E:\WORK\YarnControl_Driver\YarnControl_Driver\src\stm32f4_rtos\Project\EWARMv7\Flash\Obj\stm32f4xx_dac.o
#        E:\WORK\YarnControl_Driver\YarnControl_Driver\src\stm32f4_rtos\Project\EWARMv7\Flash\Obj\stm32f4xx_dbgmcu.o
#        E:\WORK\YarnControl_Driver\YarnControl_Driver\src\stm32f4_rtos\Project\EWARMv7\Flash\Obj\stm32f4xx_dcmi.o
#        E:\WORK\YarnControl_Driver\YarnControl_Driver\src\stm32f4_rtos\Project\EWARMv7\Flash\Obj\stm32f4xx_dma.o
#        E:\WORK\YarnControl_Driver\YarnControl_Driver\src\stm32f4_rtos\Project\EWARMv7\Flash\Obj\stm32f4xx_dma2d.o
#        E:\WORK\YarnControl_Driver\YarnControl_Driver\src\stm32f4_rtos\Project\EWARMv7\Flash\Obj\stm32f4xx_exti.o
#        E:\WORK\YarnControl_Driver\YarnControl_Driver\src\stm32f4_rtos\Project\EWARMv7\Flash\Obj\stm32f4xx_flash.o
#        E:\WORK\YarnControl_Driver\YarnControl_Driver\src\stm32f4_rtos\Project\EWARMv7\Flash\Obj\stm32f4xx_fsmc.o
#        E:\WORK\YarnControl_Driver\YarnControl_Driver\src\stm32f4_rtos\Project\EWARMv7\Flash\Obj\stm32f4xx_gpio.o
#        E:\WORK\YarnControl_Driver\YarnControl_Driver\src\stm32f4_rtos\Project\EWARMv7\Flash\Obj\stm32f4xx_hash.o
#        E:\WORK\YarnControl_Driver\YarnControl_Driver\src\stm32f4_rtos\Project\EWARMv7\Flash\Obj\stm32f4xx_hash_md5.o
#        E:\WORK\YarnControl_Driver\YarnControl_Driver\src\stm32f4_rtos\Project\EWARMv7\Flash\Obj\stm32f4xx_hash_sha1.o
#        E:\WORK\YarnControl_Driver\YarnControl_Driver\src\stm32f4_rtos\Project\EWARMv7\Flash\Obj\stm32f4xx_i2c.o
#        E:\WORK\YarnControl_Driver\YarnControl_Driver\src\stm32f4_rtos\Project\EWARMv7\Flash\Obj\stm32f4xx_it.o
#        E:\WORK\YarnControl_Driver\YarnControl_Driver\src\stm32f4_rtos\Project\EWARMv7\Flash\Obj\stm32f4xx_iwdg.o
#        E:\WORK\YarnControl_Driver\YarnControl_Driver\src\stm32f4_rtos\Project\EWARMv7\Flash\Obj\stm32f4xx_ltdc.o
#        E:\WORK\YarnControl_Driver\YarnControl_Driver\src\stm32f4_rtos\Project\EWARMv7\Flash\Obj\stm32f4xx_pwr.o
#        E:\WORK\YarnControl_Driver\YarnControl_Driver\src\stm32f4_rtos\Project\EWARMv7\Flash\Obj\stm32f4xx_rcc.o
#        E:\WORK\YarnControl_Driver\YarnControl_Driver\src\stm32f4_rtos\Project\EWARMv7\Flash\Obj\stm32f4xx_rng.o
#        E:\WORK\YarnControl_Driver\YarnControl_Driver\src\stm32f4_rtos\Project\EWARMv7\Flash\Obj\stm32f4xx_rtc.o
#        E:\WORK\YarnControl_Driver\YarnControl_Driver\src\stm32f4_rtos\Project\EWARMv7\Flash\Obj\stm32f4xx_sai.o
#        E:\WORK\YarnControl_Driver\YarnControl_Driver\src\stm32f4_rtos\Project\EWARMv7\Flash\Obj\stm32f4xx_sdio.o
#        E:\WORK\YarnControl_Driver\YarnControl_Driver\src\stm32f4_rtos\Project\EWARMv7\Flash\Obj\stm32f4xx_spi.o
#        E:\WORK\YarnControl_Driver\YarnControl_Driver\src\stm32f4_rtos\Project\EWARMv7\Flash\Obj\stm32f4xx_syscfg.o
#        E:\WORK\YarnControl_Driver\YarnControl_Driver\src\stm32f4_rtos\Project\EWARMv7\Flash\Obj\stm32f4xx_tim.o
#        E:\WORK\YarnControl_Driver\YarnControl_Driver\src\stm32f4_rtos\Project\EWARMv7\Flash\Obj\stm32f4xx_usart.o
#        E:\WORK\YarnControl_Driver\YarnControl_Driver\src\stm32f4_rtos\Project\EWARMv7\Flash\Obj\stm32f4xx_wwdg.o
#        E:\WORK\YarnControl_Driver\YarnControl_Driver\src\stm32f4_rtos\Project\EWARMv7\Flash\Obj\SysInfoTest.o
#        E:\WORK\YarnControl_Driver\YarnControl_Driver\src\stm32f4_rtos\Project\EWARMv7\Flash\Obj\system_stm32f4xx.o
#        E:\WORK\YarnControl_Driver\YarnControl_Driver\src\stm32f4_rtos\Project\EWARMv7\Flash\Obj\tasks.o
#        E:\WORK\YarnControl_Driver\YarnControl_Driver\src\stm32f4_rtos\Project\EWARMv7\Flash\Obj\timers.o
#        E:\WORK\YarnControl_Driver\YarnControl_Driver\src\stm32f4_rtos\Project\EWARMv7\Flash\Obj\usb_bsp.o
#        E:\WORK\YarnControl_Driver\YarnControl_Driver\src\stm32f4_rtos\Project\EWARMv7\Flash\Obj\usb_core.o
#        E:\WORK\YarnControl_Driver\YarnControl_Driver\src\stm32f4_rtos\Project\EWARMv7\Flash\Obj\usb_hcd.o
#        E:\WORK\YarnControl_Driver\YarnControl_Driver\src\stm32f4_rtos\Project\EWARMv7\Flash\Obj\usb_hcd_int.o
#        E:\WORK\YarnControl_Driver\YarnControl_Driver\src\stm32f4_rtos\Project\EWARMv7\Flash\Obj\usbh_core.o
#        E:\WORK\YarnControl_Driver\YarnControl_Driver\src\stm32f4_rtos\Project\EWARMv7\Flash\Obj\usbh_hcs.o
#        E:\WORK\YarnControl_Driver\YarnControl_Driver\src\stm32f4_rtos\Project\EWARMv7\Flash\Obj\usbh_ioreq.o
#        E:\WORK\YarnControl_Driver\YarnControl_Driver\src\stm32f4_rtos\Project\EWARMv7\Flash\Obj\usbh_it.o
#        E:\WORK\YarnControl_Driver\YarnControl_Driver\src\stm32f4_rtos\Project\EWARMv7\Flash\Obj\usbh_msc_bot.o
#        E:\WORK\YarnControl_Driver\YarnControl_Driver\src\stm32f4_rtos\Project\EWARMv7\Flash\Obj\usbh_msc_core.o
#        E:\WORK\YarnControl_Driver\YarnControl_Driver\src\stm32f4_rtos\Project\EWARMv7\Flash\Obj\usbh_msc_scsi.o
#        E:\WORK\YarnControl_Driver\YarnControl_Driver\src\stm32f4_rtos\Project\EWARMv7\Flash\Obj\usbh_stdreq.o
#        E:\WORK\YarnControl_Driver\YarnControl_Driver\src\stm32f4_rtos\Project\EWARMv7\Flash\Obj\usbh_usr.o
#        -o
#        E:\WORK\YarnControl_Driver\YarnControl_Driver\src\stm32f4_rtos\Project\EWARMv7\Flash\Exe\project.out
#        --map
#        E:\WORK\YarnControl_Driver\YarnControl_Driver\src\stm32f4_rtos\Project\EWARMv7\Flash\List\project.map
#        --config
#        E:\WORK\YarnControl_Driver\YarnControl_Driver\src\stm32f4_rtos\Project\EWARMv7\stm32f4xx_flash.icf
#        --semihosting --entry __iar_program_start --inline --vfe
#
###############################################################################

*******************************************************************************
*** RUNTIME MODEL ATTRIBUTES
***

CppFlavor       = *
__SystemLibrary = DLib


*******************************************************************************
*** PLACEMENT SUMMARY
***

"A1":  place at 0x08000000 { ro section .intvec };
"P1":  place in [from 0x08000000 to 0x080fffff] { ro };
"P2":  place in [from 0x20000000 to 0x2001ffff] { rw, block CSTACK, block HEAP };

  Section             Kind        Address     Size  Object
  -------             ----        -------     ----  ------
"A1":                                        0x188
  .intvec             ro code  0x08000000    0x188  startup_stm32f40_41xxx.o [1]
                             - 0x08000188    0x188

"P1":                                      0x3fff1
  .rodata             const    0x08000188  0x15484  cc936.o [1]
  .rodata             const    0x0801560c  0x15484  cc936.o [1]
  .text               ro code  0x0802aa90   0x3a38  apptask.o [1]
  .text               ro code  0x0802e4c8    0xc00  tasks.o [1]
  .text               ro code  0x0802f0c8    0x7c8  queue.o [1]
  .text               ro code  0x0802f890    0xcb4  bsp_sdwe050c17.o [1]
  .text               ro code  0x08030544    0x498  product_cal.o [1]
  .text               ro code  0x080309dc     0x66  ABImemset.o [5]
  .text               ro code  0x08030a42      0xa  xsprout.o [3]
  .text               ro code  0x08030a4c    0x380  bsp_w25qxx.o [1]
  .text               ro code  0x08030dcc     0x76  ABImemcpy_unaligned.o [5]
  .text               ro code  0x08030e44     0x4e  FltToDbl.o [4]
  .text               ro code  0x08030e94     0x24  printf.o [3]
  .text               ro code  0x08030eb8     0x62  memcmp_unaligned.o [5]
  .text               ro code  0x08030f1c     0x42  strcmp_unaligned.o [5]
  .text               ro code  0x08030f60    0x21c  malloc.o [1]
  .text               ro code  0x0803117c    0x534  stm32f4xx_tim.o [1]
  .text               ro code  0x080316b0     0x30  I32ToDbl.o [4]
  .text               ro code  0x080316e0    0x256  DblDiv.o [4]
  .text               ro code  0x08031938     0xe8  DblAdd.o [4]
  .text               ro code  0x08031a20    0x1a2  DblMul.o [4]
  .text               ro code  0x08031bc4     0x58  DblToI32.o [4]
  .text               ro code  0x08031c1c     0x36  strlen.o [5]
  .text               ro code  0x08031c54    0x1b6  usbh_usr.o [1]
  .text               ro code  0x08031e0c    0x760  usbh_core.o [1]
  .text               ro code  0x0803256c   0x2264  ff.o [1]
  .text               ro code  0x080347d0     0x34  sprintf.o [3]
  .text               ro code  0x08034804     0x1c  strcat.o [3]
  .text               ro code  0x08034820     0xc0  bsp_led.o [1]
  .text               ro code  0x080348e0     0xae  rc522.o [1]
  .text               ro code  0x08034990    0x354  modbus.o [1]
  .text               ro code  0x08034ce4     0x68  bsp_sw_onoff.o [1]
  .text               ro code  0x08034d4c     0x44  protocol.o [1]
  .text               ro code  0x08034d90     0x10  apptask.o [1]
  .text               ro code  0x08034da0    0x21c  bsp_stepmotor.o [1]
  .text               ro code  0x08034fbc    0x12c  stm32f4xx_gpio.o [1]
  .text               ro code  0x080350e8    0x234  bsp_servomotor.o [1]
  .text               ro code  0x0803531c    0x262  event_groups.o [1]
  .text               ro code  0x08035580    0x4a4  timers.o [1]
  .text               ro code  0x08035a24      0x8  bsp_watchdog.o [1]
  .text               ro code  0x08035a2c    0x24c  port.o [1]
  .text               ro code  0x08035c78     0x98  list.o [1]
  .text               ro code  0x08035d10    0x280  heap_4.o [1]
  .text               ro code  0x08035f90    0x1e8  stm32f4xx_rcc.o [1]
  .text               ro code  0x08036178    0xa64  bsp_uart_fifo.o [1]
  .text               ro code  0x08036bdc    0x204  bsp_timer.o [1]
  .text               ro code  0x08036de0    0x124  bsp_spi.o [1]
  .text               ro code  0x08036f04    0xd96  xprintffull_nomb.o [3]
  .text               ro code  0x08037c9c    0x180  DblSub.o [4]
  .text               ro code  0x08037e1c    0x14c  usb_bsp.o [1]
  .text               ro code  0x08037f68     0xd6  usb_hcd.o [1]
  .text               ro code  0x0803803e    0x1ba  usbh_hcs.o [1]
  .text               ro code  0x080381f8    0x436  usbh_stdreq.o [1]
  .text               ro code  0x0803862e    0x246  usbh_ioreq.o [1]
  .text               ro code  0x08038874    0x2e4  diskio.o [1]
  .text               ro code  0x08038b58     0xf4  cc936.o [1]
  .text               ro code  0x08038c4c     0xb8  mcheck.o [1]
  .text               ro code  0x08038d04     0x2c  strstr.o [3]
  .text               ro code  0x08038d30    0x31c  stm32f4xx_dma.o [1]
  .text               ro code  0x0803904c     0x88  misc.o [1]
  .text               ro code  0x080390d4     0x10  stm32f4xx_iwdg.o [1]
  CODE                ro code  0x080390e4     0xa8  portasm.o [1]
  .text               ro code  0x0803918c    0x22e  stm32f4xx_usart.o [1]
  .text               ro code  0x080393bc     0x74  stm32f4xx_spi.o [1]
  .text               ro code  0x08039430     0x16  strchr.o [5]
  .text               ro code  0x08039448     0x58  memchr.o [5]
  .text               ro code  0x080394a0     0xee  I64DivMod.o [5]
  .text               ro code  0x0803958e     0x42  xdnorm.o [4]
  .text               ro code  0x080395d0     0x2e  DblCmpLe.o [4]
  .text               ro code  0x08039600     0x2e  DblCmpGe.o [4]
  .text               ro code  0x08039630    0x114  xdscale.o [4]
  .text               ro code  0x08039744     0x6c  localeconv.o [3]
  .text               ro code  0x080397b0      0xe  div.o [3]
  .text               ro code  0x080397c0     0x74  bsp_dwt.o [1]
  .text               ro code  0x08039834    0xa50  usb_core.o [1]
  .text               ro code  0x0803a284   0x1a58  bsp_sdio_sd.o [1]
  .text               ro code  0x0803bcdc    0x618  usbh_msc_scsi.o [1]
  .text               ro code  0x0803c2f4    0x554  usbh_msc_bot.o [1]
  .text               ro code  0x0803c848      0x2  I64DivZer.o [5]
  .text               ro code  0x0803c84c    0x17c  stm32f4xx_sdio.o [1]
  .text               ro code  0x0803c9c8    0xc7e  usb_hcd_int.o [1]
  .text               ro code  0x0803d648    0x3e8  usbh_msc_core.o [1]
  .rodata             const    0x0803da30    0x3dc  cc936.o [1]
  .rodata             const    0x0803de0c    0x3dc  cc936.o [1]
  .text               ro code  0x0803e1e8    0x2e0  bsp_tim_pwm.o [1]
  .text               ro code  0x0803e4c8    0x2bc  para.o [1]
  .text               ro code  0x0803e784     0x44  strcpy_unaligned.o [5]
  .rodata             const    0x0803e7c8    0x1f4  apptask.o [1]
  .rodata             const    0x0803e9bc    0x190  product_cal.o [1]
  .text               ro code  0x0803eb4c    0x154  system_stm32f4xx.o [1]
  .rodata             const    0x0803eca0    0x100  mcheck.o [1]
  .rodata             const    0x0803eda0    0x100  mcheck.o [1]
  .rodata             const    0x0803eea0    0x100  mcheck.o [1]
  .text               ro code  0x0803efa0     0xd4  bsp_closeSW.o [1]
  .text               ro code  0x0803f074     0x54  stm32f4xx_syscfg.o [1]
  .text               ro code  0x0803f0c8     0xc0  stm32f4xx_exti.o [1]
  .text               ro code  0x0803f188     0xd0  packbits_init.o [5]
  .text               ro code  0x0803f258      0x6  abort.o [3]
  .text               ro code  0x0803f260     0x14  exit.o [6]
  .text               ro code  0x0803f274     0x4c  bsp.o [1]
  .text               ro code  0x0803f2c0     0x44  bsp_relay.o [1]
  .text               ro code  0x0803f304     0x40  zero_init3.o [5]
  .text               ro code  0x0803f344     0x3c  SysInfoTest.o [1]
  .rodata             const    0x0803f380     0x38  demo_fatfs.o [1]
  .text               ro code  0x0803f3b8     0x38  stm32f4xx_it.o [1]
  .text               ro code  0x0803f3f0     0x34  main.o [1]
  .rodata             const    0x0803f424     0x30  apptask.o [1]
  .rodata             const    0x0803f454     0x30  demo_fatfs.o [1]
  .rodata             const    0x0803f484     0x30  demo_fatfs.o [1]
  .rodata             const    0x0803f4b4     0x2c  apptask.o [1]
  .rodata             const    0x0803f4e0     0x2c  demo_fatfs.o [1]
  .rodata             const    0x0803f50c     0x2c  demo_fatfs.o [1]
  .rodata             const    0x0803f538     0x2c  stm32f4xx_it.o [1]
  .rodata             const    0x0803f564     0x28  demo_fatfs.o [1]
  .rodata             const    0x0803f58c     0x28  demo_fatfs.o [1]
  .rodata             const    0x0803f5b4     0x28  demo_fatfs.o [1]
  .text               ro code  0x0803f5dc     0x28  data_init.o [5]
  .rodata             const    0x0803f604     0x24  demo_fatfs.o [1]
  .rodata             const    0x0803f628     0x24  demo_fatfs.o [1]
  .rodata             const    0x0803f64c     0x24  usbh_usr.o [1]
  .text               ro code  0x0803f670     0x22  fpinit_M.o [4]
  .iar.init_table     const    0x0803f694     0x34  - Linker created -
  .rodata             const    0x0803f6c8     0x20  apptask.o [1]
  .rodata             const    0x0803f6e8     0x20  apptask.o [1]
  .rodata             const    0x0803f708     0x20  bsp_sdwe050c17.o [1]
  .rodata             const    0x0803f728     0x20  demo_fatfs.o [1]
  .rodata             const    0x0803f748     0x20  demo_fatfs.o [1]
  .rodata             const    0x0803f768     0x20  demo_fatfs.o [1]
  .rodata             const    0x0803f788     0x20  usbh_usr.o [1]
  .rodata             const    0x0803f7a8     0x20  usbh_usr.o [1]
  .rodata             const    0x0803f7c8     0x20  usbh_usr.o [1]
  .rodata             const    0x0803f7e8     0x20  usbh_usr.o [1]
  .rodata             const    0x0803f808     0x20  usbh_usr.o [1]
  .rodata             const    0x0803f828     0x1c  apptask.o [1]
  .rodata             const    0x0803f844     0x1c  apptask.o [1]
  .rodata             const    0x0803f860     0x1c  apptask.o [1]
  .rodata             const    0x0803f87c     0x1c  apptask.o [1]
  .rodata             const    0x0803f898     0x1c  apptask.o [1]
  .rodata             const    0x0803f8b4     0x1c  apptask.o [1]
  .rodata             const    0x0803f8d0     0x1c  demo_fatfs.o [1]
  .rodata             const    0x0803f8ec     0x1c  demo_fatfs.o [1]
  .rodata             const    0x0803f908     0x1c  usbh_usr.o [1]
  .rodata             const    0x0803f924     0x1c  usbh_usr.o [1]
  .rodata             const    0x0803f940     0x1c  usbh_usr.o [1]
  .rodata             const    0x0803f95c     0x1c  usbh_usr.o [1]
  .rodata             const    0x0803f978     0x1c  usbh_usr.o [1]
  .rodata             const    0x0803f994     0x1c  usbh_usr.o [1]
  .text               ro code  0x0803f9b0     0x1a  cmain.o [5]
  .text               ro code  0x0803f9ca      0x4  exit.o [3]
  .text               ro code  0x0803f9d0      0xa  cexit.o [5]
  .rodata             const    0x0803f9dc     0x18  apptask.o [1]
  .rodata             const    0x0803f9f4     0x18  apptask.o [1]
  .rodata             const    0x0803fa0c     0x18  apptask.o [1]
  .rodata             const    0x0803fa24     0x18  apptask.o [1]
  .rodata             const    0x0803fa3c     0x18  apptask.o [1]
  .rodata             const    0x0803fa54     0x18  apptask.o [1]
  .rodata             const    0x0803fa6c     0x18  apptask.o [1]
  .rodata             const    0x0803fa84     0x18  demo_fatfs.o [1]
  .rodata             const    0x0803fa9c     0x18  demo_fatfs.o [1]
  .rodata             const    0x0803fab4     0x18  demo_fatfs.o [1]
  .rodata             const    0x0803facc     0x18  demo_fatfs.o [1]
  .rodata             const    0x0803fae4     0x18  usbh_usr.o [1]
  .rodata             const    0x0803fafc     0x18  usbh_usr.o [1]
  .rodata             const    0x0803fb14     0x18  usbh_usr.o [1]
  .rodata             const    0x0803fb2c     0x18  usbh_usr.o [1]
  .rodata             const    0x0803fb44     0x18  usbh_usr.o [1]
  .text               ro code  0x0803fb5c     0x16  xprout.o [3]
  .text               ro code  0x0803fb74      0xc  putchar.o [3]
  .rodata             const    0x0803fb80     0x14  apptask.o [1]
  .rodata             const    0x0803fb94     0x14  apptask.o [1]
  .rodata             const    0x0803fba8     0x14  apptask.o [1]
  .rodata             const    0x0803fbbc     0x14  apptask.o [1]
  .rodata             const    0x0803fbd0     0x14  apptask.o [1]
  .rodata             const    0x0803fbe4     0x14  apptask.o [1]
  .rodata             const    0x0803fbf8     0x14  usbh_usr.o [1]
  .rodata             const    0x0803fc0c     0x14  usbh_usr.o [1]
  .rodata             const    0x0803fc20     0x10  apptask.o [1]
  .rodata             const    0x0803fc30     0x10  apptask.o [1]
  .rodata             const    0x0803fc40     0x10  apptask.o [1]
  .rodata             const    0x0803fc50     0x10  apptask.o [1]
  .rodata             const    0x0803fc60     0x10  apptask.o [1]
  .rodata             const    0x0803fc70     0x10  apptask.o [1]
  .rodata             const    0x0803fc80     0x10  apptask.o [1]
  .rodata             const    0x0803fc90     0x10  apptask.o [1]
  .rodata             const    0x0803fca0     0x10  apptask.o [1]
  .rodata             const    0x0803fcb0     0x10  ff.o [1]
  .rodata             const    0x0803fcc0     0x10  main.o [1]
  .rodata             const    0x0803fcd0     0x10  main.o [1]
  .rodata             const    0x0803fce0     0x10  usbh_usr.o [1]
  .rodata             const    0x0803fcf0     0x10  usbh_usr.o [1]
  .text               ro code  0x0803fd00     0x10  startup_stm32f40_41xxx.o [1]
  .text               ro code  0x0803fd10     0x10  usbh_it.o [1]
  .rodata             const    0x0803fd20      0xc  apptask.o [1]
  .rodata             const    0x0803fd2c      0xc  apptask.o [1]
  .rodata             const    0x0803fd38      0xc  apptask.o [1]
  .rodata             const    0x0803fd44      0xc  apptask.o [1]
  .rodata             const    0x0803fd50      0xc  apptask.o [1]
  .rodata             const    0x0803fd5c      0xc  apptask.o [1]
  .rodata             const    0x0803fd68      0xc  apptask.o [1]
  .rodata             const    0x0803fd74      0xc  apptask.o [1]
  .rodata             const    0x0803fd80      0xc  apptask.o [1]
  .rodata             const    0x0803fd8c      0xc  apptask.o [1]
  .rodata             const    0x0803fd98      0xc  apptask.o [1]
  .rodata             const    0x0803fda4      0xc  apptask.o [1]
  .rodata             const    0x0803fdb0      0xc  apptask.o [1]
  .rodata             const    0x0803fdbc      0xc  apptask.o [1]
  .rodata             const    0x0803fdc8      0xc  apptask.o [1]
  .rodata             const    0x0803fdd4      0xc  apptask.o [1]
  .rodata             const    0x0803fde0      0xc  apptask.o [1]
  .rodata             const    0x0803fdec      0xc  apptask.o [1]
  .rodata             const    0x0803fdf8      0xc  apptask.o [1]
  .rodata             const    0x0803fe04      0xc  apptask.o [1]
  .rodata             const    0x0803fe10      0xc  apptask.o [1]
  .rodata             const    0x0803fe1c      0xc  apptask.o [1]
  .rodata             const    0x0803fe28      0xc  apptask.o [1]
  .rodata             const    0x0803fe34      0xc  apptask.o [1]
  .rodata             const    0x0803fe40      0xc  apptask.o [1]
  .rodata             const    0x0803fe4c      0xc  apptask.o [1]
  .rodata             const    0x0803fe58      0xc  bsp_sdwe050c17.o [1]
  .rodata             const    0x0803fe64      0xc  bsp_sdwe050c17.o [1]
  .rodata             const    0x0803fe70      0xc  demo_fatfs.o [1]
  .rodata             const    0x0803fe7c      0xc  ff.o [1]
  .text               ro code  0x0803fe88      0xc  cstartup_M.o [5]
  .rodata             const    0x0803fe94      0x8  apptask.o [1]
  .rodata             const    0x0803fe9c      0x8  apptask.o [1]
  .rodata             const    0x0803fea4      0x8  apptask.o [1]
  .rodata             const    0x0803feac      0x8  apptask.o [1]
  .rodata             const    0x0803feb4      0x8  apptask.o [1]
  .rodata             const    0x0803febc      0x8  apptask.o [1]
  .rodata             const    0x0803fec4      0x8  apptask.o [1]
  .rodata             const    0x0803fecc      0x8  apptask.o [1]
  .rodata             const    0x0803fed4      0x8  apptask.o [1]
  .rodata             const    0x0803fedc      0x8  apptask.o [1]
  .rodata             const    0x0803fee4      0x8  apptask.o [1]
  .rodata             const    0x0803feec      0x8  bsp_w25qxx.o [1]
  .rodata             const    0x0803fef4      0x8  ff.o [1]
  .rodata             const    0x0803fefc      0x8  malloc.o [1]
  .rodata             const    0x0803ff04      0x8  malloc.o [1]
  .rodata             const    0x0803ff0c      0x8  malloc.o [1]
  .rodata             const    0x0803ff14      0x8  para.o [1]
  .rodata             const    0x0803ff1c      0x8  para.o [1]
  .rodata             const    0x0803ff24      0x8  para.o [1]
  .rodata             const    0x0803ff2c      0x8  tasks.o [1]
  .rodata             const    0x0803ff34      0x8  timers.o [1]
  .rodata             const    0x0803ff3c      0x4  heap_4.o [1]
  .rodata             const    0x0803ff40      0x4  port.o [1]
  .text               ro code  0x0803ff44      0x4  startup_stm32f40_41xxx.o [1]
  .text               ro code  0x0803ff48      0x4  startup_stm32f40_41xxx.o [1]
  .text               ro code  0x0803ff4c      0x4  startup_stm32f40_41xxx.o [1]
  .text               ro code  0x0803ff50      0x4  startup_stm32f40_41xxx.o [1]
  .text               ro code  0x0803ff54      0x4  startup_stm32f40_41xxx.o [1]
  .text               ro code  0x0803ff58      0x4  startup_stm32f40_41xxx.o [1]
  .text               ro code  0x0803ff5c      0x4  startup_stm32f40_41xxx.o [1]
  .text               ro code  0x0803ff60      0x4  startup_stm32f40_41xxx.o [1]
  .text               ro code  0x0803ff64      0x4  startup_stm32f40_41xxx.o [1]
  .text               ro code  0x0803ff68      0x4  startup_stm32f40_41xxx.o [1]
  .text               ro code  0x0803ff6c      0x4  startup_stm32f40_41xxx.o [1]
  .text               ro code  0x0803ff70      0x4  startup_stm32f40_41xxx.o [1]
  .text               ro code  0x0803ff74      0x4  startup_stm32f40_41xxx.o [1]
  .text               ro code  0x0803ff78      0x4  startup_stm32f40_41xxx.o [1]
  .text               ro code  0x0803ff7c      0x4  startup_stm32f40_41xxx.o [1]
  .text               ro code  0x0803ff80      0x4  startup_stm32f40_41xxx.o [1]
  .text               ro code  0x0803ff84      0x4  startup_stm32f40_41xxx.o [1]
  .text               ro code  0x0803ff88      0x4  startup_stm32f40_41xxx.o [1]
  .text               ro code  0x0803ff8c      0x4  startup_stm32f40_41xxx.o [1]
  .text               ro code  0x0803ff90      0x4  startup_stm32f40_41xxx.o [1]
  .text               ro code  0x0803ff94      0x4  startup_stm32f40_41xxx.o [1]
  .text               ro code  0x0803ff98      0x4  startup_stm32f40_41xxx.o [1]
  .text               ro code  0x0803ff9c      0x4  startup_stm32f40_41xxx.o [1]
  .text               ro code  0x0803ffa0      0x4  startup_stm32f40_41xxx.o [1]
  .text               ro code  0x0803ffa4      0x4  startup_stm32f40_41xxx.o [1]
  .text               ro code  0x0803ffa8      0x4  startup_stm32f40_41xxx.o [1]
  .text               ro code  0x0803ffac      0x4  startup_stm32f40_41xxx.o [1]
  .text               ro code  0x0803ffb0      0x4  startup_stm32f40_41xxx.o [1]
  .text               ro code  0x0803ffb4      0x4  startup_stm32f40_41xxx.o [1]
  .text               ro code  0x0803ffb8      0x4  startup_stm32f40_41xxx.o [1]
  .text               ro code  0x0803ffbc      0x4  startup_stm32f40_41xxx.o [1]
  .text               ro code  0x0803ffc0      0x4  startup_stm32f40_41xxx.o [1]
  .text               ro code  0x0803ffc4      0x4  startup_stm32f40_41xxx.o [1]
  .text               ro code  0x0803ffc8      0x4  startup_stm32f40_41xxx.o [1]
  .text               ro code  0x0803ffcc      0x4  startup_stm32f40_41xxx.o [1]
  .text               ro code  0x0803ffd0      0x4  startup_stm32f40_41xxx.o [1]
  .text               ro code  0x0803ffd4      0x4  startup_stm32f40_41xxx.o [1]
  .text               ro code  0x0803ffd8      0x4  startup_stm32f40_41xxx.o [1]
  .text               ro code  0x0803ffdc      0x4  startup_stm32f40_41xxx.o [1]
  .text               ro code  0x0803ffe0      0x4  startup_stm32f40_41xxx.o [1]
  .text               ro code  0x0803ffe4      0x4  startup_stm32f40_41xxx.o [1]
  .text               ro code  0x0803ffe8      0x4  startup_stm32f40_41xxx.o [1]
  .text               ro code  0x0803ffec      0x4  startup_stm32f40_41xxx.o [1]
  .text               ro code  0x0803fff0      0x4  startup_stm32f40_41xxx.o [1]
  .text               ro code  0x0803fff4      0x4  startup_stm32f40_41xxx.o [1]
  .text               ro code  0x0803fff8      0x4  startup_stm32f40_41xxx.o [1]
  .text               ro code  0x0803fffc      0x4  startup_stm32f40_41xxx.o [1]
  .text               ro code  0x08040000      0x4  startup_stm32f40_41xxx.o [1]
  .text               ro code  0x08040004      0x4  startup_stm32f40_41xxx.o [1]
  .text               ro code  0x08040008      0x4  startup_stm32f40_41xxx.o [1]
  .text               ro code  0x0804000c      0x4  startup_stm32f40_41xxx.o [1]
  .text               ro code  0x08040010      0x4  startup_stm32f40_41xxx.o [1]
  .text               ro code  0x08040014      0x4  startup_stm32f40_41xxx.o [1]
  .text               ro code  0x08040018      0x4  startup_stm32f40_41xxx.o [1]
  .text               ro code  0x0804001c      0x4  startup_stm32f40_41xxx.o [1]
  .text               ro code  0x08040020      0x4  startup_stm32f40_41xxx.o [1]
  .text               ro code  0x08040024      0x4  startup_stm32f40_41xxx.o [1]
  .text               ro code  0x08040028      0x4  startup_stm32f40_41xxx.o [1]
  .text               ro code  0x0804002c      0x4  startup_stm32f40_41xxx.o [1]
  .text               ro code  0x08040030      0x4  startup_stm32f40_41xxx.o [1]
  .text               ro code  0x08040034      0x4  startup_stm32f40_41xxx.o [1]
  .text               ro code  0x08040038      0x4  startup_stm32f40_41xxx.o [1]
  .text               ro code  0x0804003c      0x4  startup_stm32f40_41xxx.o [1]
  .text               ro code  0x08040040      0x4  startup_stm32f40_41xxx.o [1]
  .text               ro code  0x08040044      0x4  startup_stm32f40_41xxx.o [1]
  .text               ro code  0x08040048      0x4  startup_stm32f40_41xxx.o [1]
  .text               ro code  0x0804004c      0x4  startup_stm32f40_41xxx.o [1]
  .text               ro code  0x08040050      0x4  startup_stm32f40_41xxx.o [1]
  .text               ro code  0x08040054      0x4  startup_stm32f40_41xxx.o [1]
  .text               ro code  0x08040058      0x4  startup_stm32f40_41xxx.o [1]
  .rodata             const    0x0804005c      0x0  zero_init3.o [5]
  .rodata             const    0x0804005c      0x0  packbits_init.o [5]
  Initializer bytes   const    0x0804005c    0x11d  <for P2 s0>
                             - 0x08040179  0x3fff1

"P2":                                      0x1f630
  P2 s0                        0x20000000    0x1cb  <Init block>
    __DLIB_PERTHREAD  inited   0x20000000     0x88  localeconv.o [3]
    .data             inited   0x20000088     0x50  demo_fatfs.o [1]
    .data             inited   0x200000d8     0x48  usbh_usr.o [1]
    .data             inited   0x20000120     0x40  xfiles.o [3]
    .data             inited   0x20000160     0x1c  malloc.o [1]
    .data             inited   0x2000017c     0x14  bsp_servomotor.o [1]
    .data             inited   0x20000190     0x10  stm32f4xx_rcc.o [1]
    .data             inited   0x200001a0     0x10  usbh_msc_core.o [1]
    .data             inited   0x200001b0      0xc  usbh_core.o [1]
    .data             inited   0x200001bc      0x4  port.o [1]
    .data             inited   0x200001c0      0x4  system_stm32f4xx.o [1]
    .data             inited   0x200001c4      0x4  usbh_core.o [1]
    .data             inited   0x200001c8      0x2  bsp_w25qxx.o [1]
    .data             inited   0x200001ca      0x1  usbh_msc_scsi.o [1]
  .bss                zero     0x200001cc  0x11800  heap_4.o [1]
  .bss                zero     0x200119cc   0xa000  malloc.o [1]
  .bss                zero     0x2001b9cc   0x1000  bsp_w25qxx.o [1]
  .bss                zero     0x2001c9cc    0xa00  malloc.o [1]
  .bss                zero     0x2001d3cc    0x5ac  usbh_usr.o [1]
  .bss                zero     0x2001d978    0x5ac  usbh_usr.o [1]
  .bss                zero     0x2001df24    0x200  ff.o [1]
  .bss                zero     0x2001e124    0x200  usbh_msc_scsi.o [1]
  .bss                zero     0x2001e324    0x200  usbh_stdreq.o [1]
  .bss                zero     0x2001e524     0xc8  tasks.o [1]
  .bss                zero     0x2001e5ec     0xa4  protocol.o [1]
  .bss                zero     0x2001e690     0x94  usbh_usr.o [1]
  .bss                zero     0x2001e724     0x8c  para.o [1]
  .bss                zero     0x2001e7b0     0x70  protocol.o [1]
  .bss                zero     0x2001e820     0x64  bsp_uart_fifo.o [1]
  .bss                zero     0x2001e884     0x64  bsp_uart_fifo.o [1]
  .bss                zero     0x2001e8e8     0x64  bsp_uart_fifo.o [1]
  .bss                zero     0x2001e950     0x58  bsp_sdio_sd.o [1]
  .bss                zero     0x2001e9a8     0x50  protocol.o [1]
  .bss                zero     0x2001e9f8     0x50  xfiles.o [3]
  .bss                zero     0x2001ea48     0x4c  usbh_msc_core.o [1]
  .bss                zero     0x2001ea94     0x34  bsp_sdwe050c17.o [1]
  .bss                zero     0x2001eac8     0x2c  product_cal.o [1]
  .bss                zero     0x2001eaf4     0x28  bsp_uart_fifo.o [1]
  .bss                zero     0x2001eb1c     0x28  product_cal.o [1]
  .bss                zero     0x2001eb44     0x24  ff.o [1]
  .bss                zero     0x2001eb68     0x20  usbh_msc_bot.o [1]
  .bss                zero     0x2001eb88     0x18  bsp_sdio_sd.o [1]
  .bss                zero     0x2001eba0     0x18  bsp_sdio_sd.o [1]
  .bss                zero     0x2001ebb8     0x14  bsp_sdio_sd.o [1]
  .bss                zero     0x2001ebcc     0x14  rc522.o [1]
  .bss                zero     0x2001ebe0     0x14  tasks.o [1]
  .bss                zero     0x2001ebf4     0x14  tasks.o [1]
  .bss                zero     0x2001ec08     0x14  tasks.o [1]
  .bss                zero     0x2001ec1c     0x14  tasks.o [1]
  .bss                zero     0x2001ec30     0x14  tasks.o [1]
  .bss                zero     0x2001ec44     0x14  timers.o [1]
  .bss                zero     0x2001ec58     0x14  timers.o [1]
  .bss                zero     0x2001ec6c     0x10  bsp_sdio_sd.o [1]
  .bss                zero     0x2001ec7c     0x10  bsp_sdio_sd.o [1]
  .bss                zero     0x2001ec8c     0x10  usbh_msc_bot.o [1]
  .bss                zero     0x2001ec9c     0x10  usbh_msc_bot.o [1]
  .bss                zero     0x2001ecac     0x10  usbh_msc_scsi.o [1]
  .bss                zero     0x2001ecbc      0xc  apptask.o [1]
  .bss                zero     0x2001ecc8      0xc  apptask.o [1]
  .bss                zero     0x2001ecd4      0xc  ff.o [1]
  .bss                zero     0x2001ece0      0xc  protocol.o [1]
  .bss                zero     0x2001ecec      0xc  protocol.o [1]
  .bss                zero     0x2001ecf8      0xc  protocol.o [1]
  .bss                zero     0x2001ed04      0x8  heap_4.o [1]
  .bss                zero     0x2001ed0c      0x8  modbus.o [1]
  .bss                zero     0x2001ed14      0x8  protocol.o [1]
  .bss                zero     0x2001ed1c      0x4  apptask.o [1]
  .bss                zero     0x2001ed20      0x4  apptask.o [1]
  .bss                zero     0x2001ed24      0x4  apptask.o [1]
  .bss                zero     0x2001ed28      0x4  apptask.o [1]
  .bss                zero     0x2001ed2c      0x4  apptask.o [1]
  .bss                zero     0x2001ed30      0x4  apptask.o [1]
  .bss                zero     0x2001ed34      0x4  apptask.o [1]
  .bss                zero     0x2001ed38      0x4  apptask.o [1]
  .bss                zero     0x2001ed3c      0x4  apptask.o [1]
  .bss                zero     0x2001ed40      0x4  apptask.o [1]
  .bss                zero     0x2001ed44      0x4  apptask.o [1]
  .bss                zero     0x2001ed48      0x4  apptask.o [1]
  .bss                zero     0x2001ed4c      0x4  apptask.o [1]
  .bss                zero     0x2001ed50      0x4  apptask.o [1]
  .bss                zero     0x2001ed54      0x4  apptask.o [1]
  .bss                zero     0x2001ed58      0x4  apptask.o [1]
  .bss                zero     0x2001ed5c      0x4  apptask.o [1]
  .bss                zero     0x2001ed60      0x4  bsp_sdio_sd.o [1]
  .bss                zero     0x2001ed64      0x4  bsp_sdio_sd.o [1]
  .bss                zero     0x2001ed68      0x4  bsp_sdio_sd.o [1]
  .bss                zero     0x2001ed6c      0x4  bsp_sdio_sd.o [1]
  .bss                zero     0x2001ed70      0x4  bsp_sdio_sd.o [1]
  .bss                zero     0x2001ed74      0x4  bsp_timer.o [1]
  .bss                zero     0x2001ed78      0x4  bsp_timer.o [1]
  .bss                zero     0x2001ed7c      0x4  bsp_timer.o [1]
  .bss                zero     0x2001ed80      0x4  bsp_timer.o [1]
  .bss                zero     0x2001ed84      0x4  heap_4.o [1]
  .bss                zero     0x2001ed88      0x4  heap_4.o [1]
  .bss                zero     0x2001ed8c      0x4  heap_4.o [1]
  .bss                zero     0x2001ed90      0x4  heap_4.o [1]
  .bss                zero     0x2001ed94      0x4  port.o [1]
  .bss                zero     0x2001ed98      0x4  product_cal.o [1]
  .bss                zero     0x2001ed9c      0x4  product_cal.o [1]
  .bss                zero     0x2001eda0      0x4  SysInfoTest.o [1]
  .bss                zero     0x2001eda4      0x4  tasks.o [1]
  .bss                zero     0x2001eda8      0x4  tasks.o [1]
  .bss                zero     0x2001edac      0x4  tasks.o [1]
  .bss                zero     0x2001edb0      0x4  tasks.o [1]
  .bss                zero     0x2001edb4      0x4  tasks.o [1]
  .bss                zero     0x2001edb8      0x4  tasks.o [1]
  .bss                zero     0x2001edbc      0x4  tasks.o [1]
  .bss                zero     0x2001edc0      0x4  tasks.o [1]
  .bss                zero     0x2001edc4      0x4  tasks.o [1]
  .bss                zero     0x2001edc8      0x4  tasks.o [1]
  .bss                zero     0x2001edcc      0x4  tasks.o [1]
  .bss                zero     0x2001edd0      0x4  tasks.o [1]
  .bss                zero     0x2001edd4      0x4  tasks.o [1]
  .bss                zero     0x2001edd8      0x4  tasks.o [1]
  .bss                zero     0x2001eddc      0x4  tasks.o [1]
  .bss                zero     0x2001ede0      0x4  tasks.o [1]
  .bss                zero     0x2001ede4      0x4  timers.o [1]
  .bss                zero     0x2001ede8      0x4  timers.o [1]
  .bss                zero     0x2001edec      0x4  timers.o [1]
  .bss                zero     0x2001edf0      0x4  timers.o [1]
  .bss                zero     0x2001edf4      0x4  usbh_msc_bot.o [1]
  .bss                zero     0x2001edf8      0x4  usbh_msc_bot.o [1]
  .bss                zero     0x2001edfc      0x4  usbh_msc_bot.o [1]
  .bss                zero     0x2001ee00      0x4  usbh_msc_bot.o [1]
  .bss                zero     0x2001ee04      0x2  apptask.o [1]
  .bss                zero     0x2001ee06      0x2  apptask.o [1]
  .bss                zero     0x2001ee08      0x2  apptask.o [1]
  .bss                zero     0x2001ee0a      0x2  apptask.o [1]
  .bss                zero     0x2001ee0c      0x2  bsp_sdwe050c17.o [1]
  .bss                zero     0x2001ee0e      0x2  ff.o [1]
  .bss                zero     0x2001ee10      0x2  usbh_core.o [1]
  .bss                zero     0x2001ee12      0x2  usbh_stdreq.o [1]
  .bss                zero     0x2001ee14      0x1  apptask.o [1]
  .bss                zero     0x2001ee15      0x1  apptask.o [1]
  .bss                zero     0x2001ee16      0x1  apptask.o [1]
  .bss                zero     0x2001ee17      0x1  apptask.o [1]
  .bss                zero     0x2001ee18      0x1  apptask.o [1]
  .bss                zero     0x2001ee19      0x1  apptask.o [1]
  .bss                zero     0x2001ee1a      0x1  apptask.o [1]
  .bss                zero     0x2001ee1b      0x1  apptask.o [1]
  .bss                zero     0x2001ee1c      0x1  apptask.o [1]
  .bss                zero     0x2001ee1d      0x1  bsp_sdio_sd.o [1]
  .bss                zero     0x2001ee1e      0x1  bsp_sdwe050c17.o [1]
  .bss                zero     0x2001ee1f      0x1  bsp_uart_fifo.o [1]
  .bss                zero     0x2001ee20      0x1  port.o [1]
  .bss                zero     0x2001ee21      0x1  product_cal.o [1]
  .bss                zero     0x2001ee22      0x1  product_cal.o [1]
  .bss                zero     0x2001ee23      0x1  protocol.o [1]
  .bss                zero     0x2001ee24      0x1  rc522.o [1]
  .bss                zero     0x2001ee25      0x1  rc522.o [1]
  .bss                zero     0x2001ee26      0x1  usbh_msc_bot.o [1]
  .bss                zero     0x2001ee27      0x1  usbh_msc_core.o [1]
  .bss                zero     0x2001ee28      0x1  usbh_msc_core.o [1]
  .bss                zero     0x2001ee29      0x1  usbh_stdreq.o [1]
  .bss                zero     0x2001ee2a      0x1  usbh_usr.o [1]
  CSTACK                       0x2001ee30    0x800  <Block>
    CSTACK            uninit   0x2001ee30    0x800  <Block tail>
                             - 0x2001f630  0x1f630

Absolute sections:                         0xff000
  .bss                zero     0x68000000  0xf0000  malloc.o [1]
  .bss                zero     0x680f0000   0xf000  malloc.o [1]
                             - 0x680ff000  0xff000


*******************************************************************************
*** INIT TABLE
***

          Address     Size
          -------     ----
Zero (__iar_zero_init3)
    2 destination ranges, total size 0x11dc5f:
          0x200001cc  0x1ec5f
          0x68000000  0xff000

Copy/packbits (__iar_packbits_init3)
    1 source range, total size 0x11d (62% of destination):
          0x0804005c    0x11d
    1 destination range, total size 0x1cb:
          0x20000000    0x1cb



*******************************************************************************
*** MODULE SUMMARY
***

    Module                    ro code  ro data  rw data    rw data
                                                            (abs)
    ------                    -------  -------  -------    -------
E:\WORK\YarnControl_Driver\YarnControl_Driver\src\stm32f4_rtos\Project\EWARMv7\Flash\Obj: [1]
    SysInfoTest.o                  60                 4
    apptask.o                  14 920    1 656      109
    bsp.o                          76
    bsp_closeSW.o                 212
    bsp_dwt.o                     116
    bsp_led.o                     192
    bsp_relay.o                    68
    bsp_sdio_sd.o               6 744               209
    bsp_sdwe050c17.o            3 252       56       55
    bsp_servomotor.o              564       13       20
    bsp_spi.o                     292
    bsp_stepmotor.o               540
    bsp_sw_onoff.o                104
    bsp_tim_pwm.o                 736
    bsp_timer.o                   516                16
    bsp_uart_fifo.o             2 660               341
    bsp_w25qxx.o                  896        9    4 098
    bsp_watchdog.o                  8
    cc936.o                       244  176 320
    demo_fatfs.o                           742       80
    diskio.o                      740
    event_groups.o                610
    ff.o                        8 804       36      562
    heap_4.o                      640        4   71 704
    list.o                        152
    main.o                         52       32
    malloc.o                      540       41   43 548  1 044 480
    mcheck.o                      184      768
    misc.o                        136
    modbus.o                      852                 8
    para.o                        700       24      140
    port.o                        588        7        9
    portasm.o                     168
    product_cal.o               1 176      400       94
    protocol.o                     68               401
    queue.o                     1 992
    rc522.o                       174                22
    startup_stm32f40_41xxx.o      688
    stm32f4xx_dma.o               796
    stm32f4xx_exti.o              192
    stm32f4xx_gpio.o              300
    stm32f4xx_it.o                 56       44
    stm32f4xx_iwdg.o               16
    stm32f4xx_rcc.o               488       10       16
    stm32f4xx_sdio.o              380
    stm32f4xx_spi.o               116
    stm32f4xx_syscfg.o             84
    stm32f4xx_tim.o             1 332
    stm32f4xx_usart.o             558
    system_stm32f4xx.o            340        2        4
    tasks.o                     3 072        8      364
    timers.o                    1 188        8       56
    usb_bsp.o                     332
    usb_core.o                  2 640
    usb_hcd.o                     214
    usb_hcd_int.o               3 198
    usbh_core.o                 1 888       10       18
    usbh_hcs.o                    442
    usbh_ioreq.o                  582
    usbh_it.o                      16
    usbh_msc_bot.o              1 364                81
    usbh_msc_core.o             1 000       10       94
    usbh_msc_scsi.o             1 560        1      529
    usbh_stdreq.o               1 078               515
    usbh_usr.o                    438      600    3 125
    --------------------------------------------------------------
    Total:                     74 134  180 801  126 222  1 044 480

command line: [2]
    --------------------------------------------------------------
    Total:

dl7M_tlf.a: [3]
    abort.o                         6
    div.o                          14
    exit.o                          4
    localeconv.o                  108       84      136
    printf.o                       36
    putchar.o                      12
    sprintf.o                      52
    strcat.o                       28
    strstr.o                       44
    xfiles.o                                40      144
    xprintffull_nomb.o          3 478
    xprout.o                       22
    xsprout.o                      10
    --------------------------------------------------------------
    Total:                      3 814      124      280

m7M_tls.a: [4]
    DblAdd.o                      232
    DblCmpGe.o                     46
    DblCmpLe.o                     46
    DblDiv.o                      598
    DblMul.o                      418
    DblSub.o                      384
    DblToI32.o                     88
    FltToDbl.o                     78
    I32ToDbl.o                     48
    fpinit_M.o                     34
    xdnorm.o                       66
    xdscale.o                     276
    --------------------------------------------------------------
    Total:                      2 314

rt7M_tl.a: [5]
    ABImemcpy_unaligned.o         118
    ABImemset.o                   102
    I64DivMod.o                   238
    I64DivZer.o                     2
    cexit.o                        10
    cmain.o                        26
    cstartup_M.o                   12
    data_init.o                    40
    memchr.o                       88
    memcmp_unaligned.o             98
    packbits_init.o               208
    strchr.o                       22
    strcmp_unaligned.o             66
    strcpy_unaligned.o             68
    strlen.o                       54
    zero_init3.o                   64
    --------------------------------------------------------------
    Total:                      1 216

shb_l.a: [6]
    exit.o                         20
    --------------------------------------------------------------
    Total:                         20

    Gaps                           42        4        5
    Linker created                          52    2 048
------------------------------------------------------------------
    Grand Total:               81 540  180 981  128 555  1 044 480


*******************************************************************************
*** ENTRY LIST
***

Entry                      Address     Size  Type      Object
-----                      -------     ----  ----      ------
.iar.init_table$$Base   0x0803f694            --   Gb  - Linker created -
.iar.init_table$$Limit  0x0803f6c8            --   Gb  - Linker created -
?main                   0x0803f9b1           Code  Gb  cmain.o [5]
APBAHBPrescTable        0x20000190     0x10  Data  Lc  stm32f4xx_rcc.o [1]
AppObjCreate            0x0802e031    0x134  Code  Gb  apptask.o [1]
AppTaskCreate           0x0802dee5    0x148  Code  Gb  apptask.o [1]
BOTStallErrorCount      0x2001edf4      0x4  Data  Lc  usbh_msc_bot.o [1]
BusFault_Handler        0x0803f3eb      0x2  Code  Gb  stm32f4xx_it.o [1]
CID_Tab                 0x2001ec7c     0x10  Data  Lc  bsp_sdio_sd.o [1]
CRC16HiTable            0x0803eca0    0x100  Data  Gb  mcheck.o [1]
CRC16LoTable            0x0803eda0    0x100  Data  Gb  mcheck.o [1]
CRC8Table               0x0803eea0    0x100  Data  Gb  mcheck.o [1]
CSD_Tab                 0x2001ec6c     0x10  Data  Lc  bsp_sdio_sd.o [1]
CSTACK$$Base            0x2001ee30            --   Gb  - Linker created -
CSTACK$$Limit           0x2001f630            --   Gb  - Linker created -
CardType                0x2001ed60      0x4  Data  Lc  bsp_sdio_sd.o [1]
CmdError                0x0803b3ed     0x38  Code  Lc  bsp_sdio_sd.o [1]
CmdResp1Error           0x0803b491    0x112  Code  Lc  bsp_sdio_sd.o [1]
CmdResp2Error           0x0803b5e1     0x52  Code  Lc  bsp_sdio_sd.o [1]
CmdResp3Error           0x0803b5a3     0x3e  Code  Lc  bsp_sdio_sd.o [1]
CmdResp6Error           0x0803b633     0xa6  Code  Lc  bsp_sdio_sd.o [1]
CmdResp7Error           0x0803b425     0x58  Code  Lc  bsp_sdio_sd.o [1]
ConfigExitNVIC          0x0803f00b     0x22  Code  Gb  bsp_closeSW.o [1]
ConfigUartNVIC          0x080365a9     0x7c  Code  Lc  bsp_uart_fifo.o [1]
DMA1_Stream0_IRQHandler
                        0x080352e5     0x1c  Code  Gb  bsp_servomotor.o [1]
DMA2_Stream3_IRQHandler
                        0x0803bcd5      0x8  Code  Gb  bsp_sdio_sd.o [1]
DMAEndOfTransfer        0x2001ed70      0x4  Data  Gb  bsp_sdio_sd.o [1]
DMA_ClearFlag           0x08038f13     0x24  Code  Gb  stm32f4xx_dma.o [1]
DMA_Cmd                 0x08038ec9     0x1a  Code  Gb  stm32f4xx_dma.o [1]
DMA_DeInit              0x08038d31    0x140  Code  Gb  stm32f4xx_dma.o [1]
DMA_FlowControllerConfig
                        0x08038ee3     0x18  Code  Gb  stm32f4xx_dma.o [1]
DMA_GetCmdStatus        0x08038efb     0x18  Code  Gb  stm32f4xx_dma.o [1]
DMA_GetITStatus         0x08038f79     0x62  Code  Gb  stm32f4xx_dma.o [1]
DMA_ITConfig            0x08038f37     0x42  Code  Gb  stm32f4xx_dma.o [1]
DMA_Init                0x08038e71     0x58  Code  Gb  stm32f4xx_dma.o [1]
DebugMon_Handler        0x0803f3ef      0x2  Code  Gb  stm32f4xx_it.o [1]
DiskFile_init           0x08034d4d     0x40  Code  Gb  protocol.o [1]
Disk_File               0x2001e7b0     0x70  Data  Gb  protocol.o [1]
EXTI9_5_IRQHandler      0x0803f02d     0x3c  Code  Gb  bsp_closeSW.o [1]
EXTI_ClearITPendingBit  0x0803f16b      0x6  Code  Gb  stm32f4xx_exti.o [1]
EXTI_GetITStatus        0x0803f151     0x1a  Code  Gb  stm32f4xx_exti.o [1]
EXTI_Init               0x0803f0c9     0x88  Code  Gb  stm32f4xx_exti.o [1]
FR_Table                0x20000088     0x50  Data  Gb  demo_fatfs.o [1]
FatFs                   0x2001ecd4      0xc  Data  Lc  ff.o [1]
File_info               0x2001e9a8     0x50  Data  Gb  protocol.o [1]
Files                   0x2001eb44     0x24  Data  Lc  ff.o [1]
FindSCR                 0x0803b881    0x206  Code  Lc  bsp_sdio_sd.o [1]
Fsid                    0x2001ee0e      0x2  Data  Lc  ff.o [1]
GPIO_Init               0x08034fbd     0xaa  Code  Gb  stm32f4xx_gpio.o [1]
GPIO_PinAFConfig        0x0803508f     0x5a  Code  Gb  stm32f4xx_gpio.o [1]
GPIO_ReadInputDataBit   0x08035067     0x1a  Code  Gb  stm32f4xx_gpio.o [1]
GPIO_WriteBit           0x08035081      0xe  Code  Gb  stm32f4xx_gpio.o [1]
GetDeviceState          0x08034d19     0x2e  Code  Gb  bsp_sw_onoff.o [1]
HCD_GetCurrentFrame     0x08037ff9      0x8  Code  Gb  usb_hcd.o [1]
HCD_GetCurrentSpeed     0x08037fdb     0x10  Code  Gb  usb_hcd.o [1]
HCD_GetURB_State        0x08038001      0xa  Code  Gb  usb_hcd.o [1]
HCD_GetXferCnt          0x0803800b      0xc  Code  Gb  usb_hcd.o [1]
HCD_Init                0x08037f69     0x72  Code  Gb  usb_hcd.o [1]
HCD_ResetPort           0x08037feb      0xe  Code  Gb  usb_hcd.o [1]
HCD_SubmitRequest       0x08038017     0x28  Code  Gb  usb_hcd.o [1]
HardFault_Handler       0x0803f3bb     0x22  Code  Gb  stm32f4xx_it.o [1]
IWDG_Feed               0x08035a25      0x8  Code  Gb  bsp_watchdog.o [1]
IWDG_ReloadCounter      0x080390d5      0xa  Code  Gb  stm32f4xx_iwdg.o [1]
InStream_Read           0x0803f189     0x22  Code  Lc  packbits_init.o [5]
InitHardUart            0x080361e9    0x3c0  Code  Lc  bsp_uart_fifo.o [1]
Init_JINGSHA_GUI        0x0802f8cf    0x122  Code  Gb  bsp_sdwe050c17.o [1]
LfnBuf                  0x2001df24    0x200  Data  Lc  ff.o [1]
LfnOfs                  0x0803fcb0     0x10  Data  Lc  ff.o [1]
LoadInt                 0x08037491     0x6e  Code  Lc  xprintffull_nomb.o [3]
MSCErrorCount           0x2001ee27      0x1  Data  Gb  usbh_msc_core.o [1]
MSC_Machine             0x2001ea48     0x4c  Data  Gb  usbh_msc_core.o [1]
MSG_DEV_ATTACHED        0x0803fb2c     0x18  Data  Gb  usbh_usr.o [1]
MSG_DEV_DISCONNECTED    0x0803fb44     0x18  Data  Gb  usbh_usr.o [1]
MSG_DEV_ENUMERATED      0x0803f95c     0x1c  Data  Gb  usbh_usr.o [1]
MSG_DEV_ERROR           0x0803fc0c     0x14  Data  Gb  usbh_usr.o [1]
MSG_DEV_FULLSPEED       0x0803f7e8     0x20  Data  Gb  usbh_usr.o [1]
MSG_DEV_HIGHSPEED       0x0803f7c8     0x20  Data  Gb  usbh_usr.o [1]
MSG_DEV_LOWSPEED        0x0803f808     0x20  Data  Gb  usbh_usr.o [1]
MSG_HID_CLASS           0x0803f978     0x1c  Data  Gb  usbh_usr.o [1]
MSG_MSC_CLASS           0x0803f64c     0x24  Data  Gb  usbh_usr.o [1]
MSG_UNREC_ERROR         0x0803f994     0x1c  Data  Gb  usbh_usr.o [1]
MemManage_Handler       0x0803f3e9      0x2  Code  Gb  stm32f4xx_it.o [1]
NMI_Handler             0x0803f3b9      0x2  Code  Gb  stm32f4xx_it.o [1]
NVIC_Init               0x08039057     0x6a  Code  Gb  misc.o [1]
NVIC_PriorityGroupConfig
                        0x0803904d      0xa  Code  Gb  misc.o [1]
OTG_FS_IRQHandler       0x0803fd11     0x10  Code  Gb  usbh_it.o [1]
PendSV_Handler          0x080390e5           Code  Gb  portasm.o [1]
RCA                     0x2001ed64      0x4  Data  Lc  bsp_sdio_sd.o [1]
RCC_AHB1PeriphClockCmd  0x08036093     0x22  Code  Gb  stm32f4xx_rcc.o [1]
RCC_AHB2PeriphClockCmd  0x080360b5     0x1e  Code  Gb  stm32f4xx_rcc.o [1]
RCC_APB1PeriphClockCmd  0x080360d3     0x1e  Code  Gb  stm32f4xx_rcc.o [1]
RCC_APB1PeriphResetCmd  0x0803610f     0x1e  Code  Gb  stm32f4xx_rcc.o [1]
RCC_APB2PeriphClockCmd  0x080360f1     0x1e  Code  Gb  stm32f4xx_rcc.o [1]
RCC_APB2PeriphResetCmd  0x0803612d     0x1e  Code  Gb  stm32f4xx_rcc.o [1]
RCC_GetClocksFreq       0x08035f91    0x102  Code  Gb  stm32f4xx_rcc.o [1]
RS485_InitTXE           0x080361b5     0x34  Code  Gb  bsp_uart_fifo.o [1]
RS485_sendbuf           0x08036a65     0x3c  Code  Gb  bsp_uart_fifo.o [1]
Region$$Table$$Base     0x0803f694            --   Gb  - Linker created -
Region$$Table$$Limit    0x0803f6c8            --   Gb  - Linker created -
SDCardInfo              0x2001e950     0x58  Data  Gb  bsp_sdio_sd.o [1]
SDEnWideBus             0x0803b6e5    0x198  Code  Lc  bsp_sdio_sd.o [1]
SDIO_ClearFlag          0x0803c961      0x6  Code  Gb  stm32f4xx_sdio.o [1]
SDIO_ClearITPendingBit  0x0803c981      0x6  Code  Gb  stm32f4xx_sdio.o [1]
SDIO_ClockCmd           0x0803c88f      0x8  Code  Gb  stm32f4xx_sdio.o [1]
SDIO_CmdInitStructure   0x2001ebb8     0x14  Data  Gb  bsp_sdio_sd.o [1]
SDIO_DMACmd             0x0803c921      0x8  Code  Gb  stm32f4xx_sdio.o [1]
SDIO_DataConfig         0x0803c8ed     0x2e  Code  Gb  stm32f4xx_sdio.o [1]
SDIO_DataInitStructure  0x2001eba0     0x18  Data  Gb  bsp_sdio_sd.o [1]
SDIO_DeInit             0x0803c84d     0x18  Code  Gb  stm32f4xx_sdio.o [1]
SDIO_GetCommandResponse
                        0x0803c8cf      0x8  Code  Gb  stm32f4xx_sdio.o [1]
SDIO_GetFlagStatus      0x0803c947     0x1a  Code  Gb  stm32f4xx_sdio.o [1]
SDIO_GetITStatus        0x0803c967     0x1a  Code  Gb  stm32f4xx_sdio.o [1]
SDIO_GetPowerState      0x0803c89d      0xa  Code  Gb  stm32f4xx_sdio.o [1]
SDIO_GetResponse        0x0803c8d7     0x16  Code  Gb  stm32f4xx_sdio.o [1]
SDIO_IRQHandler         0x0803bccd      0x8  Code  Gb  bsp_sdio_sd.o [1]
SDIO_ITConfig           0x0803c929     0x1e  Code  Gb  stm32f4xx_sdio.o [1]
SDIO_Init               0x0803c865     0x2a  Code  Gb  stm32f4xx_sdio.o [1]
SDIO_InitStructure      0x2001eb88     0x18  Data  Gb  bsp_sdio_sd.o [1]
SDIO_Interrupts_Config  0x0803bc91     0x3c  Code  Gb  bsp_sdio_sd.o [1]
SDIO_ReadData           0x0803c91b      0x6  Code  Gb  stm32f4xx_sdio.o [1]
SDIO_SendCommand        0x0803c8a7     0x28  Code  Gb  stm32f4xx_sdio.o [1]
SDIO_SetPowerState      0x0803c897      0x6  Code  Gb  stm32f4xx_sdio.o [1]
SDWE_WARNNING           0x0802fb61     0x2a  Code  Gb  bsp_sdwe050c17.o [1]
SD_Detect               0x0803a389     0x22  Code  Gb  bsp_sdio_sd.o [1]
SD_EnableWideBusOperation
                        0x0803ab85     0xc8  Code  Gb  bsp_sdio_sd.o [1]
SD_GetCardInfo          0x0803a799    0x3ec  Code  Gb  bsp_sdio_sd.o [1]
SD_GetState             0x0803a35f     0x2a  Code  Gb  bsp_sdio_sd.o [1]
SD_GetStatus            0x0803a33d     0x22  Code  Gb  bsp_sdio_sd.o [1]
SD_Init                 0x0803a285     0xb8  Code  Gb  bsp_sdio_sd.o [1]
SD_InitializeCards      0x0803a5f7    0x1a2  Code  Gb  bsp_sdio_sd.o [1]
SD_LowLevel_DMA_RxConfig
                        0x0803bbdb     0x8e  Code  Gb  bsp_sdio_sd.o [1]
SD_LowLevel_DMA_TxConfig
                        0x0803bb4d     0x8e  Code  Gb  bsp_sdio_sd.o [1]
SD_LowLevel_Init        0x0803ba89     0xbc  Code  Gb  bsp_sdio_sd.o [1]
SD_PowerON              0x0803a3ab    0x24c  Code  Gb  bsp_sdio_sd.o [1]
SD_ProcessDMAIRQ        0x0803b3c9     0x22  Code  Gb  bsp_sdio_sd.o [1]
SD_ProcessIRQSrc        0x0803b31b     0xae  Code  Gb  bsp_sdio_sd.o [1]
SD_ReadBlock            0x0803ac85    0x108  Code  Gb  bsp_sdio_sd.o [1]
SD_ReadMultiBlocks      0x0803ad8d    0x134  Code  Gb  bsp_sdio_sd.o [1]
SD_SelectDeselect       0x0803ac4d     0x38  Code  Gb  bsp_sdio_sd.o [1]
SD_SendStatus           0x0803b2ad     0x6e  Code  Gb  bsp_sdio_sd.o [1]
SD_StopTransfer         0x0803b265     0x44  Code  Gb  bsp_sdio_sd.o [1]
SD_WaitReadOperation    0x0803aec5     0x96  Code  Gb  bsp_sdio_sd.o [1]
SD_WriteBlock           0x0803af65    0x11e  Code  Gb  bsp_sdio_sd.o [1]
SD_WriteMultiBlocks     0x0803b091    0x1cc  Code  Gb  bsp_sdio_sd.o [1]
SPI1_Init               0x08036de1     0xc0  Code  Gb  bsp_spi.o [1]
SPI1_ReadWriteByte      0x08036ec9     0x32  Code  Gb  bsp_spi.o [1]
SPI1_SetSpeed           0x08036ea1     0x28  Code  Gb  bsp_spi.o [1]
SPI_Cmd                 0x080393fd     0x1c  Code  Gb  stm32f4xx_spi.o [1]
SPI_I2S_GetFlagStatus   0x08039419     0x18  Code  Gb  stm32f4xx_spi.o [1]
SPI_Init                0x080393bd     0x40  Code  Gb  stm32f4xx_spi.o [1]
SRC_Buffer              0x2000017c     0x14  Data  Gb  bsp_servomotor.o [1]
SVC_Handler             0x0803913d           Code  Gb  portasm.o [1]
SYSCFG_EXTILineConfig   0x0803f075     0x50  Code  Gb  stm32f4xx_syscfg.o [1]
Sdwe_ClearReadDisk      0x0802fc37     0x1c  Code  Gb  bsp_sdwe050c17.o [1]
Sdwe_change_class_time  0x0803009b     0x30  Code  Gb  bsp_sdwe050c17.o [1]
Sdwe_clearString        0x0802fb8b     0x54  Code  Gb  bsp_sdwe050c17.o [1]
Sdwe_clear_filename     0x0802fc83     0x2a  Code  Gb  bsp_sdwe050c17.o [1]
Sdwe_disDigi            0x0802fa3b     0xa4  Code  Gb  bsp_sdwe050c17.o [1]
Sdwe_disPicture         0x0802f9f1     0x4a  Code  Gb  bsp_sdwe050c17.o [1]
Sdwe_disString          0x0802fadf     0x82  Code  Gb  bsp_sdwe050c17.o [1]
Sdwe_hidden_page        0x08030133     0x30  Code  Gb  bsp_sdwe050c17.o [1]
Sdwe_peiliao_page       0x0802ffa5     0xf6  Code  Gb  bsp_sdwe050c17.o [1]
Sdwe_period_page        0x080300cb     0x68  Code  Gb  bsp_sdwe050c17.o [1]
Sdwe_product_page       0x0802fe2d    0x174  Code  Gb  bsp_sdwe050c17.o [1]
Sdwe_readRTC            0x0802fc53     0x30  Code  Gb  bsp_sdwe050c17.o [1]
Sdwe_refresh_allname    0x0802fde3     0x48  Code  Gb  bsp_sdwe050c17.o [1]
Sdwe_refresh_filename   0x0802fcad    0x136  Code  Gb  bsp_sdwe050c17.o [1]
Sdwe_stop_page          0x08030163    0x366  Code  Gb  bsp_sdwe050c17.o [1]
Sdwe_writeIcon          0x0802fbdf     0x58  Code  Gb  bsp_sdwe050c17.o [1]
SetSysClock             0x0803eb9f     0xce  Code  Lc  system_stm32f4xx.o [1]
SlavePara               0x2001e5ec     0xa4  Data  Gb  protocol.o [1]
StopCondition           0x2001ed68      0x4  Data  Gb  bsp_sdio_sd.o [1]
SysTick_Handler         0x08035bb3     0x2c  Code  Gb  port.o [1]
SystemCoreClock         0x200001c0      0x4  Data  Gb  system_stm32f4xx.o [1]
SystemInit              0x0803eb4d     0x52  Code  Gb  system_stm32f4xx.o [1]
TIM1_PWM_SETPMOTOR      0x08034f09     0x9e  Code  Gb  bsp_stepmotor.o [1]
TIM2_IRQHandler         0x08036d1d     0xac  Code  Gb  bsp_timer.o [1]
TIM3_PWM_SETPMOTOR      0x08034ea1     0x68  Code  Gb  bsp_stepmotor.o [1]
TIM4ConfigPwmOut        0x080350e9     0x28  Code  Gb  bsp_servomotor.o [1]
TIM4StartPwmOut         0x08035111     0x2c  Code  Gb  bsp_servomotor.o [1]
TIM4StopPwmOut          0x0803513d     0x2e  Code  Gb  bsp_servomotor.o [1]
TIM4_CH1_PWM_Config     0x080351a9     0x8c  Code  Gb  bsp_servomotor.o [1]
TIM4_GPIO_Configuration
                        0x0803516b     0x3e  Code  Gb  bsp_servomotor.o [1]
TIM4_PWMDMA_Config      0x08035235     0xb0  Code  Gb  bsp_servomotor.o [1]
TIM6_DAC_IRQHandler     0x0803f357     0x22  Code  Gb  SysInfoTest.o [1]
TIM_ARRPreloadConfig    0x08031363     0x1c  Code  Gb  stm32f4xx_tim.o [1]
TIM_CallBack1           0x0802e17d     0x34  Code  Gb  apptask.o [1]
TIM_ClearITPendingBit   0x08031693      0x8  Code  Gb  stm32f4xx_tim.o [1]
TIM_Cmd                 0x0803137f     0x1c  Code  Gb  stm32f4xx_tim.o [1]
TIM_CtrlPWMOutputs      0x08031629     0x22  Code  Gb  stm32f4xx_tim.o [1]
TIM_DMACmd              0x0803169b     0x16  Code  Gb  stm32f4xx_tim.o [1]
TIM_DeInit              0x0803117d    0x17c  Code  Gb  stm32f4xx_tim.o [1]
TIM_GetITStatus         0x08031661     0x32  Code  Gb  stm32f4xx_tim.o [1]
TIM_ITConfig            0x0803164b     0x16  Code  Gb  stm32f4xx_tim.o [1]
TIM_OC1Init             0x0803139b     0x7e  Code  Gb  stm32f4xx_tim.o [1]
TIM_OC2Init             0x08031419     0x8c  Code  Gb  stm32f4xx_tim.o [1]
TIM_OC2PreloadConfig    0x080315ef     0x14  Code  Gb  stm32f4xx_tim.o [1]
TIM_OC3Init             0x080314a5     0x8a  Code  Gb  stm32f4xx_tim.o [1]
TIM_OC3PreloadConfig    0x08031603     0x12  Code  Gb  stm32f4xx_tim.o [1]
TIM_OC4Init             0x0803152f     0x68  Code  Gb  stm32f4xx_tim.o [1]
TIM_OC4PreloadConfig    0x08031615     0x14  Code  Gb  stm32f4xx_tim.o [1]
TIM_OCStructInit        0x080315cd     0x22  Code  Gb  stm32f4xx_tim.o [1]
TIM_TimeBaseInit        0x080312f9     0x6a  Code  Gb  stm32f4xx_tim.o [1]
Task_iwdg_refresh       0x0802e351     0x56  Code  Gb  apptask.o [1]
TransferEnd             0x2001ed6c      0x4  Data  Gb  bsp_sdio_sd.o [1]
TransferError           0x2001ee1d      0x1  Data  Gb  bsp_sdio_sd.o [1]
UART1ToPC               0x08036a05     0x30  Code  Gb  bsp_uart_fifo.o [1]
UART2ToPC               0x08036a35     0x30  Code  Gb  bsp_uart_fifo.o [1]
UART2_RX_BUF            0x2001e8e8     0x64  Data  Gb  bsp_uart_fifo.o [1]
UART3ToPC               0x08036aa1     0x30  Code  Gb  bsp_uart_fifo.o [1]
UART4ToPC               0x08036ad1     0x30  Code  Gb  bsp_uart_fifo.o [1]
UART4_IRQHandler        0x08036913     0x84  Code  Gb  bsp_uart_fifo.o [1]
UART4_RX_BUF            0x2001e884     0x64  Data  Gb  bsp_uart_fifo.o [1]
UART5ToPC               0x08036b03     0x30  Code  Gb  bsp_uart_fifo.o [1]
UART5_IRQHandler        0x08036997     0x6e  Code  Gb  bsp_uart_fifo.o [1]
UART5_RX_BUF            0x2001e820     0x64  Data  Gb  bsp_uart_fifo.o [1]
USART1_IRQHandler       0x08036883     0x1e  Code  Gb  bsp_uart_fifo.o [1]
USART2_IRQHandler       0x080368a1     0x68  Code  Gb  bsp_uart_fifo.o [1]
USART3_IRQHandler       0x08036909      0xa  Code  Gb  bsp_uart_fifo.o [1]
USART_ClearFlag         0x0803933f      0xc  Code  Gb  stm32f4xx_usart.o [1]
USART_Cmd               0x08039289     0x1c  Code  Gb  stm32f4xx_usart.o [1]
USART_DMACmd            0x080392b5     0x16  Code  Gb  stm32f4xx_usart.o [1]
USART_GetFlagStatus     0x08039321     0x1e  Code  Gb  stm32f4xx_usart.o [1]
USART_GetITStatus       0x0803934b     0x70  Code  Gb  stm32f4xx_usart.o [1]
USART_ITConfig          0x080392cb     0x56  Code  Gb  stm32f4xx_usart.o [1]
USART_Init              0x0803918d     0xee  Code  Gb  stm32f4xx_usart.o [1]
USART_ReceiveData       0x080392ad      0x8  Code  Gb  stm32f4xx_usart.o [1]
USART_SendData          0x080392a5      0x8  Code  Gb  stm32f4xx_usart.o [1]
USBH_Alloc_Channel      0x08038159     0x2e  Code  Gb  usbh_hcs.o [1]
USBH_BulkReceiveData    0x080387fd     0x62  Code  Gb  usbh_ioreq.o [1]
USBH_BulkSendData       0x0803879b     0x62  Code  Gb  usbh_ioreq.o [1]
USBH_CfgDesc            0x2001e324    0x200  Data  Gb  usbh_stdreq.o [1]
USBH_ClrFeature         0x080383a3     0x4c  Code  Gb  usbh_stdreq.o [1]
USBH_Connected          0x08031e0d      0xc  Code  Gb  usbh_core.o [1]
USBH_CtlReceiveData     0x08038755     0x46  Code  Gb  usbh_ioreq.o [1]
USBH_CtlReq             0x0803862f     0x6e  Code  Gb  usbh_ioreq.o [1]
USBH_CtlSendData        0x080386e1     0x74  Code  Gb  usbh_ioreq.o [1]
USBH_CtlSendSetup       0x0803869d     0x44  Code  Gb  usbh_ioreq.o [1]
USBH_DataInBuffer       0x2001e124    0x200  Data  Gb  usbh_msc_scsi.o [1]
USBH_DeAllocate_AllChannel
                        0x080381ab     0x20  Code  Gb  usbh_hcs.o [1]
USBH_DeInit             0x08031e73     0x3e  Code  Gb  usbh_core.o [1]
USBH_Disconnected       0x08031e19      0xc  Code  Gb  usbh_core.o [1]
USBH_ErrorHandle        0x08032083     0x34  Code  Gb  usbh_core.o [1]
USBH_Free_Channel       0x08038187     0x24  Code  Gb  usbh_hcs.o [1]
USBH_GetDescriptor      0x08038303     0x4e  Code  Gb  usbh_stdreq.o [1]
USBH_GetFreeChannel     0x080381cb     0x2e  Code  Lc  usbh_hcs.o [1]
USBH_GetNextDesc        0x08038617     0x18  Code  Gb  usbh_stdreq.o [1]
USBH_Get_CfgDesc        0x0803823f     0x78  Code  Gb  usbh_stdreq.o [1]
USBH_Get_DevDesc        0x080381f9     0x46  Code  Gb  usbh_stdreq.o [1]
USBH_Get_StringDesc     0x080382b7     0x4c  Code  Gb  usbh_stdreq.o [1]
USBH_HCD_INT_cb         0x200001b0      0xc  Data  Gb  usbh_core.o [1]
USBH_HCD_INT_fops       0x200001c4      0x4  Data  Gb  usbh_core.o [1]
USBH_HandleControl      0x080322cb    0x29a  Code  Gb  usbh_core.o [1]
USBH_HandleEnum         0x080320b7    0x214  Code  Lc  usbh_core.o [1]
USBH_Init               0x08031e2b     0x48  Code  Gb  usbh_core.o [1]
USBH_MSC_BOTReset       0x0803d98d     0x28  Code  Lc  usbh_msc_core.o [1]
USBH_MSC_BOTXferParam   0x2001ec9c     0x10  Data  Gb  usbh_msc_bot.o [1]
USBH_MSC_BOT_Abort      0x0803c73d     0x5c  Code  Gb  usbh_msc_bot.o [1]
USBH_MSC_CBWData        0x2001eb68     0x20  Data  Gb  usbh_msc_bot.o [1]
USBH_MSC_CSWData        0x2001ec8c     0x10  Data  Gb  usbh_msc_bot.o [1]
USBH_MSC_ClassRequest   0x0803d77b     0x12  Code  Lc  usbh_msc_core.o [1]
USBH_MSC_DecodeCSW      0x0803c799     0x7a  Code  Gb  usbh_msc_bot.o [1]
USBH_MSC_ErrorHandle    0x0803d9dd     0x3e  Code  Gb  usbh_msc_core.o [1]
USBH_MSC_GETMaxLUN      0x0803d9b5     0x28  Code  Lc  usbh_msc_core.o [1]
USBH_MSC_Handle         0x0803d78d    0x200  Code  Lc  usbh_msc_core.o [1]
USBH_MSC_HandleBOTXfer  0x0803c339    0x404  Code  Gb  usbh_msc_bot.o [1]
USBH_MSC_Init           0x0803c2f5     0x44  Code  Gb  usbh_msc_bot.o [1]
USBH_MSC_InterfaceDeInit
                        0x0803d72f     0x4c  Code  Lc  usbh_msc_core.o [1]
USBH_MSC_InterfaceInit  0x0803d649     0xe6  Code  Lc  usbh_msc_core.o [1]
USBH_MSC_ModeSense6     0x0803beef    0x10c  Code  Gb  usbh_msc_scsi.o [1]
USBH_MSC_Param          0x2001ecac     0x10  Data  Gb  usbh_msc_scsi.o [1]
USBH_MSC_Read10         0x0803c1d5    0x106  Code  Gb  usbh_msc_scsi.o [1]
USBH_MSC_ReadCapacity10
                        0x0803bdc5    0x12a  Code  Gb  usbh_msc_scsi.o [1]
USBH_MSC_RequestSense   0x0803bffb     0xee  Code  Gb  usbh_msc_scsi.o [1]
USBH_MSC_TestUnitReady  0x0803bcdd     0xe8  Code  Gb  usbh_msc_scsi.o [1]
USBH_MSC_Write10        0x0803c0e9     0xec  Code  Gb  usbh_msc_scsi.o [1]
USBH_MSC_cb             0x200001a0     0x10  Data  Gb  usbh_msc_core.o [1]
USBH_Modify_Channel     0x080380e5     0x74  Code  Gb  usbh_hcs.o [1]
USBH_OTG_ISR_Handler    0x0803c9c9     0xb8  Code  Gb  usb_hcd_int.o [1]
USBH_Open_Channel       0x0803803f     0xa6  Code  Gb  usbh_hcs.o [1]
USBH_ParseCfgDesc       0x0803844b    0x13c  Code  Lc  usbh_stdreq.o [1]
USBH_ParseDevDesc       0x080383ef     0x5c  Code  Lc  usbh_stdreq.o [1]
USBH_ParseEPDesc        0x080385bb     0x20  Code  Lc  usbh_stdreq.o [1]
USBH_ParseInterfaceDesc
                        0x08038595     0x26  Code  Lc  usbh_stdreq.o [1]
USBH_ParseStringDesc    0x080385db     0x3c  Code  Lc  usbh_stdreq.o [1]
USBH_Process            0x08031eb1    0x1d2  Code  Gb  usbh_core.o [1]
USBH_SOF                0x08031e25      0x6  Code  Gb  usbh_core.o [1]
USBH_SetAddress         0x08038351     0x2a  Code  Gb  usbh_stdreq.o [1]
USBH_SetCfg             0x0803837b     0x28  Code  Gb  usbh_stdreq.o [1]
USBH_SubmitSetupRequest
                        0x0803885f     0x16  Code  Lc  usbh_ioreq.o [1]
USBH_USR_Configuration_DescAvailable
                        0x08031d15     0x26  Code  Gb  usbh_usr.o [1]
USBH_USR_DeInit         0x08031e09      0x2  Code  Gb  usbh_usr.o [1]
USBH_USR_DeviceAddressAssigned
                        0x08031d13      0x2  Code  Gb  usbh_usr.o [1]
USBH_USR_DeviceAttached
                        0x08031c8d      0xa  Code  Gb  usbh_usr.o [1]
USBH_USR_DeviceDisconnected
                        0x08031ca1     0x1a  Code  Gb  usbh_usr.o [1]
USBH_USR_DeviceNotSupported
                        0x08031d7f      0xa  Code  Gb  usbh_usr.o [1]
USBH_USR_DeviceSpeedDetected
                        0x08031cc5     0x36  Code  Gb  usbh_usr.o [1]
USBH_USR_Device_DescAvailable
                        0x08031cfb     0x18  Code  Gb  usbh_usr.o [1]
USBH_USR_EnumerationDone
                        0x08031d65     0x1a  Code  Gb  usbh_usr.o [1]
USBH_USR_Init           0x08031c69     0x24  Code  Gb  usbh_usr.o [1]
USBH_USR_MSC_Application
                        0x08031e05      0x4  Code  Gb  usbh_usr.o [1]
USBH_USR_Manufacturer_String
                        0x08031d3b      0xe  Code  Gb  usbh_usr.o [1]
USBH_USR_OverCurrentDetected
                        0x08031d8d      0xa  Code  Gb  usbh_usr.o [1]
USBH_USR_Product_String
                        0x08031d49      0xe  Code  Gb  usbh_usr.o [1]
USBH_USR_ResetDevice    0x08031cbb      0xa  Code  Gb  usbh_usr.o [1]
USBH_USR_SerialNum_String
                        0x08031d57      0xe  Code  Gb  usbh_usr.o [1]
USBH_USR_UnrecoveredError
                        0x08031c97      0xa  Code  Gb  usbh_usr.o [1]
USBH_USR_UserInput      0x08031d89      0x4  Code  Gb  usbh_usr.o [1]
USB_Host                0x2001e690     0x94  Data  Gb  usbh_usr.o [1]
USB_OTG_BSP_DisableInterrupt
                        0x08037ecd     0x22  Code  Gb  usb_bsp.o [1]
USB_OTG_BSP_EnableInterrupt
                        0x08037eef     0x54  Code  Gb  usb_bsp.o [1]
USB_OTG_BSP_Init        0x08037e1d     0xb0  Code  Gb  usb_bsp.o [1]
USB_OTG_BSP_mDelay      0x08037f5d      0xc  Code  Gb  usb_bsp.o [1]
USB_OTG_BSP_uDelay      0x08037f51      0xc  Code  Gb  usb_bsp.o [1]
USB_OTG_Core            0x2001d3cc    0x5ac  Data  Gb  usbh_usr.o [1]
USB_OTG_CoreInit        0x08039a0d     0xce  Code  Gb  usb_core.o [1]
USB_OTG_CoreInitHost    0x08039c19     0xd0  Code  Gb  usb_core.o [1]
USB_OTG_CoreReset       0x08039857     0x60  Code  Lc  usb_core.o [1]
USB_OTG_DisableGlobalInt
                        0x08039af9     0x1e  Code  Gb  usb_core.o [1]
USB_OTG_DriveVbus       0x08039cf9     0x54  Code  Gb  usb_core.o [1]
USB_OTG_EnableCommonInt
                        0x08039835     0x22  Code  Lc  usb_core.o [1]
USB_OTG_EnableGlobalInt
                        0x08039adb     0x1e  Code  Gb  usb_core.o [1]
USB_OTG_EnableHostInt   0x08039d4d     0x4e  Code  Gb  usb_core.o [1]
USB_OTG_FlushRxFifo     0x08039b5f     0x40  Code  Gb  usb_core.o [1]
USB_OTG_FlushTxFifo     0x08039b17     0x48  Code  Gb  usb_core.o [1]
USB_OTG_GetMode         0x08039be5      0xa  Code  Gb  usb_core.o [1]
USB_OTG_HC_DoPing       0x0803a23d     0x48  Code  Gb  usb_core.o [1]
USB_OTG_HC_Halt         0x0803a1c9     0x74  Code  Gb  usb_core.o [1]
USB_OTG_HC_Init         0x08039df9    0x1d0  Code  Gb  usb_core.o [1]
USB_OTG_HC_StartXfer    0x08039fc9    0x200  Code  Gb  usb_core.o [1]
USB_OTG_InitFSLSPClkSel
                        0x08039d9b     0x12  Code  Gb  usb_core.o [1]
USB_OTG_IsEvenFrame     0x08039ce9     0x10  Code  Gb  usb_core.o [1]
USB_OTG_IsHostMode      0x08039bef     0x18  Code  Gb  usb_core.o [1]
USB_OTG_ReadCoreItr     0x08039c07     0x12  Code  Gb  usb_core.o [1]
USB_OTG_ReadHPRT0       0x08039dad     0x1c  Code  Gb  usb_core.o [1]
USB_OTG_ReadPacket      0x080398ff     0x2c  Code  Gb  usb_core.o [1]
USB_OTG_ResetPort       0x08039dc9     0x30  Code  Gb  usb_core.o [1]
USB_OTG_SelectCore      0x0803992b     0xe2  Code  Gb  usb_core.o [1]
USB_OTG_SetCurrentMode  0x08039ba9     0x3c  Code  Gb  usb_core.o [1]
USB_OTG_USBH_handle_Disconnect_ISR
                        0x0803cb05     0x1e  Code  Lc  usb_hcd_int.o [1]
USB_OTG_USBH_handle_IncompletePeriodicXfer_ISR
                        0x0803d61f     0x28  Code  Lc  usb_hcd_int.o [1]
USB_OTG_USBH_handle_hc_ISR
                        0x0803ca81     0x66  Code  Lc  usb_hcd_int.o [1]
USB_OTG_USBH_handle_hc_n_In_ISR
                        0x0803d191    0x378  Code  Lc  usb_hcd_int.o [1]
USB_OTG_USBH_handle_hc_n_Out_ISR
                        0x0803ce59    0x338  Code  Lc  usb_hcd_int.o [1]
USB_OTG_USBH_handle_nptxfempty_ISR
                        0x0803cb23    0x118  Code  Lc  usb_hcd_int.o [1]
USB_OTG_USBH_handle_port_ISR
                        0x0803cd55     0xfe  Code  Lc  usb_hcd_int.o [1]
USB_OTG_USBH_handle_ptxfempty_ISR
                        0x0803cc3b    0x11a  Code  Lc  usb_hcd_int.o [1]
USB_OTG_USBH_handle_rx_qlvl_ISR
                        0x0803d509    0x116  Code  Lc  usb_hcd_int.o [1]
USB_OTG_USBH_handle_sof_ISR
                        0x0803cae7     0x1e  Code  Lc  usb_hcd_int.o [1]
USB_OTG_WritePacket     0x080398b7     0x48  Code  Gb  usb_core.o [1]
USB_OTG_dev             0x2001d978    0x5ac  Data  Gb  usbh_usr.o [1]
USRH_cb                 0x200000d8     0x48  Data  Gb  usbh_usr.o [1]
UartDMAConfig           0x08036625    0x166  Code  Gb  bsp_uart_fifo.o [1]
UartIRQ                 0x0803678b     0xf8  Code  Lc  bsp_uart_fifo.o [1]
UsageFault_Handler      0x0803f3ed      0x2  Code  Gb  stm32f4xx_it.o [1]
UserTimerCallback       0x0802e1b1    0x192  Code  Gb  apptask.o [1]
W25QXX_BUFFER           0x2001b9cc   0x1000  Data  Gb  bsp_w25qxx.o [1]
W25QXX_Erase_Sector     0x08030d5d     0x52  Code  Gb  bsp_w25qxx.o [1]
W25QXX_Init             0x08030a4d     0x54  Code  Gb  bsp_w25qxx.o [1]
W25QXX_Read             0x08030b3b     0x62  Code  Gb  bsp_w25qxx.o [1]
W25QXX_ReadID           0x08030aef     0x4c  Code  Gb  bsp_w25qxx.o [1]
W25QXX_ReadSR           0x08030aa1     0x30  Code  Gb  bsp_w25qxx.o [1]
W25QXX_TYPE             0x200001c8      0x2  Data  Gb  bsp_w25qxx.o [1]
W25QXX_Wait_Busy        0x08030daf      0xc  Code  Gb  bsp_w25qxx.o [1]
W25QXX_Write            0x08030c51    0x10c  Code  Gb  bsp_w25qxx.o [1]
[...]
create_chain            0x08032c91     0xea  Code  Lc  ff.o [1]
create_name             0x08033785    0x31a  Code  Lc  ff.o [1]
debug_cmd               0x2001ee1f      0x1  Data  Gb  bsp_uart_fifo.o [1]
dec_lock                0x0803277b     0x5c  Code  Lc  ff.o [1]
device_info             0x2001e724     0x8c  Data  Gb  para.o [1]
dir_alloc               0x08032f57     0x66  Code  Lc  ff.o [1]
dir_find                0x080332d9    0x116  Code  Lc  ff.o [1]
dir_next                0x08032e2d    0x12a  Code  Lc  ff.o [1]
dir_read                0x080333ef    0x10c  Code  Lc  ff.o [1]
dir_register            0x080334fb    0x14e  Code  Lc  ff.o [1]
dir_sdi                 0x08032d7b     0xb2  Code  Lc  ff.o [1]
disk_initialize         0x08038875     0x40  Code  Gb  diskio.o [1]
disk_ioctl              0x08038a99     0xa6  Code  Gb  diskio.o [1]
disk_read               0x080388e1     0xdc  Code  Gb  diskio.o [1]
disk_status             0x080388b5     0x2c  Code  Gb  diskio.o [1]
disk_write              0x080389bd     0xdc  Code  Gb  diskio.o [1]
div                     0x080397b1      0xe  Code  Gb  div.o [3]
download_num            0x2001ee14      0x1  Data  Gb  apptask.o [1]
enq_lock                0x0803266b     0x28  Code  Lc  ff.o [1]
exit                    0x0803f9cb      0x4  Code  Gb  exit.o [3]
f_close                 0x08034661     0x38  Code  Gb  ff.o [1]
f_mount                 0x08034095     0x66  Code  Gb  ff.o [1]
f_open                  0x080340fb    0x20e  Code  Gb  ff.o [1]
f_opendir               0x08034699     0xb2  Code  Gb  ff.o [1]
f_readdir               0x0803474b     0x74  Code  Gb  ff.o [1]
f_sync                  0x080345ab     0xb6  Code  Gb  ff.o [1]
f_write                 0x08034319    0x292  Code  Gb  ff.o [1]
ff_convert              0x08038b59     0x80  Code  Gb  cc936.o [1]
ff_wtoupper             0x08038bd9     0x64  Code  Gb  cc936.o [1]
file_select             0x2001ecec      0xc  Data  Gb  protocol.o [1]
final_per_meter         0x08030639     0x1a  Code  Gb  product_cal.o [1]
find_volume             0x08033c05    0x45a  Code  Lc  ff.o [1]
fit_lfn                 0x0803313f     0x88  Code  Lc  ff.o [1]
follow_path             0x08033a9f     0x90  Code  Lc  ff.o [1]
fputc                   0x08036b39     0x22  Code  Gb  bsp_uart_fifo.o [1]
g_tUart3                0x2001eaf4     0x28  Data  Gb  bsp_uart_fifo.o [1]
gen_numname             0x080331cd     0xec  Code  Lc  ff.o [1]
get_card_type           0x080307c1     0xe4  Code  Gb  product_cal.o [1]
get_class_time          0x080306c9     0x7a  Code  Gb  product_cal.o [1]
get_fat                 0x08032993    0x11c  Code  Gb  ff.o [1]
get_fattime             0x08038b3f      0x4  Code  Gb  diskio.o [1]
get_fileinfo            0x08033649    0x13c  Code  Lc  ff.o [1]
get_float_1bit          0x080306a7     0x22  Code  Gb  product_cal.o [1]
get_ldnumber            0x08033b2f     0x50  Code  Lc  ff.o [1]
get_period_state        0x08030743     0x54  Code  Gb  product_cal.o [1]
get_valid_length        0x080304f9     0x26  Code  Gb  bsp_sdwe050c17.o [1]
hex_to_decimal          0x0803051f     0x26  Code  Gb  bsp_sdwe050c17.o [1]
idwgEventGroup          0x2001ed54      0x4  Data  Gb  apptask.o [1]
inc_card_type           0x080308ad    0x11c  Code  Gb  product_cal.o [1]
inc_lock                0x08032693     0xe8  Code  Lc  ff.o [1]
init_peiliao_para       0x0803056f     0x52  Code  Gb  product_cal.o [1]
init_product_para       0x08030545     0x2a  Code  Gb  product_cal.o [1]
input_password_buf      0x2001ece0      0xc  Data  Gb  protocol.o [1]
input_password_len      0x2001ee23      0x1  Data  Gb  protocol.o [1]
isDevicePeriod          0x2001ee1b      0x1  Data  Gb  apptask.o [1]
isWork                  0x2001ee15      0x1  Data  Gb  apptask.o [1]
is_same_data            0x08030797     0x2a  Code  Gb  product_cal.o [1]
lcd_busy                0x2001ee1e      0x1  Data  Gb  bsp_sdwe050c17.o [1]
lcd_rev_buf             0x2001ea94     0x34  Data  Gb  bsp_sdwe050c17.o [1]
lcd_rev_len             0x2001ee0c      0x2  Data  Gb  bsp_sdwe050c17.o [1]
ld_clust                0x08032fbd     0x28  Code  Lc  ff.o [1]
localeconv              0x0803977f     0x16  Code  Gb  localeconv.o [3]
m_ctrl_dev              0x2001ed0c      0x8  Data  Gb  modbus.o [1]
main                    0x0803f3f1     0x34  Code  Gb  main.o [1]
mallco_dev              0x20000160     0x1c  Data  Gb  malloc.o [1]
mb_init                 0x08034bc5     0x30  Code  Gb  modbus.o [1]
mb_packsend_frame       0x08034ad3     0xf2  Code  Gb  modbus.o [1]
mb_unpack_frame         0x08034991    0x142  Code  Gb  modbus.o [1]
mc_check_crc16          0x08038cb9     0x40  Code  Gb  mcheck.o [1]
mc_check_crc8           0x08038c95     0x24  Code  Gb  mcheck.o [1]
mc_check_sum            0x08038c4d     0x2e  Code  Gb  mcheck.o [1]
mc_check_xor            0x08038c7b     0x1a  Code  Gb  mcheck.o [1]
mem1base                0x200119cc   0xa000  Data  Gb  malloc.o [1]
mem1mapbase             0x2001c9cc    0xa00  Data  Gb  malloc.o [1]
mem2base                0x68000000  0xf0000  Data  Gb  malloc.o [1]
mem2mapbase             0x680f0000   0xf000  Data  Gb  malloc.o [1]
mem_cmp                 0x0803259f     0x24  Code  Lc  ff.o [1]
mem_cpy                 0x0803256d     0x1c  Code  Lc  ff.o [1]
mem_set                 0x08032589     0x16  Code  Lc  ff.o [1]
memblksize              0x0803ff04      0x8  Data  Gb  malloc.o [1]
memchr                  0x08039449           Code  Gb  memchr.o [5]
memsize                 0x0803ff0c      0x8  Data  Gb  malloc.o [1]
memtblsize              0x0803fefc      0x8  Data  Gb  malloc.o [1]
modbus_send_frame       0x08034bf5     0xe6  Code  Gb  modbus.o [1]
move_window             0x08032861     0x40  Code  Lc  ff.o [1]
my_mem_free             0x080310b3     0x6c  Code  Gb  malloc.o [1]
my_mem_init             0x08030f77     0x42  Code  Gb  malloc.o [1]
my_mem_malloc           0x08030ff7     0xbc  Code  Gb  malloc.o [1]
my_mem_perused          0x08030fb9     0x3e  Code  Gb  malloc.o [1]
myfree                  0x0803111f     0x24  Code  Gb  malloc.o [1]
mymalloc                0x08031143     0x2a  Code  Gb  malloc.o [1]
mymemset                0x08030f61     0x16  Code  Gb  malloc.o [1]
obuf                    0x2001e9f8     0x50  Data  Lc  xfiles.o [3]
oem2uni                 0x0801560c  0x15484  Data  Lc  cc936.o [1]
old_card_record         0x2001ee19      0x1  Data  Gb  apptask.o [1]
old_isWork              0x2001ee16      0x1  Data  Gb  apptask.o [1]
old_plan_complete       0x2001ee22      0x1  Data  Gb  product_cal.o [1]
para_init               0x0803e6d3     0x80  Code  Gb  para.o [1]
pcInterruptPriorityRegisters
                        0x0803ff40      0x4  Data  Lc  port.o [1]
peiliao_para            0x2001eac8     0x2c  Data  Gb  product_cal.o [1]
pick_lfn                0x080330b3     0x8c  Code  Lc  ff.o [1]
plan_complete           0x2001ee21      0x1  Data  Gb  product_cal.o [1]
pluse_count             0x2001ee06      0x2  Data  Gb  apptask.o [1]
printf                  0x08030e95     0x24  Code  Gb  printf.o [3]
product_complete_kilo   0x08030665     0x42  Code  Gb  product_cal.o [1]
product_complete_meter  0x08030653     0x12  Code  Gb  product_cal.o [1]
product_para            0x2001eb1c     0x28  Data  Gb  product_cal.o [1]
product_per_meter       0x080305c1     0x78  Code  Gb  product_cal.o [1]
prvAddCurrentTaskToDelayedList
                        0x0802ef41     0x48  Code  Lc  tasks.o [1]
prvAllocateTCBAndStack  0x0802ef89     0x5a  Code  Lc  tasks.o [1]
prvCheckForValidListAndQueue
                        0x080359b3     0x52  Code  Lc  timers.o [1]
prvCheckTasksWaitingTermination
                        0x0802eed7     0x66  Code  Lc  tasks.o [1]
prvCopyDataFromQueue    0x0802f771     0x30  Code  Lc  queue.o [1]
prvCopyDataToQueue      0x0802f6ed     0x84  Code  Lc  queue.o [1]
prvDeleteTCB            0x0802efe3     0x12  Code  Lc  tasks.o [1]
prvGetNextExpireTime    0x0803579f     0x2e  Code  Lc  timers.o [1]
prvHeapInit             0x08035ea1     0x6e  Code  Lc  heap_4.o [1]
prvIdleTask             0x0802edf1     0x26  Code  Lc  tasks.o [1]
prvInitialiseTCBVariables
                        0x0802ee17     0x6a  Code  Lc  tasks.o [1]
prvInitialiseTaskLists  0x0802ee81     0x56  Code  Lc  tasks.o [1]
prvInsertBlockIntoFreeList
                        0x08035f0f     0x62  Code  Lc  heap_4.o [1]
prvInsertTimerInActiveList
                        0x080357f5     0x50  Code  Lc  timers.o [1]
prvIsQueueEmpty         0x0802f80b     0x20  Code  Lc  queue.o [1]
prvIsQueueFull          0x0802f82b     0x22  Code  Lc  queue.o [1]
prvProcessExpiredTimer  0x080356b7     0x5c  Code  Lc  timers.o [1]
prvProcessReceivedCommands
                        0x08035845     0xde  Code  Lc  timers.o [1]
prvProcessTimerOrBlockTask
                        0x0803572f     0x70  Code  Lc  timers.o [1]
prvResetNextTaskUnblockTime
                        0x0802eff5     0x26  Code  Lc  tasks.o [1]
prvSampleTimeNow        0x080357cd     0x28  Code  Lc  timers.o [1]
prvSwitchTimerLists     0x08035923     0x90  Code  Lc  timers.o [1]
prvTaskExitError        0x08035a51     0x2a  Code  Lc  port.o [1]
prvTestWaitCondition    0x0803555b     0x24  Code  Lc  event_groups.o [1]
prvTimerTask            0x08035715     0x1a  Code  Lc  timers.o [1]
prvUnlockQueue          0x0802f7a1     0x6a  Code  Lc  queue.o [1]
put_fat                 0x08032aaf    0x16c  Code  Gb  ff.o [1]
putchar                 0x0803fb75      0xc  Code  Gb  putchar.o [3]
pvPortMalloc            0x08035d11    0x118  Code  Gb  heap_4.o [1]
pwm_flag                0x2001ee1c      0x1  Data  Gb  apptask.o [1]
pxCurrentTCB            0x2001eda4      0x4  Data  Gb  tasks.o [1]
pxCurrentTimerList      0x2001ede4      0x4  Data  Lc  timers.o [1]
pxDelayedTaskList       0x2001eda8      0x4  Data  Lc  tasks.o [1]
pxEnd                   0x2001ed84      0x4  Data  Lc  heap_4.o [1]
pxOverflowDelayedTaskList
                        0x2001edac      0x4  Data  Lc  tasks.o [1]
pxOverflowTimerList     0x2001ede8      0x4  Data  Lc  timers.o [1]
pxPortInitialiseStack   0x08035a2d     0x24  Code  Gb  port.o [1]
pxReadyTasksLists       0x2001e524     0xc8  Data  Lc  tasks.o [1]
rc522_cmd_anticoll      0x08034935     0x5a  Code  Gb  rc522.o [1]
rc522_cmd_request       0x080348e1     0x54  Code  Gb  rc522.o [1]
readSlave               0x2001ecc8      0xc  Data  Gb  apptask.o [1]
read_device_info        0x0803e4c9    0x20a  Code  Gb  para.o [1]
read_file_select        0x2001ecf8      0xc  Data  Gb  protocol.o [1]
remove_chain            0x08032c1b     0x76  Code  Lc  ff.o [1]
rfid_rev_buf            0x2001ebcc     0x14  Data  Gb  rc522.o [1]
rfid_rev_cnt            0x2001ee25      0x1  Data  Gb  rc522.o [1]
rfid_rev_flag           0x2001ee24      0x1  Data  Gb  rc522.o [1]
rtc_time                0x2001ed14      0x8  Data  Gb  protocol.o [1]
s_TIM_CallBack1         0x2001ed74      0x4  Data  Lc  bsp_timer.o [1]
s_TIM_CallBack2         0x2001ed78      0x4  Data  Lc  bsp_timer.o [1]
s_TIM_CallBack3         0x2001ed7c      0x4  Data  Lc  bsp_timer.o [1]
s_TIM_CallBack4         0x2001ed80      0x4  Data  Lc  bsp_timer.o [1]
sample_time             0x2001ee04      0x2  Data  Gb  apptask.o [1]
slave_info              0x2001ecbc      0xc  Data  Gb  apptask.o [1]
sprintf                 0x080347d1     0x34  Code  Gb  sprintf.o [3]
st_clust                0x08032fe5     0x18  Code  Lc  ff.o [1]
strcat                  0x08034805     0x1c  Code  Gb  strcat.o [3]
strchr                  0x08039431           Code  Gb  strchr.o [5]
strlen                  0x08031c1d           Code  Gb  strlen.o [5]
strstr                  0x08034d91     0x10  Code  Gb  apptask.o [1]
sum_sfn                 0x080332b9     0x20  Code  Lc  ff.o [1]
sync_fs                 0x080328a1     0xd8  Code  Lc  ff.o [1]
sync_window             0x08032807     0x5a  Code  Lc  ff.o [1]
system_state_dis        0x0803e9bc    0x190  Data  Gb  product_cal.o [1]
total_meter_gross       0x2001ed98      0x4  Data  Gb  product_cal.o [1]
total_weight_gross      0x2001ed9c      0x4  Data  Gb  product_cal.o [1]
ucHeap                  0x200001cc  0x11800  Data  Lc  heap_4.o [1]
ucMaxSysCallPriority    0x2001ee20      0x1  Data  Lc  port.o [1]
ulHighFrequencyTimerTicks
                        0x2001eda0      0x4  Data  Gb  SysInfoTest.o [1]
ulMaxPRIGROUPValue      0x2001ed94      0x4  Data  Lc  port.o [1]
ulTaskSwitchedInTime    0x2001eddc      0x4  Data  Lc  tasks.o [1]
ulTotalRunTime          0x2001ede0      0x4  Data  Lc  tasks.o [1]
uni2oem                 0x08000188  0x15484  Data  Lc  cc936.o [1]
usb_disk_flag           0x2001ee17      0x1  Data  Gb  apptask.o [1]
usbh_OpenMassStorage    0x08031c55     0x14  Code  Gb  usbh_usr.o [1]
uxCriticalNesting       0x200001bc      0x4  Data  Lc  port.o [1]
uxCurrentNumberOfTasks  0x2001edb4      0x4  Data  Lc  tasks.o [1]
uxListRemove            0x08035ce9     0x28  Code  Gb  list.o [1]
uxPendedTicks           0x2001edc4      0x4  Data  Lc  tasks.o [1]
uxSchedulerSuspended    0x2001edd8      0x4  Data  Lc  tasks.o [1]
uxTaskNumber            0x2001edd0      0x4  Data  Lc  tasks.o [1]
uxTaskResetEventItemValue
                        0x0802f055     0x20  Code  Gb  tasks.o [1]
uxTasksDeleted          0x2001edb0      0x4  Data  Lc  tasks.o [1]
uxTopReadyPriority      0x2001edbc      0x4  Data  Lc  tasks.o [1]
vListInitialise         0x08035c79     0x1e  Code  Gb  list.o [1]
vListInsert             0x08035caf     0x3a  Code  Gb  list.o [1]
vListInsertEnd          0x08035c97     0x18  Code  Gb  list.o [1]
vPortEnableVFP          0x08039171           Code  Gb  portasm.o [1]
vPortEnterCritical      0x08035b47     0x3a  Code  Gb  port.o [1]
vPortExitCritical       0x08035b81     0x32  Code  Gb  port.o [1]
vPortFree               0x08035e29     0x78  Code  Gb  heap_4.o [1]
vPortSetupTimerInterrupt
                        0x08035bdf      0xe  Code  Wk  port.o [1]
vPortStartFirstTask     0x08039159           Code  Gb  portasm.o [1]
vPortValidateInterruptPriority
                        0x08035bed     0x4e  Code  Gb  port.o [1]
vQueueWaitForMessageRestricted
                        0x0802f84d     0x44  Code  Gb  queue.o [1]
vSetupSysInfoTest       0x0803f345     0x12  Code  Gb  SysInfoTest.o [1]
vTaskDelay              0x0802e64d     0x84  Code  Gb  tasks.o [1]
vTaskManageCapacity     0x0802d9e1    0x4c0  Code  Gb  apptask.o [1]
vTaskMassStorage        0x0802cc69    0x23e  Code  Lc  apptask.o [1]
vTaskMissedYield        0x0802ede7      0xa  Code  Gb  tasks.o [1]
vTaskMotorControl       0x0802dea1     0x34  Code  Lc  apptask.o [1]
vTaskMsgPro             0x0802d2c1    0x426  Code  Lc  apptask.o [1]
vTaskPlaceOnEventList   0x0802ea4d     0x74  Code  Gb  tasks.o [1]
vTaskPlaceOnEventListRestricted
                        0x0802eb85     0x80  Code  Gb  tasks.o [1]
vTaskPlaceOnUnorderedEventList
                        0x0802eadd     0xa8  Code  Gb  tasks.o [1]
vTaskReadDisk           0x0802d7b9    0x1b4  Code  Lc  apptask.o [1]
vTaskRev485             0x0802d6ed     0xae  Code  Lc  apptask.o [1]
vTaskSetTimeOutState    0x0802ed31     0x26  Code  Gb  tasks.o [1]
vTaskStartScheduler     0x0802e6d1     0x7e  Code  Gb  tasks.o [1]
vTaskSuspendAll         0x0802e74f     0x10  Code  Gb  tasks.o [1]
vTaskSwitchContext      0x0802e99d     0xb0  Code  Gb  tasks.o [1]
vTaskTaskLCD            0x0802aa91   0x21b0  Code  Gb  apptask.o [1]
vTaskTaskLED            0x0802cec9     0x20  Code  Lc  apptask.o [1]
vTaskTaskRFID           0x0802cee9    0x3a6  Code  Lc  apptask.o [1]
validate                0x0803405f     0x36  Code  Lc  ff.o [1]
xActiveTimerList1       0x2001ec44     0x14  Data  Lc  timers.o [1]
xActiveTimerList2       0x2001ec58     0x14  Data  Lc  timers.o [1]
xBlockAllocatedBit      0x2001ed90      0x4  Data  Lc  heap_4.o [1]
xDelayedTaskList1       0x2001ebe0     0x14  Data  Lc  tasks.o [1]
xDelayedTaskList2       0x2001ebf4     0x14  Data  Lc  tasks.o [1]
xEventGroupCreate       0x0803531d     0x1c  Code  Gb  event_groups.o [1]
xEventGroupSetBits      0x08035485     0xd6  Code  Gb  event_groups.o [1]
xEventGroupWaitBits     0x08035339    0x146  Code  Gb  event_groups.o [1]
xFreeBytesRemaining     0x2001ed88      0x4  Data  Lc  heap_4.o [1]
xHandleTaskLCD          0x2001ed1c      0x4  Data  Gb  apptask.o [1]
xHandleTaskLED          0x2001ed20      0x4  Data  Gb  apptask.o [1]
xHandleTaskManageCapacity
                        0x2001ed38      0x4  Data  Gb  apptask.o [1]
xHandleTaskMassStorage  0x2001ed28      0x4  Data  Gb  apptask.o [1]
xHandleTaskMotorControl
                        0x2001ed3c      0x4  Data  Gb  apptask.o [1]
xHandleTaskMsgPro       0x2001ed30      0x4  Data  Gb  apptask.o [1]
xHandleTaskRFID         0x2001ed24      0x4  Data  Gb  apptask.o [1]
xHandleTaskReadDisk     0x2001ed2c      0x4  Data  Gb  apptask.o [1]
xHandleTaskRev485       0x2001ed34      0x4  Data  Gb  apptask.o [1]
xHeapStructSize         0x0803ff3c      0x4  Data  Lc  heap_4.o [1]
xMinimumEverFreeBytesRemaining
                        0x2001ed8c      0x4  Data  Lc  heap_4.o [1]
xNextTaskUnblockTime    0x2001edd4      0x4  Data  Lc  tasks.o [1]
xNumOfOverflows         0x2001edcc      0x4  Data  Lc  tasks.o [1]
xPendingReadyList       0x2001ec08     0x14  Data  Lc  tasks.o [1]
xPortStartScheduler     0x08035a7b     0xcc  Code  Gb  port.o [1]
xQueueGenericCreate     0x0802f159     0x7e  Code  Gb  queue.o [1]
xQueueGenericReceive    0x0802f54d    0x19c  Code  Gb  queue.o [1]
xQueueGenericReset      0x0802f0c9     0x90  Code  Gb  queue.o [1]
xQueueGenericSend       0x0802f1d7    0x1b2  Code  Gb  queue.o [1]
xQueueGenericSendFromISR
                        0x0802f389     0xec  Code  Gb  queue.o [1]
xQueueGiveFromISR       0x0802f475     0xd8  Code  Gb  queue.o [1]
xQueue_message          0x2001ed5c      0x4  Data  Gb  apptask.o [1]
xSchedulerRunning       0x2001edc0      0x4  Data  Lc  tasks.o [1]
xSemaphore_download     0x2001ed4c      0x4  Data  Gb  apptask.o [1]
xSemaphore_lcd          0x2001ed40      0x4  Data  Gb  apptask.o [1]
xSemaphore_pluse        0x2001ed48      0x4  Data  Gb  apptask.o [1]
xSemaphore_readDisk     0x2001ed50      0x4  Data  Gb  apptask.o [1]
xSemaphore_rs485        0x2001ed44      0x4  Data  Gb  apptask.o [1]
xStart                  0x2001ed04      0x8  Data  Lc  heap_4.o [1]
xSuspendedTaskList      0x2001ec30     0x14  Data  Lc  tasks.o [1]
xTaskCheckForTimeOut    0x0802ed5d     0x8a  Code  Gb  tasks.o [1]
xTaskGenericCreate      0x0802e4c9    0x184  Code  Gb  tasks.o [1]
xTaskGetSchedulerState  0x0802f01b     0x26  Code  Gb  tasks.o [1]
xTaskGetTickCount       0x0802e85f      0xa  Code  Gb  tasks.o [1]
xTaskIncrementTick      0x0802e869    0x134  Code  Gb  tasks.o [1]
xTaskRemoveFromEventList
                        0x0802ec09     0x8e  Code  Gb  tasks.o [1]
xTaskRemoveFromUnorderedEventList
                        0x0802ec9d     0x94  Code  Gb  tasks.o [1]
xTaskResumeAll          0x0802e75f    0x100  Code  Gb  tasks.o [1]
xTasksWaitingTermination
                        0x2001ec1c     0x14  Data  Lc  tasks.o [1]
xTickCount              0x2001edb8      0x4  Data  Lc  tasks.o [1]
xTimerCreate            0x080355d1     0x62  Code  Gb  timers.o [1]
xTimerCreateTimerTask   0x08035581     0x50  Code  Gb  timers.o [1]
xTimerGenericCommand    0x08035633     0x84  Code  Gb  timers.o [1]
xTimerQueue             0x2001edec      0x4  Data  Lc  timers.o [1]
xTimerUser              0x2001ed58      0x4  Data  Gb  apptask.o [1]
xYieldPending           0x2001edc8      0x4  Data  Lc  tasks.o [1]


[1] = E:\WORK\YarnControl_Driver\YarnControl_Driver\src\stm32f4_rtos\Project\EWARMv7\Flash\Obj
[2] = command line
[3] = dl7M_tlf.a
[4] = m7M_tls.a
[5] = rt7M_tl.a
[6] = shb_l.a

   81 540 bytes of readonly  code memory
  180 981 bytes of readonly  data memory
  128 555 bytes of readwrite data memory (+ 1 044 480 absolute)

Errors: none
Warnings: none
