###############################################################################
#
# IAR ELF Linker V7.40.7.9843/W32 for ARM                 02/Jan/2019  17:51:12
# Copyright 2007-2015 IAR Systems AB.
#
#    Output file  =  
#        F:\work\YarnControl_Driver\src\stm32f4_rtos\Project\EWARMv7\Flash\Exe\project.out
#    Map file     =  
#        F:\work\YarnControl_Driver\src\stm32f4_rtos\Project\EWARMv7\Flash\List\project.map
#    Command line =  
#        F:\work\YarnControl_Driver\src\stm32f4_rtos\Project\EWARMv7\Flash\Obj\apptask.o
#        F:\work\YarnControl_Driver\src\stm32f4_rtos\Project\EWARMv7\Flash\Obj\bsp.o
#        F:\work\YarnControl_Driver\src\stm32f4_rtos\Project\EWARMv7\Flash\Obj\bsp_closeSW.o
#        F:\work\YarnControl_Driver\src\stm32f4_rtos\Project\EWARMv7\Flash\Obj\bsp_dwt.o
#        F:\work\YarnControl_Driver\src\stm32f4_rtos\Project\EWARMv7\Flash\Obj\bsp_led.o
#        F:\work\YarnControl_Driver\src\stm32f4_rtos\Project\EWARMv7\Flash\Obj\bsp_sdio_sd.o
#        F:\work\YarnControl_Driver\src\stm32f4_rtos\Project\EWARMv7\Flash\Obj\bsp_sdwe050c17.o
#        F:\work\YarnControl_Driver\src\stm32f4_rtos\Project\EWARMv7\Flash\Obj\bsp_servomotor.o
#        F:\work\YarnControl_Driver\src\stm32f4_rtos\Project\EWARMv7\Flash\Obj\bsp_spi.o
#        F:\work\YarnControl_Driver\src\stm32f4_rtos\Project\EWARMv7\Flash\Obj\bsp_stepmotor.o
#        F:\work\YarnControl_Driver\src\stm32f4_rtos\Project\EWARMv7\Flash\Obj\bsp_sw_onoff.o
#        F:\work\YarnControl_Driver\src\stm32f4_rtos\Project\EWARMv7\Flash\Obj\bsp_tim_pwm.o
#        F:\work\YarnControl_Driver\src\stm32f4_rtos\Project\EWARMv7\Flash\Obj\bsp_timer.o
#        F:\work\YarnControl_Driver\src\stm32f4_rtos\Project\EWARMv7\Flash\Obj\bsp_uart_fifo.o
#        F:\work\YarnControl_Driver\src\stm32f4_rtos\Project\EWARMv7\Flash\Obj\bsp_w25qxx.o
#        F:\work\YarnControl_Driver\src\stm32f4_rtos\Project\EWARMv7\Flash\Obj\bsp_watchdog.o
#        F:\work\YarnControl_Driver\src\stm32f4_rtos\Project\EWARMv7\Flash\Obj\cc936.o
#        F:\work\YarnControl_Driver\src\stm32f4_rtos\Project\EWARMv7\Flash\Obj\cJSON.o
#        F:\work\YarnControl_Driver\src\stm32f4_rtos\Project\EWARMv7\Flash\Obj\croutine.o
#        F:\work\YarnControl_Driver\src\stm32f4_rtos\Project\EWARMv7\Flash\Obj\demo_fatfs.o
#        F:\work\YarnControl_Driver\src\stm32f4_rtos\Project\EWARMv7\Flash\Obj\diskio.o
#        F:\work\YarnControl_Driver\src\stm32f4_rtos\Project\EWARMv7\Flash\Obj\esp8266_handler.o
#        F:\work\YarnControl_Driver\src\stm32f4_rtos\Project\EWARMv7\Flash\Obj\esp8266_init.o
#        F:\work\YarnControl_Driver\src\stm32f4_rtos\Project\EWARMv7\Flash\Obj\event_groups.o
#        F:\work\YarnControl_Driver\src\stm32f4_rtos\Project\EWARMv7\Flash\Obj\ff.o
#        F:\work\YarnControl_Driver\src\stm32f4_rtos\Project\EWARMv7\Flash\Obj\heap_4.o
#        F:\work\YarnControl_Driver\src\stm32f4_rtos\Project\EWARMv7\Flash\Obj\list.o
#        F:\work\YarnControl_Driver\src\stm32f4_rtos\Project\EWARMv7\Flash\Obj\main.o
#        F:\work\YarnControl_Driver\src\stm32f4_rtos\Project\EWARMv7\Flash\Obj\malloc.o
#        F:\work\YarnControl_Driver\src\stm32f4_rtos\Project\EWARMv7\Flash\Obj\mcheck.o
#        F:\work\YarnControl_Driver\src\stm32f4_rtos\Project\EWARMv7\Flash\Obj\misc.o
#        F:\work\YarnControl_Driver\src\stm32f4_rtos\Project\EWARMv7\Flash\Obj\modbus.o
#        F:\work\YarnControl_Driver\src\stm32f4_rtos\Project\EWARMv7\Flash\Obj\MQTTConnectClient.o
#        F:\work\YarnControl_Driver\src\stm32f4_rtos\Project\EWARMv7\Flash\Obj\MQTTConnectServer.o
#        F:\work\YarnControl_Driver\src\stm32f4_rtos\Project\EWARMv7\Flash\Obj\MQTTDeserializePublish.o
#        F:\work\YarnControl_Driver\src\stm32f4_rtos\Project\EWARMv7\Flash\Obj\MQTTFormat.o
#        F:\work\YarnControl_Driver\src\stm32f4_rtos\Project\EWARMv7\Flash\Obj\MQTTPacket.o
#        F:\work\YarnControl_Driver\src\stm32f4_rtos\Project\EWARMv7\Flash\Obj\MQTTSerializePublish.o
#        F:\work\YarnControl_Driver\src\stm32f4_rtos\Project\EWARMv7\Flash\Obj\MQTTSubscribeClient.o
#        F:\work\YarnControl_Driver\src\stm32f4_rtos\Project\EWARMv7\Flash\Obj\MQTTSubscribeServer.o
#        F:\work\YarnControl_Driver\src\stm32f4_rtos\Project\EWARMv7\Flash\Obj\MQTTUnsubscribeClient.o
#        F:\work\YarnControl_Driver\src\stm32f4_rtos\Project\EWARMv7\Flash\Obj\MQTTUnsubscribeServer.o
#        F:\work\YarnControl_Driver\src\stm32f4_rtos\Project\EWARMv7\Flash\Obj\para.o
#        F:\work\YarnControl_Driver\src\stm32f4_rtos\Project\EWARMv7\Flash\Obj\port.o
#        F:\work\YarnControl_Driver\src\stm32f4_rtos\Project\EWARMv7\Flash\Obj\portasm.o
#        F:\work\YarnControl_Driver\src\stm32f4_rtos\Project\EWARMv7\Flash\Obj\product_cal.o
#        F:\work\YarnControl_Driver\src\stm32f4_rtos\Project\EWARMv7\Flash\Obj\protocol.o
#        F:\work\YarnControl_Driver\src\stm32f4_rtos\Project\EWARMv7\Flash\Obj\pub0sub1.o
#        F:\work\YarnControl_Driver\src\stm32f4_rtos\Project\EWARMv7\Flash\Obj\queue.o
#        F:\work\YarnControl_Driver\src\stm32f4_rtos\Project\EWARMv7\Flash\Obj\startup_stm32f40_41xxx.o
#        F:\work\YarnControl_Driver\src\stm32f4_rtos\Project\EWARMv7\Flash\Obj\stm32f4xx_adc.o
#        F:\work\YarnControl_Driver\src\stm32f4_rtos\Project\EWARMv7\Flash\Obj\stm32f4xx_assert.o
#        F:\work\YarnControl_Driver\src\stm32f4_rtos\Project\EWARMv7\Flash\Obj\stm32f4xx_can.o
#        F:\work\YarnControl_Driver\src\stm32f4_rtos\Project\EWARMv7\Flash\Obj\stm32f4xx_crc.o
#        F:\work\YarnControl_Driver\src\stm32f4_rtos\Project\EWARMv7\Flash\Obj\stm32f4xx_cryp.o
#        F:\work\YarnControl_Driver\src\stm32f4_rtos\Project\EWARMv7\Flash\Obj\stm32f4xx_cryp_aes.o
#        F:\work\YarnControl_Driver\src\stm32f4_rtos\Project\EWARMv7\Flash\Obj\stm32f4xx_cryp_des.o
#        F:\work\YarnControl_Driver\src\stm32f4_rtos\Project\EWARMv7\Flash\Obj\stm32f4xx_cryp_tdes.o
#        F:\work\YarnControl_Driver\src\stm32f4_rtos\Project\EWARMv7\Flash\Obj\stm32f4xx_dac.o
#        F:\work\YarnControl_Driver\src\stm32f4_rtos\Project\EWARMv7\Flash\Obj\stm32f4xx_dbgmcu.o
#        F:\work\YarnControl_Driver\src\stm32f4_rtos\Project\EWARMv7\Flash\Obj\stm32f4xx_dcmi.o
#        F:\work\YarnControl_Driver\src\stm32f4_rtos\Project\EWARMv7\Flash\Obj\stm32f4xx_dma.o
#        F:\work\YarnControl_Driver\src\stm32f4_rtos\Project\EWARMv7\Flash\Obj\stm32f4xx_dma2d.o
#        F:\work\YarnControl_Driver\src\stm32f4_rtos\Project\EWARMv7\Flash\Obj\stm32f4xx_exti.o
#        F:\work\YarnControl_Driver\src\stm32f4_rtos\Project\EWARMv7\Flash\Obj\stm32f4xx_flash.o
#        F:\work\YarnControl_Driver\src\stm32f4_rtos\Project\EWARMv7\Flash\Obj\stm32f4xx_fsmc.o
#        F:\work\YarnControl_Driver\src\stm32f4_rtos\Project\EWARMv7\Flash\Obj\stm32f4xx_gpio.o
#        F:\work\YarnControl_Driver\src\stm32f4_rtos\Project\EWARMv7\Flash\Obj\stm32f4xx_hash.o
#        F:\work\YarnControl_Driver\src\stm32f4_rtos\Project\EWARMv7\Flash\Obj\stm32f4xx_hash_md5.o
#        F:\work\YarnControl_Driver\src\stm32f4_rtos\Project\EWARMv7\Flash\Obj\stm32f4xx_hash_sha1.o
#        F:\work\YarnControl_Driver\src\stm32f4_rtos\Project\EWARMv7\Flash\Obj\stm32f4xx_i2c.o
#        F:\work\YarnControl_Driver\src\stm32f4_rtos\Project\EWARMv7\Flash\Obj\stm32f4xx_it.o
#        F:\work\YarnControl_Driver\src\stm32f4_rtos\Project\EWARMv7\Flash\Obj\stm32f4xx_iwdg.o
#        F:\work\YarnControl_Driver\src\stm32f4_rtos\Project\EWARMv7\Flash\Obj\stm32f4xx_ltdc.o
#        F:\work\YarnControl_Driver\src\stm32f4_rtos\Project\EWARMv7\Flash\Obj\stm32f4xx_pwr.o
#        F:\work\YarnControl_Driver\src\stm32f4_rtos\Project\EWARMv7\Flash\Obj\stm32f4xx_rcc.o
#        F:\work\YarnControl_Driver\src\stm32f4_rtos\Project\EWARMv7\Flash\Obj\stm32f4xx_rng.o
#        F:\work\YarnControl_Driver\src\stm32f4_rtos\Project\EWARMv7\Flash\Obj\stm32f4xx_rtc.o
#        F:\work\YarnControl_Driver\src\stm32f4_rtos\Project\EWARMv7\Flash\Obj\stm32f4xx_sai.o
#        F:\work\YarnControl_Driver\src\stm32f4_rtos\Project\EWARMv7\Flash\Obj\stm32f4xx_sdio.o
#        F:\work\YarnControl_Driver\src\stm32f4_rtos\Project\EWARMv7\Flash\Obj\stm32f4xx_spi.o
#        F:\work\YarnControl_Driver\src\stm32f4_rtos\Project\EWARMv7\Flash\Obj\stm32f4xx_syscfg.o
#        F:\work\YarnControl_Driver\src\stm32f4_rtos\Project\EWARMv7\Flash\Obj\stm32f4xx_tim.o
#        F:\work\YarnControl_Driver\src\stm32f4_rtos\Project\EWARMv7\Flash\Obj\stm32f4xx_usart.o
#        F:\work\YarnControl_Driver\src\stm32f4_rtos\Project\EWARMv7\Flash\Obj\stm32f4xx_wwdg.o
#        F:\work\YarnControl_Driver\src\stm32f4_rtos\Project\EWARMv7\Flash\Obj\SysInfoTest.o
#        F:\work\YarnControl_Driver\src\stm32f4_rtos\Project\EWARMv7\Flash\Obj\system_stm32f4xx.o
#        F:\work\YarnControl_Driver\src\stm32f4_rtos\Project\EWARMv7\Flash\Obj\tasks.o
#        F:\work\YarnControl_Driver\src\stm32f4_rtos\Project\EWARMv7\Flash\Obj\timers.o
#        F:\work\YarnControl_Driver\src\stm32f4_rtos\Project\EWARMv7\Flash\Obj\transport.o
#        F:\work\YarnControl_Driver\src\stm32f4_rtos\Project\EWARMv7\Flash\Obj\usb_bsp.o
#        F:\work\YarnControl_Driver\src\stm32f4_rtos\Project\EWARMv7\Flash\Obj\usb_core.o
#        F:\work\YarnControl_Driver\src\stm32f4_rtos\Project\EWARMv7\Flash\Obj\usb_hcd.o
#        F:\work\YarnControl_Driver\src\stm32f4_rtos\Project\EWARMv7\Flash\Obj\usb_hcd_int.o
#        F:\work\YarnControl_Driver\src\stm32f4_rtos\Project\EWARMv7\Flash\Obj\usbh_core.o
#        F:\work\YarnControl_Driver\src\stm32f4_rtos\Project\EWARMv7\Flash\Obj\usbh_hcs.o
#        F:\work\YarnControl_Driver\src\stm32f4_rtos\Project\EWARMv7\Flash\Obj\usbh_ioreq.o
#        F:\work\YarnControl_Driver\src\stm32f4_rtos\Project\EWARMv7\Flash\Obj\usbh_it.o
#        F:\work\YarnControl_Driver\src\stm32f4_rtos\Project\EWARMv7\Flash\Obj\usbh_msc_bot.o
#        F:\work\YarnControl_Driver\src\stm32f4_rtos\Project\EWARMv7\Flash\Obj\usbh_msc_core.o
#        F:\work\YarnControl_Driver\src\stm32f4_rtos\Project\EWARMv7\Flash\Obj\usbh_msc_scsi.o
#        F:\work\YarnControl_Driver\src\stm32f4_rtos\Project\EWARMv7\Flash\Obj\usbh_stdreq.o
#        F:\work\YarnControl_Driver\src\stm32f4_rtos\Project\EWARMv7\Flash\Obj\usbh_usr.o
#        -o
#        F:\work\YarnControl_Driver\src\stm32f4_rtos\Project\EWARMv7\Flash\Exe\project.out
#        --map
#        F:\work\YarnControl_Driver\src\stm32f4_rtos\Project\EWARMv7\Flash\List\project.map
#        --config
#        F:\work\YarnControl_Driver\src\stm32f4_rtos\Project\EWARMv7\stm32f4xx_flash.icf
#        --semihosting --entry __iar_program_start --inline --vfe
#
###############################################################################

*******************************************************************************
*** RUNTIME MODEL ATTRIBUTES
***

CppFlavor                     = *
__Heap_Handler                = DLMalloc
__SystemLibrary               = DLib
__dlib_dynamic_initialization = normal


*******************************************************************************
*** PLACEMENT SUMMARY
***

"A1":  place at 0x08000000 { ro section .intvec };
"P1":  place in [from 0x08000000 to 0x080fffff] { ro };
"P2":  place in [from 0x20000000 to 0x2001ffff] { rw, block CSTACK, block HEAP };

  Section             Kind        Address     Size  Object
  -------             ----        -------     ----  ------
"A1":                                        0x188
  .intvec             ro code  0x08000000    0x188  startup_stm32f40_41xxx.o [1]
                             - 0x08000188    0x188

"P1":                                      0x3d054
  .rodata             const    0x08000188  0x15484  cc936.o [1]
  .rodata             const    0x0801560c  0x15484  cc936.o [1]
  .text               ro code  0x0802aa90   0x2264  ff.o [1]
  .text               ro code  0x0802ccf4    0x2e4  diskio.o [1]
  .text               ro code  0x0802cfd8     0xf4  cc936.o [1]
  .text               ro code  0x0802d0cc   0x1a58  bsp_sdio_sd.o [1]
  .text               ro code  0x0802eb24    0x618  usbh_msc_scsi.o [1]
  .text               ro code  0x0802f13c    0x554  usbh_msc_bot.o [1]
  .text               ro code  0x0802f690    0x17c  stm32f4xx_sdio.o [1]
  .text               ro code  0x0802f80c    0x12c  stm32f4xx_gpio.o [1]
  .text               ro code  0x0802f938    0x2b4  stm32f4xx_dma.o [1]
  .text               ro code  0x0802fbec    0x1c4  stm32f4xx_rcc.o [1]
  .text               ro code  0x0802fdb0     0x88  misc.o [1]
  .text               ro code  0x0802fe38    0x246  usbh_ioreq.o [1]
  .text               ro code  0x0803007e     0xd6  usb_hcd.o [1]
  .text               ro code  0x08030154    0x436  usbh_stdreq.o [1]
  .text               ro code  0x0803058a      0xa  xsprout.o [3]
  .text               ro code  0x08030594    0xa50  usb_core.o [1]
  .text               ro code  0x08030fe4    0x14c  usb_bsp.o [1]
  .text               ro code  0x08031130     0x74  bsp_dwt.o [1]
  .text               ro code  0x080311a4   0x2184  apptask.o [1]
  .text               ro code  0x08033328    0xc00  tasks.o [1]
  .text               ro code  0x08033f28    0x7c8  queue.o [1]
  .text               ro code  0x080346f0    0x4d0  bsp_sdwe050c17.o [1]
  .text               ro code  0x08034bc0     0x66  ABImemset.o [5]
  .text               ro code  0x08034c28    0x370  bsp_w25qxx.o [1]
  .text               ro code  0x08034f98     0x76  ABImemcpy_unaligned.o [5]
  .text               ro code  0x08035010     0x4e  FltToDbl.o [4]
  .text               ro code  0x08035060     0x24  printf.o [3]
  .text               ro code  0x08035084     0x42  strcmp_unaligned.o [5]
  .text               ro code  0x080350c8    0x204  bsp_timer.o [1]
  .text               ro code  0x080352cc    0x1b6  usbh_usr.o [1]
  .text               ro code  0x08035484    0x760  usbh_core.o [1]
  .text               ro code  0x08035be4     0x34  sprintf.o [3]
  .text               ro code  0x08035c18    0x256  DblDiv.o [4]
  .text               ro code  0x08035e6e     0x1c  strcat.o [3]
  .text               ro code  0x08035e8c     0x36  strlen.o [5]
  .text               ro code  0x08035ec4     0xc0  bsp_led.o [1]
  .text               ro code  0x08035f84    0x354  modbus.o [1]
  .text               ro code  0x080362d8     0x68  bsp_sw_onoff.o [1]
  .text               ro code  0x08036340     0x44  protocol.o [1]
  .text               ro code  0x08036384     0x10  esp8266_handler.o [1]
  .text               ro code  0x08036394    0x262  event_groups.o [1]
  .text               ro code  0x080365f8    0x4a4  timers.o [1]
  .text               ro code  0x08036a9c      0x8  bsp_watchdog.o [1]
  .text               ro code  0x08036aa4    0x24c  port.o [1]
  .text               ro code  0x08036cf0     0x98  list.o [1]
  .text               ro code  0x08036d88    0x280  heap_4.o [1]
  .text               ro code  0x08037008    0x9b8  bsp_uart_fifo.o [1]
  .text               ro code  0x080379c0    0x124  bsp_spi.o [1]
  .text               ro code  0x08037ae4    0xd96  xprintffull_nomb.o [3]
  .text               ro code  0x0803887c    0x2ec  stm32f4xx_tim.o [1]
  .text               ro code  0x08038b68    0x1ba  usbh_hcs.o [1]
  .text               ro code  0x08038d24     0xb8  mcheck.o [1]
  .text               ro code  0x08038ddc    0x21c  malloc.o [1]
  .text               ro code  0x08038ff8     0x2c  strstr.o [3]
  .text               ro code  0x08039024     0x10  stm32f4xx_iwdg.o [1]
  CODE                ro code  0x08039034     0xa8  portasm.o [1]
  .text               ro code  0x080390dc    0x22e  stm32f4xx_usart.o [1]
  .text               ro code  0x0803930c     0x74  stm32f4xx_spi.o [1]
  .text               ro code  0x08039380     0x16  strchr.o [5]
  .text               ro code  0x08039398     0x58  memchr.o [5]
  .text               ro code  0x080393f0     0xee  I64DivMod.o [5]
  .text               ro code  0x080394de     0x42  xdnorm.o [4]
  .text               ro code  0x08039520     0x2e  DblCmpLe.o [4]
  .text               ro code  0x08039550     0x2e  DblCmpGe.o [4]
  .text               ro code  0x08039580    0x114  xdscale.o [4]
  .text               ro code  0x08039694     0x58  DblToI32.o [4]
  .text               ro code  0x080396ec     0x30  I32ToDbl.o [4]
  .text               ro code  0x0803971c    0x180  DblSub.o [4]
  .text               ro code  0x0803989c    0x1a2  DblMul.o [4]
  .text               ro code  0x08039a40     0x6c  localeconv.o [3]
  .text               ro code  0x08039aac      0xe  div.o [3]
  .text               ro code  0x08039abc      0x2  I64DivZer.o [5]
  .text               ro code  0x08039ac0     0xd4  DblAdd.o [4]
  .text               ro code  0x08039b94    0xc7e  usb_hcd_int.o [1]
  .text               ro code  0x0803a814    0x3e8  usbh_msc_core.o [1]
  .rodata             const    0x0803abfc    0x3dc  cc936.o [1]
  .rodata             const    0x0803afd8    0x3dc  cc936.o [1]
  .text               ro code  0x0803b3b4    0x2e0  bsp_tim_pwm.o [1]
  .text               ro code  0x0803b694    0x21c  bsp_stepmotor.o [1]
  .rodata             const    0x0803b8b0    0x1f4  apptask.o [1]
  .text               ro code  0x0803baa4    0x19c  para.o [1]
  .text               ro code  0x0803bc40    0x154  system_stm32f4xx.o [1]
  .rodata             const    0x0803bd94    0x100  mcheck.o [1]
  .rodata             const    0x0803be94    0x100  mcheck.o [1]
  .rodata             const    0x0803bf94    0x100  mcheck.o [1]
  .text               ro code  0x0803c094     0xd4  bsp_closeSW.o [1]
  .text               ro code  0x0803c168     0x54  stm32f4xx_syscfg.o [1]
  .text               ro code  0x0803c1bc     0xc0  stm32f4xx_exti.o [1]
  .text               ro code  0x0803c27c     0xc4  bsp_servomotor.o [1]
  .text               ro code  0x0803c340     0x50  bsp.o [1]
  .text               ro code  0x0803c390     0x40  zero_init3.o [5]
  .text               ro code  0x0803c3d0     0x3c  SysInfoTest.o [1]
  .rodata             const    0x0803c40c     0x38  demo_fatfs.o [1]
  .text               ro code  0x0803c444     0x38  stm32f4xx_it.o [1]
  .text               ro code  0x0803c47c     0x34  main.o [1]
  .rodata             const    0x0803c4b0     0x30  apptask.o [1]
  .rodata             const    0x0803c4e0     0x30  demo_fatfs.o [1]
  .rodata             const    0x0803c510     0x30  demo_fatfs.o [1]
  .rodata             const    0x0803c540     0x2c  apptask.o [1]
  .rodata             const    0x0803c56c     0x2c  demo_fatfs.o [1]
  .rodata             const    0x0803c598     0x2c  demo_fatfs.o [1]
  .rodata             const    0x0803c5c4     0x2c  stm32f4xx_it.o [1]
  .text               ro code  0x0803c5f0     0x2c  copy_init3.o [5]
  .rodata             const    0x0803c61c     0x28  demo_fatfs.o [1]
  .rodata             const    0x0803c644     0x28  demo_fatfs.o [1]
  .rodata             const    0x0803c66c     0x28  demo_fatfs.o [1]
  .text               ro code  0x0803c694     0x28  data_init.o [5]
  .rodata             const    0x0803c6bc     0x24  demo_fatfs.o [1]
  .rodata             const    0x0803c6e0     0x24  demo_fatfs.o [1]
  .rodata             const    0x0803c704     0x24  usbh_usr.o [1]
  .text               ro code  0x0803c728     0x22  fpinit_M.o [4]
  .iar.init_table     const    0x0803c74c     0x2c  - Linker created -
  .rodata             const    0x0803c778     0x20  apptask.o [1]
  .rodata             const    0x0803c798     0x20  apptask.o [1]
  .rodata             const    0x0803c7b8     0x20  bsp_sdwe050c17.o [1]
  .rodata             const    0x0803c7d8     0x20  demo_fatfs.o [1]
  .rodata             const    0x0803c7f8     0x20  demo_fatfs.o [1]
  .rodata             const    0x0803c818     0x20  demo_fatfs.o [1]
  .rodata             const    0x0803c838     0x20  usbh_usr.o [1]
  .rodata             const    0x0803c858     0x20  usbh_usr.o [1]
  .rodata             const    0x0803c878     0x20  usbh_usr.o [1]
  .rodata             const    0x0803c898     0x20  usbh_usr.o [1]
  .rodata             const    0x0803c8b8     0x20  usbh_usr.o [1]
  .rodata             const    0x0803c8d8     0x1c  apptask.o [1]
  .rodata             const    0x0803c8f4     0x1c  apptask.o [1]
  .rodata             const    0x0803c910     0x1c  apptask.o [1]
  .rodata             const    0x0803c92c     0x1c  apptask.o [1]
  .rodata             const    0x0803c948     0x1c  apptask.o [1]
  .rodata             const    0x0803c964     0x1c  apptask.o [1]
  .rodata             const    0x0803c980     0x1c  demo_fatfs.o [1]
  .rodata             const    0x0803c99c     0x1c  demo_fatfs.o [1]
  .rodata             const    0x0803c9b8     0x1c  usbh_usr.o [1]
  .rodata             const    0x0803c9d4     0x1c  usbh_usr.o [1]
  .rodata             const    0x0803c9f0     0x1c  usbh_usr.o [1]
  .rodata             const    0x0803ca0c     0x1c  usbh_usr.o [1]
  .rodata             const    0x0803ca28     0x1c  usbh_usr.o [1]
  .rodata             const    0x0803ca44     0x1c  usbh_usr.o [1]
  .text               ro code  0x0803ca60     0x1a  cmain.o [5]
  .text               ro code  0x0803ca7a      0x4  exit.o [3]
  .text               ro code  0x0803ca80      0xa  cexit.o [5]
  .text               ro code  0x0803ca8c     0x14  exit.o [6]
  .rodata             const    0x0803caa0     0x18  apptask.o [1]
  .rodata             const    0x0803cab8     0x18  apptask.o [1]
  .rodata             const    0x0803cad0     0x18  apptask.o [1]
  .rodata             const    0x0803cae8     0x18  apptask.o [1]
  .rodata             const    0x0803cb00     0x18  apptask.o [1]
  .rodata             const    0x0803cb18     0x18  apptask.o [1]
  .rodata             const    0x0803cb30     0x18  apptask.o [1]
  .rodata             const    0x0803cb48     0x18  demo_fatfs.o [1]
  .rodata             const    0x0803cb60     0x18  demo_fatfs.o [1]
  .rodata             const    0x0803cb78     0x18  demo_fatfs.o [1]
  .rodata             const    0x0803cb90     0x18  demo_fatfs.o [1]
  .rodata             const    0x0803cba8     0x18  usbh_usr.o [1]
  .rodata             const    0x0803cbc0     0x18  usbh_usr.o [1]
  .rodata             const    0x0803cbd8     0x18  usbh_usr.o [1]
  .rodata             const    0x0803cbf0     0x18  usbh_usr.o [1]
  .rodata             const    0x0803cc08     0x18  usbh_usr.o [1]
  .text               ro code  0x0803cc20     0x16  xprout.o [3]
  .text               ro code  0x0803cc38      0xc  putchar.o [3]
  .rodata             const    0x0803cc44     0x14  apptask.o [1]
  .rodata             const    0x0803cc58     0x14  apptask.o [1]
  .rodata             const    0x0803cc6c     0x14  apptask.o [1]
  .rodata             const    0x0803cc80     0x14  apptask.o [1]
  .rodata             const    0x0803cc94     0x14  apptask.o [1]
  .rodata             const    0x0803cca8     0x14  usbh_usr.o [1]
  .rodata             const    0x0803ccbc     0x14  usbh_usr.o [1]
  .rodata             const    0x0803ccd0     0x10  apptask.o [1]
  .rodata             const    0x0803cce0     0x10  apptask.o [1]
  .rodata             const    0x0803ccf0     0x10  apptask.o [1]
  .rodata             const    0x0803cd00     0x10  apptask.o [1]
  .rodata             const    0x0803cd10     0x10  apptask.o [1]
  .rodata             const    0x0803cd20     0x10  apptask.o [1]
  .rodata             const    0x0803cd30     0x10  apptask.o [1]
  .rodata             const    0x0803cd40     0x10  ff.o [1]
  .rodata             const    0x0803cd50     0x10  main.o [1]
  .rodata             const    0x0803cd60     0x10  main.o [1]
  .rodata             const    0x0803cd70     0x10  usbh_usr.o [1]
  .rodata             const    0x0803cd80     0x10  usbh_usr.o [1]
  .text               ro code  0x0803cd90     0x10  startup_stm32f40_41xxx.o [1]
  .text               ro code  0x0803cda0     0x10  usbh_it.o [1]
  .rodata             const    0x0803cdb0      0xc  apptask.o [1]
  .rodata             const    0x0803cdbc      0xc  apptask.o [1]
  .rodata             const    0x0803cdc8      0xc  apptask.o [1]
  .rodata             const    0x0803cdd4      0xc  apptask.o [1]
  .rodata             const    0x0803cde0      0xc  apptask.o [1]
  .rodata             const    0x0803cdec      0xc  apptask.o [1]
  .rodata             const    0x0803cdf8      0xc  apptask.o [1]
  .rodata             const    0x0803ce04      0xc  apptask.o [1]
  .rodata             const    0x0803ce10      0xc  apptask.o [1]
  .rodata             const    0x0803ce1c      0xc  apptask.o [1]
  .rodata             const    0x0803ce28      0xc  apptask.o [1]
  .rodata             const    0x0803ce34      0xc  apptask.o [1]
  .rodata             const    0x0803ce40      0xc  apptask.o [1]
  .rodata             const    0x0803ce4c      0xc  bsp_sdwe050c17.o [1]
  .rodata             const    0x0803ce58      0xc  bsp_sdwe050c17.o [1]
  .rodata             const    0x0803ce64      0xc  demo_fatfs.o [1]
  .rodata             const    0x0803ce70      0xc  ff.o [1]
  .text               ro code  0x0803ce7c      0xc  cstartup_M.o [5]
  .rodata             const    0x0803ce88      0x8  apptask.o [1]
  .rodata             const    0x0803ce90      0x8  apptask.o [1]
  .rodata             const    0x0803ce98      0x8  apptask.o [1]
  .rodata             const    0x0803cea0      0x8  apptask.o [1]
  .rodata             const    0x0803cea8      0x8  apptask.o [1]
  .rodata             const    0x0803ceb0      0x8  apptask.o [1]
  .rodata             const    0x0803ceb8      0x8  apptask.o [1]
  .rodata             const    0x0803cec0      0x8  apptask.o [1]
  .rodata             const    0x0803cec8      0x8  bsp_w25qxx.o [1]
  .rodata             const    0x0803ced0      0x8  ff.o [1]
  .rodata             const    0x0803ced8      0x8  malloc.o [1]
  .rodata             const    0x0803cee0      0x8  malloc.o [1]
  .rodata             const    0x0803cee8      0x8  malloc.o [1]
  .rodata             const    0x0803cef0      0x8  tasks.o [1]
  .rodata             const    0x0803cef8      0x8  timers.o [1]
  .rodata             const    0x0803cf00      0x4  heap_4.o [1]
  .rodata             const    0x0803cf04      0x4  port.o [1]
  .text               ro code  0x0803cf08      0x4  startup_stm32f40_41xxx.o [1]
  .text               ro code  0x0803cf0c      0x4  startup_stm32f40_41xxx.o [1]
  .text               ro code  0x0803cf10      0x4  startup_stm32f40_41xxx.o [1]
  .text               ro code  0x0803cf14      0x4  startup_stm32f40_41xxx.o [1]
  .text               ro code  0x0803cf18      0x4  startup_stm32f40_41xxx.o [1]
  .text               ro code  0x0803cf1c      0x4  startup_stm32f40_41xxx.o [1]
  .text               ro code  0x0803cf20      0x4  startup_stm32f40_41xxx.o [1]
  .text               ro code  0x0803cf24      0x4  startup_stm32f40_41xxx.o [1]
  .text               ro code  0x0803cf28      0x4  startup_stm32f40_41xxx.o [1]
  .text               ro code  0x0803cf2c      0x4  startup_stm32f40_41xxx.o [1]
  .text               ro code  0x0803cf30      0x4  startup_stm32f40_41xxx.o [1]
  .text               ro code  0x0803cf34      0x4  startup_stm32f40_41xxx.o [1]
  .text               ro code  0x0803cf38      0x4  startup_stm32f40_41xxx.o [1]
  .text               ro code  0x0803cf3c      0x4  startup_stm32f40_41xxx.o [1]
  .text               ro code  0x0803cf40      0x4  startup_stm32f40_41xxx.o [1]
  .text               ro code  0x0803cf44      0x4  startup_stm32f40_41xxx.o [1]
  .text               ro code  0x0803cf48      0x4  startup_stm32f40_41xxx.o [1]
  .text               ro code  0x0803cf4c      0x4  startup_stm32f40_41xxx.o [1]
  .text               ro code  0x0803cf50      0x4  startup_stm32f40_41xxx.o [1]
  .text               ro code  0x0803cf54      0x4  startup_stm32f40_41xxx.o [1]
  .text               ro code  0x0803cf58      0x4  startup_stm32f40_41xxx.o [1]
  .text               ro code  0x0803cf5c      0x4  startup_stm32f40_41xxx.o [1]
  .text               ro code  0x0803cf60      0x4  startup_stm32f40_41xxx.o [1]
  .text               ro code  0x0803cf64      0x4  startup_stm32f40_41xxx.o [1]
  .text               ro code  0x0803cf68      0x4  startup_stm32f40_41xxx.o [1]
  .text               ro code  0x0803cf6c      0x4  startup_stm32f40_41xxx.o [1]
  .text               ro code  0x0803cf70      0x4  startup_stm32f40_41xxx.o [1]
  .text               ro code  0x0803cf74      0x4  startup_stm32f40_41xxx.o [1]
  .text               ro code  0x0803cf78      0x4  startup_stm32f40_41xxx.o [1]
  .text               ro code  0x0803cf7c      0x4  startup_stm32f40_41xxx.o [1]
  .text               ro code  0x0803cf80      0x4  startup_stm32f40_41xxx.o [1]
  .text               ro code  0x0803cf84      0x4  startup_stm32f40_41xxx.o [1]
  .text               ro code  0x0803cf88      0x4  startup_stm32f40_41xxx.o [1]
  .text               ro code  0x0803cf8c      0x4  startup_stm32f40_41xxx.o [1]
  .text               ro code  0x0803cf90      0x4  startup_stm32f40_41xxx.o [1]
  .text               ro code  0x0803cf94      0x4  startup_stm32f40_41xxx.o [1]
  .text               ro code  0x0803cf98      0x4  startup_stm32f40_41xxx.o [1]
  .text               ro code  0x0803cf9c      0x4  startup_stm32f40_41xxx.o [1]
  .text               ro code  0x0803cfa0      0x4  startup_stm32f40_41xxx.o [1]
  .text               ro code  0x0803cfa4      0x4  startup_stm32f40_41xxx.o [1]
  .text               ro code  0x0803cfa8      0x4  startup_stm32f40_41xxx.o [1]
  .text               ro code  0x0803cfac      0x4  startup_stm32f40_41xxx.o [1]
  .text               ro code  0x0803cfb0      0x4  startup_stm32f40_41xxx.o [1]
  .text               ro code  0x0803cfb4      0x4  startup_stm32f40_41xxx.o [1]
  .text               ro code  0x0803cfb8      0x4  startup_stm32f40_41xxx.o [1]
  .text               ro code  0x0803cfbc      0x4  startup_stm32f40_41xxx.o [1]
  .text               ro code  0x0803cfc0      0x4  startup_stm32f40_41xxx.o [1]
  .text               ro code  0x0803cfc4      0x4  startup_stm32f40_41xxx.o [1]
  .text               ro code  0x0803cfc8      0x4  startup_stm32f40_41xxx.o [1]
  .text               ro code  0x0803cfcc      0x4  startup_stm32f40_41xxx.o [1]
  .text               ro code  0x0803cfd0      0x4  startup_stm32f40_41xxx.o [1]
  .text               ro code  0x0803cfd4      0x4  startup_stm32f40_41xxx.o [1]
  .text               ro code  0x0803cfd8      0x4  startup_stm32f40_41xxx.o [1]
  .text               ro code  0x0803cfdc      0x4  startup_stm32f40_41xxx.o [1]
  .text               ro code  0x0803cfe0      0x4  startup_stm32f40_41xxx.o [1]
  .text               ro code  0x0803cfe4      0x4  startup_stm32f40_41xxx.o [1]
  .text               ro code  0x0803cfe8      0x4  startup_stm32f40_41xxx.o [1]
  .text               ro code  0x0803cfec      0x4  startup_stm32f40_41xxx.o [1]
  .text               ro code  0x0803cff0      0x4  startup_stm32f40_41xxx.o [1]
  .text               ro code  0x0803cff4      0x4  startup_stm32f40_41xxx.o [1]
  .text               ro code  0x0803cff8      0x4  startup_stm32f40_41xxx.o [1]
  .text               ro code  0x0803cffc      0x4  startup_stm32f40_41xxx.o [1]
  .text               ro code  0x0803d000      0x4  startup_stm32f40_41xxx.o [1]
  .text               ro code  0x0803d004      0x4  startup_stm32f40_41xxx.o [1]
  .text               ro code  0x0803d008      0x4  startup_stm32f40_41xxx.o [1]
  .text               ro code  0x0803d00c      0x4  startup_stm32f40_41xxx.o [1]
  .text               ro code  0x0803d010      0x4  startup_stm32f40_41xxx.o [1]
  .text               ro code  0x0803d014      0x4  startup_stm32f40_41xxx.o [1]
  .text               ro code  0x0803d018      0x4  startup_stm32f40_41xxx.o [1]
  .text               ro code  0x0803d01c      0x4  startup_stm32f40_41xxx.o [1]
  .text               ro code  0x0803d020      0x4  startup_stm32f40_41xxx.o [1]
  .rodata             const    0x0803d024      0x0  zero_init3.o [5]
  .rodata             const    0x0803d024      0x0  copy_init3.o [5]
  Initializer bytes   const    0x0803d024    0x1b8  <for P2 s0>
                             - 0x0803d1dc  0x3d054

"P2":                                      0x1ccd0
  P2 s0                        0x20000000    0x1b8  <Init block>
    __DLIB_PERTHREAD  inited   0x20000000     0x88  localeconv.o [3]
    .data             inited   0x20000088     0x50  demo_fatfs.o [1]
    .data             inited   0x200000d8     0x48  usbh_usr.o [1]
    .data             inited   0x20000120     0x40  xfiles.o [3]
    .data             inited   0x20000160     0x1c  malloc.o [1]
    .data             inited   0x2000017c     0x10  stm32f4xx_rcc.o [1]
    .data             inited   0x2000018c     0x10  usbh_msc_core.o [1]
    .data             inited   0x2000019c      0xc  usbh_core.o [1]
    .data             inited   0x200001a8      0x4  port.o [1]
    .data             inited   0x200001ac      0x4  system_stm32f4xx.o [1]
    .data             inited   0x200001b0      0x4  usbh_core.o [1]
    .data             inited   0x200001b4      0x2  bsp_w25qxx.o [1]
    .data             inited   0x200001b6      0x1  usbh_msc_scsi.o [1]
  .bss                zero     0x200001b8   0xf000  heap_4.o [1]
  .bss                zero     0x2000f1b8   0xa000  malloc.o [1]
  .bss                zero     0x200191b8   0x1000  bsp_w25qxx.o [1]
  .bss                zero     0x2001a1b8    0xa00  malloc.o [1]
  .bss                zero     0x2001abb8    0x5ac  usbh_usr.o [1]
  .bss                zero     0x2001b164    0x5ac  usbh_usr.o [1]
  .bss                zero     0x2001b710    0x200  ff.o [1]
  .bss                zero     0x2001b910    0x200  usbh_msc_scsi.o [1]
  .bss                zero     0x2001bb10    0x200  usbh_stdreq.o [1]
  .bss                zero     0x2001bd10     0xa4  protocol.o [1]
  .bss                zero     0x2001bdb4     0xa0  tasks.o [1]
  .bss                zero     0x2001be54     0x94  usbh_usr.o [1]
  .bss                zero     0x2001bee8     0x70  protocol.o [1]
  .bss                zero     0x2001bf58     0x64  bsp_uart_fifo.o [1]
  .bss                zero     0x2001bfbc     0x64  bsp_uart_fifo.o [1]
  .bss                zero     0x2001c020     0x58  bsp_sdio_sd.o [1]
  .bss                zero     0x2001c078     0x50  protocol.o [1]
  .bss                zero     0x2001c0c8     0x50  xfiles.o [3]
  .bss                zero     0x2001c118     0x4c  usbh_msc_core.o [1]
  .bss                zero     0x2001c164     0x34  bsp_sdwe050c17.o [1]
  .bss                zero     0x2001c198     0x34  para.o [1]
  .bss                zero     0x2001c1cc     0x28  bsp_uart_fifo.o [1]
  .bss                zero     0x2001c1f4     0x28  bsp_uart_fifo.o [1]
  .bss                zero     0x2001c21c     0x24  ff.o [1]
  .bss                zero     0x2001c240     0x20  usbh_msc_bot.o [1]
  .bss                zero     0x2001c260     0x18  bsp_sdio_sd.o [1]
  .bss                zero     0x2001c278     0x18  bsp_sdio_sd.o [1]
  .bss                zero     0x2001c290     0x14  bsp_sdio_sd.o [1]
  .bss                zero     0x2001c2a4     0x14  tasks.o [1]
  .bss                zero     0x2001c2b8     0x14  tasks.o [1]
  .bss                zero     0x2001c2cc     0x14  tasks.o [1]
  .bss                zero     0x2001c2e0     0x14  tasks.o [1]
  .bss                zero     0x2001c2f4     0x14  tasks.o [1]
  .bss                zero     0x2001c308     0x14  timers.o [1]
  .bss                zero     0x2001c31c     0x14  timers.o [1]
  .bss                zero     0x2001c330     0x10  bsp_sdio_sd.o [1]
  .bss                zero     0x2001c340     0x10  bsp_sdio_sd.o [1]
  .bss                zero     0x2001c350     0x10  usbh_msc_bot.o [1]
  .bss                zero     0x2001c360     0x10  usbh_msc_bot.o [1]
  .bss                zero     0x2001c370     0x10  usbh_msc_scsi.o [1]
  .bss                zero     0x2001c380      0xc  apptask.o [1]
  .bss                zero     0x2001c38c      0xc  apptask.o [1]
  .bss                zero     0x2001c398      0xc  ff.o [1]
  .bss                zero     0x2001c3a4      0xc  protocol.o [1]
  .bss                zero     0x2001c3b0      0xc  protocol.o [1]
  .bss                zero     0x2001c3bc      0xc  protocol.o [1]
  .bss                zero     0x2001c3c8      0x8  heap_4.o [1]
  .bss                zero     0x2001c3d0      0x8  modbus.o [1]
  .bss                zero     0x2001c3d8      0x8  protocol.o [1]
  .bss                zero     0x2001c3e0      0x4  apptask.o [1]
  .bss                zero     0x2001c3e4      0x4  apptask.o [1]
  .bss                zero     0x2001c3e8      0x4  apptask.o [1]
  .bss                zero     0x2001c3ec      0x4  apptask.o [1]
  .bss                zero     0x2001c3f0      0x4  apptask.o [1]
  .bss                zero     0x2001c3f4      0x4  apptask.o [1]
  .bss                zero     0x2001c3f8      0x4  apptask.o [1]
  .bss                zero     0x2001c3fc      0x4  apptask.o [1]
  .bss                zero     0x2001c400      0x4  apptask.o [1]
  .bss                zero     0x2001c404      0x4  apptask.o [1]
  .bss                zero     0x2001c408      0x4  apptask.o [1]
  .bss                zero     0x2001c40c      0x4  apptask.o [1]
  .bss                zero     0x2001c410      0x4  apptask.o [1]
  .bss                zero     0x2001c414      0x4  apptask.o [1]
  .bss                zero     0x2001c418      0x4  apptask.o [1]
  .bss                zero     0x2001c41c      0x4  bsp_sdio_sd.o [1]
  .bss                zero     0x2001c420      0x4  bsp_sdio_sd.o [1]
  .bss                zero     0x2001c424      0x4  bsp_sdio_sd.o [1]
  .bss                zero     0x2001c428      0x4  bsp_sdio_sd.o [1]
  .bss                zero     0x2001c42c      0x4  bsp_sdio_sd.o [1]
  .bss                zero     0x2001c430      0x4  bsp_timer.o [1]
  .bss                zero     0x2001c434      0x4  bsp_timer.o [1]
  .bss                zero     0x2001c438      0x4  bsp_timer.o [1]
  .bss                zero     0x2001c43c      0x4  bsp_timer.o [1]
  .bss                zero     0x2001c440      0x4  heap_4.o [1]
  .bss                zero     0x2001c444      0x4  heap_4.o [1]
  .bss                zero     0x2001c448      0x4  heap_4.o [1]
  .bss                zero     0x2001c44c      0x4  heap_4.o [1]
  .bss                zero     0x2001c450      0x4  port.o [1]
  .bss                zero     0x2001c454      0x4  SysInfoTest.o [1]
  .bss                zero     0x2001c458      0x4  tasks.o [1]
  .bss                zero     0x2001c45c      0x4  tasks.o [1]
  .bss                zero     0x2001c460      0x4  tasks.o [1]
  .bss                zero     0x2001c464      0x4  tasks.o [1]
  .bss                zero     0x2001c468      0x4  tasks.o [1]
  .bss                zero     0x2001c46c      0x4  tasks.o [1]
  .bss                zero     0x2001c470      0x4  tasks.o [1]
  .bss                zero     0x2001c474      0x4  tasks.o [1]
  .bss                zero     0x2001c478      0x4  tasks.o [1]
  .bss                zero     0x2001c47c      0x4  tasks.o [1]
  .bss                zero     0x2001c480      0x4  tasks.o [1]
  .bss                zero     0x2001c484      0x4  tasks.o [1]
  .bss                zero     0x2001c488      0x4  tasks.o [1]
  .bss                zero     0x2001c48c      0x4  tasks.o [1]
  .bss                zero     0x2001c490      0x4  tasks.o [1]
  .bss                zero     0x2001c494      0x4  tasks.o [1]
  .bss                zero     0x2001c498      0x4  timers.o [1]
  .bss                zero     0x2001c49c      0x4  timers.o [1]
  .bss                zero     0x2001c4a0      0x4  timers.o [1]
  .bss                zero     0x2001c4a4      0x4  timers.o [1]
  .bss                zero     0x2001c4a8      0x4  usbh_msc_bot.o [1]
  .bss                zero     0x2001c4ac      0x4  usbh_msc_bot.o [1]
  .bss                zero     0x2001c4b0      0x4  usbh_msc_bot.o [1]
  .bss                zero     0x2001c4b4      0x4  usbh_msc_bot.o [1]
  .bss                zero     0x2001c4b8      0x2  bsp_sdwe050c17.o [1]
  .bss                zero     0x2001c4ba      0x2  ff.o [1]
  .bss                zero     0x2001c4bc      0x2  usbh_core.o [1]
  .bss                zero     0x2001c4be      0x2  usbh_stdreq.o [1]
  .bss                zero     0x2001c4c0      0x1  apptask.o [1]
  .bss                zero     0x2001c4c1      0x1  apptask.o [1]
  .bss                zero     0x2001c4c2      0x1  apptask.o [1]
  .bss                zero     0x2001c4c3      0x1  apptask.o [1]
  .bss                zero     0x2001c4c4      0x1  bsp_sdio_sd.o [1]
  .bss                zero     0x2001c4c5      0x1  bsp_uart_fifo.o [1]
  .bss                zero     0x2001c4c6      0x1  port.o [1]
  .bss                zero     0x2001c4c7      0x1  protocol.o [1]
  .bss                zero     0x2001c4c8      0x1  usbh_msc_bot.o [1]
  .bss                zero     0x2001c4c9      0x1  usbh_msc_core.o [1]
  .bss                zero     0x2001c4ca      0x1  usbh_msc_core.o [1]
  .bss                zero     0x2001c4cb      0x1  usbh_stdreq.o [1]
  .bss                zero     0x2001c4cc      0x1  usbh_usr.o [1]
  CSTACK                       0x2001c4d0    0x800  <Block>
    CSTACK            uninit   0x2001c4d0    0x800  <Block tail>
                             - 0x2001ccd0  0x1ccd0

Absolute sections:                         0xff000
  .bss                zero     0x68000000  0xf0000  malloc.o [1]
  .bss                zero     0x680f0000   0xf000  malloc.o [1]
                             - 0x680ff000  0xff000


*******************************************************************************
*** INIT TABLE
***

          Address     Size
          -------     ----
Zero (__iar_zero_init3)
    2 destination ranges, total size 0x11b315:
          0x200001b8  0x1c315
          0x68000000  0xff000

Copy (__iar_copy_init3)
    1 source range, total size 0x1b8 (100% of destination):
          0x0803d024    0x1b8
    1 destination range, total size 0x1b7:
          0x20000000    0x1b7



*******************************************************************************
*** MODULE SUMMARY
***

    Module                    ro code  ro data  rw data    rw data
                                                            (abs)
    ------                    -------  -------  -------    -------
F:\work\YarnControl_Driver\src\stm32f4_rtos\Project\EWARMv7\Flash\Obj: [1]
    SysInfoTest.o                  60                 4
    apptask.o                   8 580    1 424       88
    bsp.o                          80
    bsp_closeSW.o                 212
    bsp_dwt.o                     116
    bsp_led.o                     192
    bsp_sdio_sd.o               6 744               209
    bsp_sdwe050c17.o            1 232       56       54
    bsp_servomotor.o              196
    bsp_spi.o                     292
    bsp_stepmotor.o               540
    bsp_sw_onoff.o                104
    bsp_tim_pwm.o                 736
    bsp_timer.o                   516                16
    bsp_uart_fifo.o             2 488               281
    bsp_w25qxx.o                  880       10    4 098
    bsp_watchdog.o                  8
    cc936.o                       244  176 320
    demo_fatfs.o                           772       80
    diskio.o                      740
    esp8266_handler.o              16
    event_groups.o                610
    ff.o                        8 804       36      562
    heap_4.o                      640        4   61 464
    list.o                        152
    main.o                         52       32
    malloc.o                      540       52   43 548  1 044 480
    mcheck.o                      184      768
    misc.o                        136
    modbus.o                      852                 8
    para.o                        412                52
    port.o                        588        8        9
    portasm.o                     168
    protocol.o                     68               401
    queue.o                     1 992
    startup_stm32f40_41xxx.o      692
    stm32f4xx_dma.o               692
    stm32f4xx_exti.o              192
    stm32f4xx_gpio.o              300
    stm32f4xx_it.o                 56       44
    stm32f4xx_iwdg.o               16
    stm32f4xx_rcc.o               452       16       16
    stm32f4xx_sdio.o              380
    stm32f4xx_spi.o               116
    stm32f4xx_syscfg.o             84
    stm32f4xx_tim.o               748
    stm32f4xx_usart.o             558
    system_stm32f4xx.o            340        4        4
    tasks.o                     3 072        8      324
    timers.o                    1 188        8       56
    usb_bsp.o                     332
    usb_core.o                  2 640
    usb_hcd.o                     214
    usb_hcd_int.o               3 198
    usbh_core.o                 1 888       16       18
    usbh_hcs.o                    442
    usbh_ioreq.o                  582
    usbh_it.o                      16
    usbh_msc_bot.o              1 364                81
    usbh_msc_core.o             1 000       16       94
    usbh_msc_scsi.o             1 560        1      529
    usbh_stdreq.o               1 078               515
    usbh_usr.o                    438      628    3 125
    --------------------------------------------------------------
    Total:                     62 812  180 223  115 636  1 044 480

command line: [2]
    --------------------------------------------------------------
    Total:

dl7M_tlf.a: [3]
    div.o                          14
    exit.o                          4
    localeconv.o                  108      136      136
    printf.o                       36
    putchar.o                      12
    sprintf.o                      52
    strcat.o                       28
    strstr.o                       44
    xfiles.o                                64      144
    xprintffull_nomb.o          3 478
    xprout.o                       22
    xsprout.o                      10
    --------------------------------------------------------------
    Total:                      3 808      200      280

m7M_tls.a: [4]
    DblAdd.o                      212
    DblCmpGe.o                     46
    DblCmpLe.o                     46
    DblDiv.o                      598
    DblMul.o                      418
    DblSub.o                      384
    DblToI32.o                     88
    FltToDbl.o                     78
    I32ToDbl.o                     48
    fpinit_M.o                     34
    xdnorm.o                       66
    xdscale.o                     276
    --------------------------------------------------------------
    Total:                      2 294

rt7M_tl.a: [5]
    ABImemcpy_unaligned.o         118
    ABImemset.o                   102
    I64DivMod.o                   238
    I64DivZer.o                     2
    cexit.o                        10
    cmain.o                        26
    copy_init3.o                   44
    cstartup_M.o                   12
    data_init.o                    40
    memchr.o                       88
    strchr.o                       22
    strcmp_unaligned.o             66
    strlen.o                       54
    zero_init3.o                   64
    --------------------------------------------------------------
    Total:                        886

shb_l.a: [6]
    exit.o                         20
    --------------------------------------------------------------
    Total:                         20

    Gaps                           42        2
    Linker created                          45    2 048
------------------------------------------------------------------
    Grand Total:               69 862  180 470  117 964  1 044 480


*******************************************************************************
*** ENTRY LIST
***

Entry                      Address     Size  Type      Object
-----                      -------     ----  ----      ------
.iar.init_table$$Base   0x0803c74c            --   Gb  - Linker created -
.iar.init_table$$Limit  0x0803c778            --   Gb  - Linker created -
?main                   0x0803ca61           Code  Gb  cmain.o [5]
APBAHBPrescTable        0x2000017c     0x10  Data  Lc  stm32f4xx_rcc.o [1]
AppObjCreate            0x0803306d    0x10a  Code  Gb  apptask.o [1]
AppTaskCreate           0x08032f79     0xd8  Code  Gb  apptask.o [1]
BOTStallErrorCount      0x2001c4a8      0x4  Data  Lc  usbh_msc_bot.o [1]
BusFault_Handler        0x0803c477      0x2  Code  Gb  stm32f4xx_it.o [1]
CID_Tab                 0x2001c340     0x10  Data  Lc  bsp_sdio_sd.o [1]
CRC16HiTable            0x0803bd94    0x100  Data  Gb  mcheck.o [1]
CRC16LoTable            0x0803be94    0x100  Data  Gb  mcheck.o [1]
CRC8Table               0x0803bf94    0x100  Data  Gb  mcheck.o [1]
CSD_Tab                 0x2001c330     0x10  Data  Lc  bsp_sdio_sd.o [1]
CSTACK$$Base            0x2001c4d0            --   Gb  - Linker created -
CSTACK$$Limit           0x2001ccd0            --   Gb  - Linker created -
CardType                0x2001c41c      0x4  Data  Lc  bsp_sdio_sd.o [1]
CmdError                0x0802e235     0x38  Code  Lc  bsp_sdio_sd.o [1]
CmdResp1Error           0x0802e2d9    0x112  Code  Lc  bsp_sdio_sd.o [1]
CmdResp2Error           0x0802e429     0x52  Code  Lc  bsp_sdio_sd.o [1]
CmdResp3Error           0x0802e3eb     0x3e  Code  Lc  bsp_sdio_sd.o [1]
CmdResp6Error           0x0802e47b     0xa6  Code  Lc  bsp_sdio_sd.o [1]
CmdResp7Error           0x0802e26d     0x58  Code  Lc  bsp_sdio_sd.o [1]
ConfigExitNVIC          0x0803c0ff     0x22  Code  Gb  bsp_closeSW.o [1]
ConfigUartNVIC          0x0803745d     0x9a  Code  Lc  bsp_uart_fifo.o [1]
DMA2_Stream3_IRQHandler
                        0x0802eb1d      0x8  Code  Gb  bsp_sdio_sd.o [1]
DMAEndOfTransfer        0x2001c42c      0x4  Data  Gb  bsp_sdio_sd.o [1]
DMA_ClearFlag           0x0802fb1b     0x24  Code  Gb  stm32f4xx_dma.o [1]
DMA_Cmd                 0x0802fad1     0x1a  Code  Gb  stm32f4xx_dma.o [1]
DMA_DeInit              0x0802f939    0x140  Code  Gb  stm32f4xx_dma.o [1]
DMA_FlowControllerConfig
                        0x0802faeb     0x18  Code  Gb  stm32f4xx_dma.o [1]
DMA_GetCmdStatus        0x0802fb03     0x18  Code  Gb  stm32f4xx_dma.o [1]
DMA_ITConfig            0x0802fb3f     0x42  Code  Gb  stm32f4xx_dma.o [1]
DMA_Init                0x0802fa79     0x58  Code  Gb  stm32f4xx_dma.o [1]
DebugMon_Handler        0x0803c47b      0x2  Code  Gb  stm32f4xx_it.o [1]
DiskFile_init           0x08036341     0x40  Code  Gb  protocol.o [1]
Disk_File               0x2001bee8     0x70  Data  Gb  protocol.o [1]
EXTI9_5_IRQHandler      0x0803c121     0x3c  Code  Gb  bsp_closeSW.o [1]
EXTI_ClearITPendingBit  0x0803c25f      0x6  Code  Gb  stm32f4xx_exti.o [1]
EXTI_GetITStatus        0x0803c245     0x1a  Code  Gb  stm32f4xx_exti.o [1]
EXTI_Init               0x0803c1bd     0x88  Code  Gb  stm32f4xx_exti.o [1]
FR_Table                0x20000088     0x50  Data  Gb  demo_fatfs.o [1]
FatFs                   0x2001c398      0xc  Data  Lc  ff.o [1]
File_info               0x2001c078     0x50  Data  Gb  protocol.o [1]
Files                   0x2001c21c     0x24  Data  Lc  ff.o [1]
FindSCR                 0x0802e6c9    0x206  Code  Lc  bsp_sdio_sd.o [1]
Fsid                    0x2001c4ba      0x2  Data  Lc  ff.o [1]
GPIO_Init               0x0802f80d     0xaa  Code  Gb  stm32f4xx_gpio.o [1]
GPIO_PinAFConfig        0x0802f8df     0x5a  Code  Gb  stm32f4xx_gpio.o [1]
GPIO_ReadInputDataBit   0x0802f8b7     0x1a  Code  Gb  stm32f4xx_gpio.o [1]
GPIO_WriteBit           0x0802f8d1      0xe  Code  Gb  stm32f4xx_gpio.o [1]
GetDeviceState          0x0803630d     0x2e  Code  Gb  bsp_sw_onoff.o [1]
HCD_GetCurrentFrame     0x0803010f      0x8  Code  Gb  usb_hcd.o [1]
HCD_GetCurrentSpeed     0x080300f1     0x10  Code  Gb  usb_hcd.o [1]
HCD_GetURB_State        0x08030117      0xa  Code  Gb  usb_hcd.o [1]
HCD_GetXferCnt          0x08030121      0xc  Code  Gb  usb_hcd.o [1]
HCD_Init                0x0803007f     0x72  Code  Gb  usb_hcd.o [1]
HCD_ResetPort           0x08030101      0xe  Code  Gb  usb_hcd.o [1]
HCD_SubmitRequest       0x0803012d     0x28  Code  Gb  usb_hcd.o [1]
HardFault_Handler       0x0803c447     0x22  Code  Gb  stm32f4xx_it.o [1]
IWDG_Feed               0x08036a9d      0x8  Code  Gb  bsp_watchdog.o [1]
IWDG_ReloadCounter      0x08039025      0xa  Code  Gb  stm32f4xx_iwdg.o [1]
InitHardUart            0x08037079    0x3e4  Code  Lc  bsp_uart_fifo.o [1]
Init_GUI                0x0803472f     0xd2  Code  Gb  bsp_sdwe050c17.o [1]
LfnBuf                  0x2001b710    0x200  Data  Lc  ff.o [1]
LfnOfs                  0x0803cd40     0x10  Data  Lc  ff.o [1]
LoadInt                 0x08038071     0x6e  Code  Lc  xprintffull_nomb.o [3]
MSCErrorCount           0x2001c4c9      0x1  Data  Gb  usbh_msc_core.o [1]
MSC_Machine             0x2001c118     0x4c  Data  Gb  usbh_msc_core.o [1]
MSG_DEV_ATTACHED        0x0803cbf0     0x18  Data  Gb  usbh_usr.o [1]
MSG_DEV_DISCONNECTED    0x0803cc08     0x18  Data  Gb  usbh_usr.o [1]
MSG_DEV_ENUMERATED      0x0803ca0c     0x1c  Data  Gb  usbh_usr.o [1]
MSG_DEV_ERROR           0x0803ccbc     0x14  Data  Gb  usbh_usr.o [1]
MSG_DEV_FULLSPEED       0x0803c898     0x20  Data  Gb  usbh_usr.o [1]
MSG_DEV_HIGHSPEED       0x0803c878     0x20  Data  Gb  usbh_usr.o [1]
MSG_DEV_LOWSPEED        0x0803c8b8     0x20  Data  Gb  usbh_usr.o [1]
MSG_HID_CLASS           0x0803ca28     0x1c  Data  Gb  usbh_usr.o [1]
MSG_MSC_CLASS           0x0803c704     0x24  Data  Gb  usbh_usr.o [1]
MSG_UNREC_ERROR         0x0803ca44     0x1c  Data  Gb  usbh_usr.o [1]
MemManage_Handler       0x0803c475      0x2  Code  Gb  stm32f4xx_it.o [1]
NMI_Handler             0x0803c445      0x2  Code  Gb  stm32f4xx_it.o [1]
NVIC_Init               0x0802fdbb     0x6a  Code  Gb  misc.o [1]
NVIC_PriorityGroupConfig
                        0x0802fdb1      0xa  Code  Gb  misc.o [1]
OTG_FS_IRQHandler       0x0803cda1     0x10  Code  Gb  usbh_it.o [1]
PendSV_Handler          0x08039035           Code  Gb  portasm.o [1]
RCA                     0x2001c420      0x4  Data  Lc  bsp_sdio_sd.o [1]
RCC_AHB1PeriphClockCmd  0x0802fcef     0x22  Code  Gb  stm32f4xx_rcc.o [1]
RCC_AHB2PeriphClockCmd  0x0802fd11     0x1e  Code  Gb  stm32f4xx_rcc.o [1]
RCC_APB1PeriphClockCmd  0x0802fd2f     0x1e  Code  Gb  stm32f4xx_rcc.o [1]
RCC_APB2PeriphClockCmd  0x0802fd4d     0x1e  Code  Gb  stm32f4xx_rcc.o [1]
RCC_APB2PeriphResetCmd  0x0802fd6b     0x1e  Code  Gb  stm32f4xx_rcc.o [1]
RCC_GetClocksFreq       0x0802fbed    0x102  Code  Gb  stm32f4xx_rcc.o [1]
RS485_InitTXE           0x08037045     0x34  Code  Gb  bsp_uart_fifo.o [1]
RS485_sendbuf           0x08037865     0x3c  Code  Gb  bsp_uart_fifo.o [1]
Region$$Table$$Base     0x0803c74c            --   Gb  - Linker created -
Region$$Table$$Limit    0x0803c778            --   Gb  - Linker created -
SDCardInfo              0x2001c020     0x58  Data  Gb  bsp_sdio_sd.o [1]
SDEnWideBus             0x0802e52d    0x198  Code  Lc  bsp_sdio_sd.o [1]
SDIO_ClearFlag          0x0802f7a5      0x6  Code  Gb  stm32f4xx_sdio.o [1]
SDIO_ClearITPendingBit  0x0802f7c5      0x6  Code  Gb  stm32f4xx_sdio.o [1]
SDIO_ClockCmd           0x0802f6d3      0x8  Code  Gb  stm32f4xx_sdio.o [1]
SDIO_CmdInitStructure   0x2001c290     0x14  Data  Gb  bsp_sdio_sd.o [1]
SDIO_DMACmd             0x0802f765      0x8  Code  Gb  stm32f4xx_sdio.o [1]
SDIO_DataConfig         0x0802f731     0x2e  Code  Gb  stm32f4xx_sdio.o [1]
SDIO_DataInitStructure  0x2001c278     0x18  Data  Gb  bsp_sdio_sd.o [1]
SDIO_DeInit             0x0802f691     0x18  Code  Gb  stm32f4xx_sdio.o [1]
SDIO_GetCommandResponse
                        0x0802f713      0x8  Code  Gb  stm32f4xx_sdio.o [1]
SDIO_GetFlagStatus      0x0802f78b     0x1a  Code  Gb  stm32f4xx_sdio.o [1]
SDIO_GetITStatus        0x0802f7ab     0x1a  Code  Gb  stm32f4xx_sdio.o [1]
SDIO_GetPowerState      0x0802f6e1      0xa  Code  Gb  stm32f4xx_sdio.o [1]
SDIO_GetResponse        0x0802f71b     0x16  Code  Gb  stm32f4xx_sdio.o [1]
SDIO_IRQHandler         0x0802eb15      0x8  Code  Gb  bsp_sdio_sd.o [1]
SDIO_ITConfig           0x0802f76d     0x1e  Code  Gb  stm32f4xx_sdio.o [1]
SDIO_Init               0x0802f6a9     0x2a  Code  Gb  stm32f4xx_sdio.o [1]
SDIO_InitStructure      0x2001c260     0x18  Data  Gb  bsp_sdio_sd.o [1]
SDIO_Interrupts_Config  0x0802ead9     0x3c  Code  Gb  bsp_sdio_sd.o [1]
SDIO_ReadData           0x0802f75f      0x6  Code  Gb  stm32f4xx_sdio.o [1]
SDIO_SendCommand        0x0802f6eb     0x28  Code  Gb  stm32f4xx_sdio.o [1]
SDIO_SetPowerState      0x0802f6db      0x6  Code  Gb  stm32f4xx_sdio.o [1]
SD_Detect               0x0802d1d1     0x22  Code  Gb  bsp_sdio_sd.o [1]
SD_EnableWideBusOperation
                        0x0802d9cd     0xc8  Code  Gb  bsp_sdio_sd.o [1]
SD_GetCardInfo          0x0802d5e1    0x3ec  Code  Gb  bsp_sdio_sd.o [1]
SD_GetState             0x0802d1a7     0x2a  Code  Gb  bsp_sdio_sd.o [1]
SD_GetStatus            0x0802d185     0x22  Code  Gb  bsp_sdio_sd.o [1]
SD_Init                 0x0802d0cd     0xb8  Code  Gb  bsp_sdio_sd.o [1]
SD_InitializeCards      0x0802d43f    0x1a2  Code  Gb  bsp_sdio_sd.o [1]
SD_LowLevel_DMA_RxConfig
                        0x0802ea23     0x8e  Code  Gb  bsp_sdio_sd.o [1]
SD_LowLevel_DMA_TxConfig
                        0x0802e995     0x8e  Code  Gb  bsp_sdio_sd.o [1]
SD_LowLevel_Init        0x0802e8d1     0xbc  Code  Gb  bsp_sdio_sd.o [1]
SD_PowerON              0x0802d1f3    0x24c  Code  Gb  bsp_sdio_sd.o [1]
SD_ProcessDMAIRQ        0x0802e211     0x22  Code  Gb  bsp_sdio_sd.o [1]
SD_ProcessIRQSrc        0x0802e163     0xae  Code  Gb  bsp_sdio_sd.o [1]
SD_ReadBlock            0x0802dacd    0x108  Code  Gb  bsp_sdio_sd.o [1]
SD_ReadMultiBlocks      0x0802dbd5    0x134  Code  Gb  bsp_sdio_sd.o [1]
SD_SelectDeselect       0x0802da95     0x38  Code  Gb  bsp_sdio_sd.o [1]
SD_SendStatus           0x0802e0f5     0x6e  Code  Gb  bsp_sdio_sd.o [1]
SD_StopTransfer         0x0802e0ad     0x44  Code  Gb  bsp_sdio_sd.o [1]
SD_WaitReadOperation    0x0802dd0d     0x96  Code  Gb  bsp_sdio_sd.o [1]
SD_WriteBlock           0x0802ddad    0x11e  Code  Gb  bsp_sdio_sd.o [1]
SD_WriteMultiBlocks     0x0802ded9    0x1cc  Code  Gb  bsp_sdio_sd.o [1]
SPI1_Init               0x080379c1     0xc0  Code  Gb  bsp_spi.o [1]
SPI1_ReadWriteByte      0x08037aa9     0x32  Code  Gb  bsp_spi.o [1]
SPI1_SetSpeed           0x08037a81     0x28  Code  Gb  bsp_spi.o [1]
SPI_Cmd                 0x0803934d     0x1c  Code  Gb  stm32f4xx_spi.o [1]
SPI_I2S_GetFlagStatus   0x08039369     0x18  Code  Gb  stm32f4xx_spi.o [1]
SPI_Init                0x0803930d     0x40  Code  Gb  stm32f4xx_spi.o [1]
SVC_Handler             0x0803908d           Code  Gb  portasm.o [1]
SYSCFG_EXTILineConfig   0x0803c169     0x50  Code  Gb  stm32f4xx_syscfg.o [1]
Sdwe_ClearReadDisk      0x08034985     0x1c  Code  Gb  bsp_sdwe050c17.o [1]
Sdwe_clearString        0x080348f9     0x44  Code  Gb  bsp_sdwe050c17.o [1]
Sdwe_clear_filename     0x080349d1     0x2a  Code  Gb  bsp_sdwe050c17.o [1]
Sdwe_disDigi            0x0803483b     0x4c  Code  Gb  bsp_sdwe050c17.o [1]
Sdwe_disPicture         0x08034801     0x3a  Code  Gb  bsp_sdwe050c17.o [1]
Sdwe_disString          0x08034887     0x72  Code  Gb  bsp_sdwe050c17.o [1]
Sdwe_readRTC            0x080349a1     0x30  Code  Gb  bsp_sdwe050c17.o [1]
Sdwe_refresh_allname    0x08034b2d     0x48  Code  Gb  bsp_sdwe050c17.o [1]
Sdwe_refresh_filename   0x080349fb    0x112  Code  Gb  bsp_sdwe050c17.o [1]
Sdwe_writeIcon          0x0803493d     0x48  Code  Gb  bsp_sdwe050c17.o [1]
SetSysClock             0x0803bc93     0xce  Code  Lc  system_stm32f4xx.o [1]
SlavePara               0x2001bd10     0xa4  Data  Gb  protocol.o [1]
StopCondition           0x2001c424      0x4  Data  Gb  bsp_sdio_sd.o [1]
SysTick_Handler         0x08036c2b     0x2c  Code  Gb  port.o [1]
SystemCoreClock         0x200001ac      0x4  Data  Gb  system_stm32f4xx.o [1]
SystemInit              0x0803bc41     0x52  Code  Gb  system_stm32f4xx.o [1]
TIM1_PWM_SETPMOTOR      0x0803b7fd     0x9e  Code  Gb  bsp_stepmotor.o [1]
TIM2_IRQHandler         0x08035209     0xac  Code  Gb  bsp_timer.o [1]
TIM3_PWM_SETPMOTOR      0x0803b795     0x68  Code  Gb  bsp_stepmotor.o [1]
TIM6_DAC_IRQHandler     0x0803c3e3     0x22  Code  Gb  SysInfoTest.o [1]
TIM_ARRPreloadConfig    0x080388e7     0x1c  Code  Gb  stm32f4xx_tim.o [1]
TIM_CallBack1           0x0803317d     0x14  Code  Gb  apptask.o [1]
TIM_ClearITPendingBit   0x08038b61      0x8  Code  Gb  stm32f4xx_tim.o [1]
TIM_Cmd                 0x08038903     0x1c  Code  Gb  stm32f4xx_tim.o [1]
TIM_CtrlPWMOutputs      0x08038af7     0x22  Code  Gb  stm32f4xx_tim.o [1]
TIM_GetITStatus         0x08038b2f     0x32  Code  Gb  stm32f4xx_tim.o [1]
TIM_ITConfig            0x08038b19     0x16  Code  Gb  stm32f4xx_tim.o [1]
TIM_OC2Init             0x0803891f     0x8c  Code  Gb  stm32f4xx_tim.o [1]
TIM_OC2PreloadConfig    0x08038abd     0x14  Code  Gb  stm32f4xx_tim.o [1]
TIM_OC3Init             0x080389ab     0x8a  Code  Gb  stm32f4xx_tim.o [1]
TIM_OC3PreloadConfig    0x08038ad1     0x12  Code  Gb  stm32f4xx_tim.o [1]
TIM_OC4Init             0x08038a35     0x68  Code  Gb  stm32f4xx_tim.o [1]
TIM_OC4PreloadConfig    0x08038ae3     0x14  Code  Gb  stm32f4xx_tim.o [1]
TIM_TimeBaseInit        0x0803887d     0x6a  Code  Gb  stm32f4xx_tim.o [1]
Task_iwdg_refresh       0x080331c9     0x56  Code  Gb  apptask.o [1]
TransferEnd             0x2001c428      0x4  Data  Gb  bsp_sdio_sd.o [1]
TransferError           0x2001c4c4      0x1  Data  Gb  bsp_sdio_sd.o [1]
UART1ToPC               0x08037805     0x30  Code  Gb  bsp_uart_fifo.o [1]
UART2ToPC               0x08037835     0x30  Code  Gb  bsp_uart_fifo.o [1]
UART2_RX_BUF            0x2001bfbc     0x64  Data  Gb  bsp_uart_fifo.o [1]
UART3ToPC               0x080378a1     0x30  Code  Gb  bsp_uart_fifo.o [1]
UART4ToPC               0x080378d1     0x30  Code  Gb  bsp_uart_fifo.o [1]
UART4_IRQHandler        0x08037777     0x84  Code  Gb  bsp_uart_fifo.o [1]
UART4_RX_BUF            0x2001bf58     0x64  Data  Gb  bsp_uart_fifo.o [1]
UART5ToPC               0x08037901     0x30  Code  Gb  bsp_uart_fifo.o [1]
UART5_IRQHandler        0x080377fb      0xa  Code  Gb  bsp_uart_fifo.o [1]
USART1_IRQHandler       0x080376e7     0x1e  Code  Gb  bsp_uart_fifo.o [1]
USART2_IRQHandler       0x08037705     0x68  Code  Gb  bsp_uart_fifo.o [1]
USART3_IRQHandler       0x0803776d      0xa  Code  Gb  bsp_uart_fifo.o [1]
USART_ClearFlag         0x0803928f      0xc  Code  Gb  stm32f4xx_usart.o [1]
USART_Cmd               0x080391d9     0x1c  Code  Gb  stm32f4xx_usart.o [1]
USART_DMACmd            0x08039205     0x16  Code  Gb  stm32f4xx_usart.o [1]
USART_GetFlagStatus     0x08039271     0x1e  Code  Gb  stm32f4xx_usart.o [1]
USART_GetITStatus       0x0803929b     0x70  Code  Gb  stm32f4xx_usart.o [1]
USART_ITConfig          0x0803921b     0x56  Code  Gb  stm32f4xx_usart.o [1]
USART_Init              0x080390dd     0xee  Code  Gb  stm32f4xx_usart.o [1]
USART_ReceiveData       0x080391fd      0x8  Code  Gb  stm32f4xx_usart.o [1]
USART_SendData          0x080391f5      0x8  Code  Gb  stm32f4xx_usart.o [1]
USBH_Alloc_Channel      0x08038c83     0x2e  Code  Gb  usbh_hcs.o [1]
USBH_BulkReceiveData    0x08030007     0x62  Code  Gb  usbh_ioreq.o [1]
USBH_BulkSendData       0x0802ffa5     0x62  Code  Gb  usbh_ioreq.o [1]
USBH_CfgDesc            0x2001bb10    0x200  Data  Gb  usbh_stdreq.o [1]
USBH_ClrFeature         0x080302ff     0x4c  Code  Gb  usbh_stdreq.o [1]
USBH_Connected          0x08035485      0xc  Code  Gb  usbh_core.o [1]
USBH_CtlReceiveData     0x0802ff5f     0x46  Code  Gb  usbh_ioreq.o [1]
USBH_CtlReq             0x0802fe39     0x6e  Code  Gb  usbh_ioreq.o [1]
USBH_CtlSendData        0x0802feeb     0x74  Code  Gb  usbh_ioreq.o [1]
USBH_CtlSendSetup       0x0802fea7     0x44  Code  Gb  usbh_ioreq.o [1]
USBH_DataInBuffer       0x2001b910    0x200  Data  Gb  usbh_msc_scsi.o [1]
USBH_DeAllocate_AllChannel
                        0x08038cd5     0x20  Code  Gb  usbh_hcs.o [1]
USBH_DeInit             0x080354eb     0x3e  Code  Gb  usbh_core.o [1]
USBH_Disconnected       0x08035491      0xc  Code  Gb  usbh_core.o [1]
USBH_ErrorHandle        0x080356fb     0x34  Code  Gb  usbh_core.o [1]
USBH_Free_Channel       0x08038cb1     0x24  Code  Gb  usbh_hcs.o [1]
USBH_GetDescriptor      0x0803025f     0x4e  Code  Gb  usbh_stdreq.o [1]
USBH_GetFreeChannel     0x08038cf5     0x2e  Code  Lc  usbh_hcs.o [1]
USBH_GetNextDesc        0x08030573     0x18  Code  Gb  usbh_stdreq.o [1]
USBH_Get_CfgDesc        0x0803019b     0x78  Code  Gb  usbh_stdreq.o [1]
USBH_Get_DevDesc        0x08030155     0x46  Code  Gb  usbh_stdreq.o [1]
USBH_Get_StringDesc     0x08030213     0x4c  Code  Gb  usbh_stdreq.o [1]
USBH_HCD_INT_cb         0x2000019c      0xc  Data  Gb  usbh_core.o [1]
USBH_HCD_INT_fops       0x200001b0      0x4  Data  Gb  usbh_core.o [1]
USBH_HandleControl      0x08035943    0x29a  Code  Gb  usbh_core.o [1]
USBH_HandleEnum         0x0803572f    0x214  Code  Lc  usbh_core.o [1]
USBH_Init               0x080354a3     0x48  Code  Gb  usbh_core.o [1]
USBH_MSC_BOTReset       0x0803ab59     0x28  Code  Lc  usbh_msc_core.o [1]
USBH_MSC_BOTXferParam   0x2001c360     0x10  Data  Gb  usbh_msc_bot.o [1]
USBH_MSC_BOT_Abort      0x0802f585     0x5c  Code  Gb  usbh_msc_bot.o [1]
USBH_MSC_CBWData        0x2001c240     0x20  Data  Gb  usbh_msc_bot.o [1]
USBH_MSC_CSWData        0x2001c350     0x10  Data  Gb  usbh_msc_bot.o [1]
USBH_MSC_ClassRequest   0x0803a947     0x12  Code  Lc  usbh_msc_core.o [1]
USBH_MSC_DecodeCSW      0x0802f5e1     0x7a  Code  Gb  usbh_msc_bot.o [1]
USBH_MSC_ErrorHandle    0x0803aba9     0x3e  Code  Gb  usbh_msc_core.o [1]
USBH_MSC_GETMaxLUN      0x0803ab81     0x28  Code  Lc  usbh_msc_core.o [1]
USBH_MSC_Handle         0x0803a959    0x200  Code  Lc  usbh_msc_core.o [1]
USBH_MSC_HandleBOTXfer  0x0802f181    0x404  Code  Gb  usbh_msc_bot.o [1]
USBH_MSC_Init           0x0802f13d     0x44  Code  Gb  usbh_msc_bot.o [1]
USBH_MSC_InterfaceDeInit
                        0x0803a8fb     0x4c  Code  Lc  usbh_msc_core.o [1]
USBH_MSC_InterfaceInit  0x0803a815     0xe6  Code  Lc  usbh_msc_core.o [1]
USBH_MSC_ModeSense6     0x0802ed37    0x10c  Code  Gb  usbh_msc_scsi.o [1]
USBH_MSC_Param          0x2001c370     0x10  Data  Gb  usbh_msc_scsi.o [1]
USBH_MSC_Read10         0x0802f01d    0x106  Code  Gb  usbh_msc_scsi.o [1]
USBH_MSC_ReadCapacity10
                        0x0802ec0d    0x12a  Code  Gb  usbh_msc_scsi.o [1]
USBH_MSC_RequestSense   0x0802ee43     0xee  Code  Gb  usbh_msc_scsi.o [1]
USBH_MSC_TestUnitReady  0x0802eb25     0xe8  Code  Gb  usbh_msc_scsi.o [1]
USBH_MSC_Write10        0x0802ef31     0xec  Code  Gb  usbh_msc_scsi.o [1]
USBH_MSC_cb             0x2000018c     0x10  Data  Gb  usbh_msc_core.o [1]
USBH_Modify_Channel     0x08038c0f     0x74  Code  Gb  usbh_hcs.o [1]
USBH_OTG_ISR_Handler    0x08039b95     0xb8  Code  Gb  usb_hcd_int.o [1]
USBH_Open_Channel       0x08038b69     0xa6  Code  Gb  usbh_hcs.o [1]
USBH_ParseCfgDesc       0x080303a7    0x13c  Code  Lc  usbh_stdreq.o [1]
USBH_ParseDevDesc       0x0803034b     0x5c  Code  Lc  usbh_stdreq.o [1]
USBH_ParseEPDesc        0x08030517     0x20  Code  Lc  usbh_stdreq.o [1]
USBH_ParseInterfaceDesc
                        0x080304f1     0x26  Code  Lc  usbh_stdreq.o [1]
USBH_ParseStringDesc    0x08030537     0x3c  Code  Lc  usbh_stdreq.o [1]
USBH_Process            0x08035529    0x1d2  Code  Gb  usbh_core.o [1]
USBH_SOF                0x0803549d      0x6  Code  Gb  usbh_core.o [1]
USBH_SetAddress         0x080302ad     0x2a  Code  Gb  usbh_stdreq.o [1]
USBH_SetCfg             0x080302d7     0x28  Code  Gb  usbh_stdreq.o [1]
USBH_SubmitSetupRequest
                        0x08030069     0x16  Code  Lc  usbh_ioreq.o [1]
USBH_USR_Configuration_DescAvailable
                        0x0803538d     0x26  Code  Gb  usbh_usr.o [1]
USBH_USR_DeInit         0x08035481      0x2  Code  Gb  usbh_usr.o [1]
USBH_USR_DeviceAddressAssigned
                        0x0803538b      0x2  Code  Gb  usbh_usr.o [1]
USBH_USR_DeviceAttached
                        0x08035305      0xa  Code  Gb  usbh_usr.o [1]
USBH_USR_DeviceDisconnected
                        0x08035319     0x1a  Code  Gb  usbh_usr.o [1]
USBH_USR_DeviceNotSupported
                        0x080353f7      0xa  Code  Gb  usbh_usr.o [1]
USBH_USR_DeviceSpeedDetected
                        0x0803533d     0x36  Code  Gb  usbh_usr.o [1]
USBH_USR_Device_DescAvailable
                        0x08035373     0x18  Code  Gb  usbh_usr.o [1]
USBH_USR_EnumerationDone
                        0x080353dd     0x1a  Code  Gb  usbh_usr.o [1]
USBH_USR_Init           0x080352e1     0x24  Code  Gb  usbh_usr.o [1]
USBH_USR_MSC_Application
                        0x0803547d      0x4  Code  Gb  usbh_usr.o [1]
USBH_USR_Manufacturer_String
                        0x080353b3      0xe  Code  Gb  usbh_usr.o [1]
USBH_USR_OverCurrentDetected
                        0x08035405      0xa  Code  Gb  usbh_usr.o [1]
USBH_USR_Product_String
                        0x080353c1      0xe  Code  Gb  usbh_usr.o [1]
USBH_USR_ResetDevice    0x08035333      0xa  Code  Gb  usbh_usr.o [1]
USBH_USR_SerialNum_String
                        0x080353cf      0xe  Code  Gb  usbh_usr.o [1]
USBH_USR_UnrecoveredError
                        0x0803530f      0xa  Code  Gb  usbh_usr.o [1]
USBH_USR_UserInput      0x08035401      0x4  Code  Gb  usbh_usr.o [1]
USB_Host                0x2001be54     0x94  Data  Gb  usbh_usr.o [1]
USB_OTG_BSP_DisableInterrupt
                        0x08031095     0x22  Code  Gb  usb_bsp.o [1]
USB_OTG_BSP_EnableInterrupt
                        0x080310b7     0x54  Code  Gb  usb_bsp.o [1]
USB_OTG_BSP_Init        0x08030fe5     0xb0  Code  Gb  usb_bsp.o [1]
USB_OTG_BSP_mDelay      0x08031125      0xc  Code  Gb  usb_bsp.o [1]
USB_OTG_BSP_uDelay      0x08031119      0xc  Code  Gb  usb_bsp.o [1]
USB_OTG_Core            0x2001abb8    0x5ac  Data  Gb  usbh_usr.o [1]
USB_OTG_CoreInit        0x0803076d     0xce  Code  Gb  usb_core.o [1]
USB_OTG_CoreInitHost    0x08030979     0xd0  Code  Gb  usb_core.o [1]
USB_OTG_CoreReset       0x080305b7     0x60  Code  Lc  usb_core.o [1]
USB_OTG_DisableGlobalInt
                        0x08030859     0x1e  Code  Gb  usb_core.o [1]
USB_OTG_DriveVbus       0x08030a59     0x54  Code  Gb  usb_core.o [1]
USB_OTG_EnableCommonInt
                        0x08030595     0x22  Code  Lc  usb_core.o [1]
USB_OTG_EnableGlobalInt
                        0x0803083b     0x1e  Code  Gb  usb_core.o [1]
USB_OTG_EnableHostInt   0x08030aad     0x4e  Code  Gb  usb_core.o [1]
USB_OTG_FlushRxFifo     0x080308bf     0x40  Code  Gb  usb_core.o [1]
USB_OTG_FlushTxFifo     0x08030877     0x48  Code  Gb  usb_core.o [1]
USB_OTG_GetMode         0x08030945      0xa  Code  Gb  usb_core.o [1]
USB_OTG_HC_DoPing       0x08030f9d     0x48  Code  Gb  usb_core.o [1]
USB_OTG_HC_Halt         0x08030f29     0x74  Code  Gb  usb_core.o [1]
USB_OTG_HC_Init         0x08030b59    0x1d0  Code  Gb  usb_core.o [1]
USB_OTG_HC_StartXfer    0x08030d29    0x200  Code  Gb  usb_core.o [1]
USB_OTG_InitFSLSPClkSel
                        0x08030afb     0x12  Code  Gb  usb_core.o [1]
USB_OTG_IsEvenFrame     0x08030a49     0x10  Code  Gb  usb_core.o [1]
USB_OTG_IsHostMode      0x0803094f     0x18  Code  Gb  usb_core.o [1]
USB_OTG_ReadCoreItr     0x08030967     0x12  Code  Gb  usb_core.o [1]
USB_OTG_ReadHPRT0       0x08030b0d     0x1c  Code  Gb  usb_core.o [1]
USB_OTG_ReadPacket      0x0803065f     0x2c  Code  Gb  usb_core.o [1]
USB_OTG_ResetPort       0x08030b29     0x30  Code  Gb  usb_core.o [1]
USB_OTG_SelectCore      0x0803068b     0xe2  Code  Gb  usb_core.o [1]
USB_OTG_SetCurrentMode  0x08030909     0x3c  Code  Gb  usb_core.o [1]
USB_OTG_USBH_handle_Disconnect_ISR
                        0x08039cd1     0x1e  Code  Lc  usb_hcd_int.o [1]
USB_OTG_USBH_handle_IncompletePeriodicXfer_ISR
                        0x0803a7eb     0x28  Code  Lc  usb_hcd_int.o [1]
USB_OTG_USBH_handle_hc_ISR
                        0x08039c4d     0x66  Code  Lc  usb_hcd_int.o [1]
USB_OTG_USBH_handle_hc_n_In_ISR
                        0x0803a35d    0x378  Code  Lc  usb_hcd_int.o [1]
USB_OTG_USBH_handle_hc_n_Out_ISR
                        0x0803a025    0x338  Code  Lc  usb_hcd_int.o [1]
USB_OTG_USBH_handle_nptxfempty_ISR
                        0x08039cef    0x118  Code  Lc  usb_hcd_int.o [1]
USB_OTG_USBH_handle_port_ISR
                        0x08039f21     0xfe  Code  Lc  usb_hcd_int.o [1]
USB_OTG_USBH_handle_ptxfempty_ISR
                        0x08039e07    0x11a  Code  Lc  usb_hcd_int.o [1]
USB_OTG_USBH_handle_rx_qlvl_ISR
                        0x0803a6d5    0x116  Code  Lc  usb_hcd_int.o [1]
USB_OTG_USBH_handle_sof_ISR
                        0x08039cb3     0x1e  Code  Lc  usb_hcd_int.o [1]
USB_OTG_WritePacket     0x08030617     0x48  Code  Gb  usb_core.o [1]
USB_OTG_dev             0x2001b164    0x5ac  Data  Gb  usbh_usr.o [1]
USRH_cb                 0x200000d8     0x48  Data  Gb  usbh_usr.o [1]
UartDMAConfig           0x080374f7     0xf8  Code  Gb  bsp_uart_fifo.o [1]
UartIRQ                 0x080375ef     0xf8  Code  Lc  bsp_uart_fifo.o [1]
UsageFault_Handler      0x0803c479      0x2  Code  Gb  stm32f4xx_it.o [1]
UserTimerCallback       0x08033191     0x26  Code  Gb  apptask.o [1]
W25QXX_BUFFER           0x200191b8   0x1000  Data  Gb  bsp_w25qxx.o [1]
W25QXX_Erase_Sector     0x08034f2b     0x52  Code  Gb  bsp_w25qxx.o [1]
W25QXX_Init             0x08034c29     0x54  Code  Gb  bsp_w25qxx.o [1]
W25QXX_Read             0x08034d17     0x56  Code  Gb  bsp_w25qxx.o [1]
W25QXX_ReadID           0x08034ccb     0x4c  Code  Gb  bsp_w25qxx.o [1]
W25QXX_ReadSR           0x08034c7d     0x30  Code  Gb  bsp_w25qxx.o [1]
W25QXX_TYPE             0x200001b4      0x2  Data  Gb  bsp_w25qxx.o [1]
W25QXX_Wait_Busy        0x08034f7d      0xc  Code  Gb  bsp_w25qxx.o [1]
W25QXX_Write            0x08034e21    0x10a  Code  Gb  bsp_w25qxx.o [1]
W25QXX_Write_Enable     0x08034cad     0x1e  Code  Gb  bsp_w25qxx.o [1]
W25QXX_Write_NoCheck    0x08034dc9     0x58  Code  Gb  bsp_w25qxx.o [1]
W25QXX_Write_Page       0x08034d6d     0x5c  Code  Gb  bsp_w25qxx.o [1]
_GenldFullNoMb          0x080385e7    0x24c  Code  Lc  xprintffull_nomb.o [3]
_LdtobFullNoMb          0x080381e5    0x3fc  Code  Lc  xprintffull_nomb.o [3]
_LitobFullNoMb          0x080380df    0x106  Code  Lc  xprintffull_nomb.o [3]
_Locale_aeabi_lconv     0x20000050     0x38  Data  Gb  localeconv.o [3]
_Locale_lconv           0x20000000     0x50  Data  Gb  localeconv.o [3]
_PrintfFullNoMb         0x08037ae5    0x586  Code  Gb  xprintffull_nomb.o [3]
_Prout                  0x0803cc21     0x16  Code  Gb  xprout.o [3]
_PutcharsFullNoMb       0x08038833     0x2e  Code  Lc  xprintffull_nomb.o [3]
_SProut                 0x0803058b      0xa  Code  Gb  xsprout.o [3]
__aeabi_cdcmple         0x08039521           Code  Gb  DblCmpLe.o [4]
__aeabi_cdrcmple        0x08039551           Code  Gb  DblCmpGe.o [4]
__aeabi_d2iz            0x08039695           Code  Gb  DblToI32.o [4]
__aeabi_d2uiz           0x080396c1           Code  Gb  DblToI32.o [4]
__aeabi_ddiv            0x08035c19           Code  Gb  DblDiv.o [4]
__aeabi_dmul            0x0803989d           Code  Gb  DblMul.o [4]
__aeabi_dsub            0x0803971d           Code  Gb  DblSub.o [4]
__aeabi_f2d             0x08035011           Code  Gb  FltToDbl.o [4]
__aeabi_i2d             0x080396ed           Code  Gb  I32ToDbl.o [4]
__aeabi_ldiv0           0x08039abd           Code  Gb  I64DivZer.o [5]
__aeabi_memset          0x08034bc1           Code  Gb  ABImemset.o [5]
__aeabi_ui2d            0x08039701           Code  Gb  I32ToDbl.o [4]
__aeabi_uldivmod        0x080393f1           Code  Gb  I64DivMod.o [5]
__cmain                 0x0803ca61           Code  Gb  cmain.o [5]
__exit                  0x0803ca8d     0x14  Code  Gb  exit.o [6]
__iar_Dnorm             0x080394df     0x42  Code  Gb  xdnorm.o [4]
__iar_Dscale            0x08039581    0x114  Code  Gb  xdscale.o [4]
__iar_Locale_lconv_init
                        0x08039a41     0x3a  Code  Gb  localeconv.o [3]
__iar_Memchr            0x08039399           Code  Gb  memchr.o [5]
__iar_Memset            0x08034bc1           Code  Gb  ABImemset.o [5]
__iar_Memset_word       0x08034bc9           Code  Gb  ABImemset.o [5]
__iar_Stdout            0x20000120     0x40  Data  Gb  xfiles.o [3]
__iar_Strchr            0x08039381           Code  Gb  strchr.o [5]
__iar_Strstr            0x08038ff9     0x2c  Code  Gb  strstr.o [3]
__iar_copy_init3        0x0803c5f1     0x2c  Code  Gb  copy_init3.o [5]
__iar_d2uiz             0x080396cd           Code  Gb  DblToI32.o [4]
__iar_dadd              0x08039ac1           Code  Gb  DblAdd.o [4]
__iar_data_init3        0x0803c695     0x28  Code  Gb  data_init.o [5]
__iar_dsub              0x08039731           Code  Gb  DblSub.o [4]
__iar_dsubStart         0x08039743           Code  Gb  DblSub.o [4]
__iar_init_vfp          0x0803c729           Code  Gb  fpinit_M.o [4]
__iar_program_start     0x0803ce7d           Code  Gb  cstartup_M.o [5]
__iar_ui2d              0x08039705           Code  Gb  I32ToDbl.o [4]
__iar_unaligned___aeabi_memcpy
                        0x08034f99           Code  Gb  ABImemcpy_unaligned.o [5]
__iar_unaligned___aeabi_memcpy4
                        0x08034fb9           Code  Gb  ABImemcpy_unaligned.o [5]
__iar_unaligned___aeabi_memcpy8
                        0x08034fb9           Code  Gb  ABImemcpy_unaligned.o [5]
__iar_unaligned_strcmp  0x08035085           Code  Gb  strcmp_unaligned.o [5]
__iar_zero_init3        0x0803c391     0x40  Code  Gb  zero_init3.o [5]
__vector_table          0x08000000           Data  Gb  startup_stm32f40_41xxx.o [1]
_call_main              0x0803ca6d           Code  Gb  cmain.o [5]
_exit                   0x0803ca81           Code  Gb  cexit.o [5]
_main                   0x0803ca77           Code  Gb  cmain.o [5]
bsp_DelayMS             0x08031151     0x12  Code  Gb  bsp_dwt.o [1]
bsp_DelayUS             0x08031163     0x2e  Code  Gb  bsp_dwt.o [1]
bsp_GetRCCofTIM         0x0803b3b5     0xce  Code  Gb  bsp_tim_pwm.o [1]
bsp_Init                0x0803c341     0x50  Code  Gb  bsp.o [1]
bsp_InitCloseSW         0x0803c095     0x6a  Code  Gb  bsp_closeSW.o [1]
bsp_InitDWT             0x08031131     0x20  Code  Gb  bsp_dwt.o [1]
bsp_InitHardTimer       0x080350c9     0x66  Code  Gb  bsp_timer.o [1]
bsp_InitLed             0x08035ec5     0x4a  Code  Gb  bsp_led.o [1]
bsp_InitSdwe050c17      0x080346f1     0x3e  Code  Gb  bsp_sdwe050c17.o [1]
bsp_InitServoMotor      0x0803c27d     0xba  Code  Gb  bsp_servomotor.o [1]
bsp_InitStepMotor       0x0803b695    0x100  Code  Gb  bsp_stepmotor.o [1]
bsp_InitUart            0x08037009     0x3c  Code  Gb  bsp_uart_fifo.o [1]
bsp_Init_SW_ONOFF       0x080362d9     0x34  Code  Gb  bsp_sw_onoff.o [1]
bsp_LedOff              0x08035f2d     0x1e  Code  Gb  bsp_led.o [1]
bsp_LedOn               0x08035f0f     0x1e  Code  Gb  bsp_led.o [1]
bsp_LedToggle           0x08035f4b     0x28  Code  Gb  bsp_led.o [1]
bsp_SetTIMforInt        0x0803b483    0x1da  Code  Gb  bsp_tim_pwm.o [1]
bsp_StartHardTimer      0x0803512f     0xda  Code  Gb  bsp_timer.o [1]
check_fs                0x0802c0a3     0x7e  Code  Lc  ff.o [1]
chk_chr                 0x0802aae7     0x14  Code  Lc  ff.o [1]
chk_lock                0x0802aafb     0x94  Code  Lc  ff.o [1]
clear_lock              0x0802acfb     0x30  Code  Lc  ff.o [1]
clust2sect              0x0802ae9d     0x1a  Code  Gb  ff.o [1]
cmp_lfn                 0x0802b521     0xb6  Code  Lc  ff.o [1]
create_chain            0x0802b1b5     0xea  Code  Lc  ff.o [1]
create_name             0x0802bca9    0x31a  Code  Lc  ff.o [1]
debug_cmd               0x2001c4c5      0x1  Data  Gb  bsp_uart_fifo.o [1]
dec_lock                0x0802ac9f     0x5c  Code  Lc  ff.o [1]
device_info             0x2001c198     0x34  Data  Gb  para.o [1]
dir_alloc               0x0802b47b     0x66  Code  Lc  ff.o [1]
dir_find                0x0802b7fd    0x116  Code  Lc  ff.o [1]
dir_next                0x0802b351    0x12a  Code  Lc  ff.o [1]
dir_read                0x0802b913    0x10c  Code  Lc  ff.o [1]
dir_register            0x0802ba1f    0x14e  Code  Lc  ff.o [1]
dir_sdi                 0x0802b29f     0xb2  Code  Lc  ff.o [1]
disk_initialize         0x0802ccf5     0x40  Code  Gb  diskio.o [1]
disk_ioctl              0x0802cf19     0xa6  Code  Gb  diskio.o [1]
disk_read               0x0802cd61     0xdc  Code  Gb  diskio.o [1]
disk_status             0x0802cd35     0x2c  Code  Gb  diskio.o [1]
disk_write              0x0802ce3d     0xdc  Code  Gb  diskio.o [1]
div                     0x08039aad      0xe  Code  Gb  div.o [3]
download_num            0x2001c4c0      0x1  Data  Gb  apptask.o [1]
enq_lock                0x0802ab8f     0x28  Code  Lc  ff.o [1]
exit                    0x0803ca7b      0x4  Code  Gb  exit.o [3]
f_close                 0x0802cb85     0x38  Code  Gb  ff.o [1]
f_mount                 0x0802c5b9     0x66  Code  Gb  ff.o [1]
f_open                  0x0802c61f    0x20e  Code  Gb  ff.o [1]
f_opendir               0x0802cbbd     0xb2  Code  Gb  ff.o [1]
f_readdir               0x0802cc6f     0x74  Code  Gb  ff.o [1]
f_sync                  0x0802cacf     0xb6  Code  Gb  ff.o [1]
f_write                 0x0802c83d    0x292  Code  Gb  ff.o [1]
ff_convert              0x0802cfd9     0x80  Code  Gb  cc936.o [1]
ff_wtoupper             0x0802d059     0x64  Code  Gb  cc936.o [1]
file_select             0x2001c3b0      0xc  Data  Gb  protocol.o [1]
find_volume             0x0802c129    0x45a  Code  Lc  ff.o [1]
fit_lfn                 0x0802b663     0x88  Code  Lc  ff.o [1]
follow_path             0x0802bfc3     0x90  Code  Lc  ff.o [1]
fputc                   0x08037931     0x22  Code  Gb  bsp_uart_fifo.o [1]
g_tUart3                0x2001c1cc     0x28  Data  Gb  bsp_uart_fifo.o [1]
g_tUart5                0x2001c1f4     0x28  Data  Gb  bsp_uart_fifo.o [1]
gen_numname             0x0802b6f1     0xec  Code  Lc  ff.o [1]
get_fat                 0x0802aeb7    0x11c  Code  Gb  ff.o [1]
get_fattime             0x0802cfbf      0x4  Code  Gb  diskio.o [1]
get_fileinfo            0x0802bb6d    0x13c  Code  Lc  ff.o [1]
get_ldnumber            0x0802c053     0x50  Code  Lc  ff.o [1]
get_valid_length        0x08034b75     0x26  Code  Gb  bsp_sdwe050c17.o [1]
hex_to_decimal          0x08034b9b     0x26  Code  Gb  bsp_sdwe050c17.o [1]
idwgEventGroup          0x2001c410      0x4  Data  Gb  apptask.o [1]
inc_lock                0x0802abb7     0xe8  Code  Lc  ff.o [1]
input_password_buf      0x2001c3a4      0xc  Data  Gb  protocol.o [1]
input_password_len      0x2001c4c7      0x1  Data  Gb  protocol.o [1]
isWork                  0x2001c4c1      0x1  Data  Gb  apptask.o [1]
lcd_rev_buf             0x2001c164     0x34  Data  Gb  bsp_sdwe050c17.o [1]
lcd_rev_len             0x2001c4b8      0x2  Data  Gb  bsp_sdwe050c17.o [1]
ld_clust                0x0802b4e1     0x28  Code  Lc  ff.o [1]
localeconv              0x08039a7b     0x16  Code  Gb  localeconv.o [3]
m_ctrl_dev              0x2001c3d0      0x8  Data  Gb  modbus.o [1]
main                    0x0803c47d     0x34  Code  Gb  main.o [1]
mallco_dev              0x20000160     0x1c  Data  Gb  malloc.o [1]
mb_init                 0x080361b9     0x30  Code  Gb  modbus.o [1]
mb_packsend_frame       0x080360c7     0xf2  Code  Gb  modbus.o [1]
mb_unpack_frame         0x08035f85    0x142  Code  Gb  modbus.o [1]
mc_check_crc16          0x08038d91     0x40  Code  Gb  mcheck.o [1]
mc_check_crc8           0x08038d6d     0x24  Code  Gb  mcheck.o [1]
mc_check_sum            0x08038d25     0x2e  Code  Gb  mcheck.o [1]
mc_check_xor            0x08038d53     0x1a  Code  Gb  mcheck.o [1]
mem1base                0x2000f1b8   0xa000  Data  Gb  malloc.o [1]
mem1mapbase             0x2001a1b8    0xa00  Data  Gb  malloc.o [1]
mem2base                0x68000000  0xf0000  Data  Gb  malloc.o [1]
mem2mapbase             0x680f0000   0xf000  Data  Gb  malloc.o [1]
mem_cmp                 0x0802aac3     0x24  Code  Lc  ff.o [1]
mem_cpy                 0x0802aa91     0x1c  Code  Lc  ff.o [1]
mem_set                 0x0802aaad     0x16  Code  Lc  ff.o [1]
memblksize              0x0803cee0      0x8  Data  Gb  malloc.o [1]
memchr                  0x08039399           Code  Gb  memchr.o [5]
memsize                 0x0803cee8      0x8  Data  Gb  malloc.o [1]
memtblsize              0x0803ced8      0x8  Data  Gb  malloc.o [1]
modbus_send_frame       0x080361e9     0xe6  Code  Gb  modbus.o [1]
move_window             0x0802ad85     0x40  Code  Lc  ff.o [1]
my_mem_free             0x08038f2f     0x6c  Code  Gb  malloc.o [1]
my_mem_init             0x08038df3     0x42  Code  Gb  malloc.o [1]
my_mem_malloc           0x08038e73     0xbc  Code  Gb  malloc.o [1]
my_mem_perused          0x08038e35     0x3e  Code  Gb  malloc.o [1]
myfree                  0x08038f9b     0x24  Code  Gb  malloc.o [1]
mymalloc                0x08038fbf     0x2a  Code  Gb  malloc.o [1]
mymemset                0x08038ddd     0x16  Code  Gb  malloc.o [1]
obuf                    0x2001c0c8     0x50  Data  Lc  xfiles.o [3]
oem2uni                 0x0801560c  0x15484  Data  Lc  cc936.o [1]
old_isWork              0x2001c4c2      0x1  Data  Gb  apptask.o [1]
para_init               0x0803bbb3     0x80  Code  Gb  para.o [1]
pcInterruptPriorityRegisters
                        0x0803cf04      0x4  Data  Lc  port.o [1]
pick_lfn                0x0802b5d7     0x8c  Code  Lc  ff.o [1]
printf                  0x08035061     0x24  Code  Gb  printf.o [3]
prvAddCurrentTaskToDelayedList
                        0x08033da1     0x48  Code  Lc  tasks.o [1]
prvAllocateTCBAndStack  0x08033de9     0x5a  Code  Lc  tasks.o [1]
prvCheckForValidListAndQueue
                        0x08036a2b     0x52  Code  Lc  timers.o [1]
prvCheckTasksWaitingTermination
                        0x08033d37     0x66  Code  Lc  tasks.o [1]
prvCopyDataFromQueue    0x080345d1     0x30  Code  Lc  queue.o [1]
prvCopyDataToQueue      0x0803454d     0x84  Code  Lc  queue.o [1]
prvDeleteTCB            0x08033e43     0x12  Code  Lc  tasks.o [1]
prvGetNextExpireTime    0x08036817     0x2e  Code  Lc  timers.o [1]
prvHeapInit             0x08036f19     0x6e  Code  Lc  heap_4.o [1]
prvIdleTask             0x08033c51     0x26  Code  Lc  tasks.o [1]
prvInitialiseTCBVariables
                        0x08033c77     0x6a  Code  Lc  tasks.o [1]
prvInitialiseTaskLists  0x08033ce1     0x56  Code  Lc  tasks.o [1]
prvInsertBlockIntoFreeList
                        0x08036f87     0x62  Code  Lc  heap_4.o [1]
prvInsertTimerInActiveList
                        0x0803686d     0x50  Code  Lc  timers.o [1]
prvIsQueueEmpty         0x0803466b     0x20  Code  Lc  queue.o [1]
prvIsQueueFull          0x0803468b     0x22  Code  Lc  queue.o [1]
prvProcessExpiredTimer  0x0803672f     0x5c  Code  Lc  timers.o [1]
prvProcessReceivedCommands
                        0x080368bd     0xde  Code  Lc  timers.o [1]
prvProcessTimerOrBlockTask
                        0x080367a7     0x70  Code  Lc  timers.o [1]
prvResetNextTaskUnblockTime
                        0x08033e55     0x26  Code  Lc  tasks.o [1]
prvSampleTimeNow        0x08036845     0x28  Code  Lc  timers.o [1]
prvSwitchTimerLists     0x0803699b     0x90  Code  Lc  timers.o [1]
prvTaskExitError        0x08036ac9     0x2a  Code  Lc  port.o [1]
prvTestWaitCondition    0x080365d3     0x24  Code  Lc  event_groups.o [1]
prvTimerTask            0x0803678d     0x1a  Code  Lc  timers.o [1]
prvUnlockQueue          0x08034601     0x6a  Code  Lc  queue.o [1]
put_fat                 0x0802afd3    0x16c  Code  Gb  ff.o [1]
putchar                 0x0803cc39      0xc  Code  Gb  putchar.o [3]
pvPortMalloc            0x08036d89    0x118  Code  Gb  heap_4.o [1]
pxCurrentTCB            0x2001c458      0x4  Data  Gb  tasks.o [1]
pxCurrentTimerList      0x2001c498      0x4  Data  Lc  timers.o [1]
pxDelayedTaskList       0x2001c45c      0x4  Data  Lc  tasks.o [1]
pxEnd                   0x2001c440      0x4  Data  Lc  heap_4.o [1]
pxOverflowDelayedTaskList
                        0x2001c460      0x4  Data  Lc  tasks.o [1]
pxOverflowTimerList     0x2001c49c      0x4  Data  Lc  timers.o [1]
pxPortInitialiseStack   0x08036aa5     0x24  Code  Gb  port.o [1]
pxReadyTasksLists       0x2001bdb4     0xa0  Data  Lc  tasks.o [1]
readSlave               0x2001c38c      0xc  Data  Gb  apptask.o [1]
read_device_info        0x0803baa5    0x10e  Code  Gb  para.o [1]
read_file_select        0x2001c3bc      0xc  Data  Gb  protocol.o [1]
remove_chain            0x0802b13f     0x76  Code  Lc  ff.o [1]
rtc_time                0x2001c3d8      0x8  Data  Gb  protocol.o [1]
s_TIM_CallBack1         0x2001c430      0x4  Data  Lc  bsp_timer.o [1]
s_TIM_CallBack2         0x2001c434      0x4  Data  Lc  bsp_timer.o [1]
s_TIM_CallBack3         0x2001c438      0x4  Data  Lc  bsp_timer.o [1]
s_TIM_CallBack4         0x2001c43c      0x4  Data  Lc  bsp_timer.o [1]
slave_info              0x2001c380      0xc  Data  Gb  apptask.o [1]
sprintf                 0x08035be5     0x34  Code  Gb  sprintf.o [3]
st_clust                0x0802b509     0x18  Code  Lc  ff.o [1]
strcat                  0x08035e6f     0x1c  Code  Gb  strcat.o [3]
strchr                  0x08039381           Code  Gb  strchr.o [5]
strlen                  0x08035e8d           Code  Gb  strlen.o [5]
strstr                  0x08036385     0x10  Code  Gb  esp8266_handler.o [1]
sum_sfn                 0x0802b7dd     0x20  Code  Lc  ff.o [1]
sync_fs                 0x0802adc5     0xd8  Code  Lc  ff.o [1]
sync_window             0x0802ad2b     0x5a  Code  Lc  ff.o [1]
ucHeap                  0x200001b8   0xf000  Data  Lc  heap_4.o [1]
ucMaxSysCallPriority    0x2001c4c6      0x1  Data  Lc  port.o [1]
ulHighFrequencyTimerTicks
                        0x2001c454      0x4  Data  Gb  SysInfoTest.o [1]
ulMaxPRIGROUPValue      0x2001c450      0x4  Data  Lc  port.o [1]
ulTaskSwitchedInTime    0x2001c490      0x4  Data  Lc  tasks.o [1]
ulTotalRunTime          0x2001c494      0x4  Data  Lc  tasks.o [1]
uni2oem                 0x08000188  0x15484  Data  Lc  cc936.o [1]
usb_disk_flag           0x2001c4c3      0x1  Data  Gb  apptask.o [1]
usbh_OpenMassStorage    0x080352cd     0x14  Code  Gb  usbh_usr.o [1]
uxCriticalNesting       0x200001a8      0x4  Data  Lc  port.o [1]
uxCurrentNumberOfTasks  0x2001c468      0x4  Data  Lc  tasks.o [1]
uxListRemove            0x08036d61     0x28  Code  Gb  list.o [1]
uxPendedTicks           0x2001c478      0x4  Data  Lc  tasks.o [1]
uxSchedulerSuspended    0x2001c48c      0x4  Data  Lc  tasks.o [1]
uxTaskNumber            0x2001c484      0x4  Data  Lc  tasks.o [1]
uxTaskResetEventItemValue
                        0x08033eb5     0x20  Code  Gb  tasks.o [1]
uxTasksDeleted          0x2001c464      0x4  Data  Lc  tasks.o [1]
uxTopReadyPriority      0x2001c470      0x4  Data  Lc  tasks.o [1]
vListInitialise         0x08036cf1     0x1e  Code  Gb  list.o [1]
vListInsert             0x08036d27     0x3a  Code  Gb  list.o [1]
vListInsertEnd          0x08036d0f     0x18  Code  Gb  list.o [1]
vPortEnableVFP          0x080390c1           Code  Gb  portasm.o [1]
vPortEnterCritical      0x08036bbf     0x3a  Code  Gb  port.o [1]
vPortExitCritical       0x08036bf9     0x32  Code  Gb  port.o [1]
vPortFree               0x08036ea1     0x78  Code  Gb  heap_4.o [1]
vPortSetupTimerInterrupt
                        0x08036c57      0xe  Code  Wk  port.o [1]
vPortStartFirstTask     0x080390a9           Code  Gb  portasm.o [1]
vPortValidateInterruptPriority
                        0x08036c65     0x4e  Code  Gb  port.o [1]
vQueueWaitForMessageRestricted
                        0x080346ad     0x44  Code  Gb  queue.o [1]
vSetupSysInfoTest       0x0803c3d1     0x12  Code  Gb  SysInfoTest.o [1]
vTaskDelay              0x080334ad     0x84  Code  Gb  tasks.o [1]
vTaskManageCapacity     0x08032f0d     0x58  Code  Gb  apptask.o [1]
vTaskMassStorage        0x080325f5    0x250  Code  Lc  apptask.o [1]
vTaskMissedYield        0x08033c47      0xa  Code  Gb  tasks.o [1]
vTaskMsgPro             0x08032879    0x428  Code  Lc  apptask.o [1]
vTaskPlaceOnEventList   0x080338ad     0x74  Code  Gb  tasks.o [1]
vTaskPlaceOnEventListRestricted
                        0x080339e5     0x80  Code  Gb  tasks.o [1]
vTaskPlaceOnUnorderedEventList
                        0x0803393d     0xa8  Code  Gb  tasks.o [1]
vTaskReadDisk           0x08032d4d    0x1ba  Code  Lc  apptask.o [1]
vTaskRev485             0x08032ca1     0x90  Code  Lc  apptask.o [1]
vTaskSetTimeOutState    0x08033b91     0x26  Code  Gb  tasks.o [1]
vTaskStartScheduler     0x08033531     0x7e  Code  Gb  tasks.o [1]
vTaskSuspendAll         0x080335af     0x10  Code  Gb  tasks.o [1]
vTaskSwitchContext      0x080337fd     0xb0  Code  Gb  tasks.o [1]
vTaskTaskLCD            0x080311a5   0x143c  Code  Gb  apptask.o [1]
vTaskTaskLED            0x08032859     0x20  Code  Lc  apptask.o [1]
validate                0x0802c583     0x36  Code  Lc  ff.o [1]
xActiveTimerList1       0x2001c308     0x14  Data  Lc  timers.o [1]
xActiveTimerList2       0x2001c31c     0x14  Data  Lc  timers.o [1]
xBlockAllocatedBit      0x2001c44c      0x4  Data  Lc  heap_4.o [1]
xDelayedTaskList1       0x2001c2a4     0x14  Data  Lc  tasks.o [1]
xDelayedTaskList2       0x2001c2b8     0x14  Data  Lc  tasks.o [1]
xEventGroupCreate       0x08036395     0x1c  Code  Gb  event_groups.o [1]
xEventGroupSetBits      0x080364fd     0xd6  Code  Gb  event_groups.o [1]
xEventGroupWaitBits     0x080363b1    0x146  Code  Gb  event_groups.o [1]
xFreeBytesRemaining     0x2001c444      0x4  Data  Lc  heap_4.o [1]
xHandleTaskLCD          0x2001c3e0      0x4  Data  Gb  apptask.o [1]
xHandleTaskLED          0x2001c3e4      0x4  Data  Gb  apptask.o [1]
xHandleTaskManageCapacity
                        0x2001c3f8      0x4  Data  Gb  apptask.o [1]
xHandleTaskMassStorage  0x2001c3e8      0x4  Data  Gb  apptask.o [1]
xHandleTaskMsgPro       0x2001c3f0      0x4  Data  Gb  apptask.o [1]
xHandleTaskReadDisk     0x2001c3ec      0x4  Data  Gb  apptask.o [1]
xHandleTaskRev485       0x2001c3f4      0x4  Data  Gb  apptask.o [1]
xHeapStructSize         0x0803cf00      0x4  Data  Lc  heap_4.o [1]
xMinimumEverFreeBytesRemaining
                        0x2001c448      0x4  Data  Lc  heap_4.o [1]
xNextTaskUnblockTime    0x2001c488      0x4  Data  Lc  tasks.o [1]
xNumOfOverflows         0x2001c480      0x4  Data  Lc  tasks.o [1]
xPendingReadyList       0x2001c2cc     0x14  Data  Lc  tasks.o [1]
xPortStartScheduler     0x08036af3     0xcc  Code  Gb  port.o [1]
xQueueGenericCreate     0x08033fb9     0x7e  Code  Gb  queue.o [1]
xQueueGenericReceive    0x080343ad    0x19c  Code  Gb  queue.o [1]
xQueueGenericReset      0x08033f29     0x90  Code  Gb  queue.o [1]
xQueueGenericSend       0x08034037    0x1b2  Code  Gb  queue.o [1]
xQueueGenericSendFromISR
                        0x080341e9     0xec  Code  Gb  queue.o [1]
xQueueGiveFromISR       0x080342d5     0xd8  Code  Gb  queue.o [1]
xQueue_message          0x2001c418      0x4  Data  Gb  apptask.o [1]
xSchedulerRunning       0x2001c474      0x4  Data  Lc  tasks.o [1]
xSemaphore_download     0x2001c408      0x4  Data  Gb  apptask.o [1]
xSemaphore_lcd          0x2001c3fc      0x4  Data  Gb  apptask.o [1]
xSemaphore_pluse        0x2001c404      0x4  Data  Gb  apptask.o [1]
xSemaphore_readDisk     0x2001c40c      0x4  Data  Gb  apptask.o [1]
xSemaphore_rs485        0x2001c400      0x4  Data  Gb  apptask.o [1]
xStart                  0x2001c3c8      0x8  Data  Lc  heap_4.o [1]
xSuspendedTaskList      0x2001c2f4     0x14  Data  Lc  tasks.o [1]
xTaskCheckForTimeOut    0x08033bbd     0x8a  Code  Gb  tasks.o [1]
xTaskGenericCreate      0x08033329    0x184  Code  Gb  tasks.o [1]
xTaskGetSchedulerState  0x08033e7b     0x26  Code  Gb  tasks.o [1]
xTaskGetTickCount       0x080336bf      0xa  Code  Gb  tasks.o [1]
xTaskIncrementTick      0x080336c9    0x134  Code  Gb  tasks.o [1]
xTaskRemoveFromEventList
                        0x08033a69     0x8e  Code  Gb  tasks.o [1]
xTaskRemoveFromUnorderedEventList
                        0x08033afd     0x94  Code  Gb  tasks.o [1]
xTaskResumeAll          0x080335bf    0x100  Code  Gb  tasks.o [1]
xTasksWaitingTermination
                        0x2001c2e0     0x14  Data  Lc  tasks.o [1]
xTickCount              0x2001c46c      0x4  Data  Lc  tasks.o [1]
xTimerCreate            0x08036649     0x62  Code  Gb  timers.o [1]
xTimerCreateTimerTask   0x080365f9     0x50  Code  Gb  timers.o [1]
xTimerGenericCommand    0x080366ab     0x84  Code  Gb  timers.o [1]
xTimerQueue             0x2001c4a0      0x4  Data  Lc  timers.o [1]
xTimerUser              0x2001c414      0x4  Data  Gb  apptask.o [1]
xYieldPending           0x2001c47c      0x4  Data  Lc  tasks.o [1]


[1] = F:\work\YarnControl_Driver\src\stm32f4_rtos\Project\EWARMv7\Flash\Obj
[2] = command line
[3] = dl7M_tlf.a
[4] = m7M_tls.a
[5] = rt7M_tl.a
[6] = shb_l.a

   69 862 bytes of readonly  code memory
  180 470 bytes of readonly  data memory
  117 964 bytes of readwrite data memory (+ 1 044 480 absolute)

Errors: none
Warnings: none
