###############################################################################
#
# IAR ELF Linker V7.40.7.9843/W32 for ARM                 10/May/2019  07:34:26
# Copyright 2007-2015 IAR Systems AB.
#
#    Output file  =  
#        E:\WORK\YarnControl_Driver\YarnControl_Driver\src\stm32f4_rtos\Project\EWARMv7\Flash\Exe\project.out
#    Map file     =  
#        E:\WORK\YarnControl_Driver\YarnControl_Driver\src\stm32f4_rtos\Project\EWARMv7\Flash\List\project.map
#    Command line =  
#        E:\WORK\YarnControl_Driver\YarnControl_Driver\src\stm32f4_rtos\Project\EWARMv7\Flash\Obj\apptask.o
#        E:\WORK\YarnControl_Driver\YarnControl_Driver\src\stm32f4_rtos\Project\EWARMv7\Flash\Obj\bkp_pwr.o
#        E:\WORK\YarnControl_Driver\YarnControl_Driver\src\stm32f4_rtos\Project\EWARMv7\Flash\Obj\bsp.o
#        E:\WORK\YarnControl_Driver\YarnControl_Driver\src\stm32f4_rtos\Project\EWARMv7\Flash\Obj\bsp_adc.o
#        E:\WORK\YarnControl_Driver\YarnControl_Driver\src\stm32f4_rtos\Project\EWARMv7\Flash\Obj\bsp_closeSW.o
#        E:\WORK\YarnControl_Driver\YarnControl_Driver\src\stm32f4_rtos\Project\EWARMv7\Flash\Obj\bsp_dac.o
#        E:\WORK\YarnControl_Driver\YarnControl_Driver\src\stm32f4_rtos\Project\EWARMv7\Flash\Obj\bsp_dwt.o
#        E:\WORK\YarnControl_Driver\YarnControl_Driver\src\stm32f4_rtos\Project\EWARMv7\Flash\Obj\bsp_led.o
#        E:\WORK\YarnControl_Driver\YarnControl_Driver\src\stm32f4_rtos\Project\EWARMv7\Flash\Obj\bsp_relay.o
#        E:\WORK\YarnControl_Driver\YarnControl_Driver\src\stm32f4_rtos\Project\EWARMv7\Flash\Obj\bsp_sdio_sd.o
#        E:\WORK\YarnControl_Driver\YarnControl_Driver\src\stm32f4_rtos\Project\EWARMv7\Flash\Obj\bsp_sdwe050c17.o
#        E:\WORK\YarnControl_Driver\YarnControl_Driver\src\stm32f4_rtos\Project\EWARMv7\Flash\Obj\bsp_servomotor.o
#        E:\WORK\YarnControl_Driver\YarnControl_Driver\src\stm32f4_rtos\Project\EWARMv7\Flash\Obj\bsp_spi.o
#        E:\WORK\YarnControl_Driver\YarnControl_Driver\src\stm32f4_rtos\Project\EWARMv7\Flash\Obj\bsp_stepmotor.o
#        E:\WORK\YarnControl_Driver\YarnControl_Driver\src\stm32f4_rtos\Project\EWARMv7\Flash\Obj\bsp_sw_onoff.o
#        E:\WORK\YarnControl_Driver\YarnControl_Driver\src\stm32f4_rtos\Project\EWARMv7\Flash\Obj\bsp_tim_pwm.o
#        E:\WORK\YarnControl_Driver\YarnControl_Driver\src\stm32f4_rtos\Project\EWARMv7\Flash\Obj\bsp_timer.o
#        E:\WORK\YarnControl_Driver\YarnControl_Driver\src\stm32f4_rtos\Project\EWARMv7\Flash\Obj\bsp_uart_fifo.o
#        E:\WORK\YarnControl_Driver\YarnControl_Driver\src\stm32f4_rtos\Project\EWARMv7\Flash\Obj\bsp_w25qxx.o
#        E:\WORK\YarnControl_Driver\YarnControl_Driver\src\stm32f4_rtos\Project\EWARMv7\Flash\Obj\bsp_watchdog.o
#        E:\WORK\YarnControl_Driver\YarnControl_Driver\src\stm32f4_rtos\Project\EWARMv7\Flash\Obj\cc936.o
#        E:\WORK\YarnControl_Driver\YarnControl_Driver\src\stm32f4_rtos\Project\EWARMv7\Flash\Obj\cJSON.o
#        E:\WORK\YarnControl_Driver\YarnControl_Driver\src\stm32f4_rtos\Project\EWARMv7\Flash\Obj\croutine.o
#        E:\WORK\YarnControl_Driver\YarnControl_Driver\src\stm32f4_rtos\Project\EWARMv7\Flash\Obj\demo_fatfs.o
#        E:\WORK\YarnControl_Driver\YarnControl_Driver\src\stm32f4_rtos\Project\EWARMv7\Flash\Obj\des.o
#        E:\WORK\YarnControl_Driver\YarnControl_Driver\src\stm32f4_rtos\Project\EWARMv7\Flash\Obj\diskio.o
#        E:\WORK\YarnControl_Driver\YarnControl_Driver\src\stm32f4_rtos\Project\EWARMv7\Flash\Obj\encoder_tim.o
#        E:\WORK\YarnControl_Driver\YarnControl_Driver\src\stm32f4_rtos\Project\EWARMv7\Flash\Obj\esp8266_handler.o
#        E:\WORK\YarnControl_Driver\YarnControl_Driver\src\stm32f4_rtos\Project\EWARMv7\Flash\Obj\esp8266_init.o
#        E:\WORK\YarnControl_Driver\YarnControl_Driver\src\stm32f4_rtos\Project\EWARMv7\Flash\Obj\event_groups.o
#        E:\WORK\YarnControl_Driver\YarnControl_Driver\src\stm32f4_rtos\Project\EWARMv7\Flash\Obj\ff.o
#        E:\WORK\YarnControl_Driver\YarnControl_Driver\src\stm32f4_rtos\Project\EWARMv7\Flash\Obj\heap_4.o
#        E:\WORK\YarnControl_Driver\YarnControl_Driver\src\stm32f4_rtos\Project\EWARMv7\Flash\Obj\iic_smec98sp.o
#        E:\WORK\YarnControl_Driver\YarnControl_Driver\src\stm32f4_rtos\Project\EWARMv7\Flash\Obj\list.o
#        E:\WORK\YarnControl_Driver\YarnControl_Driver\src\stm32f4_rtos\Project\EWARMv7\Flash\Obj\main.o
#        E:\WORK\YarnControl_Driver\YarnControl_Driver\src\stm32f4_rtos\Project\EWARMv7\Flash\Obj\malloc.o
#        E:\WORK\YarnControl_Driver\YarnControl_Driver\src\stm32f4_rtos\Project\EWARMv7\Flash\Obj\mcheck.o
#        E:\WORK\YarnControl_Driver\YarnControl_Driver\src\stm32f4_rtos\Project\EWARMv7\Flash\Obj\misc.o
#        E:\WORK\YarnControl_Driver\YarnControl_Driver\src\stm32f4_rtos\Project\EWARMv7\Flash\Obj\modbus.o
#        E:\WORK\YarnControl_Driver\YarnControl_Driver\src\stm32f4_rtos\Project\EWARMv7\Flash\Obj\MQTTConnectClient.o
#        E:\WORK\YarnControl_Driver\YarnControl_Driver\src\stm32f4_rtos\Project\EWARMv7\Flash\Obj\MQTTConnectServer.o
#        E:\WORK\YarnControl_Driver\YarnControl_Driver\src\stm32f4_rtos\Project\EWARMv7\Flash\Obj\MQTTDeserializePublish.o
#        E:\WORK\YarnControl_Driver\YarnControl_Driver\src\stm32f4_rtos\Project\EWARMv7\Flash\Obj\MQTTFormat.o
#        E:\WORK\YarnControl_Driver\YarnControl_Driver\src\stm32f4_rtos\Project\EWARMv7\Flash\Obj\MQTTPacket.o
#        E:\WORK\YarnControl_Driver\YarnControl_Driver\src\stm32f4_rtos\Project\EWARMv7\Flash\Obj\MQTTSerializePublish.o
#        E:\WORK\YarnControl_Driver\YarnControl_Driver\src\stm32f4_rtos\Project\EWARMv7\Flash\Obj\MQTTSubscribeClient.o
#        E:\WORK\YarnControl_Driver\YarnControl_Driver\src\stm32f4_rtos\Project\EWARMv7\Flash\Obj\MQTTSubscribeServer.o
#        E:\WORK\YarnControl_Driver\YarnControl_Driver\src\stm32f4_rtos\Project\EWARMv7\Flash\Obj\MQTTUnsubscribeClient.o
#        E:\WORK\YarnControl_Driver\YarnControl_Driver\src\stm32f4_rtos\Project\EWARMv7\Flash\Obj\MQTTUnsubscribeServer.o
#        E:\WORK\YarnControl_Driver\YarnControl_Driver\src\stm32f4_rtos\Project\EWARMv7\Flash\Obj\page_weimi.o
#        E:\WORK\YarnControl_Driver\YarnControl_Driver\src\stm32f4_rtos\Project\EWARMv7\Flash\Obj\para.o
#        E:\WORK\YarnControl_Driver\YarnControl_Driver\src\stm32f4_rtos\Project\EWARMv7\Flash\Obj\port.o
#        E:\WORK\YarnControl_Driver\YarnControl_Driver\src\stm32f4_rtos\Project\EWARMv7\Flash\Obj\portasm.o
#        E:\WORK\YarnControl_Driver\YarnControl_Driver\src\stm32f4_rtos\Project\EWARMv7\Flash\Obj\product_cal.o
#        E:\WORK\YarnControl_Driver\YarnControl_Driver\src\stm32f4_rtos\Project\EWARMv7\Flash\Obj\protocol.o
#        E:\WORK\YarnControl_Driver\YarnControl_Driver\src\stm32f4_rtos\Project\EWARMv7\Flash\Obj\pub0sub1.o
#        E:\WORK\YarnControl_Driver\YarnControl_Driver\src\stm32f4_rtos\Project\EWARMv7\Flash\Obj\queue.o
#        E:\WORK\YarnControl_Driver\YarnControl_Driver\src\stm32f4_rtos\Project\EWARMv7\Flash\Obj\rc522.o
#        E:\WORK\YarnControl_Driver\YarnControl_Driver\src\stm32f4_rtos\Project\EWARMv7\Flash\Obj\sha1.o
#        E:\WORK\YarnControl_Driver\YarnControl_Driver\src\stm32f4_rtos\Project\EWARMv7\Flash\Obj\smec98sp.o
#        E:\WORK\YarnControl_Driver\YarnControl_Driver\src\stm32f4_rtos\Project\EWARMv7\Flash\Obj\startup_stm32f40_41xxx.o
#        E:\WORK\YarnControl_Driver\YarnControl_Driver\src\stm32f4_rtos\Project\EWARMv7\Flash\Obj\stm32f4xx_adc.o
#        E:\WORK\YarnControl_Driver\YarnControl_Driver\src\stm32f4_rtos\Project\EWARMv7\Flash\Obj\stm32f4xx_assert.o
#        E:\WORK\YarnControl_Driver\YarnControl_Driver\src\stm32f4_rtos\Project\EWARMv7\Flash\Obj\stm32f4xx_can.o
#        E:\WORK\YarnControl_Driver\YarnControl_Driver\src\stm32f4_rtos\Project\EWARMv7\Flash\Obj\stm32f4xx_crc.o
#        E:\WORK\YarnControl_Driver\YarnControl_Driver\src\stm32f4_rtos\Project\EWARMv7\Flash\Obj\stm32f4xx_cryp.o
#        E:\WORK\YarnControl_Driver\YarnControl_Driver\src\stm32f4_rtos\Project\EWARMv7\Flash\Obj\stm32f4xx_cryp_aes.o
#        E:\WORK\YarnControl_Driver\YarnControl_Driver\src\stm32f4_rtos\Project\EWARMv7\Flash\Obj\stm32f4xx_cryp_des.o
#        E:\WORK\YarnControl_Driver\YarnControl_Driver\src\stm32f4_rtos\Project\EWARMv7\Flash\Obj\stm32f4xx_cryp_tdes.o
#        E:\WORK\YarnControl_Driver\YarnControl_Driver\src\stm32f4_rtos\Project\EWARMv7\Flash\Obj\stm32f4xx_dac.o
#        E:\WORK\YarnControl_Driver\YarnControl_Driver\src\stm32f4_rtos\Project\EWARMv7\Flash\Obj\stm32f4xx_dbgmcu.o
#        E:\WORK\YarnControl_Driver\YarnControl_Driver\src\stm32f4_rtos\Project\EWARMv7\Flash\Obj\stm32f4xx_dcmi.o
#        E:\WORK\YarnControl_Driver\YarnControl_Driver\src\stm32f4_rtos\Project\EWARMv7\Flash\Obj\stm32f4xx_dma.o
#        E:\WORK\YarnControl_Driver\YarnControl_Driver\src\stm32f4_rtos\Project\EWARMv7\Flash\Obj\stm32f4xx_dma2d.o
#        E:\WORK\YarnControl_Driver\YarnControl_Driver\src\stm32f4_rtos\Project\EWARMv7\Flash\Obj\stm32f4xx_exti.o
#        E:\WORK\YarnControl_Driver\YarnControl_Driver\src\stm32f4_rtos\Project\EWARMv7\Flash\Obj\stm32f4xx_flash.o
#        E:\WORK\YarnControl_Driver\YarnControl_Driver\src\stm32f4_rtos\Project\EWARMv7\Flash\Obj\stm32f4xx_fsmc.o
#        E:\WORK\YarnControl_Driver\YarnControl_Driver\src\stm32f4_rtos\Project\EWARMv7\Flash\Obj\stm32f4xx_gpio.o
#        E:\WORK\YarnControl_Driver\YarnControl_Driver\src\stm32f4_rtos\Project\EWARMv7\Flash\Obj\stm32f4xx_hash.o
#        E:\WORK\YarnControl_Driver\YarnControl_Driver\src\stm32f4_rtos\Project\EWARMv7\Flash\Obj\stm32f4xx_hash_md5.o
#        E:\WORK\YarnControl_Driver\YarnControl_Driver\src\stm32f4_rtos\Project\EWARMv7\Flash\Obj\stm32f4xx_hash_sha1.o
#        E:\WORK\YarnControl_Driver\YarnControl_Driver\src\stm32f4_rtos\Project\EWARMv7\Flash\Obj\stm32f4xx_i2c.o
#        E:\WORK\YarnControl_Driver\YarnControl_Driver\src\stm32f4_rtos\Project\EWARMv7\Flash\Obj\stm32f4xx_it.o
#        E:\WORK\YarnControl_Driver\YarnControl_Driver\src\stm32f4_rtos\Project\EWARMv7\Flash\Obj\stm32f4xx_iwdg.o
#        E:\WORK\YarnControl_Driver\YarnControl_Driver\src\stm32f4_rtos\Project\EWARMv7\Flash\Obj\stm32f4xx_ltdc.o
#        E:\WORK\YarnControl_Driver\YarnControl_Driver\src\stm32f4_rtos\Project\EWARMv7\Flash\Obj\stm32f4xx_pwr.o
#        E:\WORK\YarnControl_Driver\YarnControl_Driver\src\stm32f4_rtos\Project\EWARMv7\Flash\Obj\stm32f4xx_rcc.o
#        E:\WORK\YarnControl_Driver\YarnControl_Driver\src\stm32f4_rtos\Project\EWARMv7\Flash\Obj\stm32f4xx_rng.o
#        E:\WORK\YarnControl_Driver\YarnControl_Driver\src\stm32f4_rtos\Project\EWARMv7\Flash\Obj\stm32f4xx_rtc.o
#        E:\WORK\YarnControl_Driver\YarnControl_Driver\src\stm32f4_rtos\Project\EWARMv7\Flash\Obj\stm32f4xx_sai.o
#        E:\WORK\YarnControl_Driver\YarnControl_Driver\src\stm32f4_rtos\Project\EWARMv7\Flash\Obj\stm32f4xx_sdio.o
#        E:\WORK\YarnControl_Driver\YarnControl_Driver\src\stm32f4_rtos\Project\EWARMv7\Flash\Obj\stm32f4xx_spi.o
#        E:\WORK\YarnControl_Driver\YarnControl_Driver\src\stm32f4_rtos\Project\EWARMv7\Flash\Obj\stm32f4xx_syscfg.o
#        E:\WORK\YarnControl_Driver\YarnControl_Driver\src\stm32f4_rtos\Project\EWARMv7\Flash\Obj\stm32f4xx_tim.o
#        E:\WORK\YarnControl_Driver\YarnControl_Driver\src\stm32f4_rtos\Project\EWARMv7\Flash\Obj\stm32f4xx_usart.o
#        E:\WORK\YarnControl_Driver\YarnControl_Driver\src\stm32f4_rtos\Project\EWARMv7\Flash\Obj\stm32f4xx_wwdg.o
#        E:\WORK\YarnControl_Driver\YarnControl_Driver\src\stm32f4_rtos\Project\EWARMv7\Flash\Obj\SysInfoTest.o
#        E:\WORK\YarnControl_Driver\YarnControl_Driver\src\stm32f4_rtos\Project\EWARMv7\Flash\Obj\system_stm32f4xx.o
#        E:\WORK\YarnControl_Driver\YarnControl_Driver\src\stm32f4_rtos\Project\EWARMv7\Flash\Obj\tasks.o
#        E:\WORK\YarnControl_Driver\YarnControl_Driver\src\stm32f4_rtos\Project\EWARMv7\Flash\Obj\timer_platform.o
#        E:\WORK\YarnControl_Driver\YarnControl_Driver\src\stm32f4_rtos\Project\EWARMv7\Flash\Obj\timers.o
#        E:\WORK\YarnControl_Driver\YarnControl_Driver\src\stm32f4_rtos\Project\EWARMv7\Flash\Obj\transport.o
#        E:\WORK\YarnControl_Driver\YarnControl_Driver\src\stm32f4_rtos\Project\EWARMv7\Flash\Obj\usb_bsp.o
#        E:\WORK\YarnControl_Driver\YarnControl_Driver\src\stm32f4_rtos\Project\EWARMv7\Flash\Obj\usb_core.o
#        E:\WORK\YarnControl_Driver\YarnControl_Driver\src\stm32f4_rtos\Project\EWARMv7\Flash\Obj\usb_hcd.o
#        E:\WORK\YarnControl_Driver\YarnControl_Driver\src\stm32f4_rtos\Project\EWARMv7\Flash\Obj\usb_hcd_int.o
#        E:\WORK\YarnControl_Driver\YarnControl_Driver\src\stm32f4_rtos\Project\EWARMv7\Flash\Obj\usbh_core.o
#        E:\WORK\YarnControl_Driver\YarnControl_Driver\src\stm32f4_rtos\Project\EWARMv7\Flash\Obj\usbh_hcs.o
#        E:\WORK\YarnControl_Driver\YarnControl_Driver\src\stm32f4_rtos\Project\EWARMv7\Flash\Obj\usbh_ioreq.o
#        E:\WORK\YarnControl_Driver\YarnControl_Driver\src\stm32f4_rtos\Project\EWARMv7\Flash\Obj\usbh_it.o
#        E:\WORK\YarnControl_Driver\YarnControl_Driver\src\stm32f4_rtos\Project\EWARMv7\Flash\Obj\usbh_msc_bot.o
#        E:\WORK\YarnControl_Driver\YarnControl_Driver\src\stm32f4_rtos\Project\EWARMv7\Flash\Obj\usbh_msc_core.o
#        E:\WORK\YarnControl_Driver\YarnControl_Driver\src\stm32f4_rtos\Project\EWARMv7\Flash\Obj\usbh_msc_scsi.o
#        E:\WORK\YarnControl_Driver\YarnControl_Driver\src\stm32f4_rtos\Project\EWARMv7\Flash\Obj\usbh_stdreq.o
#        E:\WORK\YarnControl_Driver\YarnControl_Driver\src\stm32f4_rtos\Project\EWARMv7\Flash\Obj\usbh_usr.o
#        -o
#        E:\WORK\YarnControl_Driver\YarnControl_Driver\src\stm32f4_rtos\Project\EWARMv7\Flash\Exe\project.out
#        --map
#        E:\WORK\YarnControl_Driver\YarnControl_Driver\src\stm32f4_rtos\Project\EWARMv7\Flash\List\project.map
#        --config
#        E:\WORK\YarnControl_Driver\YarnControl_Driver\src\stm32f4_rtos\Project\EWARMv7\stm32f4xx_flash.icf
#        --semihosting --entry __iar_program_start --inline --vfe
#
###############################################################################

*******************************************************************************
*** RUNTIME MODEL ATTRIBUTES
***

CppFlavor                     = *
__Heap_Handler                = DLMalloc
__SystemLibrary               = DLib
__dlib_dynamic_initialization = normal


*******************************************************************************
*** PLACEMENT SUMMARY
***

"A1":  place at 0x08000000 { ro section .intvec };
"P1":  place in [from 0x08000000 to 0x080fffff] { ro };
"P2":  place in [from 0x20000000 to 0x2001ffff] { rw, block CSTACK, block HEAP };

  Section             Kind        Address     Size  Object
  -------             ----        -------     ----  ------
"A1":                                        0x188
  .intvec             ro code  0x08000000    0x188  startup_stm32f40_41xxx.o [1]
                             - 0x08000188    0x188

"P1":                                      0x4b2be
  .rodata             const    0x08000188  0x15484  cc936.o [1]
  .rodata             const    0x0801560c  0x15484  cc936.o [1]
  .text               ro code  0x0802aa90   0x74a4  apptask.o [1]
  .text               ro code  0x08031f34   0x1548  bsp_sdwe050c17.o [1]
  .text               ro code  0x0803347c    0x7c8  queue.o [1]
  .text               ro code  0x08033c44    0x6b0  product_cal.o [1]
  .text               ro code  0x080342f4     0x66  ABImemset.o [5]
  .text               ro code  0x0803435a     0x1e  xsscin.o [3]
  .text               ro code  0x08034378    0xce0  tasks.o [1]
  .text               ro code  0x08035058    0x380  bsp_w25qxx.o [1]
  .text               ro code  0x080353d8   0x150a  para.o [1]
  .text               ro code  0x080368e2     0x1a  xsnprout.o [3]
  .text               ro code  0x080368fc     0x4e  FltToDbl.o [4]
  .text               ro code  0x0803694a      0xa  xsprout.o [3]
  .text               ro code  0x08036954     0x24  printf.o [3]
  .text               ro code  0x08036978     0x76  ABImemcpy_unaligned.o [5]
  .text               ro code  0x080369f0     0x42  strcmp_unaligned.o [5]
  .text               ro code  0x08036a34    0x21c  malloc.o [1]
  .text               ro code  0x08036c50     0x30  I32ToDbl.o [4]
  .text               ro code  0x08036c80    0x256  DblDiv.o [4]
  .text               ro code  0x08036ed8     0xe8  DblAdd.o [4]
  .text               ro code  0x08036fc0    0x1a2  DblMul.o [4]
  .text               ro code  0x08037164     0x58  DblToI32.o [4]
  .text               ro code  0x080371bc     0x90  DblToFlt.o [4]
  .text               ro code  0x0803724c     0x36  strlen.o [5]
  .text               ro code  0x08037284    0x12c  stm32f4xx_gpio.o [1]
  .text               ro code  0x080373b0     0x62  memcmp_unaligned.o [5]
  .text               ro code  0x08037414     0xc8  bsp_dac.o [1]
  .text               ro code  0x080374dc     0x3c  stm32f4xx_rtc.o [1]
  .text               ro code  0x08037518    0x504  page_weimi.o [1]
  .text               ro code  0x08037a1c    0x280  bsp_servomotor.o [1]
  .text               ro code  0x08037c9c    0x188  bkp_pwr.o [1]
  .text               ro code  0x08037e24    0x1a2  usbh_usr.o [1]
  .text               ro code  0x08037fc8    0x760  usbh_core.o [1]
  .text               ro code  0x08038728   0x2498  ff.o [1]
  .text               ro code  0x0803abc0     0x34  sprintf.o [3]
  .text               ro code  0x0803abf4     0x1c  strcat.o [3]
  .text               ro code  0x0803ac10     0xc0  bsp_led.o [1]
  .text               ro code  0x0803acd0     0xee  rc522.o [1]
  .text               ro code  0x0803adc0    0x354  modbus.o [1]
  .text               ro code  0x0803b114     0x80  protocol.o [1]
  .text               ro code  0x0803b194     0x10  para.o [1]
  .text               ro code  0x0803b1a4     0xdc  bsp_closeSW.o [1]
  .text               ro code  0x0803b280    0x180  DblSub.o [4]
  .text               ro code  0x0803b400    0x4f4  bsp_stepmotor.o [1]
  .text               ro code  0x0803b8f4    0x2a0  encoder_tim.o [1]
  .text               ro code  0x0803bb94     0x7c  esp8266_init.o [1]
  .text               ro code  0x0803bc10    0x414  esp8266_handler.o [1]
  .text               ro code  0x0803c024    0x434  pub0sub1.o [1]
  .text               ro code  0x0803c458    0x262  event_groups.o [1]
  .text               ro code  0x0803c6bc    0x4a4  timers.o [1]
  .text               ro code  0x0803cb60      0x8  bsp_watchdog.o [1]
  .text               ro code  0x0803cb68    0x1e8  stm32f4xx_rcc.o [1]
  .text               ro code  0x0803cd50     0x74  bsp_dwt.o [1]
  .text               ro code  0x0803cdc4    0xaa4  bsp_uart_fifo.o [1]
  .text               ro code  0x0803d868    0x204  bsp_timer.o [1]
  .text               ro code  0x0803da6c    0x24c  port.o [1]
  .text               ro code  0x0803dcb8     0x98  list.o [1]
  .text               ro code  0x0803dd50    0x280  heap_4.o [1]
  .text               ro code  0x0803dfd0    0x124  bsp_spi.o [1]
  .text               ro code  0x0803e0f4     0x44  strcpy_unaligned.o [5]
  .text               ro code  0x0803e138     0x24  sscanf.o [3]
  .text               ro code  0x0803e15c    0xd96  xprintffull_nomb.o [3]
  .text               ro code  0x0803eef4     0x7c  stm32f4xx_dac.o [1]
  .text               ro code  0x0803ef70    0x6f6  stm32f4xx_tim.o [1]
  .text               ro code  0x0803f668    0x31c  stm32f4xx_dma.o [1]
  .text               ro code  0x0803f984      0xc  stm32f4xx_pwr.o [1]
  .text               ro code  0x0803f990    0x14c  usb_bsp.o [1]
  .text               ro code  0x0803fadc     0xd6  usb_hcd.o [1]
  .text               ro code  0x0803fbb2    0x1ba  usbh_hcs.o [1]
  .text               ro code  0x0803fd6c    0x436  usbh_stdreq.o [1]
  .text               ro code  0x080401a2    0x246  usbh_ioreq.o [1]
  .text               ro code  0x080403e8    0x2e4  diskio.o [1]
  .text               ro code  0x080406cc     0xf4  cc936.o [1]
  .text               ro code  0x080407c0     0xb8  mcheck.o [1]
  .text               ro code  0x08040878     0x2c  strstr.o [3]
  .text               ro code  0x080408a4     0x54  stm32f4xx_syscfg.o [1]
  .text               ro code  0x080408f8     0xc0  stm32f4xx_exti.o [1]
  .text               ro code  0x080409b8     0x88  misc.o [1]
  .text               ro code  0x08040a40    0x132  I64DivMod.o [5]
  .text               ro code  0x08040b74      0x6  ABImemclr4.o [5]
  .text               ro code  0x08040b7c     0x44  snprintf.o [3]
  .text               ro code  0x08040bc0    0x306  MQTTConnectClient.o [1]
  .text               ro code  0x08040ec8     0x6c  transport.o [1]
  .text               ro code  0x08040f34    0x290  MQTTPacket.o [1]
  .text               ro code  0x080411c4     0x40  timer_platform.o [1]
  .text               ro code  0x08041204    0x190  MQTTSubscribeClient.o [1]
  .text               ro code  0x08041394     0xbc  MQTTDeserializePublish.o [1]
  .text               ro code  0x08041450     0xec  MQTTSerializePublish.o [1]
  .text               ro code  0x0804153c     0x10  stm32f4xx_iwdg.o [1]
  .text               ro code  0x0804154c    0x254  stm32f4xx_usart.o [1]
  CODE                ro code  0x080417a0     0xa8  portasm.o [1]
  .text               ro code  0x08041848     0x74  stm32f4xx_spi.o [1]
  .text               ro code  0x080418bc    0xb64  xscanffull_nomb.o [3]
  .text               ro code  0x08042420     0x16  strchr.o [5]
  .text               ro code  0x08042438     0x58  memchr.o [5]
  .text               ro code  0x08042490     0x42  xdnorm.o [4]
  .text               ro code  0x080424d4     0x2e  DblCmpLe.o [4]
  .text               ro code  0x08042504     0x2e  DblCmpGe.o [4]
  .text               ro code  0x08042534    0x114  xdscale.o [4]
  .text               ro code  0x08042648     0x6c  localeconv.o [3]
  .text               ro code  0x080426b4      0xe  div.o [3]
  .text               ro code  0x080426c4    0xa50  usb_core.o [1]
  .text               ro code  0x08043114   0x1a58  bsp_sdio_sd.o [1]
  .text               ro code  0x08044b6c    0x618  usbh_msc_scsi.o [1]
  .text               ro code  0x08045184    0x554  usbh_msc_bot.o [1]
  .text               ro code  0x080456d8      0x2  I64DivZer.o [5]
  .text               ro code  0x080456dc     0x32  ABImemset48.o [5]
  .text               ro code  0x0804570e     0x28  isxxx.o [3]
  .text               ro code  0x08045736     0xa4  xstoll.o [3]
  .text               ro code  0x080457dc    0x1b0  xstoull.o [3]
  .text               ro code  0x0804598c    0x168  xstold.o [4]
  .text               ro code  0x08045af4    0x17c  stm32f4xx_sdio.o [1]
  .text               ro code  0x08045c70     0x18  setlocale.o [3]
  .text               ro code  0x08045c88     0x16  xlocale_c.o [3]
  .text               ro code  0x08045c9e     0x14  xlocale_c.o [3]
  .text               ro code  0x08045cb4      0xc  errno.o [3]
  .text               ro code  0x08045cc0     0x14  tolower.o [3]
  .text               ro code  0x08045cd4    0x124  xstopfx.o [3]
  .text               ro code  0x08045df8    0x1b8  xstoflt.o [3]
  .text               ro code  0x08045fb0    0x200  xdtento.o [4]
  .text               ro code  0x080461b0    0x218  xstoxflt.o [3]
  .text               ro code  0x080463c8      0x2  xtls.o [3]
  .text               ro code  0x080463ca      0xc  xlocale_c.o [3]
  .text               ro code  0x080463d8     0x20  DblCmpEq.o [4]
  .text               ro code  0x080463f8     0x52  xdunscal.o [4]
  .text               ro code  0x0804644c    0xc7e  usb_hcd_int.o [1]
  .text               ro code  0x080470cc    0x4fa  des.o [1]
  .text               ro code  0x080475c8    0x4ae  smec98sp.o [1]
  .text               ro code  0x08047a78    0x1b6  stm32f4xx_adc.o [1]
  .text               ro code  0x08047c30    0x38e  iic_smec98sp.o [1]
  .text               ro code  0x08047fc0     0x20  srand.o [3]
  .text               ro code  0x08047fe0     0xe0  rand.o [3]
  .rodata             const    0x080480c0    0x400  apptask.o [1]
  .text               ro code  0x080484c0    0x3e8  usbh_msc_core.o [1]
  .rodata             const    0x080488a8    0x3dc  cc936.o [1]
  .rodata             const    0x08048c84    0x3dc  cc936.o [1]
  .rodata             const    0x08049060    0x200  des.o [1]
  .rodata             const    0x08049260    0x190  product_cal.o [1]
  .text               ro code  0x080493f0    0x154  system_stm32f4xx.o [1]
  .rodata             const    0x08049544    0x100  mcheck.o [1]
  .rodata             const    0x08049644    0x100  mcheck.o [1]
  .rodata             const    0x08049744    0x100  mcheck.o [1]
  .text               ro code  0x08049844     0xd0  packbits_init.o [5]
  .text               ro code  0x08049914      0x6  abort.o [3]
  .text               ro code  0x0804991c     0x14  exit.o [6]
  .rodata             const    0x08049930     0x58  pub0sub1.o [1]
  .text               ro code  0x08049988     0x58  bsp.o [1]
  .text               ro code  0x080499e0     0x44  bsp_relay.o [1]
  .text               ro code  0x08049a24     0x44  bsp_sw_onoff.o [1]
  .rodata             const    0x08049a68     0x40  des.o [1]
  .rodata             const    0x08049aa8     0x40  des.o [1]
  .text               ro code  0x08049ae8     0x40  zero_init3.o [5]
  .rodata             const    0x08049b28     0x38  demo_fatfs.o [1]
  .rodata             const    0x08049b60     0x38  des.o [1]
  .text               ro code  0x08049b98     0x38  stm32f4xx_it.o [1]
  .rodata             const    0x08049bd0     0x34  apptask.o [1]
  .rodata             const    0x08049c04     0x30  apptask.o [1]
  .rodata             const    0x08049c34     0x30  demo_fatfs.o [1]
  .rodata             const    0x08049c64     0x30  demo_fatfs.o [1]
  .rodata             const    0x08049c94     0x30  des.o [1]
  .rodata             const    0x08049cc4     0x30  des.o [1]
  .text               ro code  0x08049cf4     0x30  main.o [1]
  .rodata             const    0x08049d24     0x2c  apptask.o [1]
  .rodata             const    0x08049d50     0x2c  demo_fatfs.o [1]
  .rodata             const    0x08049d7c     0x2c  demo_fatfs.o [1]
  .rodata             const    0x08049da8     0x2c  stm32f4xx_it.o [1]
  .text               ro code  0x08049dd4     0x2c  SysInfoTest.o [1]
  .rodata             const    0x08049e00     0x28  apptask.o [1]
  .rodata             const    0x08049e28     0x28  demo_fatfs.o [1]
  .rodata             const    0x08049e50     0x28  demo_fatfs.o [1]
  .rodata             const    0x08049e78     0x28  demo_fatfs.o [1]
  .text               ro code  0x08049ea0     0x28  data_init.o [5]
  .rodata             const    0x08049ec8     0x24  apptask.o [1]
  .rodata             const    0x08049eec     0x24  apptask.o [1]
  .rodata             const    0x08049f10     0x24  apptask.o [1]
  .rodata             const    0x08049f34     0x24  apptask.o [1]
  .rodata             const    0x08049f58     0x24  apptask.o [1]
  .rodata             const    0x08049f7c     0x24  apptask.o [1]
  .rodata             const    0x08049fa0     0x24  apptask.o [1]
  .rodata             const    0x08049fc4     0x24  apptask.o [1]
  .rodata             const    0x08049fe8     0x24  apptask.o [1]
  .rodata             const    0x0804a00c     0x24  apptask.o [1]
  .rodata             const    0x0804a030     0x24  demo_fatfs.o [1]
  .rodata             const    0x0804a054     0x24  demo_fatfs.o [1]
  .rodata             const    0x0804a078     0x24  pub0sub1.o [1]
  .rodata             const    0x0804a09c     0x24  pub0sub1.o [1]
  .rodata             const    0x0804a0c0     0x24  usbh_usr.o [1]
  .text               ro code  0x0804a0e4     0x22  fpinit_M.o [4]
  .iar.init_table     const    0x0804a108     0x34  - Linker created -
  .rodata             const    0x0804a13c     0x20  apptask.o [1]
  .rodata             const    0x0804a15c     0x20  apptask.o [1]
  .rodata             const    0x0804a17c     0x20  apptask.o [1]
  .rodata             const    0x0804a19c     0x20  demo_fatfs.o [1]
  .rodata             const    0x0804a1bc     0x20  demo_fatfs.o [1]
  .rodata             const    0x0804a1dc     0x20  demo_fatfs.o [1]
  .rodata             const    0x0804a1fc     0x20  des.o [1]
  .rodata             const    0x0804a21c     0x20  pub0sub1.o [1]
  .rodata             const    0x0804a23c     0x20  usbh_usr.o [1]
  .rodata             const    0x0804a25c     0x20  usbh_usr.o [1]
  .rodata             const    0x0804a27c     0x20  usbh_usr.o [1]
  .rodata             const    0x0804a29c     0x20  usbh_usr.o [1]
  .rodata             const    0x0804a2bc     0x20  usbh_usr.o [1]
  .rodata             const    0x0804a2dc     0x1c  apptask.o [1]
  .rodata             const    0x0804a2f8     0x1c  apptask.o [1]
  .rodata             const    0x0804a314     0x1c  apptask.o [1]
  .rodata             const    0x0804a330     0x1c  apptask.o [1]
  .rodata             const    0x0804a34c     0x1c  apptask.o [1]
  .rodata             const    0x0804a368     0x1c  apptask.o [1]
  .rodata             const    0x0804a384     0x1c  apptask.o [1]
  .rodata             const    0x0804a3a0     0x1c  apptask.o [1]
  .rodata             const    0x0804a3bc     0x1c  demo_fatfs.o [1]
  .rodata             const    0x0804a3d8     0x1c  demo_fatfs.o [1]
  .rodata             const    0x0804a3f4     0x1c  esp8266_handler.o [1]
  .rodata             const    0x0804a410     0x1c  esp8266_handler.o [1]
  .rodata             const    0x0804a42c     0x1c  pub0sub1.o [1]
  .rodata             const    0x0804a448     0x1c  pub0sub1.o [1]
  .rodata             const    0x0804a464     0x1c  pub0sub1.o [1]
  .rodata             const    0x0804a480     0x1c  smec98sp.o [1]
  .rodata             const    0x0804a49c     0x1c  smec98sp.o [1]
  .rodata             const    0x0804a4b8     0x1c  smec98sp.o [1]
  .rodata             const    0x0804a4d4     0x1c  usbh_usr.o [1]
  .rodata             const    0x0804a4f0     0x1c  usbh_usr.o [1]
  .rodata             const    0x0804a50c     0x1c  usbh_usr.o [1]
  .rodata             const    0x0804a528     0x1c  usbh_usr.o [1]
  .rodata             const    0x0804a544     0x1c  usbh_usr.o [1]
  .rodata             const    0x0804a560     0x1c  usbh_usr.o [1]
  .text               ro code  0x0804a57c     0x1a  cmain.o [5]
  .text               ro code  0x0804a596      0x4  exit.o [3]
  .text               ro code  0x0804a59c      0xa  cexit.o [5]
  .rodata             const    0x0804a5a8     0x18  apptask.o [1]
  .rodata             const    0x0804a5c0     0x18  apptask.o [1]
  .rodata             const    0x0804a5d8     0x18  apptask.o [1]
  .rodata             const    0x0804a5f0     0x18  apptask.o [1]
  .rodata             const    0x0804a608     0x18  apptask.o [1]
  .rodata             const    0x0804a620     0x18  apptask.o [1]
  .rodata             const    0x0804a638     0x18  apptask.o [1]
  .rodata             const    0x0804a650     0x18  apptask.o [1]
  .rodata             const    0x0804a668     0x18  apptask.o [1]
  .rodata             const    0x0804a680     0x18  apptask.o [1]
  .rodata             const    0x0804a698     0x18  apptask.o [1]
  .rodata             const    0x0804a6b0     0x18  apptask.o [1]
  .rodata             const    0x0804a6c8     0x18  demo_fatfs.o [1]
  .rodata             const    0x0804a6e0     0x18  demo_fatfs.o [1]
  .rodata             const    0x0804a6f8     0x18  demo_fatfs.o [1]
  .rodata             const    0x0804a710     0x18  demo_fatfs.o [1]
  .rodata             const    0x0804a728     0x18  esp8266_handler.o [1]
  .rodata             const    0x0804a740     0x18  esp8266_handler.o [1]
  .rodata             const    0x0804a758     0x18  esp8266_handler.o [1]
  .rodata             const    0x0804a770     0x18  para.o [1]
  .rodata             const    0x0804a788     0x18  pub0sub1.o [1]
  .rodata             const    0x0804a7a0     0x18  pub0sub1.o [1]
  .rodata             const    0x0804a7b8     0x18  smec98sp.o [1]
  .rodata             const    0x0804a7d0     0x18  smec98sp.o [1]
  .rodata             const    0x0804a7e8     0x18  usbh_usr.o [1]
  .rodata             const    0x0804a800     0x18  usbh_usr.o [1]
  .rodata             const    0x0804a818     0x18  usbh_usr.o [1]
  .rodata             const    0x0804a830     0x18  usbh_usr.o [1]
  .rodata             const    0x0804a848     0x18  usbh_usr.o [1]
  .text               ro code  0x0804a860     0x16  xprout.o [3]
  .text               ro code  0x0804a878      0xc  putchar.o [3]
  .rodata             const    0x0804a884     0x14  apptask.o [1]
  .rodata             const    0x0804a898     0x14  apptask.o [1]
  .rodata             const    0x0804a8ac     0x14  apptask.o [1]
  .rodata             const    0x0804a8c0     0x14  apptask.o [1]
  .rodata             const    0x0804a8d4     0x14  apptask.o [1]
  .rodata             const    0x0804a8e8     0x14  apptask.o [1]
  .rodata             const    0x0804a8fc     0x14  apptask.o [1]
  .rodata             const    0x0804a910     0x14  apptask.o [1]
  .rodata             const    0x0804a924     0x14  apptask.o [1]
  .rodata             const    0x0804a938     0x14  apptask.o [1]
  .rodata             const    0x0804a94c     0x14  apptask.o [1]
  .rodata             const    0x0804a960     0x14  apptask.o [1]
  .rodata             const    0x0804a974     0x14  apptask.o [1]
  .rodata             const    0x0804a988     0x14  apptask.o [1]
  .rodata             const    0x0804a99c     0x14  apptask.o [1]
  .rodata             const    0x0804a9b0     0x14  apptask.o [1]
  .rodata             const    0x0804a9c4     0x14  des.o [1]
  .rodata             const    0x0804a9d8     0x14  esp8266_handler.o [1]
  .rodata             const    0x0804a9ec     0x14  pub0sub1.o [1]
  .rodata             const    0x0804aa00     0x14  pub0sub1.o [1]
  .rodata             const    0x0804aa14     0x14  pub0sub1.o [1]
  .rodata             const    0x0804aa28     0x14  pub0sub1.o [1]
  .rodata             const    0x0804aa3c     0x14  pub0sub1.o [1]
  .rodata             const    0x0804aa50     0x14  smec98sp.o [1]
  .rodata             const    0x0804aa64     0x14  usbh_usr.o [1]
  .rodata             const    0x0804aa78     0x14  usbh_usr.o [1]
  .rodata             const    0x0804aa8c     0x10  apptask.o [1]
  .rodata             const    0x0804aa9c     0x10  apptask.o [1]
  .rodata             const    0x0804aaac     0x10  apptask.o [1]
  .rodata             const    0x0804aabc     0x10  apptask.o [1]
  .rodata             const    0x0804aacc     0x10  apptask.o [1]
  .rodata             const    0x0804aadc     0x10  apptask.o [1]
  .rodata             const    0x0804aaec     0x10  apptask.o [1]
  .rodata             const    0x0804aafc     0x10  apptask.o [1]
  .rodata             const    0x0804ab0c     0x10  apptask.o [1]
  .rodata             const    0x0804ab1c     0x10  apptask.o [1]
  .rodata             const    0x0804ab2c     0x10  apptask.o [1]
  .rodata             const    0x0804ab3c     0x10  apptask.o [1]
  .rodata             const    0x0804ab4c     0x10  apptask.o [1]
  .rodata             const    0x0804ab5c     0x10  apptask.o [1]
  .rodata             const    0x0804ab6c     0x10  apptask.o [1]
  .rodata             const    0x0804ab7c     0x10  apptask.o [1]
  .rodata             const    0x0804ab8c     0x10  apptask.o [1]
  .rodata             const    0x0804ab9c     0x10  apptask.o [1]
  .rodata             const    0x0804abac     0x10  apptask.o [1]
  .rodata             const    0x0804abbc     0x10  apptask.o [1]
  .rodata             const    0x0804abcc     0x10  apptask.o [1]
  .rodata             const    0x0804abdc     0x10  apptask.o [1]
  .rodata             const    0x0804abec     0x10  apptask.o [1]
  .rodata             const    0x0804abfc     0x10  apptask.o [1]
  .rodata             const    0x0804ac0c     0x10  apptask.o [1]
  .rodata             const    0x0804ac1c     0x10  apptask.o [1]
  .rodata             const    0x0804ac2c     0x10  apptask.o [1]
  .rodata             const    0x0804ac3c     0x10  bsp_sdwe050c17.o [1]
  .rodata             const    0x0804ac4c     0x10  esp8266_handler.o [1]
  .rodata             const    0x0804ac5c     0x10  esp8266_handler.o [1]
  .rodata             const    0x0804ac6c     0x10  esp8266_handler.o [1]
  .rodata             const    0x0804ac7c     0x10  esp8266_handler.o [1]
  .rodata             const    0x0804ac8c     0x10  esp8266_handler.o [1]
  .rodata             const    0x0804ac9c     0x10  esp8266_handler.o [1]
  .rodata             const    0x0804acac     0x10  ff.o [1]
  .rodata             const    0x0804acbc     0x10  main.o [1]
  .rodata             const    0x0804accc     0x10  main.o [1]
  .rodata             const    0x0804acdc     0x10  para.o [1]
  .rodata             const    0x0804acec     0x10  para.o [1]
  .rodata             const    0x0804acfc     0x10  pub0sub1.o [1]
  .rodata             const    0x0804ad0c     0x10  smec98sp.o [1]
  .rodata             const    0x0804ad1c     0x10  smec98sp.o [1]
  .rodata             const    0x0804ad2c     0x10  smec98sp.o [1]
  .rodata             const    0x0804ad3c     0x10  smec98sp.o [1]
  .rodata             const    0x0804ad4c     0x10  smec98sp.o [1]
  .rodata             const    0x0804ad5c     0x10  smec98sp.o [1]
  .rodata             const    0x0804ad6c     0x10  usbh_usr.o [1]
  .rodata             const    0x0804ad7c     0x10  usbh_usr.o [1]
  .text               ro code  0x0804ad8c     0x10  startup_stm32f40_41xxx.o [1]
  .text               ro code  0x0804ad9c     0x10  usbh_it.o [1]
  .rodata             const    0x0804adac      0xc  apptask.o [1]
  .rodata             const    0x0804adb8      0xc  apptask.o [1]
  .rodata             const    0x0804adc4      0xc  apptask.o [1]
  .rodata             const    0x0804add0      0xc  apptask.o [1]
  .rodata             const    0x0804addc      0xc  apptask.o [1]
  .rodata             const    0x0804ade8      0xc  apptask.o [1]
  .rodata             const    0x0804adf4      0xc  apptask.o [1]
  .rodata             const    0x0804ae00      0xc  apptask.o [1]
  .rodata             const    0x0804ae0c      0xc  apptask.o [1]
  .rodata             const    0x0804ae18      0xc  apptask.o [1]
  .rodata             const    0x0804ae24      0xc  apptask.o [1]
  .rodata             const    0x0804ae30      0xc  apptask.o [1]
  .rodata             const    0x0804ae3c      0xc  apptask.o [1]
  .rodata             const    0x0804ae48      0xc  apptask.o [1]
  .rodata             const    0x0804ae54      0xc  apptask.o [1]
  .rodata             const    0x0804ae60      0xc  apptask.o [1]
  .rodata             const    0x0804ae6c      0xc  apptask.o [1]
  .rodata             const    0x0804ae78      0xc  apptask.o [1]
  .rodata             const    0x0804ae84      0xc  apptask.o [1]
  .rodata             const    0x0804ae90      0xc  apptask.o [1]
  .rodata             const    0x0804ae9c      0xc  apptask.o [1]
  .rodata             const    0x0804aea8      0xc  apptask.o [1]
  .rodata             const    0x0804aeb4      0xc  apptask.o [1]
  .rodata             const    0x0804aec0      0xc  apptask.o [1]
  .rodata             const    0x0804aecc      0xc  apptask.o [1]
  .rodata             const    0x0804aed8      0xc  apptask.o [1]
  .rodata             const    0x0804aee4      0xc  apptask.o [1]
  .rodata             const    0x0804aef0      0xc  apptask.o [1]
  .rodata             const    0x0804aefc      0xc  apptask.o [1]
  .rodata             const    0x0804af08      0xc  apptask.o [1]
  .rodata             const    0x0804af14      0xc  apptask.o [1]
  .rodata             const    0x0804af20      0xc  apptask.o [1]
  .rodata             const    0x0804af2c      0xc  apptask.o [1]
  .rodata             const    0x0804af38      0xc  apptask.o [1]
  .rodata             const    0x0804af44      0xc  apptask.o [1]
  .rodata             const    0x0804af50      0xc  bsp_sdwe050c17.o [1]
  .rodata             const    0x0804af5c      0xc  demo_fatfs.o [1]
  .rodata             const    0x0804af68      0xc  esp8266_handler.o [1]
  .rodata             const    0x0804af74      0xc  esp8266_handler.o [1]
  .rodata             const    0x0804af80      0xc  esp8266_handler.o [1]
  .rodata             const    0x0804af8c      0xc  esp8266_handler.o [1]
  .rodata             const    0x0804af98      0xc  esp8266_handler.o [1]
  .rodata             const    0x0804afa4      0xc  esp8266_handler.o [1]
  .rodata             const    0x0804afb0      0xc  ff.o [1]
  .rodata             const    0x0804afbc      0xc  page_weimi.o [1]
  .rodata             const    0x0804afc8      0xc  para.o [1]
  .rodata             const    0x0804afd4      0xc  para.o [1]
  .rodata             const    0x0804afe0      0xc  para.o [1]
  .rodata             const    0x0804afec      0xc  para.o [1]
  .rodata             const    0x0804aff8      0xc  para.o [1]
  .rodata             const    0x0804b004      0xc  pub0sub1.o [1]
  .rodata             const    0x0804b010      0xc  pub0sub1.o [1]
  .text               ro code  0x0804b01c      0xc  cstartup_M.o [5]
  .rodata             const    0x0804b028      0x8  apptask.o [1]
  .rodata             const    0x0804b030      0x8  apptask.o [1]
  .rodata             const    0x0804b038      0x8  apptask.o [1]
  .rodata             const    0x0804b040      0x8  apptask.o [1]
  .rodata             const    0x0804b048      0x8  apptask.o [1]
  .rodata             const    0x0804b050      0x8  apptask.o [1]
  .rodata             const    0x0804b058      0x8  apptask.o [1]
  .rodata             const    0x0804b060      0x8  apptask.o [1]
  .rodata             const    0x0804b068      0x8  apptask.o [1]
  .rodata             const    0x0804b070      0x8  apptask.o [1]
  .rodata             const    0x0804b078      0x8  apptask.o [1]
  .rodata             const    0x0804b080      0x8  apptask.o [1]
  .rodata             const    0x0804b088      0x8  apptask.o [1]
  .rodata             const    0x0804b090      0x8  apptask.o [1]
  .rodata             const    0x0804b098      0x8  apptask.o [1]
  .rodata             const    0x0804b0a0      0x8  apptask.o [1]
  .rodata             const    0x0804b0a8      0x8  apptask.o [1]
  .rodata             const    0x0804b0b0      0x8  apptask.o [1]
  .rodata             const    0x0804b0b8      0x8  apptask.o [1]
  .rodata             const    0x0804b0c0      0x8  apptask.o [1]
  .rodata             const    0x0804b0c8      0x8  apptask.o [1]
  .rodata             const    0x0804b0d0      0x8  bsp_sdwe050c17.o [1]
  .rodata             const    0x0804b0d8      0x8  bsp_w25qxx.o [1]
  .rodata             const    0x0804b0e0      0x8  esp8266_handler.o [1]
  .rodata             const    0x0804b0e8      0x8  ff.o [1]
  .rodata             const    0x0804b0f0      0x8  malloc.o [1]
  .rodata             const    0x0804b0f8      0x8  malloc.o [1]
  .rodata             const    0x0804b100      0x8  malloc.o [1]
  .rodata             const    0x0804b108      0x8  MQTTConnectClient.o [1]
  .rodata             const    0x0804b110      0x8  MQTTConnectClient.o [1]
  .rodata             const    0x0804b118      0x8  para.o [1]
  .rodata             const    0x0804b120      0x8  para.o [1]
  .rodata             const    0x0804b128      0x8  para.o [1]
  .rodata             const    0x0804b130      0x8  para.o [1]
  .rodata             const    0x0804b138      0x8  para.o [1]
  .rodata             const    0x0804b140      0x8  para.o [1]
  .rodata             const    0x0804b148      0x8  para.o [1]
  .rodata             const    0x0804b150      0x8  para.o [1]
  .rodata             const    0x0804b158      0x8  para.o [1]
  .rodata             const    0x0804b160      0x8  para.o [1]
  .rodata             const    0x0804b168      0x8  para.o [1]
  .rodata             const    0x0804b170      0x8  para.o [1]
  .rodata             const    0x0804b178      0x8  para.o [1]
  .rodata             const    0x0804b180      0x8  para.o [1]
  .rodata             const    0x0804b188      0x8  para.o [1]
  .rodata             const    0x0804b190      0x8  para.o [1]
  .rodata             const    0x0804b198      0x8  para.o [1]
  .rodata             const    0x0804b1a0      0x8  para.o [1]
  .rodata             const    0x0804b1a8      0x8  para.o [1]
  .rodata             const    0x0804b1b0      0x8  para.o [1]
  .rodata             const    0x0804b1b8      0x8  para.o [1]
  .rodata             const    0x0804b1c0      0x8  pub0sub1.o [1]
  .rodata             const    0x0804b1c8      0x8  smec98sp.o [1]
  .rodata             const    0x0804b1d0      0x8  tasks.o [1]
  .rodata             const    0x0804b1d8      0x8  timers.o [1]
  .rodata             const    0x0804b1e0      0x4  heap_4.o [1]
  .rodata             const    0x0804b1e4      0x4  MQTTConnectClient.o [1]
  .rodata             const    0x0804b1e8      0x4  MQTTConnectClient.o [1]
  .rodata             const    0x0804b1ec      0x4  MQTTConnectClient.o [1]
  .rodata             const    0x0804b1f0      0x4  MQTTConnectClient.o [1]
  .rodata             const    0x0804b1f4      0x4  MQTTConnectClient.o [1]
  .rodata             const    0x0804b1f8      0x4  MQTTDeserializePublish.o [1]
  .rodata             const    0x0804b1fc      0x4  MQTTPacket.o [1]
  .rodata             const    0x0804b200      0x4  MQTTSerializePublish.o [1]
  .rodata             const    0x0804b204      0x4  MQTTSubscribeClient.o [1]
  .rodata             const    0x0804b208      0x4  MQTTSubscribeClient.o [1]
  .rodata             const    0x0804b20c      0x4  port.o [1]
  .text               ro code  0x0804b210      0x4  startup_stm32f40_41xxx.o [1]
  .text               ro code  0x0804b214      0x4  startup_stm32f40_41xxx.o [1]
  .text               ro code  0x0804b218      0x4  startup_stm32f40_41xxx.o [1]
  .text               ro code  0x0804b21c      0x4  startup_stm32f40_41xxx.o [1]
  .text               ro code  0x0804b220      0x4  startup_stm32f40_41xxx.o [1]
  .text               ro code  0x0804b224      0x4  startup_stm32f40_41xxx.o [1]
  .text               ro code  0x0804b228      0x4  startup_stm32f40_41xxx.o [1]
  .text               ro code  0x0804b22c      0x4  startup_stm32f40_41xxx.o [1]
  .text               ro code  0x0804b230      0x4  startup_stm32f40_41xxx.o [1]
  .text               ro code  0x0804b234      0x4  startup_stm32f40_41xxx.o [1]
  .text               ro code  0x0804b238      0x4  startup_stm32f40_41xxx.o [1]
  .text               ro code  0x0804b23c      0x4  startup_stm32f40_41xxx.o [1]
  .text               ro code  0x0804b240      0x4  startup_stm32f40_41xxx.o [1]
  .text               ro code  0x0804b244      0x4  startup_stm32f40_41xxx.o [1]
  .text               ro code  0x0804b248      0x4  startup_stm32f40_41xxx.o [1]
  .text               ro code  0x0804b24c      0x4  startup_stm32f40_41xxx.o [1]
  .text               ro code  0x0804b250      0x4  startup_stm32f40_41xxx.o [1]
  .text               ro code  0x0804b254      0x4  startup_stm32f40_41xxx.o [1]
  .text               ro code  0x0804b258      0x4  startup_stm32f40_41xxx.o [1]
  .text               ro code  0x0804b25c      0x4  startup_stm32f40_41xxx.o [1]
  .text               ro code  0x0804b260      0x4  startup_stm32f40_41xxx.o [1]
  .text               ro code  0x0804b264      0x4  startup_stm32f40_41xxx.o [1]
  .text               ro code  0x0804b268      0x4  startup_stm32f40_41xxx.o [1]
  .text               ro code  0x0804b26c      0x4  startup_stm32f40_41xxx.o [1]
  .text               ro code  0x0804b270      0x4  startup_stm32f40_41xxx.o [1]
  .text               ro code  0x0804b274      0x4  startup_stm32f40_41xxx.o [1]
  .text               ro code  0x0804b278      0x4  startup_stm32f40_41xxx.o [1]
  .text               ro code  0x0804b27c      0x4  startup_stm32f40_41xxx.o [1]
  .text               ro code  0x0804b280      0x4  startup_stm32f40_41xxx.o [1]
  .text               ro code  0x0804b284      0x4  startup_stm32f40_41xxx.o [1]
  .text               ro code  0x0804b288      0x4  startup_stm32f40_41xxx.o [1]
  .text               ro code  0x0804b28c      0x4  startup_stm32f40_41xxx.o [1]
  .text               ro code  0x0804b290      0x4  startup_stm32f40_41xxx.o [1]
  .text               ro code  0x0804b294      0x4  startup_stm32f40_41xxx.o [1]
  .text               ro code  0x0804b298      0x4  startup_stm32f40_41xxx.o [1]
  .text               ro code  0x0804b29c      0x4  startup_stm32f40_41xxx.o [1]
  .text               ro code  0x0804b2a0      0x4  startup_stm32f40_41xxx.o [1]
  .text               ro code  0x0804b2a4      0x4  startup_stm32f40_41xxx.o [1]
  .text               ro code  0x0804b2a8      0x4  startup_stm32f40_41xxx.o [1]
  .text               ro code  0x0804b2ac      0x4  startup_stm32f40_41xxx.o [1]
  .text               ro code  0x0804b2b0      0x4  startup_stm32f40_41xxx.o [1]
  .text               ro code  0x0804b2b4      0x4  startup_stm32f40_41xxx.o [1]
  .text               ro code  0x0804b2b8      0x4  startup_stm32f40_41xxx.o [1]
  .text               ro code  0x0804b2bc      0x4  startup_stm32f40_41xxx.o [1]
  .text               ro code  0x0804b2c0      0x4  startup_stm32f40_41xxx.o [1]
  .text               ro code  0x0804b2c4      0x4  startup_stm32f40_41xxx.o [1]
  .text               ro code  0x0804b2c8      0x4  startup_stm32f40_41xxx.o [1]
  .text               ro code  0x0804b2cc      0x4  startup_stm32f40_41xxx.o [1]
  .text               ro code  0x0804b2d0      0x4  startup_stm32f40_41xxx.o [1]
  .text               ro code  0x0804b2d4      0x4  startup_stm32f40_41xxx.o [1]
  .text               ro code  0x0804b2d8      0x4  startup_stm32f40_41xxx.o [1]
  .text               ro code  0x0804b2dc      0x4  startup_stm32f40_41xxx.o [1]
  .text               ro code  0x0804b2e0      0x4  startup_stm32f40_41xxx.o [1]
  .text               ro code  0x0804b2e4      0x4  startup_stm32f40_41xxx.o [1]
  .text               ro code  0x0804b2e8      0x4  startup_stm32f40_41xxx.o [1]
  .text               ro code  0x0804b2ec      0x4  startup_stm32f40_41xxx.o [1]
  .text               ro code  0x0804b2f0      0x4  startup_stm32f40_41xxx.o [1]
  .text               ro code  0x0804b2f4      0x4  startup_stm32f40_41xxx.o [1]
  .text               ro code  0x0804b2f8      0x4  startup_stm32f40_41xxx.o [1]
  .text               ro code  0x0804b2fc      0x4  startup_stm32f40_41xxx.o [1]
  .text               ro code  0x0804b300      0x4  startup_stm32f40_41xxx.o [1]
  .text               ro code  0x0804b304      0x4  startup_stm32f40_41xxx.o [1]
  .text               ro code  0x0804b308      0x4  startup_stm32f40_41xxx.o [1]
  .text               ro code  0x0804b30c      0x4  startup_stm32f40_41xxx.o [1]
  .text               ro code  0x0804b310      0x4  startup_stm32f40_41xxx.o [1]
  .text               ro code  0x0804b314      0x4  startup_stm32f40_41xxx.o [1]
  .text               ro code  0x0804b318      0x4  startup_stm32f40_41xxx.o [1]
  .text               ro code  0x0804b31c      0x4  startup_stm32f40_41xxx.o [1]
  .rodata             const    0x0804b320      0x0  zero_init3.o [5]
  .rodata             const    0x0804b320      0x0  packbits_init.o [5]
  Initializer bytes   const    0x0804b320    0x126  <for P2 s0>
                             - 0x0804b446  0x4b2be

"P2":                                      0x1fc18
  P2 s0                        0x20000000    0x2be  <Init block>
    __DLIB_PERTHREAD  inited   0x20000000     0x8c  rand.o [3]
    __DLIB_PERTHREAD  inited   0x2000008c     0x88  localeconv.o [3]
    __DLIB_PERTHREAD  inited   0x20000114     0x74  setlocale.o [3]
    .data             inited   0x20000188     0x50  demo_fatfs.o [1]
    .data             inited   0x200001d8     0x48  usbh_usr.o [1]
    .data             inited   0x20000220     0x40  xfiles.o [3]
    .data             inited   0x20000260     0x1c  malloc.o [1]
    .data             inited   0x2000027c     0x10  stm32f4xx_rcc.o [1]
    .data             inited   0x2000028c     0x10  usbh_msc_core.o [1]
    .data             inited   0x2000029c      0xc  usbh_core.o [1]
    .data             inited   0x200002a8      0x4  port.o [1]
    .data             inited   0x200002ac      0x4  system_stm32f4xx.o [1]
    .data             inited   0x200002b0      0x4  usbh_core.o [1]
    __DLIB_PERTHREAD  inited   0x200002b4      0x4  errno.o [3]
    .data             inited   0x200002b8      0x2  bsp_w25qxx.o [1]
    .data             inited   0x200002ba      0x1  apptask.o [1]
    .data             inited   0x200002bb      0x1  encoder_tim.o [1]
    .data             inited   0x200002bc      0x1  page_weimi.o [1]
    .data             inited   0x200002bd      0x1  usbh_msc_scsi.o [1]
  .bss                zero     0x200002c0  0x10800  heap_4.o [1]
  .bss                zero     0x20010ac0   0xa000  malloc.o [1]
  .bss                zero     0x2001aac0   0x1000  bsp_w25qxx.o [1]
  .bss                zero     0x2001bac0    0xa00  malloc.o [1]
  .bss                zero     0x2001c4c0    0x5ac  usbh_usr.o [1]
  .bss                zero     0x2001ca6c    0x5ac  usbh_usr.o [1]
  .bss                zero     0x2001d018    0x3e8  bsp_uart_fifo.o [1]
  .bss                zero     0x2001d400    0x3e8  esp8266_handler.o [1]
  .bss                zero     0x2001d7e8    0x3e8  esp8266_handler.o [1]
  .bss                zero     0x2001dbd0    0x3e8  pub0sub1.o [1]
  .bss                zero     0x2001dfb8    0x200  ff.o [1]
  .bss                zero     0x2001e1b8    0x200  usbh_msc_scsi.o [1]
  .bss                zero     0x2001e3b8    0x200  usbh_stdreq.o [1]
  .bss                zero     0x2001e5b8    0x140  tasks.o [1]
  .bss                zero     0x2001e6f8    0x12c  page_weimi.o [1]
  .bss                zero     0x2001e824     0xd4  protocol.o [1]
  .bss                zero     0x2001e8f8     0xa8  para.o [1]
  .bss                zero     0x2001e9a0     0xa4  protocol.o [1]
  .bss                zero     0x2001ea44     0x94  usbh_usr.o [1]
  .bss                zero     0x2001ead8     0x68  esp8266_handler.o [1]
  .bss                zero     0x2001eb40     0x64  bsp_uart_fifo.o [1]
  .bss                zero     0x2001eba4     0x64  bsp_uart_fifo.o [1]
  .bss                zero     0x2001ec08     0x58  bsp_sdio_sd.o [1]
  .bss                zero     0x2001ec60     0x58  protocol.o [1]
  .bss                zero     0x2001ecb8     0x50  xfiles.o [3]
  .bss                zero     0x2001ed08     0x4c  usbh_msc_core.o [1]
  .bss                zero     0x2001ed54     0x40  page_weimi.o [1]
  .bss                zero     0x2001ed94     0x40  pub0sub1.o [1]
  .bss                zero     0x2001edd4     0x34  bsp_sdwe050c17.o [1]
  .bss                zero     0x2001ee08     0x30  product_cal.o [1]
  .bss                zero     0x2001ee38     0x28  product_cal.o [1]
  .bss                zero     0x2001ee60     0x24  ff.o [1]
  .bss                zero     0x2001ee84     0x20  pub0sub1.o [1]
  .bss                zero     0x2001eea4     0x20  usbh_msc_bot.o [1]
  .bss                zero     0x2001eec4     0x18  bsp_sdio_sd.o [1]
  .bss                zero     0x2001eedc     0x18  bsp_sdio_sd.o [1]
  .bss                zero     0x2001eef4     0x18  encoder_tim.o [1]
  .bss                zero     0x2001ef0c     0x14  bsp_sdio_sd.o [1]
  .bss                zero     0x2001ef20     0x14  rc522.o [1]
  .bss                zero     0x2001ef34     0x14  tasks.o [1]
  .bss                zero     0x2001ef48     0x14  tasks.o [1]
  .bss                zero     0x2001ef5c     0x14  tasks.o [1]
  .bss                zero     0x2001ef70     0x14  tasks.o [1]
  .bss                zero     0x2001ef84     0x14  tasks.o [1]
  .bss                zero     0x2001ef98     0x14  timers.o [1]
  .bss                zero     0x2001efac     0x14  timers.o [1]
  .bss                zero     0x2001efc0     0x10  bsp_sdio_sd.o [1]
  .bss                zero     0x2001efd0     0x10  bsp_sdio_sd.o [1]
  .bss                zero     0x2001efe0     0x10  usbh_msc_bot.o [1]
  .bss                zero     0x2001eff0     0x10  usbh_msc_bot.o [1]
  .bss                zero     0x2001f000     0x10  usbh_msc_scsi.o [1]
  .bss                zero     0x2001f010      0xc  apptask.o [1]
  .bss                zero     0x2001f01c      0xc  apptask.o [1]
  .bss                zero     0x2001f028      0xc  apptask.o [1]
  .bss                zero     0x2001f034      0xc  apptask.o [1]
  .bss                zero     0x2001f040      0xc  ff.o [1]
  .bss                zero     0x2001f04c      0xc  protocol.o [1]
  .bss                zero     0x2001f058      0xc  protocol.o [1]
  .bss                zero     0x2001f064      0xc  protocol.o [1]
  .bss                zero     0x2001f070      0xc  pub0sub1.o [1]
  .bss                zero     0x2001f07c      0x8  heap_4.o [1]
  .bss                zero     0x2001f084      0x8  modbus.o [1]
  .bss                zero     0x2001f08c      0x8  protocol.o [1]
  .bss                zero     0x2001f094      0x8  pub0sub1.o [1]
  .bss                zero     0x2001f09c      0x4  apptask.o [1]
  .bss                zero     0x2001f0a0      0x4  apptask.o [1]
  .bss                zero     0x2001f0a4      0x4  apptask.o [1]
  .bss                zero     0x2001f0a8      0x4  apptask.o [1]
  .bss                zero     0x2001f0ac      0x4  apptask.o [1]
  .bss                zero     0x2001f0b0      0x4  apptask.o [1]
  .bss                zero     0x2001f0b4      0x4  apptask.o [1]
  .bss                zero     0x2001f0b8      0x4  apptask.o [1]
  .bss                zero     0x2001f0bc      0x4  apptask.o [1]
  .bss                zero     0x2001f0c0      0x4  apptask.o [1]
  .bss                zero     0x2001f0c4      0x4  apptask.o [1]
  .bss                zero     0x2001f0c8      0x4  apptask.o [1]
  .bss                zero     0x2001f0cc      0x4  apptask.o [1]
  .bss                zero     0x2001f0d0      0x4  apptask.o [1]
  .bss                zero     0x2001f0d4      0x4  apptask.o [1]
  .bss                zero     0x2001f0d8      0x4  apptask.o [1]
  .bss                zero     0x2001f0dc      0x4  apptask.o [1]
  .bss                zero     0x2001f0e0      0x4  apptask.o [1]
  .bss                zero     0x2001f0e4      0x4  apptask.o [1]
  .bss                zero     0x2001f0e8      0x4  apptask.o [1]
  .bss                zero     0x2001f0ec      0x4  apptask.o [1]
  .bss                zero     0x2001f0f0      0x4  apptask.o [1]
  .bss                zero     0x2001f0f4      0x4  apptask.o [1]
  .bss                zero     0x2001f0f8      0x4  apptask.o [1]
  .bss                zero     0x2001f0fc      0x4  apptask.o [1]
  .bss                zero     0x2001f100      0x4  apptask.o [1]
  .bss                zero     0x2001f104      0x4  apptask.o [1]
  .bss                zero     0x2001f108      0x4  bsp_sdio_sd.o [1]
  .bss                zero     0x2001f10c      0x4  bsp_sdio_sd.o [1]
  .bss                zero     0x2001f110      0x4  bsp_sdio_sd.o [1]
  .bss                zero     0x2001f114      0x4  bsp_sdio_sd.o [1]
  .bss                zero     0x2001f118      0x4  bsp_sdio_sd.o [1]
  .bss                zero     0x2001f11c      0x4  bsp_timer.o [1]
  .bss                zero     0x2001f120      0x4  bsp_timer.o [1]
  .bss                zero     0x2001f124      0x4  bsp_timer.o [1]
  .bss                zero     0x2001f128      0x4  bsp_timer.o [1]
  .bss                zero     0x2001f12c      0x4  esp8266_handler.o [1]
  .bss                zero     0x2001f130      0x4  esp8266_handler.o [1]
  .bss                zero     0x2001f134      0x4  esp8266_handler.o [1]
  .bss                zero     0x2001f138      0x4  heap_4.o [1]
  .bss                zero     0x2001f13c      0x4  heap_4.o [1]
  .bss                zero     0x2001f140      0x4  heap_4.o [1]
  .bss                zero     0x2001f144      0x4  heap_4.o [1]
  .bss                zero     0x2001f148      0x4  MQTTPacket.o [1]
  .bss                zero     0x2001f14c      0x4  page_weimi.o [1]
  .bss                zero     0x2001f150      0x4  page_weimi.o [1]
  .bss                zero     0x2001f154      0x4  port.o [1]
  .bss                zero     0x2001f158      0x4  product_cal.o [1]
  .bss                zero     0x2001f15c      0x4  product_cal.o [1]
  .bss                zero     0x2001f160      0x4  pub0sub1.o [1]
  .bss                zero     0x2001f164      0x4  SysInfoTest.o [1]
  .bss                zero     0x2001f168      0x4  tasks.o [1]
  .bss                zero     0x2001f16c      0x4  tasks.o [1]
  .bss                zero     0x2001f170      0x4  tasks.o [1]
  .bss                zero     0x2001f174      0x4  tasks.o [1]
  .bss                zero     0x2001f178      0x4  tasks.o [1]
  .bss                zero     0x2001f17c      0x4  tasks.o [1]
  .bss                zero     0x2001f180      0x4  tasks.o [1]
  .bss                zero     0x2001f184      0x4  tasks.o [1]
  .bss                zero     0x2001f188      0x4  tasks.o [1]
  .bss                zero     0x2001f18c      0x4  tasks.o [1]
  .bss                zero     0x2001f190      0x4  tasks.o [1]
  .bss                zero     0x2001f194      0x4  tasks.o [1]
  .bss                zero     0x2001f198      0x4  tasks.o [1]
  .bss                zero     0x2001f19c      0x4  tasks.o [1]
  .bss                zero     0x2001f1a0      0x4  tasks.o [1]
  .bss                zero     0x2001f1a4      0x4  tasks.o [1]
  .bss                zero     0x2001f1a8      0x4  timer_platform.o [1]
  .bss                zero     0x2001f1ac      0x4  timers.o [1]
  .bss                zero     0x2001f1b0      0x4  timers.o [1]
  .bss                zero     0x2001f1b4      0x4  timers.o [1]
  .bss                zero     0x2001f1b8      0x4  timers.o [1]
  .bss                zero     0x2001f1bc      0x4  usbh_msc_bot.o [1]
  .bss                zero     0x2001f1c0      0x4  usbh_msc_bot.o [1]
  .bss                zero     0x2001f1c4      0x4  usbh_msc_bot.o [1]
  .bss                zero     0x2001f1c8      0x4  usbh_msc_bot.o [1]
  .bss                zero     0x2001f1cc      0x2  apptask.o [1]
  .bss                zero     0x2001f1ce      0x2  apptask.o [1]
  .bss                zero     0x2001f1d0      0x2  apptask.o [1]
  .bss                zero     0x2001f1d2      0x2  apptask.o [1]
  .bss                zero     0x2001f1d4      0x2  apptask.o [1]
  .bss                zero     0x2001f1d6      0x2  apptask.o [1]
  .bss                zero     0x2001f1d8      0x2  apptask.o [1]
  .bss                zero     0x2001f1da      0x2  apptask.o [1]
  .bss                zero     0x2001f1dc      0x2  bsp_sdwe050c17.o [1]
  .bss                zero     0x2001f1de      0x2  encoder_tim.o [1]
  .bss                zero     0x2001f1e0      0x2  encoder_tim.o [1]
  .bss                zero     0x2001f1e2      0x2  ff.o [1]
  .bss                zero     0x2001f1e4      0x2  page_weimi.o [1]
  .bss                zero     0x2001f1e6      0x2  page_weimi.o [1]
  .bss                zero     0x2001f1e8      0x2  product_cal.o [1]
  .bss                zero     0x2001f1ea      0x2  usbh_core.o [1]
  .bss                zero     0x2001f1ec      0x2  usbh_stdreq.o [1]
  .bss                zero     0x2001f1ee      0x1  apptask.o [1]
  .bss                zero     0x2001f1ef      0x1  apptask.o [1]
  .bss                zero     0x2001f1f0      0x1  apptask.o [1]
  .bss                zero     0x2001f1f1      0x1  apptask.o [1]
  .bss                zero     0x2001f1f2      0x1  apptask.o [1]
  .bss                zero     0x2001f1f3      0x1  apptask.o [1]
  .bss                zero     0x2001f1f4      0x1  apptask.o [1]
  .bss                zero     0x2001f1f5      0x1  apptask.o [1]
  .bss                zero     0x2001f1f6      0x1  apptask.o [1]
  .bss                zero     0x2001f1f7      0x1  apptask.o [1]
  .bss                zero     0x2001f1f8      0x1  apptask.o [1]
  .bss                zero     0x2001f1f9      0x1  apptask.o [1]
  .bss                zero     0x2001f1fa      0x1  apptask.o [1]
  .bss                zero     0x2001f1fb      0x1  apptask.o [1]
  .bss                zero     0x2001f1fc      0x1  bsp_sdio_sd.o [1]
  .bss                zero     0x2001f1fd      0x1  bsp_sdwe050c17.o [1]
  .bss                zero     0x2001f1fe      0x1  bsp_uart_fifo.o [1]
  .bss                zero     0x2001f1ff      0x1  encoder_tim.o [1]
  .bss                zero     0x2001f200      0x1  esp8266_handler.o [1]
  .bss                zero     0x2001f201      0x1  esp8266_handler.o [1]
  .bss                zero     0x2001f202      0x1  esp8266_handler.o [1]
  .bss                zero     0x2001f203      0x1  page_weimi.o [1]
  .bss                zero     0x2001f204      0x1  page_weimi.o [1]
  .bss                zero     0x2001f205      0x1  page_weimi.o [1]
  .bss                zero     0x2001f206      0x1  page_weimi.o [1]
  .bss                zero     0x2001f207      0x1  page_weimi.o [1]
  .bss                zero     0x2001f208      0x1  port.o [1]
  .bss                zero     0x2001f209      0x1  product_cal.o [1]
  .bss                zero     0x2001f20a      0x1  product_cal.o [1]
  .bss                zero     0x2001f20b      0x1  protocol.o [1]
  .bss                zero     0x2001f20c      0x1  pub0sub1.o [1]
  .bss                zero     0x2001f20d      0x1  pub0sub1.o [1]
  .bss                zero     0x2001f20e      0x1  rc522.o [1]
  .bss                zero     0x2001f20f      0x1  rc522.o [1]
  .bss                zero     0x2001f210      0x1  usbh_msc_bot.o [1]
  .bss                zero     0x2001f211      0x1  usbh_msc_core.o [1]
  .bss                zero     0x2001f212      0x1  usbh_msc_core.o [1]
  .bss                zero     0x2001f213      0x1  usbh_stdreq.o [1]
  .bss                zero     0x2001f214      0x1  usbh_usr.o [1]
  CSTACK                       0x2001f218    0xa00  <Block>
    CSTACK            uninit   0x2001f218    0xa00  <Block tail>
                             - 0x2001fc18  0x1fc18

Absolute sections:                         0xff000
  .bss                zero     0x68000000  0xf0000  malloc.o [1]
  .bss                zero     0x680f0000   0xf000  malloc.o [1]
                             - 0x680ff000  0xff000


*******************************************************************************
*** INIT TABLE
***

          Address     Size
          -------     ----
Zero (__iar_zero_init3)
    2 destination ranges, total size 0x11df55:
          0x200002c0  0x1ef55
          0x68000000  0xff000

Copy/packbits (__iar_packbits_init3)
    1 source range, total size 0x126 (41% of destination):
          0x0804b320    0x126
    1 destination range, total size 0x2be:
          0x20000000    0x2be



*******************************************************************************
*** MODULE SUMMARY
***

    Module                    ro code  ro data  rw data    rw data
                                                            (abs)
    ------                    -------  -------  -------    -------
E:\WORK\YarnControl_Driver\YarnControl_Driver\src\stm32f4_rtos\Project\EWARMv7\Flash\Obj: [1]
    MQTTConnectClient.o           774       36
    MQTTDeserializePublish.o      188        4
    MQTTPacket.o                  656        4        4
    MQTTSerializePublish.o        236        4
    MQTTSubscribeClient.o         400        8
    SysInfoTest.o                  44                 4
    apptask.o                  29 860    3 516      187
    bkp_pwr.o                     392
    bsp.o                          88
    bsp_closeSW.o                 220
    bsp_dac.o                     200
    bsp_dwt.o                     116
    bsp_led.o                     192
    bsp_relay.o                    68
    bsp_sdio_sd.o               6 744               209
    bsp_sdwe050c17.o            5 448       36       55
    bsp_servomotor.o              640
    bsp_spi.o                     292
    bsp_stepmotor.o             1 268
    bsp_sw_onoff.o                 68
    bsp_timer.o                   516                16
    bsp_uart_fifo.o             2 724             1 201
    bsp_w25qxx.o                  896        9    4 098
    bsp_watchdog.o                  8
    cc936.o                       244  176 320
    demo_fatfs.o                           725       80
    des.o                       1 274      844
    diskio.o                      740
    encoder_tim.o                 672        1       30
    esp8266_handler.o           1 044      324    2 119
    esp8266_init.o                124
    event_groups.o                610
    ff.o                        9 368       36      562
    heap_4.o                      640        4   67 608
    iic_smec98sp.o                910
    list.o                        152
    main.o                         48       32
    malloc.o                      540       36   43 548  1 044 480
    mcheck.o                      184      768
    misc.o                        136
    modbus.o                      852                 8
    page_weimi.o                1 284       12      382
    para.o                      5 402      284      168
    port.o                        588        6        9
    portasm.o                     168
    product_cal.o               1 712      400      100
    protocol.o                    128               509
    pub0sub1.o                  1 076      472    1 122
    queue.o                     1 992
    rc522.o                       238                22
    smec98sp.o                  1 198      256
    startup_stm32f40_41xxx.o      680
    stm32f4xx_adc.o               438
    stm32f4xx_dac.o               124
    stm32f4xx_dma.o               796
    stm32f4xx_exti.o              192
    stm32f4xx_gpio.o              300
    stm32f4xx_it.o                 56       44
    stm32f4xx_iwdg.o               16
    stm32f4xx_pwr.o                12
    stm32f4xx_rcc.o               488        7       16
    stm32f4xx_rtc.o                60
    stm32f4xx_sdio.o              380
    stm32f4xx_spi.o               116
    stm32f4xx_syscfg.o             84
    stm32f4xx_tim.o             1 782
    stm32f4xx_usart.o             596
    system_stm32f4xx.o            340        2        4
    tasks.o                     3 296        8      484
    timer_platform.o               64                 4
    timers.o                    1 188        8       56
    transport.o                   108
    usb_bsp.o                     332
    usb_core.o                  2 640
    usb_hcd.o                     214
    usb_hcd_int.o               3 198
    usbh_core.o                 1 888        6       18
    usbh_hcs.o                    442
    usbh_ioreq.o                  582
    usbh_it.o                      16
    usbh_msc_bot.o              1 364                81
    usbh_msc_core.o             1 000        6       94
    usbh_msc_scsi.o             1 560        1      529
    usbh_stdreq.o               1 078               515
    usbh_usr.o                    418      586    3 125
    --------------------------------------------------------------
    Total:                    109 210  184 805  126 967  1 044 480

command line: [2]
    --------------------------------------------------------------
    Total:

dl7M_tlf.a: [3]
    abort.o                         6
    div.o                          14
    errno.o                        12        2        4
    exit.o                          4
    isxxx.o                        40
    localeconv.o                  108       57      136
    printf.o                       36
    putchar.o                      12
    rand.o                        224       58      140
    setlocale.o                    24       49      116
    snprintf.o                     68
    sprintf.o                      52
    srand.o                        32
    sscanf.o                       36
    strcat.o                       28
    strstr.o                       44
    tolower.o                      20
    xfiles.o                                27      144
    xlocale_c.o                    54
    xprintffull_nomb.o          3 478
    xprout.o                       22
    xscanffull_nomb.o           2 916
    xsnprout.o                     26
    xsprout.o                      10
    xsscin.o                       30
    xstoflt.o                     440
    xstoll.o                      164
    xstopfx.o                     292
    xstoull.o                     432
    xstoxflt.o                    536
    xtls.o                          2
    --------------------------------------------------------------
    Total:                      9 162      193      540

m7M_tls.a: [4]
    DblAdd.o                      232
    DblCmpEq.o                     32
    DblCmpGe.o                     46
    DblCmpLe.o                     46
    DblDiv.o                      598
    DblMul.o                      418
    DblSub.o                      384
    DblToFlt.o                    144
    DblToI32.o                     88
    FltToDbl.o                     78
    I32ToDbl.o                     48
    fpinit_M.o                     34
    xdnorm.o                       66
    xdscale.o                     276
    xdtento.o                     512
    xdunscal.o                     82
    xstold.o                      360
    --------------------------------------------------------------
    Total:                      3 444

rt7M_tl.a: [5]
    ABImemclr4.o                    6
    ABImemcpy_unaligned.o         118
    ABImemset.o                   102
    ABImemset48.o                  50
    I64DivMod.o                   306
    I64DivZer.o                     2
    cexit.o                        10
    cmain.o                        26
    cstartup_M.o                   12
    data_init.o                    40
    memchr.o                       88
    memcmp_unaligned.o             98
    packbits_init.o               208
    strchr.o                       22
    strcmp_unaligned.o             66
    strcpy_unaligned.o             68
    strlen.o                       54
    zero_init3.o                   64
    --------------------------------------------------------------
    Total:                      1 340

shb_l.a: [6]
    exit.o                         20
    --------------------------------------------------------------
    Total:                         20

    Gaps                           64        4        2
    Linker created                          52    2 560
------------------------------------------------------------------
    Grand Total:              123 240  185 054  130 069  1 044 480


*******************************************************************************
*** ENTRY LIST
***

Entry                      Address     Size  Type      Object
-----                      -------     ----  ----      ------
.iar.init_table$$Base   0x0804a108            --   Gb  - Linker created -
.iar.init_table$$Limit  0x0804a13c            --   Gb  - Linker created -
?main                   0x0804a57d           Code  Gb  cmain.o [5]
ADC_Cmd                 0x08047aeb     0x1a  Code  Gb  stm32f4xx_adc.o [1]
ADC_CommonInit          0x08047ac9     0x22  Code  Gb  stm32f4xx_adc.o [1]
ADC_GetFlagStatus       0x08047c15     0x1a  Code  Gb  stm32f4xx_adc.o [1]
ADC_Init                0x08047a79     0x50  Code  Gb  stm32f4xx_adc.o [1]
ADC_RegularChannelConfig
                        0x08047b05     0xf6  Code  Gb  stm32f4xx_adc.o [1]
ADC_SoftwareStartConv   0x08047bfb      0xa  Code  Gb  stm32f4xx_adc.o [1]
APBAHBPrescTable        0x2000027c     0x10  Data  Lc  stm32f4xx_rcc.o [1]
AppObjCreate            0x08031641    0x192  Code  Gb  apptask.o [1]
AppTaskCreate           0x08031415    0x214  Code  Gb  apptask.o [1]
BOTStallErrorCount      0x2001f1bc      0x4  Data  Lc  usbh_msc_bot.o [1]
BusFault_Handler        0x08049bcb      0x2  Code  Gb  stm32f4xx_it.o [1]
CID_Tab                 0x2001efd0     0x10  Data  Lc  bsp_sdio_sd.o [1]
CLIENT_ID               0x2001ee84     0x20  Data  Gb  pub0sub1.o [1]
CRC16HiTable            0x08049544    0x100  Data  Gb  mcheck.o [1]
CRC16LoTable            0x08049644    0x100  Data  Gb  mcheck.o [1]
CRC8Table               0x08049744    0x100  Data  Gb  mcheck.o [1]
CSD_Tab                 0x2001efc0     0x10  Data  Lc  bsp_sdio_sd.o [1]
CSTACK$$Base            0x2001f218            --   Gb  - Linker created -
CSTACK$$Limit           0x2001fc18            --   Gb  - Linker created -
CardType                0x2001f108      0x4  Data  Lc  bsp_sdio_sd.o [1]
ChannengMQTTPackage     0x0803414d     0x7e  Code  Gb  product_cal.o [1]
CmdError                0x0804427d     0x38  Code  Lc  bsp_sdio_sd.o [1]
CmdResp1Error           0x08044321    0x112  Code  Lc  bsp_sdio_sd.o [1]
CmdResp2Error           0x08044471     0x52  Code  Lc  bsp_sdio_sd.o [1]
CmdResp3Error           0x08044433     0x3e  Code  Lc  bsp_sdio_sd.o [1]
CmdResp6Error           0x080444c3     0xa6  Code  Lc  bsp_sdio_sd.o [1]
CmdResp7Error           0x080442b5     0x58  Code  Lc  bsp_sdio_sd.o [1]
ConfigExitNVIC          0x0803b217     0x22  Code  Gb  bsp_closeSW.o [1]
ConfigUartNVIC          0x0803d213     0x7c  Code  Lc  bsp_uart_fifo.o [1]
ConnectTcp              0x0803bd33     0x48  Code  Gb  esp8266_handler.o [1]
DAC_Cmd                 0x0803ef27     0x26  Code  Gb  stm32f4xx_dac.o [1]
DAC_Init                0x0803eef5     0x32  Code  Gb  stm32f4xx_dac.o [1]
DAC_SetChannel1Data     0x0803ef4d     0x1e  Code  Gb  stm32f4xx_dac.o [1]
DMA1_Stream0_IRQHandler
                        0x08037c45     0x1c  Code  Gb  bsp_servomotor.o [1]
DMA1_Stream3_IRQHandler
                        0x08037c61     0x1c  Code  Gb  bsp_servomotor.o [1]
DMA2_Stream3_IRQHandler
                        0x08044b65      0x8  Code  Gb  bsp_sdio_sd.o [1]
DMAEndOfTransfer        0x2001f118      0x4  Data  Gb  bsp_sdio_sd.o [1]
DMA_ClearFlag           0x0803f84b     0x24  Code  Gb  stm32f4xx_dma.o [1]
DMA_Cmd                 0x0803f801     0x1a  Code  Gb  stm32f4xx_dma.o [1]
DMA_DeInit              0x0803f669    0x140  Code  Gb  stm32f4xx_dma.o [1]
DMA_FlowControllerConfig
                        0x0803f81b     0x18  Code  Gb  stm32f4xx_dma.o [1]
DMA_GetCmdStatus        0x0803f833     0x18  Code  Gb  stm32f4xx_dma.o [1]
DMA_GetITStatus         0x0803f8b1     0x62  Code  Gb  stm32f4xx_dma.o [1]
DMA_ITConfig            0x0803f86f     0x42  Code  Gb  stm32f4xx_dma.o [1]
DMA_Init                0x0803f7a9     0x58  Code  Gb  stm32f4xx_dma.o [1]
Dac1_Init               0x08037415     0x5a  Code  Gb  bsp_dac.o [1]
Dac1_Set_Vol            0x08037471     0x58  Code  Gb  bsp_dac.o [1]
DebugMon_Handler        0x08049bcf      0x2  Code  Gb  stm32f4xx_it.o [1]
DesE                    0x08049c94     0x30  Data  Gb  des.o [1]
DesIp                   0x08049a68     0x40  Data  Gb  des.o [1]
DesIp_1                 0x08049aa8     0x40  Data  Gb  des.o [1]
DesP                    0x0804a1fc     0x20  Data  Gb  des.o [1]
DesPc_1                 0x08049b60     0x38  Data  Gb  des.o [1]
DesPc_2                 0x08049cc4     0x30  Data  Gb  des.o [1]
DesRots                 0x0804a9c4     0x14  Data  Gb  des.o [1]
DesS                    0x08049060    0x200  Data  Gb  des.o [1]
DiskFile_init           0x0803b115     0x40  Code  Gb  protocol.o [1]
Disk_File               0x2001e824     0xd4  Data  Gb  protocol.o [1]
ENC_Calc_Average_Speed  0x0803bacd     0x58  Code  Gb  encoder_tim.o [1]
ENC_Calc_Rot_Speed      0x0803b9f3     0xda  Code  Gb  encoder_tim.o [1]
ENC_Clear_Speed_Buffer  0x0803b9d7     0x1c  Code  Gb  encoder_tim.o [1]
ENC_Init                0x0803b8f5     0xe2  Code  Gb  encoder_tim.o [1]
ESP8266_Enable_MultipleId
                        0x0803bc5f     0x40  Code  Gb  esp8266_handler.o [1]
[...]
mc_check_xor            0x080407ef     0x1a  Code  Gb  mcheck.o [1]
mem1base                0x20010ac0   0xa000  Data  Gb  malloc.o [1]
mem1mapbase             0x2001bac0    0xa00  Data  Gb  malloc.o [1]
mem2base                0x68000000  0xf0000  Data  Gb  malloc.o [1]
mem2mapbase             0x680f0000   0xf000  Data  Gb  malloc.o [1]
mem_cmp                 0x0803875b     0x24  Code  Lc  ff.o [1]
mem_cpy                 0x08038729     0x1c  Code  Lc  ff.o [1]
mem_set                 0x08038745     0x16  Code  Lc  ff.o [1]
memblksize              0x0804b0f8      0x8  Data  Gb  malloc.o [1]
memchr                  0x08042439           Code  Gb  memchr.o [5]
memsize                 0x0804b100      0x8  Data  Gb  malloc.o [1]
memtblsize              0x0804b0f0      0x8  Data  Gb  malloc.o [1]
modbus_send_frame       0x0803b025     0xe6  Code  Gb  modbus.o [1]
move_window             0x08038a1d     0x40  Code  Lc  ff.o [1]
movram                  0x080470cd     0x1e  Code  Gb  des.o [1]
mqttSubscribeData       0x2001d400    0x3e8  Data  Gb  esp8266_handler.o [1]
mqtt_status             0x2001f094      0x8  Data  Gb  pub0sub1.o [1]
my_mem_free             0x08036b87     0x6c  Code  Gb  malloc.o [1]
my_mem_init             0x08036a4b     0x42  Code  Gb  malloc.o [1]
my_mem_malloc           0x08036acb     0xbc  Code  Gb  malloc.o [1]
my_mem_perused          0x08036a8d     0x3e  Code  Gb  malloc.o [1]
myfree                  0x08036bf3     0x24  Code  Gb  malloc.o [1]
mymalloc                0x08036c17     0x2a  Code  Gb  malloc.o [1]
mymemset                0x08036a35     0x16  Code  Gb  malloc.o [1]
ndigs                   0x08045964     0x28  Data  Lc  xstoull.o [3]
netDeviceInfo_t         0x2001ead8     0x68  Data  Gb  esp8266_handler.o [1]
net_device_send_cmd     0x0803bc11     0x4e  Code  Gb  esp8266_handler.o [1]
obuf                    0x2001ecb8     0x50  Data  Lc  xfiles.o [3]
oem2uni                 0x0801560c  0x15484  Data  Lc  cc936.o [1]
old_card_record         0x2001f1f4      0x1  Data  Gb  apptask.o [1]
old_isWork              0x2001f1f0      0x1  Data  Gb  apptask.o [1]
old_is_stop             0x200002bc      0x1  Data  Gb  page_weimi.o [1]
old_plan_complete       0x2001f20a      0x1  Data  Gb  product_cal.o [1]
old_system_state        0x200002ba      0x1  Data  Gb  apptask.o [1]
old_usb_disk_flag       0x2001f1f2      0x1  Data  Gb  apptask.o [1]
old_wifi_flag           0x2001f201      0x1  Data  Gb  esp8266_handler.o [1]
para_init               0x080358ed     0x82  Code  Gb  para.o [1]
pcInterruptPriorityRegisters
                        0x0804b20c      0x4  Data  Lc  port.o [1]
peiliao_para            0x2001ee08     0x30  Data  Gb  product_cal.o [1]
pick_lfn                0x0803926f     0x8c  Code  Lc  ff.o [1]
plan_complete           0x2001f209      0x1  Data  Gb  product_cal.o [1]
pluse_count             0x2001f1ce      0x2  Data  Gb  apptask.o [1]
pluse_step_src          0x2001f028      0xc  Data  Gb  apptask.o [1]
pows                    0x08046168     0x48  Data  Lc  xdtento.o [4]
printf                  0x08036955     0x24  Code  Gb  printf.o [3]
product_complete_kilo   0x08033ddf     0x62  Code  Gb  product_cal.o [1]
product_complete_meter  0x08033dc3     0x1c  Code  Gb  product_cal.o [1]
product_para            0x2001ee38     0x28  Data  Gb  product_cal.o [1]
product_per_meter       0x08033d3d     0x74  Code  Gb  product_cal.o [1]
prvAddCurrentTaskToDelayedList
                        0x08034ed1     0x48  Code  Lc  tasks.o [1]
prvAllocateTCBAndStack  0x08034f19     0x5a  Code  Lc  tasks.o [1]
prvCheckForValidListAndQueue
                        0x0803caef     0x52  Code  Lc  timers.o [1]
prvCheckTasksWaitingTermination
                        0x08034e67     0x66  Code  Lc  tasks.o [1]
prvCopyDataFromQueue    0x08033b25     0x30  Code  Lc  queue.o [1]
prvCopyDataToQueue      0x08033aa1     0x84  Code  Lc  queue.o [1]
prvDeleteTCB            0x08034f73     0x12  Code  Lc  tasks.o [1]
prvGetNextExpireTime    0x0803c8db     0x2e  Code  Lc  timers.o [1]
prvHeapInit             0x0803dee1     0x6e  Code  Lc  heap_4.o [1]
prvIdleTask             0x08034d81     0x26  Code  Lc  tasks.o [1]
prvInitialiseTCBVariables
                        0x08034da7     0x6a  Code  Lc  tasks.o [1]
prvInitialiseTaskLists  0x08034e11     0x56  Code  Lc  tasks.o [1]
prvInsertBlockIntoFreeList
                        0x0803df4f     0x62  Code  Lc  heap_4.o [1]
prvInsertTimerInActiveList
                        0x0803c931     0x50  Code  Lc  timers.o [1]
prvIsQueueEmpty         0x08033bbf     0x20  Code  Lc  queue.o [1]
prvIsQueueFull          0x08033bdf     0x22  Code  Lc  queue.o [1]
prvProcessExpiredTimer  0x0803c7f3     0x5c  Code  Lc  timers.o [1]
prvProcessReceivedCommands
                        0x0803c981     0xde  Code  Lc  timers.o [1]
prvProcessTimerOrBlockTask
                        0x0803c86b     0x70  Code  Lc  timers.o [1]
prvResetNextTaskUnblockTime
                        0x08034f85     0x26  Code  Lc  tasks.o [1]
prvSampleTimeNow        0x0803c909     0x28  Code  Lc  timers.o [1]
prvSwitchTimerLists     0x0803ca5f     0x90  Code  Lc  timers.o [1]
prvTaskExitError        0x0803da91     0x2a  Code  Lc  port.o [1]
prvTestWaitCondition    0x0803c697     0x24  Code  Lc  event_groups.o [1]
prvTimerTask            0x0803c851     0x1a  Code  Lc  timers.o [1]
prvUnlockQueue          0x08033b55     0x6a  Code  Lc  queue.o [1]
pub_topicString         0x2001f070      0xc  Data  Gb  pub0sub1.o [1]
put_fat                 0x08038c6b    0x16c  Code  Gb  ff.o [1]
putchar                 0x0804a879      0xc  Code  Gb  putchar.o [3]
pvPortMalloc            0x0803dd51    0x118  Code  Gb  heap_4.o [1]
pxCurrentTCB            0x2001f168      0x4  Data  Gb  tasks.o [1]
pxCurrentTimerList      0x2001f1ac      0x4  Data  Lc  timers.o [1]
pxDelayedTaskList       0x2001f16c      0x4  Data  Lc  tasks.o [1]
pxEnd                   0x2001f138      0x4  Data  Lc  heap_4.o [1]
pxOverflowDelayedTaskList
                        0x2001f170      0x4  Data  Lc  tasks.o [1]
pxOverflowTimerList     0x2001f1b0      0x4  Data  Lc  timers.o [1]
pxPortInitialiseStack   0x0803da6d     0x24  Code  Gb  port.o [1]
pxReadyTasksLists       0x2001e5b8    0x140  Data  Lc  tasks.o [1]
rand                    0x08047fe1     0xe0  Code  Gb  rand.o [3]
rc522_cmd_anticoll      0x0803ad65     0x5a  Code  Gb  rc522.o [1]
rc522_cmd_request       0x0803ad11     0x54  Code  Gb  rc522.o [1]
readChar                0x0804102f     0x10  Code  Gb  MQTTPacket.o [1]
readDisk                0x2001f1f7      0x1  Data  Gb  apptask.o [1]
readFilenum             0x2001f1f8      0x1  Data  Gb  apptask.o [1]
readInt                 0x08041013     0x1c  Code  Gb  MQTTPacket.o [1]
readMQTTLenString       0x080410e5     0x3c  Code  Gb  MQTTPacket.o [1]
readSlave               0x2001f01c      0xc  Data  Gb  apptask.o [1]
read_bkp_para           0x08037d2f     0x78  Code  Gb  bkp_pwr.o [1]
read_device_info        0x080353d9    0x2f0  Code  Gb  para.o [1]
read_file_select        0x2001f064      0xc  Data  Gb  protocol.o [1]
read_from_disk          0x080359a5    0xd74  Code  Gb  para.o [1]
remove_chain            0x08038dd7     0x76  Code  Lc  ff.o [1]
rfid_rev_buf            0x2001ef20     0x14  Data  Gb  rc522.o [1]
rfid_rev_cnt            0x2001f20f      0x1  Data  Gb  rc522.o [1]
rfid_rev_flag           0x2001f20e      0x1  Data  Gb  rc522.o [1]
rtc_time                0x2001f08c      0x8  Data  Gb  protocol.o [1]
s_TIM_CallBack1         0x2001f11c      0x4  Data  Lc  bsp_timer.o [1]
s_TIM_CallBack2         0x2001f120      0x4  Data  Lc  bsp_timer.o [1]
s_TIM_CallBack3         0x2001f124      0x4  Data  Lc  bsp_timer.o [1]
s_TIM_CallBack4         0x2001f128      0x4  Data  Lc  bsp_timer.o [1]
sample_time             0x2001f1cc      0x2  Data  Gb  apptask.o [1]
sdew_weimi_page1        0x08032d85    0x28a  Code  Gb  bsp_sdwe050c17.o [1]
sdew_weimi_page2        0x08033021    0x1e6  Code  Gb  bsp_sdwe050c17.o [1]
sdew_weisha_page1       0x08033207    0x100  Code  Gb  bsp_sdwe050c17.o [1]
sdew_weisha_page2       0x08033311    0x100  Code  Gb  bsp_sdwe050c17.o [1]
selectbits              0x08047197     0x42  Code  Gb  des.o [1]
semc_adc_Init           0x08047617     0x92  Code  Gb  smec98sp.o [1]
servo_diff              0x2001f0fc      0x4  Data  Gb  apptask.o [1]
servo_per_wei_src       0x2001f0f8      0x4  Data  Gb  apptask.o [1]
servo_speed_diff        0x2001f100      0x4  Data  Gb  apptask.o [1]
servomotor_guodu        0x2001f203      0x1  Data  Gb  page_weimi.o [1]
servomotor_mode         0x2001f204      0x1  Data  Gb  page_weimi.o [1]
setbit                  0x0804710f     0x4c  Code  Gb  des.o [1]
shlc                    0x080471d9     0x68  Code  Gb  des.o [1]
shrc                    0x08047241     0x5e  Code  Gb  des.o [1]
slave_info              0x2001f010      0xc  Data  Gb  apptask.o [1]
snprintf                0x08040b7d     0x44  Code  Gb  snprintf.o [3]
speed_diff              0x2001f034      0xc  Data  Gb  apptask.o [1]
speed_zhu               0x2001f1e4      0x2  Data  Gb  page_weimi.o [1]
speed_zhu1              0x2001f1e6      0x2  Data  Gb  page_weimi.o [1]
sprintf                 0x0803abc1     0x34  Code  Gb  sprintf.o [3]
srand                   0x08047fc1     0x20  Code  Gb  srand.o [3]
sscanf                  0x0803e139     0x24  Code  Gb  sscanf.o [3]
st_clust                0x080391a1     0x18  Code  Lc  ff.o [1]
stepmotor_guodu         0x2001f14c      0x4  Data  Gb  page_weimi.o [1]
strans                  0x0804729f    0x168  Code  Gb  des.o [1]
strcat                  0x0803abf5     0x1c  Code  Gb  strcat.o [3]
strchr                  0x08042421           Code  Gb  strchr.o [5]
strlen                  0x0803724d           Code  Gb  strlen.o [5]
strstr                  0x0803b195     0x10  Code  Gb  para.o [1]
sum_sfn                 0x08039475     0x20  Code  Lc  ff.o [1]
symbol                  0x2001f0f4      0x4  Data  Gb  apptask.o [1]
symbol_servo            0x2001f1f9      0x1  Data  Gb  apptask.o [1]
sync_fs                 0x08038a5d     0xd8  Code  Lc  ff.o [1]
sync_window             0x080389c3     0x5a  Code  Lc  ff.o [1]
system_state_dis        0x08049260    0x190  Data  Gb  product_cal.o [1]
toStop                  0x2001f160      0x4  Data  Gb  pub0sub1.o [1]
tolower                 0x08045cc1     0x14  Code  Gb  tolower.o [3]
total_meter_gross       0x2001f158      0x4  Data  Gb  product_cal.o [1]
total_weight_gross      0x2001f15c      0x4  Data  Gb  product_cal.o [1]
transport_close         0x08040f19     0x12  Code  Gb  transport.o [1]
transport_getdata       0x08040f05     0x14  Code  Gb  transport.o [1]
transport_sendPacketBuffer
                        0x08040ec9     0x3c  Code  Gb  transport.o [1]
ucHeap                  0x200002c0  0x10800  Data  Lc  heap_4.o [1]
ucMaxSysCallPriority    0x2001f208      0x1  Data  Lc  port.o [1]
ulHighFrequencyTimerTicks
                        0x2001f164      0x4  Data  Gb  SysInfoTest.o [1]
ulMaxPRIGROUPValue      0x2001f154      0x4  Data  Lc  port.o [1]
ulTaskSwitchedInTime    0x2001f1a0      0x4  Data  Lc  tasks.o [1]
ulTotalRunTime          0x2001f1a4      0x4  Data  Lc  tasks.o [1]
uni2oem                 0x08000188  0x15484  Data  Lc  cc936.o [1]
usb_disk_flag           0x2001f1f1      0x1  Data  Gb  apptask.o [1]
usbh_OpenMassStorage    0x08037e25     0x14  Code  Gb  usbh_usr.o [1]
uxCriticalNesting       0x200002a8      0x4  Data  Lc  port.o [1]
uxCurrentNumberOfTasks  0x2001f178      0x4  Data  Lc  tasks.o [1]
uxListRemove            0x0803dd29     0x28  Code  Gb  list.o [1]
uxPendedTicks           0x2001f188      0x4  Data  Lc  tasks.o [1]
uxSchedulerSuspended    0x2001f19c      0x4  Data  Lc  tasks.o [1]
uxTaskNumber            0x2001f194      0x4  Data  Lc  tasks.o [1]
uxTaskResetEventItemValue
                        0x08034fe5     0x20  Code  Gb  tasks.o [1]
uxTasksDeleted          0x2001f174      0x4  Data  Lc  tasks.o [1]
uxTopReadyPriority      0x2001f180      0x4  Data  Lc  tasks.o [1]
vAnalysisUartData       0x080311d5     0xca  Code  Gb  apptask.o [1]
vEsp8266_Main_Task      0x08030e6d    0x226  Code  Gb  apptask.o [1]
vListInitialise         0x0803dcb9     0x1e  Code  Gb  list.o [1]
vListInsert             0x0803dcef     0x3a  Code  Gb  list.o [1]
vListInsertEnd          0x0803dcd7     0x18  Code  Gb  list.o [1]
vMQTT_Handler_Task      0x0803109d    0x138  Code  Gb  apptask.o [1]
vMQTT_Recive_Task       0x080312a9     0x7e  Code  Gb  apptask.o [1]
vMQTT_Tranmit_Task      0x08031327     0xd0  Code  Gb  apptask.o [1]
vPortEnableVFP          0x0804182d           Code  Gb  portasm.o [1]
vPortEnterCritical      0x0803db87     0x3a  Code  Gb  port.o [1]
vPortExitCritical       0x0803dbc1     0x32  Code  Gb  port.o [1]
vPortFree               0x0803de69     0x78  Code  Gb  heap_4.o [1]
vPortSetupTimerInterrupt
                        0x0803dc1f      0xe  Code  Wk  port.o [1]
vPortStartFirstTask     0x08041815           Code  Gb  portasm.o [1]
vPortValidateInterruptPriority
                        0x0803dc2d     0x4e  Code  Gb  port.o [1]
vQueueWaitForMessageRestricted
                        0x08033c01     0x44  Code  Gb  queue.o [1]
vTaskDelay              0x080345dd     0x84  Code  Gb  tasks.o [1]
vTaskDelayUntil         0x080344fd     0xe0  Code  Gb  tasks.o [1]
vTaskFreq               0x08030845    0x61a  Code  Lc  apptask.o [1]
vTaskManageCapacity     0x0802f28d    0x518  Code  Gb  apptask.o [1]
vTaskMassStorage        0x0802df45    0x64a  Code  Lc  apptask.o [1]
vTaskMissedYield        0x08034d77      0xa  Code  Gb  tasks.o [1]
vTaskMotorControl       0x0802f859    0xfc6  Code  Lc  apptask.o [1]
vTaskMsgPro             0x0802ea55    0x434  Code  Lc  apptask.o [1]
vTaskPlaceOnEventList   0x080349dd     0x74  Code  Gb  tasks.o [1]
vTaskPlaceOnEventListRestricted
                        0x08034b15     0x80  Code  Gb  tasks.o [1]
vTaskPlaceOnUnorderedEventList
                        0x08034a6d     0xa8  Code  Gb  tasks.o [1]
vTaskReadDisk           0x0802efcd    0x272  Code  Lc  apptask.o [1]
vTaskRev485             0x0802eeb1     0xd4  Code  Lc  apptask.o [1]
vTaskSetTimeOutState    0x08034cc1     0x26  Code  Gb  tasks.o [1]
vTaskStartScheduler     0x08034661     0x7e  Code  Gb  tasks.o [1]
vTaskSuspendAll         0x080346df     0x10  Code  Gb  tasks.o [1]
vTaskSwitchContext      0x0803492d     0xb0  Code  Gb  tasks.o [1]
vTaskTaskLCD            0x0802aa91   0x347c  Code  Gb  apptask.o [1]
vTaskTaskLED            0x0802e5b9     0x20  Code  Lc  apptask.o [1]
vTaskTaskRFID           0x0802e5d9    0x410  Code  Lc  apptask.o [1]
valid_seg               0x2001f150      0x4  Data  Gb  page_weimi.o [1]
validate                0x0803a21b     0x36  Code  Lc  ff.o [1]
weimi_para              0x2001e6f8    0x12c  Data  Gb  page_weimi.o [1]
wifi_flag               0x2001f200      0x1  Data  Gb  esp8266_handler.o [1]
work_idle_time          0x2001f1e8      0x2  Data  Gb  product_cal.o [1]
writeCString            0x08041075     0x2a  Code  Gb  MQTTPacket.o [1]
writeChar               0x0804103f      0xc  Code  Gb  MQTTPacket.o [1]
writeInt                0x0804104b     0x2a  Code  Gb  MQTTPacket.o [1]
writeMQTTString         0x0804109f     0x46  Code  Gb  MQTTPacket.o [1]
write_bkp_para          0x08037da7     0x6e  Code  Gb  bkp_pwr.o [1]
xActiveTimerList1       0x2001ef98     0x14  Data  Lc  timers.o [1]
xActiveTimerList2       0x2001efac     0x14  Data  Lc  timers.o [1]
xBlockAllocatedBit      0x2001f144      0x4  Data  Lc  heap_4.o [1]
xDelayedTaskList1       0x2001ef34     0x14  Data  Lc  tasks.o [1]
xDelayedTaskList2       0x2001ef48     0x14  Data  Lc  tasks.o [1]
xEventGroupCreate       0x0803c459     0x1c  Code  Gb  event_groups.o [1]
xEventGroupSetBits      0x0803c5c1     0xd6  Code  Gb  event_groups.o [1]
xEventGroupWaitBits     0x0803c475    0x146  Code  Gb  event_groups.o [1]
xFreeBytesRemaining     0x2001f13c      0x4  Data  Lc  heap_4.o [1]
xHandleTaskFreq         0x2001f0c0      0x4  Data  Gb  apptask.o [1]
xHandleTaskLCD          0x2001f09c      0x4  Data  Gb  apptask.o [1]
xHandleTaskLED          0x2001f0a0      0x4  Data  Gb  apptask.o [1]
xHandleTaskManageCapacity
                        0x2001f0b8      0x4  Data  Gb  apptask.o [1]
xHandleTaskMassStorage  0x2001f0a8      0x4  Data  Gb  apptask.o [1]
xHandleTaskMotorControl
                        0x2001f0bc      0x4  Data  Gb  apptask.o [1]
xHandleTaskMsgPro       0x2001f0b0      0x4  Data  Gb  apptask.o [1]
xHandleTaskRFID         0x2001f0a4      0x4  Data  Gb  apptask.o [1]
xHandleTaskReadDisk     0x2001f0ac      0x4  Data  Gb  apptask.o [1]
xHandleTaskRev485       0x2001f0b4      0x4  Data  Gb  apptask.o [1]
xHeapStructSize         0x0804b1e0      0x4  Data  Lc  heap_4.o [1]
xMinimumEverFreeBytesRemaining
                        0x2001f140      0x4  Data  Lc  heap_4.o [1]
xNextTaskUnblockTime    0x2001f198      0x4  Data  Lc  tasks.o [1]
xNumOfOverflows         0x2001f190      0x4  Data  Lc  tasks.o [1]
xPendingReadyList       0x2001ef5c     0x14  Data  Lc  tasks.o [1]
xPortStartScheduler     0x0803dabb     0xcc  Code  Gb  port.o [1]
xQueueGenericCreate     0x0803350d     0x7e  Code  Gb  queue.o [1]
xQueueGenericReceive    0x08033901    0x19c  Code  Gb  queue.o [1]
xQueueGenericReset      0x0803347d     0x90  Code  Gb  queue.o [1]
xQueueGenericSend       0x0803358b    0x1b2  Code  Gb  queue.o [1]
xQueueGenericSendFromISR
                        0x0803373d     0xec  Code  Gb  queue.o [1]
xQueueGiveFromISR       0x08033829     0xd8  Code  Gb  queue.o [1]
xQueue_MQTT_Recv        0x2001f0e4      0x4  Data  Gb  apptask.o [1]
xQueue_MQTT_Transmit    0x2001f0e8      0x4  Data  Gb  apptask.o [1]
xQueue_esp8266_Cmd      0x2001f0ec      0x4  Data  Gb  apptask.o [1]
xQueue_message          0x2001f0f0      0x4  Data  Gb  apptask.o [1]
xSchedulerRunning       0x2001f184      0x4  Data  Lc  tasks.o [1]
xSemaphore_download     0x2001f0d4      0x4  Data  Gb  apptask.o [1]
xSemaphore_encoder      0x2001f0d0      0x4  Data  Gb  apptask.o [1]
xSemaphore_lcd          0x2001f0c4      0x4  Data  Gb  apptask.o [1]
xSemaphore_pluse        0x2001f0cc      0x4  Data  Gb  apptask.o [1]
xSemaphore_readDisk     0x2001f0d8      0x4  Data  Gb  apptask.o [1]
xSemaphore_rs485        0x2001f0c8      0x4  Data  Gb  apptask.o [1]
xStart                  0x2001f07c      0x8  Data  Lc  heap_4.o [1]
xSuspendedTaskList      0x2001ef84     0x14  Data  Lc  tasks.o [1]
xTaskCheckForTimeOut    0x08034ced     0x8a  Code  Gb  tasks.o [1]
xTaskGenericCreate      0x08034379    0x184  Code  Gb  tasks.o [1]
xTaskGetSchedulerState  0x08034fab     0x26  Code  Gb  tasks.o [1]
xTaskGetTickCount       0x080347ef      0xa  Code  Gb  tasks.o [1]
xTaskIncrementTick      0x080347f9    0x134  Code  Gb  tasks.o [1]
xTaskRemoveFromEventList
                        0x08034b99     0x8e  Code  Gb  tasks.o [1]
xTaskRemoveFromUnorderedEventList
                        0x08034c2d     0x94  Code  Gb  tasks.o [1]
xTaskResumeAll          0x080346ef    0x100  Code  Gb  tasks.o [1]
xTasksWaitingTermination
                        0x2001ef70     0x14  Data  Lc  tasks.o [1]
xTickCount              0x2001f17c      0x4  Data  Lc  tasks.o [1]
xTimerCreate            0x0803c70d     0x62  Code  Gb  timers.o [1]
xTimerCreateTimerTask   0x0803c6bd     0x50  Code  Gb  timers.o [1]
xTimerGenericCommand    0x0803c76f     0x84  Code  Gb  timers.o [1]
xTimerQueue             0x2001f1b4      0x4  Data  Lc  timers.o [1]
xTimerUser              0x2001f0e0      0x4  Data  Gb  apptask.o [1]
xYieldPending           0x2001f18c      0x4  Data  Lc  tasks.o [1]


[1] = E:\WORK\YarnControl_Driver\YarnControl_Driver\src\stm32f4_rtos\Project\EWARMv7\Flash\Obj
[2] = command line
[3] = dl7M_tlf.a
[4] = m7M_tls.a
[5] = rt7M_tl.a
[6] = shb_l.a

  123 240 bytes of readonly  code memory
  185 054 bytes of readonly  data memory
  130 069 bytes of readwrite data memory (+ 1 044 480 absolute)

Errors: none
Warnings: none
