###############################################################################
#
# IAR ELF Linker V7.40.7.9843/W32 for ARM                 10/Mar/2019  10:44:42
# Copyright 2007-2015 IAR Systems AB.
#
#    Output file  =  
#        E:\WORK\YarnControl_Driver\YarnControl_Driver\src\stm32f4_rtos\Project\EWARMv7\Flash\Exe\project.out
#    Map file     =  
#        E:\WORK\YarnControl_Driver\YarnControl_Driver\src\stm32f4_rtos\Project\EWARMv7\Flash\List\project.map
#    Command line =  
#        E:\WORK\YarnControl_Driver\YarnControl_Driver\src\stm32f4_rtos\Project\EWARMv7\Flash\Obj\apptask.o
#        E:\WORK\YarnControl_Driver\YarnControl_Driver\src\stm32f4_rtos\Project\EWARMv7\Flash\Obj\bsp.o
#        E:\WORK\YarnControl_Driver\YarnControl_Driver\src\stm32f4_rtos\Project\EWARMv7\Flash\Obj\bsp_closeSW.o
#        E:\WORK\YarnControl_Driver\YarnControl_Driver\src\stm32f4_rtos\Project\EWARMv7\Flash\Obj\bsp_dwt.o
#        E:\WORK\YarnControl_Driver\YarnControl_Driver\src\stm32f4_rtos\Project\EWARMv7\Flash\Obj\bsp_led.o
#        E:\WORK\YarnControl_Driver\YarnControl_Driver\src\stm32f4_rtos\Project\EWARMv7\Flash\Obj\bsp_relay.o
#        E:\WORK\YarnControl_Driver\YarnControl_Driver\src\stm32f4_rtos\Project\EWARMv7\Flash\Obj\bsp_sdio_sd.o
#        E:\WORK\YarnControl_Driver\YarnControl_Driver\src\stm32f4_rtos\Project\EWARMv7\Flash\Obj\bsp_sdwe050c17.o
#        E:\WORK\YarnControl_Driver\YarnControl_Driver\src\stm32f4_rtos\Project\EWARMv7\Flash\Obj\bsp_servomotor.o
#        E:\WORK\YarnControl_Driver\YarnControl_Driver\src\stm32f4_rtos\Project\EWARMv7\Flash\Obj\bsp_spi.o
#        E:\WORK\YarnControl_Driver\YarnControl_Driver\src\stm32f4_rtos\Project\EWARMv7\Flash\Obj\bsp_stepmotor.o
#        E:\WORK\YarnControl_Driver\YarnControl_Driver\src\stm32f4_rtos\Project\EWARMv7\Flash\Obj\bsp_sw_onoff.o
#        E:\WORK\YarnControl_Driver\YarnControl_Driver\src\stm32f4_rtos\Project\EWARMv7\Flash\Obj\bsp_tim_pwm.o
#        E:\WORK\YarnControl_Driver\YarnControl_Driver\src\stm32f4_rtos\Project\EWARMv7\Flash\Obj\bsp_timer.o
#        E:\WORK\YarnControl_Driver\YarnControl_Driver\src\stm32f4_rtos\Project\EWARMv7\Flash\Obj\bsp_uart_fifo.o
#        E:\WORK\YarnControl_Driver\YarnControl_Driver\src\stm32f4_rtos\Project\EWARMv7\Flash\Obj\bsp_w25qxx.o
#        E:\WORK\YarnControl_Driver\YarnControl_Driver\src\stm32f4_rtos\Project\EWARMv7\Flash\Obj\bsp_watchdog.o
#        E:\WORK\YarnControl_Driver\YarnControl_Driver\src\stm32f4_rtos\Project\EWARMv7\Flash\Obj\cc936.o
#        E:\WORK\YarnControl_Driver\YarnControl_Driver\src\stm32f4_rtos\Project\EWARMv7\Flash\Obj\croutine.o
#        E:\WORK\YarnControl_Driver\YarnControl_Driver\src\stm32f4_rtos\Project\EWARMv7\Flash\Obj\demo_fatfs.o
#        E:\WORK\YarnControl_Driver\YarnControl_Driver\src\stm32f4_rtos\Project\EWARMv7\Flash\Obj\diskio.o
#        E:\WORK\YarnControl_Driver\YarnControl_Driver\src\stm32f4_rtos\Project\EWARMv7\Flash\Obj\encoder_tim.o
#        E:\WORK\YarnControl_Driver\YarnControl_Driver\src\stm32f4_rtos\Project\EWARMv7\Flash\Obj\event_groups.o
#        E:\WORK\YarnControl_Driver\YarnControl_Driver\src\stm32f4_rtos\Project\EWARMv7\Flash\Obj\ff.o
#        E:\WORK\YarnControl_Driver\YarnControl_Driver\src\stm32f4_rtos\Project\EWARMv7\Flash\Obj\heap_4.o
#        E:\WORK\YarnControl_Driver\YarnControl_Driver\src\stm32f4_rtos\Project\EWARMv7\Flash\Obj\list.o
#        E:\WORK\YarnControl_Driver\YarnControl_Driver\src\stm32f4_rtos\Project\EWARMv7\Flash\Obj\main.o
#        E:\WORK\YarnControl_Driver\YarnControl_Driver\src\stm32f4_rtos\Project\EWARMv7\Flash\Obj\malloc.o
#        E:\WORK\YarnControl_Driver\YarnControl_Driver\src\stm32f4_rtos\Project\EWARMv7\Flash\Obj\mcheck.o
#        E:\WORK\YarnControl_Driver\YarnControl_Driver\src\stm32f4_rtos\Project\EWARMv7\Flash\Obj\misc.o
#        E:\WORK\YarnControl_Driver\YarnControl_Driver\src\stm32f4_rtos\Project\EWARMv7\Flash\Obj\modbus.o
#        E:\WORK\YarnControl_Driver\YarnControl_Driver\src\stm32f4_rtos\Project\EWARMv7\Flash\Obj\page_weimi.o
#        E:\WORK\YarnControl_Driver\YarnControl_Driver\src\stm32f4_rtos\Project\EWARMv7\Flash\Obj\para.o
#        E:\WORK\YarnControl_Driver\YarnControl_Driver\src\stm32f4_rtos\Project\EWARMv7\Flash\Obj\port.o
#        E:\WORK\YarnControl_Driver\YarnControl_Driver\src\stm32f4_rtos\Project\EWARMv7\Flash\Obj\portasm.o
#        E:\WORK\YarnControl_Driver\YarnControl_Driver\src\stm32f4_rtos\Project\EWARMv7\Flash\Obj\product_cal.o
#        E:\WORK\YarnControl_Driver\YarnControl_Driver\src\stm32f4_rtos\Project\EWARMv7\Flash\Obj\protocol.o
#        E:\WORK\YarnControl_Driver\YarnControl_Driver\src\stm32f4_rtos\Project\EWARMv7\Flash\Obj\queue.o
#        E:\WORK\YarnControl_Driver\YarnControl_Driver\src\stm32f4_rtos\Project\EWARMv7\Flash\Obj\rc522.o
#        E:\WORK\YarnControl_Driver\YarnControl_Driver\src\stm32f4_rtos\Project\EWARMv7\Flash\Obj\startup_stm32f40_41xxx.o
#        E:\WORK\YarnControl_Driver\YarnControl_Driver\src\stm32f4_rtos\Project\EWARMv7\Flash\Obj\stm32f4xx_adc.o
#        E:\WORK\YarnControl_Driver\YarnControl_Driver\src\stm32f4_rtos\Project\EWARMv7\Flash\Obj\stm32f4xx_assert.o
#        E:\WORK\YarnControl_Driver\YarnControl_Driver\src\stm32f4_rtos\Project\EWARMv7\Flash\Obj\stm32f4xx_can.o
#        E:\WORK\YarnControl_Driver\YarnControl_Driver\src\stm32f4_rtos\Project\EWARMv7\Flash\Obj\stm32f4xx_crc.o
#        E:\WORK\YarnControl_Driver\YarnControl_Driver\src\stm32f4_rtos\Project\EWARMv7\Flash\Obj\stm32f4xx_cryp.o
#        E:\WORK\YarnControl_Driver\YarnControl_Driver\src\stm32f4_rtos\Project\EWARMv7\Flash\Obj\stm32f4xx_cryp_aes.o
#        E:\WORK\YarnControl_Driver\YarnControl_Driver\src\stm32f4_rtos\Project\EWARMv7\Flash\Obj\stm32f4xx_cryp_des.o
#        E:\WORK\YarnControl_Driver\YarnControl_Driver\src\stm32f4_rtos\Project\EWARMv7\Flash\Obj\stm32f4xx_cryp_tdes.o
#        E:\WORK\YarnControl_Driver\YarnControl_Driver\src\stm32f4_rtos\Project\EWARMv7\Flash\Obj\stm32f4xx_dac.o
#        E:\WORK\YarnControl_Driver\YarnControl_Driver\src\stm32f4_rtos\Project\EWARMv7\Flash\Obj\stm32f4xx_dbgmcu.o
#        E:\WORK\YarnControl_Driver\YarnControl_Driver\src\stm32f4_rtos\Project\EWARMv7\Flash\Obj\stm32f4xx_dcmi.o
#        E:\WORK\YarnControl_Driver\YarnControl_Driver\src\stm32f4_rtos\Project\EWARMv7\Flash\Obj\stm32f4xx_dma.o
#        E:\WORK\YarnControl_Driver\YarnControl_Driver\src\stm32f4_rtos\Project\EWARMv7\Flash\Obj\stm32f4xx_dma2d.o
#        E:\WORK\YarnControl_Driver\YarnControl_Driver\src\stm32f4_rtos\Project\EWARMv7\Flash\Obj\stm32f4xx_exti.o
#        E:\WORK\YarnControl_Driver\YarnControl_Driver\src\stm32f4_rtos\Project\EWARMv7\Flash\Obj\stm32f4xx_flash.o
#        E:\WORK\YarnControl_Driver\YarnControl_Driver\src\stm32f4_rtos\Project\EWARMv7\Flash\Obj\stm32f4xx_fsmc.o
#        E:\WORK\YarnControl_Driver\YarnControl_Driver\src\stm32f4_rtos\Project\EWARMv7\Flash\Obj\stm32f4xx_gpio.o
#        E:\WORK\YarnControl_Driver\YarnControl_Driver\src\stm32f4_rtos\Project\EWARMv7\Flash\Obj\stm32f4xx_hash.o
#        E:\WORK\YarnControl_Driver\YarnControl_Driver\src\stm32f4_rtos\Project\EWARMv7\Flash\Obj\stm32f4xx_hash_md5.o
#        E:\WORK\YarnControl_Driver\YarnControl_Driver\src\stm32f4_rtos\Project\EWARMv7\Flash\Obj\stm32f4xx_hash_sha1.o
#        E:\WORK\YarnControl_Driver\YarnControl_Driver\src\stm32f4_rtos\Project\EWARMv7\Flash\Obj\stm32f4xx_i2c.o
#        E:\WORK\YarnControl_Driver\YarnControl_Driver\src\stm32f4_rtos\Project\EWARMv7\Flash\Obj\stm32f4xx_it.o
#        E:\WORK\YarnControl_Driver\YarnControl_Driver\src\stm32f4_rtos\Project\EWARMv7\Flash\Obj\stm32f4xx_iwdg.o
#        E:\WORK\YarnControl_Driver\YarnControl_Driver\src\stm32f4_rtos\Project\EWARMv7\Flash\Obj\stm32f4xx_ltdc.o
#        E:\WORK\YarnControl_Driver\YarnControl_Driver\src\stm32f4_rtos\Project\EWARMv7\Flash\Obj\stm32f4xx_pwr.o
#        E:\WORK\YarnControl_Driver\YarnControl_Driver\src\stm32f4_rtos\Project\EWARMv7\Flash\Obj\stm32f4xx_rcc.o
#        E:\WORK\YarnControl_Driver\YarnControl_Driver\src\stm32f4_rtos\Project\EWARMv7\Flash\Obj\stm32f4xx_rng.o
#        E:\WORK\YarnControl_Driver\YarnControl_Driver\src\stm32f4_rtos\Project\EWARMv7\Flash\Obj\stm32f4xx_rtc.o
#        E:\WORK\YarnControl_Driver\YarnControl_Driver\src\stm32f4_rtos\Project\EWARMv7\Flash\Obj\stm32f4xx_sai.o
#        E:\WORK\YarnControl_Driver\YarnControl_Driver\src\stm32f4_rtos\Project\EWARMv7\Flash\Obj\stm32f4xx_sdio.o
#        E:\WORK\YarnControl_Driver\YarnControl_Driver\src\stm32f4_rtos\Project\EWARMv7\Flash\Obj\stm32f4xx_spi.o
#        E:\WORK\YarnControl_Driver\YarnControl_Driver\src\stm32f4_rtos\Project\EWARMv7\Flash\Obj\stm32f4xx_syscfg.o
#        E:\WORK\YarnControl_Driver\YarnControl_Driver\src\stm32f4_rtos\Project\EWARMv7\Flash\Obj\stm32f4xx_tim.o
#        E:\WORK\YarnControl_Driver\YarnControl_Driver\src\stm32f4_rtos\Project\EWARMv7\Flash\Obj\stm32f4xx_usart.o
#        E:\WORK\YarnControl_Driver\YarnControl_Driver\src\stm32f4_rtos\Project\EWARMv7\Flash\Obj\stm32f4xx_wwdg.o
#        E:\WORK\YarnControl_Driver\YarnControl_Driver\src\stm32f4_rtos\Project\EWARMv7\Flash\Obj\SysInfoTest.o
#        E:\WORK\YarnControl_Driver\YarnControl_Driver\src\stm32f4_rtos\Project\EWARMv7\Flash\Obj\system_stm32f4xx.o
#        E:\WORK\YarnControl_Driver\YarnControl_Driver\src\stm32f4_rtos\Project\EWARMv7\Flash\Obj\tasks.o
#        E:\WORK\YarnControl_Driver\YarnControl_Driver\src\stm32f4_rtos\Project\EWARMv7\Flash\Obj\timers.o
#        E:\WORK\YarnControl_Driver\YarnControl_Driver\src\stm32f4_rtos\Project\EWARMv7\Flash\Obj\usb_bsp.o
#        E:\WORK\YarnControl_Driver\YarnControl_Driver\src\stm32f4_rtos\Project\EWARMv7\Flash\Obj\usb_core.o
#        E:\WORK\YarnControl_Driver\YarnControl_Driver\src\stm32f4_rtos\Project\EWARMv7\Flash\Obj\usb_hcd.o
#        E:\WORK\YarnControl_Driver\YarnControl_Driver\src\stm32f4_rtos\Project\EWARMv7\Flash\Obj\usb_hcd_int.o
#        E:\WORK\YarnControl_Driver\YarnControl_Driver\src\stm32f4_rtos\Project\EWARMv7\Flash\Obj\usbh_core.o
#        E:\WORK\YarnControl_Driver\YarnControl_Driver\src\stm32f4_rtos\Project\EWARMv7\Flash\Obj\usbh_hcs.o
#        E:\WORK\YarnControl_Driver\YarnControl_Driver\src\stm32f4_rtos\Project\EWARMv7\Flash\Obj\usbh_ioreq.o
#        E:\WORK\YarnControl_Driver\YarnControl_Driver\src\stm32f4_rtos\Project\EWARMv7\Flash\Obj\usbh_it.o
#        E:\WORK\YarnControl_Driver\YarnControl_Driver\src\stm32f4_rtos\Project\EWARMv7\Flash\Obj\usbh_msc_bot.o
#        E:\WORK\YarnControl_Driver\YarnControl_Driver\src\stm32f4_rtos\Project\EWARMv7\Flash\Obj\usbh_msc_core.o
#        E:\WORK\YarnControl_Driver\YarnControl_Driver\src\stm32f4_rtos\Project\EWARMv7\Flash\Obj\usbh_msc_scsi.o
#        E:\WORK\YarnControl_Driver\YarnControl_Driver\src\stm32f4_rtos\Project\EWARMv7\Flash\Obj\usbh_stdreq.o
#        E:\WORK\YarnControl_Driver\YarnControl_Driver\src\stm32f4_rtos\Project\EWARMv7\Flash\Obj\usbh_usr.o
#        -o
#        E:\WORK\YarnControl_Driver\YarnControl_Driver\src\stm32f4_rtos\Project\EWARMv7\Flash\Exe\project.out
#        --map
#        E:\WORK\YarnControl_Driver\YarnControl_Driver\src\stm32f4_rtos\Project\EWARMv7\Flash\List\project.map
#        --config
#        E:\WORK\YarnControl_Driver\YarnControl_Driver\src\stm32f4_rtos\Project\EWARMv7\stm32f4xx_flash.icf
#        --semihosting --entry __iar_program_start --inline --vfe
#
###############################################################################

*******************************************************************************
*** RUNTIME MODEL ATTRIBUTES
***

CppFlavor       = *
__SystemLibrary = DLib


*******************************************************************************
*** PLACEMENT SUMMARY
***

"A1":  place at 0x08000000 { ro section .intvec };
"P1":  place in [from 0x08000000 to 0x080fffff] { ro };
"P2":  place in [from 0x20000000 to 0x2001ffff] { rw, block CSTACK, block HEAP };

  Section             Kind        Address     Size  Object
  -------             ----        -------     ----  ------
"A1":                                        0x188
  .intvec             ro code  0x08000000    0x188  startup_stm32f40_41xxx.o [1]
                             - 0x08000188    0x188

"P1":                                      0x46485
  .rodata             const    0x08000188  0x15484  cc936.o [1]
  .rodata             const    0x0801560c  0x15484  cc936.o [1]
  .text               ro code  0x0802aa90   0x5934  apptask.o [1]
  .text               ro code  0x080303c4    0x7c8  queue.o [1]
  .text               ro code  0x08030b8c   0x16cc  bsp_sdwe050c17.o [1]
  .text               ro code  0x08032258    0x524  product_cal.o [1]
  .text               ro code  0x0803277c     0x66  ABImemset.o [5]
  .text               ro code  0x080327e2     0x1e  xsscin.o [3]
  .text               ro code  0x08032800    0xc00  tasks.o [1]
  .text               ro code  0x08033400    0x380  bsp_w25qxx.o [1]
  .text               ro code  0x08033780     0x4e  FltToDbl.o [4]
  .text               ro code  0x080337ce      0xa  xsprout.o [3]
  .text               ro code  0x080337d8     0x24  printf.o [3]
  .text               ro code  0x080337fc     0x76  ABImemcpy_unaligned.o [5]
  .text               ro code  0x08033874     0x42  strcmp_unaligned.o [5]
  .text               ro code  0x080338b8    0x21c  malloc.o [1]
  .text               ro code  0x08033ad4     0x30  I32ToDbl.o [4]
  .text               ro code  0x08033b04    0x256  DblDiv.o [4]
  .text               ro code  0x08033d5c     0xe8  DblAdd.o [4]
  .text               ro code  0x08033e44    0x1a2  DblMul.o [4]
  .text               ro code  0x08033fe8     0x58  DblToI32.o [4]
  .text               ro code  0x08034040     0x90  DblToFlt.o [4]
  .text               ro code  0x080340d0     0x36  strlen.o [5]
  .text               ro code  0x08034108   0x13fa  para.o [1]
  .text               ro code  0x08035504    0x248  page_weimi.o [1]
  .text               ro code  0x0803574c     0x62  memcmp_unaligned.o [5]
  .text               ro code  0x080357b0    0x48c  bsp_servomotor.o [1]
  .text               ro code  0x08035c3c    0x1a2  usbh_usr.o [1]
  .text               ro code  0x08035de0    0x760  usbh_core.o [1]
  .text               ro code  0x08036540   0x2498  ff.o [1]
  .text               ro code  0x080389d8     0x34  sprintf.o [3]
  .text               ro code  0x08038a0c     0x1c  strcat.o [3]
  .text               ro code  0x08038a28     0xc0  bsp_led.o [1]
  .text               ro code  0x08038ae8     0xae  rc522.o [1]
  .text               ro code  0x08038b98    0x354  modbus.o [1]
  .text               ro code  0x08038eec     0x68  bsp_sw_onoff.o [1]
  .text               ro code  0x08038f54     0x44  protocol.o [1]
  .text               ro code  0x08038f98     0x10  para.o [1]
  .text               ro code  0x08038fa8     0xd4  bsp_closeSW.o [1]
  .text               ro code  0x0803907c    0x12c  stm32f4xx_gpio.o [1]
  .text               ro code  0x080391a8    0x324  bsp_stepmotor.o [1]
  .text               ro code  0x080394cc    0x25c  encoder_tim.o [1]
  .text               ro code  0x08039728    0x262  event_groups.o [1]
  .text               ro code  0x0803998c    0x4a4  timers.o [1]
  .text               ro code  0x08039e30      0x8  bsp_watchdog.o [1]
  .text               ro code  0x08039e38    0x24c  port.o [1]
  .text               ro code  0x0803a084     0x98  list.o [1]
  .text               ro code  0x0803a11c    0x280  heap_4.o [1]
  .text               ro code  0x0803a39c    0x1e8  stm32f4xx_rcc.o [1]
  .text               ro code  0x0803a584     0x74  bsp_dwt.o [1]
  .text               ro code  0x0803a5f8    0x9f0  bsp_uart_fifo.o [1]
  .text               ro code  0x0803afe8    0x204  bsp_timer.o [1]
  .text               ro code  0x0803b1ec    0x124  bsp_spi.o [1]
  .text               ro code  0x0803b310    0xd96  xprintffull_nomb.o [3]
  .text               ro code  0x0803c0a8    0x180  DblSub.o [4]
  .text               ro code  0x0803c228     0x44  strcpy_unaligned.o [5]
  .text               ro code  0x0803c26c     0x24  sscanf.o [3]
  .text               ro code  0x0803c290    0x6e4  stm32f4xx_tim.o [1]
  .text               ro code  0x0803c974    0x31c  stm32f4xx_dma.o [1]
  .text               ro code  0x0803cc90     0x88  misc.o [1]
  .text               ro code  0x0803cd18    0x14c  usb_bsp.o [1]
  .text               ro code  0x0803ce64     0xd6  usb_hcd.o [1]
  .text               ro code  0x0803cf3a    0x1ba  usbh_hcs.o [1]
  .text               ro code  0x0803d0f4    0x436  usbh_stdreq.o [1]
  .text               ro code  0x0803d52a    0x246  usbh_ioreq.o [1]
  .text               ro code  0x0803d770    0x2e4  diskio.o [1]
  .text               ro code  0x0803da54     0xf4  cc936.o [1]
  .text               ro code  0x0803db48     0xb8  mcheck.o [1]
  .text               ro code  0x0803dc00     0x2c  strstr.o [3]
  .text               ro code  0x0803dc2c     0x54  stm32f4xx_syscfg.o [1]
  .text               ro code  0x0803dc80     0xc0  stm32f4xx_exti.o [1]
  .text               ro code  0x0803dd40    0x132  I64DivMod.o [5]
  .text               ro code  0x0803de74     0x10  stm32f4xx_iwdg.o [1]
  CODE                ro code  0x0803de84     0xa8  portasm.o [1]
  .text               ro code  0x0803df2c    0x254  stm32f4xx_usart.o [1]
  .text               ro code  0x0803e180     0x74  stm32f4xx_spi.o [1]
  .text               ro code  0x0803e1f4     0x16  strchr.o [5]
  .text               ro code  0x0803e20c     0x58  memchr.o [5]
  .text               ro code  0x0803e264     0x42  xdnorm.o [4]
  .text               ro code  0x0803e2a8     0x2e  DblCmpLe.o [4]
  .text               ro code  0x0803e2d8     0x2e  DblCmpGe.o [4]
  .text               ro code  0x0803e308    0x114  xdscale.o [4]
  .text               ro code  0x0803e41c     0x6c  localeconv.o [3]
  .text               ro code  0x0803e488      0xe  div.o [3]
  .text               ro code  0x0803e498    0xb64  xscanffull_nomb.o [3]
  .text               ro code  0x0803effc    0xa50  usb_core.o [1]
  .text               ro code  0x0803fa4c   0x1a58  bsp_sdio_sd.o [1]
  .text               ro code  0x080414a4    0x618  usbh_msc_scsi.o [1]
  .text               ro code  0x08041abc    0x554  usbh_msc_bot.o [1]
  .text               ro code  0x08042010      0x2  I64DivZer.o [5]
  .text               ro code  0x08042012     0x28  isxxx.o [3]
  .text               ro code  0x0804203a     0xa4  xstoll.o [3]
  .text               ro code  0x080420e0    0x1b0  xstoull.o [3]
  .text               ro code  0x08042290    0x168  xstold.o [4]
  .text               ro code  0x080423f8    0x17c  stm32f4xx_sdio.o [1]
  .text               ro code  0x08042574     0x18  setlocale.o [3]
  .text               ro code  0x0804258c     0x16  xlocale_c.o [3]
  .text               ro code  0x080425a2     0x14  xlocale_c.o [3]
  .text               ro code  0x080425b8      0xc  errno.o [3]
  .text               ro code  0x080425c4     0x14  tolower.o [3]
  .text               ro code  0x080425d8    0x124  xstopfx.o [3]
  .text               ro code  0x080426fc    0x1b8  xstoflt.o [3]
  .rodata             const    0x080428b4     0x2c  apptask.o [1]
  .text               ro code  0x080428e0    0x200  xdtento.o [4]
  .text               ro code  0x08042ae0    0x218  xstoxflt.o [3]
  .text               ro code  0x08042cf8      0x2  xtls.o [3]
  .text               ro code  0x08042cfa      0xc  xlocale_c.o [3]
  .text               ro code  0x08042d08     0x20  DblCmpEq.o [4]
  .text               ro code  0x08042d28     0x52  xdunscal.o [4]
  .text               ro code  0x08042d7c    0xc7e  usb_hcd_int.o [1]
  .rodata             const    0x080439fc    0x400  apptask.o [1]
  .text               ro code  0x08043dfc    0x3e8  usbh_msc_core.o [1]
  .rodata             const    0x080441e4    0x3dc  cc936.o [1]
  .rodata             const    0x080445c0    0x3dc  cc936.o [1]
  .text               ro code  0x0804499c    0x2e0  bsp_tim_pwm.o [1]
  .rodata             const    0x08044c7c    0x190  product_cal.o [1]
  .text               ro code  0x08044e0c    0x154  system_stm32f4xx.o [1]
  .rodata             const    0x08044f60    0x100  mcheck.o [1]
  .rodata             const    0x08045060    0x100  mcheck.o [1]
  .rodata             const    0x08045160    0x100  mcheck.o [1]
  .text               ro code  0x08045260     0xd0  packbits_init.o [5]
  .text               ro code  0x08045330      0x6  abort.o [3]
  .text               ro code  0x08045338     0x14  exit.o [6]
  .text               ro code  0x0804534c     0x48  bsp.o [1]
  .text               ro code  0x08045394     0x44  bsp_relay.o [1]
  .text               ro code  0x080453d8     0x40  zero_init3.o [5]
  .text               ro code  0x08045418     0x3c  SysInfoTest.o [1]
  .rodata             const    0x08045454     0x38  demo_fatfs.o [1]
  .text               ro code  0x0804548c     0x38  stm32f4xx_it.o [1]
  .text               ro code  0x080454c4     0x34  main.o [1]
  .rodata             const    0x080454f8     0x30  apptask.o [1]
  .rodata             const    0x08045528     0x30  apptask.o [1]
  .rodata             const    0x08045558     0x30  demo_fatfs.o [1]
  .rodata             const    0x08045588     0x30  demo_fatfs.o [1]
  .rodata             const    0x080455b8     0x2c  demo_fatfs.o [1]
  .rodata             const    0x080455e4     0x2c  demo_fatfs.o [1]
  .rodata             const    0x08045610     0x2c  stm32f4xx_it.o [1]
  .rodata             const    0x0804563c     0x28  demo_fatfs.o [1]
  .rodata             const    0x08045664     0x28  demo_fatfs.o [1]
  .rodata             const    0x0804568c     0x28  demo_fatfs.o [1]
  .text               ro code  0x080456b4     0x28  data_init.o [5]
  .rodata             const    0x080456dc     0x24  apptask.o [1]
  .rodata             const    0x08045700     0x24  apptask.o [1]
  .rodata             const    0x08045724     0x24  apptask.o [1]
  .rodata             const    0x08045748     0x24  apptask.o [1]
  .rodata             const    0x0804576c     0x24  apptask.o [1]
  .rodata             const    0x08045790     0x24  apptask.o [1]
  .rodata             const    0x080457b4     0x24  apptask.o [1]
  .rodata             const    0x080457d8     0x24  apptask.o [1]
  .rodata             const    0x080457fc     0x24  apptask.o [1]
  .rodata             const    0x08045820     0x24  demo_fatfs.o [1]
  .rodata             const    0x08045844     0x24  demo_fatfs.o [1]
  .rodata             const    0x08045868     0x24  usbh_usr.o [1]
  .text               ro code  0x0804588c     0x22  fpinit_M.o [4]
  .iar.init_table     const    0x080458b0     0x34  - Linker created -
  .rodata             const    0x080458e4     0x20  apptask.o [1]
  .rodata             const    0x08045904     0x20  apptask.o [1]
  .rodata             const    0x08045924     0x20  apptask.o [1]
  .rodata             const    0x08045944     0x20  demo_fatfs.o [1]
  .rodata             const    0x08045964     0x20  demo_fatfs.o [1]
  .rodata             const    0x08045984     0x20  demo_fatfs.o [1]
  .rodata             const    0x080459a4     0x20  usbh_usr.o [1]
  .rodata             const    0x080459c4     0x20  usbh_usr.o [1]
  .rodata             const    0x080459e4     0x20  usbh_usr.o [1]
  .rodata             const    0x08045a04     0x20  usbh_usr.o [1]
  .rodata             const    0x08045a24     0x20  usbh_usr.o [1]
  .rodata             const    0x08045a44     0x1c  apptask.o [1]
  .rodata             const    0x08045a60     0x1c  apptask.o [1]
  .rodata             const    0x08045a7c     0x1c  apptask.o [1]
  .rodata             const    0x08045a98     0x1c  apptask.o [1]
  .rodata             const    0x08045ab4     0x1c  apptask.o [1]
  .rodata             const    0x08045ad0     0x1c  apptask.o [1]
  .rodata             const    0x08045aec     0x1c  apptask.o [1]
  .rodata             const    0x08045b08     0x1c  demo_fatfs.o [1]
  .rodata             const    0x08045b24     0x1c  demo_fatfs.o [1]
  .rodata             const    0x08045b40     0x1c  usbh_usr.o [1]
  .rodata             const    0x08045b5c     0x1c  usbh_usr.o [1]
  .rodata             const    0x08045b78     0x1c  usbh_usr.o [1]
  .rodata             const    0x08045b94     0x1c  usbh_usr.o [1]
  .rodata             const    0x08045bb0     0x1c  usbh_usr.o [1]
  .rodata             const    0x08045bcc     0x1c  usbh_usr.o [1]
  .text               ro code  0x08045be8     0x1a  cmain.o [5]
  .text               ro code  0x08045c02      0x4  exit.o [3]
  .text               ro code  0x08045c08      0xa  cexit.o [5]
  .rodata             const    0x08045c14     0x18  apptask.o [1]
  .rodata             const    0x08045c2c     0x18  apptask.o [1]
  .rodata             const    0x08045c44     0x18  apptask.o [1]
  .rodata             const    0x08045c5c     0x18  apptask.o [1]
  .rodata             const    0x08045c74     0x18  apptask.o [1]
  .rodata             const    0x08045c8c     0x18  apptask.o [1]
  .rodata             const    0x08045ca4     0x18  apptask.o [1]
  .rodata             const    0x08045cbc     0x18  apptask.o [1]
  .rodata             const    0x08045cd4     0x18  demo_fatfs.o [1]
  .rodata             const    0x08045cec     0x18  demo_fatfs.o [1]
  .rodata             const    0x08045d04     0x18  demo_fatfs.o [1]
  .rodata             const    0x08045d1c     0x18  demo_fatfs.o [1]
  .rodata             const    0x08045d34     0x18  para.o [1]
  .rodata             const    0x08045d4c     0x18  usbh_usr.o [1]
  .rodata             const    0x08045d64     0x18  usbh_usr.o [1]
  .rodata             const    0x08045d7c     0x18  usbh_usr.o [1]
  .rodata             const    0x08045d94     0x18  usbh_usr.o [1]
  .rodata             const    0x08045dac     0x18  usbh_usr.o [1]
  .text               ro code  0x08045dc4     0x16  xprout.o [3]
  .text               ro code  0x08045ddc      0xc  putchar.o [3]
  .rodata             const    0x08045de8     0x14  apptask.o [1]
  .rodata             const    0x08045dfc     0x14  apptask.o [1]
  .rodata             const    0x08045e10     0x14  apptask.o [1]
  .rodata             const    0x08045e24     0x14  apptask.o [1]
  .rodata             const    0x08045e38     0x14  apptask.o [1]
  .rodata             const    0x08045e4c     0x14  apptask.o [1]
  .rodata             const    0x08045e60     0x14  apptask.o [1]
  .rodata             const    0x08045e74     0x14  apptask.o [1]
  .rodata             const    0x08045e88     0x14  usbh_usr.o [1]
  .rodata             const    0x08045e9c     0x14  usbh_usr.o [1]
  .rodata             const    0x08045eb0     0x10  apptask.o [1]
  .rodata             const    0x08045ec0     0x10  apptask.o [1]
  .rodata             const    0x08045ed0     0x10  apptask.o [1]
  .rodata             const    0x08045ee0     0x10  apptask.o [1]
  .rodata             const    0x08045ef0     0x10  apptask.o [1]
  .rodata             const    0x08045f00     0x10  apptask.o [1]
  .rodata             const    0x08045f10     0x10  apptask.o [1]
  .rodata             const    0x08045f20     0x10  apptask.o [1]
  .rodata             const    0x08045f30     0x10  apptask.o [1]
  .rodata             const    0x08045f40     0x10  apptask.o [1]
  .rodata             const    0x08045f50     0x10  apptask.o [1]
  .rodata             const    0x08045f60     0x10  apptask.o [1]
  .rodata             const    0x08045f70     0x10  apptask.o [1]
  .rodata             const    0x08045f80     0x10  apptask.o [1]
  .rodata             const    0x08045f90     0x10  apptask.o [1]
  .rodata             const    0x08045fa0     0x10  apptask.o [1]
  .rodata             const    0x08045fb0     0x10  apptask.o [1]
  .rodata             const    0x08045fc0     0x10  apptask.o [1]
  .rodata             const    0x08045fd0     0x10  apptask.o [1]
  .rodata             const    0x08045fe0     0x10  bsp_sdwe050c17.o [1]
  .rodata             const    0x08045ff0     0x10  ff.o [1]
  .rodata             const    0x08046000     0x10  main.o [1]
  .rodata             const    0x08046010     0x10  main.o [1]
  .rodata             const    0x08046020     0x10  para.o [1]
  .rodata             const    0x08046030     0x10  para.o [1]
  .rodata             const    0x08046040     0x10  usbh_usr.o [1]
  .rodata             const    0x08046050     0x10  usbh_usr.o [1]
  .text               ro code  0x08046060     0x10  startup_stm32f40_41xxx.o [1]
  .text               ro code  0x08046070     0x10  usbh_it.o [1]
  .rodata             const    0x08046080      0xc  apptask.o [1]
  .rodata             const    0x0804608c      0xc  apptask.o [1]
  .rodata             const    0x08046098      0xc  apptask.o [1]
  .rodata             const    0x080460a4      0xc  apptask.o [1]
  .rodata             const    0x080460b0      0xc  apptask.o [1]
  .rodata             const    0x080460bc      0xc  apptask.o [1]
  .rodata             const    0x080460c8      0xc  apptask.o [1]
  .rodata             const    0x080460d4      0xc  apptask.o [1]
  .rodata             const    0x080460e0      0xc  apptask.o [1]
  .rodata             const    0x080460ec      0xc  apptask.o [1]
  .rodata             const    0x080460f8      0xc  apptask.o [1]
  .rodata             const    0x08046104      0xc  apptask.o [1]
  .rodata             const    0x08046110      0xc  apptask.o [1]
  .rodata             const    0x0804611c      0xc  apptask.o [1]
  .rodata             const    0x08046128      0xc  apptask.o [1]
  .rodata             const    0x08046134      0xc  apptask.o [1]
  .rodata             const    0x08046140      0xc  apptask.o [1]
  .rodata             const    0x0804614c      0xc  apptask.o [1]
  .rodata             const    0x08046158      0xc  apptask.o [1]
  .rodata             const    0x08046164      0xc  apptask.o [1]
  .rodata             const    0x08046170      0xc  apptask.o [1]
  .rodata             const    0x0804617c      0xc  apptask.o [1]
  .rodata             const    0x08046188      0xc  apptask.o [1]
  .rodata             const    0x08046194      0xc  apptask.o [1]
  .rodata             const    0x080461a0      0xc  apptask.o [1]
  .rodata             const    0x080461ac      0xc  apptask.o [1]
  .rodata             const    0x080461b8      0xc  apptask.o [1]
  .rodata             const    0x080461c4      0xc  apptask.o [1]
  .rodata             const    0x080461d0      0xc  apptask.o [1]
  .rodata             const    0x080461dc      0xc  apptask.o [1]
  .rodata             const    0x080461e8      0xc  apptask.o [1]
  .rodata             const    0x080461f4      0xc  apptask.o [1]
  .rodata             const    0x08046200      0xc  apptask.o [1]
  .rodata             const    0x0804620c      0xc  bsp_sdwe050c17.o [1]
  .rodata             const    0x08046218      0xc  demo_fatfs.o [1]
  .rodata             const    0x08046224      0xc  ff.o [1]
  .rodata             const    0x08046230      0xc  para.o [1]
  .rodata             const    0x0804623c      0xc  para.o [1]
  .rodata             const    0x08046248      0xc  para.o [1]
  .rodata             const    0x08046254      0xc  para.o [1]
  .rodata             const    0x08046260      0xc  para.o [1]
  .text               ro code  0x0804626c      0xc  cstartup_M.o [5]
  .rodata             const    0x08046278      0x8  apptask.o [1]
  .rodata             const    0x08046280      0x8  apptask.o [1]
  .rodata             const    0x08046288      0x8  apptask.o [1]
  .rodata             const    0x08046290      0x8  apptask.o [1]
  .rodata             const    0x08046298      0x8  apptask.o [1]
  .rodata             const    0x080462a0      0x8  apptask.o [1]
  .rodata             const    0x080462a8      0x8  apptask.o [1]
  .rodata             const    0x080462b0      0x8  apptask.o [1]
  .rodata             const    0x080462b8      0x8  apptask.o [1]
  .rodata             const    0x080462c0      0x8  apptask.o [1]
  .rodata             const    0x080462c8      0x8  apptask.o [1]
  .rodata             const    0x080462d0      0x8  apptask.o [1]
  .rodata             const    0x080462d8      0x8  apptask.o [1]
  .rodata             const    0x080462e0      0x8  apptask.o [1]
  .rodata             const    0x080462e8      0x8  bsp_sdwe050c17.o [1]
  .rodata             const    0x080462f0      0x8  bsp_w25qxx.o [1]
  .rodata             const    0x080462f8      0x8  ff.o [1]
  .rodata             const    0x08046300      0x8  malloc.o [1]
  .rodata             const    0x08046308      0x8  malloc.o [1]
  .rodata             const    0x08046310      0x8  malloc.o [1]
  .rodata             const    0x08046318      0x8  para.o [1]
  .rodata             const    0x08046320      0x8  para.o [1]
  .rodata             const    0x08046328      0x8  para.o [1]
  .rodata             const    0x08046330      0x8  para.o [1]
  .rodata             const    0x08046338      0x8  para.o [1]
  .rodata             const    0x08046340      0x8  para.o [1]
  .rodata             const    0x08046348      0x8  para.o [1]
  .rodata             const    0x08046350      0x8  para.o [1]
  .rodata             const    0x08046358      0x8  para.o [1]
  .rodata             const    0x08046360      0x8  para.o [1]
  .rodata             const    0x08046368      0x8  para.o [1]
  .rodata             const    0x08046370      0x8  para.o [1]
  .rodata             const    0x08046378      0x8  para.o [1]
  .rodata             const    0x08046380      0x8  para.o [1]
  .rodata             const    0x08046388      0x8  para.o [1]
  .rodata             const    0x08046390      0x8  para.o [1]
  .rodata             const    0x08046398      0x8  para.o [1]
  .rodata             const    0x080463a0      0x8  para.o [1]
  .rodata             const    0x080463a8      0x8  para.o [1]
  .rodata             const    0x080463b0      0x8  para.o [1]
  .rodata             const    0x080463b8      0x8  para.o [1]
  .rodata             const    0x080463c0      0x8  tasks.o [1]
  .rodata             const    0x080463c8      0x8  timers.o [1]
  .rodata             const    0x080463d0      0x4  heap_4.o [1]
  .rodata             const    0x080463d4      0x4  port.o [1]
  .text               ro code  0x080463d8      0x4  startup_stm32f40_41xxx.o [1]
  .text               ro code  0x080463dc      0x4  startup_stm32f40_41xxx.o [1]
  .text               ro code  0x080463e0      0x4  startup_stm32f40_41xxx.o [1]
  .text               ro code  0x080463e4      0x4  startup_stm32f40_41xxx.o [1]
  .text               ro code  0x080463e8      0x4  startup_stm32f40_41xxx.o [1]
  .text               ro code  0x080463ec      0x4  startup_stm32f40_41xxx.o [1]
  .text               ro code  0x080463f0      0x4  startup_stm32f40_41xxx.o [1]
  .text               ro code  0x080463f4      0x4  startup_stm32f40_41xxx.o [1]
  .text               ro code  0x080463f8      0x4  startup_stm32f40_41xxx.o [1]
  .text               ro code  0x080463fc      0x4  startup_stm32f40_41xxx.o [1]
  .text               ro code  0x08046400      0x4  startup_stm32f40_41xxx.o [1]
  .text               ro code  0x08046404      0x4  startup_stm32f40_41xxx.o [1]
  .text               ro code  0x08046408      0x4  startup_stm32f40_41xxx.o [1]
  .text               ro code  0x0804640c      0x4  startup_stm32f40_41xxx.o [1]
  .text               ro code  0x08046410      0x4  startup_stm32f40_41xxx.o [1]
  .text               ro code  0x08046414      0x4  startup_stm32f40_41xxx.o [1]
  .text               ro code  0x08046418      0x4  startup_stm32f40_41xxx.o [1]
  .text               ro code  0x0804641c      0x4  startup_stm32f40_41xxx.o [1]
  .text               ro code  0x08046420      0x4  startup_stm32f40_41xxx.o [1]
  .text               ro code  0x08046424      0x4  startup_stm32f40_41xxx.o [1]
  .text               ro code  0x08046428      0x4  startup_stm32f40_41xxx.o [1]
  .text               ro code  0x0804642c      0x4  startup_stm32f40_41xxx.o [1]
  .text               ro code  0x08046430      0x4  startup_stm32f40_41xxx.o [1]
  .text               ro code  0x08046434      0x4  startup_stm32f40_41xxx.o [1]
  .text               ro code  0x08046438      0x4  startup_stm32f40_41xxx.o [1]
  .text               ro code  0x0804643c      0x4  startup_stm32f40_41xxx.o [1]
  .text               ro code  0x08046440      0x4  startup_stm32f40_41xxx.o [1]
  .text               ro code  0x08046444      0x4  startup_stm32f40_41xxx.o [1]
  .text               ro code  0x08046448      0x4  startup_stm32f40_41xxx.o [1]
  .text               ro code  0x0804644c      0x4  startup_stm32f40_41xxx.o [1]
  .text               ro code  0x08046450      0x4  startup_stm32f40_41xxx.o [1]
  .text               ro code  0x08046454      0x4  startup_stm32f40_41xxx.o [1]
  .text               ro code  0x08046458      0x4  startup_stm32f40_41xxx.o [1]
  .text               ro code  0x0804645c      0x4  startup_stm32f40_41xxx.o [1]
  .text               ro code  0x08046460      0x4  startup_stm32f40_41xxx.o [1]
  .text               ro code  0x08046464      0x4  startup_stm32f40_41xxx.o [1]
  .text               ro code  0x08046468      0x4  startup_stm32f40_41xxx.o [1]
  .text               ro code  0x0804646c      0x4  startup_stm32f40_41xxx.o [1]
  .text               ro code  0x08046470      0x4  startup_stm32f40_41xxx.o [1]
  .text               ro code  0x08046474      0x4  startup_stm32f40_41xxx.o [1]
  .text               ro code  0x08046478      0x4  startup_stm32f40_41xxx.o [1]
  .text               ro code  0x0804647c      0x4  startup_stm32f40_41xxx.o [1]
  .text               ro code  0x08046480      0x4  startup_stm32f40_41xxx.o [1]
  .text               ro code  0x08046484      0x4  startup_stm32f40_41xxx.o [1]
  .text               ro code  0x08046488      0x4  startup_stm32f40_41xxx.o [1]
  .text               ro code  0x0804648c      0x4  startup_stm32f40_41xxx.o [1]
  .text               ro code  0x08046490      0x4  startup_stm32f40_41xxx.o [1]
  .text               ro code  0x08046494      0x4  startup_stm32f40_41xxx.o [1]
  .text               ro code  0x08046498      0x4  startup_stm32f40_41xxx.o [1]
  .text               ro code  0x0804649c      0x4  startup_stm32f40_41xxx.o [1]
  .text               ro code  0x080464a0      0x4  startup_stm32f40_41xxx.o [1]
  .text               ro code  0x080464a4      0x4  startup_stm32f40_41xxx.o [1]
  .text               ro code  0x080464a8      0x4  startup_stm32f40_41xxx.o [1]
  .text               ro code  0x080464ac      0x4  startup_stm32f40_41xxx.o [1]
  .text               ro code  0x080464b0      0x4  startup_stm32f40_41xxx.o [1]
  .text               ro code  0x080464b4      0x4  startup_stm32f40_41xxx.o [1]
  .text               ro code  0x080464b8      0x4  startup_stm32f40_41xxx.o [1]
  .text               ro code  0x080464bc      0x4  startup_stm32f40_41xxx.o [1]
  .text               ro code  0x080464c0      0x4  startup_stm32f40_41xxx.o [1]
  .text               ro code  0x080464c4      0x4  startup_stm32f40_41xxx.o [1]
  .text               ro code  0x080464c8      0x4  startup_stm32f40_41xxx.o [1]
  .text               ro code  0x080464cc      0x4  startup_stm32f40_41xxx.o [1]
  .text               ro code  0x080464d0      0x4  startup_stm32f40_41xxx.o [1]
  .text               ro code  0x080464d4      0x4  startup_stm32f40_41xxx.o [1]
  .text               ro code  0x080464d8      0x4  startup_stm32f40_41xxx.o [1]
  .text               ro code  0x080464dc      0x4  startup_stm32f40_41xxx.o [1]
  .text               ro code  0x080464e0      0x4  startup_stm32f40_41xxx.o [1]
  .text               ro code  0x080464e4      0x4  startup_stm32f40_41xxx.o [1]
  .rodata             const    0x080464e8      0x0  zero_init3.o [5]
  .rodata             const    0x080464e8      0x0  packbits_init.o [5]
  Initializer bytes   const    0x080464e8    0x125  <for P2 s0>
                             - 0x0804660d  0x46485

"P2":                                      0x1f858
  P2 s0                        0x20000000    0x246  <Init block>
    __DLIB_PERTHREAD  inited   0x20000000     0x88  localeconv.o [3]
    __DLIB_PERTHREAD  inited   0x20000088     0x74  setlocale.o [3]
    .data             inited   0x200000fc     0x50  demo_fatfs.o [1]
    .data             inited   0x2000014c     0x48  usbh_usr.o [1]
    .data             inited   0x20000194     0x40  xfiles.o [3]
    .data             inited   0x200001d4     0x1c  malloc.o [1]
    .data             inited   0x200001f0     0x14  bsp_servomotor.o [1]
    .data             inited   0x20000204     0x10  stm32f4xx_rcc.o [1]
    .data             inited   0x20000214     0x10  usbh_msc_core.o [1]
    .data             inited   0x20000224      0xc  usbh_core.o [1]
    .data             inited   0x20000230      0x4  port.o [1]
    .data             inited   0x20000234      0x4  system_stm32f4xx.o [1]
    .data             inited   0x20000238      0x4  usbh_core.o [1]
    __DLIB_PERTHREAD  inited   0x2000023c      0x4  errno.o [3]
    .data             inited   0x20000240      0x2  bsp_w25qxx.o [1]
    .data             inited   0x20000242      0x1  apptask.o [1]
    .data             inited   0x20000243      0x1  encoder_tim.o [1]
    .data             inited   0x20000244      0x1  page_weimi.o [1]
    .data             inited   0x20000245      0x1  usbh_msc_scsi.o [1]
  .bss                zero     0x20000248  0x11800  heap_4.o [1]
  .bss                zero     0x20011a48   0xa000  malloc.o [1]
  .bss                zero     0x2001ba48   0x1000  bsp_w25qxx.o [1]
  .bss                zero     0x2001ca48    0xa00  malloc.o [1]
  .bss                zero     0x2001d448    0x5ac  usbh_usr.o [1]
  .bss                zero     0x2001d9f4    0x5ac  usbh_usr.o [1]
  .bss                zero     0x2001dfa0    0x200  ff.o [1]
  .bss                zero     0x2001e1a0    0x200  usbh_msc_scsi.o [1]
  .bss                zero     0x2001e3a0    0x200  usbh_stdreq.o [1]
  .bss                zero     0x2001e5a0    0x12c  page_weimi.o [1]
  .bss                zero     0x2001e6cc     0xf0  tasks.o [1]
  .bss                zero     0x2001e7bc     0xd4  protocol.o [1]
  .bss                zero     0x2001e890     0xa4  protocol.o [1]
  .bss                zero     0x2001e934     0x98  para.o [1]
  .bss                zero     0x2001e9cc     0x94  usbh_usr.o [1]
  .bss                zero     0x2001ea60     0x64  bsp_uart_fifo.o [1]
  .bss                zero     0x2001eac4     0x64  bsp_uart_fifo.o [1]
  .bss                zero     0x2001eb28     0x58  bsp_sdio_sd.o [1]
  .bss                zero     0x2001eb80     0x58  protocol.o [1]
  .bss                zero     0x2001ebd8     0x50  xfiles.o [3]
  .bss                zero     0x2001ec28     0x4c  usbh_msc_core.o [1]
  .bss                zero     0x2001ec74     0x34  bsp_sdwe050c17.o [1]
  .bss                zero     0x2001eca8     0x34  product_cal.o [1]
  .bss                zero     0x2001ecdc     0x28  bsp_uart_fifo.o [1]
  .bss                zero     0x2001ed04     0x28  product_cal.o [1]
  .bss                zero     0x2001ed2c     0x24  ff.o [1]
  .bss                zero     0x2001ed50     0x20  usbh_msc_bot.o [1]
  .bss                zero     0x2001ed70     0x18  bsp_sdio_sd.o [1]
  .bss                zero     0x2001ed88     0x18  bsp_sdio_sd.o [1]
  .bss                zero     0x2001eda0     0x18  page_weimi.o [1]
  .bss                zero     0x2001edb8     0x14  bsp_sdio_sd.o [1]
  .bss                zero     0x2001edcc     0x14  rc522.o [1]
  .bss                zero     0x2001ede0     0x14  tasks.o [1]
  .bss                zero     0x2001edf4     0x14  tasks.o [1]
  .bss                zero     0x2001ee08     0x14  tasks.o [1]
  .bss                zero     0x2001ee1c     0x14  tasks.o [1]
  .bss                zero     0x2001ee30     0x14  tasks.o [1]
  .bss                zero     0x2001ee44     0x14  timers.o [1]
  .bss                zero     0x2001ee58     0x14  timers.o [1]
  .bss                zero     0x2001ee6c     0x10  bsp_sdio_sd.o [1]
  .bss                zero     0x2001ee7c     0x10  bsp_sdio_sd.o [1]
  .bss                zero     0x2001ee8c     0x10  encoder_tim.o [1]
  .bss                zero     0x2001ee9c     0x10  usbh_msc_bot.o [1]
  .bss                zero     0x2001eeac     0x10  usbh_msc_bot.o [1]
  .bss                zero     0x2001eebc     0x10  usbh_msc_scsi.o [1]
  .bss                zero     0x2001eecc      0xc  apptask.o [1]
  .bss                zero     0x2001eed8      0xc  apptask.o [1]
  .bss                zero     0x2001eee4      0xc  ff.o [1]
  .bss                zero     0x2001eef0      0xc  protocol.o [1]
  .bss                zero     0x2001eefc      0xc  protocol.o [1]
  .bss                zero     0x2001ef08      0xc  protocol.o [1]
  .bss                zero     0x2001ef14      0x8  heap_4.o [1]
  .bss                zero     0x2001ef1c      0x8  modbus.o [1]
  .bss                zero     0x2001ef24      0x8  protocol.o [1]
  .bss                zero     0x2001ef2c      0x4  apptask.o [1]
  .bss                zero     0x2001ef30      0x4  apptask.o [1]
  .bss                zero     0x2001ef34      0x4  apptask.o [1]
  .bss                zero     0x2001ef38      0x4  apptask.o [1]
  .bss                zero     0x2001ef3c      0x4  apptask.o [1]
  .bss                zero     0x2001ef40      0x4  apptask.o [1]
  .bss                zero     0x2001ef44      0x4  apptask.o [1]
  .bss                zero     0x2001ef48      0x4  apptask.o [1]
  .bss                zero     0x2001ef4c      0x4  apptask.o [1]
  .bss                zero     0x2001ef50      0x4  apptask.o [1]
  .bss                zero     0x2001ef54      0x4  apptask.o [1]
  .bss                zero     0x2001ef58      0x4  apptask.o [1]
  .bss                zero     0x2001ef5c      0x4  apptask.o [1]
  .bss                zero     0x2001ef60      0x4  apptask.o [1]
  .bss                zero     0x2001ef64      0x4  apptask.o [1]
  .bss                zero     0x2001ef68      0x4  apptask.o [1]
  .bss                zero     0x2001ef6c      0x4  apptask.o [1]
  .bss                zero     0x2001ef70      0x4  apptask.o [1]
  .bss                zero     0x2001ef74      0x4  apptask.o [1]
  .bss                zero     0x2001ef78      0x4  bsp_sdio_sd.o [1]
  .bss                zero     0x2001ef7c      0x4  bsp_sdio_sd.o [1]
  .bss                zero     0x2001ef80      0x4  bsp_sdio_sd.o [1]
  .bss                zero     0x2001ef84      0x4  bsp_sdio_sd.o [1]
  .bss                zero     0x2001ef88      0x4  bsp_sdio_sd.o [1]
  .bss                zero     0x2001ef8c      0x4  bsp_timer.o [1]
  .bss                zero     0x2001ef90      0x4  bsp_timer.o [1]
  .bss                zero     0x2001ef94      0x4  bsp_timer.o [1]
  .bss                zero     0x2001ef98      0x4  bsp_timer.o [1]
  .bss                zero     0x2001ef9c      0x4  heap_4.o [1]
  .bss                zero     0x2001efa0      0x4  heap_4.o [1]
  .bss                zero     0x2001efa4      0x4  heap_4.o [1]
  .bss                zero     0x2001efa8      0x4  heap_4.o [1]
  .bss                zero     0x2001efac      0x4  port.o [1]
  .bss                zero     0x2001efb0      0x4  product_cal.o [1]
  .bss                zero     0x2001efb4      0x4  product_cal.o [1]
  .bss                zero     0x2001efb8      0x4  SysInfoTest.o [1]
  .bss                zero     0x2001efbc      0x4  tasks.o [1]
  .bss                zero     0x2001efc0      0x4  tasks.o [1]
  .bss                zero     0x2001efc4      0x4  tasks.o [1]
  .bss                zero     0x2001efc8      0x4  tasks.o [1]
  .bss                zero     0x2001efcc      0x4  tasks.o [1]
  .bss                zero     0x2001efd0      0x4  tasks.o [1]
  .bss                zero     0x2001efd4      0x4  tasks.o [1]
  .bss                zero     0x2001efd8      0x4  tasks.o [1]
  .bss                zero     0x2001efdc      0x4  tasks.o [1]
  .bss                zero     0x2001efe0      0x4  tasks.o [1]
  .bss                zero     0x2001efe4      0x4  tasks.o [1]
  .bss                zero     0x2001efe8      0x4  tasks.o [1]
  .bss                zero     0x2001efec      0x4  tasks.o [1]
  .bss                zero     0x2001eff0      0x4  tasks.o [1]
  .bss                zero     0x2001eff4      0x4  tasks.o [1]
  .bss                zero     0x2001eff8      0x4  tasks.o [1]
  .bss                zero     0x2001effc      0x4  timers.o [1]
  .bss                zero     0x2001f000      0x4  timers.o [1]
  .bss                zero     0x2001f004      0x4  timers.o [1]
  .bss                zero     0x2001f008      0x4  timers.o [1]
  .bss                zero     0x2001f00c      0x4  usbh_msc_bot.o [1]
  .bss                zero     0x2001f010      0x4  usbh_msc_bot.o [1]
  .bss                zero     0x2001f014      0x4  usbh_msc_bot.o [1]
  .bss                zero     0x2001f018      0x4  usbh_msc_bot.o [1]
  .bss                zero     0x2001f01c      0x2  apptask.o [1]
  .bss                zero     0x2001f01e      0x2  apptask.o [1]
  .bss                zero     0x2001f020      0x2  apptask.o [1]
  .bss                zero     0x2001f022      0x2  apptask.o [1]
  .bss                zero     0x2001f024      0x2  bsp_sdwe050c17.o [1]
  .bss                zero     0x2001f026      0x2  encoder_tim.o [1]
  .bss                zero     0x2001f028      0x2  encoder_tim.o [1]
  .bss                zero     0x2001f02a      0x2  ff.o [1]
  .bss                zero     0x2001f02c      0x2  page_weimi.o [1]
  .bss                zero     0x2001f02e      0x2  page_weimi.o [1]
  .bss                zero     0x2001f030      0x2  product_cal.o [1]
  .bss                zero     0x2001f032      0x2  usbh_core.o [1]
  .bss                zero     0x2001f034      0x2  usbh_stdreq.o [1]
  .bss                zero     0x2001f036      0x1  apptask.o [1]
  .bss                zero     0x2001f037      0x1  apptask.o [1]
  .bss                zero     0x2001f038      0x1  apptask.o [1]
  .bss                zero     0x2001f039      0x1  apptask.o [1]
  .bss                zero     0x2001f03a      0x1  apptask.o [1]
  .bss                zero     0x2001f03b      0x1  apptask.o [1]
  .bss                zero     0x2001f03c      0x1  apptask.o [1]
  .bss                zero     0x2001f03d      0x1  apptask.o [1]
  .bss                zero     0x2001f03e      0x1  apptask.o [1]
  .bss                zero     0x2001f03f      0x1  apptask.o [1]
  .bss                zero     0x2001f040      0x1  apptask.o [1]
  .bss                zero     0x2001f041      0x1  apptask.o [1]
  .bss                zero     0x2001f042      0x1  bsp_sdio_sd.o [1]
  .bss                zero     0x2001f043      0x1  bsp_sdwe050c17.o [1]
  .bss                zero     0x2001f044      0x1  bsp_uart_fifo.o [1]
  .bss                zero     0x2001f045      0x1  page_weimi.o [1]
  .bss                zero     0x2001f046      0x1  page_weimi.o [1]
  .bss                zero     0x2001f047      0x1  page_weimi.o [1]
  .bss                zero     0x2001f048      0x1  page_weimi.o [1]
  .bss                zero     0x2001f049      0x1  port.o [1]
  .bss                zero     0x2001f04a      0x1  product_cal.o [1]
  .bss                zero     0x2001f04b      0x1  product_cal.o [1]
  .bss                zero     0x2001f04c      0x1  product_cal.o [1]
  .bss                zero     0x2001f04d      0x1  protocol.o [1]
  .bss                zero     0x2001f04e      0x1  rc522.o [1]
  .bss                zero     0x2001f04f      0x1  rc522.o [1]
  .bss                zero     0x2001f050      0x1  usbh_msc_bot.o [1]
  .bss                zero     0x2001f051      0x1  usbh_msc_core.o [1]
  .bss                zero     0x2001f052      0x1  usbh_msc_core.o [1]
  .bss                zero     0x2001f053      0x1  usbh_stdreq.o [1]
  .bss                zero     0x2001f054      0x1  usbh_usr.o [1]
  CSTACK                       0x2001f058    0x800  <Block>
    CSTACK            uninit   0x2001f058    0x800  <Block tail>
                             - 0x2001f858  0x1f858

Absolute sections:                         0xff000
  .bss                zero     0x68000000  0xf0000  malloc.o [1]
  .bss                zero     0x680f0000   0xf000  malloc.o [1]
                             - 0x680ff000  0xff000


*******************************************************************************
*** INIT TABLE
***

          Address     Size
          -------     ----
Zero (__iar_zero_init3)
    2 destination ranges, total size 0x11de0d:
          0x20000248  0x1ee0d
          0x68000000  0xff000

Copy/packbits (__iar_packbits_init3)
    1 source range, total size 0x125 (50% of destination):
          0x080464e8    0x125
    1 destination range, total size 0x246:
          0x20000000    0x246



*******************************************************************************
*** MODULE SUMMARY
***

    Module                    ro code  ro data  rw data    rw data
                                                            (abs)
    ------                    -------  -------  -------    -------
E:\WORK\YarnControl_Driver\YarnControl_Driver\src\stm32f4_rtos\Project\EWARMv7\Flash\Obj: [1]
    SysInfoTest.o                  60                 4
    apptask.o                  22 836    2 945      121
    bsp.o                          72
    bsp_closeSW.o                 212
    bsp_dwt.o                     116
    bsp_led.o                     192
    bsp_relay.o                    68
    bsp_sdio_sd.o               6 744               209
    bsp_sdwe050c17.o            5 836       36       55
    bsp_servomotor.o            1 164       10       20
    bsp_spi.o                     292
    bsp_stepmotor.o               804
    bsp_sw_onoff.o                104
    bsp_tim_pwm.o                 736
    bsp_timer.o                   516                16
    bsp_uart_fifo.o             2 544               241
    bsp_w25qxx.o                  896        9    4 098
    bsp_watchdog.o                  8
    cc936.o                       244  176 320
    demo_fatfs.o                           733       80
    diskio.o                      740
    encoder_tim.o                 604                21
    event_groups.o                610
    ff.o                        9 368       36      562
    heap_4.o                      640        4   71 704
    list.o                        152
    main.o                         52       32
    malloc.o                      540       38   43 548  1 044 480
    mcheck.o                      184      768
    misc.o                        136
    modbus.o                      852                 8
    page_weimi.o                  584        1      333
    para.o                      5 130      284      152
    port.o                        588        6        9
    portasm.o                     168
    product_cal.o               1 316      400      105
    protocol.o                     68               509
    queue.o                     1 992
    rc522.o                       174                22
    startup_stm32f40_41xxx.o      680
    stm32f4xx_dma.o               796
    stm32f4xx_exti.o              192
    stm32f4xx_gpio.o              300
    stm32f4xx_it.o                 56       44
    stm32f4xx_iwdg.o               16
    stm32f4xx_rcc.o               488        8       16
    stm32f4xx_sdio.o              380
    stm32f4xx_spi.o               116
    stm32f4xx_syscfg.o             84
    stm32f4xx_tim.o             1 764
    stm32f4xx_usart.o             596
    system_stm32f4xx.o            340        2        4
    tasks.o                     3 072        8      404
    timers.o                    1 188        8       56
    usb_bsp.o                     332
    usb_core.o                  2 640
    usb_hcd.o                     214
    usb_hcd_int.o               3 198
    usbh_core.o                 1 888        8       18
    usbh_hcs.o                    442
    usbh_ioreq.o                  582
    usbh_it.o                      16
    usbh_msc_bot.o              1 364                81
    usbh_msc_core.o             1 000        8       94
    usbh_msc_scsi.o             1 560        1      529
    usbh_stdreq.o               1 078               515
    usbh_usr.o                    418      592    3 125
    --------------------------------------------------------------
    Total:                     92 142  182 301  126 659  1 044 480

command line: [2]
    --------------------------------------------------------------
    Total:

dl7M_tlf.a: [3]
    abort.o                         6
    div.o                          14
    errno.o                        12        2        4
    exit.o                          4
    isxxx.o                        40
    localeconv.o                  108       68      136
    printf.o                       36
    putchar.o                      12
    setlocale.o                    24       58      116
    sprintf.o                      52
    sscanf.o                       36
    strcat.o                       28
    strstr.o                       44
    tolower.o                      20
    xfiles.o                                32      144
    xlocale_c.o                    54
    xprintffull_nomb.o          3 478
    xprout.o                       22
    xscanffull_nomb.o           2 916
    xsprout.o                      10
    xsscin.o                       30
    xstoflt.o                     440
    xstoll.o                      164
    xstopfx.o                     292
    xstoull.o                     432
    xstoxflt.o                    536
    xtls.o                          2
    --------------------------------------------------------------
    Total:                      8 812      160      400

m7M_tls.a: [4]
    DblAdd.o                      232
    DblCmpEq.o                     32
    DblCmpGe.o                     46
    DblCmpLe.o                     46
    DblDiv.o                      598
    DblMul.o                      418
    DblSub.o                      384
    DblToFlt.o                    144
    DblToI32.o                     88
    FltToDbl.o                     78
    I32ToDbl.o                     48
    fpinit_M.o                     34
    xdnorm.o                       66
    xdscale.o                     276
    xdtento.o                     512
    xdunscal.o                     82
    xstold.o                      360
    --------------------------------------------------------------
    Total:                      3 444

rt7M_tl.a: [5]
    ABImemcpy_unaligned.o         118
    ABImemset.o                   102
    I64DivMod.o                   306
    I64DivZer.o                     2
    cexit.o                        10
    cmain.o                        26
    cstartup_M.o                   12
    data_init.o                    40
    memchr.o                       88
    memcmp_unaligned.o             98
    packbits_init.o               208
    strchr.o                       22
    strcmp_unaligned.o             66
    strcpy_unaligned.o             68
    strlen.o                       54
    zero_init3.o                   64
    --------------------------------------------------------------
    Total:                      1 284

shb_l.a: [6]
    exit.o                         20
    --------------------------------------------------------------
    Total:                         20

    Gaps                           48        6        2
    Linker created                          52    2 048
------------------------------------------------------------------
    Grand Total:              105 750  182 519  129 109  1 044 480


*******************************************************************************
*** ENTRY LIST
***

Entry                      Address     Size  Type      Object
-----                      -------     ----  ----      ------
.iar.init_table$$Base   0x080458b0            --   Gb  - Linker created -
.iar.init_table$$Limit  0x080458e4            --   Gb  - Linker created -
?main                   0x08045be9           Code  Gb  cmain.o [5]
APBAHBPrescTable        0x20000204     0x10  Data  Lc  stm32f4xx_rcc.o [1]
AppObjCreate            0x0802fdfd    0x162  Code  Gb  apptask.o [1]
AppTaskCreate           0x0802fc6f    0x16c  Code  Gb  apptask.o [1]
BOTStallErrorCount      0x2001f00c      0x4  Data  Lc  usbh_msc_bot.o [1]
BusFault_Handler        0x080454bf      0x2  Code  Gb  stm32f4xx_it.o [1]
CID_Tab                 0x2001ee7c     0x10  Data  Lc  bsp_sdio_sd.o [1]
CRC16HiTable            0x08044f60    0x100  Data  Gb  mcheck.o [1]
CRC16LoTable            0x08045060    0x100  Data  Gb  mcheck.o [1]
CRC8Table               0x08045160    0x100  Data  Gb  mcheck.o [1]
CSD_Tab                 0x2001ee6c     0x10  Data  Lc  bsp_sdio_sd.o [1]
CSTACK$$Base            0x2001f058            --   Gb  - Linker created -
CSTACK$$Limit           0x2001f858            --   Gb  - Linker created -
CardType                0x2001ef78      0x4  Data  Lc  bsp_sdio_sd.o [1]
CmdError                0x08040bb5     0x38  Code  Lc  bsp_sdio_sd.o [1]
CmdResp1Error           0x08040c59    0x112  Code  Lc  bsp_sdio_sd.o [1]
CmdResp2Error           0x08040da9     0x52  Code  Lc  bsp_sdio_sd.o [1]
CmdResp3Error           0x08040d6b     0x3e  Code  Lc  bsp_sdio_sd.o [1]
CmdResp6Error           0x08040dfb     0xa6  Code  Lc  bsp_sdio_sd.o [1]
CmdResp7Error           0x08040bed     0x58  Code  Lc  bsp_sdio_sd.o [1]
ConfigExitNVIC          0x08039013     0x22  Code  Gb  bsp_closeSW.o [1]
ConfigUartNVIC          0x0803aa2f     0x7c  Code  Lc  bsp_uart_fifo.o [1]
DIFF_G_init             0x08035869     0x78  Code  Gb  bsp_servomotor.o [1]
DMA1_Stream0_IRQHandler
                        0x08035bdd     0x1c  Code  Gb  bsp_servomotor.o [1]
DMA1_Stream3_IRQHandler
                        0x08035bf9     0x1c  Code  Gb  bsp_servomotor.o [1]
DMA2_Stream3_IRQHandler
                        0x0804149d      0x8  Code  Gb  bsp_sdio_sd.o [1]
DMAEndOfTransfer        0x2001ef88      0x4  Data  Gb  bsp_sdio_sd.o [1]
DMA_ClearFlag           0x0803cb57     0x24  Code  Gb  stm32f4xx_dma.o [1]
DMA_Cmd                 0x0803cb0d     0x1a  Code  Gb  stm32f4xx_dma.o [1]
DMA_DeInit              0x0803c975    0x140  Code  Gb  stm32f4xx_dma.o [1]
DMA_FlowControllerConfig
                        0x0803cb27     0x18  Code  Gb  stm32f4xx_dma.o [1]
DMA_GetCmdStatus        0x0803cb3f     0x18  Code  Gb  stm32f4xx_dma.o [1]
DMA_GetITStatus         0x0803cbbd     0x62  Code  Gb  stm32f4xx_dma.o [1]
DMA_ITConfig            0x0803cb7b     0x42  Code  Gb  stm32f4xx_dma.o [1]
DMA_Init                0x0803cab5     0x58  Code  Gb  stm32f4xx_dma.o [1]
DebugMon_Handler        0x080454c3      0x2  Code  Gb  stm32f4xx_it.o [1]
DiskFile_init           0x08038f55     0x40  Code  Gb  protocol.o [1]
Disk_File               0x2001e7bc     0xd4  Data  Gb  protocol.o [1]
ENC_Calc_Average_Speed  0x080396af      0xe  Code  Gb  encoder_tim.o [1]
ENC_Calc_Rot_Speed      0x080395d5     0xda  Code  Gb  encoder_tim.o [1]
ENC_Clear_Speed_Buffer  0x080395b9     0x1c  Code  Gb  encoder_tim.o [1]
ENC_Init                0x080394cd     0xec  Code  Gb  encoder_tim.o [1]
EXTI9_5_IRQHandler      0x08039035     0x3c  Code  Gb  bsp_closeSW.o [1]
EXTI_ClearITPendingBit  0x0803dd23      0x6  Code  Gb  stm32f4xx_exti.o [1]
EXTI_GetITStatus        0x0803dd09     0x1a  Code  Gb  stm32f4xx_exti.o [1]
EXTI_Init               0x0803dc81     0x88  Code  Gb  stm32f4xx_exti.o [1]
FR_Table                0x200000fc     0x50  Data  Gb  demo_fatfs.o [1]
FatFs                   0x2001eee4      0xc  Data  Lc  ff.o [1]
Files                   0x2001ed2c     0x24  Data  Lc  ff.o [1]
FindSCR                 0x08041049    0x206  Code  Lc  bsp_sdio_sd.o [1]
Fsid                    0x2001f02a      0x2  Data  Lc  ff.o [1]
GPIO_Init               0x0803907d     0xaa  Code  Gb  stm32f4xx_gpio.o [1]
GPIO_PinAFConfig        0x0803914f     0x5a  Code  Gb  stm32f4xx_gpio.o [1]
GPIO_ReadInputDataBit   0x08039127     0x1a  Code  Gb  stm32f4xx_gpio.o [1]
GPIO_WriteBit           0x08039141      0xe  Code  Gb  stm32f4xx_gpio.o [1]
GetDeviceState          0x08038f21     0x2e  Code  Gb  bsp_sw_onoff.o [1]
HCD_GetCurrentFrame     0x0803cef5      0x8  Code  Gb  usb_hcd.o [1]
HCD_GetCurrentSpeed     0x0803ced7     0x10  Code  Gb  usb_hcd.o [1]
HCD_GetURB_State        0x0803cefd      0xa  Code  Gb  usb_hcd.o [1]
HCD_GetXferCnt          0x0803cf07      0xc  Code  Gb  usb_hcd.o [1]
HCD_Init                0x0803ce65     0x72  Code  Gb  usb_hcd.o [1]
HCD_ResetPort           0x0803cee7      0xe  Code  Gb  usb_hcd.o [1]
HCD_SubmitRequest       0x0803cf13     0x28  Code  Gb  usb_hcd.o [1]
HardFault_Handler       0x0804548f     0x22  Code  Gb  stm32f4xx_it.o [1]
IWDG_Feed               0x08039e31      0x8  Code  Gb  bsp_watchdog.o [1]
IWDG_ReloadCounter      0x0803de75      0xa  Code  Gb  stm32f4xx_iwdg.o [1]
InStream_Read           0x08045261     0x22  Code  Lc  packbits_init.o [5]
InitHardUart            0x0803a66b    0x3c4  Code  Lc  bsp_uart_fifo.o [1]
Init_JINGSHA_GUI        0x08030bd3    0x122  Code  Gb  bsp_sdwe050c17.o [1]
JingSha_File            0x2001eb80     0x58  Data  Gb  protocol.o [1]
LfnBuf                  0x2001dfa0    0x200  Data  Lc  ff.o [1]
LfnOfs                  0x08045ff0     0x10  Data  Lc  ff.o [1]
LoadInt                 0x0803b89d     0x6e  Code  Lc  xprintffull_nomb.o [3]
MSCErrorCount           0x2001f051      0x1  Data  Gb  usbh_msc_core.o [1]
MSC_Machine             0x2001ec28     0x4c  Data  Gb  usbh_msc_core.o [1]
MSG_DEV_ATTACHED        0x08045d94     0x18  Data  Gb  usbh_usr.o [1]
MSG_DEV_DISCONNECTED    0x08045dac     0x18  Data  Gb  usbh_usr.o [1]
MSG_DEV_ENUMERATED      0x08045b94     0x1c  Data  Gb  usbh_usr.o [1]
MSG_DEV_ERROR           0x08045e9c     0x14  Data  Gb  usbh_usr.o [1]
MSG_DEV_FULLSPEED       0x08045a04     0x20  Data  Gb  usbh_usr.o [1]
MSG_DEV_HIGHSPEED       0x080459e4     0x20  Data  Gb  usbh_usr.o [1]
MSG_DEV_LOWSPEED        0x08045a24     0x20  Data  Gb  usbh_usr.o [1]
MSG_HID_CLASS           0x08045bb0     0x1c  Data  Gb  usbh_usr.o [1]
MSG_MSC_CLASS           0x08045868     0x24  Data  Gb  usbh_usr.o [1]
MSG_UNREC_ERROR         0x08045bcc     0x1c  Data  Gb  usbh_usr.o [1]
MemManage_Handler       0x080454bd      0x2  Code  Gb  stm32f4xx_it.o [1]
MotorProcess            0x2001eda0     0x18  Data  Gb  page_weimi.o [1]
MotorStepCount          0x08035505     0x62  Code  Gb  page_weimi.o [1]
NMI_Handler             0x0804548d      0x2  Code  Gb  stm32f4xx_it.o [1]
NVIC_Init               0x0803cc9b     0x6a  Code  Gb  misc.o [1]
NVIC_PriorityGroupConfig
                        0x0803cc91      0xa  Code  Gb  misc.o [1]
OTG_FS_IRQHandler       0x08046071     0x10  Code  Gb  usbh_it.o [1]
PendSV_Handler          0x0803de85           Code  Gb  portasm.o [1]
RCA                     0x2001ef7c      0x4  Data  Lc  bsp_sdio_sd.o [1]
RCC_AHB1PeriphClockCmd  0x0803a49f     0x22  Code  Gb  stm32f4xx_rcc.o [1]
RCC_AHB2PeriphClockCmd  0x0803a4c1     0x1e  Code  Gb  stm32f4xx_rcc.o [1]
RCC_APB1PeriphClockCmd  0x0803a4df     0x1e  Code  Gb  stm32f4xx_rcc.o [1]
RCC_APB1PeriphResetCmd  0x0803a51b     0x1e  Code  Gb  stm32f4xx_rcc.o [1]
RCC_APB2PeriphClockCmd  0x0803a4fd     0x1e  Code  Gb  stm32f4xx_rcc.o [1]
RCC_APB2PeriphResetCmd  0x0803a539     0x1e  Code  Gb  stm32f4xx_rcc.o [1]
RCC_GetClocksFreq       0x0803a39d    0x102  Code  Gb  stm32f4xx_rcc.o [1]
RS485_InitTXE           0x0803a635     0x36  Code  Gb  bsp_uart_fifo.o [1]
RS485_sendbuf           0x0803ae79     0x40  Code  Gb  bsp_uart_fifo.o [1]
Region$$Table$$Base     0x080458b0            --   Gb  - Linker created -
Region$$Table$$Limit    0x080458e4            --   Gb  - Linker created -
SDCardInfo              0x2001eb28     0x58  Data  Gb  bsp_sdio_sd.o [1]
SDEnWideBus             0x08040ead    0x198  Code  Lc  bsp_sdio_sd.o [1]
SDIO_ClearFlag          0x0804250d      0x6  Code  Gb  stm32f4xx_sdio.o [1]
SDIO_ClearITPendingBit  0x0804252d      0x6  Code  Gb  stm32f4xx_sdio.o [1]
SDIO_ClockCmd           0x0804243b      0x8  Code  Gb  stm32f4xx_sdio.o [1]
SDIO_CmdInitStructure   0x2001edb8     0x14  Data  Gb  bsp_sdio_sd.o [1]
SDIO_DMACmd             0x080424cd      0x8  Code  Gb  stm32f4xx_sdio.o [1]
SDIO_DataConfig         0x08042499     0x2e  Code  Gb  stm32f4xx_sdio.o [1]
SDIO_DataInitStructure  0x2001ed88     0x18  Data  Gb  bsp_sdio_sd.o [1]
SDIO_DeInit             0x080423f9     0x18  Code  Gb  stm32f4xx_sdio.o [1]
SDIO_GetCommandResponse
                        0x0804247b      0x8  Code  Gb  stm32f4xx_sdio.o [1]
SDIO_GetFlagStatus      0x080424f3     0x1a  Code  Gb  stm32f4xx_sdio.o [1]
SDIO_GetITStatus        0x08042513     0x1a  Code  Gb  stm32f4xx_sdio.o [1]
SDIO_GetPowerState      0x08042449      0xa  Code  Gb  stm32f4xx_sdio.o [1]
SDIO_GetResponse        0x08042483     0x16  Code  Gb  stm32f4xx_sdio.o [1]
SDIO_IRQHandler         0x08041495      0x8  Code  Gb  bsp_sdio_sd.o [1]
SDIO_ITConfig           0x080424d5     0x1e  Code  Gb  stm32f4xx_sdio.o [1]
SDIO_Init               0x08042411     0x2a  Code  Gb  stm32f4xx_sdio.o [1]
SDIO_InitStructure      0x2001ed70     0x18  Data  Gb  bsp_sdio_sd.o [1]
SDIO_Interrupts_Config  0x08041459     0x3c  Code  Gb  bsp_sdio_sd.o [1]
SDIO_ReadData           0x080424c7      0x6  Code  Gb  stm32f4xx_sdio.o [1]
SDIO_SendCommand        0x08042453     0x28  Code  Gb  stm32f4xx_sdio.o [1]
SDIO_SetPowerState      0x08042443      0x6  Code  Gb  stm32f4xx_sdio.o [1]
SDWE_WARNNING           0x08030e65     0x2a  Code  Gb  bsp_sdwe050c17.o [1]
SD_Detect               0x0803fb51     0x22  Code  Gb  bsp_sdio_sd.o [1]
SD_EnableWideBusOperation
                        0x0804034d     0xc8  Code  Gb  bsp_sdio_sd.o [1]
SD_GetCardInfo          0x0803ff61    0x3ec  Code  Gb  bsp_sdio_sd.o [1]
SD_GetState             0x0803fb27     0x2a  Code  Gb  bsp_sdio_sd.o [1]
SD_GetStatus            0x0803fb05     0x22  Code  Gb  bsp_sdio_sd.o [1]
SD_Init                 0x0803fa4d     0xb8  Code  Gb  bsp_sdio_sd.o [1]
SD_InitializeCards      0x0803fdbf    0x1a2  Code  Gb  bsp_sdio_sd.o [1]
SD_LowLevel_DMA_RxConfig
                        0x080413a3     0x8e  Code  Gb  bsp_sdio_sd.o [1]
SD_LowLevel_DMA_TxConfig
                        0x08041315     0x8e  Code  Gb  bsp_sdio_sd.o [1]
SD_LowLevel_Init        0x08041251     0xbc  Code  Gb  bsp_sdio_sd.o [1]
SD_PowerON              0x0803fb73    0x24c  Code  Gb  bsp_sdio_sd.o [1]
SD_ProcessDMAIRQ        0x08040b91     0x22  Code  Gb  bsp_sdio_sd.o [1]
SD_ProcessIRQSrc        0x08040ae3     0xae  Code  Gb  bsp_sdio_sd.o [1]
SD_ReadBlock            0x0804044d    0x108  Code  Gb  bsp_sdio_sd.o [1]
SD_ReadMultiBlocks      0x08040555    0x134  Code  Gb  bsp_sdio_sd.o [1]
SD_SelectDeselect       0x08040415     0x38  Code  Gb  bsp_sdio_sd.o [1]
SD_SendStatus           0x08040a75     0x6e  Code  Gb  bsp_sdio_sd.o [1]
SD_StopTransfer         0x08040a2d     0x44  Code  Gb  bsp_sdio_sd.o [1]
SD_WaitReadOperation    0x0804068d     0x96  Code  Gb  bsp_sdio_sd.o [1]
SD_WriteBlock           0x0804072d    0x11e  Code  Gb  bsp_sdio_sd.o [1]
SD_WriteMultiBlocks     0x08040859    0x1cc  Code  Gb  bsp_sdio_sd.o [1]
SPI1_Init               0x0803b1ed     0xc0  Code  Gb  bsp_spi.o [1]
SPI1_ReadWriteByte      0x0803b2d5     0x32  Code  Gb  bsp_spi.o [1]
SPI1_SetSpeed           0x0803b2ad     0x28  Code  Gb  bsp_spi.o [1]
SPI_Cmd                 0x0803e1c1     0x1c  Code  Gb  stm32f4xx_spi.o [1]
SPI_I2S_GetFlagStatus   0x0803e1dd     0x18  Code  Gb  stm32f4xx_spi.o [1]
SPI_Init                0x0803e181     0x40  Code  Gb  stm32f4xx_spi.o [1]
SRC_Buffer              0x200001f0     0x14  Data  Gb  bsp_servomotor.o [1]
SVC_Handler             0x0803dedd           Code  Gb  portasm.o [1]
SYSCFG_EXTILineConfig   0x0803dc2d     0x50  Code  Gb  stm32f4xx_syscfg.o [1]
Sdwe_ClearReadDisk      0x08030f3b     0x20  Code  Gb  bsp_sdwe050c17.o [1]
Sdwe_change_class_time  0x08031613     0x30  Code  Gb  bsp_sdwe050c17.o [1]
Sdwe_clearString        0x08030e8f     0x54  Code  Gb  bsp_sdwe050c17.o [1]
Sdwe_clear_filename     0x08030f8b     0x60  Code  Gb  bsp_sdwe050c17.o [1]
Sdwe_disDigi            0x08030d3f     0xa4  Code  Gb  bsp_sdwe050c17.o [1]
Sdwe_disPicture         0x08030cf5     0x4a  Code  Gb  bsp_sdwe050c17.o [1]
Sdwe_disString          0x08030de3     0x82  Code  Gb  bsp_sdwe050c17.o [1]
Sdwe_hidden_page        0x080316ab     0x30  Code  Gb  bsp_sdwe050c17.o [1]
Sdwe_peiliao_page       0x08031455    0x192  Code  Gb  bsp_sdwe050c17.o [1]
Sdwe_period_page        0x08031643     0x68  Code  Gb  bsp_sdwe050c17.o [1]
Sdwe_product_page       0x08031227    0x226  Code  Gb  bsp_sdwe050c17.o [1]
Sdwe_ratio_display      0x080315f1     0x22  Code  Gb  bsp_sdwe050c17.o [1]
Sdwe_readRTC            0x08030f5b     0x30  Code  Gb  bsp_sdwe050c17.o [1]
Sdwe_refresh_allname    0x080311df     0x48  Code  Gb  bsp_sdwe050c17.o [1]
Sdwe_refresh_filename   0x08030feb    0x1f4  Code  Gb  bsp_sdwe050c17.o [1]
Sdwe_stop_page          0x080316db    0x380  Code  Gb  bsp_sdwe050c17.o [1]
Sdwe_writeIcon          0x08030ee3     0x58  Code  Gb  bsp_sdwe050c17.o [1]
ServoMotorRunning       0x08035bbb     0x22  Code  Gb  bsp_servomotor.o [1]
SetSysClock             0x08044e5f     0xce  Code  Lc  system_stm32f4xx.o [1]
SlavePara               0x2001e890     0xa4  Data  Gb  protocol.o [1]
StepMotor_adjust_speed  0x080393e9     0x4e  Code  Gb  bsp_stepmotor.o [1]
StepMotor_start         0x08039473     0x3c  Code  Gb  bsp_stepmotor.o [1]
StepMotor_stop          0x08039437     0x3c  Code  Gb  bsp_stepmotor.o [1]
StopCondition           0x2001ef80      0x4  Data  Gb  bsp_sdio_sd.o [1]
SysTick_Handler         0x08039fbf     0x2c  Code  Gb  port.o [1]
SystemCoreClock         0x20000234      0x4  Data  Gb  system_stm32f4xx.o [1]
SystemInit              0x08044e0d     0x52  Code  Gb  system_stm32f4xx.o [1]
TI1_Config              0x0803c879     0x38  Code  Lc  stm32f4xx_tim.o [1]
TI2_Config              0x0803c8b1     0x42  Code  Lc  stm32f4xx_tim.o [1]
TI3_Config              0x0803c8f3     0x40  Code  Lc  stm32f4xx_tim.o [1]
TI4_Config              0x0803c933     0x42  Code  Lc  stm32f4xx_tim.o [1]
TIM1_PWM_SETPMOTOR      0x08039315     0x6e  Code  Gb  bsp_stepmotor.o [1]
TIM2_IRQHandler         0x0803b129     0xac  Code  Gb  bsp_timer.o [1]
TIM3_PWM_SETPMOTOR      0x080392af     0x66  Code  Gb  bsp_stepmotor.o [1]
TIM4_CH1_ConfigPwmOut   0x080357b1     0x1c  Code  Gb  bsp_servomotor.o [1]
TIM4_CH1_GPIO_Configuration
                        0x08035827     0x42  Code  Gb  bsp_servomotor.o [1]
TIM4_CH1_PWMDMA_Config  0x080359a7     0xb0  Code  Gb  bsp_servomotor.o [1]
TIM4_CH1_StartPwmOut    0x080357cd     0x2c  Code  Gb  bsp_servomotor.o [1]
TIM4_CH1_StopPwmOut     0x080357f9     0x2e  Code  Gb  bsp_servomotor.o [1]
TIM4_CH2_ConfigPwmOut   0x08035a57     0x1c  Code  Gb  bsp_servomotor.o [1]
TIM4_CH2_GPIO_Configuration
                        0x08035acd     0x3e  Code  Gb  bsp_servomotor.o [1]
TIM4_CH2_PWMDMA_Config  0x08035b0b     0xb0  Code  Gb  bsp_servomotor.o [1]
TIM4_CH2_StartPwmOut    0x08035a73     0x2c  Code  Gb  bsp_servomotor.o [1]
TIM4_CH2_StopPwmOut     0x08035a9f     0x2e  Code  Gb  bsp_servomotor.o [1]
TIM4_PWM_Config         0x080358e1     0xc6  Code  Gb  bsp_servomotor.o [1]
TIM5_PWM_SETPMOTOR      0x08039383     0x66  Code  Gb  bsp_stepmotor.o [1]
TIM6_DAC_IRQHandler     0x0804542b     0x22  Code  Gb  SysInfoTest.o [1]
TIM8_UP_TIM13_IRQHandler
                        0x080396bd     0x46  Code  Gb  encoder_tim.o [1]
TIM_ARRPreloadConfig    0x0803c48f     0x1c  Code  Gb  stm32f4xx_tim.o [1]
TIM_CallBack1           0x0802ff5f     0x44  Code  Gb  apptask.o [1]
TIM_ClearFlag           0x0803c7e3      0x8  Code  Gb  stm32f4xx_tim.o [1]
TIM_ClearITPendingBit   0x0803c81d      0x8  Code  Gb  stm32f4xx_tim.o [1]
TIM_Cmd                 0x0803c4ab     0x1c  Code  Gb  stm32f4xx_tim.o [1]
TIM_CtrlPWMOutputs      0x0803c7ab     0x22  Code  Gb  stm32f4xx_tim.o [1]
TIM_DMACmd              0x0803c825     0x16  Code  Gb  stm32f4xx_tim.o [1]
TIM_DeInit              0x0803c291    0x17c  Code  Gb  stm32f4xx_tim.o [1]
TIM_EncoderInterfaceConfig
                        0x0803c83b     0x3e  Code  Gb  stm32f4xx_tim.o [1]
TIM_GetITStatus         0x0803c7eb     0x32  Code  Gb  stm32f4xx_tim.o [1]
TIM_ICInit              0x0803c6d9     0x70  Code  Gb  stm32f4xx_tim.o [1]
TIM_ICStructInit        0x0803c749     0x16  Code  Gb  stm32f4xx_tim.o [1]
TIM_ITConfig            0x0803c7cd     0x16  Code  Gb  stm32f4xx_tim.o [1]
TIM_OC1Init             0x0803c4c7     0x7e  Code  Gb  stm32f4xx_tim.o [1]
TIM_OC2Init             0x0803c545     0x8c  Code  Gb  stm32f4xx_tim.o [1]
TIM_OC2PreloadConfig    0x0803c6b3     0x14  Code  Gb  stm32f4xx_tim.o [1]
TIM_OC3Init             0x0803c5d1     0x8a  Code  Gb  stm32f4xx_tim.o [1]
TIM_OC3PreloadConfig    0x0803c6c7     0x12  Code  Gb  stm32f4xx_tim.o [1]
TIM_OCStructInit        0x0803c691     0x22  Code  Gb  stm32f4xx_tim.o [1]
TIM_SetIC1Prescaler     0x0803c75f     0x12  Code  Gb  stm32f4xx_tim.o [1]
TIM_SetIC2Prescaler     0x0803c771     0x14  Code  Gb  stm32f4xx_tim.o [1]
TIM_SetIC3Prescaler     0x0803c785     0x12  Code  Gb  stm32f4xx_tim.o [1]
TIM_SetIC4Prescaler     0x0803c797     0x14  Code  Gb  stm32f4xx_tim.o [1]
TIM_TimeBaseInit        0x0803c40d     0x6a  Code  Gb  stm32f4xx_tim.o [1]
TIM_TimeBaseStructInit  0x0803c477     0x18  Code  Gb  stm32f4xx_tim.o [1]
Task_iwdg_refresh       0x08030231     0x8a  Code  Gb  apptask.o [1]
TransferEnd             0x2001ef84      0x4  Data  Gb  bsp_sdio_sd.o [1]
TransferError           0x2001f042      0x1  Data  Gb  bsp_sdio_sd.o [1]
UART1ToPC               0x0803ae19     0x30  Code  Gb  bsp_uart_fifo.o [1]
UART2ToPC               0x0803ae49     0x30  Code  Gb  bsp_uart_fifo.o [1]
UART2_RX_BUF            0x2001eac4     0x64  Data  Gb  bsp_uart_fifo.o [1]
UART3ToPC               0x0803aeb9     0x30  Code  Gb  bsp_uart_fifo.o [1]
UART4ToPC               0x0803aee9     0x30  Code  Gb  bsp_uart_fifo.o [1]
UART4_IRQHandler        0x0803ad2b     0x84  Code  Gb  bsp_uart_fifo.o [1]
UART4_RX_BUF            0x2001ea60     0x64  Data  Gb  bsp_uart_fifo.o [1]
UART5ToPC               0x0803af19     0x30  Code  Gb  bsp_uart_fifo.o [1]
UART5_IRQHandler        0x0803adaf     0x6a  Code  Gb  bsp_uart_fifo.o [1]
USART1_IRQHandler       0x0803ac9b     0x1e  Code  Gb  bsp_uart_fifo.o [1]
USART2_IRQHandler       0x0803acb9     0x68  Code  Gb  bsp_uart_fifo.o [1]
USART3_IRQHandler       0x0803ad21      0xa  Code  Gb  bsp_uart_fifo.o [1]
USART_ClearFlag         0x0803e0df      0xc  Code  Gb  stm32f4xx_usart.o [1]
USART_ClearITPendingBit
                        0x0803e15b     0x26  Code  Gb  stm32f4xx_usart.o [1]
USART_Cmd               0x0803e029     0x1c  Code  Gb  stm32f4xx_usart.o [1]
USART_DMACmd            0x0803e055     0x16  Code  Gb  stm32f4xx_usart.o [1]
USART_GetFlagStatus     0x0803e0c1     0x1e  Code  Gb  stm32f4xx_usart.o [1]
USART_GetITStatus       0x0803e0eb     0x70  Code  Gb  stm32f4xx_usart.o [1]
USART_ITConfig          0x0803e06b     0x56  Code  Gb  stm32f4xx_usart.o [1]
USART_Init              0x0803df2d     0xee  Code  Gb  stm32f4xx_usart.o [1]
USART_ReceiveData       0x0803e04d      0x8  Code  Gb  stm32f4xx_usart.o [1]
USART_SendData          0x0803e045      0x8  Code  Gb  stm32f4xx_usart.o [1]
USBH_Alloc_Channel      0x0803d055     0x2e  Code  Gb  usbh_hcs.o [1]
USBH_BulkReceiveData    0x0803d6f9     0x62  Code  Gb  usbh_ioreq.o [1]
USBH_BulkSendData       0x0803d697     0x62  Code  Gb  usbh_ioreq.o [1]
USBH_CfgDesc            0x2001e3a0    0x200  Data  Gb  usbh_stdreq.o [1]
USBH_ClrFeature         0x0803d29f     0x4c  Code  Gb  usbh_stdreq.o [1]
USBH_Connected          0x08035de1      0xc  Code  Gb  usbh_core.o [1]
USBH_CtlReceiveData     0x0803d651     0x46  Code  Gb  usbh_ioreq.o [1]
USBH_CtlReq             0x0803d52b     0x6e  Code  Gb  usbh_ioreq.o [1]
[...]
gen_numname             0x080371a1     0xec  Code  Lc  ff.o [1]
get_card_type           0x08032557     0xe4  Code  Gb  product_cal.o [1]
get_class_time          0x0803245f     0x7a  Code  Gb  product_cal.o [1]
get_fat                 0x08036967    0x11c  Code  Gb  ff.o [1]
get_fattime             0x0803da3b      0x4  Code  Gb  diskio.o [1]
get_fileinfo            0x0803761d    0x13c  Code  Lc  ff.o [1]
get_float_1bit          0x0803243d     0x22  Code  Gb  product_cal.o [1]
get_ldnumber            0x08037b03     0x50  Code  Lc  ff.o [1]
get_period_state        0x080324d9     0x54  Code  Gb  product_cal.o [1]
get_valid_length        0x0803220d     0x26  Code  Gb  bsp_sdwe050c17.o [1]
get_valid_seg           0x080356d3     0x4a  Code  Gb  page_weimi.o [1]
get_weimi_para          0x0803562d     0x5c  Code  Gb  page_weimi.o [1]
hEncoder_Timer_Overflow
                        0x2001f028      0x2  Data  Gb  encoder_tim.o [1]
hPrevious_angle         0x2001f026      0x2  Data  Gb  encoder_tim.o [1]
hSpeed_Buffer           0x2001ee8c     0x10  Data  Gb  encoder_tim.o [1]
hex_to_decimal          0x08032233     0x26  Code  Gb  bsp_sdwe050c17.o [1]
idwgEventGroup          0x2001ef6c      0x4  Data  Gb  apptask.o [1]
inc_card_type           0x08032645    0x11c  Code  Gb  product_cal.o [1]
inc_lock                0x08036667     0xe8  Code  Lc  ff.o [1]
init_peiliao_para       0x08032319     0x50  Code  Gb  product_cal.o [1]
init_product_para       0x08032259     0xc0  Code  Gb  product_cal.o [1]
init_weimi_para         0x08035567     0xc6  Code  Gb  page_weimi.o [1]
input_password_buf      0x2001eef0      0xc  Data  Gb  protocol.o [1]
input_password_len      0x2001f04d      0x1  Data  Gb  protocol.o [1]
isDevicePeriod          0x2001f03e      0x1  Data  Gb  apptask.o [1]
isWork                  0x2001f037      0x1  Data  Gb  apptask.o [1]
is_same_data            0x0803252d     0x2a  Code  Gb  product_cal.o [1]
is_stop                 0x2001f047      0x1  Data  Gb  page_weimi.o [1]
isalpha                 0x08042013     0x14  Code  Gb  isxxx.o [3]
isspace                 0x08042027     0x14  Code  Gb  isxxx.o [3]
lcd_busy                0x2001f043      0x1  Data  Gb  bsp_sdwe050c17.o [1]
lcd_rev_buf             0x2001ec74     0x34  Data  Gb  bsp_sdwe050c17.o [1]
lcd_rev_len             0x2001f024      0x2  Data  Gb  bsp_sdwe050c17.o [1]
ld_clust                0x08036f91     0x28  Code  Lc  ff.o [1]
localeconv              0x0803e457     0x16  Code  Gb  localeconv.o [3]
m_ctrl_dev              0x2001ef1c      0x8  Data  Gb  modbus.o [1]
main                    0x080454c5     0x34  Code  Gb  main.o [1]
mallco_dev              0x200001d4     0x1c  Data  Gb  malloc.o [1]
mb_init                 0x08038dcd     0x30  Code  Gb  modbus.o [1]
mb_packsend_frame       0x08038cdb     0xf2  Code  Gb  modbus.o [1]
mb_unpack_frame         0x08038b99    0x142  Code  Gb  modbus.o [1]
mc_check_crc16          0x0803dbb5     0x40  Code  Gb  mcheck.o [1]
mc_check_crc8           0x0803db91     0x24  Code  Gb  mcheck.o [1]
mc_check_sum            0x0803db49     0x2e  Code  Gb  mcheck.o [1]
mc_check_xor            0x0803db77     0x1a  Code  Gb  mcheck.o [1]
mem1base                0x20011a48   0xa000  Data  Gb  malloc.o [1]
mem1mapbase             0x2001ca48    0xa00  Data  Gb  malloc.o [1]
mem2base                0x68000000  0xf0000  Data  Gb  malloc.o [1]
mem2mapbase             0x680f0000   0xf000  Data  Gb  malloc.o [1]
mem_cmp                 0x08036573     0x24  Code  Lc  ff.o [1]
mem_cpy                 0x08036541     0x1c  Code  Lc  ff.o [1]
mem_set                 0x0803655d     0x16  Code  Lc  ff.o [1]
memblksize              0x08046308      0x8  Data  Gb  malloc.o [1]
memchr                  0x0803e20d           Code  Gb  memchr.o [5]
memsize                 0x08046310      0x8  Data  Gb  malloc.o [1]
memtblsize              0x08046300      0x8  Data  Gb  malloc.o [1]
modbus_send_frame       0x08038dfd     0xe6  Code  Gb  modbus.o [1]
move_window             0x08036835     0x40  Code  Lc  ff.o [1]
my_mem_free             0x08033a0b     0x6c  Code  Gb  malloc.o [1]
my_mem_init             0x080338cf     0x42  Code  Gb  malloc.o [1]
my_mem_malloc           0x0803394f     0xbc  Code  Gb  malloc.o [1]
my_mem_perused          0x08033911     0x3e  Code  Gb  malloc.o [1]
myfree                  0x08033a77     0x24  Code  Gb  malloc.o [1]
mymalloc                0x08033a9b     0x2a  Code  Gb  malloc.o [1]
mymemset                0x080338b9     0x16  Code  Gb  malloc.o [1]
ndigs                   0x08042268     0x28  Data  Lc  xstoull.o [3]
obuf                    0x2001ebd8     0x50  Data  Lc  xfiles.o [3]
oem2uni                 0x0801560c  0x15484  Data  Lc  cc936.o [1]
old_card_record         0x2001f03c      0x1  Data  Gb  apptask.o [1]
old_isWork              0x2001f038      0x1  Data  Gb  apptask.o [1]
old_is_stop             0x20000244      0x1  Data  Gb  page_weimi.o [1]
old_plan_complete       0x2001f04b      0x1  Data  Gb  product_cal.o [1]
old_system_state        0x20000242      0x1  Data  Gb  apptask.o [1]
old_usb_disk_flag       0x2001f03a      0x1  Data  Gb  apptask.o [1]
para_init               0x080345a5     0x80  Code  Gb  para.o [1]
pcInterruptPriorityRegisters
                        0x080463d4      0x4  Data  Lc  port.o [1]
peiliao_para            0x2001eca8     0x34  Data  Gb  product_cal.o [1]
pick_lfn                0x08037087     0x8c  Code  Lc  ff.o [1]
plan_complete           0x2001f04a      0x1  Data  Gb  product_cal.o [1]
pluse_count             0x2001f01e      0x2  Data  Gb  apptask.o [1]
pows                    0x08042a98     0x48  Data  Lc  xdtento.o [4]
printf                  0x080337d9     0x24  Code  Gb  printf.o [3]
product_complete_kilo   0x0803240d     0x30  Code  Gb  product_cal.o [1]
product_complete_meter  0x080323fb     0x12  Code  Gb  product_cal.o [1]
product_para            0x2001ed04     0x28  Data  Gb  product_cal.o [1]
product_per_meter       0x08032369     0x78  Code  Gb  product_cal.o [1]
prvAddCurrentTaskToDelayedList
                        0x08033279     0x48  Code  Lc  tasks.o [1]
prvAllocateTCBAndStack  0x080332c1     0x5a  Code  Lc  tasks.o [1]
prvCheckForValidListAndQueue
                        0x08039dbf     0x52  Code  Lc  timers.o [1]
prvCheckTasksWaitingTermination
                        0x0803320f     0x66  Code  Lc  tasks.o [1]
prvCopyDataFromQueue    0x08030a6d     0x30  Code  Lc  queue.o [1]
prvCopyDataToQueue      0x080309e9     0x84  Code  Lc  queue.o [1]
prvDeleteTCB            0x0803331b     0x12  Code  Lc  tasks.o [1]
prvGetNextExpireTime    0x08039bab     0x2e  Code  Lc  timers.o [1]
prvHeapInit             0x0803a2ad     0x6e  Code  Lc  heap_4.o [1]
prvIdleTask             0x08033129     0x26  Code  Lc  tasks.o [1]
prvInitialiseTCBVariables
                        0x0803314f     0x6a  Code  Lc  tasks.o [1]
prvInitialiseTaskLists  0x080331b9     0x56  Code  Lc  tasks.o [1]
prvInsertBlockIntoFreeList
                        0x0803a31b     0x62  Code  Lc  heap_4.o [1]
prvInsertTimerInActiveList
                        0x08039c01     0x50  Code  Lc  timers.o [1]
prvIsQueueEmpty         0x08030b07     0x20  Code  Lc  queue.o [1]
prvIsQueueFull          0x08030b27     0x22  Code  Lc  queue.o [1]
prvProcessExpiredTimer  0x08039ac3     0x5c  Code  Lc  timers.o [1]
prvProcessReceivedCommands
                        0x08039c51     0xde  Code  Lc  timers.o [1]
prvProcessTimerOrBlockTask
                        0x08039b3b     0x70  Code  Lc  timers.o [1]
prvResetNextTaskUnblockTime
                        0x0803332d     0x26  Code  Lc  tasks.o [1]
prvSampleTimeNow        0x08039bd9     0x28  Code  Lc  timers.o [1]
prvSwitchTimerLists     0x08039d2f     0x90  Code  Lc  timers.o [1]
prvTaskExitError        0x08039e5d     0x2a  Code  Lc  port.o [1]
prvTestWaitCondition    0x08039967     0x24  Code  Lc  event_groups.o [1]
prvTimerTask            0x08039b21     0x1a  Code  Lc  timers.o [1]
prvUnlockQueue          0x08030a9d     0x6a  Code  Lc  queue.o [1]
put_fat                 0x08036a83    0x16c  Code  Gb  ff.o [1]
putchar                 0x08045ddd      0xc  Code  Gb  putchar.o [3]
pvPortMalloc            0x0803a11d    0x118  Code  Gb  heap_4.o [1]
pxCurrentTCB            0x2001efbc      0x4  Data  Gb  tasks.o [1]
pxCurrentTimerList      0x2001effc      0x4  Data  Lc  timers.o [1]
pxDelayedTaskList       0x2001efc0      0x4  Data  Lc  tasks.o [1]
pxEnd                   0x2001ef9c      0x4  Data  Lc  heap_4.o [1]
pxOverflowDelayedTaskList
                        0x2001efc4      0x4  Data  Lc  tasks.o [1]
pxOverflowTimerList     0x2001f000      0x4  Data  Lc  timers.o [1]
pxPortInitialiseStack   0x08039e39     0x24  Code  Gb  port.o [1]
pxReadyTasksLists       0x2001e6cc     0xf0  Data  Lc  tasks.o [1]
rc522_cmd_anticoll      0x08038b3d     0x5a  Code  Gb  rc522.o [1]
rc522_cmd_request       0x08038ae9     0x54  Code  Gb  rc522.o [1]
readDisk                0x2001f03f      0x1  Data  Gb  apptask.o [1]
readFilenum             0x2001f040      0x1  Data  Gb  apptask.o [1]
readSlave               0x2001eed8      0xc  Data  Gb  apptask.o [1]
read_device_info        0x08034109    0x2c2  Code  Gb  para.o [1]
read_file_select        0x2001ef08      0xc  Data  Gb  protocol.o [1]
read_from_disk          0x0803465d    0xd04  Code  Gb  para.o [1]
remove_chain            0x08036bef     0x76  Code  Lc  ff.o [1]
rfid_rev_buf            0x2001edcc     0x14  Data  Gb  rc522.o [1]
rfid_rev_cnt            0x2001f04f      0x1  Data  Gb  rc522.o [1]
rfid_rev_flag           0x2001f04e      0x1  Data  Gb  rc522.o [1]
rtc_time                0x2001ef24      0x8  Data  Gb  protocol.o [1]
s_TIM_CallBack1         0x2001ef8c      0x4  Data  Lc  bsp_timer.o [1]
s_TIM_CallBack2         0x2001ef90      0x4  Data  Lc  bsp_timer.o [1]
s_TIM_CallBack3         0x2001ef94      0x4  Data  Lc  bsp_timer.o [1]
s_TIM_CallBack4         0x2001ef98      0x4  Data  Lc  bsp_timer.o [1]
sample_time             0x2001f01c      0x2  Data  Gb  apptask.o [1]
sdew_weimi_page1        0x08031a79    0x302  Code  Gb  bsp_sdwe050c17.o [1]
sdew_weimi_page2        0x08031d89    0x25e  Code  Gb  bsp_sdwe050c17.o [1]
sdew_weisha_page1       0x08031fe7    0x100  Code  Gb  bsp_sdwe050c17.o [1]
sdew_weisha_page2       0x080320f5    0x100  Code  Gb  bsp_sdwe050c17.o [1]
servomotor_mode         0x2001f046      0x1  Data  Gb  page_weimi.o [1]
servomotor_step         0x2001f02e      0x2  Data  Gb  page_weimi.o [1]
slave_info              0x2001eecc      0xc  Data  Gb  apptask.o [1]
speed_zhu               0x2001f02c      0x2  Data  Gb  page_weimi.o [1]
sprintf                 0x080389d9     0x34  Code  Gb  sprintf.o [3]
sscanf                  0x0803c26d     0x24  Code  Gb  sscanf.o [3]
st_clust                0x08036fb9     0x18  Code  Lc  ff.o [1]
step_motor_adjust       0x2001f045      0x1  Data  Gb  page_weimi.o [1]
strcat                  0x08038a0d     0x1c  Code  Gb  strcat.o [3]
strchr                  0x0803e1f5           Code  Gb  strchr.o [5]
strlen                  0x080340d1           Code  Gb  strlen.o [5]
strstr                  0x08038f99     0x10  Code  Gb  para.o [1]
sum_sfn                 0x0803728d     0x20  Code  Lc  ff.o [1]
sync_fs                 0x08036875     0xd8  Code  Lc  ff.o [1]
sync_window             0x080367db     0x5a  Code  Lc  ff.o [1]
system_state_dis        0x08044c7c    0x190  Data  Gb  product_cal.o [1]
tolower                 0x080425c5     0x14  Code  Gb  tolower.o [3]
total_meter_gross       0x2001efb0      0x4  Data  Gb  product_cal.o [1]
total_weight_gross      0x2001efb4      0x4  Data  Gb  product_cal.o [1]
ucHeap                  0x20000248  0x11800  Data  Lc  heap_4.o [1]
ucMaxSysCallPriority    0x2001f049      0x1  Data  Lc  port.o [1]
ulHighFrequencyTimerTicks
                        0x2001efb8      0x4  Data  Gb  SysInfoTest.o [1]
ulMaxPRIGROUPValue      0x2001efac      0x4  Data  Lc  port.o [1]
ulTaskSwitchedInTime    0x2001eff4      0x4  Data  Lc  tasks.o [1]
ulTotalRunTime          0x2001eff8      0x4  Data  Lc  tasks.o [1]
uni2oem                 0x08000188  0x15484  Data  Lc  cc936.o [1]
usb_disk_flag           0x2001f039      0x1  Data  Gb  apptask.o [1]
usbh_OpenMassStorage    0x08035c3d     0x14  Code  Gb  usbh_usr.o [1]
uxCriticalNesting       0x20000230      0x4  Data  Lc  port.o [1]
uxCurrentNumberOfTasks  0x2001efcc      0x4  Data  Lc  tasks.o [1]
uxListRemove            0x0803a0f5     0x28  Code  Gb  list.o [1]
uxPendedTicks           0x2001efdc      0x4  Data  Lc  tasks.o [1]
uxSchedulerSuspended    0x2001eff0      0x4  Data  Lc  tasks.o [1]
uxTaskNumber            0x2001efe8      0x4  Data  Lc  tasks.o [1]
uxTaskResetEventItemValue
                        0x0803338d     0x20  Code  Gb  tasks.o [1]
uxTasksDeleted          0x2001efc8      0x4  Data  Lc  tasks.o [1]
uxTopReadyPriority      0x2001efd4      0x4  Data  Lc  tasks.o [1]
vListInitialise         0x0803a085     0x1e  Code  Gb  list.o [1]
vListInsert             0x0803a0bb     0x3a  Code  Gb  list.o [1]
vListInsertEnd          0x0803a0a3     0x18  Code  Gb  list.o [1]
vPortEnableVFP          0x0803df11           Code  Gb  portasm.o [1]
vPortEnterCritical      0x08039f53     0x3a  Code  Gb  port.o [1]
vPortExitCritical       0x08039f8d     0x32  Code  Gb  port.o [1]
vPortFree               0x0803a235     0x78  Code  Gb  heap_4.o [1]
vPortSetupTimerInterrupt
                        0x08039feb      0xe  Code  Wk  port.o [1]
vPortStartFirstTask     0x0803def9           Code  Gb  portasm.o [1]
vPortValidateInterruptPriority
                        0x08039ff9     0x4e  Code  Gb  port.o [1]
vQueueWaitForMessageRestricted
                        0x08030b49     0x44  Code  Gb  queue.o [1]
vSetupSysInfoTest       0x08045419     0x12  Code  Gb  SysInfoTest.o [1]
vTaskDelay              0x08032985     0x84  Code  Gb  tasks.o [1]
vTaskFreq               0x0802fa35    0x23a  Code  Lc  apptask.o [1]
vTaskManageCapacity     0x0802ea49    0x5d2  Code  Gb  apptask.o [1]
vTaskMassStorage        0x0802d7c9    0x5e0  Code  Lc  apptask.o [1]
vTaskMissedYield        0x0803311f      0xa  Code  Gb  tasks.o [1]
vTaskMotorControl       0x0802f0b9    0x96c  Code  Lc  apptask.o [1]
vTaskMsgPro             0x0802e225    0x434  Code  Lc  apptask.o [1]
vTaskPlaceOnEventList   0x08032d85     0x74  Code  Gb  tasks.o [1]
vTaskPlaceOnEventListRestricted
                        0x08032ebd     0x80  Code  Gb  tasks.o [1]
vTaskPlaceOnUnorderedEventList
                        0x08032e15     0xa8  Code  Gb  tasks.o [1]
vTaskReadDisk           0x0802e785    0x26a  Code  Lc  apptask.o [1]
vTaskRev485             0x0802e681     0xba  Code  Lc  apptask.o [1]
vTaskSetTimeOutState    0x08033069     0x26  Code  Gb  tasks.o [1]
vTaskStartScheduler     0x08032a09     0x7e  Code  Gb  tasks.o [1]
vTaskSuspendAll         0x08032a87     0x10  Code  Gb  tasks.o [1]
vTaskSwitchContext      0x08032cd5     0xb0  Code  Gb  tasks.o [1]
vTaskTaskLCD            0x0802aa91   0x2d04  Code  Gb  apptask.o [1]
vTaskTaskLED            0x0802ddd5     0x26  Code  Lc  apptask.o [1]
vTaskTaskRFID           0x0802ddfb    0x3cc  Code  Lc  apptask.o [1]
valid_seg               0x2001f048      0x1  Data  Gb  page_weimi.o [1]
validate                0x08038033     0x36  Code  Lc  ff.o [1]
weimi_para              0x2001e5a0    0x12c  Data  Gb  page_weimi.o [1]
work_idle               0x2001f04c      0x1  Data  Gb  product_cal.o [1]
work_idle_time          0x2001f030      0x2  Data  Gb  product_cal.o [1]
xActiveTimerList1       0x2001ee44     0x14  Data  Lc  timers.o [1]
xActiveTimerList2       0x2001ee58     0x14  Data  Lc  timers.o [1]
xBlockAllocatedBit      0x2001efa8      0x4  Data  Lc  heap_4.o [1]
xDelayedTaskList1       0x2001ede0     0x14  Data  Lc  tasks.o [1]
xDelayedTaskList2       0x2001edf4     0x14  Data  Lc  tasks.o [1]
xEventGroupCreate       0x08039729     0x1c  Code  Gb  event_groups.o [1]
xEventGroupSetBits      0x08039891     0xd6  Code  Gb  event_groups.o [1]
xEventGroupWaitBits     0x08039745    0x146  Code  Gb  event_groups.o [1]
xFreeBytesRemaining     0x2001efa0      0x4  Data  Lc  heap_4.o [1]
xHandleTaskFreq         0x2001ef50      0x4  Data  Gb  apptask.o [1]
xHandleTaskLCD          0x2001ef2c      0x4  Data  Gb  apptask.o [1]
xHandleTaskLED          0x2001ef30      0x4  Data  Gb  apptask.o [1]
xHandleTaskManageCapacity
                        0x2001ef48      0x4  Data  Gb  apptask.o [1]
xHandleTaskMassStorage  0x2001ef38      0x4  Data  Gb  apptask.o [1]
xHandleTaskMotorControl
                        0x2001ef4c      0x4  Data  Gb  apptask.o [1]
xHandleTaskMsgPro       0x2001ef40      0x4  Data  Gb  apptask.o [1]
xHandleTaskRFID         0x2001ef34      0x4  Data  Gb  apptask.o [1]
xHandleTaskReadDisk     0x2001ef3c      0x4  Data  Gb  apptask.o [1]
xHandleTaskRev485       0x2001ef44      0x4  Data  Gb  apptask.o [1]
xHeapStructSize         0x080463d0      0x4  Data  Lc  heap_4.o [1]
xMinimumEverFreeBytesRemaining
                        0x2001efa4      0x4  Data  Lc  heap_4.o [1]
xNextTaskUnblockTime    0x2001efec      0x4  Data  Lc  tasks.o [1]
xNumOfOverflows         0x2001efe4      0x4  Data  Lc  tasks.o [1]
xPendingReadyList       0x2001ee08     0x14  Data  Lc  tasks.o [1]
xPortStartScheduler     0x08039e87     0xcc  Code  Gb  port.o [1]
xQueueGenericCreate     0x08030455     0x7e  Code  Gb  queue.o [1]
xQueueGenericReceive    0x08030849    0x19c  Code  Gb  queue.o [1]
xQueueGenericReset      0x080303c5     0x90  Code  Gb  queue.o [1]
xQueueGenericSend       0x080304d3    0x1b2  Code  Gb  queue.o [1]
xQueueGenericSendFromISR
                        0x08030685     0xec  Code  Gb  queue.o [1]
xQueueGiveFromISR       0x08030771     0xd8  Code  Gb  queue.o [1]
xQueue_message          0x2001ef74      0x4  Data  Gb  apptask.o [1]
xSchedulerRunning       0x2001efd8      0x4  Data  Lc  tasks.o [1]
xSemaphore_download     0x2001ef64      0x4  Data  Gb  apptask.o [1]
xSemaphore_encoder      0x2001ef60      0x4  Data  Gb  apptask.o [1]
xSemaphore_lcd          0x2001ef54      0x4  Data  Gb  apptask.o [1]
xSemaphore_pluse        0x2001ef5c      0x4  Data  Gb  apptask.o [1]
xSemaphore_readDisk     0x2001ef68      0x4  Data  Gb  apptask.o [1]
xSemaphore_rs485        0x2001ef58      0x4  Data  Gb  apptask.o [1]
xStart                  0x2001ef14      0x8  Data  Lc  heap_4.o [1]
xSuspendedTaskList      0x2001ee30     0x14  Data  Lc  tasks.o [1]
xTaskCheckForTimeOut    0x08033095     0x8a  Code  Gb  tasks.o [1]
xTaskGenericCreate      0x08032801    0x184  Code  Gb  tasks.o [1]
xTaskGetSchedulerState  0x08033353     0x26  Code  Gb  tasks.o [1]
xTaskGetTickCount       0x08032b97      0xa  Code  Gb  tasks.o [1]
xTaskIncrementTick      0x08032ba1    0x134  Code  Gb  tasks.o [1]
xTaskRemoveFromEventList
                        0x08032f41     0x8e  Code  Gb  tasks.o [1]
xTaskRemoveFromUnorderedEventList
                        0x08032fd5     0x94  Code  Gb  tasks.o [1]
xTaskResumeAll          0x08032a97    0x100  Code  Gb  tasks.o [1]
xTasksWaitingTermination
                        0x2001ee1c     0x14  Data  Lc  tasks.o [1]
xTickCount              0x2001efd0      0x4  Data  Lc  tasks.o [1]
xTimerCreate            0x080399dd     0x62  Code  Gb  timers.o [1]
xTimerCreateTimerTask   0x0803998d     0x50  Code  Gb  timers.o [1]
xTimerGenericCommand    0x08039a3f     0x84  Code  Gb  timers.o [1]
xTimerQueue             0x2001f004      0x4  Data  Lc  timers.o [1]
xTimerUser              0x2001ef70      0x4  Data  Gb  apptask.o [1]
xYieldPending           0x2001efe0      0x4  Data  Lc  tasks.o [1]


[1] = E:\WORK\YarnControl_Driver\YarnControl_Driver\src\stm32f4_rtos\Project\EWARMv7\Flash\Obj
[2] = command line
[3] = dl7M_tlf.a
[4] = m7M_tls.a
[5] = rt7M_tl.a
[6] = shb_l.a

  105 750 bytes of readonly  code memory
  182 519 bytes of readonly  data memory
  129 109 bytes of readwrite data memory (+ 1 044 480 absolute)

Errors: none
Warnings: none
