###############################################################################
#
# IAR ELF Linker V7.40.7.9843/W32 for ARM                 20/Mar/2019  21:27:49
# Copyright 2007-2015 IAR Systems AB.
#
#    Output file  =  
#        E:\work\YarnControl_Driver\src\stm32f4_rtos\Project\EWARMv7\Flash\Exe\project.out
#    Map file     =  
#        E:\work\YarnControl_Driver\src\stm32f4_rtos\Project\EWARMv7\Flash\List\project.map
#    Command line =  
#        E:\work\YarnControl_Driver\src\stm32f4_rtos\Project\EWARMv7\Flash\Obj\apptask.o
#        E:\work\YarnControl_Driver\src\stm32f4_rtos\Project\EWARMv7\Flash\Obj\bsp.o
#        E:\work\YarnControl_Driver\src\stm32f4_rtos\Project\EWARMv7\Flash\Obj\bsp_closeSW.o
#        E:\work\YarnControl_Driver\src\stm32f4_rtos\Project\EWARMv7\Flash\Obj\bsp_dwt.o
#        E:\work\YarnControl_Driver\src\stm32f4_rtos\Project\EWARMv7\Flash\Obj\bsp_led.o
#        E:\work\YarnControl_Driver\src\stm32f4_rtos\Project\EWARMv7\Flash\Obj\bsp_relay.o
#        E:\work\YarnControl_Driver\src\stm32f4_rtos\Project\EWARMv7\Flash\Obj\bsp_sdio_sd.o
#        E:\work\YarnControl_Driver\src\stm32f4_rtos\Project\EWARMv7\Flash\Obj\bsp_sdwe050c17.o
#        E:\work\YarnControl_Driver\src\stm32f4_rtos\Project\EWARMv7\Flash\Obj\bsp_servomotor.o
#        E:\work\YarnControl_Driver\src\stm32f4_rtos\Project\EWARMv7\Flash\Obj\bsp_spi.o
#        E:\work\YarnControl_Driver\src\stm32f4_rtos\Project\EWARMv7\Flash\Obj\bsp_stepmotor.o
#        E:\work\YarnControl_Driver\src\stm32f4_rtos\Project\EWARMv7\Flash\Obj\bsp_sw_onoff.o
#        E:\work\YarnControl_Driver\src\stm32f4_rtos\Project\EWARMv7\Flash\Obj\bsp_tim_pwm.o
#        E:\work\YarnControl_Driver\src\stm32f4_rtos\Project\EWARMv7\Flash\Obj\bsp_timer.o
#        E:\work\YarnControl_Driver\src\stm32f4_rtos\Project\EWARMv7\Flash\Obj\bsp_uart_fifo.o
#        E:\work\YarnControl_Driver\src\stm32f4_rtos\Project\EWARMv7\Flash\Obj\bsp_w25qxx.o
#        E:\work\YarnControl_Driver\src\stm32f4_rtos\Project\EWARMv7\Flash\Obj\bsp_watchdog.o
#        E:\work\YarnControl_Driver\src\stm32f4_rtos\Project\EWARMv7\Flash\Obj\cc936.o
#        E:\work\YarnControl_Driver\src\stm32f4_rtos\Project\EWARMv7\Flash\Obj\cJSON.o
#        E:\work\YarnControl_Driver\src\stm32f4_rtos\Project\EWARMv7\Flash\Obj\croutine.o
#        E:\work\YarnControl_Driver\src\stm32f4_rtos\Project\EWARMv7\Flash\Obj\demo_fatfs.o
#        E:\work\YarnControl_Driver\src\stm32f4_rtos\Project\EWARMv7\Flash\Obj\diskio.o
#        E:\work\YarnControl_Driver\src\stm32f4_rtos\Project\EWARMv7\Flash\Obj\encoder_tim.o
#        E:\work\YarnControl_Driver\src\stm32f4_rtos\Project\EWARMv7\Flash\Obj\esp8266_handler.o
#        E:\work\YarnControl_Driver\src\stm32f4_rtos\Project\EWARMv7\Flash\Obj\esp8266_init.o
#        E:\work\YarnControl_Driver\src\stm32f4_rtos\Project\EWARMv7\Flash\Obj\event_groups.o
#        E:\work\YarnControl_Driver\src\stm32f4_rtos\Project\EWARMv7\Flash\Obj\ff.o
#        E:\work\YarnControl_Driver\src\stm32f4_rtos\Project\EWARMv7\Flash\Obj\heap_4.o
#        E:\work\YarnControl_Driver\src\stm32f4_rtos\Project\EWARMv7\Flash\Obj\list.o
#        E:\work\YarnControl_Driver\src\stm32f4_rtos\Project\EWARMv7\Flash\Obj\main.o
#        E:\work\YarnControl_Driver\src\stm32f4_rtos\Project\EWARMv7\Flash\Obj\malloc.o
#        E:\work\YarnControl_Driver\src\stm32f4_rtos\Project\EWARMv7\Flash\Obj\mcheck.o
#        E:\work\YarnControl_Driver\src\stm32f4_rtos\Project\EWARMv7\Flash\Obj\misc.o
#        E:\work\YarnControl_Driver\src\stm32f4_rtos\Project\EWARMv7\Flash\Obj\modbus.o
#        E:\work\YarnControl_Driver\src\stm32f4_rtos\Project\EWARMv7\Flash\Obj\MQTTConnectClient.o
#        E:\work\YarnControl_Driver\src\stm32f4_rtos\Project\EWARMv7\Flash\Obj\MQTTConnectServer.o
#        E:\work\YarnControl_Driver\src\stm32f4_rtos\Project\EWARMv7\Flash\Obj\MQTTDeserializePublish.o
#        E:\work\YarnControl_Driver\src\stm32f4_rtos\Project\EWARMv7\Flash\Obj\MQTTFormat.o
#        E:\work\YarnControl_Driver\src\stm32f4_rtos\Project\EWARMv7\Flash\Obj\MQTTPacket.o
#        E:\work\YarnControl_Driver\src\stm32f4_rtos\Project\EWARMv7\Flash\Obj\MQTTSerializePublish.o
#        E:\work\YarnControl_Driver\src\stm32f4_rtos\Project\EWARMv7\Flash\Obj\MQTTSubscribeClient.o
#        E:\work\YarnControl_Driver\src\stm32f4_rtos\Project\EWARMv7\Flash\Obj\MQTTSubscribeServer.o
#        E:\work\YarnControl_Driver\src\stm32f4_rtos\Project\EWARMv7\Flash\Obj\MQTTUnsubscribeClient.o
#        E:\work\YarnControl_Driver\src\stm32f4_rtos\Project\EWARMv7\Flash\Obj\MQTTUnsubscribeServer.o
#        E:\work\YarnControl_Driver\src\stm32f4_rtos\Project\EWARMv7\Flash\Obj\page_weimi.o
#        E:\work\YarnControl_Driver\src\stm32f4_rtos\Project\EWARMv7\Flash\Obj\para.o
#        E:\work\YarnControl_Driver\src\stm32f4_rtos\Project\EWARMv7\Flash\Obj\port.o
#        E:\work\YarnControl_Driver\src\stm32f4_rtos\Project\EWARMv7\Flash\Obj\portasm.o
#        E:\work\YarnControl_Driver\src\stm32f4_rtos\Project\EWARMv7\Flash\Obj\product_cal.o
#        E:\work\YarnControl_Driver\src\stm32f4_rtos\Project\EWARMv7\Flash\Obj\protocol.o
#        E:\work\YarnControl_Driver\src\stm32f4_rtos\Project\EWARMv7\Flash\Obj\pub0sub1.o
#        E:\work\YarnControl_Driver\src\stm32f4_rtos\Project\EWARMv7\Flash\Obj\queue.o
#        E:\work\YarnControl_Driver\src\stm32f4_rtos\Project\EWARMv7\Flash\Obj\rc522.o
#        E:\work\YarnControl_Driver\src\stm32f4_rtos\Project\EWARMv7\Flash\Obj\startup_stm32f40_41xxx.o
#        E:\work\YarnControl_Driver\src\stm32f4_rtos\Project\EWARMv7\Flash\Obj\stm32f4xx_adc.o
#        E:\work\YarnControl_Driver\src\stm32f4_rtos\Project\EWARMv7\Flash\Obj\stm32f4xx_assert.o
#        E:\work\YarnControl_Driver\src\stm32f4_rtos\Project\EWARMv7\Flash\Obj\stm32f4xx_can.o
#        E:\work\YarnControl_Driver\src\stm32f4_rtos\Project\EWARMv7\Flash\Obj\stm32f4xx_crc.o
#        E:\work\YarnControl_Driver\src\stm32f4_rtos\Project\EWARMv7\Flash\Obj\stm32f4xx_cryp.o
#        E:\work\YarnControl_Driver\src\stm32f4_rtos\Project\EWARMv7\Flash\Obj\stm32f4xx_cryp_aes.o
#        E:\work\YarnControl_Driver\src\stm32f4_rtos\Project\EWARMv7\Flash\Obj\stm32f4xx_cryp_des.o
#        E:\work\YarnControl_Driver\src\stm32f4_rtos\Project\EWARMv7\Flash\Obj\stm32f4xx_cryp_tdes.o
#        E:\work\YarnControl_Driver\src\stm32f4_rtos\Project\EWARMv7\Flash\Obj\stm32f4xx_dac.o
#        E:\work\YarnControl_Driver\src\stm32f4_rtos\Project\EWARMv7\Flash\Obj\stm32f4xx_dbgmcu.o
#        E:\work\YarnControl_Driver\src\stm32f4_rtos\Project\EWARMv7\Flash\Obj\stm32f4xx_dcmi.o
#        E:\work\YarnControl_Driver\src\stm32f4_rtos\Project\EWARMv7\Flash\Obj\stm32f4xx_dma.o
#        E:\work\YarnControl_Driver\src\stm32f4_rtos\Project\EWARMv7\Flash\Obj\stm32f4xx_dma2d.o
#        E:\work\YarnControl_Driver\src\stm32f4_rtos\Project\EWARMv7\Flash\Obj\stm32f4xx_exti.o
#        E:\work\YarnControl_Driver\src\stm32f4_rtos\Project\EWARMv7\Flash\Obj\stm32f4xx_flash.o
#        E:\work\YarnControl_Driver\src\stm32f4_rtos\Project\EWARMv7\Flash\Obj\stm32f4xx_fsmc.o
#        E:\work\YarnControl_Driver\src\stm32f4_rtos\Project\EWARMv7\Flash\Obj\stm32f4xx_gpio.o
#        E:\work\YarnControl_Driver\src\stm32f4_rtos\Project\EWARMv7\Flash\Obj\stm32f4xx_hash.o
#        E:\work\YarnControl_Driver\src\stm32f4_rtos\Project\EWARMv7\Flash\Obj\stm32f4xx_hash_md5.o
#        E:\work\YarnControl_Driver\src\stm32f4_rtos\Project\EWARMv7\Flash\Obj\stm32f4xx_hash_sha1.o
#        E:\work\YarnControl_Driver\src\stm32f4_rtos\Project\EWARMv7\Flash\Obj\stm32f4xx_i2c.o
#        E:\work\YarnControl_Driver\src\stm32f4_rtos\Project\EWARMv7\Flash\Obj\stm32f4xx_it.o
#        E:\work\YarnControl_Driver\src\stm32f4_rtos\Project\EWARMv7\Flash\Obj\stm32f4xx_iwdg.o
#        E:\work\YarnControl_Driver\src\stm32f4_rtos\Project\EWARMv7\Flash\Obj\stm32f4xx_ltdc.o
#        E:\work\YarnControl_Driver\src\stm32f4_rtos\Project\EWARMv7\Flash\Obj\stm32f4xx_pwr.o
#        E:\work\YarnControl_Driver\src\stm32f4_rtos\Project\EWARMv7\Flash\Obj\stm32f4xx_rcc.o
#        E:\work\YarnControl_Driver\src\stm32f4_rtos\Project\EWARMv7\Flash\Obj\stm32f4xx_rng.o
#        E:\work\YarnControl_Driver\src\stm32f4_rtos\Project\EWARMv7\Flash\Obj\stm32f4xx_rtc.o
#        E:\work\YarnControl_Driver\src\stm32f4_rtos\Project\EWARMv7\Flash\Obj\stm32f4xx_sai.o
#        E:\work\YarnControl_Driver\src\stm32f4_rtos\Project\EWARMv7\Flash\Obj\stm32f4xx_sdio.o
#        E:\work\YarnControl_Driver\src\stm32f4_rtos\Project\EWARMv7\Flash\Obj\stm32f4xx_spi.o
#        E:\work\YarnControl_Driver\src\stm32f4_rtos\Project\EWARMv7\Flash\Obj\stm32f4xx_syscfg.o
#        E:\work\YarnControl_Driver\src\stm32f4_rtos\Project\EWARMv7\Flash\Obj\stm32f4xx_tim.o
#        E:\work\YarnControl_Driver\src\stm32f4_rtos\Project\EWARMv7\Flash\Obj\stm32f4xx_usart.o
#        E:\work\YarnControl_Driver\src\stm32f4_rtos\Project\EWARMv7\Flash\Obj\stm32f4xx_wwdg.o
#        E:\work\YarnControl_Driver\src\stm32f4_rtos\Project\EWARMv7\Flash\Obj\SysInfoTest.o
#        E:\work\YarnControl_Driver\src\stm32f4_rtos\Project\EWARMv7\Flash\Obj\system_stm32f4xx.o
#        E:\work\YarnControl_Driver\src\stm32f4_rtos\Project\EWARMv7\Flash\Obj\tasks.o
#        E:\work\YarnControl_Driver\src\stm32f4_rtos\Project\EWARMv7\Flash\Obj\timer_platform.o
#        E:\work\YarnControl_Driver\src\stm32f4_rtos\Project\EWARMv7\Flash\Obj\timers.o
#        E:\work\YarnControl_Driver\src\stm32f4_rtos\Project\EWARMv7\Flash\Obj\transport.o
#        E:\work\YarnControl_Driver\src\stm32f4_rtos\Project\EWARMv7\Flash\Obj\usb_bsp.o
#        E:\work\YarnControl_Driver\src\stm32f4_rtos\Project\EWARMv7\Flash\Obj\usb_core.o
#        E:\work\YarnControl_Driver\src\stm32f4_rtos\Project\EWARMv7\Flash\Obj\usb_hcd.o
#        E:\work\YarnControl_Driver\src\stm32f4_rtos\Project\EWARMv7\Flash\Obj\usb_hcd_int.o
#        E:\work\YarnControl_Driver\src\stm32f4_rtos\Project\EWARMv7\Flash\Obj\usbh_core.o
#        E:\work\YarnControl_Driver\src\stm32f4_rtos\Project\EWARMv7\Flash\Obj\usbh_hcs.o
#        E:\work\YarnControl_Driver\src\stm32f4_rtos\Project\EWARMv7\Flash\Obj\usbh_ioreq.o
#        E:\work\YarnControl_Driver\src\stm32f4_rtos\Project\EWARMv7\Flash\Obj\usbh_it.o
#        E:\work\YarnControl_Driver\src\stm32f4_rtos\Project\EWARMv7\Flash\Obj\usbh_msc_bot.o
#        E:\work\YarnControl_Driver\src\stm32f4_rtos\Project\EWARMv7\Flash\Obj\usbh_msc_core.o
#        E:\work\YarnControl_Driver\src\stm32f4_rtos\Project\EWARMv7\Flash\Obj\usbh_msc_scsi.o
#        E:\work\YarnControl_Driver\src\stm32f4_rtos\Project\EWARMv7\Flash\Obj\usbh_stdreq.o
#        E:\work\YarnControl_Driver\src\stm32f4_rtos\Project\EWARMv7\Flash\Obj\usbh_usr.o
#        -o
#        E:\work\YarnControl_Driver\src\stm32f4_rtos\Project\EWARMv7\Flash\Exe\project.out
#        --map
#        E:\work\YarnControl_Driver\src\stm32f4_rtos\Project\EWARMv7\Flash\List\project.map
#        --config
#        E:\work\YarnControl_Driver\src\stm32f4_rtos\Project\EWARMv7\stm32f4xx_flash.icf
#        --semihosting --entry __iar_program_start --inline --vfe
#
###############################################################################

*******************************************************************************
*** RUNTIME MODEL ATTRIBUTES
***

CppFlavor                     = *
__Heap_Handler                = DLMalloc
__SystemLibrary               = DLib
__dlib_dynamic_initialization = normal


*******************************************************************************
*** PLACEMENT SUMMARY
***

"A1":  place at 0x08000000 { ro section .intvec };
"P1":  place in [from 0x08000000 to 0x080fffff] { ro };
"P2":  place in [from 0x20000000 to 0x2001ffff] { rw, block CSTACK, block HEAP };

  Section             Kind        Address     Size  Object
  -------             ----        -------     ----  ------
"A1":                                        0x188
  .intvec             ro code  0x08000000    0x188  startup_stm32f40_41xxx.o [1]
                             - 0x08000188    0x188

"P1":                                       0xef66
  .text               ro code  0x08000188   0x48a0  apptask.o [1]
  .text               ro code  0x08004a28    0x7c8  queue.o [1]
  .text               ro code  0x080051f0   0x128c  bsp_sdwe050c17.o [1]
  .text               ro code  0x0800647c    0x28c  product_cal.o [1]
  .text               ro code  0x08006708     0x66  ABImemset.o [5]
  .text               ro code  0x0800676e      0xa  xsprout.o [3]
  .text               ro code  0x08006778    0xc00  tasks.o [1]
  .text               ro code  0x08007378    0x380  bsp_w25qxx.o [1]
  .text               ro code  0x080076f8     0x4e  FltToDbl.o [4]
  .text               ro code  0x08007748     0x24  printf.o [3]
  .text               ro code  0x0800776c     0x76  ABImemcpy_unaligned.o [5]
  .text               ro code  0x080077e4     0x42  strcmp_unaligned.o [5]
  .text               ro code  0x08007828    0x21c  malloc.o [1]
  .text               ro code  0x08007a44     0x30  I32ToDbl.o [4]
  .text               ro code  0x08007a74    0x256  DblDiv.o [4]
  .text               ro code  0x08007ccc     0xe8  DblAdd.o [4]
  .text               ro code  0x08007db4    0x1a2  DblMul.o [4]
  .text               ro code  0x08007f58     0x58  DblToI32.o [4]
  .text               ro code  0x08007fb0     0x90  DblToFlt.o [4]
  .text               ro code  0x08008040     0x36  strlen.o [5]
  .text               ro code  0x08008078    0x548  para.o [1]
  .text               ro code  0x080085c0    0x25c  page_weimi.o [1]
  .text               ro code  0x0800881c     0x62  memcmp_unaligned.o [5]
  .text               ro code  0x08008880    0x360  bsp_servomotor.o [1]
  .text               ro code  0x08008be0     0xc0  bsp_led.o [1]
  .text               ro code  0x08008ca0     0xd4  bsp_closeSW.o [1]
  .text               ro code  0x08008d74    0x112  stm32f4xx_gpio.o [1]
  .text               ro code  0x08008e88    0x328  bsp_stepmotor.o [1]
  .text               ro code  0x080091b0    0x25c  encoder_tim.o [1]
  .text               ro code  0x0800940c    0x262  event_groups.o [1]
  .text               ro code  0x08009670    0x4a4  timers.o [1]
  .text               ro code  0x08009b14      0x8  bsp_watchdog.o [1]
  .text               ro code  0x08009b1c    0x24c  port.o [1]
  .text               ro code  0x08009d68     0x98  list.o [1]
  .text               ro code  0x08009e00    0x280  heap_4.o [1]
  .text               ro code  0x0800a080    0x1c4  stm32f4xx_rcc.o [1]
  .text               ro code  0x0800a244     0x74  bsp_dwt.o [1]
  .text               ro code  0x0800a2b8     0x34  sprintf.o [3]
  .text               ro code  0x0800a2ec    0xa10  bsp_uart_fifo.o [1]
  .text               ro code  0x0800acfc    0x204  bsp_timer.o [1]
  .text               ro code  0x0800af00    0x124  bsp_spi.o [1]
  .text               ro code  0x0800b024    0xd96  xprintffull_nomb.o [3]
  .text               ro code  0x0800bdbc    0x180  DblSub.o [4]
  .text               ro code  0x0800bf3c     0x44  strcpy_unaligned.o [5]
  .text               ro code  0x0800bf80    0x6f6  stm32f4xx_tim.o [1]
  .text               ro code  0x0800c678    0x304  stm32f4xx_dma.o [1]
  .text               ro code  0x0800c97c     0x88  misc.o [1]
  .text               ro code  0x0800ca04     0x54  stm32f4xx_syscfg.o [1]
  .text               ro code  0x0800ca58     0xc0  stm32f4xx_exti.o [1]
  .text               ro code  0x0800cb18    0x132  I64DivMod.o [5]
  .text               ro code  0x0800cc4c     0x10  stm32f4xx_iwdg.o [1]
  CODE                ro code  0x0800cc5c     0xa8  portasm.o [1]
  .text               ro code  0x0800cd04    0x254  stm32f4xx_usart.o [1]
  .text               ro code  0x0800cf58     0x74  stm32f4xx_spi.o [1]
  .text               ro code  0x0800cfcc     0x16  strchr.o [5]
  .text               ro code  0x0800cfe4     0x58  memchr.o [5]
  .text               ro code  0x0800d03c     0x42  xdnorm.o [4]
  .text               ro code  0x0800d080     0x2e  DblCmpLe.o [4]
  .text               ro code  0x0800d0b0     0x2e  DblCmpGe.o [4]
  .text               ro code  0x0800d0e0    0x114  xdscale.o [4]
  .text               ro code  0x0800d1f4     0x6c  localeconv.o [3]
  .text               ro code  0x0800d260      0xe  div.o [3]
  .text               ro code  0x0800d270      0x2  I64DivZer.o [5]
  .text               ro code  0x0800d274    0xc7e  usb_hcd_int.o [1]
  .text               ro code  0x0800def4    0x1c2  usb_core.o [1]
  .text               ro code  0x0800e0b8      0xc  usb_bsp.o [1]
  .text               ro code  0x0800e0c4    0x2e0  bsp_tim_pwm.o [1]
  .rodata             const    0x0800e3a4    0x190  product_cal.o [1]
  .text               ro code  0x0800e534    0x154  system_stm32f4xx.o [1]
  .text               ro code  0x0800e688     0xf8  bsp_sdio_sd.o [1]
  .text               ro code  0x0800e780     0x4c  stm32f4xx_sdio.o [1]
  .text               ro code  0x0800e7cc     0xd0  packbits_init.o [5]
  .text               ro code  0x0800e89c      0x6  abort.o [3]
  .text               ro code  0x0800e8a4     0x14  exit.o [6]
  .text               ro code  0x0800e8b8     0x48  bsp.o [1]
  .text               ro code  0x0800e900     0x44  bsp_relay.o [1]
  .text               ro code  0x0800e944     0x38  bsp_sw_onoff.o [1]
  .text               ro code  0x0800e97c     0x34  modbus.o [1]
  .text               ro code  0x0800e9b0     0x40  zero_init3.o [5]
  .text               ro code  0x0800e9f0     0x3c  SysInfoTest.o [1]
  .text               ro code  0x0800ea2c     0x38  stm32f4xx_it.o [1]
  .text               ro code  0x0800ea64     0x34  main.o [1]
  .rodata             const    0x0800ea98     0x2c  stm32f4xx_it.o [1]
  .text               ro code  0x0800eac4     0x28  data_init.o [5]
  .text               ro code  0x0800eaec     0x22  fpinit_M.o [4]
  .iar.init_table     const    0x0800eb10     0x34  - Linker created -
  .rodata             const    0x0800eb44     0x20  apptask.o [1]
  .rodata             const    0x0800eb64     0x20  apptask.o [1]
  .text               ro code  0x0800eb84     0x1e  usbh_core.o [1]
  .rodata             const    0x0800eba4     0x1c  apptask.o [1]
  .rodata             const    0x0800ebc0     0x1c  apptask.o [1]
  .rodata             const    0x0800ebdc     0x1c  apptask.o [1]
  .rodata             const    0x0800ebf8     0x1c  apptask.o [1]
  .rodata             const    0x0800ec14     0x1c  apptask.o [1]
  .rodata             const    0x0800ec30     0x1c  apptask.o [1]
  .rodata             const    0x0800ec4c     0x1c  apptask.o [1]
  .text               ro code  0x0800ec68     0x1a  cmain.o [5]
  .text               ro code  0x0800ec82      0x4  exit.o [3]
  .text               ro code  0x0800ec88      0xa  cexit.o [5]
  .rodata             const    0x0800ec94     0x18  apptask.o [1]
  .rodata             const    0x0800ecac     0x18  apptask.o [1]
  .rodata             const    0x0800ecc4     0x18  apptask.o [1]
  .text               ro code  0x0800ecdc     0x16  xprout.o [3]
  .text               ro code  0x0800ecf4      0xc  putchar.o [3]
  .rodata             const    0x0800ed00     0x14  apptask.o [1]
  .rodata             const    0x0800ed14     0x14  apptask.o [1]
  .rodata             const    0x0800ed28     0x14  apptask.o [1]
  .rodata             const    0x0800ed3c     0x14  apptask.o [1]
  .rodata             const    0x0800ed50     0x14  apptask.o [1]
  .rodata             const    0x0800ed64     0x14  apptask.o [1]
  .rodata             const    0x0800ed78     0x10  apptask.o [1]
  .rodata             const    0x0800ed88     0x10  apptask.o [1]
  .rodata             const    0x0800ed98     0x10  apptask.o [1]
  .rodata             const    0x0800eda8     0x10  bsp_sdwe050c17.o [1]
  .rodata             const    0x0800edb8     0x10  main.o [1]
  .rodata             const    0x0800edc8     0x10  main.o [1]
  .text               ro code  0x0800edd8     0x10  startup_stm32f40_41xxx.o [1]
  .text               ro code  0x0800ede8     0x10  usbh_it.o [1]
  .rodata             const    0x0800edf8      0xc  apptask.o [1]
  .rodata             const    0x0800ee04      0xc  apptask.o [1]
  .rodata             const    0x0800ee10      0xc  apptask.o [1]
  .rodata             const    0x0800ee1c      0xc  apptask.o [1]
  .rodata             const    0x0800ee28      0xc  apptask.o [1]
  .rodata             const    0x0800ee34      0xc  apptask.o [1]
  .rodata             const    0x0800ee40      0xc  apptask.o [1]
  .rodata             const    0x0800ee4c      0xc  apptask.o [1]
  .rodata             const    0x0800ee58      0xc  apptask.o [1]
  .rodata             const    0x0800ee64      0xc  apptask.o [1]
  .rodata             const    0x0800ee70      0xc  apptask.o [1]
  .rodata             const    0x0800ee7c      0xc  apptask.o [1]
  .rodata             const    0x0800ee88      0xc  apptask.o [1]
  .rodata             const    0x0800ee94      0xc  apptask.o [1]
  .rodata             const    0x0800eea0      0xc  apptask.o [1]
  .rodata             const    0x0800eeac      0xc  apptask.o [1]
  .rodata             const    0x0800eeb8      0xc  apptask.o [1]
  .rodata             const    0x0800eec4      0xc  apptask.o [1]
  .rodata             const    0x0800eed0      0xc  apptask.o [1]
  .text               ro code  0x0800eedc      0xc  cstartup_M.o [5]
  .rodata             const    0x0800eee8      0x8  apptask.o [1]
  .rodata             const    0x0800eef0      0x8  apptask.o [1]
  .rodata             const    0x0800eef8      0x8  apptask.o [1]
  .rodata             const    0x0800ef00      0x8  apptask.o [1]
  .rodata             const    0x0800ef08      0x8  apptask.o [1]
  .rodata             const    0x0800ef10      0x8  bsp_sdwe050c17.o [1]
  .rodata             const    0x0800ef18      0x8  bsp_w25qxx.o [1]
  .rodata             const    0x0800ef20      0x8  malloc.o [1]
  .rodata             const    0x0800ef28      0x8  malloc.o [1]
  .rodata             const    0x0800ef30      0x8  malloc.o [1]
  .rodata             const    0x0800ef38      0x8  para.o [1]
  .rodata             const    0x0800ef40      0x8  para.o [1]
  .rodata             const    0x0800ef48      0x8  para.o [1]
  .rodata             const    0x0800ef50      0x8  tasks.o [1]
  .rodata             const    0x0800ef58      0x8  timers.o [1]
  .rodata             const    0x0800ef60      0x4  heap_4.o [1]
  .rodata             const    0x0800ef64      0x4  port.o [1]
  .text               ro code  0x0800ef68      0x4  startup_stm32f40_41xxx.o [1]
  .text               ro code  0x0800ef6c      0x4  startup_stm32f40_41xxx.o [1]
  .text               ro code  0x0800ef70      0x4  startup_stm32f40_41xxx.o [1]
  .text               ro code  0x0800ef74      0x4  startup_stm32f40_41xxx.o [1]
  .text               ro code  0x0800ef78      0x4  startup_stm32f40_41xxx.o [1]
  .text               ro code  0x0800ef7c      0x4  startup_stm32f40_41xxx.o [1]
  .text               ro code  0x0800ef80      0x4  startup_stm32f40_41xxx.o [1]
  .text               ro code  0x0800ef84      0x4  startup_stm32f40_41xxx.o [1]
  .text               ro code  0x0800ef88      0x4  startup_stm32f40_41xxx.o [1]
  .text               ro code  0x0800ef8c      0x4  startup_stm32f40_41xxx.o [1]
  .text               ro code  0x0800ef90      0x4  startup_stm32f40_41xxx.o [1]
  .text               ro code  0x0800ef94      0x4  startup_stm32f40_41xxx.o [1]
  .text               ro code  0x0800ef98      0x4  startup_stm32f40_41xxx.o [1]
  .text               ro code  0x0800ef9c      0x4  startup_stm32f40_41xxx.o [1]
  .text               ro code  0x0800efa0      0x4  startup_stm32f40_41xxx.o [1]
  .text               ro code  0x0800efa4      0x4  startup_stm32f40_41xxx.o [1]
  .text               ro code  0x0800efa8      0x4  startup_stm32f40_41xxx.o [1]
  .text               ro code  0x0800efac      0x4  startup_stm32f40_41xxx.o [1]
  .text               ro code  0x0800efb0      0x4  startup_stm32f40_41xxx.o [1]
  .text               ro code  0x0800efb4      0x4  startup_stm32f40_41xxx.o [1]
  .text               ro code  0x0800efb8      0x4  startup_stm32f40_41xxx.o [1]
  .text               ro code  0x0800efbc      0x4  startup_stm32f40_41xxx.o [1]
  .text               ro code  0x0800efc0      0x4  startup_stm32f40_41xxx.o [1]
  .text               ro code  0x0800efc4      0x4  startup_stm32f40_41xxx.o [1]
  .text               ro code  0x0800efc8      0x4  startup_stm32f40_41xxx.o [1]
  .text               ro code  0x0800efcc      0x4  startup_stm32f40_41xxx.o [1]
  .text               ro code  0x0800efd0      0x4  startup_stm32f40_41xxx.o [1]
  .text               ro code  0x0800efd4      0x4  startup_stm32f40_41xxx.o [1]
  .text               ro code  0x0800efd8      0x4  startup_stm32f40_41xxx.o [1]
  .text               ro code  0x0800efdc      0x4  startup_stm32f40_41xxx.o [1]
  .text               ro code  0x0800efe0      0x4  startup_stm32f40_41xxx.o [1]
  .text               ro code  0x0800efe4      0x4  startup_stm32f40_41xxx.o [1]
  .text               ro code  0x0800efe8      0x4  startup_stm32f40_41xxx.o [1]
  .text               ro code  0x0800efec      0x4  startup_stm32f40_41xxx.o [1]
  .text               ro code  0x0800eff0      0x4  startup_stm32f40_41xxx.o [1]
  .text               ro code  0x0800eff4      0x4  startup_stm32f40_41xxx.o [1]
  .text               ro code  0x0800eff8      0x4  startup_stm32f40_41xxx.o [1]
  .text               ro code  0x0800effc      0x4  startup_stm32f40_41xxx.o [1]
  .text               ro code  0x0800f000      0x4  startup_stm32f40_41xxx.o [1]
  .text               ro code  0x0800f004      0x4  startup_stm32f40_41xxx.o [1]
  .text               ro code  0x0800f008      0x4  startup_stm32f40_41xxx.o [1]
  .text               ro code  0x0800f00c      0x4  startup_stm32f40_41xxx.o [1]
  .text               ro code  0x0800f010      0x4  startup_stm32f40_41xxx.o [1]
  .text               ro code  0x0800f014      0x4  startup_stm32f40_41xxx.o [1]
  .text               ro code  0x0800f018      0x4  startup_stm32f40_41xxx.o [1]
  .text               ro code  0x0800f01c      0x4  startup_stm32f40_41xxx.o [1]
  .text               ro code  0x0800f020      0x4  startup_stm32f40_41xxx.o [1]
  .text               ro code  0x0800f024      0x4  startup_stm32f40_41xxx.o [1]
  .text               ro code  0x0800f028      0x4  startup_stm32f40_41xxx.o [1]
  .text               ro code  0x0800f02c      0x4  startup_stm32f40_41xxx.o [1]
  .text               ro code  0x0800f030      0x4  startup_stm32f40_41xxx.o [1]
  .text               ro code  0x0800f034      0x4  startup_stm32f40_41xxx.o [1]
  .text               ro code  0x0800f038      0x4  startup_stm32f40_41xxx.o [1]
  .text               ro code  0x0800f03c      0x4  startup_stm32f40_41xxx.o [1]
  .text               ro code  0x0800f040      0x4  startup_stm32f40_41xxx.o [1]
  .text               ro code  0x0800f044      0x4  startup_stm32f40_41xxx.o [1]
  .text               ro code  0x0800f048      0x4  startup_stm32f40_41xxx.o [1]
  .text               ro code  0x0800f04c      0x4  startup_stm32f40_41xxx.o [1]
  .text               ro code  0x0800f050      0x4  startup_stm32f40_41xxx.o [1]
  .text               ro code  0x0800f054      0x4  startup_stm32f40_41xxx.o [1]
  .text               ro code  0x0800f058      0x4  startup_stm32f40_41xxx.o [1]
  .text               ro code  0x0800f05c      0x4  startup_stm32f40_41xxx.o [1]
  .text               ro code  0x0800f060      0x4  startup_stm32f40_41xxx.o [1]
  .text               ro code  0x0800f064      0x4  startup_stm32f40_41xxx.o [1]
  .text               ro code  0x0800f068      0x4  startup_stm32f40_41xxx.o [1]
  .text               ro code  0x0800f06c      0x4  startup_stm32f40_41xxx.o [1]
  .text               ro code  0x0800f070      0x4  startup_stm32f40_41xxx.o [1]
  .text               ro code  0x0800f074      0x4  startup_stm32f40_41xxx.o [1]
  .rodata             const    0x0800f078      0x0  zero_init3.o [5]
  .rodata             const    0x0800f078      0x0  packbits_init.o [5]
  Initializer bytes   const    0x0800f078     0x76  <for P2 s0>
                             - 0x0800f0ee   0xef66

"P2":                                      0x1ed30
  P2 s0                        0x20000000    0x125  <Init block>
    __DLIB_PERTHREAD  inited   0x20000000     0x88  localeconv.o [3]
    .data             inited   0x20000088     0x40  xfiles.o [3]
    .data             inited   0x200000c8     0x1c  malloc.o [1]
    .data             inited   0x200000e4     0x14  bsp_servomotor.o [1]
    .data             inited   0x200000f8     0x10  stm32f4xx_rcc.o [1]
    .data             inited   0x20000108      0xc  usbh_core.o [1]
    .data             inited   0x20000114      0x4  port.o [1]
    .data             inited   0x20000118      0x4  system_stm32f4xx.o [1]
    .data             inited   0x2000011c      0x4  usbh_core.o [1]
    .data             inited   0x20000120      0x2  bsp_w25qxx.o [1]
    .data             inited   0x20000122      0x1  apptask.o [1]
    .data             inited   0x20000123      0x1  encoder_tim.o [1]
    .data             inited   0x20000124      0x1  page_weimi.o [1]
  .bss                zero     0x20000128  0x11800  heap_4.o [1]
  .bss                zero     0x20011928   0xa000  malloc.o [1]
  .bss                zero     0x2001b928   0x1000  bsp_w25qxx.o [1]
  .bss                zero     0x2001c928    0xa00  malloc.o [1]
  .bss                zero     0x2001d328    0x5ac  usbh_usr.o [1]
  .bss                zero     0x2001d8d4    0x3e8  bsp_uart_fifo.o [1]
  .bss                zero     0x2001dcbc    0x140  tasks.o [1]
  .bss                zero     0x2001ddfc    0x12c  page_weimi.o [1]
  .bss                zero     0x2001df28     0xd4  protocol.o [1]
  .bss                zero     0x2001dffc     0xa4  protocol.o [1]
  .bss                zero     0x2001e0a0     0x98  para.o [1]
  .bss                zero     0x2001e138     0x64  bsp_uart_fifo.o [1]
  .bss                zero     0x2001e19c     0x64  bsp_uart_fifo.o [1]
  .bss                zero     0x2001e200     0x58  protocol.o [1]
  .bss                zero     0x2001e258     0x50  xfiles.o [3]
  .bss                zero     0x2001e2a8     0x34  bsp_sdwe050c17.o [1]
  .bss                zero     0x2001e2dc     0x30  product_cal.o [1]
  .bss                zero     0x2001e30c     0x28  product_cal.o [1]
  .bss                zero     0x2001e334     0x18  page_weimi.o [1]
  .bss                zero     0x2001e34c     0x14  rc522.o [1]
  .bss                zero     0x2001e360     0x14  tasks.o [1]
  .bss                zero     0x2001e374     0x14  tasks.o [1]
  .bss                zero     0x2001e388     0x14  tasks.o [1]
  .bss                zero     0x2001e39c     0x14  tasks.o [1]
  .bss                zero     0x2001e3b0     0x14  tasks.o [1]
  .bss                zero     0x2001e3c4     0x14  timers.o [1]
  .bss                zero     0x2001e3d8     0x14  timers.o [1]
  .bss                zero     0x2001e3ec     0x10  encoder_tim.o [1]
  .bss                zero     0x2001e3fc      0xc  apptask.o [1]
  .bss                zero     0x2001e408      0xc  protocol.o [1]
  .bss                zero     0x2001e414      0xc  protocol.o [1]
  .bss                zero     0x2001e420      0x8  heap_4.o [1]
  .bss                zero     0x2001e428      0x8  modbus.o [1]
  .bss                zero     0x2001e430      0x8  protocol.o [1]
  .bss                zero     0x2001e438      0x4  apptask.o [1]
  .bss                zero     0x2001e43c      0x4  apptask.o [1]
  .bss                zero     0x2001e440      0x4  apptask.o [1]
  .bss                zero     0x2001e444      0x4  apptask.o [1]
  .bss                zero     0x2001e448      0x4  apptask.o [1]
  .bss                zero     0x2001e44c      0x4  apptask.o [1]
  .bss                zero     0x2001e450      0x4  apptask.o [1]
  .bss                zero     0x2001e454      0x4  apptask.o [1]
  .bss                zero     0x2001e458      0x4  apptask.o [1]
  .bss                zero     0x2001e45c      0x4  apptask.o [1]
  .bss                zero     0x2001e460      0x4  apptask.o [1]
  .bss                zero     0x2001e464      0x4  apptask.o [1]
  .bss                zero     0x2001e468      0x4  apptask.o [1]
  .bss                zero     0x2001e46c      0x4  apptask.o [1]
  .bss                zero     0x2001e470      0x4  apptask.o [1]
  .bss                zero     0x2001e474      0x4  apptask.o [1]
  .bss                zero     0x2001e478      0x4  apptask.o [1]
  .bss                zero     0x2001e47c      0x4  bsp_sdio_sd.o [1]
  .bss                zero     0x2001e480      0x4  bsp_sdio_sd.o [1]
  .bss                zero     0x2001e484      0x4  bsp_timer.o [1]
  .bss                zero     0x2001e488      0x4  bsp_timer.o [1]
  .bss                zero     0x2001e48c      0x4  bsp_timer.o [1]
  .bss                zero     0x2001e490      0x4  bsp_timer.o [1]
  .bss                zero     0x2001e494      0x4  heap_4.o [1]
  .bss                zero     0x2001e498      0x4  heap_4.o [1]
  .bss                zero     0x2001e49c      0x4  heap_4.o [1]
  .bss                zero     0x2001e4a0      0x4  heap_4.o [1]
  .bss                zero     0x2001e4a4      0x4  port.o [1]
  .bss                zero     0x2001e4a8      0x4  product_cal.o [1]
  .bss                zero     0x2001e4ac      0x4  product_cal.o [1]
  .bss                zero     0x2001e4b0      0x4  SysInfoTest.o [1]
  .bss                zero     0x2001e4b4      0x4  tasks.o [1]
  .bss                zero     0x2001e4b8      0x4  tasks.o [1]
  .bss                zero     0x2001e4bc      0x4  tasks.o [1]
  .bss                zero     0x2001e4c0      0x4  tasks.o [1]
  .bss                zero     0x2001e4c4      0x4  tasks.o [1]
  .bss                zero     0x2001e4c8      0x4  tasks.o [1]
  .bss                zero     0x2001e4cc      0x4  tasks.o [1]
  .bss                zero     0x2001e4d0      0x4  tasks.o [1]
  .bss                zero     0x2001e4d4      0x4  tasks.o [1]
  .bss                zero     0x2001e4d8      0x4  tasks.o [1]
  .bss                zero     0x2001e4dc      0x4  tasks.o [1]
  .bss                zero     0x2001e4e0      0x4  tasks.o [1]
  .bss                zero     0x2001e4e4      0x4  tasks.o [1]
  .bss                zero     0x2001e4e8      0x4  tasks.o [1]
  .bss                zero     0x2001e4ec      0x4  tasks.o [1]
  .bss                zero     0x2001e4f0      0x4  tasks.o [1]
  .bss                zero     0x2001e4f4      0x4  timers.o [1]
  .bss                zero     0x2001e4f8      0x4  timers.o [1]
  .bss                zero     0x2001e4fc      0x4  timers.o [1]
  .bss                zero     0x2001e500      0x4  timers.o [1]
  .bss                zero     0x2001e504      0x2  apptask.o [1]
  .bss                zero     0x2001e506      0x2  apptask.o [1]
  .bss                zero     0x2001e508      0x2  apptask.o [1]
  .bss                zero     0x2001e50a      0x2  apptask.o [1]
  .bss                zero     0x2001e50c      0x2  apptask.o [1]
  .bss                zero     0x2001e50e      0x2  bsp_sdwe050c17.o [1]
  .bss                zero     0x2001e510      0x2  encoder_tim.o [1]
  .bss                zero     0x2001e512      0x2  encoder_tim.o [1]
  .bss                zero     0x2001e514      0x2  page_weimi.o [1]
  .bss                zero     0x2001e516      0x2  page_weimi.o [1]
  .bss                zero     0x2001e518      0x2  product_cal.o [1]
  .bss                zero     0x2001e51a      0x1  apptask.o [1]
  .bss                zero     0x2001e51b      0x1  apptask.o [1]
  .bss                zero     0x2001e51c      0x1  apptask.o [1]
  .bss                zero     0x2001e51d      0x1  apptask.o [1]
  .bss                zero     0x2001e51e      0x1  apptask.o [1]
  .bss                zero     0x2001e51f      0x1  apptask.o [1]
  .bss                zero     0x2001e520      0x1  apptask.o [1]
  .bss                zero     0x2001e521      0x1  apptask.o [1]
  .bss                zero     0x2001e522      0x1  bsp_sdio_sd.o [1]
  .bss                zero     0x2001e523      0x1  bsp_sdwe050c17.o [1]
  .bss                zero     0x2001e524      0x1  bsp_uart_fifo.o [1]
  .bss                zero     0x2001e525      0x1  page_weimi.o [1]
  .bss                zero     0x2001e526      0x1  page_weimi.o [1]
  .bss                zero     0x2001e527      0x1  page_weimi.o [1]
  .bss                zero     0x2001e528      0x1  page_weimi.o [1]
  .bss                zero     0x2001e529      0x1  port.o [1]
  .bss                zero     0x2001e52a      0x1  product_cal.o [1]
  .bss                zero     0x2001e52b      0x1  product_cal.o [1]
  .bss                zero     0x2001e52c      0x1  product_cal.o [1]
  .bss                zero     0x2001e52d      0x1  protocol.o [1]
  .bss                zero     0x2001e52e      0x1  rc522.o [1]
  .bss                zero     0x2001e52f      0x1  rc522.o [1]
  CSTACK                       0x2001e530    0x800  <Block>
    CSTACK            uninit   0x2001e530    0x800  <Block tail>
                             - 0x2001ed30  0x1ed30

Absolute sections:                         0xff000
  .bss                zero     0x68000000  0xf0000  malloc.o [1]
  .bss                zero     0x680f0000   0xf000  malloc.o [1]
                             - 0x680ff000  0xff000


*******************************************************************************
*** INIT TABLE
***

          Address     Size
          -------     ----
Zero (__iar_zero_init3)
    2 destination ranges, total size 0x11d408:
          0x20000128  0x1e408
          0x68000000  0xff000

Copy/packbits (__iar_packbits_init3)
    1 source range, total size 0x76 (40% of destination):
          0x0800f078     0x76
    1 destination range, total size 0x125:
          0x20000000    0x125



*******************************************************************************
*** MODULE SUMMARY
***

    Module                    ro code  ro data  rw data    rw data
                                                            (abs)
    ------                    -------  -------  -------    -------
E:\work\YarnControl_Driver\src\stm32f4_rtos\Project\EWARMv7\Flash\Obj: [1]
    SysInfoTest.o                  60                 4
    apptask.o                  18 592      769       99
    bsp.o                          72
    bsp_closeSW.o                 212
    bsp_dwt.o                     116
    bsp_led.o                     192
    bsp_relay.o                    68
    bsp_sdio_sd.o                 248                 9
    bsp_sdwe050c17.o            4 748       24       55
    bsp_servomotor.o              864        8       20
    bsp_spi.o                     292
    bsp_stepmotor.o               808
    bsp_sw_onoff.o                 56
    bsp_tim_pwm.o                 736
    bsp_timer.o                   516                16
    bsp_uart_fifo.o             2 576             1 201
    bsp_w25qxx.o                  896        9    4 098
    bsp_watchdog.o                  8
    encoder_tim.o                 604                21
    event_groups.o                610
    heap_4.o                      640        4   71 704
    list.o                        152
    main.o                         52       32
    malloc.o                      540       35   43 548  1 044 480
    misc.o                        136
    modbus.o                       52                 8
    page_weimi.o                  604        1      333
    para.o                      1 352       24      152
    port.o                        588        5        9
    portasm.o                     168
    product_cal.o                 652      400      101
    protocol.o                                      497
    queue.o                     1 992
    rc522.o                                          22
    startup_stm32f40_41xxx.o      680
    stm32f4xx_dma.o               772
    stm32f4xx_exti.o              192
    stm32f4xx_gpio.o              274
    stm32f4xx_it.o                 56       44
    stm32f4xx_iwdg.o               16
    stm32f4xx_rcc.o               452        7       16
    stm32f4xx_sdio.o               76
    stm32f4xx_spi.o               116
    stm32f4xx_syscfg.o             84
    stm32f4xx_tim.o             1 782
    stm32f4xx_usart.o             596
    system_stm32f4xx.o            340        2        4
    tasks.o                     3 072        8      484
    timers.o                    1 188        8       56
    usb_bsp.o                      12
    usb_core.o                    450
    usb_hcd_int.o               3 198
    usbh_core.o                    30        6       16
    usbh_it.o                      16
    usbh_usr.o                                    1 452
    --------------------------------------------------------------
    Total:                     52 604    1 386  123 925  1 044 480

command line: [2]
    --------------------------------------------------------------
    Total:

dl7M_tlf.a: [3]
    abort.o                         6
    div.o                          14
    exit.o                          4
    localeconv.o                  108       54      136
    printf.o                       36
    putchar.o                      12
    sprintf.o                      52
    xfiles.o                                26      144
    xprintffull_nomb.o          3 478
    xprout.o                       22
    xsprout.o                      10
    --------------------------------------------------------------
    Total:                      3 742       80      280

m7M_tls.a: [4]
    DblAdd.o                      232
    DblCmpGe.o                     46
    DblCmpLe.o                     46
    DblDiv.o                      598
    DblMul.o                      418
    DblSub.o                      384
    DblToFlt.o                    144
    DblToI32.o                     88
    FltToDbl.o                     78
    I32ToDbl.o                     48
    fpinit_M.o                     34
    xdnorm.o                       66
    xdscale.o                     276
    --------------------------------------------------------------
    Total:                      2 458

rt7M_tl.a: [5]
    ABImemcpy_unaligned.o         118
    ABImemset.o                   102
    I64DivMod.o                   306
    I64DivZer.o                     2
    cexit.o                        10
    cmain.o                        26
    cstartup_M.o                   12
    data_init.o                    40
    memchr.o                       88
    memcmp_unaligned.o             98
    packbits_init.o               208
    strchr.o                       22
    strcmp_unaligned.o             66
    strcpy_unaligned.o             68
    strlen.o                       54
    zero_init3.o                   64
    --------------------------------------------------------------
    Total:                      1 284

shb_l.a: [6]
    exit.o                         20
    --------------------------------------------------------------
    Total:                         20

    Gaps                           46        6        3
    Linker created                          52    2 048
------------------------------------------------------------------
    Grand Total:               60 154    1 524  126 256  1 044 480


*******************************************************************************
*** ENTRY LIST
***

Entry                      Address     Size  Type      Object
-----                      -------     ----  ----      ------
.iar.init_table$$Base   0x0800eb10            --   Gb  - Linker created -
.iar.init_table$$Limit  0x0800eb44            --   Gb  - Linker created -
?main                   0x0800ec69           Code  Gb  cmain.o [5]
APBAHBPrescTable        0x200000f8     0x10  Data  Lc  stm32f4xx_rcc.o [1]
AppObjCreate            0x080043e5    0x194  Code  Gb  apptask.o [1]
AppTaskCreate           0x0800432d     0xb8  Code  Gb  apptask.o [1]
BusFault_Handler        0x0800ea5f      0x2  Code  Gb  stm32f4xx_it.o [1]
CSTACK$$Base            0x2001e530            --   Gb  - Linker created -
CSTACK$$Limit           0x2001ed30            --   Gb  - Linker created -
ConfigExitNVIC          0x08008d0b     0x22  Code  Gb  bsp_closeSW.o [1]
ConfigUartNVIC          0x0800a73f     0x7c  Code  Lc  bsp_uart_fifo.o [1]
DMA1_Stream0_IRQHandler
                        0x08008b81     0x1c  Code  Gb  bsp_servomotor.o [1]
DMA1_Stream3_IRQHandler
                        0x08008b9d     0x1c  Code  Gb  bsp_servomotor.o [1]
DMA2_Stream3_IRQHandler
                        0x0800e779      0x8  Code  Gb  bsp_sdio_sd.o [1]
DMAEndOfTransfer        0x2001e480      0x4  Data  Gb  bsp_sdio_sd.o [1]
DMA_ClearFlag           0x0800c843     0x24  Code  Gb  stm32f4xx_dma.o [1]
DMA_Cmd                 0x0800c811     0x1a  Code  Gb  stm32f4xx_dma.o [1]
DMA_DeInit              0x0800c679    0x140  Code  Gb  stm32f4xx_dma.o [1]
DMA_GetCmdStatus        0x0800c82b     0x18  Code  Gb  stm32f4xx_dma.o [1]
DMA_GetITStatus         0x0800c8a9     0x62  Code  Gb  stm32f4xx_dma.o [1]
DMA_ITConfig            0x0800c867     0x42  Code  Gb  stm32f4xx_dma.o [1]
DMA_Init                0x0800c7b9     0x58  Code  Gb  stm32f4xx_dma.o [1]
DebugMon_Handler        0x0800ea63      0x2  Code  Gb  stm32f4xx_it.o [1]
Disk_File               0x2001df28     0xd4  Data  Gb  protocol.o [1]
ENC_Calc_Average_Speed  0x08009393      0xe  Code  Gb  encoder_tim.o [1]
ENC_Calc_Rot_Speed      0x080092b9     0xda  Code  Gb  encoder_tim.o [1]
ENC_Clear_Speed_Buffer  0x0800929d     0x1c  Code  Gb  encoder_tim.o [1]
ENC_Init                0x080091b1     0xec  Code  Gb  encoder_tim.o [1]
EXTI9_5_IRQHandler      0x08008d2d     0x3c  Code  Gb  bsp_closeSW.o [1]
EXTI_ClearITPendingBit  0x0800cafb      0x6  Code  Gb  stm32f4xx_exti.o [1]
EXTI_GetITStatus        0x0800cae1     0x1a  Code  Gb  stm32f4xx_exti.o [1]
EXTI_Init               0x0800ca59     0x88  Code  Gb  stm32f4xx_exti.o [1]
GPIO_Init               0x08008d75     0xaa  Code  Gb  stm32f4xx_gpio.o [1]
GPIO_PinAFConfig        0x08008e2d     0x5a  Code  Gb  stm32f4xx_gpio.o [1]
GPIO_WriteBit           0x08008e1f      0xe  Code  Gb  stm32f4xx_gpio.o [1]
HardFault_Handler       0x0800ea2f     0x22  Code  Gb  stm32f4xx_it.o [1]
IWDG_Feed               0x08009b15      0x8  Code  Gb  bsp_watchdog.o [1]
IWDG_ReloadCounter      0x0800cc4d      0xa  Code  Gb  stm32f4xx_iwdg.o [1]
InStream_Read           0x0800e7cd     0x22  Code  Lc  packbits_init.o [5]
InitHardUart            0x0800a355    0x3ea  Code  Lc  bsp_uart_fifo.o [1]
Init_JINGSHA_GUI        0x08005237    0x122  Code  Gb  bsp_sdwe050c17.o [1]
JingSha_File            0x2001e200     0x58  Data  Gb  protocol.o [1]
LoadInt                 0x0800b5b1     0x6e  Code  Lc  xprintffull_nomb.o [3]
MemManage_Handler       0x0800ea5d      0x2  Code  Gb  stm32f4xx_it.o [1]
MotorProcess            0x2001e334     0x18  Data  Gb  page_weimi.o [1]
MotorStepCount          0x080085c1     0x68  Code  Gb  page_weimi.o [1]
NMI_Handler             0x0800ea2d      0x2  Code  Gb  stm32f4xx_it.o [1]
NVIC_Init               0x0800c987     0x6a  Code  Gb  misc.o [1]
NVIC_PriorityGroupConfig
                        0x0800c97d      0xa  Code  Gb  misc.o [1]
OTG_FS_IRQHandler       0x0800ede9     0x10  Code  Gb  usbh_it.o [1]
PendSV_Handler          0x0800cc5d           Code  Gb  portasm.o [1]
RCC_AHB1PeriphClockCmd  0x0800a183     0x22  Code  Gb  stm32f4xx_rcc.o [1]
RCC_APB1PeriphClockCmd  0x0800a1a5     0x1e  Code  Gb  stm32f4xx_rcc.o [1]
RCC_APB1PeriphResetCmd  0x0800a1e1     0x1e  Code  Gb  stm32f4xx_rcc.o [1]
RCC_APB2PeriphClockCmd  0x0800a1c3     0x1e  Code  Gb  stm32f4xx_rcc.o [1]
RCC_APB2PeriphResetCmd  0x0800a1ff     0x1e  Code  Gb  stm32f4xx_rcc.o [1]
RCC_GetClocksFreq       0x0800a081    0x102  Code  Gb  stm32f4xx_rcc.o [1]
RS485_InitTXE           0x0800a321     0x34  Code  Gb  bsp_uart_fifo.o [1]
Region$$Table$$Base     0x0800eb10            --   Gb  - Linker created -
Region$$Table$$Limit    0x0800eb44            --   Gb  - Linker created -
SDIO_ClearITPendingBit  0x0800e7b9      0x6  Code  Gb  stm32f4xx_sdio.o [1]
SDIO_GetITStatus        0x0800e79f     0x1a  Code  Gb  stm32f4xx_sdio.o [1]
SDIO_IRQHandler         0x0800e771      0x8  Code  Gb  bsp_sdio_sd.o [1]
SDIO_ITConfig           0x0800e781     0x1e  Code  Gb  stm32f4xx_sdio.o [1]
SDWE_WARNNING           0x080054e1     0x2a  Code  Gb  bsp_sdwe050c17.o [1]
SD_ProcessDMAIRQ        0x0800e737     0x22  Code  Gb  bsp_sdio_sd.o [1]
SD_ProcessIRQSrc        0x0800e689     0xae  Code  Gb  bsp_sdio_sd.o [1]
SPI1_Init               0x0800af01     0xc0  Code  Gb  bsp_spi.o [1]
SPI1_ReadWriteByte      0x0800afe9     0x32  Code  Gb  bsp_spi.o [1]
SPI1_SetSpeed           0x0800afc1     0x28  Code  Gb  bsp_spi.o [1]
SPI_Cmd                 0x0800cf99     0x1c  Code  Gb  stm32f4xx_spi.o [1]
SPI_I2S_GetFlagStatus   0x0800cfb5     0x18  Code  Gb  stm32f4xx_spi.o [1]
SPI_Init                0x0800cf59     0x40  Code  Gb  stm32f4xx_spi.o [1]
SRC_Buffer              0x200000e4     0x14  Data  Gb  bsp_servomotor.o [1]
SVC_Handler             0x0800ccb5           Code  Gb  portasm.o [1]
SYSCFG_EXTILineConfig   0x0800ca05     0x50  Code  Gb  stm32f4xx_syscfg.o [1]
Sdwe_change_class_time  0x08005bb9     0x30  Code  Gb  bsp_sdwe050c17.o [1]
Sdwe_clearString        0x0800550b     0x5a  Code  Gb  bsp_sdwe050c17.o [1]
Sdwe_clear_filename     0x080055f9     0x60  Code  Gb  bsp_sdwe050c17.o [1]
Sdwe_disDigi            0x080053a9     0xb0  Code  Gb  bsp_sdwe050c17.o [1]
Sdwe_disPicture         0x08005359     0x50  Code  Gb  bsp_sdwe050c17.o [1]
Sdwe_disString          0x08005459     0x88  Code  Gb  bsp_sdwe050c17.o [1]
Sdwe_hidden_page        0x08005c51     0x30  Code  Gb  bsp_sdwe050c17.o [1]
Sdwe_peiliao_page       0x08005a6d    0x12a  Code  Gb  bsp_sdwe050c17.o [1]
Sdwe_period_page        0x08005be9     0x68  Code  Gb  bsp_sdwe050c17.o [1]
Sdwe_product_page       0x08005895    0x1d2  Code  Gb  bsp_sdwe050c17.o [1]
Sdwe_ratio_display      0x08005b97     0x22  Code  Gb  bsp_sdwe050c17.o [1]
Sdwe_readRTC            0x080055c3     0x36  Code  Gb  bsp_sdwe050c17.o [1]
Sdwe_refresh_allname    0x0800584d     0x48  Code  Gb  bsp_sdwe050c17.o [1]
Sdwe_refresh_filename   0x08005659    0x1f4  Code  Gb  bsp_sdwe050c17.o [1]
Sdwe_writeIcon          0x08005565     0x5e  Code  Gb  bsp_sdwe050c17.o [1]
ServoMotorRunning       0x08008b65     0x1c  Code  Gb  bsp_servomotor.o [1]
SetSysClock             0x0800e587     0xce  Code  Lc  system_stm32f4xx.o [1]
SlavePara               0x2001dffc     0xa4  Data  Gb  protocol.o [1]
StepMotor_adjust_speed  0x080090cd     0x4e  Code  Gb  bsp_stepmotor.o [1]
StepMotor_start         0x08009157     0x3c  Code  Gb  bsp_stepmotor.o [1]
StepMotor_stop          0x0800911b     0x3c  Code  Gb  bsp_stepmotor.o [1]
SysTick_Handler         0x08009ca3     0x2c  Code  Gb  port.o [1]
SystemCoreClock         0x20000118      0x4  Data  Gb  system_stm32f4xx.o [1]
SystemInit              0x0800e535     0x52  Code  Gb  system_stm32f4xx.o [1]
TI1_Config              0x0800c57b     0x38  Code  Lc  stm32f4xx_tim.o [1]
TI2_Config              0x0800c5b3     0x42  Code  Lc  stm32f4xx_tim.o [1]
TI3_Config              0x0800c5f5     0x40  Code  Lc  stm32f4xx_tim.o [1]
TI4_Config              0x0800c635     0x42  Code  Lc  stm32f4xx_tim.o [1]
TIM1_PWM_SETPMOTOR      0x08008ff9     0x6e  Code  Gb  bsp_stepmotor.o [1]
TIM2_IRQHandler         0x0800ae3d     0xac  Code  Gb  bsp_timer.o [1]
TIM3_PWM_SETPMOTOR      0x08008f93     0x66  Code  Gb  bsp_stepmotor.o [1]
TIM4_CH1_ConfigPwmOut   0x08008881     0x1c  Code  Gb  bsp_servomotor.o [1]
TIM4_CH1_GPIO_Configuration
                        0x0800890b     0x6a  Code  Gb  bsp_servomotor.o [1]
TIM4_CH1_PWMDMA_Config  0x08008a87     0xb0  Code  Gb  bsp_servomotor.o [1]
TIM4_CH1_StartPwmOut    0x0800889d     0x36  Code  Gb  bsp_servomotor.o [1]
TIM4_CH1_StopPwmOut     0x080088d3     0x38  Code  Gb  bsp_servomotor.o [1]
TIM4_CH2_StopPwmOut     0x08008b37     0x2e  Code  Gb  bsp_servomotor.o [1]
TIM4_MANUAL_PWM_Config  0x08008a03     0x78  Code  Gb  bsp_servomotor.o [1]
TIM4_MANUAL_PWM_Stop    0x08008a7b      0xc  Code  Gb  bsp_servomotor.o [1]
TIM4_PWM_Config         0x08008975     0x8e  Code  Gb  bsp_servomotor.o [1]
TIM5_PWM_SETPMOTOR      0x08009067     0x66  Code  Gb  bsp_stepmotor.o [1]
TIM6_DAC_IRQHandler     0x0800ea03     0x22  Code  Gb  SysInfoTest.o [1]
TIM8_UP_TIM13_IRQHandler
                        0x080093a1     0x46  Code  Gb  encoder_tim.o [1]
TIM_ARRPreloadConfig    0x0800c17f     0x1c  Code  Gb  stm32f4xx_tim.o [1]
TIM_CallBack1           0x08004589     0x44  Code  Gb  apptask.o [1]
TIM_ClearFlag           0x0800c4e5      0x8  Code  Gb  stm32f4xx_tim.o [1]
TIM_ClearITPendingBit   0x0800c51f      0x8  Code  Gb  stm32f4xx_tim.o [1]
TIM_Cmd                 0x0800c19b     0x1c  Code  Gb  stm32f4xx_tim.o [1]
TIM_CtrlPWMOutputs      0x0800c4ad     0x22  Code  Gb  stm32f4xx_tim.o [1]
TIM_DMACmd              0x0800c527     0x16  Code  Gb  stm32f4xx_tim.o [1]
TIM_DeInit              0x0800bf81    0x17c  Code  Gb  stm32f4xx_tim.o [1]
TIM_EncoderInterfaceConfig
                        0x0800c53d     0x3e  Code  Gb  stm32f4xx_tim.o [1]
TIM_GetITStatus         0x0800c4ed     0x32  Code  Gb  stm32f4xx_tim.o [1]
TIM_ICInit              0x0800c3db     0x70  Code  Gb  stm32f4xx_tim.o [1]
TIM_ICStructInit        0x0800c44b     0x16  Code  Gb  stm32f4xx_tim.o [1]
TIM_ITConfig            0x0800c4cf     0x16  Code  Gb  stm32f4xx_tim.o [1]
TIM_OC1Init             0x0800c1b7     0x7e  Code  Gb  stm32f4xx_tim.o [1]
TIM_OC1PreloadConfig    0x0800c3a3     0x12  Code  Gb  stm32f4xx_tim.o [1]
TIM_OC2Init             0x0800c235     0x8c  Code  Gb  stm32f4xx_tim.o [1]
TIM_OC2PreloadConfig    0x0800c3b5     0x14  Code  Gb  stm32f4xx_tim.o [1]
TIM_OC3Init             0x0800c2c1     0x8a  Code  Gb  stm32f4xx_tim.o [1]
TIM_OC3PreloadConfig    0x0800c3c9     0x12  Code  Gb  stm32f4xx_tim.o [1]
TIM_OCStructInit        0x0800c381     0x22  Code  Gb  stm32f4xx_tim.o [1]
TIM_SetIC1Prescaler     0x0800c461     0x12  Code  Gb  stm32f4xx_tim.o [1]
TIM_SetIC2Prescaler     0x0800c473     0x14  Code  Gb  stm32f4xx_tim.o [1]
TIM_SetIC3Prescaler     0x0800c487     0x12  Code  Gb  stm32f4xx_tim.o [1]
TIM_SetIC4Prescaler     0x0800c499     0x14  Code  Gb  stm32f4xx_tim.o [1]
TIM_TimeBaseInit        0x0800c0fd     0x6a  Code  Gb  stm32f4xx_tim.o [1]
TIM_TimeBaseStructInit  0x0800c167     0x18  Code  Gb  stm32f4xx_tim.o [1]
Task_iwdg_refresh       0x080048d9     0x8a  Code  Gb  apptask.o [1]
TransferEnd             0x2001e47c      0x4  Data  Gb  bsp_sdio_sd.o [1]
TransferError           0x2001e522      0x1  Data  Gb  bsp_sdio_sd.o [1]
UART1ToPC               0x0800ab97     0x30  Code  Gb  bsp_uart_fifo.o [1]
UART2ToPC               0x0800abc7     0x30  Code  Gb  bsp_uart_fifo.o [1]
UART2_RX_BUF            0x2001e19c     0x64  Data  Gb  bsp_uart_fifo.o [1]
UART3ToPC               0x0800abf7     0x30  Code  Gb  bsp_uart_fifo.o [1]
UART3_RX_BUF            0x2001d8d4    0x3e8  Data  Gb  bsp_uart_fifo.o [1]
UART4ToPC               0x0800ac27     0x30  Code  Gb  bsp_uart_fifo.o [1]
UART4_IRQHandler        0x0800aaa9     0x84  Code  Gb  bsp_uart_fifo.o [1]
UART4_RX_BUF            0x2001e138     0x64  Data  Gb  bsp_uart_fifo.o [1]
UART5_IRQHandler        0x0800ab2d     0x6a  Code  Gb  bsp_uart_fifo.o [1]
USART1_IRQHandler       0x0800a923     0x24  Code  Gb  bsp_uart_fifo.o [1]
USART2_IRQHandler       0x0800a947     0x82  Code  Gb  bsp_uart_fifo.o [1]
USART3_IRQHandler       0x0800a9c9     0xe0  Code  Gb  bsp_uart_fifo.o [1]
USART_ClearFlag         0x0800ceb7      0xc  Code  Gb  stm32f4xx_usart.o [1]
USART_ClearITPendingBit
                        0x0800cf33     0x26  Code  Gb  stm32f4xx_usart.o [1]
USART_Cmd               0x0800ce01     0x1c  Code  Gb  stm32f4xx_usart.o [1]
USART_DMACmd            0x0800ce2d     0x16  Code  Gb  stm32f4xx_usart.o [1]
USART_GetFlagStatus     0x0800ce99     0x1e  Code  Gb  stm32f4xx_usart.o [1]
USART_GetITStatus       0x0800cec3     0x70  Code  Gb  stm32f4xx_usart.o [1]
USART_ITConfig          0x0800ce43     0x56  Code  Gb  stm32f4xx_usart.o [1]
USART_Init              0x0800cd05     0xee  Code  Gb  stm32f4xx_usart.o [1]
USART_ReceiveData       0x0800ce25      0x8  Code  Gb  stm32f4xx_usart.o [1]
USART_SendData          0x0800ce1d      0x8  Code  Gb  stm32f4xx_usart.o [1]
USBH_Connected          0x0800eb85      0xc  Code  Gb  usbh_core.o [1]
USBH_Disconnected       0x0800eb91      0xc  Code  Gb  usbh_core.o [1]
USBH_HCD_INT_cb         0x20000108      0xc  Data  Gb  usbh_core.o [1]
USBH_HCD_INT_fops       0x2000011c      0x4  Data  Gb  usbh_core.o [1]
USBH_OTG_ISR_Handler    0x0800d275     0xb8  Code  Gb  usb_hcd_int.o [1]
USBH_SOF                0x0800eb9d      0x6  Code  Gb  usbh_core.o [1]
USB_OTG_BSP_mDelay      0x0800e0b9      0xc  Code  Gb  usb_bsp.o [1]
USB_OTG_Core            0x2001d328    0x5ac  Data  Gb  usbh_usr.o [1]
USB_OTG_GetMode         0x0800df69      0xa  Code  Gb  usb_core.o [1]
USB_OTG_HC_DoPing       0x0800e06f     0x48  Code  Gb  usb_core.o [1]
USB_OTG_HC_Halt         0x0800dffb     0x74  Code  Gb  usb_core.o [1]
USB_OTG_InitFSLSPClkSel
                        0x0800df9d     0x12  Code  Gb  usb_core.o [1]
USB_OTG_IsHostMode      0x0800df73     0x18  Code  Gb  usb_core.o [1]
USB_OTG_ReadCoreItr     0x0800df8b     0x12  Code  Gb  usb_core.o [1]
USB_OTG_ReadHPRT0       0x0800dfaf     0x1c  Code  Gb  usb_core.o [1]
USB_OTG_ReadPacket      0x0800df3d     0x2c  Code  Gb  usb_core.o [1]
USB_OTG_ResetPort       0x0800dfcb     0x30  Code  Gb  usb_core.o [1]
USB_OTG_USBH_handle_Disconnect_ISR
                        0x0800d3b1     0x1e  Code  Lc  usb_hcd_int.o [1]
USB_OTG_USBH_handle_IncompletePeriodicXfer_ISR
                        0x0800decb     0x28  Code  Lc  usb_hcd_int.o [1]
USB_OTG_USBH_handle_hc_ISR
                        0x0800d32d     0x66  Code  Lc  usb_hcd_int.o [1]
USB_OTG_USBH_handle_hc_n_In_ISR
                        0x0800da3d    0x378  Code  Lc  usb_hcd_int.o [1]
USB_OTG_USBH_handle_hc_n_Out_ISR
                        0x0800d705    0x338  Code  Lc  usb_hcd_int.o [1]
USB_OTG_USBH_handle_nptxfempty_ISR
                        0x0800d3cf    0x118  Code  Lc  usb_hcd_int.o [1]
USB_OTG_USBH_handle_port_ISR
                        0x0800d601     0xfe  Code  Lc  usb_hcd_int.o [1]
USB_OTG_USBH_handle_ptxfempty_ISR
                        0x0800d4e7    0x11a  Code  Lc  usb_hcd_int.o [1]
USB_OTG_USBH_handle_rx_qlvl_ISR
                        0x0800ddb5    0x116  Code  Lc  usb_hcd_int.o [1]
USB_OTG_USBH_handle_sof_ISR
                        0x0800d393     0x1e  Code  Lc  usb_hcd_int.o [1]
USB_OTG_WritePacket     0x0800def5     0x48  Code  Gb  usb_core.o [1]
UartDMAConfig           0x0800a7bb    0x168  Code  Gb  bsp_uart_fifo.o [1]
UsageFault_Handler      0x0800ea61      0x2  Code  Gb  stm32f4xx_it.o [1]
UserTimerCallback       0x080045cd    0x302  Code  Gb  apptask.o [1]
W25QXX_BUFFER           0x2001b928   0x1000  Data  Gb  bsp_w25qxx.o [1]
W25QXX_Erase_Sector     0x08007689     0x52  Code  Gb  bsp_w25qxx.o [1]
W25QXX_Init             0x08007379     0x54  Code  Gb  bsp_w25qxx.o [1]
W25QXX_Read             0x08007467     0x62  Code  Gb  bsp_w25qxx.o [1]
W25QXX_ReadID           0x0800741b     0x4c  Code  Gb  bsp_w25qxx.o [1]
W25QXX_ReadSR           0x080073cd     0x30  Code  Gb  bsp_w25qxx.o [1]
W25QXX_TYPE             0x20000120      0x2  Data  Gb  bsp_w25qxx.o [1]
W25QXX_Wait_Busy        0x080076db      0xc  Code  Gb  bsp_w25qxx.o [1]
W25QXX_Write            0x0800757d    0x10c  Code  Gb  bsp_w25qxx.o [1]
W25QXX_Write_Enable     0x080073fd     0x1e  Code  Gb  bsp_w25qxx.o [1]
W25QXX_Write_NoCheck    0x08007525     0x58  Code  Gb  bsp_w25qxx.o [1]
W25QXX_Write_Page       0x080074c9     0x5c  Code  Gb  bsp_w25qxx.o [1]
_GenldFullNoMb          0x0800bb27    0x24c  Code  Lc  xprintffull_nomb.o [3]
_LdtobFullNoMb          0x0800b725    0x3fc  Code  Lc  xprintffull_nomb.o [3]
_LitobFullNoMb          0x0800b61f    0x106  Code  Lc  xprintffull_nomb.o [3]
_Locale_aeabi_lconv     0x20000050     0x38  Data  Gb  localeconv.o [3]
_Locale_lconv           0x20000000     0x50  Data  Gb  localeconv.o [3]
_PrintfFullNoMb         0x0800b025    0x586  Code  Gb  xprintffull_nomb.o [3]
_Prout                  0x0800ecdd     0x16  Code  Gb  xprout.o [3]
_PutcharsFullNoMb       0x0800bd73     0x2e  Code  Lc  xprintffull_nomb.o [3]
_SProut                 0x0800676f      0xa  Code  Gb  xsprout.o [3]
__aeabi_cdcmple         0x0800d081           Code  Gb  DblCmpLe.o [4]
__aeabi_cdrcmple        0x0800d0b1           Code  Gb  DblCmpGe.o [4]
__aeabi_d2f             0x08007fb1           Code  Gb  DblToFlt.o [4]
__aeabi_d2iz            0x08007f59           Code  Gb  DblToI32.o [4]
__aeabi_d2uiz           0x08007f85           Code  Gb  DblToI32.o [4]
__aeabi_dadd            0x08007ccd           Code  Gb  DblAdd.o [4]
__aeabi_ddiv            0x08007a75           Code  Gb  DblDiv.o [4]
__aeabi_dmul            0x08007db5           Code  Gb  DblMul.o [4]
__aeabi_dsub            0x0800bdbd           Code  Gb  DblSub.o [4]
__aeabi_f2d             0x080076f9           Code  Gb  FltToDbl.o [4]
__aeabi_i2d             0x08007a45           Code  Gb  I32ToDbl.o [4]
__aeabi_ldiv0           0x0800d271           Code  Gb  I64DivZer.o [5]
__aeabi_ldivmod         0x0800cb19           Code  Gb  I64DivMod.o [5]
__aeabi_memset          0x08006709           Code  Gb  ABImemset.o [5]
__aeabi_ui2d            0x08007a59           Code  Gb  I32ToDbl.o [4]
__aeabi_uldivmod        0x0800cb5d           Code  Gb  I64DivMod.o [5]
__cmain                 0x0800ec69           Code  Gb  cmain.o [5]
__exit                  0x0800e8a5     0x14  Code  Gb  exit.o [6]
__iar_Dnorm             0x0800d03d     0x42  Code  Gb  xdnorm.o [4]
__iar_Dscale            0x0800d0e1    0x114  Code  Gb  xdscale.o [4]
__iar_Locale_lconv_init
                        0x0800d1f5     0x3a  Code  Gb  localeconv.o [3]
__iar_Memchr            0x0800cfe5           Code  Gb  memchr.o [5]
__iar_Memset            0x08006709           Code  Gb  ABImemset.o [5]
__iar_Memset_word       0x08006711           Code  Gb  ABImemset.o [5]
__iar_Stdout            0x20000088     0x40  Data  Gb  xfiles.o [3]
__iar_Strchr            0x0800cfcd           Code  Gb  strchr.o [5]
__iar_d2uiz             0x08007f91           Code  Gb  DblToI32.o [4]
__iar_dadd              0x08007ce1           Code  Gb  DblAdd.o [4]
__iar_data_init3        0x0800eac5     0x28  Code  Gb  data_init.o [5]
__iar_dsub              0x0800bdd1           Code  Gb  DblSub.o [4]
__iar_dsubStart         0x0800bde3           Code  Gb  DblSub.o [4]
__iar_init_vfp          0x0800eaed           Code  Gb  fpinit_M.o [4]
__iar_packbits_init3    0x0800e7ef     0xae  Code  Gb  packbits_init.o [5]
__iar_program_start     0x0800eedd           Code  Gb  cstartup_M.o [5]
__iar_ui2d              0x08007a5d           Code  Gb  I32ToDbl.o [4]
__iar_unaligned___aeabi_memcpy
                        0x0800776d           Code  Gb  ABImemcpy_unaligned.o [5]
__iar_unaligned___aeabi_memcpy4
                        0x0800778d           Code  Gb  ABImemcpy_unaligned.o [5]
__iar_unaligned___aeabi_memcpy8
                        0x0800778d           Code  Gb  ABImemcpy_unaligned.o [5]
__iar_unaligned_memcmp  0x0800881d           Code  Gb  memcmp_unaligned.o [5]
__iar_unaligned_strcmp  0x080077e5           Code  Gb  strcmp_unaligned.o [5]
__iar_unaligned_strcpy  0x0800bf3d           Code  Gb  strcpy_unaligned.o [5]
__iar_zero_init3        0x0800e9b1     0x40  Code  Gb  zero_init3.o [5]
__vector_table          0x08000000           Data  Gb  startup_stm32f40_41xxx.o [1]
_call_main              0x0800ec75           Code  Gb  cmain.o [5]
_exit                   0x0800ec89           Code  Gb  cexit.o [5]
_main                   0x0800ec7f           Code  Gb  cmain.o [5]
abort                   0x0800e89d      0x6  Code  Gb  abort.o [3]
bIs_First_Measurement   0x20000123      0x1  Data  Gb  encoder_tim.o [1]
bsp_DelayMS             0x0800a265     0x12  Code  Gb  bsp_dwt.o [1]
bsp_DelayUS             0x0800a277     0x2e  Code  Gb  bsp_dwt.o [1]
bsp_GetRCCofTIM         0x0800e0c5     0xce  Code  Gb  bsp_tim_pwm.o [1]
bsp_Init                0x0800e8b9     0x48  Code  Gb  bsp.o [1]
bsp_InitCloseSW         0x08008ca1     0x6a  Code  Gb  bsp_closeSW.o [1]
bsp_InitDWT             0x0800a245     0x20  Code  Gb  bsp_dwt.o [1]
bsp_InitHardTimer       0x0800acfd     0x66  Code  Gb  bsp_timer.o [1]
bsp_InitLed             0x08008be1     0x4a  Code  Gb  bsp_led.o [1]
bsp_InitSdwe050c17      0x080051f1     0x46  Code  Gb  bsp_sdwe050c17.o [1]
bsp_InitStepMotor       0x08008e89    0x10a  Code  Gb  bsp_stepmotor.o [1]
bsp_InitUart            0x0800a2ed     0x34  Code  Gb  bsp_uart_fifo.o [1]
bsp_Init_Relay          0x0800e901     0x44  Code  Gb  bsp_relay.o [1]
bsp_Init_SW_ONOFF       0x0800e945     0x34  Code  Gb  bsp_sw_onoff.o [1]
bsp_LedOff              0x08008c49     0x1e  Code  Gb  bsp_led.o [1]
bsp_LedOn               0x08008c2b     0x1e  Code  Gb  bsp_led.o [1]
bsp_LedToggle           0x08008c67     0x28  Code  Gb  bsp_led.o [1]
bsp_SetTIMforInt        0x0800e193    0x1da  Code  Gb  bsp_tim_pwm.o [1]
bsp_StartHardTimer      0x0800ad63     0xda  Code  Gb  bsp_timer.o [1]
card_config             0x2001e51d      0x1  Data  Gb  apptask.o [1]
card_record             0x2001e51c      0x1  Data  Gb  apptask.o [1]
debug_cmd               0x2001e524      0x1  Data  Gb  bsp_uart_fifo.o [1]
default_device_para     0x08008301    0x208  Code  Gb  para.o [1]
device_info             0x2001e0a0     0x98  Data  Gb  para.o [1]
div                     0x0800d261      0xe  Code  Gb  div.o [3]
download_num            0x2001e51a      0x1  Data  Gb  apptask.o [1]
exit                    0x0800ec83      0x4  Code  Gb  exit.o [3]
file_select             0x2001e414      0xc  Data  Gb  protocol.o [1]
final_per_meter         0x080065e9     0x12  Code  Gb  product_cal.o [1]
fputc                   0x0800ac57     0x22  Code  Gb  bsp_uart_fifo.o [1]
from_speed_step         0x08008759     0x4a  Code  Gb  page_weimi.o [1]
get_float_1bit          0x08006689     0x22  Code  Gb  product_cal.o [1]
get_period_state        0x080066ab     0x54  Code  Gb  product_cal.o [1]
get_valid_length        0x08006431     0x26  Code  Gb  bsp_sdwe050c17.o [1]
get_valid_seg           0x080087a3     0x4a  Code  Gb  page_weimi.o [1]
get_weimi_para          0x080086fb     0x5c  Code  Gb  page_weimi.o [1]
hEncoder_Timer_Overflow
                        0x2001e512      0x2  Data  Gb  encoder_tim.o [1]
hPrevious_angle         0x2001e510      0x2  Data  Gb  encoder_tim.o [1]
hSpeed_Buffer           0x2001e3ec     0x10  Data  Gb  encoder_tim.o [1]
hex_to_decimal          0x08006457     0x26  Code  Gb  bsp_sdwe050c17.o [1]
idwgEventGroup          0x2001e464      0x4  Data  Gb  apptask.o [1]
init_peiliao_para       0x0800652b     0x4a  Code  Gb  product_cal.o [1]
init_product_para       0x0800647d     0xae  Code  Gb  product_cal.o [1]
init_weimi_para         0x08008629     0xd2  Code  Gb  page_weimi.o [1]
input_password_buf      0x2001e408      0xc  Data  Gb  protocol.o [1]
input_password_len      0x2001e52d      0x1  Data  Gb  protocol.o [1]
isDevicePeriod          0x2001e51e      0x1  Data  Gb  apptask.o [1]
is_stop                 0x2001e527      0x1  Data  Gb  page_weimi.o [1]
lcd_busy                0x2001e523      0x1  Data  Gb  bsp_sdwe050c17.o [1]
lcd_rev_buf             0x2001e2a8     0x34  Data  Gb  bsp_sdwe050c17.o [1]
lcd_rev_len             0x2001e50e      0x2  Data  Gb  bsp_sdwe050c17.o [1]
localeconv              0x0800d22f     0x16  Code  Gb  localeconv.o [3]
m_ctrl_dev              0x2001e428      0x8  Data  Gb  modbus.o [1]
main                    0x0800ea65     0x34  Code  Gb  main.o [1]
mallco_dev              0x200000c8     0x1c  Data  Gb  malloc.o [1]
mb_init                 0x0800e97d     0x30  Code  Gb  modbus.o [1]
mem1base                0x20011928   0xa000  Data  Gb  malloc.o [1]
mem1mapbase             0x2001c928    0xa00  Data  Gb  malloc.o [1]
mem2base                0x68000000  0xf0000  Data  Gb  malloc.o [1]
mem2mapbase             0x680f0000   0xf000  Data  Gb  malloc.o [1]
memblksize              0x0800ef28      0x8  Data  Gb  malloc.o [1]
memchr                  0x0800cfe5           Code  Gb  memchr.o [5]
memsize                 0x0800ef30      0x8  Data  Gb  malloc.o [1]
memtblsize              0x0800ef20      0x8  Data  Gb  malloc.o [1]
my_mem_free             0x0800797b     0x6c  Code  Gb  malloc.o [1]
my_mem_init             0x0800783f     0x42  Code  Gb  malloc.o [1]
my_mem_malloc           0x080078bf     0xbc  Code  Gb  malloc.o [1]
my_mem_perused          0x08007881     0x3e  Code  Gb  malloc.o [1]
myfree                  0x080079e7     0x24  Code  Gb  malloc.o [1]
mymalloc                0x08007a0b     0x2a  Code  Gb  malloc.o [1]
mymemset                0x08007829     0x16  Code  Gb  malloc.o [1]
obuf                    0x2001e258     0x50  Data  Lc  xfiles.o [3]
old_is_stop             0x20000124      0x1  Data  Gb  page_weimi.o [1]
old_plan_complete       0x2001e52b      0x1  Data  Gb  product_cal.o [1]
old_system_state        0x20000122      0x1  Data  Gb  apptask.o [1]
para_init               0x08008509     0x80  Code  Gb  para.o [1]
pcInterruptPriorityRegisters
                        0x0800ef64      0x4  Data  Lc  port.o [1]
peiliao_para            0x2001e2dc     0x30  Data  Gb  product_cal.o [1]
plan_complete           0x2001e52a      0x1  Data  Gb  product_cal.o [1]
pluse_count             0x2001e506      0x2  Data  Gb  apptask.o [1]
printf                  0x08007749     0x24  Code  Gb  printf.o [3]
product_complete_kilo   0x08006617     0x72  Code  Gb  product_cal.o [1]
product_complete_meter  0x080065fb     0x1c  Code  Gb  product_cal.o [1]
product_para            0x2001e30c     0x28  Data  Gb  product_cal.o [1]
product_per_meter       0x08006575     0x74  Code  Gb  product_cal.o [1]
prvAddCurrentTaskToDelayedList
                        0x080071f1     0x48  Code  Lc  tasks.o [1]
prvAllocateTCBAndStack  0x08007239     0x5a  Code  Lc  tasks.o [1]
prvCheckForValidListAndQueue
                        0x08009aa3     0x52  Code  Lc  timers.o [1]
prvCheckTasksWaitingTermination
                        0x08007187     0x66  Code  Lc  tasks.o [1]
prvCopyDataFromQueue    0x080050d1     0x30  Code  Lc  queue.o [1]
prvCopyDataToQueue      0x0800504d     0x84  Code  Lc  queue.o [1]
prvDeleteTCB            0x08007293     0x12  Code  Lc  tasks.o [1]
prvGetNextExpireTime    0x0800988f     0x2e  Code  Lc  timers.o [1]
prvHeapInit             0x08009f91     0x6e  Code  Lc  heap_4.o [1]
prvIdleTask             0x080070a1     0x26  Code  Lc  tasks.o [1]
prvInitialiseTCBVariables
                        0x080070c7     0x6a  Code  Lc  tasks.o [1]
prvInitialiseTaskLists  0x08007131     0x56  Code  Lc  tasks.o [1]
prvInsertBlockIntoFreeList
                        0x08009fff     0x62  Code  Lc  heap_4.o [1]
prvInsertTimerInActiveList
                        0x080098e5     0x50  Code  Lc  timers.o [1]
prvIsQueueEmpty         0x0800516b     0x20  Code  Lc  queue.o [1]
prvIsQueueFull          0x0800518b     0x22  Code  Lc  queue.o [1]
prvProcessExpiredTimer  0x080097a7     0x5c  Code  Lc  timers.o [1]
prvProcessReceivedCommands
                        0x08009935     0xde  Code  Lc  timers.o [1]
prvProcessTimerOrBlockTask
                        0x0800981f     0x70  Code  Lc  timers.o [1]
prvResetNextTaskUnblockTime
                        0x080072a5     0x26  Code  Lc  tasks.o [1]
prvSampleTimeNow        0x080098bd     0x28  Code  Lc  timers.o [1]
prvSwitchTimerLists     0x08009a13     0x90  Code  Lc  timers.o [1]
prvTaskExitError        0x08009b41     0x2a  Code  Lc  port.o [1]
prvTestWaitCondition    0x0800964b     0x24  Code  Lc  event_groups.o [1]
prvTimerTask            0x08009805     0x1a  Code  Lc  timers.o [1]
prvUnlockQueue          0x08005101     0x6a  Code  Lc  queue.o [1]
putchar                 0x0800ecf5      0xc  Code  Gb  putchar.o [3]
pvPortMalloc            0x08009e01    0x118  Code  Gb  heap_4.o [1]
pxCurrentTCB            0x2001e4b4      0x4  Data  Gb  tasks.o [1]
pxCurrentTimerList      0x2001e4f4      0x4  Data  Lc  timers.o [1]
pxDelayedTaskList       0x2001e4b8      0x4  Data  Lc  tasks.o [1]
pxEnd                   0x2001e494      0x4  Data  Lc  heap_4.o [1]
pxOverflowDelayedTaskList
                        0x2001e4bc      0x4  Data  Lc  tasks.o [1]
pxOverflowTimerList     0x2001e4f8      0x4  Data  Lc  timers.o [1]
pxPortInitialiseStack   0x08009b1d     0x24  Code  Gb  port.o [1]
pxReadyTasksLists       0x2001dcbc    0x140  Data  Lc  tasks.o [1]
readDisk                0x2001e51f      0x1  Data  Gb  apptask.o [1]
readFilenum             0x2001e520      0x1  Data  Gb  apptask.o [1]
read_device_info        0x08008079    0x282  Code  Gb  para.o [1]
rfid_rev_buf            0x2001e34c     0x14  Data  Gb  rc522.o [1]
rfid_rev_cnt            0x2001e52f      0x1  Data  Gb  rc522.o [1]
rfid_rev_flag           0x2001e52e      0x1  Data  Gb  rc522.o [1]
rtc_time                0x2001e430      0x8  Data  Gb  protocol.o [1]
s_TIM_CallBack1         0x2001e484      0x4  Data  Lc  bsp_timer.o [1]
s_TIM_CallBack2         0x2001e488      0x4  Data  Lc  bsp_timer.o [1]
s_TIM_CallBack3         0x2001e48c      0x4  Data  Lc  bsp_timer.o [1]
s_TIM_CallBack4         0x2001e490      0x4  Data  Lc  bsp_timer.o [1]
sample_time             0x2001e504      0x2  Data  Gb  apptask.o [1]
sdew_weimi_page1        0x08005ca5    0x302  Code  Gb  bsp_sdwe050c17.o [1]
sdew_weimi_page2        0x08005fb1    0x25e  Code  Gb  bsp_sdwe050c17.o [1]
sdew_weisha_page1       0x08006215    0x100  Code  Gb  bsp_sdwe050c17.o [1]
sdew_weisha_page2       0x0800631d    0x100  Code  Gb  bsp_sdwe050c17.o [1]
servomotor_mode         0x2001e526      0x1  Data  Gb  page_weimi.o [1]
servomotor_step         0x2001e516      0x2  Data  Gb  page_weimi.o [1]
slave_info              0x2001e3fc      0xc  Data  Gb  apptask.o [1]
speed_zhu               0x2001e514      0x2  Data  Gb  page_weimi.o [1]
sprintf                 0x0800a2b9     0x34  Code  Gb  sprintf.o [3]
step_motor_adjust       0x2001e525      0x1  Data  Gb  page_weimi.o [1]
strchr                  0x0800cfcd           Code  Gb  strchr.o [5]
strlen                  0x08008041           Code  Gb  strlen.o [5]
system_state_dis        0x0800e3a4    0x190  Data  Gb  product_cal.o [1]
total_meter_gross       0x2001e4a8      0x4  Data  Gb  product_cal.o [1]
total_weight_gross      0x2001e4ac      0x4  Data  Gb  product_cal.o [1]
ucHeap                  0x20000128  0x11800  Data  Lc  heap_4.o [1]
ucMaxSysCallPriority    0x2001e529      0x1  Data  Lc  port.o [1]
ulHighFrequencyTimerTicks
                        0x2001e4b0      0x4  Data  Gb  SysInfoTest.o [1]
ulMaxPRIGROUPValue      0x2001e4a4      0x4  Data  Lc  port.o [1]
ulTaskSwitchedInTime    0x2001e4ec      0x4  Data  Lc  tasks.o [1]
ulTotalRunTime          0x2001e4f0      0x4  Data  Lc  tasks.o [1]
usb_disk_flag           0x2001e51b      0x1  Data  Gb  apptask.o [1]
uxCriticalNesting       0x20000114      0x4  Data  Lc  port.o [1]
uxCurrentNumberOfTasks  0x2001e4c4      0x4  Data  Lc  tasks.o [1]
uxListRemove            0x08009dd9     0x28  Code  Gb  list.o [1]
uxPendedTicks           0x2001e4d4      0x4  Data  Lc  tasks.o [1]
uxSchedulerSuspended    0x2001e4e8      0x4  Data  Lc  tasks.o [1]
uxTaskNumber            0x2001e4e0      0x4  Data  Lc  tasks.o [1]
uxTaskResetEventItemValue
                        0x08007305     0x20  Code  Gb  tasks.o [1]
uxTasksDeleted          0x2001e4c0      0x4  Data  Lc  tasks.o [1]
uxTopReadyPriority      0x2001e4cc      0x4  Data  Lc  tasks.o [1]
vListInitialise         0x08009d69     0x1e  Code  Gb  list.o [1]
vListInsert             0x08009d9f     0x3a  Code  Gb  list.o [1]
vListInsertEnd          0x08009d87     0x18  Code  Gb  list.o [1]
vPortEnableVFP          0x0800cce9           Code  Gb  portasm.o [1]
vPortEnterCritical      0x08009c37     0x3a  Code  Gb  port.o [1]
vPortExitCritical       0x08009c71     0x32  Code  Gb  port.o [1]
vPortFree               0x08009f19     0x78  Code  Gb  heap_4.o [1]
vPortSetupTimerInterrupt
                        0x08009ccf      0xe  Code  Wk  port.o [1]
vPortStartFirstTask     0x0800ccd1           Code  Gb  portasm.o [1]
vPortValidateInterruptPriority
                        0x08009cdd     0x4e  Code  Gb  port.o [1]
vQueueWaitForMessageRestricted
                        0x080051ad     0x44  Code  Gb  queue.o [1]
vSetupSysInfoTest       0x0800e9f1     0x12  Code  Gb  SysInfoTest.o [1]
vTaskDelay              0x080068fd     0x84  Code  Gb  tasks.o [1]
vTaskFreq               0x080040d1    0x23a  Code  Lc  apptask.o [1]
vTaskManageCapacity     0x08003101    0x584  Code  Gb  apptask.o [1]
vTaskMissedYield        0x08007097      0xa  Code  Gb  tasks.o [1]
vTaskMotorControl       0x08003705    0x9bc  Code  Lc  apptask.o [1]
vTaskPlaceOnEventList   0x08006cfd     0x74  Code  Gb  tasks.o [1]
vTaskPlaceOnEventListRestricted
                        0x08006e35     0x80  Code  Gb  tasks.o [1]
vTaskPlaceOnUnorderedEventList
                        0x08006d8d     0xa8  Code  Gb  tasks.o [1]
vTaskSetTimeOutState    0x08006fe1     0x26  Code  Gb  tasks.o [1]
vTaskStartScheduler     0x08006981     0x7e  Code  Gb  tasks.o [1]
vTaskSuspendAll         0x080069ff     0x10  Code  Gb  tasks.o [1]
vTaskSwitchContext      0x08006c4d     0xb0  Code  Gb  tasks.o [1]
vTaskTaskLCD            0x08000189   0x2f22  Code  Gb  apptask.o [1]
vTaskTaskLED            0x080030e1     0x20  Code  Lc  apptask.o [1]
valid_seg               0x2001e528      0x1  Data  Gb  page_weimi.o [1]
weimi_para              0x2001ddfc    0x12c  Data  Gb  page_weimi.o [1]
work_idle               0x2001e52c      0x1  Data  Gb  product_cal.o [1]
work_idle_time          0x2001e518      0x2  Data  Gb  product_cal.o [1]
xActiveTimerList1       0x2001e3c4     0x14  Data  Lc  timers.o [1]
xActiveTimerList2       0x2001e3d8     0x14  Data  Lc  timers.o [1]
xBlockAllocatedBit      0x2001e4a0      0x4  Data  Lc  heap_4.o [1]
xDelayedTaskList1       0x2001e360     0x14  Data  Lc  tasks.o [1]
xDelayedTaskList2       0x2001e374     0x14  Data  Lc  tasks.o [1]
xEventGroupCreate       0x0800940d     0x1c  Code  Gb  event_groups.o [1]
xEventGroupSetBits      0x08009575     0xd6  Code  Gb  event_groups.o [1]
xEventGroupWaitBits     0x08009429    0x146  Code  Gb  event_groups.o [1]
xFreeBytesRemaining     0x2001e498      0x4  Data  Lc  heap_4.o [1]
xHandleTaskFreq         0x2001e448      0x4  Data  Gb  apptask.o [1]
xHandleTaskLCD          0x2001e438      0x4  Data  Gb  apptask.o [1]
xHandleTaskLED          0x2001e43c      0x4  Data  Gb  apptask.o [1]
xHandleTaskManageCapacity
                        0x2001e440      0x4  Data  Gb  apptask.o [1]
xHandleTaskMotorControl
                        0x2001e444      0x4  Data  Gb  apptask.o [1]
xHeapStructSize         0x0800ef60      0x4  Data  Lc  heap_4.o [1]
xMinimumEverFreeBytesRemaining
                        0x2001e49c      0x4  Data  Lc  heap_4.o [1]
xNextTaskUnblockTime    0x2001e4e4      0x4  Data  Lc  tasks.o [1]
xNumOfOverflows         0x2001e4dc      0x4  Data  Lc  tasks.o [1]
xPendingReadyList       0x2001e388     0x14  Data  Lc  tasks.o [1]
xPortStartScheduler     0x08009b6b     0xcc  Code  Gb  port.o [1]
xQueueGenericCreate     0x08004ab9     0x7e  Code  Gb  queue.o [1]
xQueueGenericReceive    0x08004ead    0x19c  Code  Gb  queue.o [1]
xQueueGenericReset      0x08004a29     0x90  Code  Gb  queue.o [1]
xQueueGenericSend       0x08004b37    0x1b2  Code  Gb  queue.o [1]
xQueueGenericSendFromISR
                        0x08004ce9     0xec  Code  Gb  queue.o [1]
xQueueGiveFromISR       0x08004dd5     0xd8  Code  Gb  queue.o [1]
xQueue_MQTT_Recv        0x2001e46c      0x4  Data  Gb  apptask.o [1]
xQueue_MQTT_Transmit    0x2001e470      0x4  Data  Gb  apptask.o [1]
xQueue_esp8266_Cmd      0x2001e474      0x4  Data  Gb  apptask.o [1]
xQueue_message          0x2001e478      0x4  Data  Gb  apptask.o [1]
xSchedulerRunning       0x2001e4d0      0x4  Data  Lc  tasks.o [1]
xSemaphore_download     0x2001e45c      0x4  Data  Gb  apptask.o [1]
xSemaphore_encoder      0x2001e458      0x4  Data  Gb  apptask.o [1]
xSemaphore_lcd          0x2001e44c      0x4  Data  Gb  apptask.o [1]
xSemaphore_pluse        0x2001e454      0x4  Data  Gb  apptask.o [1]
xSemaphore_readDisk     0x2001e460      0x4  Data  Gb  apptask.o [1]
xSemaphore_rs485        0x2001e450      0x4  Data  Gb  apptask.o [1]
xStart                  0x2001e420      0x8  Data  Lc  heap_4.o [1]
xSuspendedTaskList      0x2001e3b0     0x14  Data  Lc  tasks.o [1]
xTaskCheckForTimeOut    0x0800700d     0x8a  Code  Gb  tasks.o [1]
xTaskGenericCreate      0x08006779    0x184  Code  Gb  tasks.o [1]
xTaskGetSchedulerState  0x080072cb     0x26  Code  Gb  tasks.o [1]
xTaskGetTickCount       0x08006b0f      0xa  Code  Gb  tasks.o [1]
xTaskIncrementTick      0x08006b19    0x134  Code  Gb  tasks.o [1]
xTaskRemoveFromEventList
                        0x08006eb9     0x8e  Code  Gb  tasks.o [1]
xTaskRemoveFromUnorderedEventList
                        0x08006f4d     0x94  Code  Gb  tasks.o [1]
xTaskResumeAll          0x08006a0f    0x100  Code  Gb  tasks.o [1]
xTasksWaitingTermination
                        0x2001e39c     0x14  Data  Lc  tasks.o [1]
xTickCount              0x2001e4c8      0x4  Data  Lc  tasks.o [1]
xTimerCreate            0x080096c1     0x62  Code  Gb  timers.o [1]
xTimerCreateTimerTask   0x08009671     0x50  Code  Gb  timers.o [1]
xTimerGenericCommand    0x08009723     0x84  Code  Gb  timers.o [1]
xTimerQueue             0x2001e4fc      0x4  Data  Lc  timers.o [1]
xTimerUser              0x2001e468      0x4  Data  Gb  apptask.o [1]
xYieldPending           0x2001e4d8      0x4  Data  Lc  tasks.o [1]


[1] = E:\work\YarnControl_Driver\src\stm32f4_rtos\Project\EWARMv7\Flash\Obj
[2] = command line
[3] = dl7M_tlf.a
[4] = m7M_tls.a
[5] = rt7M_tl.a
[6] = shb_l.a

   60 154 bytes of readonly  code memory
    1 524 bytes of readonly  data memory
  126 256 bytes of readwrite data memory (+ 1 044 480 absolute)

Errors: none
Warnings: none
