###############################################################################
#
# IAR ELF Linker V7.40.7.9843/W32 for ARM                 29/Apr/2019  23:44:52
# Copyright 2007-2015 IAR Systems AB.
#
#    Output file  =  
#        E:\WORK\YarnControl_Driver\YarnControl_Driver\src\stm32f4_rtos\Project\EWARMv7\Flash\Exe\project.out
#    Map file     =  
#        E:\WORK\YarnControl_Driver\YarnControl_Driver\src\stm32f4_rtos\Project\EWARMv7\Flash\List\project.map
#    Command line =  
#        E:\WORK\YarnControl_Driver\YarnControl_Driver\src\stm32f4_rtos\Project\EWARMv7\Flash\Obj\apptask.o
#        E:\WORK\YarnControl_Driver\YarnControl_Driver\src\stm32f4_rtos\Project\EWARMv7\Flash\Obj\bkp_pwr.o
#        E:\WORK\YarnControl_Driver\YarnControl_Driver\src\stm32f4_rtos\Project\EWARMv7\Flash\Obj\bsp.o
#        E:\WORK\YarnControl_Driver\YarnControl_Driver\src\stm32f4_rtos\Project\EWARMv7\Flash\Obj\bsp_adc.o
#        E:\WORK\YarnControl_Driver\YarnControl_Driver\src\stm32f4_rtos\Project\EWARMv7\Flash\Obj\bsp_closeSW.o
#        E:\WORK\YarnControl_Driver\YarnControl_Driver\src\stm32f4_rtos\Project\EWARMv7\Flash\Obj\bsp_dac.o
#        E:\WORK\YarnControl_Driver\YarnControl_Driver\src\stm32f4_rtos\Project\EWARMv7\Flash\Obj\bsp_dwt.o
#        E:\WORK\YarnControl_Driver\YarnControl_Driver\src\stm32f4_rtos\Project\EWARMv7\Flash\Obj\bsp_led.o
#        E:\WORK\YarnControl_Driver\YarnControl_Driver\src\stm32f4_rtos\Project\EWARMv7\Flash\Obj\bsp_relay.o
#        E:\WORK\YarnControl_Driver\YarnControl_Driver\src\stm32f4_rtos\Project\EWARMv7\Flash\Obj\bsp_sdio_sd.o
#        E:\WORK\YarnControl_Driver\YarnControl_Driver\src\stm32f4_rtos\Project\EWARMv7\Flash\Obj\bsp_sdwe050c17.o
#        E:\WORK\YarnControl_Driver\YarnControl_Driver\src\stm32f4_rtos\Project\EWARMv7\Flash\Obj\bsp_servomotor.o
#        E:\WORK\YarnControl_Driver\YarnControl_Driver\src\stm32f4_rtos\Project\EWARMv7\Flash\Obj\bsp_spi.o
#        E:\WORK\YarnControl_Driver\YarnControl_Driver\src\stm32f4_rtos\Project\EWARMv7\Flash\Obj\bsp_stepmotor.o
#        E:\WORK\YarnControl_Driver\YarnControl_Driver\src\stm32f4_rtos\Project\EWARMv7\Flash\Obj\bsp_sw_onoff.o
#        E:\WORK\YarnControl_Driver\YarnControl_Driver\src\stm32f4_rtos\Project\EWARMv7\Flash\Obj\bsp_tim_pwm.o
#        E:\WORK\YarnControl_Driver\YarnControl_Driver\src\stm32f4_rtos\Project\EWARMv7\Flash\Obj\bsp_timer.o
#        E:\WORK\YarnControl_Driver\YarnControl_Driver\src\stm32f4_rtos\Project\EWARMv7\Flash\Obj\bsp_uart_fifo.o
#        E:\WORK\YarnControl_Driver\YarnControl_Driver\src\stm32f4_rtos\Project\EWARMv7\Flash\Obj\bsp_w25qxx.o
#        E:\WORK\YarnControl_Driver\YarnControl_Driver\src\stm32f4_rtos\Project\EWARMv7\Flash\Obj\bsp_watchdog.o
#        E:\WORK\YarnControl_Driver\YarnControl_Driver\src\stm32f4_rtos\Project\EWARMv7\Flash\Obj\cc936.o
#        E:\WORK\YarnControl_Driver\YarnControl_Driver\src\stm32f4_rtos\Project\EWARMv7\Flash\Obj\cJSON.o
#        E:\WORK\YarnControl_Driver\YarnControl_Driver\src\stm32f4_rtos\Project\EWARMv7\Flash\Obj\croutine.o
#        E:\WORK\YarnControl_Driver\YarnControl_Driver\src\stm32f4_rtos\Project\EWARMv7\Flash\Obj\demo_fatfs.o
#        E:\WORK\YarnControl_Driver\YarnControl_Driver\src\stm32f4_rtos\Project\EWARMv7\Flash\Obj\des.o
#        E:\WORK\YarnControl_Driver\YarnControl_Driver\src\stm32f4_rtos\Project\EWARMv7\Flash\Obj\diskio.o
#        E:\WORK\YarnControl_Driver\YarnControl_Driver\src\stm32f4_rtos\Project\EWARMv7\Flash\Obj\encoder_tim.o
#        E:\WORK\YarnControl_Driver\YarnControl_Driver\src\stm32f4_rtos\Project\EWARMv7\Flash\Obj\esp8266_handler.o
#        E:\WORK\YarnControl_Driver\YarnControl_Driver\src\stm32f4_rtos\Project\EWARMv7\Flash\Obj\esp8266_init.o
#        E:\WORK\YarnControl_Driver\YarnControl_Driver\src\stm32f4_rtos\Project\EWARMv7\Flash\Obj\event_groups.o
#        E:\WORK\YarnControl_Driver\YarnControl_Driver\src\stm32f4_rtos\Project\EWARMv7\Flash\Obj\ff.o
#        E:\WORK\YarnControl_Driver\YarnControl_Driver\src\stm32f4_rtos\Project\EWARMv7\Flash\Obj\heap_4.o
#        E:\WORK\YarnControl_Driver\YarnControl_Driver\src\stm32f4_rtos\Project\EWARMv7\Flash\Obj\iic_smec98sp.o
#        E:\WORK\YarnControl_Driver\YarnControl_Driver\src\stm32f4_rtos\Project\EWARMv7\Flash\Obj\list.o
#        E:\WORK\YarnControl_Driver\YarnControl_Driver\src\stm32f4_rtos\Project\EWARMv7\Flash\Obj\main.o
#        E:\WORK\YarnControl_Driver\YarnControl_Driver\src\stm32f4_rtos\Project\EWARMv7\Flash\Obj\malloc.o
#        E:\WORK\YarnControl_Driver\YarnControl_Driver\src\stm32f4_rtos\Project\EWARMv7\Flash\Obj\mcheck.o
#        E:\WORK\YarnControl_Driver\YarnControl_Driver\src\stm32f4_rtos\Project\EWARMv7\Flash\Obj\misc.o
#        E:\WORK\YarnControl_Driver\YarnControl_Driver\src\stm32f4_rtos\Project\EWARMv7\Flash\Obj\modbus.o
#        E:\WORK\YarnControl_Driver\YarnControl_Driver\src\stm32f4_rtos\Project\EWARMv7\Flash\Obj\MQTTConnectClient.o
#        E:\WORK\YarnControl_Driver\YarnControl_Driver\src\stm32f4_rtos\Project\EWARMv7\Flash\Obj\MQTTConnectServer.o
#        E:\WORK\YarnControl_Driver\YarnControl_Driver\src\stm32f4_rtos\Project\EWARMv7\Flash\Obj\MQTTDeserializePublish.o
#        E:\WORK\YarnControl_Driver\YarnControl_Driver\src\stm32f4_rtos\Project\EWARMv7\Flash\Obj\MQTTFormat.o
#        E:\WORK\YarnControl_Driver\YarnControl_Driver\src\stm32f4_rtos\Project\EWARMv7\Flash\Obj\MQTTPacket.o
#        E:\WORK\YarnControl_Driver\YarnControl_Driver\src\stm32f4_rtos\Project\EWARMv7\Flash\Obj\MQTTSerializePublish.o
#        E:\WORK\YarnControl_Driver\YarnControl_Driver\src\stm32f4_rtos\Project\EWARMv7\Flash\Obj\MQTTSubscribeClient.o
#        E:\WORK\YarnControl_Driver\YarnControl_Driver\src\stm32f4_rtos\Project\EWARMv7\Flash\Obj\MQTTSubscribeServer.o
#        E:\WORK\YarnControl_Driver\YarnControl_Driver\src\stm32f4_rtos\Project\EWARMv7\Flash\Obj\MQTTUnsubscribeClient.o
#        E:\WORK\YarnControl_Driver\YarnControl_Driver\src\stm32f4_rtos\Project\EWARMv7\Flash\Obj\MQTTUnsubscribeServer.o
#        E:\WORK\YarnControl_Driver\YarnControl_Driver\src\stm32f4_rtos\Project\EWARMv7\Flash\Obj\page_weimi.o
#        E:\WORK\YarnControl_Driver\YarnControl_Driver\src\stm32f4_rtos\Project\EWARMv7\Flash\Obj\para.o
#        E:\WORK\YarnControl_Driver\YarnControl_Driver\src\stm32f4_rtos\Project\EWARMv7\Flash\Obj\port.o
#        E:\WORK\YarnControl_Driver\YarnControl_Driver\src\stm32f4_rtos\Project\EWARMv7\Flash\Obj\portasm.o
#        E:\WORK\YarnControl_Driver\YarnControl_Driver\src\stm32f4_rtos\Project\EWARMv7\Flash\Obj\product_cal.o
#        E:\WORK\YarnControl_Driver\YarnControl_Driver\src\stm32f4_rtos\Project\EWARMv7\Flash\Obj\protocol.o
#        E:\WORK\YarnControl_Driver\YarnControl_Driver\src\stm32f4_rtos\Project\EWARMv7\Flash\Obj\pub0sub1.o
#        E:\WORK\YarnControl_Driver\YarnControl_Driver\src\stm32f4_rtos\Project\EWARMv7\Flash\Obj\queue.o
#        E:\WORK\YarnControl_Driver\YarnControl_Driver\src\stm32f4_rtos\Project\EWARMv7\Flash\Obj\rc522.o
#        E:\WORK\YarnControl_Driver\YarnControl_Driver\src\stm32f4_rtos\Project\EWARMv7\Flash\Obj\sha1.o
#        E:\WORK\YarnControl_Driver\YarnControl_Driver\src\stm32f4_rtos\Project\EWARMv7\Flash\Obj\smec98sp.o
#        E:\WORK\YarnControl_Driver\YarnControl_Driver\src\stm32f4_rtos\Project\EWARMv7\Flash\Obj\startup_stm32f40_41xxx.o
#        E:\WORK\YarnControl_Driver\YarnControl_Driver\src\stm32f4_rtos\Project\EWARMv7\Flash\Obj\stm32f4xx_adc.o
#        E:\WORK\YarnControl_Driver\YarnControl_Driver\src\stm32f4_rtos\Project\EWARMv7\Flash\Obj\stm32f4xx_assert.o
#        E:\WORK\YarnControl_Driver\YarnControl_Driver\src\stm32f4_rtos\Project\EWARMv7\Flash\Obj\stm32f4xx_can.o
#        E:\WORK\YarnControl_Driver\YarnControl_Driver\src\stm32f4_rtos\Project\EWARMv7\Flash\Obj\stm32f4xx_crc.o
#        E:\WORK\YarnControl_Driver\YarnControl_Driver\src\stm32f4_rtos\Project\EWARMv7\Flash\Obj\stm32f4xx_cryp.o
#        E:\WORK\YarnControl_Driver\YarnControl_Driver\src\stm32f4_rtos\Project\EWARMv7\Flash\Obj\stm32f4xx_cryp_aes.o
#        E:\WORK\YarnControl_Driver\YarnControl_Driver\src\stm32f4_rtos\Project\EWARMv7\Flash\Obj\stm32f4xx_cryp_des.o
#        E:\WORK\YarnControl_Driver\YarnControl_Driver\src\stm32f4_rtos\Project\EWARMv7\Flash\Obj\stm32f4xx_cryp_tdes.o
#        E:\WORK\YarnControl_Driver\YarnControl_Driver\src\stm32f4_rtos\Project\EWARMv7\Flash\Obj\stm32f4xx_dac.o
#        E:\WORK\YarnControl_Driver\YarnControl_Driver\src\stm32f4_rtos\Project\EWARMv7\Flash\Obj\stm32f4xx_dbgmcu.o
#        E:\WORK\YarnControl_Driver\YarnControl_Driver\src\stm32f4_rtos\Project\EWARMv7\Flash\Obj\stm32f4xx_dcmi.o
#        E:\WORK\YarnControl_Driver\YarnControl_Driver\src\stm32f4_rtos\Project\EWARMv7\Flash\Obj\stm32f4xx_dma.o
#        E:\WORK\YarnControl_Driver\YarnControl_Driver\src\stm32f4_rtos\Project\EWARMv7\Flash\Obj\stm32f4xx_dma2d.o
#        E:\WORK\YarnControl_Driver\YarnControl_Driver\src\stm32f4_rtos\Project\EWARMv7\Flash\Obj\stm32f4xx_exti.o
#        E:\WORK\YarnControl_Driver\YarnControl_Driver\src\stm32f4_rtos\Project\EWARMv7\Flash\Obj\stm32f4xx_flash.o
#        E:\WORK\YarnControl_Driver\YarnControl_Driver\src\stm32f4_rtos\Project\EWARMv7\Flash\Obj\stm32f4xx_fsmc.o
#        E:\WORK\YarnControl_Driver\YarnControl_Driver\src\stm32f4_rtos\Project\EWARMv7\Flash\Obj\stm32f4xx_gpio.o
#        E:\WORK\YarnControl_Driver\YarnControl_Driver\src\stm32f4_rtos\Project\EWARMv7\Flash\Obj\stm32f4xx_hash.o
#        E:\WORK\YarnControl_Driver\YarnControl_Driver\src\stm32f4_rtos\Project\EWARMv7\Flash\Obj\stm32f4xx_hash_md5.o
#        E:\WORK\YarnControl_Driver\YarnControl_Driver\src\stm32f4_rtos\Project\EWARMv7\Flash\Obj\stm32f4xx_hash_sha1.o
#        E:\WORK\YarnControl_Driver\YarnControl_Driver\src\stm32f4_rtos\Project\EWARMv7\Flash\Obj\stm32f4xx_i2c.o
#        E:\WORK\YarnControl_Driver\YarnControl_Driver\src\stm32f4_rtos\Project\EWARMv7\Flash\Obj\stm32f4xx_it.o
#        E:\WORK\YarnControl_Driver\YarnControl_Driver\src\stm32f4_rtos\Project\EWARMv7\Flash\Obj\stm32f4xx_iwdg.o
#        E:\WORK\YarnControl_Driver\YarnControl_Driver\src\stm32f4_rtos\Project\EWARMv7\Flash\Obj\stm32f4xx_ltdc.o
#        E:\WORK\YarnControl_Driver\YarnControl_Driver\src\stm32f4_rtos\Project\EWARMv7\Flash\Obj\stm32f4xx_pwr.o
#        E:\WORK\YarnControl_Driver\YarnControl_Driver\src\stm32f4_rtos\Project\EWARMv7\Flash\Obj\stm32f4xx_rcc.o
#        E:\WORK\YarnControl_Driver\YarnControl_Driver\src\stm32f4_rtos\Project\EWARMv7\Flash\Obj\stm32f4xx_rng.o
#        E:\WORK\YarnControl_Driver\YarnControl_Driver\src\stm32f4_rtos\Project\EWARMv7\Flash\Obj\stm32f4xx_rtc.o
#        E:\WORK\YarnControl_Driver\YarnControl_Driver\src\stm32f4_rtos\Project\EWARMv7\Flash\Obj\stm32f4xx_sai.o
#        E:\WORK\YarnControl_Driver\YarnControl_Driver\src\stm32f4_rtos\Project\EWARMv7\Flash\Obj\stm32f4xx_sdio.o
#        E:\WORK\YarnControl_Driver\YarnControl_Driver\src\stm32f4_rtos\Project\EWARMv7\Flash\Obj\stm32f4xx_spi.o
#        E:\WORK\YarnControl_Driver\YarnControl_Driver\src\stm32f4_rtos\Project\EWARMv7\Flash\Obj\stm32f4xx_syscfg.o
#        E:\WORK\YarnControl_Driver\YarnControl_Driver\src\stm32f4_rtos\Project\EWARMv7\Flash\Obj\stm32f4xx_tim.o
#        E:\WORK\YarnControl_Driver\YarnControl_Driver\src\stm32f4_rtos\Project\EWARMv7\Flash\Obj\stm32f4xx_usart.o
#        E:\WORK\YarnControl_Driver\YarnControl_Driver\src\stm32f4_rtos\Project\EWARMv7\Flash\Obj\stm32f4xx_wwdg.o
#        E:\WORK\YarnControl_Driver\YarnControl_Driver\src\stm32f4_rtos\Project\EWARMv7\Flash\Obj\SysInfoTest.o
#        E:\WORK\YarnControl_Driver\YarnControl_Driver\src\stm32f4_rtos\Project\EWARMv7\Flash\Obj\system_stm32f4xx.o
#        E:\WORK\YarnControl_Driver\YarnControl_Driver\src\stm32f4_rtos\Project\EWARMv7\Flash\Obj\tasks.o
#        E:\WORK\YarnControl_Driver\YarnControl_Driver\src\stm32f4_rtos\Project\EWARMv7\Flash\Obj\timer_platform.o
#        E:\WORK\YarnControl_Driver\YarnControl_Driver\src\stm32f4_rtos\Project\EWARMv7\Flash\Obj\timers.o
#        E:\WORK\YarnControl_Driver\YarnControl_Driver\src\stm32f4_rtos\Project\EWARMv7\Flash\Obj\transport.o
#        E:\WORK\YarnControl_Driver\YarnControl_Driver\src\stm32f4_rtos\Project\EWARMv7\Flash\Obj\usb_bsp.o
#        E:\WORK\YarnControl_Driver\YarnControl_Driver\src\stm32f4_rtos\Project\EWARMv7\Flash\Obj\usb_core.o
#        E:\WORK\YarnControl_Driver\YarnControl_Driver\src\stm32f4_rtos\Project\EWARMv7\Flash\Obj\usb_hcd.o
#        E:\WORK\YarnControl_Driver\YarnControl_Driver\src\stm32f4_rtos\Project\EWARMv7\Flash\Obj\usb_hcd_int.o
#        E:\WORK\YarnControl_Driver\YarnControl_Driver\src\stm32f4_rtos\Project\EWARMv7\Flash\Obj\usbh_core.o
#        E:\WORK\YarnControl_Driver\YarnControl_Driver\src\stm32f4_rtos\Project\EWARMv7\Flash\Obj\usbh_hcs.o
#        E:\WORK\YarnControl_Driver\YarnControl_Driver\src\stm32f4_rtos\Project\EWARMv7\Flash\Obj\usbh_ioreq.o
#        E:\WORK\YarnControl_Driver\YarnControl_Driver\src\stm32f4_rtos\Project\EWARMv7\Flash\Obj\usbh_it.o
#        E:\WORK\YarnControl_Driver\YarnControl_Driver\src\stm32f4_rtos\Project\EWARMv7\Flash\Obj\usbh_msc_bot.o
#        E:\WORK\YarnControl_Driver\YarnControl_Driver\src\stm32f4_rtos\Project\EWARMv7\Flash\Obj\usbh_msc_core.o
#        E:\WORK\YarnControl_Driver\YarnControl_Driver\src\stm32f4_rtos\Project\EWARMv7\Flash\Obj\usbh_msc_scsi.o
#        E:\WORK\YarnControl_Driver\YarnControl_Driver\src\stm32f4_rtos\Project\EWARMv7\Flash\Obj\usbh_stdreq.o
#        E:\WORK\YarnControl_Driver\YarnControl_Driver\src\stm32f4_rtos\Project\EWARMv7\Flash\Obj\usbh_usr.o
#        -o
#        E:\WORK\YarnControl_Driver\YarnControl_Driver\src\stm32f4_rtos\Project\EWARMv7\Flash\Exe\project.out
#        --map
#        E:\WORK\YarnControl_Driver\YarnControl_Driver\src\stm32f4_rtos\Project\EWARMv7\Flash\List\project.map
#        --config
#        E:\WORK\YarnControl_Driver\YarnControl_Driver\src\stm32f4_rtos\Project\EWARMv7\stm32f4xx_flash.icf
#        --semihosting --entry __iar_program_start --inline --vfe
#
###############################################################################

*******************************************************************************
*** RUNTIME MODEL ATTRIBUTES
***

CppFlavor                     = *
__Heap_Handler                = DLMalloc
__SystemLibrary               = DLib
__dlib_dynamic_initialization = normal


*******************************************************************************
*** PLACEMENT SUMMARY
***

"A1":  place at 0x08000000 { ro section .intvec };
"P1":  place in [from 0x08000000 to 0x080fffff] { ro };
"P2":  place in [from 0x20000000 to 0x2001ffff] { rw, block CSTACK, block HEAP };

  Section             Kind        Address     Size  Object
  -------             ----        -------     ----  ------
"A1":                                        0x188
  .intvec             ro code  0x08000000    0x188  startup_stm32f40_41xxx.o [1]
                             - 0x08000188    0x188

"P1":                                      0x4b1be
  .rodata             const    0x08000188  0x15484  cc936.o [1]
  .rodata             const    0x0801560c  0x15484  cc936.o [1]
  .text               ro code  0x0802aa90   0x7384  apptask.o [1]
  .text               ro code  0x08031e14   0x1534  bsp_sdwe050c17.o [1]
  .text               ro code  0x08033348    0x7c8  queue.o [1]
  .text               ro code  0x08033b10    0x6c0  product_cal.o [1]
  .text               ro code  0x080341d0     0x66  ABImemset.o [5]
  .text               ro code  0x08034236     0x1e  xsscin.o [3]
  .text               ro code  0x08034254    0xce0  tasks.o [1]
  .text               ro code  0x08034f34    0x380  bsp_w25qxx.o [1]
  .text               ro code  0x080352b4   0x152a  para.o [1]
  .text               ro code  0x080367de     0x1a  xsnprout.o [3]
  .text               ro code  0x080367f8     0x4e  FltToDbl.o [4]
  .text               ro code  0x08036846      0xa  xsprout.o [3]
  .text               ro code  0x08036850     0x24  printf.o [3]
  .text               ro code  0x08036874     0x76  ABImemcpy_unaligned.o [5]
  .text               ro code  0x080368ec     0x42  strcmp_unaligned.o [5]
  .text               ro code  0x08036930    0x21c  malloc.o [1]
  .text               ro code  0x08036b4c     0x30  I32ToDbl.o [4]
  .text               ro code  0x08036b7c    0x256  DblDiv.o [4]
  .text               ro code  0x08036dd4     0xe8  DblAdd.o [4]
  .text               ro code  0x08036ebc    0x1a2  DblMul.o [4]
  .text               ro code  0x08037060     0x58  DblToI32.o [4]
  .text               ro code  0x080370b8     0x90  DblToFlt.o [4]
  .text               ro code  0x08037148     0x36  strlen.o [5]
  .text               ro code  0x08037180    0x12c  stm32f4xx_gpio.o [1]
  .text               ro code  0x080372ac     0x62  memcmp_unaligned.o [5]
  .text               ro code  0x08037310     0xc8  bsp_dac.o [1]
  .text               ro code  0x080373d8     0x3c  stm32f4xx_rtc.o [1]
  .text               ro code  0x08037414    0x4f8  page_weimi.o [1]
  .text               ro code  0x0803790c    0x280  bsp_servomotor.o [1]
  .text               ro code  0x08037b8c    0x188  bkp_pwr.o [1]
  .text               ro code  0x08037d14    0x1a2  usbh_usr.o [1]
  .text               ro code  0x08037eb8    0x760  usbh_core.o [1]
  .text               ro code  0x08038618   0x2498  ff.o [1]
  .text               ro code  0x0803aab0     0x34  sprintf.o [3]
  .text               ro code  0x0803aae4     0x1c  strcat.o [3]
  .text               ro code  0x0803ab00     0xc0  bsp_led.o [1]
  .text               ro code  0x0803abc0     0xee  rc522.o [1]
  .text               ro code  0x0803acb0    0x354  modbus.o [1]
  .text               ro code  0x0803b004     0x80  protocol.o [1]
  .text               ro code  0x0803b084     0x10  para.o [1]
  .text               ro code  0x0803b094     0xdc  bsp_closeSW.o [1]
  .text               ro code  0x0803b170    0x180  DblSub.o [4]
  .text               ro code  0x0803b2f0    0x4f4  bsp_stepmotor.o [1]
  .text               ro code  0x0803b7e4    0x2a8  encoder_tim.o [1]
  .text               ro code  0x0803ba8c     0x7c  esp8266_init.o [1]
  .text               ro code  0x0803bb08    0x414  esp8266_handler.o [1]
  .text               ro code  0x0803bf1c    0x434  pub0sub1.o [1]
  .text               ro code  0x0803c350    0x262  event_groups.o [1]
  .text               ro code  0x0803c5b4    0x4a4  timers.o [1]
  .text               ro code  0x0803ca58      0x8  bsp_watchdog.o [1]
  .text               ro code  0x0803ca60    0x1e8  stm32f4xx_rcc.o [1]
  .text               ro code  0x0803cc48     0x74  bsp_dwt.o [1]
  .text               ro code  0x0803ccbc    0xaa4  bsp_uart_fifo.o [1]
  .text               ro code  0x0803d760    0x204  bsp_timer.o [1]
  .text               ro code  0x0803d964    0x24c  port.o [1]
  .text               ro code  0x0803dbb0     0x98  list.o [1]
  .text               ro code  0x0803dc48    0x280  heap_4.o [1]
  .text               ro code  0x0803dec8    0x124  bsp_spi.o [1]
  .text               ro code  0x0803dfec     0x44  strcpy_unaligned.o [5]
  .text               ro code  0x0803e030     0x24  sscanf.o [3]
  .text               ro code  0x0803e054    0xd96  xprintffull_nomb.o [3]
  .text               ro code  0x0803edec     0x7c  stm32f4xx_dac.o [1]
  .text               ro code  0x0803ee68    0x6f6  stm32f4xx_tim.o [1]
  .text               ro code  0x0803f560    0x31c  stm32f4xx_dma.o [1]
  .text               ro code  0x0803f87c      0xc  stm32f4xx_pwr.o [1]
  .text               ro code  0x0803f888    0x14c  usb_bsp.o [1]
  .text               ro code  0x0803f9d4     0xd6  usb_hcd.o [1]
  .text               ro code  0x0803faaa    0x1ba  usbh_hcs.o [1]
  .text               ro code  0x0803fc64    0x436  usbh_stdreq.o [1]
  .text               ro code  0x0804009a    0x246  usbh_ioreq.o [1]
  .text               ro code  0x080402e0    0x2e4  diskio.o [1]
  .text               ro code  0x080405c4     0xf4  cc936.o [1]
  .text               ro code  0x080406b8     0xb8  mcheck.o [1]
  .text               ro code  0x08040770     0x2c  strstr.o [3]
  .text               ro code  0x0804079c     0x54  stm32f4xx_syscfg.o [1]
  .text               ro code  0x080407f0     0xc0  stm32f4xx_exti.o [1]
  .text               ro code  0x080408b0     0x88  misc.o [1]
  .text               ro code  0x08040938    0x132  I64DivMod.o [5]
  .text               ro code  0x08040a6c      0x6  ABImemclr4.o [5]
  .text               ro code  0x08040a74     0x44  snprintf.o [3]
  .text               ro code  0x08040ab8    0x306  MQTTConnectClient.o [1]
  .text               ro code  0x08040dc0     0x6c  transport.o [1]
  .text               ro code  0x08040e2c    0x290  MQTTPacket.o [1]
  .text               ro code  0x080410bc     0x40  timer_platform.o [1]
  .text               ro code  0x080410fc    0x190  MQTTSubscribeClient.o [1]
  .text               ro code  0x0804128c     0xbc  MQTTDeserializePublish.o [1]
  .text               ro code  0x08041348     0xec  MQTTSerializePublish.o [1]
  .text               ro code  0x08041434     0x10  stm32f4xx_iwdg.o [1]
  .text               ro code  0x08041444    0x254  stm32f4xx_usart.o [1]
  CODE                ro code  0x08041698     0xa8  portasm.o [1]
  .text               ro code  0x08041740     0x74  stm32f4xx_spi.o [1]
  .text               ro code  0x080417b4    0xb64  xscanffull_nomb.o [3]
  .text               ro code  0x08042318     0x16  strchr.o [5]
  .text               ro code  0x08042330     0x58  memchr.o [5]
  .text               ro code  0x08042388     0x42  xdnorm.o [4]
  .text               ro code  0x080423cc     0x2e  DblCmpLe.o [4]
  .text               ro code  0x080423fc     0x2e  DblCmpGe.o [4]
  .text               ro code  0x0804242c    0x114  xdscale.o [4]
  .text               ro code  0x08042540     0x6c  localeconv.o [3]
  .text               ro code  0x080425ac      0xe  div.o [3]
  .text               ro code  0x080425bc    0xa50  usb_core.o [1]
  .text               ro code  0x0804300c   0x1a58  bsp_sdio_sd.o [1]
  .text               ro code  0x08044a64    0x618  usbh_msc_scsi.o [1]
  .text               ro code  0x0804507c    0x554  usbh_msc_bot.o [1]
  .text               ro code  0x080455d0      0x2  I64DivZer.o [5]
  .text               ro code  0x080455d4     0x32  ABImemset48.o [5]
  .text               ro code  0x08045606     0x28  isxxx.o [3]
  .text               ro code  0x0804562e     0xa4  xstoll.o [3]
  .text               ro code  0x080456d4    0x1b0  xstoull.o [3]
  .text               ro code  0x08045884    0x168  xstold.o [4]
  .text               ro code  0x080459ec    0x17c  stm32f4xx_sdio.o [1]
  .text               ro code  0x08045b68     0x18  setlocale.o [3]
  .text               ro code  0x08045b80     0x16  xlocale_c.o [3]
  .text               ro code  0x08045b96     0x14  xlocale_c.o [3]
  .text               ro code  0x08045bac      0xc  errno.o [3]
  .text               ro code  0x08045bb8     0x14  tolower.o [3]
  .text               ro code  0x08045bcc    0x124  xstopfx.o [3]
  .text               ro code  0x08045cf0    0x1b8  xstoflt.o [3]
  .text               ro code  0x08045ea8    0x200  xdtento.o [4]
  .text               ro code  0x080460a8    0x218  xstoxflt.o [3]
  .text               ro code  0x080462c0      0x2  xtls.o [3]
  .text               ro code  0x080462c2      0xc  xlocale_c.o [3]
  .text               ro code  0x080462d0     0x20  DblCmpEq.o [4]
  .text               ro code  0x080462f0     0x52  xdunscal.o [4]
  .text               ro code  0x08046344    0xc7e  usb_hcd_int.o [1]
  .text               ro code  0x08046fc4    0x4fa  des.o [1]
  .text               ro code  0x080474c0    0x4ae  smec98sp.o [1]
  .text               ro code  0x08047970    0x1b6  stm32f4xx_adc.o [1]
  .text               ro code  0x08047b28    0x38e  iic_smec98sp.o [1]
  .text               ro code  0x08047eb8     0x20  srand.o [3]
  .text               ro code  0x08047ed8     0xe0  rand.o [3]
  .rodata             const    0x08047fb8    0x400  apptask.o [1]
  .text               ro code  0x080483b8    0x3e8  usbh_msc_core.o [1]
  .rodata             const    0x080487a0    0x3dc  cc936.o [1]
  .rodata             const    0x08048b7c    0x3dc  cc936.o [1]
  .rodata             const    0x08048f58    0x200  des.o [1]
  .rodata             const    0x08049158    0x190  product_cal.o [1]
  .text               ro code  0x080492e8    0x154  system_stm32f4xx.o [1]
  .rodata             const    0x0804943c    0x100  mcheck.o [1]
  .rodata             const    0x0804953c    0x100  mcheck.o [1]
  .rodata             const    0x0804963c    0x100  mcheck.o [1]
  .text               ro code  0x0804973c     0xd0  packbits_init.o [5]
  .text               ro code  0x0804980c      0x6  abort.o [3]
  .text               ro code  0x08049814     0x14  exit.o [6]
  .rodata             const    0x08049828     0x58  pub0sub1.o [1]
  .text               ro code  0x08049880     0x58  bsp.o [1]
  .text               ro code  0x080498d8     0x44  bsp_relay.o [1]
  .text               ro code  0x0804991c     0x44  bsp_sw_onoff.o [1]
  .rodata             const    0x08049960     0x40  des.o [1]
  .rodata             const    0x080499a0     0x40  des.o [1]
  .text               ro code  0x080499e0     0x40  zero_init3.o [5]
  .rodata             const    0x08049a20     0x38  demo_fatfs.o [1]
  .rodata             const    0x08049a58     0x38  des.o [1]
  .text               ro code  0x08049a90     0x38  stm32f4xx_it.o [1]
  .rodata             const    0x08049ac8     0x34  apptask.o [1]
  .rodata             const    0x08049afc     0x30  apptask.o [1]
  .rodata             const    0x08049b2c     0x30  demo_fatfs.o [1]
  .rodata             const    0x08049b5c     0x30  demo_fatfs.o [1]
  .rodata             const    0x08049b8c     0x30  des.o [1]
  .rodata             const    0x08049bbc     0x30  des.o [1]
  .text               ro code  0x08049bec     0x30  main.o [1]
  .rodata             const    0x08049c1c     0x2c  apptask.o [1]
  .rodata             const    0x08049c48     0x2c  demo_fatfs.o [1]
  .rodata             const    0x08049c74     0x2c  demo_fatfs.o [1]
  .rodata             const    0x08049ca0     0x2c  stm32f4xx_it.o [1]
  .text               ro code  0x08049ccc     0x2c  SysInfoTest.o [1]
  .rodata             const    0x08049cf8     0x28  apptask.o [1]
  .rodata             const    0x08049d20     0x28  demo_fatfs.o [1]
  .rodata             const    0x08049d48     0x28  demo_fatfs.o [1]
  .rodata             const    0x08049d70     0x28  demo_fatfs.o [1]
  .text               ro code  0x08049d98     0x28  data_init.o [5]
  .rodata             const    0x08049dc0     0x24  apptask.o [1]
  .rodata             const    0x08049de4     0x24  apptask.o [1]
  .rodata             const    0x08049e08     0x24  apptask.o [1]
  .rodata             const    0x08049e2c     0x24  apptask.o [1]
  .rodata             const    0x08049e50     0x24  apptask.o [1]
  .rodata             const    0x08049e74     0x24  apptask.o [1]
  .rodata             const    0x08049e98     0x24  apptask.o [1]
  .rodata             const    0x08049ebc     0x24  apptask.o [1]
  .rodata             const    0x08049ee0     0x24  apptask.o [1]
  .rodata             const    0x08049f04     0x24  apptask.o [1]
  .rodata             const    0x08049f28     0x24  demo_fatfs.o [1]
  .rodata             const    0x08049f4c     0x24  demo_fatfs.o [1]
  .rodata             const    0x08049f70     0x24  pub0sub1.o [1]
  .rodata             const    0x08049f94     0x24  pub0sub1.o [1]
  .rodata             const    0x08049fb8     0x24  usbh_usr.o [1]
  .text               ro code  0x08049fdc     0x22  fpinit_M.o [4]
  .iar.init_table     const    0x0804a000     0x34  - Linker created -
  .rodata             const    0x0804a034     0x20  apptask.o [1]
  .rodata             const    0x0804a054     0x20  apptask.o [1]
  .rodata             const    0x0804a074     0x20  apptask.o [1]
  .rodata             const    0x0804a094     0x20  demo_fatfs.o [1]
  .rodata             const    0x0804a0b4     0x20  demo_fatfs.o [1]
  .rodata             const    0x0804a0d4     0x20  demo_fatfs.o [1]
  .rodata             const    0x0804a0f4     0x20  des.o [1]
  .rodata             const    0x0804a114     0x20  pub0sub1.o [1]
  .rodata             const    0x0804a134     0x20  usbh_usr.o [1]
  .rodata             const    0x0804a154     0x20  usbh_usr.o [1]
  .rodata             const    0x0804a174     0x20  usbh_usr.o [1]
  .rodata             const    0x0804a194     0x20  usbh_usr.o [1]
  .rodata             const    0x0804a1b4     0x20  usbh_usr.o [1]
  .rodata             const    0x0804a1d4     0x1c  apptask.o [1]
  .rodata             const    0x0804a1f0     0x1c  apptask.o [1]
  .rodata             const    0x0804a20c     0x1c  apptask.o [1]
  .rodata             const    0x0804a228     0x1c  apptask.o [1]
  .rodata             const    0x0804a244     0x1c  apptask.o [1]
  .rodata             const    0x0804a260     0x1c  apptask.o [1]
  .rodata             const    0x0804a27c     0x1c  apptask.o [1]
  .rodata             const    0x0804a298     0x1c  apptask.o [1]
  .rodata             const    0x0804a2b4     0x1c  demo_fatfs.o [1]
  .rodata             const    0x0804a2d0     0x1c  demo_fatfs.o [1]
  .rodata             const    0x0804a2ec     0x1c  esp8266_handler.o [1]
  .rodata             const    0x0804a308     0x1c  esp8266_handler.o [1]
  .rodata             const    0x0804a324     0x1c  pub0sub1.o [1]
  .rodata             const    0x0804a340     0x1c  pub0sub1.o [1]
  .rodata             const    0x0804a35c     0x1c  pub0sub1.o [1]
  .rodata             const    0x0804a378     0x1c  smec98sp.o [1]
  .rodata             const    0x0804a394     0x1c  smec98sp.o [1]
  .rodata             const    0x0804a3b0     0x1c  smec98sp.o [1]
  .rodata             const    0x0804a3cc     0x1c  usbh_usr.o [1]
  .rodata             const    0x0804a3e8     0x1c  usbh_usr.o [1]
  .rodata             const    0x0804a404     0x1c  usbh_usr.o [1]
  .rodata             const    0x0804a420     0x1c  usbh_usr.o [1]
  .rodata             const    0x0804a43c     0x1c  usbh_usr.o [1]
  .rodata             const    0x0804a458     0x1c  usbh_usr.o [1]
  .text               ro code  0x0804a474     0x1a  cmain.o [5]
  .text               ro code  0x0804a48e      0x4  exit.o [3]
  .text               ro code  0x0804a494      0xa  cexit.o [5]
  .rodata             const    0x0804a4a0     0x18  apptask.o [1]
  .rodata             const    0x0804a4b8     0x18  apptask.o [1]
  .rodata             const    0x0804a4d0     0x18  apptask.o [1]
  .rodata             const    0x0804a4e8     0x18  apptask.o [1]
  .rodata             const    0x0804a500     0x18  apptask.o [1]
  .rodata             const    0x0804a518     0x18  apptask.o [1]
  .rodata             const    0x0804a530     0x18  apptask.o [1]
  .rodata             const    0x0804a548     0x18  apptask.o [1]
  .rodata             const    0x0804a560     0x18  apptask.o [1]
  .rodata             const    0x0804a578     0x18  apptask.o [1]
  .rodata             const    0x0804a590     0x18  apptask.o [1]
  .rodata             const    0x0804a5a8     0x18  apptask.o [1]
  .rodata             const    0x0804a5c0     0x18  demo_fatfs.o [1]
  .rodata             const    0x0804a5d8     0x18  demo_fatfs.o [1]
  .rodata             const    0x0804a5f0     0x18  demo_fatfs.o [1]
  .rodata             const    0x0804a608     0x18  demo_fatfs.o [1]
  .rodata             const    0x0804a620     0x18  esp8266_handler.o [1]
  .rodata             const    0x0804a638     0x18  esp8266_handler.o [1]
  .rodata             const    0x0804a650     0x18  esp8266_handler.o [1]
  .rodata             const    0x0804a668     0x18  para.o [1]
  .rodata             const    0x0804a680     0x18  pub0sub1.o [1]
  .rodata             const    0x0804a698     0x18  pub0sub1.o [1]
  .rodata             const    0x0804a6b0     0x18  smec98sp.o [1]
  .rodata             const    0x0804a6c8     0x18  smec98sp.o [1]
  .rodata             const    0x0804a6e0     0x18  usbh_usr.o [1]
  .rodata             const    0x0804a6f8     0x18  usbh_usr.o [1]
  .rodata             const    0x0804a710     0x18  usbh_usr.o [1]
  .rodata             const    0x0804a728     0x18  usbh_usr.o [1]
  .rodata             const    0x0804a740     0x18  usbh_usr.o [1]
  .text               ro code  0x0804a758     0x16  xprout.o [3]
  .text               ro code  0x0804a770      0xc  putchar.o [3]
  .rodata             const    0x0804a77c     0x14  apptask.o [1]
  .rodata             const    0x0804a790     0x14  apptask.o [1]
  .rodata             const    0x0804a7a4     0x14  apptask.o [1]
  .rodata             const    0x0804a7b8     0x14  apptask.o [1]
  .rodata             const    0x0804a7cc     0x14  apptask.o [1]
  .rodata             const    0x0804a7e0     0x14  apptask.o [1]
  .rodata             const    0x0804a7f4     0x14  apptask.o [1]
  .rodata             const    0x0804a808     0x14  apptask.o [1]
  .rodata             const    0x0804a81c     0x14  apptask.o [1]
  .rodata             const    0x0804a830     0x14  apptask.o [1]
  .rodata             const    0x0804a844     0x14  apptask.o [1]
  .rodata             const    0x0804a858     0x14  apptask.o [1]
  .rodata             const    0x0804a86c     0x14  apptask.o [1]
  .rodata             const    0x0804a880     0x14  apptask.o [1]
  .rodata             const    0x0804a894     0x14  apptask.o [1]
  .rodata             const    0x0804a8a8     0x14  apptask.o [1]
  .rodata             const    0x0804a8bc     0x14  des.o [1]
  .rodata             const    0x0804a8d0     0x14  esp8266_handler.o [1]
  .rodata             const    0x0804a8e4     0x14  pub0sub1.o [1]
  .rodata             const    0x0804a8f8     0x14  pub0sub1.o [1]
  .rodata             const    0x0804a90c     0x14  pub0sub1.o [1]
  .rodata             const    0x0804a920     0x14  pub0sub1.o [1]
  .rodata             const    0x0804a934     0x14  pub0sub1.o [1]
  .rodata             const    0x0804a948     0x14  smec98sp.o [1]
  .rodata             const    0x0804a95c     0x14  usbh_usr.o [1]
  .rodata             const    0x0804a970     0x14  usbh_usr.o [1]
  .rodata             const    0x0804a984     0x10  apptask.o [1]
  .rodata             const    0x0804a994     0x10  apptask.o [1]
  .rodata             const    0x0804a9a4     0x10  apptask.o [1]
  .rodata             const    0x0804a9b4     0x10  apptask.o [1]
  .rodata             const    0x0804a9c4     0x10  apptask.o [1]
  .rodata             const    0x0804a9d4     0x10  apptask.o [1]
  .rodata             const    0x0804a9e4     0x10  apptask.o [1]
  .rodata             const    0x0804a9f4     0x10  apptask.o [1]
  .rodata             const    0x0804aa04     0x10  apptask.o [1]
  .rodata             const    0x0804aa14     0x10  apptask.o [1]
  .rodata             const    0x0804aa24     0x10  apptask.o [1]
  .rodata             const    0x0804aa34     0x10  apptask.o [1]
  .rodata             const    0x0804aa44     0x10  apptask.o [1]
  .rodata             const    0x0804aa54     0x10  apptask.o [1]
  .rodata             const    0x0804aa64     0x10  apptask.o [1]
  .rodata             const    0x0804aa74     0x10  apptask.o [1]
  .rodata             const    0x0804aa84     0x10  apptask.o [1]
  .rodata             const    0x0804aa94     0x10  apptask.o [1]
  .rodata             const    0x0804aaa4     0x10  apptask.o [1]
  .rodata             const    0x0804aab4     0x10  apptask.o [1]
  .rodata             const    0x0804aac4     0x10  apptask.o [1]
  .rodata             const    0x0804aad4     0x10  apptask.o [1]
  .rodata             const    0x0804aae4     0x10  apptask.o [1]
  .rodata             const    0x0804aaf4     0x10  apptask.o [1]
  .rodata             const    0x0804ab04     0x10  apptask.o [1]
  .rodata             const    0x0804ab14     0x10  apptask.o [1]
  .rodata             const    0x0804ab24     0x10  apptask.o [1]
  .rodata             const    0x0804ab34     0x10  apptask.o [1]
  .rodata             const    0x0804ab44     0x10  bsp_sdwe050c17.o [1]
  .rodata             const    0x0804ab54     0x10  esp8266_handler.o [1]
  .rodata             const    0x0804ab64     0x10  esp8266_handler.o [1]
  .rodata             const    0x0804ab74     0x10  esp8266_handler.o [1]
  .rodata             const    0x0804ab84     0x10  esp8266_handler.o [1]
  .rodata             const    0x0804ab94     0x10  esp8266_handler.o [1]
  .rodata             const    0x0804aba4     0x10  esp8266_handler.o [1]
  .rodata             const    0x0804abb4     0x10  ff.o [1]
  .rodata             const    0x0804abc4     0x10  main.o [1]
  .rodata             const    0x0804abd4     0x10  main.o [1]
  .rodata             const    0x0804abe4     0x10  para.o [1]
  .rodata             const    0x0804abf4     0x10  para.o [1]
  .rodata             const    0x0804ac04     0x10  pub0sub1.o [1]
  .rodata             const    0x0804ac14     0x10  smec98sp.o [1]
  .rodata             const    0x0804ac24     0x10  smec98sp.o [1]
  .rodata             const    0x0804ac34     0x10  smec98sp.o [1]
  .rodata             const    0x0804ac44     0x10  smec98sp.o [1]
  .rodata             const    0x0804ac54     0x10  smec98sp.o [1]
  .rodata             const    0x0804ac64     0x10  smec98sp.o [1]
  .rodata             const    0x0804ac74     0x10  usbh_usr.o [1]
  .rodata             const    0x0804ac84     0x10  usbh_usr.o [1]
  .text               ro code  0x0804ac94     0x10  startup_stm32f40_41xxx.o [1]
  .text               ro code  0x0804aca4     0x10  usbh_it.o [1]
  .rodata             const    0x0804acb4      0xc  apptask.o [1]
  .rodata             const    0x0804acc0      0xc  apptask.o [1]
  .rodata             const    0x0804accc      0xc  apptask.o [1]
  .rodata             const    0x0804acd8      0xc  apptask.o [1]
  .rodata             const    0x0804ace4      0xc  apptask.o [1]
  .rodata             const    0x0804acf0      0xc  apptask.o [1]
  .rodata             const    0x0804acfc      0xc  apptask.o [1]
  .rodata             const    0x0804ad08      0xc  apptask.o [1]
  .rodata             const    0x0804ad14      0xc  apptask.o [1]
  .rodata             const    0x0804ad20      0xc  apptask.o [1]
  .rodata             const    0x0804ad2c      0xc  apptask.o [1]
  .rodata             const    0x0804ad38      0xc  apptask.o [1]
  .rodata             const    0x0804ad44      0xc  apptask.o [1]
  .rodata             const    0x0804ad50      0xc  apptask.o [1]
  .rodata             const    0x0804ad5c      0xc  apptask.o [1]
  .rodata             const    0x0804ad68      0xc  apptask.o [1]
  .rodata             const    0x0804ad74      0xc  apptask.o [1]
  .rodata             const    0x0804ad80      0xc  apptask.o [1]
  .rodata             const    0x0804ad8c      0xc  apptask.o [1]
  .rodata             const    0x0804ad98      0xc  apptask.o [1]
  .rodata             const    0x0804ada4      0xc  apptask.o [1]
  .rodata             const    0x0804adb0      0xc  apptask.o [1]
  .rodata             const    0x0804adbc      0xc  apptask.o [1]
  .rodata             const    0x0804adc8      0xc  apptask.o [1]
  .rodata             const    0x0804add4      0xc  apptask.o [1]
  .rodata             const    0x0804ade0      0xc  apptask.o [1]
  .rodata             const    0x0804adec      0xc  apptask.o [1]
  .rodata             const    0x0804adf8      0xc  apptask.o [1]
  .rodata             const    0x0804ae04      0xc  apptask.o [1]
  .rodata             const    0x0804ae10      0xc  apptask.o [1]
  .rodata             const    0x0804ae1c      0xc  apptask.o [1]
  .rodata             const    0x0804ae28      0xc  apptask.o [1]
  .rodata             const    0x0804ae34      0xc  apptask.o [1]
  .rodata             const    0x0804ae40      0xc  apptask.o [1]
  .rodata             const    0x0804ae4c      0xc  apptask.o [1]
  .rodata             const    0x0804ae58      0xc  bsp_sdwe050c17.o [1]
  .rodata             const    0x0804ae64      0xc  demo_fatfs.o [1]
  .rodata             const    0x0804ae70      0xc  esp8266_handler.o [1]
  .rodata             const    0x0804ae7c      0xc  esp8266_handler.o [1]
  .rodata             const    0x0804ae88      0xc  esp8266_handler.o [1]
  .rodata             const    0x0804ae94      0xc  esp8266_handler.o [1]
  .rodata             const    0x0804aea0      0xc  esp8266_handler.o [1]
  .rodata             const    0x0804aeac      0xc  esp8266_handler.o [1]
  .rodata             const    0x0804aeb8      0xc  ff.o [1]
  .rodata             const    0x0804aec4      0xc  page_weimi.o [1]
  .rodata             const    0x0804aed0      0xc  para.o [1]
  .rodata             const    0x0804aedc      0xc  para.o [1]
  .rodata             const    0x0804aee8      0xc  para.o [1]
  .rodata             const    0x0804aef4      0xc  para.o [1]
  .rodata             const    0x0804af00      0xc  para.o [1]
  .rodata             const    0x0804af0c      0xc  pub0sub1.o [1]
  .rodata             const    0x0804af18      0xc  pub0sub1.o [1]
  .text               ro code  0x0804af24      0xc  cstartup_M.o [5]
  .rodata             const    0x0804af30      0x8  apptask.o [1]
  .rodata             const    0x0804af38      0x8  apptask.o [1]
  .rodata             const    0x0804af40      0x8  apptask.o [1]
  .rodata             const    0x0804af48      0x8  apptask.o [1]
  .rodata             const    0x0804af50      0x8  apptask.o [1]
  .rodata             const    0x0804af58      0x8  apptask.o [1]
  .rodata             const    0x0804af60      0x8  apptask.o [1]
  .rodata             const    0x0804af68      0x8  apptask.o [1]
  .rodata             const    0x0804af70      0x8  apptask.o [1]
  .rodata             const    0x0804af78      0x8  apptask.o [1]
  .rodata             const    0x0804af80      0x8  apptask.o [1]
  .rodata             const    0x0804af88      0x8  apptask.o [1]
  .rodata             const    0x0804af90      0x8  apptask.o [1]
  .rodata             const    0x0804af98      0x8  apptask.o [1]
  .rodata             const    0x0804afa0      0x8  apptask.o [1]
  .rodata             const    0x0804afa8      0x8  apptask.o [1]
  .rodata             const    0x0804afb0      0x8  apptask.o [1]
  .rodata             const    0x0804afb8      0x8  apptask.o [1]
  .rodata             const    0x0804afc0      0x8  apptask.o [1]
  .rodata             const    0x0804afc8      0x8  apptask.o [1]
  .rodata             const    0x0804afd0      0x8  bsp_sdwe050c17.o [1]
  .rodata             const    0x0804afd8      0x8  bsp_w25qxx.o [1]
  .rodata             const    0x0804afe0      0x8  esp8266_handler.o [1]
  .rodata             const    0x0804afe8      0x8  ff.o [1]
  .rodata             const    0x0804aff0      0x8  malloc.o [1]
  .rodata             const    0x0804aff8      0x8  malloc.o [1]
  .rodata             const    0x0804b000      0x8  malloc.o [1]
  .rodata             const    0x0804b008      0x8  MQTTConnectClient.o [1]
  .rodata             const    0x0804b010      0x8  MQTTConnectClient.o [1]
  .rodata             const    0x0804b018      0x8  para.o [1]
  .rodata             const    0x0804b020      0x8  para.o [1]
  .rodata             const    0x0804b028      0x8  para.o [1]
  .rodata             const    0x0804b030      0x8  para.o [1]
  .rodata             const    0x0804b038      0x8  para.o [1]
  .rodata             const    0x0804b040      0x8  para.o [1]
  .rodata             const    0x0804b048      0x8  para.o [1]
  .rodata             const    0x0804b050      0x8  para.o [1]
  .rodata             const    0x0804b058      0x8  para.o [1]
  .rodata             const    0x0804b060      0x8  para.o [1]
  .rodata             const    0x0804b068      0x8  para.o [1]
  .rodata             const    0x0804b070      0x8  para.o [1]
  .rodata             const    0x0804b078      0x8  para.o [1]
  .rodata             const    0x0804b080      0x8  para.o [1]
  .rodata             const    0x0804b088      0x8  para.o [1]
  .rodata             const    0x0804b090      0x8  para.o [1]
  .rodata             const    0x0804b098      0x8  para.o [1]
  .rodata             const    0x0804b0a0      0x8  para.o [1]
  .rodata             const    0x0804b0a8      0x8  para.o [1]
  .rodata             const    0x0804b0b0      0x8  para.o [1]
  .rodata             const    0x0804b0b8      0x8  para.o [1]
  .rodata             const    0x0804b0c0      0x8  pub0sub1.o [1]
  .rodata             const    0x0804b0c8      0x8  smec98sp.o [1]
  .rodata             const    0x0804b0d0      0x8  tasks.o [1]
  .rodata             const    0x0804b0d8      0x8  timers.o [1]
  .rodata             const    0x0804b0e0      0x4  heap_4.o [1]
  .rodata             const    0x0804b0e4      0x4  MQTTConnectClient.o [1]
  .rodata             const    0x0804b0e8      0x4  MQTTConnectClient.o [1]
  .rodata             const    0x0804b0ec      0x4  MQTTConnectClient.o [1]
  .rodata             const    0x0804b0f0      0x4  MQTTConnectClient.o [1]
  .rodata             const    0x0804b0f4      0x4  MQTTConnectClient.o [1]
  .rodata             const    0x0804b0f8      0x4  MQTTDeserializePublish.o [1]
  .rodata             const    0x0804b0fc      0x4  MQTTPacket.o [1]
  .rodata             const    0x0804b100      0x4  MQTTSerializePublish.o [1]
  .rodata             const    0x0804b104      0x4  MQTTSubscribeClient.o [1]
  .rodata             const    0x0804b108      0x4  MQTTSubscribeClient.o [1]
  .rodata             const    0x0804b10c      0x4  port.o [1]
  .text               ro code  0x0804b110      0x4  startup_stm32f40_41xxx.o [1]
  .text               ro code  0x0804b114      0x4  startup_stm32f40_41xxx.o [1]
  .text               ro code  0x0804b118      0x4  startup_stm32f40_41xxx.o [1]
  .text               ro code  0x0804b11c      0x4  startup_stm32f40_41xxx.o [1]
  .text               ro code  0x0804b120      0x4  startup_stm32f40_41xxx.o [1]
  .text               ro code  0x0804b124      0x4  startup_stm32f40_41xxx.o [1]
  .text               ro code  0x0804b128      0x4  startup_stm32f40_41xxx.o [1]
  .text               ro code  0x0804b12c      0x4  startup_stm32f40_41xxx.o [1]
  .text               ro code  0x0804b130      0x4  startup_stm32f40_41xxx.o [1]
  .text               ro code  0x0804b134      0x4  startup_stm32f40_41xxx.o [1]
  .text               ro code  0x0804b138      0x4  startup_stm32f40_41xxx.o [1]
  .text               ro code  0x0804b13c      0x4  startup_stm32f40_41xxx.o [1]
  .text               ro code  0x0804b140      0x4  startup_stm32f40_41xxx.o [1]
  .text               ro code  0x0804b144      0x4  startup_stm32f40_41xxx.o [1]
  .text               ro code  0x0804b148      0x4  startup_stm32f40_41xxx.o [1]
  .text               ro code  0x0804b14c      0x4  startup_stm32f40_41xxx.o [1]
  .text               ro code  0x0804b150      0x4  startup_stm32f40_41xxx.o [1]
  .text               ro code  0x0804b154      0x4  startup_stm32f40_41xxx.o [1]
  .text               ro code  0x0804b158      0x4  startup_stm32f40_41xxx.o [1]
  .text               ro code  0x0804b15c      0x4  startup_stm32f40_41xxx.o [1]
  .text               ro code  0x0804b160      0x4  startup_stm32f40_41xxx.o [1]
  .text               ro code  0x0804b164      0x4  startup_stm32f40_41xxx.o [1]
  .text               ro code  0x0804b168      0x4  startup_stm32f40_41xxx.o [1]
  .text               ro code  0x0804b16c      0x4  startup_stm32f40_41xxx.o [1]
  .text               ro code  0x0804b170      0x4  startup_stm32f40_41xxx.o [1]
  .text               ro code  0x0804b174      0x4  startup_stm32f40_41xxx.o [1]
  .text               ro code  0x0804b178      0x4  startup_stm32f40_41xxx.o [1]
  .text               ro code  0x0804b17c      0x4  startup_stm32f40_41xxx.o [1]
  .text               ro code  0x0804b180      0x4  startup_stm32f40_41xxx.o [1]
  .text               ro code  0x0804b184      0x4  startup_stm32f40_41xxx.o [1]
  .text               ro code  0x0804b188      0x4  startup_stm32f40_41xxx.o [1]
  .text               ro code  0x0804b18c      0x4  startup_stm32f40_41xxx.o [1]
  .text               ro code  0x0804b190      0x4  startup_stm32f40_41xxx.o [1]
  .text               ro code  0x0804b194      0x4  startup_stm32f40_41xxx.o [1]
  .text               ro code  0x0804b198      0x4  startup_stm32f40_41xxx.o [1]
  .text               ro code  0x0804b19c      0x4  startup_stm32f40_41xxx.o [1]
  .text               ro code  0x0804b1a0      0x4  startup_stm32f40_41xxx.o [1]
  .text               ro code  0x0804b1a4      0x4  startup_stm32f40_41xxx.o [1]
  .text               ro code  0x0804b1a8      0x4  startup_stm32f40_41xxx.o [1]
  .text               ro code  0x0804b1ac      0x4  startup_stm32f40_41xxx.o [1]
  .text               ro code  0x0804b1b0      0x4  startup_stm32f40_41xxx.o [1]
  .text               ro code  0x0804b1b4      0x4  startup_stm32f40_41xxx.o [1]
  .text               ro code  0x0804b1b8      0x4  startup_stm32f40_41xxx.o [1]
  .text               ro code  0x0804b1bc      0x4  startup_stm32f40_41xxx.o [1]
  .text               ro code  0x0804b1c0      0x4  startup_stm32f40_41xxx.o [1]
  .text               ro code  0x0804b1c4      0x4  startup_stm32f40_41xxx.o [1]
  .text               ro code  0x0804b1c8      0x4  startup_stm32f40_41xxx.o [1]
  .text               ro code  0x0804b1cc      0x4  startup_stm32f40_41xxx.o [1]
  .text               ro code  0x0804b1d0      0x4  startup_stm32f40_41xxx.o [1]
  .text               ro code  0x0804b1d4      0x4  startup_stm32f40_41xxx.o [1]
  .text               ro code  0x0804b1d8      0x4  startup_stm32f40_41xxx.o [1]
  .text               ro code  0x0804b1dc      0x4  startup_stm32f40_41xxx.o [1]
  .text               ro code  0x0804b1e0      0x4  startup_stm32f40_41xxx.o [1]
  .text               ro code  0x0804b1e4      0x4  startup_stm32f40_41xxx.o [1]
  .text               ro code  0x0804b1e8      0x4  startup_stm32f40_41xxx.o [1]
  .text               ro code  0x0804b1ec      0x4  startup_stm32f40_41xxx.o [1]
  .text               ro code  0x0804b1f0      0x4  startup_stm32f40_41xxx.o [1]
  .text               ro code  0x0804b1f4      0x4  startup_stm32f40_41xxx.o [1]
  .text               ro code  0x0804b1f8      0x4  startup_stm32f40_41xxx.o [1]
  .text               ro code  0x0804b1fc      0x4  startup_stm32f40_41xxx.o [1]
  .text               ro code  0x0804b200      0x4  startup_stm32f40_41xxx.o [1]
  .text               ro code  0x0804b204      0x4  startup_stm32f40_41xxx.o [1]
  .text               ro code  0x0804b208      0x4  startup_stm32f40_41xxx.o [1]
  .text               ro code  0x0804b20c      0x4  startup_stm32f40_41xxx.o [1]
  .text               ro code  0x0804b210      0x4  startup_stm32f40_41xxx.o [1]
  .text               ro code  0x0804b214      0x4  startup_stm32f40_41xxx.o [1]
  .text               ro code  0x0804b218      0x4  startup_stm32f40_41xxx.o [1]
  .text               ro code  0x0804b21c      0x4  startup_stm32f40_41xxx.o [1]
  .rodata             const    0x0804b220      0x0  zero_init3.o [5]
  .rodata             const    0x0804b220      0x0  packbits_init.o [5]
  Initializer bytes   const    0x0804b220    0x126  <for P2 s0>
                             - 0x0804b346  0x4b1be

"P2":                                      0x1f818
  P2 s0                        0x20000000    0x2be  <Init block>
    __DLIB_PERTHREAD  inited   0x20000000     0x8c  rand.o [3]
    __DLIB_PERTHREAD  inited   0x2000008c     0x88  localeconv.o [3]
    __DLIB_PERTHREAD  inited   0x20000114     0x74  setlocale.o [3]
    .data             inited   0x20000188     0x50  demo_fatfs.o [1]
    .data             inited   0x200001d8     0x48  usbh_usr.o [1]
    .data             inited   0x20000220     0x40  xfiles.o [3]
    .data             inited   0x20000260     0x1c  malloc.o [1]
    .data             inited   0x2000027c     0x10  stm32f4xx_rcc.o [1]
    .data             inited   0x2000028c     0x10  usbh_msc_core.o [1]
    .data             inited   0x2000029c      0xc  usbh_core.o [1]
    .data             inited   0x200002a8      0x4  port.o [1]
    .data             inited   0x200002ac      0x4  system_stm32f4xx.o [1]
    .data             inited   0x200002b0      0x4  usbh_core.o [1]
    __DLIB_PERTHREAD  inited   0x200002b4      0x4  errno.o [3]
    .data             inited   0x200002b8      0x2  bsp_w25qxx.o [1]
    .data             inited   0x200002ba      0x1  apptask.o [1]
    .data             inited   0x200002bb      0x1  encoder_tim.o [1]
    .data             inited   0x200002bc      0x1  page_weimi.o [1]
    .data             inited   0x200002bd      0x1  usbh_msc_scsi.o [1]
  .bss                zero     0x200002c0  0x10400  heap_4.o [1]
  .bss                zero     0x200106c0   0xa000  malloc.o [1]
  .bss                zero     0x2001a6c0   0x1000  bsp_w25qxx.o [1]
  .bss                zero     0x2001b6c0    0xa00  malloc.o [1]
  .bss                zero     0x2001c0c0    0x5ac  usbh_usr.o [1]
  .bss                zero     0x2001c66c    0x5ac  usbh_usr.o [1]
  .bss                zero     0x2001cc18    0x3e8  bsp_uart_fifo.o [1]
  .bss                zero     0x2001d000    0x3e8  esp8266_handler.o [1]
  .bss                zero     0x2001d3e8    0x3e8  esp8266_handler.o [1]
  .bss                zero     0x2001d7d0    0x3e8  pub0sub1.o [1]
  .bss                zero     0x2001dbb8    0x200  ff.o [1]
  .bss                zero     0x2001ddb8    0x200  usbh_msc_scsi.o [1]
  .bss                zero     0x2001dfb8    0x200  usbh_stdreq.o [1]
  .bss                zero     0x2001e1b8    0x140  tasks.o [1]
  .bss                zero     0x2001e2f8    0x12c  page_weimi.o [1]
  .bss                zero     0x2001e424     0xd4  protocol.o [1]
  .bss                zero     0x2001e4f8     0xa8  para.o [1]
  .bss                zero     0x2001e5a0     0xa4  protocol.o [1]
  .bss                zero     0x2001e644     0x94  usbh_usr.o [1]
  .bss                zero     0x2001e6d8     0x68  esp8266_handler.o [1]
  .bss                zero     0x2001e740     0x64  bsp_uart_fifo.o [1]
  .bss                zero     0x2001e7a4     0x64  bsp_uart_fifo.o [1]
  .bss                zero     0x2001e808     0x58  bsp_sdio_sd.o [1]
  .bss                zero     0x2001e860     0x58  protocol.o [1]
  .bss                zero     0x2001e8b8     0x50  xfiles.o [3]
  .bss                zero     0x2001e908     0x4c  usbh_msc_core.o [1]
  .bss                zero     0x2001e954     0x40  page_weimi.o [1]
  .bss                zero     0x2001e994     0x40  pub0sub1.o [1]
  .bss                zero     0x2001e9d4     0x34  bsp_sdwe050c17.o [1]
  .bss                zero     0x2001ea08     0x30  product_cal.o [1]
  .bss                zero     0x2001ea38     0x28  product_cal.o [1]
  .bss                zero     0x2001ea60     0x24  ff.o [1]
  .bss                zero     0x2001ea84     0x20  pub0sub1.o [1]
  .bss                zero     0x2001eaa4     0x20  usbh_msc_bot.o [1]
  .bss                zero     0x2001eac4     0x18  bsp_sdio_sd.o [1]
  .bss                zero     0x2001eadc     0x18  bsp_sdio_sd.o [1]
  .bss                zero     0x2001eaf4     0x18  encoder_tim.o [1]
  .bss                zero     0x2001eb0c     0x14  bsp_sdio_sd.o [1]
  .bss                zero     0x2001eb20     0x14  rc522.o [1]
  .bss                zero     0x2001eb34     0x14  tasks.o [1]
  .bss                zero     0x2001eb48     0x14  tasks.o [1]
  .bss                zero     0x2001eb5c     0x14  tasks.o [1]
  .bss                zero     0x2001eb70     0x14  tasks.o [1]
  .bss                zero     0x2001eb84     0x14  tasks.o [1]
  .bss                zero     0x2001eb98     0x14  timers.o [1]
  .bss                zero     0x2001ebac     0x14  timers.o [1]
  .bss                zero     0x2001ebc0     0x10  bsp_sdio_sd.o [1]
  .bss                zero     0x2001ebd0     0x10  bsp_sdio_sd.o [1]
  .bss                zero     0x2001ebe0     0x10  usbh_msc_bot.o [1]
  .bss                zero     0x2001ebf0     0x10  usbh_msc_bot.o [1]
  .bss                zero     0x2001ec00     0x10  usbh_msc_scsi.o [1]
  .bss                zero     0x2001ec10      0xc  apptask.o [1]
  .bss                zero     0x2001ec1c      0xc  apptask.o [1]
  .bss                zero     0x2001ec28      0xc  apptask.o [1]
  .bss                zero     0x2001ec34      0xc  apptask.o [1]
  .bss                zero     0x2001ec40      0xc  ff.o [1]
  .bss                zero     0x2001ec4c      0xc  protocol.o [1]
  .bss                zero     0x2001ec58      0xc  protocol.o [1]
  .bss                zero     0x2001ec64      0xc  protocol.o [1]
  .bss                zero     0x2001ec70      0xc  pub0sub1.o [1]
  .bss                zero     0x2001ec7c      0x8  heap_4.o [1]
  .bss                zero     0x2001ec84      0x8  modbus.o [1]
  .bss                zero     0x2001ec8c      0x8  protocol.o [1]
  .bss                zero     0x2001ec94      0x8  pub0sub1.o [1]
  .bss                zero     0x2001ec9c      0x4  apptask.o [1]
  .bss                zero     0x2001eca0      0x4  apptask.o [1]
  .bss                zero     0x2001eca4      0x4  apptask.o [1]
  .bss                zero     0x2001eca8      0x4  apptask.o [1]
  .bss                zero     0x2001ecac      0x4  apptask.o [1]
  .bss                zero     0x2001ecb0      0x4  apptask.o [1]
  .bss                zero     0x2001ecb4      0x4  apptask.o [1]
  .bss                zero     0x2001ecb8      0x4  apptask.o [1]
  .bss                zero     0x2001ecbc      0x4  apptask.o [1]
  .bss                zero     0x2001ecc0      0x4  apptask.o [1]
  .bss                zero     0x2001ecc4      0x4  apptask.o [1]
  .bss                zero     0x2001ecc8      0x4  apptask.o [1]
  .bss                zero     0x2001eccc      0x4  apptask.o [1]
  .bss                zero     0x2001ecd0      0x4  apptask.o [1]
  .bss                zero     0x2001ecd4      0x4  apptask.o [1]
  .bss                zero     0x2001ecd8      0x4  apptask.o [1]
  .bss                zero     0x2001ecdc      0x4  apptask.o [1]
  .bss                zero     0x2001ece0      0x4  apptask.o [1]
  .bss                zero     0x2001ece4      0x4  apptask.o [1]
  .bss                zero     0x2001ece8      0x4  apptask.o [1]
  .bss                zero     0x2001ecec      0x4  apptask.o [1]
  .bss                zero     0x2001ecf0      0x4  apptask.o [1]
  .bss                zero     0x2001ecf4      0x4  apptask.o [1]
  .bss                zero     0x2001ecf8      0x4  apptask.o [1]
  .bss                zero     0x2001ecfc      0x4  apptask.o [1]
  .bss                zero     0x2001ed00      0x4  apptask.o [1]
  .bss                zero     0x2001ed04      0x4  apptask.o [1]
  .bss                zero     0x2001ed08      0x4  bsp_sdio_sd.o [1]
  .bss                zero     0x2001ed0c      0x4  bsp_sdio_sd.o [1]
  .bss                zero     0x2001ed10      0x4  bsp_sdio_sd.o [1]
  .bss                zero     0x2001ed14      0x4  bsp_sdio_sd.o [1]
  .bss                zero     0x2001ed18      0x4  bsp_sdio_sd.o [1]
  .bss                zero     0x2001ed1c      0x4  bsp_timer.o [1]
  .bss                zero     0x2001ed20      0x4  bsp_timer.o [1]
  .bss                zero     0x2001ed24      0x4  bsp_timer.o [1]
  .bss                zero     0x2001ed28      0x4  bsp_timer.o [1]
  .bss                zero     0x2001ed2c      0x4  esp8266_handler.o [1]
  .bss                zero     0x2001ed30      0x4  esp8266_handler.o [1]
  .bss                zero     0x2001ed34      0x4  esp8266_handler.o [1]
  .bss                zero     0x2001ed38      0x4  heap_4.o [1]
  .bss                zero     0x2001ed3c      0x4  heap_4.o [1]
  .bss                zero     0x2001ed40      0x4  heap_4.o [1]
  .bss                zero     0x2001ed44      0x4  heap_4.o [1]
  .bss                zero     0x2001ed48      0x4  MQTTPacket.o [1]
  .bss                zero     0x2001ed4c      0x4  page_weimi.o [1]
  .bss                zero     0x2001ed50      0x4  page_weimi.o [1]
  .bss                zero     0x2001ed54      0x4  port.o [1]
  .bss                zero     0x2001ed58      0x4  product_cal.o [1]
  .bss                zero     0x2001ed5c      0x4  product_cal.o [1]
  .bss                zero     0x2001ed60      0x4  pub0sub1.o [1]
  .bss                zero     0x2001ed64      0x4  SysInfoTest.o [1]
  .bss                zero     0x2001ed68      0x4  tasks.o [1]
  .bss                zero     0x2001ed6c      0x4  tasks.o [1]
  .bss                zero     0x2001ed70      0x4  tasks.o [1]
  .bss                zero     0x2001ed74      0x4  tasks.o [1]
  .bss                zero     0x2001ed78      0x4  tasks.o [1]
  .bss                zero     0x2001ed7c      0x4  tasks.o [1]
  .bss                zero     0x2001ed80      0x4  tasks.o [1]
  .bss                zero     0x2001ed84      0x4  tasks.o [1]
  .bss                zero     0x2001ed88      0x4  tasks.o [1]
  .bss                zero     0x2001ed8c      0x4  tasks.o [1]
  .bss                zero     0x2001ed90      0x4  tasks.o [1]
  .bss                zero     0x2001ed94      0x4  tasks.o [1]
  .bss                zero     0x2001ed98      0x4  tasks.o [1]
  .bss                zero     0x2001ed9c      0x4  tasks.o [1]
  .bss                zero     0x2001eda0      0x4  tasks.o [1]
  .bss                zero     0x2001eda4      0x4  tasks.o [1]
  .bss                zero     0x2001eda8      0x4  timer_platform.o [1]
  .bss                zero     0x2001edac      0x4  timers.o [1]
  .bss                zero     0x2001edb0      0x4  timers.o [1]
  .bss                zero     0x2001edb4      0x4  timers.o [1]
  .bss                zero     0x2001edb8      0x4  timers.o [1]
  .bss                zero     0x2001edbc      0x4  usbh_msc_bot.o [1]
  .bss                zero     0x2001edc0      0x4  usbh_msc_bot.o [1]
  .bss                zero     0x2001edc4      0x4  usbh_msc_bot.o [1]
  .bss                zero     0x2001edc8      0x4  usbh_msc_bot.o [1]
  .bss                zero     0x2001edcc      0x2  apptask.o [1]
  .bss                zero     0x2001edce      0x2  apptask.o [1]
  .bss                zero     0x2001edd0      0x2  apptask.o [1]
  .bss                zero     0x2001edd2      0x2  apptask.o [1]
  .bss                zero     0x2001edd4      0x2  apptask.o [1]
  .bss                zero     0x2001edd6      0x2  apptask.o [1]
  .bss                zero     0x2001edd8      0x2  apptask.o [1]
  .bss                zero     0x2001edda      0x2  apptask.o [1]
  .bss                zero     0x2001eddc      0x2  bsp_sdwe050c17.o [1]
  .bss                zero     0x2001edde      0x2  encoder_tim.o [1]
  .bss                zero     0x2001ede0      0x2  encoder_tim.o [1]
  .bss                zero     0x2001ede2      0x2  ff.o [1]
  .bss                zero     0x2001ede4      0x2  page_weimi.o [1]
  .bss                zero     0x2001ede6      0x2  page_weimi.o [1]
  .bss                zero     0x2001ede8      0x2  product_cal.o [1]
  .bss                zero     0x2001edea      0x2  usbh_core.o [1]
  .bss                zero     0x2001edec      0x2  usbh_stdreq.o [1]
  .bss                zero     0x2001edee      0x1  apptask.o [1]
  .bss                zero     0x2001edef      0x1  apptask.o [1]
  .bss                zero     0x2001edf0      0x1  apptask.o [1]
  .bss                zero     0x2001edf1      0x1  apptask.o [1]
  .bss                zero     0x2001edf2      0x1  apptask.o [1]
  .bss                zero     0x2001edf3      0x1  apptask.o [1]
  .bss                zero     0x2001edf4      0x1  apptask.o [1]
  .bss                zero     0x2001edf5      0x1  apptask.o [1]
  .bss                zero     0x2001edf6      0x1  apptask.o [1]
  .bss                zero     0x2001edf7      0x1  apptask.o [1]
  .bss                zero     0x2001edf8      0x1  apptask.o [1]
  .bss                zero     0x2001edf9      0x1  apptask.o [1]
  .bss                zero     0x2001edfa      0x1  apptask.o [1]
  .bss                zero     0x2001edfb      0x1  apptask.o [1]
  .bss                zero     0x2001edfc      0x1  bsp_sdio_sd.o [1]
  .bss                zero     0x2001edfd      0x1  bsp_sdwe050c17.o [1]
  .bss                zero     0x2001edfe      0x1  bsp_uart_fifo.o [1]
  .bss                zero     0x2001edff      0x1  encoder_tim.o [1]
  .bss                zero     0x2001ee00      0x1  esp8266_handler.o [1]
  .bss                zero     0x2001ee01      0x1  esp8266_handler.o [1]
  .bss                zero     0x2001ee02      0x1  esp8266_handler.o [1]
  .bss                zero     0x2001ee03      0x1  page_weimi.o [1]
  .bss                zero     0x2001ee04      0x1  page_weimi.o [1]
  .bss                zero     0x2001ee05      0x1  page_weimi.o [1]
  .bss                zero     0x2001ee06      0x1  page_weimi.o [1]
  .bss                zero     0x2001ee07      0x1  page_weimi.o [1]
  .bss                zero     0x2001ee08      0x1  port.o [1]
  .bss                zero     0x2001ee09      0x1  product_cal.o [1]
  .bss                zero     0x2001ee0a      0x1  product_cal.o [1]
  .bss                zero     0x2001ee0b      0x1  protocol.o [1]
  .bss                zero     0x2001ee0c      0x1  pub0sub1.o [1]
  .bss                zero     0x2001ee0d      0x1  pub0sub1.o [1]
  .bss                zero     0x2001ee0e      0x1  rc522.o [1]
  .bss                zero     0x2001ee0f      0x1  rc522.o [1]
  .bss                zero     0x2001ee10      0x1  usbh_msc_bot.o [1]
  .bss                zero     0x2001ee11      0x1  usbh_msc_core.o [1]
  .bss                zero     0x2001ee12      0x1  usbh_msc_core.o [1]
  .bss                zero     0x2001ee13      0x1  usbh_stdreq.o [1]
  .bss                zero     0x2001ee14      0x1  usbh_usr.o [1]
  CSTACK                       0x2001ee18    0xa00  <Block>
    CSTACK            uninit   0x2001ee18    0xa00  <Block tail>
                             - 0x2001f818  0x1f818

Absolute sections:                         0xff000
  .bss                zero     0x68000000  0xf0000  malloc.o [1]
  .bss                zero     0x680f0000   0xf000  malloc.o [1]
                             - 0x680ff000  0xff000


*******************************************************************************
*** INIT TABLE
***

          Address     Size
          -------     ----
Zero (__iar_zero_init3)
    2 destination ranges, total size 0x11db55:
          0x200002c0  0x1eb55
          0x68000000  0xff000

Copy/packbits (__iar_packbits_init3)
    1 source range, total size 0x126 (41% of destination):
          0x0804b220    0x126
    1 destination range, total size 0x2be:
          0x20000000    0x2be



*******************************************************************************
*** MODULE SUMMARY
***

    Module                    ro code  ro data  rw data    rw data
                                                            (abs)
    ------                    -------  -------  -------    -------
E:\WORK\YarnControl_Driver\YarnControl_Driver\src\stm32f4_rtos\Project\EWARMv7\Flash\Obj: [1]
    MQTTConnectClient.o           774       36
    MQTTDeserializePublish.o      188        4
    MQTTPacket.o                  656        4        4
    MQTTSerializePublish.o        236        4
    MQTTSubscribeClient.o         400        8
    SysInfoTest.o                  44                 4
    apptask.o                  29 572    3 524      187
    bkp_pwr.o                     392
    bsp.o                          88
    bsp_closeSW.o                 220
    bsp_dac.o                     200
    bsp_dwt.o                     116
    bsp_led.o                     192
    bsp_relay.o                    68
    bsp_sdio_sd.o               6 744               209
    bsp_sdwe050c17.o            5 428       36       55
    bsp_servomotor.o              640
    bsp_spi.o                     292
    bsp_stepmotor.o             1 268
    bsp_sw_onoff.o                 68
    bsp_timer.o                   516                16
    bsp_uart_fifo.o             2 724             1 201
    bsp_w25qxx.o                  896        9    4 098
    bsp_watchdog.o                  8
    cc936.o                       244  176 320
    demo_fatfs.o                           725       80
    des.o                       1 274      844
    diskio.o                      740
    encoder_tim.o                 680        1       30
    esp8266_handler.o           1 044      324    2 119
    esp8266_init.o                124
    event_groups.o                610
    ff.o                        9 368       36      562
    heap_4.o                      640        4   66 584
    iic_smec98sp.o                910
    list.o                        152
    main.o                         48       32
    malloc.o                      540       36   43 548  1 044 480
    mcheck.o                      184      768
    misc.o                        136
    modbus.o                      852                 8
    page_weimi.o                1 272       12      382
    para.o                      5 434      284      168
    port.o                        588        6        9
    portasm.o                     168
    product_cal.o               1 728      400      100
    protocol.o                    128               509
    pub0sub1.o                  1 076      472    1 122
    queue.o                     1 992
    rc522.o                       238                22
    smec98sp.o                  1 198      256
    startup_stm32f40_41xxx.o      680
    stm32f4xx_adc.o               438
    stm32f4xx_dac.o               124
    stm32f4xx_dma.o               796
    stm32f4xx_exti.o              192
    stm32f4xx_gpio.o              300
    stm32f4xx_it.o                 56       44
    stm32f4xx_iwdg.o               16
    stm32f4xx_pwr.o                12
    stm32f4xx_rcc.o               488        7       16
    stm32f4xx_rtc.o                60
    stm32f4xx_sdio.o              380
    stm32f4xx_spi.o               116
    stm32f4xx_syscfg.o             84
    stm32f4xx_tim.o             1 782
    stm32f4xx_usart.o             596
    system_stm32f4xx.o            340        2        4
    tasks.o                     3 296        8      484
    timer_platform.o               64                 4
    timers.o                    1 188        8       56
    transport.o                   108
    usb_bsp.o                     332
    usb_core.o                  2 640
    usb_hcd.o                     214
    usb_hcd_int.o               3 198
    usbh_core.o                 1 888        6       18
    usbh_hcs.o                    442
    usbh_ioreq.o                  582
    usbh_it.o                      16
    usbh_msc_bot.o              1 364                81
    usbh_msc_core.o             1 000        6       94
    usbh_msc_scsi.o             1 560        1      529
    usbh_stdreq.o               1 078               515
    usbh_usr.o                    418      586    3 125
    --------------------------------------------------------------
    Total:                    108 946  184 813  125 943  1 044 480

command line: [2]
    --------------------------------------------------------------
    Total:

dl7M_tlf.a: [3]
    abort.o                         6
    div.o                          14
    errno.o                        12        2        4
    exit.o                          4
    isxxx.o                        40
    localeconv.o                  108       57      136
    printf.o                       36
    putchar.o                      12
    rand.o                        224       58      140
    setlocale.o                    24       49      116
    snprintf.o                     68
    sprintf.o                      52
    srand.o                        32
    sscanf.o                       36
    strcat.o                       28
    strstr.o                       44
    tolower.o                      20
    xfiles.o                                27      144
    xlocale_c.o                    54
    xprintffull_nomb.o          3 478
    xprout.o                       22
    xscanffull_nomb.o           2 916
    xsnprout.o                     26
    xsprout.o                      10
    xsscin.o                       30
    xstoflt.o                     440
    xstoll.o                      164
    xstopfx.o                     292
    xstoull.o                     432
    xstoxflt.o                    536
    xtls.o                          2
    --------------------------------------------------------------
    Total:                      9 162      193      540

m7M_tls.a: [4]
    DblAdd.o                      232
    DblCmpEq.o                     32
    DblCmpGe.o                     46
    DblCmpLe.o                     46
    DblDiv.o                      598
    DblMul.o                      418
    DblSub.o                      384
    DblToFlt.o                    144
    DblToI32.o                     88
    FltToDbl.o                     78
    I32ToDbl.o                     48
    fpinit_M.o                     34
    xdnorm.o                       66
    xdscale.o                     276
    xdtento.o                     512
    xdunscal.o                     82
    xstold.o                      360
    --------------------------------------------------------------
    Total:                      3 444

rt7M_tl.a: [5]
    ABImemclr4.o                    6
    ABImemcpy_unaligned.o         118
    ABImemset.o                   102
    ABImemset48.o                  50
    I64DivMod.o                   306
    I64DivZer.o                     2
    cexit.o                        10
    cmain.o                        26
    cstartup_M.o                   12
    data_init.o                    40
    memchr.o                       88
    memcmp_unaligned.o             98
    packbits_init.o               208
    strchr.o                       22
    strcmp_unaligned.o             66
    strcpy_unaligned.o             68
    strlen.o                       54
    zero_init3.o                   64
    --------------------------------------------------------------
    Total:                      1 340

shb_l.a: [6]
    exit.o                         20
    --------------------------------------------------------------
    Total:                         20

    Gaps                           64        4        2
    Linker created                          52    2 560
------------------------------------------------------------------
    Grand Total:              122 976  185 062  129 045  1 044 480


*******************************************************************************
*** ENTRY LIST
***

Entry                      Address     Size  Type      Object
-----                      -------     ----  ----      ------
.iar.init_table$$Base   0x0804a000            --   Gb  - Linker created -
.iar.init_table$$Limit  0x0804a034            --   Gb  - Linker created -
?main                   0x0804a475           Code  Gb  cmain.o [5]
ADC_Cmd                 0x080479e3     0x1a  Code  Gb  stm32f4xx_adc.o [1]
ADC_CommonInit          0x080479c1     0x22  Code  Gb  stm32f4xx_adc.o [1]
ADC_GetFlagStatus       0x08047b0d     0x1a  Code  Gb  stm32f4xx_adc.o [1]
ADC_Init                0x08047971     0x50  Code  Gb  stm32f4xx_adc.o [1]
ADC_RegularChannelConfig
                        0x080479fd     0xf6  Code  Gb  stm32f4xx_adc.o [1]
ADC_SoftwareStartConv   0x08047af3      0xa  Code  Gb  stm32f4xx_adc.o [1]
APBAHBPrescTable        0x2000027c     0x10  Data  Lc  stm32f4xx_rcc.o [1]
AppObjCreate            0x0803153d    0x192  Code  Gb  apptask.o [1]
AppTaskCreate           0x08031311    0x214  Code  Gb  apptask.o [1]
BOTStallErrorCount      0x2001edbc      0x4  Data  Lc  usbh_msc_bot.o [1]
BusFault_Handler        0x08049ac3      0x2  Code  Gb  stm32f4xx_it.o [1]
CID_Tab                 0x2001ebd0     0x10  Data  Lc  bsp_sdio_sd.o [1]
CLIENT_ID               0x2001ea84     0x20  Data  Gb  pub0sub1.o [1]
CRC16HiTable            0x0804943c    0x100  Data  Gb  mcheck.o [1]
CRC16LoTable            0x0804953c    0x100  Data  Gb  mcheck.o [1]
CRC8Table               0x0804963c    0x100  Data  Gb  mcheck.o [1]
CSD_Tab                 0x2001ebc0     0x10  Data  Lc  bsp_sdio_sd.o [1]
CSTACK$$Base            0x2001ee18            --   Gb  - Linker created -
CSTACK$$Limit           0x2001f818            --   Gb  - Linker created -
CardType                0x2001ed08      0x4  Data  Lc  bsp_sdio_sd.o [1]
ChannengMQTTPackage     0x0803402b     0x7e  Code  Gb  product_cal.o [1]
CmdError                0x08044175     0x38  Code  Lc  bsp_sdio_sd.o [1]
CmdResp1Error           0x08044219    0x112  Code  Lc  bsp_sdio_sd.o [1]
CmdResp2Error           0x08044369     0x52  Code  Lc  bsp_sdio_sd.o [1]
CmdResp3Error           0x0804432b     0x3e  Code  Lc  bsp_sdio_sd.o [1]
CmdResp6Error           0x080443bb     0xa6  Code  Lc  bsp_sdio_sd.o [1]
CmdResp7Error           0x080441ad     0x58  Code  Lc  bsp_sdio_sd.o [1]
ConfigExitNVIC          0x0803b107     0x22  Code  Gb  bsp_closeSW.o [1]
ConfigUartNVIC          0x0803d10b     0x7c  Code  Lc  bsp_uart_fifo.o [1]
ConnectTcp              0x0803bc2b     0x48  Code  Gb  esp8266_handler.o [1]
DAC_Cmd                 0x0803ee1f     0x26  Code  Gb  stm32f4xx_dac.o [1]
DAC_Init                0x0803eded     0x32  Code  Gb  stm32f4xx_dac.o [1]
DAC_SetChannel1Data     0x0803ee45     0x1e  Code  Gb  stm32f4xx_dac.o [1]
DMA1_Stream0_IRQHandler
                        0x08037b35     0x1c  Code  Gb  bsp_servomotor.o [1]
DMA1_Stream3_IRQHandler
                        0x08037b51     0x1c  Code  Gb  bsp_servomotor.o [1]
DMA2_Stream3_IRQHandler
                        0x08044a5d      0x8  Code  Gb  bsp_sdio_sd.o [1]
DMAEndOfTransfer        0x2001ed18      0x4  Data  Gb  bsp_sdio_sd.o [1]
DMA_ClearFlag           0x0803f743     0x24  Code  Gb  stm32f4xx_dma.o [1]
DMA_Cmd                 0x0803f6f9     0x1a  Code  Gb  stm32f4xx_dma.o [1]
DMA_DeInit              0x0803f561    0x140  Code  Gb  stm32f4xx_dma.o [1]
DMA_FlowControllerConfig
                        0x0803f713     0x18  Code  Gb  stm32f4xx_dma.o [1]
DMA_GetCmdStatus        0x0803f72b     0x18  Code  Gb  stm32f4xx_dma.o [1]
DMA_GetITStatus         0x0803f7a9     0x62  Code  Gb  stm32f4xx_dma.o [1]
DMA_ITConfig            0x0803f767     0x42  Code  Gb  stm32f4xx_dma.o [1]
DMA_Init                0x0803f6a1     0x58  Code  Gb  stm32f4xx_dma.o [1]
Dac1_Init               0x08037311     0x5a  Code  Gb  bsp_dac.o [1]
Dac1_Set_Vol            0x0803736d     0x58  Code  Gb  bsp_dac.o [1]
DebugMon_Handler        0x08049ac7      0x2  Code  Gb  stm32f4xx_it.o [1]
DesE                    0x08049b8c     0x30  Data  Gb  des.o [1]
DesIp                   0x08049960     0x40  Data  Gb  des.o [1]
DesIp_1                 0x080499a0     0x40  Data  Gb  des.o [1]
DesP                    0x0804a0f4     0x20  Data  Gb  des.o [1]
DesPc_1                 0x08049a58     0x38  Data  Gb  des.o [1]
DesPc_2                 0x08049bbc     0x30  Data  Gb  des.o [1]
DesRots                 0x0804a8bc     0x14  Data  Gb  des.o [1]
DesS                    0x08048f58    0x200  Data  Gb  des.o [1]
DiskFile_init           0x0803b005     0x40  Code  Gb  protocol.o [1]
Disk_File               0x2001e424     0xd4  Data  Gb  protocol.o [1]
ENC_Calc_Average_Speed  0x0803b9c7     0x58  Code  Gb  encoder_tim.o [1]
ENC_Calc_Rot_Speed      0x0803b8ed     0xda  Code  Gb  encoder_tim.o [1]
ENC_Clear_Speed_Buffer  0x0803b8d1     0x1c  Code  Gb  encoder_tim.o [1]
ENC_Init                0x0803b7e5     0xec  Code  Gb  encoder_tim.o [1]
ESP8266_Enable_MultipleId
                        0x0803bb57     0x40  Code  Gb  esp8266_handler.o [1]
[...]
mc_check_xor            0x080406e7     0x1a  Code  Gb  mcheck.o [1]
mem1base                0x200106c0   0xa000  Data  Gb  malloc.o [1]
mem1mapbase             0x2001b6c0    0xa00  Data  Gb  malloc.o [1]
mem2base                0x68000000  0xf0000  Data  Gb  malloc.o [1]
mem2mapbase             0x680f0000   0xf000  Data  Gb  malloc.o [1]
mem_cmp                 0x0803864b     0x24  Code  Lc  ff.o [1]
mem_cpy                 0x08038619     0x1c  Code  Lc  ff.o [1]
mem_set                 0x08038635     0x16  Code  Lc  ff.o [1]
memblksize              0x0804aff8      0x8  Data  Gb  malloc.o [1]
memchr                  0x08042331           Code  Gb  memchr.o [5]
memsize                 0x0804b000      0x8  Data  Gb  malloc.o [1]
memtblsize              0x0804aff0      0x8  Data  Gb  malloc.o [1]
modbus_send_frame       0x0803af15     0xe6  Code  Gb  modbus.o [1]
move_window             0x0803890d     0x40  Code  Lc  ff.o [1]
movram                  0x08046fc5     0x1e  Code  Gb  des.o [1]
mqttSubscribeData       0x2001d000    0x3e8  Data  Gb  esp8266_handler.o [1]
mqtt_status             0x2001ec94      0x8  Data  Gb  pub0sub1.o [1]
my_mem_free             0x08036a83     0x6c  Code  Gb  malloc.o [1]
my_mem_init             0x08036947     0x42  Code  Gb  malloc.o [1]
my_mem_malloc           0x080369c7     0xbc  Code  Gb  malloc.o [1]
my_mem_perused          0x08036989     0x3e  Code  Gb  malloc.o [1]
myfree                  0x08036aef     0x24  Code  Gb  malloc.o [1]
mymalloc                0x08036b13     0x2a  Code  Gb  malloc.o [1]
mymemset                0x08036931     0x16  Code  Gb  malloc.o [1]
ndigs                   0x0804585c     0x28  Data  Lc  xstoull.o [3]
netDeviceInfo_t         0x2001e6d8     0x68  Data  Gb  esp8266_handler.o [1]
net_device_send_cmd     0x0803bb09     0x4e  Code  Gb  esp8266_handler.o [1]
obuf                    0x2001e8b8     0x50  Data  Lc  xfiles.o [3]
oem2uni                 0x0801560c  0x15484  Data  Lc  cc936.o [1]
old_card_record         0x2001edf4      0x1  Data  Gb  apptask.o [1]
old_isWork              0x2001edf0      0x1  Data  Gb  apptask.o [1]
old_is_stop             0x200002bc      0x1  Data  Gb  page_weimi.o [1]
old_plan_complete       0x2001ee0a      0x1  Data  Gb  product_cal.o [1]
old_system_state        0x200002ba      0x1  Data  Gb  apptask.o [1]
old_usb_disk_flag       0x2001edf2      0x1  Data  Gb  apptask.o [1]
old_wifi_flag           0x2001ee01      0x1  Data  Gb  esp8266_handler.o [1]
para_init               0x080357f9     0x82  Code  Gb  para.o [1]
pcInterruptPriorityRegisters
                        0x0804b10c      0x4  Data  Lc  port.o [1]
peiliao_para            0x2001ea08     0x30  Data  Gb  product_cal.o [1]
pick_lfn                0x0803915f     0x8c  Code  Lc  ff.o [1]
plan_complete           0x2001ee09      0x1  Data  Gb  product_cal.o [1]
pluse_count             0x2001edce      0x2  Data  Gb  apptask.o [1]
pluse_step_src          0x2001ec28      0xc  Data  Gb  apptask.o [1]
pows                    0x08046060     0x48  Data  Lc  xdtento.o [4]
printf                  0x08036851     0x24  Code  Gb  printf.o [3]
product_complete_kilo   0x08033cab     0x74  Code  Gb  product_cal.o [1]
product_complete_meter  0x08033c8f     0x1c  Code  Gb  product_cal.o [1]
product_para            0x2001ea38     0x28  Data  Gb  product_cal.o [1]
product_per_meter       0x08033c09     0x74  Code  Gb  product_cal.o [1]
prvAddCurrentTaskToDelayedList
                        0x08034dad     0x48  Code  Lc  tasks.o [1]
prvAllocateTCBAndStack  0x08034df5     0x5a  Code  Lc  tasks.o [1]
prvCheckForValidListAndQueue
                        0x0803c9e7     0x52  Code  Lc  timers.o [1]
prvCheckTasksWaitingTermination
                        0x08034d43     0x66  Code  Lc  tasks.o [1]
prvCopyDataFromQueue    0x080339f1     0x30  Code  Lc  queue.o [1]
prvCopyDataToQueue      0x0803396d     0x84  Code  Lc  queue.o [1]
prvDeleteTCB            0x08034e4f     0x12  Code  Lc  tasks.o [1]
prvGetNextExpireTime    0x0803c7d3     0x2e  Code  Lc  timers.o [1]
prvHeapInit             0x0803ddd9     0x6e  Code  Lc  heap_4.o [1]
prvIdleTask             0x08034c5d     0x26  Code  Lc  tasks.o [1]
prvInitialiseTCBVariables
                        0x08034c83     0x6a  Code  Lc  tasks.o [1]
prvInitialiseTaskLists  0x08034ced     0x56  Code  Lc  tasks.o [1]
prvInsertBlockIntoFreeList
                        0x0803de47     0x62  Code  Lc  heap_4.o [1]
prvInsertTimerInActiveList
                        0x0803c829     0x50  Code  Lc  timers.o [1]
prvIsQueueEmpty         0x08033a8b     0x20  Code  Lc  queue.o [1]
prvIsQueueFull          0x08033aab     0x22  Code  Lc  queue.o [1]
prvProcessExpiredTimer  0x0803c6eb     0x5c  Code  Lc  timers.o [1]
prvProcessReceivedCommands
                        0x0803c879     0xde  Code  Lc  timers.o [1]
prvProcessTimerOrBlockTask
                        0x0803c763     0x70  Code  Lc  timers.o [1]
prvResetNextTaskUnblockTime
                        0x08034e61     0x26  Code  Lc  tasks.o [1]
prvSampleTimeNow        0x0803c801     0x28  Code  Lc  timers.o [1]
prvSwitchTimerLists     0x0803c957     0x90  Code  Lc  timers.o [1]
prvTaskExitError        0x0803d989     0x2a  Code  Lc  port.o [1]
prvTestWaitCondition    0x0803c58f     0x24  Code  Lc  event_groups.o [1]
prvTimerTask            0x0803c749     0x1a  Code  Lc  timers.o [1]
prvUnlockQueue          0x08033a21     0x6a  Code  Lc  queue.o [1]
pub_topicString         0x2001ec70      0xc  Data  Gb  pub0sub1.o [1]
put_fat                 0x08038b5b    0x16c  Code  Gb  ff.o [1]
putchar                 0x0804a771      0xc  Code  Gb  putchar.o [3]
pvPortMalloc            0x0803dc49    0x118  Code  Gb  heap_4.o [1]
pxCurrentTCB            0x2001ed68      0x4  Data  Gb  tasks.o [1]
pxCurrentTimerList      0x2001edac      0x4  Data  Lc  timers.o [1]
pxDelayedTaskList       0x2001ed6c      0x4  Data  Lc  tasks.o [1]
pxEnd                   0x2001ed38      0x4  Data  Lc  heap_4.o [1]
pxOverflowDelayedTaskList
                        0x2001ed70      0x4  Data  Lc  tasks.o [1]
pxOverflowTimerList     0x2001edb0      0x4  Data  Lc  timers.o [1]
pxPortInitialiseStack   0x0803d965     0x24  Code  Gb  port.o [1]
pxReadyTasksLists       0x2001e1b8    0x140  Data  Lc  tasks.o [1]
rand                    0x08047ed9     0xe0  Code  Gb  rand.o [3]
rc522_cmd_anticoll      0x0803ac55     0x5a  Code  Gb  rc522.o [1]
rc522_cmd_request       0x0803ac01     0x54  Code  Gb  rc522.o [1]
readChar                0x08040f27     0x10  Code  Gb  MQTTPacket.o [1]
readDisk                0x2001edf7      0x1  Data  Gb  apptask.o [1]
readFilenum             0x2001edf8      0x1  Data  Gb  apptask.o [1]
readInt                 0x08040f0b     0x1c  Code  Gb  MQTTPacket.o [1]
readMQTTLenString       0x08040fdd     0x3c  Code  Gb  MQTTPacket.o [1]
readSlave               0x2001ec1c      0xc  Data  Gb  apptask.o [1]
read_bkp_para           0x08037c1f     0x78  Code  Gb  bkp_pwr.o [1]
read_device_info        0x080352b5    0x2ec  Code  Gb  para.o [1]
read_file_select        0x2001ec64      0xc  Data  Gb  protocol.o [1]
read_from_disk          0x080358ad    0xd52  Code  Gb  para.o [1]
remove_chain            0x08038cc7     0x76  Code  Lc  ff.o [1]
rfid_rev_buf            0x2001eb20     0x14  Data  Gb  rc522.o [1]
rfid_rev_cnt            0x2001ee0f      0x1  Data  Gb  rc522.o [1]
rfid_rev_flag           0x2001ee0e      0x1  Data  Gb  rc522.o [1]
rtc_time                0x2001ec8c      0x8  Data  Gb  protocol.o [1]
s_TIM_CallBack1         0x2001ed1c      0x4  Data  Lc  bsp_timer.o [1]
s_TIM_CallBack2         0x2001ed20      0x4  Data  Lc  bsp_timer.o [1]
s_TIM_CallBack3         0x2001ed24      0x4  Data  Lc  bsp_timer.o [1]
s_TIM_CallBack4         0x2001ed28      0x4  Data  Lc  bsp_timer.o [1]
sample_time             0x2001edcc      0x2  Data  Gb  apptask.o [1]
sdew_weimi_page1        0x08032c55    0x28a  Code  Gb  bsp_sdwe050c17.o [1]
sdew_weimi_page2        0x08032ef1    0x1e6  Code  Gb  bsp_sdwe050c17.o [1]
sdew_weisha_page1       0x080330d7    0x100  Code  Gb  bsp_sdwe050c17.o [1]
sdew_weisha_page2       0x080331e1    0x100  Code  Gb  bsp_sdwe050c17.o [1]
selectbits              0x0804708f     0x42  Code  Gb  des.o [1]
semc_adc_Init           0x0804750f     0x92  Code  Gb  smec98sp.o [1]
servo_diff              0x2001ecfc      0x4  Data  Gb  apptask.o [1]
servo_per_wei_src       0x2001ecf8      0x4  Data  Gb  apptask.o [1]
servo_speed_diff        0x2001ed00      0x4  Data  Gb  apptask.o [1]
servomotor_guodu        0x2001ee03      0x1  Data  Gb  page_weimi.o [1]
servomotor_mode         0x2001ee04      0x1  Data  Gb  page_weimi.o [1]
setbit                  0x08047007     0x4c  Code  Gb  des.o [1]
shlc                    0x080470d1     0x68  Code  Gb  des.o [1]
shrc                    0x08047139     0x5e  Code  Gb  des.o [1]
slave_info              0x2001ec10      0xc  Data  Gb  apptask.o [1]
snprintf                0x08040a75     0x44  Code  Gb  snprintf.o [3]
speed_diff              0x2001ec34      0xc  Data  Gb  apptask.o [1]
speed_zhu               0x2001ede4      0x2  Data  Gb  page_weimi.o [1]
speed_zhu1              0x2001ede6      0x2  Data  Gb  page_weimi.o [1]
sprintf                 0x0803aab1     0x34  Code  Gb  sprintf.o [3]
srand                   0x08047eb9     0x20  Code  Gb  srand.o [3]
sscanf                  0x0803e031     0x24  Code  Gb  sscanf.o [3]
st_clust                0x08039091     0x18  Code  Lc  ff.o [1]
stepmotor_guodu         0x2001ed4c      0x4  Data  Gb  page_weimi.o [1]
strans                  0x08047197    0x168  Code  Gb  des.o [1]
strcat                  0x0803aae5     0x1c  Code  Gb  strcat.o [3]
strchr                  0x08042319           Code  Gb  strchr.o [5]
strlen                  0x08037149           Code  Gb  strlen.o [5]
strstr                  0x0803b085     0x10  Code  Gb  para.o [1]
sum_sfn                 0x08039365     0x20  Code  Lc  ff.o [1]
symbol                  0x2001ecf4      0x4  Data  Gb  apptask.o [1]
symbol_servo            0x2001edf9      0x1  Data  Gb  apptask.o [1]
sync_fs                 0x0803894d     0xd8  Code  Lc  ff.o [1]
sync_window             0x080388b3     0x5a  Code  Lc  ff.o [1]
system_state_dis        0x08049158    0x190  Data  Gb  product_cal.o [1]
toStop                  0x2001ed60      0x4  Data  Gb  pub0sub1.o [1]
tolower                 0x08045bb9     0x14  Code  Gb  tolower.o [3]
total_meter_gross       0x2001ed58      0x4  Data  Gb  product_cal.o [1]
total_weight_gross      0x2001ed5c      0x4  Data  Gb  product_cal.o [1]
transport_close         0x08040e11     0x12  Code  Gb  transport.o [1]
transport_getdata       0x08040dfd     0x14  Code  Gb  transport.o [1]
transport_sendPacketBuffer
                        0x08040dc1     0x3c  Code  Gb  transport.o [1]
ucHeap                  0x200002c0  0x10400  Data  Lc  heap_4.o [1]
ucMaxSysCallPriority    0x2001ee08      0x1  Data  Lc  port.o [1]
ulHighFrequencyTimerTicks
                        0x2001ed64      0x4  Data  Gb  SysInfoTest.o [1]
ulMaxPRIGROUPValue      0x2001ed54      0x4  Data  Lc  port.o [1]
ulTaskSwitchedInTime    0x2001eda0      0x4  Data  Lc  tasks.o [1]
ulTotalRunTime          0x2001eda4      0x4  Data  Lc  tasks.o [1]
uni2oem                 0x08000188  0x15484  Data  Lc  cc936.o [1]
usb_disk_flag           0x2001edf1      0x1  Data  Gb  apptask.o [1]
usbh_OpenMassStorage    0x08037d15     0x14  Code  Gb  usbh_usr.o [1]
uxCriticalNesting       0x200002a8      0x4  Data  Lc  port.o [1]
uxCurrentNumberOfTasks  0x2001ed78      0x4  Data  Lc  tasks.o [1]
uxListRemove            0x0803dc21     0x28  Code  Gb  list.o [1]
uxPendedTicks           0x2001ed88      0x4  Data  Lc  tasks.o [1]
uxSchedulerSuspended    0x2001ed9c      0x4  Data  Lc  tasks.o [1]
uxTaskNumber            0x2001ed94      0x4  Data  Lc  tasks.o [1]
uxTaskResetEventItemValue
                        0x08034ec1     0x20  Code  Gb  tasks.o [1]
uxTasksDeleted          0x2001ed74      0x4  Data  Lc  tasks.o [1]
uxTopReadyPriority      0x2001ed80      0x4  Data  Lc  tasks.o [1]
vAnalysisUartData       0x080310d1     0xca  Code  Gb  apptask.o [1]
vEsp8266_Main_Task      0x08030d69    0x226  Code  Gb  apptask.o [1]
vListInitialise         0x0803dbb1     0x1e  Code  Gb  list.o [1]
vListInsert             0x0803dbe7     0x3a  Code  Gb  list.o [1]
vListInsertEnd          0x0803dbcf     0x18  Code  Gb  list.o [1]
vMQTT_Handler_Task      0x08030f99    0x138  Code  Gb  apptask.o [1]
vMQTT_Recive_Task       0x080311a5     0x7e  Code  Gb  apptask.o [1]
vMQTT_Tranmit_Task      0x08031223     0xd0  Code  Gb  apptask.o [1]
vPortEnableVFP          0x08041725           Code  Gb  portasm.o [1]
vPortEnterCritical      0x0803da7f     0x3a  Code  Gb  port.o [1]
vPortExitCritical       0x0803dab9     0x32  Code  Gb  port.o [1]
vPortFree               0x0803dd61     0x78  Code  Gb  heap_4.o [1]
vPortSetupTimerInterrupt
                        0x0803db17      0xe  Code  Wk  port.o [1]
vPortStartFirstTask     0x0804170d           Code  Gb  portasm.o [1]
vPortValidateInterruptPriority
                        0x0803db25     0x4e  Code  Gb  port.o [1]
vQueueWaitForMessageRestricted
                        0x08033acd     0x44  Code  Gb  queue.o [1]
vTaskDelay              0x080344b9     0x84  Code  Gb  tasks.o [1]
vTaskDelayUntil         0x080343d9     0xe0  Code  Gb  tasks.o [1]
vTaskFreq               0x08030741    0x61a  Code  Lc  apptask.o [1]
vTaskManageCapacity     0x0802f189    0x518  Code  Gb  apptask.o [1]
vTaskMassStorage        0x0802de3d    0x64a  Code  Lc  apptask.o [1]
vTaskMissedYield        0x08034c53      0xa  Code  Gb  tasks.o [1]
vTaskMotorControl       0x0802f755    0xfc6  Code  Lc  apptask.o [1]
vTaskMsgPro             0x0802e951    0x434  Code  Lc  apptask.o [1]
vTaskPlaceOnEventList   0x080348b9     0x74  Code  Gb  tasks.o [1]
vTaskPlaceOnEventListRestricted
                        0x080349f1     0x80  Code  Gb  tasks.o [1]
vTaskPlaceOnUnorderedEventList
                        0x08034949     0xa8  Code  Gb  tasks.o [1]
vTaskReadDisk           0x0802eec9    0x272  Code  Lc  apptask.o [1]
vTaskRev485             0x0802edad     0xd4  Code  Lc  apptask.o [1]
vTaskSetTimeOutState    0x08034b9d     0x26  Code  Gb  tasks.o [1]
vTaskStartScheduler     0x0803453d     0x7e  Code  Gb  tasks.o [1]
vTaskSuspendAll         0x080345bb     0x10  Code  Gb  tasks.o [1]
vTaskSwitchContext      0x08034809     0xb0  Code  Gb  tasks.o [1]
vTaskTaskLCD            0x0802aa91   0x3370  Code  Gb  apptask.o [1]
vTaskTaskLED            0x0802e4b5     0x20  Code  Lc  apptask.o [1]
vTaskTaskRFID           0x0802e4d5    0x410  Code  Lc  apptask.o [1]
valid_seg               0x2001ed50      0x4  Data  Gb  page_weimi.o [1]
validate                0x0803a10b     0x36  Code  Lc  ff.o [1]
weimi_para              0x2001e2f8    0x12c  Data  Gb  page_weimi.o [1]
wifi_flag               0x2001ee00      0x1  Data  Gb  esp8266_handler.o [1]
work_idle_time          0x2001ede8      0x2  Data  Gb  product_cal.o [1]
writeCString            0x08040f6d     0x2a  Code  Gb  MQTTPacket.o [1]
writeChar               0x08040f37      0xc  Code  Gb  MQTTPacket.o [1]
writeInt                0x08040f43     0x2a  Code  Gb  MQTTPacket.o [1]
writeMQTTString         0x08040f97     0x46  Code  Gb  MQTTPacket.o [1]
write_bkp_para          0x08037c97     0x6e  Code  Gb  bkp_pwr.o [1]
xActiveTimerList1       0x2001eb98     0x14  Data  Lc  timers.o [1]
xActiveTimerList2       0x2001ebac     0x14  Data  Lc  timers.o [1]
xBlockAllocatedBit      0x2001ed44      0x4  Data  Lc  heap_4.o [1]
xDelayedTaskList1       0x2001eb34     0x14  Data  Lc  tasks.o [1]
xDelayedTaskList2       0x2001eb48     0x14  Data  Lc  tasks.o [1]
xEventGroupCreate       0x0803c351     0x1c  Code  Gb  event_groups.o [1]
xEventGroupSetBits      0x0803c4b9     0xd6  Code  Gb  event_groups.o [1]
xEventGroupWaitBits     0x0803c36d    0x146  Code  Gb  event_groups.o [1]
xFreeBytesRemaining     0x2001ed3c      0x4  Data  Lc  heap_4.o [1]
xHandleTaskFreq         0x2001ecc0      0x4  Data  Gb  apptask.o [1]
xHandleTaskLCD          0x2001ec9c      0x4  Data  Gb  apptask.o [1]
xHandleTaskLED          0x2001eca0      0x4  Data  Gb  apptask.o [1]
xHandleTaskManageCapacity
                        0x2001ecb8      0x4  Data  Gb  apptask.o [1]
xHandleTaskMassStorage  0x2001eca8      0x4  Data  Gb  apptask.o [1]
xHandleTaskMotorControl
                        0x2001ecbc      0x4  Data  Gb  apptask.o [1]
xHandleTaskMsgPro       0x2001ecb0      0x4  Data  Gb  apptask.o [1]
xHandleTaskRFID         0x2001eca4      0x4  Data  Gb  apptask.o [1]
xHandleTaskReadDisk     0x2001ecac      0x4  Data  Gb  apptask.o [1]
xHandleTaskRev485       0x2001ecb4      0x4  Data  Gb  apptask.o [1]
xHeapStructSize         0x0804b0e0      0x4  Data  Lc  heap_4.o [1]
xMinimumEverFreeBytesRemaining
                        0x2001ed40      0x4  Data  Lc  heap_4.o [1]
xNextTaskUnblockTime    0x2001ed98      0x4  Data  Lc  tasks.o [1]
xNumOfOverflows         0x2001ed90      0x4  Data  Lc  tasks.o [1]
xPendingReadyList       0x2001eb5c     0x14  Data  Lc  tasks.o [1]
xPortStartScheduler     0x0803d9b3     0xcc  Code  Gb  port.o [1]
xQueueGenericCreate     0x080333d9     0x7e  Code  Gb  queue.o [1]
xQueueGenericReceive    0x080337cd    0x19c  Code  Gb  queue.o [1]
xQueueGenericReset      0x08033349     0x90  Code  Gb  queue.o [1]
xQueueGenericSend       0x08033457    0x1b2  Code  Gb  queue.o [1]
xQueueGenericSendFromISR
                        0x08033609     0xec  Code  Gb  queue.o [1]
xQueueGiveFromISR       0x080336f5     0xd8  Code  Gb  queue.o [1]
xQueue_MQTT_Recv        0x2001ece4      0x4  Data  Gb  apptask.o [1]
xQueue_MQTT_Transmit    0x2001ece8      0x4  Data  Gb  apptask.o [1]
xQueue_esp8266_Cmd      0x2001ecec      0x4  Data  Gb  apptask.o [1]
xQueue_message          0x2001ecf0      0x4  Data  Gb  apptask.o [1]
xSchedulerRunning       0x2001ed84      0x4  Data  Lc  tasks.o [1]
xSemaphore_download     0x2001ecd4      0x4  Data  Gb  apptask.o [1]
xSemaphore_encoder      0x2001ecd0      0x4  Data  Gb  apptask.o [1]
xSemaphore_lcd          0x2001ecc4      0x4  Data  Gb  apptask.o [1]
xSemaphore_pluse        0x2001eccc      0x4  Data  Gb  apptask.o [1]
xSemaphore_readDisk     0x2001ecd8      0x4  Data  Gb  apptask.o [1]
xSemaphore_rs485        0x2001ecc8      0x4  Data  Gb  apptask.o [1]
xStart                  0x2001ec7c      0x8  Data  Lc  heap_4.o [1]
xSuspendedTaskList      0x2001eb84     0x14  Data  Lc  tasks.o [1]
xTaskCheckForTimeOut    0x08034bc9     0x8a  Code  Gb  tasks.o [1]
xTaskGenericCreate      0x08034255    0x184  Code  Gb  tasks.o [1]
xTaskGetSchedulerState  0x08034e87     0x26  Code  Gb  tasks.o [1]
xTaskGetTickCount       0x080346cb      0xa  Code  Gb  tasks.o [1]
xTaskIncrementTick      0x080346d5    0x134  Code  Gb  tasks.o [1]
xTaskRemoveFromEventList
                        0x08034a75     0x8e  Code  Gb  tasks.o [1]
xTaskRemoveFromUnorderedEventList
                        0x08034b09     0x94  Code  Gb  tasks.o [1]
xTaskResumeAll          0x080345cb    0x100  Code  Gb  tasks.o [1]
xTasksWaitingTermination
                        0x2001eb70     0x14  Data  Lc  tasks.o [1]
xTickCount              0x2001ed7c      0x4  Data  Lc  tasks.o [1]
xTimerCreate            0x0803c605     0x62  Code  Gb  timers.o [1]
xTimerCreateTimerTask   0x0803c5b5     0x50  Code  Gb  timers.o [1]
xTimerGenericCommand    0x0803c667     0x84  Code  Gb  timers.o [1]
xTimerQueue             0x2001edb4      0x4  Data  Lc  timers.o [1]
xTimerUser              0x2001ece0      0x4  Data  Gb  apptask.o [1]
xYieldPending           0x2001ed8c      0x4  Data  Lc  tasks.o [1]


[1] = E:\WORK\YarnControl_Driver\YarnControl_Driver\src\stm32f4_rtos\Project\EWARMv7\Flash\Obj
[2] = command line
[3] = dl7M_tlf.a
[4] = m7M_tls.a
[5] = rt7M_tl.a
[6] = shb_l.a

  122 976 bytes of readonly  code memory
  185 062 bytes of readonly  data memory
  129 045 bytes of readwrite data memory (+ 1 044 480 absolute)

Errors: none
Warnings: none
