###############################################################################
#
# IAR ELF Linker V7.40.7.9843/W32 for ARM                 17/Feb/2019  23:11:18
# Copyright 2007-2015 IAR Systems AB.
#
#    Output file  =  
#        E:\WORK\YarnControl_Driver\YarnControl_Driver\src\stm32f4_rtos\Project\EWARMv7\Flash\Exe\project.out
#    Map file     =  
#        E:\WORK\YarnControl_Driver\YarnControl_Driver\src\stm32f4_rtos\Project\EWARMv7\Flash\List\project.map
#    Command line =  
#        E:\WORK\YarnControl_Driver\YarnControl_Driver\src\stm32f4_rtos\Project\EWARMv7\Flash\Obj\apptask.o
#        E:\WORK\YarnControl_Driver\YarnControl_Driver\src\stm32f4_rtos\Project\EWARMv7\Flash\Obj\bsp.o
#        E:\WORK\YarnControl_Driver\YarnControl_Driver\src\stm32f4_rtos\Project\EWARMv7\Flash\Obj\bsp_closeSW.o
#        E:\WORK\YarnControl_Driver\YarnControl_Driver\src\stm32f4_rtos\Project\EWARMv7\Flash\Obj\bsp_dwt.o
#        E:\WORK\YarnControl_Driver\YarnControl_Driver\src\stm32f4_rtos\Project\EWARMv7\Flash\Obj\bsp_led.o
#        E:\WORK\YarnControl_Driver\YarnControl_Driver\src\stm32f4_rtos\Project\EWARMv7\Flash\Obj\bsp_relay.o
#        E:\WORK\YarnControl_Driver\YarnControl_Driver\src\stm32f4_rtos\Project\EWARMv7\Flash\Obj\bsp_sdio_sd.o
#        E:\WORK\YarnControl_Driver\YarnControl_Driver\src\stm32f4_rtos\Project\EWARMv7\Flash\Obj\bsp_sdwe050c17.o
#        E:\WORK\YarnControl_Driver\YarnControl_Driver\src\stm32f4_rtos\Project\EWARMv7\Flash\Obj\bsp_servomotor.o
#        E:\WORK\YarnControl_Driver\YarnControl_Driver\src\stm32f4_rtos\Project\EWARMv7\Flash\Obj\bsp_spi.o
#        E:\WORK\YarnControl_Driver\YarnControl_Driver\src\stm32f4_rtos\Project\EWARMv7\Flash\Obj\bsp_stepmotor.o
#        E:\WORK\YarnControl_Driver\YarnControl_Driver\src\stm32f4_rtos\Project\EWARMv7\Flash\Obj\bsp_sw_onoff.o
#        E:\WORK\YarnControl_Driver\YarnControl_Driver\src\stm32f4_rtos\Project\EWARMv7\Flash\Obj\bsp_tim_pwm.o
#        E:\WORK\YarnControl_Driver\YarnControl_Driver\src\stm32f4_rtos\Project\EWARMv7\Flash\Obj\bsp_timer.o
#        E:\WORK\YarnControl_Driver\YarnControl_Driver\src\stm32f4_rtos\Project\EWARMv7\Flash\Obj\bsp_uart_fifo.o
#        E:\WORK\YarnControl_Driver\YarnControl_Driver\src\stm32f4_rtos\Project\EWARMv7\Flash\Obj\bsp_w25qxx.o
#        E:\WORK\YarnControl_Driver\YarnControl_Driver\src\stm32f4_rtos\Project\EWARMv7\Flash\Obj\bsp_watchdog.o
#        E:\WORK\YarnControl_Driver\YarnControl_Driver\src\stm32f4_rtos\Project\EWARMv7\Flash\Obj\cc936.o
#        E:\WORK\YarnControl_Driver\YarnControl_Driver\src\stm32f4_rtos\Project\EWARMv7\Flash\Obj\croutine.o
#        E:\WORK\YarnControl_Driver\YarnControl_Driver\src\stm32f4_rtos\Project\EWARMv7\Flash\Obj\demo_fatfs.o
#        E:\WORK\YarnControl_Driver\YarnControl_Driver\src\stm32f4_rtos\Project\EWARMv7\Flash\Obj\diskio.o
#        E:\WORK\YarnControl_Driver\YarnControl_Driver\src\stm32f4_rtos\Project\EWARMv7\Flash\Obj\encoder.o
#        E:\WORK\YarnControl_Driver\YarnControl_Driver\src\stm32f4_rtos\Project\EWARMv7\Flash\Obj\event_groups.o
#        E:\WORK\YarnControl_Driver\YarnControl_Driver\src\stm32f4_rtos\Project\EWARMv7\Flash\Obj\ff.o
#        E:\WORK\YarnControl_Driver\YarnControl_Driver\src\stm32f4_rtos\Project\EWARMv7\Flash\Obj\heap_4.o
#        E:\WORK\YarnControl_Driver\YarnControl_Driver\src\stm32f4_rtos\Project\EWARMv7\Flash\Obj\list.o
#        E:\WORK\YarnControl_Driver\YarnControl_Driver\src\stm32f4_rtos\Project\EWARMv7\Flash\Obj\main.o
#        E:\WORK\YarnControl_Driver\YarnControl_Driver\src\stm32f4_rtos\Project\EWARMv7\Flash\Obj\malloc.o
#        E:\WORK\YarnControl_Driver\YarnControl_Driver\src\stm32f4_rtos\Project\EWARMv7\Flash\Obj\mcheck.o
#        E:\WORK\YarnControl_Driver\YarnControl_Driver\src\stm32f4_rtos\Project\EWARMv7\Flash\Obj\misc.o
#        E:\WORK\YarnControl_Driver\YarnControl_Driver\src\stm32f4_rtos\Project\EWARMv7\Flash\Obj\modbus.o
#        E:\WORK\YarnControl_Driver\YarnControl_Driver\src\stm32f4_rtos\Project\EWARMv7\Flash\Obj\page_weimi.o
#        E:\WORK\YarnControl_Driver\YarnControl_Driver\src\stm32f4_rtos\Project\EWARMv7\Flash\Obj\para.o
#        E:\WORK\YarnControl_Driver\YarnControl_Driver\src\stm32f4_rtos\Project\EWARMv7\Flash\Obj\port.o
#        E:\WORK\YarnControl_Driver\YarnControl_Driver\src\stm32f4_rtos\Project\EWARMv7\Flash\Obj\portasm.o
#        E:\WORK\YarnControl_Driver\YarnControl_Driver\src\stm32f4_rtos\Project\EWARMv7\Flash\Obj\product_cal.o
#        E:\WORK\YarnControl_Driver\YarnControl_Driver\src\stm32f4_rtos\Project\EWARMv7\Flash\Obj\protocol.o
#        E:\WORK\YarnControl_Driver\YarnControl_Driver\src\stm32f4_rtos\Project\EWARMv7\Flash\Obj\queue.o
#        E:\WORK\YarnControl_Driver\YarnControl_Driver\src\stm32f4_rtos\Project\EWARMv7\Flash\Obj\rc522.o
#        E:\WORK\YarnControl_Driver\YarnControl_Driver\src\stm32f4_rtos\Project\EWARMv7\Flash\Obj\startup_stm32f40_41xxx.o
#        E:\WORK\YarnControl_Driver\YarnControl_Driver\src\stm32f4_rtos\Project\EWARMv7\Flash\Obj\stm32f4xx_adc.o
#        E:\WORK\YarnControl_Driver\YarnControl_Driver\src\stm32f4_rtos\Project\EWARMv7\Flash\Obj\stm32f4xx_assert.o
#        E:\WORK\YarnControl_Driver\YarnControl_Driver\src\stm32f4_rtos\Project\EWARMv7\Flash\Obj\stm32f4xx_can.o
#        E:\WORK\YarnControl_Driver\YarnControl_Driver\src\stm32f4_rtos\Project\EWARMv7\Flash\Obj\stm32f4xx_crc.o
#        E:\WORK\YarnControl_Driver\YarnControl_Driver\src\stm32f4_rtos\Project\EWARMv7\Flash\Obj\stm32f4xx_cryp.o
#        E:\WORK\YarnControl_Driver\YarnControl_Driver\src\stm32f4_rtos\Project\EWARMv7\Flash\Obj\stm32f4xx_cryp_aes.o
#        E:\WORK\YarnControl_Driver\YarnControl_Driver\src\stm32f4_rtos\Project\EWARMv7\Flash\Obj\stm32f4xx_cryp_des.o
#        E:\WORK\YarnControl_Driver\YarnControl_Driver\src\stm32f4_rtos\Project\EWARMv7\Flash\Obj\stm32f4xx_cryp_tdes.o
#        E:\WORK\YarnControl_Driver\YarnControl_Driver\src\stm32f4_rtos\Project\EWARMv7\Flash\Obj\stm32f4xx_dac.o
#        E:\WORK\YarnControl_Driver\YarnControl_Driver\src\stm32f4_rtos\Project\EWARMv7\Flash\Obj\stm32f4xx_dbgmcu.o
#        E:\WORK\YarnControl_Driver\YarnControl_Driver\src\stm32f4_rtos\Project\EWARMv7\Flash\Obj\stm32f4xx_dcmi.o
#        E:\WORK\YarnControl_Driver\YarnControl_Driver\src\stm32f4_rtos\Project\EWARMv7\Flash\Obj\stm32f4xx_dma.o
#        E:\WORK\YarnControl_Driver\YarnControl_Driver\src\stm32f4_rtos\Project\EWARMv7\Flash\Obj\stm32f4xx_dma2d.o
#        E:\WORK\YarnControl_Driver\YarnControl_Driver\src\stm32f4_rtos\Project\EWARMv7\Flash\Obj\stm32f4xx_exti.o
#        E:\WORK\YarnControl_Driver\YarnControl_Driver\src\stm32f4_rtos\Project\EWARMv7\Flash\Obj\stm32f4xx_flash.o
#        E:\WORK\YarnControl_Driver\YarnControl_Driver\src\stm32f4_rtos\Project\EWARMv7\Flash\Obj\stm32f4xx_fsmc.o
#        E:\WORK\YarnControl_Driver\YarnControl_Driver\src\stm32f4_rtos\Project\EWARMv7\Flash\Obj\stm32f4xx_gpio.o
#        E:\WORK\YarnControl_Driver\YarnControl_Driver\src\stm32f4_rtos\Project\EWARMv7\Flash\Obj\stm32f4xx_hash.o
#        E:\WORK\YarnControl_Driver\YarnControl_Driver\src\stm32f4_rtos\Project\EWARMv7\Flash\Obj\stm32f4xx_hash_md5.o
#        E:\WORK\YarnControl_Driver\YarnControl_Driver\src\stm32f4_rtos\Project\EWARMv7\Flash\Obj\stm32f4xx_hash_sha1.o
#        E:\WORK\YarnControl_Driver\YarnControl_Driver\src\stm32f4_rtos\Project\EWARMv7\Flash\Obj\stm32f4xx_i2c.o
#        E:\WORK\YarnControl_Driver\YarnControl_Driver\src\stm32f4_rtos\Project\EWARMv7\Flash\Obj\stm32f4xx_it.o
#        E:\WORK\YarnControl_Driver\YarnControl_Driver\src\stm32f4_rtos\Project\EWARMv7\Flash\Obj\stm32f4xx_iwdg.o
#        E:\WORK\YarnControl_Driver\YarnControl_Driver\src\stm32f4_rtos\Project\EWARMv7\Flash\Obj\stm32f4xx_ltdc.o
#        E:\WORK\YarnControl_Driver\YarnControl_Driver\src\stm32f4_rtos\Project\EWARMv7\Flash\Obj\stm32f4xx_pwr.o
#        E:\WORK\YarnControl_Driver\YarnControl_Driver\src\stm32f4_rtos\Project\EWARMv7\Flash\Obj\stm32f4xx_rcc.o
#        E:\WORK\YarnControl_Driver\YarnControl_Driver\src\stm32f4_rtos\Project\EWARMv7\Flash\Obj\stm32f4xx_rng.o
#        E:\WORK\YarnControl_Driver\YarnControl_Driver\src\stm32f4_rtos\Project\EWARMv7\Flash\Obj\stm32f4xx_rtc.o
#        E:\WORK\YarnControl_Driver\YarnControl_Driver\src\stm32f4_rtos\Project\EWARMv7\Flash\Obj\stm32f4xx_sai.o
#        E:\WORK\YarnControl_Driver\YarnControl_Driver\src\stm32f4_rtos\Project\EWARMv7\Flash\Obj\stm32f4xx_sdio.o
#        E:\WORK\YarnControl_Driver\YarnControl_Driver\src\stm32f4_rtos\Project\EWARMv7\Flash\Obj\stm32f4xx_spi.o
#        E:\WORK\YarnControl_Driver\YarnControl_Driver\src\stm32f4_rtos\Project\EWARMv7\Flash\Obj\stm32f4xx_syscfg.o
#        E:\WORK\YarnControl_Driver\YarnControl_Driver\src\stm32f4_rtos\Project\EWARMv7\Flash\Obj\stm32f4xx_tim.o
#        E:\WORK\YarnControl_Driver\YarnControl_Driver\src\stm32f4_rtos\Project\EWARMv7\Flash\Obj\stm32f4xx_usart.o
#        E:\WORK\YarnControl_Driver\YarnControl_Driver\src\stm32f4_rtos\Project\EWARMv7\Flash\Obj\stm32f4xx_wwdg.o
#        E:\WORK\YarnControl_Driver\YarnControl_Driver\src\stm32f4_rtos\Project\EWARMv7\Flash\Obj\SysInfoTest.o
#        E:\WORK\YarnControl_Driver\YarnControl_Driver\src\stm32f4_rtos\Project\EWARMv7\Flash\Obj\system_stm32f4xx.o
#        E:\WORK\YarnControl_Driver\YarnControl_Driver\src\stm32f4_rtos\Project\EWARMv7\Flash\Obj\tasks.o
#        E:\WORK\YarnControl_Driver\YarnControl_Driver\src\stm32f4_rtos\Project\EWARMv7\Flash\Obj\timers.o
#        E:\WORK\YarnControl_Driver\YarnControl_Driver\src\stm32f4_rtos\Project\EWARMv7\Flash\Obj\usb_bsp.o
#        E:\WORK\YarnControl_Driver\YarnControl_Driver\src\stm32f4_rtos\Project\EWARMv7\Flash\Obj\usb_core.o
#        E:\WORK\YarnControl_Driver\YarnControl_Driver\src\stm32f4_rtos\Project\EWARMv7\Flash\Obj\usb_hcd.o
#        E:\WORK\YarnControl_Driver\YarnControl_Driver\src\stm32f4_rtos\Project\EWARMv7\Flash\Obj\usb_hcd_int.o
#        E:\WORK\YarnControl_Driver\YarnControl_Driver\src\stm32f4_rtos\Project\EWARMv7\Flash\Obj\usbh_core.o
#        E:\WORK\YarnControl_Driver\YarnControl_Driver\src\stm32f4_rtos\Project\EWARMv7\Flash\Obj\usbh_hcs.o
#        E:\WORK\YarnControl_Driver\YarnControl_Driver\src\stm32f4_rtos\Project\EWARMv7\Flash\Obj\usbh_ioreq.o
#        E:\WORK\YarnControl_Driver\YarnControl_Driver\src\stm32f4_rtos\Project\EWARMv7\Flash\Obj\usbh_it.o
#        E:\WORK\YarnControl_Driver\YarnControl_Driver\src\stm32f4_rtos\Project\EWARMv7\Flash\Obj\usbh_msc_bot.o
#        E:\WORK\YarnControl_Driver\YarnControl_Driver\src\stm32f4_rtos\Project\EWARMv7\Flash\Obj\usbh_msc_core.o
#        E:\WORK\YarnControl_Driver\YarnControl_Driver\src\stm32f4_rtos\Project\EWARMv7\Flash\Obj\usbh_msc_scsi.o
#        E:\WORK\YarnControl_Driver\YarnControl_Driver\src\stm32f4_rtos\Project\EWARMv7\Flash\Obj\usbh_stdreq.o
#        E:\WORK\YarnControl_Driver\YarnControl_Driver\src\stm32f4_rtos\Project\EWARMv7\Flash\Obj\usbh_usr.o
#        -o
#        E:\WORK\YarnControl_Driver\YarnControl_Driver\src\stm32f4_rtos\Project\EWARMv7\Flash\Exe\project.out
#        --map
#        E:\WORK\YarnControl_Driver\YarnControl_Driver\src\stm32f4_rtos\Project\EWARMv7\Flash\List\project.map
#        --config
#        E:\WORK\YarnControl_Driver\YarnControl_Driver\src\stm32f4_rtos\Project\EWARMv7\stm32f4xx_flash.icf
#        --semihosting --entry __iar_program_start --inline --vfe
#
###############################################################################

*******************************************************************************
*** RUNTIME MODEL ATTRIBUTES
***

CppFlavor       = *
__SystemLibrary = DLib


*******************************************************************************
*** PLACEMENT SUMMARY
***

"A1":  place at 0x08000000 { ro section .intvec };
"P1":  place in [from 0x08000000 to 0x080fffff] { ro };
"P2":  place in [from 0x20000000 to 0x2001ffff] { rw, block CSTACK, block HEAP };

  Section             Kind        Address     Size  Object
  -------             ----        -------     ----  ------
"A1":                                        0x188
  .intvec             ro code  0x08000000    0x188  startup_stm32f40_41xxx.o [1]
                             - 0x08000188    0x188

"P1":                                      0x42136
  .rodata             const    0x08000188  0x15484  cc936.o [1]
  .rodata             const    0x0801560c  0x15484  cc936.o [1]
  .text               ro code  0x0802aa90   0x47a4  apptask.o [1]
  .text               ro code  0x0802f234    0xc00  tasks.o [1]
  .text               ro code  0x0802fe34    0x7c8  queue.o [1]
  .text               ro code  0x080305fc   0x1542  bsp_sdwe050c17.o [1]
  .text               ro code  0x08031b3e      0xa  xsprout.o [3]
  .text               ro code  0x08031b48    0x524  product_cal.o [1]
  .text               ro code  0x0803206c     0x66  ABImemset.o [5]
  .text               ro code  0x080320d4    0x380  bsp_w25qxx.o [1]
  .text               ro code  0x08032454     0x4e  FltToDbl.o [4]
  .text               ro code  0x080324a4     0x24  printf.o [3]
  .text               ro code  0x080324c8     0x76  ABImemcpy_unaligned.o [5]
  .text               ro code  0x08032540     0x42  strcmp_unaligned.o [5]
  .text               ro code  0x08032584    0x21c  malloc.o [1]
  .text               ro code  0x080327a0     0x30  I32ToDbl.o [4]
  .text               ro code  0x080327d0    0x256  DblDiv.o [4]
  .text               ro code  0x08032a28     0xe8  DblAdd.o [4]
  .text               ro code  0x08032b10    0x1a2  DblMul.o [4]
  .text               ro code  0x08032cb4     0x58  DblToI32.o [4]
  .text               ro code  0x08032d0c     0x90  DblToFlt.o [4]
  .text               ro code  0x08032d9c     0x36  strlen.o [5]
  .text               ro code  0x08032dd4     0x62  memcmp_unaligned.o [5]
  .text               ro code  0x08032e38    0x48c  bsp_servomotor.o [1]
  .text               ro code  0x080332c4    0x1b6  usbh_usr.o [1]
  .text               ro code  0x0803347c    0x760  usbh_core.o [1]
  .text               ro code  0x08033bdc   0x2264  ff.o [1]
  .text               ro code  0x08035e40     0x34  sprintf.o [3]
  .text               ro code  0x08035e74     0x1c  strcat.o [3]
  .text               ro code  0x08035e90     0xc0  bsp_led.o [1]
  .text               ro code  0x08035f50     0xae  rc522.o [1]
  .text               ro code  0x08036000    0x354  modbus.o [1]
  .text               ro code  0x08036354     0x68  bsp_sw_onoff.o [1]
  .text               ro code  0x080363bc     0x44  protocol.o [1]
  .text               ro code  0x08036400     0x10  apptask.o [1]
  .text               ro code  0x08036410    0x12c  stm32f4xx_gpio.o [1]
  .text               ro code  0x0803653c    0x670  stm32f4xx_tim.o [1]
  .text               ro code  0x08036bac    0x26c  bsp_stepmotor.o [1]
  .text               ro code  0x08036e18    0x374  encoder.o [1]
  .text               ro code  0x0803718c    0x254  page_weimi.o [1]
  .text               ro code  0x080373e0    0x262  event_groups.o [1]
  .text               ro code  0x08037644    0x4a4  timers.o [1]
  .text               ro code  0x08037ae8      0x8  bsp_watchdog.o [1]
  .text               ro code  0x08037af0    0x24c  port.o [1]
  .text               ro code  0x08037d3c     0x98  list.o [1]
  .text               ro code  0x08037dd4    0x280  heap_4.o [1]
  .text               ro code  0x08038054    0x1e8  stm32f4xx_rcc.o [1]
  .text               ro code  0x0803823c    0x9e4  bsp_uart_fifo.o [1]
  .text               ro code  0x08038c20    0x204  bsp_timer.o [1]
  .text               ro code  0x08038e24    0x124  bsp_spi.o [1]
  .text               ro code  0x08038f48    0xd96  xprintffull_nomb.o [3]
  .text               ro code  0x08039ce0    0x180  DblSub.o [4]
  .text               ro code  0x08039e60    0x31c  stm32f4xx_dma.o [1]
  .text               ro code  0x0803a17c     0x88  misc.o [1]
  .text               ro code  0x0803a204    0x14c  usb_bsp.o [1]
  .text               ro code  0x0803a350     0xd6  usb_hcd.o [1]
  .text               ro code  0x0803a426    0x1ba  usbh_hcs.o [1]
  .text               ro code  0x0803a5e0    0x436  usbh_stdreq.o [1]
  .text               ro code  0x0803aa16    0x246  usbh_ioreq.o [1]
  .text               ro code  0x0803ac5c    0x2e4  diskio.o [1]
  .text               ro code  0x0803af40     0xf4  cc936.o [1]
  .text               ro code  0x0803b034     0xb8  mcheck.o [1]
  .text               ro code  0x0803b0ec     0x2c  strstr.o [3]
  .text               ro code  0x0803b118     0x10  stm32f4xx_iwdg.o [1]
  CODE                ro code  0x0803b128     0xa8  portasm.o [1]
  .text               ro code  0x0803b1d0    0x254  stm32f4xx_usart.o [1]
  .text               ro code  0x0803b424     0x74  stm32f4xx_spi.o [1]
  .text               ro code  0x0803b498     0x16  strchr.o [5]
  .text               ro code  0x0803b4b0     0x58  memchr.o [5]
  .text               ro code  0x0803b508     0xee  I64DivMod.o [5]
  .text               ro code  0x0803b5f6     0x42  xdnorm.o [4]
  .text               ro code  0x0803b638     0x2e  DblCmpLe.o [4]
  .text               ro code  0x0803b668     0x2e  DblCmpGe.o [4]
  .text               ro code  0x0803b698    0x114  xdscale.o [4]
  .text               ro code  0x0803b7ac     0x6c  localeconv.o [3]
  .text               ro code  0x0803b818      0xe  div.o [3]
  .text               ro code  0x0803b828     0x74  bsp_dwt.o [1]
  .text               ro code  0x0803b89c    0xa50  usb_core.o [1]
  .text               ro code  0x0803c2ec   0x1a58  bsp_sdio_sd.o [1]
  .text               ro code  0x0803dd44    0x618  usbh_msc_scsi.o [1]
  .text               ro code  0x0803e35c    0x554  usbh_msc_bot.o [1]
  .text               ro code  0x0803e8b0      0x2  I64DivZer.o [5]
  .text               ro code  0x0803e8b4    0x17c  stm32f4xx_sdio.o [1]
  .text               ro code  0x0803ea30    0xc7e  usb_hcd_int.o [1]
  .text               ro code  0x0803f6b0    0x3e8  usbh_msc_core.o [1]
  .rodata             const    0x0803fa98    0x3dc  cc936.o [1]
  .rodata             const    0x0803fe74    0x3dc  cc936.o [1]
  .text               ro code  0x08040250    0x32c  para.o [1]
  .text               ro code  0x0804057c     0x44  strcpy_unaligned.o [5]
  .text               ro code  0x080405c0    0x2e0  bsp_tim_pwm.o [1]
  .rodata             const    0x080408a0    0x1f4  apptask.o [1]
  .rodata             const    0x08040a94    0x190  product_cal.o [1]
  .text               ro code  0x08040c24    0x154  system_stm32f4xx.o [1]
  .rodata             const    0x08040d78    0x100  mcheck.o [1]
  .rodata             const    0x08040e78    0x100  mcheck.o [1]
  .rodata             const    0x08040f78    0x100  mcheck.o [1]
  .text               ro code  0x08041078     0xd4  bsp_closeSW.o [1]
  .text               ro code  0x0804114c     0x54  stm32f4xx_syscfg.o [1]
  .text               ro code  0x080411a0     0xc0  stm32f4xx_exti.o [1]
  .text               ro code  0x08041260     0xd0  packbits_init.o [5]
  .text               ro code  0x08041330      0x6  abort.o [3]
  .text               ro code  0x08041338     0x14  exit.o [6]
  .text               ro code  0x0804134c     0x4c  bsp.o [1]
  .text               ro code  0x08041398     0x44  bsp_relay.o [1]
  .text               ro code  0x080413dc     0x40  zero_init3.o [5]
  .text               ro code  0x0804141c     0x3c  SysInfoTest.o [1]
  .rodata             const    0x08041458     0x38  demo_fatfs.o [1]
  .text               ro code  0x08041490     0x38  stm32f4xx_it.o [1]
  .rodata             const    0x080414c8     0x30  apptask.o [1]
  .rodata             const    0x080414f8     0x30  demo_fatfs.o [1]
  .rodata             const    0x08041528     0x30  demo_fatfs.o [1]
  .rodata             const    0x08041558     0x2c  apptask.o [1]
  .rodata             const    0x08041584     0x2c  demo_fatfs.o [1]
  .rodata             const    0x080415b0     0x2c  demo_fatfs.o [1]
  .rodata             const    0x080415dc     0x2c  stm32f4xx_it.o [1]
  .text               ro code  0x08041608     0x2c  main.o [1]
  .rodata             const    0x08041634     0x28  demo_fatfs.o [1]
  .rodata             const    0x0804165c     0x28  demo_fatfs.o [1]
  .rodata             const    0x08041684     0x28  demo_fatfs.o [1]
  .text               ro code  0x080416ac     0x28  data_init.o [5]
  .rodata             const    0x080416d4     0x24  demo_fatfs.o [1]
  .rodata             const    0x080416f8     0x24  demo_fatfs.o [1]
  .rodata             const    0x0804171c     0x24  usbh_usr.o [1]
  .text               ro code  0x08041740     0x22  fpinit_M.o [4]
  .iar.init_table     const    0x08041764     0x34  - Linker created -
  .rodata             const    0x08041798     0x20  apptask.o [1]
  .rodata             const    0x080417b8     0x20  apptask.o [1]
  .rodata             const    0x080417d8     0x20  demo_fatfs.o [1]
  .rodata             const    0x080417f8     0x20  demo_fatfs.o [1]
  .rodata             const    0x08041818     0x20  demo_fatfs.o [1]
  .rodata             const    0x08041838     0x20  usbh_usr.o [1]
  .rodata             const    0x08041858     0x20  usbh_usr.o [1]
  .rodata             const    0x08041878     0x20  usbh_usr.o [1]
  .rodata             const    0x08041898     0x20  usbh_usr.o [1]
  .rodata             const    0x080418b8     0x20  usbh_usr.o [1]
  .rodata             const    0x080418d8     0x1c  apptask.o [1]
  .rodata             const    0x080418f4     0x1c  apptask.o [1]
  .rodata             const    0x08041910     0x1c  apptask.o [1]
  .rodata             const    0x0804192c     0x1c  apptask.o [1]
  .rodata             const    0x08041948     0x1c  apptask.o [1]
  .rodata             const    0x08041964     0x1c  apptask.o [1]
  .rodata             const    0x08041980     0x1c  apptask.o [1]
  .rodata             const    0x0804199c     0x1c  demo_fatfs.o [1]
  .rodata             const    0x080419b8     0x1c  demo_fatfs.o [1]
  .rodata             const    0x080419d4     0x1c  usbh_usr.o [1]
  .rodata             const    0x080419f0     0x1c  usbh_usr.o [1]
  .rodata             const    0x08041a0c     0x1c  usbh_usr.o [1]
  .rodata             const    0x08041a28     0x1c  usbh_usr.o [1]
  .rodata             const    0x08041a44     0x1c  usbh_usr.o [1]
  .rodata             const    0x08041a60     0x1c  usbh_usr.o [1]
  .text               ro code  0x08041a7c     0x1a  cmain.o [5]
  .text               ro code  0x08041a96      0x4  exit.o [3]
  .text               ro code  0x08041a9c      0xa  cexit.o [5]
  .rodata             const    0x08041aa8     0x18  apptask.o [1]
  .rodata             const    0x08041ac0     0x18  apptask.o [1]
  .rodata             const    0x08041ad8     0x18  apptask.o [1]
  .rodata             const    0x08041af0     0x18  apptask.o [1]
  .rodata             const    0x08041b08     0x18  apptask.o [1]
  .rodata             const    0x08041b20     0x18  apptask.o [1]
  .rodata             const    0x08041b38     0x18  apptask.o [1]
  .rodata             const    0x08041b50     0x18  apptask.o [1]
  .rodata             const    0x08041b68     0x18  demo_fatfs.o [1]
  .rodata             const    0x08041b80     0x18  demo_fatfs.o [1]
  .rodata             const    0x08041b98     0x18  demo_fatfs.o [1]
  .rodata             const    0x08041bb0     0x18  demo_fatfs.o [1]
  .rodata             const    0x08041bc8     0x18  usbh_usr.o [1]
  .rodata             const    0x08041be0     0x18  usbh_usr.o [1]
  .rodata             const    0x08041bf8     0x18  usbh_usr.o [1]
  .rodata             const    0x08041c10     0x18  usbh_usr.o [1]
  .rodata             const    0x08041c28     0x18  usbh_usr.o [1]
  .text               ro code  0x08041c40     0x16  xprout.o [3]
  .text               ro code  0x08041c58      0xc  putchar.o [3]
  .rodata             const    0x08041c64     0x14  apptask.o [1]
  .rodata             const    0x08041c78     0x14  apptask.o [1]
  .rodata             const    0x08041c8c     0x14  apptask.o [1]
  .rodata             const    0x08041ca0     0x14  apptask.o [1]
  .rodata             const    0x08041cb4     0x14  apptask.o [1]
  .rodata             const    0x08041cc8     0x14  apptask.o [1]
  .rodata             const    0x08041cdc     0x14  apptask.o [1]
  .rodata             const    0x08041cf0     0x14  usbh_usr.o [1]
  .rodata             const    0x08041d04     0x14  usbh_usr.o [1]
  .rodata             const    0x08041d18     0x10  apptask.o [1]
  .rodata             const    0x08041d28     0x10  apptask.o [1]
  .rodata             const    0x08041d38     0x10  apptask.o [1]
  .rodata             const    0x08041d48     0x10  apptask.o [1]
  .rodata             const    0x08041d58     0x10  apptask.o [1]
  .rodata             const    0x08041d68     0x10  apptask.o [1]
  .rodata             const    0x08041d78     0x10  apptask.o [1]
  .rodata             const    0x08041d88     0x10  apptask.o [1]
  .rodata             const    0x08041d98     0x10  apptask.o [1]
  .rodata             const    0x08041da8     0x10  apptask.o [1]
  .rodata             const    0x08041db8     0x10  apptask.o [1]
  .rodata             const    0x08041dc8     0x10  bsp_sdwe050c17.o [1]
  .rodata             const    0x08041dd8     0x10  ff.o [1]
  .rodata             const    0x08041de8     0x10  main.o [1]
  .rodata             const    0x08041df8     0x10  main.o [1]
  .rodata             const    0x08041e08     0x10  usbh_usr.o [1]
  .rodata             const    0x08041e18     0x10  usbh_usr.o [1]
  .text               ro code  0x08041e28     0x10  startup_stm32f40_41xxx.o [1]
  .text               ro code  0x08041e38     0x10  usbh_it.o [1]
  .rodata             const    0x08041e48      0xc  apptask.o [1]
  .rodata             const    0x08041e54      0xc  apptask.o [1]
  .rodata             const    0x08041e60      0xc  apptask.o [1]
  .rodata             const    0x08041e6c      0xc  apptask.o [1]
  .rodata             const    0x08041e78      0xc  apptask.o [1]
  .rodata             const    0x08041e84      0xc  apptask.o [1]
  .rodata             const    0x08041e90      0xc  apptask.o [1]
  .rodata             const    0x08041e9c      0xc  apptask.o [1]
  .rodata             const    0x08041ea8      0xc  apptask.o [1]
  .rodata             const    0x08041eb4      0xc  apptask.o [1]
  .rodata             const    0x08041ec0      0xc  apptask.o [1]
  .rodata             const    0x08041ecc      0xc  apptask.o [1]
  .rodata             const    0x08041ed8      0xc  apptask.o [1]
  .rodata             const    0x08041ee4      0xc  apptask.o [1]
  .rodata             const    0x08041ef0      0xc  apptask.o [1]
  .rodata             const    0x08041efc      0xc  apptask.o [1]
  .rodata             const    0x08041f08      0xc  apptask.o [1]
  .rodata             const    0x08041f14      0xc  apptask.o [1]
  .rodata             const    0x08041f20      0xc  apptask.o [1]
  .rodata             const    0x08041f2c      0xc  apptask.o [1]
  .rodata             const    0x08041f38      0xc  apptask.o [1]
  .rodata             const    0x08041f44      0xc  apptask.o [1]
  .rodata             const    0x08041f50      0xc  apptask.o [1]
  .rodata             const    0x08041f5c      0xc  apptask.o [1]
  .rodata             const    0x08041f68      0xc  apptask.o [1]
  .rodata             const    0x08041f74      0xc  apptask.o [1]
  .rodata             const    0x08041f80      0xc  apptask.o [1]
  .rodata             const    0x08041f8c      0xc  apptask.o [1]
  .rodata             const    0x08041f98      0xc  bsp_sdwe050c17.o [1]
  .rodata             const    0x08041fa4      0xc  bsp_sdwe050c17.o [1]
  .rodata             const    0x08041fb0      0xc  demo_fatfs.o [1]
  .rodata             const    0x08041fbc      0xc  ff.o [1]
  .text               ro code  0x08041fc8      0xc  cstartup_M.o [5]
  .rodata             const    0x08041fd4      0x8  apptask.o [1]
  .rodata             const    0x08041fdc      0x8  apptask.o [1]
  .rodata             const    0x08041fe4      0x8  apptask.o [1]
  .rodata             const    0x08041fec      0x8  apptask.o [1]
  .rodata             const    0x08041ff4      0x8  apptask.o [1]
  .rodata             const    0x08041ffc      0x8  apptask.o [1]
  .rodata             const    0x08042004      0x8  apptask.o [1]
  .rodata             const    0x0804200c      0x8  apptask.o [1]
  .rodata             const    0x08042014      0x8  apptask.o [1]
  .rodata             const    0x0804201c      0x8  apptask.o [1]
  .rodata             const    0x08042024      0x8  apptask.o [1]
  .rodata             const    0x0804202c      0x8  apptask.o [1]
  .rodata             const    0x08042034      0x8  apptask.o [1]
  .rodata             const    0x0804203c      0x8  bsp_w25qxx.o [1]
  .rodata             const    0x08042044      0x8  ff.o [1]
  .rodata             const    0x0804204c      0x8  malloc.o [1]
  .rodata             const    0x08042054      0x8  malloc.o [1]
  .rodata             const    0x0804205c      0x8  malloc.o [1]
  .rodata             const    0x08042064      0x8  para.o [1]
  .rodata             const    0x0804206c      0x8  para.o [1]
  .rodata             const    0x08042074      0x8  para.o [1]
  .rodata             const    0x0804207c      0x8  tasks.o [1]
  .rodata             const    0x08042084      0x8  timers.o [1]
  .rodata             const    0x0804208c      0x4  heap_4.o [1]
  .rodata             const    0x08042090      0x4  port.o [1]
  .text               ro code  0x08042094      0x4  startup_stm32f40_41xxx.o [1]
  .text               ro code  0x08042098      0x4  startup_stm32f40_41xxx.o [1]
  .text               ro code  0x0804209c      0x4  startup_stm32f40_41xxx.o [1]
  .text               ro code  0x080420a0      0x4  startup_stm32f40_41xxx.o [1]
  .text               ro code  0x080420a4      0x4  startup_stm32f40_41xxx.o [1]
  .text               ro code  0x080420a8      0x4  startup_stm32f40_41xxx.o [1]
  .text               ro code  0x080420ac      0x4  startup_stm32f40_41xxx.o [1]
  .text               ro code  0x080420b0      0x4  startup_stm32f40_41xxx.o [1]
  .text               ro code  0x080420b4      0x4  startup_stm32f40_41xxx.o [1]
  .text               ro code  0x080420b8      0x4  startup_stm32f40_41xxx.o [1]
  .text               ro code  0x080420bc      0x4  startup_stm32f40_41xxx.o [1]
  .text               ro code  0x080420c0      0x4  startup_stm32f40_41xxx.o [1]
  .text               ro code  0x080420c4      0x4  startup_stm32f40_41xxx.o [1]
  .text               ro code  0x080420c8      0x4  startup_stm32f40_41xxx.o [1]
  .text               ro code  0x080420cc      0x4  startup_stm32f40_41xxx.o [1]
  .text               ro code  0x080420d0      0x4  startup_stm32f40_41xxx.o [1]
  .text               ro code  0x080420d4      0x4  startup_stm32f40_41xxx.o [1]
  .text               ro code  0x080420d8      0x4  startup_stm32f40_41xxx.o [1]
  .text               ro code  0x080420dc      0x4  startup_stm32f40_41xxx.o [1]
  .text               ro code  0x080420e0      0x4  startup_stm32f40_41xxx.o [1]
  .text               ro code  0x080420e4      0x4  startup_stm32f40_41xxx.o [1]
  .text               ro code  0x080420e8      0x4  startup_stm32f40_41xxx.o [1]
  .text               ro code  0x080420ec      0x4  startup_stm32f40_41xxx.o [1]
  .text               ro code  0x080420f0      0x4  startup_stm32f40_41xxx.o [1]
  .text               ro code  0x080420f4      0x4  startup_stm32f40_41xxx.o [1]
  .text               ro code  0x080420f8      0x4  startup_stm32f40_41xxx.o [1]
  .text               ro code  0x080420fc      0x4  startup_stm32f40_41xxx.o [1]
  .text               ro code  0x08042100      0x4  startup_stm32f40_41xxx.o [1]
  .text               ro code  0x08042104      0x4  startup_stm32f40_41xxx.o [1]
  .text               ro code  0x08042108      0x4  startup_stm32f40_41xxx.o [1]
  .text               ro code  0x0804210c      0x4  startup_stm32f40_41xxx.o [1]
  .text               ro code  0x08042110      0x4  startup_stm32f40_41xxx.o [1]
  .text               ro code  0x08042114      0x4  startup_stm32f40_41xxx.o [1]
  .text               ro code  0x08042118      0x4  startup_stm32f40_41xxx.o [1]
  .text               ro code  0x0804211c      0x4  startup_stm32f40_41xxx.o [1]
  .text               ro code  0x08042120      0x4  startup_stm32f40_41xxx.o [1]
  .text               ro code  0x08042124      0x4  startup_stm32f40_41xxx.o [1]
  .text               ro code  0x08042128      0x4  startup_stm32f40_41xxx.o [1]
  .text               ro code  0x0804212c      0x4  startup_stm32f40_41xxx.o [1]
  .text               ro code  0x08042130      0x4  startup_stm32f40_41xxx.o [1]
  .text               ro code  0x08042134      0x4  startup_stm32f40_41xxx.o [1]
  .text               ro code  0x08042138      0x4  startup_stm32f40_41xxx.o [1]
  .text               ro code  0x0804213c      0x4  startup_stm32f40_41xxx.o [1]
  .text               ro code  0x08042140      0x4  startup_stm32f40_41xxx.o [1]
  .text               ro code  0x08042144      0x4  startup_stm32f40_41xxx.o [1]
  .text               ro code  0x08042148      0x4  startup_stm32f40_41xxx.o [1]
  .text               ro code  0x0804214c      0x4  startup_stm32f40_41xxx.o [1]
  .text               ro code  0x08042150      0x4  startup_stm32f40_41xxx.o [1]
  .text               ro code  0x08042154      0x4  startup_stm32f40_41xxx.o [1]
  .text               ro code  0x08042158      0x4  startup_stm32f40_41xxx.o [1]
  .text               ro code  0x0804215c      0x4  startup_stm32f40_41xxx.o [1]
  .text               ro code  0x08042160      0x4  startup_stm32f40_41xxx.o [1]
  .text               ro code  0x08042164      0x4  startup_stm32f40_41xxx.o [1]
  .text               ro code  0x08042168      0x4  startup_stm32f40_41xxx.o [1]
  .text               ro code  0x0804216c      0x4  startup_stm32f40_41xxx.o [1]
  .text               ro code  0x08042170      0x4  startup_stm32f40_41xxx.o [1]
  .text               ro code  0x08042174      0x4  startup_stm32f40_41xxx.o [1]
  .text               ro code  0x08042178      0x4  startup_stm32f40_41xxx.o [1]
  .text               ro code  0x0804217c      0x4  startup_stm32f40_41xxx.o [1]
  .text               ro code  0x08042180      0x4  startup_stm32f40_41xxx.o [1]
  .text               ro code  0x08042184      0x4  startup_stm32f40_41xxx.o [1]
  .text               ro code  0x08042188      0x4  startup_stm32f40_41xxx.o [1]
  .text               ro code  0x0804218c      0x4  startup_stm32f40_41xxx.o [1]
  .text               ro code  0x08042190      0x4  startup_stm32f40_41xxx.o [1]
  .text               ro code  0x08042194      0x4  startup_stm32f40_41xxx.o [1]
  .text               ro code  0x08042198      0x4  startup_stm32f40_41xxx.o [1]
  .text               ro code  0x0804219c      0x4  startup_stm32f40_41xxx.o [1]
  .rodata             const    0x080421a0      0x0  zero_init3.o [5]
  .rodata             const    0x080421a0      0x0  packbits_init.o [5]
  Initializer bytes   const    0x080421a0    0x11e  <for P2 s0>
                             - 0x080422be  0x42136

"P2":                                      0x1f780
  P2 s0                        0x20000000    0x1cc  <Init block>
    __DLIB_PERTHREAD  inited   0x20000000     0x88  localeconv.o [3]
    .data             inited   0x20000088     0x50  demo_fatfs.o [1]
    .data             inited   0x200000d8     0x48  usbh_usr.o [1]
    .data             inited   0x20000120     0x40  xfiles.o [3]
    .data             inited   0x20000160     0x1c  malloc.o [1]
    .data             inited   0x2000017c     0x14  bsp_servomotor.o [1]
    .data             inited   0x20000190     0x10  stm32f4xx_rcc.o [1]
    .data             inited   0x200001a0     0x10  usbh_msc_core.o [1]
    .data             inited   0x200001b0      0xc  usbh_core.o [1]
    .data             inited   0x200001bc      0x4  port.o [1]
    .data             inited   0x200001c0      0x4  system_stm32f4xx.o [1]
    .data             inited   0x200001c4      0x4  usbh_core.o [1]
    .data             inited   0x200001c8      0x2  bsp_w25qxx.o [1]
    .data             inited   0x200001ca      0x1  page_weimi.o [1]
    .data             inited   0x200001cb      0x1  usbh_msc_scsi.o [1]
  .bss                zero     0x200001cc  0x11800  heap_4.o [1]
  .bss                zero     0x200119cc   0xa000  malloc.o [1]
  .bss                zero     0x2001b9cc   0x1000  bsp_w25qxx.o [1]
  .bss                zero     0x2001c9cc    0xa00  malloc.o [1]
  .bss                zero     0x2001d3cc    0x5ac  usbh_usr.o [1]
  .bss                zero     0x2001d978    0x5ac  usbh_usr.o [1]
  .bss                zero     0x2001df24    0x200  ff.o [1]
  .bss                zero     0x2001e124    0x200  usbh_msc_scsi.o [1]
  .bss                zero     0x2001e324    0x200  usbh_stdreq.o [1]
  .bss                zero     0x2001e524    0x118  page_weimi.o [1]
  .bss                zero     0x2001e63c     0xf0  tasks.o [1]
  .bss                zero     0x2001e72c     0xa4  protocol.o [1]
  .bss                zero     0x2001e7d0     0x98  para.o [1]
  .bss                zero     0x2001e868     0x94  usbh_usr.o [1]
  .bss                zero     0x2001e8fc     0x70  protocol.o [1]
  .bss                zero     0x2001e96c     0x64  bsp_uart_fifo.o [1]
  .bss                zero     0x2001e9d0     0x64  bsp_uart_fifo.o [1]
  .bss                zero     0x2001ea38     0x58  bsp_sdio_sd.o [1]
  .bss                zero     0x2001ea90     0x50  protocol.o [1]
  .bss                zero     0x2001eae0     0x50  xfiles.o [3]
  .bss                zero     0x2001eb30     0x4c  usbh_msc_core.o [1]
  .bss                zero     0x2001eb7c     0x34  bsp_sdwe050c17.o [1]
  .bss                zero     0x2001ebb0     0x34  product_cal.o [1]
  .bss                zero     0x2001ebe4     0x28  bsp_uart_fifo.o [1]
  .bss                zero     0x2001ec0c     0x28  encoder.o [1]
  .bss                zero     0x2001ec34     0x28  product_cal.o [1]
  .bss                zero     0x2001ec5c     0x24  ff.o [1]
  .bss                zero     0x2001ec80     0x20  usbh_msc_bot.o [1]
  .bss                zero     0x2001eca0     0x18  bsp_sdio_sd.o [1]
  .bss                zero     0x2001ecb8     0x18  bsp_sdio_sd.o [1]
  .bss                zero     0x2001ecd0     0x14  bsp_sdio_sd.o [1]
  .bss                zero     0x2001ece4     0x14  page_weimi.o [1]
  .bss                zero     0x2001ecf8     0x14  rc522.o [1]
  .bss                zero     0x2001ed0c     0x14  tasks.o [1]
  .bss                zero     0x2001ed20     0x14  tasks.o [1]
  .bss                zero     0x2001ed34     0x14  tasks.o [1]
  .bss                zero     0x2001ed48     0x14  tasks.o [1]
  .bss                zero     0x2001ed5c     0x14  tasks.o [1]
  .bss                zero     0x2001ed70     0x14  timers.o [1]
  .bss                zero     0x2001ed84     0x14  timers.o [1]
  .bss                zero     0x2001ed98     0x10  bsp_sdio_sd.o [1]
  .bss                zero     0x2001eda8     0x10  bsp_sdio_sd.o [1]
  .bss                zero     0x2001edb8     0x10  usbh_msc_bot.o [1]
  .bss                zero     0x2001edc8     0x10  usbh_msc_bot.o [1]
  .bss                zero     0x2001edd8     0x10  usbh_msc_scsi.o [1]
  .bss                zero     0x2001ede8      0xc  apptask.o [1]
  .bss                zero     0x2001edf4      0xc  apptask.o [1]
  .bss                zero     0x2001ee00      0xc  ff.o [1]
  .bss                zero     0x2001ee0c      0xc  protocol.o [1]
  .bss                zero     0x2001ee18      0xc  protocol.o [1]
  .bss                zero     0x2001ee24      0xc  protocol.o [1]
  .bss                zero     0x2001ee30      0x8  heap_4.o [1]
  .bss                zero     0x2001ee38      0x8  modbus.o [1]
  .bss                zero     0x2001ee40      0x8  protocol.o [1]
  .bss                zero     0x2001ee48      0x4  apptask.o [1]
  .bss                zero     0x2001ee4c      0x4  apptask.o [1]
  .bss                zero     0x2001ee50      0x4  apptask.o [1]
  .bss                zero     0x2001ee54      0x4  apptask.o [1]
  .bss                zero     0x2001ee58      0x4  apptask.o [1]
  .bss                zero     0x2001ee5c      0x4  apptask.o [1]
  .bss                zero     0x2001ee60      0x4  apptask.o [1]
  .bss                zero     0x2001ee64      0x4  apptask.o [1]
  .bss                zero     0x2001ee68      0x4  apptask.o [1]
  .bss                zero     0x2001ee6c      0x4  apptask.o [1]
  .bss                zero     0x2001ee70      0x4  apptask.o [1]
  .bss                zero     0x2001ee74      0x4  apptask.o [1]
  .bss                zero     0x2001ee78      0x4  apptask.o [1]
  .bss                zero     0x2001ee7c      0x4  apptask.o [1]
  .bss                zero     0x2001ee80      0x4  apptask.o [1]
  .bss                zero     0x2001ee84      0x4  apptask.o [1]
  .bss                zero     0x2001ee88      0x4  apptask.o [1]
  .bss                zero     0x2001ee8c      0x4  apptask.o [1]
  .bss                zero     0x2001ee90      0x4  apptask.o [1]
  .bss                zero     0x2001ee94      0x4  apptask.o [1]
  .bss                zero     0x2001ee98      0x4  bsp_sdio_sd.o [1]
  .bss                zero     0x2001ee9c      0x4  bsp_sdio_sd.o [1]
  .bss                zero     0x2001eea0      0x4  bsp_sdio_sd.o [1]
  .bss                zero     0x2001eea4      0x4  bsp_sdio_sd.o [1]
  .bss                zero     0x2001eea8      0x4  bsp_sdio_sd.o [1]
  .bss                zero     0x2001eeac      0x4  bsp_timer.o [1]
  .bss                zero     0x2001eeb0      0x4  bsp_timer.o [1]
  .bss                zero     0x2001eeb4      0x4  bsp_timer.o [1]
  .bss                zero     0x2001eeb8      0x4  bsp_timer.o [1]
  .bss                zero     0x2001eebc      0x4  encoder.o [1]
  .bss                zero     0x2001eec0      0x4  encoder.o [1]
  .bss                zero     0x2001eec4      0x4  heap_4.o [1]
  .bss                zero     0x2001eec8      0x4  heap_4.o [1]
  .bss                zero     0x2001eecc      0x4  heap_4.o [1]
  .bss                zero     0x2001eed0      0x4  heap_4.o [1]
  .bss                zero     0x2001eed4      0x4  port.o [1]
  .bss                zero     0x2001eed8      0x4  product_cal.o [1]
  .bss                zero     0x2001eedc      0x4  product_cal.o [1]
  .bss                zero     0x2001eee0      0x4  SysInfoTest.o [1]
  .bss                zero     0x2001eee4      0x4  tasks.o [1]
  .bss                zero     0x2001eee8      0x4  tasks.o [1]
  .bss                zero     0x2001eeec      0x4  tasks.o [1]
  .bss                zero     0x2001eef0      0x4  tasks.o [1]
  .bss                zero     0x2001eef4      0x4  tasks.o [1]
  .bss                zero     0x2001eef8      0x4  tasks.o [1]
  .bss                zero     0x2001eefc      0x4  tasks.o [1]
  .bss                zero     0x2001ef00      0x4  tasks.o [1]
  .bss                zero     0x2001ef04      0x4  tasks.o [1]
  .bss                zero     0x2001ef08      0x4  tasks.o [1]
  .bss                zero     0x2001ef0c      0x4  tasks.o [1]
  .bss                zero     0x2001ef10      0x4  tasks.o [1]
  .bss                zero     0x2001ef14      0x4  tasks.o [1]
  .bss                zero     0x2001ef18      0x4  tasks.o [1]
  .bss                zero     0x2001ef1c      0x4  tasks.o [1]
  .bss                zero     0x2001ef20      0x4  tasks.o [1]
  .bss                zero     0x2001ef24      0x4  timers.o [1]
  .bss                zero     0x2001ef28      0x4  timers.o [1]
  .bss                zero     0x2001ef2c      0x4  timers.o [1]
  .bss                zero     0x2001ef30      0x4  timers.o [1]
  .bss                zero     0x2001ef34      0x4  usbh_msc_bot.o [1]
  .bss                zero     0x2001ef38      0x4  usbh_msc_bot.o [1]
  .bss                zero     0x2001ef3c      0x4  usbh_msc_bot.o [1]
  .bss                zero     0x2001ef40      0x4  usbh_msc_bot.o [1]
  .bss                zero     0x2001ef44      0x2  apptask.o [1]
  .bss                zero     0x2001ef46      0x2  apptask.o [1]
  .bss                zero     0x2001ef48      0x2  apptask.o [1]
  .bss                zero     0x2001ef4a      0x2  apptask.o [1]
  .bss                zero     0x2001ef4c      0x2  bsp_sdwe050c17.o [1]
  .bss                zero     0x2001ef4e      0x2  encoder.o [1]
  .bss                zero     0x2001ef50      0x2  encoder.o [1]
  .bss                zero     0x2001ef52      0x2  encoder.o [1]
  .bss                zero     0x2001ef54      0x2  encoder.o [1]
  .bss                zero     0x2001ef56      0x2  ff.o [1]
  .bss                zero     0x2001ef58      0x2  page_weimi.o [1]
  .bss                zero     0x2001ef5a      0x2  product_cal.o [1]
  .bss                zero     0x2001ef5c      0x2  usbh_core.o [1]
  .bss                zero     0x2001ef5e      0x2  usbh_stdreq.o [1]
  .bss                zero     0x2001ef60      0x1  apptask.o [1]
  .bss                zero     0x2001ef61      0x1  apptask.o [1]
  .bss                zero     0x2001ef62      0x1  apptask.o [1]
  .bss                zero     0x2001ef63      0x1  apptask.o [1]
  .bss                zero     0x2001ef64      0x1  apptask.o [1]
  .bss                zero     0x2001ef65      0x1  apptask.o [1]
  .bss                zero     0x2001ef66      0x1  apptask.o [1]
  .bss                zero     0x2001ef67      0x1  apptask.o [1]
  .bss                zero     0x2001ef68      0x1  apptask.o [1]
  .bss                zero     0x2001ef69      0x1  bsp_sdio_sd.o [1]
  .bss                zero     0x2001ef6a      0x1  bsp_sdwe050c17.o [1]
  .bss                zero     0x2001ef6b      0x1  bsp_uart_fifo.o [1]
  .bss                zero     0x2001ef6c      0x1  encoder.o [1]
  .bss                zero     0x2001ef6d      0x1  encoder.o [1]
  .bss                zero     0x2001ef6e      0x1  encoder.o [1]
  .bss                zero     0x2001ef6f      0x1  page_weimi.o [1]
  .bss                zero     0x2001ef70      0x1  page_weimi.o [1]
  .bss                zero     0x2001ef71      0x1  page_weimi.o [1]
  .bss                zero     0x2001ef72      0x1  page_weimi.o [1]
  .bss                zero     0x2001ef73      0x1  port.o [1]
  .bss                zero     0x2001ef74      0x1  product_cal.o [1]
  .bss                zero     0x2001ef75      0x1  product_cal.o [1]
  .bss                zero     0x2001ef76      0x1  product_cal.o [1]
  .bss                zero     0x2001ef77      0x1  protocol.o [1]
  .bss                zero     0x2001ef78      0x1  rc522.o [1]
  .bss                zero     0x2001ef79      0x1  rc522.o [1]
  .bss                zero     0x2001ef7a      0x1  usbh_msc_bot.o [1]
  .bss                zero     0x2001ef7b      0x1  usbh_msc_core.o [1]
  .bss                zero     0x2001ef7c      0x1  usbh_msc_core.o [1]
  .bss                zero     0x2001ef7d      0x1  usbh_stdreq.o [1]
  .bss                zero     0x2001ef7e      0x1  usbh_usr.o [1]
  CSTACK                       0x2001ef80    0x800  <Block>
    CSTACK            uninit   0x2001ef80    0x800  <Block tail>
                             - 0x2001f780  0x1f780

Absolute sections:                         0xff000
  .bss                zero     0x68000000  0xf0000  malloc.o [1]
  .bss                zero     0x680f0000   0xf000  malloc.o [1]
                             - 0x680ff000  0xff000


*******************************************************************************
*** INIT TABLE
***

          Address     Size
          -------     ----
Zero (__iar_zero_init3)
    2 destination ranges, total size 0x11ddb3:
          0x200001cc  0x1edb3
          0x68000000  0xff000

Copy/packbits (__iar_packbits_init3)
    1 source range, total size 0x11e (62% of destination):
          0x080421a0    0x11e
    1 destination range, total size 0x1cc:
          0x20000000    0x1cc



*******************************************************************************
*** MODULE SUMMARY
***

    Module                    ro code  ro data  rw data    rw data
                                                            (abs)
    ------                    -------  -------  -------    -------
E:\WORK\YarnControl_Driver\YarnControl_Driver\src\stm32f4_rtos\Project\EWARMv7\Flash\Obj: [1]
    SysInfoTest.o                  60                 4
    apptask.o                  18 356    1 800      121
    bsp.o                          76
    bsp_closeSW.o                 212
    bsp_dwt.o                     116
    bsp_led.o                     192
    bsp_relay.o                    68
    bsp_sdio_sd.o               6 744               209
    bsp_sdwe050c17.o            5 442       40       55
    bsp_servomotor.o            1 164       12       20
    bsp_spi.o                     292
    bsp_stepmotor.o               620
    bsp_sw_onoff.o                104
    bsp_tim_pwm.o                 736
    bsp_timer.o                   516                16
    bsp_uart_fifo.o             2 532               241
    bsp_w25qxx.o                  896        9    4 098
    bsp_watchdog.o                  8
    cc936.o                       244  176 320
    demo_fatfs.o                           742       80
    diskio.o                      740
    encoder.o                     884                59
    event_groups.o                610
    ff.o                        8 804       36      562
    heap_4.o                      640        4   71 704
    list.o                        152
    main.o                         44       32
    malloc.o                      540       42   43 548  1 044 480
    mcheck.o                      184      768
    misc.o                        136
    modbus.o                      852                 8
    page_weimi.o                  596        1      307
    para.o                        812       24      152
    port.o                        588        6        9
    portasm.o                     168
    product_cal.o               1 316      400      105
    protocol.o                     68               401
    queue.o                     1 992
    rc522.o                       174                22
    startup_stm32f40_41xxx.o      676
    stm32f4xx_dma.o               796
    stm32f4xx_exti.o              192
    stm32f4xx_gpio.o              300
    stm32f4xx_it.o                 56       44
    stm32f4xx_iwdg.o               16
    stm32f4xx_rcc.o               488       10       16
    stm32f4xx_sdio.o              380
    stm32f4xx_spi.o               116
    stm32f4xx_syscfg.o             84
    stm32f4xx_tim.o             1 648
    stm32f4xx_usart.o             596
    system_stm32f4xx.o            340        3        4
    tasks.o                     3 072        8      404
    timers.o                    1 188        8       56
    usb_bsp.o                     332
    usb_core.o                  2 640
    usb_hcd.o                     214
    usb_hcd_int.o               3 198
    usbh_core.o                 1 888       10       18
    usbh_hcs.o                    442
    usbh_ioreq.o                  582
    usbh_it.o                      16
    usbh_msc_bot.o              1 364                81
    usbh_msc_core.o             1 000       10       94
    usbh_msc_scsi.o             1 560        1      529
    usbh_stdreq.o               1 078               515
    usbh_usr.o                    438      601    3 125
    --------------------------------------------------------------
    Total:                     82 378  180 931  126 563  1 044 480

command line: [2]
    --------------------------------------------------------------
    Total:

dl7M_tlf.a: [3]
    abort.o                         6
    div.o                          14
    exit.o                          4
    localeconv.o                  108       84      136
    printf.o                       36
    putchar.o                      12
    sprintf.o                      52
    strcat.o                       28
    strstr.o                       44
    xfiles.o                                39      144
    xprintffull_nomb.o          3 478
    xprout.o                       22
    xsprout.o                      10
    --------------------------------------------------------------
    Total:                      3 814      123      280

m7M_tls.a: [4]
    DblAdd.o                      232
    DblCmpGe.o                     46
    DblCmpLe.o                     46
    DblDiv.o                      598
    DblMul.o                      418
    DblSub.o                      384
    DblToFlt.o                    144
    DblToI32.o                     88
    FltToDbl.o                     78
    I32ToDbl.o                     48
    fpinit_M.o                     34
    xdnorm.o                       66
    xdscale.o                     276
    --------------------------------------------------------------
    Total:                      2 458

rt7M_tl.a: [5]
    ABImemcpy_unaligned.o         118
    ABImemset.o                   102
    I64DivMod.o                   238
    I64DivZer.o                     2
    cexit.o                        10
    cmain.o                        26
    cstartup_M.o                   12
    data_init.o                    40
    memchr.o                       88
    memcmp_unaligned.o             98
    packbits_init.o               208
    strchr.o                       22
    strcmp_unaligned.o             66
    strcpy_unaligned.o             68
    strlen.o                       54
    zero_init3.o                   64
    --------------------------------------------------------------
    Total:                      1 216

shb_l.a: [6]
    exit.o                         20
    --------------------------------------------------------------
    Total:                         20

    Gaps                           42        4        4
    Linker created                          52    2 048
------------------------------------------------------------------
    Grand Total:               89 928  181 110  128 895  1 044 480


*******************************************************************************
*** ENTRY LIST
***

Entry                      Address     Size  Type      Object
-----                      -------     ----  ----      ------
.iar.init_table$$Base   0x08041764            --   Gb  - Linker created -
.iar.init_table$$Limit  0x08041798            --   Gb  - Linker created -
?main                   0x08041a7d           Code  Gb  cmain.o [5]
APBAHBPrescTable        0x20000190     0x10  Data  Lc  stm32f4xx_rcc.o [1]
AppObjCreate            0x0802ec71    0x184  Code  Gb  apptask.o [1]
AppTaskCreate           0x0802eae1    0x16c  Code  Gb  apptask.o [1]
BOTStallErrorCount      0x2001ef34      0x4  Data  Lc  usbh_msc_bot.o [1]
BusFault_Handler        0x080414c3      0x2  Code  Gb  stm32f4xx_it.o [1]
CID_Tab                 0x2001eda8     0x10  Data  Lc  bsp_sdio_sd.o [1]
CRC16HiTable            0x08040d78    0x100  Data  Gb  mcheck.o [1]
CRC16LoTable            0x08040e78    0x100  Data  Gb  mcheck.o [1]
CRC8Table               0x08040f78    0x100  Data  Gb  mcheck.o [1]
CSD_Tab                 0x2001ed98     0x10  Data  Lc  bsp_sdio_sd.o [1]
CSTACK$$Base            0x2001ef80            --   Gb  - Linker created -
CSTACK$$Limit           0x2001f780            --   Gb  - Linker created -
CardType                0x2001ee98      0x4  Data  Lc  bsp_sdio_sd.o [1]
CmdError                0x0803d455     0x38  Code  Lc  bsp_sdio_sd.o [1]
CmdResp1Error           0x0803d4f9    0x112  Code  Lc  bsp_sdio_sd.o [1]
CmdResp2Error           0x0803d649     0x52  Code  Lc  bsp_sdio_sd.o [1]
CmdResp3Error           0x0803d60b     0x3e  Code  Lc  bsp_sdio_sd.o [1]
CmdResp6Error           0x0803d69b     0xa6  Code  Lc  bsp_sdio_sd.o [1]
CmdResp7Error           0x0803d48d     0x58  Code  Lc  bsp_sdio_sd.o [1]
ConfigExitNVIC          0x080410e3     0x22  Code  Gb  bsp_closeSW.o [1]
ConfigUartNVIC          0x0803866f     0x7c  Code  Lc  bsp_uart_fifo.o [1]
DIFF_G_init             0x08032ef1     0x78  Code  Gb  bsp_servomotor.o [1]
DMA1_Stream0_IRQHandler
                        0x08033265     0x1c  Code  Gb  bsp_servomotor.o [1]
DMA1_Stream3_IRQHandler
                        0x08033281     0x1c  Code  Gb  bsp_servomotor.o [1]
DMA2_Stream3_IRQHandler
                        0x0803dd3d      0x8  Code  Gb  bsp_sdio_sd.o [1]
DMAEndOfTransfer        0x2001eea8      0x4  Data  Gb  bsp_sdio_sd.o [1]
DMA_ClearFlag           0x0803a043     0x24  Code  Gb  stm32f4xx_dma.o [1]
DMA_Cmd                 0x08039ff9     0x1a  Code  Gb  stm32f4xx_dma.o [1]
DMA_DeInit              0x08039e61    0x140  Code  Gb  stm32f4xx_dma.o [1]
DMA_FlowControllerConfig
                        0x0803a013     0x18  Code  Gb  stm32f4xx_dma.o [1]
DMA_GetCmdStatus        0x0803a02b     0x18  Code  Gb  stm32f4xx_dma.o [1]
DMA_GetITStatus         0x0803a0a9     0x62  Code  Gb  stm32f4xx_dma.o [1]
DMA_ITConfig            0x0803a067     0x42  Code  Gb  stm32f4xx_dma.o [1]
DMA_Init                0x08039fa1     0x58  Code  Gb  stm32f4xx_dma.o [1]
DebugMon_Handler        0x080414c7      0x2  Code  Gb  stm32f4xx_it.o [1]
DiskFile_init           0x080363bd     0x40  Code  Gb  protocol.o [1]
Disk_File               0x2001e8fc     0x70  Data  Gb  protocol.o [1]
EXTI9_5_IRQHandler      0x08041105     0x3c  Code  Gb  bsp_closeSW.o [1]
EXTI_ClearITPendingBit  0x08041243      0x6  Code  Gb  stm32f4xx_exti.o [1]
EXTI_GetITStatus        0x08041229     0x1a  Code  Gb  stm32f4xx_exti.o [1]
EXTI_Init               0x080411a1     0x88  Code  Gb  stm32f4xx_exti.o [1]
Encoder_Cap_Init        0x08036e19     0xbc  Code  Gb  encoder.o [1]
FR_Table                0x20000088     0x50  Data  Gb  demo_fatfs.o [1]
FatFs                   0x2001ee00      0xc  Data  Lc  ff.o [1]
Files                   0x2001ec5c     0x24  Data  Lc  ff.o [1]
FindSCR                 0x0803d8e9    0x206  Code  Lc  bsp_sdio_sd.o [1]
Freq                    0x2001ec0c     0x28  Data  Gb  encoder.o [1]
Freq_Sample             0x08036ed5     0xc2  Code  Gb  encoder.o [1]
Freq_ptr1               0x2001ef6d      0x1  Data  Gb  encoder.o [1]
Freq_ptr2               0x2001ef6e      0x1  Data  Gb  encoder.o [1]
Freq_value              0x2001eec0      0x4  Data  Gb  encoder.o [1]
Fsid                    0x2001ef56      0x2  Data  Lc  ff.o [1]
GPIO_Init               0x08036411     0xaa  Code  Gb  stm32f4xx_gpio.o [1]
GPIO_PinAFConfig        0x080364e3     0x5a  Code  Gb  stm32f4xx_gpio.o [1]
GPIO_ReadInputDataBit   0x080364bb     0x1a  Code  Gb  stm32f4xx_gpio.o [1]
GPIO_WriteBit           0x080364d5      0xe  Code  Gb  stm32f4xx_gpio.o [1]
GetDeviceState          0x08036389     0x2e  Code  Gb  bsp_sw_onoff.o [1]
HCD_GetCurrentFrame     0x0803a3e1      0x8  Code  Gb  usb_hcd.o [1]
HCD_GetCurrentSpeed     0x0803a3c3     0x10  Code  Gb  usb_hcd.o [1]
HCD_GetURB_State        0x0803a3e9      0xa  Code  Gb  usb_hcd.o [1]
HCD_GetXferCnt          0x0803a3f3      0xc  Code  Gb  usb_hcd.o [1]
HCD_Init                0x0803a351     0x72  Code  Gb  usb_hcd.o [1]
HCD_ResetPort           0x0803a3d3      0xe  Code  Gb  usb_hcd.o [1]
HCD_SubmitRequest       0x0803a3ff     0x28  Code  Gb  usb_hcd.o [1]
HardFault_Handler       0x08041493     0x22  Code  Gb  stm32f4xx_it.o [1]
IWDG_Feed               0x08037ae9      0x8  Code  Gb  bsp_watchdog.o [1]
IWDG_ReloadCounter      0x0803b119      0xa  Code  Gb  stm32f4xx_iwdg.o [1]
InStream_Read           0x08041261     0x22  Code  Lc  packbits_init.o [5]
InitHardUart            0x080382ad    0x3c2  Code  Lc  bsp_uart_fifo.o [1]
Init_JINGSHA_GUI        0x0803063b    0x122  Code  Gb  bsp_sdwe050c17.o [1]
JingSha_File            0x2001ea90     0x50  Data  Gb  protocol.o [1]
LfnBuf                  0x2001df24    0x200  Data  Lc  ff.o [1]
LfnOfs                  0x08041dd8     0x10  Data  Lc  ff.o [1]
LoadInt                 0x080394d5     0x6e  Code  Lc  xprintffull_nomb.o [3]
MSCErrorCount           0x2001ef7b      0x1  Data  Gb  usbh_msc_core.o [1]
MSC_Machine             0x2001eb30     0x4c  Data  Gb  usbh_msc_core.o [1]
MSG_DEV_ATTACHED        0x08041c10     0x18  Data  Gb  usbh_usr.o [1]
MSG_DEV_DISCONNECTED    0x08041c28     0x18  Data  Gb  usbh_usr.o [1]
MSG_DEV_ENUMERATED      0x08041a28     0x1c  Data  Gb  usbh_usr.o [1]
MSG_DEV_ERROR           0x08041d04     0x14  Data  Gb  usbh_usr.o [1]
MSG_DEV_FULLSPEED       0x08041898     0x20  Data  Gb  usbh_usr.o [1]
MSG_DEV_HIGHSPEED       0x08041878     0x20  Data  Gb  usbh_usr.o [1]
MSG_DEV_LOWSPEED        0x080418b8     0x20  Data  Gb  usbh_usr.o [1]
MSG_HID_CLASS           0x08041a44     0x1c  Data  Gb  usbh_usr.o [1]
MSG_MSC_CLASS           0x0804171c     0x24  Data  Gb  usbh_usr.o [1]
MSG_UNREC_ERROR         0x08041a60     0x1c  Data  Gb  usbh_usr.o [1]
MemManage_Handler       0x080414c1      0x2  Code  Gb  stm32f4xx_it.o [1]
MotorProcess            0x2001ece4     0x14  Data  Gb  page_weimi.o [1]
MotorStepCount          0x0803718d     0x62  Code  Gb  page_weimi.o [1]
NMI_Handler             0x08041491      0x2  Code  Gb  stm32f4xx_it.o [1]
NVIC_Init               0x0803a187     0x6a  Code  Gb  misc.o [1]
NVIC_PriorityGroupConfig
                        0x0803a17d      0xa  Code  Gb  misc.o [1]
OTG_FS_IRQHandler       0x08041e39     0x10  Code  Gb  usbh_it.o [1]
PendSV_Handler          0x0803b129           Code  Gb  portasm.o [1]
RCA                     0x2001ee9c      0x4  Data  Lc  bsp_sdio_sd.o [1]
RCC_AHB1PeriphClockCmd  0x08038157     0x22  Code  Gb  stm32f4xx_rcc.o [1]
RCC_AHB2PeriphClockCmd  0x08038179     0x1e  Code  Gb  stm32f4xx_rcc.o [1]
RCC_APB1PeriphClockCmd  0x08038197     0x1e  Code  Gb  stm32f4xx_rcc.o [1]
RCC_APB1PeriphResetCmd  0x080381d3     0x1e  Code  Gb  stm32f4xx_rcc.o [1]
RCC_APB2PeriphClockCmd  0x080381b5     0x1e  Code  Gb  stm32f4xx_rcc.o [1]
RCC_APB2PeriphResetCmd  0x080381f1     0x1e  Code  Gb  stm32f4xx_rcc.o [1]
RCC_GetClocksFreq       0x08038055    0x102  Code  Gb  stm32f4xx_rcc.o [1]
RS485_InitTXE           0x08038279     0x34  Code  Gb  bsp_uart_fifo.o [1]
RS485_sendbuf           0x08038ab9     0x3c  Code  Gb  bsp_uart_fifo.o [1]
ReadValue1              0x2001ef4e      0x2  Data  Gb  encoder.o [1]
ReadValue2              0x2001ef50      0x2  Data  Gb  encoder.o [1]
Region$$Table$$Base     0x08041764            --   Gb  - Linker created -
Region$$Table$$Limit    0x08041798            --   Gb  - Linker created -
SDCardInfo              0x2001ea38     0x58  Data  Gb  bsp_sdio_sd.o [1]
SDEnWideBus             0x0803d74d    0x198  Code  Lc  bsp_sdio_sd.o [1]
SDIO_ClearFlag          0x0803e9c9      0x6  Code  Gb  stm32f4xx_sdio.o [1]
SDIO_ClearITPendingBit  0x0803e9e9      0x6  Code  Gb  stm32f4xx_sdio.o [1]
SDIO_ClockCmd           0x0803e8f7      0x8  Code  Gb  stm32f4xx_sdio.o [1]
SDIO_CmdInitStructure   0x2001ecd0     0x14  Data  Gb  bsp_sdio_sd.o [1]
SDIO_DMACmd             0x0803e989      0x8  Code  Gb  stm32f4xx_sdio.o [1]
SDIO_DataConfig         0x0803e955     0x2e  Code  Gb  stm32f4xx_sdio.o [1]
SDIO_DataInitStructure  0x2001ecb8     0x18  Data  Gb  bsp_sdio_sd.o [1]
SDIO_DeInit             0x0803e8b5     0x18  Code  Gb  stm32f4xx_sdio.o [1]
SDIO_GetCommandResponse
                        0x0803e937      0x8  Code  Gb  stm32f4xx_sdio.o [1]
SDIO_GetFlagStatus      0x0803e9af     0x1a  Code  Gb  stm32f4xx_sdio.o [1]
SDIO_GetITStatus        0x0803e9cf     0x1a  Code  Gb  stm32f4xx_sdio.o [1]
SDIO_GetPowerState      0x0803e905      0xa  Code  Gb  stm32f4xx_sdio.o [1]
SDIO_GetResponse        0x0803e93f     0x16  Code  Gb  stm32f4xx_sdio.o [1]
SDIO_IRQHandler         0x0803dd35      0x8  Code  Gb  bsp_sdio_sd.o [1]
SDIO_ITConfig           0x0803e991     0x1e  Code  Gb  stm32f4xx_sdio.o [1]
SDIO_Init               0x0803e8cd     0x2a  Code  Gb  stm32f4xx_sdio.o [1]
SDIO_InitStructure      0x2001eca0     0x18  Data  Gb  bsp_sdio_sd.o [1]
SDIO_Interrupts_Config  0x0803dcf9     0x3c  Code  Gb  bsp_sdio_sd.o [1]
SDIO_ReadData           0x0803e983      0x6  Code  Gb  stm32f4xx_sdio.o [1]
SDIO_SendCommand        0x0803e90f     0x28  Code  Gb  stm32f4xx_sdio.o [1]
SDIO_SetPowerState      0x0803e8ff      0x6  Code  Gb  stm32f4xx_sdio.o [1]
SDWE_WARNNING           0x080308cd     0x2a  Code  Gb  bsp_sdwe050c17.o [1]
SD_Detect               0x0803c3f1     0x22  Code  Gb  bsp_sdio_sd.o [1]
SD_EnableWideBusOperation
                        0x0803cbed     0xc8  Code  Gb  bsp_sdio_sd.o [1]
SD_GetCardInfo          0x0803c801    0x3ec  Code  Gb  bsp_sdio_sd.o [1]
SD_GetState             0x0803c3c7     0x2a  Code  Gb  bsp_sdio_sd.o [1]
SD_GetStatus            0x0803c3a5     0x22  Code  Gb  bsp_sdio_sd.o [1]
SD_Init                 0x0803c2ed     0xb8  Code  Gb  bsp_sdio_sd.o [1]
SD_InitializeCards      0x0803c65f    0x1a2  Code  Gb  bsp_sdio_sd.o [1]
SD_LowLevel_DMA_RxConfig
                        0x0803dc43     0x8e  Code  Gb  bsp_sdio_sd.o [1]
SD_LowLevel_DMA_TxConfig
                        0x0803dbb5     0x8e  Code  Gb  bsp_sdio_sd.o [1]
SD_LowLevel_Init        0x0803daf1     0xbc  Code  Gb  bsp_sdio_sd.o [1]
SD_PowerON              0x0803c413    0x24c  Code  Gb  bsp_sdio_sd.o [1]
SD_ProcessDMAIRQ        0x0803d431     0x22  Code  Gb  bsp_sdio_sd.o [1]
SD_ProcessIRQSrc        0x0803d383     0xae  Code  Gb  bsp_sdio_sd.o [1]
SD_ReadBlock            0x0803cced    0x108  Code  Gb  bsp_sdio_sd.o [1]
SD_ReadMultiBlocks      0x0803cdf5    0x134  Code  Gb  bsp_sdio_sd.o [1]
SD_SelectDeselect       0x0803ccb5     0x38  Code  Gb  bsp_sdio_sd.o [1]
SD_SendStatus           0x0803d315     0x6e  Code  Gb  bsp_sdio_sd.o [1]
SD_StopTransfer         0x0803d2cd     0x44  Code  Gb  bsp_sdio_sd.o [1]
SD_WaitReadOperation    0x0803cf2d     0x96  Code  Gb  bsp_sdio_sd.o [1]
SD_WriteBlock           0x0803cfcd    0x11e  Code  Gb  bsp_sdio_sd.o [1]
SD_WriteMultiBlocks     0x0803d0f9    0x1cc  Code  Gb  bsp_sdio_sd.o [1]
SPI1_Init               0x08038e25     0xc0  Code  Gb  bsp_spi.o [1]
SPI1_ReadWriteByte      0x08038f0d     0x32  Code  Gb  bsp_spi.o [1]
SPI1_SetSpeed           0x08038ee5     0x28  Code  Gb  bsp_spi.o [1]
SPI_Cmd                 0x0803b465     0x1c  Code  Gb  stm32f4xx_spi.o [1]
SPI_I2S_GetFlagStatus   0x0803b481     0x18  Code  Gb  stm32f4xx_spi.o [1]
SPI_Init                0x0803b425     0x40  Code  Gb  stm32f4xx_spi.o [1]
SRC_Buffer              0x2000017c     0x14  Data  Gb  bsp_servomotor.o [1]
SVC_Handler             0x0803b181           Code  Gb  portasm.o [1]
SYSCFG_EXTILineConfig   0x0804114d     0x50  Code  Gb  stm32f4xx_syscfg.o [1]
Sdwe_ClearReadDisk      0x080309a3     0x1c  Code  Gb  bsp_sdwe050c17.o [1]
Sdwe_change_class_time  0x08031043     0x30  Code  Gb  bsp_sdwe050c17.o [1]
Sdwe_clearString        0x080308f7     0x54  Code  Gb  bsp_sdwe050c17.o [1]
Sdwe_clear_filename     0x080309ef     0x60  Code  Gb  bsp_sdwe050c17.o [1]
Sdwe_disDigi            0x080307a7     0xa4  Code  Gb  bsp_sdwe050c17.o [1]
Sdwe_disPicture         0x0803075d     0x4a  Code  Gb  bsp_sdwe050c17.o [1]
Sdwe_disString          0x0803084b     0x82  Code  Gb  bsp_sdwe050c17.o [1]
Sdwe_hidden_page        0x080310db     0x30  Code  Gb  bsp_sdwe050c17.o [1]
Sdwe_peiliao_page       0x08030eb1    0x192  Code  Gb  bsp_sdwe050c17.o [1]
Sdwe_period_page        0x08031073     0x68  Code  Gb  bsp_sdwe050c17.o [1]
Sdwe_product_page       0x08030c91    0x218  Code  Gb  bsp_sdwe050c17.o [1]
Sdwe_readRTC            0x080309bf     0x30  Code  Gb  bsp_sdwe050c17.o [1]
Sdwe_refresh_allname    0x08030c49     0x48  Code  Gb  bsp_sdwe050c17.o [1]
Sdwe_refresh_filename   0x08030a4f    0x1fa  Code  Gb  bsp_sdwe050c17.o [1]
Sdwe_stop_page          0x0803110b    0x37a  Code  Gb  bsp_sdwe050c17.o [1]
Sdwe_writeIcon          0x0803094b     0x58  Code  Gb  bsp_sdwe050c17.o [1]
ServoMotorRunning       0x08033243     0x22  Code  Gb  bsp_servomotor.o [1]
SetSysClock             0x08040c77     0xce  Code  Lc  system_stm32f4xx.o [1]
SlavePara               0x2001e72c     0xa4  Data  Gb  protocol.o [1]
StepMotor_adjust_speed  0x08036d75     0x36  Code  Gb  bsp_stepmotor.o [1]
StepMotor_start         0x08036dd7     0x2c  Code  Gb  bsp_stepmotor.o [1]
StepMotor_stop          0x08036dab     0x2c  Code  Gb  bsp_stepmotor.o [1]
StopCondition           0x2001eea0      0x4  Data  Gb  bsp_sdio_sd.o [1]
SysTick_Handler         0x08037c77     0x2c  Code  Gb  port.o [1]
SystemCoreClock         0x200001c0      0x4  Data  Gb  system_stm32f4xx.o [1]
SystemInit              0x08040c25     0x52  Code  Gb  system_stm32f4xx.o [1]
TI1_Config              0x08036ab1     0x38  Code  Lc  stm32f4xx_tim.o [1]
TI2_Config              0x08036ae9     0x42  Code  Lc  stm32f4xx_tim.o [1]
TI3_Config              0x08036b2b     0x40  Code  Lc  stm32f4xx_tim.o [1]
TI4_Config              0x08036b6b     0x42  Code  Lc  stm32f4xx_tim.o [1]
TIM1_PWM_SETPMOTOR      0x08036d07     0x6e  Code  Gb  bsp_stepmotor.o [1]
TIM2_IRQHandler         0x08038d61     0xac  Code  Gb  bsp_timer.o [1]
TIM3CH2_CAPTURE_STA     0x2001ef6c      0x1  Data  Gb  encoder.o [1]
TIM3CH2_CAPTURE_VAL     0x2001eebc      0x4  Data  Gb  encoder.o [1]
TIM3_IRQHandler         0x08037085     0xc0  Code  Gb  encoder.o [1]
TIM3_PWM_SETPMOTOR      0x08036ca1     0x66  Code  Gb  bsp_stepmotor.o [1]
TIM4_CH1_ConfigPwmOut   0x08032e39     0x1c  Code  Gb  bsp_servomotor.o [1]
TIM4_CH1_GPIO_Configuration
                        0x08032eaf     0x42  Code  Gb  bsp_servomotor.o [1]
TIM4_CH1_PWMDMA_Config  0x0803302f     0xb0  Code  Gb  bsp_servomotor.o [1]
TIM4_CH1_StartPwmOut    0x08032e55     0x2c  Code  Gb  bsp_servomotor.o [1]
TIM4_CH1_StopPwmOut     0x08032e81     0x2e  Code  Gb  bsp_servomotor.o [1]
TIM4_CH2_ConfigPwmOut   0x080330df     0x1c  Code  Gb  bsp_servomotor.o [1]
TIM4_CH2_GPIO_Configuration
                        0x08033155     0x3e  Code  Gb  bsp_servomotor.o [1]
TIM4_CH2_PWMDMA_Config  0x08033193     0xb0  Code  Gb  bsp_servomotor.o [1]
TIM4_CH2_StartPwmOut    0x080330fb     0x2c  Code  Gb  bsp_servomotor.o [1]
TIM4_CH2_StopPwmOut     0x08033127     0x2e  Code  Gb  bsp_servomotor.o [1]
TIM4_PWM_Config         0x08032f69     0xc6  Code  Gb  bsp_servomotor.o [1]
TIM6_DAC_IRQHandler     0x0804142f     0x22  Code  Gb  SysInfoTest.o [1]
TIM8_CC_IRQHandler      0x08036f97     0xee  Code  Gb  encoder.o [1]
TIM_ARRPreloadConfig    0x08036723     0x1c  Code  Gb  stm32f4xx_tim.o [1]
TIM_CallBack1           0x0802ee05     0x44  Code  Gb  apptask.o [1]
TIM_ClearITPendingBit   0x08036a93      0x8  Code  Gb  stm32f4xx_tim.o [1]
TIM_Cmd                 0x0803673f     0x1c  Code  Gb  stm32f4xx_tim.o [1]
TIM_CtrlPWMOutputs      0x08036a29     0x22  Code  Gb  stm32f4xx_tim.o [1]
TIM_DMACmd              0x08036a9b     0x16  Code  Gb  stm32f4xx_tim.o [1]
TIM_DeInit              0x0803653d    0x17c  Code  Gb  stm32f4xx_tim.o [1]
TIM_GetITStatus         0x08036a61     0x32  Code  Gb  stm32f4xx_tim.o [1]
TIM_ICInit              0x0803696d     0x70  Code  Gb  stm32f4xx_tim.o [1]
TIM_ITConfig            0x08036a4b     0x16  Code  Gb  stm32f4xx_tim.o [1]
TIM_OC1Init             0x0803675b     0x7e  Code  Gb  stm32f4xx_tim.o [1]
TIM_OC2Init             0x080367d9     0x8c  Code  Gb  stm32f4xx_tim.o [1]
TIM_OC2PreloadConfig    0x08036947     0x14  Code  Gb  stm32f4xx_tim.o [1]
TIM_OC3Init             0x08036865     0x8a  Code  Gb  stm32f4xx_tim.o [1]
TIM_OC3PreloadConfig    0x0803695b     0x12  Code  Gb  stm32f4xx_tim.o [1]
TIM_OCStructInit        0x08036925     0x22  Code  Gb  stm32f4xx_tim.o [1]
TIM_SetIC1Prescaler     0x080369dd     0x12  Code  Gb  stm32f4xx_tim.o [1]
TIM_SetIC2Prescaler     0x080369ef     0x14  Code  Gb  stm32f4xx_tim.o [1]
TIM_SetIC3Prescaler     0x08036a03     0x12  Code  Gb  stm32f4xx_tim.o [1]
TIM_SetIC4Prescaler     0x08036a15     0x14  Code  Gb  stm32f4xx_tim.o [1]
TIM_TimeBaseInit        0x080366b9     0x6a  Code  Gb  stm32f4xx_tim.o [1]
Task_iwdg_refresh       0x0802f089     0x8a  Code  Gb  apptask.o [1]
TransferEnd             0x2001eea4      0x4  Data  Gb  bsp_sdio_sd.o [1]
TransferError           0x2001ef69      0x1  Data  Gb  bsp_sdio_sd.o [1]
UART1ToPC               0x08038a59     0x30  Code  Gb  bsp_uart_fifo.o [1]
UART2ToPC               0x08038a89     0x30  Code  Gb  bsp_uart_fifo.o [1]
UART2_RX_BUF            0x2001e9d0     0x64  Data  Gb  bsp_uart_fifo.o [1]
UART3ToPC               0x08038af5     0x30  Code  Gb  bsp_uart_fifo.o [1]
UART4ToPC               0x08038b25     0x30  Code  Gb  bsp_uart_fifo.o [1]
UART4_IRQHandler        0x0803896b     0x84  Code  Gb  bsp_uart_fifo.o [1]
UART4_RX_BUF            0x2001e96c     0x64  Data  Gb  bsp_uart_fifo.o [1]
UART5ToPC               0x08038b55     0x30  Code  Gb  bsp_uart_fifo.o [1]
UART5_IRQHandler        0x080389ef     0x6a  Code  Gb  bsp_uart_fifo.o [1]
USART1_IRQHandler       0x080388db     0x1e  Code  Gb  bsp_uart_fifo.o [1]
USART2_IRQHandler       0x080388f9     0x68  Code  Gb  bsp_uart_fifo.o [1]
USART3_IRQHandler       0x08038961      0xa  Code  Gb  bsp_uart_fifo.o [1]
USART_ClearFlag         0x0803b383      0xc  Code  Gb  stm32f4xx_usart.o [1]
USART_ClearITPendingBit
                        0x0803b3ff     0x26  Code  Gb  stm32f4xx_usart.o [1]
USART_Cmd               0x0803b2cd     0x1c  Code  Gb  stm32f4xx_usart.o [1]
USART_DMACmd            0x0803b2f9     0x16  Code  Gb  stm32f4xx_usart.o [1]
USART_GetFlagStatus     0x0803b365     0x1e  Code  Gb  stm32f4xx_usart.o [1]
USART_GetITStatus       0x0803b38f     0x70  Code  Gb  stm32f4xx_usart.o [1]
USART_ITConfig          0x0803b30f     0x56  Code  Gb  stm32f4xx_usart.o [1]
USART_Init              0x0803b1d1     0xee  Code  Gb  stm32f4xx_usart.o [1]
USART_ReceiveData       0x0803b2f1      0x8  Code  Gb  stm32f4xx_usart.o [1]
USART_SendData          0x0803b2e9      0x8  Code  Gb  stm32f4xx_usart.o [1]
USBH_Alloc_Channel      0x0803a541     0x2e  Code  Gb  usbh_hcs.o [1]
USBH_BulkReceiveData    0x0803abe5     0x62  Code  Gb  usbh_ioreq.o [1]
USBH_BulkSendData       0x0803ab83     0x62  Code  Gb  usbh_ioreq.o [1]
USBH_CfgDesc            0x2001e324    0x200  Data  Gb  usbh_stdreq.o [1]
USBH_ClrFeature         0x0803a78b     0x4c  Code  Gb  usbh_stdreq.o [1]
USBH_Connected          0x0803347d      0xc  Code  Gb  usbh_core.o [1]
USBH_CtlReceiveData     0x0803ab3d     0x46  Code  Gb  usbh_ioreq.o [1]
USBH_CtlReq             0x0803aa17     0x6e  Code  Gb  usbh_ioreq.o [1]
USBH_CtlSendData        0x0803aac9     0x74  Code  Gb  usbh_ioreq.o [1]
USBH_CtlSendSetup       0x0803aa85     0x44  Code  Gb  usbh_ioreq.o [1]
USBH_DataInBuffer       0x2001e124    0x200  Data  Gb  usbh_msc_scsi.o [1]
USBH_DeAllocate_AllChannel
                        0x0803a593     0x20  Code  Gb  usbh_hcs.o [1]
USBH_DeInit             0x080334e3     0x3e  Code  Gb  usbh_core.o [1]
USBH_Disconnected       0x08033489      0xc  Code  Gb  usbh_core.o [1]
USBH_ErrorHandle        0x080336f3     0x34  Code  Gb  usbh_core.o [1]
USBH_Free_Channel       0x0803a56f     0x24  Code  Gb  usbh_hcs.o [1]
USBH_GetDescriptor      0x0803a6eb     0x4e  Code  Gb  usbh_stdreq.o [1]
USBH_GetFreeChannel     0x0803a5b3     0x2e  Code  Lc  usbh_hcs.o [1]
USBH_GetNextDesc        0x0803a9ff     0x18  Code  Gb  usbh_stdreq.o [1]
USBH_Get_CfgDesc        0x0803a627     0x78  Code  Gb  usbh_stdreq.o [1]
USBH_Get_DevDesc        0x0803a5e1     0x46  Code  Gb  usbh_stdreq.o [1]
USBH_Get_StringDesc     0x0803a69f     0x4c  Code  Gb  usbh_stdreq.o [1]
USBH_HCD_INT_cb         0x200001b0      0xc  Data  Gb  usbh_core.o [1]
USBH_HCD_INT_fops       0x200001c4      0x4  Data  Gb  usbh_core.o [1]
USBH_HandleControl      0x0803393b    0x29a  Code  Gb  usbh_core.o [1]
USBH_HandleEnum         0x08033727    0x214  Code  Lc  usbh_core.o [1]
USBH_Init               0x0803349b     0x48  Code  Gb  usbh_core.o [1]
USBH_MSC_BOTReset       0x0803f9f5     0x28  Code  Lc  usbh_msc_core.o [1]
USBH_MSC_BOTXferParam   0x2001edc8     0x10  Data  Gb  usbh_msc_bot.o [1]
USBH_MSC_BOT_Abort      0x0803e7a5     0x5c  Code  Gb  usbh_msc_bot.o [1]
USBH_MSC_CBWData        0x2001ec80     0x20  Data  Gb  usbh_msc_bot.o [1]
USBH_MSC_CSWData        0x2001edb8     0x10  Data  Gb  usbh_msc_bot.o [1]
USBH_MSC_ClassRequest   0x0803f7e3     0x12  Code  Lc  usbh_msc_core.o [1]
USBH_MSC_DecodeCSW      0x0803e801     0x7a  Code  Gb  usbh_msc_bot.o [1]
USBH_MSC_ErrorHandle    0x0803fa45     0x3e  Code  Gb  usbh_msc_core.o [1]
USBH_MSC_GETMaxLUN      0x0803fa1d     0x28  Code  Lc  usbh_msc_core.o [1]
USBH_MSC_Handle         0x0803f7f5    0x200  Code  Lc  usbh_msc_core.o [1]
USBH_MSC_HandleBOTXfer  0x0803e3a1    0x404  Code  Gb  usbh_msc_bot.o [1]
USBH_MSC_Init           0x0803e35d     0x44  Code  Gb  usbh_msc_bot.o [1]
USBH_MSC_InterfaceDeInit
                        0x0803f797     0x4c  Code  Lc  usbh_msc_core.o [1]
USBH_MSC_InterfaceInit  0x0803f6b1     0xe6  Code  Lc  usbh_msc_core.o [1]
USBH_MSC_ModeSense6     0x0803df57    0x10c  Code  Gb  usbh_msc_scsi.o [1]
USBH_MSC_Param          0x2001edd8     0x10  Data  Gb  usbh_msc_scsi.o [1]
USBH_MSC_Read10         0x0803e23d    0x106  Code  Gb  usbh_msc_scsi.o [1]
USBH_MSC_ReadCapacity10
                        0x0803de2d    0x12a  Code  Gb  usbh_msc_scsi.o [1]
USBH_MSC_RequestSense   0x0803e063     0xee  Code  Gb  usbh_msc_scsi.o [1]
USBH_MSC_TestUnitReady  0x0803dd45     0xe8  Code  Gb  usbh_msc_scsi.o [1]
USBH_MSC_Write10        0x0803e151     0xec  Code  Gb  usbh_msc_scsi.o [1]
USBH_MSC_cb             0x200001a0     0x10  Data  Gb  usbh_msc_core.o [1]
USBH_Modify_Channel     0x0803a4cd     0x74  Code  Gb  usbh_hcs.o [1]
USBH_OTG_ISR_Handler    0x0803ea31     0xb8  Code  Gb  usb_hcd_int.o [1]
USBH_Open_Channel       0x0803a427     0xa6  Code  Gb  usbh_hcs.o [1]
USBH_ParseCfgDesc       0x0803a833    0x13c  Code  Lc  usbh_stdreq.o [1]
USBH_ParseDevDesc       0x0803a7d7     0x5c  Code  Lc  usbh_stdreq.o [1]
USBH_ParseEPDesc        0x0803a9a3     0x20  Code  Lc  usbh_stdreq.o [1]
USBH_ParseInterfaceDesc
                        0x0803a97d     0x26  Code  Lc  usbh_stdreq.o [1]
USBH_ParseStringDesc    0x0803a9c3     0x3c  Code  Lc  usbh_stdreq.o [1]
USBH_Process            0x08033521    0x1d2  Code  Gb  usbh_core.o [1]
USBH_SOF                0x08033495      0x6  Code  Gb  usbh_core.o [1]
USBH_SetAddress         0x0803a739     0x2a  Code  Gb  usbh_stdreq.o [1]
USBH_SetCfg             0x0803a763     0x28  Code  Gb  usbh_stdreq.o [1]
USBH_SubmitSetupRequest
                        0x0803ac47     0x16  Code  Lc  usbh_ioreq.o [1]
USBH_USR_Configuration_DescAvailable
                        0x08033385     0x26  Code  Gb  usbh_usr.o [1]
USBH_USR_DeInit         0x08033479      0x2  Code  Gb  usbh_usr.o [1]
USBH_USR_DeviceAddressAssigned
                        0x08033383      0x2  Code  Gb  usbh_usr.o [1]
USBH_USR_DeviceAttached
                        0x080332fd      0xa  Code  Gb  usbh_usr.o [1]
USBH_USR_DeviceDisconnected
                        0x08033311     0x1a  Code  Gb  usbh_usr.o [1]
USBH_USR_DeviceNotSupported
                        0x080333ef      0xa  Code  Gb  usbh_usr.o [1]
USBH_USR_DeviceSpeedDetected
                        0x08033335     0x36  Code  Gb  usbh_usr.o [1]
USBH_USR_Device_DescAvailable
                        0x0803336b     0x18  Code  Gb  usbh_usr.o [1]
USBH_USR_EnumerationDone
                        0x080333d5     0x1a  Code  Gb  usbh_usr.o [1]
USBH_USR_Init           0x080332d9     0x24  Code  Gb  usbh_usr.o [1]
USBH_USR_MSC_Application
                        0x08033475      0x4  Code  Gb  usbh_usr.o [1]
USBH_USR_Manufacturer_String
                        0x080333ab      0xe  Code  Gb  usbh_usr.o [1]
USBH_USR_OverCurrentDetected
                        0x080333fd      0xa  Code  Gb  usbh_usr.o [1]
USBH_USR_Product_String
                        0x080333b9      0xe  Code  Gb  usbh_usr.o [1]
USBH_USR_ResetDevice    0x0803332b      0xa  Code  Gb  usbh_usr.o [1]
USBH_USR_SerialNum_String
                        0x080333c7      0xe  Code  Gb  usbh_usr.o [1]
USBH_USR_UnrecoveredError
[...]
f_opendir               0x08035d09     0xb2  Code  Gb  ff.o [1]
f_readdir               0x08035dbb     0x74  Code  Gb  ff.o [1]
f_sync                  0x08035c1b     0xb6  Code  Gb  ff.o [1]
f_write                 0x08035989    0x292  Code  Gb  ff.o [1]
ff_convert              0x0803af41     0x80  Code  Gb  cc936.o [1]
ff_wtoupper             0x0803afc1     0x64  Code  Gb  cc936.o [1]
file_select             0x2001ee18      0xc  Data  Gb  protocol.o [1]
final_per_meter         0x08031cd1     0x1a  Code  Gb  product_cal.o [1]
find_volume             0x08035275    0x45a  Code  Lc  ff.o [1]
fit_lfn                 0x080347af     0x88  Code  Lc  ff.o [1]
follow_path             0x0803510f     0x90  Code  Lc  ff.o [1]
fputc                   0x08038b85     0x22  Code  Gb  bsp_uart_fifo.o [1]
from_speed_step         0x08037311     0x4a  Code  Gb  page_weimi.o [1]
g_tUart3                0x2001ebe4     0x28  Data  Gb  bsp_uart_fifo.o [1]
gen_numname             0x0803483d     0xec  Code  Lc  ff.o [1]
get_card_type           0x08031e47     0xe4  Code  Gb  product_cal.o [1]
get_class_time          0x08031d4f     0x7a  Code  Gb  product_cal.o [1]
get_fat                 0x08034003    0x11c  Code  Gb  ff.o [1]
get_fattime             0x0803af27      0x4  Code  Gb  diskio.o [1]
get_fileinfo            0x08034cb9    0x13c  Code  Lc  ff.o [1]
get_float_1bit          0x08031d2d     0x22  Code  Gb  product_cal.o [1]
get_ldnumber            0x0803519f     0x50  Code  Lc  ff.o [1]
get_main_speed          0x080372df     0x32  Code  Gb  page_weimi.o [1]
get_period_state        0x08031dc9     0x54  Code  Gb  product_cal.o [1]
get_valid_length        0x08031af3     0x26  Code  Gb  bsp_sdwe050c17.o [1]
get_valid_seg           0x0803735b     0x48  Code  Gb  page_weimi.o [1]
get_weimi_para          0x08037295     0x4a  Code  Gb  page_weimi.o [1]
hex_to_decimal          0x08031b19     0x26  Code  Gb  bsp_sdwe050c17.o [1]
idwgEventGroup          0x2001ee8c      0x4  Data  Gb  apptask.o [1]
inc_card_type           0x08031f35    0x11c  Code  Gb  product_cal.o [1]
inc_lock                0x08033d03     0xe8  Code  Lc  ff.o [1]
init_peiliao_para       0x08031c09     0x50  Code  Gb  product_cal.o [1]
init_product_para       0x08031b49     0xc0  Code  Gb  product_cal.o [1]
init_weimi_para         0x080371ef     0xa6  Code  Gb  page_weimi.o [1]
input_password_buf      0x2001ee0c      0xc  Data  Gb  protocol.o [1]
input_password_len      0x2001ef77      0x1  Data  Gb  protocol.o [1]
isDevicePeriod          0x2001ef67      0x1  Data  Gb  apptask.o [1]
isWork                  0x2001ef61      0x1  Data  Gb  apptask.o [1]
is_same_data            0x08031e1d     0x2a  Code  Gb  product_cal.o [1]
is_stop                 0x2001ef71      0x1  Data  Gb  page_weimi.o [1]
lcd_busy                0x2001ef6a      0x1  Data  Gb  bsp_sdwe050c17.o [1]
lcd_rev_buf             0x2001eb7c     0x34  Data  Gb  bsp_sdwe050c17.o [1]
lcd_rev_len             0x2001ef4c      0x2  Data  Gb  bsp_sdwe050c17.o [1]
ld_clust                0x0803462d     0x28  Code  Lc  ff.o [1]
localeconv              0x0803b7e7     0x16  Code  Gb  localeconv.o [3]
m_ctrl_dev              0x2001ee38      0x8  Data  Gb  modbus.o [1]
main                    0x08041609     0x2c  Code  Gb  main.o [1]
mallco_dev              0x20000160     0x1c  Data  Gb  malloc.o [1]
mb_init                 0x08036235     0x30  Code  Gb  modbus.o [1]
mb_packsend_frame       0x08036143     0xf2  Code  Gb  modbus.o [1]
mb_unpack_frame         0x08036001    0x142  Code  Gb  modbus.o [1]
mc_check_crc16          0x0803b0a1     0x40  Code  Gb  mcheck.o [1]
mc_check_crc8           0x0803b07d     0x24  Code  Gb  mcheck.o [1]
mc_check_sum            0x0803b035     0x2e  Code  Gb  mcheck.o [1]
mc_check_xor            0x0803b063     0x1a  Code  Gb  mcheck.o [1]
mem1base                0x200119cc   0xa000  Data  Gb  malloc.o [1]
mem1mapbase             0x2001c9cc    0xa00  Data  Gb  malloc.o [1]
mem2base                0x68000000  0xf0000  Data  Gb  malloc.o [1]
mem2mapbase             0x680f0000   0xf000  Data  Gb  malloc.o [1]
mem_cmp                 0x08033c0f     0x24  Code  Lc  ff.o [1]
mem_cpy                 0x08033bdd     0x1c  Code  Lc  ff.o [1]
mem_set                 0x08033bf9     0x16  Code  Lc  ff.o [1]
memblksize              0x08042054      0x8  Data  Gb  malloc.o [1]
memchr                  0x0803b4b1           Code  Gb  memchr.o [5]
memsize                 0x0804205c      0x8  Data  Gb  malloc.o [1]
memtblsize              0x0804204c      0x8  Data  Gb  malloc.o [1]
modbus_send_frame       0x08036265     0xe6  Code  Gb  modbus.o [1]
move_window             0x08033ed1     0x40  Code  Lc  ff.o [1]
my_mem_free             0x080326d7     0x6c  Code  Gb  malloc.o [1]
my_mem_init             0x0803259b     0x42  Code  Gb  malloc.o [1]
my_mem_malloc           0x0803261b     0xbc  Code  Gb  malloc.o [1]
my_mem_perused          0x080325dd     0x3e  Code  Gb  malloc.o [1]
myfree                  0x08032743     0x24  Code  Gb  malloc.o [1]
mymalloc                0x08032767     0x2a  Code  Gb  malloc.o [1]
mymemset                0x08032585     0x16  Code  Gb  malloc.o [1]
obuf                    0x2001eae0     0x50  Data  Lc  xfiles.o [3]
oem2uni                 0x0801560c  0x15484  Data  Lc  cc936.o [1]
old_card_record         0x2001ef65      0x1  Data  Gb  apptask.o [1]
old_isWork              0x2001ef62      0x1  Data  Gb  apptask.o [1]
old_is_stop             0x200001ca      0x1  Data  Gb  page_weimi.o [1]
old_plan_complete       0x2001ef75      0x1  Data  Gb  product_cal.o [1]
para_init               0x080404cd     0x80  Code  Gb  para.o [1]
pcInterruptPriorityRegisters
                        0x08042090      0x4  Data  Lc  port.o [1]
peiliao_para            0x2001ebb0     0x34  Data  Gb  product_cal.o [1]
pick_lfn                0x08034723     0x8c  Code  Lc  ff.o [1]
plan_complete           0x2001ef74      0x1  Data  Gb  product_cal.o [1]
pluse_count             0x2001ef46      0x2  Data  Gb  apptask.o [1]
printf                  0x080324a5     0x24  Code  Gb  printf.o [3]
product_complete_kilo   0x08031cfd     0x30  Code  Gb  product_cal.o [1]
product_complete_meter  0x08031ceb     0x12  Code  Gb  product_cal.o [1]
product_para            0x2001ec34     0x28  Data  Gb  product_cal.o [1]
product_per_meter       0x08031c59     0x78  Code  Gb  product_cal.o [1]
prvAddCurrentTaskToDelayedList
                        0x0802fcad     0x48  Code  Lc  tasks.o [1]
prvAllocateTCBAndStack  0x0802fcf5     0x5a  Code  Lc  tasks.o [1]
prvCheckForValidListAndQueue
                        0x08037a77     0x52  Code  Lc  timers.o [1]
prvCheckTasksWaitingTermination
                        0x0802fc43     0x66  Code  Lc  tasks.o [1]
prvCopyDataFromQueue    0x080304dd     0x30  Code  Lc  queue.o [1]
prvCopyDataToQueue      0x08030459     0x84  Code  Lc  queue.o [1]
prvDeleteTCB            0x0802fd4f     0x12  Code  Lc  tasks.o [1]
prvGetNextExpireTime    0x08037863     0x2e  Code  Lc  timers.o [1]
prvHeapInit             0x08037f65     0x6e  Code  Lc  heap_4.o [1]
prvIdleTask             0x0802fb5d     0x26  Code  Lc  tasks.o [1]
prvInitialiseTCBVariables
                        0x0802fb83     0x6a  Code  Lc  tasks.o [1]
prvInitialiseTaskLists  0x0802fbed     0x56  Code  Lc  tasks.o [1]
prvInsertBlockIntoFreeList
                        0x08037fd3     0x62  Code  Lc  heap_4.o [1]
prvInsertTimerInActiveList
                        0x080378b9     0x50  Code  Lc  timers.o [1]
prvIsQueueEmpty         0x08030577     0x20  Code  Lc  queue.o [1]
prvIsQueueFull          0x08030597     0x22  Code  Lc  queue.o [1]
prvProcessExpiredTimer  0x0803777b     0x5c  Code  Lc  timers.o [1]
prvProcessReceivedCommands
                        0x08037909     0xde  Code  Lc  timers.o [1]
prvProcessTimerOrBlockTask
                        0x080377f3     0x70  Code  Lc  timers.o [1]
prvResetNextTaskUnblockTime
                        0x0802fd61     0x26  Code  Lc  tasks.o [1]
prvSampleTimeNow        0x08037891     0x28  Code  Lc  timers.o [1]
prvSwitchTimerLists     0x080379e7     0x90  Code  Lc  timers.o [1]
prvTaskExitError        0x08037b15     0x2a  Code  Lc  port.o [1]
prvTestWaitCondition    0x0803761f     0x24  Code  Lc  event_groups.o [1]
prvTimerTask            0x080377d9     0x1a  Code  Lc  timers.o [1]
prvUnlockQueue          0x0803050d     0x6a  Code  Lc  queue.o [1]
put_fat                 0x0803411f    0x16c  Code  Gb  ff.o [1]
putchar                 0x08041c59      0xc  Code  Gb  putchar.o [3]
pvPortMalloc            0x08037dd5    0x118  Code  Gb  heap_4.o [1]
pxCurrentTCB            0x2001eee4      0x4  Data  Gb  tasks.o [1]
pxCurrentTimerList      0x2001ef24      0x4  Data  Lc  timers.o [1]
pxDelayedTaskList       0x2001eee8      0x4  Data  Lc  tasks.o [1]
pxEnd                   0x2001eec4      0x4  Data  Lc  heap_4.o [1]
pxOverflowDelayedTaskList
                        0x2001eeec      0x4  Data  Lc  tasks.o [1]
pxOverflowTimerList     0x2001ef28      0x4  Data  Lc  timers.o [1]
pxPortInitialiseStack   0x08037af1     0x24  Code  Gb  port.o [1]
pxReadyTasksLists       0x2001e63c     0xf0  Data  Lc  tasks.o [1]
rc522_cmd_anticoll      0x08035fa5     0x5a  Code  Gb  rc522.o [1]
rc522_cmd_request       0x08035f51     0x54  Code  Gb  rc522.o [1]
readSlave               0x2001edf4      0xc  Data  Gb  apptask.o [1]
read_device_info        0x08040251    0x276  Code  Gb  para.o [1]
read_file_select        0x2001ee24      0xc  Data  Gb  protocol.o [1]
remove_chain            0x0803428b     0x76  Code  Lc  ff.o [1]
rfid_rev_buf            0x2001ecf8     0x14  Data  Gb  rc522.o [1]
rfid_rev_cnt            0x2001ef79      0x1  Data  Gb  rc522.o [1]
rfid_rev_flag           0x2001ef78      0x1  Data  Gb  rc522.o [1]
rtc_time                0x2001ee40      0x8  Data  Gb  protocol.o [1]
s_TIM_CallBack1         0x2001eeac      0x4  Data  Lc  bsp_timer.o [1]
s_TIM_CallBack2         0x2001eeb0      0x4  Data  Lc  bsp_timer.o [1]
s_TIM_CallBack3         0x2001eeb4      0x4  Data  Lc  bsp_timer.o [1]
s_TIM_CallBack4         0x2001eeb8      0x4  Data  Lc  bsp_timer.o [1]
sample_time             0x2001ef44      0x2  Data  Gb  apptask.o [1]
sdew_weimi_page1        0x080314a9    0x2cc  Code  Gb  bsp_sdwe050c17.o [1]
sdew_weimi_page2        0x08031799    0x236  Code  Gb  bsp_sdwe050c17.o [1]
sdew_weisha_page1       0x080319cf     0x92  Code  Gb  bsp_sdwe050c17.o [1]
sdew_weisha_page2       0x08031a61     0x92  Code  Gb  bsp_sdwe050c17.o [1]
servomotor_mode         0x2001ef70      0x1  Data  Gb  page_weimi.o [1]
slave_info              0x2001ede8      0xc  Data  Gb  apptask.o [1]
speed_zhu               0x2001ef58      0x2  Data  Gb  page_weimi.o [1]
sprintf                 0x08035e41     0x34  Code  Gb  sprintf.o [3]
st_clust                0x08034655     0x18  Code  Lc  ff.o [1]
step_motor_adjust       0x2001ef6f      0x1  Data  Gb  page_weimi.o [1]
strcat                  0x08035e75     0x1c  Code  Gb  strcat.o [3]
strchr                  0x0803b499           Code  Gb  strchr.o [5]
strlen                  0x08032d9d           Code  Gb  strlen.o [5]
strstr                  0x08036401     0x10  Code  Gb  apptask.o [1]
sum_sfn                 0x08034929     0x20  Code  Lc  ff.o [1]
sync_fs                 0x08033f11     0xd8  Code  Lc  ff.o [1]
sync_window             0x08033e77     0x5a  Code  Lc  ff.o [1]
system_state_dis        0x08040a94    0x190  Data  Gb  product_cal.o [1]
total_meter_gross       0x2001eed8      0x4  Data  Gb  product_cal.o [1]
total_weight_gross      0x2001eedc      0x4  Data  Gb  product_cal.o [1]
ucHeap                  0x200001cc  0x11800  Data  Lc  heap_4.o [1]
ucMaxSysCallPriority    0x2001ef73      0x1  Data  Lc  port.o [1]
ulHighFrequencyTimerTicks
                        0x2001eee0      0x4  Data  Gb  SysInfoTest.o [1]
ulMaxPRIGROUPValue      0x2001eed4      0x4  Data  Lc  port.o [1]
ulTaskSwitchedInTime    0x2001ef1c      0x4  Data  Lc  tasks.o [1]
ulTotalRunTime          0x2001ef20      0x4  Data  Lc  tasks.o [1]
uni2oem                 0x08000188  0x15484  Data  Lc  cc936.o [1]
usb_disk_flag           0x2001ef63      0x1  Data  Gb  apptask.o [1]
usbh_OpenMassStorage    0x080332c5     0x14  Code  Gb  usbh_usr.o [1]
uxCriticalNesting       0x200001bc      0x4  Data  Lc  port.o [1]
uxCurrentNumberOfTasks  0x2001eef4      0x4  Data  Lc  tasks.o [1]
uxListRemove            0x08037dad     0x28  Code  Gb  list.o [1]
uxPendedTicks           0x2001ef04      0x4  Data  Lc  tasks.o [1]
uxSchedulerSuspended    0x2001ef18      0x4  Data  Lc  tasks.o [1]
uxTaskNumber            0x2001ef10      0x4  Data  Lc  tasks.o [1]
uxTaskResetEventItemValue
                        0x0802fdc1     0x20  Code  Gb  tasks.o [1]
uxTasksDeleted          0x2001eef0      0x4  Data  Lc  tasks.o [1]
uxTopReadyPriority      0x2001eefc      0x4  Data  Lc  tasks.o [1]
vListInitialise         0x08037d3d     0x1e  Code  Gb  list.o [1]
vListInsert             0x08037d73     0x3a  Code  Gb  list.o [1]
vListInsertEnd          0x08037d5b     0x18  Code  Gb  list.o [1]
vPortEnableVFP          0x0803b1b5           Code  Gb  portasm.o [1]
vPortEnterCritical      0x08037c0b     0x3a  Code  Gb  port.o [1]
vPortExitCritical       0x08037c45     0x32  Code  Gb  port.o [1]
vPortFree               0x08037eed     0x78  Code  Gb  heap_4.o [1]
vPortSetupTimerInterrupt
                        0x08037ca3      0xe  Code  Wk  port.o [1]
vPortStartFirstTask     0x0803b19d           Code  Gb  portasm.o [1]
vPortValidateInterruptPriority
                        0x08037cb1     0x4e  Code  Gb  port.o [1]
vQueueWaitForMessageRestricted
                        0x080305b9     0x44  Code  Gb  queue.o [1]
vSetupSysInfoTest       0x0804141d     0x12  Code  Gb  SysInfoTest.o [1]
vTaskDelay              0x0802f3b9     0x84  Code  Gb  tasks.o [1]
vTaskFreq               0x0802e94d    0x162  Code  Lc  apptask.o [1]
vTaskManageCapacity     0x0802df29    0x5b2  Code  Gb  apptask.o [1]
vTaskMassStorage        0x0802d14d    0x23c  Code  Lc  apptask.o [1]
vTaskMissedYield        0x0802fb53      0xa  Code  Gb  tasks.o [1]
vTaskMotorControl       0x0802e4e9    0x43c  Code  Lc  apptask.o [1]
vTaskMsgPro             0x0802d7c9    0x434  Code  Lc  apptask.o [1]
vTaskPlaceOnEventList   0x0802f7b9     0x74  Code  Gb  tasks.o [1]
vTaskPlaceOnEventListRestricted
                        0x0802f8f1     0x80  Code  Gb  tasks.o [1]
vTaskPlaceOnUnorderedEventList
                        0x0802f849     0xa8  Code  Gb  tasks.o [1]
vTaskReadDisk           0x0802dcf1    0x1b6  Code  Lc  apptask.o [1]
vTaskRev485             0x0802dc05     0xb8  Code  Lc  apptask.o [1]
vTaskSetTimeOutState    0x0802fa9d     0x26  Code  Gb  tasks.o [1]
vTaskStartScheduler     0x0802f43d     0x7e  Code  Gb  tasks.o [1]
vTaskSuspendAll         0x0802f4bb     0x10  Code  Gb  tasks.o [1]
vTaskSwitchContext      0x0802f709     0xb0  Code  Gb  tasks.o [1]
vTaskTaskLCD            0x0802aa91   0x2690  Code  Gb  apptask.o [1]
vTaskTaskLED            0x0802d3ad     0x20  Code  Lc  apptask.o [1]
vTaskTaskRFID           0x0802d3cd    0x3d6  Code  Lc  apptask.o [1]
valid_seg               0x2001ef72      0x1  Data  Gb  page_weimi.o [1]
validate                0x080356cf     0x36  Code  Lc  ff.o [1]
weimi_para              0x2001e524    0x118  Data  Gb  page_weimi.o [1]
work_idle               0x2001ef76      0x1  Data  Gb  product_cal.o [1]
work_idle_time          0x2001ef5a      0x2  Data  Gb  product_cal.o [1]
xActiveTimerList1       0x2001ed70     0x14  Data  Lc  timers.o [1]
xActiveTimerList2       0x2001ed84     0x14  Data  Lc  timers.o [1]
xBlockAllocatedBit      0x2001eed0      0x4  Data  Lc  heap_4.o [1]
xDelayedTaskList1       0x2001ed0c     0x14  Data  Lc  tasks.o [1]
xDelayedTaskList2       0x2001ed20     0x14  Data  Lc  tasks.o [1]
xEventGroupCreate       0x080373e1     0x1c  Code  Gb  event_groups.o [1]
xEventGroupSetBits      0x08037549     0xd6  Code  Gb  event_groups.o [1]
xEventGroupWaitBits     0x080373fd    0x146  Code  Gb  event_groups.o [1]
xFreeBytesRemaining     0x2001eec8      0x4  Data  Lc  heap_4.o [1]
xHandleTaskFreq         0x2001ee6c      0x4  Data  Gb  apptask.o [1]
xHandleTaskLCD          0x2001ee48      0x4  Data  Gb  apptask.o [1]
xHandleTaskLED          0x2001ee4c      0x4  Data  Gb  apptask.o [1]
xHandleTaskManageCapacity
                        0x2001ee64      0x4  Data  Gb  apptask.o [1]
xHandleTaskMassStorage  0x2001ee54      0x4  Data  Gb  apptask.o [1]
xHandleTaskMotorControl
                        0x2001ee68      0x4  Data  Gb  apptask.o [1]
xHandleTaskMsgPro       0x2001ee5c      0x4  Data  Gb  apptask.o [1]
xHandleTaskRFID         0x2001ee50      0x4  Data  Gb  apptask.o [1]
xHandleTaskReadDisk     0x2001ee58      0x4  Data  Gb  apptask.o [1]
xHandleTaskRev485       0x2001ee60      0x4  Data  Gb  apptask.o [1]
xHeapStructSize         0x0804208c      0x4  Data  Lc  heap_4.o [1]
xMinimumEverFreeBytesRemaining
                        0x2001eecc      0x4  Data  Lc  heap_4.o [1]
xNextTaskUnblockTime    0x2001ef14      0x4  Data  Lc  tasks.o [1]
xNumOfOverflows         0x2001ef0c      0x4  Data  Lc  tasks.o [1]
xPendingReadyList       0x2001ed34     0x14  Data  Lc  tasks.o [1]
xPortStartScheduler     0x08037b3f     0xcc  Code  Gb  port.o [1]
xQueueGenericCreate     0x0802fec5     0x7e  Code  Gb  queue.o [1]
xQueueGenericReceive    0x080302b9    0x19c  Code  Gb  queue.o [1]
xQueueGenericReset      0x0802fe35     0x90  Code  Gb  queue.o [1]
xQueueGenericSend       0x0802ff43    0x1b2  Code  Gb  queue.o [1]
xQueueGenericSendFromISR
                        0x080300f5     0xec  Code  Gb  queue.o [1]
xQueueGiveFromISR       0x080301e1     0xd8  Code  Gb  queue.o [1]
xQueue_message          0x2001ee94      0x4  Data  Gb  apptask.o [1]
xSchedulerRunning       0x2001ef00      0x4  Data  Lc  tasks.o [1]
xSemaphore_download     0x2001ee84      0x4  Data  Gb  apptask.o [1]
xSemaphore_encoder      0x2001ee7c      0x4  Data  Gb  apptask.o [1]
xSemaphore_freq         0x2001ee80      0x4  Data  Gb  apptask.o [1]
xSemaphore_lcd          0x2001ee70      0x4  Data  Gb  apptask.o [1]
xSemaphore_pluse        0x2001ee78      0x4  Data  Gb  apptask.o [1]
xSemaphore_readDisk     0x2001ee88      0x4  Data  Gb  apptask.o [1]
xSemaphore_rs485        0x2001ee74      0x4  Data  Gb  apptask.o [1]
xStart                  0x2001ee30      0x8  Data  Lc  heap_4.o [1]
xSuspendedTaskList      0x2001ed5c     0x14  Data  Lc  tasks.o [1]
xTaskCheckForTimeOut    0x0802fac9     0x8a  Code  Gb  tasks.o [1]
xTaskGenericCreate      0x0802f235    0x184  Code  Gb  tasks.o [1]
xTaskGetSchedulerState  0x0802fd87     0x26  Code  Gb  tasks.o [1]
xTaskGetTickCount       0x0802f5cb      0xa  Code  Gb  tasks.o [1]
xTaskIncrementTick      0x0802f5d5    0x134  Code  Gb  tasks.o [1]
xTaskRemoveFromEventList
                        0x0802f975     0x8e  Code  Gb  tasks.o [1]
xTaskRemoveFromUnorderedEventList
                        0x0802fa09     0x94  Code  Gb  tasks.o [1]
xTaskResumeAll          0x0802f4cb    0x100  Code  Gb  tasks.o [1]
xTasksWaitingTermination
                        0x2001ed48     0x14  Data  Lc  tasks.o [1]
xTickCount              0x2001eef8      0x4  Data  Lc  tasks.o [1]
xTimerCreate            0x08037695     0x62  Code  Gb  timers.o [1]
xTimerCreateTimerTask   0x08037645     0x50  Code  Gb  timers.o [1]
xTimerGenericCommand    0x080376f7     0x84  Code  Gb  timers.o [1]
xTimerQueue             0x2001ef2c      0x4  Data  Lc  timers.o [1]
xTimerUser              0x2001ee90      0x4  Data  Gb  apptask.o [1]
xYieldPending           0x2001ef08      0x4  Data  Lc  tasks.o [1]


[1] = E:\WORK\YarnControl_Driver\YarnControl_Driver\src\stm32f4_rtos\Project\EWARMv7\Flash\Obj
[2] = command line
[3] = dl7M_tlf.a
[4] = m7M_tls.a
[5] = rt7M_tl.a
[6] = shb_l.a

   89 928 bytes of readonly  code memory
  181 110 bytes of readonly  data memory
  128 895 bytes of readwrite data memory (+ 1 044 480 absolute)

Errors: none
Warnings: none
