###############################################################################
#
# IAR ELF Linker V7.40.7.9843/W32 for ARM                 28/Feb/2019  23:47:39
# Copyright 2007-2015 IAR Systems AB.
#
#    Output file  =  
#        E:\WORK\YarnControl_Driver\YarnControl_Driver\src\stm32f4_rtos\Project\EWARMv7\Flash\Exe\project.out
#    Map file     =  
#        E:\WORK\YarnControl_Driver\YarnControl_Driver\src\stm32f4_rtos\Project\EWARMv7\Flash\List\project.map
#    Command line =  
#        E:\WORK\YarnControl_Driver\YarnControl_Driver\src\stm32f4_rtos\Project\EWARMv7\Flash\Obj\apptask.o
#        E:\WORK\YarnControl_Driver\YarnControl_Driver\src\stm32f4_rtos\Project\EWARMv7\Flash\Obj\bsp.o
#        E:\WORK\YarnControl_Driver\YarnControl_Driver\src\stm32f4_rtos\Project\EWARMv7\Flash\Obj\bsp_closeSW.o
#        E:\WORK\YarnControl_Driver\YarnControl_Driver\src\stm32f4_rtos\Project\EWARMv7\Flash\Obj\bsp_dwt.o
#        E:\WORK\YarnControl_Driver\YarnControl_Driver\src\stm32f4_rtos\Project\EWARMv7\Flash\Obj\bsp_led.o
#        E:\WORK\YarnControl_Driver\YarnControl_Driver\src\stm32f4_rtos\Project\EWARMv7\Flash\Obj\bsp_relay.o
#        E:\WORK\YarnControl_Driver\YarnControl_Driver\src\stm32f4_rtos\Project\EWARMv7\Flash\Obj\bsp_sdio_sd.o
#        E:\WORK\YarnControl_Driver\YarnControl_Driver\src\stm32f4_rtos\Project\EWARMv7\Flash\Obj\bsp_sdwe050c17.o
#        E:\WORK\YarnControl_Driver\YarnControl_Driver\src\stm32f4_rtos\Project\EWARMv7\Flash\Obj\bsp_servomotor.o
#        E:\WORK\YarnControl_Driver\YarnControl_Driver\src\stm32f4_rtos\Project\EWARMv7\Flash\Obj\bsp_spi.o
#        E:\WORK\YarnControl_Driver\YarnControl_Driver\src\stm32f4_rtos\Project\EWARMv7\Flash\Obj\bsp_stepmotor.o
#        E:\WORK\YarnControl_Driver\YarnControl_Driver\src\stm32f4_rtos\Project\EWARMv7\Flash\Obj\bsp_sw_onoff.o
#        E:\WORK\YarnControl_Driver\YarnControl_Driver\src\stm32f4_rtos\Project\EWARMv7\Flash\Obj\bsp_tim_pwm.o
#        E:\WORK\YarnControl_Driver\YarnControl_Driver\src\stm32f4_rtos\Project\EWARMv7\Flash\Obj\bsp_timer.o
#        E:\WORK\YarnControl_Driver\YarnControl_Driver\src\stm32f4_rtos\Project\EWARMv7\Flash\Obj\bsp_uart_fifo.o
#        E:\WORK\YarnControl_Driver\YarnControl_Driver\src\stm32f4_rtos\Project\EWARMv7\Flash\Obj\bsp_w25qxx.o
#        E:\WORK\YarnControl_Driver\YarnControl_Driver\src\stm32f4_rtos\Project\EWARMv7\Flash\Obj\bsp_watchdog.o
#        E:\WORK\YarnControl_Driver\YarnControl_Driver\src\stm32f4_rtos\Project\EWARMv7\Flash\Obj\cc936.o
#        E:\WORK\YarnControl_Driver\YarnControl_Driver\src\stm32f4_rtos\Project\EWARMv7\Flash\Obj\croutine.o
#        E:\WORK\YarnControl_Driver\YarnControl_Driver\src\stm32f4_rtos\Project\EWARMv7\Flash\Obj\demo_fatfs.o
#        E:\WORK\YarnControl_Driver\YarnControl_Driver\src\stm32f4_rtos\Project\EWARMv7\Flash\Obj\diskio.o
#        E:\WORK\YarnControl_Driver\YarnControl_Driver\src\stm32f4_rtos\Project\EWARMv7\Flash\Obj\encoder_tim.o
#        E:\WORK\YarnControl_Driver\YarnControl_Driver\src\stm32f4_rtos\Project\EWARMv7\Flash\Obj\event_groups.o
#        E:\WORK\YarnControl_Driver\YarnControl_Driver\src\stm32f4_rtos\Project\EWARMv7\Flash\Obj\ff.o
#        E:\WORK\YarnControl_Driver\YarnControl_Driver\src\stm32f4_rtos\Project\EWARMv7\Flash\Obj\heap_4.o
#        E:\WORK\YarnControl_Driver\YarnControl_Driver\src\stm32f4_rtos\Project\EWARMv7\Flash\Obj\list.o
#        E:\WORK\YarnControl_Driver\YarnControl_Driver\src\stm32f4_rtos\Project\EWARMv7\Flash\Obj\main.o
#        E:\WORK\YarnControl_Driver\YarnControl_Driver\src\stm32f4_rtos\Project\EWARMv7\Flash\Obj\malloc.o
#        E:\WORK\YarnControl_Driver\YarnControl_Driver\src\stm32f4_rtos\Project\EWARMv7\Flash\Obj\mcheck.o
#        E:\WORK\YarnControl_Driver\YarnControl_Driver\src\stm32f4_rtos\Project\EWARMv7\Flash\Obj\misc.o
#        E:\WORK\YarnControl_Driver\YarnControl_Driver\src\stm32f4_rtos\Project\EWARMv7\Flash\Obj\modbus.o
#        E:\WORK\YarnControl_Driver\YarnControl_Driver\src\stm32f4_rtos\Project\EWARMv7\Flash\Obj\page_weimi.o
#        E:\WORK\YarnControl_Driver\YarnControl_Driver\src\stm32f4_rtos\Project\EWARMv7\Flash\Obj\para.o
#        E:\WORK\YarnControl_Driver\YarnControl_Driver\src\stm32f4_rtos\Project\EWARMv7\Flash\Obj\port.o
#        E:\WORK\YarnControl_Driver\YarnControl_Driver\src\stm32f4_rtos\Project\EWARMv7\Flash\Obj\portasm.o
#        E:\WORK\YarnControl_Driver\YarnControl_Driver\src\stm32f4_rtos\Project\EWARMv7\Flash\Obj\product_cal.o
#        E:\WORK\YarnControl_Driver\YarnControl_Driver\src\stm32f4_rtos\Project\EWARMv7\Flash\Obj\protocol.o
#        E:\WORK\YarnControl_Driver\YarnControl_Driver\src\stm32f4_rtos\Project\EWARMv7\Flash\Obj\queue.o
#        E:\WORK\YarnControl_Driver\YarnControl_Driver\src\stm32f4_rtos\Project\EWARMv7\Flash\Obj\rc522.o
#        E:\WORK\YarnControl_Driver\YarnControl_Driver\src\stm32f4_rtos\Project\EWARMv7\Flash\Obj\startup_stm32f40_41xxx.o
#        E:\WORK\YarnControl_Driver\YarnControl_Driver\src\stm32f4_rtos\Project\EWARMv7\Flash\Obj\stm32f4xx_adc.o
#        E:\WORK\YarnControl_Driver\YarnControl_Driver\src\stm32f4_rtos\Project\EWARMv7\Flash\Obj\stm32f4xx_assert.o
#        E:\WORK\YarnControl_Driver\YarnControl_Driver\src\stm32f4_rtos\Project\EWARMv7\Flash\Obj\stm32f4xx_can.o
#        E:\WORK\YarnControl_Driver\YarnControl_Driver\src\stm32f4_rtos\Project\EWARMv7\Flash\Obj\stm32f4xx_crc.o
#        E:\WORK\YarnControl_Driver\YarnControl_Driver\src\stm32f4_rtos\Project\EWARMv7\Flash\Obj\stm32f4xx_cryp.o
#        E:\WORK\YarnControl_Driver\YarnControl_Driver\src\stm32f4_rtos\Project\EWARMv7\Flash\Obj\stm32f4xx_cryp_aes.o
#        E:\WORK\YarnControl_Driver\YarnControl_Driver\src\stm32f4_rtos\Project\EWARMv7\Flash\Obj\stm32f4xx_cryp_des.o
#        E:\WORK\YarnControl_Driver\YarnControl_Driver\src\stm32f4_rtos\Project\EWARMv7\Flash\Obj\stm32f4xx_cryp_tdes.o
#        E:\WORK\YarnControl_Driver\YarnControl_Driver\src\stm32f4_rtos\Project\EWARMv7\Flash\Obj\stm32f4xx_dac.o
#        E:\WORK\YarnControl_Driver\YarnControl_Driver\src\stm32f4_rtos\Project\EWARMv7\Flash\Obj\stm32f4xx_dbgmcu.o
#        E:\WORK\YarnControl_Driver\YarnControl_Driver\src\stm32f4_rtos\Project\EWARMv7\Flash\Obj\stm32f4xx_dcmi.o
#        E:\WORK\YarnControl_Driver\YarnControl_Driver\src\stm32f4_rtos\Project\EWARMv7\Flash\Obj\stm32f4xx_dma.o
#        E:\WORK\YarnControl_Driver\YarnControl_Driver\src\stm32f4_rtos\Project\EWARMv7\Flash\Obj\stm32f4xx_dma2d.o
#        E:\WORK\YarnControl_Driver\YarnControl_Driver\src\stm32f4_rtos\Project\EWARMv7\Flash\Obj\stm32f4xx_exti.o
#        E:\WORK\YarnControl_Driver\YarnControl_Driver\src\stm32f4_rtos\Project\EWARMv7\Flash\Obj\stm32f4xx_flash.o
#        E:\WORK\YarnControl_Driver\YarnControl_Driver\src\stm32f4_rtos\Project\EWARMv7\Flash\Obj\stm32f4xx_fsmc.o
#        E:\WORK\YarnControl_Driver\YarnControl_Driver\src\stm32f4_rtos\Project\EWARMv7\Flash\Obj\stm32f4xx_gpio.o
#        E:\WORK\YarnControl_Driver\YarnControl_Driver\src\stm32f4_rtos\Project\EWARMv7\Flash\Obj\stm32f4xx_hash.o
#        E:\WORK\YarnControl_Driver\YarnControl_Driver\src\stm32f4_rtos\Project\EWARMv7\Flash\Obj\stm32f4xx_hash_md5.o
#        E:\WORK\YarnControl_Driver\YarnControl_Driver\src\stm32f4_rtos\Project\EWARMv7\Flash\Obj\stm32f4xx_hash_sha1.o
#        E:\WORK\YarnControl_Driver\YarnControl_Driver\src\stm32f4_rtos\Project\EWARMv7\Flash\Obj\stm32f4xx_i2c.o
#        E:\WORK\YarnControl_Driver\YarnControl_Driver\src\stm32f4_rtos\Project\EWARMv7\Flash\Obj\stm32f4xx_it.o
#        E:\WORK\YarnControl_Driver\YarnControl_Driver\src\stm32f4_rtos\Project\EWARMv7\Flash\Obj\stm32f4xx_iwdg.o
#        E:\WORK\YarnControl_Driver\YarnControl_Driver\src\stm32f4_rtos\Project\EWARMv7\Flash\Obj\stm32f4xx_ltdc.o
#        E:\WORK\YarnControl_Driver\YarnControl_Driver\src\stm32f4_rtos\Project\EWARMv7\Flash\Obj\stm32f4xx_pwr.o
#        E:\WORK\YarnControl_Driver\YarnControl_Driver\src\stm32f4_rtos\Project\EWARMv7\Flash\Obj\stm32f4xx_rcc.o
#        E:\WORK\YarnControl_Driver\YarnControl_Driver\src\stm32f4_rtos\Project\EWARMv7\Flash\Obj\stm32f4xx_rng.o
#        E:\WORK\YarnControl_Driver\YarnControl_Driver\src\stm32f4_rtos\Project\EWARMv7\Flash\Obj\stm32f4xx_rtc.o
#        E:\WORK\YarnControl_Driver\YarnControl_Driver\src\stm32f4_rtos\Project\EWARMv7\Flash\Obj\stm32f4xx_sai.o
#        E:\WORK\YarnControl_Driver\YarnControl_Driver\src\stm32f4_rtos\Project\EWARMv7\Flash\Obj\stm32f4xx_sdio.o
#        E:\WORK\YarnControl_Driver\YarnControl_Driver\src\stm32f4_rtos\Project\EWARMv7\Flash\Obj\stm32f4xx_spi.o
#        E:\WORK\YarnControl_Driver\YarnControl_Driver\src\stm32f4_rtos\Project\EWARMv7\Flash\Obj\stm32f4xx_syscfg.o
#        E:\WORK\YarnControl_Driver\YarnControl_Driver\src\stm32f4_rtos\Project\EWARMv7\Flash\Obj\stm32f4xx_tim.o
#        E:\WORK\YarnControl_Driver\YarnControl_Driver\src\stm32f4_rtos\Project\EWARMv7\Flash\Obj\stm32f4xx_usart.o
#        E:\WORK\YarnControl_Driver\YarnControl_Driver\src\stm32f4_rtos\Project\EWARMv7\Flash\Obj\stm32f4xx_wwdg.o
#        E:\WORK\YarnControl_Driver\YarnControl_Driver\src\stm32f4_rtos\Project\EWARMv7\Flash\Obj\SysInfoTest.o
#        E:\WORK\YarnControl_Driver\YarnControl_Driver\src\stm32f4_rtos\Project\EWARMv7\Flash\Obj\system_stm32f4xx.o
#        E:\WORK\YarnControl_Driver\YarnControl_Driver\src\stm32f4_rtos\Project\EWARMv7\Flash\Obj\tasks.o
#        E:\WORK\YarnControl_Driver\YarnControl_Driver\src\stm32f4_rtos\Project\EWARMv7\Flash\Obj\timers.o
#        E:\WORK\YarnControl_Driver\YarnControl_Driver\src\stm32f4_rtos\Project\EWARMv7\Flash\Obj\usb_bsp.o
#        E:\WORK\YarnControl_Driver\YarnControl_Driver\src\stm32f4_rtos\Project\EWARMv7\Flash\Obj\usb_core.o
#        E:\WORK\YarnControl_Driver\YarnControl_Driver\src\stm32f4_rtos\Project\EWARMv7\Flash\Obj\usb_hcd.o
#        E:\WORK\YarnControl_Driver\YarnControl_Driver\src\stm32f4_rtos\Project\EWARMv7\Flash\Obj\usb_hcd_int.o
#        E:\WORK\YarnControl_Driver\YarnControl_Driver\src\stm32f4_rtos\Project\EWARMv7\Flash\Obj\usbh_core.o
#        E:\WORK\YarnControl_Driver\YarnControl_Driver\src\stm32f4_rtos\Project\EWARMv7\Flash\Obj\usbh_hcs.o
#        E:\WORK\YarnControl_Driver\YarnControl_Driver\src\stm32f4_rtos\Project\EWARMv7\Flash\Obj\usbh_ioreq.o
#        E:\WORK\YarnControl_Driver\YarnControl_Driver\src\stm32f4_rtos\Project\EWARMv7\Flash\Obj\usbh_it.o
#        E:\WORK\YarnControl_Driver\YarnControl_Driver\src\stm32f4_rtos\Project\EWARMv7\Flash\Obj\usbh_msc_bot.o
#        E:\WORK\YarnControl_Driver\YarnControl_Driver\src\stm32f4_rtos\Project\EWARMv7\Flash\Obj\usbh_msc_core.o
#        E:\WORK\YarnControl_Driver\YarnControl_Driver\src\stm32f4_rtos\Project\EWARMv7\Flash\Obj\usbh_msc_scsi.o
#        E:\WORK\YarnControl_Driver\YarnControl_Driver\src\stm32f4_rtos\Project\EWARMv7\Flash\Obj\usbh_stdreq.o
#        E:\WORK\YarnControl_Driver\YarnControl_Driver\src\stm32f4_rtos\Project\EWARMv7\Flash\Obj\usbh_usr.o
#        -o
#        E:\WORK\YarnControl_Driver\YarnControl_Driver\src\stm32f4_rtos\Project\EWARMv7\Flash\Exe\project.out
#        --map
#        E:\WORK\YarnControl_Driver\YarnControl_Driver\src\stm32f4_rtos\Project\EWARMv7\Flash\List\project.map
#        --config
#        E:\WORK\YarnControl_Driver\YarnControl_Driver\src\stm32f4_rtos\Project\EWARMv7\stm32f4xx_flash.icf
#        --semihosting --entry __iar_program_start --inline --vfe
#
###############################################################################

*******************************************************************************
*** RUNTIME MODEL ATTRIBUTES
***

CppFlavor       = *
__SystemLibrary = DLib


*******************************************************************************
*** PLACEMENT SUMMARY
***

"A1":  place at 0x08000000 { ro section .intvec };
"P1":  place in [from 0x08000000 to 0x080fffff] { ro };
"P2":  place in [from 0x20000000 to 0x2001ffff] { rw, block CSTACK, block HEAP };

  Section             Kind        Address     Size  Object
  -------             ----        -------     ----  ------
"A1":                                        0x188
  .intvec             ro code  0x08000000    0x188  startup_stm32f40_41xxx.o [1]
                             - 0x08000188    0x188

"P1":                                      0x45cf1
  .rodata             const    0x08000188  0x15484  cc936.o [1]
  .rodata             const    0x0801560c  0x15484  cc936.o [1]
  .text               ro code  0x0802aa90   0x53e0  apptask.o [1]
  .text               ro code  0x0802fe70    0x7c8  queue.o [1]
  .text               ro code  0x08030638   0x1640  bsp_sdwe050c17.o [1]
  .text               ro code  0x08031c78    0x524  product_cal.o [1]
  .text               ro code  0x0803219c     0x66  ABImemset.o [5]
  .text               ro code  0x08032202     0x1e  xsscin.o [3]
  .text               ro code  0x08032220    0xc00  tasks.o [1]
  .text               ro code  0x08032e20    0x380  bsp_w25qxx.o [1]
  .text               ro code  0x080331a0     0x4e  FltToDbl.o [4]
  .text               ro code  0x080331ee      0xa  xsprout.o [3]
  .text               ro code  0x080331f8     0x24  printf.o [3]
  .text               ro code  0x0803321c     0x76  ABImemcpy_unaligned.o [5]
  .text               ro code  0x08033294     0x42  strcmp_unaligned.o [5]
  .text               ro code  0x080332d8    0x21c  malloc.o [1]
  .text               ro code  0x080334f4     0x30  I32ToDbl.o [4]
  .text               ro code  0x08033524    0x256  DblDiv.o [4]
  .text               ro code  0x0803377c     0xe8  DblAdd.o [4]
  .text               ro code  0x08033864    0x1a2  DblMul.o [4]
  .text               ro code  0x08033a08     0x58  DblToI32.o [4]
  .text               ro code  0x08033a60     0x90  DblToFlt.o [4]
  .text               ro code  0x08033af0     0x36  strlen.o [5]
  .text               ro code  0x08033b28   0x130e  para.o [1]
  .text               ro code  0x08034e38    0x230  page_weimi.o [1]
  .text               ro code  0x08035068     0x62  memcmp_unaligned.o [5]
  .text               ro code  0x080350cc    0x48c  bsp_servomotor.o [1]
  .text               ro code  0x08035558    0x1a2  usbh_usr.o [1]
  .text               ro code  0x080356fc    0x760  usbh_core.o [1]
  .text               ro code  0x08035e5c   0x2498  ff.o [1]
  .text               ro code  0x080382f4     0x34  sprintf.o [3]
  .text               ro code  0x08038328     0x1c  strcat.o [3]
  .text               ro code  0x08038344     0xc0  bsp_led.o [1]
  .text               ro code  0x08038404     0xae  rc522.o [1]
  .text               ro code  0x080384b4    0x354  modbus.o [1]
  .text               ro code  0x08038808     0x68  bsp_sw_onoff.o [1]
  .text               ro code  0x08038870     0x44  protocol.o [1]
  .text               ro code  0x080388b4     0x10  para.o [1]
  .text               ro code  0x080388c4     0xd4  bsp_closeSW.o [1]
  .text               ro code  0x08038998    0x12c  stm32f4xx_gpio.o [1]
  .text               ro code  0x08038ac4    0x26c  bsp_stepmotor.o [1]
  .text               ro code  0x08038d30    0x2a0  encoder_tim.o [1]
  .text               ro code  0x08038fd0    0x262  event_groups.o [1]
  .text               ro code  0x08039234    0x4a4  timers.o [1]
  .text               ro code  0x080396d8      0x8  bsp_watchdog.o [1]
  .text               ro code  0x080396e0    0x24c  port.o [1]
  .text               ro code  0x0803992c     0x98  list.o [1]
  .text               ro code  0x080399c4    0x280  heap_4.o [1]
  .text               ro code  0x08039c44    0x1e8  stm32f4xx_rcc.o [1]
  .text               ro code  0x08039e2c     0x74  bsp_dwt.o [1]
  .text               ro code  0x08039ea0    0x9e4  bsp_uart_fifo.o [1]
  .text               ro code  0x0803a884    0x204  bsp_timer.o [1]
  .text               ro code  0x0803aa88    0x124  bsp_spi.o [1]
  .text               ro code  0x0803abac    0xd96  xprintffull_nomb.o [3]
  .text               ro code  0x0803b944    0x180  DblSub.o [4]
  .text               ro code  0x0803bac4     0x44  strcpy_unaligned.o [5]
  .text               ro code  0x0803bb08     0x24  sscanf.o [3]
  .text               ro code  0x0803bb2c    0x6e4  stm32f4xx_tim.o [1]
  .text               ro code  0x0803c210    0x31c  stm32f4xx_dma.o [1]
  .text               ro code  0x0803c52c     0x88  misc.o [1]
  .text               ro code  0x0803c5b4    0x14c  usb_bsp.o [1]
  .text               ro code  0x0803c700     0xd6  usb_hcd.o [1]
  .text               ro code  0x0803c7d6    0x1ba  usbh_hcs.o [1]
  .text               ro code  0x0803c990    0x436  usbh_stdreq.o [1]
  .text               ro code  0x0803cdc6    0x246  usbh_ioreq.o [1]
  .text               ro code  0x0803d00c    0x2e4  diskio.o [1]
  .text               ro code  0x0803d2f0     0xf4  cc936.o [1]
  .text               ro code  0x0803d3e4     0xb8  mcheck.o [1]
  .text               ro code  0x0803d49c     0x2c  strstr.o [3]
  .text               ro code  0x0803d4c8     0x54  stm32f4xx_syscfg.o [1]
  .text               ro code  0x0803d51c     0xc0  stm32f4xx_exti.o [1]
  .text               ro code  0x0803d5dc    0x132  I64DivMod.o [5]
  .text               ro code  0x0803d710     0x10  stm32f4xx_iwdg.o [1]
  CODE                ro code  0x0803d720     0xa8  portasm.o [1]
  .text               ro code  0x0803d7c8    0x254  stm32f4xx_usart.o [1]
  .text               ro code  0x0803da1c     0x74  stm32f4xx_spi.o [1]
  .text               ro code  0x0803da90     0x16  strchr.o [5]
  .text               ro code  0x0803daa8     0x58  memchr.o [5]
  .text               ro code  0x0803db00     0x42  xdnorm.o [4]
  .text               ro code  0x0803db44     0x2e  DblCmpLe.o [4]
  .text               ro code  0x0803db74     0x2e  DblCmpGe.o [4]
  .text               ro code  0x0803dba4    0x114  xdscale.o [4]
  .text               ro code  0x0803dcb8     0x6c  localeconv.o [3]
  .text               ro code  0x0803dd24      0xe  div.o [3]
  .text               ro code  0x0803dd34    0xb64  xscanffull_nomb.o [3]
  .text               ro code  0x0803e898    0xa50  usb_core.o [1]
  .text               ro code  0x0803f2e8   0x1a58  bsp_sdio_sd.o [1]
  .text               ro code  0x08040d40    0x618  usbh_msc_scsi.o [1]
  .text               ro code  0x08041358    0x554  usbh_msc_bot.o [1]
  .text               ro code  0x080418ac      0x2  I64DivZer.o [5]
  .text               ro code  0x080418ae     0x28  isxxx.o [3]
  .text               ro code  0x080418d6     0xa4  xstoll.o [3]
  .text               ro code  0x0804197c    0x1b0  xstoull.o [3]
  .text               ro code  0x08041b2c    0x168  xstold.o [4]
  .text               ro code  0x08041c94    0x17c  stm32f4xx_sdio.o [1]
  .text               ro code  0x08041e10     0x18  setlocale.o [3]
  .text               ro code  0x08041e28     0x16  xlocale_c.o [3]
  .text               ro code  0x08041e3e     0x14  xlocale_c.o [3]
  .text               ro code  0x08041e54      0xc  errno.o [3]
  .text               ro code  0x08041e60     0x14  tolower.o [3]
  .text               ro code  0x08041e74    0x124  xstopfx.o [3]
  .text               ro code  0x08041f98    0x1b8  xstoflt.o [3]
  .text               ro code  0x08042150    0x200  xdtento.o [4]
  .text               ro code  0x08042350    0x218  xstoxflt.o [3]
  .text               ro code  0x08042568      0x2  xtls.o [3]
  .text               ro code  0x0804256a      0xc  xlocale_c.o [3]
  .text               ro code  0x08042578     0x20  DblCmpEq.o [4]
  .text               ro code  0x08042598     0x52  xdunscal.o [4]
  .text               ro code  0x080425ec    0xc7e  usb_hcd_int.o [1]
  .rodata             const    0x0804326c    0x400  apptask.o [1]
  .text               ro code  0x0804366c    0x3e8  usbh_msc_core.o [1]
  .rodata             const    0x08043a54    0x3dc  cc936.o [1]
  .rodata             const    0x08043e30    0x3dc  cc936.o [1]
  .text               ro code  0x0804420c    0x2e0  bsp_tim_pwm.o [1]
  .rodata             const    0x080444ec    0x190  product_cal.o [1]
  .text               ro code  0x0804467c    0x154  system_stm32f4xx.o [1]
  .rodata             const    0x080447d0    0x100  mcheck.o [1]
  .rodata             const    0x080448d0    0x100  mcheck.o [1]
  .rodata             const    0x080449d0    0x100  mcheck.o [1]
  .text               ro code  0x08044ad0     0xd0  packbits_init.o [5]
  .text               ro code  0x08044ba0      0x6  abort.o [3]
  .text               ro code  0x08044ba8     0x14  exit.o [6]
  .text               ro code  0x08044bbc     0x48  bsp.o [1]
  .text               ro code  0x08044c04     0x44  bsp_relay.o [1]
  .text               ro code  0x08044c48     0x40  zero_init3.o [5]
  .text               ro code  0x08044c88     0x3c  SysInfoTest.o [1]
  .rodata             const    0x08044cc4     0x38  demo_fatfs.o [1]
  .text               ro code  0x08044cfc     0x38  stm32f4xx_it.o [1]
  .text               ro code  0x08044d34     0x34  main.o [1]
  .rodata             const    0x08044d68     0x30  apptask.o [1]
  .rodata             const    0x08044d98     0x30  apptask.o [1]
  .rodata             const    0x08044dc8     0x30  demo_fatfs.o [1]
  .rodata             const    0x08044df8     0x30  demo_fatfs.o [1]
  .rodata             const    0x08044e28     0x2c  apptask.o [1]
  .rodata             const    0x08044e54     0x2c  demo_fatfs.o [1]
  .rodata             const    0x08044e80     0x2c  demo_fatfs.o [1]
  .rodata             const    0x08044eac     0x2c  stm32f4xx_it.o [1]
  .rodata             const    0x08044ed8     0x28  demo_fatfs.o [1]
  .rodata             const    0x08044f00     0x28  demo_fatfs.o [1]
  .rodata             const    0x08044f28     0x28  demo_fatfs.o [1]
  .text               ro code  0x08044f50     0x28  data_init.o [5]
  .rodata             const    0x08044f78     0x24  demo_fatfs.o [1]
  .rodata             const    0x08044f9c     0x24  demo_fatfs.o [1]
  .rodata             const    0x08044fc0     0x24  usbh_usr.o [1]
  .text               ro code  0x08044fe4     0x22  fpinit_M.o [4]
  .iar.init_table     const    0x08045008     0x34  - Linker created -
  .rodata             const    0x0804503c     0x20  apptask.o [1]
  .rodata             const    0x0804505c     0x20  apptask.o [1]
  .rodata             const    0x0804507c     0x20  apptask.o [1]
  .rodata             const    0x0804509c     0x20  apptask.o [1]
  .rodata             const    0x080450bc     0x20  apptask.o [1]
  .rodata             const    0x080450dc     0x20  apptask.o [1]
  .rodata             const    0x080450fc     0x20  apptask.o [1]
  .rodata             const    0x0804511c     0x20  apptask.o [1]
  .rodata             const    0x0804513c     0x20  apptask.o [1]
  .rodata             const    0x0804515c     0x20  apptask.o [1]
  .rodata             const    0x0804517c     0x20  apptask.o [1]
  .rodata             const    0x0804519c     0x20  apptask.o [1]
  .rodata             const    0x080451bc     0x20  demo_fatfs.o [1]
  .rodata             const    0x080451dc     0x20  demo_fatfs.o [1]
  .rodata             const    0x080451fc     0x20  demo_fatfs.o [1]
  .rodata             const    0x0804521c     0x20  usbh_usr.o [1]
  .rodata             const    0x0804523c     0x20  usbh_usr.o [1]
  .rodata             const    0x0804525c     0x20  usbh_usr.o [1]
  .rodata             const    0x0804527c     0x20  usbh_usr.o [1]
  .rodata             const    0x0804529c     0x20  usbh_usr.o [1]
  .rodata             const    0x080452bc     0x1c  apptask.o [1]
  .rodata             const    0x080452d8     0x1c  apptask.o [1]
  .rodata             const    0x080452f4     0x1c  apptask.o [1]
  .rodata             const    0x08045310     0x1c  apptask.o [1]
  .rodata             const    0x0804532c     0x1c  apptask.o [1]
  .rodata             const    0x08045348     0x1c  apptask.o [1]
  .rodata             const    0x08045364     0x1c  apptask.o [1]
  .rodata             const    0x08045380     0x1c  demo_fatfs.o [1]
  .rodata             const    0x0804539c     0x1c  demo_fatfs.o [1]
  .rodata             const    0x080453b8     0x1c  usbh_usr.o [1]
  .rodata             const    0x080453d4     0x1c  usbh_usr.o [1]
  .rodata             const    0x080453f0     0x1c  usbh_usr.o [1]
  .rodata             const    0x0804540c     0x1c  usbh_usr.o [1]
  .rodata             const    0x08045428     0x1c  usbh_usr.o [1]
  .rodata             const    0x08045444     0x1c  usbh_usr.o [1]
  .text               ro code  0x08045460     0x1a  cmain.o [5]
  .text               ro code  0x0804547a      0x4  exit.o [3]
  .text               ro code  0x08045480      0xa  cexit.o [5]
  .rodata             const    0x0804548c     0x18  apptask.o [1]
  .rodata             const    0x080454a4     0x18  apptask.o [1]
  .rodata             const    0x080454bc     0x18  apptask.o [1]
  .rodata             const    0x080454d4     0x18  apptask.o [1]
  .rodata             const    0x080454ec     0x18  apptask.o [1]
  .rodata             const    0x08045504     0x18  apptask.o [1]
  .rodata             const    0x0804551c     0x18  apptask.o [1]
  .rodata             const    0x08045534     0x18  apptask.o [1]
  .rodata             const    0x0804554c     0x18  demo_fatfs.o [1]
  .rodata             const    0x08045564     0x18  demo_fatfs.o [1]
  .rodata             const    0x0804557c     0x18  demo_fatfs.o [1]
  .rodata             const    0x08045594     0x18  demo_fatfs.o [1]
  .rodata             const    0x080455ac     0x18  usbh_usr.o [1]
  .rodata             const    0x080455c4     0x18  usbh_usr.o [1]
  .rodata             const    0x080455dc     0x18  usbh_usr.o [1]
  .rodata             const    0x080455f4     0x18  usbh_usr.o [1]
  .rodata             const    0x0804560c     0x18  usbh_usr.o [1]
  .text               ro code  0x08045624     0x16  xprout.o [3]
  .text               ro code  0x0804563c      0xc  putchar.o [3]
  .rodata             const    0x08045648     0x14  apptask.o [1]
  .rodata             const    0x0804565c     0x14  apptask.o [1]
  .rodata             const    0x08045670     0x14  apptask.o [1]
  .rodata             const    0x08045684     0x14  apptask.o [1]
  .rodata             const    0x08045698     0x14  apptask.o [1]
  .rodata             const    0x080456ac     0x14  apptask.o [1]
  .rodata             const    0x080456c0     0x14  apptask.o [1]
  .rodata             const    0x080456d4     0x14  apptask.o [1]
  .rodata             const    0x080456e8     0x14  para.o [1]
  .rodata             const    0x080456fc     0x14  usbh_usr.o [1]
  .rodata             const    0x08045710     0x14  usbh_usr.o [1]
  .rodata             const    0x08045724     0x10  apptask.o [1]
  .rodata             const    0x08045734     0x10  apptask.o [1]
  .rodata             const    0x08045744     0x10  apptask.o [1]
  .rodata             const    0x08045754     0x10  apptask.o [1]
  .rodata             const    0x08045764     0x10  apptask.o [1]
  .rodata             const    0x08045774     0x10  apptask.o [1]
  .rodata             const    0x08045784     0x10  apptask.o [1]
  .rodata             const    0x08045794     0x10  apptask.o [1]
  .rodata             const    0x080457a4     0x10  apptask.o [1]
  .rodata             const    0x080457b4     0x10  apptask.o [1]
  .rodata             const    0x080457c4     0x10  apptask.o [1]
  .rodata             const    0x080457d4     0x10  apptask.o [1]
  .rodata             const    0x080457e4     0x10  apptask.o [1]
  .rodata             const    0x080457f4     0x10  apptask.o [1]
  .rodata             const    0x08045804     0x10  apptask.o [1]
  .rodata             const    0x08045814     0x10  apptask.o [1]
  .rodata             const    0x08045824     0x10  apptask.o [1]
  .rodata             const    0x08045834     0x10  apptask.o [1]
  .rodata             const    0x08045844     0x10  apptask.o [1]
  .rodata             const    0x08045854     0x10  bsp_sdwe050c17.o [1]
  .rodata             const    0x08045864     0x10  ff.o [1]
  .rodata             const    0x08045874     0x10  main.o [1]
  .rodata             const    0x08045884     0x10  main.o [1]
  .rodata             const    0x08045894     0x10  para.o [1]
  .rodata             const    0x080458a4     0x10  para.o [1]
  .rodata             const    0x080458b4     0x10  usbh_usr.o [1]
  .rodata             const    0x080458c4     0x10  usbh_usr.o [1]
  .text               ro code  0x080458d4     0x10  startup_stm32f40_41xxx.o [1]
  .text               ro code  0x080458e4     0x10  usbh_it.o [1]
  .rodata             const    0x080458f4      0xc  apptask.o [1]
  .rodata             const    0x08045900      0xc  apptask.o [1]
  .rodata             const    0x0804590c      0xc  apptask.o [1]
  .rodata             const    0x08045918      0xc  apptask.o [1]
  .rodata             const    0x08045924      0xc  apptask.o [1]
  .rodata             const    0x08045930      0xc  apptask.o [1]
  .rodata             const    0x0804593c      0xc  apptask.o [1]
  .rodata             const    0x08045948      0xc  apptask.o [1]
  .rodata             const    0x08045954      0xc  apptask.o [1]
  .rodata             const    0x08045960      0xc  apptask.o [1]
  .rodata             const    0x0804596c      0xc  apptask.o [1]
  .rodata             const    0x08045978      0xc  apptask.o [1]
  .rodata             const    0x08045984      0xc  apptask.o [1]
  .rodata             const    0x08045990      0xc  apptask.o [1]
  .rodata             const    0x0804599c      0xc  apptask.o [1]
  .rodata             const    0x080459a8      0xc  apptask.o [1]
  .rodata             const    0x080459b4      0xc  apptask.o [1]
  .rodata             const    0x080459c0      0xc  apptask.o [1]
  .rodata             const    0x080459cc      0xc  apptask.o [1]
  .rodata             const    0x080459d8      0xc  apptask.o [1]
  .rodata             const    0x080459e4      0xc  apptask.o [1]
  .rodata             const    0x080459f0      0xc  apptask.o [1]
  .rodata             const    0x080459fc      0xc  apptask.o [1]
  .rodata             const    0x08045a08      0xc  apptask.o [1]
  .rodata             const    0x08045a14      0xc  apptask.o [1]
  .rodata             const    0x08045a20      0xc  apptask.o [1]
  .rodata             const    0x08045a2c      0xc  apptask.o [1]
  .rodata             const    0x08045a38      0xc  apptask.o [1]
  .rodata             const    0x08045a44      0xc  apptask.o [1]
  .rodata             const    0x08045a50      0xc  apptask.o [1]
  .rodata             const    0x08045a5c      0xc  apptask.o [1]
  .rodata             const    0x08045a68      0xc  apptask.o [1]
  .rodata             const    0x08045a74      0xc  apptask.o [1]
  .rodata             const    0x08045a80      0xc  bsp_sdwe050c17.o [1]
  .rodata             const    0x08045a8c      0xc  demo_fatfs.o [1]
  .rodata             const    0x08045a98      0xc  ff.o [1]
  .rodata             const    0x08045aa4      0xc  para.o [1]
  .rodata             const    0x08045ab0      0xc  para.o [1]
  .rodata             const    0x08045abc      0xc  para.o [1]
  .rodata             const    0x08045ac8      0xc  para.o [1]
  .rodata             const    0x08045ad4      0xc  para.o [1]
  .text               ro code  0x08045ae0      0xc  cstartup_M.o [5]
  .rodata             const    0x08045aec      0x8  apptask.o [1]
  .rodata             const    0x08045af4      0x8  apptask.o [1]
  .rodata             const    0x08045afc      0x8  apptask.o [1]
  .rodata             const    0x08045b04      0x8  apptask.o [1]
  .rodata             const    0x08045b0c      0x8  apptask.o [1]
  .rodata             const    0x08045b14      0x8  apptask.o [1]
  .rodata             const    0x08045b1c      0x8  apptask.o [1]
  .rodata             const    0x08045b24      0x8  apptask.o [1]
  .rodata             const    0x08045b2c      0x8  apptask.o [1]
  .rodata             const    0x08045b34      0x8  apptask.o [1]
  .rodata             const    0x08045b3c      0x8  apptask.o [1]
  .rodata             const    0x08045b44      0x8  apptask.o [1]
  .rodata             const    0x08045b4c      0x8  apptask.o [1]
  .rodata             const    0x08045b54      0x8  apptask.o [1]
  .rodata             const    0x08045b5c      0x8  bsp_sdwe050c17.o [1]
  .rodata             const    0x08045b64      0x8  bsp_w25qxx.o [1]
  .rodata             const    0x08045b6c      0x8  ff.o [1]
  .rodata             const    0x08045b74      0x8  malloc.o [1]
  .rodata             const    0x08045b7c      0x8  malloc.o [1]
  .rodata             const    0x08045b84      0x8  malloc.o [1]
  .rodata             const    0x08045b8c      0x8  para.o [1]
  .rodata             const    0x08045b94      0x8  para.o [1]
  .rodata             const    0x08045b9c      0x8  para.o [1]
  .rodata             const    0x08045ba4      0x8  para.o [1]
  .rodata             const    0x08045bac      0x8  para.o [1]
  .rodata             const    0x08045bb4      0x8  para.o [1]
  .rodata             const    0x08045bbc      0x8  para.o [1]
  .rodata             const    0x08045bc4      0x8  para.o [1]
  .rodata             const    0x08045bcc      0x8  para.o [1]
  .rodata             const    0x08045bd4      0x8  para.o [1]
  .rodata             const    0x08045bdc      0x8  para.o [1]
  .rodata             const    0x08045be4      0x8  para.o [1]
  .rodata             const    0x08045bec      0x8  para.o [1]
  .rodata             const    0x08045bf4      0x8  para.o [1]
  .rodata             const    0x08045bfc      0x8  para.o [1]
  .rodata             const    0x08045c04      0x8  para.o [1]
  .rodata             const    0x08045c0c      0x8  para.o [1]
  .rodata             const    0x08045c14      0x8  para.o [1]
  .rodata             const    0x08045c1c      0x8  para.o [1]
  .rodata             const    0x08045c24      0x8  para.o [1]
  .rodata             const    0x08045c2c      0x8  tasks.o [1]
  .rodata             const    0x08045c34      0x8  timers.o [1]
  .rodata             const    0x08045c3c      0x4  heap_4.o [1]
  .rodata             const    0x08045c40      0x4  port.o [1]
  .text               ro code  0x08045c44      0x4  startup_stm32f40_41xxx.o [1]
  .text               ro code  0x08045c48      0x4  startup_stm32f40_41xxx.o [1]
  .text               ro code  0x08045c4c      0x4  startup_stm32f40_41xxx.o [1]
  .text               ro code  0x08045c50      0x4  startup_stm32f40_41xxx.o [1]
  .text               ro code  0x08045c54      0x4  startup_stm32f40_41xxx.o [1]
  .text               ro code  0x08045c58      0x4  startup_stm32f40_41xxx.o [1]
  .text               ro code  0x08045c5c      0x4  startup_stm32f40_41xxx.o [1]
  .text               ro code  0x08045c60      0x4  startup_stm32f40_41xxx.o [1]
  .text               ro code  0x08045c64      0x4  startup_stm32f40_41xxx.o [1]
  .text               ro code  0x08045c68      0x4  startup_stm32f40_41xxx.o [1]
  .text               ro code  0x08045c6c      0x4  startup_stm32f40_41xxx.o [1]
  .text               ro code  0x08045c70      0x4  startup_stm32f40_41xxx.o [1]
  .text               ro code  0x08045c74      0x4  startup_stm32f40_41xxx.o [1]
  .text               ro code  0x08045c78      0x4  startup_stm32f40_41xxx.o [1]
  .text               ro code  0x08045c7c      0x4  startup_stm32f40_41xxx.o [1]
  .text               ro code  0x08045c80      0x4  startup_stm32f40_41xxx.o [1]
  .text               ro code  0x08045c84      0x4  startup_stm32f40_41xxx.o [1]
  .text               ro code  0x08045c88      0x4  startup_stm32f40_41xxx.o [1]
  .text               ro code  0x08045c8c      0x4  startup_stm32f40_41xxx.o [1]
  .text               ro code  0x08045c90      0x4  startup_stm32f40_41xxx.o [1]
  .text               ro code  0x08045c94      0x4  startup_stm32f40_41xxx.o [1]
  .text               ro code  0x08045c98      0x4  startup_stm32f40_41xxx.o [1]
  .text               ro code  0x08045c9c      0x4  startup_stm32f40_41xxx.o [1]
  .text               ro code  0x08045ca0      0x4  startup_stm32f40_41xxx.o [1]
  .text               ro code  0x08045ca4      0x4  startup_stm32f40_41xxx.o [1]
  .text               ro code  0x08045ca8      0x4  startup_stm32f40_41xxx.o [1]
  .text               ro code  0x08045cac      0x4  startup_stm32f40_41xxx.o [1]
  .text               ro code  0x08045cb0      0x4  startup_stm32f40_41xxx.o [1]
  .text               ro code  0x08045cb4      0x4  startup_stm32f40_41xxx.o [1]
  .text               ro code  0x08045cb8      0x4  startup_stm32f40_41xxx.o [1]
  .text               ro code  0x08045cbc      0x4  startup_stm32f40_41xxx.o [1]
  .text               ro code  0x08045cc0      0x4  startup_stm32f40_41xxx.o [1]
  .text               ro code  0x08045cc4      0x4  startup_stm32f40_41xxx.o [1]
  .text               ro code  0x08045cc8      0x4  startup_stm32f40_41xxx.o [1]
  .text               ro code  0x08045ccc      0x4  startup_stm32f40_41xxx.o [1]
  .text               ro code  0x08045cd0      0x4  startup_stm32f40_41xxx.o [1]
  .text               ro code  0x08045cd4      0x4  startup_stm32f40_41xxx.o [1]
  .text               ro code  0x08045cd8      0x4  startup_stm32f40_41xxx.o [1]
  .text               ro code  0x08045cdc      0x4  startup_stm32f40_41xxx.o [1]
  .text               ro code  0x08045ce0      0x4  startup_stm32f40_41xxx.o [1]
  .text               ro code  0x08045ce4      0x4  startup_stm32f40_41xxx.o [1]
  .text               ro code  0x08045ce8      0x4  startup_stm32f40_41xxx.o [1]
  .text               ro code  0x08045cec      0x4  startup_stm32f40_41xxx.o [1]
  .text               ro code  0x08045cf0      0x4  startup_stm32f40_41xxx.o [1]
  .text               ro code  0x08045cf4      0x4  startup_stm32f40_41xxx.o [1]
  .text               ro code  0x08045cf8      0x4  startup_stm32f40_41xxx.o [1]
  .text               ro code  0x08045cfc      0x4  startup_stm32f40_41xxx.o [1]
  .text               ro code  0x08045d00      0x4  startup_stm32f40_41xxx.o [1]
  .text               ro code  0x08045d04      0x4  startup_stm32f40_41xxx.o [1]
  .text               ro code  0x08045d08      0x4  startup_stm32f40_41xxx.o [1]
  .text               ro code  0x08045d0c      0x4  startup_stm32f40_41xxx.o [1]
  .text               ro code  0x08045d10      0x4  startup_stm32f40_41xxx.o [1]
  .text               ro code  0x08045d14      0x4  startup_stm32f40_41xxx.o [1]
  .text               ro code  0x08045d18      0x4  startup_stm32f40_41xxx.o [1]
  .text               ro code  0x08045d1c      0x4  startup_stm32f40_41xxx.o [1]
  .text               ro code  0x08045d20      0x4  startup_stm32f40_41xxx.o [1]
  .text               ro code  0x08045d24      0x4  startup_stm32f40_41xxx.o [1]
  .text               ro code  0x08045d28      0x4  startup_stm32f40_41xxx.o [1]
  .text               ro code  0x08045d2c      0x4  startup_stm32f40_41xxx.o [1]
  .text               ro code  0x08045d30      0x4  startup_stm32f40_41xxx.o [1]
  .text               ro code  0x08045d34      0x4  startup_stm32f40_41xxx.o [1]
  .text               ro code  0x08045d38      0x4  startup_stm32f40_41xxx.o [1]
  .text               ro code  0x08045d3c      0x4  startup_stm32f40_41xxx.o [1]
  .text               ro code  0x08045d40      0x4  startup_stm32f40_41xxx.o [1]
  .text               ro code  0x08045d44      0x4  startup_stm32f40_41xxx.o [1]
  .text               ro code  0x08045d48      0x4  startup_stm32f40_41xxx.o [1]
  .text               ro code  0x08045d4c      0x4  startup_stm32f40_41xxx.o [1]
  .text               ro code  0x08045d50      0x4  startup_stm32f40_41xxx.o [1]
  .rodata             const    0x08045d54      0x0  zero_init3.o [5]
  .rodata             const    0x08045d54      0x0  packbits_init.o [5]
  Initializer bytes   const    0x08045d54    0x125  <for P2 s0>
                             - 0x08045e79  0x45cf1

"P2":                                      0x1f840
  P2 s0                        0x20000000    0x246  <Init block>
    __DLIB_PERTHREAD  inited   0x20000000     0x88  localeconv.o [3]
    __DLIB_PERTHREAD  inited   0x20000088     0x74  setlocale.o [3]
    .data             inited   0x200000fc     0x50  demo_fatfs.o [1]
    .data             inited   0x2000014c     0x48  usbh_usr.o [1]
    .data             inited   0x20000194     0x40  xfiles.o [3]
    .data             inited   0x200001d4     0x1c  malloc.o [1]
    .data             inited   0x200001f0     0x14  bsp_servomotor.o [1]
    .data             inited   0x20000204     0x10  stm32f4xx_rcc.o [1]
    .data             inited   0x20000214     0x10  usbh_msc_core.o [1]
    .data             inited   0x20000224      0xc  usbh_core.o [1]
    .data             inited   0x20000230      0x4  port.o [1]
    .data             inited   0x20000234      0x4  system_stm32f4xx.o [1]
    .data             inited   0x20000238      0x4  usbh_core.o [1]
    __DLIB_PERTHREAD  inited   0x2000023c      0x4  errno.o [3]
    .data             inited   0x20000240      0x2  bsp_w25qxx.o [1]
    .data             inited   0x20000242      0x1  apptask.o [1]
    .data             inited   0x20000243      0x1  encoder_tim.o [1]
    .data             inited   0x20000244      0x1  page_weimi.o [1]
    .data             inited   0x20000245      0x1  usbh_msc_scsi.o [1]
  .bss                zero     0x20000248  0x11800  heap_4.o [1]
  .bss                zero     0x20011a48   0xa000  malloc.o [1]
  .bss                zero     0x2001ba48   0x1000  bsp_w25qxx.o [1]
  .bss                zero     0x2001ca48    0xa00  malloc.o [1]
  .bss                zero     0x2001d448    0x5ac  usbh_usr.o [1]
  .bss                zero     0x2001d9f4    0x5ac  usbh_usr.o [1]
  .bss                zero     0x2001dfa0    0x200  ff.o [1]
  .bss                zero     0x2001e1a0    0x200  usbh_msc_scsi.o [1]
  .bss                zero     0x2001e3a0    0x200  usbh_stdreq.o [1]
  .bss                zero     0x2001e5a0    0x118  page_weimi.o [1]
  .bss                zero     0x2001e6b8     0xf0  tasks.o [1]
  .bss                zero     0x2001e7a8     0xd4  protocol.o [1]
  .bss                zero     0x2001e87c     0xa4  protocol.o [1]
  .bss                zero     0x2001e920     0x98  para.o [1]
  .bss                zero     0x2001e9b8     0x94  usbh_usr.o [1]
  .bss                zero     0x2001ea4c     0x64  bsp_uart_fifo.o [1]
  .bss                zero     0x2001eab0     0x64  bsp_uart_fifo.o [1]
  .bss                zero     0x2001eb14     0x4c  usbh_msc_core.o [1]
  .bss                zero     0x2001eb60     0x58  bsp_sdio_sd.o [1]
  .bss                zero     0x2001ebb8     0x58  protocol.o [1]
  .bss                zero     0x2001ec10     0x50  xfiles.o [3]
  .bss                zero     0x2001ec60     0x34  bsp_sdwe050c17.o [1]
  .bss                zero     0x2001ec94     0x34  product_cal.o [1]
  .bss                zero     0x2001ecc8     0x28  bsp_uart_fifo.o [1]
  .bss                zero     0x2001ecf0     0x28  product_cal.o [1]
  .bss                zero     0x2001ed18     0x24  ff.o [1]
  .bss                zero     0x2001ed3c     0x20  usbh_msc_bot.o [1]
  .bss                zero     0x2001ed5c     0x18  bsp_sdio_sd.o [1]
  .bss                zero     0x2001ed74     0x18  bsp_sdio_sd.o [1]
  .bss                zero     0x2001ed8c     0x14  bsp_sdio_sd.o [1]
  .bss                zero     0x2001eda0     0x14  page_weimi.o [1]
  .bss                zero     0x2001edb4     0x14  rc522.o [1]
  .bss                zero     0x2001edc8     0x14  tasks.o [1]
  .bss                zero     0x2001eddc     0x14  tasks.o [1]
  .bss                zero     0x2001edf0     0x14  tasks.o [1]
  .bss                zero     0x2001ee04     0x14  tasks.o [1]
  .bss                zero     0x2001ee18     0x14  tasks.o [1]
  .bss                zero     0x2001ee2c     0x14  timers.o [1]
  .bss                zero     0x2001ee40     0x14  timers.o [1]
  .bss                zero     0x2001ee54     0x10  bsp_sdio_sd.o [1]
  .bss                zero     0x2001ee64     0x10  bsp_sdio_sd.o [1]
  .bss                zero     0x2001ee74     0x10  encoder_tim.o [1]
  .bss                zero     0x2001ee84     0x10  usbh_msc_bot.o [1]
  .bss                zero     0x2001ee94     0x10  usbh_msc_bot.o [1]
  .bss                zero     0x2001eea4     0x10  usbh_msc_scsi.o [1]
  .bss                zero     0x2001eeb4      0xc  apptask.o [1]
  .bss                zero     0x2001eec0      0xc  apptask.o [1]
  .bss                zero     0x2001eecc      0xc  ff.o [1]
  .bss                zero     0x2001eed8      0xc  protocol.o [1]
  .bss                zero     0x2001eee4      0xc  protocol.o [1]
  .bss                zero     0x2001eef0      0xc  protocol.o [1]
  .bss                zero     0x2001eefc      0x8  heap_4.o [1]
  .bss                zero     0x2001ef04      0x8  modbus.o [1]
  .bss                zero     0x2001ef0c      0x8  protocol.o [1]
  .bss                zero     0x2001ef14      0x4  apptask.o [1]
  .bss                zero     0x2001ef18      0x4  apptask.o [1]
  .bss                zero     0x2001ef1c      0x4  apptask.o [1]
  .bss                zero     0x2001ef20      0x4  apptask.o [1]
  .bss                zero     0x2001ef24      0x4  apptask.o [1]
  .bss                zero     0x2001ef28      0x4  apptask.o [1]
  .bss                zero     0x2001ef2c      0x4  apptask.o [1]
  .bss                zero     0x2001ef30      0x4  apptask.o [1]
  .bss                zero     0x2001ef34      0x4  apptask.o [1]
  .bss                zero     0x2001ef38      0x4  apptask.o [1]
  .bss                zero     0x2001ef3c      0x4  apptask.o [1]
  .bss                zero     0x2001ef40      0x4  apptask.o [1]
  .bss                zero     0x2001ef44      0x4  apptask.o [1]
  .bss                zero     0x2001ef48      0x4  apptask.o [1]
  .bss                zero     0x2001ef4c      0x4  apptask.o [1]
  .bss                zero     0x2001ef50      0x4  apptask.o [1]
  .bss                zero     0x2001ef54      0x4  apptask.o [1]
  .bss                zero     0x2001ef58      0x4  apptask.o [1]
  .bss                zero     0x2001ef5c      0x4  apptask.o [1]
  .bss                zero     0x2001ef60      0x4  bsp_sdio_sd.o [1]
  .bss                zero     0x2001ef64      0x4  bsp_sdio_sd.o [1]
  .bss                zero     0x2001ef68      0x4  bsp_sdio_sd.o [1]
  .bss                zero     0x2001ef6c      0x4  bsp_sdio_sd.o [1]
  .bss                zero     0x2001ef70      0x4  bsp_sdio_sd.o [1]
  .bss                zero     0x2001ef74      0x4  bsp_timer.o [1]
  .bss                zero     0x2001ef78      0x4  bsp_timer.o [1]
  .bss                zero     0x2001ef7c      0x4  bsp_timer.o [1]
  .bss                zero     0x2001ef80      0x4  bsp_timer.o [1]
  .bss                zero     0x2001ef84      0x4  heap_4.o [1]
  .bss                zero     0x2001ef88      0x4  heap_4.o [1]
  .bss                zero     0x2001ef8c      0x4  heap_4.o [1]
  .bss                zero     0x2001ef90      0x4  heap_4.o [1]
  .bss                zero     0x2001ef94      0x4  port.o [1]
  .bss                zero     0x2001ef98      0x4  product_cal.o [1]
  .bss                zero     0x2001ef9c      0x4  product_cal.o [1]
  .bss                zero     0x2001efa0      0x4  SysInfoTest.o [1]
  .bss                zero     0x2001efa4      0x4  tasks.o [1]
  .bss                zero     0x2001efa8      0x4  tasks.o [1]
  .bss                zero     0x2001efac      0x4  tasks.o [1]
  .bss                zero     0x2001efb0      0x4  tasks.o [1]
  .bss                zero     0x2001efb4      0x4  tasks.o [1]
  .bss                zero     0x2001efb8      0x4  tasks.o [1]
  .bss                zero     0x2001efbc      0x4  tasks.o [1]
  .bss                zero     0x2001efc0      0x4  tasks.o [1]
  .bss                zero     0x2001efc4      0x4  tasks.o [1]
  .bss                zero     0x2001efc8      0x4  tasks.o [1]
  .bss                zero     0x2001efcc      0x4  tasks.o [1]
  .bss                zero     0x2001efd0      0x4  tasks.o [1]
  .bss                zero     0x2001efd4      0x4  tasks.o [1]
  .bss                zero     0x2001efd8      0x4  tasks.o [1]
  .bss                zero     0x2001efdc      0x4  tasks.o [1]
  .bss                zero     0x2001efe0      0x4  tasks.o [1]
  .bss                zero     0x2001efe4      0x4  timers.o [1]
  .bss                zero     0x2001efe8      0x4  timers.o [1]
  .bss                zero     0x2001efec      0x4  timers.o [1]
  .bss                zero     0x2001eff0      0x4  timers.o [1]
  .bss                zero     0x2001eff4      0x4  usbh_msc_bot.o [1]
  .bss                zero     0x2001eff8      0x4  usbh_msc_bot.o [1]
  .bss                zero     0x2001effc      0x4  usbh_msc_bot.o [1]
  .bss                zero     0x2001f000      0x4  usbh_msc_bot.o [1]
  .bss                zero     0x2001f004      0x2  apptask.o [1]
  .bss                zero     0x2001f006      0x2  apptask.o [1]
  .bss                zero     0x2001f008      0x2  bsp_sdwe050c17.o [1]
  .bss                zero     0x2001f00a      0x2  encoder_tim.o [1]
  .bss                zero     0x2001f00c      0x2  encoder_tim.o [1]
  .bss                zero     0x2001f00e      0x2  ff.o [1]
  .bss                zero     0x2001f010      0x2  page_weimi.o [1]
  .bss                zero     0x2001f012      0x2  page_weimi.o [1]
  .bss                zero     0x2001f014      0x2  product_cal.o [1]
  .bss                zero     0x2001f016      0x2  usbh_core.o [1]
  .bss                zero     0x2001f018      0x2  usbh_stdreq.o [1]
  .bss                zero     0x2001f01a      0x1  apptask.o [1]
  .bss                zero     0x2001f01b      0x1  apptask.o [1]
  .bss                zero     0x2001f01c      0x1  apptask.o [1]
  .bss                zero     0x2001f01d      0x1  apptask.o [1]
  .bss                zero     0x2001f01e      0x1  apptask.o [1]
  .bss                zero     0x2001f01f      0x1  apptask.o [1]
  .bss                zero     0x2001f020      0x1  apptask.o [1]
  .bss                zero     0x2001f021      0x1  apptask.o [1]
  .bss                zero     0x2001f022      0x1  apptask.o [1]
  .bss                zero     0x2001f023      0x1  apptask.o [1]
  .bss                zero     0x2001f024      0x1  apptask.o [1]
  .bss                zero     0x2001f025      0x1  apptask.o [1]
  .bss                zero     0x2001f026      0x1  bsp_sdio_sd.o [1]
  .bss                zero     0x2001f027      0x1  bsp_sdwe050c17.o [1]
  .bss                zero     0x2001f028      0x1  bsp_uart_fifo.o [1]
  .bss                zero     0x2001f029      0x1  encoder_tim.o [1]
  .bss                zero     0x2001f02a      0x1  page_weimi.o [1]
  .bss                zero     0x2001f02b      0x1  page_weimi.o [1]
  .bss                zero     0x2001f02c      0x1  page_weimi.o [1]
  .bss                zero     0x2001f02d      0x1  page_weimi.o [1]
  .bss                zero     0x2001f02e      0x1  port.o [1]
  .bss                zero     0x2001f02f      0x1  product_cal.o [1]
  .bss                zero     0x2001f030      0x1  product_cal.o [1]
  .bss                zero     0x2001f031      0x1  product_cal.o [1]
  .bss                zero     0x2001f032      0x1  protocol.o [1]
  .bss                zero     0x2001f033      0x1  rc522.o [1]
  .bss                zero     0x2001f034      0x1  rc522.o [1]
  .bss                zero     0x2001f035      0x1  usbh_msc_bot.o [1]
  .bss                zero     0x2001f036      0x1  usbh_msc_core.o [1]
  .bss                zero     0x2001f037      0x1  usbh_msc_core.o [1]
  .bss                zero     0x2001f038      0x1  usbh_stdreq.o [1]
  .bss                zero     0x2001f039      0x1  usbh_usr.o [1]
  CSTACK                       0x2001f040    0x800  <Block>
    CSTACK            uninit   0x2001f040    0x800  <Block tail>
                             - 0x2001f840  0x1f840

Absolute sections:                         0xff000
  .bss                zero     0x68000000  0xf0000  malloc.o [1]
  .bss                zero     0x680f0000   0xf000  malloc.o [1]
                             - 0x680ff000  0xff000


*******************************************************************************
*** INIT TABLE
***

          Address     Size
          -------     ----
Zero (__iar_zero_init3)
    2 destination ranges, total size 0x11ddf2:
          0x20000248  0x1edf2
          0x68000000  0xff000

Copy/packbits (__iar_packbits_init3)
    1 source range, total size 0x125 (50% of destination):
          0x08045d54    0x125
    1 destination range, total size 0x246:
          0x20000000    0x246



*******************************************************************************
*** MODULE SUMMARY
***

    Module                    ro code  ro data  rw data    rw data
                                                            (abs)
    ------                    -------  -------  -------    -------
E:\WORK\YarnControl_Driver\YarnControl_Driver\src\stm32f4_rtos\Project\EWARMv7\Flash\Obj: [1]
    SysInfoTest.o                  60                 4
    apptask.o                  21 472    2 909      117
    bsp.o                          72
    bsp_closeSW.o                 212
    bsp_dwt.o                     116
    bsp_led.o                     192
    bsp_relay.o                    68
    bsp_sdio_sd.o               6 744               209
    bsp_sdwe050c17.o            5 696       36       55
    bsp_servomotor.o            1 164       10       20
    bsp_spi.o                     292
    bsp_stepmotor.o               620
    bsp_sw_onoff.o                104
    bsp_tim_pwm.o                 736
    bsp_timer.o                   516                16
    bsp_uart_fifo.o             2 532               241
    bsp_w25qxx.o                  896        9    4 098
    bsp_watchdog.o                  8
    cc936.o                       244  176 320
    demo_fatfs.o                           733       80
    diskio.o                      740
    encoder_tim.o                 672                22
    event_groups.o                610
    ff.o                        9 368       36      562
    heap_4.o                      640        4   71 704
    list.o                        152
    main.o                         52       32
    malloc.o                      540       38   43 548  1 044 480
    mcheck.o                      184      768
    misc.o                        136
    modbus.o                      852                 8
    page_weimi.o                  560        1      309
    para.o                      4 894      272      152
    port.o                        588        6        9
    portasm.o                     168
    product_cal.o               1 316      400      105
    protocol.o                     68               509
    queue.o                     1 992
    rc522.o                       174                22
    startup_stm32f40_41xxx.o      680
    stm32f4xx_dma.o               796
    stm32f4xx_exti.o              192
    stm32f4xx_gpio.o              300
    stm32f4xx_it.o                 56       44
    stm32f4xx_iwdg.o               16
    stm32f4xx_rcc.o               488        8       16
    stm32f4xx_sdio.o              380
    stm32f4xx_spi.o               116
    stm32f4xx_syscfg.o             84
    stm32f4xx_tim.o             1 764
    stm32f4xx_usart.o             596
    system_stm32f4xx.o            340        2        4
    tasks.o                     3 072        8      404
    timers.o                    1 188        8       56
    usb_bsp.o                     332
    usb_core.o                  2 640
    usb_hcd.o                     214
    usb_hcd_int.o               3 198
    usbh_core.o                 1 888        8       18
    usbh_hcs.o                    442
    usbh_ioreq.o                  582
    usbh_it.o                      16
    usbh_msc_bot.o              1 364                81
    usbh_msc_core.o             1 000        8       94
    usbh_msc_scsi.o             1 560        1      529
    usbh_stdreq.o               1 078               515
    usbh_usr.o                    418      592    3 125
    --------------------------------------------------------------
    Total:                     90 250  182 253  126 632  1 044 480

command line: [2]
    --------------------------------------------------------------
    Total:

dl7M_tlf.a: [3]
    abort.o                         6
    div.o                          14
    errno.o                        12        2        4
    exit.o                          4
    isxxx.o                        40
    localeconv.o                  108       68      136
    printf.o                       36
    putchar.o                      12
    setlocale.o                    24       58      116
    sprintf.o                      52
    sscanf.o                       36
    strcat.o                       28
    strstr.o                       44
    tolower.o                      20
    xfiles.o                                32      144
    xlocale_c.o                    54
    xprintffull_nomb.o          3 478
    xprout.o                       22
    xscanffull_nomb.o           2 916
    xsprout.o                      10
    xsscin.o                       30
    xstoflt.o                     440
    xstoll.o                      164
    xstopfx.o                     292
    xstoull.o                     432
    xstoxflt.o                    536
    xtls.o                          2
    --------------------------------------------------------------
    Total:                      8 812      160      400

m7M_tls.a: [4]
    DblAdd.o                      232
    DblCmpEq.o                     32
    DblCmpGe.o                     46
    DblCmpLe.o                     46
    DblDiv.o                      598
    DblMul.o                      418
    DblSub.o                      384
    DblToFlt.o                    144
    DblToI32.o                     88
    FltToDbl.o                     78
    I32ToDbl.o                     48
    fpinit_M.o                     34
    xdnorm.o                       66
    xdscale.o                     276
    xdtento.o                     512
    xdunscal.o                     82
    xstold.o                      360
    --------------------------------------------------------------
    Total:                      3 444

rt7M_tl.a: [5]
    ABImemcpy_unaligned.o         118
    ABImemset.o                   102
    I64DivMod.o                   306
    I64DivZer.o                     2
    cexit.o                        10
    cmain.o                        26
    cstartup_M.o                   12
    data_init.o                    40
    memchr.o                       88
    memcmp_unaligned.o             98
    packbits_init.o               208
    strchr.o                       22
    strcmp_unaligned.o             66
    strcpy_unaligned.o             68
    strlen.o                       54
    zero_init3.o                   64
    --------------------------------------------------------------
    Total:                      1 284

shb_l.a: [6]
    exit.o                         20
    --------------------------------------------------------------
    Total:                         20

    Gaps                           48        6        2
    Linker created                          52    2 048
------------------------------------------------------------------
    Grand Total:              103 858  182 471  129 082  1 044 480


*******************************************************************************
*** ENTRY LIST
***

Entry                      Address     Size  Type      Object
-----                      -------     ----  ----      ------
.iar.init_table$$Base   0x08045008            --   Gb  - Linker created -
.iar.init_table$$Limit  0x0804503c            --   Gb  - Linker created -
?main                   0x08045461           Code  Gb  cmain.o [5]
APBAHBPrescTable        0x20000204     0x10  Data  Lc  stm32f4xx_rcc.o [1]
AppObjCreate            0x0802f91d    0x15e  Code  Gb  apptask.o [1]
AppTaskCreate           0x0802f7b1    0x16c  Code  Gb  apptask.o [1]
BOTStallErrorCount      0x2001eff4      0x4  Data  Lc  usbh_msc_bot.o [1]
BusFault_Handler        0x08044d2f      0x2  Code  Gb  stm32f4xx_it.o [1]
CID_Tab                 0x2001ee64     0x10  Data  Lc  bsp_sdio_sd.o [1]
CRC16HiTable            0x080447d0    0x100  Data  Gb  mcheck.o [1]
CRC16LoTable            0x080448d0    0x100  Data  Gb  mcheck.o [1]
CRC8Table               0x080449d0    0x100  Data  Gb  mcheck.o [1]
CSD_Tab                 0x2001ee54     0x10  Data  Lc  bsp_sdio_sd.o [1]
CSTACK$$Base            0x2001f040            --   Gb  - Linker created -
CSTACK$$Limit           0x2001f840            --   Gb  - Linker created -
CardType                0x2001ef60      0x4  Data  Lc  bsp_sdio_sd.o [1]
CmdError                0x08040451     0x38  Code  Lc  bsp_sdio_sd.o [1]
CmdResp1Error           0x080404f5    0x112  Code  Lc  bsp_sdio_sd.o [1]
CmdResp2Error           0x08040645     0x52  Code  Lc  bsp_sdio_sd.o [1]
CmdResp3Error           0x08040607     0x3e  Code  Lc  bsp_sdio_sd.o [1]
CmdResp6Error           0x08040697     0xa6  Code  Lc  bsp_sdio_sd.o [1]
CmdResp7Error           0x08040489     0x58  Code  Lc  bsp_sdio_sd.o [1]
ConfigExitNVIC          0x0803892f     0x22  Code  Gb  bsp_closeSW.o [1]
ConfigUartNVIC          0x0803a2d3     0x7c  Code  Lc  bsp_uart_fifo.o [1]
DIFF_G_init             0x08035185     0x78  Code  Gb  bsp_servomotor.o [1]
DMA1_Stream0_IRQHandler
                        0x080354f9     0x1c  Code  Gb  bsp_servomotor.o [1]
DMA1_Stream3_IRQHandler
                        0x08035515     0x1c  Code  Gb  bsp_servomotor.o [1]
DMA2_Stream3_IRQHandler
                        0x08040d39      0x8  Code  Gb  bsp_sdio_sd.o [1]
DMAEndOfTransfer        0x2001ef70      0x4  Data  Gb  bsp_sdio_sd.o [1]
DMA_ClearFlag           0x0803c3f3     0x24  Code  Gb  stm32f4xx_dma.o [1]
DMA_Cmd                 0x0803c3a9     0x1a  Code  Gb  stm32f4xx_dma.o [1]
DMA_DeInit              0x0803c211    0x140  Code  Gb  stm32f4xx_dma.o [1]
DMA_FlowControllerConfig
                        0x0803c3c3     0x18  Code  Gb  stm32f4xx_dma.o [1]
DMA_GetCmdStatus        0x0803c3db     0x18  Code  Gb  stm32f4xx_dma.o [1]
DMA_GetITStatus         0x0803c459     0x62  Code  Gb  stm32f4xx_dma.o [1]
DMA_ITConfig            0x0803c417     0x42  Code  Gb  stm32f4xx_dma.o [1]
DMA_Init                0x0803c351     0x58  Code  Gb  stm32f4xx_dma.o [1]
DebugMon_Handler        0x08044d33      0x2  Code  Gb  stm32f4xx_it.o [1]
DiskFile_init           0x08038871     0x40  Code  Gb  protocol.o [1]
Disk_File               0x2001e7a8     0xd4  Data  Gb  protocol.o [1]
ENC_Calc_Average_Speed  0x08038f13     0x50  Code  Gb  encoder_tim.o [1]
ENC_Calc_Rot_Speed      0x08038e39     0xda  Code  Gb  encoder_tim.o [1]
ENC_Clear_Speed_Buffer  0x08038e1d     0x1c  Code  Gb  encoder_tim.o [1]
ENC_Init                0x08038d31     0xec  Code  Gb  encoder_tim.o [1]
EXTI9_5_IRQHandler      0x08038951     0x3c  Code  Gb  bsp_closeSW.o [1]
EXTI_ClearITPendingBit  0x0803d5bf      0x6  Code  Gb  stm32f4xx_exti.o [1]
EXTI_GetITStatus        0x0803d5a5     0x1a  Code  Gb  stm32f4xx_exti.o [1]
EXTI_Init               0x0803d51d     0x88  Code  Gb  stm32f4xx_exti.o [1]
FR_Table                0x200000fc     0x50  Data  Gb  demo_fatfs.o [1]
FatFs                   0x2001eecc      0xc  Data  Lc  ff.o [1]
Files                   0x2001ed18     0x24  Data  Lc  ff.o [1]
FindSCR                 0x080408e5    0x206  Code  Lc  bsp_sdio_sd.o [1]
Fsid                    0x2001f00e      0x2  Data  Lc  ff.o [1]
GPIO_Init               0x08038999     0xaa  Code  Gb  stm32f4xx_gpio.o [1]
GPIO_PinAFConfig        0x08038a6b     0x5a  Code  Gb  stm32f4xx_gpio.o [1]
GPIO_ReadInputDataBit   0x08038a43     0x1a  Code  Gb  stm32f4xx_gpio.o [1]
GPIO_WriteBit           0x08038a5d      0xe  Code  Gb  stm32f4xx_gpio.o [1]
GetDeviceState          0x0803883d     0x2e  Code  Gb  bsp_sw_onoff.o [1]
HCD_GetCurrentFrame     0x0803c791      0x8  Code  Gb  usb_hcd.o [1]
HCD_GetCurrentSpeed     0x0803c773     0x10  Code  Gb  usb_hcd.o [1]
HCD_GetURB_State        0x0803c799      0xa  Code  Gb  usb_hcd.o [1]
HCD_GetXferCnt          0x0803c7a3      0xc  Code  Gb  usb_hcd.o [1]
HCD_Init                0x0803c701     0x72  Code  Gb  usb_hcd.o [1]
HCD_ResetPort           0x0803c783      0xe  Code  Gb  usb_hcd.o [1]
HCD_SubmitRequest       0x0803c7af     0x28  Code  Gb  usb_hcd.o [1]
HardFault_Handler       0x08044cff     0x22  Code  Gb  stm32f4xx_it.o [1]
IWDG_Feed               0x080396d9      0x8  Code  Gb  bsp_watchdog.o [1]
IWDG_ReloadCounter      0x0803d711      0xa  Code  Gb  stm32f4xx_iwdg.o [1]
InStream_Read           0x08044ad1     0x22  Code  Lc  packbits_init.o [5]
InitHardUart            0x08039f11    0x3c2  Code  Lc  bsp_uart_fifo.o [1]
Init_JINGSHA_GUI        0x0803067f    0x122  Code  Gb  bsp_sdwe050c17.o [1]
JingSha_File            0x2001ebb8     0x58  Data  Gb  protocol.o [1]
LfnBuf                  0x2001dfa0    0x200  Data  Lc  ff.o [1]
LfnOfs                  0x08045864     0x10  Data  Lc  ff.o [1]
LoadInt                 0x0803b139     0x6e  Code  Lc  xprintffull_nomb.o [3]
MSCErrorCount           0x2001f036      0x1  Data  Gb  usbh_msc_core.o [1]
MSC_Machine             0x2001eb14     0x4c  Data  Gb  usbh_msc_core.o [1]
MSG_DEV_ATTACHED        0x080455f4     0x18  Data  Gb  usbh_usr.o [1]
MSG_DEV_DISCONNECTED    0x0804560c     0x18  Data  Gb  usbh_usr.o [1]
MSG_DEV_ENUMERATED      0x0804540c     0x1c  Data  Gb  usbh_usr.o [1]
MSG_DEV_ERROR           0x08045710     0x14  Data  Gb  usbh_usr.o [1]
MSG_DEV_FULLSPEED       0x0804527c     0x20  Data  Gb  usbh_usr.o [1]
MSG_DEV_HIGHSPEED       0x0804525c     0x20  Data  Gb  usbh_usr.o [1]
MSG_DEV_LOWSPEED        0x0804529c     0x20  Data  Gb  usbh_usr.o [1]
MSG_HID_CLASS           0x08045428     0x1c  Data  Gb  usbh_usr.o [1]
MSG_MSC_CLASS           0x08044fc0     0x24  Data  Gb  usbh_usr.o [1]
MSG_UNREC_ERROR         0x08045444     0x1c  Data  Gb  usbh_usr.o [1]
MemManage_Handler       0x08044d2d      0x2  Code  Gb  stm32f4xx_it.o [1]
MotorProcess            0x2001eda0     0x14  Data  Gb  page_weimi.o [1]
MotorStepCount          0x08034e39     0x62  Code  Gb  page_weimi.o [1]
NMI_Handler             0x08044cfd      0x2  Code  Gb  stm32f4xx_it.o [1]
NVIC_Init               0x0803c537     0x6a  Code  Gb  misc.o [1]
NVIC_PriorityGroupConfig
                        0x0803c52d      0xa  Code  Gb  misc.o [1]
OTG_FS_IRQHandler       0x080458e5     0x10  Code  Gb  usbh_it.o [1]
PendSV_Handler          0x0803d721           Code  Gb  portasm.o [1]
RCA                     0x2001ef64      0x4  Data  Lc  bsp_sdio_sd.o [1]
RCC_AHB1PeriphClockCmd  0x08039d47     0x22  Code  Gb  stm32f4xx_rcc.o [1]
RCC_AHB2PeriphClockCmd  0x08039d69     0x1e  Code  Gb  stm32f4xx_rcc.o [1]
RCC_APB1PeriphClockCmd  0x08039d87     0x1e  Code  Gb  stm32f4xx_rcc.o [1]
RCC_APB1PeriphResetCmd  0x08039dc3     0x1e  Code  Gb  stm32f4xx_rcc.o [1]
RCC_APB2PeriphClockCmd  0x08039da5     0x1e  Code  Gb  stm32f4xx_rcc.o [1]
RCC_APB2PeriphResetCmd  0x08039de1     0x1e  Code  Gb  stm32f4xx_rcc.o [1]
RCC_GetClocksFreq       0x08039c45    0x102  Code  Gb  stm32f4xx_rcc.o [1]
RS485_InitTXE           0x08039edd     0x34  Code  Gb  bsp_uart_fifo.o [1]
RS485_sendbuf           0x0803a71d     0x3c  Code  Gb  bsp_uart_fifo.o [1]
Region$$Table$$Base     0x08045008            --   Gb  - Linker created -
Region$$Table$$Limit    0x0804503c            --   Gb  - Linker created -
SDCardInfo              0x2001eb60     0x58  Data  Gb  bsp_sdio_sd.o [1]
SDEnWideBus             0x08040749    0x198  Code  Lc  bsp_sdio_sd.o [1]
SDIO_ClearFlag          0x08041da9      0x6  Code  Gb  stm32f4xx_sdio.o [1]
SDIO_ClearITPendingBit  0x08041dc9      0x6  Code  Gb  stm32f4xx_sdio.o [1]
SDIO_ClockCmd           0x08041cd7      0x8  Code  Gb  stm32f4xx_sdio.o [1]
SDIO_CmdInitStructure   0x2001ed8c     0x14  Data  Gb  bsp_sdio_sd.o [1]
SDIO_DMACmd             0x08041d69      0x8  Code  Gb  stm32f4xx_sdio.o [1]
SDIO_DataConfig         0x08041d35     0x2e  Code  Gb  stm32f4xx_sdio.o [1]
SDIO_DataInitStructure  0x2001ed74     0x18  Data  Gb  bsp_sdio_sd.o [1]
SDIO_DeInit             0x08041c95     0x18  Code  Gb  stm32f4xx_sdio.o [1]
SDIO_GetCommandResponse
                        0x08041d17      0x8  Code  Gb  stm32f4xx_sdio.o [1]
SDIO_GetFlagStatus      0x08041d8f     0x1a  Code  Gb  stm32f4xx_sdio.o [1]
SDIO_GetITStatus        0x08041daf     0x1a  Code  Gb  stm32f4xx_sdio.o [1]
SDIO_GetPowerState      0x08041ce5      0xa  Code  Gb  stm32f4xx_sdio.o [1]
SDIO_GetResponse        0x08041d1f     0x16  Code  Gb  stm32f4xx_sdio.o [1]
SDIO_IRQHandler         0x08040d31      0x8  Code  Gb  bsp_sdio_sd.o [1]
SDIO_ITConfig           0x08041d71     0x1e  Code  Gb  stm32f4xx_sdio.o [1]
SDIO_Init               0x08041cad     0x2a  Code  Gb  stm32f4xx_sdio.o [1]
SDIO_InitStructure      0x2001ed5c     0x18  Data  Gb  bsp_sdio_sd.o [1]
SDIO_Interrupts_Config  0x08040cf5     0x3c  Code  Gb  bsp_sdio_sd.o [1]
SDIO_ReadData           0x08041d63      0x6  Code  Gb  stm32f4xx_sdio.o [1]
SDIO_SendCommand        0x08041cef     0x28  Code  Gb  stm32f4xx_sdio.o [1]
SDIO_SetPowerState      0x08041cdf      0x6  Code  Gb  stm32f4xx_sdio.o [1]
SDWE_WARNNING           0x08030911     0x2a  Code  Gb  bsp_sdwe050c17.o [1]
SD_Detect               0x0803f3ed     0x22  Code  Gb  bsp_sdio_sd.o [1]
SD_EnableWideBusOperation
                        0x0803fbe9     0xc8  Code  Gb  bsp_sdio_sd.o [1]
SD_GetCardInfo          0x0803f7fd    0x3ec  Code  Gb  bsp_sdio_sd.o [1]
SD_GetState             0x0803f3c3     0x2a  Code  Gb  bsp_sdio_sd.o [1]
SD_GetStatus            0x0803f3a1     0x22  Code  Gb  bsp_sdio_sd.o [1]
SD_Init                 0x0803f2e9     0xb8  Code  Gb  bsp_sdio_sd.o [1]
SD_InitializeCards      0x0803f65b    0x1a2  Code  Gb  bsp_sdio_sd.o [1]
SD_LowLevel_DMA_RxConfig
                        0x08040c3f     0x8e  Code  Gb  bsp_sdio_sd.o [1]
SD_LowLevel_DMA_TxConfig
                        0x08040bb1     0x8e  Code  Gb  bsp_sdio_sd.o [1]
SD_LowLevel_Init        0x08040aed     0xbc  Code  Gb  bsp_sdio_sd.o [1]
SD_PowerON              0x0803f40f    0x24c  Code  Gb  bsp_sdio_sd.o [1]
SD_ProcessDMAIRQ        0x0804042d     0x22  Code  Gb  bsp_sdio_sd.o [1]
SD_ProcessIRQSrc        0x0804037f     0xae  Code  Gb  bsp_sdio_sd.o [1]
SD_ReadBlock            0x0803fce9    0x108  Code  Gb  bsp_sdio_sd.o [1]
SD_ReadMultiBlocks      0x0803fdf1    0x134  Code  Gb  bsp_sdio_sd.o [1]
SD_SelectDeselect       0x0803fcb1     0x38  Code  Gb  bsp_sdio_sd.o [1]
SD_SendStatus           0x08040311     0x6e  Code  Gb  bsp_sdio_sd.o [1]
SD_StopTransfer         0x080402c9     0x44  Code  Gb  bsp_sdio_sd.o [1]
SD_WaitReadOperation    0x0803ff29     0x96  Code  Gb  bsp_sdio_sd.o [1]
SD_WriteBlock           0x0803ffc9    0x11e  Code  Gb  bsp_sdio_sd.o [1]
SD_WriteMultiBlocks     0x080400f5    0x1cc  Code  Gb  bsp_sdio_sd.o [1]
SPI1_Init               0x0803aa89     0xc0  Code  Gb  bsp_spi.o [1]
SPI1_ReadWriteByte      0x0803ab71     0x32  Code  Gb  bsp_spi.o [1]
SPI1_SetSpeed           0x0803ab49     0x28  Code  Gb  bsp_spi.o [1]
SPI_Cmd                 0x0803da5d     0x1c  Code  Gb  stm32f4xx_spi.o [1]
SPI_I2S_GetFlagStatus   0x0803da79     0x18  Code  Gb  stm32f4xx_spi.o [1]
SPI_Init                0x0803da1d     0x40  Code  Gb  stm32f4xx_spi.o [1]
SRC_Buffer              0x200001f0     0x14  Data  Gb  bsp_servomotor.o [1]
SVC_Handler             0x0803d779           Code  Gb  portasm.o [1]
SYSCFG_EXTILineConfig   0x0803d4c9     0x50  Code  Gb  stm32f4xx_syscfg.o [1]
Sdwe_ClearReadDisk      0x080309e7     0x20  Code  Gb  bsp_sdwe050c17.o [1]
Sdwe_change_class_time  0x080310bf     0x30  Code  Gb  bsp_sdwe050c17.o [1]
Sdwe_clearString        0x0803093b     0x54  Code  Gb  bsp_sdwe050c17.o [1]
Sdwe_clear_filename     0x08030a37     0x60  Code  Gb  bsp_sdwe050c17.o [1]
Sdwe_disDigi            0x080307eb     0xa4  Code  Gb  bsp_sdwe050c17.o [1]
Sdwe_disPicture         0x080307a1     0x4a  Code  Gb  bsp_sdwe050c17.o [1]
Sdwe_disString          0x0803088f     0x82  Code  Gb  bsp_sdwe050c17.o [1]
Sdwe_hidden_page        0x08031157     0x30  Code  Gb  bsp_sdwe050c17.o [1]
Sdwe_peiliao_page       0x08030f01    0x192  Code  Gb  bsp_sdwe050c17.o [1]
Sdwe_period_page        0x080310ef     0x68  Code  Gb  bsp_sdwe050c17.o [1]
Sdwe_product_page       0x08030cd3    0x226  Code  Gb  bsp_sdwe050c17.o [1]
Sdwe_ratio_display      0x0803109d     0x22  Code  Gb  bsp_sdwe050c17.o [1]
Sdwe_readRTC            0x08030a07     0x30  Code  Gb  bsp_sdwe050c17.o [1]
Sdwe_refresh_allname    0x08030c8b     0x48  Code  Gb  bsp_sdwe050c17.o [1]
Sdwe_refresh_filename   0x08030a97    0x1f4  Code  Gb  bsp_sdwe050c17.o [1]
Sdwe_stop_page          0x08031187    0x380  Code  Gb  bsp_sdwe050c17.o [1]
Sdwe_writeIcon          0x0803098f     0x58  Code  Gb  bsp_sdwe050c17.o [1]
ServoMotorRunning       0x080354d7     0x22  Code  Gb  bsp_servomotor.o [1]
SetSysClock             0x080446cf     0xce  Code  Lc  system_stm32f4xx.o [1]
SlavePara               0x2001e87c     0xa4  Data  Gb  protocol.o [1]
StepMotor_adjust_speed  0x08038c8d     0x36  Code  Gb  bsp_stepmotor.o [1]
StepMotor_start         0x08038cef     0x2c  Code  Gb  bsp_stepmotor.o [1]
StepMotor_stop          0x08038cc3     0x2c  Code  Gb  bsp_stepmotor.o [1]
StopCondition           0x2001ef68      0x4  Data  Gb  bsp_sdio_sd.o [1]
SysTick_Handler         0x08039867     0x2c  Code  Gb  port.o [1]
SystemCoreClock         0x20000234      0x4  Data  Gb  system_stm32f4xx.o [1]
SystemInit              0x0804467d     0x52  Code  Gb  system_stm32f4xx.o [1]
TI1_Config              0x0803c115     0x38  Code  Lc  stm32f4xx_tim.o [1]
TI2_Config              0x0803c14d     0x42  Code  Lc  stm32f4xx_tim.o [1]
TI3_Config              0x0803c18f     0x40  Code  Lc  stm32f4xx_tim.o [1]
TI4_Config              0x0803c1cf     0x42  Code  Lc  stm32f4xx_tim.o [1]
TIM1_PWM_SETPMOTOR      0x08038c1f     0x6e  Code  Gb  bsp_stepmotor.o [1]
TIM2_IRQHandler         0x0803a9c5     0xac  Code  Gb  bsp_timer.o [1]
TIM3_PWM_SETPMOTOR      0x08038bb9     0x66  Code  Gb  bsp_stepmotor.o [1]
TIM4_CH1_ConfigPwmOut   0x080350cd     0x1c  Code  Gb  bsp_servomotor.o [1]
TIM4_CH1_GPIO_Configuration
                        0x08035143     0x42  Code  Gb  bsp_servomotor.o [1]
TIM4_CH1_PWMDMA_Config  0x080352c3     0xb0  Code  Gb  bsp_servomotor.o [1]
TIM4_CH1_StartPwmOut    0x080350e9     0x2c  Code  Gb  bsp_servomotor.o [1]
TIM4_CH1_StopPwmOut     0x08035115     0x2e  Code  Gb  bsp_servomotor.o [1]
TIM4_CH2_ConfigPwmOut   0x08035373     0x1c  Code  Gb  bsp_servomotor.o [1]
TIM4_CH2_GPIO_Configuration
                        0x080353e9     0x3e  Code  Gb  bsp_servomotor.o [1]
TIM4_CH2_PWMDMA_Config  0x08035427     0xb0  Code  Gb  bsp_servomotor.o [1]
TIM4_CH2_StartPwmOut    0x0803538f     0x2c  Code  Gb  bsp_servomotor.o [1]
TIM4_CH2_StopPwmOut     0x080353bb     0x2e  Code  Gb  bsp_servomotor.o [1]
TIM4_PWM_Config         0x080351fd     0xc6  Code  Gb  bsp_servomotor.o [1]
TIM6_DAC_IRQHandler     0x08044c9b     0x22  Code  Gb  SysInfoTest.o [1]
TIM8_UP_TIM13_IRQHandler
                        0x08038f63     0x46  Code  Gb  encoder_tim.o [1]
TIM_ARRPreloadConfig    0x0803bd2b     0x1c  Code  Gb  stm32f4xx_tim.o [1]
TIM_CallBack1           0x0802fa9d     0x44  Code  Gb  apptask.o [1]
TIM_ClearFlag           0x0803c07f      0x8  Code  Gb  stm32f4xx_tim.o [1]
TIM_ClearITPendingBit   0x0803c0b9      0x8  Code  Gb  stm32f4xx_tim.o [1]
TIM_Cmd                 0x0803bd47     0x1c  Code  Gb  stm32f4xx_tim.o [1]
TIM_CtrlPWMOutputs      0x0803c047     0x22  Code  Gb  stm32f4xx_tim.o [1]
TIM_DMACmd              0x0803c0c1     0x16  Code  Gb  stm32f4xx_tim.o [1]
TIM_DeInit              0x0803bb2d    0x17c  Code  Gb  stm32f4xx_tim.o [1]
TIM_EncoderInterfaceConfig
                        0x0803c0d7     0x3e  Code  Gb  stm32f4xx_tim.o [1]
TIM_GetITStatus         0x0803c087     0x32  Code  Gb  stm32f4xx_tim.o [1]
TIM_ICInit              0x0803bf75     0x70  Code  Gb  stm32f4xx_tim.o [1]
TIM_ICStructInit        0x0803bfe5     0x16  Code  Gb  stm32f4xx_tim.o [1]
TIM_ITConfig            0x0803c069     0x16  Code  Gb  stm32f4xx_tim.o [1]
TIM_OC1Init             0x0803bd63     0x7e  Code  Gb  stm32f4xx_tim.o [1]
TIM_OC2Init             0x0803bde1     0x8c  Code  Gb  stm32f4xx_tim.o [1]
TIM_OC2PreloadConfig    0x0803bf4f     0x14  Code  Gb  stm32f4xx_tim.o [1]
TIM_OC3Init             0x0803be6d     0x8a  Code  Gb  stm32f4xx_tim.o [1]
TIM_OC3PreloadConfig    0x0803bf63     0x12  Code  Gb  stm32f4xx_tim.o [1]
TIM_OCStructInit        0x0803bf2d     0x22  Code  Gb  stm32f4xx_tim.o [1]
TIM_SetIC1Prescaler     0x0803bffb     0x12  Code  Gb  stm32f4xx_tim.o [1]
TIM_SetIC2Prescaler     0x0803c00d     0x14  Code  Gb  stm32f4xx_tim.o [1]
TIM_SetIC3Prescaler     0x0803c021     0x12  Code  Gb  stm32f4xx_tim.o [1]
TIM_SetIC4Prescaler     0x0803c033     0x14  Code  Gb  stm32f4xx_tim.o [1]
TIM_TimeBaseInit        0x0803bca9     0x6a  Code  Gb  stm32f4xx_tim.o [1]
TIM_TimeBaseStructInit  0x0803bd13     0x18  Code  Gb  stm32f4xx_tim.o [1]
Task_iwdg_refresh       0x0802fcf3     0x8a  Code  Gb  apptask.o [1]
TransferEnd             0x2001ef6c      0x4  Data  Gb  bsp_sdio_sd.o [1]
TransferError           0x2001f026      0x1  Data  Gb  bsp_sdio_sd.o [1]
UART1ToPC               0x0803a6bd     0x30  Code  Gb  bsp_uart_fifo.o [1]
UART2ToPC               0x0803a6ed     0x30  Code  Gb  bsp_uart_fifo.o [1]
UART2_RX_BUF            0x2001eab0     0x64  Data  Gb  bsp_uart_fifo.o [1]
UART3ToPC               0x0803a759     0x30  Code  Gb  bsp_uart_fifo.o [1]
UART4ToPC               0x0803a789     0x30  Code  Gb  bsp_uart_fifo.o [1]
UART4_IRQHandler        0x0803a5cf     0x84  Code  Gb  bsp_uart_fifo.o [1]
UART4_RX_BUF            0x2001ea4c     0x64  Data  Gb  bsp_uart_fifo.o [1]
UART5ToPC               0x0803a7b9     0x30  Code  Gb  bsp_uart_fifo.o [1]
UART5_IRQHandler        0x0803a653     0x6a  Code  Gb  bsp_uart_fifo.o [1]
USART1_IRQHandler       0x0803a53f     0x1e  Code  Gb  bsp_uart_fifo.o [1]
USART2_IRQHandler       0x0803a55d     0x68  Code  Gb  bsp_uart_fifo.o [1]
USART3_IRQHandler       0x0803a5c5      0xa  Code  Gb  bsp_uart_fifo.o [1]
USART_ClearFlag         0x0803d97b      0xc  Code  Gb  stm32f4xx_usart.o [1]
USART_ClearITPendingBit
                        0x0803d9f7     0x26  Code  Gb  stm32f4xx_usart.o [1]
USART_Cmd               0x0803d8c5     0x1c  Code  Gb  stm32f4xx_usart.o [1]
USART_DMACmd            0x0803d8f1     0x16  Code  Gb  stm32f4xx_usart.o [1]
USART_GetFlagStatus     0x0803d95d     0x1e  Code  Gb  stm32f4xx_usart.o [1]
USART_GetITStatus       0x0803d987     0x70  Code  Gb  stm32f4xx_usart.o [1]
USART_ITConfig          0x0803d907     0x56  Code  Gb  stm32f4xx_usart.o [1]
USART_Init              0x0803d7c9     0xee  Code  Gb  stm32f4xx_usart.o [1]
USART_ReceiveData       0x0803d8e9      0x8  Code  Gb  stm32f4xx_usart.o [1]
USART_SendData          0x0803d8e1      0x8  Code  Gb  stm32f4xx_usart.o [1]
USBH_Alloc_Channel      0x0803c8f1     0x2e  Code  Gb  usbh_hcs.o [1]
USBH_BulkReceiveData    0x0803cf95     0x62  Code  Gb  usbh_ioreq.o [1]
USBH_BulkSendData       0x0803cf33     0x62  Code  Gb  usbh_ioreq.o [1]
USBH_CfgDesc            0x2001e3a0    0x200  Data  Gb  usbh_stdreq.o [1]
USBH_ClrFeature         0x0803cb3b     0x4c  Code  Gb  usbh_stdreq.o [1]
USBH_Connected          0x080356fd      0xc  Code  Gb  usbh_core.o [1]
USBH_CtlReceiveData     0x0803ceed     0x46  Code  Gb  usbh_ioreq.o [1]
USBH_CtlReq             0x0803cdc7     0x6e  Code  Gb  usbh_ioreq.o [1]
USBH_CtlSendData        0x0803ce79     0x74  Code  Gb  usbh_ioreq.o [1]
USBH_CtlSendSetup       0x0803ce35     0x44  Code  Gb  usbh_ioreq.o [1]
USBH_DataInBuffer       0x2001e1a0    0x200  Data  Gb  usbh_msc_scsi.o [1]
[...]
gen_numname             0x08036abd     0xec  Code  Lc  ff.o [1]
get_card_type           0x08031f77     0xe4  Code  Gb  product_cal.o [1]
get_class_time          0x08031e7f     0x7a  Code  Gb  product_cal.o [1]
get_fat                 0x08036283    0x11c  Code  Gb  ff.o [1]
get_fattime             0x0803d2d7      0x4  Code  Gb  diskio.o [1]
get_fileinfo            0x08036f39    0x13c  Code  Lc  ff.o [1]
get_float_1bit          0x08031e5d     0x22  Code  Gb  product_cal.o [1]
get_ldnumber            0x0803741f     0x50  Code  Lc  ff.o [1]
get_period_state        0x08031ef9     0x54  Code  Gb  product_cal.o [1]
get_valid_length        0x08031c2d     0x26  Code  Gb  bsp_sdwe050c17.o [1]
get_valid_seg           0x08034fef     0x4a  Code  Gb  page_weimi.o [1]
get_weimi_para          0x08034f5b     0x4a  Code  Gb  page_weimi.o [1]
hEncoder_Timer_Overflow
                        0x2001f00c      0x2  Data  Gb  encoder_tim.o [1]
hPrevious_angle         0x2001f00a      0x2  Data  Gb  encoder_tim.o [1]
hSpeed_Buffer           0x2001ee74     0x10  Data  Gb  encoder_tim.o [1]
hex_to_decimal          0x08031c53     0x26  Code  Gb  bsp_sdwe050c17.o [1]
idwgEventGroup          0x2001ef54      0x4  Data  Gb  apptask.o [1]
inc_card_type           0x08032065    0x11c  Code  Gb  product_cal.o [1]
inc_lock                0x08035f83     0xe8  Code  Lc  ff.o [1]
init_peiliao_para       0x08031d39     0x50  Code  Gb  product_cal.o [1]
init_product_para       0x08031c79     0xc0  Code  Gb  product_cal.o [1]
init_weimi_para         0x08034e9b     0xc0  Code  Gb  page_weimi.o [1]
input_password_buf      0x2001eed8      0xc  Data  Gb  protocol.o [1]
input_password_len      0x2001f032      0x1  Data  Gb  protocol.o [1]
isDevicePeriod          0x2001f022      0x1  Data  Gb  apptask.o [1]
isWork                  0x2001f01b      0x1  Data  Gb  apptask.o [1]
is_same_data            0x08031f4d     0x2a  Code  Gb  product_cal.o [1]
is_stop                 0x2001f02c      0x1  Data  Gb  page_weimi.o [1]
isalpha                 0x080418af     0x14  Code  Gb  isxxx.o [3]
isspace                 0x080418c3     0x14  Code  Gb  isxxx.o [3]
lcd_busy                0x2001f027      0x1  Data  Gb  bsp_sdwe050c17.o [1]
lcd_rev_buf             0x2001ec60     0x34  Data  Gb  bsp_sdwe050c17.o [1]
lcd_rev_len             0x2001f008      0x2  Data  Gb  bsp_sdwe050c17.o [1]
ld_clust                0x080368ad     0x28  Code  Lc  ff.o [1]
localeconv              0x0803dcf3     0x16  Code  Gb  localeconv.o [3]
m_ctrl_dev              0x2001ef04      0x8  Data  Gb  modbus.o [1]
main                    0x08044d35     0x34  Code  Gb  main.o [1]
mallco_dev              0x200001d4     0x1c  Data  Gb  malloc.o [1]
mb_init                 0x080386e9     0x30  Code  Gb  modbus.o [1]
mb_packsend_frame       0x080385f7     0xf2  Code  Gb  modbus.o [1]
mb_unpack_frame         0x080384b5    0x142  Code  Gb  modbus.o [1]
mc_check_crc16          0x0803d451     0x40  Code  Gb  mcheck.o [1]
mc_check_crc8           0x0803d42d     0x24  Code  Gb  mcheck.o [1]
mc_check_sum            0x0803d3e5     0x2e  Code  Gb  mcheck.o [1]
mc_check_xor            0x0803d413     0x1a  Code  Gb  mcheck.o [1]
mem1base                0x20011a48   0xa000  Data  Gb  malloc.o [1]
mem1mapbase             0x2001ca48    0xa00  Data  Gb  malloc.o [1]
mem2base                0x68000000  0xf0000  Data  Gb  malloc.o [1]
mem2mapbase             0x680f0000   0xf000  Data  Gb  malloc.o [1]
mem_cmp                 0x08035e8f     0x24  Code  Lc  ff.o [1]
mem_cpy                 0x08035e5d     0x1c  Code  Lc  ff.o [1]
mem_set                 0x08035e79     0x16  Code  Lc  ff.o [1]
memblksize              0x08045b7c      0x8  Data  Gb  malloc.o [1]
memchr                  0x0803daa9           Code  Gb  memchr.o [5]
memsize                 0x08045b84      0x8  Data  Gb  malloc.o [1]
memtblsize              0x08045b74      0x8  Data  Gb  malloc.o [1]
modbus_send_frame       0x08038719     0xe6  Code  Gb  modbus.o [1]
move_window             0x08036151     0x40  Code  Lc  ff.o [1]
my_mem_free             0x0803342b     0x6c  Code  Gb  malloc.o [1]
my_mem_init             0x080332ef     0x42  Code  Gb  malloc.o [1]
my_mem_malloc           0x0803336f     0xbc  Code  Gb  malloc.o [1]
my_mem_perused          0x08033331     0x3e  Code  Gb  malloc.o [1]
myfree                  0x08033497     0x24  Code  Gb  malloc.o [1]
mymalloc                0x080334bb     0x2a  Code  Gb  malloc.o [1]
mymemset                0x080332d9     0x16  Code  Gb  malloc.o [1]
ndigs                   0x08041b04     0x28  Data  Lc  xstoull.o [3]
obuf                    0x2001ec10     0x50  Data  Lc  xfiles.o [3]
oem2uni                 0x0801560c  0x15484  Data  Lc  cc936.o [1]
old_card_record         0x2001f020      0x1  Data  Gb  apptask.o [1]
old_isWork              0x2001f01c      0x1  Data  Gb  apptask.o [1]
old_is_stop             0x20000244      0x1  Data  Gb  page_weimi.o [1]
old_plan_complete       0x2001f030      0x1  Data  Gb  product_cal.o [1]
old_system_state        0x20000242      0x1  Data  Gb  apptask.o [1]
old_usb_disk_flag       0x2001f01e      0x1  Data  Gb  apptask.o [1]
para_init               0x08033fc7     0x82  Code  Gb  para.o [1]
pcInterruptPriorityRegisters
                        0x08045c40      0x4  Data  Lc  port.o [1]
peiliao_para            0x2001ec94     0x34  Data  Gb  product_cal.o [1]
pick_lfn                0x080369a3     0x8c  Code  Lc  ff.o [1]
plan_complete           0x2001f02f      0x1  Data  Gb  product_cal.o [1]
pluse_count             0x2001f006      0x2  Data  Gb  apptask.o [1]
pows                    0x08042308     0x48  Data  Lc  xdtento.o [4]
printf                  0x080331f9     0x24  Code  Gb  printf.o [3]
product_complete_kilo   0x08031e2d     0x30  Code  Gb  product_cal.o [1]
product_complete_meter  0x08031e1b     0x12  Code  Gb  product_cal.o [1]
product_para            0x2001ecf0     0x28  Data  Gb  product_cal.o [1]
product_per_meter       0x08031d89     0x78  Code  Gb  product_cal.o [1]
prvAddCurrentTaskToDelayedList
                        0x08032c99     0x48  Code  Lc  tasks.o [1]
prvAllocateTCBAndStack  0x08032ce1     0x5a  Code  Lc  tasks.o [1]
prvCheckForValidListAndQueue
                        0x08039667     0x52  Code  Lc  timers.o [1]
prvCheckTasksWaitingTermination
                        0x08032c2f     0x66  Code  Lc  tasks.o [1]
prvCopyDataFromQueue    0x08030519     0x30  Code  Lc  queue.o [1]
prvCopyDataToQueue      0x08030495     0x84  Code  Lc  queue.o [1]
prvDeleteTCB            0x08032d3b     0x12  Code  Lc  tasks.o [1]
prvGetNextExpireTime    0x08039453     0x2e  Code  Lc  timers.o [1]
prvHeapInit             0x08039b55     0x6e  Code  Lc  heap_4.o [1]
prvIdleTask             0x08032b49     0x26  Code  Lc  tasks.o [1]
prvInitialiseTCBVariables
                        0x08032b6f     0x6a  Code  Lc  tasks.o [1]
prvInitialiseTaskLists  0x08032bd9     0x56  Code  Lc  tasks.o [1]
prvInsertBlockIntoFreeList
                        0x08039bc3     0x62  Code  Lc  heap_4.o [1]
prvInsertTimerInActiveList
                        0x080394a9     0x50  Code  Lc  timers.o [1]
prvIsQueueEmpty         0x080305b3     0x20  Code  Lc  queue.o [1]
prvIsQueueFull          0x080305d3     0x22  Code  Lc  queue.o [1]
prvProcessExpiredTimer  0x0803936b     0x5c  Code  Lc  timers.o [1]
prvProcessReceivedCommands
                        0x080394f9     0xde  Code  Lc  timers.o [1]
prvProcessTimerOrBlockTask
                        0x080393e3     0x70  Code  Lc  timers.o [1]
prvResetNextTaskUnblockTime
                        0x08032d4d     0x26  Code  Lc  tasks.o [1]
prvSampleTimeNow        0x08039481     0x28  Code  Lc  timers.o [1]
prvSwitchTimerLists     0x080395d7     0x90  Code  Lc  timers.o [1]
prvTaskExitError        0x08039705     0x2a  Code  Lc  port.o [1]
prvTestWaitCondition    0x0803920f     0x24  Code  Lc  event_groups.o [1]
prvTimerTask            0x080393c9     0x1a  Code  Lc  timers.o [1]
prvUnlockQueue          0x08030549     0x6a  Code  Lc  queue.o [1]
put_fat                 0x0803639f    0x16c  Code  Gb  ff.o [1]
putchar                 0x0804563d      0xc  Code  Gb  putchar.o [3]
pvPortMalloc            0x080399c5    0x118  Code  Gb  heap_4.o [1]
pxCurrentTCB            0x2001efa4      0x4  Data  Gb  tasks.o [1]
pxCurrentTimerList      0x2001efe4      0x4  Data  Lc  timers.o [1]
pxDelayedTaskList       0x2001efa8      0x4  Data  Lc  tasks.o [1]
pxEnd                   0x2001ef84      0x4  Data  Lc  heap_4.o [1]
pxOverflowDelayedTaskList
                        0x2001efac      0x4  Data  Lc  tasks.o [1]
pxOverflowTimerList     0x2001efe8      0x4  Data  Lc  timers.o [1]
pxPortInitialiseStack   0x080396e1     0x24  Code  Gb  port.o [1]
pxReadyTasksLists       0x2001e6b8     0xf0  Data  Lc  tasks.o [1]
rc522_cmd_anticoll      0x08038459     0x5a  Code  Gb  rc522.o [1]
rc522_cmd_request       0x08038405     0x54  Code  Gb  rc522.o [1]
readDisk                0x2001f023      0x1  Data  Gb  apptask.o [1]
readFilenum             0x2001f024      0x1  Data  Gb  apptask.o [1]
readSlave               0x2001eec0      0xc  Data  Gb  apptask.o [1]
read_device_info        0x08033b29    0x2c2  Code  Gb  para.o [1]
read_file_select        0x2001eef0      0xc  Data  Gb  protocol.o [1]
read_from_disk          0x08034079    0xc34  Code  Gb  para.o [1]
remove_chain            0x0803650b     0x76  Code  Lc  ff.o [1]
rfid_rev_buf            0x2001edb4     0x14  Data  Gb  rc522.o [1]
rfid_rev_cnt            0x2001f034      0x1  Data  Gb  rc522.o [1]
rfid_rev_flag           0x2001f033      0x1  Data  Gb  rc522.o [1]
rtc_time                0x2001ef0c      0x8  Data  Gb  protocol.o [1]
s_TIM_CallBack1         0x2001ef74      0x4  Data  Lc  bsp_timer.o [1]
s_TIM_CallBack2         0x2001ef78      0x4  Data  Lc  bsp_timer.o [1]
s_TIM_CallBack3         0x2001ef7c      0x4  Data  Lc  bsp_timer.o [1]
s_TIM_CallBack4         0x2001ef80      0x4  Data  Lc  bsp_timer.o [1]
sample_time             0x2001f004      0x2  Data  Gb  apptask.o [1]
sdew_weimi_page1        0x08031525    0x302  Code  Gb  bsp_sdwe050c17.o [1]
sdew_weimi_page2        0x08031835    0x25e  Code  Gb  bsp_sdwe050c17.o [1]
sdew_weisha_page1       0x08031a93     0xba  Code  Gb  bsp_sdwe050c17.o [1]
sdew_weisha_page2       0x08031b55     0xba  Code  Gb  bsp_sdwe050c17.o [1]
servomotor_mode         0x2001f02b      0x1  Data  Gb  page_weimi.o [1]
servomotor_step         0x2001f012      0x2  Data  Gb  page_weimi.o [1]
slave_info              0x2001eeb4      0xc  Data  Gb  apptask.o [1]
speed_zhu               0x2001f010      0x2  Data  Gb  page_weimi.o [1]
sprintf                 0x080382f5     0x34  Code  Gb  sprintf.o [3]
sscanf                  0x0803bb09     0x24  Code  Gb  sscanf.o [3]
st_clust                0x080368d5     0x18  Code  Lc  ff.o [1]
step_motor_adjust       0x2001f02a      0x1  Data  Gb  page_weimi.o [1]
strcat                  0x08038329     0x1c  Code  Gb  strcat.o [3]
strchr                  0x0803da91           Code  Gb  strchr.o [5]
strlen                  0x08033af1           Code  Gb  strlen.o [5]
strstr                  0x080388b5     0x10  Code  Gb  para.o [1]
sum_sfn                 0x08036ba9     0x20  Code  Lc  ff.o [1]
sync_fs                 0x08036191     0xd8  Code  Lc  ff.o [1]
sync_window             0x080360f7     0x5a  Code  Lc  ff.o [1]
system_state_dis        0x080444ec    0x190  Data  Gb  product_cal.o [1]
tolower                 0x08041e61     0x14  Code  Gb  tolower.o [3]
total_meter_gross       0x2001ef98      0x4  Data  Gb  product_cal.o [1]
total_weight_gross      0x2001ef9c      0x4  Data  Gb  product_cal.o [1]
ucHeap                  0x20000248  0x11800  Data  Lc  heap_4.o [1]
ucMaxSysCallPriority    0x2001f02e      0x1  Data  Lc  port.o [1]
ulHighFrequencyTimerTicks
                        0x2001efa0      0x4  Data  Gb  SysInfoTest.o [1]
ulMaxPRIGROUPValue      0x2001ef94      0x4  Data  Lc  port.o [1]
ulTaskSwitchedInTime    0x2001efdc      0x4  Data  Lc  tasks.o [1]
ulTotalRunTime          0x2001efe0      0x4  Data  Lc  tasks.o [1]
uni2oem                 0x08000188  0x15484  Data  Lc  cc936.o [1]
usb_disk_flag           0x2001f01d      0x1  Data  Gb  apptask.o [1]
usbh_OpenMassStorage    0x08035559     0x14  Code  Gb  usbh_usr.o [1]
uxCriticalNesting       0x20000230      0x4  Data  Lc  port.o [1]
uxCurrentNumberOfTasks  0x2001efb4      0x4  Data  Lc  tasks.o [1]
uxListRemove            0x0803999d     0x28  Code  Gb  list.o [1]
uxPendedTicks           0x2001efc4      0x4  Data  Lc  tasks.o [1]
uxSchedulerSuspended    0x2001efd8      0x4  Data  Lc  tasks.o [1]
uxTaskNumber            0x2001efd0      0x4  Data  Lc  tasks.o [1]
uxTaskResetEventItemValue
                        0x08032dad     0x20  Code  Gb  tasks.o [1]
uxTasksDeleted          0x2001efb0      0x4  Data  Lc  tasks.o [1]
uxTopReadyPriority      0x2001efbc      0x4  Data  Lc  tasks.o [1]
vListInitialise         0x0803992d     0x1e  Code  Gb  list.o [1]
vListInsert             0x08039963     0x3a  Code  Gb  list.o [1]
vListInsertEnd          0x0803994b     0x18  Code  Gb  list.o [1]
vPortEnableVFP          0x0803d7ad           Code  Gb  portasm.o [1]
vPortEnterCritical      0x080397fb     0x3a  Code  Gb  port.o [1]
vPortExitCritical       0x08039835     0x32  Code  Gb  port.o [1]
vPortFree               0x08039add     0x78  Code  Gb  heap_4.o [1]
vPortSetupTimerInterrupt
                        0x08039893      0xe  Code  Wk  port.o [1]
vPortStartFirstTask     0x0803d795           Code  Gb  portasm.o [1]
vPortValidateInterruptPriority
                        0x080398a1     0x4e  Code  Gb  port.o [1]
vQueueWaitForMessageRestricted
                        0x080305f5     0x44  Code  Gb  queue.o [1]
vSetupSysInfoTest       0x08044c89     0x12  Code  Gb  SysInfoTest.o [1]
vTaskDelay              0x080323a5     0x84  Code  Gb  tasks.o [1]
vTaskFreq               0x0802f605    0x1a0  Code  Lc  apptask.o [1]
vTaskManageCapacity     0x0802e795    0x622  Code  Gb  apptask.o [1]
vTaskMassStorage        0x0802d559    0x5a4  Code  Lc  apptask.o [1]
vTaskMissedYield        0x08032b3f      0xa  Code  Gb  tasks.o [1]
vTaskMotorControl       0x0802ee29    0x7aa  Code  Lc  apptask.o [1]
vTaskMsgPro             0x0802df69    0x434  Code  Lc  apptask.o [1]
vTaskPlaceOnEventList   0x080327a5     0x74  Code  Gb  tasks.o [1]
vTaskPlaceOnEventListRestricted
                        0x080328dd     0x80  Code  Gb  tasks.o [1]
vTaskPlaceOnUnorderedEventList
                        0x08032835     0xa8  Code  Gb  tasks.o [1]
vTaskReadDisk           0x0802e4d1    0x26a  Code  Lc  apptask.o [1]
vTaskRev485             0x0802e3c1     0xba  Code  Lc  apptask.o [1]
vTaskSetTimeOutState    0x08032a89     0x26  Code  Gb  tasks.o [1]
vTaskStartScheduler     0x08032429     0x7e  Code  Gb  tasks.o [1]
vTaskSuspendAll         0x080324a7     0x10  Code  Gb  tasks.o [1]
vTaskSwitchContext      0x080326f5     0xb0  Code  Gb  tasks.o [1]
vTaskTaskLCD            0x0802aa91   0x2a84  Code  Gb  apptask.o [1]
vTaskTaskLED            0x0802db2d     0x20  Code  Lc  apptask.o [1]
vTaskTaskRFID           0x0802db4d    0x3cc  Code  Lc  apptask.o [1]
valid_seg               0x2001f02d      0x1  Data  Gb  page_weimi.o [1]
validate                0x0803794f     0x36  Code  Lc  ff.o [1]
weimi_para              0x2001e5a0    0x118  Data  Gb  page_weimi.o [1]
work_idle               0x2001f031      0x1  Data  Gb  product_cal.o [1]
work_idle_time          0x2001f014      0x2  Data  Gb  product_cal.o [1]
xActiveTimerList1       0x2001ee2c     0x14  Data  Lc  timers.o [1]
xActiveTimerList2       0x2001ee40     0x14  Data  Lc  timers.o [1]
xBlockAllocatedBit      0x2001ef90      0x4  Data  Lc  heap_4.o [1]
xDelayedTaskList1       0x2001edc8     0x14  Data  Lc  tasks.o [1]
xDelayedTaskList2       0x2001eddc     0x14  Data  Lc  tasks.o [1]
xEventGroupCreate       0x08038fd1     0x1c  Code  Gb  event_groups.o [1]
xEventGroupSetBits      0x08039139     0xd6  Code  Gb  event_groups.o [1]
xEventGroupWaitBits     0x08038fed    0x146  Code  Gb  event_groups.o [1]
xFreeBytesRemaining     0x2001ef88      0x4  Data  Lc  heap_4.o [1]
xHandleTaskFreq         0x2001ef38      0x4  Data  Gb  apptask.o [1]
xHandleTaskLCD          0x2001ef14      0x4  Data  Gb  apptask.o [1]
xHandleTaskLED          0x2001ef18      0x4  Data  Gb  apptask.o [1]
xHandleTaskManageCapacity
                        0x2001ef30      0x4  Data  Gb  apptask.o [1]
xHandleTaskMassStorage  0x2001ef20      0x4  Data  Gb  apptask.o [1]
xHandleTaskMotorControl
                        0x2001ef34      0x4  Data  Gb  apptask.o [1]
xHandleTaskMsgPro       0x2001ef28      0x4  Data  Gb  apptask.o [1]
xHandleTaskRFID         0x2001ef1c      0x4  Data  Gb  apptask.o [1]
xHandleTaskReadDisk     0x2001ef24      0x4  Data  Gb  apptask.o [1]
xHandleTaskRev485       0x2001ef2c      0x4  Data  Gb  apptask.o [1]
xHeapStructSize         0x08045c3c      0x4  Data  Lc  heap_4.o [1]
xMinimumEverFreeBytesRemaining
                        0x2001ef8c      0x4  Data  Lc  heap_4.o [1]
xNextTaskUnblockTime    0x2001efd4      0x4  Data  Lc  tasks.o [1]
xNumOfOverflows         0x2001efcc      0x4  Data  Lc  tasks.o [1]
xPendingReadyList       0x2001edf0     0x14  Data  Lc  tasks.o [1]
xPortStartScheduler     0x0803972f     0xcc  Code  Gb  port.o [1]
xQueueGenericCreate     0x0802ff01     0x7e  Code  Gb  queue.o [1]
xQueueGenericReceive    0x080302f5    0x19c  Code  Gb  queue.o [1]
xQueueGenericReset      0x0802fe71     0x90  Code  Gb  queue.o [1]
xQueueGenericSend       0x0802ff7f    0x1b2  Code  Gb  queue.o [1]
xQueueGenericSendFromISR
                        0x08030131     0xec  Code  Gb  queue.o [1]
xQueueGiveFromISR       0x0803021d     0xd8  Code  Gb  queue.o [1]
xQueue_message          0x2001ef5c      0x4  Data  Gb  apptask.o [1]
xSchedulerRunning       0x2001efc0      0x4  Data  Lc  tasks.o [1]
xSemaphore_download     0x2001ef4c      0x4  Data  Gb  apptask.o [1]
xSemaphore_encoder      0x2001ef48      0x4  Data  Gb  apptask.o [1]
xSemaphore_lcd          0x2001ef3c      0x4  Data  Gb  apptask.o [1]
xSemaphore_pluse        0x2001ef44      0x4  Data  Gb  apptask.o [1]
xSemaphore_readDisk     0x2001ef50      0x4  Data  Gb  apptask.o [1]
xSemaphore_rs485        0x2001ef40      0x4  Data  Gb  apptask.o [1]
xStart                  0x2001eefc      0x8  Data  Lc  heap_4.o [1]
xSuspendedTaskList      0x2001ee18     0x14  Data  Lc  tasks.o [1]
xTaskCheckForTimeOut    0x08032ab5     0x8a  Code  Gb  tasks.o [1]
xTaskGenericCreate      0x08032221    0x184  Code  Gb  tasks.o [1]
xTaskGetSchedulerState  0x08032d73     0x26  Code  Gb  tasks.o [1]
xTaskGetTickCount       0x080325b7      0xa  Code  Gb  tasks.o [1]
xTaskIncrementTick      0x080325c1    0x134  Code  Gb  tasks.o [1]
xTaskRemoveFromEventList
                        0x08032961     0x8e  Code  Gb  tasks.o [1]
xTaskRemoveFromUnorderedEventList
                        0x080329f5     0x94  Code  Gb  tasks.o [1]
xTaskResumeAll          0x080324b7    0x100  Code  Gb  tasks.o [1]
xTasksWaitingTermination
                        0x2001ee04     0x14  Data  Lc  tasks.o [1]
xTickCount              0x2001efb8      0x4  Data  Lc  tasks.o [1]
xTimerCreate            0x08039285     0x62  Code  Gb  timers.o [1]
xTimerCreateTimerTask   0x08039235     0x50  Code  Gb  timers.o [1]
xTimerGenericCommand    0x080392e7     0x84  Code  Gb  timers.o [1]
xTimerQueue             0x2001efec      0x4  Data  Lc  timers.o [1]
xTimerUser              0x2001ef58      0x4  Data  Gb  apptask.o [1]
xYieldPending           0x2001efc8      0x4  Data  Lc  tasks.o [1]


[1] = E:\WORK\YarnControl_Driver\YarnControl_Driver\src\stm32f4_rtos\Project\EWARMv7\Flash\Obj
[2] = command line
[3] = dl7M_tlf.a
[4] = m7M_tls.a
[5] = rt7M_tl.a
[6] = shb_l.a

  103 858 bytes of readonly  code memory
  182 471 bytes of readonly  data memory
  129 082 bytes of readwrite data memory (+ 1 044 480 absolute)

Errors: none
Warnings: none
