###############################################################################
#
# IAR ELF Linker V7.40.7.9843/W32 for ARM                 14/Mar/2019  10:25:58
# Copyright 2007-2015 IAR Systems AB.
#
#    Output file  =  
#        E:\WORK\YarnControl_Driver\YarnControl_Driver\src\stm32f4_rtos\Project\EWARMv7\Flash\Exe\project.out
#    Map file     =  
#        E:\WORK\YarnControl_Driver\YarnControl_Driver\src\stm32f4_rtos\Project\EWARMv7\Flash\List\project.map
#    Command line =  
#        E:\WORK\YarnControl_Driver\YarnControl_Driver\src\stm32f4_rtos\Project\EWARMv7\Flash\Obj\apptask.o
#        E:\WORK\YarnControl_Driver\YarnControl_Driver\src\stm32f4_rtos\Project\EWARMv7\Flash\Obj\bsp.o
#        E:\WORK\YarnControl_Driver\YarnControl_Driver\src\stm32f4_rtos\Project\EWARMv7\Flash\Obj\bsp_closeSW.o
#        E:\WORK\YarnControl_Driver\YarnControl_Driver\src\stm32f4_rtos\Project\EWARMv7\Flash\Obj\bsp_dwt.o
#        E:\WORK\YarnControl_Driver\YarnControl_Driver\src\stm32f4_rtos\Project\EWARMv7\Flash\Obj\bsp_led.o
#        E:\WORK\YarnControl_Driver\YarnControl_Driver\src\stm32f4_rtos\Project\EWARMv7\Flash\Obj\bsp_relay.o
#        E:\WORK\YarnControl_Driver\YarnControl_Driver\src\stm32f4_rtos\Project\EWARMv7\Flash\Obj\bsp_sdio_sd.o
#        E:\WORK\YarnControl_Driver\YarnControl_Driver\src\stm32f4_rtos\Project\EWARMv7\Flash\Obj\bsp_sdwe050c17.o
#        E:\WORK\YarnControl_Driver\YarnControl_Driver\src\stm32f4_rtos\Project\EWARMv7\Flash\Obj\bsp_servomotor.o
#        E:\WORK\YarnControl_Driver\YarnControl_Driver\src\stm32f4_rtos\Project\EWARMv7\Flash\Obj\bsp_spi.o
#        E:\WORK\YarnControl_Driver\YarnControl_Driver\src\stm32f4_rtos\Project\EWARMv7\Flash\Obj\bsp_stepmotor.o
#        E:\WORK\YarnControl_Driver\YarnControl_Driver\src\stm32f4_rtos\Project\EWARMv7\Flash\Obj\bsp_sw_onoff.o
#        E:\WORK\YarnControl_Driver\YarnControl_Driver\src\stm32f4_rtos\Project\EWARMv7\Flash\Obj\bsp_tim_pwm.o
#        E:\WORK\YarnControl_Driver\YarnControl_Driver\src\stm32f4_rtos\Project\EWARMv7\Flash\Obj\bsp_timer.o
#        E:\WORK\YarnControl_Driver\YarnControl_Driver\src\stm32f4_rtos\Project\EWARMv7\Flash\Obj\bsp_uart_fifo.o
#        E:\WORK\YarnControl_Driver\YarnControl_Driver\src\stm32f4_rtos\Project\EWARMv7\Flash\Obj\bsp_w25qxx.o
#        E:\WORK\YarnControl_Driver\YarnControl_Driver\src\stm32f4_rtos\Project\EWARMv7\Flash\Obj\bsp_watchdog.o
#        E:\WORK\YarnControl_Driver\YarnControl_Driver\src\stm32f4_rtos\Project\EWARMv7\Flash\Obj\cc936.o
#        E:\WORK\YarnControl_Driver\YarnControl_Driver\src\stm32f4_rtos\Project\EWARMv7\Flash\Obj\cJSON.o
#        E:\WORK\YarnControl_Driver\YarnControl_Driver\src\stm32f4_rtos\Project\EWARMv7\Flash\Obj\croutine.o
#        E:\WORK\YarnControl_Driver\YarnControl_Driver\src\stm32f4_rtos\Project\EWARMv7\Flash\Obj\demo_fatfs.o
#        E:\WORK\YarnControl_Driver\YarnControl_Driver\src\stm32f4_rtos\Project\EWARMv7\Flash\Obj\diskio.o
#        E:\WORK\YarnControl_Driver\YarnControl_Driver\src\stm32f4_rtos\Project\EWARMv7\Flash\Obj\encoder_tim.o
#        E:\WORK\YarnControl_Driver\YarnControl_Driver\src\stm32f4_rtos\Project\EWARMv7\Flash\Obj\esp8266_handler.o
#        E:\WORK\YarnControl_Driver\YarnControl_Driver\src\stm32f4_rtos\Project\EWARMv7\Flash\Obj\esp8266_init.o
#        E:\WORK\YarnControl_Driver\YarnControl_Driver\src\stm32f4_rtos\Project\EWARMv7\Flash\Obj\event_groups.o
#        E:\WORK\YarnControl_Driver\YarnControl_Driver\src\stm32f4_rtos\Project\EWARMv7\Flash\Obj\ff.o
#        E:\WORK\YarnControl_Driver\YarnControl_Driver\src\stm32f4_rtos\Project\EWARMv7\Flash\Obj\heap_4.o
#        E:\WORK\YarnControl_Driver\YarnControl_Driver\src\stm32f4_rtos\Project\EWARMv7\Flash\Obj\list.o
#        E:\WORK\YarnControl_Driver\YarnControl_Driver\src\stm32f4_rtos\Project\EWARMv7\Flash\Obj\main.o
#        E:\WORK\YarnControl_Driver\YarnControl_Driver\src\stm32f4_rtos\Project\EWARMv7\Flash\Obj\malloc.o
#        E:\WORK\YarnControl_Driver\YarnControl_Driver\src\stm32f4_rtos\Project\EWARMv7\Flash\Obj\mcheck.o
#        E:\WORK\YarnControl_Driver\YarnControl_Driver\src\stm32f4_rtos\Project\EWARMv7\Flash\Obj\misc.o
#        E:\WORK\YarnControl_Driver\YarnControl_Driver\src\stm32f4_rtos\Project\EWARMv7\Flash\Obj\modbus.o
#        E:\WORK\YarnControl_Driver\YarnControl_Driver\src\stm32f4_rtos\Project\EWARMv7\Flash\Obj\MQTTConnectClient.o
#        E:\WORK\YarnControl_Driver\YarnControl_Driver\src\stm32f4_rtos\Project\EWARMv7\Flash\Obj\MQTTConnectServer.o
#        E:\WORK\YarnControl_Driver\YarnControl_Driver\src\stm32f4_rtos\Project\EWARMv7\Flash\Obj\MQTTDeserializePublish.o
#        E:\WORK\YarnControl_Driver\YarnControl_Driver\src\stm32f4_rtos\Project\EWARMv7\Flash\Obj\MQTTFormat.o
#        E:\WORK\YarnControl_Driver\YarnControl_Driver\src\stm32f4_rtos\Project\EWARMv7\Flash\Obj\MQTTPacket.o
#        E:\WORK\YarnControl_Driver\YarnControl_Driver\src\stm32f4_rtos\Project\EWARMv7\Flash\Obj\MQTTSerializePublish.o
#        E:\WORK\YarnControl_Driver\YarnControl_Driver\src\stm32f4_rtos\Project\EWARMv7\Flash\Obj\MQTTSubscribeClient.o
#        E:\WORK\YarnControl_Driver\YarnControl_Driver\src\stm32f4_rtos\Project\EWARMv7\Flash\Obj\MQTTSubscribeServer.o
#        E:\WORK\YarnControl_Driver\YarnControl_Driver\src\stm32f4_rtos\Project\EWARMv7\Flash\Obj\MQTTUnsubscribeClient.o
#        E:\WORK\YarnControl_Driver\YarnControl_Driver\src\stm32f4_rtos\Project\EWARMv7\Flash\Obj\MQTTUnsubscribeServer.o
#        E:\WORK\YarnControl_Driver\YarnControl_Driver\src\stm32f4_rtos\Project\EWARMv7\Flash\Obj\page_weimi.o
#        E:\WORK\YarnControl_Driver\YarnControl_Driver\src\stm32f4_rtos\Project\EWARMv7\Flash\Obj\para.o
#        E:\WORK\YarnControl_Driver\YarnControl_Driver\src\stm32f4_rtos\Project\EWARMv7\Flash\Obj\port.o
#        E:\WORK\YarnControl_Driver\YarnControl_Driver\src\stm32f4_rtos\Project\EWARMv7\Flash\Obj\portasm.o
#        E:\WORK\YarnControl_Driver\YarnControl_Driver\src\stm32f4_rtos\Project\EWARMv7\Flash\Obj\product_cal.o
#        E:\WORK\YarnControl_Driver\YarnControl_Driver\src\stm32f4_rtos\Project\EWARMv7\Flash\Obj\protocol.o
#        E:\WORK\YarnControl_Driver\YarnControl_Driver\src\stm32f4_rtos\Project\EWARMv7\Flash\Obj\pub0sub1.o
#        E:\WORK\YarnControl_Driver\YarnControl_Driver\src\stm32f4_rtos\Project\EWARMv7\Flash\Obj\queue.o
#        E:\WORK\YarnControl_Driver\YarnControl_Driver\src\stm32f4_rtos\Project\EWARMv7\Flash\Obj\rc522.o
#        E:\WORK\YarnControl_Driver\YarnControl_Driver\src\stm32f4_rtos\Project\EWARMv7\Flash\Obj\startup_stm32f40_41xxx.o
#        E:\WORK\YarnControl_Driver\YarnControl_Driver\src\stm32f4_rtos\Project\EWARMv7\Flash\Obj\stm32f4xx_adc.o
#        E:\WORK\YarnControl_Driver\YarnControl_Driver\src\stm32f4_rtos\Project\EWARMv7\Flash\Obj\stm32f4xx_assert.o
#        E:\WORK\YarnControl_Driver\YarnControl_Driver\src\stm32f4_rtos\Project\EWARMv7\Flash\Obj\stm32f4xx_can.o
#        E:\WORK\YarnControl_Driver\YarnControl_Driver\src\stm32f4_rtos\Project\EWARMv7\Flash\Obj\stm32f4xx_crc.o
#        E:\WORK\YarnControl_Driver\YarnControl_Driver\src\stm32f4_rtos\Project\EWARMv7\Flash\Obj\stm32f4xx_cryp.o
#        E:\WORK\YarnControl_Driver\YarnControl_Driver\src\stm32f4_rtos\Project\EWARMv7\Flash\Obj\stm32f4xx_cryp_aes.o
#        E:\WORK\YarnControl_Driver\YarnControl_Driver\src\stm32f4_rtos\Project\EWARMv7\Flash\Obj\stm32f4xx_cryp_des.o
#        E:\WORK\YarnControl_Driver\YarnControl_Driver\src\stm32f4_rtos\Project\EWARMv7\Flash\Obj\stm32f4xx_cryp_tdes.o
#        E:\WORK\YarnControl_Driver\YarnControl_Driver\src\stm32f4_rtos\Project\EWARMv7\Flash\Obj\stm32f4xx_dac.o
#        E:\WORK\YarnControl_Driver\YarnControl_Driver\src\stm32f4_rtos\Project\EWARMv7\Flash\Obj\stm32f4xx_dbgmcu.o
#        E:\WORK\YarnControl_Driver\YarnControl_Driver\src\stm32f4_rtos\Project\EWARMv7\Flash\Obj\stm32f4xx_dcmi.o
#        E:\WORK\YarnControl_Driver\YarnControl_Driver\src\stm32f4_rtos\Project\EWARMv7\Flash\Obj\stm32f4xx_dma.o
#        E:\WORK\YarnControl_Driver\YarnControl_Driver\src\stm32f4_rtos\Project\EWARMv7\Flash\Obj\stm32f4xx_dma2d.o
#        E:\WORK\YarnControl_Driver\YarnControl_Driver\src\stm32f4_rtos\Project\EWARMv7\Flash\Obj\stm32f4xx_exti.o
#        E:\WORK\YarnControl_Driver\YarnControl_Driver\src\stm32f4_rtos\Project\EWARMv7\Flash\Obj\stm32f4xx_flash.o
#        E:\WORK\YarnControl_Driver\YarnControl_Driver\src\stm32f4_rtos\Project\EWARMv7\Flash\Obj\stm32f4xx_fsmc.o
#        E:\WORK\YarnControl_Driver\YarnControl_Driver\src\stm32f4_rtos\Project\EWARMv7\Flash\Obj\stm32f4xx_gpio.o
#        E:\WORK\YarnControl_Driver\YarnControl_Driver\src\stm32f4_rtos\Project\EWARMv7\Flash\Obj\stm32f4xx_hash.o
#        E:\WORK\YarnControl_Driver\YarnControl_Driver\src\stm32f4_rtos\Project\EWARMv7\Flash\Obj\stm32f4xx_hash_md5.o
#        E:\WORK\YarnControl_Driver\YarnControl_Driver\src\stm32f4_rtos\Project\EWARMv7\Flash\Obj\stm32f4xx_hash_sha1.o
#        E:\WORK\YarnControl_Driver\YarnControl_Driver\src\stm32f4_rtos\Project\EWARMv7\Flash\Obj\stm32f4xx_i2c.o
#        E:\WORK\YarnControl_Driver\YarnControl_Driver\src\stm32f4_rtos\Project\EWARMv7\Flash\Obj\stm32f4xx_it.o
#        E:\WORK\YarnControl_Driver\YarnControl_Driver\src\stm32f4_rtos\Project\EWARMv7\Flash\Obj\stm32f4xx_iwdg.o
#        E:\WORK\YarnControl_Driver\YarnControl_Driver\src\stm32f4_rtos\Project\EWARMv7\Flash\Obj\stm32f4xx_ltdc.o
#        E:\WORK\YarnControl_Driver\YarnControl_Driver\src\stm32f4_rtos\Project\EWARMv7\Flash\Obj\stm32f4xx_pwr.o
#        E:\WORK\YarnControl_Driver\YarnControl_Driver\src\stm32f4_rtos\Project\EWARMv7\Flash\Obj\stm32f4xx_rcc.o
#        E:\WORK\YarnControl_Driver\YarnControl_Driver\src\stm32f4_rtos\Project\EWARMv7\Flash\Obj\stm32f4xx_rng.o
#        E:\WORK\YarnControl_Driver\YarnControl_Driver\src\stm32f4_rtos\Project\EWARMv7\Flash\Obj\stm32f4xx_rtc.o
#        E:\WORK\YarnControl_Driver\YarnControl_Driver\src\stm32f4_rtos\Project\EWARMv7\Flash\Obj\stm32f4xx_sai.o
#        E:\WORK\YarnControl_Driver\YarnControl_Driver\src\stm32f4_rtos\Project\EWARMv7\Flash\Obj\stm32f4xx_sdio.o
#        E:\WORK\YarnControl_Driver\YarnControl_Driver\src\stm32f4_rtos\Project\EWARMv7\Flash\Obj\stm32f4xx_spi.o
#        E:\WORK\YarnControl_Driver\YarnControl_Driver\src\stm32f4_rtos\Project\EWARMv7\Flash\Obj\stm32f4xx_syscfg.o
#        E:\WORK\YarnControl_Driver\YarnControl_Driver\src\stm32f4_rtos\Project\EWARMv7\Flash\Obj\stm32f4xx_tim.o
#        E:\WORK\YarnControl_Driver\YarnControl_Driver\src\stm32f4_rtos\Project\EWARMv7\Flash\Obj\stm32f4xx_usart.o
#        E:\WORK\YarnControl_Driver\YarnControl_Driver\src\stm32f4_rtos\Project\EWARMv7\Flash\Obj\stm32f4xx_wwdg.o
#        E:\WORK\YarnControl_Driver\YarnControl_Driver\src\stm32f4_rtos\Project\EWARMv7\Flash\Obj\SysInfoTest.o
#        E:\WORK\YarnControl_Driver\YarnControl_Driver\src\stm32f4_rtos\Project\EWARMv7\Flash\Obj\system_stm32f4xx.o
#        E:\WORK\YarnControl_Driver\YarnControl_Driver\src\stm32f4_rtos\Project\EWARMv7\Flash\Obj\tasks.o
#        E:\WORK\YarnControl_Driver\YarnControl_Driver\src\stm32f4_rtos\Project\EWARMv7\Flash\Obj\timer_platform.o
#        E:\WORK\YarnControl_Driver\YarnControl_Driver\src\stm32f4_rtos\Project\EWARMv7\Flash\Obj\timers.o
#        E:\WORK\YarnControl_Driver\YarnControl_Driver\src\stm32f4_rtos\Project\EWARMv7\Flash\Obj\transport.o
#        E:\WORK\YarnControl_Driver\YarnControl_Driver\src\stm32f4_rtos\Project\EWARMv7\Flash\Obj\usb_bsp.o
#        E:\WORK\YarnControl_Driver\YarnControl_Driver\src\stm32f4_rtos\Project\EWARMv7\Flash\Obj\usb_core.o
#        E:\WORK\YarnControl_Driver\YarnControl_Driver\src\stm32f4_rtos\Project\EWARMv7\Flash\Obj\usb_hcd.o
#        E:\WORK\YarnControl_Driver\YarnControl_Driver\src\stm32f4_rtos\Project\EWARMv7\Flash\Obj\usb_hcd_int.o
#        E:\WORK\YarnControl_Driver\YarnControl_Driver\src\stm32f4_rtos\Project\EWARMv7\Flash\Obj\usbh_core.o
#        E:\WORK\YarnControl_Driver\YarnControl_Driver\src\stm32f4_rtos\Project\EWARMv7\Flash\Obj\usbh_hcs.o
#        E:\WORK\YarnControl_Driver\YarnControl_Driver\src\stm32f4_rtos\Project\EWARMv7\Flash\Obj\usbh_ioreq.o
#        E:\WORK\YarnControl_Driver\YarnControl_Driver\src\stm32f4_rtos\Project\EWARMv7\Flash\Obj\usbh_it.o
#        E:\WORK\YarnControl_Driver\YarnControl_Driver\src\stm32f4_rtos\Project\EWARMv7\Flash\Obj\usbh_msc_bot.o
#        E:\WORK\YarnControl_Driver\YarnControl_Driver\src\stm32f4_rtos\Project\EWARMv7\Flash\Obj\usbh_msc_core.o
#        E:\WORK\YarnControl_Driver\YarnControl_Driver\src\stm32f4_rtos\Project\EWARMv7\Flash\Obj\usbh_msc_scsi.o
#        E:\WORK\YarnControl_Driver\YarnControl_Driver\src\stm32f4_rtos\Project\EWARMv7\Flash\Obj\usbh_stdreq.o
#        E:\WORK\YarnControl_Driver\YarnControl_Driver\src\stm32f4_rtos\Project\EWARMv7\Flash\Obj\usbh_usr.o
#        -o
#        E:\WORK\YarnControl_Driver\YarnControl_Driver\src\stm32f4_rtos\Project\EWARMv7\Flash\Exe\project.out
#        --map
#        E:\WORK\YarnControl_Driver\YarnControl_Driver\src\stm32f4_rtos\Project\EWARMv7\Flash\List\project.map
#        --config
#        E:\WORK\YarnControl_Driver\YarnControl_Driver\src\stm32f4_rtos\Project\EWARMv7\stm32f4xx_flash.icf
#        --semihosting --entry __iar_program_start --inline --vfe
#
###############################################################################

*******************************************************************************
*** RUNTIME MODEL ATTRIBUTES
***

CppFlavor                     = *
__Heap_Handler                = DLMalloc
__SystemLibrary               = DLib
__dlib_dynamic_initialization = normal


*******************************************************************************
*** PLACEMENT SUMMARY
***

"A1":  place at 0x08000000 { ro section .intvec };
"P1":  place in [from 0x08000000 to 0x080fffff] { ro };
"P2":  place in [from 0x20000000 to 0x2001ffff] { rw, block CSTACK, block HEAP };

  Section             Kind        Address     Size  Object
  -------             ----        -------     ----  ------
"A1":                                        0x188
  .intvec             ro code  0x08000000    0x188  startup_stm32f40_41xxx.o [1]
                             - 0x08000188    0x188

"P1":                                      0x47f59
  .rodata             const    0x08000188  0x15484  cc936.o [1]
  .rodata             const    0x0801560c  0x15484  cc936.o [1]
  .text               ro code  0x0802aa90   0x5e7c  apptask.o [1]
  .text               ro code  0x0803090c    0x7c8  queue.o [1]
  .text               ro code  0x080310d4   0x16cc  bsp_sdwe050c17.o [1]
  .text               ro code  0x080327a0    0x524  product_cal.o [1]
  .text               ro code  0x08032cc4     0x66  ABImemset.o [5]
  .text               ro code  0x08032d2a     0x1e  xsscin.o [3]
  .text               ro code  0x08032d48    0xc00  tasks.o [1]
  .text               ro code  0x08033948    0x380  bsp_w25qxx.o [1]
  .text               ro code  0x08033cc8     0x4e  FltToDbl.o [4]
  .text               ro code  0x08033d16     0x1a  xsnprout.o [3]
  .text               ro code  0x08033d30     0x24  printf.o [3]
  .text               ro code  0x08033d54     0x76  ABImemcpy_unaligned.o [5]
  .text               ro code  0x08033dca      0xa  xsprout.o [3]
  .text               ro code  0x08033dd4     0x42  strcmp_unaligned.o [5]
  .text               ro code  0x08033e18    0x21c  malloc.o [1]
  .text               ro code  0x08034034     0x30  I32ToDbl.o [4]
  .text               ro code  0x08034064    0x256  DblDiv.o [4]
  .text               ro code  0x080342bc     0xe8  DblAdd.o [4]
  .text               ro code  0x080343a4    0x1a2  DblMul.o [4]
  .text               ro code  0x08034548     0x58  DblToI32.o [4]
  .text               ro code  0x080345a0     0x90  DblToFlt.o [4]
  .text               ro code  0x08034630     0x36  strlen.o [5]
  .text               ro code  0x08034668   0x13fa  para.o [1]
  .text               ro code  0x08035a64    0x248  page_weimi.o [1]
  .text               ro code  0x08035cac     0x62  memcmp_unaligned.o [5]
  .text               ro code  0x08035d10    0x48c  bsp_servomotor.o [1]
  .text               ro code  0x0803619c    0x1a2  usbh_usr.o [1]
  .text               ro code  0x08036340    0x760  usbh_core.o [1]
  .text               ro code  0x08036aa0   0x2498  ff.o [1]
  .text               ro code  0x08038f38     0x34  sprintf.o [3]
  .text               ro code  0x08038f6c     0x1c  strcat.o [3]
  .text               ro code  0x08038f88     0xc0  bsp_led.o [1]
  .text               ro code  0x08039048     0xae  rc522.o [1]
  .text               ro code  0x080390f8    0x354  modbus.o [1]
  .text               ro code  0x0803944c     0x68  bsp_sw_onoff.o [1]
  .text               ro code  0x080394b4     0x44  protocol.o [1]
  .text               ro code  0x080394f8     0x10  para.o [1]
  .text               ro code  0x08039508     0xd4  bsp_closeSW.o [1]
  .text               ro code  0x080395dc    0x12c  stm32f4xx_gpio.o [1]
  .text               ro code  0x08039708    0x324  bsp_stepmotor.o [1]
  .text               ro code  0x08039a2c    0x25c  encoder_tim.o [1]
  .text               ro code  0x08039c88     0x7c  esp8266_init.o [1]
  .text               ro code  0x08039d04    0x32c  esp8266_handler.o [1]
  .text               ro code  0x0803a030    0x394  pub0sub1.o [1]
  .text               ro code  0x0803a3c4    0x262  event_groups.o [1]
  .text               ro code  0x0803a628    0x4a4  timers.o [1]
  .text               ro code  0x0803aacc      0x8  bsp_watchdog.o [1]
  .text               ro code  0x0803aad4    0x24c  port.o [1]
  .text               ro code  0x0803ad20     0x98  list.o [1]
  .text               ro code  0x0803adb8    0x280  heap_4.o [1]
  .text               ro code  0x0803b038    0x1e8  stm32f4xx_rcc.o [1]
  .text               ro code  0x0803b220     0x74  bsp_dwt.o [1]
  .text               ro code  0x0803b294    0xa98  bsp_uart_fifo.o [1]
  .text               ro code  0x0803bd2c    0x204  bsp_timer.o [1]
  .text               ro code  0x0803bf30    0x124  bsp_spi.o [1]
  .text               ro code  0x0803c054    0xd96  xprintffull_nomb.o [3]
  .text               ro code  0x0803cdec    0x180  DblSub.o [4]
  .text               ro code  0x0803cf6c     0x44  strcpy_unaligned.o [5]
  .text               ro code  0x0803cfb0     0x24  sscanf.o [3]
  .text               ro code  0x0803cfd4    0x6e4  stm32f4xx_tim.o [1]
  .text               ro code  0x0803d6b8    0x31c  stm32f4xx_dma.o [1]
  .text               ro code  0x0803d9d4     0x88  misc.o [1]
  .text               ro code  0x0803da5c    0x14c  usb_bsp.o [1]
  .text               ro code  0x0803dba8     0xd6  usb_hcd.o [1]
  .text               ro code  0x0803dc7e    0x1ba  usbh_hcs.o [1]
  .text               ro code  0x0803de38    0x436  usbh_stdreq.o [1]
  .text               ro code  0x0803e26e    0x246  usbh_ioreq.o [1]
  .text               ro code  0x0803e4b4    0x2e4  diskio.o [1]
  .text               ro code  0x0803e798     0xf4  cc936.o [1]
  .text               ro code  0x0803e88c     0xb8  mcheck.o [1]
  .text               ro code  0x0803e944     0x2c  strstr.o [3]
  .text               ro code  0x0803e970     0x54  stm32f4xx_syscfg.o [1]
  .text               ro code  0x0803e9c4     0xc0  stm32f4xx_exti.o [1]
  .text               ro code  0x0803ea84    0x132  I64DivMod.o [5]
  .text               ro code  0x0803ebb8      0x6  ABImemclr4.o [5]
  .text               ro code  0x0803ebc0     0x44  snprintf.o [3]
  .text               ro code  0x0803ec04    0x306  MQTTConnectClient.o [1]
  .text               ro code  0x0803ef0c     0x6c  transport.o [1]
  .text               ro code  0x0803ef78    0x290  MQTTPacket.o [1]
  .text               ro code  0x0803f208     0x40  timer_platform.o [1]
  .text               ro code  0x0803f248    0x190  MQTTSubscribeClient.o [1]
  .text               ro code  0x0803f3d8     0xbc  MQTTDeserializePublish.o [1]
  .text               ro code  0x0803f494     0x10  stm32f4xx_iwdg.o [1]
  CODE                ro code  0x0803f4a4     0xa8  portasm.o [1]
  .text               ro code  0x0803f54c    0x254  stm32f4xx_usart.o [1]
  .text               ro code  0x0803f7a0     0x74  stm32f4xx_spi.o [1]
  .text               ro code  0x0803f814     0x16  strchr.o [5]
  .text               ro code  0x0803f82c     0x58  memchr.o [5]
  .text               ro code  0x0803f884     0x42  xdnorm.o [4]
  .text               ro code  0x0803f8c8     0x2e  DblCmpLe.o [4]
  .text               ro code  0x0803f8f8     0x2e  DblCmpGe.o [4]
  .text               ro code  0x0803f928    0x114  xdscale.o [4]
  .text               ro code  0x0803fa3c     0x6c  localeconv.o [3]
  .text               ro code  0x0803faa8      0xe  div.o [3]
  .text               ro code  0x0803fab8    0xb64  xscanffull_nomb.o [3]
  .text               ro code  0x0804061c    0xa50  usb_core.o [1]
  .text               ro code  0x0804106c   0x1a58  bsp_sdio_sd.o [1]
  .text               ro code  0x08042ac4    0x618  usbh_msc_scsi.o [1]
  .text               ro code  0x080430dc    0x554  usbh_msc_bot.o [1]
  .text               ro code  0x08043630      0x2  I64DivZer.o [5]
  .text               ro code  0x08043634     0x32  ABImemset48.o [5]
  .text               ro code  0x08043666     0x28  isxxx.o [3]
  .text               ro code  0x0804368e     0xa4  xstoll.o [3]
  .text               ro code  0x08043734    0x1b0  xstoull.o [3]
  .text               ro code  0x080438e4    0x168  xstold.o [4]
  .text               ro code  0x08043a4c    0x17c  stm32f4xx_sdio.o [1]
  .text               ro code  0x08043bc8     0x18  setlocale.o [3]
  .text               ro code  0x08043be0     0x16  xlocale_c.o [3]
  .text               ro code  0x08043bf6     0x14  xlocale_c.o [3]
  .text               ro code  0x08043c0c      0xc  errno.o [3]
  .text               ro code  0x08043c18     0x14  tolower.o [3]
  .text               ro code  0x08043c2c    0x124  xstopfx.o [3]
  .text               ro code  0x08043d50    0x1b8  xstoflt.o [3]
  .text               ro code  0x08043f08    0x200  xdtento.o [4]
  .text               ro code  0x08044108    0x218  xstoxflt.o [3]
  .text               ro code  0x08044320      0x2  xtls.o [3]
  .text               ro code  0x08044322      0xc  xlocale_c.o [3]
  .text               ro code  0x08044330     0x20  DblCmpEq.o [4]
  .text               ro code  0x08044350     0x52  xdunscal.o [4]
  .text               ro code  0x080443a4    0xc7e  usb_hcd_int.o [1]
  .rodata             const    0x08045024    0x400  apptask.o [1]
  .text               ro code  0x08045424    0x3e8  usbh_msc_core.o [1]
  .rodata             const    0x0804580c    0x3dc  cc936.o [1]
  .rodata             const    0x08045be8    0x3dc  cc936.o [1]
  .text               ro code  0x08045fc4    0x2e0  bsp_tim_pwm.o [1]
  .rodata             const    0x080462a4    0x190  product_cal.o [1]
  .text               ro code  0x08046434    0x154  system_stm32f4xx.o [1]
  .rodata             const    0x08046588    0x100  mcheck.o [1]
  .rodata             const    0x08046688    0x100  mcheck.o [1]
  .rodata             const    0x08046788    0x100  mcheck.o [1]
  .text               ro code  0x08046888     0xd0  packbits_init.o [5]
  .text               ro code  0x08046958      0x6  abort.o [3]
  .text               ro code  0x08046960     0x14  exit.o [6]
  .rodata             const    0x08046974     0x58  pub0sub1.o [1]
  .text               ro code  0x080469cc     0x48  bsp.o [1]
  .text               ro code  0x08046a14     0x44  bsp_relay.o [1]
  .text               ro code  0x08046a58     0x40  zero_init3.o [5]
  .text               ro code  0x08046a98     0x3c  SysInfoTest.o [1]
  .rodata             const    0x08046ad4     0x38  demo_fatfs.o [1]
  .text               ro code  0x08046b0c     0x38  stm32f4xx_it.o [1]
  .text               ro code  0x08046b44     0x34  main.o [1]
  .rodata             const    0x08046b78     0x30  apptask.o [1]
  .rodata             const    0x08046ba8     0x30  apptask.o [1]
  .rodata             const    0x08046bd8     0x30  demo_fatfs.o [1]
  .rodata             const    0x08046c08     0x30  demo_fatfs.o [1]
  .rodata             const    0x08046c38     0x2c  apptask.o [1]
  .rodata             const    0x08046c64     0x2c  demo_fatfs.o [1]
  .rodata             const    0x08046c90     0x2c  demo_fatfs.o [1]
  .rodata             const    0x08046cbc     0x2c  stm32f4xx_it.o [1]
  .rodata             const    0x08046ce8     0x28  apptask.o [1]
  .rodata             const    0x08046d10     0x28  demo_fatfs.o [1]
  .rodata             const    0x08046d38     0x28  demo_fatfs.o [1]
  .rodata             const    0x08046d60     0x28  demo_fatfs.o [1]
  .text               ro code  0x08046d88     0x28  data_init.o [5]
  .rodata             const    0x08046db0     0x24  apptask.o [1]
  .rodata             const    0x08046dd4     0x24  apptask.o [1]
  .rodata             const    0x08046df8     0x24  apptask.o [1]
  .rodata             const    0x08046e1c     0x24  apptask.o [1]
  .rodata             const    0x08046e40     0x24  apptask.o [1]
  .rodata             const    0x08046e64     0x24  apptask.o [1]
  .rodata             const    0x08046e88     0x24  apptask.o [1]
  .rodata             const    0x08046eac     0x24  apptask.o [1]
  .rodata             const    0x08046ed0     0x24  apptask.o [1]
  .rodata             const    0x08046ef4     0x24  demo_fatfs.o [1]
  .rodata             const    0x08046f18     0x24  demo_fatfs.o [1]
  .rodata             const    0x08046f3c     0x24  pub0sub1.o [1]
  .rodata             const    0x08046f60     0x24  pub0sub1.o [1]
  .rodata             const    0x08046f84     0x24  usbh_usr.o [1]
  .text               ro code  0x08046fa8     0x22  fpinit_M.o [4]
  .iar.init_table     const    0x08046fcc     0x34  - Linker created -
  .rodata             const    0x08047000     0x20  apptask.o [1]
  .rodata             const    0x08047020     0x20  apptask.o [1]
  .rodata             const    0x08047040     0x20  apptask.o [1]
  .rodata             const    0x08047060     0x20  apptask.o [1]
  .rodata             const    0x08047080     0x20  demo_fatfs.o [1]
  .rodata             const    0x080470a0     0x20  demo_fatfs.o [1]
  .rodata             const    0x080470c0     0x20  demo_fatfs.o [1]
  .rodata             const    0x080470e0     0x20  pub0sub1.o [1]
  .rodata             const    0x08047100     0x20  usbh_usr.o [1]
  .rodata             const    0x08047120     0x20  usbh_usr.o [1]
  .rodata             const    0x08047140     0x20  usbh_usr.o [1]
  .rodata             const    0x08047160     0x20  usbh_usr.o [1]
  .rodata             const    0x08047180     0x20  usbh_usr.o [1]
  .rodata             const    0x080471a0     0x1c  apptask.o [1]
  .rodata             const    0x080471bc     0x1c  apptask.o [1]
  .rodata             const    0x080471d8     0x1c  apptask.o [1]
  .rodata             const    0x080471f4     0x1c  apptask.o [1]
  .rodata             const    0x08047210     0x1c  apptask.o [1]
  .rodata             const    0x0804722c     0x1c  apptask.o [1]
  .rodata             const    0x08047248     0x1c  apptask.o [1]
  .rodata             const    0x08047264     0x1c  apptask.o [1]
  .rodata             const    0x08047280     0x1c  demo_fatfs.o [1]
  .rodata             const    0x0804729c     0x1c  demo_fatfs.o [1]
  .rodata             const    0x080472b8     0x1c  esp8266_handler.o [1]
  .rodata             const    0x080472d4     0x1c  esp8266_handler.o [1]
  .rodata             const    0x080472f0     0x1c  pub0sub1.o [1]
  .rodata             const    0x0804730c     0x1c  pub0sub1.o [1]
  .rodata             const    0x08047328     0x1c  pub0sub1.o [1]
  .rodata             const    0x08047344     0x1c  usbh_usr.o [1]
  .rodata             const    0x08047360     0x1c  usbh_usr.o [1]
  .rodata             const    0x0804737c     0x1c  usbh_usr.o [1]
  .rodata             const    0x08047398     0x1c  usbh_usr.o [1]
  .rodata             const    0x080473b4     0x1c  usbh_usr.o [1]
  .rodata             const    0x080473d0     0x1c  usbh_usr.o [1]
  .text               ro code  0x080473ec     0x1a  cmain.o [5]
  .text               ro code  0x08047406      0x4  exit.o [3]
  .text               ro code  0x0804740c      0xa  cexit.o [5]
  .rodata             const    0x08047418     0x18  apptask.o [1]
  .rodata             const    0x08047430     0x18  apptask.o [1]
  .rodata             const    0x08047448     0x18  apptask.o [1]
  .rodata             const    0x08047460     0x18  apptask.o [1]
  .rodata             const    0x08047478     0x18  apptask.o [1]
  .rodata             const    0x08047490     0x18  apptask.o [1]
  .rodata             const    0x080474a8     0x18  apptask.o [1]
  .rodata             const    0x080474c0     0x18  apptask.o [1]
  .rodata             const    0x080474d8     0x18  apptask.o [1]
  .rodata             const    0x080474f0     0x18  apptask.o [1]
  .rodata             const    0x08047508     0x18  apptask.o [1]
  .rodata             const    0x08047520     0x18  apptask.o [1]
  .rodata             const    0x08047538     0x18  demo_fatfs.o [1]
  .rodata             const    0x08047550     0x18  demo_fatfs.o [1]
  .rodata             const    0x08047568     0x18  demo_fatfs.o [1]
  .rodata             const    0x08047580     0x18  demo_fatfs.o [1]
  .rodata             const    0x08047598     0x18  esp8266_handler.o [1]
  .rodata             const    0x080475b0     0x18  esp8266_handler.o [1]
  .rodata             const    0x080475c8     0x18  para.o [1]
  .rodata             const    0x080475e0     0x18  pub0sub1.o [1]
  .rodata             const    0x080475f8     0x18  pub0sub1.o [1]
  .rodata             const    0x08047610     0x18  usbh_usr.o [1]
  .rodata             const    0x08047628     0x18  usbh_usr.o [1]
  .rodata             const    0x08047640     0x18  usbh_usr.o [1]
  .rodata             const    0x08047658     0x18  usbh_usr.o [1]
  .rodata             const    0x08047670     0x18  usbh_usr.o [1]
  .text               ro code  0x08047688     0x16  xprout.o [3]
  .text               ro code  0x080476a0      0xc  putchar.o [3]
  .rodata             const    0x080476ac     0x14  apptask.o [1]
  .rodata             const    0x080476c0     0x14  apptask.o [1]
  .rodata             const    0x080476d4     0x14  apptask.o [1]
  .rodata             const    0x080476e8     0x14  apptask.o [1]
  .rodata             const    0x080476fc     0x14  apptask.o [1]
  .rodata             const    0x08047710     0x14  apptask.o [1]
  .rodata             const    0x08047724     0x14  apptask.o [1]
  .rodata             const    0x08047738     0x14  apptask.o [1]
  .rodata             const    0x0804774c     0x14  apptask.o [1]
  .rodata             const    0x08047760     0x14  apptask.o [1]
  .rodata             const    0x08047774     0x14  apptask.o [1]
  .rodata             const    0x08047788     0x14  apptask.o [1]
  .rodata             const    0x0804779c     0x14  apptask.o [1]
  .rodata             const    0x080477b0     0x14  esp8266_handler.o [1]
  .rodata             const    0x080477c4     0x14  pub0sub1.o [1]
  .rodata             const    0x080477d8     0x14  pub0sub1.o [1]
  .rodata             const    0x080477ec     0x14  pub0sub1.o [1]
  .rodata             const    0x08047800     0x14  pub0sub1.o [1]
  .rodata             const    0x08047814     0x14  pub0sub1.o [1]
  .rodata             const    0x08047828     0x14  usbh_usr.o [1]
  .rodata             const    0x0804783c     0x14  usbh_usr.o [1]
  .rodata             const    0x08047850     0x10  apptask.o [1]
  .rodata             const    0x08047860     0x10  apptask.o [1]
  .rodata             const    0x08047870     0x10  apptask.o [1]
  .rodata             const    0x08047880     0x10  apptask.o [1]
  .rodata             const    0x08047890     0x10  apptask.o [1]
  .rodata             const    0x080478a0     0x10  apptask.o [1]
  .rodata             const    0x080478b0     0x10  apptask.o [1]
  .rodata             const    0x080478c0     0x10  apptask.o [1]
  .rodata             const    0x080478d0     0x10  apptask.o [1]
  .rodata             const    0x080478e0     0x10  apptask.o [1]
  .rodata             const    0x080478f0     0x10  apptask.o [1]
  .rodata             const    0x08047900     0x10  apptask.o [1]
  .rodata             const    0x08047910     0x10  apptask.o [1]
  .rodata             const    0x08047920     0x10  apptask.o [1]
  .rodata             const    0x08047930     0x10  apptask.o [1]
  .rodata             const    0x08047940     0x10  apptask.o [1]
  .rodata             const    0x08047950     0x10  apptask.o [1]
  .rodata             const    0x08047960     0x10  apptask.o [1]
  .rodata             const    0x08047970     0x10  apptask.o [1]
  .rodata             const    0x08047980     0x10  apptask.o [1]
  .rodata             const    0x08047990     0x10  apptask.o [1]
  .rodata             const    0x080479a0     0x10  apptask.o [1]
  .rodata             const    0x080479b0     0x10  bsp_sdwe050c17.o [1]
  .rodata             const    0x080479c0     0x10  esp8266_handler.o [1]
  .rodata             const    0x080479d0     0x10  esp8266_handler.o [1]
  .rodata             const    0x080479e0     0x10  ff.o [1]
  .rodata             const    0x080479f0     0x10  main.o [1]
  .rodata             const    0x08047a00     0x10  main.o [1]
  .rodata             const    0x08047a10     0x10  para.o [1]
  .rodata             const    0x08047a20     0x10  para.o [1]
  .rodata             const    0x08047a30     0x10  pub0sub1.o [1]
  .rodata             const    0x08047a40     0x10  usbh_usr.o [1]
  .rodata             const    0x08047a50     0x10  usbh_usr.o [1]
  .text               ro code  0x08047a60     0x10  startup_stm32f40_41xxx.o [1]
  .text               ro code  0x08047a70     0x10  usbh_it.o [1]
  .rodata             const    0x08047a80      0xc  apptask.o [1]
  .rodata             const    0x08047a8c      0xc  apptask.o [1]
  .rodata             const    0x08047a98      0xc  apptask.o [1]
  .rodata             const    0x08047aa4      0xc  apptask.o [1]
  .rodata             const    0x08047ab0      0xc  apptask.o [1]
  .rodata             const    0x08047abc      0xc  apptask.o [1]
  .rodata             const    0x08047ac8      0xc  apptask.o [1]
  .rodata             const    0x08047ad4      0xc  apptask.o [1]
  .rodata             const    0x08047ae0      0xc  apptask.o [1]
  .rodata             const    0x08047aec      0xc  apptask.o [1]
  .rodata             const    0x08047af8      0xc  apptask.o [1]
  .rodata             const    0x08047b04      0xc  apptask.o [1]
  .rodata             const    0x08047b10      0xc  apptask.o [1]
  .rodata             const    0x08047b1c      0xc  apptask.o [1]
  .rodata             const    0x08047b28      0xc  apptask.o [1]
  .rodata             const    0x08047b34      0xc  apptask.o [1]
  .rodata             const    0x08047b40      0xc  apptask.o [1]
  .rodata             const    0x08047b4c      0xc  apptask.o [1]
  .rodata             const    0x08047b58      0xc  apptask.o [1]
  .rodata             const    0x08047b64      0xc  apptask.o [1]
  .rodata             const    0x08047b70      0xc  apptask.o [1]
  .rodata             const    0x08047b7c      0xc  apptask.o [1]
  .rodata             const    0x08047b88      0xc  apptask.o [1]
  .rodata             const    0x08047b94      0xc  apptask.o [1]
  .rodata             const    0x08047ba0      0xc  apptask.o [1]
  .rodata             const    0x08047bac      0xc  apptask.o [1]
  .rodata             const    0x08047bb8      0xc  apptask.o [1]
  .rodata             const    0x08047bc4      0xc  apptask.o [1]
  .rodata             const    0x08047bd0      0xc  apptask.o [1]
  .rodata             const    0x08047bdc      0xc  apptask.o [1]
  .rodata             const    0x08047be8      0xc  apptask.o [1]
  .rodata             const    0x08047bf4      0xc  apptask.o [1]
  .rodata             const    0x08047c00      0xc  apptask.o [1]
  .rodata             const    0x08047c0c      0xc  apptask.o [1]
  .rodata             const    0x08047c18      0xc  bsp_sdwe050c17.o [1]
  .rodata             const    0x08047c24      0xc  demo_fatfs.o [1]
  .rodata             const    0x08047c30      0xc  esp8266_handler.o [1]
  .rodata             const    0x08047c3c      0xc  esp8266_handler.o [1]
  .rodata             const    0x08047c48      0xc  esp8266_handler.o [1]
  .rodata             const    0x08047c54      0xc  esp8266_handler.o [1]
  .rodata             const    0x08047c60      0xc  esp8266_handler.o [1]
  .rodata             const    0x08047c6c      0xc  ff.o [1]
  .rodata             const    0x08047c78      0xc  para.o [1]
  .rodata             const    0x08047c84      0xc  para.o [1]
  .rodata             const    0x08047c90      0xc  para.o [1]
  .rodata             const    0x08047c9c      0xc  para.o [1]
  .rodata             const    0x08047ca8      0xc  para.o [1]
  .rodata             const    0x08047cb4      0xc  pub0sub1.o [1]
  .rodata             const    0x08047cc0      0xc  pub0sub1.o [1]
  .text               ro code  0x08047ccc      0xc  cstartup_M.o [5]
  .rodata             const    0x08047cd8      0x8  apptask.o [1]
  .rodata             const    0x08047ce0      0x8  apptask.o [1]
  .rodata             const    0x08047ce8      0x8  apptask.o [1]
  .rodata             const    0x08047cf0      0x8  apptask.o [1]
  .rodata             const    0x08047cf8      0x8  apptask.o [1]
  .rodata             const    0x08047d00      0x8  apptask.o [1]
  .rodata             const    0x08047d08      0x8  apptask.o [1]
  .rodata             const    0x08047d10      0x8  apptask.o [1]
  .rodata             const    0x08047d18      0x8  apptask.o [1]
  .rodata             const    0x08047d20      0x8  apptask.o [1]
  .rodata             const    0x08047d28      0x8  apptask.o [1]
  .rodata             const    0x08047d30      0x8  apptask.o [1]
  .rodata             const    0x08047d38      0x8  apptask.o [1]
  .rodata             const    0x08047d40      0x8  apptask.o [1]
  .rodata             const    0x08047d48      0x8  apptask.o [1]
  .rodata             const    0x08047d50      0x8  apptask.o [1]
  .rodata             const    0x08047d58      0x8  apptask.o [1]
  .rodata             const    0x08047d60      0x8  apptask.o [1]
  .rodata             const    0x08047d68      0x8  apptask.o [1]
  .rodata             const    0x08047d70      0x8  bsp_sdwe050c17.o [1]
  .rodata             const    0x08047d78      0x8  bsp_w25qxx.o [1]
  .rodata             const    0x08047d80      0x8  esp8266_handler.o [1]
  .rodata             const    0x08047d88      0x8  ff.o [1]
  .rodata             const    0x08047d90      0x8  malloc.o [1]
  .rodata             const    0x08047d98      0x8  malloc.o [1]
  .rodata             const    0x08047da0      0x8  malloc.o [1]
  .rodata             const    0x08047da8      0x8  MQTTConnectClient.o [1]
  .rodata             const    0x08047db0      0x8  MQTTConnectClient.o [1]
  .rodata             const    0x08047db8      0x8  para.o [1]
  .rodata             const    0x08047dc0      0x8  para.o [1]
  .rodata             const    0x08047dc8      0x8  para.o [1]
  .rodata             const    0x08047dd0      0x8  para.o [1]
  .rodata             const    0x08047dd8      0x8  para.o [1]
  .rodata             const    0x08047de0      0x8  para.o [1]
  .rodata             const    0x08047de8      0x8  para.o [1]
  .rodata             const    0x08047df0      0x8  para.o [1]
  .rodata             const    0x08047df8      0x8  para.o [1]
  .rodata             const    0x08047e00      0x8  para.o [1]
  .rodata             const    0x08047e08      0x8  para.o [1]
  .rodata             const    0x08047e10      0x8  para.o [1]
  .rodata             const    0x08047e18      0x8  para.o [1]
  .rodata             const    0x08047e20      0x8  para.o [1]
  .rodata             const    0x08047e28      0x8  para.o [1]
  .rodata             const    0x08047e30      0x8  para.o [1]
  .rodata             const    0x08047e38      0x8  para.o [1]
  .rodata             const    0x08047e40      0x8  para.o [1]
  .rodata             const    0x08047e48      0x8  para.o [1]
  .rodata             const    0x08047e50      0x8  para.o [1]
  .rodata             const    0x08047e58      0x8  para.o [1]
  .rodata             const    0x08047e60      0x8  pub0sub1.o [1]
  .rodata             const    0x08047e68      0x8  pub0sub1.o [1]
  .rodata             const    0x08047e70      0x8  tasks.o [1]
  .rodata             const    0x08047e78      0x8  timers.o [1]
  .rodata             const    0x08047e80      0x4  heap_4.o [1]
  .rodata             const    0x08047e84      0x4  MQTTConnectClient.o [1]
  .rodata             const    0x08047e88      0x4  MQTTConnectClient.o [1]
  .rodata             const    0x08047e8c      0x4  MQTTConnectClient.o [1]
  .rodata             const    0x08047e90      0x4  MQTTConnectClient.o [1]
  .rodata             const    0x08047e94      0x4  MQTTConnectClient.o [1]
  .rodata             const    0x08047e98      0x4  MQTTDeserializePublish.o [1]
  .rodata             const    0x08047e9c      0x4  MQTTPacket.o [1]
  .rodata             const    0x08047ea0      0x4  MQTTSubscribeClient.o [1]
  .rodata             const    0x08047ea4      0x4  MQTTSubscribeClient.o [1]
  .rodata             const    0x08047ea8      0x4  port.o [1]
  .text               ro code  0x08047eac      0x4  startup_stm32f40_41xxx.o [1]
  .text               ro code  0x08047eb0      0x4  startup_stm32f40_41xxx.o [1]
  .text               ro code  0x08047eb4      0x4  startup_stm32f40_41xxx.o [1]
  .text               ro code  0x08047eb8      0x4  startup_stm32f40_41xxx.o [1]
  .text               ro code  0x08047ebc      0x4  startup_stm32f40_41xxx.o [1]
  .text               ro code  0x08047ec0      0x4  startup_stm32f40_41xxx.o [1]
  .text               ro code  0x08047ec4      0x4  startup_stm32f40_41xxx.o [1]
  .text               ro code  0x08047ec8      0x4  startup_stm32f40_41xxx.o [1]
  .text               ro code  0x08047ecc      0x4  startup_stm32f40_41xxx.o [1]
  .text               ro code  0x08047ed0      0x4  startup_stm32f40_41xxx.o [1]
  .text               ro code  0x08047ed4      0x4  startup_stm32f40_41xxx.o [1]
  .text               ro code  0x08047ed8      0x4  startup_stm32f40_41xxx.o [1]
  .text               ro code  0x08047edc      0x4  startup_stm32f40_41xxx.o [1]
  .text               ro code  0x08047ee0      0x4  startup_stm32f40_41xxx.o [1]
  .text               ro code  0x08047ee4      0x4  startup_stm32f40_41xxx.o [1]
  .text               ro code  0x08047ee8      0x4  startup_stm32f40_41xxx.o [1]
  .text               ro code  0x08047eec      0x4  startup_stm32f40_41xxx.o [1]
  .text               ro code  0x08047ef0      0x4  startup_stm32f40_41xxx.o [1]
  .text               ro code  0x08047ef4      0x4  startup_stm32f40_41xxx.o [1]
  .text               ro code  0x08047ef8      0x4  startup_stm32f40_41xxx.o [1]
  .text               ro code  0x08047efc      0x4  startup_stm32f40_41xxx.o [1]
  .text               ro code  0x08047f00      0x4  startup_stm32f40_41xxx.o [1]
  .text               ro code  0x08047f04      0x4  startup_stm32f40_41xxx.o [1]
  .text               ro code  0x08047f08      0x4  startup_stm32f40_41xxx.o [1]
  .text               ro code  0x08047f0c      0x4  startup_stm32f40_41xxx.o [1]
  .text               ro code  0x08047f10      0x4  startup_stm32f40_41xxx.o [1]
  .text               ro code  0x08047f14      0x4  startup_stm32f40_41xxx.o [1]
  .text               ro code  0x08047f18      0x4  startup_stm32f40_41xxx.o [1]
  .text               ro code  0x08047f1c      0x4  startup_stm32f40_41xxx.o [1]
  .text               ro code  0x08047f20      0x4  startup_stm32f40_41xxx.o [1]
  .text               ro code  0x08047f24      0x4  startup_stm32f40_41xxx.o [1]
  .text               ro code  0x08047f28      0x4  startup_stm32f40_41xxx.o [1]
  .text               ro code  0x08047f2c      0x4  startup_stm32f40_41xxx.o [1]
  .text               ro code  0x08047f30      0x4  startup_stm32f40_41xxx.o [1]
  .text               ro code  0x08047f34      0x4  startup_stm32f40_41xxx.o [1]
  .text               ro code  0x08047f38      0x4  startup_stm32f40_41xxx.o [1]
  .text               ro code  0x08047f3c      0x4  startup_stm32f40_41xxx.o [1]
  .text               ro code  0x08047f40      0x4  startup_stm32f40_41xxx.o [1]
  .text               ro code  0x08047f44      0x4  startup_stm32f40_41xxx.o [1]
  .text               ro code  0x08047f48      0x4  startup_stm32f40_41xxx.o [1]
  .text               ro code  0x08047f4c      0x4  startup_stm32f40_41xxx.o [1]
  .text               ro code  0x08047f50      0x4  startup_stm32f40_41xxx.o [1]
  .text               ro code  0x08047f54      0x4  startup_stm32f40_41xxx.o [1]
  .text               ro code  0x08047f58      0x4  startup_stm32f40_41xxx.o [1]
  .text               ro code  0x08047f5c      0x4  startup_stm32f40_41xxx.o [1]
  .text               ro code  0x08047f60      0x4  startup_stm32f40_41xxx.o [1]
  .text               ro code  0x08047f64      0x4  startup_stm32f40_41xxx.o [1]
  .text               ro code  0x08047f68      0x4  startup_stm32f40_41xxx.o [1]
  .text               ro code  0x08047f6c      0x4  startup_stm32f40_41xxx.o [1]
  .text               ro code  0x08047f70      0x4  startup_stm32f40_41xxx.o [1]
  .text               ro code  0x08047f74      0x4  startup_stm32f40_41xxx.o [1]
  .text               ro code  0x08047f78      0x4  startup_stm32f40_41xxx.o [1]
  .text               ro code  0x08047f7c      0x4  startup_stm32f40_41xxx.o [1]
  .text               ro code  0x08047f80      0x4  startup_stm32f40_41xxx.o [1]
  .text               ro code  0x08047f84      0x4  startup_stm32f40_41xxx.o [1]
  .text               ro code  0x08047f88      0x4  startup_stm32f40_41xxx.o [1]
  .text               ro code  0x08047f8c      0x4  startup_stm32f40_41xxx.o [1]
  .text               ro code  0x08047f90      0x4  startup_stm32f40_41xxx.o [1]
  .text               ro code  0x08047f94      0x4  startup_stm32f40_41xxx.o [1]
  .text               ro code  0x08047f98      0x4  startup_stm32f40_41xxx.o [1]
  .text               ro code  0x08047f9c      0x4  startup_stm32f40_41xxx.o [1]
  .text               ro code  0x08047fa0      0x4  startup_stm32f40_41xxx.o [1]
  .text               ro code  0x08047fa4      0x4  startup_stm32f40_41xxx.o [1]
  .text               ro code  0x08047fa8      0x4  startup_stm32f40_41xxx.o [1]
  .text               ro code  0x08047fac      0x4  startup_stm32f40_41xxx.o [1]
  .text               ro code  0x08047fb0      0x4  startup_stm32f40_41xxx.o [1]
  .text               ro code  0x08047fb4      0x4  startup_stm32f40_41xxx.o [1]
  .text               ro code  0x08047fb8      0x4  startup_stm32f40_41xxx.o [1]
  .rodata             const    0x08047fbc      0x0  zero_init3.o [5]
  .rodata             const    0x08047fbc      0x0  packbits_init.o [5]
  Initializer bytes   const    0x08047fbc    0x125  <for P2 s0>
                             - 0x080480e1  0x47f59

"P2":                                      0x1e148
  P2 s0                        0x20000000    0x246  <Init block>
    __DLIB_PERTHREAD  inited   0x20000000     0x88  localeconv.o [3]
    __DLIB_PERTHREAD  inited   0x20000088     0x74  setlocale.o [3]
    .data             inited   0x200000fc     0x50  demo_fatfs.o [1]
    .data             inited   0x2000014c     0x48  usbh_usr.o [1]
    .data             inited   0x20000194     0x40  xfiles.o [3]
    .data             inited   0x200001d4     0x1c  malloc.o [1]
    .data             inited   0x200001f0     0x14  bsp_servomotor.o [1]
    .data             inited   0x20000204     0x10  stm32f4xx_rcc.o [1]
    .data             inited   0x20000214     0x10  usbh_msc_core.o [1]
    .data             inited   0x20000224      0xc  usbh_core.o [1]
    .data             inited   0x20000230      0x4  port.o [1]
    .data             inited   0x20000234      0x4  system_stm32f4xx.o [1]
    .data             inited   0x20000238      0x4  usbh_core.o [1]
    __DLIB_PERTHREAD  inited   0x2000023c      0x4  errno.o [3]
    .data             inited   0x20000240      0x2  bsp_w25qxx.o [1]
    .data             inited   0x20000242      0x1  apptask.o [1]
    .data             inited   0x20000243      0x1  encoder_tim.o [1]
    .data             inited   0x20000244      0x1  page_weimi.o [1]
    .data             inited   0x20000245      0x1  usbh_msc_scsi.o [1]
  .bss                zero     0x20000248   0xf000  heap_4.o [1]
  .bss                zero     0x2000f248   0xa000  malloc.o [1]
  .bss                zero     0x20019248   0x1000  bsp_w25qxx.o [1]
  .bss                zero     0x2001a248    0xa00  malloc.o [1]
  .bss                zero     0x2001ac48    0x5ac  usbh_usr.o [1]
  .bss                zero     0x2001b1f4    0x5ac  usbh_usr.o [1]
  .bss                zero     0x2001b7a0    0x3e8  bsp_uart_fifo.o [1]
  .bss                zero     0x2001bb88    0x3e8  esp8266_handler.o [1]
  .bss                zero     0x2001bf70    0x3e8  esp8266_handler.o [1]
  .bss                zero     0x2001c358    0x3e8  pub0sub1.o [1]
  .bss                zero     0x2001c740    0x200  ff.o [1]
  .bss                zero     0x2001c940    0x200  usbh_msc_scsi.o [1]
  .bss                zero     0x2001cb40    0x200  usbh_stdreq.o [1]
  .bss                zero     0x2001cd40    0x12c  page_weimi.o [1]
  .bss                zero     0x2001ce6c    0x12c  tasks.o [1]
  .bss                zero     0x2001cf98     0xd4  protocol.o [1]
  .bss                zero     0x2001d06c     0xa4  protocol.o [1]
  .bss                zero     0x2001d110     0x98  para.o [1]
  .bss                zero     0x2001d1a8     0x94  usbh_usr.o [1]
  .bss                zero     0x2001d23c     0x68  esp8266_handler.o [1]
  .bss                zero     0x2001d2a4     0x64  bsp_uart_fifo.o [1]
  .bss                zero     0x2001d308     0x64  bsp_uart_fifo.o [1]
  .bss                zero     0x2001d36c     0x4c  usbh_msc_core.o [1]
  .bss                zero     0x2001d3b8     0x58  bsp_sdio_sd.o [1]
  .bss                zero     0x2001d410     0x58  protocol.o [1]
  .bss                zero     0x2001d468     0x50  xfiles.o [3]
  .bss                zero     0x2001d4b8     0x40  pub0sub1.o [1]
  .bss                zero     0x2001d4f8     0x40  pub0sub1.o [1]
  .bss                zero     0x2001d538     0x34  bsp_sdwe050c17.o [1]
  .bss                zero     0x2001d56c     0x34  product_cal.o [1]
  .bss                zero     0x2001d5a0     0x28  product_cal.o [1]
  .bss                zero     0x2001d5c8     0x24  ff.o [1]
  .bss                zero     0x2001d5ec     0x20  pub0sub1.o [1]
  .bss                zero     0x2001d60c     0x20  usbh_msc_bot.o [1]
  .bss                zero     0x2001d62c     0x18  bsp_sdio_sd.o [1]
  .bss                zero     0x2001d644     0x18  bsp_sdio_sd.o [1]
  .bss                zero     0x2001d65c     0x18  page_weimi.o [1]
  .bss                zero     0x2001d674     0x14  bsp_sdio_sd.o [1]
  .bss                zero     0x2001d688     0x14  rc522.o [1]
  .bss                zero     0x2001d69c     0x14  tasks.o [1]
  .bss                zero     0x2001d6b0     0x14  tasks.o [1]
  .bss                zero     0x2001d6c4     0x14  tasks.o [1]
  .bss                zero     0x2001d6d8     0x14  tasks.o [1]
  .bss                zero     0x2001d6ec     0x14  tasks.o [1]
  .bss                zero     0x2001d700     0x14  timers.o [1]
  .bss                zero     0x2001d714     0x14  timers.o [1]
  .bss                zero     0x2001d728     0x10  bsp_sdio_sd.o [1]
  .bss                zero     0x2001d738     0x10  bsp_sdio_sd.o [1]
  .bss                zero     0x2001d748     0x10  encoder_tim.o [1]
  .bss                zero     0x2001d758     0x10  usbh_msc_bot.o [1]
  .bss                zero     0x2001d768     0x10  usbh_msc_bot.o [1]
  .bss                zero     0x2001d778     0x10  usbh_msc_scsi.o [1]
  .bss                zero     0x2001d788      0xc  apptask.o [1]
  .bss                zero     0x2001d794      0xc  apptask.o [1]
  .bss                zero     0x2001d7a0      0xc  ff.o [1]
  .bss                zero     0x2001d7ac      0xc  protocol.o [1]
  .bss                zero     0x2001d7b8      0xc  protocol.o [1]
  .bss                zero     0x2001d7c4      0xc  protocol.o [1]
  .bss                zero     0x2001d7d0      0xc  pub0sub1.o [1]
  .bss                zero     0x2001d7dc      0x8  heap_4.o [1]
  .bss                zero     0x2001d7e4      0x8  modbus.o [1]
  .bss                zero     0x2001d7ec      0x8  protocol.o [1]
  .bss                zero     0x2001d7f4      0x8  pub0sub1.o [1]
  .bss                zero     0x2001d7fc      0x4  apptask.o [1]
  .bss                zero     0x2001d800      0x4  apptask.o [1]
  .bss                zero     0x2001d804      0x4  apptask.o [1]
  .bss                zero     0x2001d808      0x4  apptask.o [1]
  .bss                zero     0x2001d80c      0x4  apptask.o [1]
  .bss                zero     0x2001d810      0x4  apptask.o [1]
  .bss                zero     0x2001d814      0x4  apptask.o [1]
  .bss                zero     0x2001d818      0x4  apptask.o [1]
  .bss                zero     0x2001d81c      0x4  apptask.o [1]
  .bss                zero     0x2001d820      0x4  apptask.o [1]
  .bss                zero     0x2001d824      0x4  apptask.o [1]
  .bss                zero     0x2001d828      0x4  apptask.o [1]
  .bss                zero     0x2001d82c      0x4  apptask.o [1]
  .bss                zero     0x2001d830      0x4  apptask.o [1]
  .bss                zero     0x2001d834      0x4  apptask.o [1]
  .bss                zero     0x2001d838      0x4  apptask.o [1]
  .bss                zero     0x2001d83c      0x4  apptask.o [1]
  .bss                zero     0x2001d840      0x4  apptask.o [1]
  .bss                zero     0x2001d844      0x4  apptask.o [1]
  .bss                zero     0x2001d848      0x4  apptask.o [1]
  .bss                zero     0x2001d84c      0x4  bsp_sdio_sd.o [1]
  .bss                zero     0x2001d850      0x4  bsp_sdio_sd.o [1]
  .bss                zero     0x2001d854      0x4  bsp_sdio_sd.o [1]
  .bss                zero     0x2001d858      0x4  bsp_sdio_sd.o [1]
  .bss                zero     0x2001d85c      0x4  bsp_sdio_sd.o [1]
  .bss                zero     0x2001d860      0x4  bsp_timer.o [1]
  .bss                zero     0x2001d864      0x4  bsp_timer.o [1]
  .bss                zero     0x2001d868      0x4  bsp_timer.o [1]
  .bss                zero     0x2001d86c      0x4  bsp_timer.o [1]
  .bss                zero     0x2001d870      0x4  esp8266_handler.o [1]
  .bss                zero     0x2001d874      0x4  esp8266_handler.o [1]
  .bss                zero     0x2001d878      0x4  esp8266_handler.o [1]
  .bss                zero     0x2001d87c      0x4  heap_4.o [1]
  .bss                zero     0x2001d880      0x4  heap_4.o [1]
  .bss                zero     0x2001d884      0x4  heap_4.o [1]
  .bss                zero     0x2001d888      0x4  heap_4.o [1]
  .bss                zero     0x2001d88c      0x4  MQTTPacket.o [1]
  .bss                zero     0x2001d890      0x4  port.o [1]
  .bss                zero     0x2001d894      0x4  product_cal.o [1]
  .bss                zero     0x2001d898      0x4  product_cal.o [1]
  .bss                zero     0x2001d89c      0x4  pub0sub1.o [1]
  .bss                zero     0x2001d8a0      0x4  pub0sub1.o [1]
  .bss                zero     0x2001d8a4      0x4  SysInfoTest.o [1]
  .bss                zero     0x2001d8a8      0x4  tasks.o [1]
  .bss                zero     0x2001d8ac      0x4  tasks.o [1]
  .bss                zero     0x2001d8b0      0x4  tasks.o [1]
  .bss                zero     0x2001d8b4      0x4  tasks.o [1]
  .bss                zero     0x2001d8b8      0x4  tasks.o [1]
  .bss                zero     0x2001d8bc      0x4  tasks.o [1]
  .bss                zero     0x2001d8c0      0x4  tasks.o [1]
  .bss                zero     0x2001d8c4      0x4  tasks.o [1]
  .bss                zero     0x2001d8c8      0x4  tasks.o [1]
  .bss                zero     0x2001d8cc      0x4  tasks.o [1]
  .bss                zero     0x2001d8d0      0x4  tasks.o [1]
  .bss                zero     0x2001d8d4      0x4  tasks.o [1]
  .bss                zero     0x2001d8d8      0x4  tasks.o [1]
  .bss                zero     0x2001d8dc      0x4  tasks.o [1]
  .bss                zero     0x2001d8e0      0x4  tasks.o [1]
  .bss                zero     0x2001d8e4      0x4  tasks.o [1]
  .bss                zero     0x2001d8e8      0x4  timer_platform.o [1]
  .bss                zero     0x2001d8ec      0x4  timers.o [1]
  .bss                zero     0x2001d8f0      0x4  timers.o [1]
  .bss                zero     0x2001d8f4      0x4  timers.o [1]
  .bss                zero     0x2001d8f8      0x4  timers.o [1]
  .bss                zero     0x2001d8fc      0x4  usbh_msc_bot.o [1]
  .bss                zero     0x2001d900      0x4  usbh_msc_bot.o [1]
  .bss                zero     0x2001d904      0x4  usbh_msc_bot.o [1]
  .bss                zero     0x2001d908      0x4  usbh_msc_bot.o [1]
  .bss                zero     0x2001d90c      0x2  apptask.o [1]
  .bss                zero     0x2001d90e      0x2  apptask.o [1]
  .bss                zero     0x2001d910      0x2  apptask.o [1]
  .bss                zero     0x2001d912      0x2  apptask.o [1]
  .bss                zero     0x2001d914      0x2  bsp_sdwe050c17.o [1]
  .bss                zero     0x2001d916      0x2  encoder_tim.o [1]
  .bss                zero     0x2001d918      0x2  encoder_tim.o [1]
  .bss                zero     0x2001d91a      0x2  ff.o [1]
  .bss                zero     0x2001d91c      0x2  page_weimi.o [1]
  .bss                zero     0x2001d91e      0x2  page_weimi.o [1]
  .bss                zero     0x2001d920      0x2  product_cal.o [1]
  .bss                zero     0x2001d922      0x2  usbh_core.o [1]
  .bss                zero     0x2001d924      0x2  usbh_stdreq.o [1]
  .bss                zero     0x2001d926      0x1  apptask.o [1]
  .bss                zero     0x2001d927      0x1  apptask.o [1]
  .bss                zero     0x2001d928      0x1  apptask.o [1]
  .bss                zero     0x2001d929      0x1  apptask.o [1]
  .bss                zero     0x2001d92a      0x1  apptask.o [1]
  .bss                zero     0x2001d92b      0x1  apptask.o [1]
  .bss                zero     0x2001d92c      0x1  apptask.o [1]
  .bss                zero     0x2001d92d      0x1  apptask.o [1]
  .bss                zero     0x2001d92e      0x1  apptask.o [1]
  .bss                zero     0x2001d92f      0x1  apptask.o [1]
  .bss                zero     0x2001d930      0x1  apptask.o [1]
  .bss                zero     0x2001d931      0x1  apptask.o [1]
  .bss                zero     0x2001d932      0x1  bsp_sdio_sd.o [1]
  .bss                zero     0x2001d933      0x1  bsp_sdwe050c17.o [1]
  .bss                zero     0x2001d934      0x1  bsp_uart_fifo.o [1]
  .bss                zero     0x2001d935      0x1  esp8266_handler.o [1]
  .bss                zero     0x2001d936      0x1  page_weimi.o [1]
  .bss                zero     0x2001d937      0x1  page_weimi.o [1]
  .bss                zero     0x2001d938      0x1  page_weimi.o [1]
  .bss                zero     0x2001d939      0x1  page_weimi.o [1]
  .bss                zero     0x2001d93a      0x1  port.o [1]
  .bss                zero     0x2001d93b      0x1  product_cal.o [1]
  .bss                zero     0x2001d93c      0x1  product_cal.o [1]
  .bss                zero     0x2001d93d      0x1  product_cal.o [1]
  .bss                zero     0x2001d93e      0x1  protocol.o [1]
  .bss                zero     0x2001d93f      0x1  pub0sub1.o [1]
  .bss                zero     0x2001d940      0x1  pub0sub1.o [1]
  .bss                zero     0x2001d941      0x1  rc522.o [1]
  .bss                zero     0x2001d942      0x1  rc522.o [1]
  .bss                zero     0x2001d943      0x1  usbh_msc_bot.o [1]
  .bss                zero     0x2001d944      0x1  usbh_msc_core.o [1]
  .bss                zero     0x2001d945      0x1  usbh_msc_core.o [1]
  .bss                zero     0x2001d946      0x1  usbh_stdreq.o [1]
  .bss                zero     0x2001d947      0x1  usbh_usr.o [1]
  CSTACK                       0x2001d948    0x800  <Block>
    CSTACK            uninit   0x2001d948    0x800  <Block tail>
                             - 0x2001e148  0x1e148

Absolute sections:                         0xff000
  .bss                zero     0x68000000  0xf0000  malloc.o [1]
  .bss                zero     0x680f0000   0xf000  malloc.o [1]
                             - 0x680ff000  0xff000


*******************************************************************************
*** INIT TABLE
***

          Address     Size
          -------     ----
Zero (__iar_zero_init3)
    2 destination ranges, total size 0x11c700:
          0x20000248  0x1d700
          0x68000000  0xff000

Copy/packbits (__iar_packbits_init3)
    1 source range, total size 0x125 (50% of destination):
          0x08047fbc    0x125
    1 destination range, total size 0x246:
          0x20000000    0x246



*******************************************************************************
*** MODULE SUMMARY
***

    Module                    ro code  ro data  rw data    rw data
                                                            (abs)
    ------                    -------  -------  -------    -------
E:\WORK\YarnControl_Driver\YarnControl_Driver\src\stm32f4_rtos\Project\EWARMv7\Flash\Obj: [1]
    MQTTConnectClient.o           774       36
    MQTTDeserializePublish.o      188        4
    MQTTPacket.o                  656        4        4
    MQTTSubscribeClient.o         400        8
    SysInfoTest.o                  60                 4
    apptask.o                  24 188    3 341      125
    bsp.o                          72
    bsp_closeSW.o                 212
    bsp_dwt.o                     116
    bsp_led.o                     192
    bsp_relay.o                    68
    bsp_sdio_sd.o               6 744               209
    bsp_sdwe050c17.o            5 836       36       55
    bsp_servomotor.o            1 164       10       20
    bsp_spi.o                     292
    bsp_stepmotor.o               804
    bsp_sw_onoff.o                104
    bsp_tim_pwm.o                 736
    bsp_timer.o                   516                16
    bsp_uart_fifo.o             2 712             1 201
    bsp_w25qxx.o                  896        9    4 098
    bsp_watchdog.o                  8
    cc936.o                       244  176 320
    demo_fatfs.o                           733       80
    diskio.o                      740
    encoder_tim.o                 604                21
    esp8266_handler.o             812      224    2 117
    esp8266_init.o                124
    event_groups.o                610
    ff.o                        9 368       36      562
    heap_4.o                      640        4   61 464
    list.o                        152
    main.o                         52       32
    malloc.o                      540       38   43 548  1 044 480
    mcheck.o                      184      768
    misc.o                        136
    modbus.o                      852                 8
    page_weimi.o                  584        1      333
    para.o                      5 130      284      152
    port.o                        588        6        9
    portasm.o                     168
    product_cal.o               1 316      400      105
    protocol.o                     68               509
    pub0sub1.o                    916      480    1 190
    queue.o                     1 992
    rc522.o                       174                22
    startup_stm32f40_41xxx.o      680
    stm32f4xx_dma.o               796
    stm32f4xx_exti.o              192
    stm32f4xx_gpio.o              300
    stm32f4xx_it.o                 56       44
    stm32f4xx_iwdg.o               16
    stm32f4xx_rcc.o               488        8       16
    stm32f4xx_sdio.o              380
    stm32f4xx_spi.o               116
    stm32f4xx_syscfg.o             84
    stm32f4xx_tim.o             1 764
    stm32f4xx_usart.o             596
    system_stm32f4xx.o            340        2        4
    tasks.o                     3 072        8      464
    timer_platform.o               64                 4
    timers.o                    1 188        8       56
    transport.o                   108
    usb_bsp.o                     332
    usb_core.o                  2 640
    usb_hcd.o                     214
    usb_hcd_int.o               3 198
    usbh_core.o                 1 888        8       18
    usbh_hcs.o                    442
    usbh_ioreq.o                  582
    usbh_it.o                      16
    usbh_msc_bot.o              1 364                81
    usbh_msc_core.o             1 000        8       94
    usbh_msc_scsi.o             1 560        1      529
    usbh_stdreq.o               1 078               515
    usbh_usr.o                    418      592    3 125
    --------------------------------------------------------------
    Total:                     97 704  183 453  120 758  1 044 480

command line: [2]
    --------------------------------------------------------------
    Total:

dl7M_tlf.a: [3]
    abort.o                         6
    div.o                          14
    errno.o                        12        2        4
    exit.o                          4
    isxxx.o                        40
    localeconv.o                  108       68      136
    printf.o                       36
    putchar.o                      12
    setlocale.o                    24       58      116
    snprintf.o                     68
    sprintf.o                      52
    sscanf.o                       36
    strcat.o                       28
    strstr.o                       44
    tolower.o                      20
    xfiles.o                                32      144
    xlocale_c.o                    54
    xprintffull_nomb.o          3 478
    xprout.o                       22
    xscanffull_nomb.o           2 916
    xsnprout.o                     26
    xsprout.o                      10
    xsscin.o                       30
    xstoflt.o                     440
    xstoll.o                      164
    xstopfx.o                     292
    xstoull.o                     432
    xstoxflt.o                    536
    xtls.o                          2
    --------------------------------------------------------------
    Total:                      8 906      160      400

m7M_tls.a: [4]
    DblAdd.o                      232
    DblCmpEq.o                     32
    DblCmpGe.o                     46
    DblCmpLe.o                     46
    DblDiv.o                      598
    DblMul.o                      418
    DblSub.o                      384
    DblToFlt.o                    144
    DblToI32.o                     88
    FltToDbl.o                     78
    I32ToDbl.o                     48
    fpinit_M.o                     34
    xdnorm.o                       66
    xdscale.o                     276
    xdtento.o                     512
    xdunscal.o                     82
    xstold.o                      360
    --------------------------------------------------------------
    Total:                      3 444

rt7M_tl.a: [5]
    ABImemclr4.o                    6
    ABImemcpy_unaligned.o         118
    ABImemset.o                   102
    ABImemset48.o                  50
    I64DivMod.o                   306
    I64DivZer.o                     2
    cexit.o                        10
    cmain.o                        26
    cstartup_M.o                   12
    data_init.o                    40
    memchr.o                       88
    memcmp_unaligned.o             98
    packbits_init.o               208
    strchr.o                       22
    strcmp_unaligned.o             66
    strcpy_unaligned.o             68
    strlen.o                       54
    zero_init3.o                   64
    --------------------------------------------------------------
    Total:                      1 340

shb_l.a: [6]
    exit.o                         20
    --------------------------------------------------------------
    Total:                         20

    Gaps                           52        6        2
    Linker created                          52    2 048
------------------------------------------------------------------
    Grand Total:              111 466  183 671  123 208  1 044 480


*******************************************************************************
*** ENTRY LIST
***

Entry                      Address     Size  Type      Object
-----                      -------     ----  ----      ------
.iar.init_table$$Base   0x08046fcc            --   Gb  - Linker created -
.iar.init_table$$Limit  0x08047000            --   Gb  - Linker created -
?main                   0x080473ed           Code  Gb  cmain.o [5]
APBAHBPrescTable        0x20000204     0x10  Data  Lc  stm32f4xx_rcc.o [1]
AppObjCreate            0x08030281    0x184  Code  Gb  apptask.o [1]
AppTaskCreate           0x08030081    0x1f4  Code  Gb  apptask.o [1]
BOTStallErrorCount      0x2001d8fc      0x4  Data  Lc  usbh_msc_bot.o [1]
BusFault_Handler        0x08046b3f      0x2  Code  Gb  stm32f4xx_it.o [1]
CID_Tab                 0x2001d738     0x10  Data  Lc  bsp_sdio_sd.o [1]
CLIENT_ID               0x2001d5ec     0x20  Data  Gb  pub0sub1.o [1]
CRC16HiTable            0x08046588    0x100  Data  Gb  mcheck.o [1]
CRC16LoTable            0x08046688    0x100  Data  Gb  mcheck.o [1]
CRC8Table               0x08046788    0x100  Data  Gb  mcheck.o [1]
CSD_Tab                 0x2001d728     0x10  Data  Lc  bsp_sdio_sd.o [1]
CSTACK$$Base            0x2001d948            --   Gb  - Linker created -
CSTACK$$Limit           0x2001e148            --   Gb  - Linker created -
CardType                0x2001d84c      0x4  Data  Lc  bsp_sdio_sd.o [1]
CmdError                0x080421d5     0x38  Code  Lc  bsp_sdio_sd.o [1]
CmdResp1Error           0x08042279    0x112  Code  Lc  bsp_sdio_sd.o [1]
CmdResp2Error           0x080423c9     0x52  Code  Lc  bsp_sdio_sd.o [1]
CmdResp3Error           0x0804238b     0x3e  Code  Lc  bsp_sdio_sd.o [1]
CmdResp6Error           0x0804241b     0xa6  Code  Lc  bsp_sdio_sd.o [1]
CmdResp7Error           0x0804220d     0x58  Code  Lc  bsp_sdio_sd.o [1]
ConfigExitNVIC          0x08039573     0x22  Code  Gb  bsp_closeSW.o [1]
ConfigUartNVIC          0x0803b6f3     0x7c  Code  Lc  bsp_uart_fifo.o [1]
ConnectTcp              0x08039d53     0x48  Code  Gb  esp8266_handler.o [1]
DIFF_G_init             0x08035dc9     0x78  Code  Gb  bsp_servomotor.o [1]
DMA1_Stream0_IRQHandler
                        0x0803613d     0x1c  Code  Gb  bsp_servomotor.o [1]
DMA1_Stream3_IRQHandler
                        0x08036159     0x1c  Code  Gb  bsp_servomotor.o [1]
DMA2_Stream3_IRQHandler
                        0x08042abd      0x8  Code  Gb  bsp_sdio_sd.o [1]
DMAEndOfTransfer        0x2001d85c      0x4  Data  Gb  bsp_sdio_sd.o [1]
DMA_ClearFlag           0x0803d89b     0x24  Code  Gb  stm32f4xx_dma.o [1]
DMA_Cmd                 0x0803d851     0x1a  Code  Gb  stm32f4xx_dma.o [1]
DMA_DeInit              0x0803d6b9    0x140  Code  Gb  stm32f4xx_dma.o [1]
DMA_FlowControllerConfig
                        0x0803d86b     0x18  Code  Gb  stm32f4xx_dma.o [1]
DMA_GetCmdStatus        0x0803d883     0x18  Code  Gb  stm32f4xx_dma.o [1]
DMA_GetITStatus         0x0803d901     0x62  Code  Gb  stm32f4xx_dma.o [1]
DMA_ITConfig            0x0803d8bf     0x42  Code  Gb  stm32f4xx_dma.o [1]
DMA_Init                0x0803d7f9     0x58  Code  Gb  stm32f4xx_dma.o [1]
DebugMon_Handler        0x08046b43      0x2  Code  Gb  stm32f4xx_it.o [1]
DiskFile_init           0x080394b5     0x40  Code  Gb  protocol.o [1]
Disk_File               0x2001cf98     0xd4  Data  Gb  protocol.o [1]
ENC_Calc_Average_Speed  0x08039c0f      0xe  Code  Gb  encoder_tim.o [1]
ENC_Calc_Rot_Speed      0x08039b35     0xda  Code  Gb  encoder_tim.o [1]
ENC_Clear_Speed_Buffer  0x08039b19     0x1c  Code  Gb  encoder_tim.o [1]
ENC_Init                0x08039a2d     0xec  Code  Gb  encoder_tim.o [1]
EXTI9_5_IRQHandler      0x08039595     0x3c  Code  Gb  bsp_closeSW.o [1]
EXTI_ClearITPendingBit  0x0803ea67      0x6  Code  Gb  stm32f4xx_exti.o [1]
EXTI_GetITStatus        0x0803ea4d     0x1a  Code  Gb  stm32f4xx_exti.o [1]
EXTI_Init               0x0803e9c5     0x88  Code  Gb  stm32f4xx_exti.o [1]
Esp8266_GetTcpStatus    0x08039fc3     0x12  Code  Gb  esp8266_handler.o [1]
Esp8266_Tcp_Send        0x08039f7d     0x46  Code  Gb  esp8266_handler.o [1]
FR_Table                0x200000fc     0x50  Data  Gb  demo_fatfs.o [1]
FatFs                   0x2001d7a0      0xc  Data  Lc  ff.o [1]
Files                   0x2001d5c8     0x24  Data  Lc  ff.o [1]
FindSCR                 0x08042669    0x206  Code  Lc  bsp_sdio_sd.o [1]
Fsid                    0x2001d91a      0x2  Data  Lc  ff.o [1]
GPIO_Init               0x080395dd     0xaa  Code  Gb  stm32f4xx_gpio.o [1]
GPIO_PinAFConfig        0x080396af     0x5a  Code  Gb  stm32f4xx_gpio.o [1]
GPIO_ReadInputDataBit   0x08039687     0x1a  Code  Gb  stm32f4xx_gpio.o [1]
GPIO_WriteBit           0x080396a1      0xe  Code  Gb  stm32f4xx_gpio.o [1]
GetDeviceState          0x08039481     0x2e  Code  Gb  bsp_sw_onoff.o [1]
HCD_GetCurrentFrame     0x0803dc39      0x8  Code  Gb  usb_hcd.o [1]
HCD_GetCurrentSpeed     0x0803dc1b     0x10  Code  Gb  usb_hcd.o [1]
HCD_GetURB_State        0x0803dc41      0xa  Code  Gb  usb_hcd.o [1]
HCD_GetXferCnt          0x0803dc4b      0xc  Code  Gb  usb_hcd.o [1]
HCD_Init                0x0803dba9     0x72  Code  Gb  usb_hcd.o [1]
HCD_ResetPort           0x0803dc2b      0xe  Code  Gb  usb_hcd.o [1]
HCD_SubmitRequest       0x0803dc57     0x28  Code  Gb  usb_hcd.o [1]
Handle_Internet_Data    0x08039edf     0x60  Code  Gb  esp8266_handler.o [1]
HardFault_Handler       0x08046b0f     0x22  Code  Gb  stm32f4xx_it.o [1]
IWDG_Feed               0x0803aacd      0x8  Code  Gb  bsp_watchdog.o [1]
IWDG_ReloadCounter      0x0803f495      0xa  Code  Gb  stm32f4xx_iwdg.o [1]
InStream_Read           0x08046889     0x22  Code  Lc  packbits_init.o [5]
InitHardUart            0x0803b307    0x3ec  Code  Lc  bsp_uart_fifo.o [1]
Init_JINGSHA_GUI        0x0803111b    0x122  Code  Gb  bsp_sdwe050c17.o [1]
JingSha_File            0x2001d410     0x58  Data  Gb  protocol.o [1]
LfnBuf                  0x2001c740    0x200  Data  Lc  ff.o [1]
LfnOfs                  0x080479e0     0x10  Data  Lc  ff.o [1]
LoadInt                 0x0803c5e1     0x6e  Code  Lc  xprintffull_nomb.o [3]
MQTTDeserialize_connack
                        0x0803ee07     0x80  Code  Gb  MQTTConnectClient.o [1]
MQTTDeserialize_publish
                        0x0803f3d9     0xb6  Code  Gb  MQTTDeserializePublish.o [1]
MQTTDeserialize_suback  0x0803f337     0x98  Code  Gb  MQTTSubscribeClient.o [1]
MQTTPacket_decode       0x0803efa3     0x54  Code  Gb  MQTTPacket.o [1]
MQTTPacket_decodeBuf    0x0803f043     0x14  Code  Gb  MQTTPacket.o [1]
MQTTPacket_encode       0x0803ef79     0x2a  Code  Gb  MQTTPacket.o [1]
MQTTPacket_len          0x0803eff7     0x24  Code  Gb  MQTTPacket.o [1]
MQTTPacket_read         0x0803f185     0x72  Code  Gb  MQTTPacket.o [1]
MQTTSerialize_connect   0x0803ec91    0x176  Code  Gb  MQTTConnectClient.o [1]
MQTTSerialize_connectLength
                        0x0803ec05     0x8c  Code  Gb  MQTTConnectClient.o [1]
MQTTSerialize_pingreq   0x0803eef9     0x12  Code  Gb  MQTTConnectClient.o [1]
MQTTSerialize_subscribe
                        0x0803f273     0xc4  Code  Gb  MQTTSubscribeClient.o [1]
MQTTSerialize_subscribeLength
                        0x0803f249     0x2a  Code  Gb  MQTTSubscribeClient.o [1]
MQTTSerialize_zero      0x0803ee87     0x54  Code  Gb  MQTTConnectClient.o [1]
MQTT_Connect            0x0803a0c9     0xac  Code  Gb  pub0sub1.o [1]
MQTT_GetConnected       0x0803a30f     0x1e  Code  Gb  pub0sub1.o [1]
MQTT_Init               0x0803a077     0x52  Code  Gb  pub0sub1.o [1]
MQTT_RB_Read            0x08039e61     0x7e  Code  Gb  esp8266_handler.o [1]
MQTT_Read               0x0803a209     0xba  Code  Gb  pub0sub1.o [1]
MQTT_Subscribe          0x0803a175     0x94  Code  Gb  pub0sub1.o [1]
MQTT_TOPIC              0x2001d4f8     0x40  Data  Gb  pub0sub1.o [1]
MQTT_TOPIC_PUB          0x2001d4b8     0x40  Data  Lc  pub0sub1.o [1]
MQTTstrlen              0x0803f165     0x20  Code  Gb  MQTTPacket.o [1]
MSCErrorCount           0x2001d944      0x1  Data  Gb  usbh_msc_core.o [1]
MSC_Machine             0x2001d36c     0x4c  Data  Gb  usbh_msc_core.o [1]
MSG_DEV_ATTACHED        0x08047658     0x18  Data  Gb  usbh_usr.o [1]
MSG_DEV_DISCONNECTED    0x08047670     0x18  Data  Gb  usbh_usr.o [1]
MSG_DEV_ENUMERATED      0x08047398     0x1c  Data  Gb  usbh_usr.o [1]
MSG_DEV_ERROR           0x0804783c     0x14  Data  Gb  usbh_usr.o [1]
MSG_DEV_FULLSPEED       0x08047160     0x20  Data  Gb  usbh_usr.o [1]
MSG_DEV_HIGHSPEED       0x08047140     0x20  Data  Gb  usbh_usr.o [1]
MSG_DEV_LOWSPEED        0x08047180     0x20  Data  Gb  usbh_usr.o [1]
MSG_HID_CLASS           0x080473b4     0x1c  Data  Gb  usbh_usr.o [1]
MSG_MSC_CLASS           0x08046f84     0x24  Data  Gb  usbh_usr.o [1]
MSG_UNREC_ERROR         0x080473d0     0x1c  Data  Gb  usbh_usr.o [1]
MemManage_Handler       0x08046b3d      0x2  Code  Gb  stm32f4xx_it.o [1]
MotorProcess            0x2001d65c     0x18  Data  Gb  page_weimi.o [1]
MotorStepCount          0x08035a65     0x62  Code  Gb  page_weimi.o [1]
MqttHandle              0x0803a32d      0xe  Code  Gb  pub0sub1.o [1]
Mqtt_status_step        0x2001d940      0x1  Data  Gb  pub0sub1.o [1]
NMI_Handler             0x08046b0d      0x2  Code  Gb  stm32f4xx_it.o [1]
NVIC_Init               0x0803d9df     0x6a  Code  Gb  misc.o [1]
NVIC_PriorityGroupConfig
                        0x0803d9d5      0xa  Code  Gb  misc.o [1]
OTG_FS_IRQHandler       0x08047a71     0x10  Code  Gb  usbh_it.o [1]
PendSV_Handler          0x0803f4a5           Code  Gb  portasm.o [1]
RCA                     0x2001d850      0x4  Data  Lc  bsp_sdio_sd.o [1]
RCC_AHB1PeriphClockCmd  0x0803b13b     0x22  Code  Gb  stm32f4xx_rcc.o [1]
RCC_AHB2PeriphClockCmd  0x0803b15d     0x1e  Code  Gb  stm32f4xx_rcc.o [1]
RCC_APB1PeriphClockCmd  0x0803b17b     0x1e  Code  Gb  stm32f4xx_rcc.o [1]
RCC_APB1PeriphResetCmd  0x0803b1b7     0x1e  Code  Gb  stm32f4xx_rcc.o [1]
RCC_APB2PeriphClockCmd  0x0803b199     0x1e  Code  Gb  stm32f4xx_rcc.o [1]
RCC_APB2PeriphResetCmd  0x0803b1d5     0x1e  Code  Gb  stm32f4xx_rcc.o [1]
RCC_GetClocksFreq       0x0803b039    0x102  Code  Gb  stm32f4xx_rcc.o [1]
RS485_InitTXE           0x0803b2d1     0x36  Code  Gb  bsp_uart_fifo.o [1]
RS485_sendbuf           0x0803bba9     0x40  Code  Gb  bsp_uart_fifo.o [1]
ReadChipID              0x0803a031     0x46  Code  Gb  pub0sub1.o [1]
Region$$Table$$Base     0x08046fcc            --   Gb  - Linker created -
Region$$Table$$Limit    0x08047000            --   Gb  - Linker created -
SDCardInfo              0x2001d3b8     0x58  Data  Gb  bsp_sdio_sd.o [1]
SDEnWideBus             0x080424cd    0x198  Code  Lc  bsp_sdio_sd.o [1]
SDIO_ClearFlag          0x08043b61      0x6  Code  Gb  stm32f4xx_sdio.o [1]
SDIO_ClearITPendingBit  0x08043b81      0x6  Code  Gb  stm32f4xx_sdio.o [1]
SDIO_ClockCmd           0x08043a8f      0x8  Code  Gb  stm32f4xx_sdio.o [1]
[...]
is_same_data            0x08032a75     0x2a  Code  Gb  product_cal.o [1]
is_stop                 0x2001d938      0x1  Data  Gb  page_weimi.o [1]
isalpha                 0x08043667     0x14  Code  Gb  isxxx.o [3]
isspace                 0x0804367b     0x14  Code  Gb  isxxx.o [3]
keepalive               0x0803a2c9     0x46  Code  Gb  pub0sub1.o [1]
lastSendOutTime         0x2001d870      0x4  Data  Gb  esp8266_handler.o [1]
last_ping               0x2001d8e8      0x4  Data  Gb  timer_platform.o [1]
lcd_busy                0x2001d933      0x1  Data  Gb  bsp_sdwe050c17.o [1]
lcd_rev_buf             0x2001d538     0x34  Data  Gb  bsp_sdwe050c17.o [1]
lcd_rev_len             0x2001d914      0x2  Data  Gb  bsp_sdwe050c17.o [1]
ld_clust                0x080374f1     0x28  Code  Lc  ff.o [1]
localeconv              0x0803fa77     0x16  Code  Gb  localeconv.o [3]
m_ctrl_dev              0x2001d7e4      0x8  Data  Gb  modbus.o [1]
main                    0x08046b45     0x34  Code  Gb  main.o [1]
mallco_dev              0x200001d4     0x1c  Data  Gb  malloc.o [1]
mb_init                 0x0803932d     0x30  Code  Gb  modbus.o [1]
mb_packsend_frame       0x0803923b     0xf2  Code  Gb  modbus.o [1]
mb_unpack_frame         0x080390f9    0x142  Code  Gb  modbus.o [1]
mc_check_crc16          0x0803e8f9     0x40  Code  Gb  mcheck.o [1]
mc_check_crc8           0x0803e8d5     0x24  Code  Gb  mcheck.o [1]
mc_check_sum            0x0803e88d     0x2e  Code  Gb  mcheck.o [1]
mc_check_xor            0x0803e8bb     0x1a  Code  Gb  mcheck.o [1]
mem1base                0x2000f248   0xa000  Data  Gb  malloc.o [1]
mem1mapbase             0x2001a248    0xa00  Data  Gb  malloc.o [1]
mem2base                0x68000000  0xf0000  Data  Gb  malloc.o [1]
mem2mapbase             0x680f0000   0xf000  Data  Gb  malloc.o [1]
mem_cmp                 0x08036ad3     0x24  Code  Lc  ff.o [1]
mem_cpy                 0x08036aa1     0x1c  Code  Lc  ff.o [1]
mem_set                 0x08036abd     0x16  Code  Lc  ff.o [1]
memblksize              0x08047d98      0x8  Data  Gb  malloc.o [1]
memchr                  0x0803f82d           Code  Gb  memchr.o [5]
memsize                 0x08047da0      0x8  Data  Gb  malloc.o [1]
memtblsize              0x08047d90      0x8  Data  Gb  malloc.o [1]
modbus_send_frame       0x0803935d     0xe6  Code  Gb  modbus.o [1]
move_window             0x08036d95     0x40  Code  Lc  ff.o [1]
mqttSubscribeData       0x2001bb88    0x3e8  Data  Gb  esp8266_handler.o [1]
mqtt_status             0x2001d7f4      0x8  Data  Gb  pub0sub1.o [1]
my_mem_free             0x08033f6b     0x6c  Code  Gb  malloc.o [1]
my_mem_init             0x08033e2f     0x42  Code  Gb  malloc.o [1]
my_mem_malloc           0x08033eaf     0xbc  Code  Gb  malloc.o [1]
my_mem_perused          0x08033e71     0x3e  Code  Gb  malloc.o [1]
myfree                  0x08033fd7     0x24  Code  Gb  malloc.o [1]
mymalloc                0x08033ffb     0x2a  Code  Gb  malloc.o [1]
mymemset                0x08033e19     0x16  Code  Gb  malloc.o [1]
ndigs                   0x080438bc     0x28  Data  Lc  xstoull.o [3]
netDeviceInfo_t         0x2001d23c     0x68  Data  Gb  esp8266_handler.o [1]
net_device_send_cmd     0x08039d05     0x4e  Code  Gb  esp8266_handler.o [1]
obuf                    0x2001d468     0x50  Data  Lc  xfiles.o [3]
oem2uni                 0x0801560c  0x15484  Data  Lc  cc936.o [1]
old_card_record         0x2001d92c      0x1  Data  Gb  apptask.o [1]
old_isWork              0x2001d928      0x1  Data  Gb  apptask.o [1]
old_is_stop             0x20000244      0x1  Data  Gb  page_weimi.o [1]
old_plan_complete       0x2001d93c      0x1  Data  Gb  product_cal.o [1]
old_system_state        0x20000242      0x1  Data  Gb  apptask.o [1]
old_usb_disk_flag       0x2001d92a      0x1  Data  Gb  apptask.o [1]
para_init               0x08034b05     0x80  Code  Gb  para.o [1]
pcInterruptPriorityRegisters
                        0x08047ea8      0x4  Data  Lc  port.o [1]
peiliao_para            0x2001d56c     0x34  Data  Gb  product_cal.o [1]
pick_lfn                0x080375e7     0x8c  Code  Lc  ff.o [1]
plan_complete           0x2001d93b      0x1  Data  Gb  product_cal.o [1]
pluse_count             0x2001d90e      0x2  Data  Gb  apptask.o [1]
pows                    0x080440c0     0x48  Data  Lc  xdtento.o [4]
printf                  0x08033d31     0x24  Code  Gb  printf.o [3]
product_complete_kilo   0x08032955     0x30  Code  Gb  product_cal.o [1]
product_complete_meter  0x08032943     0x12  Code  Gb  product_cal.o [1]
product_para            0x2001d5a0     0x28  Data  Gb  product_cal.o [1]
product_per_meter       0x080328b1     0x78  Code  Gb  product_cal.o [1]
prvAddCurrentTaskToDelayedList
                        0x080337c1     0x48  Code  Lc  tasks.o [1]
prvAllocateTCBAndStack  0x08033809     0x5a  Code  Lc  tasks.o [1]
prvCheckForValidListAndQueue
                        0x0803aa5b     0x52  Code  Lc  timers.o [1]
prvCheckTasksWaitingTermination
                        0x08033757     0x66  Code  Lc  tasks.o [1]
prvCopyDataFromQueue    0x08030fb5     0x30  Code  Lc  queue.o [1]
prvCopyDataToQueue      0x08030f31     0x84  Code  Lc  queue.o [1]
prvDeleteTCB            0x08033863     0x12  Code  Lc  tasks.o [1]
prvGetNextExpireTime    0x0803a847     0x2e  Code  Lc  timers.o [1]
prvHeapInit             0x0803af49     0x6e  Code  Lc  heap_4.o [1]
prvIdleTask             0x08033671     0x26  Code  Lc  tasks.o [1]
prvInitialiseTCBVariables
                        0x08033697     0x6a  Code  Lc  tasks.o [1]
prvInitialiseTaskLists  0x08033701     0x56  Code  Lc  tasks.o [1]
prvInsertBlockIntoFreeList
                        0x0803afb7     0x62  Code  Lc  heap_4.o [1]
prvInsertTimerInActiveList
                        0x0803a89d     0x50  Code  Lc  timers.o [1]
prvIsQueueEmpty         0x0803104f     0x20  Code  Lc  queue.o [1]
prvIsQueueFull          0x0803106f     0x22  Code  Lc  queue.o [1]
prvProcessExpiredTimer  0x0803a75f     0x5c  Code  Lc  timers.o [1]
prvProcessReceivedCommands
                        0x0803a8ed     0xde  Code  Lc  timers.o [1]
prvProcessTimerOrBlockTask
                        0x0803a7d7     0x70  Code  Lc  timers.o [1]
prvResetNextTaskUnblockTime
                        0x08033875     0x26  Code  Lc  tasks.o [1]
prvSampleTimeNow        0x0803a875     0x28  Code  Lc  timers.o [1]
prvSwitchTimerLists     0x0803a9cb     0x90  Code  Lc  timers.o [1]
prvTaskExitError        0x0803aaf9     0x2a  Code  Lc  port.o [1]
prvTestWaitCondition    0x0803a603     0x24  Code  Lc  event_groups.o [1]
prvTimerTask            0x0803a7bd     0x1a  Code  Lc  timers.o [1]
prvUnlockQueue          0x08030fe5     0x6a  Code  Lc  queue.o [1]
pub_topicString         0x2001d7d0      0xc  Data  Gb  pub0sub1.o [1]
put_fat                 0x08036fe3    0x16c  Code  Gb  ff.o [1]
putchar                 0x080476a1      0xc  Code  Gb  putchar.o [3]
pvPortMalloc            0x0803adb9    0x118  Code  Gb  heap_4.o [1]
pxCurrentTCB            0x2001d8a8      0x4  Data  Gb  tasks.o [1]
pxCurrentTimerList      0x2001d8ec      0x4  Data  Lc  timers.o [1]
pxDelayedTaskList       0x2001d8ac      0x4  Data  Lc  tasks.o [1]
pxEnd                   0x2001d87c      0x4  Data  Lc  heap_4.o [1]
pxOverflowDelayedTaskList
                        0x2001d8b0      0x4  Data  Lc  tasks.o [1]
pxOverflowTimerList     0x2001d8f0      0x4  Data  Lc  timers.o [1]
pxPortInitialiseStack   0x0803aad5     0x24  Code  Gb  port.o [1]
pxReadyTasksLists       0x2001ce6c    0x12c  Data  Lc  tasks.o [1]
rc522_cmd_anticoll      0x0803909d     0x5a  Code  Gb  rc522.o [1]
rc522_cmd_request       0x08039049     0x54  Code  Gb  rc522.o [1]
readChar                0x0803f073     0x10  Code  Gb  MQTTPacket.o [1]
readDisk                0x2001d92f      0x1  Data  Gb  apptask.o [1]
readFilenum             0x2001d930      0x1  Data  Gb  apptask.o [1]
readInt                 0x0803f057     0x1c  Code  Gb  MQTTPacket.o [1]
readMQTTLenString       0x0803f129     0x3c  Code  Gb  MQTTPacket.o [1]
readSlave               0x2001d794      0xc  Data  Gb  apptask.o [1]
read_device_info        0x08034669    0x2c2  Code  Gb  para.o [1]
read_file_select        0x2001d7c4      0xc  Data  Gb  protocol.o [1]
read_from_disk          0x08034bbd    0xd04  Code  Gb  para.o [1]
remove_chain            0x0803714f     0x76  Code  Lc  ff.o [1]
rfid_rev_buf            0x2001d688     0x14  Data  Gb  rc522.o [1]
rfid_rev_cnt            0x2001d942      0x1  Data  Gb  rc522.o [1]
rfid_rev_flag           0x2001d941      0x1  Data  Gb  rc522.o [1]
rtc_time                0x2001d7ec      0x8  Data  Gb  protocol.o [1]
s_TIM_CallBack1         0x2001d860      0x4  Data  Lc  bsp_timer.o [1]
s_TIM_CallBack2         0x2001d864      0x4  Data  Lc  bsp_timer.o [1]
s_TIM_CallBack3         0x2001d868      0x4  Data  Lc  bsp_timer.o [1]
s_TIM_CallBack4         0x2001d86c      0x4  Data  Lc  bsp_timer.o [1]
sample_time             0x2001d90c      0x2  Data  Gb  apptask.o [1]
sdew_weimi_page1        0x08031fc1    0x302  Code  Gb  bsp_sdwe050c17.o [1]
sdew_weimi_page2        0x080322d1    0x25e  Code  Gb  bsp_sdwe050c17.o [1]
sdew_weisha_page1       0x0803252f    0x100  Code  Gb  bsp_sdwe050c17.o [1]
sdew_weisha_page2       0x0803263d    0x100  Code  Gb  bsp_sdwe050c17.o [1]
servomotor_mode         0x2001d937      0x1  Data  Gb  page_weimi.o [1]
servomotor_step         0x2001d91e      0x2  Data  Gb  page_weimi.o [1]
slave_info              0x2001d788      0xc  Data  Gb  apptask.o [1]
snprintf                0x0803ebc1     0x44  Code  Gb  snprintf.o [3]
speed_zhu               0x2001d91c      0x2  Data  Gb  page_weimi.o [1]
sprintf                 0x08038f39     0x34  Code  Gb  sprintf.o [3]
sscanf                  0x0803cfb1     0x24  Code  Gb  sscanf.o [3]
st_clust                0x08037519     0x18  Code  Lc  ff.o [1]
step_motor_adjust       0x2001d936      0x1  Data  Gb  page_weimi.o [1]
strcat                  0x08038f6d     0x1c  Code  Gb  strcat.o [3]
strchr                  0x0803f815           Code  Gb  strchr.o [5]
strlen                  0x08034631           Code  Gb  strlen.o [5]
strstr                  0x080394f9     0x10  Code  Gb  para.o [1]
sum_sfn                 0x080377ed     0x20  Code  Lc  ff.o [1]
sync_fs                 0x08036dd5     0xd8  Code  Lc  ff.o [1]
sync_window             0x08036d3b     0x5a  Code  Lc  ff.o [1]
system_state_dis        0x080462a4    0x190  Data  Gb  product_cal.o [1]
toStop                  0x2001d89c      0x4  Data  Gb  pub0sub1.o [1]
tolower                 0x08043c19     0x14  Code  Gb  tolower.o [3]
total_meter_gross       0x2001d894      0x4  Data  Gb  product_cal.o [1]
total_weight_gross      0x2001d898      0x4  Data  Gb  product_cal.o [1]
transport_close         0x0803ef5d     0x12  Code  Gb  transport.o [1]
transport_getdata       0x0803ef49     0x14  Code  Gb  transport.o [1]
transport_sendPacketBuffer
                        0x0803ef0d     0x3c  Code  Gb  transport.o [1]
ucHeap                  0x20000248   0xf000  Data  Lc  heap_4.o [1]
ucMaxSysCallPriority    0x2001d93a      0x1  Data  Lc  port.o [1]
ulHighFrequencyTimerTicks
                        0x2001d8a4      0x4  Data  Gb  SysInfoTest.o [1]
ulMaxPRIGROUPValue      0x2001d890      0x4  Data  Lc  port.o [1]
ulTaskSwitchedInTime    0x2001d8e0      0x4  Data  Lc  tasks.o [1]
ulTotalRunTime          0x2001d8e4      0x4  Data  Lc  tasks.o [1]
uni2oem                 0x08000188  0x15484  Data  Lc  cc936.o [1]
usb_disk_flag           0x2001d929      0x1  Data  Gb  apptask.o [1]
usbh_OpenMassStorage    0x0803619d     0x14  Code  Gb  usbh_usr.o [1]
uxCriticalNesting       0x20000230      0x4  Data  Lc  port.o [1]
uxCurrentNumberOfTasks  0x2001d8b8      0x4  Data  Lc  tasks.o [1]
uxListRemove            0x0803ad91     0x28  Code  Gb  list.o [1]
uxPendedTicks           0x2001d8c8      0x4  Data  Lc  tasks.o [1]
uxSchedulerSuspended    0x2001d8dc      0x4  Data  Lc  tasks.o [1]
uxTaskNumber            0x2001d8d4      0x4  Data  Lc  tasks.o [1]
uxTaskResetEventItemValue
                        0x080338d5     0x20  Code  Gb  tasks.o [1]
uxTasksDeleted          0x2001d8b4      0x4  Data  Lc  tasks.o [1]
uxTopReadyPriority      0x2001d8c0      0x4  Data  Lc  tasks.o [1]
vAnalysisUartData       0x0802ff39     0xca  Code  Gb  apptask.o [1]
vEsp8266_Main_Task      0x0802fc65    0x190  Code  Gb  apptask.o [1]
vListInitialise         0x0803ad21     0x1e  Code  Gb  list.o [1]
vListInsert             0x0803ad57     0x3a  Code  Gb  list.o [1]
vListInsertEnd          0x0803ad3f     0x18  Code  Gb  list.o [1]
vMQTT_Handler_Task      0x0802fe11    0x120  Code  Gb  apptask.o [1]
vMQTT_Recive_Task       0x08030003     0x7e  Code  Gb  apptask.o [1]
vPortEnableVFP          0x0803f531           Code  Gb  portasm.o [1]
vPortEnterCritical      0x0803abef     0x3a  Code  Gb  port.o [1]
vPortExitCritical       0x0803ac29     0x32  Code  Gb  port.o [1]
vPortFree               0x0803aed1     0x78  Code  Gb  heap_4.o [1]
vPortSetupTimerInterrupt
                        0x0803ac87      0xe  Code  Wk  port.o [1]
vPortStartFirstTask     0x0803f519           Code  Gb  portasm.o [1]
vPortValidateInterruptPriority
                        0x0803ac95     0x4e  Code  Gb  port.o [1]
vQueueWaitForMessageRestricted
                        0x08031091     0x44  Code  Gb  queue.o [1]
vSetupSysInfoTest       0x08046a99     0x12  Code  Gb  SysInfoTest.o [1]
vTaskDelay              0x08032ecd     0x84  Code  Gb  tasks.o [1]
vTaskFreq               0x0802fa35    0x230  Code  Lc  apptask.o [1]
vTaskManageCapacity     0x0802ea49    0x5d2  Code  Gb  apptask.o [1]
vTaskMassStorage        0x0802d7c9    0x5e0  Code  Lc  apptask.o [1]
vTaskMissedYield        0x08033667      0xa  Code  Gb  tasks.o [1]
vTaskMotorControl       0x0802f0b9    0x96c  Code  Lc  apptask.o [1]
vTaskMsgPro             0x0802e225    0x434  Code  Lc  apptask.o [1]
vTaskPlaceOnEventList   0x080332cd     0x74  Code  Gb  tasks.o [1]
vTaskPlaceOnEventListRestricted
                        0x08033405     0x80  Code  Gb  tasks.o [1]
vTaskPlaceOnUnorderedEventList
                        0x0803335d     0xa8  Code  Gb  tasks.o [1]
vTaskReadDisk           0x0802e785    0x26a  Code  Lc  apptask.o [1]
vTaskRev485             0x0802e681     0xba  Code  Lc  apptask.o [1]
vTaskSetTimeOutState    0x080335b1     0x26  Code  Gb  tasks.o [1]
vTaskStartScheduler     0x08032f51     0x7e  Code  Gb  tasks.o [1]
vTaskSuspendAll         0x08032fcf     0x10  Code  Gb  tasks.o [1]
vTaskSwitchContext      0x0803321d     0xb0  Code  Gb  tasks.o [1]
vTaskTaskLCD            0x0802aa91   0x2d04  Code  Gb  apptask.o [1]
vTaskTaskLED            0x0802ddd5     0x26  Code  Lc  apptask.o [1]
vTaskTaskRFID           0x0802ddfb    0x3cc  Code  Lc  apptask.o [1]
valid_seg               0x2001d939      0x1  Data  Gb  page_weimi.o [1]
validate                0x08038593     0x36  Code  Lc  ff.o [1]
weimi_para              0x2001cd40    0x12c  Data  Gb  page_weimi.o [1]
work_idle               0x2001d93d      0x1  Data  Gb  product_cal.o [1]
work_idle_time          0x2001d920      0x2  Data  Gb  product_cal.o [1]
writeCString            0x0803f0b9     0x2a  Code  Gb  MQTTPacket.o [1]
writeChar               0x0803f083      0xc  Code  Gb  MQTTPacket.o [1]
writeInt                0x0803f08f     0x2a  Code  Gb  MQTTPacket.o [1]
writeMQTTString         0x0803f0e3     0x46  Code  Gb  MQTTPacket.o [1]
xActiveTimerList1       0x2001d700     0x14  Data  Lc  timers.o [1]
xActiveTimerList2       0x2001d714     0x14  Data  Lc  timers.o [1]
xBlockAllocatedBit      0x2001d888      0x4  Data  Lc  heap_4.o [1]
xDelayedTaskList1       0x2001d69c     0x14  Data  Lc  tasks.o [1]
xDelayedTaskList2       0x2001d6b0     0x14  Data  Lc  tasks.o [1]
xEventGroupCreate       0x0803a3c5     0x1c  Code  Gb  event_groups.o [1]
xEventGroupSetBits      0x0803a52d     0xd6  Code  Gb  event_groups.o [1]
xEventGroupWaitBits     0x0803a3e1    0x146  Code  Gb  event_groups.o [1]
xFreeBytesRemaining     0x2001d880      0x4  Data  Lc  heap_4.o [1]
xHandleTaskFreq         0x2001d820      0x4  Data  Gb  apptask.o [1]
xHandleTaskLCD          0x2001d7fc      0x4  Data  Gb  apptask.o [1]
xHandleTaskLED          0x2001d800      0x4  Data  Gb  apptask.o [1]
xHandleTaskManageCapacity
                        0x2001d818      0x4  Data  Gb  apptask.o [1]
xHandleTaskMassStorage  0x2001d808      0x4  Data  Gb  apptask.o [1]
xHandleTaskMotorControl
                        0x2001d81c      0x4  Data  Gb  apptask.o [1]
xHandleTaskMsgPro       0x2001d810      0x4  Data  Gb  apptask.o [1]
xHandleTaskRFID         0x2001d804      0x4  Data  Gb  apptask.o [1]
xHandleTaskReadDisk     0x2001d80c      0x4  Data  Gb  apptask.o [1]
xHandleTaskRev485       0x2001d814      0x4  Data  Gb  apptask.o [1]
xHeapStructSize         0x08047e80      0x4  Data  Lc  heap_4.o [1]
xMinimumEverFreeBytesRemaining
                        0x2001d884      0x4  Data  Lc  heap_4.o [1]
xNextTaskUnblockTime    0x2001d8d8      0x4  Data  Lc  tasks.o [1]
xNumOfOverflows         0x2001d8d0      0x4  Data  Lc  tasks.o [1]
xPendingReadyList       0x2001d6c4     0x14  Data  Lc  tasks.o [1]
xPortStartScheduler     0x0803ab23     0xcc  Code  Gb  port.o [1]
xQueueGenericCreate     0x0803099d     0x7e  Code  Gb  queue.o [1]
xQueueGenericReceive    0x08030d91    0x19c  Code  Gb  queue.o [1]
xQueueGenericReset      0x0803090d     0x90  Code  Gb  queue.o [1]
xQueueGenericSend       0x08030a1b    0x1b2  Code  Gb  queue.o [1]
xQueueGenericSendFromISR
                        0x08030bcd     0xec  Code  Gb  queue.o [1]
xQueueGiveFromISR       0x08030cb9     0xd8  Code  Gb  queue.o [1]
xQueue_MQTT_Recv        0x2001d8a0      0x4  Data  Gb  pub0sub1.o [1]
xQueue_esp8266_Cmd      0x2001d844      0x4  Data  Gb  apptask.o [1]
xQueue_message          0x2001d848      0x4  Data  Gb  apptask.o [1]
xSchedulerRunning       0x2001d8c4      0x4  Data  Lc  tasks.o [1]
xSemaphore_download     0x2001d834      0x4  Data  Gb  apptask.o [1]
xSemaphore_encoder      0x2001d830      0x4  Data  Gb  apptask.o [1]
xSemaphore_lcd          0x2001d824      0x4  Data  Gb  apptask.o [1]
xSemaphore_pluse        0x2001d82c      0x4  Data  Gb  apptask.o [1]
xSemaphore_readDisk     0x2001d838      0x4  Data  Gb  apptask.o [1]
xSemaphore_rs485        0x2001d828      0x4  Data  Gb  apptask.o [1]
xStart                  0x2001d7dc      0x8  Data  Lc  heap_4.o [1]
xSuspendedTaskList      0x2001d6ec     0x14  Data  Lc  tasks.o [1]
xTaskCheckForTimeOut    0x080335dd     0x8a  Code  Gb  tasks.o [1]
xTaskGenericCreate      0x08032d49    0x184  Code  Gb  tasks.o [1]
xTaskGetSchedulerState  0x0803389b     0x26  Code  Gb  tasks.o [1]
xTaskGetTickCount       0x080330df      0xa  Code  Gb  tasks.o [1]
xTaskIncrementTick      0x080330e9    0x134  Code  Gb  tasks.o [1]
xTaskRemoveFromEventList
                        0x08033489     0x8e  Code  Gb  tasks.o [1]
xTaskRemoveFromUnorderedEventList
                        0x0803351d     0x94  Code  Gb  tasks.o [1]
xTaskResumeAll          0x08032fdf    0x100  Code  Gb  tasks.o [1]
xTasksWaitingTermination
                        0x2001d6d8     0x14  Data  Lc  tasks.o [1]
xTickCount              0x2001d8bc      0x4  Data  Lc  tasks.o [1]
xTimerCreate            0x0803a679     0x62  Code  Gb  timers.o [1]
xTimerCreateTimerTask   0x0803a629     0x50  Code  Gb  timers.o [1]
xTimerGenericCommand    0x0803a6db     0x84  Code  Gb  timers.o [1]
xTimerQueue             0x2001d8f4      0x4  Data  Lc  timers.o [1]
xTimerUser              0x2001d840      0x4  Data  Gb  apptask.o [1]
xYieldPending           0x2001d8cc      0x4  Data  Lc  tasks.o [1]


[1] = E:\WORK\YarnControl_Driver\YarnControl_Driver\src\stm32f4_rtos\Project\EWARMv7\Flash\Obj
[2] = command line
[3] = dl7M_tlf.a
[4] = m7M_tls.a
[5] = rt7M_tl.a
[6] = shb_l.a

  111 466 bytes of readonly  code memory
  183 671 bytes of readonly  data memory
  123 208 bytes of readwrite data memory (+ 1 044 480 absolute)

Errors: none
Warnings: none
