###############################################################################
#
# IAR ELF Linker V7.40.7.9843/W32 for ARM                 07/Jan/2019  16:18:51
# Copyright 2007-2015 IAR Systems AB.
#
#    Output file  =  
#        F:\work\YarnControl_Driver\src\stm32f4_rtos\Project\EWARMv7\Flash\Exe\project.out
#    Map file     =  
#        F:\work\YarnControl_Driver\src\stm32f4_rtos\Project\EWARMv7\Flash\List\project.map
#    Command line =  
#        F:\work\YarnControl_Driver\src\stm32f4_rtos\Project\EWARMv7\Flash\Obj\apptask.o
#        F:\work\YarnControl_Driver\src\stm32f4_rtos\Project\EWARMv7\Flash\Obj\bsp.o
#        F:\work\YarnControl_Driver\src\stm32f4_rtos\Project\EWARMv7\Flash\Obj\bsp_closeSW.o
#        F:\work\YarnControl_Driver\src\stm32f4_rtos\Project\EWARMv7\Flash\Obj\bsp_dwt.o
#        F:\work\YarnControl_Driver\src\stm32f4_rtos\Project\EWARMv7\Flash\Obj\bsp_led.o
#        F:\work\YarnControl_Driver\src\stm32f4_rtos\Project\EWARMv7\Flash\Obj\bsp_sdio_sd.o
#        F:\work\YarnControl_Driver\src\stm32f4_rtos\Project\EWARMv7\Flash\Obj\bsp_sdwe050c17.o
#        F:\work\YarnControl_Driver\src\stm32f4_rtos\Project\EWARMv7\Flash\Obj\bsp_servomotor.o
#        F:\work\YarnControl_Driver\src\stm32f4_rtos\Project\EWARMv7\Flash\Obj\bsp_spi.o
#        F:\work\YarnControl_Driver\src\stm32f4_rtos\Project\EWARMv7\Flash\Obj\bsp_stepmotor.o
#        F:\work\YarnControl_Driver\src\stm32f4_rtos\Project\EWARMv7\Flash\Obj\bsp_sw_onoff.o
#        F:\work\YarnControl_Driver\src\stm32f4_rtos\Project\EWARMv7\Flash\Obj\bsp_tim_pwm.o
#        F:\work\YarnControl_Driver\src\stm32f4_rtos\Project\EWARMv7\Flash\Obj\bsp_timer.o
#        F:\work\YarnControl_Driver\src\stm32f4_rtos\Project\EWARMv7\Flash\Obj\bsp_uart_fifo.o
#        F:\work\YarnControl_Driver\src\stm32f4_rtos\Project\EWARMv7\Flash\Obj\bsp_w25qxx.o
#        F:\work\YarnControl_Driver\src\stm32f4_rtos\Project\EWARMv7\Flash\Obj\bsp_watchdog.o
#        F:\work\YarnControl_Driver\src\stm32f4_rtos\Project\EWARMv7\Flash\Obj\cc936.o
#        F:\work\YarnControl_Driver\src\stm32f4_rtos\Project\EWARMv7\Flash\Obj\cJSON.o
#        F:\work\YarnControl_Driver\src\stm32f4_rtos\Project\EWARMv7\Flash\Obj\croutine.o
#        F:\work\YarnControl_Driver\src\stm32f4_rtos\Project\EWARMv7\Flash\Obj\demo_fatfs.o
#        F:\work\YarnControl_Driver\src\stm32f4_rtos\Project\EWARMv7\Flash\Obj\diskio.o
#        F:\work\YarnControl_Driver\src\stm32f4_rtos\Project\EWARMv7\Flash\Obj\esp8266_handler.o
#        F:\work\YarnControl_Driver\src\stm32f4_rtos\Project\EWARMv7\Flash\Obj\esp8266_init.o
#        F:\work\YarnControl_Driver\src\stm32f4_rtos\Project\EWARMv7\Flash\Obj\event_groups.o
#        F:\work\YarnControl_Driver\src\stm32f4_rtos\Project\EWARMv7\Flash\Obj\ff.o
#        F:\work\YarnControl_Driver\src\stm32f4_rtos\Project\EWARMv7\Flash\Obj\heap_4.o
#        F:\work\YarnControl_Driver\src\stm32f4_rtos\Project\EWARMv7\Flash\Obj\list.o
#        F:\work\YarnControl_Driver\src\stm32f4_rtos\Project\EWARMv7\Flash\Obj\main.o
#        F:\work\YarnControl_Driver\src\stm32f4_rtos\Project\EWARMv7\Flash\Obj\malloc.o
#        F:\work\YarnControl_Driver\src\stm32f4_rtos\Project\EWARMv7\Flash\Obj\mcheck.o
#        F:\work\YarnControl_Driver\src\stm32f4_rtos\Project\EWARMv7\Flash\Obj\misc.o
#        F:\work\YarnControl_Driver\src\stm32f4_rtos\Project\EWARMv7\Flash\Obj\modbus.o
#        F:\work\YarnControl_Driver\src\stm32f4_rtos\Project\EWARMv7\Flash\Obj\MQTTConnectClient.o
#        F:\work\YarnControl_Driver\src\stm32f4_rtos\Project\EWARMv7\Flash\Obj\MQTTConnectServer.o
#        F:\work\YarnControl_Driver\src\stm32f4_rtos\Project\EWARMv7\Flash\Obj\MQTTDeserializePublish.o
#        F:\work\YarnControl_Driver\src\stm32f4_rtos\Project\EWARMv7\Flash\Obj\MQTTFormat.o
#        F:\work\YarnControl_Driver\src\stm32f4_rtos\Project\EWARMv7\Flash\Obj\MQTTPacket.o
#        F:\work\YarnControl_Driver\src\stm32f4_rtos\Project\EWARMv7\Flash\Obj\MQTTSerializePublish.o
#        F:\work\YarnControl_Driver\src\stm32f4_rtos\Project\EWARMv7\Flash\Obj\MQTTSubscribeClient.o
#        F:\work\YarnControl_Driver\src\stm32f4_rtos\Project\EWARMv7\Flash\Obj\MQTTSubscribeServer.o
#        F:\work\YarnControl_Driver\src\stm32f4_rtos\Project\EWARMv7\Flash\Obj\MQTTUnsubscribeClient.o
#        F:\work\YarnControl_Driver\src\stm32f4_rtos\Project\EWARMv7\Flash\Obj\MQTTUnsubscribeServer.o
#        F:\work\YarnControl_Driver\src\stm32f4_rtos\Project\EWARMv7\Flash\Obj\para.o
#        F:\work\YarnControl_Driver\src\stm32f4_rtos\Project\EWARMv7\Flash\Obj\port.o
#        F:\work\YarnControl_Driver\src\stm32f4_rtos\Project\EWARMv7\Flash\Obj\portasm.o
#        F:\work\YarnControl_Driver\src\stm32f4_rtos\Project\EWARMv7\Flash\Obj\product_cal.o
#        F:\work\YarnControl_Driver\src\stm32f4_rtos\Project\EWARMv7\Flash\Obj\protocol.o
#        F:\work\YarnControl_Driver\src\stm32f4_rtos\Project\EWARMv7\Flash\Obj\pub0sub1.o
#        F:\work\YarnControl_Driver\src\stm32f4_rtos\Project\EWARMv7\Flash\Obj\queue.o
#        F:\work\YarnControl_Driver\src\stm32f4_rtos\Project\EWARMv7\Flash\Obj\rc522.o
#        F:\work\YarnControl_Driver\src\stm32f4_rtos\Project\EWARMv7\Flash\Obj\startup_stm32f40_41xxx.o
#        F:\work\YarnControl_Driver\src\stm32f4_rtos\Project\EWARMv7\Flash\Obj\stm32f4xx_adc.o
#        F:\work\YarnControl_Driver\src\stm32f4_rtos\Project\EWARMv7\Flash\Obj\stm32f4xx_assert.o
#        F:\work\YarnControl_Driver\src\stm32f4_rtos\Project\EWARMv7\Flash\Obj\stm32f4xx_can.o
#        F:\work\YarnControl_Driver\src\stm32f4_rtos\Project\EWARMv7\Flash\Obj\stm32f4xx_crc.o
#        F:\work\YarnControl_Driver\src\stm32f4_rtos\Project\EWARMv7\Flash\Obj\stm32f4xx_cryp.o
#        F:\work\YarnControl_Driver\src\stm32f4_rtos\Project\EWARMv7\Flash\Obj\stm32f4xx_cryp_aes.o
#        F:\work\YarnControl_Driver\src\stm32f4_rtos\Project\EWARMv7\Flash\Obj\stm32f4xx_cryp_des.o
#        F:\work\YarnControl_Driver\src\stm32f4_rtos\Project\EWARMv7\Flash\Obj\stm32f4xx_cryp_tdes.o
#        F:\work\YarnControl_Driver\src\stm32f4_rtos\Project\EWARMv7\Flash\Obj\stm32f4xx_dac.o
#        F:\work\YarnControl_Driver\src\stm32f4_rtos\Project\EWARMv7\Flash\Obj\stm32f4xx_dbgmcu.o
#        F:\work\YarnControl_Driver\src\stm32f4_rtos\Project\EWARMv7\Flash\Obj\stm32f4xx_dcmi.o
#        F:\work\YarnControl_Driver\src\stm32f4_rtos\Project\EWARMv7\Flash\Obj\stm32f4xx_dma.o
#        F:\work\YarnControl_Driver\src\stm32f4_rtos\Project\EWARMv7\Flash\Obj\stm32f4xx_dma2d.o
#        F:\work\YarnControl_Driver\src\stm32f4_rtos\Project\EWARMv7\Flash\Obj\stm32f4xx_exti.o
#        F:\work\YarnControl_Driver\src\stm32f4_rtos\Project\EWARMv7\Flash\Obj\stm32f4xx_flash.o
#        F:\work\YarnControl_Driver\src\stm32f4_rtos\Project\EWARMv7\Flash\Obj\stm32f4xx_fsmc.o
#        F:\work\YarnControl_Driver\src\stm32f4_rtos\Project\EWARMv7\Flash\Obj\stm32f4xx_gpio.o
#        F:\work\YarnControl_Driver\src\stm32f4_rtos\Project\EWARMv7\Flash\Obj\stm32f4xx_hash.o
#        F:\work\YarnControl_Driver\src\stm32f4_rtos\Project\EWARMv7\Flash\Obj\stm32f4xx_hash_md5.o
#        F:\work\YarnControl_Driver\src\stm32f4_rtos\Project\EWARMv7\Flash\Obj\stm32f4xx_hash_sha1.o
#        F:\work\YarnControl_Driver\src\stm32f4_rtos\Project\EWARMv7\Flash\Obj\stm32f4xx_i2c.o
#        F:\work\YarnControl_Driver\src\stm32f4_rtos\Project\EWARMv7\Flash\Obj\stm32f4xx_it.o
#        F:\work\YarnControl_Driver\src\stm32f4_rtos\Project\EWARMv7\Flash\Obj\stm32f4xx_iwdg.o
#        F:\work\YarnControl_Driver\src\stm32f4_rtos\Project\EWARMv7\Flash\Obj\stm32f4xx_ltdc.o
#        F:\work\YarnControl_Driver\src\stm32f4_rtos\Project\EWARMv7\Flash\Obj\stm32f4xx_pwr.o
#        F:\work\YarnControl_Driver\src\stm32f4_rtos\Project\EWARMv7\Flash\Obj\stm32f4xx_rcc.o
#        F:\work\YarnControl_Driver\src\stm32f4_rtos\Project\EWARMv7\Flash\Obj\stm32f4xx_rng.o
#        F:\work\YarnControl_Driver\src\stm32f4_rtos\Project\EWARMv7\Flash\Obj\stm32f4xx_rtc.o
#        F:\work\YarnControl_Driver\src\stm32f4_rtos\Project\EWARMv7\Flash\Obj\stm32f4xx_sai.o
#        F:\work\YarnControl_Driver\src\stm32f4_rtos\Project\EWARMv7\Flash\Obj\stm32f4xx_sdio.o
#        F:\work\YarnControl_Driver\src\stm32f4_rtos\Project\EWARMv7\Flash\Obj\stm32f4xx_spi.o
#        F:\work\YarnControl_Driver\src\stm32f4_rtos\Project\EWARMv7\Flash\Obj\stm32f4xx_syscfg.o
#        F:\work\YarnControl_Driver\src\stm32f4_rtos\Project\EWARMv7\Flash\Obj\stm32f4xx_tim.o
#        F:\work\YarnControl_Driver\src\stm32f4_rtos\Project\EWARMv7\Flash\Obj\stm32f4xx_usart.o
#        F:\work\YarnControl_Driver\src\stm32f4_rtos\Project\EWARMv7\Flash\Obj\stm32f4xx_wwdg.o
#        F:\work\YarnControl_Driver\src\stm32f4_rtos\Project\EWARMv7\Flash\Obj\SysInfoTest.o
#        F:\work\YarnControl_Driver\src\stm32f4_rtos\Project\EWARMv7\Flash\Obj\system_stm32f4xx.o
#        F:\work\YarnControl_Driver\src\stm32f4_rtos\Project\EWARMv7\Flash\Obj\tasks.o
#        F:\work\YarnControl_Driver\src\stm32f4_rtos\Project\EWARMv7\Flash\Obj\timers.o
#        F:\work\YarnControl_Driver\src\stm32f4_rtos\Project\EWARMv7\Flash\Obj\transport.o
#        F:\work\YarnControl_Driver\src\stm32f4_rtos\Project\EWARMv7\Flash\Obj\usb_bsp.o
#        F:\work\YarnControl_Driver\src\stm32f4_rtos\Project\EWARMv7\Flash\Obj\usb_core.o
#        F:\work\YarnControl_Driver\src\stm32f4_rtos\Project\EWARMv7\Flash\Obj\usb_hcd.o
#        F:\work\YarnControl_Driver\src\stm32f4_rtos\Project\EWARMv7\Flash\Obj\usb_hcd_int.o
#        F:\work\YarnControl_Driver\src\stm32f4_rtos\Project\EWARMv7\Flash\Obj\usbh_core.o
#        F:\work\YarnControl_Driver\src\stm32f4_rtos\Project\EWARMv7\Flash\Obj\usbh_hcs.o
#        F:\work\YarnControl_Driver\src\stm32f4_rtos\Project\EWARMv7\Flash\Obj\usbh_ioreq.o
#        F:\work\YarnControl_Driver\src\stm32f4_rtos\Project\EWARMv7\Flash\Obj\usbh_it.o
#        F:\work\YarnControl_Driver\src\stm32f4_rtos\Project\EWARMv7\Flash\Obj\usbh_msc_bot.o
#        F:\work\YarnControl_Driver\src\stm32f4_rtos\Project\EWARMv7\Flash\Obj\usbh_msc_core.o
#        F:\work\YarnControl_Driver\src\stm32f4_rtos\Project\EWARMv7\Flash\Obj\usbh_msc_scsi.o
#        F:\work\YarnControl_Driver\src\stm32f4_rtos\Project\EWARMv7\Flash\Obj\usbh_stdreq.o
#        F:\work\YarnControl_Driver\src\stm32f4_rtos\Project\EWARMv7\Flash\Obj\usbh_usr.o
#        -o
#        F:\work\YarnControl_Driver\src\stm32f4_rtos\Project\EWARMv7\Flash\Exe\project.out
#        --map
#        F:\work\YarnControl_Driver\src\stm32f4_rtos\Project\EWARMv7\Flash\List\project.map
#        --config
#        F:\work\YarnControl_Driver\src\stm32f4_rtos\Project\EWARMv7\stm32f4xx_flash.icf
#        --semihosting --entry __iar_program_start --inline --vfe
#
###############################################################################

*******************************************************************************
*** RUNTIME MODEL ATTRIBUTES
***

CppFlavor                     = *
__Heap_Handler                = DLMalloc
__SystemLibrary               = DLib
__dlib_dynamic_initialization = normal


*******************************************************************************
*** PLACEMENT SUMMARY
***

"A1":  place at 0x08000000 { ro section .intvec };
"P1":  place in [from 0x08000000 to 0x080fffff] { ro };
"P2":  place in [from 0x20000000 to 0x2001ffff] { rw, block CSTACK, block HEAP };

  Section             Kind        Address     Size  Object
  -------             ----        -------     ----  ------
"A1":                                        0x188
  .intvec             ro code  0x08000000    0x188  startup_stm32f40_41xxx.o [1]
                             - 0x08000188    0x188

"P1":                                      0x3e0cc
  .rodata             const    0x08000188  0x15484  cc936.o [1]
  .rodata             const    0x0801560c  0x15484  cc936.o [1]
  .text               ro code  0x0802aa90   0x2acc  apptask.o [1]
  .text               ro code  0x0802d55c    0xc00  tasks.o [1]
  .text               ro code  0x0802e15c    0x7c8  queue.o [1]
  .text               ro code  0x0802e924    0x808  bsp_sdwe050c17.o [1]
  .text               ro code  0x0802f12c    0x1f6  product_cal.o [1]
  .text               ro code  0x0802f322      0xa  xsprout.o [3]
  .text               ro code  0x0802f32c     0x66  ABImemset.o [5]
  .text               ro code  0x0802f394    0x370  bsp_w25qxx.o [1]
  .text               ro code  0x0802f704     0x76  ABImemcpy_unaligned.o [5]
  .text               ro code  0x0802f77c     0x4e  FltToDbl.o [4]
  .text               ro code  0x0802f7cc     0x24  printf.o [3]
  .text               ro code  0x0802f7f0     0x42  strcmp_unaligned.o [5]
  .text               ro code  0x0802f834    0x204  bsp_timer.o [1]
  .text               ro code  0x0802fa38    0x2ec  stm32f4xx_tim.o [1]
  .text               ro code  0x0802fd24    0x1b6  usbh_usr.o [1]
  .text               ro code  0x0802fedc    0x760  usbh_core.o [1]
  .text               ro code  0x0803063c   0x2264  ff.o [1]
  .text               ro code  0x080328a0     0x34  sprintf.o [3]
  .text               ro code  0x080328d4    0x256  DblDiv.o [4]
  .text               ro code  0x08032b2a     0x1c  strcat.o [3]
  .text               ro code  0x08032b48     0x36  strlen.o [5]
  .text               ro code  0x08032b80     0xc0  bsp_led.o [1]
  .text               ro code  0x08032c40     0xae  rc522.o [1]
  .text               ro code  0x08032cf0    0x21c  malloc.o [1]
  .text               ro code  0x08032f0c    0x354  modbus.o [1]
  .text               ro code  0x08033260     0x68  bsp_sw_onoff.o [1]
  .text               ro code  0x080332c8     0x44  protocol.o [1]
  .text               ro code  0x0803330c     0x10  esp8266_handler.o [1]
  .text               ro code  0x0803331c    0x262  event_groups.o [1]
  .text               ro code  0x08033580    0x4a4  timers.o [1]
  .text               ro code  0x08033a24      0x8  bsp_watchdog.o [1]
  .text               ro code  0x08033a2c    0x24c  port.o [1]
  .text               ro code  0x08033c78     0x98  list.o [1]
  .text               ro code  0x08033d10    0x280  heap_4.o [1]
  .text               ro code  0x08033f90    0x1c4  stm32f4xx_rcc.o [1]
  .text               ro code  0x08034154    0x12c  stm32f4xx_gpio.o [1]
  .text               ro code  0x08034280    0xab0  bsp_uart_fifo.o [1]
  .text               ro code  0x08034d30    0x124  bsp_spi.o [1]
  .text               ro code  0x08034e54    0xd96  xprintffull_nomb.o [3]
  .text               ro code  0x08035bec     0x88  misc.o [1]
  .text               ro code  0x08035c74    0x14c  usb_bsp.o [1]
  .text               ro code  0x08035dc0     0xd6  usb_hcd.o [1]
  .text               ro code  0x08035e96    0x1ba  usbh_hcs.o [1]
  .text               ro code  0x08036050    0x436  usbh_stdreq.o [1]
  .text               ro code  0x08036486    0x246  usbh_ioreq.o [1]
  .text               ro code  0x080366cc    0x2e4  diskio.o [1]
  .text               ro code  0x080369b0     0xf4  cc936.o [1]
  .text               ro code  0x08036aa4     0xb8  mcheck.o [1]
  .text               ro code  0x08036b5c     0x2c  strstr.o [3]
  .text               ro code  0x08036b88     0x10  stm32f4xx_iwdg.o [1]
  CODE                ro code  0x08036b98     0xa8  portasm.o [1]
  .text               ro code  0x08036c40    0x22e  stm32f4xx_usart.o [1]
  .text               ro code  0x08036e70    0x2b4  stm32f4xx_dma.o [1]
  .text               ro code  0x08037124     0x74  stm32f4xx_spi.o [1]
  .text               ro code  0x08037198     0x16  strchr.o [5]
  .text               ro code  0x080371b0     0x58  memchr.o [5]
  .text               ro code  0x08037208     0xee  I64DivMod.o [5]
  .text               ro code  0x080372f6     0x42  xdnorm.o [4]
  .text               ro code  0x08037338     0x2e  DblCmpLe.o [4]
  .text               ro code  0x08037368     0x2e  DblCmpGe.o [4]
  .text               ro code  0x08037398    0x114  xdscale.o [4]
  .text               ro code  0x080374ac     0x58  DblToI32.o [4]
  .text               ro code  0x08037504     0x30  I32ToDbl.o [4]
  .text               ro code  0x08037534    0x180  DblSub.o [4]
  .text               ro code  0x080376b4    0x1a2  DblMul.o [4]
  .text               ro code  0x08037858     0x6c  localeconv.o [3]
  .text               ro code  0x080378c4      0xe  div.o [3]
  .text               ro code  0x080378d4     0x74  bsp_dwt.o [1]
  .text               ro code  0x08037948    0xa50  usb_core.o [1]
  .text               ro code  0x08038398   0x1a58  bsp_sdio_sd.o [1]
  .text               ro code  0x08039df0    0x618  usbh_msc_scsi.o [1]
  .text               ro code  0x0803a408    0x554  usbh_msc_bot.o [1]
  .text               ro code  0x0803a95c      0x2  I64DivZer.o [5]
  .text               ro code  0x0803a960     0xd4  DblAdd.o [4]
  .text               ro code  0x0803aa34    0x17c  stm32f4xx_sdio.o [1]
  .text               ro code  0x0803abb0    0xc7e  usb_hcd_int.o [1]
  .text               ro code  0x0803b830    0x3e8  usbh_msc_core.o [1]
  .rodata             const    0x0803bc18    0x3dc  cc936.o [1]
  .rodata             const    0x0803bff4    0x3dc  cc936.o [1]
  .text               ro code  0x0803c3d0    0x2e0  bsp_tim_pwm.o [1]
  .text               ro code  0x0803c6b0    0x21c  bsp_stepmotor.o [1]
  .rodata             const    0x0803c8cc    0x1f4  apptask.o [1]
  .text               ro code  0x0803cac0    0x19c  para.o [1]
  .text               ro code  0x0803cc5c    0x154  system_stm32f4xx.o [1]
  .rodata             const    0x0803cdb0    0x100  mcheck.o [1]
  .rodata             const    0x0803ceb0    0x100  mcheck.o [1]
  .rodata             const    0x0803cfb0    0x100  mcheck.o [1]
  .text               ro code  0x0803d0b0     0xd4  bsp_closeSW.o [1]
  .text               ro code  0x0803d184     0x54  stm32f4xx_syscfg.o [1]
  .text               ro code  0x0803d1d8     0xc0  stm32f4xx_exti.o [1]
  .text               ro code  0x0803d298     0xc4  bsp_servomotor.o [1]
  .text               ro code  0x0803d35c     0x50  bsp.o [1]
  .text               ro code  0x0803d3ac     0x40  zero_init3.o [5]
  .text               ro code  0x0803d3ec     0x3c  SysInfoTest.o [1]
  .rodata             const    0x0803d428     0x38  demo_fatfs.o [1]
  .text               ro code  0x0803d460     0x38  stm32f4xx_it.o [1]
  .text               ro code  0x0803d498     0x34  main.o [1]
  .rodata             const    0x0803d4cc     0x30  apptask.o [1]
  .rodata             const    0x0803d4fc     0x30  demo_fatfs.o [1]
  .rodata             const    0x0803d52c     0x30  demo_fatfs.o [1]
  .rodata             const    0x0803d55c     0x2c  apptask.o [1]
  .rodata             const    0x0803d588     0x2c  demo_fatfs.o [1]
  .rodata             const    0x0803d5b4     0x2c  demo_fatfs.o [1]
  .rodata             const    0x0803d5e0     0x2c  stm32f4xx_it.o [1]
  .text               ro code  0x0803d60c     0x2c  copy_init3.o [5]
  .rodata             const    0x0803d638     0x28  demo_fatfs.o [1]
  .rodata             const    0x0803d660     0x28  demo_fatfs.o [1]
  .rodata             const    0x0803d688     0x28  demo_fatfs.o [1]
  .text               ro code  0x0803d6b0     0x28  data_init.o [5]
  .rodata             const    0x0803d6d8     0x24  demo_fatfs.o [1]
  .rodata             const    0x0803d6fc     0x24  demo_fatfs.o [1]
  .rodata             const    0x0803d720     0x24  usbh_usr.o [1]
  .text               ro code  0x0803d744     0x22  fpinit_M.o [4]
  .iar.init_table     const    0x0803d768     0x2c  - Linker created -
  .rodata             const    0x0803d794     0x20  apptask.o [1]
  .rodata             const    0x0803d7b4     0x20  apptask.o [1]
  .rodata             const    0x0803d7d4     0x20  bsp_sdwe050c17.o [1]
  .rodata             const    0x0803d7f4     0x20  demo_fatfs.o [1]
  .rodata             const    0x0803d814     0x20  demo_fatfs.o [1]
  .rodata             const    0x0803d834     0x20  demo_fatfs.o [1]
  .rodata             const    0x0803d854     0x20  usbh_usr.o [1]
  .rodata             const    0x0803d874     0x20  usbh_usr.o [1]
  .rodata             const    0x0803d894     0x20  usbh_usr.o [1]
  .rodata             const    0x0803d8b4     0x20  usbh_usr.o [1]
  .rodata             const    0x0803d8d4     0x20  usbh_usr.o [1]
  .rodata             const    0x0803d8f4     0x1c  apptask.o [1]
  .rodata             const    0x0803d910     0x1c  apptask.o [1]
  .rodata             const    0x0803d92c     0x1c  apptask.o [1]
  .rodata             const    0x0803d948     0x1c  apptask.o [1]
  .rodata             const    0x0803d964     0x1c  apptask.o [1]
  .rodata             const    0x0803d980     0x1c  apptask.o [1]
  .rodata             const    0x0803d99c     0x1c  demo_fatfs.o [1]
  .rodata             const    0x0803d9b8     0x1c  demo_fatfs.o [1]
  .rodata             const    0x0803d9d4     0x1c  usbh_usr.o [1]
  .rodata             const    0x0803d9f0     0x1c  usbh_usr.o [1]
  .rodata             const    0x0803da0c     0x1c  usbh_usr.o [1]
  .rodata             const    0x0803da28     0x1c  usbh_usr.o [1]
  .rodata             const    0x0803da44     0x1c  usbh_usr.o [1]
  .rodata             const    0x0803da60     0x1c  usbh_usr.o [1]
  .text               ro code  0x0803da7c     0x1a  cmain.o [5]
  .text               ro code  0x0803da96      0x4  exit.o [3]
  .text               ro code  0x0803da9c      0xa  cexit.o [5]
  .text               ro code  0x0803daa8     0x14  exit.o [6]
  .rodata             const    0x0803dabc     0x18  apptask.o [1]
  .rodata             const    0x0803dad4     0x18  apptask.o [1]
  .rodata             const    0x0803daec     0x18  apptask.o [1]
  .rodata             const    0x0803db04     0x18  apptask.o [1]
  .rodata             const    0x0803db1c     0x18  apptask.o [1]
  .rodata             const    0x0803db34     0x18  apptask.o [1]
  .rodata             const    0x0803db4c     0x18  apptask.o [1]
  .rodata             const    0x0803db64     0x18  demo_fatfs.o [1]
  .rodata             const    0x0803db7c     0x18  demo_fatfs.o [1]
  .rodata             const    0x0803db94     0x18  demo_fatfs.o [1]
  .rodata             const    0x0803dbac     0x18  demo_fatfs.o [1]
  .rodata             const    0x0803dbc4     0x18  usbh_usr.o [1]
  .rodata             const    0x0803dbdc     0x18  usbh_usr.o [1]
  .rodata             const    0x0803dbf4     0x18  usbh_usr.o [1]
  .rodata             const    0x0803dc0c     0x18  usbh_usr.o [1]
  .rodata             const    0x0803dc24     0x18  usbh_usr.o [1]
  .text               ro code  0x0803dc3c     0x16  xprout.o [3]
  .text               ro code  0x0803dc54      0xc  putchar.o [3]
  .rodata             const    0x0803dc60     0x14  apptask.o [1]
  .rodata             const    0x0803dc74     0x14  apptask.o [1]
  .rodata             const    0x0803dc88     0x14  apptask.o [1]
  .rodata             const    0x0803dc9c     0x14  apptask.o [1]
  .rodata             const    0x0803dcb0     0x14  apptask.o [1]
  .rodata             const    0x0803dcc4     0x14  apptask.o [1]
  .rodata             const    0x0803dcd8     0x14  usbh_usr.o [1]
  .rodata             const    0x0803dcec     0x14  usbh_usr.o [1]
  .rodata             const    0x0803dd00     0x10  apptask.o [1]
  .rodata             const    0x0803dd10     0x10  apptask.o [1]
  .rodata             const    0x0803dd20     0x10  apptask.o [1]
  .rodata             const    0x0803dd30     0x10  apptask.o [1]
  .rodata             const    0x0803dd40     0x10  apptask.o [1]
  .rodata             const    0x0803dd50     0x10  apptask.o [1]
  .rodata             const    0x0803dd60     0x10  apptask.o [1]
  .rodata             const    0x0803dd70     0x10  apptask.o [1]
  .rodata             const    0x0803dd80     0x10  ff.o [1]
  .rodata             const    0x0803dd90     0x10  main.o [1]
  .rodata             const    0x0803dda0     0x10  main.o [1]
  .rodata             const    0x0803ddb0     0x10  usbh_usr.o [1]
  .rodata             const    0x0803ddc0     0x10  usbh_usr.o [1]
  .text               ro code  0x0803ddd0     0x10  startup_stm32f40_41xxx.o [1]
  .text               ro code  0x0803dde0     0x10  usbh_it.o [1]
  .rodata             const    0x0803ddf0      0xc  apptask.o [1]
  .rodata             const    0x0803ddfc      0xc  apptask.o [1]
  .rodata             const    0x0803de08      0xc  apptask.o [1]
  .rodata             const    0x0803de14      0xc  apptask.o [1]
  .rodata             const    0x0803de20      0xc  apptask.o [1]
  .rodata             const    0x0803de2c      0xc  apptask.o [1]
  .rodata             const    0x0803de38      0xc  apptask.o [1]
  .rodata             const    0x0803de44      0xc  apptask.o [1]
  .rodata             const    0x0803de50      0xc  apptask.o [1]
  .rodata             const    0x0803de5c      0xc  apptask.o [1]
  .rodata             const    0x0803de68      0xc  apptask.o [1]
  .rodata             const    0x0803de74      0xc  apptask.o [1]
  .rodata             const    0x0803de80      0xc  apptask.o [1]
  .rodata             const    0x0803de8c      0xc  apptask.o [1]
  .rodata             const    0x0803de98      0xc  apptask.o [1]
  .rodata             const    0x0803dea4      0xc  bsp_sdwe050c17.o [1]
  .rodata             const    0x0803deb0      0xc  bsp_sdwe050c17.o [1]
  .rodata             const    0x0803debc      0xc  bsp_sdwe050c17.o [1]
  .rodata             const    0x0803dec8      0xc  bsp_uart_fifo.o [1]
  .rodata             const    0x0803ded4      0xc  demo_fatfs.o [1]
  .rodata             const    0x0803dee0      0xc  ff.o [1]
  .text               ro code  0x0803deec      0xc  cstartup_M.o [5]
  .rodata             const    0x0803def8      0x8  apptask.o [1]
  .rodata             const    0x0803df00      0x8  apptask.o [1]
  .rodata             const    0x0803df08      0x8  apptask.o [1]
  .rodata             const    0x0803df10      0x8  apptask.o [1]
  .rodata             const    0x0803df18      0x8  apptask.o [1]
  .rodata             const    0x0803df20      0x8  apptask.o [1]
  .rodata             const    0x0803df28      0x8  apptask.o [1]
  .rodata             const    0x0803df30      0x8  apptask.o [1]
  .rodata             const    0x0803df38      0x8  apptask.o [1]
  .rodata             const    0x0803df40      0x8  bsp_w25qxx.o [1]
  .rodata             const    0x0803df48      0x8  ff.o [1]
  .rodata             const    0x0803df50      0x8  malloc.o [1]
  .rodata             const    0x0803df58      0x8  malloc.o [1]
  .rodata             const    0x0803df60      0x8  malloc.o [1]
  .rodata             const    0x0803df68      0x8  tasks.o [1]
  .rodata             const    0x0803df70      0x8  timers.o [1]
  .rodata             const    0x0803df78      0x4  heap_4.o [1]
  .rodata             const    0x0803df7c      0x4  port.o [1]
  .text               ro code  0x0803df80      0x4  startup_stm32f40_41xxx.o [1]
  .text               ro code  0x0803df84      0x4  startup_stm32f40_41xxx.o [1]
  .text               ro code  0x0803df88      0x4  startup_stm32f40_41xxx.o [1]
  .text               ro code  0x0803df8c      0x4  startup_stm32f40_41xxx.o [1]
  .text               ro code  0x0803df90      0x4  startup_stm32f40_41xxx.o [1]
  .text               ro code  0x0803df94      0x4  startup_stm32f40_41xxx.o [1]
  .text               ro code  0x0803df98      0x4  startup_stm32f40_41xxx.o [1]
  .text               ro code  0x0803df9c      0x4  startup_stm32f40_41xxx.o [1]
  .text               ro code  0x0803dfa0      0x4  startup_stm32f40_41xxx.o [1]
  .text               ro code  0x0803dfa4      0x4  startup_stm32f40_41xxx.o [1]
  .text               ro code  0x0803dfa8      0x4  startup_stm32f40_41xxx.o [1]
  .text               ro code  0x0803dfac      0x4  startup_stm32f40_41xxx.o [1]
  .text               ro code  0x0803dfb0      0x4  startup_stm32f40_41xxx.o [1]
  .text               ro code  0x0803dfb4      0x4  startup_stm32f40_41xxx.o [1]
  .text               ro code  0x0803dfb8      0x4  startup_stm32f40_41xxx.o [1]
  .text               ro code  0x0803dfbc      0x4  startup_stm32f40_41xxx.o [1]
  .text               ro code  0x0803dfc0      0x4  startup_stm32f40_41xxx.o [1]
  .text               ro code  0x0803dfc4      0x4  startup_stm32f40_41xxx.o [1]
  .text               ro code  0x0803dfc8      0x4  startup_stm32f40_41xxx.o [1]
  .text               ro code  0x0803dfcc      0x4  startup_stm32f40_41xxx.o [1]
  .text               ro code  0x0803dfd0      0x4  startup_stm32f40_41xxx.o [1]
  .text               ro code  0x0803dfd4      0x4  startup_stm32f40_41xxx.o [1]
  .text               ro code  0x0803dfd8      0x4  startup_stm32f40_41xxx.o [1]
  .text               ro code  0x0803dfdc      0x4  startup_stm32f40_41xxx.o [1]
  .text               ro code  0x0803dfe0      0x4  startup_stm32f40_41xxx.o [1]
  .text               ro code  0x0803dfe4      0x4  startup_stm32f40_41xxx.o [1]
  .text               ro code  0x0803dfe8      0x4  startup_stm32f40_41xxx.o [1]
  .text               ro code  0x0803dfec      0x4  startup_stm32f40_41xxx.o [1]
  .text               ro code  0x0803dff0      0x4  startup_stm32f40_41xxx.o [1]
  .text               ro code  0x0803dff4      0x4  startup_stm32f40_41xxx.o [1]
  .text               ro code  0x0803dff8      0x4  startup_stm32f40_41xxx.o [1]
  .text               ro code  0x0803dffc      0x4  startup_stm32f40_41xxx.o [1]
  .text               ro code  0x0803e000      0x4  startup_stm32f40_41xxx.o [1]
  .text               ro code  0x0803e004      0x4  startup_stm32f40_41xxx.o [1]
  .text               ro code  0x0803e008      0x4  startup_stm32f40_41xxx.o [1]
  .text               ro code  0x0803e00c      0x4  startup_stm32f40_41xxx.o [1]
  .text               ro code  0x0803e010      0x4  startup_stm32f40_41xxx.o [1]
  .text               ro code  0x0803e014      0x4  startup_stm32f40_41xxx.o [1]
  .text               ro code  0x0803e018      0x4  startup_stm32f40_41xxx.o [1]
  .text               ro code  0x0803e01c      0x4  startup_stm32f40_41xxx.o [1]
  .text               ro code  0x0803e020      0x4  startup_stm32f40_41xxx.o [1]
  .text               ro code  0x0803e024      0x4  startup_stm32f40_41xxx.o [1]
  .text               ro code  0x0803e028      0x4  startup_stm32f40_41xxx.o [1]
  .text               ro code  0x0803e02c      0x4  startup_stm32f40_41xxx.o [1]
  .text               ro code  0x0803e030      0x4  startup_stm32f40_41xxx.o [1]
  .text               ro code  0x0803e034      0x4  startup_stm32f40_41xxx.o [1]
  .text               ro code  0x0803e038      0x4  startup_stm32f40_41xxx.o [1]
  .text               ro code  0x0803e03c      0x4  startup_stm32f40_41xxx.o [1]
  .text               ro code  0x0803e040      0x4  startup_stm32f40_41xxx.o [1]
  .text               ro code  0x0803e044      0x4  startup_stm32f40_41xxx.o [1]
  .text               ro code  0x0803e048      0x4  startup_stm32f40_41xxx.o [1]
  .text               ro code  0x0803e04c      0x4  startup_stm32f40_41xxx.o [1]
  .text               ro code  0x0803e050      0x4  startup_stm32f40_41xxx.o [1]
  .text               ro code  0x0803e054      0x4  startup_stm32f40_41xxx.o [1]
  .text               ro code  0x0803e058      0x4  startup_stm32f40_41xxx.o [1]
  .text               ro code  0x0803e05c      0x4  startup_stm32f40_41xxx.o [1]
  .text               ro code  0x0803e060      0x4  startup_stm32f40_41xxx.o [1]
  .text               ro code  0x0803e064      0x4  startup_stm32f40_41xxx.o [1]
  .text               ro code  0x0803e068      0x4  startup_stm32f40_41xxx.o [1]
  .text               ro code  0x0803e06c      0x4  startup_stm32f40_41xxx.o [1]
  .text               ro code  0x0803e070      0x4  startup_stm32f40_41xxx.o [1]
  .text               ro code  0x0803e074      0x4  startup_stm32f40_41xxx.o [1]
  .text               ro code  0x0803e078      0x4  startup_stm32f40_41xxx.o [1]
  .text               ro code  0x0803e07c      0x4  startup_stm32f40_41xxx.o [1]
  .text               ro code  0x0803e080      0x4  startup_stm32f40_41xxx.o [1]
  .text               ro code  0x0803e084      0x4  startup_stm32f40_41xxx.o [1]
  .text               ro code  0x0803e088      0x4  startup_stm32f40_41xxx.o [1]
  .text               ro code  0x0803e08c      0x4  startup_stm32f40_41xxx.o [1]
  .text               ro code  0x0803e090      0x4  startup_stm32f40_41xxx.o [1]
  .text               ro code  0x0803e094      0x4  startup_stm32f40_41xxx.o [1]
  .text               ro code  0x0803e098      0x4  startup_stm32f40_41xxx.o [1]
  .rodata             const    0x0803e09c      0x0  zero_init3.o [5]
  .rodata             const    0x0803e09c      0x0  copy_init3.o [5]
  Initializer bytes   const    0x0803e09c    0x1b8  <for P2 s0>
                             - 0x0803e254  0x3e0cc

"P2":                                      0x1cda8
  P2 s0                        0x20000000    0x1b8  <Init block>
    __DLIB_PERTHREAD  inited   0x20000000     0x88  localeconv.o [3]
    .data             inited   0x20000088     0x50  demo_fatfs.o [1]
    .data             inited   0x200000d8     0x48  usbh_usr.o [1]
    .data             inited   0x20000120     0x40  xfiles.o [3]
    .data             inited   0x20000160     0x1c  malloc.o [1]
    .data             inited   0x2000017c     0x10  stm32f4xx_rcc.o [1]
    .data             inited   0x2000018c     0x10  usbh_msc_core.o [1]
    .data             inited   0x2000019c      0xc  usbh_core.o [1]
    .data             inited   0x200001a8      0x4  port.o [1]
    .data             inited   0x200001ac      0x4  system_stm32f4xx.o [1]
    .data             inited   0x200001b0      0x4  usbh_core.o [1]
    .data             inited   0x200001b4      0x2  bsp_w25qxx.o [1]
    .data             inited   0x200001b6      0x1  usbh_msc_scsi.o [1]
  .bss                zero     0x200001b8   0xf000  heap_4.o [1]
  .bss                zero     0x2000f1b8   0xa000  malloc.o [1]
  .bss                zero     0x200191b8   0x1000  bsp_w25qxx.o [1]
  .bss                zero     0x2001a1b8    0xa00  malloc.o [1]
  .bss                zero     0x2001abb8    0x5ac  usbh_usr.o [1]
  .bss                zero     0x2001b164    0x5ac  usbh_usr.o [1]
  .bss                zero     0x2001b710    0x200  ff.o [1]
  .bss                zero     0x2001b910    0x200  usbh_msc_scsi.o [1]
  .bss                zero     0x2001bb10    0x200  usbh_stdreq.o [1]
  .bss                zero     0x2001bd10     0xa4  protocol.o [1]
  .bss                zero     0x2001bdb4     0xa0  tasks.o [1]
  .bss                zero     0x2001be54     0x94  usbh_usr.o [1]
  .bss                zero     0x2001bee8     0x74  product_cal.o [1]
  .bss                zero     0x2001bf5c     0x70  protocol.o [1]
  .bss                zero     0x2001bfcc     0x64  bsp_uart_fifo.o [1]
  .bss                zero     0x2001c030     0x64  bsp_uart_fifo.o [1]
  .bss                zero     0x2001c094     0x64  bsp_uart_fifo.o [1]
  .bss                zero     0x2001c0f8     0x58  bsp_sdio_sd.o [1]
  .bss                zero     0x2001c150     0x50  protocol.o [1]
  .bss                zero     0x2001c1a0     0x50  xfiles.o [3]
  .bss                zero     0x2001c1f0     0x4c  usbh_msc_core.o [1]
  .bss                zero     0x2001c23c     0x34  bsp_sdwe050c17.o [1]
  .bss                zero     0x2001c270     0x34  para.o [1]
  .bss                zero     0x2001c2a4     0x28  bsp_uart_fifo.o [1]
  .bss                zero     0x2001c2cc     0x24  ff.o [1]
  .bss                zero     0x2001c2f0     0x20  usbh_msc_bot.o [1]
  .bss                zero     0x2001c310     0x18  bsp_sdio_sd.o [1]
  .bss                zero     0x2001c328     0x18  bsp_sdio_sd.o [1]
  .bss                zero     0x2001c340     0x14  bsp_sdio_sd.o [1]
  .bss                zero     0x2001c354     0x14  rc522.o [1]
  .bss                zero     0x2001c368     0x14  tasks.o [1]
  .bss                zero     0x2001c37c     0x14  tasks.o [1]
  .bss                zero     0x2001c390     0x14  tasks.o [1]
  .bss                zero     0x2001c3a4     0x14  tasks.o [1]
  .bss                zero     0x2001c3b8     0x14  tasks.o [1]
  .bss                zero     0x2001c3cc     0x14  timers.o [1]
  .bss                zero     0x2001c3e0     0x14  timers.o [1]
  .bss                zero     0x2001c3f4     0x10  bsp_sdio_sd.o [1]
  .bss                zero     0x2001c404     0x10  bsp_sdio_sd.o [1]
  .bss                zero     0x2001c414     0x10  usbh_msc_bot.o [1]
  .bss                zero     0x2001c424     0x10  usbh_msc_bot.o [1]
  .bss                zero     0x2001c434     0x10  usbh_msc_scsi.o [1]
  .bss                zero     0x2001c444      0xc  apptask.o [1]
  .bss                zero     0x2001c450      0xc  apptask.o [1]
  .bss                zero     0x2001c45c      0xc  ff.o [1]
  .bss                zero     0x2001c468      0xc  protocol.o [1]
  .bss                zero     0x2001c474      0xc  protocol.o [1]
  .bss                zero     0x2001c480      0xc  protocol.o [1]
  .bss                zero     0x2001c48c      0x8  heap_4.o [1]
  .bss                zero     0x2001c494      0x8  modbus.o [1]
  .bss                zero     0x2001c49c      0x8  protocol.o [1]
  .bss                zero     0x2001c4a4      0x4  apptask.o [1]
  .bss                zero     0x2001c4a8      0x4  apptask.o [1]
  .bss                zero     0x2001c4ac      0x4  apptask.o [1]
  .bss                zero     0x2001c4b0      0x4  apptask.o [1]
  .bss                zero     0x2001c4b4      0x4  apptask.o [1]
  .bss                zero     0x2001c4b8      0x4  apptask.o [1]
  .bss                zero     0x2001c4bc      0x4  apptask.o [1]
  .bss                zero     0x2001c4c0      0x4  apptask.o [1]
  .bss                zero     0x2001c4c4      0x4  apptask.o [1]
  .bss                zero     0x2001c4c8      0x4  apptask.o [1]
  .bss                zero     0x2001c4cc      0x4  apptask.o [1]
  .bss                zero     0x2001c4d0      0x4  apptask.o [1]
  .bss                zero     0x2001c4d4      0x4  apptask.o [1]
  .bss                zero     0x2001c4d8      0x4  apptask.o [1]
  .bss                zero     0x2001c4dc      0x4  apptask.o [1]
  .bss                zero     0x2001c4e0      0x4  apptask.o [1]
  .bss                zero     0x2001c4e4      0x4  apptask.o [1]
  .bss                zero     0x2001c4e8      0x4  bsp_sdio_sd.o [1]
  .bss                zero     0x2001c4ec      0x4  bsp_sdio_sd.o [1]
  .bss                zero     0x2001c4f0      0x4  bsp_sdio_sd.o [1]
  .bss                zero     0x2001c4f4      0x4  bsp_sdio_sd.o [1]
  .bss                zero     0x2001c4f8      0x4  bsp_sdio_sd.o [1]
  .bss                zero     0x2001c4fc      0x4  bsp_timer.o [1]
  .bss                zero     0x2001c500      0x4  bsp_timer.o [1]
  .bss                zero     0x2001c504      0x4  bsp_timer.o [1]
  .bss                zero     0x2001c508      0x4  bsp_timer.o [1]
  .bss                zero     0x2001c50c      0x4  heap_4.o [1]
  .bss                zero     0x2001c510      0x4  heap_4.o [1]
  .bss                zero     0x2001c514      0x4  heap_4.o [1]
  .bss                zero     0x2001c518      0x4  heap_4.o [1]
  .bss                zero     0x2001c51c      0x4  port.o [1]
  .bss                zero     0x2001c520      0x4  SysInfoTest.o [1]
  .bss                zero     0x2001c524      0x4  tasks.o [1]
  .bss                zero     0x2001c528      0x4  tasks.o [1]
  .bss                zero     0x2001c52c      0x4  tasks.o [1]
  .bss                zero     0x2001c530      0x4  tasks.o [1]
  .bss                zero     0x2001c534      0x4  tasks.o [1]
  .bss                zero     0x2001c538      0x4  tasks.o [1]
  .bss                zero     0x2001c53c      0x4  tasks.o [1]
  .bss                zero     0x2001c540      0x4  tasks.o [1]
  .bss                zero     0x2001c544      0x4  tasks.o [1]
  .bss                zero     0x2001c548      0x4  tasks.o [1]
  .bss                zero     0x2001c54c      0x4  tasks.o [1]
  .bss                zero     0x2001c550      0x4  tasks.o [1]
  .bss                zero     0x2001c554      0x4  tasks.o [1]
  .bss                zero     0x2001c558      0x4  tasks.o [1]
  .bss                zero     0x2001c55c      0x4  tasks.o [1]
  .bss                zero     0x2001c560      0x4  tasks.o [1]
  .bss                zero     0x2001c564      0x4  timers.o [1]
  .bss                zero     0x2001c568      0x4  timers.o [1]
  .bss                zero     0x2001c56c      0x4  timers.o [1]
  .bss                zero     0x2001c570      0x4  timers.o [1]
  .bss                zero     0x2001c574      0x4  usbh_msc_bot.o [1]
  .bss                zero     0x2001c578      0x4  usbh_msc_bot.o [1]
  .bss                zero     0x2001c57c      0x4  usbh_msc_bot.o [1]
  .bss                zero     0x2001c580      0x4  usbh_msc_bot.o [1]
  .bss                zero     0x2001c584      0x2  apptask.o [1]
  .bss                zero     0x2001c586      0x2  apptask.o [1]
  .bss                zero     0x2001c588      0x2  apptask.o [1]
  .bss                zero     0x2001c58a      0x2  bsp_sdwe050c17.o [1]
  .bss                zero     0x2001c58c      0x2  ff.o [1]
  .bss                zero     0x2001c58e      0x2  usbh_core.o [1]
  .bss                zero     0x2001c590      0x2  usbh_stdreq.o [1]
  .bss                zero     0x2001c592      0x1  apptask.o [1]
  .bss                zero     0x2001c593      0x1  apptask.o [1]
  .bss                zero     0x2001c594      0x1  apptask.o [1]
  .bss                zero     0x2001c595      0x1  apptask.o [1]
  .bss                zero     0x2001c596      0x1  apptask.o [1]
  .bss                zero     0x2001c597      0x1  apptask.o [1]
  .bss                zero     0x2001c598      0x1  apptask.o [1]
  .bss                zero     0x2001c599      0x1  bsp_sdio_sd.o [1]
  .bss                zero     0x2001c59a      0x1  bsp_sdwe050c17.o [1]
  .bss                zero     0x2001c59b      0x1  bsp_uart_fifo.o [1]
  .bss                zero     0x2001c59c      0x1  port.o [1]
  .bss                zero     0x2001c59d      0x1  protocol.o [1]
  .bss                zero     0x2001c59e      0x1  rc522.o [1]
  .bss                zero     0x2001c59f      0x1  rc522.o [1]
  .bss                zero     0x2001c5a0      0x1  usbh_msc_bot.o [1]
  .bss                zero     0x2001c5a1      0x1  usbh_msc_core.o [1]
  .bss                zero     0x2001c5a2      0x1  usbh_msc_core.o [1]
  .bss                zero     0x2001c5a3      0x1  usbh_stdreq.o [1]
  .bss                zero     0x2001c5a4      0x1  usbh_usr.o [1]
  CSTACK                       0x2001c5a8    0x800  <Block>
    CSTACK            uninit   0x2001c5a8    0x800  <Block tail>
                             - 0x2001cda8  0x1cda8

Absolute sections:                         0xff000
  .bss                zero     0x68000000  0xf0000  malloc.o [1]
  .bss                zero     0x680f0000   0xf000  malloc.o [1]
                             - 0x680ff000  0xff000


*******************************************************************************
*** INIT TABLE
***

          Address     Size
          -------     ----
Zero (__iar_zero_init3)
    2 destination ranges, total size 0x11b3ed:
          0x200001b8  0x1c3ed
          0x68000000  0xff000

Copy (__iar_copy_init3)
    1 source range, total size 0x1b8 (100% of destination):
          0x0803e09c    0x1b8
    1 destination range, total size 0x1b7:
          0x20000000    0x1b7



*******************************************************************************
*** MODULE SUMMARY
***

    Module                    ro code  ro data  rw data    rw data
                                                            (abs)
    ------                    -------  -------  -------    -------
F:\work\YarnControl_Driver\src\stm32f4_rtos\Project\EWARMv7\Flash\Obj: [1]
    SysInfoTest.o                  60                 4
    apptask.o                  10 956    1 492      105
    bsp.o                          80
    bsp_closeSW.o                 212
    bsp_dwt.o                     116
    bsp_led.o                     192
    bsp_sdio_sd.o               6 744               209
    bsp_sdwe050c17.o            2 056       68       55
    bsp_servomotor.o              196
    bsp_spi.o                     292
    bsp_stepmotor.o               540
    bsp_sw_onoff.o                104
    bsp_tim_pwm.o                 736
    bsp_timer.o                   516                16
    bsp_uart_fifo.o             2 736       12      341
    bsp_w25qxx.o                  880       10    4 098
    bsp_watchdog.o                  8
    cc936.o                       244  176 320
    demo_fatfs.o                           772       80
    diskio.o                      740
    esp8266_handler.o              16
    event_groups.o                610
    ff.o                        8 804       36      562
    heap_4.o                      640        4   61 464
    list.o                        152
    main.o                         52       32
    malloc.o                      540       52   43 548  1 044 480
    mcheck.o                      184      768
    misc.o                        136
    modbus.o                      852                 8
    para.o                        412                52
    port.o                        588        8        9
    portasm.o                     168
    product_cal.o                 502               116
    protocol.o                     68               401
    queue.o                     1 992
    rc522.o                       174                22
    startup_stm32f40_41xxx.o      692
    stm32f4xx_dma.o               692
    stm32f4xx_exti.o              192
    stm32f4xx_gpio.o              300
    stm32f4xx_it.o                 56       44
    stm32f4xx_iwdg.o               16
    stm32f4xx_rcc.o               452       16       16
    stm32f4xx_sdio.o              380
    stm32f4xx_spi.o               116
    stm32f4xx_syscfg.o             84
    stm32f4xx_tim.o               748
    stm32f4xx_usart.o             558
    system_stm32f4xx.o            340        4        4
    tasks.o                     3 072        8      324
    timers.o                    1 188        8       56
    usb_bsp.o                     332
    usb_core.o                  2 640
    usb_hcd.o                     214
    usb_hcd_int.o               3 198
    usbh_core.o                 1 888       16       18
    usbh_hcs.o                    442
    usbh_ioreq.o                  582
    usbh_it.o                      16
    usbh_msc_bot.o              1 364                81
    usbh_msc_core.o             1 000       16       94
    usbh_msc_scsi.o             1 560        1      529
    usbh_stdreq.o               1 078               515
    usbh_usr.o                    438      628    3 125
    --------------------------------------------------------------
    Total:                     66 936  180 315  115 852  1 044 480

command line: [2]
    --------------------------------------------------------------
    Total:

dl7M_tlf.a: [3]
    div.o                          14
    exit.o                          4
    localeconv.o                  108      136      136
    printf.o                       36
    putchar.o                      12
    sprintf.o                      52
    strcat.o                       28
    strstr.o                       44
    xfiles.o                                64      144
    xprintffull_nomb.o          3 478
    xprout.o                       22
    xsprout.o                      10
    --------------------------------------------------------------
    Total:                      3 808      200      280

m7M_tls.a: [4]
    DblAdd.o                      212
    DblCmpGe.o                     46
    DblCmpLe.o                     46
    DblDiv.o                      598
    DblMul.o                      418
    DblSub.o                      384
    DblToI32.o                     88
    FltToDbl.o                     78
    I32ToDbl.o                     48
    fpinit_M.o                     34
    xdnorm.o                       66
    xdscale.o                     276
    --------------------------------------------------------------
    Total:                      2 294

rt7M_tl.a: [5]
    ABImemcpy_unaligned.o         118
    ABImemset.o                   102
    I64DivMod.o                   238
    I64DivZer.o                     2
    cexit.o                        10
    cmain.o                        26
    copy_init3.o                   44
    cstartup_M.o                   12
    data_init.o                    40
    memchr.o                       88
    strchr.o                       22
    strcmp_unaligned.o             66
    strlen.o                       54
    zero_init3.o                   64
    --------------------------------------------------------------
    Total:                        886

shb_l.a: [6]
    exit.o                         20
    --------------------------------------------------------------
    Total:                         20

    Gaps                           42        2
    Linker created                          45    2 048
------------------------------------------------------------------
    Grand Total:               73 986  180 562  118 180  1 044 480


*******************************************************************************
*** ENTRY LIST
***

Entry                      Address     Size  Type      Object
-----                      -------     ----  ----      ------
.iar.init_table$$Base   0x0803d768            --   Gb  - Linker created -
.iar.init_table$$Limit  0x0803d794            --   Gb  - Linker created -
?main                   0x0803da7d           Code  Gb  cmain.o [5]
APBAHBPrescTable        0x2000017c     0x10  Data  Lc  stm32f4xx_rcc.o [1]
AppObjCreate            0x0802d12d    0x120  Code  Gb  apptask.o [1]
AppTaskCreate           0x0802cff1    0x124  Code  Gb  apptask.o [1]
BOTStallErrorCount      0x2001c574      0x4  Data  Lc  usbh_msc_bot.o [1]
BusFault_Handler        0x0803d493      0x2  Code  Gb  stm32f4xx_it.o [1]
CID_Tab                 0x2001c404     0x10  Data  Lc  bsp_sdio_sd.o [1]
CRC16HiTable            0x0803cdb0    0x100  Data  Gb  mcheck.o [1]
CRC16LoTable            0x0803ceb0    0x100  Data  Gb  mcheck.o [1]
CRC8Table               0x0803cfb0    0x100  Data  Gb  mcheck.o [1]
CSD_Tab                 0x2001c3f4     0x10  Data  Lc  bsp_sdio_sd.o [1]
CSTACK$$Base            0x2001c5a8            --   Gb  - Linker created -
CSTACK$$Limit           0x2001cda8            --   Gb  - Linker created -
CardType                0x2001c4e8      0x4  Data  Lc  bsp_sdio_sd.o [1]
CmdError                0x08039501     0x38  Code  Lc  bsp_sdio_sd.o [1]
CmdResp1Error           0x080395a5    0x112  Code  Lc  bsp_sdio_sd.o [1]
CmdResp2Error           0x080396f5     0x52  Code  Lc  bsp_sdio_sd.o [1]
CmdResp3Error           0x080396b7     0x3e  Code  Lc  bsp_sdio_sd.o [1]
CmdResp6Error           0x08039747     0xa6  Code  Lc  bsp_sdio_sd.o [1]
CmdResp7Error           0x08039539     0x58  Code  Lc  bsp_sdio_sd.o [1]
ConfigExitNVIC          0x0803d11b     0x22  Code  Gb  bsp_closeSW.o [1]
ConfigUartNVIC          0x080346d9     0x9a  Code  Lc  bsp_uart_fifo.o [1]
DMA2_Stream3_IRQHandler
                        0x08039de9      0x8  Code  Gb  bsp_sdio_sd.o [1]
DMAEndOfTransfer        0x2001c4f8      0x4  Data  Gb  bsp_sdio_sd.o [1]
DMA_ClearFlag           0x08037053     0x24  Code  Gb  stm32f4xx_dma.o [1]
DMA_Cmd                 0x08037009     0x1a  Code  Gb  stm32f4xx_dma.o [1]
DMA_DeInit              0x08036e71    0x140  Code  Gb  stm32f4xx_dma.o [1]
DMA_FlowControllerConfig
                        0x08037023     0x18  Code  Gb  stm32f4xx_dma.o [1]
DMA_GetCmdStatus        0x0803703b     0x18  Code  Gb  stm32f4xx_dma.o [1]
DMA_ITConfig            0x08037077     0x42  Code  Gb  stm32f4xx_dma.o [1]
DMA_Init                0x08036fb1     0x58  Code  Gb  stm32f4xx_dma.o [1]
DebugMon_Handler        0x0803d497      0x2  Code  Gb  stm32f4xx_it.o [1]
DiskFile_init           0x080332c9     0x40  Code  Gb  protocol.o [1]
Disk_File               0x2001bf5c     0x70  Data  Gb  protocol.o [1]
EXTI9_5_IRQHandler      0x0803d13d     0x3c  Code  Gb  bsp_closeSW.o [1]
EXTI_ClearITPendingBit  0x0803d27b      0x6  Code  Gb  stm32f4xx_exti.o [1]
EXTI_GetITStatus        0x0803d261     0x1a  Code  Gb  stm32f4xx_exti.o [1]
EXTI_Init               0x0803d1d9     0x88  Code  Gb  stm32f4xx_exti.o [1]
FR_Table                0x20000088     0x50  Data  Gb  demo_fatfs.o [1]
FatFs                   0x2001c45c      0xc  Data  Lc  ff.o [1]
File_info               0x2001c150     0x50  Data  Gb  protocol.o [1]
Files                   0x2001c2cc     0x24  Data  Lc  ff.o [1]
FindSCR                 0x08039995    0x206  Code  Lc  bsp_sdio_sd.o [1]
Fsid                    0x2001c58c      0x2  Data  Lc  ff.o [1]
GPIO_Init               0x08034155     0xaa  Code  Gb  stm32f4xx_gpio.o [1]
GPIO_PinAFConfig        0x08034227     0x5a  Code  Gb  stm32f4xx_gpio.o [1]
GPIO_ReadInputDataBit   0x080341ff     0x1a  Code  Gb  stm32f4xx_gpio.o [1]
GPIO_WriteBit           0x08034219      0xe  Code  Gb  stm32f4xx_gpio.o [1]
GetDeviceState          0x08033295     0x2e  Code  Gb  bsp_sw_onoff.o [1]
HCD_GetCurrentFrame     0x08035e51      0x8  Code  Gb  usb_hcd.o [1]
HCD_GetCurrentSpeed     0x08035e33     0x10  Code  Gb  usb_hcd.o [1]
HCD_GetURB_State        0x08035e59      0xa  Code  Gb  usb_hcd.o [1]
HCD_GetXferCnt          0x08035e63      0xc  Code  Gb  usb_hcd.o [1]
HCD_Init                0x08035dc1     0x72  Code  Gb  usb_hcd.o [1]
HCD_ResetPort           0x08035e43      0xe  Code  Gb  usb_hcd.o [1]
HCD_SubmitRequest       0x08035e6f     0x28  Code  Gb  usb_hcd.o [1]
HardFault_Handler       0x0803d463     0x22  Code  Gb  stm32f4xx_it.o [1]
IWDG_Feed               0x08033a25      0x8  Code  Gb  bsp_watchdog.o [1]
IWDG_ReloadCounter      0x08036b89      0xa  Code  Gb  stm32f4xx_iwdg.o [1]
InitHardUart            0x080342f3    0x3e6  Code  Lc  bsp_uart_fifo.o [1]
Init_JINGSHA_GUI        0x0802e963     0xd6  Code  Gb  bsp_sdwe050c17.o [1]
LfnBuf                  0x2001b710    0x200  Data  Lc  ff.o [1]
LfnOfs                  0x0803dd80     0x10  Data  Lc  ff.o [1]
LoadInt                 0x080353e1     0x6e  Code  Lc  xprintffull_nomb.o [3]
MSCErrorCount           0x2001c5a1      0x1  Data  Gb  usbh_msc_core.o [1]
MSC_Machine             0x2001c1f0     0x4c  Data  Gb  usbh_msc_core.o [1]
MSG_DEV_ATTACHED        0x0803dc0c     0x18  Data  Gb  usbh_usr.o [1]
MSG_DEV_DISCONNECTED    0x0803dc24     0x18  Data  Gb  usbh_usr.o [1]
MSG_DEV_ENUMERATED      0x0803da28     0x1c  Data  Gb  usbh_usr.o [1]
MSG_DEV_ERROR           0x0803dcec     0x14  Data  Gb  usbh_usr.o [1]
MSG_DEV_FULLSPEED       0x0803d8b4     0x20  Data  Gb  usbh_usr.o [1]
MSG_DEV_HIGHSPEED       0x0803d894     0x20  Data  Gb  usbh_usr.o [1]
MSG_DEV_LOWSPEED        0x0803d8d4     0x20  Data  Gb  usbh_usr.o [1]
MSG_HID_CLASS           0x0803da44     0x1c  Data  Gb  usbh_usr.o [1]
MSG_MSC_CLASS           0x0803d720     0x24  Data  Gb  usbh_usr.o [1]
MSG_UNREC_ERROR         0x0803da60     0x1c  Data  Gb  usbh_usr.o [1]
MemManage_Handler       0x0803d491      0x2  Code  Gb  stm32f4xx_it.o [1]
NMI_Handler             0x0803d461      0x2  Code  Gb  stm32f4xx_it.o [1]
NVIC_Init               0x08035bf7     0x6a  Code  Gb  misc.o [1]
NVIC_PriorityGroupConfig
                        0x08035bed      0xa  Code  Gb  misc.o [1]
OTG_FS_IRQHandler       0x0803dde1     0x10  Code  Gb  usbh_it.o [1]
PendSV_Handler          0x08036b99           Code  Gb  portasm.o [1]
RCA                     0x2001c4ec      0x4  Data  Lc  bsp_sdio_sd.o [1]
RCC_AHB1PeriphClockCmd  0x08034093     0x22  Code  Gb  stm32f4xx_rcc.o [1]
RCC_AHB2PeriphClockCmd  0x080340b5     0x1e  Code  Gb  stm32f4xx_rcc.o [1]
RCC_APB1PeriphClockCmd  0x080340d3     0x1e  Code  Gb  stm32f4xx_rcc.o [1]
RCC_APB2PeriphClockCmd  0x080340f1     0x1e  Code  Gb  stm32f4xx_rcc.o [1]
RCC_APB2PeriphResetCmd  0x0803410f     0x1e  Code  Gb  stm32f4xx_rcc.o [1]
RCC_GetClocksFreq       0x08033f91    0x102  Code  Gb  stm32f4xx_rcc.o [1]
RS485_InitTXE           0x080342bf     0x34  Code  Gb  bsp_uart_fifo.o [1]
RS485_sendbuf           0x08034bb3     0x3c  Code  Gb  bsp_uart_fifo.o [1]
Region$$Table$$Base     0x0803d768            --   Gb  - Linker created -
Region$$Table$$Limit    0x0803d794            --   Gb  - Linker created -
SDCardInfo              0x2001c0f8     0x58  Data  Gb  bsp_sdio_sd.o [1]
SDEnWideBus             0x080397f9    0x198  Code  Lc  bsp_sdio_sd.o [1]
SDIO_ClearFlag          0x0803ab49      0x6  Code  Gb  stm32f4xx_sdio.o [1]
SDIO_ClearITPendingBit  0x0803ab69      0x6  Code  Gb  stm32f4xx_sdio.o [1]
SDIO_ClockCmd           0x0803aa77      0x8  Code  Gb  stm32f4xx_sdio.o [1]
SDIO_CmdInitStructure   0x2001c340     0x14  Data  Gb  bsp_sdio_sd.o [1]
SDIO_DMACmd             0x0803ab09      0x8  Code  Gb  stm32f4xx_sdio.o [1]
SDIO_DataConfig         0x0803aad5     0x2e  Code  Gb  stm32f4xx_sdio.o [1]
SDIO_DataInitStructure  0x2001c328     0x18  Data  Gb  bsp_sdio_sd.o [1]
SDIO_DeInit             0x0803aa35     0x18  Code  Gb  stm32f4xx_sdio.o [1]
SDIO_GetCommandResponse
                        0x0803aab7      0x8  Code  Gb  stm32f4xx_sdio.o [1]
SDIO_GetFlagStatus      0x0803ab2f     0x1a  Code  Gb  stm32f4xx_sdio.o [1]
SDIO_GetITStatus        0x0803ab4f     0x1a  Code  Gb  stm32f4xx_sdio.o [1]
SDIO_GetPowerState      0x0803aa85      0xa  Code  Gb  stm32f4xx_sdio.o [1]
SDIO_GetResponse        0x0803aabf     0x16  Code  Gb  stm32f4xx_sdio.o [1]
SDIO_IRQHandler         0x08039de1      0x8  Code  Gb  bsp_sdio_sd.o [1]
SDIO_ITConfig           0x0803ab11     0x1e  Code  Gb  stm32f4xx_sdio.o [1]
SDIO_Init               0x0803aa4d     0x2a  Code  Gb  stm32f4xx_sdio.o [1]
SDIO_InitStructure      0x2001c310     0x18  Data  Gb  bsp_sdio_sd.o [1]
SDIO_Interrupts_Config  0x08039da5     0x3c  Code  Gb  bsp_sdio_sd.o [1]
SDIO_ReadData           0x0803ab03      0x6  Code  Gb  stm32f4xx_sdio.o [1]
SDIO_SendCommand        0x0803aa8f     0x28  Code  Gb  stm32f4xx_sdio.o [1]
SDIO_SetPowerState      0x0803aa7f      0x6  Code  Gb  stm32f4xx_sdio.o [1]
SD_Detect               0x0803849d     0x22  Code  Gb  bsp_sdio_sd.o [1]
SD_EnableWideBusOperation
                        0x08038c99     0xc8  Code  Gb  bsp_sdio_sd.o [1]
SD_GetCardInfo          0x080388ad    0x3ec  Code  Gb  bsp_sdio_sd.o [1]
SD_GetState             0x08038473     0x2a  Code  Gb  bsp_sdio_sd.o [1]
SD_GetStatus            0x08038451     0x22  Code  Gb  bsp_sdio_sd.o [1]
SD_Init                 0x08038399     0xb8  Code  Gb  bsp_sdio_sd.o [1]
SD_InitializeCards      0x0803870b    0x1a2  Code  Gb  bsp_sdio_sd.o [1]
SD_LowLevel_DMA_RxConfig
                        0x08039cef     0x8e  Code  Gb  bsp_sdio_sd.o [1]
SD_LowLevel_DMA_TxConfig
                        0x08039c61     0x8e  Code  Gb  bsp_sdio_sd.o [1]
SD_LowLevel_Init        0x08039b9d     0xbc  Code  Gb  bsp_sdio_sd.o [1]
SD_PowerON              0x080384bf    0x24c  Code  Gb  bsp_sdio_sd.o [1]
SD_ProcessDMAIRQ        0x080394dd     0x22  Code  Gb  bsp_sdio_sd.o [1]
SD_ProcessIRQSrc        0x0803942f     0xae  Code  Gb  bsp_sdio_sd.o [1]
SD_ReadBlock            0x08038d99    0x108  Code  Gb  bsp_sdio_sd.o [1]
SD_ReadMultiBlocks      0x08038ea1    0x134  Code  Gb  bsp_sdio_sd.o [1]
SD_SelectDeselect       0x08038d61     0x38  Code  Gb  bsp_sdio_sd.o [1]
SD_SendStatus           0x080393c1     0x6e  Code  Gb  bsp_sdio_sd.o [1]
SD_StopTransfer         0x08039379     0x44  Code  Gb  bsp_sdio_sd.o [1]
SD_WaitReadOperation    0x08038fd9     0x96  Code  Gb  bsp_sdio_sd.o [1]
SD_WriteBlock           0x08039079    0x11e  Code  Gb  bsp_sdio_sd.o [1]
SD_WriteMultiBlocks     0x080391a5    0x1cc  Code  Gb  bsp_sdio_sd.o [1]
SPI1_Init               0x08034d31     0xc0  Code  Gb  bsp_spi.o [1]
SPI1_ReadWriteByte      0x08034e19     0x32  Code  Gb  bsp_spi.o [1]
SPI1_SetSpeed           0x08034df1     0x28  Code  Gb  bsp_spi.o [1]
SPI_Cmd                 0x08037165     0x1c  Code  Gb  stm32f4xx_spi.o [1]
SPI_I2S_GetFlagStatus   0x08037181     0x18  Code  Gb  stm32f4xx_spi.o [1]
SPI_Init                0x08037125     0x40  Code  Gb  stm32f4xx_spi.o [1]
SVC_Handler             0x08036bf1           Code  Gb  portasm.o [1]
SYSCFG_EXTILineConfig   0x0803d185     0x50  Code  Gb  stm32f4xx_syscfg.o [1]
Sdwe_ClearReadDisk      0x0802ec55     0x1c  Code  Gb  bsp_sdwe050c17.o [1]
Sdwe_clearString        0x0802eba9     0x54  Code  Gb  bsp_sdwe050c17.o [1]
Sdwe_clear_filename     0x0802eca9     0x2a  Code  Gb  bsp_sdwe050c17.o [1]
Sdwe_disDigi            0x0802ea83     0xa4  Code  Gb  bsp_sdwe050c17.o [1]
Sdwe_disPicture         0x0802ea39     0x4a  Code  Gb  bsp_sdwe050c17.o [1]
Sdwe_disString          0x0802eb27     0x82  Code  Gb  bsp_sdwe050c17.o [1]
Sdwe_peiliao_page       0x0802efed     0xf4  Code  Gb  bsp_sdwe050c17.o [1]
Sdwe_product_page       0x0802ee2d    0x19a  Code  Gb  bsp_sdwe050c17.o [1]
Sdwe_readRTC            0x0802ec71     0x38  Code  Gb  bsp_sdwe050c17.o [1]
Sdwe_refresh_allname    0x0802ede5     0x48  Code  Gb  bsp_sdwe050c17.o [1]
Sdwe_refresh_filename   0x0802ecd3    0x112  Code  Gb  bsp_sdwe050c17.o [1]
Sdwe_writeIcon          0x0802ebfd     0x58  Code  Gb  bsp_sdwe050c17.o [1]
SetSysClock             0x0803ccaf     0xce  Code  Lc  system_stm32f4xx.o [1]
SlavePara               0x2001bd10     0xa4  Data  Gb  protocol.o [1]
StopCondition           0x2001c4f0      0x4  Data  Gb  bsp_sdio_sd.o [1]
SysTick_Handler         0x08033bb3     0x2c  Code  Gb  port.o [1]
SystemCoreClock         0x200001ac      0x4  Data  Gb  system_stm32f4xx.o [1]
SystemInit              0x0803cc5d     0x52  Code  Gb  system_stm32f4xx.o [1]
TIM1_PWM_SETPMOTOR      0x0803c819     0x9e  Code  Gb  bsp_stepmotor.o [1]
TIM2_IRQHandler         0x0802f975     0xac  Code  Gb  bsp_timer.o [1]
TIM3_PWM_SETPMOTOR      0x0803c7b1     0x68  Code  Gb  bsp_stepmotor.o [1]
TIM6_DAC_IRQHandler     0x0803d3ff     0x22  Code  Gb  SysInfoTest.o [1]
TIM_ARRPreloadConfig    0x0802faa3     0x1c  Code  Gb  stm32f4xx_tim.o [1]
TIM_CallBack1           0x0802d259     0x1c  Code  Gb  apptask.o [1]
TIM_ClearITPendingBit   0x0802fd1d      0x8  Code  Gb  stm32f4xx_tim.o [1]
TIM_Cmd                 0x0802fabf     0x1c  Code  Gb  stm32f4xx_tim.o [1]
TIM_CtrlPWMOutputs      0x0802fcb3     0x22  Code  Gb  stm32f4xx_tim.o [1]
TIM_GetITStatus         0x0802fceb     0x32  Code  Gb  stm32f4xx_tim.o [1]
TIM_ITConfig            0x0802fcd5     0x16  Code  Gb  stm32f4xx_tim.o [1]
TIM_OC2Init             0x0802fadb     0x8c  Code  Gb  stm32f4xx_tim.o [1]
TIM_OC2PreloadConfig    0x0802fc79     0x14  Code  Gb  stm32f4xx_tim.o [1]
TIM_OC3Init             0x0802fb67     0x8a  Code  Gb  stm32f4xx_tim.o [1]
TIM_OC3PreloadConfig    0x0802fc8d     0x12  Code  Gb  stm32f4xx_tim.o [1]
TIM_OC4Init             0x0802fbf1     0x68  Code  Gb  stm32f4xx_tim.o [1]
TIM_OC4PreloadConfig    0x0802fc9f     0x14  Code  Gb  stm32f4xx_tim.o [1]
TIM_TimeBaseInit        0x0802fa39     0x6a  Code  Gb  stm32f4xx_tim.o [1]
Task_iwdg_refresh       0x0802d40d     0x56  Code  Gb  apptask.o [1]
TransferEnd             0x2001c4f4      0x4  Data  Gb  bsp_sdio_sd.o [1]
TransferError           0x2001c599      0x1  Data  Gb  bsp_sdio_sd.o [1]
UART1ToPC               0x08034b53     0x30  Code  Gb  bsp_uart_fifo.o [1]
UART2ToPC               0x08034b83     0x30  Code  Gb  bsp_uart_fifo.o [1]
UART2_RX_BUF            0x2001c094     0x64  Data  Gb  bsp_uart_fifo.o [1]
UART3ToPC               0x08034bef     0x30  Code  Gb  bsp_uart_fifo.o [1]
UART4ToPC               0x08034c1f     0x30  Code  Gb  bsp_uart_fifo.o [1]
UART4_IRQHandler        0x08034a61     0x84  Code  Gb  bsp_uart_fifo.o [1]
UART4_RX_BUF            0x2001c030     0x64  Data  Gb  bsp_uart_fifo.o [1]
UART5ToPC               0x08034c55     0x30  Code  Gb  bsp_uart_fifo.o [1]
UART5_IRQHandler        0x08034ae5     0x6e  Code  Gb  bsp_uart_fifo.o [1]
UART5_RX_BUF            0x2001bfcc     0x64  Data  Gb  bsp_uart_fifo.o [1]
USART1_IRQHandler       0x080349d1     0x1e  Code  Gb  bsp_uart_fifo.o [1]
USART2_IRQHandler       0x080349ef     0x68  Code  Gb  bsp_uart_fifo.o [1]
USART3_IRQHandler       0x08034a57      0xa  Code  Gb  bsp_uart_fifo.o [1]
USART_ClearFlag         0x08036df3      0xc  Code  Gb  stm32f4xx_usart.o [1]
USART_Cmd               0x08036d3d     0x1c  Code  Gb  stm32f4xx_usart.o [1]
USART_DMACmd            0x08036d69     0x16  Code  Gb  stm32f4xx_usart.o [1]
USART_GetFlagStatus     0x08036dd5     0x1e  Code  Gb  stm32f4xx_usart.o [1]
USART_GetITStatus       0x08036dff     0x70  Code  Gb  stm32f4xx_usart.o [1]
USART_ITConfig          0x08036d7f     0x56  Code  Gb  stm32f4xx_usart.o [1]
USART_Init              0x08036c41     0xee  Code  Gb  stm32f4xx_usart.o [1]
USART_ReceiveData       0x08036d61      0x8  Code  Gb  stm32f4xx_usart.o [1]
USART_SendData          0x08036d59      0x8  Code  Gb  stm32f4xx_usart.o [1]
USBH_Alloc_Channel      0x08035fb1     0x2e  Code  Gb  usbh_hcs.o [1]
USBH_BulkReceiveData    0x08036655     0x62  Code  Gb  usbh_ioreq.o [1]
USBH_BulkSendData       0x080365f3     0x62  Code  Gb  usbh_ioreq.o [1]
USBH_CfgDesc            0x2001bb10    0x200  Data  Gb  usbh_stdreq.o [1]
USBH_ClrFeature         0x080361fb     0x4c  Code  Gb  usbh_stdreq.o [1]
USBH_Connected          0x0802fedd      0xc  Code  Gb  usbh_core.o [1]
USBH_CtlReceiveData     0x080365ad     0x46  Code  Gb  usbh_ioreq.o [1]
USBH_CtlReq             0x08036487     0x6e  Code  Gb  usbh_ioreq.o [1]
USBH_CtlSendData        0x08036539     0x74  Code  Gb  usbh_ioreq.o [1]
USBH_CtlSendSetup       0x080364f5     0x44  Code  Gb  usbh_ioreq.o [1]
USBH_DataInBuffer       0x2001b910    0x200  Data  Gb  usbh_msc_scsi.o [1]
USBH_DeAllocate_AllChannel
                        0x08036003     0x20  Code  Gb  usbh_hcs.o [1]
USBH_DeInit             0x0802ff43     0x3e  Code  Gb  usbh_core.o [1]
USBH_Disconnected       0x0802fee9      0xc  Code  Gb  usbh_core.o [1]
USBH_ErrorHandle        0x08030153     0x34  Code  Gb  usbh_core.o [1]
USBH_Free_Channel       0x08035fdf     0x24  Code  Gb  usbh_hcs.o [1]
USBH_GetDescriptor      0x0803615b     0x4e  Code  Gb  usbh_stdreq.o [1]
USBH_GetFreeChannel     0x08036023     0x2e  Code  Lc  usbh_hcs.o [1]
USBH_GetNextDesc        0x0803646f     0x18  Code  Gb  usbh_stdreq.o [1]
USBH_Get_CfgDesc        0x08036097     0x78  Code  Gb  usbh_stdreq.o [1]
USBH_Get_DevDesc        0x08036051     0x46  Code  Gb  usbh_stdreq.o [1]
USBH_Get_StringDesc     0x0803610f     0x4c  Code  Gb  usbh_stdreq.o [1]
USBH_HCD_INT_cb         0x2000019c      0xc  Data  Gb  usbh_core.o [1]
USBH_HCD_INT_fops       0x200001b0      0x4  Data  Gb  usbh_core.o [1]
USBH_HandleControl      0x0803039b    0x29a  Code  Gb  usbh_core.o [1]
USBH_HandleEnum         0x08030187    0x214  Code  Lc  usbh_core.o [1]
USBH_Init               0x0802fefb     0x48  Code  Gb  usbh_core.o [1]
USBH_MSC_BOTReset       0x0803bb75     0x28  Code  Lc  usbh_msc_core.o [1]
USBH_MSC_BOTXferParam   0x2001c424     0x10  Data  Gb  usbh_msc_bot.o [1]
USBH_MSC_BOT_Abort      0x0803a851     0x5c  Code  Gb  usbh_msc_bot.o [1]
USBH_MSC_CBWData        0x2001c2f0     0x20  Data  Gb  usbh_msc_bot.o [1]
USBH_MSC_CSWData        0x2001c414     0x10  Data  Gb  usbh_msc_bot.o [1]
USBH_MSC_ClassRequest   0x0803b963     0x12  Code  Lc  usbh_msc_core.o [1]
USBH_MSC_DecodeCSW      0x0803a8ad     0x7a  Code  Gb  usbh_msc_bot.o [1]
USBH_MSC_ErrorHandle    0x0803bbc5     0x3e  Code  Gb  usbh_msc_core.o [1]
USBH_MSC_GETMaxLUN      0x0803bb9d     0x28  Code  Lc  usbh_msc_core.o [1]
USBH_MSC_Handle         0x0803b975    0x200  Code  Lc  usbh_msc_core.o [1]
USBH_MSC_HandleBOTXfer  0x0803a44d    0x404  Code  Gb  usbh_msc_bot.o [1]
USBH_MSC_Init           0x0803a409     0x44  Code  Gb  usbh_msc_bot.o [1]
USBH_MSC_InterfaceDeInit
                        0x0803b917     0x4c  Code  Lc  usbh_msc_core.o [1]
USBH_MSC_InterfaceInit  0x0803b831     0xe6  Code  Lc  usbh_msc_core.o [1]
USBH_MSC_ModeSense6     0x0803a003    0x10c  Code  Gb  usbh_msc_scsi.o [1]
USBH_MSC_Param          0x2001c434     0x10  Data  Gb  usbh_msc_scsi.o [1]
USBH_MSC_Read10         0x0803a2e9    0x106  Code  Gb  usbh_msc_scsi.o [1]
USBH_MSC_ReadCapacity10
                        0x08039ed9    0x12a  Code  Gb  usbh_msc_scsi.o [1]
USBH_MSC_RequestSense   0x0803a10f     0xee  Code  Gb  usbh_msc_scsi.o [1]
USBH_MSC_TestUnitReady  0x08039df1     0xe8  Code  Gb  usbh_msc_scsi.o [1]
USBH_MSC_Write10        0x0803a1fd     0xec  Code  Gb  usbh_msc_scsi.o [1]
USBH_MSC_cb             0x2000018c     0x10  Data  Gb  usbh_msc_core.o [1]
USBH_Modify_Channel     0x08035f3d     0x74  Code  Gb  usbh_hcs.o [1]
USBH_OTG_ISR_Handler    0x0803abb1     0xb8  Code  Gb  usb_hcd_int.o [1]
USBH_Open_Channel       0x08035e97     0xa6  Code  Gb  usbh_hcs.o [1]
USBH_ParseCfgDesc       0x080362a3    0x13c  Code  Lc  usbh_stdreq.o [1]
USBH_ParseDevDesc       0x08036247     0x5c  Code  Lc  usbh_stdreq.o [1]
USBH_ParseEPDesc        0x08036413     0x20  Code  Lc  usbh_stdreq.o [1]
USBH_ParseInterfaceDesc
                        0x080363ed     0x26  Code  Lc  usbh_stdreq.o [1]
USBH_ParseStringDesc    0x08036433     0x3c  Code  Lc  usbh_stdreq.o [1]
USBH_Process            0x0802ff81    0x1d2  Code  Gb  usbh_core.o [1]
USBH_SOF                0x0802fef5      0x6  Code  Gb  usbh_core.o [1]
USBH_SetAddress         0x080361a9     0x2a  Code  Gb  usbh_stdreq.o [1]
USBH_SetCfg             0x080361d3     0x28  Code  Gb  usbh_stdreq.o [1]
USBH_SubmitSetupRequest
                        0x080366b7     0x16  Code  Lc  usbh_ioreq.o [1]
USBH_USR_Configuration_DescAvailable
                        0x0802fde5     0x26  Code  Gb  usbh_usr.o [1]
USBH_USR_DeInit         0x0802fed9      0x2  Code  Gb  usbh_usr.o [1]
USBH_USR_DeviceAddressAssigned
                        0x0802fde3      0x2  Code  Gb  usbh_usr.o [1]
USBH_USR_DeviceAttached
                        0x0802fd5d      0xa  Code  Gb  usbh_usr.o [1]
USBH_USR_DeviceDisconnected
                        0x0802fd71     0x1a  Code  Gb  usbh_usr.o [1]
USBH_USR_DeviceNotSupported
                        0x0802fe4f      0xa  Code  Gb  usbh_usr.o [1]
USBH_USR_DeviceSpeedDetected
                        0x0802fd95     0x36  Code  Gb  usbh_usr.o [1]
USBH_USR_Device_DescAvailable
                        0x0802fdcb     0x18  Code  Gb  usbh_usr.o [1]
USBH_USR_EnumerationDone
                        0x0802fe35     0x1a  Code  Gb  usbh_usr.o [1]
USBH_USR_Init           0x0802fd39     0x24  Code  Gb  usbh_usr.o [1]
USBH_USR_MSC_Application
                        0x0802fed5      0x4  Code  Gb  usbh_usr.o [1]
USBH_USR_Manufacturer_String
                        0x0802fe0b      0xe  Code  Gb  usbh_usr.o [1]
USBH_USR_OverCurrentDetected
                        0x0802fe5d      0xa  Code  Gb  usbh_usr.o [1]
USBH_USR_Product_String
                        0x0802fe19      0xe  Code  Gb  usbh_usr.o [1]
USBH_USR_ResetDevice    0x0802fd8b      0xa  Code  Gb  usbh_usr.o [1]
USBH_USR_SerialNum_String
                        0x0802fe27      0xe  Code  Gb  usbh_usr.o [1]
USBH_USR_UnrecoveredError
                        0x0802fd67      0xa  Code  Gb  usbh_usr.o [1]
USBH_USR_UserInput      0x0802fe59      0x4  Code  Gb  usbh_usr.o [1]
USB_Host                0x2001be54     0x94  Data  Gb  usbh_usr.o [1]
USB_OTG_BSP_DisableInterrupt
                        0x08035d25     0x22  Code  Gb  usb_bsp.o [1]
USB_OTG_BSP_EnableInterrupt
                        0x08035d47     0x54  Code  Gb  usb_bsp.o [1]
USB_OTG_BSP_Init        0x08035c75     0xb0  Code  Gb  usb_bsp.o [1]
USB_OTG_BSP_mDelay      0x08035db5      0xc  Code  Gb  usb_bsp.o [1]
USB_OTG_BSP_uDelay      0x08035da9      0xc  Code  Gb  usb_bsp.o [1]
USB_OTG_Core            0x2001abb8    0x5ac  Data  Gb  usbh_usr.o [1]
USB_OTG_CoreInit        0x08037b21     0xce  Code  Gb  usb_core.o [1]
USB_OTG_CoreInitHost    0x08037d2d     0xd0  Code  Gb  usb_core.o [1]
USB_OTG_CoreReset       0x0803796b     0x60  Code  Lc  usb_core.o [1]
USB_OTG_DisableGlobalInt
                        0x08037c0d     0x1e  Code  Gb  usb_core.o [1]
USB_OTG_DriveVbus       0x08037e0d     0x54  Code  Gb  usb_core.o [1]
USB_OTG_EnableCommonInt
                        0x08037949     0x22  Code  Lc  usb_core.o [1]
USB_OTG_EnableGlobalInt
                        0x08037bef     0x1e  Code  Gb  usb_core.o [1]
USB_OTG_EnableHostInt   0x08037e61     0x4e  Code  Gb  usb_core.o [1]
USB_OTG_FlushRxFifo     0x08037c73     0x40  Code  Gb  usb_core.o [1]
USB_OTG_FlushTxFifo     0x08037c2b     0x48  Code  Gb  usb_core.o [1]
USB_OTG_GetMode         0x08037cf9      0xa  Code  Gb  usb_core.o [1]
USB_OTG_HC_DoPing       0x08038351     0x48  Code  Gb  usb_core.o [1]
USB_OTG_HC_Halt         0x080382dd     0x74  Code  Gb  usb_core.o [1]
USB_OTG_HC_Init         0x08037f0d    0x1d0  Code  Gb  usb_core.o [1]
USB_OTG_HC_StartXfer    0x080380dd    0x200  Code  Gb  usb_core.o [1]
USB_OTG_InitFSLSPClkSel
                        0x08037eaf     0x12  Code  Gb  usb_core.o [1]
USB_OTG_IsEvenFrame     0x08037dfd     0x10  Code  Gb  usb_core.o [1]
USB_OTG_IsHostMode      0x08037d03     0x18  Code  Gb  usb_core.o [1]
USB_OTG_ReadCoreItr     0x08037d1b     0x12  Code  Gb  usb_core.o [1]
USB_OTG_ReadHPRT0       0x08037ec1     0x1c  Code  Gb  usb_core.o [1]
USB_OTG_ReadPacket      0x08037a13     0x2c  Code  Gb  usb_core.o [1]
USB_OTG_ResetPort       0x08037edd     0x30  Code  Gb  usb_core.o [1]
USB_OTG_SelectCore      0x08037a3f     0xe2  Code  Gb  usb_core.o [1]
USB_OTG_SetCurrentMode  0x08037cbd     0x3c  Code  Gb  usb_core.o [1]
USB_OTG_USBH_handle_Disconnect_ISR
                        0x0803aced     0x1e  Code  Lc  usb_hcd_int.o [1]
USB_OTG_USBH_handle_IncompletePeriodicXfer_ISR
                        0x0803b807     0x28  Code  Lc  usb_hcd_int.o [1]
USB_OTG_USBH_handle_hc_ISR
                        0x0803ac69     0x66  Code  Lc  usb_hcd_int.o [1]
USB_OTG_USBH_handle_hc_n_In_ISR
                        0x0803b379    0x378  Code  Lc  usb_hcd_int.o [1]
USB_OTG_USBH_handle_hc_n_Out_ISR
                        0x0803b041    0x338  Code  Lc  usb_hcd_int.o [1]
USB_OTG_USBH_handle_nptxfempty_ISR
                        0x0803ad0b    0x118  Code  Lc  usb_hcd_int.o [1]
USB_OTG_USBH_handle_port_ISR
                        0x0803af3d     0xfe  Code  Lc  usb_hcd_int.o [1]
USB_OTG_USBH_handle_ptxfempty_ISR
                        0x0803ae23    0x11a  Code  Lc  usb_hcd_int.o [1]
USB_OTG_USBH_handle_rx_qlvl_ISR
                        0x0803b6f1    0x116  Code  Lc  usb_hcd_int.o [1]
USB_OTG_USBH_handle_sof_ISR
                        0x0803accf     0x1e  Code  Lc  usb_hcd_int.o [1]
USB_OTG_WritePacket     0x080379cb     0x48  Code  Gb  usb_core.o [1]
USB_OTG_dev             0x2001b164    0x5ac  Data  Gb  usbh_usr.o [1]
USRH_cb                 0x200000d8     0x48  Data  Gb  usbh_usr.o [1]
UartDMAConfig           0x08034773    0x166  Code  Gb  bsp_uart_fifo.o [1]
UartIRQ                 0x080348d9     0xf8  Code  Lc  bsp_uart_fifo.o [1]
UsageFault_Handler      0x0803d495      0x2  Code  Gb  stm32f4xx_it.o [1]
UserTimerCallback       0x0802d275    0x18e  Code  Gb  apptask.o [1]
W25QXX_BUFFER           0x200191b8   0x1000  Data  Gb  bsp_w25qxx.o [1]
W25QXX_Erase_Sector     0x0802f697     0x52  Code  Gb  bsp_w25qxx.o [1]
W25QXX_Init             0x0802f395     0x54  Code  Gb  bsp_w25qxx.o [1]
W25QXX_Read             0x0802f483     0x56  Code  Gb  bsp_w25qxx.o [1]
W25QXX_ReadID           0x0802f437     0x4c  Code  Gb  bsp_w25qxx.o [1]
W25QXX_ReadSR           0x0802f3e9     0x30  Code  Gb  bsp_w25qxx.o [1]
W25QXX_TYPE             0x200001b4      0x2  Data  Gb  bsp_w25qxx.o [1]
W25QXX_Wait_Busy        0x0802f6e9      0xc  Code  Gb  bsp_w25qxx.o [1]
W25QXX_Write            0x0802f58d    0x10a  Code  Gb  bsp_w25qxx.o [1]
W25QXX_Write_Enable     0x0802f419     0x1e  Code  Gb  bsp_w25qxx.o [1]
W25QXX_Write_NoCheck    0x0802f535     0x58  Code  Gb  bsp_w25qxx.o [1]
W25QXX_Write_Page       0x0802f4d9     0x5c  Code  Gb  bsp_w25qxx.o [1]
_GenldFullNoMb          0x08035957    0x24c  Code  Lc  xprintffull_nomb.o [3]
_LdtobFullNoMb          0x08035555    0x3fc  Code  Lc  xprintffull_nomb.o [3]
_LitobFullNoMb          0x0803544f    0x106  Code  Lc  xprintffull_nomb.o [3]
_Locale_aeabi_lconv     0x20000050     0x38  Data  Gb  localeconv.o [3]
_Locale_lconv           0x20000000     0x50  Data  Gb  localeconv.o [3]
_PrintfFullNoMb         0x08034e55    0x586  Code  Gb  xprintffull_nomb.o [3]
_Prout                  0x0803dc3d     0x16  Code  Gb  xprout.o [3]
_PutcharsFullNoMb       0x08035ba3     0x2e  Code  Lc  xprintffull_nomb.o [3]
_SProut                 0x0802f323      0xa  Code  Gb  xsprout.o [3]
__aeabi_cdcmple         0x08037339           Code  Gb  DblCmpLe.o [4]
__aeabi_cdrcmple        0x08037369           Code  Gb  DblCmpGe.o [4]
__aeabi_d2iz            0x080374ad           Code  Gb  DblToI32.o [4]
__aeabi_d2uiz           0x080374d9           Code  Gb  DblToI32.o [4]
__aeabi_ddiv            0x080328d5           Code  Gb  DblDiv.o [4]
__aeabi_dmul            0x080376b5           Code  Gb  DblMul.o [4]
__aeabi_dsub            0x08037535           Code  Gb  DblSub.o [4]
__aeabi_f2d             0x0802f77d           Code  Gb  FltToDbl.o [4]
__aeabi_i2d             0x08037505           Code  Gb  I32ToDbl.o [4]
__aeabi_ldiv0           0x0803a95d           Code  Gb  I64DivZer.o [5]
__aeabi_memset          0x0802f32d           Code  Gb  ABImemset.o [5]
__aeabi_ui2d            0x08037519           Code  Gb  I32ToDbl.o [4]
__aeabi_uldivmod        0x08037209           Code  Gb  I64DivMod.o [5]
__cmain                 0x0803da7d           Code  Gb  cmain.o [5]
__exit                  0x0803daa9     0x14  Code  Gb  exit.o [6]
__iar_Dnorm             0x080372f7     0x42  Code  Gb  xdnorm.o [4]
__iar_Dscale            0x08037399    0x114  Code  Gb  xdscale.o [4]
__iar_Locale_lconv_init
                        0x08037859     0x3a  Code  Gb  localeconv.o [3]
__iar_Memchr            0x080371b1           Code  Gb  memchr.o [5]
__iar_Memset            0x0802f32d           Code  Gb  ABImemset.o [5]
__iar_Memset_word       0x0802f335           Code  Gb  ABImemset.o [5]
__iar_Stdout            0x20000120     0x40  Data  Gb  xfiles.o [3]
__iar_Strchr            0x08037199           Code  Gb  strchr.o [5]
__iar_Strstr            0x08036b5d     0x2c  Code  Gb  strstr.o [3]
__iar_copy_init3        0x0803d60d     0x2c  Code  Gb  copy_init3.o [5]
__iar_d2uiz             0x080374e5           Code  Gb  DblToI32.o [4]
__iar_dadd              0x0803a961           Code  Gb  DblAdd.o [4]
__iar_data_init3        0x0803d6b1     0x28  Code  Gb  data_init.o [5]
__iar_dsub              0x08037549           Code  Gb  DblSub.o [4]
__iar_dsubStart         0x0803755b           Code  Gb  DblSub.o [4]
__iar_init_vfp          0x0803d745           Code  Gb  fpinit_M.o [4]
__iar_program_start     0x0803deed           Code  Gb  cstartup_M.o [5]
__iar_ui2d              0x0803751d           Code  Gb  I32ToDbl.o [4]
__iar_unaligned___aeabi_memcpy
                        0x0802f705           Code  Gb  ABImemcpy_unaligned.o [5]
__iar_unaligned___aeabi_memcpy4
                        0x0802f725           Code  Gb  ABImemcpy_unaligned.o [5]
__iar_unaligned___aeabi_memcpy8
                        0x0802f725           Code  Gb  ABImemcpy_unaligned.o [5]
__iar_unaligned_strcmp  0x0802f7f1           Code  Gb  strcmp_unaligned.o [5]
__iar_zero_init3        0x0803d3ad     0x40  Code  Gb  zero_init3.o [5]
__vector_table          0x08000000           Data  Gb  startup_stm32f40_41xxx.o [1]
_call_main              0x0803da89           Code  Gb  cmain.o [5]
_exit                   0x0803da9d           Code  Gb  cexit.o [5]
_main                   0x0803da93           Code  Gb  cmain.o [5]
bsp_DelayMS             0x080378f5     0x12  Code  Gb  bsp_dwt.o [1]
[...]
bsp_LedOff              0x08032be9     0x1e  Code  Gb  bsp_led.o [1]
bsp_LedOn               0x08032bcb     0x1e  Code  Gb  bsp_led.o [1]
bsp_LedToggle           0x08032c07     0x28  Code  Gb  bsp_led.o [1]
bsp_SetTIMforInt        0x0803c49f    0x1da  Code  Gb  bsp_tim_pwm.o [1]
bsp_StartHardTimer      0x0802f89b     0xda  Code  Gb  bsp_timer.o [1]
card_func               0x2001c598      0x1  Data  Gb  apptask.o [1]
check_fs                0x08031c4f     0x7e  Code  Lc  ff.o [1]
chk_chr                 0x08030693     0x14  Code  Lc  ff.o [1]
chk_lock                0x080306a7     0x94  Code  Lc  ff.o [1]
class_time              0x2001c597      0x1  Data  Gb  apptask.o [1]
clear_lock              0x080308a7     0x30  Code  Lc  ff.o [1]
clust2sect              0x08030a49     0x1a  Code  Gb  ff.o [1]
cmp_lfn                 0x080310cd     0xb6  Code  Lc  ff.o [1]
create_chain            0x08030d61     0xea  Code  Lc  ff.o [1]
create_name             0x08031855    0x31a  Code  Lc  ff.o [1]
debug_cmd               0x2001c59b      0x1  Data  Gb  bsp_uart_fifo.o [1]
dec_lock                0x0803084b     0x5c  Code  Lc  ff.o [1]
device_info             0x2001c270     0x34  Data  Gb  para.o [1]
dir_alloc               0x08031027     0x66  Code  Lc  ff.o [1]
dir_find                0x080313a9    0x116  Code  Lc  ff.o [1]
dir_next                0x08030efd    0x12a  Code  Lc  ff.o [1]
dir_read                0x080314bf    0x10c  Code  Lc  ff.o [1]
dir_register            0x080315cb    0x14e  Code  Lc  ff.o [1]
dir_sdi                 0x08030e4b     0xb2  Code  Lc  ff.o [1]
disk_initialize         0x080366cd     0x40  Code  Gb  diskio.o [1]
disk_ioctl              0x080368f1     0xa6  Code  Gb  diskio.o [1]
disk_read               0x08036739     0xdc  Code  Gb  diskio.o [1]
disk_status             0x0803670d     0x2c  Code  Gb  diskio.o [1]
disk_write              0x08036815     0xdc  Code  Gb  diskio.o [1]
div                     0x080378c5      0xe  Code  Gb  div.o [3]
download_num            0x2001c592      0x1  Data  Gb  apptask.o [1]
enq_lock                0x0803073b     0x28  Code  Lc  ff.o [1]
exit                    0x0803da97      0x4  Code  Gb  exit.o [3]
f_close                 0x08032731     0x38  Code  Gb  ff.o [1]
f_mount                 0x08032165     0x66  Code  Gb  ff.o [1]
f_open                  0x080321cb    0x20e  Code  Gb  ff.o [1]
f_opendir               0x08032769     0xb2  Code  Gb  ff.o [1]
f_readdir               0x0803281b     0x74  Code  Gb  ff.o [1]
f_sync                  0x0803267b     0xb6  Code  Gb  ff.o [1]
f_write                 0x080323e9    0x292  Code  Gb  ff.o [1]
ff_convert              0x080369b1     0x80  Code  Gb  cc936.o [1]
ff_wtoupper             0x08036a31     0x64  Code  Gb  cc936.o [1]
file_select             0x2001c474      0xc  Data  Gb  protocol.o [1]
final_per_meter         0x0802f1e1     0x1a  Code  Gb  product_cal.o [1]
find_volume             0x08031cd5    0x45a  Code  Lc  ff.o [1]
fit_lfn                 0x0803120f     0x88  Code  Lc  ff.o [1]
follow_path             0x08031b6f     0x90  Code  Lc  ff.o [1]
fputc                   0x08034c89     0x22  Code  Gb  bsp_uart_fifo.o [1]
g_tUart3                0x2001c2a4     0x28  Data  Gb  bsp_uart_fifo.o [1]
gen_numname             0x0803129d     0xec  Code  Lc  ff.o [1]
get_card_function       0x0802f2f9     0x2a  Code  Gb  product_cal.o [1]
get_class_time          0x0802f2b3     0x36  Code  Gb  product_cal.o [1]
get_fat                 0x08030a63    0x11c  Code  Gb  ff.o [1]
get_fattime             0x08036997      0x4  Code  Gb  diskio.o [1]
get_fileinfo            0x08031719    0x13c  Code  Lc  ff.o [1]
get_float_1bit          0x0802f291     0x22  Code  Gb  product_cal.o [1]
get_ldnumber            0x08031bff     0x50  Code  Lc  ff.o [1]
get_valid_length        0x0802f0e1     0x26  Code  Gb  bsp_sdwe050c17.o [1]
grade                   0x2001c596      0x1  Data  Gb  apptask.o [1]
hex_to_decimal          0x0802f107     0x26  Code  Gb  bsp_sdwe050c17.o [1]
idwgEventGroup          0x2001c4d8      0x4  Data  Gb  apptask.o [1]
inc_lock                0x08030763     0xe8  Code  Lc  ff.o [1]
init_product_para       0x0802f12d     0x54  Code  Gb  product_cal.o [1]
input_password_buf      0x2001c468      0xc  Data  Gb  protocol.o [1]
input_password_len      0x2001c59d      0x1  Data  Gb  protocol.o [1]
isWork                  0x2001c593      0x1  Data  Gb  apptask.o [1]
lcd_busy                0x2001c59a      0x1  Data  Gb  bsp_sdwe050c17.o [1]
lcd_rev_buf             0x2001c23c     0x34  Data  Gb  bsp_sdwe050c17.o [1]
lcd_rev_len             0x2001c58a      0x2  Data  Gb  bsp_sdwe050c17.o [1]
ld_clust                0x0803108d     0x28  Code  Lc  ff.o [1]
localeconv              0x08037893     0x16  Code  Gb  localeconv.o [3]
m_ctrl_dev              0x2001c494      0x8  Data  Gb  modbus.o [1]
main                    0x0803d499     0x34  Code  Gb  main.o [1]
mallco_dev              0x20000160     0x1c  Data  Gb  malloc.o [1]
mb_init                 0x08033141     0x30  Code  Gb  modbus.o [1]
mb_packsend_frame       0x0803304f     0xf2  Code  Gb  modbus.o [1]
mb_unpack_frame         0x08032f0d    0x142  Code  Gb  modbus.o [1]
mc_check_crc16          0x08036b11     0x40  Code  Gb  mcheck.o [1]
mc_check_crc8           0x08036aed     0x24  Code  Gb  mcheck.o [1]
mc_check_sum            0x08036aa5     0x2e  Code  Gb  mcheck.o [1]
mc_check_xor            0x08036ad3     0x1a  Code  Gb  mcheck.o [1]
mem1base                0x2000f1b8   0xa000  Data  Gb  malloc.o [1]
mem1mapbase             0x2001a1b8    0xa00  Data  Gb  malloc.o [1]
mem2base                0x68000000  0xf0000  Data  Gb  malloc.o [1]
mem2mapbase             0x680f0000   0xf000  Data  Gb  malloc.o [1]
mem_cmp                 0x0803066f     0x24  Code  Lc  ff.o [1]
mem_cpy                 0x0803063d     0x1c  Code  Lc  ff.o [1]
mem_set                 0x08030659     0x16  Code  Lc  ff.o [1]
memblksize              0x0803df58      0x8  Data  Gb  malloc.o [1]
memchr                  0x080371b1           Code  Gb  memchr.o [5]
memsize                 0x0803df60      0x8  Data  Gb  malloc.o [1]
memtblsize              0x0803df50      0x8  Data  Gb  malloc.o [1]
modbus_send_frame       0x08033171     0xe6  Code  Gb  modbus.o [1]
move_window             0x08030931     0x40  Code  Lc  ff.o [1]
my_mem_free             0x08032e43     0x6c  Code  Gb  malloc.o [1]
my_mem_init             0x08032d07     0x42  Code  Gb  malloc.o [1]
my_mem_malloc           0x08032d87     0xbc  Code  Gb  malloc.o [1]
my_mem_perused          0x08032d49     0x3e  Code  Gb  malloc.o [1]
myfree                  0x08032eaf     0x24  Code  Gb  malloc.o [1]
mymalloc                0x08032ed3     0x2a  Code  Gb  malloc.o [1]
mymemset                0x08032cf1     0x16  Code  Gb  malloc.o [1]
obuf                    0x2001c1a0     0x50  Data  Lc  xfiles.o [3]
oem2uni                 0x0801560c  0x15484  Data  Lc  cc936.o [1]
old_isWork              0x2001c594      0x1  Data  Gb  apptask.o [1]
para_init               0x0803cbcf     0x80  Code  Gb  para.o [1]
pcInterruptPriorityRegisters
                        0x0803df7c      0x4  Data  Lc  port.o [1]
pick_lfn                0x08031183     0x8c  Code  Lc  ff.o [1]
pluse_count             0x2001c4e4      0x4  Data  Gb  apptask.o [1]
printf                  0x0802f7cd     0x24  Code  Gb  printf.o [3]
product_complete_kilo   0x0802f22f     0x3a  Code  Gb  product_cal.o [1]
product_complete_meter  0x0802f1fb     0x12  Code  Gb  product_cal.o [1]
product_para            0x2001bee8     0x74  Data  Gb  product_cal.o [1]
product_per_meter       0x0802f181     0x60  Code  Gb  product_cal.o [1]
product_uncomplete_kilo
                        0x0802f269     0x28  Code  Gb  product_cal.o [1]
product_uncomplete_meter
                        0x0802f20d     0x22  Code  Gb  product_cal.o [1]
prvAddCurrentTaskToDelayedList
                        0x0802dfd5     0x48  Code  Lc  tasks.o [1]
prvAllocateTCBAndStack  0x0802e01d     0x5a  Code  Lc  tasks.o [1]
prvCheckForValidListAndQueue
                        0x080339b3     0x52  Code  Lc  timers.o [1]
prvCheckTasksWaitingTermination
                        0x0802df6b     0x66  Code  Lc  tasks.o [1]
prvCopyDataFromQueue    0x0802e805     0x30  Code  Lc  queue.o [1]
prvCopyDataToQueue      0x0802e781     0x84  Code  Lc  queue.o [1]
prvDeleteTCB            0x0802e077     0x12  Code  Lc  tasks.o [1]
prvGetNextExpireTime    0x0803379f     0x2e  Code  Lc  timers.o [1]
prvHeapInit             0x08033ea1     0x6e  Code  Lc  heap_4.o [1]
prvIdleTask             0x0802de85     0x26  Code  Lc  tasks.o [1]
prvInitialiseTCBVariables
                        0x0802deab     0x6a  Code  Lc  tasks.o [1]
prvInitialiseTaskLists  0x0802df15     0x56  Code  Lc  tasks.o [1]
prvInsertBlockIntoFreeList
                        0x08033f0f     0x62  Code  Lc  heap_4.o [1]
prvInsertTimerInActiveList
                        0x080337f5     0x50  Code  Lc  timers.o [1]
prvIsQueueEmpty         0x0802e89f     0x20  Code  Lc  queue.o [1]
prvIsQueueFull          0x0802e8bf     0x22  Code  Lc  queue.o [1]
prvProcessExpiredTimer  0x080336b7     0x5c  Code  Lc  timers.o [1]
prvProcessReceivedCommands
                        0x08033845     0xde  Code  Lc  timers.o [1]
prvProcessTimerOrBlockTask
                        0x0803372f     0x70  Code  Lc  timers.o [1]
prvResetNextTaskUnblockTime
                        0x0802e089     0x26  Code  Lc  tasks.o [1]
prvSampleTimeNow        0x080337cd     0x28  Code  Lc  timers.o [1]
prvSwitchTimerLists     0x08033923     0x90  Code  Lc  timers.o [1]
prvTaskExitError        0x08033a51     0x2a  Code  Lc  port.o [1]
prvTestWaitCondition    0x0803355b     0x24  Code  Lc  event_groups.o [1]
prvTimerTask            0x08033715     0x1a  Code  Lc  timers.o [1]
prvUnlockQueue          0x0802e835     0x6a  Code  Lc  queue.o [1]
put_fat                 0x08030b7f    0x16c  Code  Gb  ff.o [1]
putchar                 0x0803dc55      0xc  Code  Gb  putchar.o [3]
pvPortMalloc            0x08033d11    0x118  Code  Gb  heap_4.o [1]
pxCurrentTCB            0x2001c524      0x4  Data  Gb  tasks.o [1]
pxCurrentTimerList      0x2001c564      0x4  Data  Lc  timers.o [1]
pxDelayedTaskList       0x2001c528      0x4  Data  Lc  tasks.o [1]
pxEnd                   0x2001c50c      0x4  Data  Lc  heap_4.o [1]
pxOverflowDelayedTaskList
                        0x2001c52c      0x4  Data  Lc  tasks.o [1]
pxOverflowTimerList     0x2001c568      0x4  Data  Lc  timers.o [1]
pxPortInitialiseStack   0x08033a2d     0x24  Code  Gb  port.o [1]
pxReadyTasksLists       0x2001bdb4     0xa0  Data  Lc  tasks.o [1]
rc522_cmd_anticoll      0x08032c95     0x5a  Code  Gb  rc522.o [1]
rc522_cmd_request       0x08032c41     0x54  Code  Gb  rc522.o [1]
readSlave               0x2001c450      0xc  Data  Gb  apptask.o [1]
read_device_info        0x0803cac1    0x10e  Code  Gb  para.o [1]
read_file_select        0x2001c480      0xc  Data  Gb  protocol.o [1]
remove_chain            0x08030ceb     0x76  Code  Lc  ff.o [1]
rfid_rev_buf            0x2001c354     0x14  Data  Gb  rc522.o [1]
rfid_rev_cnt            0x2001c59f      0x1  Data  Gb  rc522.o [1]
rfid_rev_flag           0x2001c59e      0x1  Data  Gb  rc522.o [1]
rtc_time                0x2001c49c      0x8  Data  Gb  protocol.o [1]
s_TIM_CallBack1         0x2001c4fc      0x4  Data  Lc  bsp_timer.o [1]
s_TIM_CallBack2         0x2001c500      0x4  Data  Lc  bsp_timer.o [1]
s_TIM_CallBack3         0x2001c504      0x4  Data  Lc  bsp_timer.o [1]
s_TIM_CallBack4         0x2001c508      0x4  Data  Lc  bsp_timer.o [1]
sample_time             0x2001c584      0x2  Data  Gb  apptask.o [1]
slave_info              0x2001c444      0xc  Data  Gb  apptask.o [1]
sprintf                 0x080328a1     0x34  Code  Gb  sprintf.o [3]
st_clust                0x080310b5     0x18  Code  Lc  ff.o [1]
strcat                  0x08032b2b     0x1c  Code  Gb  strcat.o [3]
strchr                  0x08037199           Code  Gb  strchr.o [5]
strlen                  0x08032b49           Code  Gb  strlen.o [5]
strstr                  0x0803330d     0x10  Code  Gb  esp8266_handler.o [1]
sum_sfn                 0x08031389     0x20  Code  Lc  ff.o [1]
sync_fs                 0x08030971     0xd8  Code  Lc  ff.o [1]
sync_window             0x080308d7     0x5a  Code  Lc  ff.o [1]
ucHeap                  0x200001b8   0xf000  Data  Lc  heap_4.o [1]
ucMaxSysCallPriority    0x2001c59c      0x1  Data  Lc  port.o [1]
ulHighFrequencyTimerTicks
                        0x2001c520      0x4  Data  Gb  SysInfoTest.o [1]
ulMaxPRIGROUPValue      0x2001c51c      0x4  Data  Lc  port.o [1]
ulTaskSwitchedInTime    0x2001c55c      0x4  Data  Lc  tasks.o [1]
ulTotalRunTime          0x2001c560      0x4  Data  Lc  tasks.o [1]
uni2oem                 0x08000188  0x15484  Data  Lc  cc936.o [1]
usb_disk_flag           0x2001c595      0x1  Data  Gb  apptask.o [1]
usbh_OpenMassStorage    0x0802fd25     0x14  Code  Gb  usbh_usr.o [1]
uxCriticalNesting       0x200001a8      0x4  Data  Lc  port.o [1]
uxCurrentNumberOfTasks  0x2001c534      0x4  Data  Lc  tasks.o [1]
uxListRemove            0x08033ce9     0x28  Code  Gb  list.o [1]
uxPendedTicks           0x2001c544      0x4  Data  Lc  tasks.o [1]
uxSchedulerSuspended    0x2001c558      0x4  Data  Lc  tasks.o [1]
uxTaskNumber            0x2001c550      0x4  Data  Lc  tasks.o [1]
uxTaskResetEventItemValue
                        0x0802e0e9     0x20  Code  Gb  tasks.o [1]
uxTasksDeleted          0x2001c530      0x4  Data  Lc  tasks.o [1]
uxTopReadyPriority      0x2001c53c      0x4  Data  Lc  tasks.o [1]
vListInitialise         0x08033c79     0x1e  Code  Gb  list.o [1]
vListInsert             0x08033caf     0x3a  Code  Gb  list.o [1]
vListInsertEnd          0x08033c97     0x18  Code  Gb  list.o [1]
vPortEnableVFP          0x08036c25           Code  Gb  portasm.o [1]
vPortEnterCritical      0x08033b47     0x3a  Code  Gb  port.o [1]
vPortExitCritical       0x08033b81     0x32  Code  Gb  port.o [1]
vPortFree               0x08033e29     0x78  Code  Gb  heap_4.o [1]
vPortSetupTimerInterrupt
                        0x08033bdf      0xe  Code  Wk  port.o [1]
vPortStartFirstTask     0x08036c0d           Code  Gb  portasm.o [1]
vPortValidateInterruptPriority
                        0x08033bed     0x4e  Code  Gb  port.o [1]
vQueueWaitForMessageRestricted
                        0x0802e8e1     0x44  Code  Gb  queue.o [1]
vSetupSysInfoTest       0x0803d3ed     0x12  Code  Gb  SysInfoTest.o [1]
vTaskDelay              0x0802d6e1     0x84  Code  Gb  tasks.o [1]
vTaskManageCapacity     0x0802cda1    0x218  Code  Gb  apptask.o [1]
vTaskMassStorage        0x0802c2bd    0x240  Code  Lc  apptask.o [1]
vTaskMissedYield        0x0802de7b      0xa  Code  Gb  tasks.o [1]
vTaskMsgPro             0x0802c6fd    0x426  Code  Lc  apptask.o [1]
vTaskPlaceOnEventList   0x0802dae1     0x74  Code  Gb  tasks.o [1]
vTaskPlaceOnEventListRestricted
                        0x0802dc19     0x80  Code  Gb  tasks.o [1]
vTaskPlaceOnUnorderedEventList
                        0x0802db71     0xa8  Code  Gb  tasks.o [1]
vTaskReadDisk           0x0802cbcd    0x1bc  Code  Lc  apptask.o [1]
vTaskRev485             0x0802cb2d     0x90  Code  Lc  apptask.o [1]
vTaskSetTimeOutState    0x0802ddc5     0x26  Code  Gb  tasks.o [1]
vTaskStartScheduler     0x0802d765     0x7e  Code  Gb  tasks.o [1]
vTaskSuspendAll         0x0802d7e3     0x10  Code  Gb  tasks.o [1]
vTaskSwitchContext      0x0802da31     0xb0  Code  Gb  tasks.o [1]
vTaskTaskLCD            0x0802aa91   0x181c  Code  Gb  apptask.o [1]
vTaskTaskLED            0x0802c501     0x20  Code  Lc  apptask.o [1]
vTaskTaskRFID           0x0802c521    0x1a0  Code  Lc  apptask.o [1]
validate                0x0803212f     0x36  Code  Lc  ff.o [1]
xActiveTimerList1       0x2001c3cc     0x14  Data  Lc  timers.o [1]
xActiveTimerList2       0x2001c3e0     0x14  Data  Lc  timers.o [1]
xBlockAllocatedBit      0x2001c518      0x4  Data  Lc  heap_4.o [1]
xDelayedTaskList1       0x2001c368     0x14  Data  Lc  tasks.o [1]
xDelayedTaskList2       0x2001c37c     0x14  Data  Lc  tasks.o [1]
xEventGroupCreate       0x0803331d     0x1c  Code  Gb  event_groups.o [1]
xEventGroupSetBits      0x08033485     0xd6  Code  Gb  event_groups.o [1]
xEventGroupWaitBits     0x08033339    0x146  Code  Gb  event_groups.o [1]
xFreeBytesRemaining     0x2001c510      0x4  Data  Lc  heap_4.o [1]
xHandleTaskLCD          0x2001c4a4      0x4  Data  Gb  apptask.o [1]
xHandleTaskLED          0x2001c4a8      0x4  Data  Gb  apptask.o [1]
xHandleTaskManageCapacity
                        0x2001c4c0      0x4  Data  Gb  apptask.o [1]
xHandleTaskMassStorage  0x2001c4b0      0x4  Data  Gb  apptask.o [1]
xHandleTaskMsgPro       0x2001c4b8      0x4  Data  Gb  apptask.o [1]
xHandleTaskRFID         0x2001c4ac      0x4  Data  Gb  apptask.o [1]
xHandleTaskReadDisk     0x2001c4b4      0x4  Data  Gb  apptask.o [1]
xHandleTaskRev485       0x2001c4bc      0x4  Data  Gb  apptask.o [1]
xHeapStructSize         0x0803df78      0x4  Data  Lc  heap_4.o [1]
xMinimumEverFreeBytesRemaining
                        0x2001c514      0x4  Data  Lc  heap_4.o [1]
xNextTaskUnblockTime    0x2001c554      0x4  Data  Lc  tasks.o [1]
xNumOfOverflows         0x2001c54c      0x4  Data  Lc  tasks.o [1]
xPendingReadyList       0x2001c390     0x14  Data  Lc  tasks.o [1]
xPortStartScheduler     0x08033a7b     0xcc  Code  Gb  port.o [1]
xQueueGenericCreate     0x0802e1ed     0x7e  Code  Gb  queue.o [1]
xQueueGenericReceive    0x0802e5e1    0x19c  Code  Gb  queue.o [1]
xQueueGenericReset      0x0802e15d     0x90  Code  Gb  queue.o [1]
xQueueGenericSend       0x0802e26b    0x1b2  Code  Gb  queue.o [1]
xQueueGenericSendFromISR
                        0x0802e41d     0xec  Code  Gb  queue.o [1]
xQueueGiveFromISR       0x0802e509     0xd8  Code  Gb  queue.o [1]
xQueue_message          0x2001c4e0      0x4  Data  Gb  apptask.o [1]
xSchedulerRunning       0x2001c540      0x4  Data  Lc  tasks.o [1]
xSemaphore_download     0x2001c4d0      0x4  Data  Gb  apptask.o [1]
xSemaphore_lcd          0x2001c4c4      0x4  Data  Gb  apptask.o [1]
xSemaphore_pluse        0x2001c4cc      0x4  Data  Gb  apptask.o [1]
xSemaphore_readDisk     0x2001c4d4      0x4  Data  Gb  apptask.o [1]
xSemaphore_rs485        0x2001c4c8      0x4  Data  Gb  apptask.o [1]
xStart                  0x2001c48c      0x8  Data  Lc  heap_4.o [1]
xSuspendedTaskList      0x2001c3b8     0x14  Data  Lc  tasks.o [1]
xTaskCheckForTimeOut    0x0802ddf1     0x8a  Code  Gb  tasks.o [1]
xTaskGenericCreate      0x0802d55d    0x184  Code  Gb  tasks.o [1]
xTaskGetSchedulerState  0x0802e0af     0x26  Code  Gb  tasks.o [1]
xTaskGetTickCount       0x0802d8f3      0xa  Code  Gb  tasks.o [1]
xTaskIncrementTick      0x0802d8fd    0x134  Code  Gb  tasks.o [1]
xTaskRemoveFromEventList
                        0x0802dc9d     0x8e  Code  Gb  tasks.o [1]
xTaskRemoveFromUnorderedEventList
                        0x0802dd31     0x94  Code  Gb  tasks.o [1]
xTaskResumeAll          0x0802d7f3    0x100  Code  Gb  tasks.o [1]
xTasksWaitingTermination
                        0x2001c3a4     0x14  Data  Lc  tasks.o [1]
xTickCount              0x2001c538      0x4  Data  Lc  tasks.o [1]
xTimerCreate            0x080335d1     0x62  Code  Gb  timers.o [1]
xTimerCreateTimerTask   0x08033581     0x50  Code  Gb  timers.o [1]
xTimerGenericCommand    0x08033633     0x84  Code  Gb  timers.o [1]
xTimerQueue             0x2001c56c      0x4  Data  Lc  timers.o [1]
xTimerUser              0x2001c4dc      0x4  Data  Gb  apptask.o [1]
xYieldPending           0x2001c548      0x4  Data  Lc  tasks.o [1]


[1] = F:\work\YarnControl_Driver\src\stm32f4_rtos\Project\EWARMv7\Flash\Obj
[2] = command line
[3] = dl7M_tlf.a
[4] = m7M_tls.a
[5] = rt7M_tl.a
[6] = shb_l.a

   73 986 bytes of readonly  code memory
  180 562 bytes of readonly  data memory
  118 180 bytes of readwrite data memory (+ 1 044 480 absolute)

Errors: none
Warnings: none
