###############################################################################
#
# IAR ELF Linker V7.40.7.9843/W32 for ARM                 16/Jan/2019  16:58:56
# Copyright 2007-2015 IAR Systems AB.
#
#    Output file  =  
#        F:\work\YarnControl_Driver\src\stm32f4_rtos\Project\EWARMv7\Flash\Exe\project.out
#    Map file     =  
#        F:\work\YarnControl_Driver\src\stm32f4_rtos\Project\EWARMv7\Flash\List\project.map
#    Command line =  
#        F:\work\YarnControl_Driver\src\stm32f4_rtos\Project\EWARMv7\Flash\Obj\apptask.o
#        F:\work\YarnControl_Driver\src\stm32f4_rtos\Project\EWARMv7\Flash\Obj\bsp.o
#        F:\work\YarnControl_Driver\src\stm32f4_rtos\Project\EWARMv7\Flash\Obj\bsp_closeSW.o
#        F:\work\YarnControl_Driver\src\stm32f4_rtos\Project\EWARMv7\Flash\Obj\bsp_dwt.o
#        F:\work\YarnControl_Driver\src\stm32f4_rtos\Project\EWARMv7\Flash\Obj\bsp_led.o
#        F:\work\YarnControl_Driver\src\stm32f4_rtos\Project\EWARMv7\Flash\Obj\bsp_relay.o
#        F:\work\YarnControl_Driver\src\stm32f4_rtos\Project\EWARMv7\Flash\Obj\bsp_sdio_sd.o
#        F:\work\YarnControl_Driver\src\stm32f4_rtos\Project\EWARMv7\Flash\Obj\bsp_sdwe050c17.o
#        F:\work\YarnControl_Driver\src\stm32f4_rtos\Project\EWARMv7\Flash\Obj\bsp_servomotor.o
#        F:\work\YarnControl_Driver\src\stm32f4_rtos\Project\EWARMv7\Flash\Obj\bsp_spi.o
#        F:\work\YarnControl_Driver\src\stm32f4_rtos\Project\EWARMv7\Flash\Obj\bsp_stepmotor.o
#        F:\work\YarnControl_Driver\src\stm32f4_rtos\Project\EWARMv7\Flash\Obj\bsp_sw_onoff.o
#        F:\work\YarnControl_Driver\src\stm32f4_rtos\Project\EWARMv7\Flash\Obj\bsp_tim_pwm.o
#        F:\work\YarnControl_Driver\src\stm32f4_rtos\Project\EWARMv7\Flash\Obj\bsp_timer.o
#        F:\work\YarnControl_Driver\src\stm32f4_rtos\Project\EWARMv7\Flash\Obj\bsp_uart_fifo.o
#        F:\work\YarnControl_Driver\src\stm32f4_rtos\Project\EWARMv7\Flash\Obj\bsp_w25qxx.o
#        F:\work\YarnControl_Driver\src\stm32f4_rtos\Project\EWARMv7\Flash\Obj\bsp_watchdog.o
#        F:\work\YarnControl_Driver\src\stm32f4_rtos\Project\EWARMv7\Flash\Obj\cc936.o
#        F:\work\YarnControl_Driver\src\stm32f4_rtos\Project\EWARMv7\Flash\Obj\croutine.o
#        F:\work\YarnControl_Driver\src\stm32f4_rtos\Project\EWARMv7\Flash\Obj\demo_fatfs.o
#        F:\work\YarnControl_Driver\src\stm32f4_rtos\Project\EWARMv7\Flash\Obj\diskio.o
#        F:\work\YarnControl_Driver\src\stm32f4_rtos\Project\EWARMv7\Flash\Obj\event_groups.o
#        F:\work\YarnControl_Driver\src\stm32f4_rtos\Project\EWARMv7\Flash\Obj\ff.o
#        F:\work\YarnControl_Driver\src\stm32f4_rtos\Project\EWARMv7\Flash\Obj\heap_4.o
#        F:\work\YarnControl_Driver\src\stm32f4_rtos\Project\EWARMv7\Flash\Obj\list.o
#        F:\work\YarnControl_Driver\src\stm32f4_rtos\Project\EWARMv7\Flash\Obj\main.o
#        F:\work\YarnControl_Driver\src\stm32f4_rtos\Project\EWARMv7\Flash\Obj\malloc.o
#        F:\work\YarnControl_Driver\src\stm32f4_rtos\Project\EWARMv7\Flash\Obj\mcheck.o
#        F:\work\YarnControl_Driver\src\stm32f4_rtos\Project\EWARMv7\Flash\Obj\misc.o
#        F:\work\YarnControl_Driver\src\stm32f4_rtos\Project\EWARMv7\Flash\Obj\modbus.o
#        F:\work\YarnControl_Driver\src\stm32f4_rtos\Project\EWARMv7\Flash\Obj\page_weimi.o
#        F:\work\YarnControl_Driver\src\stm32f4_rtos\Project\EWARMv7\Flash\Obj\para.o
#        F:\work\YarnControl_Driver\src\stm32f4_rtos\Project\EWARMv7\Flash\Obj\port.o
#        F:\work\YarnControl_Driver\src\stm32f4_rtos\Project\EWARMv7\Flash\Obj\portasm.o
#        F:\work\YarnControl_Driver\src\stm32f4_rtos\Project\EWARMv7\Flash\Obj\product_cal.o
#        F:\work\YarnControl_Driver\src\stm32f4_rtos\Project\EWARMv7\Flash\Obj\protocol.o
#        F:\work\YarnControl_Driver\src\stm32f4_rtos\Project\EWARMv7\Flash\Obj\queue.o
#        F:\work\YarnControl_Driver\src\stm32f4_rtos\Project\EWARMv7\Flash\Obj\rc522.o
#        F:\work\YarnControl_Driver\src\stm32f4_rtos\Project\EWARMv7\Flash\Obj\startup_stm32f40_41xxx.o
#        F:\work\YarnControl_Driver\src\stm32f4_rtos\Project\EWARMv7\Flash\Obj\stm32f4xx_adc.o
#        F:\work\YarnControl_Driver\src\stm32f4_rtos\Project\EWARMv7\Flash\Obj\stm32f4xx_assert.o
#        F:\work\YarnControl_Driver\src\stm32f4_rtos\Project\EWARMv7\Flash\Obj\stm32f4xx_can.o
#        F:\work\YarnControl_Driver\src\stm32f4_rtos\Project\EWARMv7\Flash\Obj\stm32f4xx_crc.o
#        F:\work\YarnControl_Driver\src\stm32f4_rtos\Project\EWARMv7\Flash\Obj\stm32f4xx_cryp.o
#        F:\work\YarnControl_Driver\src\stm32f4_rtos\Project\EWARMv7\Flash\Obj\stm32f4xx_cryp_aes.o
#        F:\work\YarnControl_Driver\src\stm32f4_rtos\Project\EWARMv7\Flash\Obj\stm32f4xx_cryp_des.o
#        F:\work\YarnControl_Driver\src\stm32f4_rtos\Project\EWARMv7\Flash\Obj\stm32f4xx_cryp_tdes.o
#        F:\work\YarnControl_Driver\src\stm32f4_rtos\Project\EWARMv7\Flash\Obj\stm32f4xx_dac.o
#        F:\work\YarnControl_Driver\src\stm32f4_rtos\Project\EWARMv7\Flash\Obj\stm32f4xx_dbgmcu.o
#        F:\work\YarnControl_Driver\src\stm32f4_rtos\Project\EWARMv7\Flash\Obj\stm32f4xx_dcmi.o
#        F:\work\YarnControl_Driver\src\stm32f4_rtos\Project\EWARMv7\Flash\Obj\stm32f4xx_dma.o
#        F:\work\YarnControl_Driver\src\stm32f4_rtos\Project\EWARMv7\Flash\Obj\stm32f4xx_dma2d.o
#        F:\work\YarnControl_Driver\src\stm32f4_rtos\Project\EWARMv7\Flash\Obj\stm32f4xx_exti.o
#        F:\work\YarnControl_Driver\src\stm32f4_rtos\Project\EWARMv7\Flash\Obj\stm32f4xx_flash.o
#        F:\work\YarnControl_Driver\src\stm32f4_rtos\Project\EWARMv7\Flash\Obj\stm32f4xx_fsmc.o
#        F:\work\YarnControl_Driver\src\stm32f4_rtos\Project\EWARMv7\Flash\Obj\stm32f4xx_gpio.o
#        F:\work\YarnControl_Driver\src\stm32f4_rtos\Project\EWARMv7\Flash\Obj\stm32f4xx_hash.o
#        F:\work\YarnControl_Driver\src\stm32f4_rtos\Project\EWARMv7\Flash\Obj\stm32f4xx_hash_md5.o
#        F:\work\YarnControl_Driver\src\stm32f4_rtos\Project\EWARMv7\Flash\Obj\stm32f4xx_hash_sha1.o
#        F:\work\YarnControl_Driver\src\stm32f4_rtos\Project\EWARMv7\Flash\Obj\stm32f4xx_i2c.o
#        F:\work\YarnControl_Driver\src\stm32f4_rtos\Project\EWARMv7\Flash\Obj\stm32f4xx_it.o
#        F:\work\YarnControl_Driver\src\stm32f4_rtos\Project\EWARMv7\Flash\Obj\stm32f4xx_iwdg.o
#        F:\work\YarnControl_Driver\src\stm32f4_rtos\Project\EWARMv7\Flash\Obj\stm32f4xx_ltdc.o
#        F:\work\YarnControl_Driver\src\stm32f4_rtos\Project\EWARMv7\Flash\Obj\stm32f4xx_pwr.o
#        F:\work\YarnControl_Driver\src\stm32f4_rtos\Project\EWARMv7\Flash\Obj\stm32f4xx_rcc.o
#        F:\work\YarnControl_Driver\src\stm32f4_rtos\Project\EWARMv7\Flash\Obj\stm32f4xx_rng.o
#        F:\work\YarnControl_Driver\src\stm32f4_rtos\Project\EWARMv7\Flash\Obj\stm32f4xx_rtc.o
#        F:\work\YarnControl_Driver\src\stm32f4_rtos\Project\EWARMv7\Flash\Obj\stm32f4xx_sai.o
#        F:\work\YarnControl_Driver\src\stm32f4_rtos\Project\EWARMv7\Flash\Obj\stm32f4xx_sdio.o
#        F:\work\YarnControl_Driver\src\stm32f4_rtos\Project\EWARMv7\Flash\Obj\stm32f4xx_spi.o
#        F:\work\YarnControl_Driver\src\stm32f4_rtos\Project\EWARMv7\Flash\Obj\stm32f4xx_syscfg.o
#        F:\work\YarnControl_Driver\src\stm32f4_rtos\Project\EWARMv7\Flash\Obj\stm32f4xx_tim.o
#        F:\work\YarnControl_Driver\src\stm32f4_rtos\Project\EWARMv7\Flash\Obj\stm32f4xx_usart.o
#        F:\work\YarnControl_Driver\src\stm32f4_rtos\Project\EWARMv7\Flash\Obj\stm32f4xx_wwdg.o
#        F:\work\YarnControl_Driver\src\stm32f4_rtos\Project\EWARMv7\Flash\Obj\SysInfoTest.o
#        F:\work\YarnControl_Driver\src\stm32f4_rtos\Project\EWARMv7\Flash\Obj\system_stm32f4xx.o
#        F:\work\YarnControl_Driver\src\stm32f4_rtos\Project\EWARMv7\Flash\Obj\tasks.o
#        F:\work\YarnControl_Driver\src\stm32f4_rtos\Project\EWARMv7\Flash\Obj\timers.o
#        F:\work\YarnControl_Driver\src\stm32f4_rtos\Project\EWARMv7\Flash\Obj\usb_bsp.o
#        F:\work\YarnControl_Driver\src\stm32f4_rtos\Project\EWARMv7\Flash\Obj\usb_core.o
#        F:\work\YarnControl_Driver\src\stm32f4_rtos\Project\EWARMv7\Flash\Obj\usb_hcd.o
#        F:\work\YarnControl_Driver\src\stm32f4_rtos\Project\EWARMv7\Flash\Obj\usb_hcd_int.o
#        F:\work\YarnControl_Driver\src\stm32f4_rtos\Project\EWARMv7\Flash\Obj\usbh_core.o
#        F:\work\YarnControl_Driver\src\stm32f4_rtos\Project\EWARMv7\Flash\Obj\usbh_hcs.o
#        F:\work\YarnControl_Driver\src\stm32f4_rtos\Project\EWARMv7\Flash\Obj\usbh_ioreq.o
#        F:\work\YarnControl_Driver\src\stm32f4_rtos\Project\EWARMv7\Flash\Obj\usbh_it.o
#        F:\work\YarnControl_Driver\src\stm32f4_rtos\Project\EWARMv7\Flash\Obj\usbh_msc_bot.o
#        F:\work\YarnControl_Driver\src\stm32f4_rtos\Project\EWARMv7\Flash\Obj\usbh_msc_core.o
#        F:\work\YarnControl_Driver\src\stm32f4_rtos\Project\EWARMv7\Flash\Obj\usbh_msc_scsi.o
#        F:\work\YarnControl_Driver\src\stm32f4_rtos\Project\EWARMv7\Flash\Obj\usbh_stdreq.o
#        F:\work\YarnControl_Driver\src\stm32f4_rtos\Project\EWARMv7\Flash\Obj\usbh_usr.o
#        -o
#        F:\work\YarnControl_Driver\src\stm32f4_rtos\Project\EWARMv7\Flash\Exe\project.out
#        --map
#        F:\work\YarnControl_Driver\src\stm32f4_rtos\Project\EWARMv7\Flash\List\project.map
#        --config
#        F:\work\YarnControl_Driver\src\stm32f4_rtos\Project\EWARMv7\stm32f4xx_flash.icf
#        --semihosting --entry __iar_program_start --inline --vfe
#
###############################################################################

*******************************************************************************
*** RUNTIME MODEL ATTRIBUTES
***

CppFlavor       = *
__SystemLibrary = DLib


*******************************************************************************
*** PLACEMENT SUMMARY
***

"A1":  place at 0x08000000 { ro section .intvec };
"P1":  place in [from 0x08000000 to 0x080fffff] { ro };
"P2":  place in [from 0x20000000 to 0x2001ffff] { rw, block CSTACK, block HEAP };

  Section             Kind        Address     Size  Object
  -------             ----        -------     ----  ------
"A1":                                        0x188
  .intvec             ro code  0x08000000    0x188  startup_stm32f40_41xxx.o [1]
                             - 0x08000188    0x188

"P1":                                      0x4004c
  .rodata             const    0x08000188  0x15484  cc936.o [1]
  .rodata             const    0x0801560c  0x15484  cc936.o [1]
  .text               ro code  0x0802aa90   0x3a9c  apptask.o [1]
  .text               ro code  0x0802e52c    0xc00  tasks.o [1]
  .text               ro code  0x0802f12c    0x7c8  queue.o [1]
  .text               ro code  0x0802f8f4    0xcb4  bsp_sdwe050c17.o [1]
  .text               ro code  0x080305a8    0x498  product_cal.o [1]
  .text               ro code  0x08030a40     0x66  ABImemset.o [5]
  .text               ro code  0x08030aa6      0xa  xsprout.o [3]
  .text               ro code  0x08030ab0    0x380  bsp_w25qxx.o [1]
  .text               ro code  0x08030e30     0x76  ABImemcpy_unaligned.o [5]
  .text               ro code  0x08030ea8     0x4e  FltToDbl.o [4]
  .text               ro code  0x08030ef8     0x24  printf.o [3]
  .text               ro code  0x08030f1c     0x62  memcmp_unaligned.o [5]
  .text               ro code  0x08030f80     0x42  strcmp_unaligned.o [5]
  .text               ro code  0x08030fc4    0x21c  malloc.o [1]
  .text               ro code  0x080311e0    0x534  stm32f4xx_tim.o [1]
  .text               ro code  0x08031714     0x30  I32ToDbl.o [4]
  .text               ro code  0x08031744    0x256  DblDiv.o [4]
  .text               ro code  0x0803199c     0xe8  DblAdd.o [4]
  .text               ro code  0x08031a84    0x1a2  DblMul.o [4]
  .text               ro code  0x08031c28     0x58  DblToI32.o [4]
  .text               ro code  0x08031c80     0x36  strlen.o [5]
  .text               ro code  0x08031cb8    0x1b6  usbh_usr.o [1]
  .text               ro code  0x08031e70    0x760  usbh_core.o [1]
  .text               ro code  0x080325d0   0x2264  ff.o [1]
  .text               ro code  0x08034834     0x34  sprintf.o [3]
  .text               ro code  0x08034868     0x1c  strcat.o [3]
  .text               ro code  0x08034884     0xc0  bsp_led.o [1]
  .text               ro code  0x08034944     0xae  rc522.o [1]
  .text               ro code  0x080349f4    0x354  modbus.o [1]
  .text               ro code  0x08034d48     0x68  bsp_sw_onoff.o [1]
  .text               ro code  0x08034db0     0x44  protocol.o [1]
  .text               ro code  0x08034df4     0x10  apptask.o [1]
  .text               ro code  0x08034e04    0x21c  bsp_stepmotor.o [1]
  .text               ro code  0x08035020    0x12c  stm32f4xx_gpio.o [1]
  .text               ro code  0x0803514c    0x238  bsp_servomotor.o [1]
  .text               ro code  0x08035384    0x262  event_groups.o [1]
  .text               ro code  0x080355e8    0x4a4  timers.o [1]
  .text               ro code  0x08035a8c      0x8  bsp_watchdog.o [1]
  .text               ro code  0x08035a94    0x24c  port.o [1]
  .text               ro code  0x08035ce0     0x98  list.o [1]
  .text               ro code  0x08035d78    0x280  heap_4.o [1]
  .text               ro code  0x08035ff8    0x1e8  stm32f4xx_rcc.o [1]
  .text               ro code  0x080361e0    0xa64  bsp_uart_fifo.o [1]
  .text               ro code  0x08036c44    0x204  bsp_timer.o [1]
  .text               ro code  0x08036e48    0x124  bsp_spi.o [1]
  .text               ro code  0x08036f6c    0xd96  xprintffull_nomb.o [3]
  .text               ro code  0x08037d04    0x180  DblSub.o [4]
  .text               ro code  0x08037e84    0x14c  usb_bsp.o [1]
  .text               ro code  0x08037fd0     0xd6  usb_hcd.o [1]
  .text               ro code  0x080380a6    0x1ba  usbh_hcs.o [1]
  .text               ro code  0x08038260    0x436  usbh_stdreq.o [1]
  .text               ro code  0x08038696    0x246  usbh_ioreq.o [1]
  .text               ro code  0x080388dc    0x2e4  diskio.o [1]
  .text               ro code  0x08038bc0     0xf4  cc936.o [1]
  .text               ro code  0x08038cb4     0xb8  mcheck.o [1]
  .text               ro code  0x08038d6c     0x2c  strstr.o [3]
  .text               ro code  0x08038d98     0x88  misc.o [1]
  .text               ro code  0x08038e20    0x31c  stm32f4xx_dma.o [1]
  .text               ro code  0x0803913c     0x10  stm32f4xx_iwdg.o [1]
  CODE                ro code  0x0803914c     0xa8  portasm.o [1]
  .text               ro code  0x080391f4    0x22e  stm32f4xx_usart.o [1]
  .text               ro code  0x08039424     0x74  stm32f4xx_spi.o [1]
  .text               ro code  0x08039498     0x16  strchr.o [5]
  .text               ro code  0x080394b0     0x58  memchr.o [5]
  .text               ro code  0x08039508     0xee  I64DivMod.o [5]
  .text               ro code  0x080395f6     0x42  xdnorm.o [4]
  .text               ro code  0x08039638     0x2e  DblCmpLe.o [4]
  .text               ro code  0x08039668     0x2e  DblCmpGe.o [4]
  .text               ro code  0x08039698    0x114  xdscale.o [4]
  .text               ro code  0x080397ac     0x6c  localeconv.o [3]
  .text               ro code  0x08039818      0xe  div.o [3]
  .text               ro code  0x08039828     0x74  bsp_dwt.o [1]
  .text               ro code  0x0803989c    0xa50  usb_core.o [1]
  .text               ro code  0x0803a2ec   0x1a58  bsp_sdio_sd.o [1]
  .text               ro code  0x0803bd44    0x618  usbh_msc_scsi.o [1]
  .text               ro code  0x0803c35c    0x554  usbh_msc_bot.o [1]
  .text               ro code  0x0803c8b0      0x2  I64DivZer.o [5]
  .text               ro code  0x0803c8b4    0x17c  stm32f4xx_sdio.o [1]
  .text               ro code  0x0803ca30    0xc7e  usb_hcd_int.o [1]
  .text               ro code  0x0803d6b0    0x3e8  usbh_msc_core.o [1]
  .rodata             const    0x0803da98    0x3dc  cc936.o [1]
  .rodata             const    0x0803de74    0x3dc  cc936.o [1]
  .text               ro code  0x0803e250    0x2e0  bsp_tim_pwm.o [1]
  .text               ro code  0x0803e530    0x2bc  para.o [1]
  .text               ro code  0x0803e7ec     0x44  strcpy_unaligned.o [5]
  .rodata             const    0x0803e830    0x1f4  apptask.o [1]
  .rodata             const    0x0803ea24    0x190  product_cal.o [1]
  .text               ro code  0x0803ebb4    0x154  system_stm32f4xx.o [1]
  .rodata             const    0x0803ed08    0x100  mcheck.o [1]
  .rodata             const    0x0803ee08    0x100  mcheck.o [1]
  .rodata             const    0x0803ef08    0x100  mcheck.o [1]
  .text               ro code  0x0803f008     0xd4  bsp_closeSW.o [1]
  .text               ro code  0x0803f0dc     0x54  stm32f4xx_syscfg.o [1]
  .text               ro code  0x0803f130     0xc0  stm32f4xx_exti.o [1]
  .text               ro code  0x0803f1f0     0x50  bsp.o [1]
  .text               ro code  0x0803f240     0x44  bsp_relay.o [1]
  .text               ro code  0x0803f284     0x40  zero_init3.o [5]
  .text               ro code  0x0803f2c4     0x3c  SysInfoTest.o [1]
  .rodata             const    0x0803f300     0x38  demo_fatfs.o [1]
  .text               ro code  0x0803f338     0x38  stm32f4xx_it.o [1]
  .text               ro code  0x0803f370     0x34  main.o [1]
  .rodata             const    0x0803f3a4     0x30  apptask.o [1]
  .rodata             const    0x0803f3d4     0x30  demo_fatfs.o [1]
  .rodata             const    0x0803f404     0x30  demo_fatfs.o [1]
  .rodata             const    0x0803f434     0x2c  apptask.o [1]
  .rodata             const    0x0803f460     0x2c  demo_fatfs.o [1]
  .rodata             const    0x0803f48c     0x2c  demo_fatfs.o [1]
  .rodata             const    0x0803f4b8     0x2c  stm32f4xx_it.o [1]
  .text               ro code  0x0803f4e4     0x2c  copy_init3.o [5]
  .rodata             const    0x0803f510     0x28  demo_fatfs.o [1]
  .rodata             const    0x0803f538     0x28  demo_fatfs.o [1]
  .rodata             const    0x0803f560     0x28  demo_fatfs.o [1]
  .text               ro code  0x0803f588     0x28  data_init.o [5]
  .rodata             const    0x0803f5b0     0x24  demo_fatfs.o [1]
  .rodata             const    0x0803f5d4     0x24  demo_fatfs.o [1]
  .rodata             const    0x0803f5f8     0x24  usbh_usr.o [1]
  .text               ro code  0x0803f61c     0x22  fpinit_M.o [4]
  .iar.init_table     const    0x0803f640     0x2c  - Linker created -
  .rodata             const    0x0803f66c     0x20  apptask.o [1]
  .rodata             const    0x0803f68c     0x20  apptask.o [1]
  .rodata             const    0x0803f6ac     0x20  bsp_sdwe050c17.o [1]
  .rodata             const    0x0803f6cc     0x20  demo_fatfs.o [1]
  .rodata             const    0x0803f6ec     0x20  demo_fatfs.o [1]
  .rodata             const    0x0803f70c     0x20  demo_fatfs.o [1]
  .rodata             const    0x0803f72c     0x20  usbh_usr.o [1]
  .rodata             const    0x0803f74c     0x20  usbh_usr.o [1]
  .rodata             const    0x0803f76c     0x20  usbh_usr.o [1]
  .rodata             const    0x0803f78c     0x20  usbh_usr.o [1]
  .rodata             const    0x0803f7ac     0x20  usbh_usr.o [1]
  .rodata             const    0x0803f7cc     0x1c  apptask.o [1]
  .rodata             const    0x0803f7e8     0x1c  apptask.o [1]
  .rodata             const    0x0803f804     0x1c  apptask.o [1]
  .rodata             const    0x0803f820     0x1c  apptask.o [1]
  .rodata             const    0x0803f83c     0x1c  apptask.o [1]
  .rodata             const    0x0803f858     0x1c  apptask.o [1]
  .rodata             const    0x0803f874     0x1c  demo_fatfs.o [1]
  .rodata             const    0x0803f890     0x1c  demo_fatfs.o [1]
  .rodata             const    0x0803f8ac     0x1c  usbh_usr.o [1]
  .rodata             const    0x0803f8c8     0x1c  usbh_usr.o [1]
  .rodata             const    0x0803f8e4     0x1c  usbh_usr.o [1]
  .rodata             const    0x0803f900     0x1c  usbh_usr.o [1]
  .rodata             const    0x0803f91c     0x1c  usbh_usr.o [1]
  .rodata             const    0x0803f938     0x1c  usbh_usr.o [1]
  .text               ro code  0x0803f954     0x1a  cmain.o [5]
  .text               ro code  0x0803f96e      0x4  exit.o [3]
  .text               ro code  0x0803f974      0xa  cexit.o [5]
  .text               ro code  0x0803f980     0x14  exit.o [6]
  .rodata             const    0x0803f994     0x18  apptask.o [1]
  .rodata             const    0x0803f9ac     0x18  apptask.o [1]
  .rodata             const    0x0803f9c4     0x18  apptask.o [1]
  .rodata             const    0x0803f9dc     0x18  apptask.o [1]
  .rodata             const    0x0803f9f4     0x18  apptask.o [1]
  .rodata             const    0x0803fa0c     0x18  apptask.o [1]
  .rodata             const    0x0803fa24     0x18  apptask.o [1]
  .rodata             const    0x0803fa3c     0x18  demo_fatfs.o [1]
  .rodata             const    0x0803fa54     0x18  demo_fatfs.o [1]
  .rodata             const    0x0803fa6c     0x18  demo_fatfs.o [1]
  .rodata             const    0x0803fa84     0x18  demo_fatfs.o [1]
  .rodata             const    0x0803fa9c     0x18  usbh_usr.o [1]
  .rodata             const    0x0803fab4     0x18  usbh_usr.o [1]
  .rodata             const    0x0803facc     0x18  usbh_usr.o [1]
  .rodata             const    0x0803fae4     0x18  usbh_usr.o [1]
  .rodata             const    0x0803fafc     0x18  usbh_usr.o [1]
  .text               ro code  0x0803fb14     0x16  xprout.o [3]
  .text               ro code  0x0803fb2c      0xc  putchar.o [3]
  .rodata             const    0x0803fb38     0x14  apptask.o [1]
  .rodata             const    0x0803fb4c     0x14  apptask.o [1]
  .rodata             const    0x0803fb60     0x14  apptask.o [1]
  .rodata             const    0x0803fb74     0x14  apptask.o [1]
  .rodata             const    0x0803fb88     0x14  apptask.o [1]
  .rodata             const    0x0803fb9c     0x14  apptask.o [1]
  .rodata             const    0x0803fbb0     0x14  usbh_usr.o [1]
  .rodata             const    0x0803fbc4     0x14  usbh_usr.o [1]
  .rodata             const    0x0803fbd8     0x10  apptask.o [1]
  .rodata             const    0x0803fbe8     0x10  apptask.o [1]
  .rodata             const    0x0803fbf8     0x10  apptask.o [1]
  .rodata             const    0x0803fc08     0x10  apptask.o [1]
  .rodata             const    0x0803fc18     0x10  apptask.o [1]
  .rodata             const    0x0803fc28     0x10  apptask.o [1]
  .rodata             const    0x0803fc38     0x10  apptask.o [1]
  .rodata             const    0x0803fc48     0x10  apptask.o [1]
  .rodata             const    0x0803fc58     0x10  apptask.o [1]
  .rodata             const    0x0803fc68     0x10  ff.o [1]
  .rodata             const    0x0803fc78     0x10  main.o [1]
  .rodata             const    0x0803fc88     0x10  main.o [1]
  .rodata             const    0x0803fc98     0x10  usbh_usr.o [1]
  .rodata             const    0x0803fca8     0x10  usbh_usr.o [1]
  .text               ro code  0x0803fcb8     0x10  startup_stm32f40_41xxx.o [1]
  .text               ro code  0x0803fcc8     0x10  usbh_it.o [1]
  .rodata             const    0x0803fcd8      0xc  apptask.o [1]
  .rodata             const    0x0803fce4      0xc  apptask.o [1]
  .rodata             const    0x0803fcf0      0xc  apptask.o [1]
  .rodata             const    0x0803fcfc      0xc  apptask.o [1]
  .rodata             const    0x0803fd08      0xc  apptask.o [1]
  .rodata             const    0x0803fd14      0xc  apptask.o [1]
  .rodata             const    0x0803fd20      0xc  apptask.o [1]
  .rodata             const    0x0803fd2c      0xc  apptask.o [1]
  .rodata             const    0x0803fd38      0xc  apptask.o [1]
  .rodata             const    0x0803fd44      0xc  apptask.o [1]
  .rodata             const    0x0803fd50      0xc  apptask.o [1]
  .rodata             const    0x0803fd5c      0xc  apptask.o [1]
  .rodata             const    0x0803fd68      0xc  apptask.o [1]
  .rodata             const    0x0803fd74      0xc  apptask.o [1]
  .rodata             const    0x0803fd80      0xc  apptask.o [1]
  .rodata             const    0x0803fd8c      0xc  apptask.o [1]
  .rodata             const    0x0803fd98      0xc  apptask.o [1]
  .rodata             const    0x0803fda4      0xc  apptask.o [1]
  .rodata             const    0x0803fdb0      0xc  apptask.o [1]
  .rodata             const    0x0803fdbc      0xc  apptask.o [1]
  .rodata             const    0x0803fdc8      0xc  apptask.o [1]
  .rodata             const    0x0803fdd4      0xc  apptask.o [1]
  .rodata             const    0x0803fde0      0xc  apptask.o [1]
  .rodata             const    0x0803fdec      0xc  apptask.o [1]
  .rodata             const    0x0803fdf8      0xc  apptask.o [1]
  .rodata             const    0x0803fe04      0xc  apptask.o [1]
  .rodata             const    0x0803fe10      0xc  bsp_sdwe050c17.o [1]
  .rodata             const    0x0803fe1c      0xc  bsp_sdwe050c17.o [1]
  .rodata             const    0x0803fe28      0xc  demo_fatfs.o [1]
  .rodata             const    0x0803fe34      0xc  ff.o [1]
  .text               ro code  0x0803fe40      0xc  cstartup_M.o [5]
  .rodata             const    0x0803fe4c      0x8  apptask.o [1]
  .rodata             const    0x0803fe54      0x8  apptask.o [1]
  .rodata             const    0x0803fe5c      0x8  apptask.o [1]
  .rodata             const    0x0803fe64      0x8  apptask.o [1]
  .rodata             const    0x0803fe6c      0x8  apptask.o [1]
  .rodata             const    0x0803fe74      0x8  apptask.o [1]
  .rodata             const    0x0803fe7c      0x8  apptask.o [1]
  .rodata             const    0x0803fe84      0x8  apptask.o [1]
  .rodata             const    0x0803fe8c      0x8  apptask.o [1]
  .rodata             const    0x0803fe94      0x8  apptask.o [1]
  .rodata             const    0x0803fe9c      0x8  apptask.o [1]
  .rodata             const    0x0803fea4      0x8  apptask.o [1]
  .rodata             const    0x0803feac      0x8  bsp_w25qxx.o [1]
  .rodata             const    0x0803feb4      0x8  ff.o [1]
  .rodata             const    0x0803febc      0x8  malloc.o [1]
  .rodata             const    0x0803fec4      0x8  malloc.o [1]
  .rodata             const    0x0803fecc      0x8  malloc.o [1]
  .rodata             const    0x0803fed4      0x8  para.o [1]
  .rodata             const    0x0803fedc      0x8  para.o [1]
  .rodata             const    0x0803fee4      0x8  para.o [1]
  .rodata             const    0x0803feec      0x8  tasks.o [1]
  .rodata             const    0x0803fef4      0x8  timers.o [1]
  .rodata             const    0x0803fefc      0x4  heap_4.o [1]
  .rodata             const    0x0803ff00      0x4  port.o [1]
  .text               ro code  0x0803ff04      0x4  startup_stm32f40_41xxx.o [1]
  .text               ro code  0x0803ff08      0x4  startup_stm32f40_41xxx.o [1]
  .text               ro code  0x0803ff0c      0x4  startup_stm32f40_41xxx.o [1]
  .text               ro code  0x0803ff10      0x4  startup_stm32f40_41xxx.o [1]
  .text               ro code  0x0803ff14      0x4  startup_stm32f40_41xxx.o [1]
  .text               ro code  0x0803ff18      0x4  startup_stm32f40_41xxx.o [1]
  .text               ro code  0x0803ff1c      0x4  startup_stm32f40_41xxx.o [1]
  .text               ro code  0x0803ff20      0x4  startup_stm32f40_41xxx.o [1]
  .text               ro code  0x0803ff24      0x4  startup_stm32f40_41xxx.o [1]
  .text               ro code  0x0803ff28      0x4  startup_stm32f40_41xxx.o [1]
  .text               ro code  0x0803ff2c      0x4  startup_stm32f40_41xxx.o [1]
  .text               ro code  0x0803ff30      0x4  startup_stm32f40_41xxx.o [1]
  .text               ro code  0x0803ff34      0x4  startup_stm32f40_41xxx.o [1]
  .text               ro code  0x0803ff38      0x4  startup_stm32f40_41xxx.o [1]
  .text               ro code  0x0803ff3c      0x4  startup_stm32f40_41xxx.o [1]
  .text               ro code  0x0803ff40      0x4  startup_stm32f40_41xxx.o [1]
  .text               ro code  0x0803ff44      0x4  startup_stm32f40_41xxx.o [1]
  .text               ro code  0x0803ff48      0x4  startup_stm32f40_41xxx.o [1]
  .text               ro code  0x0803ff4c      0x4  startup_stm32f40_41xxx.o [1]
  .text               ro code  0x0803ff50      0x4  startup_stm32f40_41xxx.o [1]
  .text               ro code  0x0803ff54      0x4  startup_stm32f40_41xxx.o [1]
  .text               ro code  0x0803ff58      0x4  startup_stm32f40_41xxx.o [1]
  .text               ro code  0x0803ff5c      0x4  startup_stm32f40_41xxx.o [1]
  .text               ro code  0x0803ff60      0x4  startup_stm32f40_41xxx.o [1]
  .text               ro code  0x0803ff64      0x4  startup_stm32f40_41xxx.o [1]
  .text               ro code  0x0803ff68      0x4  startup_stm32f40_41xxx.o [1]
  .text               ro code  0x0803ff6c      0x4  startup_stm32f40_41xxx.o [1]
  .text               ro code  0x0803ff70      0x4  startup_stm32f40_41xxx.o [1]
  .text               ro code  0x0803ff74      0x4  startup_stm32f40_41xxx.o [1]
  .text               ro code  0x0803ff78      0x4  startup_stm32f40_41xxx.o [1]
  .text               ro code  0x0803ff7c      0x4  startup_stm32f40_41xxx.o [1]
  .text               ro code  0x0803ff80      0x4  startup_stm32f40_41xxx.o [1]
  .text               ro code  0x0803ff84      0x4  startup_stm32f40_41xxx.o [1]
  .text               ro code  0x0803ff88      0x4  startup_stm32f40_41xxx.o [1]
  .text               ro code  0x0803ff8c      0x4  startup_stm32f40_41xxx.o [1]
  .text               ro code  0x0803ff90      0x4  startup_stm32f40_41xxx.o [1]
  .text               ro code  0x0803ff94      0x4  startup_stm32f40_41xxx.o [1]
  .text               ro code  0x0803ff98      0x4  startup_stm32f40_41xxx.o [1]
  .text               ro code  0x0803ff9c      0x4  startup_stm32f40_41xxx.o [1]
  .text               ro code  0x0803ffa0      0x4  startup_stm32f40_41xxx.o [1]
  .text               ro code  0x0803ffa4      0x4  startup_stm32f40_41xxx.o [1]
  .text               ro code  0x0803ffa8      0x4  startup_stm32f40_41xxx.o [1]
  .text               ro code  0x0803ffac      0x4  startup_stm32f40_41xxx.o [1]
  .text               ro code  0x0803ffb0      0x4  startup_stm32f40_41xxx.o [1]
  .text               ro code  0x0803ffb4      0x4  startup_stm32f40_41xxx.o [1]
  .text               ro code  0x0803ffb8      0x4  startup_stm32f40_41xxx.o [1]
  .text               ro code  0x0803ffbc      0x4  startup_stm32f40_41xxx.o [1]
  .text               ro code  0x0803ffc0      0x4  startup_stm32f40_41xxx.o [1]
  .text               ro code  0x0803ffc4      0x4  startup_stm32f40_41xxx.o [1]
  .text               ro code  0x0803ffc8      0x4  startup_stm32f40_41xxx.o [1]
  .text               ro code  0x0803ffcc      0x4  startup_stm32f40_41xxx.o [1]
  .text               ro code  0x0803ffd0      0x4  startup_stm32f40_41xxx.o [1]
  .text               ro code  0x0803ffd4      0x4  startup_stm32f40_41xxx.o [1]
  .text               ro code  0x0803ffd8      0x4  startup_stm32f40_41xxx.o [1]
  .text               ro code  0x0803ffdc      0x4  startup_stm32f40_41xxx.o [1]
  .text               ro code  0x0803ffe0      0x4  startup_stm32f40_41xxx.o [1]
  .text               ro code  0x0803ffe4      0x4  startup_stm32f40_41xxx.o [1]
  .text               ro code  0x0803ffe8      0x4  startup_stm32f40_41xxx.o [1]
  .text               ro code  0x0803ffec      0x4  startup_stm32f40_41xxx.o [1]
  .text               ro code  0x0803fff0      0x4  startup_stm32f40_41xxx.o [1]
  .text               ro code  0x0803fff4      0x4  startup_stm32f40_41xxx.o [1]
  .text               ro code  0x0803fff8      0x4  startup_stm32f40_41xxx.o [1]
  .text               ro code  0x0803fffc      0x4  startup_stm32f40_41xxx.o [1]
  .text               ro code  0x08040000      0x4  startup_stm32f40_41xxx.o [1]
  .text               ro code  0x08040004      0x4  startup_stm32f40_41xxx.o [1]
  .text               ro code  0x08040008      0x4  startup_stm32f40_41xxx.o [1]
  .text               ro code  0x0804000c      0x4  startup_stm32f40_41xxx.o [1]
  .text               ro code  0x08040010      0x4  startup_stm32f40_41xxx.o [1]
  .text               ro code  0x08040014      0x4  startup_stm32f40_41xxx.o [1]
  .text               ro code  0x08040018      0x4  startup_stm32f40_41xxx.o [1]
  .rodata             const    0x0804001c      0x0  zero_init3.o [5]
  .rodata             const    0x0804001c      0x0  copy_init3.o [5]
  Initializer bytes   const    0x0804001c    0x1b8  <for P2 s0>
                             - 0x080401d4  0x4004c

"P2":                                      0x1f618
  P2 s0                        0x20000000    0x1b8  <Init block>
    __DLIB_PERTHREAD  inited   0x20000000     0x88  localeconv.o [3]
    .data             inited   0x20000088     0x50  demo_fatfs.o [1]
    .data             inited   0x200000d8     0x48  usbh_usr.o [1]
    .data             inited   0x20000120     0x40  xfiles.o [3]
    .data             inited   0x20000160     0x1c  malloc.o [1]
    .data             inited   0x2000017c     0x10  stm32f4xx_rcc.o [1]
    .data             inited   0x2000018c     0x10  usbh_msc_core.o [1]
    .data             inited   0x2000019c      0xc  usbh_core.o [1]
    .data             inited   0x200001a8      0x4  port.o [1]
    .data             inited   0x200001ac      0x4  system_stm32f4xx.o [1]
    .data             inited   0x200001b0      0x4  usbh_core.o [1]
    .data             inited   0x200001b4      0x2  bsp_w25qxx.o [1]
    .data             inited   0x200001b6      0x1  usbh_msc_scsi.o [1]
  .bss                zero     0x200001b8  0x11800  heap_4.o [1]
  .bss                zero     0x200119b8   0xa000  malloc.o [1]
  .bss                zero     0x2001b9b8   0x1000  bsp_w25qxx.o [1]
  .bss                zero     0x2001c9b8    0xa00  malloc.o [1]
  .bss                zero     0x2001d3b8    0x5ac  usbh_usr.o [1]
  .bss                zero     0x2001d964    0x5ac  usbh_usr.o [1]
  .bss                zero     0x2001df10    0x200  ff.o [1]
  .bss                zero     0x2001e110    0x200  usbh_msc_scsi.o [1]
  .bss                zero     0x2001e310    0x200  usbh_stdreq.o [1]
  .bss                zero     0x2001e510     0xc8  tasks.o [1]
  .bss                zero     0x2001e5d8     0xa4  protocol.o [1]
  .bss                zero     0x2001e67c     0x94  usbh_usr.o [1]
  .bss                zero     0x2001e710     0x8c  para.o [1]
  .bss                zero     0x2001e79c     0x70  protocol.o [1]
  .bss                zero     0x2001e80c     0x64  bsp_uart_fifo.o [1]
  .bss                zero     0x2001e870     0x64  bsp_uart_fifo.o [1]
  .bss                zero     0x2001e8d4     0x64  bsp_uart_fifo.o [1]
  .bss                zero     0x2001e938     0x58  bsp_sdio_sd.o [1]
  .bss                zero     0x2001e990     0x50  protocol.o [1]
  .bss                zero     0x2001e9e0     0x50  xfiles.o [3]
  .bss                zero     0x2001ea30     0x4c  usbh_msc_core.o [1]
  .bss                zero     0x2001ea7c     0x34  bsp_sdwe050c17.o [1]
  .bss                zero     0x2001eab0     0x2c  product_cal.o [1]
  .bss                zero     0x2001eadc     0x28  bsp_uart_fifo.o [1]
  .bss                zero     0x2001eb04     0x28  product_cal.o [1]
  .bss                zero     0x2001eb2c     0x24  ff.o [1]
  .bss                zero     0x2001eb50     0x20  usbh_msc_bot.o [1]
  .bss                zero     0x2001eb70     0x18  bsp_sdio_sd.o [1]
  .bss                zero     0x2001eb88     0x18  bsp_sdio_sd.o [1]
  .bss                zero     0x2001eba0     0x14  bsp_sdio_sd.o [1]
  .bss                zero     0x2001ebb4     0x14  rc522.o [1]
  .bss                zero     0x2001ebc8     0x14  tasks.o [1]
  .bss                zero     0x2001ebdc     0x14  tasks.o [1]
  .bss                zero     0x2001ebf0     0x14  tasks.o [1]
  .bss                zero     0x2001ec04     0x14  tasks.o [1]
  .bss                zero     0x2001ec18     0x14  tasks.o [1]
  .bss                zero     0x2001ec2c     0x14  timers.o [1]
  .bss                zero     0x2001ec40     0x14  timers.o [1]
  .bss                zero     0x2001ec54     0x10  bsp_sdio_sd.o [1]
  .bss                zero     0x2001ec64     0x10  bsp_sdio_sd.o [1]
  .bss                zero     0x2001ec74     0x10  usbh_msc_bot.o [1]
  .bss                zero     0x2001ec84     0x10  usbh_msc_bot.o [1]
  .bss                zero     0x2001ec94     0x10  usbh_msc_scsi.o [1]
  .bss                zero     0x2001eca4      0xc  apptask.o [1]
  .bss                zero     0x2001ecb0      0xc  apptask.o [1]
  .bss                zero     0x2001ecbc      0xc  ff.o [1]
  .bss                zero     0x2001ecc8      0xc  protocol.o [1]
  .bss                zero     0x2001ecd4      0xc  protocol.o [1]
  .bss                zero     0x2001ece0      0xc  protocol.o [1]
  .bss                zero     0x2001ecec      0x8  heap_4.o [1]
  .bss                zero     0x2001ecf4      0x8  modbus.o [1]
  .bss                zero     0x2001ecfc      0x8  protocol.o [1]
  .bss                zero     0x2001ed04      0x4  apptask.o [1]
  .bss                zero     0x2001ed08      0x4  apptask.o [1]
  .bss                zero     0x2001ed0c      0x4  apptask.o [1]
  .bss                zero     0x2001ed10      0x4  apptask.o [1]
  .bss                zero     0x2001ed14      0x4  apptask.o [1]
  .bss                zero     0x2001ed18      0x4  apptask.o [1]
  .bss                zero     0x2001ed1c      0x4  apptask.o [1]
  .bss                zero     0x2001ed20      0x4  apptask.o [1]
  .bss                zero     0x2001ed24      0x4  apptask.o [1]
  .bss                zero     0x2001ed28      0x4  apptask.o [1]
  .bss                zero     0x2001ed2c      0x4  apptask.o [1]
  .bss                zero     0x2001ed30      0x4  apptask.o [1]
  .bss                zero     0x2001ed34      0x4  apptask.o [1]
  .bss                zero     0x2001ed38      0x4  apptask.o [1]
  .bss                zero     0x2001ed3c      0x4  apptask.o [1]
  .bss                zero     0x2001ed40      0x4  apptask.o [1]
  .bss                zero     0x2001ed44      0x4  apptask.o [1]
  .bss                zero     0x2001ed48      0x4  bsp_sdio_sd.o [1]
  .bss                zero     0x2001ed4c      0x4  bsp_sdio_sd.o [1]
  .bss                zero     0x2001ed50      0x4  bsp_sdio_sd.o [1]
  .bss                zero     0x2001ed54      0x4  bsp_sdio_sd.o [1]
  .bss                zero     0x2001ed58      0x4  bsp_sdio_sd.o [1]
  .bss                zero     0x2001ed5c      0x4  bsp_timer.o [1]
  .bss                zero     0x2001ed60      0x4  bsp_timer.o [1]
  .bss                zero     0x2001ed64      0x4  bsp_timer.o [1]
  .bss                zero     0x2001ed68      0x4  bsp_timer.o [1]
  .bss                zero     0x2001ed6c      0x4  heap_4.o [1]
  .bss                zero     0x2001ed70      0x4  heap_4.o [1]
  .bss                zero     0x2001ed74      0x4  heap_4.o [1]
  .bss                zero     0x2001ed78      0x4  heap_4.o [1]
  .bss                zero     0x2001ed7c      0x4  port.o [1]
  .bss                zero     0x2001ed80      0x4  product_cal.o [1]
  .bss                zero     0x2001ed84      0x4  product_cal.o [1]
  .bss                zero     0x2001ed88      0x4  SysInfoTest.o [1]
  .bss                zero     0x2001ed8c      0x4  tasks.o [1]
  .bss                zero     0x2001ed90      0x4  tasks.o [1]
  .bss                zero     0x2001ed94      0x4  tasks.o [1]
  .bss                zero     0x2001ed98      0x4  tasks.o [1]
  .bss                zero     0x2001ed9c      0x4  tasks.o [1]
  .bss                zero     0x2001eda0      0x4  tasks.o [1]
  .bss                zero     0x2001eda4      0x4  tasks.o [1]
  .bss                zero     0x2001eda8      0x4  tasks.o [1]
  .bss                zero     0x2001edac      0x4  tasks.o [1]
  .bss                zero     0x2001edb0      0x4  tasks.o [1]
  .bss                zero     0x2001edb4      0x4  tasks.o [1]
  .bss                zero     0x2001edb8      0x4  tasks.o [1]
  .bss                zero     0x2001edbc      0x4  tasks.o [1]
  .bss                zero     0x2001edc0      0x4  tasks.o [1]
  .bss                zero     0x2001edc4      0x4  tasks.o [1]
  .bss                zero     0x2001edc8      0x4  tasks.o [1]
  .bss                zero     0x2001edcc      0x4  timers.o [1]
  .bss                zero     0x2001edd0      0x4  timers.o [1]
  .bss                zero     0x2001edd4      0x4  timers.o [1]
  .bss                zero     0x2001edd8      0x4  timers.o [1]
  .bss                zero     0x2001eddc      0x4  usbh_msc_bot.o [1]
  .bss                zero     0x2001ede0      0x4  usbh_msc_bot.o [1]
  .bss                zero     0x2001ede4      0x4  usbh_msc_bot.o [1]
  .bss                zero     0x2001ede8      0x4  usbh_msc_bot.o [1]
  .bss                zero     0x2001edec      0x2  apptask.o [1]
  .bss                zero     0x2001edee      0x2  apptask.o [1]
  .bss                zero     0x2001edf0      0x2  apptask.o [1]
  .bss                zero     0x2001edf2      0x2  apptask.o [1]
  .bss                zero     0x2001edf4      0x2  bsp_sdwe050c17.o [1]
  .bss                zero     0x2001edf6      0x2  ff.o [1]
  .bss                zero     0x2001edf8      0x2  usbh_core.o [1]
  .bss                zero     0x2001edfa      0x2  usbh_stdreq.o [1]
  .bss                zero     0x2001edfc      0x1  apptask.o [1]
  .bss                zero     0x2001edfd      0x1  apptask.o [1]
  .bss                zero     0x2001edfe      0x1  apptask.o [1]
  .bss                zero     0x2001edff      0x1  apptask.o [1]
  .bss                zero     0x2001ee00      0x1  apptask.o [1]
  .bss                zero     0x2001ee01      0x1  apptask.o [1]
  .bss                zero     0x2001ee02      0x1  apptask.o [1]
  .bss                zero     0x2001ee03      0x1  apptask.o [1]
  .bss                zero     0x2001ee04      0x1  apptask.o [1]
  .bss                zero     0x2001ee05      0x1  bsp_sdio_sd.o [1]
  .bss                zero     0x2001ee06      0x1  bsp_sdwe050c17.o [1]
  .bss                zero     0x2001ee07      0x1  bsp_uart_fifo.o [1]
  .bss                zero     0x2001ee08      0x1  port.o [1]
  .bss                zero     0x2001ee09      0x1  product_cal.o [1]
  .bss                zero     0x2001ee0a      0x1  product_cal.o [1]
  .bss                zero     0x2001ee0b      0x1  protocol.o [1]
  .bss                zero     0x2001ee0c      0x1  rc522.o [1]
  .bss                zero     0x2001ee0d      0x1  rc522.o [1]
  .bss                zero     0x2001ee0e      0x1  usbh_msc_bot.o [1]
  .bss                zero     0x2001ee0f      0x1  usbh_msc_core.o [1]
  .bss                zero     0x2001ee10      0x1  usbh_msc_core.o [1]
  .bss                zero     0x2001ee11      0x1  usbh_stdreq.o [1]
  .bss                zero     0x2001ee12      0x1  usbh_usr.o [1]
  CSTACK                       0x2001ee18    0x800  <Block>
    CSTACK            uninit   0x2001ee18    0x800  <Block tail>
                             - 0x2001f618  0x1f618

Absolute sections:                         0xff000
  .bss                zero     0x68000000  0xf0000  malloc.o [1]
  .bss                zero     0x680f0000   0xf000  malloc.o [1]
                             - 0x680ff000  0xff000


*******************************************************************************
*** INIT TABLE
***

          Address     Size
          -------     ----
Zero (__iar_zero_init3)
    2 destination ranges, total size 0x11dc5b:
          0x200001b8  0x1ec5b
          0x68000000  0xff000

Copy (__iar_copy_init3)
    1 source range, total size 0x1b8 (100% of destination):
          0x0804001c    0x1b8
    1 destination range, total size 0x1b7:
          0x20000000    0x1b7



*******************************************************************************
*** MODULE SUMMARY
***

    Module                    ro code  ro data  rw data    rw data
                                                            (abs)
    ------                    -------  -------  -------    -------
F:\work\YarnControl_Driver\src\stm32f4_rtos\Project\EWARMv7\Flash\Obj: [1]
    SysInfoTest.o                  60                 4
    apptask.o                  15 020    1 664      109
    bsp.o                          80
    bsp_closeSW.o                 212
    bsp_dwt.o                     116
    bsp_led.o                     192
    bsp_relay.o                    68
    bsp_sdio_sd.o               6 744               209
    bsp_sdwe050c17.o            3 252       56       55
    bsp_servomotor.o              568
    bsp_spi.o                     292
    bsp_stepmotor.o               540
    bsp_sw_onoff.o                104
    bsp_tim_pwm.o                 736
    bsp_timer.o                   516                16
    bsp_uart_fifo.o             2 660               341
    bsp_w25qxx.o                  896       10    4 098
    bsp_watchdog.o                  8
    cc936.o                       244  176 320
    demo_fatfs.o                           772       80
    diskio.o                      740
    event_groups.o                610
    ff.o                        8 804       36      562
    heap_4.o                      640        4   71 704
    list.o                        152
    main.o                         52       32
    malloc.o                      540       52   43 548  1 044 480
    mcheck.o                      184      768
    misc.o                        136
    modbus.o                      852                 8
    para.o                        700       24      140
    port.o                        588        8        9
    portasm.o                     168
    product_cal.o               1 176      400       94
    protocol.o                     68               401
    queue.o                     1 992
    rc522.o                       174                22
    startup_stm32f40_41xxx.o      688
    stm32f4xx_dma.o               796
    stm32f4xx_exti.o              192
    stm32f4xx_gpio.o              300
    stm32f4xx_it.o                 56       44
    stm32f4xx_iwdg.o               16
    stm32f4xx_rcc.o               488       16       16
    stm32f4xx_sdio.o              380
    stm32f4xx_spi.o               116
    stm32f4xx_syscfg.o             84
    stm32f4xx_tim.o             1 332
    stm32f4xx_usart.o             558
    system_stm32f4xx.o            340        4        4
    tasks.o                     3 072        8      364
    timers.o                    1 188        8       56
    usb_bsp.o                     332
    usb_core.o                  2 640
    usb_hcd.o                     214
    usb_hcd_int.o               3 198
    usbh_core.o                 1 888       16       18
    usbh_hcs.o                    442
    usbh_ioreq.o                  582
    usbh_it.o                      16
    usbh_msc_bot.o              1 364                81
    usbh_msc_core.o             1 000       16       94
    usbh_msc_scsi.o             1 560        1      529
    usbh_stdreq.o               1 078               515
    usbh_usr.o                    438      628    3 125
    --------------------------------------------------------------
    Total:                     74 242  180 887  126 202  1 044 480

command line: [2]
    --------------------------------------------------------------
    Total:

dl7M_tlf.a: [3]
    div.o                          14
    exit.o                          4
    localeconv.o                  108      136      136
    printf.o                       36
    putchar.o                      12
    sprintf.o                      52
    strcat.o                       28
    strstr.o                       44
    xfiles.o                                64      144
    xprintffull_nomb.o          3 478
    xprout.o                       22
    xsprout.o                      10
    --------------------------------------------------------------
    Total:                      3 808      200      280

m7M_tls.a: [4]
    DblAdd.o                      232
    DblCmpGe.o                     46
    DblCmpLe.o                     46
    DblDiv.o                      598
    DblMul.o                      418
    DblSub.o                      384
    DblToI32.o                     88
    FltToDbl.o                     78
    I32ToDbl.o                     48
    fpinit_M.o                     34
    xdnorm.o                       66
    xdscale.o                     276
    --------------------------------------------------------------
    Total:                      2 314

rt7M_tl.a: [5]
    ABImemcpy_unaligned.o         118
    ABImemset.o                   102
    I64DivMod.o                   238
    I64DivZer.o                     2
    cexit.o                        10
    cmain.o                        26
    copy_init3.o                   44
    cstartup_M.o                   12
    data_init.o                    40
    memchr.o                       88
    memcmp_unaligned.o             98
    strchr.o                       22
    strcmp_unaligned.o             66
    strcpy_unaligned.o             68
    strlen.o                       54
    zero_init3.o                   64
    --------------------------------------------------------------
    Total:                      1 052

shb_l.a: [6]
    exit.o                         20
    --------------------------------------------------------------
    Total:                         20

    Gaps                           42        2
    Linker created                          45    2 048
------------------------------------------------------------------
    Grand Total:               81 478  181 134  128 530  1 044 480


*******************************************************************************
*** ENTRY LIST
***

Entry                      Address     Size  Type      Object
-----                      -------     ----  ----      ------
.iar.init_table$$Base   0x0803f640            --   Gb  - Linker created -
.iar.init_table$$Limit  0x0803f66c            --   Gb  - Linker created -
?main                   0x0803f955           Code  Gb  cmain.o [5]
APBAHBPrescTable        0x2000017c     0x10  Data  Lc  stm32f4xx_rcc.o [1]
AppObjCreate            0x0802e089    0x134  Code  Gb  apptask.o [1]
AppTaskCreate           0x0802df35    0x148  Code  Gb  apptask.o [1]
BOTStallErrorCount      0x2001eddc      0x4  Data  Lc  usbh_msc_bot.o [1]
BusFault_Handler        0x0803f36b      0x2  Code  Gb  stm32f4xx_it.o [1]
CID_Tab                 0x2001ec64     0x10  Data  Lc  bsp_sdio_sd.o [1]
CRC16HiTable            0x0803ed08    0x100  Data  Gb  mcheck.o [1]
CRC16LoTable            0x0803ee08    0x100  Data  Gb  mcheck.o [1]
CRC8Table               0x0803ef08    0x100  Data  Gb  mcheck.o [1]
CSD_Tab                 0x2001ec54     0x10  Data  Lc  bsp_sdio_sd.o [1]
CSTACK$$Base            0x2001ee18            --   Gb  - Linker created -
CSTACK$$Limit           0x2001f618            --   Gb  - Linker created -
CardType                0x2001ed48      0x4  Data  Lc  bsp_sdio_sd.o [1]
CmdError                0x0803b455     0x38  Code  Lc  bsp_sdio_sd.o [1]
CmdResp1Error           0x0803b4f9    0x112  Code  Lc  bsp_sdio_sd.o [1]
CmdResp2Error           0x0803b649     0x52  Code  Lc  bsp_sdio_sd.o [1]
CmdResp3Error           0x0803b60b     0x3e  Code  Lc  bsp_sdio_sd.o [1]
CmdResp6Error           0x0803b69b     0xa6  Code  Lc  bsp_sdio_sd.o [1]
CmdResp7Error           0x0803b48d     0x58  Code  Lc  bsp_sdio_sd.o [1]
ConfigExitNVIC          0x0803f073     0x22  Code  Gb  bsp_closeSW.o [1]
ConfigUartNVIC          0x08036611     0x7c  Code  Lc  bsp_uart_fifo.o [1]
DMA1_Stream0_CH2Init    0x0803527f     0x2c  Code  Gb  bsp_servomotor.o [1]
DMA1_Stream0_CH2_Cmd    0x080352ab     0x1c  Code  Gb  bsp_servomotor.o [1]
DMA1_Stream0_IRQHandler
                        0x0803532f     0x3a  Code  Gb  bsp_servomotor.o [1]
DMA2_Stream3_IRQHandler
                        0x0803bd3d      0x8  Code  Gb  bsp_sdio_sd.o [1]
DMAEndOfTransfer        0x2001ed58      0x4  Data  Gb  bsp_sdio_sd.o [1]
DMA_ClearFlag           0x08039003     0x24  Code  Gb  stm32f4xx_dma.o [1]
DMA_Cmd                 0x08038fb9     0x1a  Code  Gb  stm32f4xx_dma.o [1]
DMA_DeInit              0x08038e21    0x140  Code  Gb  stm32f4xx_dma.o [1]
DMA_FlowControllerConfig
                        0x08038fd3     0x18  Code  Gb  stm32f4xx_dma.o [1]
DMA_GetCmdStatus        0x08038feb     0x18  Code  Gb  stm32f4xx_dma.o [1]
DMA_GetITStatus         0x08039069     0x62  Code  Gb  stm32f4xx_dma.o [1]
DMA_ITConfig            0x08039027     0x42  Code  Gb  stm32f4xx_dma.o [1]
DMA_Init                0x08038f61     0x58  Code  Gb  stm32f4xx_dma.o [1]
DMA_send_feedback       0x080351fb      0xa  Code  Gb  bsp_servomotor.o [1]
DebugMon_Handler        0x0803f36f      0x2  Code  Gb  stm32f4xx_it.o [1]
DiskFile_init           0x08034db1     0x40  Code  Gb  protocol.o [1]
Disk_File               0x2001e79c     0x70  Data  Gb  protocol.o [1]
EXTI9_5_IRQHandler      0x0803f095     0x3c  Code  Gb  bsp_closeSW.o [1]
EXTI_ClearITPendingBit  0x0803f1d3      0x6  Code  Gb  stm32f4xx_exti.o [1]
EXTI_GetITStatus        0x0803f1b9     0x1a  Code  Gb  stm32f4xx_exti.o [1]
EXTI_Init               0x0803f131     0x88  Code  Gb  stm32f4xx_exti.o [1]
FR_Table                0x20000088     0x50  Data  Gb  demo_fatfs.o [1]
FatFs                   0x2001ecbc      0xc  Data  Lc  ff.o [1]
File_info               0x2001e990     0x50  Data  Gb  protocol.o [1]
Files                   0x2001eb2c     0x24  Data  Lc  ff.o [1]
FindSCR                 0x0803b8e9    0x206  Code  Lc  bsp_sdio_sd.o [1]
Fsid                    0x2001edf6      0x2  Data  Lc  ff.o [1]
GPIO_Init               0x08035021     0xaa  Code  Gb  stm32f4xx_gpio.o [1]
GPIO_PinAFConfig        0x080350f3     0x5a  Code  Gb  stm32f4xx_gpio.o [1]
GPIO_ReadInputDataBit   0x080350cb     0x1a  Code  Gb  stm32f4xx_gpio.o [1]
GPIO_WriteBit           0x080350e5      0xe  Code  Gb  stm32f4xx_gpio.o [1]
GetDeviceState          0x08034d7d     0x2e  Code  Gb  bsp_sw_onoff.o [1]
HCD_GetCurrentFrame     0x08038061      0x8  Code  Gb  usb_hcd.o [1]
HCD_GetCurrentSpeed     0x08038043     0x10  Code  Gb  usb_hcd.o [1]
HCD_GetURB_State        0x08038069      0xa  Code  Gb  usb_hcd.o [1]
HCD_GetXferCnt          0x08038073      0xc  Code  Gb  usb_hcd.o [1]
HCD_Init                0x08037fd1     0x72  Code  Gb  usb_hcd.o [1]
HCD_ResetPort           0x08038053      0xe  Code  Gb  usb_hcd.o [1]
HCD_SubmitRequest       0x0803807f     0x28  Code  Gb  usb_hcd.o [1]
HardFault_Handler       0x0803f33b     0x22  Code  Gb  stm32f4xx_it.o [1]
IWDG_Feed               0x08035a8d      0x8  Code  Gb  bsp_watchdog.o [1]
IWDG_ReloadCounter      0x0803913d      0xa  Code  Gb  stm32f4xx_iwdg.o [1]
InitHardUart            0x08036251    0x3c0  Code  Lc  bsp_uart_fifo.o [1]
Init_JINGSHA_GUI        0x0802f933    0x122  Code  Gb  bsp_sdwe050c17.o [1]
LfnBuf                  0x2001df10    0x200  Data  Lc  ff.o [1]
LfnOfs                  0x0803fc68     0x10  Data  Lc  ff.o [1]
LoadInt                 0x080374f9     0x6e  Code  Lc  xprintffull_nomb.o [3]
MSCErrorCount           0x2001ee0f      0x1  Data  Gb  usbh_msc_core.o [1]
MSC_Machine             0x2001ea30     0x4c  Data  Gb  usbh_msc_core.o [1]
MSG_DEV_ATTACHED        0x0803fae4     0x18  Data  Gb  usbh_usr.o [1]
MSG_DEV_DISCONNECTED    0x0803fafc     0x18  Data  Gb  usbh_usr.o [1]
MSG_DEV_ENUMERATED      0x0803f900     0x1c  Data  Gb  usbh_usr.o [1]
MSG_DEV_ERROR           0x0803fbc4     0x14  Data  Gb  usbh_usr.o [1]
MSG_DEV_FULLSPEED       0x0803f78c     0x20  Data  Gb  usbh_usr.o [1]
MSG_DEV_HIGHSPEED       0x0803f76c     0x20  Data  Gb  usbh_usr.o [1]
MSG_DEV_LOWSPEED        0x0803f7ac     0x20  Data  Gb  usbh_usr.o [1]
MSG_HID_CLASS           0x0803f91c     0x1c  Data  Gb  usbh_usr.o [1]
MSG_MSC_CLASS           0x0803f5f8     0x24  Data  Gb  usbh_usr.o [1]
MSG_UNREC_ERROR         0x0803f938     0x1c  Data  Gb  usbh_usr.o [1]
MemManage_Handler       0x0803f369      0x2  Code  Gb  stm32f4xx_it.o [1]
NMI_Handler             0x0803f339      0x2  Code  Gb  stm32f4xx_it.o [1]
NVIC_Init               0x08038da3     0x6a  Code  Gb  misc.o [1]
NVIC_PriorityGroupConfig
                        0x08038d99      0xa  Code  Gb  misc.o [1]
OTG_FS_IRQHandler       0x0803fcc9     0x10  Code  Gb  usbh_it.o [1]
PendSV_Handler          0x0803914d           Code  Gb  portasm.o [1]
RCA                     0x2001ed4c      0x4  Data  Lc  bsp_sdio_sd.o [1]
RCC_AHB1PeriphClockCmd  0x080360fb     0x22  Code  Gb  stm32f4xx_rcc.o [1]
RCC_AHB2PeriphClockCmd  0x0803611d     0x1e  Code  Gb  stm32f4xx_rcc.o [1]
RCC_APB1PeriphClockCmd  0x0803613b     0x1e  Code  Gb  stm32f4xx_rcc.o [1]
RCC_APB1PeriphResetCmd  0x08036177     0x1e  Code  Gb  stm32f4xx_rcc.o [1]
RCC_APB2PeriphClockCmd  0x08036159     0x1e  Code  Gb  stm32f4xx_rcc.o [1]
RCC_APB2PeriphResetCmd  0x08036195     0x1e  Code  Gb  stm32f4xx_rcc.o [1]
RCC_GetClocksFreq       0x08035ff9    0x102  Code  Gb  stm32f4xx_rcc.o [1]
RS485_InitTXE           0x0803621d     0x34  Code  Gb  bsp_uart_fifo.o [1]
RS485_sendbuf           0x08036acd     0x3c  Code  Gb  bsp_uart_fifo.o [1]
Region$$Table$$Base     0x0803f640            --   Gb  - Linker created -
Region$$Table$$Limit    0x0803f66c            --   Gb  - Linker created -
SDCardInfo              0x2001e938     0x58  Data  Gb  bsp_sdio_sd.o [1]
SDEnWideBus             0x0803b74d    0x198  Code  Lc  bsp_sdio_sd.o [1]
SDIO_ClearFlag          0x0803c9c9      0x6  Code  Gb  stm32f4xx_sdio.o [1]
SDIO_ClearITPendingBit  0x0803c9e9      0x6  Code  Gb  stm32f4xx_sdio.o [1]
SDIO_ClockCmd           0x0803c8f7      0x8  Code  Gb  stm32f4xx_sdio.o [1]
SDIO_CmdInitStructure   0x2001eba0     0x14  Data  Gb  bsp_sdio_sd.o [1]
SDIO_DMACmd             0x0803c989      0x8  Code  Gb  stm32f4xx_sdio.o [1]
SDIO_DataConfig         0x0803c955     0x2e  Code  Gb  stm32f4xx_sdio.o [1]
SDIO_DataInitStructure  0x2001eb88     0x18  Data  Gb  bsp_sdio_sd.o [1]
SDIO_DeInit             0x0803c8b5     0x18  Code  Gb  stm32f4xx_sdio.o [1]
SDIO_GetCommandResponse
                        0x0803c937      0x8  Code  Gb  stm32f4xx_sdio.o [1]
SDIO_GetFlagStatus      0x0803c9af     0x1a  Code  Gb  stm32f4xx_sdio.o [1]
SDIO_GetITStatus        0x0803c9cf     0x1a  Code  Gb  stm32f4xx_sdio.o [1]
SDIO_GetPowerState      0x0803c905      0xa  Code  Gb  stm32f4xx_sdio.o [1]
SDIO_GetResponse        0x0803c93f     0x16  Code  Gb  stm32f4xx_sdio.o [1]
SDIO_IRQHandler         0x0803bd35      0x8  Code  Gb  bsp_sdio_sd.o [1]
SDIO_ITConfig           0x0803c991     0x1e  Code  Gb  stm32f4xx_sdio.o [1]
SDIO_Init               0x0803c8cd     0x2a  Code  Gb  stm32f4xx_sdio.o [1]
SDIO_InitStructure      0x2001eb70     0x18  Data  Gb  bsp_sdio_sd.o [1]
SDIO_Interrupts_Config  0x0803bcf9     0x3c  Code  Gb  bsp_sdio_sd.o [1]
SDIO_ReadData           0x0803c983      0x6  Code  Gb  stm32f4xx_sdio.o [1]
SDIO_SendCommand        0x0803c90f     0x28  Code  Gb  stm32f4xx_sdio.o [1]
SDIO_SetPowerState      0x0803c8ff      0x6  Code  Gb  stm32f4xx_sdio.o [1]
SDWE_WARNNING           0x0802fbc5     0x2a  Code  Gb  bsp_sdwe050c17.o [1]
SD_Detect               0x0803a3f1     0x22  Code  Gb  bsp_sdio_sd.o [1]
SD_EnableWideBusOperation
                        0x0803abed     0xc8  Code  Gb  bsp_sdio_sd.o [1]
SD_GetCardInfo          0x0803a801    0x3ec  Code  Gb  bsp_sdio_sd.o [1]
SD_GetState             0x0803a3c7     0x2a  Code  Gb  bsp_sdio_sd.o [1]
SD_GetStatus            0x0803a3a5     0x22  Code  Gb  bsp_sdio_sd.o [1]
SD_Init                 0x0803a2ed     0xb8  Code  Gb  bsp_sdio_sd.o [1]
SD_InitializeCards      0x0803a65f    0x1a2  Code  Gb  bsp_sdio_sd.o [1]
SD_LowLevel_DMA_RxConfig
                        0x0803bc43     0x8e  Code  Gb  bsp_sdio_sd.o [1]
SD_LowLevel_DMA_TxConfig
                        0x0803bbb5     0x8e  Code  Gb  bsp_sdio_sd.o [1]
SD_LowLevel_Init        0x0803baf1     0xbc  Code  Gb  bsp_sdio_sd.o [1]
SD_PowerON              0x0803a413    0x24c  Code  Gb  bsp_sdio_sd.o [1]
SD_ProcessDMAIRQ        0x0803b431     0x22  Code  Gb  bsp_sdio_sd.o [1]
SD_ProcessIRQSrc        0x0803b383     0xae  Code  Gb  bsp_sdio_sd.o [1]
SD_ReadBlock            0x0803aced    0x108  Code  Gb  bsp_sdio_sd.o [1]
SD_ReadMultiBlocks      0x0803adf5    0x134  Code  Gb  bsp_sdio_sd.o [1]
SD_SelectDeselect       0x0803acb5     0x38  Code  Gb  bsp_sdio_sd.o [1]
SD_SendStatus           0x0803b315     0x6e  Code  Gb  bsp_sdio_sd.o [1]
SD_StopTransfer         0x0803b2cd     0x44  Code  Gb  bsp_sdio_sd.o [1]
SD_WaitReadOperation    0x0803af2d     0x96  Code  Gb  bsp_sdio_sd.o [1]
SD_WriteBlock           0x0803afcd    0x11e  Code  Gb  bsp_sdio_sd.o [1]
SD_WriteMultiBlocks     0x0803b0f9    0x1cc  Code  Gb  bsp_sdio_sd.o [1]
SPI1_Init               0x08036e49     0xc0  Code  Gb  bsp_spi.o [1]
SPI1_ReadWriteByte      0x08036f31     0x32  Code  Gb  bsp_spi.o [1]
SPI1_SetSpeed           0x08036f09     0x28  Code  Gb  bsp_spi.o [1]
SPI_Cmd                 0x08039465     0x1c  Code  Gb  stm32f4xx_spi.o [1]
SPI_I2S_GetFlagStatus   0x08039481     0x18  Code  Gb  stm32f4xx_spi.o [1]
SPI_Init                0x08039425     0x40  Code  Gb  stm32f4xx_spi.o [1]
SVC_Handler             0x080391a5           Code  Gb  portasm.o [1]
SYSCFG_EXTILineConfig   0x0803f0dd     0x50  Code  Gb  stm32f4xx_syscfg.o [1]
Sdwe_ClearReadDisk      0x0802fc9b     0x1c  Code  Gb  bsp_sdwe050c17.o [1]
Sdwe_change_class_time  0x080300ff     0x30  Code  Gb  bsp_sdwe050c17.o [1]
Sdwe_clearString        0x0802fbef     0x54  Code  Gb  bsp_sdwe050c17.o [1]
Sdwe_clear_filename     0x0802fce7     0x2a  Code  Gb  bsp_sdwe050c17.o [1]
Sdwe_disDigi            0x0802fa9f     0xa4  Code  Gb  bsp_sdwe050c17.o [1]
Sdwe_disPicture         0x0802fa55     0x4a  Code  Gb  bsp_sdwe050c17.o [1]
Sdwe_disString          0x0802fb43     0x82  Code  Gb  bsp_sdwe050c17.o [1]
Sdwe_hidden_page        0x08030197     0x30  Code  Gb  bsp_sdwe050c17.o [1]
Sdwe_peiliao_page       0x08030009     0xf6  Code  Gb  bsp_sdwe050c17.o [1]
Sdwe_period_page        0x0803012f     0x68  Code  Gb  bsp_sdwe050c17.o [1]
Sdwe_product_page       0x0802fe91    0x174  Code  Gb  bsp_sdwe050c17.o [1]
Sdwe_readRTC            0x0802fcb7     0x30  Code  Gb  bsp_sdwe050c17.o [1]
Sdwe_refresh_allname    0x0802fe47     0x48  Code  Gb  bsp_sdwe050c17.o [1]
Sdwe_refresh_filename   0x0802fd11    0x136  Code  Gb  bsp_sdwe050c17.o [1]
Sdwe_stop_page          0x080301c7    0x366  Code  Gb  bsp_sdwe050c17.o [1]
Sdwe_writeIcon          0x0802fc43     0x58  Code  Gb  bsp_sdwe050c17.o [1]
SetSysClock             0x0803ec07     0xce  Code  Lc  system_stm32f4xx.o [1]
SlavePara               0x2001e5d8     0xa4  Data  Gb  protocol.o [1]
StopCondition           0x2001ed50      0x4  Data  Gb  bsp_sdio_sd.o [1]
SysTick_Handler         0x08035c1b     0x2c  Code  Gb  port.o [1]
SystemCoreClock         0x200001ac      0x4  Data  Gb  system_stm32f4xx.o [1]
SystemInit              0x0803ebb5     0x52  Code  Gb  system_stm32f4xx.o [1]
TIM1_PWM_SETPMOTOR      0x08034f6d     0x9e  Code  Gb  bsp_stepmotor.o [1]
TIM2_IRQHandler         0x08036d85     0xac  Code  Gb  bsp_timer.o [1]
TIM3_PWM_SETPMOTOR      0x08034f05     0x68  Code  Gb  bsp_stepmotor.o [1]
TIM4_CH1_PWM_Config     0x08035205     0x7a  Code  Gb  bsp_servomotor.o [1]
TIM4_PWMDMA_Config      0x080352c7     0x68  Code  Gb  bsp_servomotor.o [1]
TIM6_DAC_IRQHandler     0x0803f2d7     0x22  Code  Gb  SysInfoTest.o [1]
TIM_ARRPreloadConfig    0x080313c7     0x1c  Code  Gb  stm32f4xx_tim.o [1]
TIM_CallBack1           0x0802e1dd     0x34  Code  Gb  apptask.o [1]
TIM_ClearITPendingBit   0x080316f7      0x8  Code  Gb  stm32f4xx_tim.o [1]
TIM_Cmd                 0x080313e3     0x1c  Code  Gb  stm32f4xx_tim.o [1]
TIM_CtrlPWMOutputs      0x0803168d     0x22  Code  Gb  stm32f4xx_tim.o [1]
TIM_DMACmd              0x080316ff     0x16  Code  Gb  stm32f4xx_tim.o [1]
TIM_DeInit              0x080311e1    0x17c  Code  Gb  stm32f4xx_tim.o [1]
TIM_GetITStatus         0x080316c5     0x32  Code  Gb  stm32f4xx_tim.o [1]
TIM_ITConfig            0x080316af     0x16  Code  Gb  stm32f4xx_tim.o [1]
TIM_OC1Init             0x080313ff     0x7e  Code  Gb  stm32f4xx_tim.o [1]
TIM_OC2Init             0x0803147d     0x8c  Code  Gb  stm32f4xx_tim.o [1]
TIM_OC2PreloadConfig    0x08031653     0x14  Code  Gb  stm32f4xx_tim.o [1]
TIM_OC3Init             0x08031509     0x8a  Code  Gb  stm32f4xx_tim.o [1]
TIM_OC3PreloadConfig    0x08031667     0x12  Code  Gb  stm32f4xx_tim.o [1]
TIM_OC4Init             0x08031593     0x68  Code  Gb  stm32f4xx_tim.o [1]
TIM_OC4PreloadConfig    0x08031679     0x14  Code  Gb  stm32f4xx_tim.o [1]
TIM_OCStructInit        0x08031631     0x22  Code  Gb  stm32f4xx_tim.o [1]
TIM_TimeBaseInit        0x0803135d     0x6a  Code  Gb  stm32f4xx_tim.o [1]
Task_iwdg_refresh       0x0802e3b1     0x56  Code  Gb  apptask.o [1]
TransferEnd             0x2001ed54      0x4  Data  Gb  bsp_sdio_sd.o [1]
TransferError           0x2001ee05      0x1  Data  Gb  bsp_sdio_sd.o [1]
UART1ToPC               0x08036a6d     0x30  Code  Gb  bsp_uart_fifo.o [1]
UART2ToPC               0x08036a9d     0x30  Code  Gb  bsp_uart_fifo.o [1]
UART2_RX_BUF            0x2001e8d4     0x64  Data  Gb  bsp_uart_fifo.o [1]
UART3ToPC               0x08036b09     0x30  Code  Gb  bsp_uart_fifo.o [1]
UART4ToPC               0x08036b39     0x30  Code  Gb  bsp_uart_fifo.o [1]
UART4_IRQHandler        0x0803697b     0x84  Code  Gb  bsp_uart_fifo.o [1]
UART4_RX_BUF            0x2001e870     0x64  Data  Gb  bsp_uart_fifo.o [1]
UART5ToPC               0x08036b6b     0x30  Code  Gb  bsp_uart_fifo.o [1]
UART5_IRQHandler        0x080369ff     0x6e  Code  Gb  bsp_uart_fifo.o [1]
UART5_RX_BUF            0x2001e80c     0x64  Data  Gb  bsp_uart_fifo.o [1]
USART1_IRQHandler       0x080368eb     0x1e  Code  Gb  bsp_uart_fifo.o [1]
USART2_IRQHandler       0x08036909     0x68  Code  Gb  bsp_uart_fifo.o [1]
USART3_IRQHandler       0x08036971      0xa  Code  Gb  bsp_uart_fifo.o [1]
USART_ClearFlag         0x080393a7      0xc  Code  Gb  stm32f4xx_usart.o [1]
USART_Cmd               0x080392f1     0x1c  Code  Gb  stm32f4xx_usart.o [1]
USART_DMACmd            0x0803931d     0x16  Code  Gb  stm32f4xx_usart.o [1]
USART_GetFlagStatus     0x08039389     0x1e  Code  Gb  stm32f4xx_usart.o [1]
USART_GetITStatus       0x080393b3     0x70  Code  Gb  stm32f4xx_usart.o [1]
USART_ITConfig          0x08039333     0x56  Code  Gb  stm32f4xx_usart.o [1]
USART_Init              0x080391f5     0xee  Code  Gb  stm32f4xx_usart.o [1]
USART_ReceiveData       0x08039315      0x8  Code  Gb  stm32f4xx_usart.o [1]
USART_SendData          0x0803930d      0x8  Code  Gb  stm32f4xx_usart.o [1]
USBH_Alloc_Channel      0x080381c1     0x2e  Code  Gb  usbh_hcs.o [1]
USBH_BulkReceiveData    0x08038865     0x62  Code  Gb  usbh_ioreq.o [1]
USBH_BulkSendData       0x08038803     0x62  Code  Gb  usbh_ioreq.o [1]
USBH_CfgDesc            0x2001e310    0x200  Data  Gb  usbh_stdreq.o [1]
USBH_ClrFeature         0x0803840b     0x4c  Code  Gb  usbh_stdreq.o [1]
USBH_Connected          0x08031e71      0xc  Code  Gb  usbh_core.o [1]
USBH_CtlReceiveData     0x080387bd     0x46  Code  Gb  usbh_ioreq.o [1]
USBH_CtlReq             0x08038697     0x6e  Code  Gb  usbh_ioreq.o [1]
USBH_CtlSendData        0x08038749     0x74  Code  Gb  usbh_ioreq.o [1]
USBH_CtlSendSetup       0x08038705     0x44  Code  Gb  usbh_ioreq.o [1]
USBH_DataInBuffer       0x2001e110    0x200  Data  Gb  usbh_msc_scsi.o [1]
USBH_DeAllocate_AllChannel
                        0x08038213     0x20  Code  Gb  usbh_hcs.o [1]
USBH_DeInit             0x08031ed7     0x3e  Code  Gb  usbh_core.o [1]
USBH_Disconnected       0x08031e7d      0xc  Code  Gb  usbh_core.o [1]
USBH_ErrorHandle        0x080320e7     0x34  Code  Gb  usbh_core.o [1]
USBH_Free_Channel       0x080381ef     0x24  Code  Gb  usbh_hcs.o [1]
USBH_GetDescriptor      0x0803836b     0x4e  Code  Gb  usbh_stdreq.o [1]
USBH_GetFreeChannel     0x08038233     0x2e  Code  Lc  usbh_hcs.o [1]
USBH_GetNextDesc        0x0803867f     0x18  Code  Gb  usbh_stdreq.o [1]
USBH_Get_CfgDesc        0x080382a7     0x78  Code  Gb  usbh_stdreq.o [1]
USBH_Get_DevDesc        0x08038261     0x46  Code  Gb  usbh_stdreq.o [1]
USBH_Get_StringDesc     0x0803831f     0x4c  Code  Gb  usbh_stdreq.o [1]
USBH_HCD_INT_cb         0x2000019c      0xc  Data  Gb  usbh_core.o [1]
USBH_HCD_INT_fops       0x200001b0      0x4  Data  Gb  usbh_core.o [1]
USBH_HandleControl      0x0803232f    0x29a  Code  Gb  usbh_core.o [1]
USBH_HandleEnum         0x0803211b    0x214  Code  Lc  usbh_core.o [1]
USBH_Init               0x08031e8f     0x48  Code  Gb  usbh_core.o [1]
USBH_MSC_BOTReset       0x0803d9f5     0x28  Code  Lc  usbh_msc_core.o [1]
USBH_MSC_BOTXferParam   0x2001ec84     0x10  Data  Gb  usbh_msc_bot.o [1]
USBH_MSC_BOT_Abort      0x0803c7a5     0x5c  Code  Gb  usbh_msc_bot.o [1]
USBH_MSC_CBWData        0x2001eb50     0x20  Data  Gb  usbh_msc_bot.o [1]
USBH_MSC_CSWData        0x2001ec74     0x10  Data  Gb  usbh_msc_bot.o [1]
USBH_MSC_ClassRequest   0x0803d7e3     0x12  Code  Lc  usbh_msc_core.o [1]
USBH_MSC_DecodeCSW      0x0803c801     0x7a  Code  Gb  usbh_msc_bot.o [1]
USBH_MSC_ErrorHandle    0x0803da45     0x3e  Code  Gb  usbh_msc_core.o [1]
USBH_MSC_GETMaxLUN      0x0803da1d     0x28  Code  Lc  usbh_msc_core.o [1]
USBH_MSC_Handle         0x0803d7f5    0x200  Code  Lc  usbh_msc_core.o [1]
USBH_MSC_HandleBOTXfer  0x0803c3a1    0x404  Code  Gb  usbh_msc_bot.o [1]
USBH_MSC_Init           0x0803c35d     0x44  Code  Gb  usbh_msc_bot.o [1]
USBH_MSC_InterfaceDeInit
                        0x0803d797     0x4c  Code  Lc  usbh_msc_core.o [1]
USBH_MSC_InterfaceInit  0x0803d6b1     0xe6  Code  Lc  usbh_msc_core.o [1]
USBH_MSC_ModeSense6     0x0803bf57    0x10c  Code  Gb  usbh_msc_scsi.o [1]
USBH_MSC_Param          0x2001ec94     0x10  Data  Gb  usbh_msc_scsi.o [1]
USBH_MSC_Read10         0x0803c23d    0x106  Code  Gb  usbh_msc_scsi.o [1]
USBH_MSC_ReadCapacity10
                        0x0803be2d    0x12a  Code  Gb  usbh_msc_scsi.o [1]
USBH_MSC_RequestSense   0x0803c063     0xee  Code  Gb  usbh_msc_scsi.o [1]
USBH_MSC_TestUnitReady  0x0803bd45     0xe8  Code  Gb  usbh_msc_scsi.o [1]
USBH_MSC_Write10        0x0803c151     0xec  Code  Gb  usbh_msc_scsi.o [1]
USBH_MSC_cb             0x2000018c     0x10  Data  Gb  usbh_msc_core.o [1]
USBH_Modify_Channel     0x0803814d     0x74  Code  Gb  usbh_hcs.o [1]
USBH_OTG_ISR_Handler    0x0803ca31     0xb8  Code  Gb  usb_hcd_int.o [1]
USBH_Open_Channel       0x080380a7     0xa6  Code  Gb  usbh_hcs.o [1]
USBH_ParseCfgDesc       0x080384b3    0x13c  Code  Lc  usbh_stdreq.o [1]
USBH_ParseDevDesc       0x08038457     0x5c  Code  Lc  usbh_stdreq.o [1]
USBH_ParseEPDesc        0x08038623     0x20  Code  Lc  usbh_stdreq.o [1]
USBH_ParseInterfaceDesc
                        0x080385fd     0x26  Code  Lc  usbh_stdreq.o [1]
USBH_ParseStringDesc    0x08038643     0x3c  Code  Lc  usbh_stdreq.o [1]
USBH_Process            0x08031f15    0x1d2  Code  Gb  usbh_core.o [1]
USBH_SOF                0x08031e89      0x6  Code  Gb  usbh_core.o [1]
USBH_SetAddress         0x080383b9     0x2a  Code  Gb  usbh_stdreq.o [1]
USBH_SetCfg             0x080383e3     0x28  Code  Gb  usbh_stdreq.o [1]
USBH_SubmitSetupRequest
                        0x080388c7     0x16  Code  Lc  usbh_ioreq.o [1]
USBH_USR_Configuration_DescAvailable
                        0x08031d79     0x26  Code  Gb  usbh_usr.o [1]
USBH_USR_DeInit         0x08031e6d      0x2  Code  Gb  usbh_usr.o [1]
USBH_USR_DeviceAddressAssigned
                        0x08031d77      0x2  Code  Gb  usbh_usr.o [1]
USBH_USR_DeviceAttached
                        0x08031cf1      0xa  Code  Gb  usbh_usr.o [1]
USBH_USR_DeviceDisconnected
                        0x08031d05     0x1a  Code  Gb  usbh_usr.o [1]
USBH_USR_DeviceNotSupported
                        0x08031de3      0xa  Code  Gb  usbh_usr.o [1]
USBH_USR_DeviceSpeedDetected
                        0x08031d29     0x36  Code  Gb  usbh_usr.o [1]
USBH_USR_Device_DescAvailable
                        0x08031d5f     0x18  Code  Gb  usbh_usr.o [1]
USBH_USR_EnumerationDone
                        0x08031dc9     0x1a  Code  Gb  usbh_usr.o [1]
USBH_USR_Init           0x08031ccd     0x24  Code  Gb  usbh_usr.o [1]
USBH_USR_MSC_Application
                        0x08031e69      0x4  Code  Gb  usbh_usr.o [1]
USBH_USR_Manufacturer_String
                        0x08031d9f      0xe  Code  Gb  usbh_usr.o [1]
USBH_USR_OverCurrentDetected
                        0x08031df1      0xa  Code  Gb  usbh_usr.o [1]
USBH_USR_Product_String
                        0x08031dad      0xe  Code  Gb  usbh_usr.o [1]
USBH_USR_ResetDevice    0x08031d1f      0xa  Code  Gb  usbh_usr.o [1]
USBH_USR_SerialNum_String
                        0x08031dbb      0xe  Code  Gb  usbh_usr.o [1]
USBH_USR_UnrecoveredError
                        0x08031cfb      0xa  Code  Gb  usbh_usr.o [1]
USBH_USR_UserInput      0x08031ded      0x4  Code  Gb  usbh_usr.o [1]
USB_Host                0x2001e67c     0x94  Data  Gb  usbh_usr.o [1]
USB_OTG_BSP_DisableInterrupt
                        0x08037f35     0x22  Code  Gb  usb_bsp.o [1]
USB_OTG_BSP_EnableInterrupt
                        0x08037f57     0x54  Code  Gb  usb_bsp.o [1]
USB_OTG_BSP_Init        0x08037e85     0xb0  Code  Gb  usb_bsp.o [1]
USB_OTG_BSP_mDelay      0x08037fc5      0xc  Code  Gb  usb_bsp.o [1]
USB_OTG_BSP_uDelay      0x08037fb9      0xc  Code  Gb  usb_bsp.o [1]
USB_OTG_Core            0x2001d3b8    0x5ac  Data  Gb  usbh_usr.o [1]
USB_OTG_CoreInit        0x08039a75     0xce  Code  Gb  usb_core.o [1]
USB_OTG_CoreInitHost    0x08039c81     0xd0  Code  Gb  usb_core.o [1]
USB_OTG_CoreReset       0x080398bf     0x60  Code  Lc  usb_core.o [1]
USB_OTG_DisableGlobalInt
                        0x08039b61     0x1e  Code  Gb  usb_core.o [1]
USB_OTG_DriveVbus       0x08039d61     0x54  Code  Gb  usb_core.o [1]
USB_OTG_EnableCommonInt
                        0x0803989d     0x22  Code  Lc  usb_core.o [1]
USB_OTG_EnableGlobalInt
                        0x08039b43     0x1e  Code  Gb  usb_core.o [1]
USB_OTG_EnableHostInt   0x08039db5     0x4e  Code  Gb  usb_core.o [1]
USB_OTG_FlushRxFifo     0x08039bc7     0x40  Code  Gb  usb_core.o [1]
USB_OTG_FlushTxFifo     0x08039b7f     0x48  Code  Gb  usb_core.o [1]
USB_OTG_GetMode         0x08039c4d      0xa  Code  Gb  usb_core.o [1]
USB_OTG_HC_DoPing       0x0803a2a5     0x48  Code  Gb  usb_core.o [1]
USB_OTG_HC_Halt         0x0803a231     0x74  Code  Gb  usb_core.o [1]
USB_OTG_HC_Init         0x08039e61    0x1d0  Code  Gb  usb_core.o [1]
USB_OTG_HC_StartXfer    0x0803a031    0x200  Code  Gb  usb_core.o [1]
USB_OTG_InitFSLSPClkSel
                        0x08039e03     0x12  Code  Gb  usb_core.o [1]
USB_OTG_IsEvenFrame     0x08039d51     0x10  Code  Gb  usb_core.o [1]
USB_OTG_IsHostMode      0x08039c57     0x18  Code  Gb  usb_core.o [1]
USB_OTG_ReadCoreItr     0x08039c6f     0x12  Code  Gb  usb_core.o [1]
USB_OTG_ReadHPRT0       0x08039e15     0x1c  Code  Gb  usb_core.o [1]
USB_OTG_ReadPacket      0x08039967     0x2c  Code  Gb  usb_core.o [1]
USB_OTG_ResetPort       0x08039e31     0x30  Code  Gb  usb_core.o [1]
USB_OTG_SelectCore      0x08039993     0xe2  Code  Gb  usb_core.o [1]
USB_OTG_SetCurrentMode  0x08039c11     0x3c  Code  Gb  usb_core.o [1]
USB_OTG_USBH_handle_Disconnect_ISR
                        0x0803cb6d     0x1e  Code  Lc  usb_hcd_int.o [1]
USB_OTG_USBH_handle_IncompletePeriodicXfer_ISR
                        0x0803d687     0x28  Code  Lc  usb_hcd_int.o [1]
USB_OTG_USBH_handle_hc_ISR
                        0x0803cae9     0x66  Code  Lc  usb_hcd_int.o [1]
USB_OTG_USBH_handle_hc_n_In_ISR
                        0x0803d1f9    0x378  Code  Lc  usb_hcd_int.o [1]
USB_OTG_USBH_handle_hc_n_Out_ISR
                        0x0803cec1    0x338  Code  Lc  usb_hcd_int.o [1]
USB_OTG_USBH_handle_nptxfempty_ISR
                        0x0803cb8b    0x118  Code  Lc  usb_hcd_int.o [1]
USB_OTG_USBH_handle_port_ISR
                        0x0803cdbd     0xfe  Code  Lc  usb_hcd_int.o [1]
USB_OTG_USBH_handle_ptxfempty_ISR
                        0x0803cca3    0x11a  Code  Lc  usb_hcd_int.o [1]
USB_OTG_USBH_handle_rx_qlvl_ISR
                        0x0803d571    0x116  Code  Lc  usb_hcd_int.o [1]
USB_OTG_USBH_handle_sof_ISR
                        0x0803cb4f     0x1e  Code  Lc  usb_hcd_int.o [1]
USB_OTG_WritePacket     0x0803991f     0x48  Code  Gb  usb_core.o [1]
USB_OTG_dev             0x2001d964    0x5ac  Data  Gb  usbh_usr.o [1]
USRH_cb                 0x200000d8     0x48  Data  Gb  usbh_usr.o [1]
UartDMAConfig           0x0803668d    0x166  Code  Gb  bsp_uart_fifo.o [1]
UartIRQ                 0x080367f3     0xf8  Code  Lc  bsp_uart_fifo.o [1]
UsageFault_Handler      0x0803f36d      0x2  Code  Gb  stm32f4xx_it.o [1]
UserTimerCallback       0x0802e211    0x192  Code  Gb  apptask.o [1]
W25QXX_BUFFER           0x2001b9b8   0x1000  Data  Gb  bsp_w25qxx.o [1]
W25QXX_Erase_Sector     0x08030dc1     0x52  Code  Gb  bsp_w25qxx.o [1]
W25QXX_Init             0x08030ab1     0x54  Code  Gb  bsp_w25qxx.o [1]
W25QXX_Read             0x08030b9f     0x62  Code  Gb  bsp_w25qxx.o [1]
W25QXX_ReadID           0x08030b53     0x4c  Code  Gb  bsp_w25qxx.o [1]
W25QXX_ReadSR           0x08030b05     0x30  Code  Gb  bsp_w25qxx.o [1]
W25QXX_TYPE             0x200001b4      0x2  Data  Gb  bsp_w25qxx.o [1]
W25QXX_Wait_Busy        0x08030e13      0xc  Code  Gb  bsp_w25qxx.o [1]
W25QXX_Write            0x08030cb5    0x10c  Code  Gb  bsp_w25qxx.o [1]
W25QXX_Write_Enable     0x08030b35     0x1e  Code  Gb  bsp_w25qxx.o [1]
W25QXX_Write_NoCheck    0x08030c5d     0x58  Code  Gb  bsp_w25qxx.o [1]
W25QXX_Write_Page       0x08030c01     0x5c  Code  Gb  bsp_w25qxx.o [1]
_GenldFullNoMb          0x08037a6f    0x24c  Code  Lc  xprintffull_nomb.o [3]
_LdtobFullNoMb          0x0803766d    0x3fc  Code  Lc  xprintffull_nomb.o [3]
_LitobFullNoMb          0x08037567    0x106  Code  Lc  xprintffull_nomb.o [3]
_Locale_aeabi_lconv     0x20000050     0x38  Data  Gb  localeconv.o [3]
_Locale_lconv           0x20000000     0x50  Data  Gb  localeconv.o [3]
_PrintfFullNoMb         0x08036f6d    0x586  Code  Gb  xprintffull_nomb.o [3]
_Prout                  0x0803fb15     0x16  Code  Gb  xprout.o [3]
_PutcharsFullNoMb       0x08037cbb     0x2e  Code  Lc  xprintffull_nomb.o [3]
_SProut                 0x08030aa7      0xa  Code  Gb  xsprout.o [3]
__aeabi_cdcmple         0x08039639           Code  Gb  DblCmpLe.o [4]
__aeabi_cdrcmple        0x08039669           Code  Gb  DblCmpGe.o [4]
__aeabi_d2iz            0x08031c29           Code  Gb  DblToI32.o [4]
__aeabi_d2uiz           0x08031c55           Code  Gb  DblToI32.o [4]
__aeabi_dadd            0x0803199d           Code  Gb  DblAdd.o [4]
__aeabi_ddiv            0x08031745           Code  Gb  DblDiv.o [4]
__aeabi_dmul            0x08031a85           Code  Gb  DblMul.o [4]
__aeabi_dsub            0x08037d05           Code  Gb  DblSub.o [4]
__aeabi_f2d             0x08030ea9           Code  Gb  FltToDbl.o [4]
__aeabi_i2d             0x08031715           Code  Gb  I32ToDbl.o [4]
__aeabi_ldiv0           0x0803c8b1           Code  Gb  I64DivZer.o [5]
__aeabi_memset          0x08030a41           Code  Gb  ABImemset.o [5]
__aeabi_ui2d            0x08031729           Code  Gb  I32ToDbl.o [4]
__aeabi_uldivmod        0x08039509           Code  Gb  I64DivMod.o [5]
__cmain                 0x0803f955           Code  Gb  cmain.o [5]
__exit                  0x0803f981     0x14  Code  Gb  exit.o [6]
__iar_Dnorm             0x080395f7     0x42  Code  Gb  xdnorm.o [4]
__iar_Dscale            0x08039699    0x114  Code  Gb  xdscale.o [4]
__iar_Locale_lconv_init
                        0x080397ad     0x3a  Code  Gb  localeconv.o [3]
[...]
create_chain            0x08032cf5     0xea  Code  Lc  ff.o [1]
create_name             0x080337e9    0x31a  Code  Lc  ff.o [1]
debug_cmd               0x2001ee07      0x1  Data  Gb  bsp_uart_fifo.o [1]
dec_lock                0x080327df     0x5c  Code  Lc  ff.o [1]
device_info             0x2001e710     0x8c  Data  Gb  para.o [1]
dir_alloc               0x08032fbb     0x66  Code  Lc  ff.o [1]
dir_find                0x0803333d    0x116  Code  Lc  ff.o [1]
dir_next                0x08032e91    0x12a  Code  Lc  ff.o [1]
dir_read                0x08033453    0x10c  Code  Lc  ff.o [1]
dir_register            0x0803355f    0x14e  Code  Lc  ff.o [1]
dir_sdi                 0x08032ddf     0xb2  Code  Lc  ff.o [1]
disk_initialize         0x080388dd     0x40  Code  Gb  diskio.o [1]
disk_ioctl              0x08038b01     0xa6  Code  Gb  diskio.o [1]
disk_read               0x08038949     0xdc  Code  Gb  diskio.o [1]
disk_status             0x0803891d     0x2c  Code  Gb  diskio.o [1]
disk_write              0x08038a25     0xdc  Code  Gb  diskio.o [1]
div                     0x08039819      0xe  Code  Gb  div.o [3]
download_num            0x2001edfc      0x1  Data  Gb  apptask.o [1]
enq_lock                0x080326cf     0x28  Code  Lc  ff.o [1]
exit                    0x0803f96f      0x4  Code  Gb  exit.o [3]
f_close                 0x080346c5     0x38  Code  Gb  ff.o [1]
f_mount                 0x080340f9     0x66  Code  Gb  ff.o [1]
f_open                  0x0803415f    0x20e  Code  Gb  ff.o [1]
f_opendir               0x080346fd     0xb2  Code  Gb  ff.o [1]
f_readdir               0x080347af     0x74  Code  Gb  ff.o [1]
f_sync                  0x0803460f     0xb6  Code  Gb  ff.o [1]
f_write                 0x0803437d    0x292  Code  Gb  ff.o [1]
ff_convert              0x08038bc1     0x80  Code  Gb  cc936.o [1]
ff_wtoupper             0x08038c41     0x64  Code  Gb  cc936.o [1]
file_select             0x2001ecd4      0xc  Data  Gb  protocol.o [1]
final_per_meter         0x0803069d     0x1a  Code  Gb  product_cal.o [1]
find_volume             0x08033c69    0x45a  Code  Lc  ff.o [1]
fit_lfn                 0x080331a3     0x88  Code  Lc  ff.o [1]
follow_path             0x08033b03     0x90  Code  Lc  ff.o [1]
fputc                   0x08036ba1     0x22  Code  Gb  bsp_uart_fifo.o [1]
g_tUart3                0x2001eadc     0x28  Data  Gb  bsp_uart_fifo.o [1]
gen_numname             0x08033231     0xec  Code  Lc  ff.o [1]
get_card_type           0x08030825     0xe4  Code  Gb  product_cal.o [1]
get_class_time          0x0803072d     0x7a  Code  Gb  product_cal.o [1]
get_fat                 0x080329f7    0x11c  Code  Gb  ff.o [1]
get_fattime             0x08038ba7      0x4  Code  Gb  diskio.o [1]
get_fileinfo            0x080336ad    0x13c  Code  Lc  ff.o [1]
get_float_1bit          0x0803070b     0x22  Code  Gb  product_cal.o [1]
get_ldnumber            0x08033b93     0x50  Code  Lc  ff.o [1]
get_period_state        0x080307a7     0x54  Code  Gb  product_cal.o [1]
get_valid_length        0x0803055d     0x26  Code  Gb  bsp_sdwe050c17.o [1]
hex_to_decimal          0x08030583     0x26  Code  Gb  bsp_sdwe050c17.o [1]
idwgEventGroup          0x2001ed3c      0x4  Data  Gb  apptask.o [1]
inc_card_type           0x08030911    0x11c  Code  Gb  product_cal.o [1]
inc_lock                0x080326f7     0xe8  Code  Lc  ff.o [1]
init_peiliao_para       0x080305d3     0x52  Code  Gb  product_cal.o [1]
init_product_para       0x080305a9     0x2a  Code  Gb  product_cal.o [1]
input_password_buf      0x2001ecc8      0xc  Data  Gb  protocol.o [1]
input_password_len      0x2001ee0b      0x1  Data  Gb  protocol.o [1]
isDevicePeriod          0x2001ee03      0x1  Data  Gb  apptask.o [1]
isWork                  0x2001edfd      0x1  Data  Gb  apptask.o [1]
is_same_data            0x080307fb     0x2a  Code  Gb  product_cal.o [1]
lcd_busy                0x2001ee06      0x1  Data  Gb  bsp_sdwe050c17.o [1]
lcd_rev_buf             0x2001ea7c     0x34  Data  Gb  bsp_sdwe050c17.o [1]
lcd_rev_len             0x2001edf4      0x2  Data  Gb  bsp_sdwe050c17.o [1]
ld_clust                0x08033021     0x28  Code  Lc  ff.o [1]
localeconv              0x080397e7     0x16  Code  Gb  localeconv.o [3]
m_ctrl_dev              0x2001ecf4      0x8  Data  Gb  modbus.o [1]
main                    0x0803f371     0x34  Code  Gb  main.o [1]
mallco_dev              0x20000160     0x1c  Data  Gb  malloc.o [1]
mb_init                 0x08034c29     0x30  Code  Gb  modbus.o [1]
mb_packsend_frame       0x08034b37     0xf2  Code  Gb  modbus.o [1]
mb_unpack_frame         0x080349f5    0x142  Code  Gb  modbus.o [1]
mc_check_crc16          0x08038d21     0x40  Code  Gb  mcheck.o [1]
mc_check_crc8           0x08038cfd     0x24  Code  Gb  mcheck.o [1]
mc_check_sum            0x08038cb5     0x2e  Code  Gb  mcheck.o [1]
mc_check_xor            0x08038ce3     0x1a  Code  Gb  mcheck.o [1]
mem1base                0x200119b8   0xa000  Data  Gb  malloc.o [1]
mem1mapbase             0x2001c9b8    0xa00  Data  Gb  malloc.o [1]
mem2base                0x68000000  0xf0000  Data  Gb  malloc.o [1]
mem2mapbase             0x680f0000   0xf000  Data  Gb  malloc.o [1]
mem_cmp                 0x08032603     0x24  Code  Lc  ff.o [1]
mem_cpy                 0x080325d1     0x1c  Code  Lc  ff.o [1]
mem_set                 0x080325ed     0x16  Code  Lc  ff.o [1]
memblksize              0x0803fec4      0x8  Data  Gb  malloc.o [1]
memchr                  0x080394b1           Code  Gb  memchr.o [5]
memsize                 0x0803fecc      0x8  Data  Gb  malloc.o [1]
memtblsize              0x0803febc      0x8  Data  Gb  malloc.o [1]
modbus_send_frame       0x08034c59     0xe6  Code  Gb  modbus.o [1]
move_window             0x080328c5     0x40  Code  Lc  ff.o [1]
my_mem_free             0x08031117     0x6c  Code  Gb  malloc.o [1]
my_mem_init             0x08030fdb     0x42  Code  Gb  malloc.o [1]
my_mem_malloc           0x0803105b     0xbc  Code  Gb  malloc.o [1]
my_mem_perused          0x0803101d     0x3e  Code  Gb  malloc.o [1]
myfree                  0x08031183     0x24  Code  Gb  malloc.o [1]
mymalloc                0x080311a7     0x2a  Code  Gb  malloc.o [1]
mymemset                0x08030fc5     0x16  Code  Gb  malloc.o [1]
obuf                    0x2001e9e0     0x50  Data  Lc  xfiles.o [3]
oem2uni                 0x0801560c  0x15484  Data  Lc  cc936.o [1]
old_card_record         0x2001ee01      0x1  Data  Gb  apptask.o [1]
old_isWork              0x2001edfe      0x1  Data  Gb  apptask.o [1]
old_plan_complete       0x2001ee0a      0x1  Data  Gb  product_cal.o [1]
para_init               0x0803e73b     0x80  Code  Gb  para.o [1]
pcInterruptPriorityRegisters
                        0x0803ff00      0x4  Data  Lc  port.o [1]
peiliao_para            0x2001eab0     0x2c  Data  Gb  product_cal.o [1]
pick_lfn                0x08033117     0x8c  Code  Lc  ff.o [1]
plan_complete           0x2001ee09      0x1  Data  Gb  product_cal.o [1]
pluse_count             0x2001edee      0x2  Data  Gb  apptask.o [1]
printf                  0x08030ef9     0x24  Code  Gb  printf.o [3]
product_complete_kilo   0x080306c9     0x42  Code  Gb  product_cal.o [1]
product_complete_meter  0x080306b7     0x12  Code  Gb  product_cal.o [1]
product_para            0x2001eb04     0x28  Data  Gb  product_cal.o [1]
product_per_meter       0x08030625     0x78  Code  Gb  product_cal.o [1]
prvAddCurrentTaskToDelayedList
                        0x0802efa5     0x48  Code  Lc  tasks.o [1]
prvAllocateTCBAndStack  0x0802efed     0x5a  Code  Lc  tasks.o [1]
prvCheckForValidListAndQueue
                        0x08035a1b     0x52  Code  Lc  timers.o [1]
prvCheckTasksWaitingTermination
                        0x0802ef3b     0x66  Code  Lc  tasks.o [1]
prvCopyDataFromQueue    0x0802f7d5     0x30  Code  Lc  queue.o [1]
prvCopyDataToQueue      0x0802f751     0x84  Code  Lc  queue.o [1]
prvDeleteTCB            0x0802f047     0x12  Code  Lc  tasks.o [1]
prvGetNextExpireTime    0x08035807     0x2e  Code  Lc  timers.o [1]
prvHeapInit             0x08035f09     0x6e  Code  Lc  heap_4.o [1]
prvIdleTask             0x0802ee55     0x26  Code  Lc  tasks.o [1]
prvInitialiseTCBVariables
                        0x0802ee7b     0x6a  Code  Lc  tasks.o [1]
prvInitialiseTaskLists  0x0802eee5     0x56  Code  Lc  tasks.o [1]
prvInsertBlockIntoFreeList
                        0x08035f77     0x62  Code  Lc  heap_4.o [1]
prvInsertTimerInActiveList
                        0x0803585d     0x50  Code  Lc  timers.o [1]
prvIsQueueEmpty         0x0802f86f     0x20  Code  Lc  queue.o [1]
prvIsQueueFull          0x0802f88f     0x22  Code  Lc  queue.o [1]
prvProcessExpiredTimer  0x0803571f     0x5c  Code  Lc  timers.o [1]
prvProcessReceivedCommands
                        0x080358ad     0xde  Code  Lc  timers.o [1]
prvProcessTimerOrBlockTask
                        0x08035797     0x70  Code  Lc  timers.o [1]
prvResetNextTaskUnblockTime
                        0x0802f059     0x26  Code  Lc  tasks.o [1]
prvSampleTimeNow        0x08035835     0x28  Code  Lc  timers.o [1]
prvSwitchTimerLists     0x0803598b     0x90  Code  Lc  timers.o [1]
prvTaskExitError        0x08035ab9     0x2a  Code  Lc  port.o [1]
prvTestWaitCondition    0x080355c3     0x24  Code  Lc  event_groups.o [1]
prvTimerTask            0x0803577d     0x1a  Code  Lc  timers.o [1]
prvUnlockQueue          0x0802f805     0x6a  Code  Lc  queue.o [1]
put_fat                 0x08032b13    0x16c  Code  Gb  ff.o [1]
putchar                 0x0803fb2d      0xc  Code  Gb  putchar.o [3]
pvPortMalloc            0x08035d79    0x118  Code  Gb  heap_4.o [1]
pwm_flag                0x2001ee04      0x1  Data  Gb  apptask.o [1]
pxCurrentTCB            0x2001ed8c      0x4  Data  Gb  tasks.o [1]
pxCurrentTimerList      0x2001edcc      0x4  Data  Lc  timers.o [1]
pxDelayedTaskList       0x2001ed90      0x4  Data  Lc  tasks.o [1]
pxEnd                   0x2001ed6c      0x4  Data  Lc  heap_4.o [1]
pxOverflowDelayedTaskList
                        0x2001ed94      0x4  Data  Lc  tasks.o [1]
pxOverflowTimerList     0x2001edd0      0x4  Data  Lc  timers.o [1]
pxPortInitialiseStack   0x08035a95     0x24  Code  Gb  port.o [1]
pxReadyTasksLists       0x2001e510     0xc8  Data  Lc  tasks.o [1]
rc522_cmd_anticoll      0x08034999     0x5a  Code  Gb  rc522.o [1]
rc522_cmd_request       0x08034945     0x54  Code  Gb  rc522.o [1]
readSlave               0x2001ecb0      0xc  Data  Gb  apptask.o [1]
read_device_info        0x0803e531    0x20a  Code  Gb  para.o [1]
read_file_select        0x2001ece0      0xc  Data  Gb  protocol.o [1]
remove_chain            0x08032c7f     0x76  Code  Lc  ff.o [1]
rfid_rev_buf            0x2001ebb4     0x14  Data  Gb  rc522.o [1]
rfid_rev_cnt            0x2001ee0d      0x1  Data  Gb  rc522.o [1]
rfid_rev_flag           0x2001ee0c      0x1  Data  Gb  rc522.o [1]
rtc_time                0x2001ecfc      0x8  Data  Gb  protocol.o [1]
s_TIM_CallBack1         0x2001ed5c      0x4  Data  Lc  bsp_timer.o [1]
s_TIM_CallBack2         0x2001ed60      0x4  Data  Lc  bsp_timer.o [1]
s_TIM_CallBack3         0x2001ed64      0x4  Data  Lc  bsp_timer.o [1]
s_TIM_CallBack4         0x2001ed68      0x4  Data  Lc  bsp_timer.o [1]
sample_time             0x2001edec      0x2  Data  Gb  apptask.o [1]
slave_info              0x2001eca4      0xc  Data  Gb  apptask.o [1]
sprintf                 0x08034835     0x34  Code  Gb  sprintf.o [3]
st_clust                0x08033049     0x18  Code  Lc  ff.o [1]
strcat                  0x08034869     0x1c  Code  Gb  strcat.o [3]
strchr                  0x08039499           Code  Gb  strchr.o [5]
strlen                  0x08031c81           Code  Gb  strlen.o [5]
strstr                  0x08034df5     0x10  Code  Gb  apptask.o [1]
sum_sfn                 0x0803331d     0x20  Code  Lc  ff.o [1]
sync_fs                 0x08032905     0xd8  Code  Lc  ff.o [1]
sync_window             0x0803286b     0x5a  Code  Lc  ff.o [1]
system_state_dis        0x0803ea24    0x190  Data  Gb  product_cal.o [1]
total_meter_gross       0x2001ed80      0x4  Data  Gb  product_cal.o [1]
total_weight_gross      0x2001ed84      0x4  Data  Gb  product_cal.o [1]
ucHeap                  0x200001b8  0x11800  Data  Lc  heap_4.o [1]
ucMaxSysCallPriority    0x2001ee08      0x1  Data  Lc  port.o [1]
ulHighFrequencyTimerTicks
                        0x2001ed88      0x4  Data  Gb  SysInfoTest.o [1]
ulMaxPRIGROUPValue      0x2001ed7c      0x4  Data  Lc  port.o [1]
ulTaskSwitchedInTime    0x2001edc4      0x4  Data  Lc  tasks.o [1]
ulTotalRunTime          0x2001edc8      0x4  Data  Lc  tasks.o [1]
uni2oem                 0x08000188  0x15484  Data  Lc  cc936.o [1]
usb_disk_flag           0x2001edff      0x1  Data  Gb  apptask.o [1]
usbh_OpenMassStorage    0x08031cb9     0x14  Code  Gb  usbh_usr.o [1]
uxCriticalNesting       0x200001a8      0x4  Data  Lc  port.o [1]
uxCurrentNumberOfTasks  0x2001ed9c      0x4  Data  Lc  tasks.o [1]
uxListRemove            0x08035d51     0x28  Code  Gb  list.o [1]
uxPendedTicks           0x2001edac      0x4  Data  Lc  tasks.o [1]
uxSchedulerSuspended    0x2001edc0      0x4  Data  Lc  tasks.o [1]
uxTaskNumber            0x2001edb8      0x4  Data  Lc  tasks.o [1]
uxTaskResetEventItemValue
                        0x0802f0b9     0x20  Code  Gb  tasks.o [1]
uxTasksDeleted          0x2001ed98      0x4  Data  Lc  tasks.o [1]
uxTopReadyPriority      0x2001eda4      0x4  Data  Lc  tasks.o [1]
vListInitialise         0x08035ce1     0x1e  Code  Gb  list.o [1]
vListInsert             0x08035d17     0x3a  Code  Gb  list.o [1]
vListInsertEnd          0x08035cff     0x18  Code  Gb  list.o [1]
vPortEnableVFP          0x080391d9           Code  Gb  portasm.o [1]
vPortEnterCritical      0x08035baf     0x3a  Code  Gb  port.o [1]
vPortExitCritical       0x08035be9     0x32  Code  Gb  port.o [1]
vPortFree               0x08035e91     0x78  Code  Gb  heap_4.o [1]
vPortSetupTimerInterrupt
                        0x08035c47      0xe  Code  Wk  port.o [1]
vPortStartFirstTask     0x080391c1           Code  Gb  portasm.o [1]
vPortValidateInterruptPriority
                        0x08035c55     0x4e  Code  Gb  port.o [1]
vQueueWaitForMessageRestricted
                        0x0802f8b1     0x44  Code  Gb  queue.o [1]
vSetupSysInfoTest       0x0803f2c5     0x12  Code  Gb  SysInfoTest.o [1]
vTaskDelay              0x0802e6b1     0x84  Code  Gb  tasks.o [1]
vTaskManageCapacity     0x0802d9e1    0x4c0  Code  Gb  apptask.o [1]
vTaskMassStorage        0x0802cc69    0x23e  Code  Lc  apptask.o [1]
vTaskMissedYield        0x0802ee4b      0xa  Code  Gb  tasks.o [1]
vTaskMotorControl       0x0802dea9     0x82  Code  Lc  apptask.o [1]
vTaskMsgPro             0x0802d2c1    0x426  Code  Lc  apptask.o [1]
vTaskPlaceOnEventList   0x0802eab1     0x74  Code  Gb  tasks.o [1]
vTaskPlaceOnEventListRestricted
                        0x0802ebe9     0x80  Code  Gb  tasks.o [1]
vTaskPlaceOnUnorderedEventList
                        0x0802eb41     0xa8  Code  Gb  tasks.o [1]
vTaskReadDisk           0x0802d7b9    0x1b4  Code  Lc  apptask.o [1]
vTaskRev485             0x0802d6ed     0xae  Code  Lc  apptask.o [1]
vTaskSetTimeOutState    0x0802ed95     0x26  Code  Gb  tasks.o [1]
vTaskStartScheduler     0x0802e735     0x7e  Code  Gb  tasks.o [1]
vTaskSuspendAll         0x0802e7b3     0x10  Code  Gb  tasks.o [1]
vTaskSwitchContext      0x0802ea01     0xb0  Code  Gb  tasks.o [1]
vTaskTaskLCD            0x0802aa91   0x21b0  Code  Gb  apptask.o [1]
vTaskTaskLED            0x0802cec9     0x20  Code  Lc  apptask.o [1]
vTaskTaskRFID           0x0802cee9    0x3a6  Code  Lc  apptask.o [1]
validate                0x080340c3     0x36  Code  Lc  ff.o [1]
xActiveTimerList1       0x2001ec2c     0x14  Data  Lc  timers.o [1]
xActiveTimerList2       0x2001ec40     0x14  Data  Lc  timers.o [1]
xBlockAllocatedBit      0x2001ed78      0x4  Data  Lc  heap_4.o [1]
xDelayedTaskList1       0x2001ebc8     0x14  Data  Lc  tasks.o [1]
xDelayedTaskList2       0x2001ebdc     0x14  Data  Lc  tasks.o [1]
xEventGroupCreate       0x08035385     0x1c  Code  Gb  event_groups.o [1]
xEventGroupSetBits      0x080354ed     0xd6  Code  Gb  event_groups.o [1]
xEventGroupWaitBits     0x080353a1    0x146  Code  Gb  event_groups.o [1]
xFreeBytesRemaining     0x2001ed70      0x4  Data  Lc  heap_4.o [1]
xHandleTaskLCD          0x2001ed04      0x4  Data  Gb  apptask.o [1]
xHandleTaskLED          0x2001ed08      0x4  Data  Gb  apptask.o [1]
xHandleTaskManageCapacity
                        0x2001ed20      0x4  Data  Gb  apptask.o [1]
xHandleTaskMassStorage  0x2001ed10      0x4  Data  Gb  apptask.o [1]
xHandleTaskMotorControl
                        0x2001ed24      0x4  Data  Gb  apptask.o [1]
xHandleTaskMsgPro       0x2001ed18      0x4  Data  Gb  apptask.o [1]
xHandleTaskRFID         0x2001ed0c      0x4  Data  Gb  apptask.o [1]
xHandleTaskReadDisk     0x2001ed14      0x4  Data  Gb  apptask.o [1]
xHandleTaskRev485       0x2001ed1c      0x4  Data  Gb  apptask.o [1]
xHeapStructSize         0x0803fefc      0x4  Data  Lc  heap_4.o [1]
xMinimumEverFreeBytesRemaining
                        0x2001ed74      0x4  Data  Lc  heap_4.o [1]
xNextTaskUnblockTime    0x2001edbc      0x4  Data  Lc  tasks.o [1]
xNumOfOverflows         0x2001edb4      0x4  Data  Lc  tasks.o [1]
xPendingReadyList       0x2001ebf0     0x14  Data  Lc  tasks.o [1]
xPortStartScheduler     0x08035ae3     0xcc  Code  Gb  port.o [1]
xQueueGenericCreate     0x0802f1bd     0x7e  Code  Gb  queue.o [1]
xQueueGenericReceive    0x0802f5b1    0x19c  Code  Gb  queue.o [1]
xQueueGenericReset      0x0802f12d     0x90  Code  Gb  queue.o [1]
xQueueGenericSend       0x0802f23b    0x1b2  Code  Gb  queue.o [1]
xQueueGenericSendFromISR
                        0x0802f3ed     0xec  Code  Gb  queue.o [1]
xQueueGiveFromISR       0x0802f4d9     0xd8  Code  Gb  queue.o [1]
xQueue_message          0x2001ed44      0x4  Data  Gb  apptask.o [1]
xSchedulerRunning       0x2001eda8      0x4  Data  Lc  tasks.o [1]
xSemaphore_download     0x2001ed34      0x4  Data  Gb  apptask.o [1]
xSemaphore_lcd          0x2001ed28      0x4  Data  Gb  apptask.o [1]
xSemaphore_pluse        0x2001ed30      0x4  Data  Gb  apptask.o [1]
xSemaphore_readDisk     0x2001ed38      0x4  Data  Gb  apptask.o [1]
xSemaphore_rs485        0x2001ed2c      0x4  Data  Gb  apptask.o [1]
xStart                  0x2001ecec      0x8  Data  Lc  heap_4.o [1]
xSuspendedTaskList      0x2001ec18     0x14  Data  Lc  tasks.o [1]
xTaskCheckForTimeOut    0x0802edc1     0x8a  Code  Gb  tasks.o [1]
xTaskGenericCreate      0x0802e52d    0x184  Code  Gb  tasks.o [1]
xTaskGetSchedulerState  0x0802f07f     0x26  Code  Gb  tasks.o [1]
xTaskGetTickCount       0x0802e8c3      0xa  Code  Gb  tasks.o [1]
xTaskIncrementTick      0x0802e8cd    0x134  Code  Gb  tasks.o [1]
xTaskRemoveFromEventList
                        0x0802ec6d     0x8e  Code  Gb  tasks.o [1]
xTaskRemoveFromUnorderedEventList
                        0x0802ed01     0x94  Code  Gb  tasks.o [1]
xTaskResumeAll          0x0802e7c3    0x100  Code  Gb  tasks.o [1]
xTasksWaitingTermination
                        0x2001ec04     0x14  Data  Lc  tasks.o [1]
xTickCount              0x2001eda0      0x4  Data  Lc  tasks.o [1]
xTimerCreate            0x08035639     0x62  Code  Gb  timers.o [1]
xTimerCreateTimerTask   0x080355e9     0x50  Code  Gb  timers.o [1]
xTimerGenericCommand    0x0803569b     0x84  Code  Gb  timers.o [1]
xTimerQueue             0x2001edd4      0x4  Data  Lc  timers.o [1]
xTimerUser              0x2001ed40      0x4  Data  Gb  apptask.o [1]
xYieldPending           0x2001edb0      0x4  Data  Lc  tasks.o [1]


[1] = F:\work\YarnControl_Driver\src\stm32f4_rtos\Project\EWARMv7\Flash\Obj
[2] = command line
[3] = dl7M_tlf.a
[4] = m7M_tls.a
[5] = rt7M_tl.a
[6] = shb_l.a

   81 478 bytes of readonly  code memory
  181 134 bytes of readonly  data memory
  128 530 bytes of readwrite data memory (+ 1 044 480 absolute)

Errors: none
Warnings: none
