###############################################################################
#
# IAR ELF Linker V7.40.7.9843/W32 for ARM                 29/Jan/2019  17:34:23
# Copyright 2007-2015 IAR Systems AB.
#
#    Output file  =  
#        F:\work\YarnControl_Driver\src\stm32f4_rtos\Project\EWARMv7\Flash\Exe\project.out
#    Map file     =  
#        F:\work\YarnControl_Driver\src\stm32f4_rtos\Project\EWARMv7\Flash\List\project.map
#    Command line =  
#        F:\work\YarnControl_Driver\src\stm32f4_rtos\Project\EWARMv7\Flash\Obj\apptask.o
#        F:\work\YarnControl_Driver\src\stm32f4_rtos\Project\EWARMv7\Flash\Obj\bsp.o
#        F:\work\YarnControl_Driver\src\stm32f4_rtos\Project\EWARMv7\Flash\Obj\bsp_closeSW.o
#        F:\work\YarnControl_Driver\src\stm32f4_rtos\Project\EWARMv7\Flash\Obj\bsp_dwt.o
#        F:\work\YarnControl_Driver\src\stm32f4_rtos\Project\EWARMv7\Flash\Obj\bsp_led.o
#        F:\work\YarnControl_Driver\src\stm32f4_rtos\Project\EWARMv7\Flash\Obj\bsp_relay.o
#        F:\work\YarnControl_Driver\src\stm32f4_rtos\Project\EWARMv7\Flash\Obj\bsp_sdio_sd.o
#        F:\work\YarnControl_Driver\src\stm32f4_rtos\Project\EWARMv7\Flash\Obj\bsp_sdwe050c17.o
#        F:\work\YarnControl_Driver\src\stm32f4_rtos\Project\EWARMv7\Flash\Obj\bsp_servomotor.o
#        F:\work\YarnControl_Driver\src\stm32f4_rtos\Project\EWARMv7\Flash\Obj\bsp_spi.o
#        F:\work\YarnControl_Driver\src\stm32f4_rtos\Project\EWARMv7\Flash\Obj\bsp_stepmotor.o
#        F:\work\YarnControl_Driver\src\stm32f4_rtos\Project\EWARMv7\Flash\Obj\bsp_sw_onoff.o
#        F:\work\YarnControl_Driver\src\stm32f4_rtos\Project\EWARMv7\Flash\Obj\bsp_tim_pwm.o
#        F:\work\YarnControl_Driver\src\stm32f4_rtos\Project\EWARMv7\Flash\Obj\bsp_timer.o
#        F:\work\YarnControl_Driver\src\stm32f4_rtos\Project\EWARMv7\Flash\Obj\bsp_uart_fifo.o
#        F:\work\YarnControl_Driver\src\stm32f4_rtos\Project\EWARMv7\Flash\Obj\bsp_w25qxx.o
#        F:\work\YarnControl_Driver\src\stm32f4_rtos\Project\EWARMv7\Flash\Obj\bsp_watchdog.o
#        F:\work\YarnControl_Driver\src\stm32f4_rtos\Project\EWARMv7\Flash\Obj\cc936.o
#        F:\work\YarnControl_Driver\src\stm32f4_rtos\Project\EWARMv7\Flash\Obj\croutine.o
#        F:\work\YarnControl_Driver\src\stm32f4_rtos\Project\EWARMv7\Flash\Obj\demo_fatfs.o
#        F:\work\YarnControl_Driver\src\stm32f4_rtos\Project\EWARMv7\Flash\Obj\diskio.o
#        F:\work\YarnControl_Driver\src\stm32f4_rtos\Project\EWARMv7\Flash\Obj\encoder.o
#        F:\work\YarnControl_Driver\src\stm32f4_rtos\Project\EWARMv7\Flash\Obj\event_groups.o
#        F:\work\YarnControl_Driver\src\stm32f4_rtos\Project\EWARMv7\Flash\Obj\ff.o
#        F:\work\YarnControl_Driver\src\stm32f4_rtos\Project\EWARMv7\Flash\Obj\heap_4.o
#        F:\work\YarnControl_Driver\src\stm32f4_rtos\Project\EWARMv7\Flash\Obj\list.o
#        F:\work\YarnControl_Driver\src\stm32f4_rtos\Project\EWARMv7\Flash\Obj\main.o
#        F:\work\YarnControl_Driver\src\stm32f4_rtos\Project\EWARMv7\Flash\Obj\malloc.o
#        F:\work\YarnControl_Driver\src\stm32f4_rtos\Project\EWARMv7\Flash\Obj\mcheck.o
#        F:\work\YarnControl_Driver\src\stm32f4_rtos\Project\EWARMv7\Flash\Obj\misc.o
#        F:\work\YarnControl_Driver\src\stm32f4_rtos\Project\EWARMv7\Flash\Obj\modbus.o
#        F:\work\YarnControl_Driver\src\stm32f4_rtos\Project\EWARMv7\Flash\Obj\page_weimi.o
#        F:\work\YarnControl_Driver\src\stm32f4_rtos\Project\EWARMv7\Flash\Obj\para.o
#        F:\work\YarnControl_Driver\src\stm32f4_rtos\Project\EWARMv7\Flash\Obj\port.o
#        F:\work\YarnControl_Driver\src\stm32f4_rtos\Project\EWARMv7\Flash\Obj\portasm.o
#        F:\work\YarnControl_Driver\src\stm32f4_rtos\Project\EWARMv7\Flash\Obj\product_cal.o
#        F:\work\YarnControl_Driver\src\stm32f4_rtos\Project\EWARMv7\Flash\Obj\protocol.o
#        F:\work\YarnControl_Driver\src\stm32f4_rtos\Project\EWARMv7\Flash\Obj\queue.o
#        F:\work\YarnControl_Driver\src\stm32f4_rtos\Project\EWARMv7\Flash\Obj\rc522.o
#        F:\work\YarnControl_Driver\src\stm32f4_rtos\Project\EWARMv7\Flash\Obj\startup_stm32f40_41xxx.o
#        F:\work\YarnControl_Driver\src\stm32f4_rtos\Project\EWARMv7\Flash\Obj\stm32f4xx_adc.o
#        F:\work\YarnControl_Driver\src\stm32f4_rtos\Project\EWARMv7\Flash\Obj\stm32f4xx_assert.o
#        F:\work\YarnControl_Driver\src\stm32f4_rtos\Project\EWARMv7\Flash\Obj\stm32f4xx_can.o
#        F:\work\YarnControl_Driver\src\stm32f4_rtos\Project\EWARMv7\Flash\Obj\stm32f4xx_crc.o
#        F:\work\YarnControl_Driver\src\stm32f4_rtos\Project\EWARMv7\Flash\Obj\stm32f4xx_cryp.o
#        F:\work\YarnControl_Driver\src\stm32f4_rtos\Project\EWARMv7\Flash\Obj\stm32f4xx_cryp_aes.o
#        F:\work\YarnControl_Driver\src\stm32f4_rtos\Project\EWARMv7\Flash\Obj\stm32f4xx_cryp_des.o
#        F:\work\YarnControl_Driver\src\stm32f4_rtos\Project\EWARMv7\Flash\Obj\stm32f4xx_cryp_tdes.o
#        F:\work\YarnControl_Driver\src\stm32f4_rtos\Project\EWARMv7\Flash\Obj\stm32f4xx_dac.o
#        F:\work\YarnControl_Driver\src\stm32f4_rtos\Project\EWARMv7\Flash\Obj\stm32f4xx_dbgmcu.o
#        F:\work\YarnControl_Driver\src\stm32f4_rtos\Project\EWARMv7\Flash\Obj\stm32f4xx_dcmi.o
#        F:\work\YarnControl_Driver\src\stm32f4_rtos\Project\EWARMv7\Flash\Obj\stm32f4xx_dma.o
#        F:\work\YarnControl_Driver\src\stm32f4_rtos\Project\EWARMv7\Flash\Obj\stm32f4xx_dma2d.o
#        F:\work\YarnControl_Driver\src\stm32f4_rtos\Project\EWARMv7\Flash\Obj\stm32f4xx_exti.o
#        F:\work\YarnControl_Driver\src\stm32f4_rtos\Project\EWARMv7\Flash\Obj\stm32f4xx_flash.o
#        F:\work\YarnControl_Driver\src\stm32f4_rtos\Project\EWARMv7\Flash\Obj\stm32f4xx_fsmc.o
#        F:\work\YarnControl_Driver\src\stm32f4_rtos\Project\EWARMv7\Flash\Obj\stm32f4xx_gpio.o
#        F:\work\YarnControl_Driver\src\stm32f4_rtos\Project\EWARMv7\Flash\Obj\stm32f4xx_hash.o
#        F:\work\YarnControl_Driver\src\stm32f4_rtos\Project\EWARMv7\Flash\Obj\stm32f4xx_hash_md5.o
#        F:\work\YarnControl_Driver\src\stm32f4_rtos\Project\EWARMv7\Flash\Obj\stm32f4xx_hash_sha1.o
#        F:\work\YarnControl_Driver\src\stm32f4_rtos\Project\EWARMv7\Flash\Obj\stm32f4xx_i2c.o
#        F:\work\YarnControl_Driver\src\stm32f4_rtos\Project\EWARMv7\Flash\Obj\stm32f4xx_it.o
#        F:\work\YarnControl_Driver\src\stm32f4_rtos\Project\EWARMv7\Flash\Obj\stm32f4xx_iwdg.o
#        F:\work\YarnControl_Driver\src\stm32f4_rtos\Project\EWARMv7\Flash\Obj\stm32f4xx_ltdc.o
#        F:\work\YarnControl_Driver\src\stm32f4_rtos\Project\EWARMv7\Flash\Obj\stm32f4xx_pwr.o
#        F:\work\YarnControl_Driver\src\stm32f4_rtos\Project\EWARMv7\Flash\Obj\stm32f4xx_rcc.o
#        F:\work\YarnControl_Driver\src\stm32f4_rtos\Project\EWARMv7\Flash\Obj\stm32f4xx_rng.o
#        F:\work\YarnControl_Driver\src\stm32f4_rtos\Project\EWARMv7\Flash\Obj\stm32f4xx_rtc.o
#        F:\work\YarnControl_Driver\src\stm32f4_rtos\Project\EWARMv7\Flash\Obj\stm32f4xx_sai.o
#        F:\work\YarnControl_Driver\src\stm32f4_rtos\Project\EWARMv7\Flash\Obj\stm32f4xx_sdio.o
#        F:\work\YarnControl_Driver\src\stm32f4_rtos\Project\EWARMv7\Flash\Obj\stm32f4xx_spi.o
#        F:\work\YarnControl_Driver\src\stm32f4_rtos\Project\EWARMv7\Flash\Obj\stm32f4xx_syscfg.o
#        F:\work\YarnControl_Driver\src\stm32f4_rtos\Project\EWARMv7\Flash\Obj\stm32f4xx_tim.o
#        F:\work\YarnControl_Driver\src\stm32f4_rtos\Project\EWARMv7\Flash\Obj\stm32f4xx_usart.o
#        F:\work\YarnControl_Driver\src\stm32f4_rtos\Project\EWARMv7\Flash\Obj\stm32f4xx_wwdg.o
#        F:\work\YarnControl_Driver\src\stm32f4_rtos\Project\EWARMv7\Flash\Obj\SysInfoTest.o
#        F:\work\YarnControl_Driver\src\stm32f4_rtos\Project\EWARMv7\Flash\Obj\system_stm32f4xx.o
#        F:\work\YarnControl_Driver\src\stm32f4_rtos\Project\EWARMv7\Flash\Obj\tasks.o
#        F:\work\YarnControl_Driver\src\stm32f4_rtos\Project\EWARMv7\Flash\Obj\timers.o
#        F:\work\YarnControl_Driver\src\stm32f4_rtos\Project\EWARMv7\Flash\Obj\usb_bsp.o
#        F:\work\YarnControl_Driver\src\stm32f4_rtos\Project\EWARMv7\Flash\Obj\usb_core.o
#        F:\work\YarnControl_Driver\src\stm32f4_rtos\Project\EWARMv7\Flash\Obj\usb_hcd.o
#        F:\work\YarnControl_Driver\src\stm32f4_rtos\Project\EWARMv7\Flash\Obj\usb_hcd_int.o
#        F:\work\YarnControl_Driver\src\stm32f4_rtos\Project\EWARMv7\Flash\Obj\usbh_core.o
#        F:\work\YarnControl_Driver\src\stm32f4_rtos\Project\EWARMv7\Flash\Obj\usbh_hcs.o
#        F:\work\YarnControl_Driver\src\stm32f4_rtos\Project\EWARMv7\Flash\Obj\usbh_ioreq.o
#        F:\work\YarnControl_Driver\src\stm32f4_rtos\Project\EWARMv7\Flash\Obj\usbh_it.o
#        F:\work\YarnControl_Driver\src\stm32f4_rtos\Project\EWARMv7\Flash\Obj\usbh_msc_bot.o
#        F:\work\YarnControl_Driver\src\stm32f4_rtos\Project\EWARMv7\Flash\Obj\usbh_msc_core.o
#        F:\work\YarnControl_Driver\src\stm32f4_rtos\Project\EWARMv7\Flash\Obj\usbh_msc_scsi.o
#        F:\work\YarnControl_Driver\src\stm32f4_rtos\Project\EWARMv7\Flash\Obj\usbh_stdreq.o
#        F:\work\YarnControl_Driver\src\stm32f4_rtos\Project\EWARMv7\Flash\Obj\usbh_usr.o
#        -o
#        F:\work\YarnControl_Driver\src\stm32f4_rtos\Project\EWARMv7\Flash\Exe\project.out
#        --map
#        F:\work\YarnControl_Driver\src\stm32f4_rtos\Project\EWARMv7\Flash\List\project.map
#        --config
#        F:\work\YarnControl_Driver\src\stm32f4_rtos\Project\EWARMv7\stm32f4xx_flash.icf
#        --semihosting --entry __iar_program_start --inline --vfe
#
###############################################################################

*******************************************************************************
*** RUNTIME MODEL ATTRIBUTES
***

CppFlavor       = *
__SystemLibrary = DLib


*******************************************************************************
*** PLACEMENT SUMMARY
***

"A1":  place at 0x08000000 { ro section .intvec };
"P1":  place in [from 0x08000000 to 0x080fffff] { ro };
"P2":  place in [from 0x20000000 to 0x2001ffff] { rw, block CSTACK, block HEAP };

  Section             Kind        Address     Size  Object
  -------             ----        -------     ----  ------
"A1":                                        0x188
  .intvec             ro code  0x08000000    0x188  startup_stm32f40_41xxx.o [1]
                             - 0x08000188    0x188

"P1":                                      0x41c95
  .rodata             const    0x08000188  0x15484  cc936.o [1]
  .rodata             const    0x0801560c  0x15484  cc936.o [1]
  .text               ro code  0x0802aa90   0x45e8  apptask.o [1]
  .text               ro code  0x0802f078    0xc00  tasks.o [1]
  .text               ro code  0x0802fc78    0x7c8  queue.o [1]
  .text               ro code  0x08030440   0x1258  bsp_sdwe050c17.o [1]
  .text               ro code  0x08031698    0x524  product_cal.o [1]
  .text               ro code  0x08031bbc     0x66  ABImemset.o [5]
  .text               ro code  0x08031c22      0xa  xsprout.o [3]
  .text               ro code  0x08031c2c    0x380  bsp_w25qxx.o [1]
  .text               ro code  0x08031fac     0x76  ABImemcpy_unaligned.o [5]
  .text               ro code  0x08032024     0x4e  FltToDbl.o [4]
  .text               ro code  0x08032074     0x24  printf.o [3]
  .text               ro code  0x08032098     0x42  strcmp_unaligned.o [5]
  .text               ro code  0x080320dc    0x21c  malloc.o [1]
  .text               ro code  0x080322f8     0x30  I32ToDbl.o [4]
  .text               ro code  0x08032328    0x256  DblDiv.o [4]
  .text               ro code  0x08032580     0xe8  DblAdd.o [4]
  .text               ro code  0x08032668    0x1a2  DblMul.o [4]
  .text               ro code  0x0803280c     0x58  DblToI32.o [4]
  .text               ro code  0x08032864     0x90  DblToFlt.o [4]
  .text               ro code  0x080328f4     0x36  strlen.o [5]
  .text               ro code  0x0803292c     0x62  memcmp_unaligned.o [5]
  .text               ro code  0x08032990    0x1b6  usbh_usr.o [1]
  .text               ro code  0x08032b48    0x760  usbh_core.o [1]
  .text               ro code  0x080332a8   0x2264  ff.o [1]
  .text               ro code  0x0803550c     0x34  sprintf.o [3]
  .text               ro code  0x08035540     0x1c  strcat.o [3]
  .text               ro code  0x0803555c     0xc0  bsp_led.o [1]
  .text               ro code  0x0803561c    0x1f8  page_weimi.o [1]
  .text               ro code  0x08035814    0x2b4  bsp_stepmotor.o [1]
  .text               ro code  0x08035ac8     0xae  rc522.o [1]
  .text               ro code  0x08035b78    0x354  modbus.o [1]
  .text               ro code  0x08035ecc     0x68  bsp_sw_onoff.o [1]
  .text               ro code  0x08035f34     0x44  protocol.o [1]
  .text               ro code  0x08035f78     0x10  apptask.o [1]
  .text               ro code  0x08035f88    0x12c  stm32f4xx_gpio.o [1]
  .text               ro code  0x080360b4    0x6ec  stm32f4xx_tim.o [1]
  .text               ro code  0x080367a0    0x48c  bsp_servomotor.o [1]
  .text               ro code  0x08036c2c    0x380  encoder.o [1]
  .text               ro code  0x08036fac    0x262  event_groups.o [1]
  .text               ro code  0x08037210    0x4a4  timers.o [1]
  .text               ro code  0x080376b4      0x8  bsp_watchdog.o [1]
  .text               ro code  0x080376bc    0x24c  port.o [1]
  .text               ro code  0x08037908     0x98  list.o [1]
  .text               ro code  0x080379a0    0x280  heap_4.o [1]
  .text               ro code  0x08037c20    0x1e8  stm32f4xx_rcc.o [1]
  .text               ro code  0x08037e08    0x9e4  bsp_uart_fifo.o [1]
  .text               ro code  0x080387ec    0x204  bsp_timer.o [1]
  .text               ro code  0x080389f0    0x124  bsp_spi.o [1]
  .text               ro code  0x08038b14    0xd96  xprintffull_nomb.o [3]
  .text               ro code  0x080398ac    0x180  DblSub.o [4]
  .text               ro code  0x08039a2c    0x14c  usb_bsp.o [1]
  .text               ro code  0x08039b78     0xd6  usb_hcd.o [1]
  .text               ro code  0x08039c4e    0x1ba  usbh_hcs.o [1]
  .text               ro code  0x08039e08    0x436  usbh_stdreq.o [1]
  .text               ro code  0x0803a23e    0x246  usbh_ioreq.o [1]
  .text               ro code  0x0803a484    0x2e4  diskio.o [1]
  .text               ro code  0x0803a768     0xf4  cc936.o [1]
  .text               ro code  0x0803a85c     0xb8  mcheck.o [1]
  .text               ro code  0x0803a914     0x2c  strstr.o [3]
  .text               ro code  0x0803a940    0x31c  stm32f4xx_dma.o [1]
  .text               ro code  0x0803ac5c     0x88  misc.o [1]
  .text               ro code  0x0803ace4     0x10  stm32f4xx_iwdg.o [1]
  CODE                ro code  0x0803acf4     0xa8  portasm.o [1]
  .text               ro code  0x0803ad9c    0x254  stm32f4xx_usart.o [1]
  .text               ro code  0x0803aff0     0x74  stm32f4xx_spi.o [1]
  .text               ro code  0x0803b064     0x16  strchr.o [5]
  .text               ro code  0x0803b07c     0x58  memchr.o [5]
  .text               ro code  0x0803b0d4     0xee  I64DivMod.o [5]
  .text               ro code  0x0803b1c2     0x42  xdnorm.o [4]
  .text               ro code  0x0803b204     0x2e  DblCmpLe.o [4]
  .text               ro code  0x0803b234     0x2e  DblCmpGe.o [4]
  .text               ro code  0x0803b264    0x114  xdscale.o [4]
  .text               ro code  0x0803b378     0x6c  localeconv.o [3]
  .text               ro code  0x0803b3e4      0xe  div.o [3]
  .text               ro code  0x0803b3f4     0x74  bsp_dwt.o [1]
  .text               ro code  0x0803b468    0xa50  usb_core.o [1]
  .text               ro code  0x0803beb8   0x1a58  bsp_sdio_sd.o [1]
  .text               ro code  0x0803d910    0x618  usbh_msc_scsi.o [1]
  .text               ro code  0x0803df28    0x554  usbh_msc_bot.o [1]
  .text               ro code  0x0803e47c      0x2  I64DivZer.o [5]
  .text               ro code  0x0803e480    0x17c  stm32f4xx_sdio.o [1]
  .text               ro code  0x0803e5fc    0xc7e  usb_hcd_int.o [1]
  .text               ro code  0x0803f27c    0x3e8  usbh_msc_core.o [1]
  .rodata             const    0x0803f664    0x3dc  cc936.o [1]
  .rodata             const    0x0803fa40    0x3dc  cc936.o [1]
  .text               ro code  0x0803fe1c    0x2f4  para.o [1]
  .text               ro code  0x08040110     0x44  strcpy_unaligned.o [5]
  .text               ro code  0x08040154    0x2e0  bsp_tim_pwm.o [1]
  .rodata             const    0x08040434    0x1f4  apptask.o [1]
  .rodata             const    0x08040628    0x190  product_cal.o [1]
  .text               ro code  0x080407b8    0x154  system_stm32f4xx.o [1]
  .rodata             const    0x0804090c    0x100  mcheck.o [1]
  .rodata             const    0x08040a0c    0x100  mcheck.o [1]
  .rodata             const    0x08040b0c    0x100  mcheck.o [1]
  .text               ro code  0x08040c0c     0xd4  bsp_closeSW.o [1]
  .text               ro code  0x08040ce0     0x54  stm32f4xx_syscfg.o [1]
  .text               ro code  0x08040d34     0xc0  stm32f4xx_exti.o [1]
  .text               ro code  0x08040df4     0xd0  packbits_init.o [5]
  .text               ro code  0x08040ec4      0x6  abort.o [3]
  .text               ro code  0x08040ecc     0x14  exit.o [6]
  .text               ro code  0x08040ee0     0x4c  bsp.o [1]
  .text               ro code  0x08040f2c     0x44  bsp_relay.o [1]
  .text               ro code  0x08040f70     0x40  zero_init3.o [5]
  .text               ro code  0x08040fb0     0x3c  SysInfoTest.o [1]
  .rodata             const    0x08040fec     0x38  demo_fatfs.o [1]
  .text               ro code  0x08041024     0x38  stm32f4xx_it.o [1]
  .rodata             const    0x0804105c     0x30  apptask.o [1]
  .rodata             const    0x0804108c     0x30  demo_fatfs.o [1]
  .rodata             const    0x080410bc     0x30  demo_fatfs.o [1]
  .rodata             const    0x080410ec     0x2c  apptask.o [1]
  .rodata             const    0x08041118     0x2c  demo_fatfs.o [1]
  .rodata             const    0x08041144     0x2c  demo_fatfs.o [1]
  .rodata             const    0x08041170     0x2c  stm32f4xx_it.o [1]
  .text               ro code  0x0804119c     0x2c  main.o [1]
  .rodata             const    0x080411c8     0x28  demo_fatfs.o [1]
  .rodata             const    0x080411f0     0x28  demo_fatfs.o [1]
  .rodata             const    0x08041218     0x28  demo_fatfs.o [1]
  .text               ro code  0x08041240     0x28  data_init.o [5]
  .rodata             const    0x08041268     0x24  demo_fatfs.o [1]
  .rodata             const    0x0804128c     0x24  demo_fatfs.o [1]
  .rodata             const    0x080412b0     0x24  usbh_usr.o [1]
  .text               ro code  0x080412d4     0x22  fpinit_M.o [4]
  .iar.init_table     const    0x080412f8     0x34  - Linker created -
  .rodata             const    0x0804132c     0x20  apptask.o [1]
  .rodata             const    0x0804134c     0x20  apptask.o [1]
  .rodata             const    0x0804136c     0x20  bsp_sdwe050c17.o [1]
  .rodata             const    0x0804138c     0x20  demo_fatfs.o [1]
  .rodata             const    0x080413ac     0x20  demo_fatfs.o [1]
  .rodata             const    0x080413cc     0x20  demo_fatfs.o [1]
  .rodata             const    0x080413ec     0x20  usbh_usr.o [1]
  .rodata             const    0x0804140c     0x20  usbh_usr.o [1]
  .rodata             const    0x0804142c     0x20  usbh_usr.o [1]
  .rodata             const    0x0804144c     0x20  usbh_usr.o [1]
  .rodata             const    0x0804146c     0x20  usbh_usr.o [1]
  .rodata             const    0x0804148c     0x1c  apptask.o [1]
  .rodata             const    0x080414a8     0x1c  apptask.o [1]
  .rodata             const    0x080414c4     0x1c  apptask.o [1]
  .rodata             const    0x080414e0     0x1c  apptask.o [1]
  .rodata             const    0x080414fc     0x1c  apptask.o [1]
  .rodata             const    0x08041518     0x1c  apptask.o [1]
  .rodata             const    0x08041534     0x1c  apptask.o [1]
  .rodata             const    0x08041550     0x1c  demo_fatfs.o [1]
  .rodata             const    0x0804156c     0x1c  demo_fatfs.o [1]
  .rodata             const    0x08041588     0x1c  usbh_usr.o [1]
  .rodata             const    0x080415a4     0x1c  usbh_usr.o [1]
  .rodata             const    0x080415c0     0x1c  usbh_usr.o [1]
  .rodata             const    0x080415dc     0x1c  usbh_usr.o [1]
  .rodata             const    0x080415f8     0x1c  usbh_usr.o [1]
  .rodata             const    0x08041614     0x1c  usbh_usr.o [1]
  .text               ro code  0x08041630     0x1a  cmain.o [5]
  .text               ro code  0x0804164a      0x4  exit.o [3]
  .text               ro code  0x08041650      0xa  cexit.o [5]
  .rodata             const    0x0804165c     0x18  apptask.o [1]
  .rodata             const    0x08041674     0x18  apptask.o [1]
  .rodata             const    0x0804168c     0x18  apptask.o [1]
  .rodata             const    0x080416a4     0x18  apptask.o [1]
  .rodata             const    0x080416bc     0x18  apptask.o [1]
  .rodata             const    0x080416d4     0x18  apptask.o [1]
  .rodata             const    0x080416ec     0x18  apptask.o [1]
  .rodata             const    0x08041704     0x18  demo_fatfs.o [1]
  .rodata             const    0x0804171c     0x18  demo_fatfs.o [1]
  .rodata             const    0x08041734     0x18  demo_fatfs.o [1]
  .rodata             const    0x0804174c     0x18  demo_fatfs.o [1]
  .rodata             const    0x08041764     0x18  usbh_usr.o [1]
  .rodata             const    0x0804177c     0x18  usbh_usr.o [1]
  .rodata             const    0x08041794     0x18  usbh_usr.o [1]
  .rodata             const    0x080417ac     0x18  usbh_usr.o [1]
  .rodata             const    0x080417c4     0x18  usbh_usr.o [1]
  .text               ro code  0x080417dc     0x16  xprout.o [3]
  .text               ro code  0x080417f4      0xc  putchar.o [3]
  .rodata             const    0x08041800     0x14  apptask.o [1]
  .rodata             const    0x08041814     0x14  apptask.o [1]
  .rodata             const    0x08041828     0x14  apptask.o [1]
  .rodata             const    0x0804183c     0x14  apptask.o [1]
  .rodata             const    0x08041850     0x14  apptask.o [1]
  .rodata             const    0x08041864     0x14  apptask.o [1]
  .rodata             const    0x08041878     0x14  apptask.o [1]
  .rodata             const    0x0804188c     0x14  usbh_usr.o [1]
  .rodata             const    0x080418a0     0x14  usbh_usr.o [1]
  .rodata             const    0x080418b4     0x10  apptask.o [1]
  .rodata             const    0x080418c4     0x10  apptask.o [1]
  .rodata             const    0x080418d4     0x10  apptask.o [1]
  .rodata             const    0x080418e4     0x10  apptask.o [1]
  .rodata             const    0x080418f4     0x10  apptask.o [1]
  .rodata             const    0x08041904     0x10  apptask.o [1]
  .rodata             const    0x08041914     0x10  apptask.o [1]
  .rodata             const    0x08041924     0x10  apptask.o [1]
  .rodata             const    0x08041934     0x10  apptask.o [1]
  .rodata             const    0x08041944     0x10  ff.o [1]
  .rodata             const    0x08041954     0x10  main.o [1]
  .rodata             const    0x08041964     0x10  main.o [1]
  .rodata             const    0x08041974     0x10  usbh_usr.o [1]
  .rodata             const    0x08041984     0x10  usbh_usr.o [1]
  .text               ro code  0x08041994     0x10  startup_stm32f40_41xxx.o [1]
  .text               ro code  0x080419a4     0x10  usbh_it.o [1]
  .rodata             const    0x080419b4      0xc  apptask.o [1]
  .rodata             const    0x080419c0      0xc  apptask.o [1]
  .rodata             const    0x080419cc      0xc  apptask.o [1]
  .rodata             const    0x080419d8      0xc  apptask.o [1]
  .rodata             const    0x080419e4      0xc  apptask.o [1]
  .rodata             const    0x080419f0      0xc  apptask.o [1]
  .rodata             const    0x080419fc      0xc  apptask.o [1]
  .rodata             const    0x08041a08      0xc  apptask.o [1]
  .rodata             const    0x08041a14      0xc  apptask.o [1]
  .rodata             const    0x08041a20      0xc  apptask.o [1]
  .rodata             const    0x08041a2c      0xc  apptask.o [1]
  .rodata             const    0x08041a38      0xc  apptask.o [1]
  .rodata             const    0x08041a44      0xc  apptask.o [1]
  .rodata             const    0x08041a50      0xc  apptask.o [1]
  .rodata             const    0x08041a5c      0xc  apptask.o [1]
  .rodata             const    0x08041a68      0xc  apptask.o [1]
  .rodata             const    0x08041a74      0xc  apptask.o [1]
  .rodata             const    0x08041a80      0xc  apptask.o [1]
  .rodata             const    0x08041a8c      0xc  apptask.o [1]
  .rodata             const    0x08041a98      0xc  apptask.o [1]
  .rodata             const    0x08041aa4      0xc  apptask.o [1]
  .rodata             const    0x08041ab0      0xc  apptask.o [1]
  .rodata             const    0x08041abc      0xc  apptask.o [1]
  .rodata             const    0x08041ac8      0xc  apptask.o [1]
  .rodata             const    0x08041ad4      0xc  apptask.o [1]
  .rodata             const    0x08041ae0      0xc  apptask.o [1]
  .rodata             const    0x08041aec      0xc  apptask.o [1]
  .rodata             const    0x08041af8      0xc  bsp_sdwe050c17.o [1]
  .rodata             const    0x08041b04      0xc  bsp_sdwe050c17.o [1]
  .rodata             const    0x08041b10      0xc  demo_fatfs.o [1]
  .rodata             const    0x08041b1c      0xc  ff.o [1]
  .text               ro code  0x08041b28      0xc  cstartup_M.o [5]
  .rodata             const    0x08041b34      0x8  apptask.o [1]
  .rodata             const    0x08041b3c      0x8  apptask.o [1]
  .rodata             const    0x08041b44      0x8  apptask.o [1]
  .rodata             const    0x08041b4c      0x8  apptask.o [1]
  .rodata             const    0x08041b54      0x8  apptask.o [1]
  .rodata             const    0x08041b5c      0x8  apptask.o [1]
  .rodata             const    0x08041b64      0x8  apptask.o [1]
  .rodata             const    0x08041b6c      0x8  apptask.o [1]
  .rodata             const    0x08041b74      0x8  apptask.o [1]
  .rodata             const    0x08041b7c      0x8  apptask.o [1]
  .rodata             const    0x08041b84      0x8  apptask.o [1]
  .rodata             const    0x08041b8c      0x8  apptask.o [1]
  .rodata             const    0x08041b94      0x8  apptask.o [1]
  .rodata             const    0x08041b9c      0x8  bsp_w25qxx.o [1]
  .rodata             const    0x08041ba4      0x8  ff.o [1]
  .rodata             const    0x08041bac      0x8  malloc.o [1]
  .rodata             const    0x08041bb4      0x8  malloc.o [1]
  .rodata             const    0x08041bbc      0x8  malloc.o [1]
  .rodata             const    0x08041bc4      0x8  para.o [1]
  .rodata             const    0x08041bcc      0x8  para.o [1]
  .rodata             const    0x08041bd4      0x8  para.o [1]
  .rodata             const    0x08041bdc      0x8  tasks.o [1]
  .rodata             const    0x08041be4      0x8  timers.o [1]
  .rodata             const    0x08041bec      0x4  heap_4.o [1]
  .rodata             const    0x08041bf0      0x4  port.o [1]
  .text               ro code  0x08041bf4      0x4  startup_stm32f40_41xxx.o [1]
  .text               ro code  0x08041bf8      0x4  startup_stm32f40_41xxx.o [1]
  .text               ro code  0x08041bfc      0x4  startup_stm32f40_41xxx.o [1]
  .text               ro code  0x08041c00      0x4  startup_stm32f40_41xxx.o [1]
  .text               ro code  0x08041c04      0x4  startup_stm32f40_41xxx.o [1]
  .text               ro code  0x08041c08      0x4  startup_stm32f40_41xxx.o [1]
  .text               ro code  0x08041c0c      0x4  startup_stm32f40_41xxx.o [1]
  .text               ro code  0x08041c10      0x4  startup_stm32f40_41xxx.o [1]
  .text               ro code  0x08041c14      0x4  startup_stm32f40_41xxx.o [1]
  .text               ro code  0x08041c18      0x4  startup_stm32f40_41xxx.o [1]
  .text               ro code  0x08041c1c      0x4  startup_stm32f40_41xxx.o [1]
  .text               ro code  0x08041c20      0x4  startup_stm32f40_41xxx.o [1]
  .text               ro code  0x08041c24      0x4  startup_stm32f40_41xxx.o [1]
  .text               ro code  0x08041c28      0x4  startup_stm32f40_41xxx.o [1]
  .text               ro code  0x08041c2c      0x4  startup_stm32f40_41xxx.o [1]
  .text               ro code  0x08041c30      0x4  startup_stm32f40_41xxx.o [1]
  .text               ro code  0x08041c34      0x4  startup_stm32f40_41xxx.o [1]
  .text               ro code  0x08041c38      0x4  startup_stm32f40_41xxx.o [1]
  .text               ro code  0x08041c3c      0x4  startup_stm32f40_41xxx.o [1]
  .text               ro code  0x08041c40      0x4  startup_stm32f40_41xxx.o [1]
  .text               ro code  0x08041c44      0x4  startup_stm32f40_41xxx.o [1]
  .text               ro code  0x08041c48      0x4  startup_stm32f40_41xxx.o [1]
  .text               ro code  0x08041c4c      0x4  startup_stm32f40_41xxx.o [1]
  .text               ro code  0x08041c50      0x4  startup_stm32f40_41xxx.o [1]
  .text               ro code  0x08041c54      0x4  startup_stm32f40_41xxx.o [1]
  .text               ro code  0x08041c58      0x4  startup_stm32f40_41xxx.o [1]
  .text               ro code  0x08041c5c      0x4  startup_stm32f40_41xxx.o [1]
  .text               ro code  0x08041c60      0x4  startup_stm32f40_41xxx.o [1]
  .text               ro code  0x08041c64      0x4  startup_stm32f40_41xxx.o [1]
  .text               ro code  0x08041c68      0x4  startup_stm32f40_41xxx.o [1]
  .text               ro code  0x08041c6c      0x4  startup_stm32f40_41xxx.o [1]
  .text               ro code  0x08041c70      0x4  startup_stm32f40_41xxx.o [1]
  .text               ro code  0x08041c74      0x4  startup_stm32f40_41xxx.o [1]
  .text               ro code  0x08041c78      0x4  startup_stm32f40_41xxx.o [1]
  .text               ro code  0x08041c7c      0x4  startup_stm32f40_41xxx.o [1]
  .text               ro code  0x08041c80      0x4  startup_stm32f40_41xxx.o [1]
  .text               ro code  0x08041c84      0x4  startup_stm32f40_41xxx.o [1]
  .text               ro code  0x08041c88      0x4  startup_stm32f40_41xxx.o [1]
  .text               ro code  0x08041c8c      0x4  startup_stm32f40_41xxx.o [1]
  .text               ro code  0x08041c90      0x4  startup_stm32f40_41xxx.o [1]
  .text               ro code  0x08041c94      0x4  startup_stm32f40_41xxx.o [1]
  .text               ro code  0x08041c98      0x4  startup_stm32f40_41xxx.o [1]
  .text               ro code  0x08041c9c      0x4  startup_stm32f40_41xxx.o [1]
  .text               ro code  0x08041ca0      0x4  startup_stm32f40_41xxx.o [1]
  .text               ro code  0x08041ca4      0x4  startup_stm32f40_41xxx.o [1]
  .text               ro code  0x08041ca8      0x4  startup_stm32f40_41xxx.o [1]
  .text               ro code  0x08041cac      0x4  startup_stm32f40_41xxx.o [1]
  .text               ro code  0x08041cb0      0x4  startup_stm32f40_41xxx.o [1]
  .text               ro code  0x08041cb4      0x4  startup_stm32f40_41xxx.o [1]
  .text               ro code  0x08041cb8      0x4  startup_stm32f40_41xxx.o [1]
  .text               ro code  0x08041cbc      0x4  startup_stm32f40_41xxx.o [1]
  .text               ro code  0x08041cc0      0x4  startup_stm32f40_41xxx.o [1]
  .text               ro code  0x08041cc4      0x4  startup_stm32f40_41xxx.o [1]
  .text               ro code  0x08041cc8      0x4  startup_stm32f40_41xxx.o [1]
  .text               ro code  0x08041ccc      0x4  startup_stm32f40_41xxx.o [1]
  .text               ro code  0x08041cd0      0x4  startup_stm32f40_41xxx.o [1]
  .text               ro code  0x08041cd4      0x4  startup_stm32f40_41xxx.o [1]
  .text               ro code  0x08041cd8      0x4  startup_stm32f40_41xxx.o [1]
  .text               ro code  0x08041cdc      0x4  startup_stm32f40_41xxx.o [1]
  .text               ro code  0x08041ce0      0x4  startup_stm32f40_41xxx.o [1]
  .text               ro code  0x08041ce4      0x4  startup_stm32f40_41xxx.o [1]
  .text               ro code  0x08041ce8      0x4  startup_stm32f40_41xxx.o [1]
  .text               ro code  0x08041cec      0x4  startup_stm32f40_41xxx.o [1]
  .text               ro code  0x08041cf0      0x4  startup_stm32f40_41xxx.o [1]
  .text               ro code  0x08041cf4      0x4  startup_stm32f40_41xxx.o [1]
  .text               ro code  0x08041cf8      0x4  startup_stm32f40_41xxx.o [1]
  .text               ro code  0x08041cfc      0x4  startup_stm32f40_41xxx.o [1]
  .rodata             const    0x08041d00      0x0  zero_init3.o [5]
  .rodata             const    0x08041d00      0x0  packbits_init.o [5]
  Initializer bytes   const    0x08041d00    0x11d  <for P2 s0>
                             - 0x08041e1d  0x41c95

"P2":                                      0x1f7a0
  P2 s0                        0x20000000    0x1cb  <Init block>
    __DLIB_PERTHREAD  inited   0x20000000     0x88  localeconv.o [3]
    .data             inited   0x20000088     0x50  demo_fatfs.o [1]
    .data             inited   0x200000d8     0x48  usbh_usr.o [1]
    .data             inited   0x20000120     0x40  xfiles.o [3]
    .data             inited   0x20000160     0x1c  malloc.o [1]
    .data             inited   0x2000017c     0x14  bsp_servomotor.o [1]
    .data             inited   0x20000190     0x10  stm32f4xx_rcc.o [1]
    .data             inited   0x200001a0     0x10  usbh_msc_core.o [1]
    .data             inited   0x200001b0      0xc  usbh_core.o [1]
    .data             inited   0x200001bc      0x4  port.o [1]
    .data             inited   0x200001c0      0x4  system_stm32f4xx.o [1]
    .data             inited   0x200001c4      0x4  usbh_core.o [1]
    .data             inited   0x200001c8      0x2  bsp_w25qxx.o [1]
    .data             inited   0x200001ca      0x1  usbh_msc_scsi.o [1]
  .bss                zero     0x200001cc  0x11800  heap_4.o [1]
  .bss                zero     0x200119cc   0xa000  malloc.o [1]
  .bss                zero     0x2001b9cc   0x1000  bsp_w25qxx.o [1]
  .bss                zero     0x2001c9cc    0xa00  malloc.o [1]
  .bss                zero     0x2001d3cc    0x5ac  usbh_usr.o [1]
  .bss                zero     0x2001d978    0x5ac  usbh_usr.o [1]
  .bss                zero     0x2001df24    0x200  ff.o [1]
  .bss                zero     0x2001e124    0x200  usbh_msc_scsi.o [1]
  .bss                zero     0x2001e324    0x200  usbh_stdreq.o [1]
  .bss                zero     0x2001e524    0x168  page_weimi.o [1]
  .bss                zero     0x2001e68c     0xc8  tasks.o [1]
  .bss                zero     0x2001e754     0xa4  protocol.o [1]
  .bss                zero     0x2001e7f8     0x98  para.o [1]
  .bss                zero     0x2001e890     0x94  usbh_usr.o [1]
  .bss                zero     0x2001e924     0x70  protocol.o [1]
  .bss                zero     0x2001e994     0x64  bsp_uart_fifo.o [1]
  .bss                zero     0x2001e9f8     0x64  bsp_uart_fifo.o [1]
  .bss                zero     0x2001ea60     0x58  bsp_sdio_sd.o [1]
  .bss                zero     0x2001eab8     0x50  protocol.o [1]
  .bss                zero     0x2001eb08     0x50  xfiles.o [3]
  .bss                zero     0x2001eb58     0x4c  usbh_msc_core.o [1]
  .bss                zero     0x2001eba4     0x34  bsp_sdwe050c17.o [1]
  .bss                zero     0x2001ebd8     0x2c  product_cal.o [1]
  .bss                zero     0x2001ec04     0x28  bsp_uart_fifo.o [1]
  .bss                zero     0x2001ec2c     0x28  encoder.o [1]
  .bss                zero     0x2001ec54     0x28  product_cal.o [1]
  .bss                zero     0x2001ec7c     0x24  ff.o [1]
  .bss                zero     0x2001eca0     0x20  usbh_msc_bot.o [1]
  .bss                zero     0x2001ecc0     0x18  bsp_sdio_sd.o [1]
  .bss                zero     0x2001ecd8     0x18  bsp_sdio_sd.o [1]
  .bss                zero     0x2001ecf0     0x18  page_weimi.o [1]
  .bss                zero     0x2001ed08     0x14  bsp_sdio_sd.o [1]
  .bss                zero     0x2001ed1c     0x14  rc522.o [1]
  .bss                zero     0x2001ed30     0x14  tasks.o [1]
  .bss                zero     0x2001ed44     0x14  tasks.o [1]
  .bss                zero     0x2001ed58     0x14  tasks.o [1]
  .bss                zero     0x2001ed6c     0x14  tasks.o [1]
  .bss                zero     0x2001ed80     0x14  tasks.o [1]
  .bss                zero     0x2001ed94     0x14  timers.o [1]
  .bss                zero     0x2001eda8     0x14  timers.o [1]
  .bss                zero     0x2001edbc     0x10  bsp_sdio_sd.o [1]
  .bss                zero     0x2001edcc     0x10  bsp_sdio_sd.o [1]
  .bss                zero     0x2001eddc     0x10  usbh_msc_bot.o [1]
  .bss                zero     0x2001edec     0x10  usbh_msc_bot.o [1]
  .bss                zero     0x2001edfc     0x10  usbh_msc_scsi.o [1]
  .bss                zero     0x2001ee0c      0xc  apptask.o [1]
  .bss                zero     0x2001ee18      0xc  apptask.o [1]
  .bss                zero     0x2001ee24      0xc  ff.o [1]
  .bss                zero     0x2001ee30      0xc  protocol.o [1]
  .bss                zero     0x2001ee3c      0xc  protocol.o [1]
  .bss                zero     0x2001ee48      0xc  protocol.o [1]
  .bss                zero     0x2001ee54      0x8  heap_4.o [1]
  .bss                zero     0x2001ee5c      0x8  modbus.o [1]
  .bss                zero     0x2001ee64      0x8  protocol.o [1]
  .bss                zero     0x2001ee6c      0x4  apptask.o [1]
  .bss                zero     0x2001ee70      0x4  apptask.o [1]
  .bss                zero     0x2001ee74      0x4  apptask.o [1]
  .bss                zero     0x2001ee78      0x4  apptask.o [1]
  .bss                zero     0x2001ee7c      0x4  apptask.o [1]
  .bss                zero     0x2001ee80      0x4  apptask.o [1]
  .bss                zero     0x2001ee84      0x4  apptask.o [1]
  .bss                zero     0x2001ee88      0x4  apptask.o [1]
  .bss                zero     0x2001ee8c      0x4  apptask.o [1]
  .bss                zero     0x2001ee90      0x4  apptask.o [1]
  .bss                zero     0x2001ee94      0x4  apptask.o [1]
  .bss                zero     0x2001ee98      0x4  apptask.o [1]
  .bss                zero     0x2001ee9c      0x4  apptask.o [1]
  .bss                zero     0x2001eea0      0x4  apptask.o [1]
  .bss                zero     0x2001eea4      0x4  apptask.o [1]
  .bss                zero     0x2001eea8      0x4  apptask.o [1]
  .bss                zero     0x2001eeac      0x4  apptask.o [1]
  .bss                zero     0x2001eeb0      0x4  apptask.o [1]
  .bss                zero     0x2001eeb4      0x4  bsp_sdio_sd.o [1]
  .bss                zero     0x2001eeb8      0x4  bsp_sdio_sd.o [1]
  .bss                zero     0x2001eebc      0x4  bsp_sdio_sd.o [1]
  .bss                zero     0x2001eec0      0x4  bsp_sdio_sd.o [1]
  .bss                zero     0x2001eec4      0x4  bsp_sdio_sd.o [1]
  .bss                zero     0x2001eec8      0x4  bsp_timer.o [1]
  .bss                zero     0x2001eecc      0x4  bsp_timer.o [1]
  .bss                zero     0x2001eed0      0x4  bsp_timer.o [1]
  .bss                zero     0x2001eed4      0x4  bsp_timer.o [1]
  .bss                zero     0x2001eed8      0x4  encoder.o [1]
  .bss                zero     0x2001eedc      0x4  encoder.o [1]
  .bss                zero     0x2001eee0      0x4  encoder.o [1]
  .bss                zero     0x2001eee4      0x4  heap_4.o [1]
  .bss                zero     0x2001eee8      0x4  heap_4.o [1]
  .bss                zero     0x2001eeec      0x4  heap_4.o [1]
  .bss                zero     0x2001eef0      0x4  heap_4.o [1]
  .bss                zero     0x2001eef4      0x4  port.o [1]
  .bss                zero     0x2001eef8      0x4  product_cal.o [1]
  .bss                zero     0x2001eefc      0x4  product_cal.o [1]
  .bss                zero     0x2001ef00      0x4  SysInfoTest.o [1]
  .bss                zero     0x2001ef04      0x4  tasks.o [1]
  .bss                zero     0x2001ef08      0x4  tasks.o [1]
  .bss                zero     0x2001ef0c      0x4  tasks.o [1]
  .bss                zero     0x2001ef10      0x4  tasks.o [1]
  .bss                zero     0x2001ef14      0x4  tasks.o [1]
  .bss                zero     0x2001ef18      0x4  tasks.o [1]
  .bss                zero     0x2001ef1c      0x4  tasks.o [1]
  .bss                zero     0x2001ef20      0x4  tasks.o [1]
  .bss                zero     0x2001ef24      0x4  tasks.o [1]
  .bss                zero     0x2001ef28      0x4  tasks.o [1]
  .bss                zero     0x2001ef2c      0x4  tasks.o [1]
  .bss                zero     0x2001ef30      0x4  tasks.o [1]
  .bss                zero     0x2001ef34      0x4  tasks.o [1]
  .bss                zero     0x2001ef38      0x4  tasks.o [1]
  .bss                zero     0x2001ef3c      0x4  tasks.o [1]
  .bss                zero     0x2001ef40      0x4  tasks.o [1]
  .bss                zero     0x2001ef44      0x4  timers.o [1]
  .bss                zero     0x2001ef48      0x4  timers.o [1]
  .bss                zero     0x2001ef4c      0x4  timers.o [1]
  .bss                zero     0x2001ef50      0x4  timers.o [1]
  .bss                zero     0x2001ef54      0x4  usbh_msc_bot.o [1]
  .bss                zero     0x2001ef58      0x4  usbh_msc_bot.o [1]
  .bss                zero     0x2001ef5c      0x4  usbh_msc_bot.o [1]
  .bss                zero     0x2001ef60      0x4  usbh_msc_bot.o [1]
  .bss                zero     0x2001ef64      0x2  apptask.o [1]
  .bss                zero     0x2001ef66      0x2  apptask.o [1]
  .bss                zero     0x2001ef68      0x2  apptask.o [1]
  .bss                zero     0x2001ef6a      0x2  apptask.o [1]
  .bss                zero     0x2001ef6c      0x2  bsp_sdwe050c17.o [1]
  .bss                zero     0x2001ef6e      0x2  encoder.o [1]
  .bss                zero     0x2001ef70      0x2  encoder.o [1]
  .bss                zero     0x2001ef72      0x2  encoder.o [1]
  .bss                zero     0x2001ef74      0x2  encoder.o [1]
  .bss                zero     0x2001ef76      0x2  ff.o [1]
  .bss                zero     0x2001ef78      0x2  page_weimi.o [1]
  .bss                zero     0x2001ef7a      0x2  product_cal.o [1]
  .bss                zero     0x2001ef7c      0x2  usbh_core.o [1]
  .bss                zero     0x2001ef7e      0x2  usbh_stdreq.o [1]
  .bss                zero     0x2001ef80      0x1  apptask.o [1]
  .bss                zero     0x2001ef81      0x1  apptask.o [1]
  .bss                zero     0x2001ef82      0x1  apptask.o [1]
  .bss                zero     0x2001ef83      0x1  apptask.o [1]
  .bss                zero     0x2001ef84      0x1  apptask.o [1]
  .bss                zero     0x2001ef85      0x1  apptask.o [1]
  .bss                zero     0x2001ef86      0x1  apptask.o [1]
  .bss                zero     0x2001ef87      0x1  apptask.o [1]
  .bss                zero     0x2001ef88      0x1  apptask.o [1]
  .bss                zero     0x2001ef89      0x1  bsp_sdio_sd.o [1]
  .bss                zero     0x2001ef8a      0x1  bsp_sdwe050c17.o [1]
  .bss                zero     0x2001ef8b      0x1  bsp_uart_fifo.o [1]
  .bss                zero     0x2001ef8c      0x1  encoder.o [1]
  .bss                zero     0x2001ef8d      0x1  encoder.o [1]
  .bss                zero     0x2001ef8e      0x1  encoder.o [1]
  .bss                zero     0x2001ef8f      0x1  port.o [1]
  .bss                zero     0x2001ef90      0x1  product_cal.o [1]
  .bss                zero     0x2001ef91      0x1  product_cal.o [1]
  .bss                zero     0x2001ef92      0x1  product_cal.o [1]
  .bss                zero     0x2001ef93      0x1  protocol.o [1]
  .bss                zero     0x2001ef94      0x1  rc522.o [1]
  .bss                zero     0x2001ef95      0x1  rc522.o [1]
  .bss                zero     0x2001ef96      0x1  usbh_msc_bot.o [1]
  .bss                zero     0x2001ef97      0x1  usbh_msc_core.o [1]
  .bss                zero     0x2001ef98      0x1  usbh_msc_core.o [1]
  .bss                zero     0x2001ef99      0x1  usbh_stdreq.o [1]
  .bss                zero     0x2001ef9a      0x1  usbh_usr.o [1]
  CSTACK                       0x2001efa0    0x800  <Block>
    CSTACK            uninit   0x2001efa0    0x800  <Block tail>
                             - 0x2001f7a0  0x1f7a0

Absolute sections:                         0xff000
  .bss                zero     0x68000000  0xf0000  malloc.o [1]
  .bss                zero     0x680f0000   0xf000  malloc.o [1]
                             - 0x680ff000  0xff000


*******************************************************************************
*** INIT TABLE
***

          Address     Size
          -------     ----
Zero (__iar_zero_init3)
    2 destination ranges, total size 0x11ddcf:
          0x200001cc  0x1edcf
          0x68000000  0xff000

Copy/packbits (__iar_packbits_init3)
    1 source range, total size 0x11d (62% of destination):
          0x08041d00    0x11d
    1 destination range, total size 0x1cb:
          0x20000000    0x1cb



*******************************************************************************
*** MODULE SUMMARY
***

    Module                    ro code  ro data  rw data    rw data
                                                            (abs)
    ------                    -------  -------  -------    -------
F:\work\YarnControl_Driver\src\stm32f4_rtos\Project\EWARMv7\Flash\Obj: [1]
    SysInfoTest.o                  60                 4
    apptask.o                  17 912    1 732      113
    bsp.o                          76
    bsp_closeSW.o                 212
    bsp_dwt.o                     116
    bsp_led.o                     192
    bsp_relay.o                    68
    bsp_sdio_sd.o               6 744               209
    bsp_sdwe050c17.o            4 696       56       55
    bsp_servomotor.o            1 164       13       20
    bsp_spi.o                     292
    bsp_stepmotor.o               692
    bsp_sw_onoff.o                104
    bsp_tim_pwm.o                 736
    bsp_timer.o                   516                16
    bsp_uart_fifo.o             2 532               241
    bsp_w25qxx.o                  896        9    4 098
    bsp_watchdog.o                  8
    cc936.o                       244  176 320
    demo_fatfs.o                           742       80
    diskio.o                      740
    encoder.o                     896                63
    event_groups.o                610
    ff.o                        8 804       36      562
    heap_4.o                      640        4   71 704
    list.o                        152
    main.o                         44       32
    malloc.o                      540       41   43 548  1 044 480
    mcheck.o                      184      768
    misc.o                        136
    modbus.o                      852                 8
    page_weimi.o                  504               386
    para.o                        756       24      152
    port.o                        588        7        9
    portasm.o                     168
    product_cal.o               1 316      400       97
    protocol.o                     68               401
    queue.o                     1 992
    rc522.o                       174                22
    startup_stm32f40_41xxx.o      676
    stm32f4xx_dma.o               796
    stm32f4xx_exti.o              192
    stm32f4xx_gpio.o              300
    stm32f4xx_it.o                 56       44
    stm32f4xx_iwdg.o               16
    stm32f4xx_rcc.o               488       10       16
    stm32f4xx_sdio.o              380
    stm32f4xx_spi.o               116
    stm32f4xx_syscfg.o             84
    stm32f4xx_tim.o             1 772
    stm32f4xx_usart.o             596
    system_stm32f4xx.o            340        2        4
    tasks.o                     3 072        8      364
    timers.o                    1 188        8       56
    usb_bsp.o                     332
    usb_core.o                  2 640
    usb_hcd.o                     214
    usb_hcd_int.o               3 198
    usbh_core.o                 1 888       10       18
    usbh_hcs.o                    442
    usbh_ioreq.o                  582
    usbh_it.o                      16
    usbh_msc_bot.o              1 364                81
    usbh_msc_core.o             1 000       10       94
    usbh_msc_scsi.o             1 560        1      529
    usbh_stdreq.o               1 078               515
    usbh_usr.o                    438      600    3 125
    --------------------------------------------------------------
    Total:                     81 248  180 877  126 590  1 044 480

command line: [2]
    --------------------------------------------------------------
    Total:

dl7M_tlf.a: [3]
    abort.o                         6
    div.o                          14
    exit.o                          4
    localeconv.o                  108       84      136
    printf.o                       36
    putchar.o                      12
    sprintf.o                      52
    strcat.o                       28
    strstr.o                       44
    xfiles.o                                40      144
    xprintffull_nomb.o          3 478
    xprout.o                       22
    xsprout.o                      10
    --------------------------------------------------------------
    Total:                      3 814      124      280

m7M_tls.a: [4]
    DblAdd.o                      232
    DblCmpGe.o                     46
    DblCmpLe.o                     46
    DblDiv.o                      598
    DblMul.o                      418
    DblSub.o                      384
    DblToFlt.o                    144
    DblToI32.o                     88
    FltToDbl.o                     78
    I32ToDbl.o                     48
    fpinit_M.o                     34
    xdnorm.o                       66
    xdscale.o                     276
    --------------------------------------------------------------
    Total:                      2 458

rt7M_tl.a: [5]
    ABImemcpy_unaligned.o         118
    ABImemset.o                   102
    I64DivMod.o                   238
    I64DivZer.o                     2
    cexit.o                        10
    cmain.o                        26
    cstartup_M.o                   12
    data_init.o                    40
    memchr.o                       88
    memcmp_unaligned.o             98
    packbits_init.o               208
    strchr.o                       22
    strcmp_unaligned.o             66
    strcpy_unaligned.o             68
    strlen.o                       54
    zero_init3.o                   64
    --------------------------------------------------------------
    Total:                      1 216

shb_l.a: [6]
    exit.o                         20
    --------------------------------------------------------------
    Total:                         20

    Gaps                           40        4        5
    Linker created                          52    2 048
------------------------------------------------------------------
    Grand Total:               88 796  181 057  128 923  1 044 480


*******************************************************************************
*** ENTRY LIST
***

Entry                      Address     Size  Type      Object
-----                      -------     ----  ----      ------
.iar.init_table$$Base   0x080412f8            --   Gb  - Linker created -
.iar.init_table$$Limit  0x0804132c            --   Gb  - Linker created -
?main                   0x08041631           Code  Gb  cmain.o [5]
APBAHBPrescTable        0x20000190     0x10  Data  Lc  stm32f4xx_rcc.o [1]
AppObjCreate            0x0802eb41    0x15e  Code  Gb  apptask.o [1]
AppTaskCreate           0x0802e9d1    0x148  Code  Gb  apptask.o [1]
BOTStallErrorCount      0x2001ef54      0x4  Data  Lc  usbh_msc_bot.o [1]
BusFault_Handler        0x08041057      0x2  Code  Gb  stm32f4xx_it.o [1]
CID_Tab                 0x2001edcc     0x10  Data  Lc  bsp_sdio_sd.o [1]
CRC16HiTable            0x0804090c    0x100  Data  Gb  mcheck.o [1]
CRC16LoTable            0x08040a0c    0x100  Data  Gb  mcheck.o [1]
CRC8Table               0x08040b0c    0x100  Data  Gb  mcheck.o [1]
CSD_Tab                 0x2001edbc     0x10  Data  Lc  bsp_sdio_sd.o [1]
CSTACK$$Base            0x2001efa0            --   Gb  - Linker created -
CSTACK$$Limit           0x2001f7a0            --   Gb  - Linker created -
CardType                0x2001eeb4      0x4  Data  Lc  bsp_sdio_sd.o [1]
CmdError                0x0803d021     0x38  Code  Lc  bsp_sdio_sd.o [1]
CmdResp1Error           0x0803d0c5    0x112  Code  Lc  bsp_sdio_sd.o [1]
CmdResp2Error           0x0803d215     0x52  Code  Lc  bsp_sdio_sd.o [1]
CmdResp3Error           0x0803d1d7     0x3e  Code  Lc  bsp_sdio_sd.o [1]
CmdResp6Error           0x0803d267     0xa6  Code  Lc  bsp_sdio_sd.o [1]
CmdResp7Error           0x0803d059     0x58  Code  Lc  bsp_sdio_sd.o [1]
ConfigExitNVIC          0x08040c77     0x22  Code  Gb  bsp_closeSW.o [1]
ConfigUartNVIC          0x0803823b     0x7c  Code  Lc  bsp_uart_fifo.o [1]
DIFF_G_init             0x08036859     0x78  Code  Gb  bsp_servomotor.o [1]
DMA1_Stream0_IRQHandler
                        0x08036bcd     0x1c  Code  Gb  bsp_servomotor.o [1]
DMA1_Stream3_IRQHandler
                        0x08036be9     0x1c  Code  Gb  bsp_servomotor.o [1]
DMA2_Stream3_IRQHandler
                        0x0803d909      0x8  Code  Gb  bsp_sdio_sd.o [1]
DMAEndOfTransfer        0x2001eec4      0x4  Data  Gb  bsp_sdio_sd.o [1]
DMA_ClearFlag           0x0803ab23     0x24  Code  Gb  stm32f4xx_dma.o [1]
DMA_Cmd                 0x0803aad9     0x1a  Code  Gb  stm32f4xx_dma.o [1]
DMA_DeInit              0x0803a941    0x140  Code  Gb  stm32f4xx_dma.o [1]
DMA_FlowControllerConfig
                        0x0803aaf3     0x18  Code  Gb  stm32f4xx_dma.o [1]
DMA_GetCmdStatus        0x0803ab0b     0x18  Code  Gb  stm32f4xx_dma.o [1]
DMA_GetITStatus         0x0803ab89     0x62  Code  Gb  stm32f4xx_dma.o [1]
DMA_ITConfig            0x0803ab47     0x42  Code  Gb  stm32f4xx_dma.o [1]
DMA_Init                0x0803aa81     0x58  Code  Gb  stm32f4xx_dma.o [1]
DebugMon_Handler        0x0804105b      0x2  Code  Gb  stm32f4xx_it.o [1]
DiskFile_init           0x08035f35     0x40  Code  Gb  protocol.o [1]
Disk_File               0x2001e924     0x70  Data  Gb  protocol.o [1]
EXTI9_5_IRQHandler      0x08040c99     0x3c  Code  Gb  bsp_closeSW.o [1]
EXTI_ClearITPendingBit  0x08040dd7      0x6  Code  Gb  stm32f4xx_exti.o [1]
EXTI_GetITStatus        0x08040dbd     0x1a  Code  Gb  stm32f4xx_exti.o [1]
EXTI_Init               0x08040d35     0x88  Code  Gb  stm32f4xx_exti.o [1]
Encoder_Cap_Init        0x08036c2d     0xbe  Code  Gb  encoder.o [1]
FR_Table                0x20000088     0x50  Data  Gb  demo_fatfs.o [1]
FatFs                   0x2001ee24      0xc  Data  Lc  ff.o [1]
File_info               0x2001eab8     0x50  Data  Gb  protocol.o [1]
Files                   0x2001ec7c     0x24  Data  Lc  ff.o [1]
FindSCR                 0x0803d4b5    0x206  Code  Lc  bsp_sdio_sd.o [1]
Freq                    0x2001ec2c     0x28  Data  Gb  encoder.o [1]
Freq_Sample             0x08036ceb     0xe6  Code  Gb  encoder.o [1]
Freq_ptr1               0x2001ef8d      0x1  Data  Gb  encoder.o [1]
Freq_ptr2               0x2001ef8e      0x1  Data  Gb  encoder.o [1]
Freq_value              0x2001eedc      0x4  Data  Gb  encoder.o [1]
Fsid                    0x2001ef76      0x2  Data  Lc  ff.o [1]
GPIO_Init               0x08035f89     0xaa  Code  Gb  stm32f4xx_gpio.o [1]
GPIO_PinAFConfig        0x0803605b     0x5a  Code  Gb  stm32f4xx_gpio.o [1]
GPIO_ReadInputDataBit   0x08036033     0x1a  Code  Gb  stm32f4xx_gpio.o [1]
GPIO_WriteBit           0x0803604d      0xe  Code  Gb  stm32f4xx_gpio.o [1]
GetDeviceState          0x08035f01     0x2e  Code  Gb  bsp_sw_onoff.o [1]
HCD_GetCurrentFrame     0x08039c09      0x8  Code  Gb  usb_hcd.o [1]
HCD_GetCurrentSpeed     0x08039beb     0x10  Code  Gb  usb_hcd.o [1]
HCD_GetURB_State        0x08039c11      0xa  Code  Gb  usb_hcd.o [1]
HCD_GetXferCnt          0x08039c1b      0xc  Code  Gb  usb_hcd.o [1]
HCD_Init                0x08039b79     0x72  Code  Gb  usb_hcd.o [1]
HCD_ResetPort           0x08039bfb      0xe  Code  Gb  usb_hcd.o [1]
HCD_SubmitRequest       0x08039c27     0x28  Code  Gb  usb_hcd.o [1]
HardFault_Handler       0x08041027     0x22  Code  Gb  stm32f4xx_it.o [1]
IWDG_Feed               0x080376b5      0x8  Code  Gb  bsp_watchdog.o [1]
IWDG_ReloadCounter      0x0803ace5      0xa  Code  Gb  stm32f4xx_iwdg.o [1]
InStream_Read           0x08040df5     0x22  Code  Lc  packbits_init.o [5]
InitHardUart            0x08037e79    0x3c2  Code  Lc  bsp_uart_fifo.o [1]
Init_JINGSHA_GUI        0x0803047f    0x122  Code  Gb  bsp_sdwe050c17.o [1]
LfnBuf                  0x2001df24    0x200  Data  Lc  ff.o [1]
LfnOfs                  0x08041944     0x10  Data  Lc  ff.o [1]
LoadInt                 0x080390a1     0x6e  Code  Lc  xprintffull_nomb.o [3]
MSCErrorCount           0x2001ef97      0x1  Data  Gb  usbh_msc_core.o [1]
MSC_Machine             0x2001eb58     0x4c  Data  Gb  usbh_msc_core.o [1]
MSG_DEV_ATTACHED        0x080417ac     0x18  Data  Gb  usbh_usr.o [1]
MSG_DEV_DISCONNECTED    0x080417c4     0x18  Data  Gb  usbh_usr.o [1]
MSG_DEV_ENUMERATED      0x080415dc     0x1c  Data  Gb  usbh_usr.o [1]
MSG_DEV_ERROR           0x080418a0     0x14  Data  Gb  usbh_usr.o [1]
MSG_DEV_FULLSPEED       0x0804144c     0x20  Data  Gb  usbh_usr.o [1]
MSG_DEV_HIGHSPEED       0x0804142c     0x20  Data  Gb  usbh_usr.o [1]
MSG_DEV_LOWSPEED        0x0804146c     0x20  Data  Gb  usbh_usr.o [1]
MSG_HID_CLASS           0x080415f8     0x1c  Data  Gb  usbh_usr.o [1]
MSG_MSC_CLASS           0x080412b0     0x24  Data  Gb  usbh_usr.o [1]
MSG_UNREC_ERROR         0x08041614     0x1c  Data  Gb  usbh_usr.o [1]
MemManage_Handler       0x08041055      0x2  Code  Gb  stm32f4xx_it.o [1]
MotorProcess            0x2001ecf0     0x18  Data  Gb  page_weimi.o [1]
MotorStepCount          0x0803561d     0x62  Code  Gb  page_weimi.o [1]
NMI_Handler             0x08041025      0x2  Code  Gb  stm32f4xx_it.o [1]
NVIC_Init               0x0803ac67     0x6a  Code  Gb  misc.o [1]
NVIC_PriorityGroupConfig
                        0x0803ac5d      0xa  Code  Gb  misc.o [1]
OTG_FS_IRQHandler       0x080419a5     0x10  Code  Gb  usbh_it.o [1]
Overflow_ptr            0x2001eee0      0x4  Data  Gb  encoder.o [1]
PendSV_Handler          0x0803acf5           Code  Gb  portasm.o [1]
RCA                     0x2001eeb8      0x4  Data  Lc  bsp_sdio_sd.o [1]
RCC_AHB1PeriphClockCmd  0x08037d23     0x22  Code  Gb  stm32f4xx_rcc.o [1]
RCC_AHB2PeriphClockCmd  0x08037d45     0x1e  Code  Gb  stm32f4xx_rcc.o [1]
RCC_APB1PeriphClockCmd  0x08037d63     0x1e  Code  Gb  stm32f4xx_rcc.o [1]
RCC_APB1PeriphResetCmd  0x08037d9f     0x1e  Code  Gb  stm32f4xx_rcc.o [1]
RCC_APB2PeriphClockCmd  0x08037d81     0x1e  Code  Gb  stm32f4xx_rcc.o [1]
RCC_APB2PeriphResetCmd  0x08037dbd     0x1e  Code  Gb  stm32f4xx_rcc.o [1]
RCC_GetClocksFreq       0x08037c21    0x102  Code  Gb  stm32f4xx_rcc.o [1]
RS485_InitTXE           0x08037e45     0x34  Code  Gb  bsp_uart_fifo.o [1]
RS485_sendbuf           0x08038685     0x3c  Code  Gb  bsp_uart_fifo.o [1]
ReadValue1              0x2001ef6e      0x2  Data  Gb  encoder.o [1]
ReadValue2              0x2001ef70      0x2  Data  Gb  encoder.o [1]
Region$$Table$$Base     0x080412f8            --   Gb  - Linker created -
Region$$Table$$Limit    0x0804132c            --   Gb  - Linker created -
SDCardInfo              0x2001ea60     0x58  Data  Gb  bsp_sdio_sd.o [1]
SDEnWideBus             0x0803d319    0x198  Code  Lc  bsp_sdio_sd.o [1]
SDIO_ClearFlag          0x0803e595      0x6  Code  Gb  stm32f4xx_sdio.o [1]
SDIO_ClearITPendingBit  0x0803e5b5      0x6  Code  Gb  stm32f4xx_sdio.o [1]
SDIO_ClockCmd           0x0803e4c3      0x8  Code  Gb  stm32f4xx_sdio.o [1]
SDIO_CmdInitStructure   0x2001ed08     0x14  Data  Gb  bsp_sdio_sd.o [1]
SDIO_DMACmd             0x0803e555      0x8  Code  Gb  stm32f4xx_sdio.o [1]
SDIO_DataConfig         0x0803e521     0x2e  Code  Gb  stm32f4xx_sdio.o [1]
SDIO_DataInitStructure  0x2001ecd8     0x18  Data  Gb  bsp_sdio_sd.o [1]
SDIO_DeInit             0x0803e481     0x18  Code  Gb  stm32f4xx_sdio.o [1]
SDIO_GetCommandResponse
                        0x0803e503      0x8  Code  Gb  stm32f4xx_sdio.o [1]
SDIO_GetFlagStatus      0x0803e57b     0x1a  Code  Gb  stm32f4xx_sdio.o [1]
SDIO_GetITStatus        0x0803e59b     0x1a  Code  Gb  stm32f4xx_sdio.o [1]
SDIO_GetPowerState      0x0803e4d1      0xa  Code  Gb  stm32f4xx_sdio.o [1]
SDIO_GetResponse        0x0803e50b     0x16  Code  Gb  stm32f4xx_sdio.o [1]
SDIO_IRQHandler         0x0803d901      0x8  Code  Gb  bsp_sdio_sd.o [1]
SDIO_ITConfig           0x0803e55d     0x1e  Code  Gb  stm32f4xx_sdio.o [1]
SDIO_Init               0x0803e499     0x2a  Code  Gb  stm32f4xx_sdio.o [1]
SDIO_InitStructure      0x2001ecc0     0x18  Data  Gb  bsp_sdio_sd.o [1]
SDIO_Interrupts_Config  0x0803d8c5     0x3c  Code  Gb  bsp_sdio_sd.o [1]
SDIO_ReadData           0x0803e54f      0x6  Code  Gb  stm32f4xx_sdio.o [1]
SDIO_SendCommand        0x0803e4db     0x28  Code  Gb  stm32f4xx_sdio.o [1]
SDIO_SetPowerState      0x0803e4cb      0x6  Code  Gb  stm32f4xx_sdio.o [1]
SDWE_WARNNING           0x08030711     0x2a  Code  Gb  bsp_sdwe050c17.o [1]
SD_Detect               0x0803bfbd     0x22  Code  Gb  bsp_sdio_sd.o [1]
SD_EnableWideBusOperation
                        0x0803c7b9     0xc8  Code  Gb  bsp_sdio_sd.o [1]
SD_GetCardInfo          0x0803c3cd    0x3ec  Code  Gb  bsp_sdio_sd.o [1]
SD_GetState             0x0803bf93     0x2a  Code  Gb  bsp_sdio_sd.o [1]
SD_GetStatus            0x0803bf71     0x22  Code  Gb  bsp_sdio_sd.o [1]
SD_Init                 0x0803beb9     0xb8  Code  Gb  bsp_sdio_sd.o [1]
SD_InitializeCards      0x0803c22b    0x1a2  Code  Gb  bsp_sdio_sd.o [1]
SD_LowLevel_DMA_RxConfig
                        0x0803d80f     0x8e  Code  Gb  bsp_sdio_sd.o [1]
SD_LowLevel_DMA_TxConfig
                        0x0803d781     0x8e  Code  Gb  bsp_sdio_sd.o [1]
SD_LowLevel_Init        0x0803d6bd     0xbc  Code  Gb  bsp_sdio_sd.o [1]
SD_PowerON              0x0803bfdf    0x24c  Code  Gb  bsp_sdio_sd.o [1]
SD_ProcessDMAIRQ        0x0803cffd     0x22  Code  Gb  bsp_sdio_sd.o [1]
SD_ProcessIRQSrc        0x0803cf4f     0xae  Code  Gb  bsp_sdio_sd.o [1]
SD_ReadBlock            0x0803c8b9    0x108  Code  Gb  bsp_sdio_sd.o [1]
SD_ReadMultiBlocks      0x0803c9c1    0x134  Code  Gb  bsp_sdio_sd.o [1]
SD_SelectDeselect       0x0803c881     0x38  Code  Gb  bsp_sdio_sd.o [1]
SD_SendStatus           0x0803cee1     0x6e  Code  Gb  bsp_sdio_sd.o [1]
SD_StopTransfer         0x0803ce99     0x44  Code  Gb  bsp_sdio_sd.o [1]
SD_WaitReadOperation    0x0803caf9     0x96  Code  Gb  bsp_sdio_sd.o [1]
SD_WriteBlock           0x0803cb99    0x11e  Code  Gb  bsp_sdio_sd.o [1]
SD_WriteMultiBlocks     0x0803ccc5    0x1cc  Code  Gb  bsp_sdio_sd.o [1]
SPI1_Init               0x080389f1     0xc0  Code  Gb  bsp_spi.o [1]
SPI1_ReadWriteByte      0x08038ad9     0x32  Code  Gb  bsp_spi.o [1]
SPI1_SetSpeed           0x08038ab1     0x28  Code  Gb  bsp_spi.o [1]
SPI_Cmd                 0x0803b031     0x1c  Code  Gb  stm32f4xx_spi.o [1]
SPI_I2S_GetFlagStatus   0x0803b04d     0x18  Code  Gb  stm32f4xx_spi.o [1]
SPI_Init                0x0803aff1     0x40  Code  Gb  stm32f4xx_spi.o [1]
SRC_Buffer              0x2000017c     0x14  Data  Gb  bsp_servomotor.o [1]
SVC_Handler             0x0803ad4d           Code  Gb  portasm.o [1]
SYSCFG_EXTILineConfig   0x08040ce1     0x50  Code  Gb  stm32f4xx_syscfg.o [1]
Sdwe_ClearReadDisk      0x080307e7     0x1c  Code  Gb  bsp_sdwe050c17.o [1]
Sdwe_change_class_time  0x08030c53     0x30  Code  Gb  bsp_sdwe050c17.o [1]
Sdwe_clearString        0x0803073b     0x54  Code  Gb  bsp_sdwe050c17.o [1]
Sdwe_clear_filename     0x08030833     0x2a  Code  Gb  bsp_sdwe050c17.o [1]
Sdwe_disDigi            0x080305eb     0xa4  Code  Gb  bsp_sdwe050c17.o [1]
Sdwe_disPicture         0x080305a1     0x4a  Code  Gb  bsp_sdwe050c17.o [1]
Sdwe_disString          0x0803068f     0x82  Code  Gb  bsp_sdwe050c17.o [1]
Sdwe_hidden_page        0x08030ceb     0x30  Code  Gb  bsp_sdwe050c17.o [1]
Sdwe_peiliao_page       0x08030b5d     0xf6  Code  Gb  bsp_sdwe050c17.o [1]
Sdwe_period_page        0x08030c83     0x68  Code  Gb  bsp_sdwe050c17.o [1]
Sdwe_product_page       0x080309db    0x182  Code  Gb  bsp_sdwe050c17.o [1]
Sdwe_readRTC            0x08030803     0x30  Code  Gb  bsp_sdwe050c17.o [1]
Sdwe_refresh_allname    0x08030993     0x48  Code  Gb  bsp_sdwe050c17.o [1]
Sdwe_refresh_filename   0x0803085d    0x136  Code  Gb  bsp_sdwe050c17.o [1]
Sdwe_stop_page          0x08030d1b    0x36a  Code  Gb  bsp_sdwe050c17.o [1]
Sdwe_writeIcon          0x0803078f     0x58  Code  Gb  bsp_sdwe050c17.o [1]
ServoMotorRunning       0x08036ba9     0x24  Code  Gb  bsp_servomotor.o [1]
SetSysClock             0x0804080b     0xce  Code  Lc  system_stm32f4xx.o [1]
SlavePara               0x2001e754     0xa4  Data  Gb  protocol.o [1]
StepMotor_adjust_speed  0x08035a23     0x36  Code  Gb  bsp_stepmotor.o [1]
StepMotor_start         0x08035a85     0x2c  Code  Gb  bsp_stepmotor.o [1]
StepMotor_stop          0x08035a59     0x2c  Code  Gb  bsp_stepmotor.o [1]
StopCondition           0x2001eebc      0x4  Data  Gb  bsp_sdio_sd.o [1]
SysTick_Handler         0x08037843     0x2c  Code  Gb  port.o [1]
SystemCoreClock         0x200001c0      0x4  Data  Gb  system_stm32f4xx.o [1]
SystemInit              0x080407b9     0x52  Code  Gb  system_stm32f4xx.o [1]
TI1_Config              0x080366a5     0x38  Code  Lc  stm32f4xx_tim.o [1]
TI2_Config              0x080366dd     0x42  Code  Lc  stm32f4xx_tim.o [1]
TI3_Config              0x0803671f     0x40  Code  Lc  stm32f4xx_tim.o [1]
TI4_Config              0x0803675f     0x42  Code  Lc  stm32f4xx_tim.o [1]
TIM1_PWM_SETPMOTOR      0x08035985     0x9e  Code  Gb  bsp_stepmotor.o [1]
TIM2_IRQHandler         0x0803892d     0xac  Code  Gb  bsp_timer.o [1]
TIM3CH2_CAPTURE_STA     0x2001ef8c      0x1  Data  Gb  encoder.o [1]
TIM3CH2_CAPTURE_VAL     0x2001eed8      0x4  Data  Gb  encoder.o [1]
TIM3_IRQHandler         0x08036ea3     0xc0  Code  Gb  encoder.o [1]
TIM3_PWM_SETPMOTOR      0x0803591d     0x68  Code  Gb  bsp_stepmotor.o [1]
TIM4_CH1_ConfigPwmOut   0x080367a1     0x1c  Code  Gb  bsp_servomotor.o [1]
TIM4_CH1_GPIO_Configuration
                        0x08036817     0x42  Code  Gb  bsp_servomotor.o [1]
TIM4_CH1_PWMDMA_Config  0x08036995     0xb0  Code  Gb  bsp_servomotor.o [1]
TIM4_CH1_StartPwmOut    0x080367bd     0x2c  Code  Gb  bsp_servomotor.o [1]
TIM4_CH1_StopPwmOut     0x080367e9     0x2e  Code  Gb  bsp_servomotor.o [1]
TIM4_CH2_ConfigPwmOut   0x08036a45     0x1c  Code  Gb  bsp_servomotor.o [1]
TIM4_CH2_GPIO_Configuration
                        0x08036abb     0x3e  Code  Gb  bsp_servomotor.o [1]
TIM4_CH2_PWMDMA_Config  0x08036af9     0xb0  Code  Gb  bsp_servomotor.o [1]
TIM4_CH2_StartPwmOut    0x08036a61     0x2c  Code  Gb  bsp_servomotor.o [1]
TIM4_CH2_StopPwmOut     0x08036a8d     0x2e  Code  Gb  bsp_servomotor.o [1]
TIM4_PWM_Config         0x080368d1     0xc4  Code  Gb  bsp_servomotor.o [1]
TIM6_DAC_IRQHandler     0x08040fc3     0x22  Code  Gb  SysInfoTest.o [1]
TIM8_CC_IRQHandler      0x08036dd1     0xd2  Code  Gb  encoder.o [1]
TIM_ARRPreloadConfig    0x0803629b     0x1c  Code  Gb  stm32f4xx_tim.o [1]
TIM_CallBack1           0x0802ece9     0x3c  Code  Gb  apptask.o [1]
TIM_ClearITPendingBit   0x08036687      0x8  Code  Gb  stm32f4xx_tim.o [1]
TIM_Cmd                 0x080362b7     0x1c  Code  Gb  stm32f4xx_tim.o [1]
TIM_CtrlPWMOutputs      0x0803661d     0x22  Code  Gb  stm32f4xx_tim.o [1]
TIM_DMACmd              0x0803668f     0x16  Code  Gb  stm32f4xx_tim.o [1]
TIM_DeInit              0x080360b5    0x17c  Code  Gb  stm32f4xx_tim.o [1]
TIM_GetITStatus         0x08036655     0x32  Code  Gb  stm32f4xx_tim.o [1]
TIM_ICInit              0x08036561     0x70  Code  Gb  stm32f4xx_tim.o [1]
TIM_ITConfig            0x0803663f     0x16  Code  Gb  stm32f4xx_tim.o [1]
TIM_OC1Init             0x080362d3     0x7e  Code  Gb  stm32f4xx_tim.o [1]
TIM_OC2Init             0x08036351     0x8c  Code  Gb  stm32f4xx_tim.o [1]
TIM_OC2PreloadConfig    0x08036527     0x14  Code  Gb  stm32f4xx_tim.o [1]
TIM_OC3Init             0x080363dd     0x8a  Code  Gb  stm32f4xx_tim.o [1]
TIM_OC3PreloadConfig    0x0803653b     0x12  Code  Gb  stm32f4xx_tim.o [1]
TIM_OC4Init             0x08036467     0x68  Code  Gb  stm32f4xx_tim.o [1]
TIM_OC4PreloadConfig    0x0803654d     0x14  Code  Gb  stm32f4xx_tim.o [1]
TIM_OCStructInit        0x08036505     0x22  Code  Gb  stm32f4xx_tim.o [1]
TIM_SetIC1Prescaler     0x080365d1     0x12  Code  Gb  stm32f4xx_tim.o [1]
TIM_SetIC2Prescaler     0x080365e3     0x14  Code  Gb  stm32f4xx_tim.o [1]
TIM_SetIC3Prescaler     0x080365f7     0x12  Code  Gb  stm32f4xx_tim.o [1]
TIM_SetIC4Prescaler     0x08036609     0x14  Code  Gb  stm32f4xx_tim.o [1]
TIM_TimeBaseInit        0x08036231     0x6a  Code  Gb  stm32f4xx_tim.o [1]
Task_iwdg_refresh       0x0802ef2d     0x56  Code  Gb  apptask.o [1]
TransferEnd             0x2001eec0      0x4  Data  Gb  bsp_sdio_sd.o [1]
TransferError           0x2001ef89      0x1  Data  Gb  bsp_sdio_sd.o [1]
UART1ToPC               0x08038625     0x30  Code  Gb  bsp_uart_fifo.o [1]
UART2ToPC               0x08038655     0x30  Code  Gb  bsp_uart_fifo.o [1]
UART2_RX_BUF            0x2001e9f8     0x64  Data  Gb  bsp_uart_fifo.o [1]
UART3ToPC               0x080386c1     0x30  Code  Gb  bsp_uart_fifo.o [1]
UART4ToPC               0x080386f1     0x30  Code  Gb  bsp_uart_fifo.o [1]
UART4_IRQHandler        0x08038537     0x84  Code  Gb  bsp_uart_fifo.o [1]
UART4_RX_BUF            0x2001e994     0x64  Data  Gb  bsp_uart_fifo.o [1]
UART5ToPC               0x08038721     0x30  Code  Gb  bsp_uart_fifo.o [1]
UART5_IRQHandler        0x080385bb     0x6a  Code  Gb  bsp_uart_fifo.o [1]
USART1_IRQHandler       0x080384a7     0x1e  Code  Gb  bsp_uart_fifo.o [1]
USART2_IRQHandler       0x080384c5     0x68  Code  Gb  bsp_uart_fifo.o [1]
USART3_IRQHandler       0x0803852d      0xa  Code  Gb  bsp_uart_fifo.o [1]
USART_ClearFlag         0x0803af4f      0xc  Code  Gb  stm32f4xx_usart.o [1]
USART_ClearITPendingBit
                        0x0803afcb     0x26  Code  Gb  stm32f4xx_usart.o [1]
USART_Cmd               0x0803ae99     0x1c  Code  Gb  stm32f4xx_usart.o [1]
USART_DMACmd            0x0803aec5     0x16  Code  Gb  stm32f4xx_usart.o [1]
USART_GetFlagStatus     0x0803af31     0x1e  Code  Gb  stm32f4xx_usart.o [1]
USART_GetITStatus       0x0803af5b     0x70  Code  Gb  stm32f4xx_usart.o [1]
USART_ITConfig          0x0803aedb     0x56  Code  Gb  stm32f4xx_usart.o [1]
USART_Init              0x0803ad9d     0xee  Code  Gb  stm32f4xx_usart.o [1]
USART_ReceiveData       0x0803aebd      0x8  Code  Gb  stm32f4xx_usart.o [1]
USART_SendData          0x0803aeb5      0x8  Code  Gb  stm32f4xx_usart.o [1]
USBH_Alloc_Channel      0x08039d69     0x2e  Code  Gb  usbh_hcs.o [1]
USBH_BulkReceiveData    0x0803a40d     0x62  Code  Gb  usbh_ioreq.o [1]
USBH_BulkSendData       0x0803a3ab     0x62  Code  Gb  usbh_ioreq.o [1]
USBH_CfgDesc            0x2001e324    0x200  Data  Gb  usbh_stdreq.o [1]
USBH_ClrFeature         0x08039fb3     0x4c  Code  Gb  usbh_stdreq.o [1]
USBH_Connected          0x08032b49      0xc  Code  Gb  usbh_core.o [1]
USBH_CtlReceiveData     0x0803a365     0x46  Code  Gb  usbh_ioreq.o [1]
USBH_CtlReq             0x0803a23f     0x6e  Code  Gb  usbh_ioreq.o [1]
USBH_CtlSendData        0x0803a2f1     0x74  Code  Gb  usbh_ioreq.o [1]
USBH_CtlSendSetup       0x0803a2ad     0x44  Code  Gb  usbh_ioreq.o [1]
USBH_DataInBuffer       0x2001e124    0x200  Data  Gb  usbh_msc_scsi.o [1]
USBH_DeAllocate_AllChannel
                        0x08039dbb     0x20  Code  Gb  usbh_hcs.o [1]
USBH_DeInit             0x08032baf     0x3e  Code  Gb  usbh_core.o [1]
USBH_Disconnected       0x08032b55      0xc  Code  Gb  usbh_core.o [1]
USBH_ErrorHandle        0x08032dbf     0x34  Code  Gb  usbh_core.o [1]
USBH_Free_Channel       0x08039d97     0x24  Code  Gb  usbh_hcs.o [1]
USBH_GetDescriptor      0x08039f13     0x4e  Code  Gb  usbh_stdreq.o [1]
USBH_GetFreeChannel     0x08039ddb     0x2e  Code  Lc  usbh_hcs.o [1]
USBH_GetNextDesc        0x0803a227     0x18  Code  Gb  usbh_stdreq.o [1]
USBH_Get_CfgDesc        0x08039e4f     0x78  Code  Gb  usbh_stdreq.o [1]
USBH_Get_DevDesc        0x08039e09     0x46  Code  Gb  usbh_stdreq.o [1]
USBH_Get_StringDesc     0x08039ec7     0x4c  Code  Gb  usbh_stdreq.o [1]
USBH_HCD_INT_cb         0x200001b0      0xc  Data  Gb  usbh_core.o [1]
USBH_HCD_INT_fops       0x200001c4      0x4  Data  Gb  usbh_core.o [1]
USBH_HandleControl      0x08033007    0x29a  Code  Gb  usbh_core.o [1]
USBH_HandleEnum         0x08032df3    0x214  Code  Lc  usbh_core.o [1]
USBH_Init               0x08032b67     0x48  Code  Gb  usbh_core.o [1]
USBH_MSC_BOTReset       0x0803f5c1     0x28  Code  Lc  usbh_msc_core.o [1]
USBH_MSC_BOTXferParam   0x2001edec     0x10  Data  Gb  usbh_msc_bot.o [1]
USBH_MSC_BOT_Abort      0x0803e371     0x5c  Code  Gb  usbh_msc_bot.o [1]
USBH_MSC_CBWData        0x2001eca0     0x20  Data  Gb  usbh_msc_bot.o [1]
USBH_MSC_CSWData        0x2001eddc     0x10  Data  Gb  usbh_msc_bot.o [1]
USBH_MSC_ClassRequest   0x0803f3af     0x12  Code  Lc  usbh_msc_core.o [1]
USBH_MSC_DecodeCSW      0x0803e3cd     0x7a  Code  Gb  usbh_msc_bot.o [1]
USBH_MSC_ErrorHandle    0x0803f611     0x3e  Code  Gb  usbh_msc_core.o [1]
USBH_MSC_GETMaxLUN      0x0803f5e9     0x28  Code  Lc  usbh_msc_core.o [1]
USBH_MSC_Handle         0x0803f3c1    0x200  Code  Lc  usbh_msc_core.o [1]
USBH_MSC_HandleBOTXfer  0x0803df6d    0x404  Code  Gb  usbh_msc_bot.o [1]
USBH_MSC_Init           0x0803df29     0x44  Code  Gb  usbh_msc_bot.o [1]
USBH_MSC_InterfaceDeInit
                        0x0803f363     0x4c  Code  Lc  usbh_msc_core.o [1]
USBH_MSC_InterfaceInit  0x0803f27d     0xe6  Code  Lc  usbh_msc_core.o [1]
USBH_MSC_ModeSense6     0x0803db23    0x10c  Code  Gb  usbh_msc_scsi.o [1]
USBH_MSC_Param          0x2001edfc     0x10  Data  Gb  usbh_msc_scsi.o [1]
USBH_MSC_Read10         0x0803de09    0x106  Code  Gb  usbh_msc_scsi.o [1]
USBH_MSC_ReadCapacity10
                        0x0803d9f9    0x12a  Code  Gb  usbh_msc_scsi.o [1]
USBH_MSC_RequestSense   0x0803dc2f     0xee  Code  Gb  usbh_msc_scsi.o [1]
USBH_MSC_TestUnitReady  0x0803d911     0xe8  Code  Gb  usbh_msc_scsi.o [1]
USBH_MSC_Write10        0x0803dd1d     0xec  Code  Gb  usbh_msc_scsi.o [1]
USBH_MSC_cb             0x200001a0     0x10  Data  Gb  usbh_msc_core.o [1]
USBH_Modify_Channel     0x08039cf5     0x74  Code  Gb  usbh_hcs.o [1]
USBH_OTG_ISR_Handler    0x0803e5fd     0xb8  Code  Gb  usb_hcd_int.o [1]
USBH_Open_Channel       0x08039c4f     0xa6  Code  Gb  usbh_hcs.o [1]
USBH_ParseCfgDesc       0x0803a05b    0x13c  Code  Lc  usbh_stdreq.o [1]
USBH_ParseDevDesc       0x08039fff     0x5c  Code  Lc  usbh_stdreq.o [1]
USBH_ParseEPDesc        0x0803a1cb     0x20  Code  Lc  usbh_stdreq.o [1]
USBH_ParseInterfaceDesc
                        0x0803a1a5     0x26  Code  Lc  usbh_stdreq.o [1]
USBH_ParseStringDesc    0x0803a1eb     0x3c  Code  Lc  usbh_stdreq.o [1]
USBH_Process            0x08032bed    0x1d2  Code  Gb  usbh_core.o [1]
USBH_SOF                0x08032b61      0x6  Code  Gb  usbh_core.o [1]
USBH_SetAddress         0x08039f61     0x2a  Code  Gb  usbh_stdreq.o [1]
USBH_SetCfg             0x08039f8b     0x28  Code  Gb  usbh_stdreq.o [1]
USBH_SubmitSetupRequest
                        0x0803a46f     0x16  Code  Lc  usbh_ioreq.o [1]
USBH_USR_Configuration_DescAvailable
                        0x08032a51     0x26  Code  Gb  usbh_usr.o [1]
USBH_USR_DeInit         0x08032b45      0x2  Code  Gb  usbh_usr.o [1]
USBH_USR_DeviceAddressAssigned
                        0x08032a4f      0x2  Code  Gb  usbh_usr.o [1]
USBH_USR_DeviceAttached
                        0x080329c9      0xa  Code  Gb  usbh_usr.o [1]
USBH_USR_DeviceDisconnected
                        0x080329dd     0x1a  Code  Gb  usbh_usr.o [1]
USBH_USR_DeviceNotSupported
                        0x08032abb      0xa  Code  Gb  usbh_usr.o [1]
USBH_USR_DeviceSpeedDetected
                        0x08032a01     0x36  Code  Gb  usbh_usr.o [1]
USBH_USR_Device_DescAvailable
                        0x08032a37     0x18  Code  Gb  usbh_usr.o [1]
USBH_USR_EnumerationDone
                        0x08032aa1     0x1a  Code  Gb  usbh_usr.o [1]
USBH_USR_Init           0x080329a5     0x24  Code  Gb  usbh_usr.o [1]
USBH_USR_MSC_Application
                        0x08032b41      0x4  Code  Gb  usbh_usr.o [1]
USBH_USR_Manufacturer_String
                        0x08032a77      0xe  Code  Gb  usbh_usr.o [1]
USBH_USR_OverCurrentDetected
                        0x08032ac9      0xa  Code  Gb  usbh_usr.o [1]
USBH_USR_Product_String
                        0x08032a85      0xe  Code  Gb  usbh_usr.o [1]
USBH_USR_ResetDevice    0x080329f7      0xa  Code  Gb  usbh_usr.o [1]
USBH_USR_SerialNum_String
                        0x08032a93      0xe  Code  Gb  usbh_usr.o [1]
USBH_USR_UnrecoveredError
                        0x080329d3      0xa  Code  Gb  usbh_usr.o [1]
USBH_USR_UserInput      0x08032ac5      0x4  Code  Gb  usbh_usr.o [1]
USB_Host                0x2001e890     0x94  Data  Gb  usbh_usr.o [1]
USB_OTG_BSP_DisableInterrupt
                        0x08039add     0x22  Code  Gb  usb_bsp.o [1]
USB_OTG_BSP_EnableInterrupt
                        0x08039aff     0x54  Code  Gb  usb_bsp.o [1]
USB_OTG_BSP_Init        0x08039a2d     0xb0  Code  Gb  usb_bsp.o [1]
USB_OTG_BSP_mDelay      0x08039b6d      0xc  Code  Gb  usb_bsp.o [1]
USB_OTG_BSP_uDelay      0x08039b61      0xc  Code  Gb  usb_bsp.o [1]
USB_OTG_Core            0x2001d3cc    0x5ac  Data  Gb  usbh_usr.o [1]
USB_OTG_CoreInit        0x0803b641     0xce  Code  Gb  usb_core.o [1]
USB_OTG_CoreInitHost    0x0803b84d     0xd0  Code  Gb  usb_core.o [1]
USB_OTG_CoreReset       0x0803b48b     0x60  Code  Lc  usb_core.o [1]
USB_OTG_DisableGlobalInt
                        0x0803b72d     0x1e  Code  Gb  usb_core.o [1]
USB_OTG_DriveVbus       0x0803b92d     0x54  Code  Gb  usb_core.o [1]
USB_OTG_EnableCommonInt
                        0x0803b469     0x22  Code  Lc  usb_core.o [1]
USB_OTG_EnableGlobalInt
                        0x0803b70f     0x1e  Code  Gb  usb_core.o [1]
USB_OTG_EnableHostInt   0x0803b981     0x4e  Code  Gb  usb_core.o [1]
USB_OTG_FlushRxFifo     0x0803b793     0x40  Code  Gb  usb_core.o [1]
USB_OTG_FlushTxFifo     0x0803b74b     0x48  Code  Gb  usb_core.o [1]
USB_OTG_GetMode         0x0803b819      0xa  Code  Gb  usb_core.o [1]
USB_OTG_HC_DoPing       0x0803be71     0x48  Code  Gb  usb_core.o [1]
USB_OTG_HC_Halt         0x0803bdfd     0x74  Code  Gb  usb_core.o [1]
USB_OTG_HC_Init         0x0803ba2d    0x1d0  Code  Gb  usb_core.o [1]
USB_OTG_HC_StartXfer    0x0803bbfd    0x200  Code  Gb  usb_core.o [1]
USB_OTG_InitFSLSPClkSel
                        0x0803b9cf     0x12  Code  Gb  usb_core.o [1]
USB_OTG_IsEvenFrame     0x0803b91d     0x10  Code  Gb  usb_core.o [1]
USB_OTG_IsHostMode      0x0803b823     0x18  Code  Gb  usb_core.o [1]
USB_OTG_ReadCoreItr     0x0803b83b     0x12  Code  Gb  usb_core.o [1]
USB_OTG_ReadHPRT0       0x0803b9e1     0x1c  Code  Gb  usb_core.o [1]
USB_OTG_ReadPacket      0x0803b533     0x2c  Code  Gb  usb_core.o [1]
USB_OTG_ResetPort       0x0803b9fd     0x30  Code  Gb  usb_core.o [1]
[...]
disk_read               0x0803a4f1     0xdc  Code  Gb  diskio.o [1]
disk_status             0x0803a4c5     0x2c  Code  Gb  diskio.o [1]
disk_write              0x0803a5cd     0xdc  Code  Gb  diskio.o [1]
div                     0x0803b3e5      0xe  Code  Gb  div.o [3]
download_num            0x2001ef80      0x1  Data  Gb  apptask.o [1]
enq_lock                0x080333a7     0x28  Code  Lc  ff.o [1]
exit                    0x0804164b      0x4  Code  Gb  exit.o [3]
f_close                 0x0803539d     0x38  Code  Gb  ff.o [1]
f_mount                 0x08034dd1     0x66  Code  Gb  ff.o [1]
f_open                  0x08034e37    0x20e  Code  Gb  ff.o [1]
f_opendir               0x080353d5     0xb2  Code  Gb  ff.o [1]
f_readdir               0x08035487     0x74  Code  Gb  ff.o [1]
f_sync                  0x080352e7     0xb6  Code  Gb  ff.o [1]
f_write                 0x08035055    0x292  Code  Gb  ff.o [1]
ff_convert              0x0803a769     0x80  Code  Gb  cc936.o [1]
ff_wtoupper             0x0803a7e9     0x64  Code  Gb  cc936.o [1]
file_select             0x2001ee3c      0xc  Data  Gb  protocol.o [1]
final_per_meter         0x08031821     0x1a  Code  Gb  product_cal.o [1]
find_volume             0x08034941    0x45a  Code  Lc  ff.o [1]
fit_lfn                 0x08033e7b     0x88  Code  Lc  ff.o [1]
follow_path             0x080347db     0x90  Code  Lc  ff.o [1]
fputc                   0x08038751     0x22  Code  Gb  bsp_uart_fifo.o [1]
from_speed_step         0x080357bb     0x2e  Code  Gb  page_weimi.o [1]
g_tUart3                0x2001ec04     0x28  Data  Gb  bsp_uart_fifo.o [1]
gen_numname             0x08033f09     0xec  Code  Lc  ff.o [1]
get_card_type           0x08031997     0xe4  Code  Gb  product_cal.o [1]
get_class_time          0x0803189f     0x7a  Code  Gb  product_cal.o [1]
get_fat                 0x080336cf    0x11c  Code  Gb  ff.o [1]
get_fattime             0x0803a74f      0x4  Code  Gb  diskio.o [1]
get_fileinfo            0x08034385    0x13c  Code  Lc  ff.o [1]
get_float_1bit          0x0803187d     0x22  Code  Gb  product_cal.o [1]
get_ldnumber            0x0803486b     0x50  Code  Lc  ff.o [1]
get_main_speed          0x08035789     0x32  Code  Gb  page_weimi.o [1]
get_period_state        0x08031919     0x54  Code  Gb  product_cal.o [1]
get_valid_length        0x0803164d     0x26  Code  Gb  bsp_sdwe050c17.o [1]
get_weimi_para          0x0803573f     0x4a  Code  Gb  page_weimi.o [1]
hex_to_decimal          0x08031673     0x26  Code  Gb  bsp_sdwe050c17.o [1]
idwgEventGroup          0x2001eea8      0x4  Data  Gb  apptask.o [1]
inc_card_type           0x08031a85    0x11c  Code  Gb  product_cal.o [1]
inc_lock                0x080333cf     0xe8  Code  Lc  ff.o [1]
init_peiliao_para       0x08031759     0x50  Code  Gb  product_cal.o [1]
init_product_para       0x08031699     0xc0  Code  Gb  product_cal.o [1]
init_weimi_para         0x0803567f     0xc0  Code  Gb  page_weimi.o [1]
input_password_buf      0x2001ee30      0xc  Data  Gb  protocol.o [1]
input_password_len      0x2001ef93      0x1  Data  Gb  protocol.o [1]
isDevicePeriod          0x2001ef87      0x1  Data  Gb  apptask.o [1]
isWork                  0x2001ef81      0x1  Data  Gb  apptask.o [1]
is_same_data            0x0803196d     0x2a  Code  Gb  product_cal.o [1]
lcd_busy                0x2001ef8a      0x1  Data  Gb  bsp_sdwe050c17.o [1]
lcd_rev_buf             0x2001eba4     0x34  Data  Gb  bsp_sdwe050c17.o [1]
lcd_rev_len             0x2001ef6c      0x2  Data  Gb  bsp_sdwe050c17.o [1]
ld_clust                0x08033cf9     0x28  Code  Lc  ff.o [1]
localeconv              0x0803b3b3     0x16  Code  Gb  localeconv.o [3]
m_ctrl_dev              0x2001ee5c      0x8  Data  Gb  modbus.o [1]
main                    0x0804119d     0x2c  Code  Gb  main.o [1]
mallco_dev              0x20000160     0x1c  Data  Gb  malloc.o [1]
mb_init                 0x08035dad     0x30  Code  Gb  modbus.o [1]
mb_packsend_frame       0x08035cbb     0xf2  Code  Gb  modbus.o [1]
mb_unpack_frame         0x08035b79    0x142  Code  Gb  modbus.o [1]
mc_check_crc16          0x0803a8c9     0x40  Code  Gb  mcheck.o [1]
mc_check_crc8           0x0803a8a5     0x24  Code  Gb  mcheck.o [1]
mc_check_sum            0x0803a85d     0x2e  Code  Gb  mcheck.o [1]
mc_check_xor            0x0803a88b     0x1a  Code  Gb  mcheck.o [1]
mem1base                0x200119cc   0xa000  Data  Gb  malloc.o [1]
mem1mapbase             0x2001c9cc    0xa00  Data  Gb  malloc.o [1]
mem2base                0x68000000  0xf0000  Data  Gb  malloc.o [1]
mem2mapbase             0x680f0000   0xf000  Data  Gb  malloc.o [1]
mem_cmp                 0x080332db     0x24  Code  Lc  ff.o [1]
mem_cpy                 0x080332a9     0x1c  Code  Lc  ff.o [1]
mem_set                 0x080332c5     0x16  Code  Lc  ff.o [1]
memblksize              0x08041bb4      0x8  Data  Gb  malloc.o [1]
memchr                  0x0803b07d           Code  Gb  memchr.o [5]
memsize                 0x08041bbc      0x8  Data  Gb  malloc.o [1]
memtblsize              0x08041bac      0x8  Data  Gb  malloc.o [1]
modbus_send_frame       0x08035ddd     0xe6  Code  Gb  modbus.o [1]
move_window             0x0803359d     0x40  Code  Lc  ff.o [1]
my_mem_free             0x0803222f     0x6c  Code  Gb  malloc.o [1]
my_mem_init             0x080320f3     0x42  Code  Gb  malloc.o [1]
my_mem_malloc           0x08032173     0xbc  Code  Gb  malloc.o [1]
my_mem_perused          0x08032135     0x3e  Code  Gb  malloc.o [1]
myfree                  0x0803229b     0x24  Code  Gb  malloc.o [1]
mymalloc                0x080322bf     0x2a  Code  Gb  malloc.o [1]
mymemset                0x080320dd     0x16  Code  Gb  malloc.o [1]
obuf                    0x2001eb08     0x50  Data  Lc  xfiles.o [3]
oem2uni                 0x0801560c  0x15484  Data  Lc  cc936.o [1]
old_card_record         0x2001ef85      0x1  Data  Gb  apptask.o [1]
old_isWork              0x2001ef82      0x1  Data  Gb  apptask.o [1]
old_plan_complete       0x2001ef91      0x1  Data  Gb  product_cal.o [1]
para_init               0x0804005b     0x80  Code  Gb  para.o [1]
pcInterruptPriorityRegisters
                        0x08041bf0      0x4  Data  Lc  port.o [1]
peiliao_para            0x2001ebd8     0x2c  Data  Gb  product_cal.o [1]
pick_lfn                0x08033def     0x8c  Code  Lc  ff.o [1]
plan_complete           0x2001ef90      0x1  Data  Gb  product_cal.o [1]
pluse_count             0x2001ef66      0x2  Data  Gb  apptask.o [1]
printf                  0x08032075     0x24  Code  Gb  printf.o [3]
product_complete_kilo   0x0803184d     0x30  Code  Gb  product_cal.o [1]
product_complete_meter  0x0803183b     0x12  Code  Gb  product_cal.o [1]
product_para            0x2001ec54     0x28  Data  Gb  product_cal.o [1]
product_per_meter       0x080317a9     0x78  Code  Gb  product_cal.o [1]
prvAddCurrentTaskToDelayedList
                        0x0802faf1     0x48  Code  Lc  tasks.o [1]
prvAllocateTCBAndStack  0x0802fb39     0x5a  Code  Lc  tasks.o [1]
prvCheckForValidListAndQueue
                        0x08037643     0x52  Code  Lc  timers.o [1]
prvCheckTasksWaitingTermination
                        0x0802fa87     0x66  Code  Lc  tasks.o [1]
prvCopyDataFromQueue    0x08030321     0x30  Code  Lc  queue.o [1]
prvCopyDataToQueue      0x0803029d     0x84  Code  Lc  queue.o [1]
prvDeleteTCB            0x0802fb93     0x12  Code  Lc  tasks.o [1]
prvGetNextExpireTime    0x0803742f     0x2e  Code  Lc  timers.o [1]
prvHeapInit             0x08037b31     0x6e  Code  Lc  heap_4.o [1]
prvIdleTask             0x0802f9a1     0x26  Code  Lc  tasks.o [1]
prvInitialiseTCBVariables
                        0x0802f9c7     0x6a  Code  Lc  tasks.o [1]
prvInitialiseTaskLists  0x0802fa31     0x56  Code  Lc  tasks.o [1]
prvInsertBlockIntoFreeList
                        0x08037b9f     0x62  Code  Lc  heap_4.o [1]
prvInsertTimerInActiveList
                        0x08037485     0x50  Code  Lc  timers.o [1]
prvIsQueueEmpty         0x080303bb     0x20  Code  Lc  queue.o [1]
prvIsQueueFull          0x080303db     0x22  Code  Lc  queue.o [1]
prvProcessExpiredTimer  0x08037347     0x5c  Code  Lc  timers.o [1]
prvProcessReceivedCommands
                        0x080374d5     0xde  Code  Lc  timers.o [1]
prvProcessTimerOrBlockTask
                        0x080373bf     0x70  Code  Lc  timers.o [1]
prvResetNextTaskUnblockTime
                        0x0802fba5     0x26  Code  Lc  tasks.o [1]
prvSampleTimeNow        0x0803745d     0x28  Code  Lc  timers.o [1]
prvSwitchTimerLists     0x080375b3     0x90  Code  Lc  timers.o [1]
prvTaskExitError        0x080376e1     0x2a  Code  Lc  port.o [1]
prvTestWaitCondition    0x080371eb     0x24  Code  Lc  event_groups.o [1]
prvTimerTask            0x080373a5     0x1a  Code  Lc  timers.o [1]
prvUnlockQueue          0x08030351     0x6a  Code  Lc  queue.o [1]
put_fat                 0x080337eb    0x16c  Code  Gb  ff.o [1]
putchar                 0x080417f5      0xc  Code  Gb  putchar.o [3]
pvPortMalloc            0x080379a1    0x118  Code  Gb  heap_4.o [1]
pxCurrentTCB            0x2001ef04      0x4  Data  Gb  tasks.o [1]
pxCurrentTimerList      0x2001ef44      0x4  Data  Lc  timers.o [1]
pxDelayedTaskList       0x2001ef08      0x4  Data  Lc  tasks.o [1]
pxEnd                   0x2001eee4      0x4  Data  Lc  heap_4.o [1]
pxOverflowDelayedTaskList
                        0x2001ef0c      0x4  Data  Lc  tasks.o [1]
pxOverflowTimerList     0x2001ef48      0x4  Data  Lc  timers.o [1]
pxPortInitialiseStack   0x080376bd     0x24  Code  Gb  port.o [1]
pxReadyTasksLists       0x2001e68c     0xc8  Data  Lc  tasks.o [1]
rc522_cmd_anticoll      0x08035b1d     0x5a  Code  Gb  rc522.o [1]
rc522_cmd_request       0x08035ac9     0x54  Code  Gb  rc522.o [1]
readSlave               0x2001ee18      0xc  Data  Gb  apptask.o [1]
read_device_info        0x0803fe1d    0x23e  Code  Gb  para.o [1]
read_file_select        0x2001ee48      0xc  Data  Gb  protocol.o [1]
remove_chain            0x08033957     0x76  Code  Lc  ff.o [1]
rfid_rev_buf            0x2001ed1c     0x14  Data  Gb  rc522.o [1]
rfid_rev_cnt            0x2001ef95      0x1  Data  Gb  rc522.o [1]
rfid_rev_flag           0x2001ef94      0x1  Data  Gb  rc522.o [1]
rtc_time                0x2001ee64      0x8  Data  Gb  protocol.o [1]
s_TIM_CallBack1         0x2001eec8      0x4  Data  Lc  bsp_timer.o [1]
s_TIM_CallBack2         0x2001eecc      0x4  Data  Lc  bsp_timer.o [1]
s_TIM_CallBack3         0x2001eed0      0x4  Data  Lc  bsp_timer.o [1]
s_TIM_CallBack4         0x2001eed4      0x4  Data  Lc  bsp_timer.o [1]
sample_time             0x2001ef64      0x2  Data  Gb  apptask.o [1]
sdew_weimi_page1        0x080310bd    0x236  Code  Gb  bsp_sdwe050c17.o [1]
sdew_weimi_page2        0x080312f3    0x236  Code  Gb  bsp_sdwe050c17.o [1]
sdew_weisha_page1       0x08031529     0x92  Code  Gb  bsp_sdwe050c17.o [1]
sdew_weisha_page2       0x080315bb     0x92  Code  Gb  bsp_sdwe050c17.o [1]
slave_info              0x2001ee0c      0xc  Data  Gb  apptask.o [1]
speed_zhu               0x2001ef78      0x2  Data  Gb  page_weimi.o [1]
sprintf                 0x0803550d     0x34  Code  Gb  sprintf.o [3]
st_clust                0x08033d21     0x18  Code  Lc  ff.o [1]
strcat                  0x08035541     0x1c  Code  Gb  strcat.o [3]
strchr                  0x0803b065           Code  Gb  strchr.o [5]
strlen                  0x080328f5           Code  Gb  strlen.o [5]
strstr                  0x08035f79     0x10  Code  Gb  apptask.o [1]
sum_sfn                 0x08033ff5     0x20  Code  Lc  ff.o [1]
sync_fs                 0x080335dd     0xd8  Code  Lc  ff.o [1]
sync_window             0x08033543     0x5a  Code  Lc  ff.o [1]
system_state_dis        0x08040628    0x190  Data  Gb  product_cal.o [1]
total_meter_gross       0x2001eef8      0x4  Data  Gb  product_cal.o [1]
total_weight_gross      0x2001eefc      0x4  Data  Gb  product_cal.o [1]
ucHeap                  0x200001cc  0x11800  Data  Lc  heap_4.o [1]
ucMaxSysCallPriority    0x2001ef8f      0x1  Data  Lc  port.o [1]
ulHighFrequencyTimerTicks
                        0x2001ef00      0x4  Data  Gb  SysInfoTest.o [1]
ulMaxPRIGROUPValue      0x2001eef4      0x4  Data  Lc  port.o [1]
ulTaskSwitchedInTime    0x2001ef3c      0x4  Data  Lc  tasks.o [1]
ulTotalRunTime          0x2001ef40      0x4  Data  Lc  tasks.o [1]
uni2oem                 0x08000188  0x15484  Data  Lc  cc936.o [1]
usb_disk_flag           0x2001ef83      0x1  Data  Gb  apptask.o [1]
usbh_OpenMassStorage    0x08032991     0x14  Code  Gb  usbh_usr.o [1]
uxCriticalNesting       0x200001bc      0x4  Data  Lc  port.o [1]
uxCurrentNumberOfTasks  0x2001ef14      0x4  Data  Lc  tasks.o [1]
uxListRemove            0x08037979     0x28  Code  Gb  list.o [1]
uxPendedTicks           0x2001ef24      0x4  Data  Lc  tasks.o [1]
uxSchedulerSuspended    0x2001ef38      0x4  Data  Lc  tasks.o [1]
uxTaskNumber            0x2001ef30      0x4  Data  Lc  tasks.o [1]
uxTaskResetEventItemValue
                        0x0802fc05     0x20  Code  Gb  tasks.o [1]
uxTasksDeleted          0x2001ef10      0x4  Data  Lc  tasks.o [1]
uxTopReadyPriority      0x2001ef1c      0x4  Data  Lc  tasks.o [1]
vListInitialise         0x08037909     0x1e  Code  Gb  list.o [1]
vListInsert             0x0803793f     0x3a  Code  Gb  list.o [1]
vListInsertEnd          0x08037927     0x18  Code  Gb  list.o [1]
vPortEnableVFP          0x0803ad81           Code  Gb  portasm.o [1]
vPortEnterCritical      0x080377d7     0x3a  Code  Gb  port.o [1]
vPortExitCritical       0x08037811     0x32  Code  Gb  port.o [1]
vPortFree               0x08037ab9     0x78  Code  Gb  heap_4.o [1]
vPortSetupTimerInterrupt
                        0x0803786f      0xe  Code  Wk  port.o [1]
vPortStartFirstTask     0x0803ad69           Code  Gb  portasm.o [1]
vPortValidateInterruptPriority
                        0x0803787d     0x4e  Code  Gb  port.o [1]
vQueueWaitForMessageRestricted
                        0x080303fd     0x44  Code  Gb  queue.o [1]
vSetupSysInfoTest       0x08040fb1     0x12  Code  Gb  SysInfoTest.o [1]
vTaskDelay              0x0802f1fd     0x84  Code  Gb  tasks.o [1]
vTaskManageCapacity     0x0802e215    0x5ac  Code  Gb  apptask.o [1]
vTaskMassStorage        0x0802d3d1    0x23c  Code  Lc  apptask.o [1]
vTaskMissedYield        0x0802f997      0xa  Code  Gb  tasks.o [1]
vTaskMotorControl       0x0802e7c5    0x204  Code  Lc  apptask.o [1]
vTaskMsgPro             0x0802dad9    0x426  Code  Lc  apptask.o [1]
vTaskPlaceOnEventList   0x0802f5fd     0x74  Code  Gb  tasks.o [1]
vTaskPlaceOnEventListRestricted
                        0x0802f735     0x80  Code  Gb  tasks.o [1]
vTaskPlaceOnUnorderedEventList
                        0x0802f68d     0xa8  Code  Gb  tasks.o [1]
vTaskReadDisk           0x0802dfdd    0x1b6  Code  Lc  apptask.o [1]
vTaskRev485             0x0802df05     0xae  Code  Lc  apptask.o [1]
vTaskSetTimeOutState    0x0802f8e1     0x26  Code  Gb  tasks.o [1]
vTaskStartScheduler     0x0802f281     0x7e  Code  Gb  tasks.o [1]
vTaskSuspendAll         0x0802f2ff     0x10  Code  Gb  tasks.o [1]
vTaskSwitchContext      0x0802f54d     0xb0  Code  Gb  tasks.o [1]
vTaskTaskLCD            0x0802aa91   0x2914  Code  Gb  apptask.o [1]
vTaskTaskLED            0x0802d615     0xaa  Code  Lc  apptask.o [1]
vTaskTaskRFID           0x0802d6e5    0x3c6  Code  Lc  apptask.o [1]
validate                0x08034d9b     0x36  Code  Lc  ff.o [1]
weimi_para              0x2001e524    0x168  Data  Gb  page_weimi.o [1]
work_idle               0x2001ef92      0x1  Data  Gb  product_cal.o [1]
work_idle_time          0x2001ef7a      0x2  Data  Gb  product_cal.o [1]
xActiveTimerList1       0x2001ed94     0x14  Data  Lc  timers.o [1]
xActiveTimerList2       0x2001eda8     0x14  Data  Lc  timers.o [1]
xBlockAllocatedBit      0x2001eef0      0x4  Data  Lc  heap_4.o [1]
xDelayedTaskList1       0x2001ed30     0x14  Data  Lc  tasks.o [1]
xDelayedTaskList2       0x2001ed44     0x14  Data  Lc  tasks.o [1]
xEventGroupCreate       0x08036fad     0x1c  Code  Gb  event_groups.o [1]
xEventGroupSetBits      0x08037115     0xd6  Code  Gb  event_groups.o [1]
xEventGroupWaitBits     0x08036fc9    0x146  Code  Gb  event_groups.o [1]
xFreeBytesRemaining     0x2001eee8      0x4  Data  Lc  heap_4.o [1]
xHandleTaskLCD          0x2001ee6c      0x4  Data  Gb  apptask.o [1]
xHandleTaskLED          0x2001ee70      0x4  Data  Gb  apptask.o [1]
xHandleTaskManageCapacity
                        0x2001ee88      0x4  Data  Gb  apptask.o [1]
xHandleTaskMassStorage  0x2001ee78      0x4  Data  Gb  apptask.o [1]
xHandleTaskMotorControl
                        0x2001ee8c      0x4  Data  Gb  apptask.o [1]
xHandleTaskMsgPro       0x2001ee80      0x4  Data  Gb  apptask.o [1]
xHandleTaskRFID         0x2001ee74      0x4  Data  Gb  apptask.o [1]
xHandleTaskReadDisk     0x2001ee7c      0x4  Data  Gb  apptask.o [1]
xHandleTaskRev485       0x2001ee84      0x4  Data  Gb  apptask.o [1]
xHeapStructSize         0x08041bec      0x4  Data  Lc  heap_4.o [1]
xMinimumEverFreeBytesRemaining
                        0x2001eeec      0x4  Data  Lc  heap_4.o [1]
xNextTaskUnblockTime    0x2001ef34      0x4  Data  Lc  tasks.o [1]
xNumOfOverflows         0x2001ef2c      0x4  Data  Lc  tasks.o [1]
xPendingReadyList       0x2001ed58     0x14  Data  Lc  tasks.o [1]
xPortStartScheduler     0x0803770b     0xcc  Code  Gb  port.o [1]
xQueueGenericCreate     0x0802fd09     0x7e  Code  Gb  queue.o [1]
xQueueGenericReceive    0x080300fd    0x19c  Code  Gb  queue.o [1]
xQueueGenericReset      0x0802fc79     0x90  Code  Gb  queue.o [1]
xQueueGenericSend       0x0802fd87    0x1b2  Code  Gb  queue.o [1]
xQueueGenericSendFromISR
                        0x0802ff39     0xec  Code  Gb  queue.o [1]
xQueueGiveFromISR       0x08030025     0xd8  Code  Gb  queue.o [1]
xQueue_message          0x2001eeb0      0x4  Data  Gb  apptask.o [1]
xSchedulerRunning       0x2001ef20      0x4  Data  Lc  tasks.o [1]
xSemaphore_download     0x2001eea0      0x4  Data  Gb  apptask.o [1]
xSemaphore_encoder      0x2001ee9c      0x4  Data  Gb  apptask.o [1]
xSemaphore_lcd          0x2001ee90      0x4  Data  Gb  apptask.o [1]
xSemaphore_pluse        0x2001ee98      0x4  Data  Gb  apptask.o [1]
xSemaphore_readDisk     0x2001eea4      0x4  Data  Gb  apptask.o [1]
xSemaphore_rs485        0x2001ee94      0x4  Data  Gb  apptask.o [1]
xStart                  0x2001ee54      0x8  Data  Lc  heap_4.o [1]
xSuspendedTaskList      0x2001ed80     0x14  Data  Lc  tasks.o [1]
xTaskCheckForTimeOut    0x0802f90d     0x8a  Code  Gb  tasks.o [1]
xTaskGenericCreate      0x0802f079    0x184  Code  Gb  tasks.o [1]
xTaskGetSchedulerState  0x0802fbcb     0x26  Code  Gb  tasks.o [1]
xTaskGetTickCount       0x0802f40f      0xa  Code  Gb  tasks.o [1]
xTaskIncrementTick      0x0802f419    0x134  Code  Gb  tasks.o [1]
xTaskRemoveFromEventList
                        0x0802f7b9     0x8e  Code  Gb  tasks.o [1]
xTaskRemoveFromUnorderedEventList
                        0x0802f84d     0x94  Code  Gb  tasks.o [1]
xTaskResumeAll          0x0802f30f    0x100  Code  Gb  tasks.o [1]
xTasksWaitingTermination
                        0x2001ed6c     0x14  Data  Lc  tasks.o [1]
xTickCount              0x2001ef18      0x4  Data  Lc  tasks.o [1]
xTimerCreate            0x08037261     0x62  Code  Gb  timers.o [1]
xTimerCreateTimerTask   0x08037211     0x50  Code  Gb  timers.o [1]
xTimerGenericCommand    0x080372c3     0x84  Code  Gb  timers.o [1]
xTimerQueue             0x2001ef4c      0x4  Data  Lc  timers.o [1]
xTimerUser              0x2001eeac      0x4  Data  Gb  apptask.o [1]
xYieldPending           0x2001ef28      0x4  Data  Lc  tasks.o [1]


[1] = F:\work\YarnControl_Driver\src\stm32f4_rtos\Project\EWARMv7\Flash\Obj
[2] = command line
[3] = dl7M_tlf.a
[4] = m7M_tls.a
[5] = rt7M_tl.a
[6] = shb_l.a

   88 796 bytes of readonly  code memory
  181 057 bytes of readonly  data memory
  128 923 bytes of readwrite data memory (+ 1 044 480 absolute)

Errors: none
Warnings: none
