###############################################################################
#
# IAR ELF Linker V7.40.7.9843/W32 for ARM                 01/Apr/2019  09:09:04
# Copyright 2007-2015 IAR Systems AB.
#
#    Output file  =  
#        E:\work\YarnControl_Driver\src\stm32f4_rtos\Project\EWARMv7\Flash\Exe\project.out
#    Map file     =  
#        E:\work\YarnControl_Driver\src\stm32f4_rtos\Project\EWARMv7\Flash\List\project.map
#    Command line =  
#        E:\work\YarnControl_Driver\src\stm32f4_rtos\Project\EWARMv7\Flash\Obj\apptask.o
#        E:\work\YarnControl_Driver\src\stm32f4_rtos\Project\EWARMv7\Flash\Obj\bsp.o
#        E:\work\YarnControl_Driver\src\stm32f4_rtos\Project\EWARMv7\Flash\Obj\bsp_closeSW.o
#        E:\work\YarnControl_Driver\src\stm32f4_rtos\Project\EWARMv7\Flash\Obj\bsp_dac.o
#        E:\work\YarnControl_Driver\src\stm32f4_rtos\Project\EWARMv7\Flash\Obj\bsp_dwt.o
#        E:\work\YarnControl_Driver\src\stm32f4_rtos\Project\EWARMv7\Flash\Obj\bsp_led.o
#        E:\work\YarnControl_Driver\src\stm32f4_rtos\Project\EWARMv7\Flash\Obj\bsp_relay.o
#        E:\work\YarnControl_Driver\src\stm32f4_rtos\Project\EWARMv7\Flash\Obj\bsp_sdio_sd.o
#        E:\work\YarnControl_Driver\src\stm32f4_rtos\Project\EWARMv7\Flash\Obj\bsp_sdwe050c17.o
#        E:\work\YarnControl_Driver\src\stm32f4_rtos\Project\EWARMv7\Flash\Obj\bsp_servomotor.o
#        E:\work\YarnControl_Driver\src\stm32f4_rtos\Project\EWARMv7\Flash\Obj\bsp_spi.o
#        E:\work\YarnControl_Driver\src\stm32f4_rtos\Project\EWARMv7\Flash\Obj\bsp_stepmotor.o
#        E:\work\YarnControl_Driver\src\stm32f4_rtos\Project\EWARMv7\Flash\Obj\bsp_sw_onoff.o
#        E:\work\YarnControl_Driver\src\stm32f4_rtos\Project\EWARMv7\Flash\Obj\bsp_tim_pwm.o
#        E:\work\YarnControl_Driver\src\stm32f4_rtos\Project\EWARMv7\Flash\Obj\bsp_timer.o
#        E:\work\YarnControl_Driver\src\stm32f4_rtos\Project\EWARMv7\Flash\Obj\bsp_uart_fifo.o
#        E:\work\YarnControl_Driver\src\stm32f4_rtos\Project\EWARMv7\Flash\Obj\bsp_w25qxx.o
#        E:\work\YarnControl_Driver\src\stm32f4_rtos\Project\EWARMv7\Flash\Obj\bsp_watchdog.o
#        E:\work\YarnControl_Driver\src\stm32f4_rtos\Project\EWARMv7\Flash\Obj\cc936.o
#        E:\work\YarnControl_Driver\src\stm32f4_rtos\Project\EWARMv7\Flash\Obj\cJSON.o
#        E:\work\YarnControl_Driver\src\stm32f4_rtos\Project\EWARMv7\Flash\Obj\croutine.o
#        E:\work\YarnControl_Driver\src\stm32f4_rtos\Project\EWARMv7\Flash\Obj\demo_fatfs.o
#        E:\work\YarnControl_Driver\src\stm32f4_rtos\Project\EWARMv7\Flash\Obj\diskio.o
#        E:\work\YarnControl_Driver\src\stm32f4_rtos\Project\EWARMv7\Flash\Obj\encoder_tim.o
#        E:\work\YarnControl_Driver\src\stm32f4_rtos\Project\EWARMv7\Flash\Obj\esp8266_handler.o
#        E:\work\YarnControl_Driver\src\stm32f4_rtos\Project\EWARMv7\Flash\Obj\esp8266_init.o
#        E:\work\YarnControl_Driver\src\stm32f4_rtos\Project\EWARMv7\Flash\Obj\event_groups.o
#        E:\work\YarnControl_Driver\src\stm32f4_rtos\Project\EWARMv7\Flash\Obj\ff.o
#        E:\work\YarnControl_Driver\src\stm32f4_rtos\Project\EWARMv7\Flash\Obj\heap_4.o
#        E:\work\YarnControl_Driver\src\stm32f4_rtos\Project\EWARMv7\Flash\Obj\list.o
#        E:\work\YarnControl_Driver\src\stm32f4_rtos\Project\EWARMv7\Flash\Obj\main.o
#        E:\work\YarnControl_Driver\src\stm32f4_rtos\Project\EWARMv7\Flash\Obj\malloc.o
#        E:\work\YarnControl_Driver\src\stm32f4_rtos\Project\EWARMv7\Flash\Obj\mcheck.o
#        E:\work\YarnControl_Driver\src\stm32f4_rtos\Project\EWARMv7\Flash\Obj\misc.o
#        E:\work\YarnControl_Driver\src\stm32f4_rtos\Project\EWARMv7\Flash\Obj\modbus.o
#        E:\work\YarnControl_Driver\src\stm32f4_rtos\Project\EWARMv7\Flash\Obj\MQTTConnectClient.o
#        E:\work\YarnControl_Driver\src\stm32f4_rtos\Project\EWARMv7\Flash\Obj\MQTTConnectServer.o
#        E:\work\YarnControl_Driver\src\stm32f4_rtos\Project\EWARMv7\Flash\Obj\MQTTDeserializePublish.o
#        E:\work\YarnControl_Driver\src\stm32f4_rtos\Project\EWARMv7\Flash\Obj\MQTTFormat.o
#        E:\work\YarnControl_Driver\src\stm32f4_rtos\Project\EWARMv7\Flash\Obj\MQTTPacket.o
#        E:\work\YarnControl_Driver\src\stm32f4_rtos\Project\EWARMv7\Flash\Obj\MQTTSerializePublish.o
#        E:\work\YarnControl_Driver\src\stm32f4_rtos\Project\EWARMv7\Flash\Obj\MQTTSubscribeClient.o
#        E:\work\YarnControl_Driver\src\stm32f4_rtos\Project\EWARMv7\Flash\Obj\MQTTSubscribeServer.o
#        E:\work\YarnControl_Driver\src\stm32f4_rtos\Project\EWARMv7\Flash\Obj\MQTTUnsubscribeClient.o
#        E:\work\YarnControl_Driver\src\stm32f4_rtos\Project\EWARMv7\Flash\Obj\MQTTUnsubscribeServer.o
#        E:\work\YarnControl_Driver\src\stm32f4_rtos\Project\EWARMv7\Flash\Obj\page_weimi.o
#        E:\work\YarnControl_Driver\src\stm32f4_rtos\Project\EWARMv7\Flash\Obj\para.o
#        E:\work\YarnControl_Driver\src\stm32f4_rtos\Project\EWARMv7\Flash\Obj\port.o
#        E:\work\YarnControl_Driver\src\stm32f4_rtos\Project\EWARMv7\Flash\Obj\portasm.o
#        E:\work\YarnControl_Driver\src\stm32f4_rtos\Project\EWARMv7\Flash\Obj\product_cal.o
#        E:\work\YarnControl_Driver\src\stm32f4_rtos\Project\EWARMv7\Flash\Obj\protocol.o
#        E:\work\YarnControl_Driver\src\stm32f4_rtos\Project\EWARMv7\Flash\Obj\pub0sub1.o
#        E:\work\YarnControl_Driver\src\stm32f4_rtos\Project\EWARMv7\Flash\Obj\queue.o
#        E:\work\YarnControl_Driver\src\stm32f4_rtos\Project\EWARMv7\Flash\Obj\rc522.o
#        E:\work\YarnControl_Driver\src\stm32f4_rtos\Project\EWARMv7\Flash\Obj\startup_stm32f40_41xxx.o
#        E:\work\YarnControl_Driver\src\stm32f4_rtos\Project\EWARMv7\Flash\Obj\stm32f4xx_adc.o
#        E:\work\YarnControl_Driver\src\stm32f4_rtos\Project\EWARMv7\Flash\Obj\stm32f4xx_assert.o
#        E:\work\YarnControl_Driver\src\stm32f4_rtos\Project\EWARMv7\Flash\Obj\stm32f4xx_can.o
#        E:\work\YarnControl_Driver\src\stm32f4_rtos\Project\EWARMv7\Flash\Obj\stm32f4xx_crc.o
#        E:\work\YarnControl_Driver\src\stm32f4_rtos\Project\EWARMv7\Flash\Obj\stm32f4xx_cryp.o
#        E:\work\YarnControl_Driver\src\stm32f4_rtos\Project\EWARMv7\Flash\Obj\stm32f4xx_cryp_aes.o
#        E:\work\YarnControl_Driver\src\stm32f4_rtos\Project\EWARMv7\Flash\Obj\stm32f4xx_cryp_des.o
#        E:\work\YarnControl_Driver\src\stm32f4_rtos\Project\EWARMv7\Flash\Obj\stm32f4xx_cryp_tdes.o
#        E:\work\YarnControl_Driver\src\stm32f4_rtos\Project\EWARMv7\Flash\Obj\stm32f4xx_dac.o
#        E:\work\YarnControl_Driver\src\stm32f4_rtos\Project\EWARMv7\Flash\Obj\stm32f4xx_dbgmcu.o
#        E:\work\YarnControl_Driver\src\stm32f4_rtos\Project\EWARMv7\Flash\Obj\stm32f4xx_dcmi.o
#        E:\work\YarnControl_Driver\src\stm32f4_rtos\Project\EWARMv7\Flash\Obj\stm32f4xx_dma.o
#        E:\work\YarnControl_Driver\src\stm32f4_rtos\Project\EWARMv7\Flash\Obj\stm32f4xx_dma2d.o
#        E:\work\YarnControl_Driver\src\stm32f4_rtos\Project\EWARMv7\Flash\Obj\stm32f4xx_exti.o
#        E:\work\YarnControl_Driver\src\stm32f4_rtos\Project\EWARMv7\Flash\Obj\stm32f4xx_flash.o
#        E:\work\YarnControl_Driver\src\stm32f4_rtos\Project\EWARMv7\Flash\Obj\stm32f4xx_fsmc.o
#        E:\work\YarnControl_Driver\src\stm32f4_rtos\Project\EWARMv7\Flash\Obj\stm32f4xx_gpio.o
#        E:\work\YarnControl_Driver\src\stm32f4_rtos\Project\EWARMv7\Flash\Obj\stm32f4xx_hash.o
#        E:\work\YarnControl_Driver\src\stm32f4_rtos\Project\EWARMv7\Flash\Obj\stm32f4xx_hash_md5.o
#        E:\work\YarnControl_Driver\src\stm32f4_rtos\Project\EWARMv7\Flash\Obj\stm32f4xx_hash_sha1.o
#        E:\work\YarnControl_Driver\src\stm32f4_rtos\Project\EWARMv7\Flash\Obj\stm32f4xx_i2c.o
#        E:\work\YarnControl_Driver\src\stm32f4_rtos\Project\EWARMv7\Flash\Obj\stm32f4xx_it.o
#        E:\work\YarnControl_Driver\src\stm32f4_rtos\Project\EWARMv7\Flash\Obj\stm32f4xx_iwdg.o
#        E:\work\YarnControl_Driver\src\stm32f4_rtos\Project\EWARMv7\Flash\Obj\stm32f4xx_ltdc.o
#        E:\work\YarnControl_Driver\src\stm32f4_rtos\Project\EWARMv7\Flash\Obj\stm32f4xx_pwr.o
#        E:\work\YarnControl_Driver\src\stm32f4_rtos\Project\EWARMv7\Flash\Obj\stm32f4xx_rcc.o
#        E:\work\YarnControl_Driver\src\stm32f4_rtos\Project\EWARMv7\Flash\Obj\stm32f4xx_rng.o
#        E:\work\YarnControl_Driver\src\stm32f4_rtos\Project\EWARMv7\Flash\Obj\stm32f4xx_rtc.o
#        E:\work\YarnControl_Driver\src\stm32f4_rtos\Project\EWARMv7\Flash\Obj\stm32f4xx_sai.o
#        E:\work\YarnControl_Driver\src\stm32f4_rtos\Project\EWARMv7\Flash\Obj\stm32f4xx_sdio.o
#        E:\work\YarnControl_Driver\src\stm32f4_rtos\Project\EWARMv7\Flash\Obj\stm32f4xx_spi.o
#        E:\work\YarnControl_Driver\src\stm32f4_rtos\Project\EWARMv7\Flash\Obj\stm32f4xx_syscfg.o
#        E:\work\YarnControl_Driver\src\stm32f4_rtos\Project\EWARMv7\Flash\Obj\stm32f4xx_tim.o
#        E:\work\YarnControl_Driver\src\stm32f4_rtos\Project\EWARMv7\Flash\Obj\stm32f4xx_usart.o
#        E:\work\YarnControl_Driver\src\stm32f4_rtos\Project\EWARMv7\Flash\Obj\stm32f4xx_wwdg.o
#        E:\work\YarnControl_Driver\src\stm32f4_rtos\Project\EWARMv7\Flash\Obj\SysInfoTest.o
#        E:\work\YarnControl_Driver\src\stm32f4_rtos\Project\EWARMv7\Flash\Obj\system_stm32f4xx.o
#        E:\work\YarnControl_Driver\src\stm32f4_rtos\Project\EWARMv7\Flash\Obj\tasks.o
#        E:\work\YarnControl_Driver\src\stm32f4_rtos\Project\EWARMv7\Flash\Obj\timer_platform.o
#        E:\work\YarnControl_Driver\src\stm32f4_rtos\Project\EWARMv7\Flash\Obj\timers.o
#        E:\work\YarnControl_Driver\src\stm32f4_rtos\Project\EWARMv7\Flash\Obj\transport.o
#        E:\work\YarnControl_Driver\src\stm32f4_rtos\Project\EWARMv7\Flash\Obj\usb_bsp.o
#        E:\work\YarnControl_Driver\src\stm32f4_rtos\Project\EWARMv7\Flash\Obj\usb_core.o
#        E:\work\YarnControl_Driver\src\stm32f4_rtos\Project\EWARMv7\Flash\Obj\usb_hcd.o
#        E:\work\YarnControl_Driver\src\stm32f4_rtos\Project\EWARMv7\Flash\Obj\usb_hcd_int.o
#        E:\work\YarnControl_Driver\src\stm32f4_rtos\Project\EWARMv7\Flash\Obj\usbh_core.o
#        E:\work\YarnControl_Driver\src\stm32f4_rtos\Project\EWARMv7\Flash\Obj\usbh_hcs.o
#        E:\work\YarnControl_Driver\src\stm32f4_rtos\Project\EWARMv7\Flash\Obj\usbh_ioreq.o
#        E:\work\YarnControl_Driver\src\stm32f4_rtos\Project\EWARMv7\Flash\Obj\usbh_it.o
#        E:\work\YarnControl_Driver\src\stm32f4_rtos\Project\EWARMv7\Flash\Obj\usbh_msc_bot.o
#        E:\work\YarnControl_Driver\src\stm32f4_rtos\Project\EWARMv7\Flash\Obj\usbh_msc_core.o
#        E:\work\YarnControl_Driver\src\stm32f4_rtos\Project\EWARMv7\Flash\Obj\usbh_msc_scsi.o
#        E:\work\YarnControl_Driver\src\stm32f4_rtos\Project\EWARMv7\Flash\Obj\usbh_stdreq.o
#        E:\work\YarnControl_Driver\src\stm32f4_rtos\Project\EWARMv7\Flash\Obj\usbh_usr.o
#        -o
#        E:\work\YarnControl_Driver\src\stm32f4_rtos\Project\EWARMv7\Flash\Exe\project.out
#        --map
#        E:\work\YarnControl_Driver\src\stm32f4_rtos\Project\EWARMv7\Flash\List\project.map
#        --config
#        E:\work\YarnControl_Driver\src\stm32f4_rtos\Project\EWARMv7\stm32f4xx_flash.icf
#        --semihosting --entry __iar_program_start --inline --vfe
#
###############################################################################

*******************************************************************************
*** RUNTIME MODEL ATTRIBUTES
***

CppFlavor                     = *
__Heap_Handler                = DLMalloc
__SystemLibrary               = DLib
__dlib_dynamic_initialization = normal


*******************************************************************************
*** PLACEMENT SUMMARY
***

"A1":  place at 0x08000000 { ro section .intvec };
"P1":  place in [from 0x08000000 to 0x080fffff] { ro };
"P2":  place in [from 0x20000000 to 0x2001ffff] { rw, block CSTACK, block HEAP };

  Section             Kind        Address     Size  Object
  -------             ----        -------     ----  ------
"A1":                                        0x188
  .intvec             ro code  0x08000000    0x188  startup_stm32f40_41xxx.o [1]
                             - 0x08000188    0x188

"P1":                                      0x47335
  .rodata             const    0x08000188  0x15484  cc936.o [1]
  .rodata             const    0x0801560c  0x15484  cc936.o [1]
  .text               ro code  0x0802aa90   0x65ec  apptask.o [1]
  .text               ro code  0x0803107c    0x7c8  queue.o [1]
  .text               ro code  0x08031844   0x1620  bsp_sdwe050c17.o [1]
  .text               ro code  0x08032e64    0x538  product_cal.o [1]
  .text               ro code  0x0803339c     0x66  ABImemset.o [5]
  .text               ro code  0x08033402     0x1e  xsscin.o [3]
  .text               ro code  0x08033420    0xce0  tasks.o [1]
  .text               ro code  0x08034100    0x380  bsp_w25qxx.o [1]
  .text               ro code  0x08034480     0x4e  FltToDbl.o [4]
  .text               ro code  0x080344ce      0xa  xsprout.o [3]
  .text               ro code  0x080344d8     0x24  printf.o [3]
  .text               ro code  0x080344fc     0x76  ABImemcpy_unaligned.o [5]
  .text               ro code  0x08034574     0x42  strcmp_unaligned.o [5]
  .text               ro code  0x080345b8    0x21c  malloc.o [1]
  .text               ro code  0x080347d4     0x30  I32ToDbl.o [4]
  .text               ro code  0x08034804    0x256  DblDiv.o [4]
  .text               ro code  0x08034a5c     0xe8  DblAdd.o [4]
  .text               ro code  0x08034b44    0x1a2  DblMul.o [4]
  .text               ro code  0x08034ce8     0x58  DblToI32.o [4]
  .text               ro code  0x08034d40     0x90  DblToFlt.o [4]
  .text               ro code  0x08034dd0     0x36  strlen.o [5]
  .text               ro code  0x08034e08    0x12c  stm32f4xx_gpio.o [1]
  .text               ro code  0x08034f34   0x143e  para.o [1]
  .text               ro code  0x08036374    0x394  page_weimi.o [1]
  .text               ro code  0x08036708     0x62  memcmp_unaligned.o [5]
  .text               ro code  0x0803676c     0xd4  bsp_dac.o [1]
  .text               ro code  0x08036840    0x380  bsp_servomotor.o [1]
  .text               ro code  0x08036bc0    0x1a2  usbh_usr.o [1]
  .text               ro code  0x08036d64    0x760  usbh_core.o [1]
  .text               ro code  0x080374c4   0x2498  ff.o [1]
  .text               ro code  0x0803995c     0x34  sprintf.o [3]
  .text               ro code  0x08039990     0x1c  strcat.o [3]
  .text               ro code  0x080399ac     0xc0  bsp_led.o [1]
  .text               ro code  0x08039a6c     0xee  rc522.o [1]
  .text               ro code  0x08039b5c    0x354  modbus.o [1]
  .text               ro code  0x08039eb0     0x80  protocol.o [1]
  .text               ro code  0x08039f30     0x10  para.o [1]
  .text               ro code  0x08039f40     0xd4  bsp_closeSW.o [1]
  .text               ro code  0x0803a014    0x49c  bsp_stepmotor.o [1]
  .text               ro code  0x0803a4b0    0x2c0  encoder_tim.o [1]
  .text               ro code  0x0803a770    0x262  event_groups.o [1]
  .text               ro code  0x0803a9d4    0x4a4  timers.o [1]
  .text               ro code  0x0803ae78      0x8  bsp_watchdog.o [1]
  .text               ro code  0x0803ae80    0x24c  port.o [1]
  .text               ro code  0x0803b0cc     0x98  list.o [1]
  .text               ro code  0x0803b164    0x280  heap_4.o [1]
  .text               ro code  0x0803b3e4    0x1e8  stm32f4xx_rcc.o [1]
  .text               ro code  0x0803b5cc     0x74  bsp_dwt.o [1]
  .text               ro code  0x0803b640    0xaa4  bsp_uart_fifo.o [1]
  .text               ro code  0x0803c0e4    0x204  bsp_timer.o [1]
  .text               ro code  0x0803c2e8    0x124  bsp_spi.o [1]
  .text               ro code  0x0803c40c    0xd96  xprintffull_nomb.o [3]
  .text               ro code  0x0803d1a4    0x180  DblSub.o [4]
  .text               ro code  0x0803d324     0x44  strcpy_unaligned.o [5]
  .text               ro code  0x0803d368     0x24  sscanf.o [3]
  .text               ro code  0x0803d38c     0x7c  stm32f4xx_dac.o [1]
  .text               ro code  0x0803d408    0x6f6  stm32f4xx_tim.o [1]
  .text               ro code  0x0803db00    0x31c  stm32f4xx_dma.o [1]
  .text               ro code  0x0803de1c     0x88  misc.o [1]
  .text               ro code  0x0803dea4    0x14c  usb_bsp.o [1]
  .text               ro code  0x0803dff0     0xd6  usb_hcd.o [1]
  .text               ro code  0x0803e0c6    0x1ba  usbh_hcs.o [1]
  .text               ro code  0x0803e280    0x436  usbh_stdreq.o [1]
  .text               ro code  0x0803e6b6    0x246  usbh_ioreq.o [1]
  .text               ro code  0x0803e8fc    0x2e4  diskio.o [1]
  .text               ro code  0x0803ebe0     0xf4  cc936.o [1]
  .text               ro code  0x0803ecd4     0xb8  mcheck.o [1]
  .text               ro code  0x0803ed8c     0x2c  strstr.o [3]
  .text               ro code  0x0803edb8     0x54  stm32f4xx_syscfg.o [1]
  .text               ro code  0x0803ee0c     0xc0  stm32f4xx_exti.o [1]
  .text               ro code  0x0803eecc    0x132  I64DivMod.o [5]
  .text               ro code  0x0803f000     0x10  stm32f4xx_iwdg.o [1]
  CODE                ro code  0x0803f010     0xa8  portasm.o [1]
  .text               ro code  0x0803f0b8    0x254  stm32f4xx_usart.o [1]
  .text               ro code  0x0803f30c     0x74  stm32f4xx_spi.o [1]
  .text               ro code  0x0803f380     0x16  strchr.o [5]
  .text               ro code  0x0803f398     0x58  memchr.o [5]
  .text               ro code  0x0803f3f0     0x42  xdnorm.o [4]
  .text               ro code  0x0803f434     0x2e  DblCmpLe.o [4]
  .text               ro code  0x0803f464     0x2e  DblCmpGe.o [4]
  .text               ro code  0x0803f494    0x114  xdscale.o [4]
  .text               ro code  0x0803f5a8     0x6c  localeconv.o [3]
  .text               ro code  0x0803f614      0xe  div.o [3]
  .text               ro code  0x0803f624    0xb64  xscanffull_nomb.o [3]
  .text               ro code  0x08040188    0xa50  usb_core.o [1]
  .text               ro code  0x08040bd8   0x1a58  bsp_sdio_sd.o [1]
  .text               ro code  0x08042630    0x618  usbh_msc_scsi.o [1]
  .text               ro code  0x08042c48    0x554  usbh_msc_bot.o [1]
  .text               ro code  0x0804319c      0x2  I64DivZer.o [5]
  .text               ro code  0x0804319e     0x28  isxxx.o [3]
  .text               ro code  0x080431c6     0xa4  xstoll.o [3]
  .text               ro code  0x0804326c    0x1b0  xstoull.o [3]
  .text               ro code  0x0804341c    0x168  xstold.o [4]
  .text               ro code  0x08043584    0x17c  stm32f4xx_sdio.o [1]
  .text               ro code  0x08043700     0x18  setlocale.o [3]
  .text               ro code  0x08043718     0x16  xlocale_c.o [3]
  .text               ro code  0x0804372e     0x14  xlocale_c.o [3]
  .text               ro code  0x08043744      0xc  errno.o [3]
  .text               ro code  0x08043750     0x14  tolower.o [3]
  .text               ro code  0x08043764    0x124  xstopfx.o [3]
  .text               ro code  0x08043888    0x1b8  xstoflt.o [3]
  .text               ro code  0x08043a40    0x200  xdtento.o [4]
  .text               ro code  0x08043c40    0x218  xstoxflt.o [3]
  .text               ro code  0x08043e58      0x2  xtls.o [3]
  .text               ro code  0x08043e5a      0xc  xlocale_c.o [3]
  .text               ro code  0x08043e68     0x20  DblCmpEq.o [4]
  .text               ro code  0x08043e88     0x52  xdunscal.o [4]
  .text               ro code  0x08043edc    0xc7e  usb_hcd_int.o [1]
  .rodata             const    0x08044b5c    0x400  apptask.o [1]
  .text               ro code  0x08044f5c    0x3e8  usbh_msc_core.o [1]
  .rodata             const    0x08045344    0x3dc  cc936.o [1]
  .rodata             const    0x08045720    0x3dc  cc936.o [1]
  .rodata             const    0x08045afc    0x190  product_cal.o [1]
  .text               ro code  0x08045c8c    0x154  system_stm32f4xx.o [1]
  .rodata             const    0x08045de0    0x100  mcheck.o [1]
  .rodata             const    0x08045ee0    0x100  mcheck.o [1]
  .rodata             const    0x08045fe0    0x100  mcheck.o [1]
  .text               ro code  0x080460e0     0xd0  packbits_init.o [5]
  .text               ro code  0x080461b0      0x6  abort.o [3]
  .text               ro code  0x080461b8     0x14  exit.o [6]
  .text               ro code  0x080461cc     0x4c  bsp.o [1]
  .text               ro code  0x08046218     0x44  bsp_relay.o [1]
  .text               ro code  0x0804625c     0x38  bsp_sw_onoff.o [1]
  .text               ro code  0x08046294     0x40  zero_init3.o [5]
  .rodata             const    0x080462d4     0x38  demo_fatfs.o [1]
  .text               ro code  0x0804630c     0x38  stm32f4xx_it.o [1]
  .rodata             const    0x08046344     0x30  apptask.o [1]
  .rodata             const    0x08046374     0x30  apptask.o [1]
  .rodata             const    0x080463a4     0x30  demo_fatfs.o [1]
  .rodata             const    0x080463d4     0x30  demo_fatfs.o [1]
  .text               ro code  0x08046404     0x30  main.o [1]
  .rodata             const    0x08046434     0x2c  apptask.o [1]
  .rodata             const    0x08046460     0x2c  demo_fatfs.o [1]
  .rodata             const    0x0804648c     0x2c  demo_fatfs.o [1]
  .rodata             const    0x080464b8     0x2c  stm32f4xx_it.o [1]
  .text               ro code  0x080464e4     0x2c  SysInfoTest.o [1]
  .rodata             const    0x08046510     0x28  demo_fatfs.o [1]
  .rodata             const    0x08046538     0x28  demo_fatfs.o [1]
  .rodata             const    0x08046560     0x28  demo_fatfs.o [1]
  .text               ro code  0x08046588     0x28  data_init.o [5]
  .rodata             const    0x080465b0     0x24  apptask.o [1]
  .rodata             const    0x080465d4     0x24  apptask.o [1]
  .rodata             const    0x080465f8     0x24  apptask.o [1]
  .rodata             const    0x0804661c     0x24  apptask.o [1]
  .rodata             const    0x08046640     0x24  apptask.o [1]
  .rodata             const    0x08046664     0x24  apptask.o [1]
  .rodata             const    0x08046688     0x24  apptask.o [1]
  .rodata             const    0x080466ac     0x24  apptask.o [1]
  .rodata             const    0x080466d0     0x24  apptask.o [1]
  .rodata             const    0x080466f4     0x24  demo_fatfs.o [1]
  .rodata             const    0x08046718     0x24  demo_fatfs.o [1]
  .rodata             const    0x0804673c     0x24  usbh_usr.o [1]
  .text               ro code  0x08046760     0x22  fpinit_M.o [4]
  .iar.init_table     const    0x08046784     0x34  - Linker created -
  .rodata             const    0x080467b8     0x20  apptask.o [1]
  .rodata             const    0x080467d8     0x20  apptask.o [1]
  .rodata             const    0x080467f8     0x20  apptask.o [1]
  .rodata             const    0x08046818     0x20  demo_fatfs.o [1]
  .rodata             const    0x08046838     0x20  demo_fatfs.o [1]
  .rodata             const    0x08046858     0x20  demo_fatfs.o [1]
  .rodata             const    0x08046878     0x20  usbh_usr.o [1]
  .rodata             const    0x08046898     0x20  usbh_usr.o [1]
  .rodata             const    0x080468b8     0x20  usbh_usr.o [1]
  .rodata             const    0x080468d8     0x20  usbh_usr.o [1]
  .rodata             const    0x080468f8     0x20  usbh_usr.o [1]
  .rodata             const    0x08046918     0x1c  apptask.o [1]
  .rodata             const    0x08046934     0x1c  apptask.o [1]
  .rodata             const    0x08046950     0x1c  apptask.o [1]
  .rodata             const    0x0804696c     0x1c  apptask.o [1]
  .rodata             const    0x08046988     0x1c  apptask.o [1]
  .rodata             const    0x080469a4     0x1c  apptask.o [1]
  .rodata             const    0x080469c0     0x1c  demo_fatfs.o [1]
  .rodata             const    0x080469dc     0x1c  demo_fatfs.o [1]
  .rodata             const    0x080469f8     0x1c  usbh_usr.o [1]
  .rodata             const    0x08046a14     0x1c  usbh_usr.o [1]
  .rodata             const    0x08046a30     0x1c  usbh_usr.o [1]
  .rodata             const    0x08046a4c     0x1c  usbh_usr.o [1]
  .rodata             const    0x08046a68     0x1c  usbh_usr.o [1]
  .rodata             const    0x08046a84     0x1c  usbh_usr.o [1]
  .text               ro code  0x08046aa0     0x1a  cmain.o [5]
  .text               ro code  0x08046aba      0x4  exit.o [3]
  .text               ro code  0x08046ac0      0xa  cexit.o [5]
  .rodata             const    0x08046acc     0x18  apptask.o [1]
  .rodata             const    0x08046ae4     0x18  apptask.o [1]
  .rodata             const    0x08046afc     0x18  apptask.o [1]
  .rodata             const    0x08046b14     0x18  apptask.o [1]
  .rodata             const    0x08046b2c     0x18  apptask.o [1]
  .rodata             const    0x08046b44     0x18  apptask.o [1]
  .rodata             const    0x08046b5c     0x18  apptask.o [1]
  .rodata             const    0x08046b74     0x18  apptask.o [1]
  .rodata             const    0x08046b8c     0x18  demo_fatfs.o [1]
  .rodata             const    0x08046ba4     0x18  demo_fatfs.o [1]
  .rodata             const    0x08046bbc     0x18  demo_fatfs.o [1]
  .rodata             const    0x08046bd4     0x18  demo_fatfs.o [1]
  .rodata             const    0x08046bec     0x18  para.o [1]
  .rodata             const    0x08046c04     0x18  usbh_usr.o [1]
  .rodata             const    0x08046c1c     0x18  usbh_usr.o [1]
  .rodata             const    0x08046c34     0x18  usbh_usr.o [1]
  .rodata             const    0x08046c4c     0x18  usbh_usr.o [1]
  .rodata             const    0x08046c64     0x18  usbh_usr.o [1]
  .text               ro code  0x08046c7c     0x16  xprout.o [3]
  .text               ro code  0x08046c94      0xc  putchar.o [3]
  .rodata             const    0x08046ca0     0x14  apptask.o [1]
  .rodata             const    0x08046cb4     0x14  apptask.o [1]
  .rodata             const    0x08046cc8     0x14  apptask.o [1]
  .rodata             const    0x08046cdc     0x14  apptask.o [1]
  .rodata             const    0x08046cf0     0x14  apptask.o [1]
  .rodata             const    0x08046d04     0x14  apptask.o [1]
  .rodata             const    0x08046d18     0x14  apptask.o [1]
  .rodata             const    0x08046d2c     0x14  usbh_usr.o [1]
  .rodata             const    0x08046d40     0x14  usbh_usr.o [1]
  .rodata             const    0x08046d54     0x10  apptask.o [1]
  .rodata             const    0x08046d64     0x10  apptask.o [1]
  .rodata             const    0x08046d74     0x10  apptask.o [1]
  .rodata             const    0x08046d84     0x10  apptask.o [1]
  .rodata             const    0x08046d94     0x10  apptask.o [1]
  .rodata             const    0x08046da4     0x10  apptask.o [1]
  .rodata             const    0x08046db4     0x10  apptask.o [1]
  .rodata             const    0x08046dc4     0x10  apptask.o [1]
  .rodata             const    0x08046dd4     0x10  apptask.o [1]
  .rodata             const    0x08046de4     0x10  apptask.o [1]
  .rodata             const    0x08046df4     0x10  apptask.o [1]
  .rodata             const    0x08046e04     0x10  apptask.o [1]
  .rodata             const    0x08046e14     0x10  apptask.o [1]
  .rodata             const    0x08046e24     0x10  apptask.o [1]
  .rodata             const    0x08046e34     0x10  apptask.o [1]
  .rodata             const    0x08046e44     0x10  apptask.o [1]
  .rodata             const    0x08046e54     0x10  apptask.o [1]
  .rodata             const    0x08046e64     0x10  apptask.o [1]
  .rodata             const    0x08046e74     0x10  apptask.o [1]
  .rodata             const    0x08046e84     0x10  bsp_sdwe050c17.o [1]
  .rodata             const    0x08046e94     0x10  ff.o [1]
  .rodata             const    0x08046ea4     0x10  main.o [1]
  .rodata             const    0x08046eb4     0x10  main.o [1]
  .rodata             const    0x08046ec4     0x10  para.o [1]
  .rodata             const    0x08046ed4     0x10  para.o [1]
  .rodata             const    0x08046ee4     0x10  usbh_usr.o [1]
  .rodata             const    0x08046ef4     0x10  usbh_usr.o [1]
  .text               ro code  0x08046f04     0x10  startup_stm32f40_41xxx.o [1]
  .text               ro code  0x08046f14     0x10  usbh_it.o [1]
  .rodata             const    0x08046f24      0xc  apptask.o [1]
  .rodata             const    0x08046f30      0xc  apptask.o [1]
  .rodata             const    0x08046f3c      0xc  apptask.o [1]
  .rodata             const    0x08046f48      0xc  apptask.o [1]
  .rodata             const    0x08046f54      0xc  apptask.o [1]
  .rodata             const    0x08046f60      0xc  apptask.o [1]
  .rodata             const    0x08046f6c      0xc  apptask.o [1]
  .rodata             const    0x08046f78      0xc  apptask.o [1]
  .rodata             const    0x08046f84      0xc  apptask.o [1]
  .rodata             const    0x08046f90      0xc  apptask.o [1]
  .rodata             const    0x08046f9c      0xc  apptask.o [1]
  .rodata             const    0x08046fa8      0xc  apptask.o [1]
  .rodata             const    0x08046fb4      0xc  apptask.o [1]
  .rodata             const    0x08046fc0      0xc  apptask.o [1]
  .rodata             const    0x08046fcc      0xc  apptask.o [1]
  .rodata             const    0x08046fd8      0xc  apptask.o [1]
  .rodata             const    0x08046fe4      0xc  apptask.o [1]
  .rodata             const    0x08046ff0      0xc  apptask.o [1]
  .rodata             const    0x08046ffc      0xc  apptask.o [1]
  .rodata             const    0x08047008      0xc  apptask.o [1]
  .rodata             const    0x08047014      0xc  apptask.o [1]
  .rodata             const    0x08047020      0xc  apptask.o [1]
  .rodata             const    0x0804702c      0xc  apptask.o [1]
  .rodata             const    0x08047038      0xc  apptask.o [1]
  .rodata             const    0x08047044      0xc  apptask.o [1]
  .rodata             const    0x08047050      0xc  apptask.o [1]
  .rodata             const    0x0804705c      0xc  apptask.o [1]
  .rodata             const    0x08047068      0xc  apptask.o [1]
  .rodata             const    0x08047074      0xc  apptask.o [1]
  .rodata             const    0x08047080      0xc  apptask.o [1]
  .rodata             const    0x0804708c      0xc  apptask.o [1]
  .rodata             const    0x08047098      0xc  apptask.o [1]
  .rodata             const    0x080470a4      0xc  apptask.o [1]
  .rodata             const    0x080470b0      0xc  bsp_sdwe050c17.o [1]
  .rodata             const    0x080470bc      0xc  demo_fatfs.o [1]
  .rodata             const    0x080470c8      0xc  ff.o [1]
  .rodata             const    0x080470d4      0xc  page_weimi.o [1]
  .rodata             const    0x080470e0      0xc  para.o [1]
  .rodata             const    0x080470ec      0xc  para.o [1]
  .rodata             const    0x080470f8      0xc  para.o [1]
  .rodata             const    0x08047104      0xc  para.o [1]
  .rodata             const    0x08047110      0xc  para.o [1]
  .text               ro code  0x0804711c      0xc  cstartup_M.o [5]
  .rodata             const    0x08047128      0x8  apptask.o [1]
  .rodata             const    0x08047130      0x8  apptask.o [1]
  .rodata             const    0x08047138      0x8  apptask.o [1]
  .rodata             const    0x08047140      0x8  apptask.o [1]
  .rodata             const    0x08047148      0x8  apptask.o [1]
  .rodata             const    0x08047150      0x8  apptask.o [1]
  .rodata             const    0x08047158      0x8  apptask.o [1]
  .rodata             const    0x08047160      0x8  apptask.o [1]
  .rodata             const    0x08047168      0x8  apptask.o [1]
  .rodata             const    0x08047170      0x8  apptask.o [1]
  .rodata             const    0x08047178      0x8  apptask.o [1]
  .rodata             const    0x08047180      0x8  apptask.o [1]
  .rodata             const    0x08047188      0x8  apptask.o [1]
  .rodata             const    0x08047190      0x8  apptask.o [1]
  .rodata             const    0x08047198      0x8  bsp_sdwe050c17.o [1]
  .rodata             const    0x080471a0      0x8  bsp_w25qxx.o [1]
  .rodata             const    0x080471a8      0x8  ff.o [1]
  .rodata             const    0x080471b0      0x8  malloc.o [1]
  .rodata             const    0x080471b8      0x8  malloc.o [1]
  .rodata             const    0x080471c0      0x8  malloc.o [1]
  .rodata             const    0x080471c8      0x8  para.o [1]
  .rodata             const    0x080471d0      0x8  para.o [1]
  .rodata             const    0x080471d8      0x8  para.o [1]
  .rodata             const    0x080471e0      0x8  para.o [1]
  .rodata             const    0x080471e8      0x8  para.o [1]
  .rodata             const    0x080471f0      0x8  para.o [1]
  .rodata             const    0x080471f8      0x8  para.o [1]
  .rodata             const    0x08047200      0x8  para.o [1]
  .rodata             const    0x08047208      0x8  para.o [1]
  .rodata             const    0x08047210      0x8  para.o [1]
  .rodata             const    0x08047218      0x8  para.o [1]
  .rodata             const    0x08047220      0x8  para.o [1]
  .rodata             const    0x08047228      0x8  para.o [1]
  .rodata             const    0x08047230      0x8  para.o [1]
  .rodata             const    0x08047238      0x8  para.o [1]
  .rodata             const    0x08047240      0x8  para.o [1]
  .rodata             const    0x08047248      0x8  para.o [1]
  .rodata             const    0x08047250      0x8  para.o [1]
  .rodata             const    0x08047258      0x8  para.o [1]
  .rodata             const    0x08047260      0x8  para.o [1]
  .rodata             const    0x08047268      0x8  para.o [1]
  .rodata             const    0x08047270      0x8  tasks.o [1]
  .rodata             const    0x08047278      0x8  timers.o [1]
  .rodata             const    0x08047280      0x4  heap_4.o [1]
  .rodata             const    0x08047284      0x4  port.o [1]
  .text               ro code  0x08047288      0x4  startup_stm32f40_41xxx.o [1]
  .text               ro code  0x0804728c      0x4  startup_stm32f40_41xxx.o [1]
  .text               ro code  0x08047290      0x4  startup_stm32f40_41xxx.o [1]
  .text               ro code  0x08047294      0x4  startup_stm32f40_41xxx.o [1]
  .text               ro code  0x08047298      0x4  startup_stm32f40_41xxx.o [1]
  .text               ro code  0x0804729c      0x4  startup_stm32f40_41xxx.o [1]
  .text               ro code  0x080472a0      0x4  startup_stm32f40_41xxx.o [1]
  .text               ro code  0x080472a4      0x4  startup_stm32f40_41xxx.o [1]
  .text               ro code  0x080472a8      0x4  startup_stm32f40_41xxx.o [1]
  .text               ro code  0x080472ac      0x4  startup_stm32f40_41xxx.o [1]
  .text               ro code  0x080472b0      0x4  startup_stm32f40_41xxx.o [1]
  .text               ro code  0x080472b4      0x4  startup_stm32f40_41xxx.o [1]
  .text               ro code  0x080472b8      0x4  startup_stm32f40_41xxx.o [1]
  .text               ro code  0x080472bc      0x4  startup_stm32f40_41xxx.o [1]
  .text               ro code  0x080472c0      0x4  startup_stm32f40_41xxx.o [1]
  .text               ro code  0x080472c4      0x4  startup_stm32f40_41xxx.o [1]
  .text               ro code  0x080472c8      0x4  startup_stm32f40_41xxx.o [1]
  .text               ro code  0x080472cc      0x4  startup_stm32f40_41xxx.o [1]
  .text               ro code  0x080472d0      0x4  startup_stm32f40_41xxx.o [1]
  .text               ro code  0x080472d4      0x4  startup_stm32f40_41xxx.o [1]
  .text               ro code  0x080472d8      0x4  startup_stm32f40_41xxx.o [1]
  .text               ro code  0x080472dc      0x4  startup_stm32f40_41xxx.o [1]
  .text               ro code  0x080472e0      0x4  startup_stm32f40_41xxx.o [1]
  .text               ro code  0x080472e4      0x4  startup_stm32f40_41xxx.o [1]
  .text               ro code  0x080472e8      0x4  startup_stm32f40_41xxx.o [1]
  .text               ro code  0x080472ec      0x4  startup_stm32f40_41xxx.o [1]
  .text               ro code  0x080472f0      0x4  startup_stm32f40_41xxx.o [1]
  .text               ro code  0x080472f4      0x4  startup_stm32f40_41xxx.o [1]
  .text               ro code  0x080472f8      0x4  startup_stm32f40_41xxx.o [1]
  .text               ro code  0x080472fc      0x4  startup_stm32f40_41xxx.o [1]
  .text               ro code  0x08047300      0x4  startup_stm32f40_41xxx.o [1]
  .text               ro code  0x08047304      0x4  startup_stm32f40_41xxx.o [1]
  .text               ro code  0x08047308      0x4  startup_stm32f40_41xxx.o [1]
  .text               ro code  0x0804730c      0x4  startup_stm32f40_41xxx.o [1]
  .text               ro code  0x08047310      0x4  startup_stm32f40_41xxx.o [1]
  .text               ro code  0x08047314      0x4  startup_stm32f40_41xxx.o [1]
  .text               ro code  0x08047318      0x4  startup_stm32f40_41xxx.o [1]
  .text               ro code  0x0804731c      0x4  startup_stm32f40_41xxx.o [1]
  .text               ro code  0x08047320      0x4  startup_stm32f40_41xxx.o [1]
  .text               ro code  0x08047324      0x4  startup_stm32f40_41xxx.o [1]
  .text               ro code  0x08047328      0x4  startup_stm32f40_41xxx.o [1]
  .text               ro code  0x0804732c      0x4  startup_stm32f40_41xxx.o [1]
  .text               ro code  0x08047330      0x4  startup_stm32f40_41xxx.o [1]
  .text               ro code  0x08047334      0x4  startup_stm32f40_41xxx.o [1]
  .text               ro code  0x08047338      0x4  startup_stm32f40_41xxx.o [1]
  .text               ro code  0x0804733c      0x4  startup_stm32f40_41xxx.o [1]
  .text               ro code  0x08047340      0x4  startup_stm32f40_41xxx.o [1]
  .text               ro code  0x08047344      0x4  startup_stm32f40_41xxx.o [1]
  .text               ro code  0x08047348      0x4  startup_stm32f40_41xxx.o [1]
  .text               ro code  0x0804734c      0x4  startup_stm32f40_41xxx.o [1]
  .text               ro code  0x08047350      0x4  startup_stm32f40_41xxx.o [1]
  .text               ro code  0x08047354      0x4  startup_stm32f40_41xxx.o [1]
  .text               ro code  0x08047358      0x4  startup_stm32f40_41xxx.o [1]
  .text               ro code  0x0804735c      0x4  startup_stm32f40_41xxx.o [1]
  .text               ro code  0x08047360      0x4  startup_stm32f40_41xxx.o [1]
  .text               ro code  0x08047364      0x4  startup_stm32f40_41xxx.o [1]
  .text               ro code  0x08047368      0x4  startup_stm32f40_41xxx.o [1]
  .text               ro code  0x0804736c      0x4  startup_stm32f40_41xxx.o [1]
  .text               ro code  0x08047370      0x4  startup_stm32f40_41xxx.o [1]
  .text               ro code  0x08047374      0x4  startup_stm32f40_41xxx.o [1]
  .text               ro code  0x08047378      0x4  startup_stm32f40_41xxx.o [1]
  .text               ro code  0x0804737c      0x4  startup_stm32f40_41xxx.o [1]
  .text               ro code  0x08047380      0x4  startup_stm32f40_41xxx.o [1]
  .text               ro code  0x08047384      0x4  startup_stm32f40_41xxx.o [1]
  .text               ro code  0x08047388      0x4  startup_stm32f40_41xxx.o [1]
  .text               ro code  0x0804738c      0x4  startup_stm32f40_41xxx.o [1]
  .text               ro code  0x08047390      0x4  startup_stm32f40_41xxx.o [1]
  .text               ro code  0x08047394      0x4  startup_stm32f40_41xxx.o [1]
  .rodata             const    0x08047398      0x0  zero_init3.o [5]
  .rodata             const    0x08047398      0x0  packbits_init.o [5]
  Initializer bytes   const    0x08047398    0x125  <for P2 s0>
                             - 0x080474bd  0x47335

"P2":                                      0x1fed0
  P2 s0                        0x20000000    0x246  <Init block>
    __DLIB_PERTHREAD  inited   0x20000000     0x88  localeconv.o [3]
    __DLIB_PERTHREAD  inited   0x20000088     0x74  setlocale.o [3]
    .data             inited   0x200000fc     0x50  demo_fatfs.o [1]
    .data             inited   0x2000014c     0x48  usbh_usr.o [1]
    .data             inited   0x20000194     0x40  xfiles.o [3]
    .data             inited   0x200001d4     0x1c  malloc.o [1]
    .data             inited   0x200001f0     0x14  bsp_servomotor.o [1]
    .data             inited   0x20000204     0x10  stm32f4xx_rcc.o [1]
    .data             inited   0x20000214     0x10  usbh_msc_core.o [1]
    .data             inited   0x20000224      0xc  usbh_core.o [1]
    .data             inited   0x20000230      0x4  port.o [1]
    .data             inited   0x20000234      0x4  system_stm32f4xx.o [1]
    .data             inited   0x20000238      0x4  usbh_core.o [1]
    __DLIB_PERTHREAD  inited   0x2000023c      0x4  errno.o [3]
    .data             inited   0x20000240      0x2  bsp_w25qxx.o [1]
    .data             inited   0x20000242      0x1  apptask.o [1]
    .data             inited   0x20000243      0x1  encoder_tim.o [1]
    .data             inited   0x20000244      0x1  page_weimi.o [1]
    .data             inited   0x20000245      0x1  usbh_msc_scsi.o [1]
  .bss                zero     0x20000248  0x11800  heap_4.o [1]
  .bss                zero     0x20011a48   0xa000  malloc.o [1]
  .bss                zero     0x2001ba48   0x1000  bsp_w25qxx.o [1]
  .bss                zero     0x2001ca48    0xa00  malloc.o [1]
  .bss                zero     0x2001d448    0x5ac  usbh_usr.o [1]
  .bss                zero     0x2001d9f4    0x5ac  usbh_usr.o [1]
  .bss                zero     0x2001dfa0    0x3e8  bsp_uart_fifo.o [1]
  .bss                zero     0x2001e388    0x200  ff.o [1]
  .bss                zero     0x2001e588    0x200  usbh_msc_scsi.o [1]
  .bss                zero     0x2001e788    0x200  usbh_stdreq.o [1]
  .bss                zero     0x2001e988    0x140  tasks.o [1]
  .bss                zero     0x2001eac8    0x12c  page_weimi.o [1]
  .bss                zero     0x2001ebf4     0xd4  protocol.o [1]
  .bss                zero     0x2001ecc8     0xa4  protocol.o [1]
  .bss                zero     0x2001ed6c     0x9c  para.o [1]
  .bss                zero     0x2001ee08     0x94  usbh_usr.o [1]
  .bss                zero     0x2001ee9c     0x64  bsp_uart_fifo.o [1]
  .bss                zero     0x2001ef00     0x64  bsp_uart_fifo.o [1]
  .bss                zero     0x2001ef64     0x4c  usbh_msc_core.o [1]
  .bss                zero     0x2001efb0     0x58  bsp_sdio_sd.o [1]
  .bss                zero     0x2001f008     0x58  protocol.o [1]
  .bss                zero     0x2001f060     0x50  xfiles.o [3]
  .bss                zero     0x2001f0b0     0x40  page_weimi.o [1]
  .bss                zero     0x2001f0f0     0x34  bsp_sdwe050c17.o [1]
  .bss                zero     0x2001f124     0x30  product_cal.o [1]
  .bss                zero     0x2001f154     0x28  product_cal.o [1]
  .bss                zero     0x2001f17c     0x24  ff.o [1]
  .bss                zero     0x2001f1a0     0x20  usbh_msc_bot.o [1]
  .bss                zero     0x2001f1c0     0x18  bsp_sdio_sd.o [1]
  .bss                zero     0x2001f1d8     0x18  bsp_sdio_sd.o [1]
  .bss                zero     0x2001f1f0     0x18  encoder_tim.o [1]
  .bss                zero     0x2001f208     0x14  bsp_sdio_sd.o [1]
  .bss                zero     0x2001f21c     0x14  rc522.o [1]
  .bss                zero     0x2001f230     0x14  tasks.o [1]
  .bss                zero     0x2001f244     0x14  tasks.o [1]
  .bss                zero     0x2001f258     0x14  tasks.o [1]
  .bss                zero     0x2001f26c     0x14  tasks.o [1]
  .bss                zero     0x2001f280     0x14  tasks.o [1]
  .bss                zero     0x2001f294     0x14  timers.o [1]
  .bss                zero     0x2001f2a8     0x14  timers.o [1]
  .bss                zero     0x2001f2bc     0x10  bsp_sdio_sd.o [1]
  .bss                zero     0x2001f2cc     0x10  bsp_sdio_sd.o [1]
  .bss                zero     0x2001f2dc     0x10  usbh_msc_bot.o [1]
  .bss                zero     0x2001f2ec     0x10  usbh_msc_bot.o [1]
  .bss                zero     0x2001f2fc     0x10  usbh_msc_scsi.o [1]
  .bss                zero     0x2001f30c      0xc  apptask.o [1]
  .bss                zero     0x2001f318      0xc  apptask.o [1]
  .bss                zero     0x2001f324      0xc  apptask.o [1]
  .bss                zero     0x2001f330      0xc  apptask.o [1]
  .bss                zero     0x2001f33c      0xc  ff.o [1]
  .bss                zero     0x2001f348      0xc  protocol.o [1]
  .bss                zero     0x2001f354      0xc  protocol.o [1]
  .bss                zero     0x2001f360      0xc  protocol.o [1]
  .bss                zero     0x2001f36c      0x8  heap_4.o [1]
  .bss                zero     0x2001f374      0x8  modbus.o [1]
  .bss                zero     0x2001f37c      0x8  protocol.o [1]
  .bss                zero     0x2001f384      0x4  apptask.o [1]
  .bss                zero     0x2001f388      0x4  apptask.o [1]
  .bss                zero     0x2001f38c      0x4  apptask.o [1]
  .bss                zero     0x2001f390      0x4  apptask.o [1]
  .bss                zero     0x2001f394      0x4  apptask.o [1]
  .bss                zero     0x2001f398      0x4  apptask.o [1]
  .bss                zero     0x2001f39c      0x4  apptask.o [1]
  .bss                zero     0x2001f3a0      0x4  apptask.o [1]
  .bss                zero     0x2001f3a4      0x4  apptask.o [1]
  .bss                zero     0x2001f3a8      0x4  apptask.o [1]
  .bss                zero     0x2001f3ac      0x4  apptask.o [1]
  .bss                zero     0x2001f3b0      0x4  apptask.o [1]
  .bss                zero     0x2001f3b4      0x4  apptask.o [1]
  .bss                zero     0x2001f3b8      0x4  apptask.o [1]
  .bss                zero     0x2001f3bc      0x4  apptask.o [1]
  .bss                zero     0x2001f3c0      0x4  apptask.o [1]
  .bss                zero     0x2001f3c4      0x4  apptask.o [1]
  .bss                zero     0x2001f3c8      0x4  apptask.o [1]
  .bss                zero     0x2001f3cc      0x4  apptask.o [1]
  .bss                zero     0x2001f3d0      0x4  apptask.o [1]
  .bss                zero     0x2001f3d4      0x4  apptask.o [1]
  .bss                zero     0x2001f3d8      0x4  apptask.o [1]
  .bss                zero     0x2001f3dc      0x4  apptask.o [1]
  .bss                zero     0x2001f3e0      0x4  apptask.o [1]
  .bss                zero     0x2001f3e4      0x4  bsp_sdio_sd.o [1]
  .bss                zero     0x2001f3e8      0x4  bsp_sdio_sd.o [1]
  .bss                zero     0x2001f3ec      0x4  bsp_sdio_sd.o [1]
  .bss                zero     0x2001f3f0      0x4  bsp_sdio_sd.o [1]
  .bss                zero     0x2001f3f4      0x4  bsp_sdio_sd.o [1]
  .bss                zero     0x2001f3f8      0x4  bsp_timer.o [1]
  .bss                zero     0x2001f3fc      0x4  bsp_timer.o [1]
  .bss                zero     0x2001f400      0x4  bsp_timer.o [1]
  .bss                zero     0x2001f404      0x4  bsp_timer.o [1]
  .bss                zero     0x2001f408      0x4  heap_4.o [1]
  .bss                zero     0x2001f40c      0x4  heap_4.o [1]
  .bss                zero     0x2001f410      0x4  heap_4.o [1]
  .bss                zero     0x2001f414      0x4  heap_4.o [1]
  .bss                zero     0x2001f418      0x4  page_weimi.o [1]
  .bss                zero     0x2001f41c      0x4  page_weimi.o [1]
  .bss                zero     0x2001f420      0x4  port.o [1]
  .bss                zero     0x2001f424      0x4  product_cal.o [1]
  .bss                zero     0x2001f428      0x4  product_cal.o [1]
  .bss                zero     0x2001f42c      0x4  SysInfoTest.o [1]
  .bss                zero     0x2001f430      0x4  tasks.o [1]
  .bss                zero     0x2001f434      0x4  tasks.o [1]
  .bss                zero     0x2001f438      0x4  tasks.o [1]
  .bss                zero     0x2001f43c      0x4  tasks.o [1]
  .bss                zero     0x2001f440      0x4  tasks.o [1]
  .bss                zero     0x2001f444      0x4  tasks.o [1]
  .bss                zero     0x2001f448      0x4  tasks.o [1]
  .bss                zero     0x2001f44c      0x4  tasks.o [1]
  .bss                zero     0x2001f450      0x4  tasks.o [1]
  .bss                zero     0x2001f454      0x4  tasks.o [1]
  .bss                zero     0x2001f458      0x4  tasks.o [1]
  .bss                zero     0x2001f45c      0x4  tasks.o [1]
  .bss                zero     0x2001f460      0x4  tasks.o [1]
  .bss                zero     0x2001f464      0x4  tasks.o [1]
  .bss                zero     0x2001f468      0x4  tasks.o [1]
  .bss                zero     0x2001f46c      0x4  tasks.o [1]
  .bss                zero     0x2001f470      0x4  timers.o [1]
  .bss                zero     0x2001f474      0x4  timers.o [1]
  .bss                zero     0x2001f478      0x4  timers.o [1]
  .bss                zero     0x2001f47c      0x4  timers.o [1]
  .bss                zero     0x2001f480      0x4  usbh_msc_bot.o [1]
  .bss                zero     0x2001f484      0x4  usbh_msc_bot.o [1]
  .bss                zero     0x2001f488      0x4  usbh_msc_bot.o [1]
  .bss                zero     0x2001f48c      0x4  usbh_msc_bot.o [1]
  .bss                zero     0x2001f490      0x2  apptask.o [1]
  .bss                zero     0x2001f492      0x2  apptask.o [1]
  .bss                zero     0x2001f494      0x2  apptask.o [1]
  .bss                zero     0x2001f496      0x2  apptask.o [1]
  .bss                zero     0x2001f498      0x2  apptask.o [1]
  .bss                zero     0x2001f49a      0x2  bsp_sdwe050c17.o [1]
  .bss                zero     0x2001f49c      0x2  encoder_tim.o [1]
  .bss                zero     0x2001f49e      0x2  encoder_tim.o [1]
  .bss                zero     0x2001f4a0      0x2  ff.o [1]
  .bss                zero     0x2001f4a2      0x2  page_weimi.o [1]
  .bss                zero     0x2001f4a4      0x2  page_weimi.o [1]
  .bss                zero     0x2001f4a6      0x2  product_cal.o [1]
  .bss                zero     0x2001f4a8      0x2  usbh_core.o [1]
  .bss                zero     0x2001f4aa      0x2  usbh_stdreq.o [1]
  .bss                zero     0x2001f4ac      0x1  apptask.o [1]
  .bss                zero     0x2001f4ad      0x1  apptask.o [1]
  .bss                zero     0x2001f4ae      0x1  apptask.o [1]
  .bss                zero     0x2001f4af      0x1  apptask.o [1]
  .bss                zero     0x2001f4b0      0x1  apptask.o [1]
  .bss                zero     0x2001f4b1      0x1  apptask.o [1]
  .bss                zero     0x2001f4b2      0x1  apptask.o [1]
  .bss                zero     0x2001f4b3      0x1  apptask.o [1]
  .bss                zero     0x2001f4b4      0x1  apptask.o [1]
  .bss                zero     0x2001f4b5      0x1  apptask.o [1]
  .bss                zero     0x2001f4b6      0x1  apptask.o [1]
  .bss                zero     0x2001f4b7      0x1  apptask.o [1]
  .bss                zero     0x2001f4b8      0x1  apptask.o [1]
  .bss                zero     0x2001f4b9      0x1  bsp_sdio_sd.o [1]
  .bss                zero     0x2001f4ba      0x1  bsp_sdwe050c17.o [1]
  .bss                zero     0x2001f4bb      0x1  bsp_uart_fifo.o [1]
  .bss                zero     0x2001f4bc      0x1  encoder_tim.o [1]
  .bss                zero     0x2001f4bd      0x1  page_weimi.o [1]
  .bss                zero     0x2001f4be      0x1  page_weimi.o [1]
  .bss                zero     0x2001f4bf      0x1  page_weimi.o [1]
  .bss                zero     0x2001f4c0      0x1  page_weimi.o [1]
  .bss                zero     0x2001f4c1      0x1  page_weimi.o [1]
  .bss                zero     0x2001f4c2      0x1  page_weimi.o [1]
  .bss                zero     0x2001f4c3      0x1  port.o [1]
  .bss                zero     0x2001f4c4      0x1  product_cal.o [1]
  .bss                zero     0x2001f4c5      0x1  product_cal.o [1]
  .bss                zero     0x2001f4c6      0x1  protocol.o [1]
  .bss                zero     0x2001f4c7      0x1  rc522.o [1]
  .bss                zero     0x2001f4c8      0x1  rc522.o [1]
  .bss                zero     0x2001f4c9      0x1  usbh_msc_bot.o [1]
  .bss                zero     0x2001f4ca      0x1  usbh_msc_core.o [1]
  .bss                zero     0x2001f4cb      0x1  usbh_msc_core.o [1]
  .bss                zero     0x2001f4cc      0x1  usbh_stdreq.o [1]
  .bss                zero     0x2001f4cd      0x1  usbh_usr.o [1]
  CSTACK                       0x2001f4d0    0xa00  <Block>
    CSTACK            uninit   0x2001f4d0    0xa00  <Block tail>
                             - 0x2001fed0  0x1fed0

Absolute sections:                         0xff000
  .bss                zero     0x68000000  0xf0000  malloc.o [1]
  .bss                zero     0x680f0000   0xf000  malloc.o [1]
                             - 0x680ff000  0xff000


*******************************************************************************
*** INIT TABLE
***

          Address     Size
          -------     ----
Zero (__iar_zero_init3)
    2 destination ranges, total size 0x11e286:
          0x20000248  0x1f286
          0x68000000  0xff000

Copy/packbits (__iar_packbits_init3)
    1 source range, total size 0x125 (50% of destination):
          0x08047398    0x125
    1 destination range, total size 0x246:
          0x20000000    0x246



*******************************************************************************
*** MODULE SUMMARY
***

    Module                    ro code  ro data  rw data    rw data
                                                            (abs)
    ------                    -------  -------  -------    -------
E:\work\YarnControl_Driver\src\stm32f4_rtos\Project\EWARMv7\Flash\Obj: [1]
    SysInfoTest.o                  44                 4
    apptask.o                  26 092    2 897      168
    bsp.o                          76
    bsp_closeSW.o                 212
    bsp_dac.o                     212
    bsp_dwt.o                     116
    bsp_led.o                     192
    bsp_relay.o                    68
    bsp_sdio_sd.o               6 744               209
    bsp_sdwe050c17.o            5 664       36       55
    bsp_servomotor.o              896       10       20
    bsp_spi.o                     292
    bsp_stepmotor.o             1 180
    bsp_sw_onoff.o                 56
    bsp_timer.o                   516                16
    bsp_uart_fifo.o             2 724             1 201
    bsp_w25qxx.o                  896        9    4 098
    bsp_watchdog.o                  8
    cc936.o                       244  176 320
    demo_fatfs.o                           733       80
    diskio.o                      740
    encoder_tim.o                 704                30
    event_groups.o                610
    ff.o                        9 368       36      562
    heap_4.o                      640        4   71 704
    list.o                        152
    main.o                         48       32
    malloc.o                      540       38   43 548  1 044 480
    mcheck.o                      184      768
    misc.o                        136
    modbus.o                      852                 8
    page_weimi.o                  916       13      383
    para.o                      5 198      284      156
    port.o                        588        6        9
    portasm.o                     168
    product_cal.o               1 336      400      100
    protocol.o                    128               509
    queue.o                     1 992
    rc522.o                       238                22
    startup_stm32f40_41xxx.o      680
    stm32f4xx_dac.o               124
    stm32f4xx_dma.o               796
    stm32f4xx_exti.o              192
    stm32f4xx_gpio.o              300
    stm32f4xx_it.o                 56       44
    stm32f4xx_iwdg.o               16
    stm32f4xx_rcc.o               488        8       16
    stm32f4xx_sdio.o              380
    stm32f4xx_spi.o               116
    stm32f4xx_syscfg.o             84
    stm32f4xx_tim.o             1 782
    stm32f4xx_usart.o             596
    system_stm32f4xx.o            340        2        4
    tasks.o                     3 296        8      484
    timers.o                    1 188        8       56
    usb_bsp.o                     332
    usb_core.o                  2 640
    usb_hcd.o                     214
    usb_hcd_int.o               3 198
    usbh_core.o                 1 888        8       18
    usbh_hcs.o                    442
    usbh_ioreq.o                  582
    usbh_it.o                      16
    usbh_msc_bot.o              1 364                81
    usbh_msc_core.o             1 000        8       94
    usbh_msc_scsi.o             1 560        1      529
    usbh_stdreq.o               1 078               515
    usbh_usr.o                    418      592    3 125
    --------------------------------------------------------------
    Total:                     95 936  182 265  127 804  1 044 480

command line: [2]
    --------------------------------------------------------------
    Total:

dl7M_tlf.a: [3]
    abort.o                         6
    div.o                          14
    errno.o                        12        2        4
    exit.o                          4
    isxxx.o                        40
    localeconv.o                  108       68      136
    printf.o                       36
    putchar.o                      12
    setlocale.o                    24       58      116
    sprintf.o                      52
    sscanf.o                       36
    strcat.o                       28
    strstr.o                       44
    tolower.o                      20
    xfiles.o                                32      144
    xlocale_c.o                    54
    xprintffull_nomb.o          3 478
    xprout.o                       22
    xscanffull_nomb.o           2 916
    xsprout.o                      10
    xsscin.o                       30
    xstoflt.o                     440
    xstoll.o                      164
    xstopfx.o                     292
    xstoull.o                     432
    xstoxflt.o                    536
    xtls.o                          2
    --------------------------------------------------------------
    Total:                      8 812      160      400

m7M_tls.a: [4]
    DblAdd.o                      232
    DblCmpEq.o                     32
    DblCmpGe.o                     46
    DblCmpLe.o                     46
    DblDiv.o                      598
    DblMul.o                      418
    DblSub.o                      384
    DblToFlt.o                    144
    DblToI32.o                     88
    FltToDbl.o                     78
    I32ToDbl.o                     48
    fpinit_M.o                     34
    xdnorm.o                       66
    xdscale.o                     276
    xdtento.o                     512
    xdunscal.o                     82
    xstold.o                      360
    --------------------------------------------------------------
    Total:                      3 444

rt7M_tl.a: [5]
    ABImemcpy_unaligned.o         118
    ABImemset.o                   102
    I64DivMod.o                   306
    I64DivZer.o                     2
    cexit.o                        10
    cmain.o                        26
    cstartup_M.o                   12
    data_init.o                    40
    memchr.o                       88
    memcmp_unaligned.o             98
    packbits_init.o               208
    strchr.o                       22
    strcmp_unaligned.o             66
    strcpy_unaligned.o             68
    strlen.o                       54
    zero_init3.o                   64
    --------------------------------------------------------------
    Total:                      1 284

shb_l.a: [6]
    exit.o                         20
    --------------------------------------------------------------
    Total:                         20

    Gaps                           50        6        2
    Linker created                          52    2 560
------------------------------------------------------------------
    Grand Total:              109 546  182 483  130 766  1 044 480


*******************************************************************************
*** ENTRY LIST
***

Entry                      Address     Size  Type      Object
-----                      -------     ----  ----      ------
.iar.init_table$$Base   0x08046784            --   Gb  - Linker created -
.iar.init_table$$Limit  0x080467b8            --   Gb  - Linker created -
?main                   0x08046aa1           Code  Gb  cmain.o [5]
APBAHBPrescTable        0x20000204     0x10  Data  Lc  stm32f4xx_rcc.o [1]
AppObjCreate            0x08030919    0x190  Code  Gb  apptask.o [1]
AppTaskCreate           0x08030795    0x16c  Code  Gb  apptask.o [1]
BOTStallErrorCount      0x2001f480      0x4  Data  Lc  usbh_msc_bot.o [1]
BusFault_Handler        0x0804633f      0x2  Code  Gb  stm32f4xx_it.o [1]
CID_Tab                 0x2001f2cc     0x10  Data  Lc  bsp_sdio_sd.o [1]
CRC16HiTable            0x08045de0    0x100  Data  Gb  mcheck.o [1]
CRC16LoTable            0x08045ee0    0x100  Data  Gb  mcheck.o [1]
CRC8Table               0x08045fe0    0x100  Data  Gb  mcheck.o [1]
CSD_Tab                 0x2001f2bc     0x10  Data  Lc  bsp_sdio_sd.o [1]
CSTACK$$Base            0x2001f4d0            --   Gb  - Linker created -
CSTACK$$Limit           0x2001fed0            --   Gb  - Linker created -
CardType                0x2001f3e4      0x4  Data  Lc  bsp_sdio_sd.o [1]
CmdError                0x08041d41     0x38  Code  Lc  bsp_sdio_sd.o [1]
CmdResp1Error           0x08041de5    0x112  Code  Lc  bsp_sdio_sd.o [1]
CmdResp2Error           0x08041f35     0x52  Code  Lc  bsp_sdio_sd.o [1]
CmdResp3Error           0x08041ef7     0x3e  Code  Lc  bsp_sdio_sd.o [1]
CmdResp6Error           0x08041f87     0xa6  Code  Lc  bsp_sdio_sd.o [1]
CmdResp7Error           0x08041d79     0x58  Code  Lc  bsp_sdio_sd.o [1]
ConfigExitNVIC          0x08039fab     0x22  Code  Gb  bsp_closeSW.o [1]
ConfigUartNVIC          0x0803ba8f     0x7c  Code  Lc  bsp_uart_fifo.o [1]
DAC_Cmd                 0x0803d3bf     0x26  Code  Gb  stm32f4xx_dac.o [1]
DAC_Init                0x0803d38d     0x32  Code  Gb  stm32f4xx_dac.o [1]
DAC_SetChannel1Data     0x0803d3e5     0x1e  Code  Gb  stm32f4xx_dac.o [1]
DMA1_Stream0_IRQHandler
                        0x08036b61     0x1c  Code  Gb  bsp_servomotor.o [1]
DMA1_Stream3_IRQHandler
                        0x08036b7d     0x1c  Code  Gb  bsp_servomotor.o [1]
DMA2_Stream3_IRQHandler
                        0x08042629      0x8  Code  Gb  bsp_sdio_sd.o [1]
DMAEndOfTransfer        0x2001f3f4      0x4  Data  Gb  bsp_sdio_sd.o [1]
DMA_ClearFlag           0x0803dce3     0x24  Code  Gb  stm32f4xx_dma.o [1]
DMA_Cmd                 0x0803dc99     0x1a  Code  Gb  stm32f4xx_dma.o [1]
DMA_DeInit              0x0803db01    0x140  Code  Gb  stm32f4xx_dma.o [1]
DMA_FlowControllerConfig
                        0x0803dcb3     0x18  Code  Gb  stm32f4xx_dma.o [1]
DMA_GetCmdStatus        0x0803dccb     0x18  Code  Gb  stm32f4xx_dma.o [1]
DMA_GetITStatus         0x0803dd49     0x62  Code  Gb  stm32f4xx_dma.o [1]
DMA_ITConfig            0x0803dd07     0x42  Code  Gb  stm32f4xx_dma.o [1]
DMA_Init                0x0803dc41     0x58  Code  Gb  stm32f4xx_dma.o [1]
Dac1_Init               0x0803676d     0x5a  Code  Gb  bsp_dac.o [1]
Dac1_Set_Vol            0x080367c9     0x64  Code  Gb  bsp_dac.o [1]
DebugMon_Handler        0x08046343      0x2  Code  Gb  stm32f4xx_it.o [1]
DiskFile_init           0x08039eb1     0x40  Code  Gb  protocol.o [1]
Disk_File               0x2001ebf4     0xd4  Data  Gb  protocol.o [1]
ENC_Calc_Average_Speed  0x0803a693     0x58  Code  Gb  encoder_tim.o [1]
ENC_Calc_Rot_Speed      0x0803a5b9     0xda  Code  Gb  encoder_tim.o [1]
ENC_Clear_Speed_Buffer  0x0803a59d     0x1c  Code  Gb  encoder_tim.o [1]
ENC_Init                0x0803a4b1     0xec  Code  Gb  encoder_tim.o [1]
EXTI9_5_IRQHandler      0x08039fcd     0x3c  Code  Gb  bsp_closeSW.o [1]
EXTI_ClearITPendingBit  0x0803eeaf      0x6  Code  Gb  stm32f4xx_exti.o [1]
EXTI_GetITStatus        0x0803ee95     0x1a  Code  Gb  stm32f4xx_exti.o [1]
EXTI_Init               0x0803ee0d     0x88  Code  Gb  stm32f4xx_exti.o [1]
FR_Table                0x200000fc     0x50  Data  Gb  demo_fatfs.o [1]
FatFs                   0x2001f33c      0xc  Data  Lc  ff.o [1]
Files                   0x2001f17c     0x24  Data  Lc  ff.o [1]
FindSCR                 0x080421d5    0x206  Code  Lc  bsp_sdio_sd.o [1]
Fsid                    0x2001f4a0      0x2  Data  Lc  ff.o [1]
GPIO_Init               0x08034e09     0xaa  Code  Gb  stm32f4xx_gpio.o [1]
GPIO_PinAFConfig        0x08034edb     0x5a  Code  Gb  stm32f4xx_gpio.o [1]
GPIO_ReadInputDataBit   0x08034eb3     0x1a  Code  Gb  stm32f4xx_gpio.o [1]
GPIO_WriteBit           0x08034ecd      0xe  Code  Gb  stm32f4xx_gpio.o [1]
HCD_GetCurrentFrame     0x0803e081      0x8  Code  Gb  usb_hcd.o [1]
HCD_GetCurrentSpeed     0x0803e063     0x10  Code  Gb  usb_hcd.o [1]
HCD_GetURB_State        0x0803e089      0xa  Code  Gb  usb_hcd.o [1]
HCD_GetXferCnt          0x0803e093      0xc  Code  Gb  usb_hcd.o [1]
HCD_Init                0x0803dff1     0x72  Code  Gb  usb_hcd.o [1]
HCD_ResetPort           0x0803e073      0xe  Code  Gb  usb_hcd.o [1]
HCD_SubmitRequest       0x0803e09f     0x28  Code  Gb  usb_hcd.o [1]
HardFault_Handler       0x0804630f     0x22  Code  Gb  stm32f4xx_it.o [1]
IWDG_Feed               0x0803ae79      0x8  Code  Gb  bsp_watchdog.o [1]
IWDG_ReloadCounter      0x0803f001      0xa  Code  Gb  stm32f4xx_iwdg.o [1]
InStream_Read           0x080460e1     0x22  Code  Lc  packbits_init.o [5]
InitHardUart            0x0803b6a3    0x3ec  Code  Lc  bsp_uart_fifo.o [1]
Init_JINGSHA_GUI        0x0803188b    0x116  Code  Gb  bsp_sdwe050c17.o [1]
JingSha_File            0x2001f008     0x58  Data  Gb  protocol.o [1]
LfnBuf                  0x2001e388    0x200  Data  Lc  ff.o [1]
LfnOfs                  0x08046e94     0x10  Data  Lc  ff.o [1]
LoadInt                 0x0803c999     0x6e  Code  Lc  xprintffull_nomb.o [3]
MSCErrorCount           0x2001f4ca      0x1  Data  Gb  usbh_msc_core.o [1]
MSC_Machine             0x2001ef64     0x4c  Data  Gb  usbh_msc_core.o [1]
MSG_DEV_ATTACHED        0x08046c4c     0x18  Data  Gb  usbh_usr.o [1]
MSG_DEV_DISCONNECTED    0x08046c64     0x18  Data  Gb  usbh_usr.o [1]
MSG_DEV_ENUMERATED      0x08046a4c     0x1c  Data  Gb  usbh_usr.o [1]
MSG_DEV_ERROR           0x08046d40     0x14  Data  Gb  usbh_usr.o [1]
MSG_DEV_FULLSPEED       0x080468d8     0x20  Data  Gb  usbh_usr.o [1]
MSG_DEV_HIGHSPEED       0x080468b8     0x20  Data  Gb  usbh_usr.o [1]
MSG_DEV_LOWSPEED        0x080468f8     0x20  Data  Gb  usbh_usr.o [1]
MSG_HID_CLASS           0x08046a68     0x1c  Data  Gb  usbh_usr.o [1]
MSG_MSC_CLASS           0x0804673c     0x24  Data  Gb  usbh_usr.o [1]
MSG_UNREC_ERROR         0x08046a84     0x1c  Data  Gb  usbh_usr.o [1]
MemManage_Handler       0x0804633d      0x2  Code  Gb  stm32f4xx_it.o [1]
MotorProcess            0x2001f0b0     0x40  Data  Gb  page_weimi.o [1]
MotorStepCount          0x08036375     0x68  Code  Gb  page_weimi.o [1]
NMI_Handler             0x0804630d      0x2  Code  Gb  stm32f4xx_it.o [1]
NVIC_Init               0x0803de27     0x6a  Code  Gb  misc.o [1]
NVIC_PriorityGroupConfig
                        0x0803de1d      0xa  Code  Gb  misc.o [1]
OTG_FS_IRQHandler       0x08046f15     0x10  Code  Gb  usbh_it.o [1]
PendSV_Handler          0x0803f011           Code  Gb  portasm.o [1]
RCA                     0x2001f3e8      0x4  Data  Lc  bsp_sdio_sd.o [1]
RCC_AHB1PeriphClockCmd  0x0803b4e7     0x22  Code  Gb  stm32f4xx_rcc.o [1]
RCC_AHB2PeriphClockCmd  0x0803b509     0x1e  Code  Gb  stm32f4xx_rcc.o [1]
RCC_APB1PeriphClockCmd  0x0803b527     0x1e  Code  Gb  stm32f4xx_rcc.o [1]
RCC_APB1PeriphResetCmd  0x0803b563     0x1e  Code  Gb  stm32f4xx_rcc.o [1]
RCC_APB2PeriphClockCmd  0x0803b545     0x1e  Code  Gb  stm32f4xx_rcc.o [1]
RCC_APB2PeriphResetCmd  0x0803b581     0x1e  Code  Gb  stm32f4xx_rcc.o [1]
RCC_GetClocksFreq       0x0803b3e5    0x102  Code  Gb  stm32f4xx_rcc.o [1]
RS485_InitTXE           0x0803b66d     0x36  Code  Gb  bsp_uart_fifo.o [1]
RS485_sendbuf           0x0803bf49     0x44  Code  Gb  bsp_uart_fifo.o [1]
Region$$Table$$Base     0x08046784            --   Gb  - Linker created -
Region$$Table$$Limit    0x080467b8            --   Gb  - Linker created -
SDCardInfo              0x2001efb0     0x58  Data  Gb  bsp_sdio_sd.o [1]
SDEnWideBus             0x08042039    0x198  Code  Lc  bsp_sdio_sd.o [1]
SDIO_ClearFlag          0x08043699      0x6  Code  Gb  stm32f4xx_sdio.o [1]
SDIO_ClearITPendingBit  0x080436b9      0x6  Code  Gb  stm32f4xx_sdio.o [1]
SDIO_ClockCmd           0x080435c7      0x8  Code  Gb  stm32f4xx_sdio.o [1]
SDIO_CmdInitStructure   0x2001f208     0x14  Data  Gb  bsp_sdio_sd.o [1]
SDIO_DMACmd             0x08043659      0x8  Code  Gb  stm32f4xx_sdio.o [1]
SDIO_DataConfig         0x08043625     0x2e  Code  Gb  stm32f4xx_sdio.o [1]
SDIO_DataInitStructure  0x2001f1d8     0x18  Data  Gb  bsp_sdio_sd.o [1]
SDIO_DeInit             0x08043585     0x18  Code  Gb  stm32f4xx_sdio.o [1]
SDIO_GetCommandResponse
                        0x08043607      0x8  Code  Gb  stm32f4xx_sdio.o [1]
SDIO_GetFlagStatus      0x0804367f     0x1a  Code  Gb  stm32f4xx_sdio.o [1]
SDIO_GetITStatus        0x0804369f     0x1a  Code  Gb  stm32f4xx_sdio.o [1]
SDIO_GetPowerState      0x080435d5      0xa  Code  Gb  stm32f4xx_sdio.o [1]
SDIO_GetResponse        0x0804360f     0x16  Code  Gb  stm32f4xx_sdio.o [1]
SDIO_IRQHandler         0x08042621      0x8  Code  Gb  bsp_sdio_sd.o [1]
SDIO_ITConfig           0x08043661     0x1e  Code  Gb  stm32f4xx_sdio.o [1]
SDIO_Init               0x0804359d     0x2a  Code  Gb  stm32f4xx_sdio.o [1]
SDIO_InitStructure      0x2001f1c0     0x18  Data  Gb  bsp_sdio_sd.o [1]
SDIO_Interrupts_Config  0x080425e5     0x3c  Code  Gb  bsp_sdio_sd.o [1]
SDIO_ReadData           0x08043653      0x6  Code  Gb  stm32f4xx_sdio.o [1]
SDIO_SendCommand        0x080435df     0x28  Code  Gb  stm32f4xx_sdio.o [1]
SDIO_SetPowerState      0x080435cf      0x6  Code  Gb  stm32f4xx_sdio.o [1]
SDWE_WARNNING           0x08031b11     0x32  Code  Gb  bsp_sdwe050c17.o [1]
SD_Detect               0x08040cdd     0x22  Code  Gb  bsp_sdio_sd.o [1]
SD_EnableWideBusOperation
                        0x080414d9     0xc8  Code  Gb  bsp_sdio_sd.o [1]
SD_GetCardInfo          0x080410ed    0x3ec  Code  Gb  bsp_sdio_sd.o [1]
SD_GetState             0x08040cb3     0x2a  Code  Gb  bsp_sdio_sd.o [1]
SD_GetStatus            0x08040c91     0x22  Code  Gb  bsp_sdio_sd.o [1]
SD_Init                 0x08040bd9     0xb8  Code  Gb  bsp_sdio_sd.o [1]
SD_InitializeCards      0x08040f4b    0x1a2  Code  Gb  bsp_sdio_sd.o [1]
SD_LowLevel_DMA_RxConfig
                        0x0804252f     0x8e  Code  Gb  bsp_sdio_sd.o [1]
SD_LowLevel_DMA_TxConfig
                        0x080424a1     0x8e  Code  Gb  bsp_sdio_sd.o [1]
SD_LowLevel_Init        0x080423dd     0xbc  Code  Gb  bsp_sdio_sd.o [1]
SD_PowerON              0x08040cff    0x24c  Code  Gb  bsp_sdio_sd.o [1]
SD_ProcessDMAIRQ        0x08041d1d     0x22  Code  Gb  bsp_sdio_sd.o [1]
SD_ProcessIRQSrc        0x08041c6f     0xae  Code  Gb  bsp_sdio_sd.o [1]
SD_ReadBlock            0x080415d9    0x108  Code  Gb  bsp_sdio_sd.o [1]
SD_ReadMultiBlocks      0x080416e1    0x134  Code  Gb  bsp_sdio_sd.o [1]
SD_SelectDeselect       0x080415a1     0x38  Code  Gb  bsp_sdio_sd.o [1]
SD_SendStatus           0x08041c01     0x6e  Code  Gb  bsp_sdio_sd.o [1]
SD_StopTransfer         0x08041bb9     0x44  Code  Gb  bsp_sdio_sd.o [1]
SD_WaitReadOperation    0x08041819     0x96  Code  Gb  bsp_sdio_sd.o [1]
SD_WriteBlock           0x080418b9    0x11e  Code  Gb  bsp_sdio_sd.o [1]
SD_WriteMultiBlocks     0x080419e5    0x1cc  Code  Gb  bsp_sdio_sd.o [1]
SPEED_RADIO             0x080470d4      0xc  Data  Gb  page_weimi.o [1]
SPI1_Init               0x0803c2e9     0xc0  Code  Gb  bsp_spi.o [1]
SPI1_ReadWriteByte      0x0803c3d1     0x32  Code  Gb  bsp_spi.o [1]
SPI1_SetSpeed           0x0803c3a9     0x28  Code  Gb  bsp_spi.o [1]
SPI_Cmd                 0x0803f34d     0x1c  Code  Gb  stm32f4xx_spi.o [1]
SPI_I2S_GetFlagStatus   0x0803f369     0x18  Code  Gb  stm32f4xx_spi.o [1]
SPI_Init                0x0803f30d     0x40  Code  Gb  stm32f4xx_spi.o [1]
SRC_Buffer              0x200001f0     0x14  Data  Gb  bsp_servomotor.o [1]
STEP1_PWM_START         0x0803a1a7     0x6c  Code  Gb  bsp_stepmotor.o [1]
STEP2_PWM_START         0x0803a287     0x72  Code  Gb  bsp_stepmotor.o [1]
STEP3_PWM_START         0x0803a365     0x6c  Code  Gb  bsp_stepmotor.o [1]
SVC_Handler             0x0803f069           Code  Gb  portasm.o [1]
SYSCFG_EXTILineConfig   0x0803edb9     0x50  Code  Gb  stm32f4xx_syscfg.o [1]
Sdwe_ClearReadDisk      0x08031bef     0x20  Code  Gb  bsp_sdwe050c17.o [1]
Sdwe_change_class_time  0x08032213     0x30  Code  Gb  bsp_sdwe050c17.o [1]
Sdwe_clearString        0x08031b43     0x54  Code  Gb  bsp_sdwe050c17.o [1]
Sdwe_clear_filename     0x08031c3f     0x60  Code  Gb  bsp_sdwe050c17.o [1]
Sdwe_disDigi            0x080319eb     0xa4  Code  Gb  bsp_sdwe050c17.o [1]
Sdwe_disPicture         0x080319a1     0x4a  Code  Gb  bsp_sdwe050c17.o [1]
Sdwe_disString          0x08031a8f     0x82  Code  Gb  bsp_sdwe050c17.o [1]
Sdwe_hidden_page        0x080322ab     0x30  Code  Gb  bsp_sdwe050c17.o [1]
Sdwe_peiliao_page       0x080320b5    0x12a  Code  Gb  bsp_sdwe050c17.o [1]
Sdwe_period_page        0x08032243     0x68  Code  Gb  bsp_sdwe050c17.o [1]
Sdwe_product_page       0x08031edb    0x1d2  Code  Gb  bsp_sdwe050c17.o [1]
Sdwe_ratio_display      0x080321df     0x22  Code  Gb  bsp_sdwe050c17.o [1]
Sdwe_readRTC            0x08031c0f     0x30  Code  Gb  bsp_sdwe050c17.o [1]
Sdwe_refresh_allname    0x08031e93     0x48  Code  Gb  bsp_sdwe050c17.o [1]
Sdwe_refresh_filename   0x08031c9f    0x1f4  Code  Gb  bsp_sdwe050c17.o [1]
Sdwe_sevro_pulse_display
                        0x08032201     0x12  Code  Gb  bsp_sdwe050c17.o [1]
Sdwe_stop_page          0x080322db    0x384  Code  Gb  bsp_sdwe050c17.o [1]
Sdwe_writeIcon          0x08031b97     0x58  Code  Gb  bsp_sdwe050c17.o [1]
ServoMotorRunning       0x08036b27     0x3a  Code  Gb  bsp_servomotor.o [1]
SetSysClock             0x08045cdf     0xce  Code  Lc  system_stm32f4xx.o [1]
SlavePara               0x2001ecc8     0xa4  Data  Gb  protocol.o [1]
StepMotor_adjust_speed  0x0803a3d1     0x4e  Code  Gb  bsp_stepmotor.o [1]
StepMotor_start         0x0803a45b     0x38  Code  Gb  bsp_stepmotor.o [1]
StepMotor_stop          0x0803a41f     0x3c  Code  Gb  bsp_stepmotor.o [1]
StopCondition           0x2001f3ec      0x4  Data  Gb  bsp_sdio_sd.o [1]
SysTick_Handler         0x0803b007     0x2c  Code  Gb  port.o [1]
SystemCoreClock         0x20000234      0x4  Data  Gb  system_stm32f4xx.o [1]
SystemInit              0x08045c8d     0x52  Code  Gb  system_stm32f4xx.o [1]
TI1_Config              0x0803da03     0x38  Code  Lc  stm32f4xx_tim.o [1]
TI2_Config              0x0803da3b     0x42  Code  Lc  stm32f4xx_tim.o [1]
TI3_Config              0x0803da7d     0x40  Code  Lc  stm32f4xx_tim.o [1]
TI4_Config              0x0803dabd     0x42  Code  Lc  stm32f4xx_tim.o [1]
TIM1_PWM_SETPMOTOR      0x0803a213     0x74  Code  Gb  bsp_stepmotor.o [1]
TIM2_IRQHandler         0x0803c225     0xac  Code  Gb  bsp_timer.o [1]
TIM3_PWM_SETPMOTOR      0x0803a13b     0x6c  Code  Gb  bsp_stepmotor.o [1]
TIM4_CH1_ConfigPwmOut   0x08036841     0x1c  Code  Gb  bsp_servomotor.o [1]
TIM4_CH1_GPIO_Configuration
                        0x080368cb     0x6a  Code  Gb  bsp_servomotor.o [1]
TIM4_CH1_PWMDMA_Config  0x08036a49     0xb0  Code  Gb  bsp_servomotor.o [1]
TIM4_CH1_StartPwmOut    0x0803685d     0x36  Code  Gb  bsp_servomotor.o [1]
TIM4_CH1_StopPwmOut     0x08036893     0x38  Code  Gb  bsp_servomotor.o [1]
TIM4_CH2_StopPwmOut     0x08036af9     0x2e  Code  Gb  bsp_servomotor.o [1]
TIM4_MANUAL_PWM_Config  0x080369c5     0x78  Code  Gb  bsp_servomotor.o [1]
TIM4_MANUAL_PWM_Stop    0x08036a3d      0xc  Code  Gb  bsp_servomotor.o [1]
TIM4_PWM_Config         0x08036935     0x90  Code  Gb  bsp_servomotor.o [1]
TIM5_PWM_SETPMOTOR      0x0803a2f9     0x6c  Code  Gb  bsp_stepmotor.o [1]
TIM6_DAC_IRQHandler     0x080464e5     0x22  Code  Gb  SysInfoTest.o [1]
TIM8_UP_TIM13_IRQHandler
                        0x0803a6eb     0x58  Code  Gb  encoder_tim.o [1]
TIM_ARRPreloadConfig    0x0803d607     0x1c  Code  Gb  stm32f4xx_tim.o [1]
TIM_CallBack1           0x08030aad     0xf2  Code  Gb  apptask.o [1]
TIM_ClearFlag           0x0803d96d      0x8  Code  Gb  stm32f4xx_tim.o [1]
TIM_ClearITPendingBit   0x0803d9a7      0x8  Code  Gb  stm32f4xx_tim.o [1]
TIM_Cmd                 0x0803d623     0x1c  Code  Gb  stm32f4xx_tim.o [1]
TIM_CtrlPWMOutputs      0x0803d935     0x22  Code  Gb  stm32f4xx_tim.o [1]
TIM_DMACmd              0x0803d9af     0x16  Code  Gb  stm32f4xx_tim.o [1]
TIM_DeInit              0x0803d409    0x17c  Code  Gb  stm32f4xx_tim.o [1]
TIM_EncoderInterfaceConfig
                        0x0803d9c5     0x3e  Code  Gb  stm32f4xx_tim.o [1]
TIM_GetITStatus         0x0803d975     0x32  Code  Gb  stm32f4xx_tim.o [1]
TIM_ICInit              0x0803d863     0x70  Code  Gb  stm32f4xx_tim.o [1]
TIM_ICStructInit        0x0803d8d3     0x16  Code  Gb  stm32f4xx_tim.o [1]
TIM_ITConfig            0x0803d957     0x16  Code  Gb  stm32f4xx_tim.o [1]
TIM_OC1Init             0x0803d63f     0x7e  Code  Gb  stm32f4xx_tim.o [1]
TIM_OC1PreloadConfig    0x0803d82b     0x12  Code  Gb  stm32f4xx_tim.o [1]
TIM_OC2Init             0x0803d6bd     0x8c  Code  Gb  stm32f4xx_tim.o [1]
TIM_OC2PreloadConfig    0x0803d83d     0x14  Code  Gb  stm32f4xx_tim.o [1]
TIM_OC3Init             0x0803d749     0x8a  Code  Gb  stm32f4xx_tim.o [1]
TIM_OC3PreloadConfig    0x0803d851     0x12  Code  Gb  stm32f4xx_tim.o [1]
TIM_OCStructInit        0x0803d809     0x22  Code  Gb  stm32f4xx_tim.o [1]
TIM_SetIC1Prescaler     0x0803d8e9     0x12  Code  Gb  stm32f4xx_tim.o [1]
TIM_SetIC2Prescaler     0x0803d8fb     0x14  Code  Gb  stm32f4xx_tim.o [1]
TIM_SetIC3Prescaler     0x0803d90f     0x12  Code  Gb  stm32f4xx_tim.o [1]
TIM_SetIC4Prescaler     0x0803d921     0x14  Code  Gb  stm32f4xx_tim.o [1]
TIM_TimeBaseInit        0x0803d585     0x6a  Code  Gb  stm32f4xx_tim.o [1]
TIM_TimeBaseStructInit  0x0803d5ef     0x18  Code  Gb  stm32f4xx_tim.o [1]
Task_iwdg_refresh       0x08030ef1     0x8a  Code  Gb  apptask.o [1]
TransferEnd             0x2001f3f0      0x4  Data  Gb  bsp_sdio_sd.o [1]
TransferError           0x2001f4b9      0x1  Data  Gb  bsp_sdio_sd.o [1]
UART1ToPC               0x0803bee9     0x30  Code  Gb  bsp_uart_fifo.o [1]
UART2ToPC               0x0803bf19     0x30  Code  Gb  bsp_uart_fifo.o [1]
UART2_RX_BUF            0x2001ef00     0x64  Data  Gb  bsp_uart_fifo.o [1]
UART3ToPC               0x0803bf8d     0x30  Code  Gb  bsp_uart_fifo.o [1]
UART3_RX_BUF            0x2001dfa0    0x3e8  Data  Gb  bsp_uart_fifo.o [1]
UART4ToPC               0x0803bfbf     0x3c  Code  Gb  bsp_uart_fifo.o [1]
UART4_IRQHandler        0x0803bdfb     0x84  Code  Gb  bsp_uart_fifo.o [1]
UART4_RX_BUF            0x2001ee9c     0x64  Data  Gb  bsp_uart_fifo.o [1]
UART5ToPC               0x0803bffb     0x3c  Code  Gb  bsp_uart_fifo.o [1]
UART5_IRQHandler        0x0803be7f     0x6a  Code  Gb  bsp_uart_fifo.o [1]
USART1_IRQHandler       0x0803bc73     0x24  Code  Gb  bsp_uart_fifo.o [1]
USART2_IRQHandler       0x0803bc97     0x82  Code  Gb  bsp_uart_fifo.o [1]
USART3_IRQHandler       0x0803bd19     0xe2  Code  Gb  bsp_uart_fifo.o [1]
[...]
get_songwei1_maxseg     0x08036613     0x46  Code  Gb  page_weimi.o [1]
get_songwei2_maxseg     0x08036659     0x46  Code  Gb  page_weimi.o [1]
get_valid_length        0x08032e19     0x26  Code  Gb  bsp_sdwe050c17.o [1]
get_valid_seg           0x08036591     0x3c  Code  Gb  page_weimi.o [1]
get_weimi_para          0x080364bd     0xae  Code  Gb  page_weimi.o [1]
hEncoder_Timer_Overflow
                        0x2001f49e      0x2  Data  Gb  encoder_tim.o [1]
hPrevious_angle         0x2001f49c      0x2  Data  Gb  encoder_tim.o [1]
hSpeed_Buffer           0x2001f1f0     0x18  Data  Gb  encoder_tim.o [1]
hex_to_decimal          0x08032e3f     0x26  Code  Gb  bsp_sdwe050c17.o [1]
idwgEventGroup          0x2001f3c4      0x4  Data  Gb  apptask.o [1]
inc_card_type           0x08033263    0x11c  Code  Gb  product_cal.o [1]
inc_lock                0x080375eb     0xe8  Code  Lc  ff.o [1]
init_jingsha_para       0x08039ef1     0x38  Code  Gb  protocol.o [1]
init_peiliao_para       0x08032f13     0x4a  Code  Gb  product_cal.o [1]
init_product_para       0x08032e65     0xae  Code  Gb  product_cal.o [1]
init_weimi_para         0x080363dd     0xe0  Code  Gb  page_weimi.o [1]
input_password_buf      0x2001f348      0xc  Data  Gb  protocol.o [1]
input_password_len      0x2001f4c6      0x1  Data  Gb  protocol.o [1]
isDevicePeriod          0x2001f4b4      0x1  Data  Gb  apptask.o [1]
isWork                  0x2001f4ad      0x1  Data  Gb  apptask.o [1]
is_same_data            0x08033155     0x2a  Code  Gb  product_cal.o [1]
is_stop                 0x2001f4bf      0x1  Data  Gb  page_weimi.o [1]
isalpha                 0x0804319f     0x14  Code  Gb  isxxx.o [3]
isspace                 0x080431b3     0x14  Code  Gb  isxxx.o [3]
lcd_busy                0x2001f4ba      0x1  Data  Gb  bsp_sdwe050c17.o [1]
lcd_rev_buf             0x2001f0f0     0x34  Data  Gb  bsp_sdwe050c17.o [1]
lcd_rev_len             0x2001f49a      0x2  Data  Gb  bsp_sdwe050c17.o [1]
ld_clust                0x08037f15     0x28  Code  Lc  ff.o [1]
localeconv              0x0803f5e3     0x16  Code  Gb  localeconv.o [3]
m_ctrl_dev              0x2001f374      0x8  Data  Gb  modbus.o [1]
main                    0x08046405     0x30  Code  Gb  main.o [1]
mallco_dev              0x200001d4     0x1c  Data  Gb  malloc.o [1]
max_seg                 0x2001f4c0      0x1  Data  Gb  page_weimi.o [1]
mb_init                 0x08039d91     0x30  Code  Gb  modbus.o [1]
mb_packsend_frame       0x08039c9f     0xf2  Code  Gb  modbus.o [1]
mb_unpack_frame         0x08039b5d    0x142  Code  Gb  modbus.o [1]
mc_check_crc16          0x0803ed41     0x40  Code  Gb  mcheck.o [1]
mc_check_crc8           0x0803ed1d     0x24  Code  Gb  mcheck.o [1]
mc_check_sum            0x0803ecd5     0x2e  Code  Gb  mcheck.o [1]
mc_check_xor            0x0803ed03     0x1a  Code  Gb  mcheck.o [1]
mem1base                0x20011a48   0xa000  Data  Gb  malloc.o [1]
mem1mapbase             0x2001ca48    0xa00  Data  Gb  malloc.o [1]
mem2base                0x68000000  0xf0000  Data  Gb  malloc.o [1]
mem2mapbase             0x680f0000   0xf000  Data  Gb  malloc.o [1]
mem_cmp                 0x080374f7     0x24  Code  Lc  ff.o [1]
mem_cpy                 0x080374c5     0x1c  Code  Lc  ff.o [1]
mem_set                 0x080374e1     0x16  Code  Lc  ff.o [1]
memblksize              0x080471b8      0x8  Data  Gb  malloc.o [1]
memchr                  0x0803f399           Code  Gb  memchr.o [5]
memsize                 0x080471c0      0x8  Data  Gb  malloc.o [1]
memtblsize              0x080471b0      0x8  Data  Gb  malloc.o [1]
modbus_send_frame       0x08039dc1     0xe6  Code  Gb  modbus.o [1]
move_window             0x080377b9     0x40  Code  Lc  ff.o [1]
my_mem_free             0x0803470b     0x6c  Code  Gb  malloc.o [1]
my_mem_init             0x080345cf     0x42  Code  Gb  malloc.o [1]
my_mem_malloc           0x0803464f     0xbc  Code  Gb  malloc.o [1]
my_mem_perused          0x08034611     0x3e  Code  Gb  malloc.o [1]
myfree                  0x08034777     0x24  Code  Gb  malloc.o [1]
mymalloc                0x0803479b     0x2a  Code  Gb  malloc.o [1]
mymemset                0x080345b9     0x16  Code  Gb  malloc.o [1]
ndigs                   0x080433f4     0x28  Data  Lc  xstoull.o [3]
obuf                    0x2001f060     0x50  Data  Lc  xfiles.o [3]
oem2uni                 0x0801560c  0x15484  Data  Lc  cc936.o [1]
old_card_record         0x2001f4b2      0x1  Data  Gb  apptask.o [1]
old_isWork              0x2001f4ae      0x1  Data  Gb  apptask.o [1]
old_is_stop             0x20000244      0x1  Data  Gb  page_weimi.o [1]
old_plan_complete       0x2001f4c5      0x1  Data  Gb  product_cal.o [1]
old_system_state        0x20000242      0x1  Data  Gb  apptask.o [1]
old_usb_disk_flag       0x2001f4b0      0x1  Data  Gb  apptask.o [1]
para_init               0x08035413     0x80  Code  Gb  para.o [1]
pcInterruptPriorityRegisters
                        0x08047284      0x4  Data  Lc  port.o [1]
peiliao_para            0x2001f124     0x30  Data  Gb  product_cal.o [1]
pick_lfn                0x0803800b     0x8c  Code  Lc  ff.o [1]
plan_complete           0x2001f4c4      0x1  Data  Gb  product_cal.o [1]
pluse_count             0x2001f492      0x2  Data  Gb  apptask.o [1]
pluse_step_src          0x2001f324      0xc  Data  Gb  apptask.o [1]
pows                    0x08043bf8     0x48  Data  Lc  xdtento.o [4]
printf                  0x080344d9     0x24  Code  Gb  printf.o [3]
product_complete_kilo   0x08032fff     0x74  Code  Gb  product_cal.o [1]
product_complete_meter  0x08032fe3     0x1c  Code  Gb  product_cal.o [1]
product_para            0x2001f154     0x28  Data  Gb  product_cal.o [1]
product_per_meter       0x08032f5d     0x74  Code  Gb  product_cal.o [1]
prvAddCurrentTaskToDelayedList
                        0x08033f79     0x48  Code  Lc  tasks.o [1]
prvAllocateTCBAndStack  0x08033fc1     0x5a  Code  Lc  tasks.o [1]
prvCheckForValidListAndQueue
                        0x0803ae07     0x52  Code  Lc  timers.o [1]
prvCheckTasksWaitingTermination
                        0x08033f0f     0x66  Code  Lc  tasks.o [1]
prvCopyDataFromQueue    0x08031725     0x30  Code  Lc  queue.o [1]
prvCopyDataToQueue      0x080316a1     0x84  Code  Lc  queue.o [1]
prvDeleteTCB            0x0803401b     0x12  Code  Lc  tasks.o [1]
prvGetNextExpireTime    0x0803abf3     0x2e  Code  Lc  timers.o [1]
prvHeapInit             0x0803b2f5     0x6e  Code  Lc  heap_4.o [1]
prvIdleTask             0x08033e29     0x26  Code  Lc  tasks.o [1]
prvInitialiseTCBVariables
                        0x08033e4f     0x6a  Code  Lc  tasks.o [1]
prvInitialiseTaskLists  0x08033eb9     0x56  Code  Lc  tasks.o [1]
prvInsertBlockIntoFreeList
                        0x0803b363     0x62  Code  Lc  heap_4.o [1]
prvInsertTimerInActiveList
                        0x0803ac49     0x50  Code  Lc  timers.o [1]
prvIsQueueEmpty         0x080317bf     0x20  Code  Lc  queue.o [1]
prvIsQueueFull          0x080317df     0x22  Code  Lc  queue.o [1]
prvProcessExpiredTimer  0x0803ab0b     0x5c  Code  Lc  timers.o [1]
prvProcessReceivedCommands
                        0x0803ac99     0xde  Code  Lc  timers.o [1]
prvProcessTimerOrBlockTask
                        0x0803ab83     0x70  Code  Lc  timers.o [1]
prvResetNextTaskUnblockTime
                        0x0803402d     0x26  Code  Lc  tasks.o [1]
prvSampleTimeNow        0x0803ac21     0x28  Code  Lc  timers.o [1]
prvSwitchTimerLists     0x0803ad77     0x90  Code  Lc  timers.o [1]
prvTaskExitError        0x0803aea5     0x2a  Code  Lc  port.o [1]
prvTestWaitCondition    0x0803a9af     0x24  Code  Lc  event_groups.o [1]
prvTimerTask            0x0803ab69     0x1a  Code  Lc  timers.o [1]
prvUnlockQueue          0x08031755     0x6a  Code  Lc  queue.o [1]
put_fat                 0x08037a07    0x16c  Code  Gb  ff.o [1]
putchar                 0x08046c95      0xc  Code  Gb  putchar.o [3]
pvPortMalloc            0x0803b165    0x118  Code  Gb  heap_4.o [1]
pxCurrentTCB            0x2001f430      0x4  Data  Gb  tasks.o [1]
pxCurrentTimerList      0x2001f470      0x4  Data  Lc  timers.o [1]
pxDelayedTaskList       0x2001f434      0x4  Data  Lc  tasks.o [1]
pxEnd                   0x2001f408      0x4  Data  Lc  heap_4.o [1]
pxOverflowDelayedTaskList
                        0x2001f438      0x4  Data  Lc  tasks.o [1]
pxOverflowTimerList     0x2001f474      0x4  Data  Lc  timers.o [1]
pxPortInitialiseStack   0x0803ae81     0x24  Code  Gb  port.o [1]
pxReadyTasksLists       0x2001e988    0x140  Data  Lc  tasks.o [1]
rc522_cmd_anticoll      0x08039b01     0x5a  Code  Gb  rc522.o [1]
rc522_cmd_request       0x08039aad     0x54  Code  Gb  rc522.o [1]
readDisk                0x2001f4b5      0x1  Data  Gb  apptask.o [1]
readFilenum             0x2001f4b6      0x1  Data  Gb  apptask.o [1]
readSlave               0x2001f318      0xc  Data  Gb  apptask.o [1]
read_device_info        0x08034f35    0x2b4  Code  Gb  para.o [1]
read_file_select        0x2001f360      0xc  Data  Gb  protocol.o [1]
read_from_disk          0x080354cd    0xd04  Code  Gb  para.o [1]
remove_chain            0x08037b73     0x76  Code  Lc  ff.o [1]
rfid_rev_buf            0x2001f21c     0x14  Data  Gb  rc522.o [1]
rfid_rev_cnt            0x2001f4c8      0x1  Data  Gb  rc522.o [1]
rfid_rev_flag           0x2001f4c7      0x1  Data  Gb  rc522.o [1]
rtc_time                0x2001f37c      0x8  Data  Gb  protocol.o [1]
s_TIM_CallBack1         0x2001f3f8      0x4  Data  Lc  bsp_timer.o [1]
s_TIM_CallBack2         0x2001f3fc      0x4  Data  Lc  bsp_timer.o [1]
s_TIM_CallBack3         0x2001f400      0x4  Data  Lc  bsp_timer.o [1]
s_TIM_CallBack4         0x2001f404      0x4  Data  Lc  bsp_timer.o [1]
sample_time             0x2001f490      0x2  Data  Gb  apptask.o [1]
sdew_weimi_page1        0x08032689    0x302  Code  Gb  bsp_sdwe050c17.o [1]
sdew_weimi_page2        0x08032995    0x25e  Code  Gb  bsp_sdwe050c17.o [1]
sdew_weisha_page1       0x08032bf9    0x100  Code  Gb  bsp_sdwe050c17.o [1]
sdew_weisha_page2       0x08032d01    0x100  Code  Gb  bsp_sdwe050c17.o [1]
servomotor_guodu        0x2001f4bd      0x1  Data  Gb  page_weimi.o [1]
servomotor_mode         0x2001f4be      0x1  Data  Gb  page_weimi.o [1]
servomotor_step         0x2001f4a4      0x2  Data  Gb  page_weimi.o [1]
slave_info              0x2001f30c      0xc  Data  Gb  apptask.o [1]
speed_diff              0x2001f330      0xc  Data  Gb  apptask.o [1]
speed_zhu               0x2001f4a2      0x2  Data  Gb  page_weimi.o [1]
sprintf                 0x0803995d     0x34  Code  Gb  sprintf.o [3]
sscanf                  0x0803d369     0x24  Code  Gb  sscanf.o [3]
st_clust                0x08037f3d     0x18  Code  Lc  ff.o [1]
stepmotor_guodu         0x2001f418      0x4  Data  Gb  page_weimi.o [1]
strcat                  0x08039991     0x1c  Code  Gb  strcat.o [3]
strchr                  0x0803f381           Code  Gb  strchr.o [5]
strlen                  0x08034dd1           Code  Gb  strlen.o [5]
strstr                  0x08039f31     0x10  Code  Gb  para.o [1]
sum_sfn                 0x08038211     0x20  Code  Lc  ff.o [1]
symbol                  0x2001f3dc      0x4  Data  Gb  apptask.o [1]
sync_fs                 0x080377f9     0xd8  Code  Lc  ff.o [1]
sync_window             0x0803775f     0x5a  Code  Lc  ff.o [1]
system_state_dis        0x08045afc    0x190  Data  Gb  product_cal.o [1]
tolower                 0x08043751     0x14  Code  Gb  tolower.o [3]
total_meter_gross       0x2001f424      0x4  Data  Gb  product_cal.o [1]
total_weight_gross      0x2001f428      0x4  Data  Gb  product_cal.o [1]
ucHeap                  0x20000248  0x11800  Data  Lc  heap_4.o [1]
ucMaxSysCallPriority    0x2001f4c3      0x1  Data  Lc  port.o [1]
ulHighFrequencyTimerTicks
                        0x2001f42c      0x4  Data  Gb  SysInfoTest.o [1]
ulMaxPRIGROUPValue      0x2001f420      0x4  Data  Lc  port.o [1]
ulTaskSwitchedInTime    0x2001f468      0x4  Data  Lc  tasks.o [1]
ulTotalRunTime          0x2001f46c      0x4  Data  Lc  tasks.o [1]
uni2oem                 0x08000188  0x15484  Data  Lc  cc936.o [1]
usb_disk_flag           0x2001f4af      0x1  Data  Gb  apptask.o [1]
usbh_OpenMassStorage    0x08036bc1     0x14  Code  Gb  usbh_usr.o [1]
uxCriticalNesting       0x20000230      0x4  Data  Lc  port.o [1]
uxCurrentNumberOfTasks  0x2001f440      0x4  Data  Lc  tasks.o [1]
uxListRemove            0x0803b13d     0x28  Code  Gb  list.o [1]
uxPendedTicks           0x2001f450      0x4  Data  Lc  tasks.o [1]
uxSchedulerSuspended    0x2001f464      0x4  Data  Lc  tasks.o [1]
uxTaskNumber            0x2001f45c      0x4  Data  Lc  tasks.o [1]
uxTaskResetEventItemValue
                        0x0803408d     0x20  Code  Gb  tasks.o [1]
uxTasksDeleted          0x2001f43c      0x4  Data  Lc  tasks.o [1]
uxTopReadyPriority      0x2001f448      0x4  Data  Lc  tasks.o [1]
vListInitialise         0x0803b0cd     0x1e  Code  Gb  list.o [1]
vListInsert             0x0803b103     0x3a  Code  Gb  list.o [1]
vListInsertEnd          0x0803b0eb     0x18  Code  Gb  list.o [1]
vPortEnableVFP          0x0803f09d           Code  Gb  portasm.o [1]
vPortEnterCritical      0x0803af9b     0x3a  Code  Gb  port.o [1]
vPortExitCritical       0x0803afd5     0x32  Code  Gb  port.o [1]
vPortFree               0x0803b27d     0x78  Code  Gb  heap_4.o [1]
vPortSetupTimerInterrupt
                        0x0803b033      0xe  Code  Wk  port.o [1]
vPortStartFirstTask     0x0803f085           Code  Gb  portasm.o [1]
vPortValidateInterruptPriority
                        0x0803b041     0x4e  Code  Gb  port.o [1]
vQueueWaitForMessageRestricted
                        0x08031801     0x44  Code  Gb  queue.o [1]
vTaskDelay              0x08033685     0x84  Code  Gb  tasks.o [1]
vTaskDelayUntil         0x080335a5     0xe0  Code  Gb  tasks.o [1]
vTaskFreq               0x080302cd    0x4b2  Code  Lc  apptask.o [1]
vTaskManageCapacity     0x0802ef09    0x51a  Code  Gb  apptask.o [1]
vTaskMassStorage        0x0802dc71    0x5ae  Code  Lc  apptask.o [1]
vTaskMissedYield        0x08033e1f      0xa  Code  Gb  tasks.o [1]
vTaskMotorControl       0x0802f4d9    0xdc8  Code  Lc  apptask.o [1]
vTaskMsgPro             0x0802e6c1    0x434  Code  Lc  apptask.o [1]
vTaskPlaceOnEventList   0x08033a85     0x74  Code  Gb  tasks.o [1]
vTaskPlaceOnEventListRestricted
                        0x08033bbd     0x80  Code  Gb  tasks.o [1]
vTaskPlaceOnUnorderedEventList
                        0x08033b15     0xa8  Code  Gb  tasks.o [1]
vTaskReadDisk           0x0802ec4d    0x272  Code  Lc  apptask.o [1]
vTaskRev485             0x0802eb2d     0xd6  Code  Lc  apptask.o [1]
vTaskSetTimeOutState    0x08033d69     0x26  Code  Gb  tasks.o [1]
vTaskStartScheduler     0x08033709     0x7e  Code  Gb  tasks.o [1]
vTaskSuspendAll         0x08033787     0x10  Code  Gb  tasks.o [1]
vTaskSwitchContext      0x080339d5     0xb0  Code  Gb  tasks.o [1]
vTaskTaskLCD            0x0802aa91   0x3190  Code  Gb  apptask.o [1]
vTaskTaskLED            0x0802e249     0x20  Code  Lc  apptask.o [1]
vTaskTaskRFID           0x0802e269    0x3f6  Code  Lc  apptask.o [1]
valid_seg               0x2001f41c      0x4  Data  Gb  page_weimi.o [1]
validate                0x08038fb7     0x36  Code  Lc  ff.o [1]
weimi_para              0x2001eac8    0x12c  Data  Gb  page_weimi.o [1]
work_idle_time          0x2001f4a6      0x2  Data  Gb  product_cal.o [1]
xActiveTimerList1       0x2001f294     0x14  Data  Lc  timers.o [1]
xActiveTimerList2       0x2001f2a8     0x14  Data  Lc  timers.o [1]
xBlockAllocatedBit      0x2001f414      0x4  Data  Lc  heap_4.o [1]
xDelayedTaskList1       0x2001f230     0x14  Data  Lc  tasks.o [1]
xDelayedTaskList2       0x2001f244     0x14  Data  Lc  tasks.o [1]
xEventGroupCreate       0x0803a771     0x1c  Code  Gb  event_groups.o [1]
xEventGroupSetBits      0x0803a8d9     0xd6  Code  Gb  event_groups.o [1]
xEventGroupWaitBits     0x0803a78d    0x146  Code  Gb  event_groups.o [1]
xFreeBytesRemaining     0x2001f40c      0x4  Data  Lc  heap_4.o [1]
xHandleTaskFreq         0x2001f3a8      0x4  Data  Gb  apptask.o [1]
xHandleTaskLCD          0x2001f384      0x4  Data  Gb  apptask.o [1]
xHandleTaskLED          0x2001f388      0x4  Data  Gb  apptask.o [1]
xHandleTaskManageCapacity
                        0x2001f3a0      0x4  Data  Gb  apptask.o [1]
xHandleTaskMassStorage  0x2001f390      0x4  Data  Gb  apptask.o [1]
xHandleTaskMotorControl
                        0x2001f3a4      0x4  Data  Gb  apptask.o [1]
xHandleTaskMsgPro       0x2001f398      0x4  Data  Gb  apptask.o [1]
xHandleTaskRFID         0x2001f38c      0x4  Data  Gb  apptask.o [1]
xHandleTaskReadDisk     0x2001f394      0x4  Data  Gb  apptask.o [1]
xHandleTaskRev485       0x2001f39c      0x4  Data  Gb  apptask.o [1]
xHeapStructSize         0x08047280      0x4  Data  Lc  heap_4.o [1]
xMinimumEverFreeBytesRemaining
                        0x2001f410      0x4  Data  Lc  heap_4.o [1]
xNextTaskUnblockTime    0x2001f460      0x4  Data  Lc  tasks.o [1]
xNumOfOverflows         0x2001f458      0x4  Data  Lc  tasks.o [1]
xPendingReadyList       0x2001f258     0x14  Data  Lc  tasks.o [1]
xPortStartScheduler     0x0803aecf     0xcc  Code  Gb  port.o [1]
xQueueGenericCreate     0x0803110d     0x7e  Code  Gb  queue.o [1]
xQueueGenericReceive    0x08031501    0x19c  Code  Gb  queue.o [1]
xQueueGenericReset      0x0803107d     0x90  Code  Gb  queue.o [1]
xQueueGenericSend       0x0803118b    0x1b2  Code  Gb  queue.o [1]
xQueueGenericSendFromISR
                        0x0803133d     0xec  Code  Gb  queue.o [1]
xQueueGiveFromISR       0x08031429     0xd8  Code  Gb  queue.o [1]
xQueue_MQTT_Recv        0x2001f3cc      0x4  Data  Gb  apptask.o [1]
xQueue_MQTT_Transmit    0x2001f3d0      0x4  Data  Gb  apptask.o [1]
xQueue_esp8266_Cmd      0x2001f3d4      0x4  Data  Gb  apptask.o [1]
xQueue_message          0x2001f3d8      0x4  Data  Gb  apptask.o [1]
xSchedulerRunning       0x2001f44c      0x4  Data  Lc  tasks.o [1]
xSemaphore_download     0x2001f3bc      0x4  Data  Gb  apptask.o [1]
xSemaphore_encoder      0x2001f3b8      0x4  Data  Gb  apptask.o [1]
xSemaphore_lcd          0x2001f3ac      0x4  Data  Gb  apptask.o [1]
xSemaphore_pluse        0x2001f3b4      0x4  Data  Gb  apptask.o [1]
xSemaphore_readDisk     0x2001f3c0      0x4  Data  Gb  apptask.o [1]
xSemaphore_rs485        0x2001f3b0      0x4  Data  Gb  apptask.o [1]
xStart                  0x2001f36c      0x8  Data  Lc  heap_4.o [1]
xSuspendedTaskList      0x2001f280     0x14  Data  Lc  tasks.o [1]
xTaskCheckForTimeOut    0x08033d95     0x8a  Code  Gb  tasks.o [1]
xTaskGenericCreate      0x08033421    0x184  Code  Gb  tasks.o [1]
xTaskGetSchedulerState  0x08034053     0x26  Code  Gb  tasks.o [1]
xTaskGetTickCount       0x08033897      0xa  Code  Gb  tasks.o [1]
xTaskIncrementTick      0x080338a1    0x134  Code  Gb  tasks.o [1]
xTaskRemoveFromEventList
                        0x08033c41     0x8e  Code  Gb  tasks.o [1]
xTaskRemoveFromUnorderedEventList
                        0x08033cd5     0x94  Code  Gb  tasks.o [1]
xTaskResumeAll          0x08033797    0x100  Code  Gb  tasks.o [1]
xTasksWaitingTermination
                        0x2001f26c     0x14  Data  Lc  tasks.o [1]
xTickCount              0x2001f444      0x4  Data  Lc  tasks.o [1]
xTimerCreate            0x0803aa25     0x62  Code  Gb  timers.o [1]
xTimerCreateTimerTask   0x0803a9d5     0x50  Code  Gb  timers.o [1]
xTimerGenericCommand    0x0803aa87     0x84  Code  Gb  timers.o [1]
xTimerQueue             0x2001f478      0x4  Data  Lc  timers.o [1]
xTimerUser              0x2001f3c8      0x4  Data  Gb  apptask.o [1]
xYieldPending           0x2001f454      0x4  Data  Lc  tasks.o [1]


[1] = E:\work\YarnControl_Driver\src\stm32f4_rtos\Project\EWARMv7\Flash\Obj
[2] = command line
[3] = dl7M_tlf.a
[4] = m7M_tls.a
[5] = rt7M_tl.a
[6] = shb_l.a

  109 546 bytes of readonly  code memory
  182 483 bytes of readonly  data memory
  130 766 bytes of readwrite data memory (+ 1 044 480 absolute)

Errors: none
Warnings: none
