###############################################################################
#
# IAR ELF Linker V7.40.7.9843/W32 for ARM                 01/Dec/2019  22:52:27
# Copyright 2007-2015 IAR Systems AB.
#
#    Output file  =  
#        E:\WORK\YarnControl_Driver\YarnControl_Driver\src\stm32f4_rtos\Project\EWARMv7\Flash\Exe\project.out
#    Map file     =  
#        E:\WORK\YarnControl_Driver\YarnControl_Driver\src\stm32f4_rtos\Project\EWARMv7\Flash\List\project.map
#    Command line =  
#        E:\WORK\YarnControl_Driver\YarnControl_Driver\src\stm32f4_rtos\Project\EWARMv7\Flash\Obj\apptask.o
#        E:\WORK\YarnControl_Driver\YarnControl_Driver\src\stm32f4_rtos\Project\EWARMv7\Flash\Obj\bkp_pwr.o
#        E:\WORK\YarnControl_Driver\YarnControl_Driver\src\stm32f4_rtos\Project\EWARMv7\Flash\Obj\bsp.o
#        E:\WORK\YarnControl_Driver\YarnControl_Driver\src\stm32f4_rtos\Project\EWARMv7\Flash\Obj\bsp_adc.o
#        E:\WORK\YarnControl_Driver\YarnControl_Driver\src\stm32f4_rtos\Project\EWARMv7\Flash\Obj\bsp_closeSW.o
#        E:\WORK\YarnControl_Driver\YarnControl_Driver\src\stm32f4_rtos\Project\EWARMv7\Flash\Obj\bsp_dac.o
#        E:\WORK\YarnControl_Driver\YarnControl_Driver\src\stm32f4_rtos\Project\EWARMv7\Flash\Obj\bsp_dwt.o
#        E:\WORK\YarnControl_Driver\YarnControl_Driver\src\stm32f4_rtos\Project\EWARMv7\Flash\Obj\bsp_key.o
#        E:\WORK\YarnControl_Driver\YarnControl_Driver\src\stm32f4_rtos\Project\EWARMv7\Flash\Obj\bsp_led.o
#        E:\WORK\YarnControl_Driver\YarnControl_Driver\src\stm32f4_rtos\Project\EWARMv7\Flash\Obj\bsp_relay.o
#        E:\WORK\YarnControl_Driver\YarnControl_Driver\src\stm32f4_rtos\Project\EWARMv7\Flash\Obj\bsp_sdio_sd.o
#        E:\WORK\YarnControl_Driver\YarnControl_Driver\src\stm32f4_rtos\Project\EWARMv7\Flash\Obj\bsp_sdwe050c17.o
#        E:\WORK\YarnControl_Driver\YarnControl_Driver\src\stm32f4_rtos\Project\EWARMv7\Flash\Obj\bsp_servomotor.o
#        E:\WORK\YarnControl_Driver\YarnControl_Driver\src\stm32f4_rtos\Project\EWARMv7\Flash\Obj\bsp_spi.o
#        E:\WORK\YarnControl_Driver\YarnControl_Driver\src\stm32f4_rtos\Project\EWARMv7\Flash\Obj\bsp_stepmotor.o
#        E:\WORK\YarnControl_Driver\YarnControl_Driver\src\stm32f4_rtos\Project\EWARMv7\Flash\Obj\bsp_sw_onoff.o
#        E:\WORK\YarnControl_Driver\YarnControl_Driver\src\stm32f4_rtos\Project\EWARMv7\Flash\Obj\bsp_tim_pwm.o
#        E:\WORK\YarnControl_Driver\YarnControl_Driver\src\stm32f4_rtos\Project\EWARMv7\Flash\Obj\bsp_timer.o
#        E:\WORK\YarnControl_Driver\YarnControl_Driver\src\stm32f4_rtos\Project\EWARMv7\Flash\Obj\bsp_uart_fifo.o
#        E:\WORK\YarnControl_Driver\YarnControl_Driver\src\stm32f4_rtos\Project\EWARMv7\Flash\Obj\bsp_w25qxx.o
#        E:\WORK\YarnControl_Driver\YarnControl_Driver\src\stm32f4_rtos\Project\EWARMv7\Flash\Obj\bsp_watchdog.o
#        E:\WORK\YarnControl_Driver\YarnControl_Driver\src\stm32f4_rtos\Project\EWARMv7\Flash\Obj\cc936.o
#        E:\WORK\YarnControl_Driver\YarnControl_Driver\src\stm32f4_rtos\Project\EWARMv7\Flash\Obj\cJSON.o
#        E:\WORK\YarnControl_Driver\YarnControl_Driver\src\stm32f4_rtos\Project\EWARMv7\Flash\Obj\croutine.o
#        E:\WORK\YarnControl_Driver\YarnControl_Driver\src\stm32f4_rtos\Project\EWARMv7\Flash\Obj\demo_fatfs.o
#        E:\WORK\YarnControl_Driver\YarnControl_Driver\src\stm32f4_rtos\Project\EWARMv7\Flash\Obj\des.o
#        E:\WORK\YarnControl_Driver\YarnControl_Driver\src\stm32f4_rtos\Project\EWARMv7\Flash\Obj\diskio.o
#        E:\WORK\YarnControl_Driver\YarnControl_Driver\src\stm32f4_rtos\Project\EWARMv7\Flash\Obj\encoder_tim.o
#        E:\WORK\YarnControl_Driver\YarnControl_Driver\src\stm32f4_rtos\Project\EWARMv7\Flash\Obj\esp8266_handler.o
#        E:\WORK\YarnControl_Driver\YarnControl_Driver\src\stm32f4_rtos\Project\EWARMv7\Flash\Obj\esp8266_init.o
#        E:\WORK\YarnControl_Driver\YarnControl_Driver\src\stm32f4_rtos\Project\EWARMv7\Flash\Obj\event_groups.o
#        E:\WORK\YarnControl_Driver\YarnControl_Driver\src\stm32f4_rtos\Project\EWARMv7\Flash\Obj\ff.o
#        E:\WORK\YarnControl_Driver\YarnControl_Driver\src\stm32f4_rtos\Project\EWARMv7\Flash\Obj\heap_4.o
#        E:\WORK\YarnControl_Driver\YarnControl_Driver\src\stm32f4_rtos\Project\EWARMv7\Flash\Obj\iic_smec98sp.o
#        E:\WORK\YarnControl_Driver\YarnControl_Driver\src\stm32f4_rtos\Project\EWARMv7\Flash\Obj\list.o
#        E:\WORK\YarnControl_Driver\YarnControl_Driver\src\stm32f4_rtos\Project\EWARMv7\Flash\Obj\main.o
#        E:\WORK\YarnControl_Driver\YarnControl_Driver\src\stm32f4_rtos\Project\EWARMv7\Flash\Obj\malloc.o
#        E:\WORK\YarnControl_Driver\YarnControl_Driver\src\stm32f4_rtos\Project\EWARMv7\Flash\Obj\mcheck.o
#        E:\WORK\YarnControl_Driver\YarnControl_Driver\src\stm32f4_rtos\Project\EWARMv7\Flash\Obj\misc.o
#        E:\WORK\YarnControl_Driver\YarnControl_Driver\src\stm32f4_rtos\Project\EWARMv7\Flash\Obj\modbus.o
#        E:\WORK\YarnControl_Driver\YarnControl_Driver\src\stm32f4_rtos\Project\EWARMv7\Flash\Obj\MQTTConnectClient.o
#        E:\WORK\YarnControl_Driver\YarnControl_Driver\src\stm32f4_rtos\Project\EWARMv7\Flash\Obj\MQTTConnectServer.o
#        E:\WORK\YarnControl_Driver\YarnControl_Driver\src\stm32f4_rtos\Project\EWARMv7\Flash\Obj\MQTTDeserializePublish.o
#        E:\WORK\YarnControl_Driver\YarnControl_Driver\src\stm32f4_rtos\Project\EWARMv7\Flash\Obj\MQTTFormat.o
#        E:\WORK\YarnControl_Driver\YarnControl_Driver\src\stm32f4_rtos\Project\EWARMv7\Flash\Obj\MQTTPacket.o
#        E:\WORK\YarnControl_Driver\YarnControl_Driver\src\stm32f4_rtos\Project\EWARMv7\Flash\Obj\MQTTSerializePublish.o
#        E:\WORK\YarnControl_Driver\YarnControl_Driver\src\stm32f4_rtos\Project\EWARMv7\Flash\Obj\MQTTSubscribeClient.o
#        E:\WORK\YarnControl_Driver\YarnControl_Driver\src\stm32f4_rtos\Project\EWARMv7\Flash\Obj\MQTTSubscribeServer.o
#        E:\WORK\YarnControl_Driver\YarnControl_Driver\src\stm32f4_rtos\Project\EWARMv7\Flash\Obj\MQTTUnsubscribeClient.o
#        E:\WORK\YarnControl_Driver\YarnControl_Driver\src\stm32f4_rtos\Project\EWARMv7\Flash\Obj\MQTTUnsubscribeServer.o
#        E:\WORK\YarnControl_Driver\YarnControl_Driver\src\stm32f4_rtos\Project\EWARMv7\Flash\Obj\page_weimi.o
#        E:\WORK\YarnControl_Driver\YarnControl_Driver\src\stm32f4_rtos\Project\EWARMv7\Flash\Obj\para.o
#        E:\WORK\YarnControl_Driver\YarnControl_Driver\src\stm32f4_rtos\Project\EWARMv7\Flash\Obj\port.o
#        E:\WORK\YarnControl_Driver\YarnControl_Driver\src\stm32f4_rtos\Project\EWARMv7\Flash\Obj\portasm.o
#        E:\WORK\YarnControl_Driver\YarnControl_Driver\src\stm32f4_rtos\Project\EWARMv7\Flash\Obj\product_cal.o
#        E:\WORK\YarnControl_Driver\YarnControl_Driver\src\stm32f4_rtos\Project\EWARMv7\Flash\Obj\protocol.o
#        E:\WORK\YarnControl_Driver\YarnControl_Driver\src\stm32f4_rtos\Project\EWARMv7\Flash\Obj\pub0sub1.o
#        E:\WORK\YarnControl_Driver\YarnControl_Driver\src\stm32f4_rtos\Project\EWARMv7\Flash\Obj\queue.o
#        E:\WORK\YarnControl_Driver\YarnControl_Driver\src\stm32f4_rtos\Project\EWARMv7\Flash\Obj\rc522.o
#        E:\WORK\YarnControl_Driver\YarnControl_Driver\src\stm32f4_rtos\Project\EWARMv7\Flash\Obj\sha1.o
#        E:\WORK\YarnControl_Driver\YarnControl_Driver\src\stm32f4_rtos\Project\EWARMv7\Flash\Obj\smec98sp.o
#        E:\WORK\YarnControl_Driver\YarnControl_Driver\src\stm32f4_rtos\Project\EWARMv7\Flash\Obj\startup_stm32f40_41xxx.o
#        E:\WORK\YarnControl_Driver\YarnControl_Driver\src\stm32f4_rtos\Project\EWARMv7\Flash\Obj\stm32f4xx_adc.o
#        E:\WORK\YarnControl_Driver\YarnControl_Driver\src\stm32f4_rtos\Project\EWARMv7\Flash\Obj\stm32f4xx_assert.o
#        E:\WORK\YarnControl_Driver\YarnControl_Driver\src\stm32f4_rtos\Project\EWARMv7\Flash\Obj\stm32f4xx_can.o
#        E:\WORK\YarnControl_Driver\YarnControl_Driver\src\stm32f4_rtos\Project\EWARMv7\Flash\Obj\stm32f4xx_crc.o
#        E:\WORK\YarnControl_Driver\YarnControl_Driver\src\stm32f4_rtos\Project\EWARMv7\Flash\Obj\stm32f4xx_cryp.o
#        E:\WORK\YarnControl_Driver\YarnControl_Driver\src\stm32f4_rtos\Project\EWARMv7\Flash\Obj\stm32f4xx_cryp_aes.o
#        E:\WORK\YarnControl_Driver\YarnControl_Driver\src\stm32f4_rtos\Project\EWARMv7\Flash\Obj\stm32f4xx_cryp_des.o
#        E:\WORK\YarnControl_Driver\YarnControl_Driver\src\stm32f4_rtos\Project\EWARMv7\Flash\Obj\stm32f4xx_cryp_tdes.o
#        E:\WORK\YarnControl_Driver\YarnControl_Driver\src\stm32f4_rtos\Project\EWARMv7\Flash\Obj\stm32f4xx_dac.o
#        E:\WORK\YarnControl_Driver\YarnControl_Driver\src\stm32f4_rtos\Project\EWARMv7\Flash\Obj\stm32f4xx_dbgmcu.o
#        E:\WORK\YarnControl_Driver\YarnControl_Driver\src\stm32f4_rtos\Project\EWARMv7\Flash\Obj\stm32f4xx_dcmi.o
#        E:\WORK\YarnControl_Driver\YarnControl_Driver\src\stm32f4_rtos\Project\EWARMv7\Flash\Obj\stm32f4xx_dma.o
#        E:\WORK\YarnControl_Driver\YarnControl_Driver\src\stm32f4_rtos\Project\EWARMv7\Flash\Obj\stm32f4xx_dma2d.o
#        E:\WORK\YarnControl_Driver\YarnControl_Driver\src\stm32f4_rtos\Project\EWARMv7\Flash\Obj\stm32f4xx_exti.o
#        E:\WORK\YarnControl_Driver\YarnControl_Driver\src\stm32f4_rtos\Project\EWARMv7\Flash\Obj\stm32f4xx_flash.o
#        E:\WORK\YarnControl_Driver\YarnControl_Driver\src\stm32f4_rtos\Project\EWARMv7\Flash\Obj\stm32f4xx_fsmc.o
#        E:\WORK\YarnControl_Driver\YarnControl_Driver\src\stm32f4_rtos\Project\EWARMv7\Flash\Obj\stm32f4xx_gpio.o
#        E:\WORK\YarnControl_Driver\YarnControl_Driver\src\stm32f4_rtos\Project\EWARMv7\Flash\Obj\stm32f4xx_hash.o
#        E:\WORK\YarnControl_Driver\YarnControl_Driver\src\stm32f4_rtos\Project\EWARMv7\Flash\Obj\stm32f4xx_hash_md5.o
#        E:\WORK\YarnControl_Driver\YarnControl_Driver\src\stm32f4_rtos\Project\EWARMv7\Flash\Obj\stm32f4xx_hash_sha1.o
#        E:\WORK\YarnControl_Driver\YarnControl_Driver\src\stm32f4_rtos\Project\EWARMv7\Flash\Obj\stm32f4xx_i2c.o
#        E:\WORK\YarnControl_Driver\YarnControl_Driver\src\stm32f4_rtos\Project\EWARMv7\Flash\Obj\stm32f4xx_it.o
#        E:\WORK\YarnControl_Driver\YarnControl_Driver\src\stm32f4_rtos\Project\EWARMv7\Flash\Obj\stm32f4xx_iwdg.o
#        E:\WORK\YarnControl_Driver\YarnControl_Driver\src\stm32f4_rtos\Project\EWARMv7\Flash\Obj\stm32f4xx_ltdc.o
#        E:\WORK\YarnControl_Driver\YarnControl_Driver\src\stm32f4_rtos\Project\EWARMv7\Flash\Obj\stm32f4xx_pwr.o
#        E:\WORK\YarnControl_Driver\YarnControl_Driver\src\stm32f4_rtos\Project\EWARMv7\Flash\Obj\stm32f4xx_rcc.o
#        E:\WORK\YarnControl_Driver\YarnControl_Driver\src\stm32f4_rtos\Project\EWARMv7\Flash\Obj\stm32f4xx_rng.o
#        E:\WORK\YarnControl_Driver\YarnControl_Driver\src\stm32f4_rtos\Project\EWARMv7\Flash\Obj\stm32f4xx_rtc.o
#        E:\WORK\YarnControl_Driver\YarnControl_Driver\src\stm32f4_rtos\Project\EWARMv7\Flash\Obj\stm32f4xx_sai.o
#        E:\WORK\YarnControl_Driver\YarnControl_Driver\src\stm32f4_rtos\Project\EWARMv7\Flash\Obj\stm32f4xx_sdio.o
#        E:\WORK\YarnControl_Driver\YarnControl_Driver\src\stm32f4_rtos\Project\EWARMv7\Flash\Obj\stm32f4xx_spi.o
#        E:\WORK\YarnControl_Driver\YarnControl_Driver\src\stm32f4_rtos\Project\EWARMv7\Flash\Obj\stm32f4xx_syscfg.o
#        E:\WORK\YarnControl_Driver\YarnControl_Driver\src\stm32f4_rtos\Project\EWARMv7\Flash\Obj\stm32f4xx_tim.o
#        E:\WORK\YarnControl_Driver\YarnControl_Driver\src\stm32f4_rtos\Project\EWARMv7\Flash\Obj\stm32f4xx_usart.o
#        E:\WORK\YarnControl_Driver\YarnControl_Driver\src\stm32f4_rtos\Project\EWARMv7\Flash\Obj\stm32f4xx_wwdg.o
#        E:\WORK\YarnControl_Driver\YarnControl_Driver\src\stm32f4_rtos\Project\EWARMv7\Flash\Obj\SysInfoTest.o
#        E:\WORK\YarnControl_Driver\YarnControl_Driver\src\stm32f4_rtos\Project\EWARMv7\Flash\Obj\system_stm32f4xx.o
#        E:\WORK\YarnControl_Driver\YarnControl_Driver\src\stm32f4_rtos\Project\EWARMv7\Flash\Obj\tasks.o
#        E:\WORK\YarnControl_Driver\YarnControl_Driver\src\stm32f4_rtos\Project\EWARMv7\Flash\Obj\timer_platform.o
#        E:\WORK\YarnControl_Driver\YarnControl_Driver\src\stm32f4_rtos\Project\EWARMv7\Flash\Obj\timers.o
#        E:\WORK\YarnControl_Driver\YarnControl_Driver\src\stm32f4_rtos\Project\EWARMv7\Flash\Obj\transport.o
#        E:\WORK\YarnControl_Driver\YarnControl_Driver\src\stm32f4_rtos\Project\EWARMv7\Flash\Obj\usb_bsp.o
#        E:\WORK\YarnControl_Driver\YarnControl_Driver\src\stm32f4_rtos\Project\EWARMv7\Flash\Obj\usb_core.o
#        E:\WORK\YarnControl_Driver\YarnControl_Driver\src\stm32f4_rtos\Project\EWARMv7\Flash\Obj\usb_hcd.o
#        E:\WORK\YarnControl_Driver\YarnControl_Driver\src\stm32f4_rtos\Project\EWARMv7\Flash\Obj\usb_hcd_int.o
#        E:\WORK\YarnControl_Driver\YarnControl_Driver\src\stm32f4_rtos\Project\EWARMv7\Flash\Obj\usbh_core.o
#        E:\WORK\YarnControl_Driver\YarnControl_Driver\src\stm32f4_rtos\Project\EWARMv7\Flash\Obj\usbh_hcs.o
#        E:\WORK\YarnControl_Driver\YarnControl_Driver\src\stm32f4_rtos\Project\EWARMv7\Flash\Obj\usbh_ioreq.o
#        E:\WORK\YarnControl_Driver\YarnControl_Driver\src\stm32f4_rtos\Project\EWARMv7\Flash\Obj\usbh_it.o
#        E:\WORK\YarnControl_Driver\YarnControl_Driver\src\stm32f4_rtos\Project\EWARMv7\Flash\Obj\usbh_msc_bot.o
#        E:\WORK\YarnControl_Driver\YarnControl_Driver\src\stm32f4_rtos\Project\EWARMv7\Flash\Obj\usbh_msc_core.o
#        E:\WORK\YarnControl_Driver\YarnControl_Driver\src\stm32f4_rtos\Project\EWARMv7\Flash\Obj\usbh_msc_scsi.o
#        E:\WORK\YarnControl_Driver\YarnControl_Driver\src\stm32f4_rtos\Project\EWARMv7\Flash\Obj\usbh_stdreq.o
#        E:\WORK\YarnControl_Driver\YarnControl_Driver\src\stm32f4_rtos\Project\EWARMv7\Flash\Obj\usbh_usr.o
#        -o
#        E:\WORK\YarnControl_Driver\YarnControl_Driver\src\stm32f4_rtos\Project\EWARMv7\Flash\Exe\project.out
#        --map
#        E:\WORK\YarnControl_Driver\YarnControl_Driver\src\stm32f4_rtos\Project\EWARMv7\Flash\List\project.map
#        --config
#        E:\WORK\YarnControl_Driver\YarnControl_Driver\src\stm32f4_rtos\Project\EWARMv7\stm32f4xx_flash.icf
#        --semihosting --entry __iar_program_start --inline --vfe
#
###############################################################################

*******************************************************************************
*** RUNTIME MODEL ATTRIBUTES
***

CppFlavor                     = *
__Heap_Handler                = DLMalloc
__SystemLibrary               = DLib
__dlib_dynamic_initialization = normal


*******************************************************************************
*** PLACEMENT SUMMARY
***

"A1":  place at 0x08000000 { ro section .intvec };
"P1":  place in [from 0x08000000 to 0x080fffff] { ro };
"P2":  place in [from 0x20000000 to 0x2001ffff] { rw, block CSTACK, block HEAP };

  Section             Kind        Address     Size  Object
  -------             ----        -------     ----  ------
"A1":                                        0x188
  .intvec             ro code  0x08000000    0x188  startup_stm32f40_41xxx.o [1]
                             - 0x08000188    0x188

"P1":                                      0x4c0ab
  .rodata             const    0x08000188  0x15484  cc936.o [1]
  .rodata             const    0x0801560c  0x15484  cc936.o [1]
  .text               ro code  0x0802aa90   0x7c24  apptask.o [1]
  .text               ro code  0x080326b4   0x1660  bsp_sdwe050c17.o [1]
  .text               ro code  0x08033d14    0x7c8  queue.o [1]
  .text               ro code  0x080344dc    0x6b0  product_cal.o [1]
  .text               ro code  0x08034b8c     0x66  ABImemset.o [5]
  .text               ro code  0x08034bf2     0x1e  xsscin.o [3]
  .text               ro code  0x08034c10    0xce0  tasks.o [1]
  .text               ro code  0x080358f0    0x380  bsp_w25qxx.o [1]
  .text               ro code  0x08035c70   0x1572  para.o [1]
  .text               ro code  0x080371e2     0x1a  xsnprout.o [3]
  .text               ro code  0x080371fc     0x4e  FltToDbl.o [4]
  .text               ro code  0x0803724a      0xa  xsprout.o [3]
  .text               ro code  0x08037254     0x24  printf.o [3]
  .text               ro code  0x08037278     0x76  ABImemcpy_unaligned.o [5]
  .text               ro code  0x080372f0     0x42  strcmp_unaligned.o [5]
  .text               ro code  0x08037334    0x21c  malloc.o [1]
  .text               ro code  0x08037550     0x62  memcmp_unaligned.o [5]
  .text               ro code  0x080375b4     0x30  I32ToDbl.o [4]
  .text               ro code  0x080375e4    0x256  DblDiv.o [4]
  .text               ro code  0x0803783c     0xe8  DblAdd.o [4]
  .text               ro code  0x08037924    0x1a2  DblMul.o [4]
  .text               ro code  0x08037ac8     0x58  DblToI32.o [4]
  .text               ro code  0x08037b20     0x90  DblToFlt.o [4]
  .text               ro code  0x08037bb0     0x36  strlen.o [5]
  .text               ro code  0x08037be8    0x12c  stm32f4xx_gpio.o [1]
  .text               ro code  0x08037d14    0x688  page_weimi.o [1]
  .text               ro code  0x0803839c    0x2c0  encoder_tim.o [1]
  .text               ro code  0x0803865c     0xc8  bsp_dac.o [1]
  .text               ro code  0x08038724     0x3c  stm32f4xx_rtc.o [1]
  .text               ro code  0x08038760    0x358  bsp_servomotor.o [1]
  .text               ro code  0x08038ab8    0x1a2  usbh_usr.o [1]
  .text               ro code  0x08038c5c    0x760  usbh_core.o [1]
  .text               ro code  0x080393bc   0x2498  ff.o [1]
  .text               ro code  0x0803b854     0x34  sprintf.o [3]
  .text               ro code  0x0803b888     0x1c  strcat.o [3]
  .text               ro code  0x0803b8a4     0xc0  bsp_led.o [1]
  .text               ro code  0x0803b964     0xee  rc522.o [1]
  .text               ro code  0x0803ba54    0x368  modbus.o [1]
  .text               ro code  0x0803bdbc     0x9c  protocol.o [1]
  .text               ro code  0x0803be58     0x10  para.o [1]
  .text               ro code  0x0803be68     0xdc  bsp_closeSW.o [1]
  .text               ro code  0x0803bf44    0x188  bkp_pwr.o [1]
  .text               ro code  0x0803c0cc    0x4fc  bsp_stepmotor.o [1]
  .text               ro code  0x0803c5c8     0x7c  esp8266_init.o [1]
  .text               ro code  0x0803c644    0x414  esp8266_handler.o [1]
  .text               ro code  0x0803ca58    0x434  pub0sub1.o [1]
  .text               ro code  0x0803ce8c    0x21a  bsp_key.o [1]
  .text               ro code  0x0803d0a8    0x262  event_groups.o [1]
  .text               ro code  0x0803d30c    0x4a4  timers.o [1]
  .text               ro code  0x0803d7b0      0x8  bsp_watchdog.o [1]
  .text               ro code  0x0803d7b8    0x1e8  stm32f4xx_rcc.o [1]
  .text               ro code  0x0803d9a0     0x74  bsp_dwt.o [1]
  .text               ro code  0x0803da14    0xaa4  bsp_uart_fifo.o [1]
  .text               ro code  0x0803e4b8    0x204  bsp_timer.o [1]
  .text               ro code  0x0803e6bc    0x24c  port.o [1]
  .text               ro code  0x0803e908     0x98  list.o [1]
  .text               ro code  0x0803e9a0    0x280  heap_4.o [1]
  .text               ro code  0x0803ec20    0x124  bsp_spi.o [1]
  .text               ro code  0x0803ed44     0x44  strcpy_unaligned.o [5]
  .text               ro code  0x0803ed88     0x24  sscanf.o [3]
  .text               ro code  0x0803edac    0xd96  xprintffull_nomb.o [3]
  .text               ro code  0x0803fb44    0x180  DblSub.o [4]
  .text               ro code  0x0803fcc4     0x88  misc.o [1]
  .text               ro code  0x0803fd4c    0x6f6  stm32f4xx_tim.o [1]
  .text               ro code  0x08040444    0x132  I64DivMod.o [5]
  .text               ro code  0x08040578     0x7c  stm32f4xx_dac.o [1]
  .text               ro code  0x080405f4    0x31c  stm32f4xx_dma.o [1]
  .text               ro code  0x08040910    0x14c  usb_bsp.o [1]
  .text               ro code  0x08040a5c     0xd6  usb_hcd.o [1]
  .text               ro code  0x08040b32    0x1ba  usbh_hcs.o [1]
  .text               ro code  0x08040cec    0x436  usbh_stdreq.o [1]
  .text               ro code  0x08041122    0x246  usbh_ioreq.o [1]
  .text               ro code  0x08041368    0x2e4  diskio.o [1]
  .text               ro code  0x0804164c     0xf4  cc936.o [1]
  .text               ro code  0x08041740     0xb8  mcheck.o [1]
  .text               ro code  0x080417f8     0x2c  strstr.o [3]
  .text               ro code  0x08041824     0x54  stm32f4xx_syscfg.o [1]
  .text               ro code  0x08041878     0xc0  stm32f4xx_exti.o [1]
  .text               ro code  0x08041938      0xc  stm32f4xx_pwr.o [1]
  .text               ro code  0x08041944      0x6  ABImemclr4.o [5]
  .text               ro code  0x0804194c     0x44  snprintf.o [3]
  .text               ro code  0x08041990    0x306  MQTTConnectClient.o [1]
  .text               ro code  0x08041c98     0x6c  transport.o [1]
  .text               ro code  0x08041d04    0x290  MQTTPacket.o [1]
  .text               ro code  0x08041f94     0x40  timer_platform.o [1]
  .text               ro code  0x08041fd4    0x190  MQTTSubscribeClient.o [1]
  .text               ro code  0x08042164     0xbc  MQTTDeserializePublish.o [1]
  .text               ro code  0x08042220     0xec  MQTTSerializePublish.o [1]
  .text               ro code  0x0804230c     0x10  stm32f4xx_iwdg.o [1]
  .text               ro code  0x0804231c    0x254  stm32f4xx_usart.o [1]
  CODE                ro code  0x08042570     0xa8  portasm.o [1]
  .text               ro code  0x08042618     0x74  stm32f4xx_spi.o [1]
  .text               ro code  0x0804268c    0xb64  xscanffull_nomb.o [3]
  .text               ro code  0x080431f0     0x16  strchr.o [5]
  .text               ro code  0x08043208     0x58  memchr.o [5]
  .text               ro code  0x08043260     0x42  xdnorm.o [4]
  .text               ro code  0x080432a4     0x2e  DblCmpLe.o [4]
  .text               ro code  0x080432d4     0x2e  DblCmpGe.o [4]
  .text               ro code  0x08043304    0x114  xdscale.o [4]
  .text               ro code  0x08043418     0x6c  localeconv.o [3]
  .text               ro code  0x08043484      0xe  div.o [3]
  .text               ro code  0x08043494      0x2  I64DivZer.o [5]
  .text               ro code  0x08043498    0xa50  usb_core.o [1]
  .text               ro code  0x08043ee8   0x1a58  bsp_sdio_sd.o [1]
  .text               ro code  0x08045940    0x618  usbh_msc_scsi.o [1]
  .text               ro code  0x08045f58    0x554  usbh_msc_bot.o [1]
  .text               ro code  0x080464ac     0x32  ABImemset48.o [5]
  .text               ro code  0x080464de     0x28  isxxx.o [3]
  .text               ro code  0x08046506     0xa4  xstoll.o [3]
  .text               ro code  0x080465ac    0x1b0  xstoull.o [3]
  .text               ro code  0x0804675c    0x168  xstold.o [4]
  .text               ro code  0x080468c4    0x17c  stm32f4xx_sdio.o [1]
  .text               ro code  0x08046a40     0x18  setlocale.o [3]
  .text               ro code  0x08046a58     0x16  xlocale_c.o [3]
  .text               ro code  0x08046a6e     0x14  xlocale_c.o [3]
  .text               ro code  0x08046a84      0xc  errno.o [3]
  .text               ro code  0x08046a90     0x14  tolower.o [3]
  .text               ro code  0x08046aa4    0x124  xstopfx.o [3]
  .text               ro code  0x08046bc8    0x1b8  xstoflt.o [3]
  .text               ro code  0x08046d80    0x200  xdtento.o [4]
  .text               ro code  0x08046f80    0x218  xstoxflt.o [3]
  .text               ro code  0x08047198      0x2  xtls.o [3]
  .text               ro code  0x0804719a      0xc  xlocale_c.o [3]
  .text               ro code  0x080471a8     0x20  DblCmpEq.o [4]
  .text               ro code  0x080471c8     0x52  xdunscal.o [4]
  .text               ro code  0x0804721c    0xc7e  usb_hcd_int.o [1]
  .text               ro code  0x08047e9c    0x4fa  des.o [1]
  .text               ro code  0x08048398    0x4ae  smec98sp.o [1]
  .text               ro code  0x08048848    0x1b6  stm32f4xx_adc.o [1]
  .text               ro code  0x08048a00    0x38e  iic_smec98sp.o [1]
  .text               ro code  0x08048d90     0x20  srand.o [3]
  .text               ro code  0x08048db0     0xe0  rand.o [3]
  .rodata             const    0x08048e90    0x400  apptask.o [1]
  .text               ro code  0x08049290    0x3e8  usbh_msc_core.o [1]
  .rodata             const    0x08049678    0x3dc  cc936.o [1]
  .rodata             const    0x08049a54    0x3dc  cc936.o [1]
  .rodata             const    0x08049e30    0x200  des.o [1]
  .rodata             const    0x0804a030    0x190  product_cal.o [1]
  .text               ro code  0x0804a1c0    0x154  system_stm32f4xx.o [1]
  .rodata             const    0x0804a314    0x100  mcheck.o [1]
  .rodata             const    0x0804a414    0x100  mcheck.o [1]
  .rodata             const    0x0804a514    0x100  mcheck.o [1]
  .text               ro code  0x0804a614     0xd0  packbits_init.o [5]
  .text               ro code  0x0804a6e4      0x6  abort.o [3]
  .text               ro code  0x0804a6ec     0x14  exit.o [6]
  .text               ro code  0x0804a700     0x5c  bsp.o [1]
  .text               ro code  0x0804a75c     0x44  bsp_relay.o [1]
  .text               ro code  0x0804a7a0     0x44  bsp_sw_onoff.o [1]
  .rodata             const    0x0804a7e4     0x58  pub0sub1.o [1]
  .rodata             const    0x0804a83c     0x40  des.o [1]
  .rodata             const    0x0804a87c     0x40  des.o [1]
  .text               ro code  0x0804a8bc     0x40  zero_init3.o [5]
  .rodata             const    0x0804a8fc     0x38  demo_fatfs.o [1]
  .rodata             const    0x0804a934     0x38  des.o [1]
  .text               ro code  0x0804a96c     0x38  stm32f4xx_it.o [1]
  .rodata             const    0x0804a9a4     0x34  apptask.o [1]
  .rodata             const    0x0804a9d8     0x30  apptask.o [1]
  .rodata             const    0x0804aa08     0x30  demo_fatfs.o [1]
  .rodata             const    0x0804aa38     0x30  demo_fatfs.o [1]
  .rodata             const    0x0804aa68     0x30  des.o [1]
  .rodata             const    0x0804aa98     0x30  des.o [1]
  .text               ro code  0x0804aac8     0x30  main.o [1]
  .rodata             const    0x0804aaf8     0x2c  apptask.o [1]
  .rodata             const    0x0804ab24     0x2c  demo_fatfs.o [1]
  .rodata             const    0x0804ab50     0x2c  demo_fatfs.o [1]
  .rodata             const    0x0804ab7c     0x2c  stm32f4xx_it.o [1]
  .text               ro code  0x0804aba8     0x2c  SysInfoTest.o [1]
  .rodata             const    0x0804abd4     0x28  apptask.o [1]
  .rodata             const    0x0804abfc     0x28  demo_fatfs.o [1]
  .rodata             const    0x0804ac24     0x28  demo_fatfs.o [1]
  .rodata             const    0x0804ac4c     0x28  demo_fatfs.o [1]
  .text               ro code  0x0804ac74     0x28  data_init.o [5]
  .rodata             const    0x0804ac9c     0x24  apptask.o [1]
  .rodata             const    0x0804acc0     0x24  apptask.o [1]
  .rodata             const    0x0804ace4     0x24  apptask.o [1]
  .rodata             const    0x0804ad08     0x24  apptask.o [1]
  .rodata             const    0x0804ad2c     0x24  apptask.o [1]
  .rodata             const    0x0804ad50     0x24  apptask.o [1]
  .rodata             const    0x0804ad74     0x24  apptask.o [1]
  .rodata             const    0x0804ad98     0x24  apptask.o [1]
  .rodata             const    0x0804adbc     0x24  apptask.o [1]
  .rodata             const    0x0804ade0     0x24  apptask.o [1]
  .rodata             const    0x0804ae04     0x24  demo_fatfs.o [1]
  .rodata             const    0x0804ae28     0x24  demo_fatfs.o [1]
  .rodata             const    0x0804ae4c     0x24  pub0sub1.o [1]
  .rodata             const    0x0804ae70     0x24  pub0sub1.o [1]
  .rodata             const    0x0804ae94     0x24  usbh_usr.o [1]
  .text               ro code  0x0804aeb8     0x22  fpinit_M.o [4]
  .iar.init_table     const    0x0804aedc     0x34  - Linker created -
  .rodata             const    0x0804af10     0x20  apptask.o [1]
  .rodata             const    0x0804af30     0x20  apptask.o [1]
  .rodata             const    0x0804af50     0x20  apptask.o [1]
  .rodata             const    0x0804af70     0x20  demo_fatfs.o [1]
  .rodata             const    0x0804af90     0x20  demo_fatfs.o [1]
  .rodata             const    0x0804afb0     0x20  demo_fatfs.o [1]
  .rodata             const    0x0804afd0     0x20  des.o [1]
  .rodata             const    0x0804aff0     0x20  pub0sub1.o [1]
  .rodata             const    0x0804b010     0x20  usbh_usr.o [1]
  .rodata             const    0x0804b030     0x20  usbh_usr.o [1]
  .rodata             const    0x0804b050     0x20  usbh_usr.o [1]
  .rodata             const    0x0804b070     0x20  usbh_usr.o [1]
  .rodata             const    0x0804b090     0x20  usbh_usr.o [1]
  .rodata             const    0x0804b0b0     0x1c  apptask.o [1]
  .rodata             const    0x0804b0cc     0x1c  apptask.o [1]
  .rodata             const    0x0804b0e8     0x1c  apptask.o [1]
  .rodata             const    0x0804b104     0x1c  apptask.o [1]
  .rodata             const    0x0804b120     0x1c  apptask.o [1]
  .rodata             const    0x0804b13c     0x1c  apptask.o [1]
  .rodata             const    0x0804b158     0x1c  apptask.o [1]
  .rodata             const    0x0804b174     0x1c  apptask.o [1]
  .rodata             const    0x0804b190     0x1c  demo_fatfs.o [1]
  .rodata             const    0x0804b1ac     0x1c  demo_fatfs.o [1]
  .rodata             const    0x0804b1c8     0x1c  esp8266_handler.o [1]
  .rodata             const    0x0804b1e4     0x1c  esp8266_handler.o [1]
  .rodata             const    0x0804b200     0x1c  pub0sub1.o [1]
  .rodata             const    0x0804b21c     0x1c  pub0sub1.o [1]
  .rodata             const    0x0804b238     0x1c  pub0sub1.o [1]
  .rodata             const    0x0804b254     0x1c  smec98sp.o [1]
  .rodata             const    0x0804b270     0x1c  smec98sp.o [1]
  .rodata             const    0x0804b28c     0x1c  smec98sp.o [1]
  .rodata             const    0x0804b2a8     0x1c  usbh_usr.o [1]
  .rodata             const    0x0804b2c4     0x1c  usbh_usr.o [1]
  .rodata             const    0x0804b2e0     0x1c  usbh_usr.o [1]
  .rodata             const    0x0804b2fc     0x1c  usbh_usr.o [1]
  .rodata             const    0x0804b318     0x1c  usbh_usr.o [1]
  .rodata             const    0x0804b334     0x1c  usbh_usr.o [1]
  .text               ro code  0x0804b350     0x1a  cmain.o [5]
  .text               ro code  0x0804b36a      0x4  exit.o [3]
  .text               ro code  0x0804b370      0xa  cexit.o [5]
  .rodata             const    0x0804b37c     0x18  apptask.o [1]
  .rodata             const    0x0804b394     0x18  apptask.o [1]
  .rodata             const    0x0804b3ac     0x18  apptask.o [1]
  .rodata             const    0x0804b3c4     0x18  apptask.o [1]
  .rodata             const    0x0804b3dc     0x18  apptask.o [1]
  .rodata             const    0x0804b3f4     0x18  apptask.o [1]
  .rodata             const    0x0804b40c     0x18  apptask.o [1]
  .rodata             const    0x0804b424     0x18  apptask.o [1]
  .rodata             const    0x0804b43c     0x18  apptask.o [1]
  .rodata             const    0x0804b454     0x18  apptask.o [1]
  .rodata             const    0x0804b46c     0x18  apptask.o [1]
  .rodata             const    0x0804b484     0x18  apptask.o [1]
  .rodata             const    0x0804b49c     0x18  demo_fatfs.o [1]
  .rodata             const    0x0804b4b4     0x18  demo_fatfs.o [1]
  .rodata             const    0x0804b4cc     0x18  demo_fatfs.o [1]
  .rodata             const    0x0804b4e4     0x18  demo_fatfs.o [1]
  .rodata             const    0x0804b4fc     0x18  esp8266_handler.o [1]
  .rodata             const    0x0804b514     0x18  esp8266_handler.o [1]
  .rodata             const    0x0804b52c     0x18  esp8266_handler.o [1]
  .rodata             const    0x0804b544     0x18  para.o [1]
  .rodata             const    0x0804b55c     0x18  pub0sub1.o [1]
  .rodata             const    0x0804b574     0x18  pub0sub1.o [1]
  .rodata             const    0x0804b58c     0x18  smec98sp.o [1]
  .rodata             const    0x0804b5a4     0x18  smec98sp.o [1]
  .rodata             const    0x0804b5bc     0x18  usbh_usr.o [1]
  .rodata             const    0x0804b5d4     0x18  usbh_usr.o [1]
  .rodata             const    0x0804b5ec     0x18  usbh_usr.o [1]
  .rodata             const    0x0804b604     0x18  usbh_usr.o [1]
  .rodata             const    0x0804b61c     0x18  usbh_usr.o [1]
  .text               ro code  0x0804b634     0x16  xprout.o [3]
  .text               ro code  0x0804b64c      0xc  putchar.o [3]
  .rodata             const    0x0804b658     0x14  apptask.o [1]
  .rodata             const    0x0804b66c     0x14  apptask.o [1]
  .rodata             const    0x0804b680     0x14  apptask.o [1]
  .rodata             const    0x0804b694     0x14  apptask.o [1]
  .rodata             const    0x0804b6a8     0x14  apptask.o [1]
  .rodata             const    0x0804b6bc     0x14  apptask.o [1]
  .rodata             const    0x0804b6d0     0x14  apptask.o [1]
  .rodata             const    0x0804b6e4     0x14  apptask.o [1]
  .rodata             const    0x0804b6f8     0x14  apptask.o [1]
  .rodata             const    0x0804b70c     0x14  apptask.o [1]
  .rodata             const    0x0804b720     0x14  apptask.o [1]
  .rodata             const    0x0804b734     0x14  apptask.o [1]
  .rodata             const    0x0804b748     0x14  apptask.o [1]
  .rodata             const    0x0804b75c     0x14  apptask.o [1]
  .rodata             const    0x0804b770     0x14  apptask.o [1]
  .rodata             const    0x0804b784     0x14  des.o [1]
  .rodata             const    0x0804b798     0x14  esp8266_handler.o [1]
  .rodata             const    0x0804b7ac     0x14  pub0sub1.o [1]
  .rodata             const    0x0804b7c0     0x14  pub0sub1.o [1]
  .rodata             const    0x0804b7d4     0x14  pub0sub1.o [1]
  .rodata             const    0x0804b7e8     0x14  pub0sub1.o [1]
  .rodata             const    0x0804b7fc     0x14  pub0sub1.o [1]
  .rodata             const    0x0804b810     0x14  smec98sp.o [1]
  .rodata             const    0x0804b824     0x14  usbh_usr.o [1]
  .rodata             const    0x0804b838     0x14  usbh_usr.o [1]
  .rodata             const    0x0804b84c     0x10  apptask.o [1]
  .rodata             const    0x0804b85c     0x10  apptask.o [1]
  .rodata             const    0x0804b86c     0x10  apptask.o [1]
  .rodata             const    0x0804b87c     0x10  apptask.o [1]
  .rodata             const    0x0804b88c     0x10  apptask.o [1]
  .rodata             const    0x0804b89c     0x10  apptask.o [1]
  .rodata             const    0x0804b8ac     0x10  apptask.o [1]
  .rodata             const    0x0804b8bc     0x10  apptask.o [1]
  .rodata             const    0x0804b8cc     0x10  apptask.o [1]
  .rodata             const    0x0804b8dc     0x10  apptask.o [1]
  .rodata             const    0x0804b8ec     0x10  apptask.o [1]
  .rodata             const    0x0804b8fc     0x10  apptask.o [1]
  .rodata             const    0x0804b90c     0x10  apptask.o [1]
  .rodata             const    0x0804b91c     0x10  apptask.o [1]
  .rodata             const    0x0804b92c     0x10  apptask.o [1]
  .rodata             const    0x0804b93c     0x10  apptask.o [1]
  .rodata             const    0x0804b94c     0x10  apptask.o [1]
  .rodata             const    0x0804b95c     0x10  apptask.o [1]
  .rodata             const    0x0804b96c     0x10  apptask.o [1]
  .rodata             const    0x0804b97c     0x10  apptask.o [1]
  .rodata             const    0x0804b98c     0x10  apptask.o [1]
  .rodata             const    0x0804b99c     0x10  apptask.o [1]
  .rodata             const    0x0804b9ac     0x10  apptask.o [1]
  .rodata             const    0x0804b9bc     0x10  apptask.o [1]
  .rodata             const    0x0804b9cc     0x10  apptask.o [1]
  .rodata             const    0x0804b9dc     0x10  apptask.o [1]
  .rodata             const    0x0804b9ec     0x10  apptask.o [1]
  .rodata             const    0x0804b9fc     0x10  apptask.o [1]
  .rodata             const    0x0804ba0c     0x10  bsp_sdwe050c17.o [1]
  .rodata             const    0x0804ba1c     0x10  esp8266_handler.o [1]
  .rodata             const    0x0804ba2c     0x10  esp8266_handler.o [1]
  .rodata             const    0x0804ba3c     0x10  esp8266_handler.o [1]
  .rodata             const    0x0804ba4c     0x10  esp8266_handler.o [1]
  .rodata             const    0x0804ba5c     0x10  esp8266_handler.o [1]
  .rodata             const    0x0804ba6c     0x10  esp8266_handler.o [1]
  .rodata             const    0x0804ba7c     0x10  ff.o [1]
  .rodata             const    0x0804ba8c     0x10  main.o [1]
  .rodata             const    0x0804ba9c     0x10  main.o [1]
  .rodata             const    0x0804baac     0x10  para.o [1]
  .rodata             const    0x0804babc     0x10  para.o [1]
  .rodata             const    0x0804bacc     0x10  pub0sub1.o [1]
  .rodata             const    0x0804badc     0x10  smec98sp.o [1]
  .rodata             const    0x0804baec     0x10  smec98sp.o [1]
  .rodata             const    0x0804bafc     0x10  smec98sp.o [1]
  .rodata             const    0x0804bb0c     0x10  smec98sp.o [1]
  .rodata             const    0x0804bb1c     0x10  smec98sp.o [1]
  .rodata             const    0x0804bb2c     0x10  smec98sp.o [1]
  .rodata             const    0x0804bb3c     0x10  usbh_usr.o [1]
  .rodata             const    0x0804bb4c     0x10  usbh_usr.o [1]
  .text               ro code  0x0804bb5c     0x10  startup_stm32f40_41xxx.o [1]
  .text               ro code  0x0804bb6c     0x10  usbh_it.o [1]
  .rodata             const    0x0804bb7c      0xc  apptask.o [1]
  .rodata             const    0x0804bb88      0xc  apptask.o [1]
  .rodata             const    0x0804bb94      0xc  apptask.o [1]
  .rodata             const    0x0804bba0      0xc  apptask.o [1]
  .rodata             const    0x0804bbac      0xc  apptask.o [1]
  .rodata             const    0x0804bbb8      0xc  apptask.o [1]
  .rodata             const    0x0804bbc4      0xc  apptask.o [1]
  .rodata             const    0x0804bbd0      0xc  apptask.o [1]
  .rodata             const    0x0804bbdc      0xc  apptask.o [1]
  .rodata             const    0x0804bbe8      0xc  apptask.o [1]
  .rodata             const    0x0804bbf4      0xc  apptask.o [1]
  .rodata             const    0x0804bc00      0xc  apptask.o [1]
  .rodata             const    0x0804bc0c      0xc  apptask.o [1]
  .rodata             const    0x0804bc18      0xc  apptask.o [1]
  .rodata             const    0x0804bc24      0xc  apptask.o [1]
  .rodata             const    0x0804bc30      0xc  apptask.o [1]
  .rodata             const    0x0804bc3c      0xc  apptask.o [1]
  .rodata             const    0x0804bc48      0xc  apptask.o [1]
  .rodata             const    0x0804bc54      0xc  apptask.o [1]
  .rodata             const    0x0804bc60      0xc  apptask.o [1]
  .rodata             const    0x0804bc6c      0xc  apptask.o [1]
  .rodata             const    0x0804bc78      0xc  apptask.o [1]
  .rodata             const    0x0804bc84      0xc  apptask.o [1]
  .rodata             const    0x0804bc90      0xc  apptask.o [1]
  .rodata             const    0x0804bc9c      0xc  apptask.o [1]
  .rodata             const    0x0804bca8      0xc  apptask.o [1]
  .rodata             const    0x0804bcb4      0xc  apptask.o [1]
  .rodata             const    0x0804bcc0      0xc  apptask.o [1]
  .rodata             const    0x0804bccc      0xc  apptask.o [1]
  .rodata             const    0x0804bcd8      0xc  apptask.o [1]
  .rodata             const    0x0804bce4      0xc  apptask.o [1]
  .rodata             const    0x0804bcf0      0xc  apptask.o [1]
  .rodata             const    0x0804bcfc      0xc  apptask.o [1]
  .rodata             const    0x0804bd08      0xc  apptask.o [1]
  .rodata             const    0x0804bd14      0xc  apptask.o [1]
  .rodata             const    0x0804bd20      0xc  bsp_sdwe050c17.o [1]
  .rodata             const    0x0804bd2c      0xc  demo_fatfs.o [1]
  .rodata             const    0x0804bd38      0xc  esp8266_handler.o [1]
  .rodata             const    0x0804bd44      0xc  esp8266_handler.o [1]
  .rodata             const    0x0804bd50      0xc  esp8266_handler.o [1]
  .rodata             const    0x0804bd5c      0xc  esp8266_handler.o [1]
  .rodata             const    0x0804bd68      0xc  esp8266_handler.o [1]
  .rodata             const    0x0804bd74      0xc  esp8266_handler.o [1]
  .rodata             const    0x0804bd80      0xc  ff.o [1]
  .rodata             const    0x0804bd8c      0xc  page_weimi.o [1]
  .rodata             const    0x0804bd98      0xc  para.o [1]
  .rodata             const    0x0804bda4      0xc  para.o [1]
  .rodata             const    0x0804bdb0      0xc  para.o [1]
  .rodata             const    0x0804bdbc      0xc  para.o [1]
  .rodata             const    0x0804bdc8      0xc  para.o [1]
  .rodata             const    0x0804bdd4      0xc  pub0sub1.o [1]
  .rodata             const    0x0804bde0      0xc  pub0sub1.o [1]
  .text               ro code  0x0804bdec      0xc  cstartup_M.o [5]
  .rodata             const    0x0804bdf8      0x8  apptask.o [1]
  .rodata             const    0x0804be00      0x8  apptask.o [1]
  .rodata             const    0x0804be08      0x8  apptask.o [1]
  .rodata             const    0x0804be10      0x8  apptask.o [1]
  .rodata             const    0x0804be18      0x8  apptask.o [1]
  .rodata             const    0x0804be20      0x8  apptask.o [1]
  .rodata             const    0x0804be28      0x8  apptask.o [1]
  .rodata             const    0x0804be30      0x8  apptask.o [1]
  .rodata             const    0x0804be38      0x8  apptask.o [1]
  .rodata             const    0x0804be40      0x8  apptask.o [1]
  .rodata             const    0x0804be48      0x8  apptask.o [1]
  .rodata             const    0x0804be50      0x8  apptask.o [1]
  .rodata             const    0x0804be58      0x8  apptask.o [1]
  .rodata             const    0x0804be60      0x8  apptask.o [1]
  .rodata             const    0x0804be68      0x8  apptask.o [1]
  .rodata             const    0x0804be70      0x8  apptask.o [1]
  .rodata             const    0x0804be78      0x8  apptask.o [1]
  .rodata             const    0x0804be80      0x8  apptask.o [1]
  .rodata             const    0x0804be88      0x8  apptask.o [1]
  .rodata             const    0x0804be90      0x8  apptask.o [1]
  .rodata             const    0x0804be98      0x8  apptask.o [1]
  .rodata             const    0x0804bea0      0x8  apptask.o [1]
  .rodata             const    0x0804bea8      0x8  apptask.o [1]
  .rodata             const    0x0804beb0      0x8  apptask.o [1]
  .rodata             const    0x0804beb8      0x8  bsp_sdwe050c17.o [1]
  .rodata             const    0x0804bec0      0x8  bsp_w25qxx.o [1]
  .rodata             const    0x0804bec8      0x8  esp8266_handler.o [1]
  .rodata             const    0x0804bed0      0x8  ff.o [1]
  .rodata             const    0x0804bed8      0x8  malloc.o [1]
  .rodata             const    0x0804bee0      0x8  malloc.o [1]
  .rodata             const    0x0804bee8      0x8  malloc.o [1]
  .rodata             const    0x0804bef0      0x8  MQTTConnectClient.o [1]
  .rodata             const    0x0804bef8      0x8  MQTTConnectClient.o [1]
  .rodata             const    0x0804bf00      0x8  para.o [1]
  .rodata             const    0x0804bf08      0x8  para.o [1]
  .rodata             const    0x0804bf10      0x8  para.o [1]
  .rodata             const    0x0804bf18      0x8  para.o [1]
  .rodata             const    0x0804bf20      0x8  para.o [1]
  .rodata             const    0x0804bf28      0x8  para.o [1]
  .rodata             const    0x0804bf30      0x8  para.o [1]
  .rodata             const    0x0804bf38      0x8  para.o [1]
  .rodata             const    0x0804bf40      0x8  para.o [1]
  .rodata             const    0x0804bf48      0x8  para.o [1]
  .rodata             const    0x0804bf50      0x8  para.o [1]
  .rodata             const    0x0804bf58      0x8  para.o [1]
  .rodata             const    0x0804bf60      0x8  para.o [1]
  .rodata             const    0x0804bf68      0x8  para.o [1]
  .rodata             const    0x0804bf70      0x8  para.o [1]
  .rodata             const    0x0804bf78      0x8  para.o [1]
  .rodata             const    0x0804bf80      0x8  para.o [1]
  .rodata             const    0x0804bf88      0x8  para.o [1]
  .rodata             const    0x0804bf90      0x8  para.o [1]
  .rodata             const    0x0804bf98      0x8  para.o [1]
  .rodata             const    0x0804bfa0      0x8  para.o [1]
  .rodata             const    0x0804bfa8      0x8  pub0sub1.o [1]
  .rodata             const    0x0804bfb0      0x8  smec98sp.o [1]
  .rodata             const    0x0804bfb8      0x8  tasks.o [1]
  .rodata             const    0x0804bfc0      0x8  timers.o [1]
  .rodata             const    0x0804bfc8      0x4  heap_4.o [1]
  .rodata             const    0x0804bfcc      0x4  MQTTConnectClient.o [1]
  .rodata             const    0x0804bfd0      0x4  MQTTConnectClient.o [1]
  .rodata             const    0x0804bfd4      0x4  MQTTConnectClient.o [1]
  .rodata             const    0x0804bfd8      0x4  MQTTConnectClient.o [1]
  .rodata             const    0x0804bfdc      0x4  MQTTConnectClient.o [1]
  .rodata             const    0x0804bfe0      0x4  MQTTDeserializePublish.o [1]
  .rodata             const    0x0804bfe4      0x4  MQTTPacket.o [1]
  .rodata             const    0x0804bfe8      0x4  MQTTSerializePublish.o [1]
  .rodata             const    0x0804bfec      0x4  MQTTSubscribeClient.o [1]
  .rodata             const    0x0804bff0      0x4  MQTTSubscribeClient.o [1]
  .rodata             const    0x0804bff4      0x4  port.o [1]
  .text               ro code  0x0804bff8      0x4  startup_stm32f40_41xxx.o [1]
  .text               ro code  0x0804bffc      0x4  startup_stm32f40_41xxx.o [1]
  .text               ro code  0x0804c000      0x4  startup_stm32f40_41xxx.o [1]
  .text               ro code  0x0804c004      0x4  startup_stm32f40_41xxx.o [1]
  .text               ro code  0x0804c008      0x4  startup_stm32f40_41xxx.o [1]
  .text               ro code  0x0804c00c      0x4  startup_stm32f40_41xxx.o [1]
  .text               ro code  0x0804c010      0x4  startup_stm32f40_41xxx.o [1]
  .text               ro code  0x0804c014      0x4  startup_stm32f40_41xxx.o [1]
  .text               ro code  0x0804c018      0x4  startup_stm32f40_41xxx.o [1]
  .text               ro code  0x0804c01c      0x4  startup_stm32f40_41xxx.o [1]
  .text               ro code  0x0804c020      0x4  startup_stm32f40_41xxx.o [1]
  .text               ro code  0x0804c024      0x4  startup_stm32f40_41xxx.o [1]
  .text               ro code  0x0804c028      0x4  startup_stm32f40_41xxx.o [1]
  .text               ro code  0x0804c02c      0x4  startup_stm32f40_41xxx.o [1]
  .text               ro code  0x0804c030      0x4  startup_stm32f40_41xxx.o [1]
  .text               ro code  0x0804c034      0x4  startup_stm32f40_41xxx.o [1]
  .text               ro code  0x0804c038      0x4  startup_stm32f40_41xxx.o [1]
  .text               ro code  0x0804c03c      0x4  startup_stm32f40_41xxx.o [1]
  .text               ro code  0x0804c040      0x4  startup_stm32f40_41xxx.o [1]
  .text               ro code  0x0804c044      0x4  startup_stm32f40_41xxx.o [1]
  .text               ro code  0x0804c048      0x4  startup_stm32f40_41xxx.o [1]
  .text               ro code  0x0804c04c      0x4  startup_stm32f40_41xxx.o [1]
  .text               ro code  0x0804c050      0x4  startup_stm32f40_41xxx.o [1]
  .text               ro code  0x0804c054      0x4  startup_stm32f40_41xxx.o [1]
  .text               ro code  0x0804c058      0x4  startup_stm32f40_41xxx.o [1]
  .text               ro code  0x0804c05c      0x4  startup_stm32f40_41xxx.o [1]
  .text               ro code  0x0804c060      0x4  startup_stm32f40_41xxx.o [1]
  .text               ro code  0x0804c064      0x4  startup_stm32f40_41xxx.o [1]
  .text               ro code  0x0804c068      0x4  startup_stm32f40_41xxx.o [1]
  .text               ro code  0x0804c06c      0x4  startup_stm32f40_41xxx.o [1]
  .text               ro code  0x0804c070      0x4  startup_stm32f40_41xxx.o [1]
  .text               ro code  0x0804c074      0x4  startup_stm32f40_41xxx.o [1]
  .text               ro code  0x0804c078      0x4  startup_stm32f40_41xxx.o [1]
  .text               ro code  0x0804c07c      0x4  startup_stm32f40_41xxx.o [1]
  .text               ro code  0x0804c080      0x4  startup_stm32f40_41xxx.o [1]
  .text               ro code  0x0804c084      0x4  startup_stm32f40_41xxx.o [1]
  .text               ro code  0x0804c088      0x4  startup_stm32f40_41xxx.o [1]
  .text               ro code  0x0804c08c      0x4  startup_stm32f40_41xxx.o [1]
  .text               ro code  0x0804c090      0x4  startup_stm32f40_41xxx.o [1]
  .text               ro code  0x0804c094      0x4  startup_stm32f40_41xxx.o [1]
  .text               ro code  0x0804c098      0x4  startup_stm32f40_41xxx.o [1]
  .text               ro code  0x0804c09c      0x4  startup_stm32f40_41xxx.o [1]
  .text               ro code  0x0804c0a0      0x4  startup_stm32f40_41xxx.o [1]
  .text               ro code  0x0804c0a4      0x4  startup_stm32f40_41xxx.o [1]
  .text               ro code  0x0804c0a8      0x4  startup_stm32f40_41xxx.o [1]
  .text               ro code  0x0804c0ac      0x4  startup_stm32f40_41xxx.o [1]
  .text               ro code  0x0804c0b0      0x4  startup_stm32f40_41xxx.o [1]
  .text               ro code  0x0804c0b4      0x4  startup_stm32f40_41xxx.o [1]
  .text               ro code  0x0804c0b8      0x4  startup_stm32f40_41xxx.o [1]
  .text               ro code  0x0804c0bc      0x4  startup_stm32f40_41xxx.o [1]
  .text               ro code  0x0804c0c0      0x4  startup_stm32f40_41xxx.o [1]
  .text               ro code  0x0804c0c4      0x4  startup_stm32f40_41xxx.o [1]
  .text               ro code  0x0804c0c8      0x4  startup_stm32f40_41xxx.o [1]
  .text               ro code  0x0804c0cc      0x4  startup_stm32f40_41xxx.o [1]
  .text               ro code  0x0804c0d0      0x4  startup_stm32f40_41xxx.o [1]
  .text               ro code  0x0804c0d4      0x4  startup_stm32f40_41xxx.o [1]
  .text               ro code  0x0804c0d8      0x4  startup_stm32f40_41xxx.o [1]
  .text               ro code  0x0804c0dc      0x4  startup_stm32f40_41xxx.o [1]
  .text               ro code  0x0804c0e0      0x4  startup_stm32f40_41xxx.o [1]
  .text               ro code  0x0804c0e4      0x4  startup_stm32f40_41xxx.o [1]
  .text               ro code  0x0804c0e8      0x4  startup_stm32f40_41xxx.o [1]
  .text               ro code  0x0804c0ec      0x4  startup_stm32f40_41xxx.o [1]
  .text               ro code  0x0804c0f0      0x4  startup_stm32f40_41xxx.o [1]
  .text               ro code  0x0804c0f4      0x4  startup_stm32f40_41xxx.o [1]
  .text               ro code  0x0804c0f8      0x4  startup_stm32f40_41xxx.o [1]
  .text               ro code  0x0804c0fc      0x4  startup_stm32f40_41xxx.o [1]
  .text               ro code  0x0804c100      0x4  startup_stm32f40_41xxx.o [1]
  .text               ro code  0x0804c104      0x4  startup_stm32f40_41xxx.o [1]
  .rodata             const    0x0804c108      0x0  zero_init3.o [5]
  .rodata             const    0x0804c108      0x0  packbits_init.o [5]
  Initializer bytes   const    0x0804c108    0x12b  <for P2 s0>
                             - 0x0804c233  0x4c0ab

"P2":                                      0x1ff78
  P2 s0                        0x20000000    0x2d2  <Init block>
    __DLIB_PERTHREAD  inited   0x20000000     0x8c  rand.o [3]
    __DLIB_PERTHREAD  inited   0x2000008c     0x88  localeconv.o [3]
    __DLIB_PERTHREAD  inited   0x20000114     0x74  setlocale.o [3]
    .data             inited   0x20000188     0x50  demo_fatfs.o [1]
    .data             inited   0x200001d8     0x48  usbh_usr.o [1]
    .data             inited   0x20000220     0x40  xfiles.o [3]
    .data             inited   0x20000260     0x1c  malloc.o [1]
    .data             inited   0x2000027c     0x14  bsp_servomotor.o [1]
    .data             inited   0x20000290     0x10  stm32f4xx_rcc.o [1]
    .data             inited   0x200002a0     0x10  usbh_msc_core.o [1]
    .data             inited   0x200002b0      0xc  usbh_core.o [1]
    .data             inited   0x200002bc      0x4  port.o [1]
    .data             inited   0x200002c0      0x4  system_stm32f4xx.o [1]
    .data             inited   0x200002c4      0x4  usbh_core.o [1]
    __DLIB_PERTHREAD  inited   0x200002c8      0x4  errno.o [3]
    .data             inited   0x200002cc      0x2  bsp_w25qxx.o [1]
    .data             inited   0x200002ce      0x1  apptask.o [1]
    .data             inited   0x200002cf      0x1  encoder_tim.o [1]
    .data             inited   0x200002d0      0x1  page_weimi.o [1]
    .data             inited   0x200002d1      0x1  usbh_msc_scsi.o [1]
  .bss                zero     0x200002d4  0x10c00  heap_4.o [1]
  .bss                zero     0x20010ed4   0xa000  malloc.o [1]
  .bss                zero     0x2001aed4   0x1000  bsp_w25qxx.o [1]
  .bss                zero     0x2001bed4    0xa00  malloc.o [1]
  .bss                zero     0x2001c8d4    0x5ac  usbh_usr.o [1]
  .bss                zero     0x2001ce80    0x5ac  usbh_usr.o [1]
  .bss                zero     0x2001d42c    0x3e8  bsp_uart_fifo.o [1]
  .bss                zero     0x2001d814    0x3e8  esp8266_handler.o [1]
  .bss                zero     0x2001dbfc    0x3e8  esp8266_handler.o [1]
  .bss                zero     0x2001dfe4    0x3e8  pub0sub1.o [1]
  .bss                zero     0x2001e3cc    0x200  ff.o [1]
  .bss                zero     0x2001e5cc    0x200  usbh_msc_scsi.o [1]
  .bss                zero     0x2001e7cc    0x200  usbh_stdreq.o [1]
  .bss                zero     0x2001e9cc    0x168  tasks.o [1]
  .bss                zero     0x2001eb34    0x12c  page_weimi.o [1]
  .bss                zero     0x2001ec60    0x11c  protocol.o [1]
  .bss                zero     0x2001ed7c     0xd4  protocol.o [1]
  .bss                zero     0x2001ee50     0xd0  protocol.o [1]
  .bss                zero     0x2001ef20     0xb4  para.o [1]
  .bss                zero     0x2001efd4     0x94  usbh_usr.o [1]
  .bss                zero     0x2001f068     0x68  esp8266_handler.o [1]
  .bss                zero     0x2001f0d0     0x64  bsp_uart_fifo.o [1]
  .bss                zero     0x2001f134     0x64  bsp_uart_fifo.o [1]
  .bss                zero     0x2001f198     0x4c  usbh_msc_core.o [1]
  .bss                zero     0x2001f1e8     0x58  bsp_sdio_sd.o [1]
  .bss                zero     0x2001f240     0x50  xfiles.o [3]
  .bss                zero     0x2001f290     0x40  page_weimi.o [1]
  .bss                zero     0x2001f2d0     0x40  pub0sub1.o [1]
  .bss                zero     0x2001f310     0x34  bsp_sdwe050c17.o [1]
  .bss                zero     0x2001f344     0x30  product_cal.o [1]
  .bss                zero     0x2001f374     0x28  product_cal.o [1]
  .bss                zero     0x2001f39c     0x24  ff.o [1]
  .bss                zero     0x2001f3c0     0x20  pub0sub1.o [1]
  .bss                zero     0x2001f3e0     0x20  usbh_msc_bot.o [1]
  .bss                zero     0x2001f400     0x1c  encoder_tim.o [1]
  .bss                zero     0x2001f41c     0x18  bsp_sdio_sd.o [1]
  .bss                zero     0x2001f434     0x18  bsp_sdio_sd.o [1]
  .bss                zero     0x2001f44c     0x14  bsp_sdio_sd.o [1]
  .bss                zero     0x2001f460     0x14  rc522.o [1]
  .bss                zero     0x2001f474     0x14  tasks.o [1]
  .bss                zero     0x2001f488     0x14  tasks.o [1]
  .bss                zero     0x2001f49c     0x14  tasks.o [1]
  .bss                zero     0x2001f4b0     0x14  tasks.o [1]
  .bss                zero     0x2001f4c4     0x14  tasks.o [1]
  .bss                zero     0x2001f4d8     0x14  timers.o [1]
  .bss                zero     0x2001f4ec     0x14  timers.o [1]
  .bss                zero     0x2001f500     0x10  bsp_key.o [1]
  .bss                zero     0x2001f510     0x10  bsp_key.o [1]
  .bss                zero     0x2001f520     0x10  bsp_sdio_sd.o [1]
  .bss                zero     0x2001f530     0x10  bsp_sdio_sd.o [1]
  .bss                zero     0x2001f540     0x10  usbh_msc_bot.o [1]
  .bss                zero     0x2001f550     0x10  usbh_msc_bot.o [1]
  .bss                zero     0x2001f560     0x10  usbh_msc_scsi.o [1]
  .bss                zero     0x2001f570      0xc  apptask.o [1]
  .bss                zero     0x2001f57c      0xc  apptask.o [1]
  .bss                zero     0x2001f588      0xc  apptask.o [1]
  .bss                zero     0x2001f594      0xc  apptask.o [1]
  .bss                zero     0x2001f5a0      0xc  ff.o [1]
  .bss                zero     0x2001f5ac      0xc  protocol.o [1]
  .bss                zero     0x2001f5b8      0xc  protocol.o [1]
  .bss                zero     0x2001f5c4      0xc  protocol.o [1]
  .bss                zero     0x2001f5d0      0xc  pub0sub1.o [1]
  .bss                zero     0x2001f5dc      0x8  heap_4.o [1]
  .bss                zero     0x2001f5e4      0x8  modbus.o [1]
  .bss                zero     0x2001f5ec      0x8  protocol.o [1]
  .bss                zero     0x2001f5f4      0x8  pub0sub1.o [1]
  .bss                zero     0x2001f5fc      0x4  apptask.o [1]
  .bss                zero     0x2001f600      0x4  apptask.o [1]
  .bss                zero     0x2001f604      0x4  apptask.o [1]
  .bss                zero     0x2001f608      0x4  apptask.o [1]
  .bss                zero     0x2001f60c      0x4  apptask.o [1]
  .bss                zero     0x2001f610      0x4  apptask.o [1]
  .bss                zero     0x2001f614      0x4  apptask.o [1]
  .bss                zero     0x2001f618      0x4  apptask.o [1]
  .bss                zero     0x2001f61c      0x4  apptask.o [1]
  .bss                zero     0x2001f620      0x4  apptask.o [1]
  .bss                zero     0x2001f624      0x4  apptask.o [1]
  .bss                zero     0x2001f628      0x4  apptask.o [1]
  .bss                zero     0x2001f62c      0x4  apptask.o [1]
  .bss                zero     0x2001f630      0x4  apptask.o [1]
  .bss                zero     0x2001f634      0x4  apptask.o [1]
  .bss                zero     0x2001f638      0x4  apptask.o [1]
  .bss                zero     0x2001f63c      0x4  apptask.o [1]
  .bss                zero     0x2001f640      0x4  apptask.o [1]
  .bss                zero     0x2001f644      0x4  apptask.o [1]
  .bss                zero     0x2001f648      0x4  apptask.o [1]
  .bss                zero     0x2001f64c      0x4  apptask.o [1]
  .bss                zero     0x2001f650      0x4  apptask.o [1]
  .bss                zero     0x2001f654      0x4  apptask.o [1]
  .bss                zero     0x2001f658      0x4  apptask.o [1]
  .bss                zero     0x2001f65c      0x4  apptask.o [1]
  .bss                zero     0x2001f660      0x4  apptask.o [1]
  .bss                zero     0x2001f664      0x4  apptask.o [1]
  .bss                zero     0x2001f668      0x4  bsp_sdio_sd.o [1]
  .bss                zero     0x2001f66c      0x4  bsp_sdio_sd.o [1]
  .bss                zero     0x2001f670      0x4  bsp_sdio_sd.o [1]
  .bss                zero     0x2001f674      0x4  bsp_sdio_sd.o [1]
  .bss                zero     0x2001f678      0x4  bsp_sdio_sd.o [1]
  .bss                zero     0x2001f67c      0x4  bsp_timer.o [1]
  .bss                zero     0x2001f680      0x4  bsp_timer.o [1]
  .bss                zero     0x2001f684      0x4  bsp_timer.o [1]
  .bss                zero     0x2001f688      0x4  bsp_timer.o [1]
  .bss                zero     0x2001f68c      0x4  esp8266_handler.o [1]
  .bss                zero     0x2001f690      0x4  esp8266_handler.o [1]
  .bss                zero     0x2001f694      0x4  esp8266_handler.o [1]
  .bss                zero     0x2001f698      0x4  heap_4.o [1]
  .bss                zero     0x2001f69c      0x4  heap_4.o [1]
  .bss                zero     0x2001f6a0      0x4  heap_4.o [1]
  .bss                zero     0x2001f6a4      0x4  heap_4.o [1]
  .bss                zero     0x2001f6a8      0x4  MQTTPacket.o [1]
  .bss                zero     0x2001f6ac      0x4  page_weimi.o [1]
  .bss                zero     0x2001f6b0      0x4  page_weimi.o [1]
  .bss                zero     0x2001f6b4      0x4  port.o [1]
  .bss                zero     0x2001f6b8      0x4  product_cal.o [1]
  .bss                zero     0x2001f6bc      0x4  product_cal.o [1]
  .bss                zero     0x2001f6c0      0x4  pub0sub1.o [1]
  .bss                zero     0x2001f6c4      0x4  SysInfoTest.o [1]
  .bss                zero     0x2001f6c8      0x4  tasks.o [1]
  .bss                zero     0x2001f6cc      0x4  tasks.o [1]
  .bss                zero     0x2001f6d0      0x4  tasks.o [1]
  .bss                zero     0x2001f6d4      0x4  tasks.o [1]
  .bss                zero     0x2001f6d8      0x4  tasks.o [1]
  .bss                zero     0x2001f6dc      0x4  tasks.o [1]
  .bss                zero     0x2001f6e0      0x4  tasks.o [1]
  .bss                zero     0x2001f6e4      0x4  tasks.o [1]
  .bss                zero     0x2001f6e8      0x4  tasks.o [1]
  .bss                zero     0x2001f6ec      0x4  tasks.o [1]
  .bss                zero     0x2001f6f0      0x4  tasks.o [1]
  .bss                zero     0x2001f6f4      0x4  tasks.o [1]
  .bss                zero     0x2001f6f8      0x4  tasks.o [1]
  .bss                zero     0x2001f6fc      0x4  tasks.o [1]
  .bss                zero     0x2001f700      0x4  tasks.o [1]
  .bss                zero     0x2001f704      0x4  tasks.o [1]
  .bss                zero     0x2001f708      0x4  timer_platform.o [1]
  .bss                zero     0x2001f70c      0x4  timers.o [1]
  .bss                zero     0x2001f710      0x4  timers.o [1]
  .bss                zero     0x2001f714      0x4  timers.o [1]
  .bss                zero     0x2001f718      0x4  timers.o [1]
  .bss                zero     0x2001f71c      0x4  usbh_msc_bot.o [1]
  .bss                zero     0x2001f720      0x4  usbh_msc_bot.o [1]
  .bss                zero     0x2001f724      0x4  usbh_msc_bot.o [1]
  .bss                zero     0x2001f728      0x4  usbh_msc_bot.o [1]
  .bss                zero     0x2001f72c      0x2  apptask.o [1]
  .bss                zero     0x2001f72e      0x2  apptask.o [1]
  .bss                zero     0x2001f730      0x2  apptask.o [1]
  .bss                zero     0x2001f732      0x2  apptask.o [1]
  .bss                zero     0x2001f734      0x2  apptask.o [1]
  .bss                zero     0x2001f736      0x2  apptask.o [1]
  .bss                zero     0x2001f738      0x2  apptask.o [1]
  .bss                zero     0x2001f73a      0x2  apptask.o [1]
  .bss                zero     0x2001f73c      0x2  bsp_sdwe050c17.o [1]
  .bss                zero     0x2001f73e      0x2  encoder_tim.o [1]
  .bss                zero     0x2001f740      0x2  encoder_tim.o [1]
  .bss                zero     0x2001f742      0x2  ff.o [1]
  .bss                zero     0x2001f744      0x2  page_weimi.o [1]
  .bss                zero     0x2001f746      0x2  page_weimi.o [1]
  .bss                zero     0x2001f748      0x2  page_weimi.o [1]
  .bss                zero     0x2001f74a      0x2  product_cal.o [1]
  .bss                zero     0x2001f74c      0x2  usbh_core.o [1]
  .bss                zero     0x2001f74e      0x2  usbh_stdreq.o [1]
  .bss                zero     0x2001f750      0x1  apptask.o [1]
  .bss                zero     0x2001f751      0x1  apptask.o [1]
  .bss                zero     0x2001f752      0x1  apptask.o [1]
  .bss                zero     0x2001f753      0x1  apptask.o [1]
  .bss                zero     0x2001f754      0x1  apptask.o [1]
  .bss                zero     0x2001f755      0x1  apptask.o [1]
  .bss                zero     0x2001f756      0x1  apptask.o [1]
  .bss                zero     0x2001f757      0x1  apptask.o [1]
  .bss                zero     0x2001f758      0x1  apptask.o [1]
  .bss                zero     0x2001f759      0x1  apptask.o [1]
  .bss                zero     0x2001f75a      0x1  apptask.o [1]
  .bss                zero     0x2001f75b      0x1  apptask.o [1]
  .bss                zero     0x2001f75c      0x1  apptask.o [1]
  .bss                zero     0x2001f75d      0x1  apptask.o [1]
  .bss                zero     0x2001f75e      0x1  bsp_sdio_sd.o [1]
  .bss                zero     0x2001f75f      0x1  bsp_sdwe050c17.o [1]
  .bss                zero     0x2001f760      0x1  bsp_uart_fifo.o [1]
  .bss                zero     0x2001f761      0x1  esp8266_handler.o [1]
  .bss                zero     0x2001f762      0x1  esp8266_handler.o [1]
  .bss                zero     0x2001f763      0x1  esp8266_handler.o [1]
  .bss                zero     0x2001f764      0x1  page_weimi.o [1]
  .bss                zero     0x2001f765      0x1  page_weimi.o [1]
  .bss                zero     0x2001f766      0x1  page_weimi.o [1]
  .bss                zero     0x2001f767      0x1  page_weimi.o [1]
  .bss                zero     0x2001f768      0x1  page_weimi.o [1]
  .bss                zero     0x2001f769      0x1  port.o [1]
  .bss                zero     0x2001f76a      0x1  product_cal.o [1]
  .bss                zero     0x2001f76b      0x1  product_cal.o [1]
  .bss                zero     0x2001f76c      0x1  protocol.o [1]
  .bss                zero     0x2001f76d      0x1  pub0sub1.o [1]
  .bss                zero     0x2001f76e      0x1  pub0sub1.o [1]
  .bss                zero     0x2001f76f      0x1  rc522.o [1]
  .bss                zero     0x2001f770      0x1  rc522.o [1]
  .bss                zero     0x2001f771      0x1  usbh_msc_bot.o [1]
  .bss                zero     0x2001f772      0x1  usbh_msc_core.o [1]
  .bss                zero     0x2001f773      0x1  usbh_msc_core.o [1]
  .bss                zero     0x2001f774      0x1  usbh_stdreq.o [1]
  .bss                zero     0x2001f775      0x1  usbh_usr.o [1]
  CSTACK                       0x2001f778    0x800  <Block>
    CSTACK            uninit   0x2001f778    0x800  <Block tail>
                             - 0x2001ff78  0x1ff78

Absolute sections:                         0xff000
  .bss                zero     0x68000000  0xf0000  malloc.o [1]
  .bss                zero     0x680f0000   0xf000  malloc.o [1]
                             - 0x680ff000  0xff000


*******************************************************************************
*** INIT TABLE
***

          Address     Size
          -------     ----
Zero (__iar_zero_init3)
    2 destination ranges, total size 0x11e4a2:
          0x200002d4  0x1f4a2
          0x68000000  0xff000

Copy/packbits (__iar_packbits_init3)
    1 source range, total size 0x12b (41% of destination):
          0x0804c108    0x12b
    1 destination range, total size 0x2d2:
          0x20000000    0x2d2



*******************************************************************************
*** MODULE SUMMARY
***

    Module                    ro code  ro data  rw data    rw data
                                                            (abs)
    ------                    -------  -------  -------    -------
E:\WORK\YarnControl_Driver\YarnControl_Driver\src\stm32f4_rtos\Project\EWARMv7\Flash\Obj: [1]
    MQTTConnectClient.o           774       36
    MQTTDeserializePublish.o      188        4
    MQTTPacket.o                  656        4        4
    MQTTSerializePublish.o        236        4
    MQTTSubscribeClient.o         400        8
    SysInfoTest.o                  44                 4
    apptask.o                  31 780    3 536      187
    bkp_pwr.o                     392
    bsp.o                          92
    bsp_closeSW.o                 220
    bsp_dac.o                     200
    bsp_dwt.o                     116
    bsp_key.o                     538                32
    bsp_led.o                     192
    bsp_relay.o                    68
    bsp_sdio_sd.o               6 744               209
    bsp_sdwe050c17.o            5 728       36       55
    bsp_servomotor.o              856        8       20
    bsp_spi.o                     292
    bsp_stepmotor.o             1 276
    bsp_sw_onoff.o                 68
    bsp_timer.o                   516                16
    bsp_uart_fifo.o             2 724             1 201
    bsp_w25qxx.o                  896        9    4 098
    bsp_watchdog.o                  8
    cc936.o                       244  176 320
    demo_fatfs.o                           725       80
    des.o                       1 274      844
    diskio.o                      740
    encoder_tim.o                 704        1       33
    esp8266_handler.o           1 044      324    2 119
    esp8266_init.o                124
    event_groups.o                610
    ff.o                        9 368       36      562
    heap_4.o                      640        4   68 632
    iic_smec98sp.o                910
    list.o                        152
    main.o                         48       32
    malloc.o                      540       36   43 548  1 044 480
    mcheck.o                      184      768
    misc.o                        136
    modbus.o                      872                 8
    page_weimi.o                1 672       12      384
    para.o                      5 506      284      180
    port.o                        588        6        9
    portasm.o                     168
    product_cal.o               1 712      400      100
    protocol.o                    156               749
    pub0sub1.o                  1 076      472    1 122
    queue.o                     1 992
    rc522.o                       238                22
    smec98sp.o                  1 198      256
    startup_stm32f40_41xxx.o      680
    stm32f4xx_adc.o               438
    stm32f4xx_dac.o               124
    stm32f4xx_dma.o               796
    stm32f4xx_exti.o              192
    stm32f4xx_gpio.o              300
    stm32f4xx_it.o                 56       44
    stm32f4xx_iwdg.o               16
    stm32f4xx_pwr.o                12
    stm32f4xx_rcc.o               488        7       16
    stm32f4xx_rtc.o                60
    stm32f4xx_sdio.o              380
    stm32f4xx_spi.o               116
    stm32f4xx_syscfg.o             84
    stm32f4xx_tim.o             1 782
    stm32f4xx_usart.o             596
    system_stm32f4xx.o            340        2        4
    tasks.o                     3 296        8      524
    timer_platform.o               64                 4
    timers.o                    1 188        8       56
    transport.o                   108
    usb_bsp.o                     332
    usb_core.o                  2 640
    usb_hcd.o                     214
    usb_hcd_int.o               3 198
    usbh_core.o                 1 888        6       18
    usbh_hcs.o                    442
    usbh_ioreq.o                  582
    usbh_it.o                      16
    usbh_msc_bot.o              1 364                81
    usbh_msc_core.o             1 000        6       94
    usbh_msc_scsi.o             1 560        1      529
    usbh_stdreq.o               1 078               515
    usbh_usr.o                    418      586    3 125
    --------------------------------------------------------------
    Total:                    112 748  184 833  128 340  1 044 480

command line: [2]
    --------------------------------------------------------------
    Total:

dl7M_tlf.a: [3]
    abort.o                         6
    div.o                          14
    errno.o                        12        2        4
    exit.o                          4
    isxxx.o                        40
    localeconv.o                  108       57      136
    printf.o                       36
    putchar.o                      12
    rand.o                        224       57      140
    setlocale.o                    24       48      116
    snprintf.o                     68
    sprintf.o                      52
    srand.o                        32
    sscanf.o                       36
    strcat.o                       28
    strstr.o                       44
    tolower.o                      20
    xfiles.o                                26      144
    xlocale_c.o                    54
    xprintffull_nomb.o          3 478
    xprout.o                       22
    xscanffull_nomb.o           2 916
    xsnprout.o                     26
    xsprout.o                      10
    xsscin.o                       30
    xstoflt.o                     440
    xstoll.o                      164
    xstopfx.o                     292
    xstoull.o                     432
    xstoxflt.o                    536
    xtls.o                          2
    --------------------------------------------------------------
    Total:                      9 162      190      540

m7M_tls.a: [4]
    DblAdd.o                      232
    DblCmpEq.o                     32
    DblCmpGe.o                     46
    DblCmpLe.o                     46
    DblDiv.o                      598
    DblMul.o                      418
    DblSub.o                      384
    DblToFlt.o                    144
    DblToI32.o                     88
    FltToDbl.o                     78
    I32ToDbl.o                     48
    fpinit_M.o                     34
    xdnorm.o                       66
    xdscale.o                     276
    xdtento.o                     512
    xdunscal.o                     82
    xstold.o                      360
    --------------------------------------------------------------
    Total:                      3 444

rt7M_tl.a: [5]
    ABImemclr4.o                    6
    ABImemcpy_unaligned.o         118
    ABImemset.o                   102
    ABImemset48.o                  50
    I64DivMod.o                   306
    I64DivZer.o                     2
    cexit.o                        10
    cmain.o                        26
    cstartup_M.o                   12
    data_init.o                    40
    memchr.o                       88
    memcmp_unaligned.o             98
    packbits_init.o               208
    strchr.o                       22
    strcmp_unaligned.o             66
    strcpy_unaligned.o             68
    strlen.o                       54
    zero_init3.o                   64
    --------------------------------------------------------------
    Total:                      1 340

shb_l.a: [6]
    exit.o                         20
    --------------------------------------------------------------
    Total:                         20

    Gaps                           66        4        6
    Linker created                          52    2 048
------------------------------------------------------------------
    Grand Total:              126 780  185 079  130 934  1 044 480


*******************************************************************************
*** ENTRY LIST
***

Entry                      Address     Size  Type      Object
-----                      -------     ----  ----      ------
.iar.init_table$$Base   0x0804aedc            --   Gb  - Linker created -
.iar.init_table$$Limit  0x0804af10            --   Gb  - Linker created -
?main                   0x0804b351           Code  Gb  cmain.o [5]
ADC_Cmd                 0x080488bb     0x1a  Code  Gb  stm32f4xx_adc.o [1]
ADC_CommonInit          0x08048899     0x22  Code  Gb  stm32f4xx_adc.o [1]
ADC_GetFlagStatus       0x080489e5     0x1a  Code  Gb  stm32f4xx_adc.o [1]
ADC_Init                0x08048849     0x50  Code  Gb  stm32f4xx_adc.o [1]
ADC_RegularChannelConfig
                        0x080488d5     0xf6  Code  Gb  stm32f4xx_adc.o [1]
ADC_SoftwareStartConv   0x080489cb      0xa  Code  Gb  stm32f4xx_adc.o [1]
APBAHBPrescTable        0x20000290     0x10  Data  Lc  stm32f4xx_rcc.o [1]
AppObjCreate            0x08031da9    0x190  Code  Gb  apptask.o [1]
AppTaskCreate           0x08031b5d    0x232  Code  Gb  apptask.o [1]
BOTStallErrorCount      0x2001f71c      0x4  Data  Lc  usbh_msc_bot.o [1]
BusFault_Handler        0x0804a99f      0x2  Code  Gb  stm32f4xx_it.o [1]
CID_Tab                 0x2001f530     0x10  Data  Lc  bsp_sdio_sd.o [1]
CLIENT_ID               0x2001f3c0     0x20  Data  Gb  pub0sub1.o [1]
CRC16HiTable            0x0804a314    0x100  Data  Gb  mcheck.o [1]
CRC16LoTable            0x0804a414    0x100  Data  Gb  mcheck.o [1]
CRC8Table               0x0804a514    0x100  Data  Gb  mcheck.o [1]
CSD_Tab                 0x2001f520     0x10  Data  Lc  bsp_sdio_sd.o [1]
CSTACK$$Base            0x2001f778            --   Gb  - Linker created -
CSTACK$$Limit           0x2001ff78            --   Gb  - Linker created -
CardType                0x2001f668      0x4  Data  Lc  bsp_sdio_sd.o [1]
ChannengMQTTPackage     0x080349e5     0x7e  Code  Gb  product_cal.o [1]
CmdError                0x08045051     0x38  Code  Lc  bsp_sdio_sd.o [1]
CmdResp1Error           0x080450f5    0x112  Code  Lc  bsp_sdio_sd.o [1]
CmdResp2Error           0x08045245     0x52  Code  Lc  bsp_sdio_sd.o [1]
CmdResp3Error           0x08045207     0x3e  Code  Lc  bsp_sdio_sd.o [1]
CmdResp6Error           0x08045297     0xa6  Code  Lc  bsp_sdio_sd.o [1]
CmdResp7Error           0x08045089     0x58  Code  Lc  bsp_sdio_sd.o [1]
ConfigExitNVIC          0x0803bedb     0x22  Code  Gb  bsp_closeSW.o [1]
ConfigUartNVIC          0x0803de63     0x7c  Code  Lc  bsp_uart_fifo.o [1]
ConnectTcp              0x0803c767     0x48  Code  Gb  esp8266_handler.o [1]
DAC_Cmd                 0x080405ab     0x26  Code  Gb  stm32f4xx_dac.o [1]
DAC_Init                0x08040579     0x32  Code  Gb  stm32f4xx_dac.o [1]
DAC_SetChannel1Data     0x080405d1     0x1e  Code  Gb  stm32f4xx_dac.o [1]
DMA1_Stream0_IRQHandler
                        0x08038a57     0x1c  Code  Gb  bsp_servomotor.o [1]
DMA1_Stream3_IRQHandler
                        0x08038a73     0x1c  Code  Gb  bsp_servomotor.o [1]
DMA2_Stream3_IRQHandler
                        0x08045939      0x8  Code  Gb  bsp_sdio_sd.o [1]
DMAEndOfTransfer        0x2001f678      0x4  Data  Gb  bsp_sdio_sd.o [1]
DMA_ClearFlag           0x080407d7     0x24  Code  Gb  stm32f4xx_dma.o [1]
DMA_Cmd                 0x0804078d     0x1a  Code  Gb  stm32f4xx_dma.o [1]
DMA_DeInit              0x080405f5    0x140  Code  Gb  stm32f4xx_dma.o [1]
DMA_FlowControllerConfig
                        0x080407a7     0x18  Code  Gb  stm32f4xx_dma.o [1]
DMA_GetCmdStatus        0x080407bf     0x18  Code  Gb  stm32f4xx_dma.o [1]
DMA_GetITStatus         0x0804083d     0x62  Code  Gb  stm32f4xx_dma.o [1]
DMA_ITConfig            0x080407fb     0x42  Code  Gb  stm32f4xx_dma.o [1]
DMA_Init                0x08040735     0x58  Code  Gb  stm32f4xx_dma.o [1]
Dac1_Init               0x0803865d     0x5a  Code  Gb  bsp_dac.o [1]
Dac1_Set_Vol            0x080386b9     0x58  Code  Gb  bsp_dac.o [1]
DebugMon_Handler        0x0804a9a3      0x2  Code  Gb  stm32f4xx_it.o [1]
DesE                    0x0804aa68     0x30  Data  Gb  des.o [1]
DesIp                   0x0804a83c     0x40  Data  Gb  des.o [1]
DesIp_1                 0x0804a87c     0x40  Data  Gb  des.o [1]
DesP                    0x0804afd0     0x20  Data  Gb  des.o [1]
DesPc_1                 0x0804a934     0x38  Data  Gb  des.o [1]
DesPc_2                 0x0804aa98     0x30  Data  Gb  des.o [1]
[...]
mem_set                 0x080393d9     0x16  Code  Lc  ff.o [1]
memblksize              0x0804bee0      0x8  Data  Gb  malloc.o [1]
memchr                  0x08043209           Code  Gb  memchr.o [5]
memsize                 0x0804bee8      0x8  Data  Gb  malloc.o [1]
memtblsize              0x0804bed8      0x8  Data  Gb  malloc.o [1]
modbus_send_frame       0x0803bcbb     0xf6  Code  Gb  modbus.o [1]
move_window             0x080396b1     0x40  Code  Lc  ff.o [1]
movram                  0x08047e9d     0x1e  Code  Gb  des.o [1]
mqttSubscribeData       0x2001d814    0x3e8  Data  Gb  esp8266_handler.o [1]
mqtt_status             0x2001f5f4      0x8  Data  Gb  pub0sub1.o [1]
my_mem_free             0x08037487     0x6c  Code  Gb  malloc.o [1]
my_mem_init             0x0803734b     0x42  Code  Gb  malloc.o [1]
my_mem_malloc           0x080373cb     0xbc  Code  Gb  malloc.o [1]
my_mem_perused          0x0803738d     0x3e  Code  Gb  malloc.o [1]
myfree                  0x080374f3     0x24  Code  Gb  malloc.o [1]
mymalloc                0x08037517     0x2a  Code  Gb  malloc.o [1]
mymemset                0x08037335     0x16  Code  Gb  malloc.o [1]
ndigs                   0x08046734     0x28  Data  Lc  xstoull.o [3]
netDeviceInfo_t         0x2001f068     0x68  Data  Gb  esp8266_handler.o [1]
net_device_send_cmd     0x0803c645     0x4e  Code  Gb  esp8266_handler.o [1]
obuf                    0x2001f240     0x50  Data  Lc  xfiles.o [3]
oem2uni                 0x0801560c  0x15484  Data  Lc  cc936.o [1]
old_card_record         0x2001f756      0x1  Data  Gb  apptask.o [1]
old_isWork              0x2001f752      0x1  Data  Gb  apptask.o [1]
old_is_stop             0x200002d0      0x1  Data  Gb  page_weimi.o [1]
old_plan_complete       0x2001f76b      0x1  Data  Gb  product_cal.o [1]
old_system_state        0x200002ce      0x1  Data  Gb  apptask.o [1]
old_usb_disk_flag       0x2001f754      0x1  Data  Gb  apptask.o [1]
old_wifi_flag           0x2001f762      0x1  Data  Gb  esp8266_handler.o [1]
para_init               0x080361c1     0xae  Code  Gb  para.o [1]
pcInterruptPriorityRegisters
                        0x0804bff4      0x4  Data  Lc  port.o [1]
peiliao_para            0x2001f344     0x30  Data  Gb  product_cal.o [1]
pick_lfn                0x08039f03     0x8c  Code  Lc  ff.o [1]
plan_complete           0x2001f76a      0x1  Data  Gb  product_cal.o [1]
pluse_count             0x2001f72e      0x2  Data  Gb  apptask.o [1]
pluse_step_src          0x2001f588      0xc  Data  Gb  apptask.o [1]
pows                    0x08046f38     0x48  Data  Lc  xdtento.o [4]
printf                  0x08037255     0x24  Code  Gb  printf.o [3]
product_complete_kilo   0x08034677     0x62  Code  Gb  product_cal.o [1]
product_complete_meter  0x0803465b     0x1c  Code  Gb  product_cal.o [1]
product_para            0x2001f374     0x28  Data  Gb  product_cal.o [1]
product_per_meter       0x080345d5     0x74  Code  Gb  product_cal.o [1]
prvAddCurrentTaskToDelayedList
                        0x08035769     0x48  Code  Lc  tasks.o [1]
prvAllocateTCBAndStack  0x080357b1     0x5a  Code  Lc  tasks.o [1]
prvCheckForValidListAndQueue
                        0x0803d73f     0x52  Code  Lc  timers.o [1]
prvCheckTasksWaitingTermination
                        0x080356ff     0x66  Code  Lc  tasks.o [1]
prvCopyDataFromQueue    0x080343bd     0x30  Code  Lc  queue.o [1]
prvCopyDataToQueue      0x08034339     0x84  Code  Lc  queue.o [1]
prvDeleteTCB            0x0803580b     0x12  Code  Lc  tasks.o [1]
prvGetNextExpireTime    0x0803d52b     0x2e  Code  Lc  timers.o [1]
prvHeapInit             0x0803eb31     0x6e  Code  Lc  heap_4.o [1]
prvIdleTask             0x08035619     0x26  Code  Lc  tasks.o [1]
prvInitialiseTCBVariables
                        0x0803563f     0x6a  Code  Lc  tasks.o [1]
prvInitialiseTaskLists  0x080356a9     0x56  Code  Lc  tasks.o [1]
prvInsertBlockIntoFreeList
                        0x0803eb9f     0x62  Code  Lc  heap_4.o [1]
prvInsertTimerInActiveList
                        0x0803d581     0x50  Code  Lc  timers.o [1]
prvIsQueueEmpty         0x08034457     0x20  Code  Lc  queue.o [1]
prvIsQueueFull          0x08034477     0x22  Code  Lc  queue.o [1]
prvProcessExpiredTimer  0x0803d443     0x5c  Code  Lc  timers.o [1]
prvProcessReceivedCommands
                        0x0803d5d1     0xde  Code  Lc  timers.o [1]
prvProcessTimerOrBlockTask
                        0x0803d4bb     0x70  Code  Lc  timers.o [1]
prvResetNextTaskUnblockTime
                        0x0803581d     0x26  Code  Lc  tasks.o [1]
prvSampleTimeNow        0x0803d559     0x28  Code  Lc  timers.o [1]
prvSwitchTimerLists     0x0803d6af     0x90  Code  Lc  timers.o [1]
prvTaskExitError        0x0803e6e1     0x2a  Code  Lc  port.o [1]
prvTestWaitCondition    0x0803d2e7     0x24  Code  Lc  event_groups.o [1]
prvTimerTask            0x0803d4a1     0x1a  Code  Lc  timers.o [1]
prvUnlockQueue          0x080343ed     0x6a  Code  Lc  queue.o [1]
pub_topicString         0x2001f5d0      0xc  Data  Gb  pub0sub1.o [1]
put_fat                 0x080398ff    0x16c  Code  Gb  ff.o [1]
putchar                 0x0804b64d      0xc  Code  Gb  putchar.o [3]
pvPortMalloc            0x0803e9a1    0x118  Code  Gb  heap_4.o [1]
pxCurrentTCB            0x2001f6c8      0x4  Data  Gb  tasks.o [1]
pxCurrentTimerList      0x2001f70c      0x4  Data  Lc  timers.o [1]
pxDelayedTaskList       0x2001f6cc      0x4  Data  Lc  tasks.o [1]
pxEnd                   0x2001f698      0x4  Data  Lc  heap_4.o [1]
pxOverflowDelayedTaskList
                        0x2001f6d0      0x4  Data  Lc  tasks.o [1]
pxOverflowTimerList     0x2001f710      0x4  Data  Lc  timers.o [1]
pxPortInitialiseStack   0x0803e6bd     0x24  Code  Gb  port.o [1]
pxReadyTasksLists       0x2001e9cc    0x168  Data  Lc  tasks.o [1]
rand                    0x08048db1     0xe0  Code  Gb  rand.o [3]
rc522_cmd_anticoll      0x0803b9f9     0x5a  Code  Gb  rc522.o [1]
rc522_cmd_request       0x0803b9a5     0x54  Code  Gb  rc522.o [1]
readChar                0x08041dff     0x10  Code  Gb  MQTTPacket.o [1]
readDisk                0x2001f759      0x1  Data  Gb  apptask.o [1]
readFilenum             0x2001f75a      0x1  Data  Gb  apptask.o [1]
readInt                 0x08041de3     0x1c  Code  Gb  MQTTPacket.o [1]
readMQTTLenString       0x08041eb5     0x3c  Code  Gb  MQTTPacket.o [1]
readSlave               0x2001f57c      0xc  Data  Gb  apptask.o [1]
read_bkp_para           0x0803bfd7     0x78  Code  Gb  bkp_pwr.o [1]
read_device_info        0x08035c71    0x314  Code  Gb  para.o [1]
read_file_select        0x2001f5c4      0xc  Data  Gb  protocol.o [1]
read_from_disk          0x080362a5    0xd74  Code  Gb  para.o [1]
remove_chain            0x08039a6b     0x76  Code  Lc  ff.o [1]
reset_seg_to_1          0x08037f55     0xb8  Code  Gb  page_weimi.o [1]
rfid_rev_buf            0x2001f460     0x14  Data  Gb  rc522.o [1]
rfid_rev_cnt            0x2001f770      0x1  Data  Gb  rc522.o [1]
rfid_rev_flag           0x2001f76f      0x1  Data  Gb  rc522.o [1]
rtc_time                0x2001f5ec      0x8  Data  Gb  protocol.o [1]
s_TIM_CallBack1         0x2001f67c      0x4  Data  Lc  bsp_timer.o [1]
s_TIM_CallBack2         0x2001f680      0x4  Data  Lc  bsp_timer.o [1]
s_TIM_CallBack3         0x2001f684      0x4  Data  Lc  bsp_timer.o [1]
s_TIM_CallBack4         0x2001f688      0x4  Data  Lc  bsp_timer.o [1]
s_tBtn                  0x2001f500     0x10  Data  Lc  bsp_key.o [1]
s_tKey                  0x2001f510     0x10  Data  Lc  bsp_key.o [1]
sample_time             0x2001f72c      0x2  Data  Gb  apptask.o [1]
sdew_weimi_page1        0x08033621    0x28a  Code  Gb  bsp_sdwe050c17.o [1]
sdew_weimi_page2        0x080338b9    0x1e6  Code  Gb  bsp_sdwe050c17.o [1]
sdew_weisha_page1       0x08033aa5    0x100  Code  Gb  bsp_sdwe050c17.o [1]
sdew_weisha_page2       0x08033ba9    0x100  Code  Gb  bsp_sdwe050c17.o [1]
selectbits              0x08047f67     0x42  Code  Gb  des.o [1]
semc_adc_Init           0x080483e7     0x92  Code  Gb  smec98sp.o [1]
servo_per_wei_src       0x2001f65c      0x4  Data  Gb  apptask.o [1]
servo_speed_diff        0x2001f660      0x4  Data  Gb  apptask.o [1]
servomotor_guodu        0x2001f764      0x1  Data  Gb  page_weimi.o [1]
servomotor_mode         0x2001f765      0x1  Data  Gb  page_weimi.o [1]
servomotor_step         0x2001f748      0x2  Data  Gb  page_weimi.o [1]
setbit                  0x08047edf     0x4c  Code  Gb  des.o [1]
shlc                    0x08047fa9     0x68  Code  Gb  des.o [1]
shrc                    0x08048011     0x5e  Code  Gb  des.o [1]
slave_info              0x2001f570      0xc  Data  Gb  apptask.o [1]
snprintf                0x0804194d     0x44  Code  Gb  snprintf.o [3]
speed_diff              0x2001f594      0xc  Data  Gb  apptask.o [1]
speed_zhu               0x2001f744      0x2  Data  Gb  page_weimi.o [1]
speed_zhu1              0x2001f746      0x2  Data  Gb  page_weimi.o [1]
sprintf                 0x0803b855     0x34  Code  Gb  sprintf.o [3]
srand                   0x08048d91     0x20  Code  Gb  srand.o [3]
sscanf                  0x0803ed89     0x24  Code  Gb  sscanf.o [3]
st_clust                0x08039e35     0x18  Code  Lc  ff.o [1]
stepmotor_guodu         0x2001f6ac      0x4  Data  Gb  page_weimi.o [1]
strans                  0x0804806f    0x168  Code  Gb  des.o [1]
strcat                  0x0803b889     0x1c  Code  Gb  strcat.o [3]
strchr                  0x080431f1           Code  Gb  strchr.o [5]
strlen                  0x08037bb1           Code  Gb  strlen.o [5]
strstr                  0x0803be59     0x10  Code  Gb  para.o [1]
sum_sfn                 0x0803a109     0x20  Code  Lc  ff.o [1]
symbol                  0x2001f658      0x4  Data  Gb  apptask.o [1]
symbol_servo            0x2001f75b      0x1  Data  Gb  apptask.o [1]
sync_fs                 0x080396f1     0xd8  Code  Lc  ff.o [1]
sync_window             0x08039657     0x5a  Code  Lc  ff.o [1]
system_state_dis        0x0804a030    0x190  Data  Gb  product_cal.o [1]
toStop                  0x2001f6c0      0x4  Data  Gb  pub0sub1.o [1]
tolower                 0x08046a91     0x14  Code  Gb  tolower.o [3]
total_meter_gross       0x2001f6b8      0x4  Data  Gb  product_cal.o [1]
total_weight_gross      0x2001f6bc      0x4  Data  Gb  product_cal.o [1]
transport_close         0x08041ce9     0x12  Code  Gb  transport.o [1]
transport_getdata       0x08041cd5     0x14  Code  Gb  transport.o [1]
transport_sendPacketBuffer
                        0x08041c99     0x3c  Code  Gb  transport.o [1]
ucHeap                  0x200002d4  0x10c00  Data  Lc  heap_4.o [1]
ucMaxSysCallPriority    0x2001f769      0x1  Data  Lc  port.o [1]
ulHighFrequencyTimerTicks
                        0x2001f6c4      0x4  Data  Gb  SysInfoTest.o [1]
ulMaxPRIGROUPValue      0x2001f6b4      0x4  Data  Lc  port.o [1]
ulTaskSwitchedInTime    0x2001f700      0x4  Data  Lc  tasks.o [1]
ulTotalRunTime          0x2001f704      0x4  Data  Lc  tasks.o [1]
uni2oem                 0x08000188  0x15484  Data  Lc  cc936.o [1]
usb_disk_flag           0x2001f753      0x1  Data  Gb  apptask.o [1]
usbh_OpenMassStorage    0x08038ab9     0x14  Code  Gb  usbh_usr.o [1]
uxCriticalNesting       0x200002bc      0x4  Data  Lc  port.o [1]
uxCurrentNumberOfTasks  0x2001f6d8      0x4  Data  Lc  tasks.o [1]
uxListRemove            0x0803e979     0x28  Code  Gb  list.o [1]
uxPendedTicks           0x2001f6e8      0x4  Data  Lc  tasks.o [1]
uxSchedulerSuspended    0x2001f6fc      0x4  Data  Lc  tasks.o [1]
uxTaskNumber            0x2001f6f4      0x4  Data  Lc  tasks.o [1]
uxTaskResetEventItemValue
                        0x0803587d     0x20  Code  Gb  tasks.o [1]
uxTasksDeleted          0x2001f6d4      0x4  Data  Lc  tasks.o [1]
uxTopReadyPriority      0x2001f6e0      0x4  Data  Lc  tasks.o [1]
vAnalysisUartData       0x08031895     0xca  Code  Gb  apptask.o [1]
vEsp8266_Main_Task      0x08031535    0x21e  Code  Gb  apptask.o [1]
vListInitialise         0x0803e909     0x1e  Code  Gb  list.o [1]
vListInsert             0x0803e93f     0x3a  Code  Gb  list.o [1]
vListInsertEnd          0x0803e927     0x18  Code  Gb  list.o [1]
vMQTT_Handler_Task      0x0803175d    0x138  Code  Gb  apptask.o [1]
vMQTT_Recive_Task       0x0803195f     0x7e  Code  Gb  apptask.o [1]
vMQTT_Tranmit_Task      0x080319e5     0xd0  Code  Gb  apptask.o [1]
vPortEnableVFP          0x080425fd           Code  Gb  portasm.o [1]
vPortEnterCritical      0x0803e7d7     0x3a  Code  Gb  port.o [1]
vPortExitCritical       0x0803e811     0x32  Code  Gb  port.o [1]
vPortFree               0x0803eab9     0x78  Code  Gb  heap_4.o [1]
vPortSetupTimerInterrupt
                        0x0803e86f      0xe  Code  Wk  port.o [1]
vPortStartFirstTask     0x080425e5           Code  Gb  portasm.o [1]
vPortValidateInterruptPriority
                        0x0803e87d     0x4e  Code  Gb  port.o [1]
vQueueWaitForMessageRestricted
                        0x08034499     0x44  Code  Gb  queue.o [1]
vTaskDelay              0x08034e75     0x84  Code  Gb  tasks.o [1]
vTaskDelayUntil         0x08034d95     0xe0  Code  Gb  tasks.o [1]
vTaskFreq               0x08030f05    0x622  Code  Lc  apptask.o [1]
vTaskManageCapacity     0x0802f9d9    0x520  Code  Gb  apptask.o [1]
vTaskMassStorage        0x0802e5f1    0x652  Code  Lc  apptask.o [1]
vTaskMissedYield        0x0803560f      0xa  Code  Gb  tasks.o [1]
vTaskMotorControl       0x0802ffad    0xf3c  Code  Lc  apptask.o [1]
vTaskMsgPro             0x0802f11d    0x4ce  Code  Lc  apptask.o [1]
vTaskPlaceOnEventList   0x08035275     0x74  Code  Gb  tasks.o [1]
vTaskPlaceOnEventListRestricted
                        0x080353ad     0x80  Code  Gb  tasks.o [1]
vTaskPlaceOnUnorderedEventList
                        0x08035305     0xa8  Code  Gb  tasks.o [1]
vTaskReadDisk           0x0802f719    0x272  Code  Lc  apptask.o [1]
vTaskRev485             0x0802f609     0xd4  Code  Lc  apptask.o [1]
vTaskSetTimeOutState    0x08035559     0x26  Code  Gb  tasks.o [1]
vTaskStartScheduler     0x08034ef9     0x7e  Code  Gb  tasks.o [1]
vTaskSuspendAll         0x08034f77     0x10  Code  Gb  tasks.o [1]
vTaskSwitchContext      0x080351c5     0xb0  Code  Gb  tasks.o [1]
vTaskTaskKey            0x08031ab5     0x82  Code  Gb  apptask.o [1]
vTaskTaskLCD            0x0802aa91   0x3b32  Code  Gb  apptask.o [1]
vTaskTaskLED            0x0802ec89     0x20  Code  Lc  apptask.o [1]
vTaskTaskRFID           0x0802eca9    0x410  Code  Lc  apptask.o [1]
valid_seg               0x2001f6b0      0x4  Data  Gb  page_weimi.o [1]
validate                0x0803aeaf     0x36  Code  Lc  ff.o [1]
weimi_para              0x2001eb34    0x12c  Data  Gb  page_weimi.o [1]
weisha_reset_to_seg1    0x0803800d     0x30  Code  Gb  page_weimi.o [1]
wifi_flag               0x2001f761      0x1  Data  Gb  esp8266_handler.o [1]
work_idle_time          0x2001f74a      0x2  Data  Gb  product_cal.o [1]
writeCString            0x08041e45     0x2a  Code  Gb  MQTTPacket.o [1]
writeChar               0x08041e0f      0xc  Code  Gb  MQTTPacket.o [1]
writeInt                0x08041e1b     0x2a  Code  Gb  MQTTPacket.o [1]
writeMQTTString         0x08041e6f     0x46  Code  Gb  MQTTPacket.o [1]
write_bkp_para          0x0803c04f     0x6e  Code  Gb  bkp_pwr.o [1]
xActiveTimerList1       0x2001f4d8     0x14  Data  Lc  timers.o [1]
xActiveTimerList2       0x2001f4ec     0x14  Data  Lc  timers.o [1]
xBlockAllocatedBit      0x2001f6a4      0x4  Data  Lc  heap_4.o [1]
xDelayedTaskList1       0x2001f474     0x14  Data  Lc  tasks.o [1]
xDelayedTaskList2       0x2001f488     0x14  Data  Lc  tasks.o [1]
xEventGroupCreate       0x0803d0a9     0x1c  Code  Gb  event_groups.o [1]
xEventGroupSetBits      0x0803d211     0xd6  Code  Gb  event_groups.o [1]
xEventGroupWaitBits     0x0803d0c5    0x146  Code  Gb  event_groups.o [1]
xFreeBytesRemaining     0x2001f69c      0x4  Data  Lc  heap_4.o [1]
xHandleTaskFreq         0x2001f620      0x4  Data  Gb  apptask.o [1]
xHandleTaskKey          0x2001f624      0x4  Data  Gb  apptask.o [1]
xHandleTaskLCD          0x2001f5fc      0x4  Data  Gb  apptask.o [1]
xHandleTaskLED          0x2001f600      0x4  Data  Gb  apptask.o [1]
xHandleTaskManageCapacity
                        0x2001f618      0x4  Data  Gb  apptask.o [1]
xHandleTaskMassStorage  0x2001f608      0x4  Data  Gb  apptask.o [1]
xHandleTaskMotorControl
                        0x2001f61c      0x4  Data  Gb  apptask.o [1]
xHandleTaskMsgPro       0x2001f610      0x4  Data  Gb  apptask.o [1]
xHandleTaskRFID         0x2001f604      0x4  Data  Gb  apptask.o [1]
xHandleTaskReadDisk     0x2001f60c      0x4  Data  Gb  apptask.o [1]
xHandleTaskRev485       0x2001f614      0x4  Data  Gb  apptask.o [1]
xHeapStructSize         0x0804bfc8      0x4  Data  Lc  heap_4.o [1]
xMinimumEverFreeBytesRemaining
                        0x2001f6a0      0x4  Data  Lc  heap_4.o [1]
xNextTaskUnblockTime    0x2001f6f8      0x4  Data  Lc  tasks.o [1]
xNumOfOverflows         0x2001f6f0      0x4  Data  Lc  tasks.o [1]
xPendingReadyList       0x2001f49c     0x14  Data  Lc  tasks.o [1]
xPortStartScheduler     0x0803e70b     0xcc  Code  Gb  port.o [1]
xQueueGenericCreate     0x08033da5     0x7e  Code  Gb  queue.o [1]
xQueueGenericReceive    0x08034199    0x19c  Code  Gb  queue.o [1]
xQueueGenericReset      0x08033d15     0x90  Code  Gb  queue.o [1]
xQueueGenericSend       0x08033e23    0x1b2  Code  Gb  queue.o [1]
xQueueGenericSendFromISR
                        0x08033fd5     0xec  Code  Gb  queue.o [1]
xQueueGiveFromISR       0x080340c1     0xd8  Code  Gb  queue.o [1]
xQueue_MQTT_Recv        0x2001f648      0x4  Data  Gb  apptask.o [1]
xQueue_MQTT_Transmit    0x2001f64c      0x4  Data  Gb  apptask.o [1]
xQueue_esp8266_Cmd      0x2001f650      0x4  Data  Gb  apptask.o [1]
xQueue_message          0x2001f654      0x4  Data  Gb  apptask.o [1]
xSchedulerRunning       0x2001f6e4      0x4  Data  Lc  tasks.o [1]
xSemaphore_download     0x2001f638      0x4  Data  Gb  apptask.o [1]
xSemaphore_encoder      0x2001f634      0x4  Data  Gb  apptask.o [1]
xSemaphore_lcd          0x2001f628      0x4  Data  Gb  apptask.o [1]
xSemaphore_pluse        0x2001f630      0x4  Data  Gb  apptask.o [1]
xSemaphore_readDisk     0x2001f63c      0x4  Data  Gb  apptask.o [1]
xSemaphore_rs485        0x2001f62c      0x4  Data  Gb  apptask.o [1]
xStart                  0x2001f5dc      0x8  Data  Lc  heap_4.o [1]
xSuspendedTaskList      0x2001f4c4     0x14  Data  Lc  tasks.o [1]
xTaskCheckForTimeOut    0x08035585     0x8a  Code  Gb  tasks.o [1]
xTaskGenericCreate      0x08034c11    0x184  Code  Gb  tasks.o [1]
xTaskGetSchedulerState  0x08035843     0x26  Code  Gb  tasks.o [1]
xTaskGetTickCount       0x08035087      0xa  Code  Gb  tasks.o [1]
xTaskIncrementTick      0x08035091    0x134  Code  Gb  tasks.o [1]
xTaskRemoveFromEventList
                        0x08035431     0x8e  Code  Gb  tasks.o [1]
xTaskRemoveFromUnorderedEventList
                        0x080354c5     0x94  Code  Gb  tasks.o [1]
xTaskResumeAll          0x08034f87    0x100  Code  Gb  tasks.o [1]
xTasksWaitingTermination
                        0x2001f4b0     0x14  Data  Lc  tasks.o [1]
xTickCount              0x2001f6dc      0x4  Data  Lc  tasks.o [1]
xTimerCreate            0x0803d35d     0x62  Code  Gb  timers.o [1]
xTimerCreateTimerTask   0x0803d30d     0x50  Code  Gb  timers.o [1]
xTimerGenericCommand    0x0803d3bf     0x84  Code  Gb  timers.o [1]
xTimerQueue             0x2001f714      0x4  Data  Lc  timers.o [1]
xTimerUser              0x2001f644      0x4  Data  Gb  apptask.o [1]
xYieldPending           0x2001f6ec      0x4  Data  Lc  tasks.o [1]


[1] = E:\WORK\YarnControl_Driver\YarnControl_Driver\src\stm32f4_rtos\Project\EWARMv7\Flash\Obj
[2] = command line
[3] = dl7M_tlf.a
[4] = m7M_tls.a
[5] = rt7M_tl.a
[6] = shb_l.a

  126 780 bytes of readonly  code memory
  185 079 bytes of readonly  data memory
  130 934 bytes of readwrite data memory (+ 1 044 480 absolute)

Errors: none
Warnings: none
