###############################################################################
#
# IAR ELF Linker V7.40.7.9843/W32 for ARM                 21/Feb/2019  17:41:26
# Copyright 2007-2015 IAR Systems AB.
#
#    Output file  =  
#        F:\work\YarnControl_Driver\src\stm32f4_rtos\Project\EWARMv7\Flash\Exe\project.out
#    Map file     =  
#        F:\work\YarnControl_Driver\src\stm32f4_rtos\Project\EWARMv7\Flash\List\project.map
#    Command line =  
#        F:\work\YarnControl_Driver\src\stm32f4_rtos\Project\EWARMv7\Flash\Obj\apptask.o
#        F:\work\YarnControl_Driver\src\stm32f4_rtos\Project\EWARMv7\Flash\Obj\bsp.o
#        F:\work\YarnControl_Driver\src\stm32f4_rtos\Project\EWARMv7\Flash\Obj\bsp_closeSW.o
#        F:\work\YarnControl_Driver\src\stm32f4_rtos\Project\EWARMv7\Flash\Obj\bsp_dwt.o
#        F:\work\YarnControl_Driver\src\stm32f4_rtos\Project\EWARMv7\Flash\Obj\bsp_led.o
#        F:\work\YarnControl_Driver\src\stm32f4_rtos\Project\EWARMv7\Flash\Obj\bsp_relay.o
#        F:\work\YarnControl_Driver\src\stm32f4_rtos\Project\EWARMv7\Flash\Obj\bsp_sdio_sd.o
#        F:\work\YarnControl_Driver\src\stm32f4_rtos\Project\EWARMv7\Flash\Obj\bsp_sdwe050c17.o
#        F:\work\YarnControl_Driver\src\stm32f4_rtos\Project\EWARMv7\Flash\Obj\bsp_servomotor.o
#        F:\work\YarnControl_Driver\src\stm32f4_rtos\Project\EWARMv7\Flash\Obj\bsp_spi.o
#        F:\work\YarnControl_Driver\src\stm32f4_rtos\Project\EWARMv7\Flash\Obj\bsp_stepmotor.o
#        F:\work\YarnControl_Driver\src\stm32f4_rtos\Project\EWARMv7\Flash\Obj\bsp_sw_onoff.o
#        F:\work\YarnControl_Driver\src\stm32f4_rtos\Project\EWARMv7\Flash\Obj\bsp_tim_pwm.o
#        F:\work\YarnControl_Driver\src\stm32f4_rtos\Project\EWARMv7\Flash\Obj\bsp_timer.o
#        F:\work\YarnControl_Driver\src\stm32f4_rtos\Project\EWARMv7\Flash\Obj\bsp_uart_fifo.o
#        F:\work\YarnControl_Driver\src\stm32f4_rtos\Project\EWARMv7\Flash\Obj\bsp_w25qxx.o
#        F:\work\YarnControl_Driver\src\stm32f4_rtos\Project\EWARMv7\Flash\Obj\bsp_watchdog.o
#        F:\work\YarnControl_Driver\src\stm32f4_rtos\Project\EWARMv7\Flash\Obj\cc936.o
#        F:\work\YarnControl_Driver\src\stm32f4_rtos\Project\EWARMv7\Flash\Obj\croutine.o
#        F:\work\YarnControl_Driver\src\stm32f4_rtos\Project\EWARMv7\Flash\Obj\demo_fatfs.o
#        F:\work\YarnControl_Driver\src\stm32f4_rtos\Project\EWARMv7\Flash\Obj\diskio.o
#        F:\work\YarnControl_Driver\src\stm32f4_rtos\Project\EWARMv7\Flash\Obj\encoder.o
#        F:\work\YarnControl_Driver\src\stm32f4_rtos\Project\EWARMv7\Flash\Obj\event_groups.o
#        F:\work\YarnControl_Driver\src\stm32f4_rtos\Project\EWARMv7\Flash\Obj\ff.o
#        F:\work\YarnControl_Driver\src\stm32f4_rtos\Project\EWARMv7\Flash\Obj\heap_4.o
#        F:\work\YarnControl_Driver\src\stm32f4_rtos\Project\EWARMv7\Flash\Obj\list.o
#        F:\work\YarnControl_Driver\src\stm32f4_rtos\Project\EWARMv7\Flash\Obj\main.o
#        F:\work\YarnControl_Driver\src\stm32f4_rtos\Project\EWARMv7\Flash\Obj\malloc.o
#        F:\work\YarnControl_Driver\src\stm32f4_rtos\Project\EWARMv7\Flash\Obj\mcheck.o
#        F:\work\YarnControl_Driver\src\stm32f4_rtos\Project\EWARMv7\Flash\Obj\misc.o
#        F:\work\YarnControl_Driver\src\stm32f4_rtos\Project\EWARMv7\Flash\Obj\modbus.o
#        F:\work\YarnControl_Driver\src\stm32f4_rtos\Project\EWARMv7\Flash\Obj\page_weimi.o
#        F:\work\YarnControl_Driver\src\stm32f4_rtos\Project\EWARMv7\Flash\Obj\para.o
#        F:\work\YarnControl_Driver\src\stm32f4_rtos\Project\EWARMv7\Flash\Obj\port.o
#        F:\work\YarnControl_Driver\src\stm32f4_rtos\Project\EWARMv7\Flash\Obj\portasm.o
#        F:\work\YarnControl_Driver\src\stm32f4_rtos\Project\EWARMv7\Flash\Obj\product_cal.o
#        F:\work\YarnControl_Driver\src\stm32f4_rtos\Project\EWARMv7\Flash\Obj\protocol.o
#        F:\work\YarnControl_Driver\src\stm32f4_rtos\Project\EWARMv7\Flash\Obj\queue.o
#        F:\work\YarnControl_Driver\src\stm32f4_rtos\Project\EWARMv7\Flash\Obj\rc522.o
#        F:\work\YarnControl_Driver\src\stm32f4_rtos\Project\EWARMv7\Flash\Obj\startup_stm32f40_41xxx.o
#        F:\work\YarnControl_Driver\src\stm32f4_rtos\Project\EWARMv7\Flash\Obj\stm32f4xx_adc.o
#        F:\work\YarnControl_Driver\src\stm32f4_rtos\Project\EWARMv7\Flash\Obj\stm32f4xx_assert.o
#        F:\work\YarnControl_Driver\src\stm32f4_rtos\Project\EWARMv7\Flash\Obj\stm32f4xx_can.o
#        F:\work\YarnControl_Driver\src\stm32f4_rtos\Project\EWARMv7\Flash\Obj\stm32f4xx_crc.o
#        F:\work\YarnControl_Driver\src\stm32f4_rtos\Project\EWARMv7\Flash\Obj\stm32f4xx_cryp.o
#        F:\work\YarnControl_Driver\src\stm32f4_rtos\Project\EWARMv7\Flash\Obj\stm32f4xx_cryp_aes.o
#        F:\work\YarnControl_Driver\src\stm32f4_rtos\Project\EWARMv7\Flash\Obj\stm32f4xx_cryp_des.o
#        F:\work\YarnControl_Driver\src\stm32f4_rtos\Project\EWARMv7\Flash\Obj\stm32f4xx_cryp_tdes.o
#        F:\work\YarnControl_Driver\src\stm32f4_rtos\Project\EWARMv7\Flash\Obj\stm32f4xx_dac.o
#        F:\work\YarnControl_Driver\src\stm32f4_rtos\Project\EWARMv7\Flash\Obj\stm32f4xx_dbgmcu.o
#        F:\work\YarnControl_Driver\src\stm32f4_rtos\Project\EWARMv7\Flash\Obj\stm32f4xx_dcmi.o
#        F:\work\YarnControl_Driver\src\stm32f4_rtos\Project\EWARMv7\Flash\Obj\stm32f4xx_dma.o
#        F:\work\YarnControl_Driver\src\stm32f4_rtos\Project\EWARMv7\Flash\Obj\stm32f4xx_dma2d.o
#        F:\work\YarnControl_Driver\src\stm32f4_rtos\Project\EWARMv7\Flash\Obj\stm32f4xx_exti.o
#        F:\work\YarnControl_Driver\src\stm32f4_rtos\Project\EWARMv7\Flash\Obj\stm32f4xx_flash.o
#        F:\work\YarnControl_Driver\src\stm32f4_rtos\Project\EWARMv7\Flash\Obj\stm32f4xx_fsmc.o
#        F:\work\YarnControl_Driver\src\stm32f4_rtos\Project\EWARMv7\Flash\Obj\stm32f4xx_gpio.o
#        F:\work\YarnControl_Driver\src\stm32f4_rtos\Project\EWARMv7\Flash\Obj\stm32f4xx_hash.o
#        F:\work\YarnControl_Driver\src\stm32f4_rtos\Project\EWARMv7\Flash\Obj\stm32f4xx_hash_md5.o
#        F:\work\YarnControl_Driver\src\stm32f4_rtos\Project\EWARMv7\Flash\Obj\stm32f4xx_hash_sha1.o
#        F:\work\YarnControl_Driver\src\stm32f4_rtos\Project\EWARMv7\Flash\Obj\stm32f4xx_i2c.o
#        F:\work\YarnControl_Driver\src\stm32f4_rtos\Project\EWARMv7\Flash\Obj\stm32f4xx_it.o
#        F:\work\YarnControl_Driver\src\stm32f4_rtos\Project\EWARMv7\Flash\Obj\stm32f4xx_iwdg.o
#        F:\work\YarnControl_Driver\src\stm32f4_rtos\Project\EWARMv7\Flash\Obj\stm32f4xx_ltdc.o
#        F:\work\YarnControl_Driver\src\stm32f4_rtos\Project\EWARMv7\Flash\Obj\stm32f4xx_pwr.o
#        F:\work\YarnControl_Driver\src\stm32f4_rtos\Project\EWARMv7\Flash\Obj\stm32f4xx_rcc.o
#        F:\work\YarnControl_Driver\src\stm32f4_rtos\Project\EWARMv7\Flash\Obj\stm32f4xx_rng.o
#        F:\work\YarnControl_Driver\src\stm32f4_rtos\Project\EWARMv7\Flash\Obj\stm32f4xx_rtc.o
#        F:\work\YarnControl_Driver\src\stm32f4_rtos\Project\EWARMv7\Flash\Obj\stm32f4xx_sai.o
#        F:\work\YarnControl_Driver\src\stm32f4_rtos\Project\EWARMv7\Flash\Obj\stm32f4xx_sdio.o
#        F:\work\YarnControl_Driver\src\stm32f4_rtos\Project\EWARMv7\Flash\Obj\stm32f4xx_spi.o
#        F:\work\YarnControl_Driver\src\stm32f4_rtos\Project\EWARMv7\Flash\Obj\stm32f4xx_syscfg.o
#        F:\work\YarnControl_Driver\src\stm32f4_rtos\Project\EWARMv7\Flash\Obj\stm32f4xx_tim.o
#        F:\work\YarnControl_Driver\src\stm32f4_rtos\Project\EWARMv7\Flash\Obj\stm32f4xx_usart.o
#        F:\work\YarnControl_Driver\src\stm32f4_rtos\Project\EWARMv7\Flash\Obj\stm32f4xx_wwdg.o
#        F:\work\YarnControl_Driver\src\stm32f4_rtos\Project\EWARMv7\Flash\Obj\SysInfoTest.o
#        F:\work\YarnControl_Driver\src\stm32f4_rtos\Project\EWARMv7\Flash\Obj\system_stm32f4xx.o
#        F:\work\YarnControl_Driver\src\stm32f4_rtos\Project\EWARMv7\Flash\Obj\tasks.o
#        F:\work\YarnControl_Driver\src\stm32f4_rtos\Project\EWARMv7\Flash\Obj\timers.o
#        F:\work\YarnControl_Driver\src\stm32f4_rtos\Project\EWARMv7\Flash\Obj\usb_bsp.o
#        F:\work\YarnControl_Driver\src\stm32f4_rtos\Project\EWARMv7\Flash\Obj\usb_core.o
#        F:\work\YarnControl_Driver\src\stm32f4_rtos\Project\EWARMv7\Flash\Obj\usb_hcd.o
#        F:\work\YarnControl_Driver\src\stm32f4_rtos\Project\EWARMv7\Flash\Obj\usb_hcd_int.o
#        F:\work\YarnControl_Driver\src\stm32f4_rtos\Project\EWARMv7\Flash\Obj\usbh_core.o
#        F:\work\YarnControl_Driver\src\stm32f4_rtos\Project\EWARMv7\Flash\Obj\usbh_hcs.o
#        F:\work\YarnControl_Driver\src\stm32f4_rtos\Project\EWARMv7\Flash\Obj\usbh_ioreq.o
#        F:\work\YarnControl_Driver\src\stm32f4_rtos\Project\EWARMv7\Flash\Obj\usbh_it.o
#        F:\work\YarnControl_Driver\src\stm32f4_rtos\Project\EWARMv7\Flash\Obj\usbh_msc_bot.o
#        F:\work\YarnControl_Driver\src\stm32f4_rtos\Project\EWARMv7\Flash\Obj\usbh_msc_core.o
#        F:\work\YarnControl_Driver\src\stm32f4_rtos\Project\EWARMv7\Flash\Obj\usbh_msc_scsi.o
#        F:\work\YarnControl_Driver\src\stm32f4_rtos\Project\EWARMv7\Flash\Obj\usbh_stdreq.o
#        F:\work\YarnControl_Driver\src\stm32f4_rtos\Project\EWARMv7\Flash\Obj\usbh_usr.o
#        -o
#        F:\work\YarnControl_Driver\src\stm32f4_rtos\Project\EWARMv7\Flash\Exe\project.out
#        --map
#        F:\work\YarnControl_Driver\src\stm32f4_rtos\Project\EWARMv7\Flash\List\project.map
#        --config
#        F:\work\YarnControl_Driver\src\stm32f4_rtos\Project\EWARMv7\stm32f4xx_flash.icf
#        --semihosting --entry __iar_program_start --inline --vfe
#
###############################################################################

*******************************************************************************
*** RUNTIME MODEL ATTRIBUTES
***

CppFlavor       = *
__SystemLibrary = DLib


*******************************************************************************
*** PLACEMENT SUMMARY
***

"A1":  place at 0x08000000 { ro section .intvec };
"P1":  place in [from 0x08000000 to 0x080fffff] { ro };
"P2":  place in [from 0x20000000 to 0x2001ffff] { rw, block CSTACK, block HEAP };

  Section             Kind        Address     Size  Object
  -------             ----        -------     ----  ------
"A1":                                        0x188
  .intvec             ro code  0x08000000    0x188  startup_stm32f40_41xxx.o [1]
                             - 0x08000188    0x188

"P1":                                      0x45353
  .rodata             const    0x08000188  0x15484  cc936.o [1]
  .rodata             const    0x0801560c  0x15484  cc936.o [1]
  .text               ro code  0x0802aa90   0x4cbc  apptask.o [1]
  .text               ro code  0x0802f74c    0xc00  tasks.o [1]
  .text               ro code  0x0803034c    0x7c8  queue.o [1]
  .text               ro code  0x08030b14   0x151e  bsp_sdwe050c17.o [1]
  .text               ro code  0x08032032     0x1e  xsscin.o [3]
  .text               ro code  0x08032050    0x524  product_cal.o [1]
  .text               ro code  0x08032574     0x66  ABImemset.o [5]
  .text               ro code  0x080325da      0xa  xsprout.o [3]
  .text               ro code  0x080325e4    0x380  bsp_w25qxx.o [1]
  .text               ro code  0x08032964     0x4e  FltToDbl.o [4]
  .text               ro code  0x080329b4     0x24  printf.o [3]
  .text               ro code  0x080329d8     0x76  ABImemcpy_unaligned.o [5]
  .text               ro code  0x08032a50     0x42  strcmp_unaligned.o [5]
  .text               ro code  0x08032a94    0x21c  malloc.o [1]
  .text               ro code  0x08032cb0     0x30  I32ToDbl.o [4]
  .text               ro code  0x08032ce0    0x256  DblDiv.o [4]
  .text               ro code  0x08032f38     0xe8  DblAdd.o [4]
  .text               ro code  0x08033020    0x1a2  DblMul.o [4]
  .text               ro code  0x080331c4     0x58  DblToI32.o [4]
  .text               ro code  0x0803321c     0x90  DblToFlt.o [4]
  .text               ro code  0x080332ac     0x36  strlen.o [5]
  .text               ro code  0x080332e4     0x62  memcmp_unaligned.o [5]
  .text               ro code  0x08033348    0x48c  bsp_servomotor.o [1]
  .text               ro code  0x080337d4    0x1b6  usbh_usr.o [1]
  .text               ro code  0x0803398c    0x760  usbh_core.o [1]
  .text               ro code  0x080340ec   0x2498  ff.o [1]
  .text               ro code  0x08036584     0x34  sprintf.o [3]
  .text               ro code  0x080365b8     0x1c  strcat.o [3]
  .text               ro code  0x080365d4     0xc0  bsp_led.o [1]
  .text               ro code  0x08036694     0xae  rc522.o [1]
  .text               ro code  0x08036744    0x354  modbus.o [1]
  .text               ro code  0x08036a98     0x68  bsp_sw_onoff.o [1]
  .text               ro code  0x08036b00     0x44  protocol.o [1]
  .text               ro code  0x08036b44     0x10  para.o [1]
  .text               ro code  0x08036b54   0x1146  para.o [1]
  .text               ro code  0x08037c9c    0x12c  stm32f4xx_gpio.o [1]
  .text               ro code  0x08037dc8    0x670  stm32f4xx_tim.o [1]
  .text               ro code  0x08038438    0x26c  bsp_stepmotor.o [1]
  .text               ro code  0x080386a4    0x374  encoder.o [1]
  .text               ro code  0x08038a18    0x254  page_weimi.o [1]
  .text               ro code  0x08038c6c    0x262  event_groups.o [1]
  .text               ro code  0x08038ed0    0x4a4  timers.o [1]
  .text               ro code  0x08039374      0x8  bsp_watchdog.o [1]
  .text               ro code  0x0803937c    0x24c  port.o [1]
  .text               ro code  0x080395c8     0x98  list.o [1]
  .text               ro code  0x08039660    0x280  heap_4.o [1]
  .text               ro code  0x080398e0    0x1e8  stm32f4xx_rcc.o [1]
  .text               ro code  0x08039ac8    0x9e4  bsp_uart_fifo.o [1]
  .text               ro code  0x0803a4ac    0x204  bsp_timer.o [1]
  .text               ro code  0x0803a6b0    0x124  bsp_spi.o [1]
  .text               ro code  0x0803a7d4    0xd96  xprintffull_nomb.o [3]
  .text               ro code  0x0803b56c    0x180  DblSub.o [4]
  .text               ro code  0x0803b6ec    0x31c  stm32f4xx_dma.o [1]
  .text               ro code  0x0803ba08     0x88  misc.o [1]
  .text               ro code  0x0803ba90    0x14c  usb_bsp.o [1]
  .text               ro code  0x0803bbdc     0xd6  usb_hcd.o [1]
  .text               ro code  0x0803bcb2    0x1ba  usbh_hcs.o [1]
  .text               ro code  0x0803be6c    0x436  usbh_stdreq.o [1]
  .text               ro code  0x0803c2a2    0x246  usbh_ioreq.o [1]
  .text               ro code  0x0803c4e8    0x2e4  diskio.o [1]
  .text               ro code  0x0803c7cc     0xf4  cc936.o [1]
  .text               ro code  0x0803c8c0     0xb8  mcheck.o [1]
  .text               ro code  0x0803c978     0x2c  strstr.o [3]
  .text               ro code  0x0803c9a4     0x44  strcpy_unaligned.o [5]
  .text               ro code  0x0803c9e8     0x24  sscanf.o [3]
  .text               ro code  0x0803ca0c     0x10  stm32f4xx_iwdg.o [1]
  CODE                ro code  0x0803ca1c     0xa8  portasm.o [1]
  .text               ro code  0x0803cac4    0x254  stm32f4xx_usart.o [1]
  .text               ro code  0x0803cd18     0x74  stm32f4xx_spi.o [1]
  .text               ro code  0x0803cd8c     0x16  strchr.o [5]
  .text               ro code  0x0803cda4     0x58  memchr.o [5]
  .text               ro code  0x0803cdfc     0xee  I64DivMod.o [5]
  .text               ro code  0x0803ceea     0x42  xdnorm.o [4]
  .text               ro code  0x0803cf2c     0x2e  DblCmpLe.o [4]
  .text               ro code  0x0803cf5c     0x2e  DblCmpGe.o [4]
  .text               ro code  0x0803cf8c    0x114  xdscale.o [4]
  .text               ro code  0x0803d0a0     0x6c  localeconv.o [3]
  .text               ro code  0x0803d10c      0xe  div.o [3]
  .text               ro code  0x0803d11c     0x74  bsp_dwt.o [1]
  .text               ro code  0x0803d190    0xa50  usb_core.o [1]
  .text               ro code  0x0803dbe0   0x1a58  bsp_sdio_sd.o [1]
  .text               ro code  0x0803f638    0x618  usbh_msc_scsi.o [1]
  .text               ro code  0x0803fc50    0x554  usbh_msc_bot.o [1]
  .text               ro code  0x080401a4    0xb64  xscanffull_nomb.o [3]
  .text               ro code  0x08040d08      0x2  I64DivZer.o [5]
  .text               ro code  0x08040d0c    0x17c  stm32f4xx_sdio.o [1]
  .text               ro code  0x08040e88     0x28  isxxx.o [3]
  .text               ro code  0x08040eb0     0xa4  xstoll.o [3]
  .text               ro code  0x08040f54    0x1b0  xstoull.o [3]
  .text               ro code  0x08041104    0x168  xstold.o [4]
  .text               ro code  0x0804126c     0x18  setlocale.o [3]
  .text               ro code  0x08041284     0x16  xlocale_c.o [3]
  .text               ro code  0x0804129a     0x14  xlocale_c.o [3]
  .text               ro code  0x080412b0      0xc  errno.o [3]
  .text               ro code  0x080412bc     0x14  tolower.o [3]
  .text               ro code  0x080412d0    0x124  xstopfx.o [3]
  .text               ro code  0x080413f4    0x1b8  xstoflt.o [3]
  .rodata             const    0x080415ac     0x2c  apptask.o [1]
  .text               ro code  0x080415d8    0x200  xdtento.o [4]
  .text               ro code  0x080417d8    0x218  xstoxflt.o [3]
  .text               ro code  0x080419f0      0x2  xtls.o [3]
  .text               ro code  0x080419f2      0xc  xlocale_c.o [3]
  .text               ro code  0x08041a00     0x20  DblCmpEq.o [4]
  .text               ro code  0x08041a20     0x52  xdunscal.o [4]
  .text               ro code  0x08041a74    0xc7e  usb_hcd_int.o [1]
  .rodata             const    0x080426f4    0x400  apptask.o [1]
  .text               ro code  0x08042af4    0x3e8  usbh_msc_core.o [1]
  .rodata             const    0x08042edc    0x3dc  cc936.o [1]
  .rodata             const    0x080432b8    0x3dc  cc936.o [1]
  .text               ro code  0x08043694    0x2e0  bsp_tim_pwm.o [1]
  .rodata             const    0x08043974    0x190  product_cal.o [1]
  .text               ro code  0x08043b04    0x154  system_stm32f4xx.o [1]
  .rodata             const    0x08043c58    0x100  mcheck.o [1]
  .rodata             const    0x08043d58    0x100  mcheck.o [1]
  .rodata             const    0x08043e58    0x100  mcheck.o [1]
  .text               ro code  0x08043f58     0xd4  bsp_closeSW.o [1]
  .text               ro code  0x0804402c     0x54  stm32f4xx_syscfg.o [1]
  .text               ro code  0x08044080     0xc0  stm32f4xx_exti.o [1]
  .text               ro code  0x08044140     0xd0  packbits_init.o [5]
  .text               ro code  0x08044210      0x6  abort.o [3]
  .text               ro code  0x08044218     0x14  exit.o [6]
  .text               ro code  0x0804422c     0x4c  bsp.o [1]
  .text               ro code  0x08044278     0x44  bsp_relay.o [1]
  .text               ro code  0x080442bc     0x40  zero_init3.o [5]
  .text               ro code  0x080442fc     0x3c  SysInfoTest.o [1]
  .rodata             const    0x08044338     0x38  demo_fatfs.o [1]
  .text               ro code  0x08044370     0x38  stm32f4xx_it.o [1]
  .rodata             const    0x080443a8     0x30  apptask.o [1]
  .rodata             const    0x080443d8     0x30  apptask.o [1]
  .rodata             const    0x08044408     0x30  demo_fatfs.o [1]
  .rodata             const    0x08044438     0x30  demo_fatfs.o [1]
  .rodata             const    0x08044468     0x2c  demo_fatfs.o [1]
  .rodata             const    0x08044494     0x2c  demo_fatfs.o [1]
  .rodata             const    0x080444c0     0x2c  stm32f4xx_it.o [1]
  .text               ro code  0x080444ec     0x2c  main.o [1]
  .rodata             const    0x08044518     0x28  demo_fatfs.o [1]
  .rodata             const    0x08044540     0x28  demo_fatfs.o [1]
  .rodata             const    0x08044568     0x28  demo_fatfs.o [1]
  .text               ro code  0x08044590     0x28  data_init.o [5]
  .rodata             const    0x080445b8     0x24  demo_fatfs.o [1]
  .rodata             const    0x080445dc     0x24  demo_fatfs.o [1]
  .rodata             const    0x08044600     0x24  usbh_usr.o [1]
  .text               ro code  0x08044624     0x22  fpinit_M.o [4]
  .iar.init_table     const    0x08044648     0x34  - Linker created -
  .rodata             const    0x0804467c     0x20  apptask.o [1]
  .rodata             const    0x0804469c     0x20  apptask.o [1]
  .rodata             const    0x080446bc     0x20  apptask.o [1]
  .rodata             const    0x080446dc     0x20  apptask.o [1]
  .rodata             const    0x080446fc     0x20  apptask.o [1]
  .rodata             const    0x0804471c     0x20  apptask.o [1]
  .rodata             const    0x0804473c     0x20  apptask.o [1]
  .rodata             const    0x0804475c     0x20  apptask.o [1]
  .rodata             const    0x0804477c     0x20  apptask.o [1]
  .rodata             const    0x0804479c     0x20  apptask.o [1]
  .rodata             const    0x080447bc     0x20  apptask.o [1]
  .rodata             const    0x080447dc     0x20  apptask.o [1]
  .rodata             const    0x080447fc     0x20  demo_fatfs.o [1]
  .rodata             const    0x0804481c     0x20  demo_fatfs.o [1]
  .rodata             const    0x0804483c     0x20  demo_fatfs.o [1]
  .rodata             const    0x0804485c     0x20  usbh_usr.o [1]
  .rodata             const    0x0804487c     0x20  usbh_usr.o [1]
  .rodata             const    0x0804489c     0x20  usbh_usr.o [1]
  .rodata             const    0x080448bc     0x20  usbh_usr.o [1]
  .rodata             const    0x080448dc     0x20  usbh_usr.o [1]
  .rodata             const    0x080448fc     0x1c  apptask.o [1]
  .rodata             const    0x08044918     0x1c  apptask.o [1]
  .rodata             const    0x08044934     0x1c  apptask.o [1]
  .rodata             const    0x08044950     0x1c  apptask.o [1]
  .rodata             const    0x0804496c     0x1c  apptask.o [1]
  .rodata             const    0x08044988     0x1c  apptask.o [1]
  .rodata             const    0x080449a4     0x1c  apptask.o [1]
  .rodata             const    0x080449c0     0x1c  demo_fatfs.o [1]
  .rodata             const    0x080449dc     0x1c  demo_fatfs.o [1]
  .rodata             const    0x080449f8     0x1c  usbh_usr.o [1]
  .rodata             const    0x08044a14     0x1c  usbh_usr.o [1]
  .rodata             const    0x08044a30     0x1c  usbh_usr.o [1]
  .rodata             const    0x08044a4c     0x1c  usbh_usr.o [1]
  .rodata             const    0x08044a68     0x1c  usbh_usr.o [1]
  .rodata             const    0x08044a84     0x1c  usbh_usr.o [1]
  .text               ro code  0x08044aa0     0x1a  cmain.o [5]
  .text               ro code  0x08044aba      0x4  exit.o [3]
  .text               ro code  0x08044ac0      0xa  cexit.o [5]
  .rodata             const    0x08044acc     0x18  apptask.o [1]
  .rodata             const    0x08044ae4     0x18  apptask.o [1]
  .rodata             const    0x08044afc     0x18  apptask.o [1]
  .rodata             const    0x08044b14     0x18  apptask.o [1]
  .rodata             const    0x08044b2c     0x18  apptask.o [1]
  .rodata             const    0x08044b44     0x18  apptask.o [1]
  .rodata             const    0x08044b5c     0x18  apptask.o [1]
  .rodata             const    0x08044b74     0x18  apptask.o [1]
  .rodata             const    0x08044b8c     0x18  apptask.o [1]
  .rodata             const    0x08044ba4     0x18  demo_fatfs.o [1]
  .rodata             const    0x08044bbc     0x18  demo_fatfs.o [1]
  .rodata             const    0x08044bd4     0x18  demo_fatfs.o [1]
  .rodata             const    0x08044bec     0x18  demo_fatfs.o [1]
  .rodata             const    0x08044c04     0x18  usbh_usr.o [1]
  .rodata             const    0x08044c1c     0x18  usbh_usr.o [1]
  .rodata             const    0x08044c34     0x18  usbh_usr.o [1]
  .rodata             const    0x08044c4c     0x18  usbh_usr.o [1]
  .rodata             const    0x08044c64     0x18  usbh_usr.o [1]
  .text               ro code  0x08044c7c     0x16  xprout.o [3]
  .text               ro code  0x08044c94      0xc  putchar.o [3]
  .rodata             const    0x08044ca0     0x14  apptask.o [1]
  .rodata             const    0x08044cb4     0x14  apptask.o [1]
  .rodata             const    0x08044cc8     0x14  apptask.o [1]
  .rodata             const    0x08044cdc     0x14  apptask.o [1]
  .rodata             const    0x08044cf0     0x14  apptask.o [1]
  .rodata             const    0x08044d04     0x14  apptask.o [1]
  .rodata             const    0x08044d18     0x14  apptask.o [1]
  .rodata             const    0x08044d2c     0x14  apptask.o [1]
  .rodata             const    0x08044d40     0x14  para.o [1]
  .rodata             const    0x08044d54     0x14  usbh_usr.o [1]
  .rodata             const    0x08044d68     0x14  usbh_usr.o [1]
  .rodata             const    0x08044d7c     0x10  apptask.o [1]
  .rodata             const    0x08044d8c     0x10  apptask.o [1]
  .rodata             const    0x08044d9c     0x10  apptask.o [1]
  .rodata             const    0x08044dac     0x10  apptask.o [1]
  .rodata             const    0x08044dbc     0x10  apptask.o [1]
  .rodata             const    0x08044dcc     0x10  apptask.o [1]
  .rodata             const    0x08044ddc     0x10  apptask.o [1]
  .rodata             const    0x08044dec     0x10  apptask.o [1]
  .rodata             const    0x08044dfc     0x10  apptask.o [1]
  .rodata             const    0x08044e0c     0x10  apptask.o [1]
  .rodata             const    0x08044e1c     0x10  apptask.o [1]
  .rodata             const    0x08044e2c     0x10  apptask.o [1]
  .rodata             const    0x08044e3c     0x10  apptask.o [1]
  .rodata             const    0x08044e4c     0x10  apptask.o [1]
  .rodata             const    0x08044e5c     0x10  apptask.o [1]
  .rodata             const    0x08044e6c     0x10  apptask.o [1]
  .rodata             const    0x08044e7c     0x10  apptask.o [1]
  .rodata             const    0x08044e8c     0x10  apptask.o [1]
  .rodata             const    0x08044e9c     0x10  apptask.o [1]
  .rodata             const    0x08044eac     0x10  apptask.o [1]
  .rodata             const    0x08044ebc     0x10  apptask.o [1]
  .rodata             const    0x08044ecc     0x10  bsp_sdwe050c17.o [1]
  .rodata             const    0x08044edc     0x10  ff.o [1]
  .rodata             const    0x08044eec     0x10  main.o [1]
  .rodata             const    0x08044efc     0x10  main.o [1]
  .rodata             const    0x08044f0c     0x10  para.o [1]
  .rodata             const    0x08044f1c     0x10  para.o [1]
  .rodata             const    0x08044f2c     0x10  usbh_usr.o [1]
  .rodata             const    0x08044f3c     0x10  usbh_usr.o [1]
  .text               ro code  0x08044f4c     0x10  startup_stm32f40_41xxx.o [1]
  .text               ro code  0x08044f5c     0x10  usbh_it.o [1]
  .rodata             const    0x08044f6c      0xc  apptask.o [1]
  .rodata             const    0x08044f78      0xc  apptask.o [1]
  .rodata             const    0x08044f84      0xc  apptask.o [1]
  .rodata             const    0x08044f90      0xc  apptask.o [1]
  .rodata             const    0x08044f9c      0xc  apptask.o [1]
  .rodata             const    0x08044fa8      0xc  apptask.o [1]
  .rodata             const    0x08044fb4      0xc  apptask.o [1]
  .rodata             const    0x08044fc0      0xc  apptask.o [1]
  .rodata             const    0x08044fcc      0xc  apptask.o [1]
  .rodata             const    0x08044fd8      0xc  apptask.o [1]
  .rodata             const    0x08044fe4      0xc  apptask.o [1]
  .rodata             const    0x08044ff0      0xc  apptask.o [1]
  .rodata             const    0x08044ffc      0xc  apptask.o [1]
  .rodata             const    0x08045008      0xc  apptask.o [1]
  .rodata             const    0x08045014      0xc  apptask.o [1]
  .rodata             const    0x08045020      0xc  apptask.o [1]
  .rodata             const    0x0804502c      0xc  apptask.o [1]
  .rodata             const    0x08045038      0xc  apptask.o [1]
  .rodata             const    0x08045044      0xc  apptask.o [1]
  .rodata             const    0x08045050      0xc  apptask.o [1]
  .rodata             const    0x0804505c      0xc  apptask.o [1]
  .rodata             const    0x08045068      0xc  apptask.o [1]
  .rodata             const    0x08045074      0xc  apptask.o [1]
  .rodata             const    0x08045080      0xc  apptask.o [1]
  .rodata             const    0x0804508c      0xc  apptask.o [1]
  .rodata             const    0x08045098      0xc  apptask.o [1]
  .rodata             const    0x080450a4      0xc  apptask.o [1]
  .rodata             const    0x080450b0      0xc  apptask.o [1]
  .rodata             const    0x080450bc      0xc  apptask.o [1]
  .rodata             const    0x080450c8      0xc  apptask.o [1]
  .rodata             const    0x080450d4      0xc  apptask.o [1]
  .rodata             const    0x080450e0      0xc  bsp_sdwe050c17.o [1]
  .rodata             const    0x080450ec      0xc  demo_fatfs.o [1]
  .rodata             const    0x080450f8      0xc  ff.o [1]
  .rodata             const    0x08045104      0xc  para.o [1]
  .rodata             const    0x08045110      0xc  para.o [1]
  .rodata             const    0x0804511c      0xc  para.o [1]
  .rodata             const    0x08045128      0xc  para.o [1]
  .rodata             const    0x08045134      0xc  para.o [1]
  .text               ro code  0x08045140      0xc  cstartup_M.o [5]
  .rodata             const    0x0804514c      0x8  apptask.o [1]
  .rodata             const    0x08045154      0x8  apptask.o [1]
  .rodata             const    0x0804515c      0x8  apptask.o [1]
  .rodata             const    0x08045164      0x8  apptask.o [1]
  .rodata             const    0x0804516c      0x8  apptask.o [1]
  .rodata             const    0x08045174      0x8  apptask.o [1]
  .rodata             const    0x0804517c      0x8  apptask.o [1]
  .rodata             const    0x08045184      0x8  apptask.o [1]
  .rodata             const    0x0804518c      0x8  apptask.o [1]
  .rodata             const    0x08045194      0x8  apptask.o [1]
  .rodata             const    0x0804519c      0x8  apptask.o [1]
  .rodata             const    0x080451a4      0x8  apptask.o [1]
  .rodata             const    0x080451ac      0x8  apptask.o [1]
  .rodata             const    0x080451b4      0x8  apptask.o [1]
  .rodata             const    0x080451bc      0x8  bsp_sdwe050c17.o [1]
  .rodata             const    0x080451c4      0x8  bsp_w25qxx.o [1]
  .rodata             const    0x080451cc      0x8  ff.o [1]
  .rodata             const    0x080451d4      0x8  malloc.o [1]
  .rodata             const    0x080451dc      0x8  malloc.o [1]
  .rodata             const    0x080451e4      0x8  malloc.o [1]
  .rodata             const    0x080451ec      0x8  para.o [1]
  .rodata             const    0x080451f4      0x8  para.o [1]
  .rodata             const    0x080451fc      0x8  para.o [1]
  .rodata             const    0x08045204      0x8  para.o [1]
  .rodata             const    0x0804520c      0x8  para.o [1]
  .rodata             const    0x08045214      0x8  para.o [1]
  .rodata             const    0x0804521c      0x8  para.o [1]
  .rodata             const    0x08045224      0x8  para.o [1]
  .rodata             const    0x0804522c      0x8  para.o [1]
  .rodata             const    0x08045234      0x8  para.o [1]
  .rodata             const    0x0804523c      0x8  para.o [1]
  .rodata             const    0x08045244      0x8  para.o [1]
  .rodata             const    0x0804524c      0x8  para.o [1]
  .rodata             const    0x08045254      0x8  para.o [1]
  .rodata             const    0x0804525c      0x8  para.o [1]
  .rodata             const    0x08045264      0x8  para.o [1]
  .rodata             const    0x0804526c      0x8  para.o [1]
  .rodata             const    0x08045274      0x8  para.o [1]
  .rodata             const    0x0804527c      0x8  para.o [1]
  .rodata             const    0x08045284      0x8  para.o [1]
  .rodata             const    0x0804528c      0x8  para.o [1]
  .rodata             const    0x08045294      0x8  tasks.o [1]
  .rodata             const    0x0804529c      0x8  timers.o [1]
  .rodata             const    0x080452a4      0x4  heap_4.o [1]
  .rodata             const    0x080452a8      0x4  port.o [1]
  .text               ro code  0x080452ac      0x4  startup_stm32f40_41xxx.o [1]
  .text               ro code  0x080452b0      0x4  startup_stm32f40_41xxx.o [1]
  .text               ro code  0x080452b4      0x4  startup_stm32f40_41xxx.o [1]
  .text               ro code  0x080452b8      0x4  startup_stm32f40_41xxx.o [1]
  .text               ro code  0x080452bc      0x4  startup_stm32f40_41xxx.o [1]
  .text               ro code  0x080452c0      0x4  startup_stm32f40_41xxx.o [1]
  .text               ro code  0x080452c4      0x4  startup_stm32f40_41xxx.o [1]
  .text               ro code  0x080452c8      0x4  startup_stm32f40_41xxx.o [1]
  .text               ro code  0x080452cc      0x4  startup_stm32f40_41xxx.o [1]
  .text               ro code  0x080452d0      0x4  startup_stm32f40_41xxx.o [1]
  .text               ro code  0x080452d4      0x4  startup_stm32f40_41xxx.o [1]
  .text               ro code  0x080452d8      0x4  startup_stm32f40_41xxx.o [1]
  .text               ro code  0x080452dc      0x4  startup_stm32f40_41xxx.o [1]
  .text               ro code  0x080452e0      0x4  startup_stm32f40_41xxx.o [1]
  .text               ro code  0x080452e4      0x4  startup_stm32f40_41xxx.o [1]
  .text               ro code  0x080452e8      0x4  startup_stm32f40_41xxx.o [1]
  .text               ro code  0x080452ec      0x4  startup_stm32f40_41xxx.o [1]
  .text               ro code  0x080452f0      0x4  startup_stm32f40_41xxx.o [1]
  .text               ro code  0x080452f4      0x4  startup_stm32f40_41xxx.o [1]
  .text               ro code  0x080452f8      0x4  startup_stm32f40_41xxx.o [1]
  .text               ro code  0x080452fc      0x4  startup_stm32f40_41xxx.o [1]
  .text               ro code  0x08045300      0x4  startup_stm32f40_41xxx.o [1]
  .text               ro code  0x08045304      0x4  startup_stm32f40_41xxx.o [1]
  .text               ro code  0x08045308      0x4  startup_stm32f40_41xxx.o [1]
  .text               ro code  0x0804530c      0x4  startup_stm32f40_41xxx.o [1]
  .text               ro code  0x08045310      0x4  startup_stm32f40_41xxx.o [1]
  .text               ro code  0x08045314      0x4  startup_stm32f40_41xxx.o [1]
  .text               ro code  0x08045318      0x4  startup_stm32f40_41xxx.o [1]
  .text               ro code  0x0804531c      0x4  startup_stm32f40_41xxx.o [1]
  .text               ro code  0x08045320      0x4  startup_stm32f40_41xxx.o [1]
  .text               ro code  0x08045324      0x4  startup_stm32f40_41xxx.o [1]
  .text               ro code  0x08045328      0x4  startup_stm32f40_41xxx.o [1]
  .text               ro code  0x0804532c      0x4  startup_stm32f40_41xxx.o [1]
  .text               ro code  0x08045330      0x4  startup_stm32f40_41xxx.o [1]
  .text               ro code  0x08045334      0x4  startup_stm32f40_41xxx.o [1]
  .text               ro code  0x08045338      0x4  startup_stm32f40_41xxx.o [1]
  .text               ro code  0x0804533c      0x4  startup_stm32f40_41xxx.o [1]
  .text               ro code  0x08045340      0x4  startup_stm32f40_41xxx.o [1]
  .text               ro code  0x08045344      0x4  startup_stm32f40_41xxx.o [1]
  .text               ro code  0x08045348      0x4  startup_stm32f40_41xxx.o [1]
  .text               ro code  0x0804534c      0x4  startup_stm32f40_41xxx.o [1]
  .text               ro code  0x08045350      0x4  startup_stm32f40_41xxx.o [1]
  .text               ro code  0x08045354      0x4  startup_stm32f40_41xxx.o [1]
  .text               ro code  0x08045358      0x4  startup_stm32f40_41xxx.o [1]
  .text               ro code  0x0804535c      0x4  startup_stm32f40_41xxx.o [1]
  .text               ro code  0x08045360      0x4  startup_stm32f40_41xxx.o [1]
  .text               ro code  0x08045364      0x4  startup_stm32f40_41xxx.o [1]
  .text               ro code  0x08045368      0x4  startup_stm32f40_41xxx.o [1]
  .text               ro code  0x0804536c      0x4  startup_stm32f40_41xxx.o [1]
  .text               ro code  0x08045370      0x4  startup_stm32f40_41xxx.o [1]
  .text               ro code  0x08045374      0x4  startup_stm32f40_41xxx.o [1]
  .text               ro code  0x08045378      0x4  startup_stm32f40_41xxx.o [1]
  .text               ro code  0x0804537c      0x4  startup_stm32f40_41xxx.o [1]
  .text               ro code  0x08045380      0x4  startup_stm32f40_41xxx.o [1]
  .text               ro code  0x08045384      0x4  startup_stm32f40_41xxx.o [1]
  .text               ro code  0x08045388      0x4  startup_stm32f40_41xxx.o [1]
  .text               ro code  0x0804538c      0x4  startup_stm32f40_41xxx.o [1]
  .text               ro code  0x08045390      0x4  startup_stm32f40_41xxx.o [1]
  .text               ro code  0x08045394      0x4  startup_stm32f40_41xxx.o [1]
  .text               ro code  0x08045398      0x4  startup_stm32f40_41xxx.o [1]
  .text               ro code  0x0804539c      0x4  startup_stm32f40_41xxx.o [1]
  .text               ro code  0x080453a0      0x4  startup_stm32f40_41xxx.o [1]
  .text               ro code  0x080453a4      0x4  startup_stm32f40_41xxx.o [1]
  .text               ro code  0x080453a8      0x4  startup_stm32f40_41xxx.o [1]
  .text               ro code  0x080453ac      0x4  startup_stm32f40_41xxx.o [1]
  .text               ro code  0x080453b0      0x4  startup_stm32f40_41xxx.o [1]
  .text               ro code  0x080453b4      0x4  startup_stm32f40_41xxx.o [1]
  .rodata             const    0x080453b8      0x0  zero_init3.o [5]
  .rodata             const    0x080453b8      0x0  packbits_init.o [5]
  Initializer bytes   const    0x080453b8    0x123  <for P2 s0>
                             - 0x080454db  0x45353

"P2":                                      0x1f868
  P2 s0                        0x20000000    0x244  <Init block>
    __DLIB_PERTHREAD  inited   0x20000000     0x88  localeconv.o [3]
    __DLIB_PERTHREAD  inited   0x20000088     0x74  setlocale.o [3]
    .data             inited   0x200000fc     0x50  demo_fatfs.o [1]
    .data             inited   0x2000014c     0x48  usbh_usr.o [1]
    .data             inited   0x20000194     0x40  xfiles.o [3]
    .data             inited   0x200001d4     0x1c  malloc.o [1]
    .data             inited   0x200001f0     0x14  bsp_servomotor.o [1]
    .data             inited   0x20000204     0x10  stm32f4xx_rcc.o [1]
    .data             inited   0x20000214     0x10  usbh_msc_core.o [1]
    .data             inited   0x20000224      0xc  usbh_core.o [1]
    .data             inited   0x20000230      0x4  port.o [1]
    .data             inited   0x20000234      0x4  system_stm32f4xx.o [1]
    .data             inited   0x20000238      0x4  usbh_core.o [1]
    __DLIB_PERTHREAD  inited   0x2000023c      0x4  errno.o [3]
    .data             inited   0x20000240      0x2  bsp_w25qxx.o [1]
    .data             inited   0x20000242      0x1  page_weimi.o [1]
    .data             inited   0x20000243      0x1  usbh_msc_scsi.o [1]
  .bss                zero     0x20000244  0x11800  heap_4.o [1]
  .bss                zero     0x20011a44   0xa000  malloc.o [1]
  .bss                zero     0x2001ba44   0x1000  bsp_w25qxx.o [1]
  .bss                zero     0x2001ca44    0xa00  malloc.o [1]
  .bss                zero     0x2001d444    0x5ac  usbh_usr.o [1]
  .bss                zero     0x2001d9f0    0x5ac  usbh_usr.o [1]
  .bss                zero     0x2001df9c    0x200  ff.o [1]
  .bss                zero     0x2001e19c    0x200  usbh_msc_scsi.o [1]
  .bss                zero     0x2001e39c    0x200  usbh_stdreq.o [1]
  .bss                zero     0x2001e59c    0x118  page_weimi.o [1]
  .bss                zero     0x2001e6b4     0xf0  tasks.o [1]
  .bss                zero     0x2001e7a4     0xd4  protocol.o [1]
  .bss                zero     0x2001e878     0xa4  protocol.o [1]
  .bss                zero     0x2001e91c     0x98  para.o [1]
  .bss                zero     0x2001e9b4     0x94  usbh_usr.o [1]
  .bss                zero     0x2001ea48     0x64  bsp_uart_fifo.o [1]
  .bss                zero     0x2001eaac     0x64  bsp_uart_fifo.o [1]
  .bss                zero     0x2001eb10     0x4c  usbh_msc_core.o [1]
  .bss                zero     0x2001eb60     0x58  bsp_sdio_sd.o [1]
  .bss                zero     0x2001ebb8     0x58  protocol.o [1]
  .bss                zero     0x2001ec10     0x50  xfiles.o [3]
  .bss                zero     0x2001ec60     0x34  bsp_sdwe050c17.o [1]
  .bss                zero     0x2001ec94     0x34  product_cal.o [1]
  .bss                zero     0x2001ecc8     0x28  bsp_uart_fifo.o [1]
  .bss                zero     0x2001ecf0     0x28  encoder.o [1]
  .bss                zero     0x2001ed18     0x28  product_cal.o [1]
  .bss                zero     0x2001ed40     0x24  ff.o [1]
  .bss                zero     0x2001ed64     0x20  usbh_msc_bot.o [1]
  .bss                zero     0x2001ed84     0x18  bsp_sdio_sd.o [1]
  .bss                zero     0x2001ed9c     0x18  bsp_sdio_sd.o [1]
  .bss                zero     0x2001edb4     0x14  bsp_sdio_sd.o [1]
  .bss                zero     0x2001edc8     0x14  page_weimi.o [1]
  .bss                zero     0x2001eddc     0x14  rc522.o [1]
  .bss                zero     0x2001edf0     0x14  tasks.o [1]
  .bss                zero     0x2001ee04     0x14  tasks.o [1]
  .bss                zero     0x2001ee18     0x14  tasks.o [1]
  .bss                zero     0x2001ee2c     0x14  tasks.o [1]
  .bss                zero     0x2001ee40     0x14  tasks.o [1]
  .bss                zero     0x2001ee54     0x14  timers.o [1]
  .bss                zero     0x2001ee68     0x14  timers.o [1]
  .bss                zero     0x2001ee7c     0x10  bsp_sdio_sd.o [1]
  .bss                zero     0x2001ee8c     0x10  bsp_sdio_sd.o [1]
  .bss                zero     0x2001ee9c     0x10  usbh_msc_bot.o [1]
  .bss                zero     0x2001eeac     0x10  usbh_msc_bot.o [1]
  .bss                zero     0x2001eebc     0x10  usbh_msc_scsi.o [1]
  .bss                zero     0x2001eecc      0xc  apptask.o [1]
  .bss                zero     0x2001eed8      0xc  apptask.o [1]
  .bss                zero     0x2001eee4      0xc  ff.o [1]
  .bss                zero     0x2001eef0      0xc  protocol.o [1]
  .bss                zero     0x2001eefc      0xc  protocol.o [1]
  .bss                zero     0x2001ef08      0xc  protocol.o [1]
  .bss                zero     0x2001ef14      0x8  heap_4.o [1]
  .bss                zero     0x2001ef1c      0x8  modbus.o [1]
  .bss                zero     0x2001ef24      0x8  protocol.o [1]
  .bss                zero     0x2001ef2c      0x4  apptask.o [1]
  .bss                zero     0x2001ef30      0x4  apptask.o [1]
  .bss                zero     0x2001ef34      0x4  apptask.o [1]
  .bss                zero     0x2001ef38      0x4  apptask.o [1]
  .bss                zero     0x2001ef3c      0x4  apptask.o [1]
  .bss                zero     0x2001ef40      0x4  apptask.o [1]
  .bss                zero     0x2001ef44      0x4  apptask.o [1]
  .bss                zero     0x2001ef48      0x4  apptask.o [1]
  .bss                zero     0x2001ef4c      0x4  apptask.o [1]
  .bss                zero     0x2001ef50      0x4  apptask.o [1]
  .bss                zero     0x2001ef54      0x4  apptask.o [1]
  .bss                zero     0x2001ef58      0x4  apptask.o [1]
  .bss                zero     0x2001ef5c      0x4  apptask.o [1]
  .bss                zero     0x2001ef60      0x4  apptask.o [1]
  .bss                zero     0x2001ef64      0x4  apptask.o [1]
  .bss                zero     0x2001ef68      0x4  apptask.o [1]
  .bss                zero     0x2001ef6c      0x4  apptask.o [1]
  .bss                zero     0x2001ef70      0x4  apptask.o [1]
  .bss                zero     0x2001ef74      0x4  apptask.o [1]
  .bss                zero     0x2001ef78      0x4  apptask.o [1]
  .bss                zero     0x2001ef7c      0x4  bsp_sdio_sd.o [1]
  .bss                zero     0x2001ef80      0x4  bsp_sdio_sd.o [1]
  .bss                zero     0x2001ef84      0x4  bsp_sdio_sd.o [1]
  .bss                zero     0x2001ef88      0x4  bsp_sdio_sd.o [1]
  .bss                zero     0x2001ef8c      0x4  bsp_sdio_sd.o [1]
  .bss                zero     0x2001ef90      0x4  bsp_timer.o [1]
  .bss                zero     0x2001ef94      0x4  bsp_timer.o [1]
  .bss                zero     0x2001ef98      0x4  bsp_timer.o [1]
  .bss                zero     0x2001ef9c      0x4  bsp_timer.o [1]
  .bss                zero     0x2001efa0      0x4  encoder.o [1]
  .bss                zero     0x2001efa4      0x4  encoder.o [1]
  .bss                zero     0x2001efa8      0x4  heap_4.o [1]
  .bss                zero     0x2001efac      0x4  heap_4.o [1]
  .bss                zero     0x2001efb0      0x4  heap_4.o [1]
  .bss                zero     0x2001efb4      0x4  heap_4.o [1]
  .bss                zero     0x2001efb8      0x4  port.o [1]
  .bss                zero     0x2001efbc      0x4  product_cal.o [1]
  .bss                zero     0x2001efc0      0x4  product_cal.o [1]
  .bss                zero     0x2001efc4      0x4  SysInfoTest.o [1]
  .bss                zero     0x2001efc8      0x4  tasks.o [1]
  .bss                zero     0x2001efcc      0x4  tasks.o [1]
  .bss                zero     0x2001efd0      0x4  tasks.o [1]
  .bss                zero     0x2001efd4      0x4  tasks.o [1]
  .bss                zero     0x2001efd8      0x4  tasks.o [1]
  .bss                zero     0x2001efdc      0x4  tasks.o [1]
  .bss                zero     0x2001efe0      0x4  tasks.o [1]
  .bss                zero     0x2001efe4      0x4  tasks.o [1]
  .bss                zero     0x2001efe8      0x4  tasks.o [1]
  .bss                zero     0x2001efec      0x4  tasks.o [1]
  .bss                zero     0x2001eff0      0x4  tasks.o [1]
  .bss                zero     0x2001eff4      0x4  tasks.o [1]
  .bss                zero     0x2001eff8      0x4  tasks.o [1]
  .bss                zero     0x2001effc      0x4  tasks.o [1]
  .bss                zero     0x2001f000      0x4  tasks.o [1]
  .bss                zero     0x2001f004      0x4  tasks.o [1]
  .bss                zero     0x2001f008      0x4  timers.o [1]
  .bss                zero     0x2001f00c      0x4  timers.o [1]
  .bss                zero     0x2001f010      0x4  timers.o [1]
  .bss                zero     0x2001f014      0x4  timers.o [1]
  .bss                zero     0x2001f018      0x4  usbh_msc_bot.o [1]
  .bss                zero     0x2001f01c      0x4  usbh_msc_bot.o [1]
  .bss                zero     0x2001f020      0x4  usbh_msc_bot.o [1]
  .bss                zero     0x2001f024      0x4  usbh_msc_bot.o [1]
  .bss                zero     0x2001f028      0x2  apptask.o [1]
  .bss                zero     0x2001f02a      0x2  apptask.o [1]
  .bss                zero     0x2001f02c      0x2  apptask.o [1]
  .bss                zero     0x2001f02e      0x2  apptask.o [1]
  .bss                zero     0x2001f030      0x2  bsp_sdwe050c17.o [1]
  .bss                zero     0x2001f032      0x2  encoder.o [1]
  .bss                zero     0x2001f034      0x2  encoder.o [1]
  .bss                zero     0x2001f036      0x2  encoder.o [1]
  .bss                zero     0x2001f038      0x2  encoder.o [1]
  .bss                zero     0x2001f03a      0x2  ff.o [1]
  .bss                zero     0x2001f03c      0x2  page_weimi.o [1]
  .bss                zero     0x2001f03e      0x2  product_cal.o [1]
  .bss                zero     0x2001f040      0x2  usbh_core.o [1]
  .bss                zero     0x2001f042      0x2  usbh_stdreq.o [1]
  .bss                zero     0x2001f044      0x1  apptask.o [1]
  .bss                zero     0x2001f045      0x1  apptask.o [1]
  .bss                zero     0x2001f046      0x1  apptask.o [1]
  .bss                zero     0x2001f047      0x1  apptask.o [1]
  .bss                zero     0x2001f048      0x1  apptask.o [1]
  .bss                zero     0x2001f049      0x1  apptask.o [1]
  .bss                zero     0x2001f04a      0x1  apptask.o [1]
  .bss                zero     0x2001f04b      0x1  apptask.o [1]
  .bss                zero     0x2001f04c      0x1  apptask.o [1]
  .bss                zero     0x2001f04d      0x1  apptask.o [1]
  .bss                zero     0x2001f04e      0x1  apptask.o [1]
  .bss                zero     0x2001f04f      0x1  bsp_sdio_sd.o [1]
  .bss                zero     0x2001f050      0x1  bsp_sdwe050c17.o [1]
  .bss                zero     0x2001f051      0x1  bsp_uart_fifo.o [1]
  .bss                zero     0x2001f052      0x1  encoder.o [1]
  .bss                zero     0x2001f053      0x1  encoder.o [1]
  .bss                zero     0x2001f054      0x1  encoder.o [1]
  .bss                zero     0x2001f055      0x1  page_weimi.o [1]
  .bss                zero     0x2001f056      0x1  page_weimi.o [1]
  .bss                zero     0x2001f057      0x1  page_weimi.o [1]
  .bss                zero     0x2001f058      0x1  page_weimi.o [1]
  .bss                zero     0x2001f059      0x1  port.o [1]
  .bss                zero     0x2001f05a      0x1  product_cal.o [1]
  .bss                zero     0x2001f05b      0x1  product_cal.o [1]
  .bss                zero     0x2001f05c      0x1  product_cal.o [1]
  .bss                zero     0x2001f05d      0x1  protocol.o [1]
  .bss                zero     0x2001f05e      0x1  rc522.o [1]
  .bss                zero     0x2001f05f      0x1  rc522.o [1]
  .bss                zero     0x2001f060      0x1  usbh_msc_bot.o [1]
  .bss                zero     0x2001f061      0x1  usbh_msc_core.o [1]
  .bss                zero     0x2001f062      0x1  usbh_msc_core.o [1]
  .bss                zero     0x2001f063      0x1  usbh_stdreq.o [1]
  .bss                zero     0x2001f064      0x1  usbh_usr.o [1]
  CSTACK                       0x2001f068    0x800  <Block>
    CSTACK            uninit   0x2001f068    0x800  <Block tail>
                             - 0x2001f868  0x1f868

Absolute sections:                         0xff000
  .bss                zero     0x68000000  0xf0000  malloc.o [1]
  .bss                zero     0x680f0000   0xf000  malloc.o [1]
                             - 0x680ff000  0xff000


*******************************************************************************
*** INIT TABLE
***

          Address     Size
          -------     ----
Zero (__iar_zero_init3)
    2 destination ranges, total size 0x11de21:
          0x20000244  0x1ee21
          0x68000000  0xff000

Copy/packbits (__iar_packbits_init3)
    1 source range, total size 0x123 (50% of destination):
          0x080453b8    0x123
    1 destination range, total size 0x244:
          0x20000000    0x244



*******************************************************************************
*** MODULE SUMMARY
***

    Module                    ro code  ro data  rw data    rw data
                                                            (abs)
    ------                    -------  -------  -------    -------
F:\work\YarnControl_Driver\src\stm32f4_rtos\Project\EWARMv7\Flash\Obj: [1]
    SysInfoTest.o                  60                 4
    apptask.o                  19 644    2 940      123
    bsp.o                          76
    bsp_closeSW.o                 212
    bsp_dwt.o                     116
    bsp_led.o                     192
    bsp_relay.o                    68
    bsp_sdio_sd.o               6 744               209
    bsp_sdwe050c17.o            5 406       36       55
    bsp_servomotor.o            1 164       10       20
    bsp_spi.o                     292
    bsp_stepmotor.o               620
    bsp_sw_onoff.o                104
    bsp_tim_pwm.o                 736
    bsp_timer.o                   516                16
    bsp_uart_fifo.o             2 532               241
    bsp_w25qxx.o                  896        9    4 098
    bsp_watchdog.o                  8
    cc936.o                       244  176 320
    demo_fatfs.o                           732       80
    diskio.o                      740
    encoder.o                     884                59
    event_groups.o                610
    ff.o                        9 368       36      562
    heap_4.o                      640        4   71 704
    list.o                        152
    main.o                         44       32
    malloc.o                      540       38   43 548  1 044 480
    mcheck.o                      184      768
    misc.o                        136
    modbus.o                      852                 8
    page_weimi.o                  596        1      307
    para.o                      4 438      280      152
    port.o                        588        6        9
    portasm.o                     168
    product_cal.o               1 316      400      105
    protocol.o                     68               509
    queue.o                     1 992
    rc522.o                       174                22
    startup_stm32f40_41xxx.o      676
    stm32f4xx_dma.o               796
    stm32f4xx_exti.o              192
    stm32f4xx_gpio.o              300
    stm32f4xx_it.o                 56       44
    stm32f4xx_iwdg.o               16
    stm32f4xx_rcc.o               488        8       16
    stm32f4xx_sdio.o              380
    stm32f4xx_spi.o               116
    stm32f4xx_syscfg.o             84
    stm32f4xx_tim.o             1 648
    stm32f4xx_usart.o             596
    system_stm32f4xx.o            340        2        4
    tasks.o                     3 072        8      404
    timers.o                    1 188        8       56
    usb_bsp.o                     332
    usb_core.o                  2 640
    usb_hcd.o                     214
    usb_hcd_int.o               3 198
    usbh_core.o                 1 888        8       18
    usbh_hcs.o                    442
    usbh_ioreq.o                  582
    usbh_it.o                      16
    usbh_msc_bot.o              1 364                81
    usbh_msc_core.o             1 000        8       94
    usbh_msc_scsi.o             1 560               529
    usbh_stdreq.o               1 078               515
    usbh_usr.o                    438      592    3 125
    --------------------------------------------------------------
    Total:                     87 820  182 290  126 673  1 044 480

command line: [2]
    --------------------------------------------------------------
    Total:

dl7M_tlf.a: [3]
    abort.o                         6
    div.o                          14
    errno.o                        12        2        4
    exit.o                          4
    isxxx.o                        40
    localeconv.o                  108       68      136
    printf.o                       36
    putchar.o                      12
    setlocale.o                    24       58      116
    sprintf.o                      52
    sscanf.o                       36
    strcat.o                       28
    strstr.o                       44
    tolower.o                      20
    xfiles.o                                32      144
    xlocale_c.o                    54
    xprintffull_nomb.o          3 478
    xprout.o                       22
    xscanffull_nomb.o           2 916
    xsprout.o                      10
    xsscin.o                       30
    xstoflt.o                     440
    xstoll.o                      164
    xstopfx.o                     292
    xstoull.o                     432
    xstoxflt.o                    536
    xtls.o                          2
    --------------------------------------------------------------
    Total:                      8 812      160      400

m7M_tls.a: [4]
    DblAdd.o                      232
    DblCmpEq.o                     32
    DblCmpGe.o                     46
    DblCmpLe.o                     46
    DblDiv.o                      598
    DblMul.o                      418
    DblSub.o                      384
    DblToFlt.o                    144
    DblToI32.o                     88
    FltToDbl.o                     78
    I32ToDbl.o                     48
    fpinit_M.o                     34
    xdnorm.o                       66
    xdscale.o                     276
    xdtento.o                     512
    xdunscal.o                     82
    xstold.o                      360
    --------------------------------------------------------------
    Total:                      3 444

rt7M_tl.a: [5]
    ABImemcpy_unaligned.o         118
    ABImemset.o                   102
    I64DivMod.o                   238
    I64DivZer.o                     2
    cexit.o                        10
    cmain.o                        26
    cstartup_M.o                   12
    data_init.o                    40
    memchr.o                       88
    memcmp_unaligned.o             98
    packbits_init.o               208
    strchr.o                       22
    strcmp_unaligned.o             66
    strcpy_unaligned.o             68
    strlen.o                       54
    zero_init3.o                   64
    --------------------------------------------------------------
    Total:                      1 216

shb_l.a: [6]
    exit.o                         20
    --------------------------------------------------------------
    Total:                         20

    Gaps                           46        6        4
    Linker created                          53    2 048
------------------------------------------------------------------
    Grand Total:              101 358  182 509  129 125  1 044 480


*******************************************************************************
*** ENTRY LIST
***

Entry                      Address     Size  Type      Object
-----                      -------     ----  ----      ------
.iar.init_table$$Base   0x08044648            --   Gb  - Linker created -
.iar.init_table$$Limit  0x0804467c            --   Gb  - Linker created -
?main                   0x08044aa1           Code  Gb  cmain.o [5]
APBAHBPrescTable        0x20000204     0x10  Data  Lc  stm32f4xx_rcc.o [1]
AppObjCreate            0x0802f1b9    0x184  Code  Gb  apptask.o [1]
AppTaskCreate           0x0802f02d    0x16c  Code  Gb  apptask.o [1]
BOTStallErrorCount      0x2001f018      0x4  Data  Lc  usbh_msc_bot.o [1]
BusFault_Handler        0x080443a3      0x2  Code  Gb  stm32f4xx_it.o [1]
CID_Tab                 0x2001ee8c     0x10  Data  Lc  bsp_sdio_sd.o [1]
CRC16HiTable            0x08043c58    0x100  Data  Gb  mcheck.o [1]
CRC16LoTable            0x08043d58    0x100  Data  Gb  mcheck.o [1]
CRC8Table               0x08043e58    0x100  Data  Gb  mcheck.o [1]
CSD_Tab                 0x2001ee7c     0x10  Data  Lc  bsp_sdio_sd.o [1]
CSTACK$$Base            0x2001f068            --   Gb  - Linker created -
CSTACK$$Limit           0x2001f868            --   Gb  - Linker created -
CardType                0x2001ef7c      0x4  Data  Lc  bsp_sdio_sd.o [1]
CmdError                0x0803ed49     0x38  Code  Lc  bsp_sdio_sd.o [1]
CmdResp1Error           0x0803eded    0x112  Code  Lc  bsp_sdio_sd.o [1]
CmdResp2Error           0x0803ef3d     0x52  Code  Lc  bsp_sdio_sd.o [1]
CmdResp3Error           0x0803eeff     0x3e  Code  Lc  bsp_sdio_sd.o [1]
CmdResp6Error           0x0803ef8f     0xa6  Code  Lc  bsp_sdio_sd.o [1]
CmdResp7Error           0x0803ed81     0x58  Code  Lc  bsp_sdio_sd.o [1]
ConfigExitNVIC          0x08043fc3     0x22  Code  Gb  bsp_closeSW.o [1]
ConfigUartNVIC          0x08039efb     0x7c  Code  Lc  bsp_uart_fifo.o [1]
DIFF_G_init             0x08033401     0x78  Code  Gb  bsp_servomotor.o [1]
DMA1_Stream0_IRQHandler
                        0x08033775     0x1c  Code  Gb  bsp_servomotor.o [1]
DMA1_Stream3_IRQHandler
                        0x08033791     0x1c  Code  Gb  bsp_servomotor.o [1]
DMA2_Stream3_IRQHandler
                        0x0803f631      0x8  Code  Gb  bsp_sdio_sd.o [1]
DMAEndOfTransfer        0x2001ef8c      0x4  Data  Gb  bsp_sdio_sd.o [1]
DMA_ClearFlag           0x0803b8cf     0x24  Code  Gb  stm32f4xx_dma.o [1]
DMA_Cmd                 0x0803b885     0x1a  Code  Gb  stm32f4xx_dma.o [1]
DMA_DeInit              0x0803b6ed    0x140  Code  Gb  stm32f4xx_dma.o [1]
DMA_FlowControllerConfig
                        0x0803b89f     0x18  Code  Gb  stm32f4xx_dma.o [1]
DMA_GetCmdStatus        0x0803b8b7     0x18  Code  Gb  stm32f4xx_dma.o [1]
DMA_GetITStatus         0x0803b935     0x62  Code  Gb  stm32f4xx_dma.o [1]
DMA_ITConfig            0x0803b8f3     0x42  Code  Gb  stm32f4xx_dma.o [1]
DMA_Init                0x0803b82d     0x58  Code  Gb  stm32f4xx_dma.o [1]
DebugMon_Handler        0x080443a7      0x2  Code  Gb  stm32f4xx_it.o [1]
DiskFile_init           0x08036b01     0x40  Code  Gb  protocol.o [1]
Disk_File               0x2001e7a4     0xd4  Data  Gb  protocol.o [1]
EXTI9_5_IRQHandler      0x08043fe5     0x3c  Code  Gb  bsp_closeSW.o [1]
EXTI_ClearITPendingBit  0x08044123      0x6  Code  Gb  stm32f4xx_exti.o [1]
EXTI_GetITStatus        0x08044109     0x1a  Code  Gb  stm32f4xx_exti.o [1]
EXTI_Init               0x08044081     0x88  Code  Gb  stm32f4xx_exti.o [1]
Encoder_Cap_Init        0x080386a5     0xbc  Code  Gb  encoder.o [1]
FR_Table                0x200000fc     0x50  Data  Gb  demo_fatfs.o [1]
FatFs                   0x2001eee4      0xc  Data  Lc  ff.o [1]
Files                   0x2001ed40     0x24  Data  Lc  ff.o [1]
FindSCR                 0x0803f1dd    0x206  Code  Lc  bsp_sdio_sd.o [1]
Freq                    0x2001ecf0     0x28  Data  Gb  encoder.o [1]
Freq_Sample             0x08038761     0xc2  Code  Gb  encoder.o [1]
Freq_ptr1               0x2001f053      0x1  Data  Gb  encoder.o [1]
Freq_ptr2               0x2001f054      0x1  Data  Gb  encoder.o [1]
Freq_value              0x2001efa4      0x4  Data  Gb  encoder.o [1]
Fsid                    0x2001f03a      0x2  Data  Lc  ff.o [1]
GPIO_Init               0x08037c9d     0xaa  Code  Gb  stm32f4xx_gpio.o [1]
GPIO_PinAFConfig        0x08037d6f     0x5a  Code  Gb  stm32f4xx_gpio.o [1]
GPIO_ReadInputDataBit   0x08037d47     0x1a  Code  Gb  stm32f4xx_gpio.o [1]
GPIO_WriteBit           0x08037d61      0xe  Code  Gb  stm32f4xx_gpio.o [1]
GetDeviceState          0x08036acd     0x2e  Code  Gb  bsp_sw_onoff.o [1]
HCD_GetCurrentFrame     0x0803bc6d      0x8  Code  Gb  usb_hcd.o [1]
HCD_GetCurrentSpeed     0x0803bc4f     0x10  Code  Gb  usb_hcd.o [1]
HCD_GetURB_State        0x0803bc75      0xa  Code  Gb  usb_hcd.o [1]
HCD_GetXferCnt          0x0803bc7f      0xc  Code  Gb  usb_hcd.o [1]
HCD_Init                0x0803bbdd     0x72  Code  Gb  usb_hcd.o [1]
HCD_ResetPort           0x0803bc5f      0xe  Code  Gb  usb_hcd.o [1]
HCD_SubmitRequest       0x0803bc8b     0x28  Code  Gb  usb_hcd.o [1]
HardFault_Handler       0x08044373     0x22  Code  Gb  stm32f4xx_it.o [1]
IWDG_Feed               0x08039375      0x8  Code  Gb  bsp_watchdog.o [1]
IWDG_ReloadCounter      0x0803ca0d      0xa  Code  Gb  stm32f4xx_iwdg.o [1]
InStream_Read           0x08044141     0x22  Code  Lc  packbits_init.o [5]
InitHardUart            0x08039b39    0x3c2  Code  Lc  bsp_uart_fifo.o [1]
Init_JINGSHA_GUI        0x08030b53    0x122  Code  Gb  bsp_sdwe050c17.o [1]
JingSha_File            0x2001ebb8     0x58  Data  Gb  protocol.o [1]
LfnBuf                  0x2001df9c    0x200  Data  Lc  ff.o [1]
LfnOfs                  0x08044edc     0x10  Data  Lc  ff.o [1]
LoadInt                 0x0803ad61     0x6e  Code  Lc  xprintffull_nomb.o [3]
MSCErrorCount           0x2001f061      0x1  Data  Gb  usbh_msc_core.o [1]
MSC_Machine             0x2001eb10     0x4c  Data  Gb  usbh_msc_core.o [1]
MSG_DEV_ATTACHED        0x08044c4c     0x18  Data  Gb  usbh_usr.o [1]
MSG_DEV_DISCONNECTED    0x08044c64     0x18  Data  Gb  usbh_usr.o [1]
MSG_DEV_ENUMERATED      0x08044a4c     0x1c  Data  Gb  usbh_usr.o [1]
MSG_DEV_ERROR           0x08044d68     0x14  Data  Gb  usbh_usr.o [1]
MSG_DEV_FULLSPEED       0x080448bc     0x20  Data  Gb  usbh_usr.o [1]
MSG_DEV_HIGHSPEED       0x0804489c     0x20  Data  Gb  usbh_usr.o [1]
MSG_DEV_LOWSPEED        0x080448dc     0x20  Data  Gb  usbh_usr.o [1]
MSG_HID_CLASS           0x08044a68     0x1c  Data  Gb  usbh_usr.o [1]
MSG_MSC_CLASS           0x08044600     0x24  Data  Gb  usbh_usr.o [1]
MSG_UNREC_ERROR         0x08044a84     0x1c  Data  Gb  usbh_usr.o [1]
MemManage_Handler       0x080443a1      0x2  Code  Gb  stm32f4xx_it.o [1]
MotorProcess            0x2001edc8     0x14  Data  Gb  page_weimi.o [1]
MotorStepCount          0x08038a19     0x62  Code  Gb  page_weimi.o [1]
NMI_Handler             0x08044371      0x2  Code  Gb  stm32f4xx_it.o [1]
NVIC_Init               0x0803ba13     0x6a  Code  Gb  misc.o [1]
NVIC_PriorityGroupConfig
                        0x0803ba09      0xa  Code  Gb  misc.o [1]
OTG_FS_IRQHandler       0x08044f5d     0x10  Code  Gb  usbh_it.o [1]
PendSV_Handler          0x0803ca1d           Code  Gb  portasm.o [1]
RCA                     0x2001ef80      0x4  Data  Lc  bsp_sdio_sd.o [1]
RCC_AHB1PeriphClockCmd  0x080399e3     0x22  Code  Gb  stm32f4xx_rcc.o [1]
RCC_AHB2PeriphClockCmd  0x08039a05     0x1e  Code  Gb  stm32f4xx_rcc.o [1]
RCC_APB1PeriphClockCmd  0x08039a23     0x1e  Code  Gb  stm32f4xx_rcc.o [1]
RCC_APB1PeriphResetCmd  0x08039a5f     0x1e  Code  Gb  stm32f4xx_rcc.o [1]
RCC_APB2PeriphClockCmd  0x08039a41     0x1e  Code  Gb  stm32f4xx_rcc.o [1]
RCC_APB2PeriphResetCmd  0x08039a7d     0x1e  Code  Gb  stm32f4xx_rcc.o [1]
RCC_GetClocksFreq       0x080398e1    0x102  Code  Gb  stm32f4xx_rcc.o [1]
RS485_InitTXE           0x08039b05     0x34  Code  Gb  bsp_uart_fifo.o [1]
RS485_sendbuf           0x0803a345     0x3c  Code  Gb  bsp_uart_fifo.o [1]
ReadValue1              0x2001f032      0x2  Data  Gb  encoder.o [1]
ReadValue2              0x2001f034      0x2  Data  Gb  encoder.o [1]
Region$$Table$$Base     0x08044648            --   Gb  - Linker created -
Region$$Table$$Limit    0x0804467c            --   Gb  - Linker created -
SDCardInfo              0x2001eb60     0x58  Data  Gb  bsp_sdio_sd.o [1]
SDEnWideBus             0x0803f041    0x198  Code  Lc  bsp_sdio_sd.o [1]
SDIO_ClearFlag          0x08040e21      0x6  Code  Gb  stm32f4xx_sdio.o [1]
SDIO_ClearITPendingBit  0x08040e41      0x6  Code  Gb  stm32f4xx_sdio.o [1]
SDIO_ClockCmd           0x08040d4f      0x8  Code  Gb  stm32f4xx_sdio.o [1]
SDIO_CmdInitStructure   0x2001edb4     0x14  Data  Gb  bsp_sdio_sd.o [1]
SDIO_DMACmd             0x08040de1      0x8  Code  Gb  stm32f4xx_sdio.o [1]
SDIO_DataConfig         0x08040dad     0x2e  Code  Gb  stm32f4xx_sdio.o [1]
SDIO_DataInitStructure  0x2001ed9c     0x18  Data  Gb  bsp_sdio_sd.o [1]
SDIO_DeInit             0x08040d0d     0x18  Code  Gb  stm32f4xx_sdio.o [1]
SDIO_GetCommandResponse
                        0x08040d8f      0x8  Code  Gb  stm32f4xx_sdio.o [1]
SDIO_GetFlagStatus      0x08040e07     0x1a  Code  Gb  stm32f4xx_sdio.o [1]
SDIO_GetITStatus        0x08040e27     0x1a  Code  Gb  stm32f4xx_sdio.o [1]
SDIO_GetPowerState      0x08040d5d      0xa  Code  Gb  stm32f4xx_sdio.o [1]
SDIO_GetResponse        0x08040d97     0x16  Code  Gb  stm32f4xx_sdio.o [1]
SDIO_IRQHandler         0x0803f629      0x8  Code  Gb  bsp_sdio_sd.o [1]
SDIO_ITConfig           0x08040de9     0x1e  Code  Gb  stm32f4xx_sdio.o [1]
SDIO_Init               0x08040d25     0x2a  Code  Gb  stm32f4xx_sdio.o [1]
SDIO_InitStructure      0x2001ed84     0x18  Data  Gb  bsp_sdio_sd.o [1]
SDIO_Interrupts_Config  0x0803f5ed     0x3c  Code  Gb  bsp_sdio_sd.o [1]
SDIO_ReadData           0x08040ddb      0x6  Code  Gb  stm32f4xx_sdio.o [1]
SDIO_SendCommand        0x08040d67     0x28  Code  Gb  stm32f4xx_sdio.o [1]
SDIO_SetPowerState      0x08040d57      0x6  Code  Gb  stm32f4xx_sdio.o [1]
SDWE_WARNNING           0x08030de5     0x2a  Code  Gb  bsp_sdwe050c17.o [1]
SD_Detect               0x0803dce5     0x22  Code  Gb  bsp_sdio_sd.o [1]
SD_EnableWideBusOperation
                        0x0803e4e1     0xc8  Code  Gb  bsp_sdio_sd.o [1]
SD_GetCardInfo          0x0803e0f5    0x3ec  Code  Gb  bsp_sdio_sd.o [1]
SD_GetState             0x0803dcbb     0x2a  Code  Gb  bsp_sdio_sd.o [1]
SD_GetStatus            0x0803dc99     0x22  Code  Gb  bsp_sdio_sd.o [1]
SD_Init                 0x0803dbe1     0xb8  Code  Gb  bsp_sdio_sd.o [1]
SD_InitializeCards      0x0803df53    0x1a2  Code  Gb  bsp_sdio_sd.o [1]
SD_LowLevel_DMA_RxConfig
                        0x0803f537     0x8e  Code  Gb  bsp_sdio_sd.o [1]
SD_LowLevel_DMA_TxConfig
                        0x0803f4a9     0x8e  Code  Gb  bsp_sdio_sd.o [1]
SD_LowLevel_Init        0x0803f3e5     0xbc  Code  Gb  bsp_sdio_sd.o [1]
SD_PowerON              0x0803dd07    0x24c  Code  Gb  bsp_sdio_sd.o [1]
SD_ProcessDMAIRQ        0x0803ed25     0x22  Code  Gb  bsp_sdio_sd.o [1]
SD_ProcessIRQSrc        0x0803ec77     0xae  Code  Gb  bsp_sdio_sd.o [1]
SD_ReadBlock            0x0803e5e1    0x108  Code  Gb  bsp_sdio_sd.o [1]
SD_ReadMultiBlocks      0x0803e6e9    0x134  Code  Gb  bsp_sdio_sd.o [1]
SD_SelectDeselect       0x0803e5a9     0x38  Code  Gb  bsp_sdio_sd.o [1]
SD_SendStatus           0x0803ec09     0x6e  Code  Gb  bsp_sdio_sd.o [1]
SD_StopTransfer         0x0803ebc1     0x44  Code  Gb  bsp_sdio_sd.o [1]
SD_WaitReadOperation    0x0803e821     0x96  Code  Gb  bsp_sdio_sd.o [1]
SD_WriteBlock           0x0803e8c1    0x11e  Code  Gb  bsp_sdio_sd.o [1]
SD_WriteMultiBlocks     0x0803e9ed    0x1cc  Code  Gb  bsp_sdio_sd.o [1]
SPI1_Init               0x0803a6b1     0xc0  Code  Gb  bsp_spi.o [1]
SPI1_ReadWriteByte      0x0803a799     0x32  Code  Gb  bsp_spi.o [1]
SPI1_SetSpeed           0x0803a771     0x28  Code  Gb  bsp_spi.o [1]
SPI_Cmd                 0x0803cd59     0x1c  Code  Gb  stm32f4xx_spi.o [1]
SPI_I2S_GetFlagStatus   0x0803cd75     0x18  Code  Gb  stm32f4xx_spi.o [1]
SPI_Init                0x0803cd19     0x40  Code  Gb  stm32f4xx_spi.o [1]
SRC_Buffer              0x200001f0     0x14  Data  Gb  bsp_servomotor.o [1]
SVC_Handler             0x0803ca75           Code  Gb  portasm.o [1]
SYSCFG_EXTILineConfig   0x0804402d     0x50  Code  Gb  stm32f4xx_syscfg.o [1]
Sdwe_ClearReadDisk      0x08030ebb     0x1c  Code  Gb  bsp_sdwe050c17.o [1]
Sdwe_change_class_time  0x08031537     0x30  Code  Gb  bsp_sdwe050c17.o [1]
Sdwe_clearString        0x08030e0f     0x54  Code  Gb  bsp_sdwe050c17.o [1]
Sdwe_clear_filename     0x08030f07     0x60  Code  Gb  bsp_sdwe050c17.o [1]
Sdwe_disDigi            0x08030cbf     0xa4  Code  Gb  bsp_sdwe050c17.o [1]
Sdwe_disPicture         0x08030c75     0x4a  Code  Gb  bsp_sdwe050c17.o [1]
Sdwe_disString          0x08030d63     0x82  Code  Gb  bsp_sdwe050c17.o [1]
Sdwe_hidden_page        0x080315cf     0x30  Code  Gb  bsp_sdwe050c17.o [1]
Sdwe_peiliao_page       0x080313a5    0x192  Code  Gb  bsp_sdwe050c17.o [1]
Sdwe_period_page        0x08031567     0x68  Code  Gb  bsp_sdwe050c17.o [1]
Sdwe_product_page       0x080311a3    0x1fa  Code  Gb  bsp_sdwe050c17.o [1]
Sdwe_readRTC            0x08030ed7     0x30  Code  Gb  bsp_sdwe050c17.o [1]
Sdwe_refresh_allname    0x0803115b     0x48  Code  Gb  bsp_sdwe050c17.o [1]
Sdwe_refresh_filename   0x08030f67    0x1f4  Code  Gb  bsp_sdwe050c17.o [1]
Sdwe_stop_page          0x080315ff    0x37a  Code  Gb  bsp_sdwe050c17.o [1]
Sdwe_writeIcon          0x08030e63     0x58  Code  Gb  bsp_sdwe050c17.o [1]
ServoMotorRunning       0x08033753     0x22  Code  Gb  bsp_servomotor.o [1]
SetSysClock             0x08043b57     0xce  Code  Lc  system_stm32f4xx.o [1]
SlavePara               0x2001e878     0xa4  Data  Gb  protocol.o [1]
StepMotor_adjust_speed  0x08038601     0x36  Code  Gb  bsp_stepmotor.o [1]
StepMotor_start         0x08038663     0x2c  Code  Gb  bsp_stepmotor.o [1]
StepMotor_stop          0x08038637     0x2c  Code  Gb  bsp_stepmotor.o [1]
StopCondition           0x2001ef84      0x4  Data  Gb  bsp_sdio_sd.o [1]
SysTick_Handler         0x08039503     0x2c  Code  Gb  port.o [1]
SystemCoreClock         0x20000234      0x4  Data  Gb  system_stm32f4xx.o [1]
SystemInit              0x08043b05     0x52  Code  Gb  system_stm32f4xx.o [1]
TI1_Config              0x0803833d     0x38  Code  Lc  stm32f4xx_tim.o [1]
TI2_Config              0x08038375     0x42  Code  Lc  stm32f4xx_tim.o [1]
TI3_Config              0x080383b7     0x40  Code  Lc  stm32f4xx_tim.o [1]
TI4_Config              0x080383f7     0x42  Code  Lc  stm32f4xx_tim.o [1]
TIM1_PWM_SETPMOTOR      0x08038593     0x6e  Code  Gb  bsp_stepmotor.o [1]
TIM2_IRQHandler         0x0803a5ed     0xac  Code  Gb  bsp_timer.o [1]
TIM3CH2_CAPTURE_STA     0x2001f052      0x1  Data  Gb  encoder.o [1]
TIM3CH2_CAPTURE_VAL     0x2001efa0      0x4  Data  Gb  encoder.o [1]
TIM3_IRQHandler         0x08038911     0xc0  Code  Gb  encoder.o [1]
TIM3_PWM_SETPMOTOR      0x0803852d     0x66  Code  Gb  bsp_stepmotor.o [1]
TIM4_CH1_ConfigPwmOut   0x08033349     0x1c  Code  Gb  bsp_servomotor.o [1]
TIM4_CH1_GPIO_Configuration
                        0x080333bf     0x42  Code  Gb  bsp_servomotor.o [1]
TIM4_CH1_PWMDMA_Config  0x0803353f     0xb0  Code  Gb  bsp_servomotor.o [1]
TIM4_CH1_StartPwmOut    0x08033365     0x2c  Code  Gb  bsp_servomotor.o [1]
TIM4_CH1_StopPwmOut     0x08033391     0x2e  Code  Gb  bsp_servomotor.o [1]
TIM4_CH2_ConfigPwmOut   0x080335ef     0x1c  Code  Gb  bsp_servomotor.o [1]
TIM4_CH2_GPIO_Configuration
                        0x08033665     0x3e  Code  Gb  bsp_servomotor.o [1]
TIM4_CH2_PWMDMA_Config  0x080336a3     0xb0  Code  Gb  bsp_servomotor.o [1]
TIM4_CH2_StartPwmOut    0x0803360b     0x2c  Code  Gb  bsp_servomotor.o [1]
TIM4_CH2_StopPwmOut     0x08033637     0x2e  Code  Gb  bsp_servomotor.o [1]
TIM4_PWM_Config         0x08033479     0xc6  Code  Gb  bsp_servomotor.o [1]
TIM6_DAC_IRQHandler     0x0804430f     0x22  Code  Gb  SysInfoTest.o [1]
TIM8_CC_IRQHandler      0x08038823     0xee  Code  Gb  encoder.o [1]
TIM_ARRPreloadConfig    0x08037faf     0x1c  Code  Gb  stm32f4xx_tim.o [1]
TIM_CallBack1           0x0802f34d     0x44  Code  Gb  apptask.o [1]
TIM_ClearITPendingBit   0x0803831f      0x8  Code  Gb  stm32f4xx_tim.o [1]
TIM_Cmd                 0x08037fcb     0x1c  Code  Gb  stm32f4xx_tim.o [1]
TIM_CtrlPWMOutputs      0x080382b5     0x22  Code  Gb  stm32f4xx_tim.o [1]
TIM_DMACmd              0x08038327     0x16  Code  Gb  stm32f4xx_tim.o [1]
TIM_DeInit              0x08037dc9    0x17c  Code  Gb  stm32f4xx_tim.o [1]
TIM_GetITStatus         0x080382ed     0x32  Code  Gb  stm32f4xx_tim.o [1]
TIM_ICInit              0x080381f9     0x70  Code  Gb  stm32f4xx_tim.o [1]
TIM_ITConfig            0x080382d7     0x16  Code  Gb  stm32f4xx_tim.o [1]
TIM_OC1Init             0x08037fe7     0x7e  Code  Gb  stm32f4xx_tim.o [1]
TIM_OC2Init             0x08038065     0x8c  Code  Gb  stm32f4xx_tim.o [1]
TIM_OC2PreloadConfig    0x080381d3     0x14  Code  Gb  stm32f4xx_tim.o [1]
TIM_OC3Init             0x080380f1     0x8a  Code  Gb  stm32f4xx_tim.o [1]
TIM_OC3PreloadConfig    0x080381e7     0x12  Code  Gb  stm32f4xx_tim.o [1]
TIM_OCStructInit        0x080381b1     0x22  Code  Gb  stm32f4xx_tim.o [1]
TIM_SetIC1Prescaler     0x08038269     0x12  Code  Gb  stm32f4xx_tim.o [1]
TIM_SetIC2Prescaler     0x0803827b     0x14  Code  Gb  stm32f4xx_tim.o [1]
TIM_SetIC3Prescaler     0x0803828f     0x12  Code  Gb  stm32f4xx_tim.o [1]
TIM_SetIC4Prescaler     0x080382a1     0x14  Code  Gb  stm32f4xx_tim.o [1]
TIM_TimeBaseInit        0x08037f45     0x6a  Code  Gb  stm32f4xx_tim.o [1]
Task_iwdg_refresh       0x0802f5a9     0x8a  Code  Gb  apptask.o [1]
TransferEnd             0x2001ef88      0x4  Data  Gb  bsp_sdio_sd.o [1]
TransferError           0x2001f04f      0x1  Data  Gb  bsp_sdio_sd.o [1]
UART1ToPC               0x0803a2e5     0x30  Code  Gb  bsp_uart_fifo.o [1]
UART2ToPC               0x0803a315     0x30  Code  Gb  bsp_uart_fifo.o [1]
UART2_RX_BUF            0x2001eaac     0x64  Data  Gb  bsp_uart_fifo.o [1]
UART3ToPC               0x0803a381     0x30  Code  Gb  bsp_uart_fifo.o [1]
UART4ToPC               0x0803a3b1     0x30  Code  Gb  bsp_uart_fifo.o [1]
UART4_IRQHandler        0x0803a1f7     0x84  Code  Gb  bsp_uart_fifo.o [1]
UART4_RX_BUF            0x2001ea48     0x64  Data  Gb  bsp_uart_fifo.o [1]
UART5ToPC               0x0803a3e1     0x30  Code  Gb  bsp_uart_fifo.o [1]
UART5_IRQHandler        0x0803a27b     0x6a  Code  Gb  bsp_uart_fifo.o [1]
USART1_IRQHandler       0x0803a167     0x1e  Code  Gb  bsp_uart_fifo.o [1]
USART2_IRQHandler       0x0803a185     0x68  Code  Gb  bsp_uart_fifo.o [1]
USART3_IRQHandler       0x0803a1ed      0xa  Code  Gb  bsp_uart_fifo.o [1]
USART_ClearFlag         0x0803cc77      0xc  Code  Gb  stm32f4xx_usart.o [1]
USART_ClearITPendingBit
                        0x0803ccf3     0x26  Code  Gb  stm32f4xx_usart.o [1]
USART_Cmd               0x0803cbc1     0x1c  Code  Gb  stm32f4xx_usart.o [1]
USART_DMACmd            0x0803cbed     0x16  Code  Gb  stm32f4xx_usart.o [1]
USART_GetFlagStatus     0x0803cc59     0x1e  Code  Gb  stm32f4xx_usart.o [1]
USART_GetITStatus       0x0803cc83     0x70  Code  Gb  stm32f4xx_usart.o [1]
USART_ITConfig          0x0803cc03     0x56  Code  Gb  stm32f4xx_usart.o [1]
USART_Init              0x0803cac5     0xee  Code  Gb  stm32f4xx_usart.o [1]
USART_ReceiveData       0x0803cbe5      0x8  Code  Gb  stm32f4xx_usart.o [1]
USART_SendData          0x0803cbdd      0x8  Code  Gb  stm32f4xx_usart.o [1]
USBH_Alloc_Channel      0x0803bdcd     0x2e  Code  Gb  usbh_hcs.o [1]
USBH_BulkReceiveData    0x0803c471     0x62  Code  Gb  usbh_ioreq.o [1]
USBH_BulkSendData       0x0803c40f     0x62  Code  Gb  usbh_ioreq.o [1]
USBH_CfgDesc            0x2001e39c    0x200  Data  Gb  usbh_stdreq.o [1]
USBH_ClrFeature         0x0803c017     0x4c  Code  Gb  usbh_stdreq.o [1]
USBH_Connected          0x0803398d      0xc  Code  Gb  usbh_core.o [1]
USBH_CtlReceiveData     0x0803c3c9     0x46  Code  Gb  usbh_ioreq.o [1]
USBH_CtlReq             0x0803c2a3     0x6e  Code  Gb  usbh_ioreq.o [1]
USBH_CtlSendData        0x0803c355     0x74  Code  Gb  usbh_ioreq.o [1]
USBH_CtlSendSetup       0x0803c311     0x44  Code  Gb  usbh_ioreq.o [1]
USBH_DataInBuffer       0x2001e19c    0x200  Data  Gb  usbh_msc_scsi.o [1]
USBH_DeAllocate_AllChannel
                        0x0803be1f     0x20  Code  Gb  usbh_hcs.o [1]
USBH_DeInit             0x080339f3     0x3e  Code  Gb  usbh_core.o [1]
USBH_Disconnected       0x08033999      0xc  Code  Gb  usbh_core.o [1]
USBH_ErrorHandle        0x08033c03     0x34  Code  Gb  usbh_core.o [1]
USBH_Free_Channel       0x0803bdfb     0x24  Code  Gb  usbh_hcs.o [1]
USBH_GetDescriptor      0x0803bf77     0x4e  Code  Gb  usbh_stdreq.o [1]
USBH_GetFreeChannel     0x0803be3f     0x2e  Code  Lc  usbh_hcs.o [1]
USBH_GetNextDesc        0x0803c28b     0x18  Code  Gb  usbh_stdreq.o [1]
USBH_Get_CfgDesc        0x0803beb3     0x78  Code  Gb  usbh_stdreq.o [1]
USBH_Get_DevDesc        0x0803be6d     0x46  Code  Gb  usbh_stdreq.o [1]
USBH_Get_StringDesc     0x0803bf2b     0x4c  Code  Gb  usbh_stdreq.o [1]
USBH_HCD_INT_cb         0x20000224      0xc  Data  Gb  usbh_core.o [1]
USBH_HCD_INT_fops       0x20000238      0x4  Data  Gb  usbh_core.o [1]
USBH_HandleControl      0x08033e4b    0x29a  Code  Gb  usbh_core.o [1]
USBH_HandleEnum         0x08033c37    0x214  Code  Lc  usbh_core.o [1]
USBH_Init               0x080339ab     0x48  Code  Gb  usbh_core.o [1]
USBH_MSC_BOTReset       0x08042e39     0x28  Code  Lc  usbh_msc_core.o [1]
USBH_MSC_BOTXferParam   0x2001eeac     0x10  Data  Gb  usbh_msc_bot.o [1]
USBH_MSC_BOT_Abort      0x08040099     0x5c  Code  Gb  usbh_msc_bot.o [1]
USBH_MSC_CBWData        0x2001ed64     0x20  Data  Gb  usbh_msc_bot.o [1]
[...]
fit_lfn                 0x08034cbf     0x88  Code  Lc  ff.o [1]
follow_path             0x0803561f     0x90  Code  Lc  ff.o [1]
fputc                   0x0803a411     0x22  Code  Gb  bsp_uart_fifo.o [1]
from_speed_step         0x08038b9d     0x4a  Code  Gb  page_weimi.o [1]
g_tUart3                0x2001ecc8     0x28  Data  Gb  bsp_uart_fifo.o [1]
gen_numname             0x08034d4d     0xec  Code  Lc  ff.o [1]
get_card_type           0x0803234f     0xe4  Code  Gb  product_cal.o [1]
get_class_time          0x08032257     0x7a  Code  Gb  product_cal.o [1]
get_fat                 0x08034513    0x11c  Code  Gb  ff.o [1]
get_fattime             0x0803c7b3      0x4  Code  Gb  diskio.o [1]
get_fileinfo            0x080351c9    0x13c  Code  Lc  ff.o [1]
get_float_1bit          0x08032235     0x22  Code  Gb  product_cal.o [1]
get_ldnumber            0x080356af     0x50  Code  Lc  ff.o [1]
get_main_speed          0x08038b6b     0x32  Code  Gb  page_weimi.o [1]
get_period_state        0x080322d1     0x54  Code  Gb  product_cal.o [1]
get_valid_length        0x08031fe7     0x26  Code  Gb  bsp_sdwe050c17.o [1]
get_valid_seg           0x08038be7     0x48  Code  Gb  page_weimi.o [1]
get_weimi_para          0x08038b21     0x4a  Code  Gb  page_weimi.o [1]
hex_to_decimal          0x0803200d     0x26  Code  Gb  bsp_sdwe050c17.o [1]
idwgEventGroup          0x2001ef70      0x4  Data  Gb  apptask.o [1]
inc_card_type           0x0803243d    0x11c  Code  Gb  product_cal.o [1]
inc_lock                0x08034213     0xe8  Code  Lc  ff.o [1]
init_peiliao_para       0x08032111     0x50  Code  Gb  product_cal.o [1]
init_product_para       0x08032051     0xc0  Code  Gb  product_cal.o [1]
init_weimi_para         0x08038a7b     0xa6  Code  Gb  page_weimi.o [1]
input_password_buf      0x2001eef0      0xc  Data  Gb  protocol.o [1]
input_password_len      0x2001f05d      0x1  Data  Gb  protocol.o [1]
isDevicePeriod          0x2001f04b      0x1  Data  Gb  apptask.o [1]
isWork                  0x2001f045      0x1  Data  Gb  apptask.o [1]
is_same_data            0x08032325     0x2a  Code  Gb  product_cal.o [1]
is_stop                 0x2001f057      0x1  Data  Gb  page_weimi.o [1]
isalpha                 0x08040e89     0x14  Code  Gb  isxxx.o [3]
isspace                 0x08040e9d     0x14  Code  Gb  isxxx.o [3]
lcd_busy                0x2001f050      0x1  Data  Gb  bsp_sdwe050c17.o [1]
lcd_rev_buf             0x2001ec60     0x34  Data  Gb  bsp_sdwe050c17.o [1]
lcd_rev_len             0x2001f030      0x2  Data  Gb  bsp_sdwe050c17.o [1]
ld_clust                0x08034b3d     0x28  Code  Lc  ff.o [1]
localeconv              0x0803d0db     0x16  Code  Gb  localeconv.o [3]
m_ctrl_dev              0x2001ef1c      0x8  Data  Gb  modbus.o [1]
main                    0x080444ed     0x2c  Code  Gb  main.o [1]
mallco_dev              0x200001d4     0x1c  Data  Gb  malloc.o [1]
mb_init                 0x08036979     0x30  Code  Gb  modbus.o [1]
mb_packsend_frame       0x08036887     0xf2  Code  Gb  modbus.o [1]
mb_unpack_frame         0x08036745    0x142  Code  Gb  modbus.o [1]
mc_check_crc16          0x0803c92d     0x40  Code  Gb  mcheck.o [1]
mc_check_crc8           0x0803c909     0x24  Code  Gb  mcheck.o [1]
mc_check_sum            0x0803c8c1     0x2e  Code  Gb  mcheck.o [1]
mc_check_xor            0x0803c8ef     0x1a  Code  Gb  mcheck.o [1]
mem1base                0x20011a44   0xa000  Data  Gb  malloc.o [1]
mem1mapbase             0x2001ca44    0xa00  Data  Gb  malloc.o [1]
mem2base                0x68000000  0xf0000  Data  Gb  malloc.o [1]
mem2mapbase             0x680f0000   0xf000  Data  Gb  malloc.o [1]
mem_cmp                 0x0803411f     0x24  Code  Lc  ff.o [1]
mem_cpy                 0x080340ed     0x1c  Code  Lc  ff.o [1]
mem_set                 0x08034109     0x16  Code  Lc  ff.o [1]
memblksize              0x080451dc      0x8  Data  Gb  malloc.o [1]
memchr                  0x0803cda5           Code  Gb  memchr.o [5]
memsize                 0x080451e4      0x8  Data  Gb  malloc.o [1]
memtblsize              0x080451d4      0x8  Data  Gb  malloc.o [1]
modbus_send_frame       0x080369a9     0xe6  Code  Gb  modbus.o [1]
move_window             0x080343e1     0x40  Code  Lc  ff.o [1]
my_mem_free             0x08032be7     0x6c  Code  Gb  malloc.o [1]
my_mem_init             0x08032aab     0x42  Code  Gb  malloc.o [1]
my_mem_malloc           0x08032b2b     0xbc  Code  Gb  malloc.o [1]
my_mem_perused          0x08032aed     0x3e  Code  Gb  malloc.o [1]
myfree                  0x08032c53     0x24  Code  Gb  malloc.o [1]
mymalloc                0x08032c77     0x2a  Code  Gb  malloc.o [1]
mymemset                0x08032a95     0x16  Code  Gb  malloc.o [1]
ndigs                   0x080410dc     0x28  Data  Lc  xstoull.o [3]
obuf                    0x2001ec10     0x50  Data  Lc  xfiles.o [3]
oem2uni                 0x0801560c  0x15484  Data  Lc  cc936.o [1]
old_card_record         0x2001f049      0x1  Data  Gb  apptask.o [1]
old_isWork              0x2001f046      0x1  Data  Gb  apptask.o [1]
old_is_stop             0x20000242      0x1  Data  Gb  page_weimi.o [1]
old_plan_complete       0x2001f05b      0x1  Data  Gb  product_cal.o [1]
para_init               0x08036dd1     0x80  Code  Gb  para.o [1]
pcInterruptPriorityRegisters
                        0x080452a8      0x4  Data  Lc  port.o [1]
peiliao_para            0x2001ec94     0x34  Data  Gb  product_cal.o [1]
pick_lfn                0x08034c33     0x8c  Code  Lc  ff.o [1]
plan_complete           0x2001f05a      0x1  Data  Gb  product_cal.o [1]
pluse_count             0x2001f02a      0x2  Data  Gb  apptask.o [1]
pows                    0x08041790     0x48  Data  Lc  xdtento.o [4]
printf                  0x080329b5     0x24  Code  Gb  printf.o [3]
product_complete_kilo   0x08032205     0x30  Code  Gb  product_cal.o [1]
product_complete_meter  0x080321f3     0x12  Code  Gb  product_cal.o [1]
product_para            0x2001ed18     0x28  Data  Gb  product_cal.o [1]
product_per_meter       0x08032161     0x78  Code  Gb  product_cal.o [1]
prvAddCurrentTaskToDelayedList
                        0x080301c5     0x48  Code  Lc  tasks.o [1]
prvAllocateTCBAndStack  0x0803020d     0x5a  Code  Lc  tasks.o [1]
prvCheckForValidListAndQueue
                        0x08039303     0x52  Code  Lc  timers.o [1]
prvCheckTasksWaitingTermination
                        0x0803015b     0x66  Code  Lc  tasks.o [1]
prvCopyDataFromQueue    0x080309f5     0x30  Code  Lc  queue.o [1]
prvCopyDataToQueue      0x08030971     0x84  Code  Lc  queue.o [1]
prvDeleteTCB            0x08030267     0x12  Code  Lc  tasks.o [1]
prvGetNextExpireTime    0x080390ef     0x2e  Code  Lc  timers.o [1]
prvHeapInit             0x080397f1     0x6e  Code  Lc  heap_4.o [1]
prvIdleTask             0x08030075     0x26  Code  Lc  tasks.o [1]
prvInitialiseTCBVariables
                        0x0803009b     0x6a  Code  Lc  tasks.o [1]
prvInitialiseTaskLists  0x08030105     0x56  Code  Lc  tasks.o [1]
prvInsertBlockIntoFreeList
                        0x0803985f     0x62  Code  Lc  heap_4.o [1]
prvInsertTimerInActiveList
                        0x08039145     0x50  Code  Lc  timers.o [1]
prvIsQueueEmpty         0x08030a8f     0x20  Code  Lc  queue.o [1]
prvIsQueueFull          0x08030aaf     0x22  Code  Lc  queue.o [1]
prvProcessExpiredTimer  0x08039007     0x5c  Code  Lc  timers.o [1]
prvProcessReceivedCommands
                        0x08039195     0xde  Code  Lc  timers.o [1]
prvProcessTimerOrBlockTask
                        0x0803907f     0x70  Code  Lc  timers.o [1]
prvResetNextTaskUnblockTime
                        0x08030279     0x26  Code  Lc  tasks.o [1]
prvSampleTimeNow        0x0803911d     0x28  Code  Lc  timers.o [1]
prvSwitchTimerLists     0x08039273     0x90  Code  Lc  timers.o [1]
prvTaskExitError        0x080393a1     0x2a  Code  Lc  port.o [1]
prvTestWaitCondition    0x08038eab     0x24  Code  Lc  event_groups.o [1]
prvTimerTask            0x08039065     0x1a  Code  Lc  timers.o [1]
prvUnlockQueue          0x08030a25     0x6a  Code  Lc  queue.o [1]
put_fat                 0x0803462f    0x16c  Code  Gb  ff.o [1]
putchar                 0x08044c95      0xc  Code  Gb  putchar.o [3]
pvPortMalloc            0x08039661    0x118  Code  Gb  heap_4.o [1]
pxCurrentTCB            0x2001efc8      0x4  Data  Gb  tasks.o [1]
pxCurrentTimerList      0x2001f008      0x4  Data  Lc  timers.o [1]
pxDelayedTaskList       0x2001efcc      0x4  Data  Lc  tasks.o [1]
pxEnd                   0x2001efa8      0x4  Data  Lc  heap_4.o [1]
pxOverflowDelayedTaskList
                        0x2001efd0      0x4  Data  Lc  tasks.o [1]
pxOverflowTimerList     0x2001f00c      0x4  Data  Lc  timers.o [1]
pxPortInitialiseStack   0x0803937d     0x24  Code  Gb  port.o [1]
pxReadyTasksLists       0x2001e6b4     0xf0  Data  Lc  tasks.o [1]
rc522_cmd_anticoll      0x080366e9     0x5a  Code  Gb  rc522.o [1]
rc522_cmd_request       0x08036695     0x54  Code  Gb  rc522.o [1]
readDisk                0x2001f04c      0x1  Data  Gb  apptask.o [1]
readFilenum             0x2001f04d      0x1  Data  Gb  apptask.o [1]
readSlave               0x2001eed8      0xc  Data  Gb  apptask.o [1]
read_device_info        0x08036b55    0x276  Code  Gb  para.o [1]
read_file_select        0x2001ef08      0xc  Data  Gb  protocol.o [1]
read_from_disk          0x08036e81    0xc76  Code  Gb  para.o [1]
remove_chain            0x0803479b     0x76  Code  Lc  ff.o [1]
rfid_rev_buf            0x2001eddc     0x14  Data  Gb  rc522.o [1]
rfid_rev_cnt            0x2001f05f      0x1  Data  Gb  rc522.o [1]
rfid_rev_flag           0x2001f05e      0x1  Data  Gb  rc522.o [1]
rtc_time                0x2001ef24      0x8  Data  Gb  protocol.o [1]
s_TIM_CallBack1         0x2001ef90      0x4  Data  Lc  bsp_timer.o [1]
s_TIM_CallBack2         0x2001ef94      0x4  Data  Lc  bsp_timer.o [1]
s_TIM_CallBack3         0x2001ef98      0x4  Data  Lc  bsp_timer.o [1]
s_TIM_CallBack4         0x2001ef9c      0x4  Data  Lc  bsp_timer.o [1]
sample_time             0x2001f028      0x2  Data  Gb  apptask.o [1]
sdew_weimi_page1        0x0803199d    0x2cc  Code  Gb  bsp_sdwe050c17.o [1]
sdew_weimi_page2        0x08031c8d    0x236  Code  Gb  bsp_sdwe050c17.o [1]
sdew_weisha_page1       0x08031ec3     0x92  Code  Gb  bsp_sdwe050c17.o [1]
sdew_weisha_page2       0x08031f55     0x92  Code  Gb  bsp_sdwe050c17.o [1]
servomotor_mode         0x2001f056      0x1  Data  Gb  page_weimi.o [1]
slave_info              0x2001eecc      0xc  Data  Gb  apptask.o [1]
speed_zhu               0x2001f03c      0x2  Data  Gb  page_weimi.o [1]
sprintf                 0x08036585     0x34  Code  Gb  sprintf.o [3]
sscanf                  0x0803c9e9     0x24  Code  Gb  sscanf.o [3]
st_clust                0x08034b65     0x18  Code  Lc  ff.o [1]
step_motor_adjust       0x2001f055      0x1  Data  Gb  page_weimi.o [1]
strcat                  0x080365b9     0x1c  Code  Gb  strcat.o [3]
strchr                  0x0803cd8d           Code  Gb  strchr.o [5]
strlen                  0x080332ad           Code  Gb  strlen.o [5]
strstr                  0x08036b45     0x10  Code  Gb  para.o [1]
sum_sfn                 0x08034e39     0x20  Code  Lc  ff.o [1]
sync_fs                 0x08034421     0xd8  Code  Lc  ff.o [1]
sync_window             0x08034387     0x5a  Code  Lc  ff.o [1]
system_state_dis        0x08043974    0x190  Data  Gb  product_cal.o [1]
tolower                 0x080412bd     0x14  Code  Gb  tolower.o [3]
total_meter_gross       0x2001efbc      0x4  Data  Gb  product_cal.o [1]
total_weight_gross      0x2001efc0      0x4  Data  Gb  product_cal.o [1]
ucHeap                  0x20000244  0x11800  Data  Lc  heap_4.o [1]
ucMaxSysCallPriority    0x2001f059      0x1  Data  Lc  port.o [1]
ulHighFrequencyTimerTicks
                        0x2001efc4      0x4  Data  Gb  SysInfoTest.o [1]
ulMaxPRIGROUPValue      0x2001efb8      0x4  Data  Lc  port.o [1]
ulTaskSwitchedInTime    0x2001f000      0x4  Data  Lc  tasks.o [1]
ulTotalRunTime          0x2001f004      0x4  Data  Lc  tasks.o [1]
uni2oem                 0x08000188  0x15484  Data  Lc  cc936.o [1]
usb_disk_flag           0x2001f047      0x1  Data  Gb  apptask.o [1]
usbh_OpenMassStorage    0x080337d5     0x14  Code  Gb  usbh_usr.o [1]
uxCriticalNesting       0x20000230      0x4  Data  Lc  port.o [1]
uxCurrentNumberOfTasks  0x2001efd8      0x4  Data  Lc  tasks.o [1]
uxListRemove            0x08039639     0x28  Code  Gb  list.o [1]
uxPendedTicks           0x2001efe8      0x4  Data  Lc  tasks.o [1]
uxSchedulerSuspended    0x2001effc      0x4  Data  Lc  tasks.o [1]
uxTaskNumber            0x2001eff4      0x4  Data  Lc  tasks.o [1]
uxTaskResetEventItemValue
                        0x080302d9     0x20  Code  Gb  tasks.o [1]
uxTasksDeleted          0x2001efd4      0x4  Data  Lc  tasks.o [1]
uxTopReadyPriority      0x2001efe0      0x4  Data  Lc  tasks.o [1]
vListInitialise         0x080395c9     0x1e  Code  Gb  list.o [1]
vListInsert             0x080395ff     0x3a  Code  Gb  list.o [1]
vListInsertEnd          0x080395e7     0x18  Code  Gb  list.o [1]
vPortEnableVFP          0x0803caa9           Code  Gb  portasm.o [1]
vPortEnterCritical      0x08039497     0x3a  Code  Gb  port.o [1]
vPortExitCritical       0x080394d1     0x32  Code  Gb  port.o [1]
vPortFree               0x08039779     0x78  Code  Gb  heap_4.o [1]
vPortSetupTimerInterrupt
                        0x0803952f      0xe  Code  Wk  port.o [1]
vPortStartFirstTask     0x0803ca91           Code  Gb  portasm.o [1]
vPortValidateInterruptPriority
                        0x0803953d     0x4e  Code  Gb  port.o [1]
vQueueWaitForMessageRestricted
                        0x08030ad1     0x44  Code  Gb  queue.o [1]
vSetupSysInfoTest       0x080442fd     0x12  Code  Gb  SysInfoTest.o [1]
vTaskDelay              0x0802f8d1     0x84  Code  Gb  tasks.o [1]
vTaskFreq               0x0802ee9d    0x164  Code  Lc  apptask.o [1]
vTaskManageCapacity     0x0802e45d    0x5b2  Code  Gb  apptask.o [1]
vTaskMassStorage        0x0802d261    0x566  Code  Lc  apptask.o [1]
vTaskMissedYield        0x0803006b      0xa  Code  Gb  tasks.o [1]
vTaskMotorControl       0x0802ea31    0x43c  Code  Lc  apptask.o [1]
vTaskMsgPro             0x0802dc2d    0x434  Code  Lc  apptask.o [1]
vTaskPlaceOnEventList   0x0802fcd1     0x74  Code  Gb  tasks.o [1]
vTaskPlaceOnEventListRestricted
                        0x0802fe09     0x80  Code  Gb  tasks.o [1]
vTaskPlaceOnUnorderedEventList
                        0x0802fd61     0xa8  Code  Gb  tasks.o [1]
vTaskReadDisk           0x0802e191    0x26a  Code  Lc  apptask.o [1]
vTaskRev485             0x0802e081     0xba  Code  Lc  apptask.o [1]
vTaskSetTimeOutState    0x0802ffb5     0x26  Code  Gb  tasks.o [1]
vTaskStartScheduler     0x0802f955     0x7e  Code  Gb  tasks.o [1]
vTaskSuspendAll         0x0802f9d3     0x10  Code  Gb  tasks.o [1]
vTaskSwitchContext      0x0802fc21     0xb0  Code  Gb  tasks.o [1]
vTaskTaskLCD            0x0802aa91   0x2790  Code  Gb  apptask.o [1]
vTaskTaskLED            0x0802d7f1     0x20  Code  Lc  apptask.o [1]
vTaskTaskRFID           0x0802d811    0x3cc  Code  Lc  apptask.o [1]
valid_seg               0x2001f058      0x1  Data  Gb  page_weimi.o [1]
validate                0x08035bdf     0x36  Code  Lc  ff.o [1]
weimi_para              0x2001e59c    0x118  Data  Gb  page_weimi.o [1]
work_idle               0x2001f05c      0x1  Data  Gb  product_cal.o [1]
work_idle_time          0x2001f03e      0x2  Data  Gb  product_cal.o [1]
xActiveTimerList1       0x2001ee54     0x14  Data  Lc  timers.o [1]
xActiveTimerList2       0x2001ee68     0x14  Data  Lc  timers.o [1]
xBlockAllocatedBit      0x2001efb4      0x4  Data  Lc  heap_4.o [1]
xDelayedTaskList1       0x2001edf0     0x14  Data  Lc  tasks.o [1]
xDelayedTaskList2       0x2001ee04     0x14  Data  Lc  tasks.o [1]
xEventGroupCreate       0x08038c6d     0x1c  Code  Gb  event_groups.o [1]
xEventGroupSetBits      0x08038dd5     0xd6  Code  Gb  event_groups.o [1]
xEventGroupWaitBits     0x08038c89    0x146  Code  Gb  event_groups.o [1]
xFreeBytesRemaining     0x2001efac      0x4  Data  Lc  heap_4.o [1]
xHandleTaskFreq         0x2001ef50      0x4  Data  Gb  apptask.o [1]
xHandleTaskLCD          0x2001ef2c      0x4  Data  Gb  apptask.o [1]
xHandleTaskLED          0x2001ef30      0x4  Data  Gb  apptask.o [1]
xHandleTaskManageCapacity
                        0x2001ef48      0x4  Data  Gb  apptask.o [1]
xHandleTaskMassStorage  0x2001ef38      0x4  Data  Gb  apptask.o [1]
xHandleTaskMotorControl
                        0x2001ef4c      0x4  Data  Gb  apptask.o [1]
xHandleTaskMsgPro       0x2001ef40      0x4  Data  Gb  apptask.o [1]
xHandleTaskRFID         0x2001ef34      0x4  Data  Gb  apptask.o [1]
xHandleTaskReadDisk     0x2001ef3c      0x4  Data  Gb  apptask.o [1]
xHandleTaskRev485       0x2001ef44      0x4  Data  Gb  apptask.o [1]
xHeapStructSize         0x080452a4      0x4  Data  Lc  heap_4.o [1]
xMinimumEverFreeBytesRemaining
                        0x2001efb0      0x4  Data  Lc  heap_4.o [1]
xNextTaskUnblockTime    0x2001eff8      0x4  Data  Lc  tasks.o [1]
xNumOfOverflows         0x2001eff0      0x4  Data  Lc  tasks.o [1]
xPendingReadyList       0x2001ee18     0x14  Data  Lc  tasks.o [1]
xPortStartScheduler     0x080393cb     0xcc  Code  Gb  port.o [1]
xQueueGenericCreate     0x080303dd     0x7e  Code  Gb  queue.o [1]
xQueueGenericReceive    0x080307d1    0x19c  Code  Gb  queue.o [1]
xQueueGenericReset      0x0803034d     0x90  Code  Gb  queue.o [1]
xQueueGenericSend       0x0803045b    0x1b2  Code  Gb  queue.o [1]
xQueueGenericSendFromISR
                        0x0803060d     0xec  Code  Gb  queue.o [1]
xQueueGiveFromISR       0x080306f9     0xd8  Code  Gb  queue.o [1]
xQueue_message          0x2001ef78      0x4  Data  Gb  apptask.o [1]
xSchedulerRunning       0x2001efe4      0x4  Data  Lc  tasks.o [1]
xSemaphore_download     0x2001ef68      0x4  Data  Gb  apptask.o [1]
xSemaphore_encoder      0x2001ef60      0x4  Data  Gb  apptask.o [1]
xSemaphore_freq         0x2001ef64      0x4  Data  Gb  apptask.o [1]
xSemaphore_lcd          0x2001ef54      0x4  Data  Gb  apptask.o [1]
xSemaphore_pluse        0x2001ef5c      0x4  Data  Gb  apptask.o [1]
xSemaphore_readDisk     0x2001ef6c      0x4  Data  Gb  apptask.o [1]
xSemaphore_rs485        0x2001ef58      0x4  Data  Gb  apptask.o [1]
xStart                  0x2001ef14      0x8  Data  Lc  heap_4.o [1]
xSuspendedTaskList      0x2001ee40     0x14  Data  Lc  tasks.o [1]
xTaskCheckForTimeOut    0x0802ffe1     0x8a  Code  Gb  tasks.o [1]
xTaskGenericCreate      0x0802f74d    0x184  Code  Gb  tasks.o [1]
xTaskGetSchedulerState  0x0803029f     0x26  Code  Gb  tasks.o [1]
xTaskGetTickCount       0x0802fae3      0xa  Code  Gb  tasks.o [1]
xTaskIncrementTick      0x0802faed    0x134  Code  Gb  tasks.o [1]
xTaskRemoveFromEventList
                        0x0802fe8d     0x8e  Code  Gb  tasks.o [1]
xTaskRemoveFromUnorderedEventList
                        0x0802ff21     0x94  Code  Gb  tasks.o [1]
xTaskResumeAll          0x0802f9e3    0x100  Code  Gb  tasks.o [1]
xTasksWaitingTermination
                        0x2001ee2c     0x14  Data  Lc  tasks.o [1]
xTickCount              0x2001efdc      0x4  Data  Lc  tasks.o [1]
xTimerCreate            0x08038f21     0x62  Code  Gb  timers.o [1]
xTimerCreateTimerTask   0x08038ed1     0x50  Code  Gb  timers.o [1]
xTimerGenericCommand    0x08038f83     0x84  Code  Gb  timers.o [1]
xTimerQueue             0x2001f010      0x4  Data  Lc  timers.o [1]
xTimerUser              0x2001ef74      0x4  Data  Gb  apptask.o [1]
xYieldPending           0x2001efec      0x4  Data  Lc  tasks.o [1]


[1] = F:\work\YarnControl_Driver\src\stm32f4_rtos\Project\EWARMv7\Flash\Obj
[2] = command line
[3] = dl7M_tlf.a
[4] = m7M_tls.a
[5] = rt7M_tl.a
[6] = shb_l.a

  101 358 bytes of readonly  code memory
  182 509 bytes of readonly  data memory
  129 125 bytes of readwrite data memory (+ 1 044 480 absolute)

Errors: none
Warnings: none
