###############################################################################
#
# IAR ELF Linker V7.40.7.9843/W32 for ARM                 09/Apr/2019  23:54:35
# Copyright 2007-2015 IAR Systems AB.
#
#    Output file  =  
#        E:\WORK\YarnControl_Driver\YarnControl_Driver\src\stm32f4_rtos\Project\EWARMv7\Flash\Exe\project.out
#    Map file     =  
#        E:\WORK\YarnControl_Driver\YarnControl_Driver\src\stm32f4_rtos\Project\EWARMv7\Flash\List\project.map
#    Command line =  
#        E:\WORK\YarnControl_Driver\YarnControl_Driver\src\stm32f4_rtos\Project\EWARMv7\Flash\Obj\apptask.o
#        E:\WORK\YarnControl_Driver\YarnControl_Driver\src\stm32f4_rtos\Project\EWARMv7\Flash\Obj\bsp.o
#        E:\WORK\YarnControl_Driver\YarnControl_Driver\src\stm32f4_rtos\Project\EWARMv7\Flash\Obj\bsp_adc.o
#        E:\WORK\YarnControl_Driver\YarnControl_Driver\src\stm32f4_rtos\Project\EWARMv7\Flash\Obj\bsp_closeSW.o
#        E:\WORK\YarnControl_Driver\YarnControl_Driver\src\stm32f4_rtos\Project\EWARMv7\Flash\Obj\bsp_dac.o
#        E:\WORK\YarnControl_Driver\YarnControl_Driver\src\stm32f4_rtos\Project\EWARMv7\Flash\Obj\bsp_dwt.o
#        E:\WORK\YarnControl_Driver\YarnControl_Driver\src\stm32f4_rtos\Project\EWARMv7\Flash\Obj\bsp_led.o
#        E:\WORK\YarnControl_Driver\YarnControl_Driver\src\stm32f4_rtos\Project\EWARMv7\Flash\Obj\bsp_relay.o
#        E:\WORK\YarnControl_Driver\YarnControl_Driver\src\stm32f4_rtos\Project\EWARMv7\Flash\Obj\bsp_sdio_sd.o
#        E:\WORK\YarnControl_Driver\YarnControl_Driver\src\stm32f4_rtos\Project\EWARMv7\Flash\Obj\bsp_sdwe050c17.o
#        E:\WORK\YarnControl_Driver\YarnControl_Driver\src\stm32f4_rtos\Project\EWARMv7\Flash\Obj\bsp_servomotor.o
#        E:\WORK\YarnControl_Driver\YarnControl_Driver\src\stm32f4_rtos\Project\EWARMv7\Flash\Obj\bsp_spi.o
#        E:\WORK\YarnControl_Driver\YarnControl_Driver\src\stm32f4_rtos\Project\EWARMv7\Flash\Obj\bsp_stepmotor.o
#        E:\WORK\YarnControl_Driver\YarnControl_Driver\src\stm32f4_rtos\Project\EWARMv7\Flash\Obj\bsp_sw_onoff.o
#        E:\WORK\YarnControl_Driver\YarnControl_Driver\src\stm32f4_rtos\Project\EWARMv7\Flash\Obj\bsp_tim_pwm.o
#        E:\WORK\YarnControl_Driver\YarnControl_Driver\src\stm32f4_rtos\Project\EWARMv7\Flash\Obj\bsp_timer.o
#        E:\WORK\YarnControl_Driver\YarnControl_Driver\src\stm32f4_rtos\Project\EWARMv7\Flash\Obj\bsp_uart_fifo.o
#        E:\WORK\YarnControl_Driver\YarnControl_Driver\src\stm32f4_rtos\Project\EWARMv7\Flash\Obj\bsp_w25qxx.o
#        E:\WORK\YarnControl_Driver\YarnControl_Driver\src\stm32f4_rtos\Project\EWARMv7\Flash\Obj\bsp_watchdog.o
#        E:\WORK\YarnControl_Driver\YarnControl_Driver\src\stm32f4_rtos\Project\EWARMv7\Flash\Obj\cc936.o
#        E:\WORK\YarnControl_Driver\YarnControl_Driver\src\stm32f4_rtos\Project\EWARMv7\Flash\Obj\cJSON.o
#        E:\WORK\YarnControl_Driver\YarnControl_Driver\src\stm32f4_rtos\Project\EWARMv7\Flash\Obj\croutine.o
#        E:\WORK\YarnControl_Driver\YarnControl_Driver\src\stm32f4_rtos\Project\EWARMv7\Flash\Obj\demo_fatfs.o
#        E:\WORK\YarnControl_Driver\YarnControl_Driver\src\stm32f4_rtos\Project\EWARMv7\Flash\Obj\diskio.o
#        E:\WORK\YarnControl_Driver\YarnControl_Driver\src\stm32f4_rtos\Project\EWARMv7\Flash\Obj\encoder_tim.o
#        E:\WORK\YarnControl_Driver\YarnControl_Driver\src\stm32f4_rtos\Project\EWARMv7\Flash\Obj\esp8266_handler.o
#        E:\WORK\YarnControl_Driver\YarnControl_Driver\src\stm32f4_rtos\Project\EWARMv7\Flash\Obj\esp8266_init.o
#        E:\WORK\YarnControl_Driver\YarnControl_Driver\src\stm32f4_rtos\Project\EWARMv7\Flash\Obj\event_groups.o
#        E:\WORK\YarnControl_Driver\YarnControl_Driver\src\stm32f4_rtos\Project\EWARMv7\Flash\Obj\ff.o
#        E:\WORK\YarnControl_Driver\YarnControl_Driver\src\stm32f4_rtos\Project\EWARMv7\Flash\Obj\heap_4.o
#        E:\WORK\YarnControl_Driver\YarnControl_Driver\src\stm32f4_rtos\Project\EWARMv7\Flash\Obj\list.o
#        E:\WORK\YarnControl_Driver\YarnControl_Driver\src\stm32f4_rtos\Project\EWARMv7\Flash\Obj\main.o
#        E:\WORK\YarnControl_Driver\YarnControl_Driver\src\stm32f4_rtos\Project\EWARMv7\Flash\Obj\malloc.o
#        E:\WORK\YarnControl_Driver\YarnControl_Driver\src\stm32f4_rtos\Project\EWARMv7\Flash\Obj\mcheck.o
#        E:\WORK\YarnControl_Driver\YarnControl_Driver\src\stm32f4_rtos\Project\EWARMv7\Flash\Obj\misc.o
#        E:\WORK\YarnControl_Driver\YarnControl_Driver\src\stm32f4_rtos\Project\EWARMv7\Flash\Obj\modbus.o
#        E:\WORK\YarnControl_Driver\YarnControl_Driver\src\stm32f4_rtos\Project\EWARMv7\Flash\Obj\MQTTConnectClient.o
#        E:\WORK\YarnControl_Driver\YarnControl_Driver\src\stm32f4_rtos\Project\EWARMv7\Flash\Obj\MQTTConnectServer.o
#        E:\WORK\YarnControl_Driver\YarnControl_Driver\src\stm32f4_rtos\Project\EWARMv7\Flash\Obj\MQTTDeserializePublish.o
#        E:\WORK\YarnControl_Driver\YarnControl_Driver\src\stm32f4_rtos\Project\EWARMv7\Flash\Obj\MQTTFormat.o
#        E:\WORK\YarnControl_Driver\YarnControl_Driver\src\stm32f4_rtos\Project\EWARMv7\Flash\Obj\MQTTPacket.o
#        E:\WORK\YarnControl_Driver\YarnControl_Driver\src\stm32f4_rtos\Project\EWARMv7\Flash\Obj\MQTTSerializePublish.o
#        E:\WORK\YarnControl_Driver\YarnControl_Driver\src\stm32f4_rtos\Project\EWARMv7\Flash\Obj\MQTTSubscribeClient.o
#        E:\WORK\YarnControl_Driver\YarnControl_Driver\src\stm32f4_rtos\Project\EWARMv7\Flash\Obj\MQTTSubscribeServer.o
#        E:\WORK\YarnControl_Driver\YarnControl_Driver\src\stm32f4_rtos\Project\EWARMv7\Flash\Obj\MQTTUnsubscribeClient.o
#        E:\WORK\YarnControl_Driver\YarnControl_Driver\src\stm32f4_rtos\Project\EWARMv7\Flash\Obj\MQTTUnsubscribeServer.o
#        E:\WORK\YarnControl_Driver\YarnControl_Driver\src\stm32f4_rtos\Project\EWARMv7\Flash\Obj\page_weimi.o
#        E:\WORK\YarnControl_Driver\YarnControl_Driver\src\stm32f4_rtos\Project\EWARMv7\Flash\Obj\para.o
#        E:\WORK\YarnControl_Driver\YarnControl_Driver\src\stm32f4_rtos\Project\EWARMv7\Flash\Obj\port.o
#        E:\WORK\YarnControl_Driver\YarnControl_Driver\src\stm32f4_rtos\Project\EWARMv7\Flash\Obj\portasm.o
#        E:\WORK\YarnControl_Driver\YarnControl_Driver\src\stm32f4_rtos\Project\EWARMv7\Flash\Obj\product_cal.o
#        E:\WORK\YarnControl_Driver\YarnControl_Driver\src\stm32f4_rtos\Project\EWARMv7\Flash\Obj\protocol.o
#        E:\WORK\YarnControl_Driver\YarnControl_Driver\src\stm32f4_rtos\Project\EWARMv7\Flash\Obj\pub0sub1.o
#        E:\WORK\YarnControl_Driver\YarnControl_Driver\src\stm32f4_rtos\Project\EWARMv7\Flash\Obj\queue.o
#        E:\WORK\YarnControl_Driver\YarnControl_Driver\src\stm32f4_rtos\Project\EWARMv7\Flash\Obj\rc522.o
#        E:\WORK\YarnControl_Driver\YarnControl_Driver\src\stm32f4_rtos\Project\EWARMv7\Flash\Obj\startup_stm32f40_41xxx.o
#        E:\WORK\YarnControl_Driver\YarnControl_Driver\src\stm32f4_rtos\Project\EWARMv7\Flash\Obj\stm32f4xx_adc.o
#        E:\WORK\YarnControl_Driver\YarnControl_Driver\src\stm32f4_rtos\Project\EWARMv7\Flash\Obj\stm32f4xx_assert.o
#        E:\WORK\YarnControl_Driver\YarnControl_Driver\src\stm32f4_rtos\Project\EWARMv7\Flash\Obj\stm32f4xx_can.o
#        E:\WORK\YarnControl_Driver\YarnControl_Driver\src\stm32f4_rtos\Project\EWARMv7\Flash\Obj\stm32f4xx_crc.o
#        E:\WORK\YarnControl_Driver\YarnControl_Driver\src\stm32f4_rtos\Project\EWARMv7\Flash\Obj\stm32f4xx_cryp.o
#        E:\WORK\YarnControl_Driver\YarnControl_Driver\src\stm32f4_rtos\Project\EWARMv7\Flash\Obj\stm32f4xx_cryp_aes.o
#        E:\WORK\YarnControl_Driver\YarnControl_Driver\src\stm32f4_rtos\Project\EWARMv7\Flash\Obj\stm32f4xx_cryp_des.o
#        E:\WORK\YarnControl_Driver\YarnControl_Driver\src\stm32f4_rtos\Project\EWARMv7\Flash\Obj\stm32f4xx_cryp_tdes.o
#        E:\WORK\YarnControl_Driver\YarnControl_Driver\src\stm32f4_rtos\Project\EWARMv7\Flash\Obj\stm32f4xx_dac.o
#        E:\WORK\YarnControl_Driver\YarnControl_Driver\src\stm32f4_rtos\Project\EWARMv7\Flash\Obj\stm32f4xx_dbgmcu.o
#        E:\WORK\YarnControl_Driver\YarnControl_Driver\src\stm32f4_rtos\Project\EWARMv7\Flash\Obj\stm32f4xx_dcmi.o
#        E:\WORK\YarnControl_Driver\YarnControl_Driver\src\stm32f4_rtos\Project\EWARMv7\Flash\Obj\stm32f4xx_dma.o
#        E:\WORK\YarnControl_Driver\YarnControl_Driver\src\stm32f4_rtos\Project\EWARMv7\Flash\Obj\stm32f4xx_dma2d.o
#        E:\WORK\YarnControl_Driver\YarnControl_Driver\src\stm32f4_rtos\Project\EWARMv7\Flash\Obj\stm32f4xx_exti.o
#        E:\WORK\YarnControl_Driver\YarnControl_Driver\src\stm32f4_rtos\Project\EWARMv7\Flash\Obj\stm32f4xx_flash.o
#        E:\WORK\YarnControl_Driver\YarnControl_Driver\src\stm32f4_rtos\Project\EWARMv7\Flash\Obj\stm32f4xx_fsmc.o
#        E:\WORK\YarnControl_Driver\YarnControl_Driver\src\stm32f4_rtos\Project\EWARMv7\Flash\Obj\stm32f4xx_gpio.o
#        E:\WORK\YarnControl_Driver\YarnControl_Driver\src\stm32f4_rtos\Project\EWARMv7\Flash\Obj\stm32f4xx_hash.o
#        E:\WORK\YarnControl_Driver\YarnControl_Driver\src\stm32f4_rtos\Project\EWARMv7\Flash\Obj\stm32f4xx_hash_md5.o
#        E:\WORK\YarnControl_Driver\YarnControl_Driver\src\stm32f4_rtos\Project\EWARMv7\Flash\Obj\stm32f4xx_hash_sha1.o
#        E:\WORK\YarnControl_Driver\YarnControl_Driver\src\stm32f4_rtos\Project\EWARMv7\Flash\Obj\stm32f4xx_i2c.o
#        E:\WORK\YarnControl_Driver\YarnControl_Driver\src\stm32f4_rtos\Project\EWARMv7\Flash\Obj\stm32f4xx_it.o
#        E:\WORK\YarnControl_Driver\YarnControl_Driver\src\stm32f4_rtos\Project\EWARMv7\Flash\Obj\stm32f4xx_iwdg.o
#        E:\WORK\YarnControl_Driver\YarnControl_Driver\src\stm32f4_rtos\Project\EWARMv7\Flash\Obj\stm32f4xx_ltdc.o
#        E:\WORK\YarnControl_Driver\YarnControl_Driver\src\stm32f4_rtos\Project\EWARMv7\Flash\Obj\stm32f4xx_pwr.o
#        E:\WORK\YarnControl_Driver\YarnControl_Driver\src\stm32f4_rtos\Project\EWARMv7\Flash\Obj\stm32f4xx_rcc.o
#        E:\WORK\YarnControl_Driver\YarnControl_Driver\src\stm32f4_rtos\Project\EWARMv7\Flash\Obj\stm32f4xx_rng.o
#        E:\WORK\YarnControl_Driver\YarnControl_Driver\src\stm32f4_rtos\Project\EWARMv7\Flash\Obj\stm32f4xx_rtc.o
#        E:\WORK\YarnControl_Driver\YarnControl_Driver\src\stm32f4_rtos\Project\EWARMv7\Flash\Obj\stm32f4xx_sai.o
#        E:\WORK\YarnControl_Driver\YarnControl_Driver\src\stm32f4_rtos\Project\EWARMv7\Flash\Obj\stm32f4xx_sdio.o
#        E:\WORK\YarnControl_Driver\YarnControl_Driver\src\stm32f4_rtos\Project\EWARMv7\Flash\Obj\stm32f4xx_spi.o
#        E:\WORK\YarnControl_Driver\YarnControl_Driver\src\stm32f4_rtos\Project\EWARMv7\Flash\Obj\stm32f4xx_syscfg.o
#        E:\WORK\YarnControl_Driver\YarnControl_Driver\src\stm32f4_rtos\Project\EWARMv7\Flash\Obj\stm32f4xx_tim.o
#        E:\WORK\YarnControl_Driver\YarnControl_Driver\src\stm32f4_rtos\Project\EWARMv7\Flash\Obj\stm32f4xx_usart.o
#        E:\WORK\YarnControl_Driver\YarnControl_Driver\src\stm32f4_rtos\Project\EWARMv7\Flash\Obj\stm32f4xx_wwdg.o
#        E:\WORK\YarnControl_Driver\YarnControl_Driver\src\stm32f4_rtos\Project\EWARMv7\Flash\Obj\SysInfoTest.o
#        E:\WORK\YarnControl_Driver\YarnControl_Driver\src\stm32f4_rtos\Project\EWARMv7\Flash\Obj\system_stm32f4xx.o
#        E:\WORK\YarnControl_Driver\YarnControl_Driver\src\stm32f4_rtos\Project\EWARMv7\Flash\Obj\tasks.o
#        E:\WORK\YarnControl_Driver\YarnControl_Driver\src\stm32f4_rtos\Project\EWARMv7\Flash\Obj\timer_platform.o
#        E:\WORK\YarnControl_Driver\YarnControl_Driver\src\stm32f4_rtos\Project\EWARMv7\Flash\Obj\timers.o
#        E:\WORK\YarnControl_Driver\YarnControl_Driver\src\stm32f4_rtos\Project\EWARMv7\Flash\Obj\transport.o
#        E:\WORK\YarnControl_Driver\YarnControl_Driver\src\stm32f4_rtos\Project\EWARMv7\Flash\Obj\usb_bsp.o
#        E:\WORK\YarnControl_Driver\YarnControl_Driver\src\stm32f4_rtos\Project\EWARMv7\Flash\Obj\usb_core.o
#        E:\WORK\YarnControl_Driver\YarnControl_Driver\src\stm32f4_rtos\Project\EWARMv7\Flash\Obj\usb_hcd.o
#        E:\WORK\YarnControl_Driver\YarnControl_Driver\src\stm32f4_rtos\Project\EWARMv7\Flash\Obj\usb_hcd_int.o
#        E:\WORK\YarnControl_Driver\YarnControl_Driver\src\stm32f4_rtos\Project\EWARMv7\Flash\Obj\usbh_core.o
#        E:\WORK\YarnControl_Driver\YarnControl_Driver\src\stm32f4_rtos\Project\EWARMv7\Flash\Obj\usbh_hcs.o
#        E:\WORK\YarnControl_Driver\YarnControl_Driver\src\stm32f4_rtos\Project\EWARMv7\Flash\Obj\usbh_ioreq.o
#        E:\WORK\YarnControl_Driver\YarnControl_Driver\src\stm32f4_rtos\Project\EWARMv7\Flash\Obj\usbh_it.o
#        E:\WORK\YarnControl_Driver\YarnControl_Driver\src\stm32f4_rtos\Project\EWARMv7\Flash\Obj\usbh_msc_bot.o
#        E:\WORK\YarnControl_Driver\YarnControl_Driver\src\stm32f4_rtos\Project\EWARMv7\Flash\Obj\usbh_msc_core.o
#        E:\WORK\YarnControl_Driver\YarnControl_Driver\src\stm32f4_rtos\Project\EWARMv7\Flash\Obj\usbh_msc_scsi.o
#        E:\WORK\YarnControl_Driver\YarnControl_Driver\src\stm32f4_rtos\Project\EWARMv7\Flash\Obj\usbh_stdreq.o
#        E:\WORK\YarnControl_Driver\YarnControl_Driver\src\stm32f4_rtos\Project\EWARMv7\Flash\Obj\usbh_usr.o
#        -o
#        E:\WORK\YarnControl_Driver\YarnControl_Driver\src\stm32f4_rtos\Project\EWARMv7\Flash\Exe\project.out
#        --map
#        E:\WORK\YarnControl_Driver\YarnControl_Driver\src\stm32f4_rtos\Project\EWARMv7\Flash\List\project.map
#        --config
#        E:\WORK\YarnControl_Driver\YarnControl_Driver\src\stm32f4_rtos\Project\EWARMv7\stm32f4xx_flash.icf
#        --semihosting --entry __iar_program_start --inline --vfe
#
###############################################################################

*******************************************************************************
*** RUNTIME MODEL ATTRIBUTES
***

CppFlavor                     = *
__Heap_Handler                = DLMalloc
__SystemLibrary               = DLib
__dlib_dynamic_initialization = normal


*******************************************************************************
*** PLACEMENT SUMMARY
***

"A1":  place at 0x08000000 { ro section .intvec };
"P1":  place in [from 0x08000000 to 0x080fffff] { ro };
"P2":  place in [from 0x20000000 to 0x2001ffff] { rw, block CSTACK, block HEAP };

  Section             Kind        Address     Size  Object
  -------             ----        -------     ----  ------
"A1":                                        0x188
  .intvec             ro code  0x08000000    0x188  startup_stm32f40_41xxx.o [1]
                             - 0x08000188    0x188

"P1":                                      0x49d88
  .rodata             const    0x08000188  0x15484  cc936.o [1]
  .rodata             const    0x0801560c  0x15484  cc936.o [1]
  .text               ro code  0x0802aa90   0x72f4  apptask.o [1]
  .text               ro code  0x08031d84    0x7c8  queue.o [1]
  .text               ro code  0x0803254c   0x1524  bsp_sdwe050c17.o [1]
  .text               ro code  0x08033a70    0x6c0  product_cal.o [1]
  .text               ro code  0x08034130     0x66  ABImemset.o [5]
  .text               ro code  0x08034196     0x1e  xsscin.o [3]
  .text               ro code  0x080341b4    0xce0  tasks.o [1]
  .text               ro code  0x08034e94    0x380  bsp_w25qxx.o [1]
  .text               ro code  0x08035214     0x4e  FltToDbl.o [4]
  .text               ro code  0x08035262     0x1a  xsnprout.o [3]
  .text               ro code  0x0803527c     0x24  printf.o [3]
  .text               ro code  0x080352a0     0x76  ABImemcpy_unaligned.o [5]
  .text               ro code  0x08035316      0xa  xsprout.o [3]
  .text               ro code  0x08035320     0x42  strcmp_unaligned.o [5]
  .text               ro code  0x08035364    0x21c  malloc.o [1]
  .text               ro code  0x08035580     0x30  I32ToDbl.o [4]
  .text               ro code  0x080355b0    0x256  DblDiv.o [4]
  .text               ro code  0x08035808     0xe8  DblAdd.o [4]
  .text               ro code  0x080358f0    0x1a2  DblMul.o [4]
  .text               ro code  0x08035a94     0x58  DblToI32.o [4]
  .text               ro code  0x08035aec     0x90  DblToFlt.o [4]
  .text               ro code  0x08035b7c     0x36  strlen.o [5]
  .text               ro code  0x08035bb4    0x12c  stm32f4xx_gpio.o [1]
  .text               ro code  0x08035ce0   0x14ae  para.o [1]
  .text               ro code  0x08037190     0x62  memcmp_unaligned.o [5]
  .text               ro code  0x080371f4     0xd4  bsp_dac.o [1]
  .text               ro code  0x080372c8    0x518  page_weimi.o [1]
  .text               ro code  0x080377e0    0x280  bsp_servomotor.o [1]
  .text               ro code  0x08037a60    0x1a2  usbh_usr.o [1]
  .text               ro code  0x08037c04    0x760  usbh_core.o [1]
  .text               ro code  0x08038364   0x2498  ff.o [1]
  .text               ro code  0x0803a7fc     0x34  sprintf.o [3]
  .text               ro code  0x0803a830     0x1c  strcat.o [3]
  .text               ro code  0x0803a84c     0xc0  bsp_led.o [1]
  .text               ro code  0x0803a90c     0xf2  bsp_adc.o [1]
  .text               ro code  0x0803aa00     0xee  rc522.o [1]
  .text               ro code  0x0803aaf0    0x354  modbus.o [1]
  .text               ro code  0x0803ae44     0x80  protocol.o [1]
  .text               ro code  0x0803aec4     0x10  para.o [1]
  .text               ro code  0x0803aed4     0xd4  bsp_closeSW.o [1]
  .text               ro code  0x0803afa8    0x180  DblSub.o [4]
  .text               ro code  0x0803b128    0x4f4  bsp_stepmotor.o [1]
  .text               ro code  0x0803b61c    0x2c0  encoder_tim.o [1]
  .text               ro code  0x0803b8dc     0x7c  esp8266_init.o [1]
  .text               ro code  0x0803b958    0x414  esp8266_handler.o [1]
  .text               ro code  0x0803bd6c    0x434  pub0sub1.o [1]
  .text               ro code  0x0803c1a0    0x262  event_groups.o [1]
  .text               ro code  0x0803c404    0x4a4  timers.o [1]
  .text               ro code  0x0803c8a8      0x8  bsp_watchdog.o [1]
  .text               ro code  0x0803c8b0    0x24c  port.o [1]
  .text               ro code  0x0803cafc     0x98  list.o [1]
  .text               ro code  0x0803cb94    0x280  heap_4.o [1]
  .text               ro code  0x0803ce14    0x1e8  stm32f4xx_rcc.o [1]
  .text               ro code  0x0803cffc     0x74  bsp_dwt.o [1]
  .text               ro code  0x0803d070    0xaa4  bsp_uart_fifo.o [1]
  .text               ro code  0x0803db14    0x204  bsp_timer.o [1]
  .text               ro code  0x0803dd18    0x124  bsp_spi.o [1]
  .text               ro code  0x0803de3c    0xd96  xprintffull_nomb.o [3]
  .text               ro code  0x0803ebd4     0x44  strcpy_unaligned.o [5]
  .text               ro code  0x0803ec18     0x24  sscanf.o [3]
  .text               ro code  0x0803ec3c     0x7c  stm32f4xx_dac.o [1]
  .text               ro code  0x0803ecb8    0x6f6  stm32f4xx_tim.o [1]
  .text               ro code  0x0803f3b0    0x31c  stm32f4xx_dma.o [1]
  .text               ro code  0x0803f6cc    0x14c  usb_bsp.o [1]
  .text               ro code  0x0803f818     0xd6  usb_hcd.o [1]
  .text               ro code  0x0803f8ee    0x1ba  usbh_hcs.o [1]
  .text               ro code  0x0803faa8    0x436  usbh_stdreq.o [1]
  .text               ro code  0x0803fede    0x246  usbh_ioreq.o [1]
  .text               ro code  0x08040124    0x2e4  diskio.o [1]
  .text               ro code  0x08040408     0xf4  cc936.o [1]
  .text               ro code  0x080404fc    0x1b6  stm32f4xx_adc.o [1]
  .text               ro code  0x080406b4     0xb8  mcheck.o [1]
  .text               ro code  0x0804076c     0x2c  strstr.o [3]
  .text               ro code  0x08040798     0x54  stm32f4xx_syscfg.o [1]
  .text               ro code  0x080407ec     0xc0  stm32f4xx_exti.o [1]
  .text               ro code  0x080408ac     0x88  misc.o [1]
  .text               ro code  0x08040934    0x132  I64DivMod.o [5]
  .text               ro code  0x08040a68      0x6  ABImemclr4.o [5]
  .text               ro code  0x08040a70     0x44  snprintf.o [3]
  .text               ro code  0x08040ab4    0x306  MQTTConnectClient.o [1]
  .text               ro code  0x08040dbc     0x6c  transport.o [1]
  .text               ro code  0x08040e28    0x290  MQTTPacket.o [1]
  .text               ro code  0x080410b8     0x40  timer_platform.o [1]
  .text               ro code  0x080410f8    0x190  MQTTSubscribeClient.o [1]
  .text               ro code  0x08041288     0xbc  MQTTDeserializePublish.o [1]
  .text               ro code  0x08041344     0xec  MQTTSerializePublish.o [1]
  .text               ro code  0x08041430     0x10  stm32f4xx_iwdg.o [1]
  CODE                ro code  0x08041440     0xa8  portasm.o [1]
  .text               ro code  0x080414e8    0x254  stm32f4xx_usart.o [1]
  .text               ro code  0x0804173c     0x74  stm32f4xx_spi.o [1]
  .text               ro code  0x080417b0     0x16  strchr.o [5]
  .text               ro code  0x080417c8     0x58  memchr.o [5]
  .text               ro code  0x08041820     0x42  xdnorm.o [4]
  .text               ro code  0x08041864     0x2e  DblCmpLe.o [4]
  .text               ro code  0x08041894     0x2e  DblCmpGe.o [4]
  .text               ro code  0x080418c4    0x114  xdscale.o [4]
  .text               ro code  0x080419d8     0x6c  localeconv.o [3]
  .text               ro code  0x08041a44      0xe  div.o [3]
  .text               ro code  0x08041a54    0xb64  xscanffull_nomb.o [3]
  .text               ro code  0x080425b8    0xa50  usb_core.o [1]
  .text               ro code  0x08043008   0x1a58  bsp_sdio_sd.o [1]
  .text               ro code  0x08044a60    0x618  usbh_msc_scsi.o [1]
  .text               ro code  0x08045078    0x554  usbh_msc_bot.o [1]
  .text               ro code  0x080455cc      0x2  I64DivZer.o [5]
  .text               ro code  0x080455d0     0x32  ABImemset48.o [5]
  .text               ro code  0x08045602     0x28  isxxx.o [3]
  .text               ro code  0x0804562a     0xa4  xstoll.o [3]
  .text               ro code  0x080456d0    0x1b0  xstoull.o [3]
  .text               ro code  0x08045880    0x168  xstold.o [4]
  .text               ro code  0x080459e8    0x17c  stm32f4xx_sdio.o [1]
  .text               ro code  0x08045b64     0x18  setlocale.o [3]
  .text               ro code  0x08045b7c     0x16  xlocale_c.o [3]
  .text               ro code  0x08045b92     0x14  xlocale_c.o [3]
  .text               ro code  0x08045ba8      0xc  errno.o [3]
  .text               ro code  0x08045bb4     0x14  tolower.o [3]
  .text               ro code  0x08045bc8    0x124  xstopfx.o [3]
  .text               ro code  0x08045cec    0x1b8  xstoflt.o [3]
  .rodata             const    0x08045ea4     0x2c  apptask.o [1]
  .text               ro code  0x08045ed0    0x200  xdtento.o [4]
  .text               ro code  0x080460d0    0x218  xstoxflt.o [3]
  .text               ro code  0x080462e8      0x2  xtls.o [3]
  .text               ro code  0x080462ea      0xc  xlocale_c.o [3]
  .text               ro code  0x080462f8     0x20  DblCmpEq.o [4]
  .text               ro code  0x08046318     0x52  xdunscal.o [4]
  .text               ro code  0x0804636c    0xc7e  usb_hcd_int.o [1]
  .rodata             const    0x08046fec    0x400  apptask.o [1]
  .text               ro code  0x080473ec    0x3e8  usbh_msc_core.o [1]
  .rodata             const    0x080477d4    0x3dc  cc936.o [1]
  .rodata             const    0x08047bb0    0x3dc  cc936.o [1]
  .rodata             const    0x08047f8c    0x190  product_cal.o [1]
  .text               ro code  0x0804811c    0x154  system_stm32f4xx.o [1]
  .rodata             const    0x08048270    0x100  mcheck.o [1]
  .rodata             const    0x08048370    0x100  mcheck.o [1]
  .rodata             const    0x08048470    0x100  mcheck.o [1]
  .text               ro code  0x08048570     0xd0  packbits_init.o [5]
  .text               ro code  0x08048640      0x6  abort.o [3]
  .text               ro code  0x08048648     0x14  exit.o [6]
  .rodata             const    0x0804865c     0x58  pub0sub1.o [1]
  .text               ro code  0x080486b4     0x54  bsp.o [1]
  .text               ro code  0x08048708     0x44  bsp_relay.o [1]
  .text               ro code  0x0804874c     0x44  bsp_sw_onoff.o [1]
  .text               ro code  0x08048790     0x40  zero_init3.o [5]
  .rodata             const    0x080487d0     0x38  demo_fatfs.o [1]
  .text               ro code  0x08048808     0x38  stm32f4xx_it.o [1]
  .rodata             const    0x08048840     0x30  apptask.o [1]
  .rodata             const    0x08048870     0x30  apptask.o [1]
  .rodata             const    0x080488a0     0x30  demo_fatfs.o [1]
  .rodata             const    0x080488d0     0x30  demo_fatfs.o [1]
  .text               ro code  0x08048900     0x30  main.o [1]
  .rodata             const    0x08048930     0x2c  demo_fatfs.o [1]
  .rodata             const    0x0804895c     0x2c  demo_fatfs.o [1]
  .rodata             const    0x08048988     0x2c  stm32f4xx_it.o [1]
  .text               ro code  0x080489b4     0x2c  SysInfoTest.o [1]
  .rodata             const    0x080489e0     0x28  apptask.o [1]
  .rodata             const    0x08048a08     0x28  demo_fatfs.o [1]
  .rodata             const    0x08048a30     0x28  demo_fatfs.o [1]
  .rodata             const    0x08048a58     0x28  demo_fatfs.o [1]
  .text               ro code  0x08048a80     0x28  data_init.o [5]
  .rodata             const    0x08048aa8     0x24  apptask.o [1]
  .rodata             const    0x08048acc     0x24  apptask.o [1]
  .rodata             const    0x08048af0     0x24  apptask.o [1]
  .rodata             const    0x08048b14     0x24  apptask.o [1]
  .rodata             const    0x08048b38     0x24  apptask.o [1]
  .rodata             const    0x08048b5c     0x24  apptask.o [1]
  .rodata             const    0x08048b80     0x24  apptask.o [1]
  .rodata             const    0x08048ba4     0x24  apptask.o [1]
  .rodata             const    0x08048bc8     0x24  apptask.o [1]
  .rodata             const    0x08048bec     0x24  demo_fatfs.o [1]
  .rodata             const    0x08048c10     0x24  demo_fatfs.o [1]
  .rodata             const    0x08048c34     0x24  pub0sub1.o [1]
  .rodata             const    0x08048c58     0x24  pub0sub1.o [1]
  .rodata             const    0x08048c7c     0x24  usbh_usr.o [1]
  .text               ro code  0x08048ca0     0x22  fpinit_M.o [4]
  .iar.init_table     const    0x08048cc4     0x34  - Linker created -
  .rodata             const    0x08048cf8     0x20  apptask.o [1]
  .rodata             const    0x08048d18     0x20  apptask.o [1]
  .rodata             const    0x08048d38     0x20  apptask.o [1]
  .rodata             const    0x08048d58     0x20  apptask.o [1]
  .rodata             const    0x08048d78     0x20  demo_fatfs.o [1]
  .rodata             const    0x08048d98     0x20  demo_fatfs.o [1]
  .rodata             const    0x08048db8     0x20  demo_fatfs.o [1]
  .rodata             const    0x08048dd8     0x20  pub0sub1.o [1]
  .rodata             const    0x08048df8     0x20  usbh_usr.o [1]
  .rodata             const    0x08048e18     0x20  usbh_usr.o [1]
  .rodata             const    0x08048e38     0x20  usbh_usr.o [1]
  .rodata             const    0x08048e58     0x20  usbh_usr.o [1]
  .rodata             const    0x08048e78     0x20  usbh_usr.o [1]
  .rodata             const    0x08048e98     0x1c  apptask.o [1]
  .rodata             const    0x08048eb4     0x1c  apptask.o [1]
  .rodata             const    0x08048ed0     0x1c  apptask.o [1]
  .rodata             const    0x08048eec     0x1c  apptask.o [1]
  .rodata             const    0x08048f08     0x1c  apptask.o [1]
  .rodata             const    0x08048f24     0x1c  apptask.o [1]
  .rodata             const    0x08048f40     0x1c  apptask.o [1]
  .rodata             const    0x08048f5c     0x1c  apptask.o [1]
  .rodata             const    0x08048f78     0x1c  demo_fatfs.o [1]
  .rodata             const    0x08048f94     0x1c  demo_fatfs.o [1]
  .rodata             const    0x08048fb0     0x1c  esp8266_handler.o [1]
  .rodata             const    0x08048fcc     0x1c  esp8266_handler.o [1]
  .rodata             const    0x08048fe8     0x1c  pub0sub1.o [1]
  .rodata             const    0x08049004     0x1c  pub0sub1.o [1]
  .rodata             const    0x08049020     0x1c  pub0sub1.o [1]
  .rodata             const    0x0804903c     0x1c  usbh_usr.o [1]
  .rodata             const    0x08049058     0x1c  usbh_usr.o [1]
  .rodata             const    0x08049074     0x1c  usbh_usr.o [1]
  .rodata             const    0x08049090     0x1c  usbh_usr.o [1]
  .rodata             const    0x080490ac     0x1c  usbh_usr.o [1]
  .rodata             const    0x080490c8     0x1c  usbh_usr.o [1]
  .text               ro code  0x080490e4     0x1a  cmain.o [5]
  .text               ro code  0x080490fe      0x4  exit.o [3]
  .text               ro code  0x08049104      0xa  cexit.o [5]
  .rodata             const    0x08049110     0x18  apptask.o [1]
  .rodata             const    0x08049128     0x18  apptask.o [1]
  .rodata             const    0x08049140     0x18  apptask.o [1]
  .rodata             const    0x08049158     0x18  apptask.o [1]
  .rodata             const    0x08049170     0x18  apptask.o [1]
  .rodata             const    0x08049188     0x18  apptask.o [1]
  .rodata             const    0x080491a0     0x18  apptask.o [1]
  .rodata             const    0x080491b8     0x18  apptask.o [1]
  .rodata             const    0x080491d0     0x18  apptask.o [1]
  .rodata             const    0x080491e8     0x18  apptask.o [1]
  .rodata             const    0x08049200     0x18  apptask.o [1]
  .rodata             const    0x08049218     0x18  apptask.o [1]
  .rodata             const    0x08049230     0x18  demo_fatfs.o [1]
  .rodata             const    0x08049248     0x18  demo_fatfs.o [1]
  .rodata             const    0x08049260     0x18  demo_fatfs.o [1]
  .rodata             const    0x08049278     0x18  demo_fatfs.o [1]
  .rodata             const    0x08049290     0x18  esp8266_handler.o [1]
  .rodata             const    0x080492a8     0x18  esp8266_handler.o [1]
  .rodata             const    0x080492c0     0x18  esp8266_handler.o [1]
  .rodata             const    0x080492d8     0x18  para.o [1]
  .rodata             const    0x080492f0     0x18  pub0sub1.o [1]
  .rodata             const    0x08049308     0x18  pub0sub1.o [1]
  .rodata             const    0x08049320     0x18  usbh_usr.o [1]
  .rodata             const    0x08049338     0x18  usbh_usr.o [1]
  .rodata             const    0x08049350     0x18  usbh_usr.o [1]
  .rodata             const    0x08049368     0x18  usbh_usr.o [1]
  .rodata             const    0x08049380     0x18  usbh_usr.o [1]
  .text               ro code  0x08049398     0x16  xprout.o [3]
  .text               ro code  0x080493b0      0xc  putchar.o [3]
  .rodata             const    0x080493bc     0x14  apptask.o [1]
  .rodata             const    0x080493d0     0x14  apptask.o [1]
  .rodata             const    0x080493e4     0x14  apptask.o [1]
  .rodata             const    0x080493f8     0x14  apptask.o [1]
  .rodata             const    0x0804940c     0x14  apptask.o [1]
  .rodata             const    0x08049420     0x14  apptask.o [1]
  .rodata             const    0x08049434     0x14  apptask.o [1]
  .rodata             const    0x08049448     0x14  apptask.o [1]
  .rodata             const    0x0804945c     0x14  apptask.o [1]
  .rodata             const    0x08049470     0x14  apptask.o [1]
  .rodata             const    0x08049484     0x14  apptask.o [1]
  .rodata             const    0x08049498     0x14  apptask.o [1]
  .rodata             const    0x080494ac     0x14  apptask.o [1]
  .rodata             const    0x080494c0     0x14  apptask.o [1]
  .rodata             const    0x080494d4     0x14  apptask.o [1]
  .rodata             const    0x080494e8     0x14  apptask.o [1]
  .rodata             const    0x080494fc     0x14  apptask.o [1]
  .rodata             const    0x08049510     0x14  esp8266_handler.o [1]
  .rodata             const    0x08049524     0x14  pub0sub1.o [1]
  .rodata             const    0x08049538     0x14  pub0sub1.o [1]
  .rodata             const    0x0804954c     0x14  pub0sub1.o [1]
  .rodata             const    0x08049560     0x14  pub0sub1.o [1]
  .rodata             const    0x08049574     0x14  pub0sub1.o [1]
  .rodata             const    0x08049588     0x14  usbh_usr.o [1]
  .rodata             const    0x0804959c     0x14  usbh_usr.o [1]
  .rodata             const    0x080495b0     0x10  apptask.o [1]
  .rodata             const    0x080495c0     0x10  apptask.o [1]
  .rodata             const    0x080495d0     0x10  apptask.o [1]
  .rodata             const    0x080495e0     0x10  apptask.o [1]
  .rodata             const    0x080495f0     0x10  apptask.o [1]
  .rodata             const    0x08049600     0x10  apptask.o [1]
  .rodata             const    0x08049610     0x10  apptask.o [1]
  .rodata             const    0x08049620     0x10  apptask.o [1]
  .rodata             const    0x08049630     0x10  apptask.o [1]
  .rodata             const    0x08049640     0x10  apptask.o [1]
  .rodata             const    0x08049650     0x10  apptask.o [1]
  .rodata             const    0x08049660     0x10  apptask.o [1]
  .rodata             const    0x08049670     0x10  apptask.o [1]
  .rodata             const    0x08049680     0x10  apptask.o [1]
  .rodata             const    0x08049690     0x10  apptask.o [1]
  .rodata             const    0x080496a0     0x10  apptask.o [1]
  .rodata             const    0x080496b0     0x10  apptask.o [1]
  .rodata             const    0x080496c0     0x10  apptask.o [1]
  .rodata             const    0x080496d0     0x10  apptask.o [1]
  .rodata             const    0x080496e0     0x10  apptask.o [1]
  .rodata             const    0x080496f0     0x10  apptask.o [1]
  .rodata             const    0x08049700     0x10  apptask.o [1]
  .rodata             const    0x08049710     0x10  apptask.o [1]
  .rodata             const    0x08049720     0x10  apptask.o [1]
  .rodata             const    0x08049730     0x10  apptask.o [1]
  .rodata             const    0x08049740     0x10  apptask.o [1]
  .rodata             const    0x08049750     0x10  apptask.o [1]
  .rodata             const    0x08049760     0x10  apptask.o [1]
  .rodata             const    0x08049770     0x10  bsp_sdwe050c17.o [1]
  .rodata             const    0x08049780     0x10  esp8266_handler.o [1]
  .rodata             const    0x08049790     0x10  esp8266_handler.o [1]
  .rodata             const    0x080497a0     0x10  esp8266_handler.o [1]
  .rodata             const    0x080497b0     0x10  esp8266_handler.o [1]
  .rodata             const    0x080497c0     0x10  esp8266_handler.o [1]
  .rodata             const    0x080497d0     0x10  esp8266_handler.o [1]
  .rodata             const    0x080497e0     0x10  ff.o [1]
  .rodata             const    0x080497f0     0x10  main.o [1]
  .rodata             const    0x08049800     0x10  main.o [1]
  .rodata             const    0x08049810     0x10  para.o [1]
  .rodata             const    0x08049820     0x10  para.o [1]
  .rodata             const    0x08049830     0x10  pub0sub1.o [1]
  .rodata             const    0x08049840     0x10  usbh_usr.o [1]
  .rodata             const    0x08049850     0x10  usbh_usr.o [1]
  .text               ro code  0x08049860     0x10  startup_stm32f40_41xxx.o [1]
  .text               ro code  0x08049870     0x10  usbh_it.o [1]
  .rodata             const    0x08049880      0xc  apptask.o [1]
  .rodata             const    0x0804988c      0xc  apptask.o [1]
  .rodata             const    0x08049898      0xc  apptask.o [1]
  .rodata             const    0x080498a4      0xc  apptask.o [1]
  .rodata             const    0x080498b0      0xc  apptask.o [1]
  .rodata             const    0x080498bc      0xc  apptask.o [1]
  .rodata             const    0x080498c8      0xc  apptask.o [1]
  .rodata             const    0x080498d4      0xc  apptask.o [1]
  .rodata             const    0x080498e0      0xc  apptask.o [1]
  .rodata             const    0x080498ec      0xc  apptask.o [1]
  .rodata             const    0x080498f8      0xc  apptask.o [1]
  .rodata             const    0x08049904      0xc  apptask.o [1]
  .rodata             const    0x08049910      0xc  apptask.o [1]
  .rodata             const    0x0804991c      0xc  apptask.o [1]
  .rodata             const    0x08049928      0xc  apptask.o [1]
  .rodata             const    0x08049934      0xc  apptask.o [1]
  .rodata             const    0x08049940      0xc  apptask.o [1]
  .rodata             const    0x0804994c      0xc  apptask.o [1]
  .rodata             const    0x08049958      0xc  apptask.o [1]
  .rodata             const    0x08049964      0xc  apptask.o [1]
  .rodata             const    0x08049970      0xc  apptask.o [1]
  .rodata             const    0x0804997c      0xc  apptask.o [1]
  .rodata             const    0x08049988      0xc  apptask.o [1]
  .rodata             const    0x08049994      0xc  apptask.o [1]
  .rodata             const    0x080499a0      0xc  apptask.o [1]
  .rodata             const    0x080499ac      0xc  apptask.o [1]
  .rodata             const    0x080499b8      0xc  apptask.o [1]
  .rodata             const    0x080499c4      0xc  apptask.o [1]
  .rodata             const    0x080499d0      0xc  apptask.o [1]
  .rodata             const    0x080499dc      0xc  apptask.o [1]
  .rodata             const    0x080499e8      0xc  apptask.o [1]
  .rodata             const    0x080499f4      0xc  apptask.o [1]
  .rodata             const    0x08049a00      0xc  apptask.o [1]
  .rodata             const    0x08049a0c      0xc  apptask.o [1]
  .rodata             const    0x08049a18      0xc  apptask.o [1]
  .rodata             const    0x08049a24      0xc  apptask.o [1]
  .rodata             const    0x08049a30      0xc  bsp_sdwe050c17.o [1]
  .rodata             const    0x08049a3c      0xc  demo_fatfs.o [1]
  .rodata             const    0x08049a48      0xc  esp8266_handler.o [1]
  .rodata             const    0x08049a54      0xc  esp8266_handler.o [1]
  .rodata             const    0x08049a60      0xc  esp8266_handler.o [1]
  .rodata             const    0x08049a6c      0xc  esp8266_handler.o [1]
  .rodata             const    0x08049a78      0xc  esp8266_handler.o [1]
  .rodata             const    0x08049a84      0xc  esp8266_handler.o [1]
  .rodata             const    0x08049a90      0xc  ff.o [1]
  .rodata             const    0x08049a9c      0xc  page_weimi.o [1]
  .rodata             const    0x08049aa8      0xc  para.o [1]
  .rodata             const    0x08049ab4      0xc  para.o [1]
  .rodata             const    0x08049ac0      0xc  para.o [1]
  .rodata             const    0x08049acc      0xc  para.o [1]
  .rodata             const    0x08049ad8      0xc  para.o [1]
  .rodata             const    0x08049ae4      0xc  pub0sub1.o [1]
  .rodata             const    0x08049af0      0xc  pub0sub1.o [1]
  .text               ro code  0x08049afc      0xc  cstartup_M.o [5]
  .rodata             const    0x08049b08      0x8  apptask.o [1]
  .rodata             const    0x08049b10      0x8  apptask.o [1]
  .rodata             const    0x08049b18      0x8  apptask.o [1]
  .rodata             const    0x08049b20      0x8  apptask.o [1]
  .rodata             const    0x08049b28      0x8  apptask.o [1]
  .rodata             const    0x08049b30      0x8  apptask.o [1]
  .rodata             const    0x08049b38      0x8  apptask.o [1]
  .rodata             const    0x08049b40      0x8  apptask.o [1]
  .rodata             const    0x08049b48      0x8  apptask.o [1]
  .rodata             const    0x08049b50      0x8  apptask.o [1]
  .rodata             const    0x08049b58      0x8  apptask.o [1]
  .rodata             const    0x08049b60      0x8  apptask.o [1]
  .rodata             const    0x08049b68      0x8  apptask.o [1]
  .rodata             const    0x08049b70      0x8  apptask.o [1]
  .rodata             const    0x08049b78      0x8  apptask.o [1]
  .rodata             const    0x08049b80      0x8  apptask.o [1]
  .rodata             const    0x08049b88      0x8  apptask.o [1]
  .rodata             const    0x08049b90      0x8  apptask.o [1]
  .rodata             const    0x08049b98      0x8  apptask.o [1]
  .rodata             const    0x08049ba0      0x8  apptask.o [1]
  .rodata             const    0x08049ba8      0x8  bsp_sdwe050c17.o [1]
  .rodata             const    0x08049bb0      0x8  bsp_w25qxx.o [1]
  .rodata             const    0x08049bb8      0x8  esp8266_handler.o [1]
  .rodata             const    0x08049bc0      0x8  ff.o [1]
  .rodata             const    0x08049bc8      0x8  malloc.o [1]
  .rodata             const    0x08049bd0      0x8  malloc.o [1]
  .rodata             const    0x08049bd8      0x8  malloc.o [1]
  .rodata             const    0x08049be0      0x8  MQTTConnectClient.o [1]
  .rodata             const    0x08049be8      0x8  MQTTConnectClient.o [1]
  .rodata             const    0x08049bf0      0x8  para.o [1]
  .rodata             const    0x08049bf8      0x8  para.o [1]
  .rodata             const    0x08049c00      0x8  para.o [1]
  .rodata             const    0x08049c08      0x8  para.o [1]
  .rodata             const    0x08049c10      0x8  para.o [1]
  .rodata             const    0x08049c18      0x8  para.o [1]
  .rodata             const    0x08049c20      0x8  para.o [1]
  .rodata             const    0x08049c28      0x8  para.o [1]
  .rodata             const    0x08049c30      0x8  para.o [1]
  .rodata             const    0x08049c38      0x8  para.o [1]
  .rodata             const    0x08049c40      0x8  para.o [1]
  .rodata             const    0x08049c48      0x8  para.o [1]
  .rodata             const    0x08049c50      0x8  para.o [1]
  .rodata             const    0x08049c58      0x8  para.o [1]
  .rodata             const    0x08049c60      0x8  para.o [1]
  .rodata             const    0x08049c68      0x8  para.o [1]
  .rodata             const    0x08049c70      0x8  para.o [1]
  .rodata             const    0x08049c78      0x8  para.o [1]
  .rodata             const    0x08049c80      0x8  para.o [1]
  .rodata             const    0x08049c88      0x8  para.o [1]
  .rodata             const    0x08049c90      0x8  para.o [1]
  .rodata             const    0x08049c98      0x8  pub0sub1.o [1]
  .rodata             const    0x08049ca0      0x8  tasks.o [1]
  .rodata             const    0x08049ca8      0x8  timers.o [1]
  .rodata             const    0x08049cb0      0x4  heap_4.o [1]
  .rodata             const    0x08049cb4      0x4  MQTTConnectClient.o [1]
  .rodata             const    0x08049cb8      0x4  MQTTConnectClient.o [1]
  .rodata             const    0x08049cbc      0x4  MQTTConnectClient.o [1]
  .rodata             const    0x08049cc0      0x4  MQTTConnectClient.o [1]
  .rodata             const    0x08049cc4      0x4  MQTTConnectClient.o [1]
  .rodata             const    0x08049cc8      0x4  MQTTDeserializePublish.o [1]
  .rodata             const    0x08049ccc      0x4  MQTTPacket.o [1]
  .rodata             const    0x08049cd0      0x4  MQTTSerializePublish.o [1]
  .rodata             const    0x08049cd4      0x4  MQTTSubscribeClient.o [1]
  .rodata             const    0x08049cd8      0x4  MQTTSubscribeClient.o [1]
  .rodata             const    0x08049cdc      0x4  port.o [1]
  .text               ro code  0x08049ce0      0x4  startup_stm32f40_41xxx.o [1]
  .text               ro code  0x08049ce4      0x4  startup_stm32f40_41xxx.o [1]
  .text               ro code  0x08049ce8      0x4  startup_stm32f40_41xxx.o [1]
  .text               ro code  0x08049cec      0x4  startup_stm32f40_41xxx.o [1]
  .text               ro code  0x08049cf0      0x4  startup_stm32f40_41xxx.o [1]
  .text               ro code  0x08049cf4      0x4  startup_stm32f40_41xxx.o [1]
  .text               ro code  0x08049cf8      0x4  startup_stm32f40_41xxx.o [1]
  .text               ro code  0x08049cfc      0x4  startup_stm32f40_41xxx.o [1]
  .text               ro code  0x08049d00      0x4  startup_stm32f40_41xxx.o [1]
  .text               ro code  0x08049d04      0x4  startup_stm32f40_41xxx.o [1]
  .text               ro code  0x08049d08      0x4  startup_stm32f40_41xxx.o [1]
  .text               ro code  0x08049d0c      0x4  startup_stm32f40_41xxx.o [1]
  .text               ro code  0x08049d10      0x4  startup_stm32f40_41xxx.o [1]
  .text               ro code  0x08049d14      0x4  startup_stm32f40_41xxx.o [1]
  .text               ro code  0x08049d18      0x4  startup_stm32f40_41xxx.o [1]
  .text               ro code  0x08049d1c      0x4  startup_stm32f40_41xxx.o [1]
  .text               ro code  0x08049d20      0x4  startup_stm32f40_41xxx.o [1]
  .text               ro code  0x08049d24      0x4  startup_stm32f40_41xxx.o [1]
  .text               ro code  0x08049d28      0x4  startup_stm32f40_41xxx.o [1]
  .text               ro code  0x08049d2c      0x4  startup_stm32f40_41xxx.o [1]
  .text               ro code  0x08049d30      0x4  startup_stm32f40_41xxx.o [1]
  .text               ro code  0x08049d34      0x4  startup_stm32f40_41xxx.o [1]
  .text               ro code  0x08049d38      0x4  startup_stm32f40_41xxx.o [1]
  .text               ro code  0x08049d3c      0x4  startup_stm32f40_41xxx.o [1]
  .text               ro code  0x08049d40      0x4  startup_stm32f40_41xxx.o [1]
  .text               ro code  0x08049d44      0x4  startup_stm32f40_41xxx.o [1]
  .text               ro code  0x08049d48      0x4  startup_stm32f40_41xxx.o [1]
  .text               ro code  0x08049d4c      0x4  startup_stm32f40_41xxx.o [1]
  .text               ro code  0x08049d50      0x4  startup_stm32f40_41xxx.o [1]
  .text               ro code  0x08049d54      0x4  startup_stm32f40_41xxx.o [1]
  .text               ro code  0x08049d58      0x4  startup_stm32f40_41xxx.o [1]
  .text               ro code  0x08049d5c      0x4  startup_stm32f40_41xxx.o [1]
  .text               ro code  0x08049d60      0x4  startup_stm32f40_41xxx.o [1]
  .text               ro code  0x08049d64      0x4  startup_stm32f40_41xxx.o [1]
  .text               ro code  0x08049d68      0x4  startup_stm32f40_41xxx.o [1]
  .text               ro code  0x08049d6c      0x4  startup_stm32f40_41xxx.o [1]
  .text               ro code  0x08049d70      0x4  startup_stm32f40_41xxx.o [1]
  .text               ro code  0x08049d74      0x4  startup_stm32f40_41xxx.o [1]
  .text               ro code  0x08049d78      0x4  startup_stm32f40_41xxx.o [1]
  .text               ro code  0x08049d7c      0x4  startup_stm32f40_41xxx.o [1]
  .text               ro code  0x08049d80      0x4  startup_stm32f40_41xxx.o [1]
  .text               ro code  0x08049d84      0x4  startup_stm32f40_41xxx.o [1]
  .text               ro code  0x08049d88      0x4  startup_stm32f40_41xxx.o [1]
  .text               ro code  0x08049d8c      0x4  startup_stm32f40_41xxx.o [1]
  .text               ro code  0x08049d90      0x4  startup_stm32f40_41xxx.o [1]
  .text               ro code  0x08049d94      0x4  startup_stm32f40_41xxx.o [1]
  .text               ro code  0x08049d98      0x4  startup_stm32f40_41xxx.o [1]
  .text               ro code  0x08049d9c      0x4  startup_stm32f40_41xxx.o [1]
  .text               ro code  0x08049da0      0x4  startup_stm32f40_41xxx.o [1]
  .text               ro code  0x08049da4      0x4  startup_stm32f40_41xxx.o [1]
  .text               ro code  0x08049da8      0x4  startup_stm32f40_41xxx.o [1]
  .text               ro code  0x08049dac      0x4  startup_stm32f40_41xxx.o [1]
  .text               ro code  0x08049db0      0x4  startup_stm32f40_41xxx.o [1]
  .text               ro code  0x08049db4      0x4  startup_stm32f40_41xxx.o [1]
  .text               ro code  0x08049db8      0x4  startup_stm32f40_41xxx.o [1]
  .text               ro code  0x08049dbc      0x4  startup_stm32f40_41xxx.o [1]
  .text               ro code  0x08049dc0      0x4  startup_stm32f40_41xxx.o [1]
  .text               ro code  0x08049dc4      0x4  startup_stm32f40_41xxx.o [1]
  .text               ro code  0x08049dc8      0x4  startup_stm32f40_41xxx.o [1]
  .text               ro code  0x08049dcc      0x4  startup_stm32f40_41xxx.o [1]
  .text               ro code  0x08049dd0      0x4  startup_stm32f40_41xxx.o [1]
  .text               ro code  0x08049dd4      0x4  startup_stm32f40_41xxx.o [1]
  .text               ro code  0x08049dd8      0x4  startup_stm32f40_41xxx.o [1]
  .text               ro code  0x08049ddc      0x4  startup_stm32f40_41xxx.o [1]
  .text               ro code  0x08049de0      0x4  startup_stm32f40_41xxx.o [1]
  .text               ro code  0x08049de4      0x4  startup_stm32f40_41xxx.o [1]
  .text               ro code  0x08049de8      0x4  startup_stm32f40_41xxx.o [1]
  .text               ro code  0x08049dec      0x4  startup_stm32f40_41xxx.o [1]
  .rodata             const    0x08049df0      0x0  zero_init3.o [5]
  .rodata             const    0x08049df0      0x0  packbits_init.o [5]
  Initializer bytes   const    0x08049df0    0x120  <for P2 s0>
                             - 0x08049f10  0x49d88

"P2":                                      0x1f790
  P2 s0                        0x20000000    0x232  <Init block>
    __DLIB_PERTHREAD  inited   0x20000000     0x88  localeconv.o [3]
    __DLIB_PERTHREAD  inited   0x20000088     0x74  setlocale.o [3]
    .data             inited   0x200000fc     0x50  demo_fatfs.o [1]
    .data             inited   0x2000014c     0x48  usbh_usr.o [1]
    .data             inited   0x20000194     0x40  xfiles.o [3]
    .data             inited   0x200001d4     0x1c  malloc.o [1]
    .data             inited   0x200001f0     0x10  stm32f4xx_rcc.o [1]
    .data             inited   0x20000200     0x10  usbh_msc_core.o [1]
    .data             inited   0x20000210      0xc  usbh_core.o [1]
    .data             inited   0x2000021c      0x4  port.o [1]
    .data             inited   0x20000220      0x4  system_stm32f4xx.o [1]
    .data             inited   0x20000224      0x4  usbh_core.o [1]
    __DLIB_PERTHREAD  inited   0x20000228      0x4  errno.o [3]
    .data             inited   0x2000022c      0x2  bsp_w25qxx.o [1]
    .data             inited   0x2000022e      0x1  apptask.o [1]
    .data             inited   0x2000022f      0x1  encoder_tim.o [1]
    .data             inited   0x20000230      0x1  page_weimi.o [1]
    .data             inited   0x20000231      0x1  usbh_msc_scsi.o [1]
  .bss                zero     0x20000234  0x10400  heap_4.o [1]
  .bss                zero     0x20010634   0xa000  malloc.o [1]
  .bss                zero     0x2001a634   0x1000  bsp_w25qxx.o [1]
  .bss                zero     0x2001b634    0xa00  malloc.o [1]
  .bss                zero     0x2001c034    0x5ac  usbh_usr.o [1]
  .bss                zero     0x2001c5e0    0x5ac  usbh_usr.o [1]
  .bss                zero     0x2001cb8c    0x3e8  bsp_uart_fifo.o [1]
  .bss                zero     0x2001cf74    0x3e8  esp8266_handler.o [1]
  .bss                zero     0x2001d35c    0x3e8  esp8266_handler.o [1]
  .bss                zero     0x2001d744    0x3e8  pub0sub1.o [1]
  .bss                zero     0x2001db2c    0x200  ff.o [1]
  .bss                zero     0x2001dd2c    0x200  usbh_msc_scsi.o [1]
  .bss                zero     0x2001df2c    0x200  usbh_stdreq.o [1]
  .bss                zero     0x2001e12c    0x140  tasks.o [1]
  .bss                zero     0x2001e26c    0x12c  page_weimi.o [1]
  .bss                zero     0x2001e398     0xd4  protocol.o [1]
  .bss                zero     0x2001e46c     0xac  para.o [1]
  .bss                zero     0x2001e518     0xa4  protocol.o [1]
  .bss                zero     0x2001e5bc     0x94  usbh_usr.o [1]
  .bss                zero     0x2001e650     0x68  esp8266_handler.o [1]
  .bss                zero     0x2001e6b8     0x64  bsp_uart_fifo.o [1]
  .bss                zero     0x2001e71c     0x64  bsp_uart_fifo.o [1]
  .bss                zero     0x2001e780     0x4c  usbh_msc_core.o [1]
  .bss                zero     0x2001e7d0     0x58  bsp_sdio_sd.o [1]
  .bss                zero     0x2001e828     0x58  protocol.o [1]
  .bss                zero     0x2001e880     0x50  xfiles.o [3]
  .bss                zero     0x2001e8d0     0x40  page_weimi.o [1]
  .bss                zero     0x2001e910     0x40  pub0sub1.o [1]
  .bss                zero     0x2001e950     0x34  bsp_sdwe050c17.o [1]
  .bss                zero     0x2001e984     0x30  product_cal.o [1]
  .bss                zero     0x2001e9b4     0x28  product_cal.o [1]
  .bss                zero     0x2001e9dc     0x24  ff.o [1]
  .bss                zero     0x2001ea00     0x20  pub0sub1.o [1]
  .bss                zero     0x2001ea20     0x20  usbh_msc_bot.o [1]
  .bss                zero     0x2001ea40     0x18  bsp_sdio_sd.o [1]
  .bss                zero     0x2001ea58     0x18  bsp_sdio_sd.o [1]
  .bss                zero     0x2001ea70     0x18  encoder_tim.o [1]
  .bss                zero     0x2001ea88     0x14  bsp_sdio_sd.o [1]
  .bss                zero     0x2001ea9c     0x14  rc522.o [1]
  .bss                zero     0x2001eab0     0x14  tasks.o [1]
  .bss                zero     0x2001eac4     0x14  tasks.o [1]
  .bss                zero     0x2001ead8     0x14  tasks.o [1]
  .bss                zero     0x2001eaec     0x14  tasks.o [1]
  .bss                zero     0x2001eb00     0x14  tasks.o [1]
  .bss                zero     0x2001eb14     0x14  timers.o [1]
  .bss                zero     0x2001eb28     0x14  timers.o [1]
  .bss                zero     0x2001eb3c     0x10  bsp_sdio_sd.o [1]
  .bss                zero     0x2001eb4c     0x10  bsp_sdio_sd.o [1]
  .bss                zero     0x2001eb5c     0x10  usbh_msc_bot.o [1]
  .bss                zero     0x2001eb6c     0x10  usbh_msc_bot.o [1]
  .bss                zero     0x2001eb7c     0x10  usbh_msc_scsi.o [1]
  .bss                zero     0x2001eb8c      0xc  apptask.o [1]
  .bss                zero     0x2001eb98      0xc  apptask.o [1]
  .bss                zero     0x2001eba4      0xc  apptask.o [1]
  .bss                zero     0x2001ebb0      0xc  apptask.o [1]
  .bss                zero     0x2001ebbc      0xc  ff.o [1]
  .bss                zero     0x2001ebc8      0xc  protocol.o [1]
  .bss                zero     0x2001ebd4      0xc  protocol.o [1]
  .bss                zero     0x2001ebe0      0xc  protocol.o [1]
  .bss                zero     0x2001ebec      0xc  pub0sub1.o [1]
  .bss                zero     0x2001ebf8      0x8  heap_4.o [1]
  .bss                zero     0x2001ec00      0x8  modbus.o [1]
  .bss                zero     0x2001ec08      0x8  protocol.o [1]
  .bss                zero     0x2001ec10      0x8  pub0sub1.o [1]
  .bss                zero     0x2001ec18      0x4  apptask.o [1]
  .bss                zero     0x2001ec1c      0x4  apptask.o [1]
  .bss                zero     0x2001ec20      0x4  apptask.o [1]
  .bss                zero     0x2001ec24      0x4  apptask.o [1]
  .bss                zero     0x2001ec28      0x4  apptask.o [1]
  .bss                zero     0x2001ec2c      0x4  apptask.o [1]
  .bss                zero     0x2001ec30      0x4  apptask.o [1]
  .bss                zero     0x2001ec34      0x4  apptask.o [1]
  .bss                zero     0x2001ec38      0x4  apptask.o [1]
  .bss                zero     0x2001ec3c      0x4  apptask.o [1]
  .bss                zero     0x2001ec40      0x4  apptask.o [1]
  .bss                zero     0x2001ec44      0x4  apptask.o [1]
  .bss                zero     0x2001ec48      0x4  apptask.o [1]
  .bss                zero     0x2001ec4c      0x4  apptask.o [1]
  .bss                zero     0x2001ec50      0x4  apptask.o [1]
  .bss                zero     0x2001ec54      0x4  apptask.o [1]
  .bss                zero     0x2001ec58      0x4  apptask.o [1]
  .bss                zero     0x2001ec5c      0x4  apptask.o [1]
  .bss                zero     0x2001ec60      0x4  apptask.o [1]
  .bss                zero     0x2001ec64      0x4  apptask.o [1]
  .bss                zero     0x2001ec68      0x4  apptask.o [1]
  .bss                zero     0x2001ec6c      0x4  apptask.o [1]
  .bss                zero     0x2001ec70      0x4  apptask.o [1]
  .bss                zero     0x2001ec74      0x4  apptask.o [1]
  .bss                zero     0x2001ec78      0x4  apptask.o [1]
  .bss                zero     0x2001ec7c      0x4  apptask.o [1]
  .bss                zero     0x2001ec80      0x4  apptask.o [1]
  .bss                zero     0x2001ec84      0x4  apptask.o [1]
  .bss                zero     0x2001ec88      0x4  bsp_sdio_sd.o [1]
  .bss                zero     0x2001ec8c      0x4  bsp_sdio_sd.o [1]
  .bss                zero     0x2001ec90      0x4  bsp_sdio_sd.o [1]
  .bss                zero     0x2001ec94      0x4  bsp_sdio_sd.o [1]
  .bss                zero     0x2001ec98      0x4  bsp_sdio_sd.o [1]
  .bss                zero     0x2001ec9c      0x4  bsp_timer.o [1]
  .bss                zero     0x2001eca0      0x4  bsp_timer.o [1]
  .bss                zero     0x2001eca4      0x4  bsp_timer.o [1]
  .bss                zero     0x2001eca8      0x4  bsp_timer.o [1]
  .bss                zero     0x2001ecac      0x4  esp8266_handler.o [1]
  .bss                zero     0x2001ecb0      0x4  esp8266_handler.o [1]
  .bss                zero     0x2001ecb4      0x4  esp8266_handler.o [1]
  .bss                zero     0x2001ecb8      0x4  heap_4.o [1]
  .bss                zero     0x2001ecbc      0x4  heap_4.o [1]
  .bss                zero     0x2001ecc0      0x4  heap_4.o [1]
  .bss                zero     0x2001ecc4      0x4  heap_4.o [1]
  .bss                zero     0x2001ecc8      0x4  MQTTPacket.o [1]
  .bss                zero     0x2001eccc      0x4  page_weimi.o [1]
  .bss                zero     0x2001ecd0      0x4  page_weimi.o [1]
  .bss                zero     0x2001ecd4      0x4  port.o [1]
  .bss                zero     0x2001ecd8      0x4  product_cal.o [1]
  .bss                zero     0x2001ecdc      0x4  product_cal.o [1]
  .bss                zero     0x2001ece0      0x4  pub0sub1.o [1]
  .bss                zero     0x2001ece4      0x4  SysInfoTest.o [1]
  .bss                zero     0x2001ece8      0x4  tasks.o [1]
  .bss                zero     0x2001ecec      0x4  tasks.o [1]
  .bss                zero     0x2001ecf0      0x4  tasks.o [1]
  .bss                zero     0x2001ecf4      0x4  tasks.o [1]
  .bss                zero     0x2001ecf8      0x4  tasks.o [1]
  .bss                zero     0x2001ecfc      0x4  tasks.o [1]
  .bss                zero     0x2001ed00      0x4  tasks.o [1]
  .bss                zero     0x2001ed04      0x4  tasks.o [1]
  .bss                zero     0x2001ed08      0x4  tasks.o [1]
  .bss                zero     0x2001ed0c      0x4  tasks.o [1]
  .bss                zero     0x2001ed10      0x4  tasks.o [1]
  .bss                zero     0x2001ed14      0x4  tasks.o [1]
  .bss                zero     0x2001ed18      0x4  tasks.o [1]
  .bss                zero     0x2001ed1c      0x4  tasks.o [1]
  .bss                zero     0x2001ed20      0x4  tasks.o [1]
  .bss                zero     0x2001ed24      0x4  tasks.o [1]
  .bss                zero     0x2001ed28      0x4  timer_platform.o [1]
  .bss                zero     0x2001ed2c      0x4  timers.o [1]
  .bss                zero     0x2001ed30      0x4  timers.o [1]
  .bss                zero     0x2001ed34      0x4  timers.o [1]
  .bss                zero     0x2001ed38      0x4  timers.o [1]
  .bss                zero     0x2001ed3c      0x4  usbh_msc_bot.o [1]
  .bss                zero     0x2001ed40      0x4  usbh_msc_bot.o [1]
  .bss                zero     0x2001ed44      0x4  usbh_msc_bot.o [1]
  .bss                zero     0x2001ed48      0x4  usbh_msc_bot.o [1]
  .bss                zero     0x2001ed4c      0x2  apptask.o [1]
  .bss                zero     0x2001ed4e      0x2  apptask.o [1]
  .bss                zero     0x2001ed50      0x2  apptask.o [1]
  .bss                zero     0x2001ed52      0x2  apptask.o [1]
  .bss                zero     0x2001ed54      0x2  apptask.o [1]
  .bss                zero     0x2001ed56      0x2  bsp_sdwe050c17.o [1]
  .bss                zero     0x2001ed58      0x2  encoder_tim.o [1]
  .bss                zero     0x2001ed5a      0x2  encoder_tim.o [1]
  .bss                zero     0x2001ed5c      0x2  ff.o [1]
  .bss                zero     0x2001ed5e      0x2  page_weimi.o [1]
  .bss                zero     0x2001ed60      0x2  page_weimi.o [1]
  .bss                zero     0x2001ed62      0x2  product_cal.o [1]
  .bss                zero     0x2001ed64      0x2  usbh_core.o [1]
  .bss                zero     0x2001ed66      0x2  usbh_stdreq.o [1]
  .bss                zero     0x2001ed68      0x1  apptask.o [1]
  .bss                zero     0x2001ed69      0x1  apptask.o [1]
  .bss                zero     0x2001ed6a      0x1  apptask.o [1]
  .bss                zero     0x2001ed6b      0x1  apptask.o [1]
  .bss                zero     0x2001ed6c      0x1  apptask.o [1]
  .bss                zero     0x2001ed6d      0x1  apptask.o [1]
  .bss                zero     0x2001ed6e      0x1  apptask.o [1]
  .bss                zero     0x2001ed6f      0x1  apptask.o [1]
  .bss                zero     0x2001ed70      0x1  apptask.o [1]
  .bss                zero     0x2001ed71      0x1  apptask.o [1]
  .bss                zero     0x2001ed72      0x1  apptask.o [1]
  .bss                zero     0x2001ed73      0x1  apptask.o [1]
  .bss                zero     0x2001ed74      0x1  apptask.o [1]
  .bss                zero     0x2001ed75      0x1  apptask.o [1]
  .bss                zero     0x2001ed76      0x1  bsp_sdio_sd.o [1]
  .bss                zero     0x2001ed77      0x1  bsp_sdwe050c17.o [1]
  .bss                zero     0x2001ed78      0x1  bsp_uart_fifo.o [1]
  .bss                zero     0x2001ed79      0x1  encoder_tim.o [1]
  .bss                zero     0x2001ed7a      0x1  esp8266_handler.o [1]
  .bss                zero     0x2001ed7b      0x1  esp8266_handler.o [1]
  .bss                zero     0x2001ed7c      0x1  esp8266_handler.o [1]
  .bss                zero     0x2001ed7d      0x1  page_weimi.o [1]
  .bss                zero     0x2001ed7e      0x1  page_weimi.o [1]
  .bss                zero     0x2001ed7f      0x1  page_weimi.o [1]
  .bss                zero     0x2001ed80      0x1  page_weimi.o [1]
  .bss                zero     0x2001ed81      0x1  page_weimi.o [1]
  .bss                zero     0x2001ed82      0x1  page_weimi.o [1]
  .bss                zero     0x2001ed83      0x1  port.o [1]
  .bss                zero     0x2001ed84      0x1  product_cal.o [1]
  .bss                zero     0x2001ed85      0x1  product_cal.o [1]
  .bss                zero     0x2001ed86      0x1  protocol.o [1]
  .bss                zero     0x2001ed87      0x1  pub0sub1.o [1]
  .bss                zero     0x2001ed88      0x1  pub0sub1.o [1]
  .bss                zero     0x2001ed89      0x1  rc522.o [1]
  .bss                zero     0x2001ed8a      0x1  rc522.o [1]
  .bss                zero     0x2001ed8b      0x1  usbh_msc_bot.o [1]
  .bss                zero     0x2001ed8c      0x1  usbh_msc_core.o [1]
  .bss                zero     0x2001ed8d      0x1  usbh_msc_core.o [1]
  .bss                zero     0x2001ed8e      0x1  usbh_stdreq.o [1]
  .bss                zero     0x2001ed8f      0x1  usbh_usr.o [1]
  CSTACK                       0x2001ed90    0xa00  <Block>
    CSTACK            uninit   0x2001ed90    0xa00  <Block tail>
                             - 0x2001f790  0x1f790

Absolute sections:                         0xff000
  .bss                zero     0x68000000  0xf0000  malloc.o [1]
  .bss                zero     0x680f0000   0xf000  malloc.o [1]
                             - 0x680ff000  0xff000


*******************************************************************************
*** INIT TABLE
***

          Address     Size
          -------     ----
Zero (__iar_zero_init3)
    2 destination ranges, total size 0x11db5c:
          0x20000234  0x1eb5c
          0x68000000  0xff000

Copy/packbits (__iar_packbits_init3)
    1 source range, total size 0x120 (51% of destination):
          0x08049df0    0x120
    1 destination range, total size 0x232:
          0x20000000    0x232



*******************************************************************************
*** MODULE SUMMARY
***

    Module                    ro code  ro data  rw data    rw data
                                                            (abs)
    ------                    -------  -------  -------    -------
E:\WORK\YarnControl_Driver\YarnControl_Driver\src\stm32f4_rtos\Project\EWARMv7\Flash\Obj: [1]
    MQTTConnectClient.o           774       36
    MQTTDeserializePublish.o      188        4
    MQTTPacket.o                  656        4        4
    MQTTSerializePublish.o        236        4
    MQTTSubscribeClient.o         400        8
    SysInfoTest.o                  44                 4
    apptask.o                  29 428    3 549      185
    bsp.o                          84
    bsp_adc.o                     242
    bsp_closeSW.o                 212
    bsp_dac.o                     212
    bsp_dwt.o                     116
    bsp_led.o                     192
    bsp_relay.o                    68
    bsp_sdio_sd.o               6 744               209
    bsp_sdwe050c17.o            5 412       36       55
    bsp_servomotor.o              640
    bsp_spi.o                     292
    bsp_stepmotor.o             1 268
    bsp_sw_onoff.o                 68
    bsp_timer.o                   516                16
    bsp_uart_fifo.o             2 724             1 201
    bsp_w25qxx.o                  896        9    4 098
    bsp_watchdog.o                  8
    cc936.o                       244  176 320
    demo_fatfs.o                           733       80
    diskio.o                      740
    encoder_tim.o                 704                30
    esp8266_handler.o           1 044      324    2 119
    esp8266_init.o                124
    event_groups.o                610
    ff.o                        9 368       36      562
    heap_4.o                      640        4   66 584
    list.o                        152
    main.o                         48       32
    malloc.o                      540       39   43 548  1 044 480
    mcheck.o                      184      768
    misc.o                        136
    modbus.o                      852                 8
    page_weimi.o                1 304       13      383
    para.o                      5 310      284      172
    port.o                        588        6        9
    portasm.o                     168
    product_cal.o               1 728      400      100
    protocol.o                    128               509
    pub0sub1.o                  1 076      472    1 122
    queue.o                     1 992
    rc522.o                       238                22
    startup_stm32f40_41xxx.o      680
    stm32f4xx_adc.o               438
    stm32f4xx_dac.o               124
    stm32f4xx_dma.o               796
    stm32f4xx_exti.o              192
    stm32f4xx_gpio.o              300
    stm32f4xx_it.o                 56       44
    stm32f4xx_iwdg.o               16
    stm32f4xx_rcc.o               488        8       16
    stm32f4xx_sdio.o              380
    stm32f4xx_spi.o               116
    stm32f4xx_syscfg.o             84
    stm32f4xx_tim.o             1 782
    stm32f4xx_usart.o             596
    system_stm32f4xx.o            340        2        4
    tasks.o                     3 296        8      484
    timer_platform.o               64                 4
    timers.o                    1 188        8       56
    transport.o                   108
    usb_bsp.o                     332
    usb_core.o                  2 640
    usb_hcd.o                     214
    usb_hcd_int.o               3 198
    usbh_core.o                 1 888        8       18
    usbh_hcs.o                    442
    usbh_ioreq.o                  582
    usbh_it.o                      16
    usbh_msc_bot.o              1 364                81
    usbh_msc_core.o             1 000        8       94
    usbh_msc_scsi.o             1 560        1      529
    usbh_stdreq.o               1 078               515
    usbh_usr.o                    418      593    3 125
    --------------------------------------------------------------
    Total:                    105 114  183 761  125 946  1 044 480

command line: [2]
    --------------------------------------------------------------
    Total:

dl7M_tlf.a: [3]
    abort.o                         6
    div.o                          14
    errno.o                        12        2        4
    exit.o                          4
    isxxx.o                        40
    localeconv.o                  108       69      136
    printf.o                       36
    putchar.o                      12
    setlocale.o                    24       60      116
    snprintf.o                     68
    sprintf.o                      52
    sscanf.o                       36
    strcat.o                       28
    strstr.o                       44
    tolower.o                      20
    xfiles.o                                32      144
    xlocale_c.o                    54
    xprintffull_nomb.o          3 478
    xprout.o                       22
    xscanffull_nomb.o           2 916
    xsnprout.o                     26
    xsprout.o                      10
    xsscin.o                       30
    xstoflt.o                     440
    xstoll.o                      164
    xstopfx.o                     292
    xstoull.o                     432
    xstoxflt.o                    536
    xtls.o                          2
    --------------------------------------------------------------
    Total:                      8 906      163      400

m7M_tls.a: [4]
    DblAdd.o                      232
    DblCmpEq.o                     32
    DblCmpGe.o                     46
    DblCmpLe.o                     46
    DblDiv.o                      598
    DblMul.o                      418
    DblSub.o                      384
    DblToFlt.o                    144
    DblToI32.o                     88
    FltToDbl.o                     78
    I32ToDbl.o                     48
    fpinit_M.o                     34
    xdnorm.o                       66
    xdscale.o                     276
    xdtento.o                     512
    xdunscal.o                     82
    xstold.o                      360
    --------------------------------------------------------------
    Total:                      3 444

rt7M_tl.a: [5]
    ABImemclr4.o                    6
    ABImemcpy_unaligned.o         118
    ABImemset.o                   102
    ABImemset48.o                  50
    I64DivMod.o                   306
    I64DivZer.o                     2
    cexit.o                        10
    cmain.o                        26
    cstartup_M.o                   12
    data_init.o                    40
    memchr.o                       88
    memcmp_unaligned.o             98
    packbits_init.o               208
    strchr.o                       22
    strcmp_unaligned.o             66
    strcpy_unaligned.o             68
    strlen.o                       54
    zero_init3.o                   64
    --------------------------------------------------------------
    Total:                      1 340

shb_l.a: [6]
    exit.o                         20
    --------------------------------------------------------------
    Total:                         20

    Gaps                           58        6        6
    Linker created                          52    2 560
------------------------------------------------------------------
    Grand Total:              118 882  183 982  128 912  1 044 480


*******************************************************************************
*** ENTRY LIST
***

Entry                      Address     Size  Type      Object
-----                      -------     ----  ----      ------
.iar.init_table$$Base   0x08048cc4            --   Gb  - Linker created -
.iar.init_table$$Limit  0x08048cf8            --   Gb  - Linker created -
?main                   0x080490e5           Code  Gb  cmain.o [5]
ADC_Cmd                 0x0804056f     0x1a  Code  Gb  stm32f4xx_adc.o [1]
ADC_CommonInit          0x0804054d     0x22  Code  Gb  stm32f4xx_adc.o [1]
ADC_GetFlagStatus       0x08040699     0x1a  Code  Gb  stm32f4xx_adc.o [1]
ADC_Init                0x080404fd     0x50  Code  Gb  stm32f4xx_adc.o [1]
ADC_RegularChannelConfig
                        0x08040589     0xf6  Code  Gb  stm32f4xx_adc.o [1]
ADC_SoftwareStartConv   0x0804067f      0xa  Code  Gb  stm32f4xx_adc.o [1]
APBAHBPrescTable        0x200001f0     0x10  Data  Lc  stm32f4xx_rcc.o [1]
Adc_Init                0x0803a90d     0x8c  Code  Gb  bsp_adc.o [1]
AppObjCreate            0x08031501    0x194  Code  Gb  apptask.o [1]
AppTaskCreate           0x080312b5    0x238  Code  Gb  apptask.o [1]
BOTStallErrorCount      0x2001ed3c      0x4  Data  Lc  usbh_msc_bot.o [1]
BusFault_Handler        0x0804883b      0x2  Code  Gb  stm32f4xx_it.o [1]
CID_Tab                 0x2001eb4c     0x10  Data  Lc  bsp_sdio_sd.o [1]
CLIENT_ID               0x2001ea00     0x20  Data  Gb  pub0sub1.o [1]
CRC16HiTable            0x08048270    0x100  Data  Gb  mcheck.o [1]
CRC16LoTable            0x08048370    0x100  Data  Gb  mcheck.o [1]
CRC8Table               0x08048470    0x100  Data  Gb  mcheck.o [1]
CSD_Tab                 0x2001eb3c     0x10  Data  Lc  bsp_sdio_sd.o [1]
CSTACK$$Base            0x2001ed90            --   Gb  - Linker created -
CSTACK$$Limit           0x2001f790            --   Gb  - Linker created -
CardType                0x2001ec88      0x4  Data  Lc  bsp_sdio_sd.o [1]
ChannengMQTTPackage     0x08033f8b     0x7e  Code  Gb  product_cal.o [1]
CmdError                0x08044171     0x38  Code  Lc  bsp_sdio_sd.o [1]
CmdResp1Error           0x08044215    0x112  Code  Lc  bsp_sdio_sd.o [1]
CmdResp2Error           0x08044365     0x52  Code  Lc  bsp_sdio_sd.o [1]
CmdResp3Error           0x08044327     0x3e  Code  Lc  bsp_sdio_sd.o [1]
CmdResp6Error           0x080443b7     0xa6  Code  Lc  bsp_sdio_sd.o [1]
CmdResp7Error           0x080441a9     0x58  Code  Lc  bsp_sdio_sd.o [1]
ConfigExitNVIC          0x0803af3f     0x22  Code  Gb  bsp_closeSW.o [1]
ConfigUartNVIC          0x0803d4bf     0x7c  Code  Lc  bsp_uart_fifo.o [1]
ConnectTcp              0x0803ba7b     0x48  Code  Gb  esp8266_handler.o [1]
DAC_Cmd                 0x0803ec6f     0x26  Code  Gb  stm32f4xx_dac.o [1]
DAC_Init                0x0803ec3d     0x32  Code  Gb  stm32f4xx_dac.o [1]
DAC_SetChannel1Data     0x0803ec95     0x1e  Code  Gb  stm32f4xx_dac.o [1]
DMA1_Stream0_IRQHandler
                        0x08037a09     0x1c  Code  Gb  bsp_servomotor.o [1]
DMA1_Stream3_IRQHandler
                        0x08037a25     0x1c  Code  Gb  bsp_servomotor.o [1]
DMA2_Stream3_IRQHandler
                        0x08044a59      0x8  Code  Gb  bsp_sdio_sd.o [1]
DMAEndOfTransfer        0x2001ec98      0x4  Data  Gb  bsp_sdio_sd.o [1]
DMA_ClearFlag           0x0803f593     0x24  Code  Gb  stm32f4xx_dma.o [1]
DMA_Cmd                 0x0803f549     0x1a  Code  Gb  stm32f4xx_dma.o [1]
DMA_DeInit              0x0803f3b1    0x140  Code  Gb  stm32f4xx_dma.o [1]
DMA_FlowControllerConfig
                        0x0803f563     0x18  Code  Gb  stm32f4xx_dma.o [1]
DMA_GetCmdStatus        0x0803f57b     0x18  Code  Gb  stm32f4xx_dma.o [1]
DMA_GetITStatus         0x0803f5f9     0x62  Code  Gb  stm32f4xx_dma.o [1]
DMA_ITConfig            0x0803f5b7     0x42  Code  Gb  stm32f4xx_dma.o [1]
DMA_Init                0x0803f4f1     0x58  Code  Gb  stm32f4xx_dma.o [1]
Dac1_Init               0x080371f5     0x5a  Code  Gb  bsp_dac.o [1]
Dac1_Set_Vol            0x08037251     0x64  Code  Gb  bsp_dac.o [1]
DebugMon_Handler        0x0804883f      0x2  Code  Gb  stm32f4xx_it.o [1]
DiskFile_init           0x0803ae45     0x40  Code  Gb  protocol.o [1]
Disk_File               0x2001e398     0xd4  Data  Gb  protocol.o [1]
ENC_Calc_Average_Speed  0x0803b7ff     0x58  Code  Gb  encoder_tim.o [1]
ENC_Calc_Rot_Speed      0x0803b725     0xda  Code  Gb  encoder_tim.o [1]
ENC_Clear_Speed_Buffer  0x0803b709     0x1c  Code  Gb  encoder_tim.o [1]
ENC_Init                0x0803b61d     0xec  Code  Gb  encoder_tim.o [1]
ESP8266_Enable_MultipleId
                        0x0803b9a7     0x40  Code  Gb  esp8266_handler.o [1]
ESP8266_JoinAP          0x0803ba43     0x38  Code  Gb  esp8266_handler.o [1]
ESP8266_Net_Mode_Choose
                        0x0803b9e7     0x5c  Code  Gb  esp8266_handler.o [1]
EXTI9_5_IRQHandler      0x0803af61     0x3c  Code  Gb  bsp_closeSW.o [1]
EXTI_ClearITPendingBit  0x0804088f      0x6  Code  Gb  stm32f4xx_exti.o [1]
EXTI_GetITStatus        0x08040875     0x1a  Code  Gb  stm32f4xx_exti.o [1]
EXTI_Init               0x080407ed     0x88  Code  Gb  stm32f4xx_exti.o [1]
Esp8266_GetTcpStatus    0x0803bce9     0x12  Code  Gb  esp8266_handler.o [1]
Esp8266_Tcp_Send        0x0803bca3     0x46  Code  Gb  esp8266_handler.o [1]
FR_Table                0x200000fc     0x50  Data  Gb  demo_fatfs.o [1]
FatFs                   0x2001ebbc      0xc  Data  Lc  ff.o [1]
Files                   0x2001e9dc     0x24  Data  Lc  ff.o [1]
FindSCR                 0x08044605    0x206  Code  Lc  bsp_sdio_sd.o [1]
Fsid                    0x2001ed5c      0x2  Data  Lc  ff.o [1]
GPIO_Init               0x08035bb5     0xaa  Code  Gb  stm32f4xx_gpio.o [1]
GPIO_PinAFConfig        0x08035c87     0x5a  Code  Gb  stm32f4xx_gpio.o [1]
GPIO_ReadInputDataBit   0x08035c5f     0x1a  Code  Gb  stm32f4xx_gpio.o [1]
GPIO_WriteBit           0x08035c79      0xe  Code  Gb  stm32f4xx_gpio.o [1]
Get_Adc                 0x0803a999     0x2c  Code  Gb  bsp_adc.o [1]
Get_Adc_Average         0x0803a9cd     0x32  Code  Gb  bsp_adc.o [1]
HCD_GetCurrentFrame     0x0803f8a9      0x8  Code  Gb  usb_hcd.o [1]
HCD_GetCurrentSpeed     0x0803f88b     0x10  Code  Gb  usb_hcd.o [1]
HCD_GetURB_State        0x0803f8b1      0xa  Code  Gb  usb_hcd.o [1]
HCD_GetXferCnt          0x0803f8bb      0xc  Code  Gb  usb_hcd.o [1]
HCD_Init                0x0803f819     0x72  Code  Gb  usb_hcd.o [1]
HCD_ResetPort           0x0803f89b      0xe  Code  Gb  usb_hcd.o [1]
HCD_SubmitRequest       0x0803f8c7     0x28  Code  Gb  usb_hcd.o [1]
Handle_Internet_Data    0x0803bc0b     0x60  Code  Gb  esp8266_handler.o [1]
HardFault_Handler       0x0804880b     0x22  Code  Gb  stm32f4xx_it.o [1]
IWDG_Feed               0x0803c8a9      0x8  Code  Gb  bsp_watchdog.o [1]
IWDG_ReloadCounter      0x08041431      0xa  Code  Gb  stm32f4xx_iwdg.o [1]
InStream_Read           0x08048571     0x22  Code  Lc  packbits_init.o [5]
InitHardUart            0x0803d0d3    0x3ec  Code  Lc  bsp_uart_fifo.o [1]
Init_JINGSHA_GUI        0x08032593    0x116  Code  Gb  bsp_sdwe050c17.o [1]
JingSha_File            0x2001e828     0x58  Data  Gb  protocol.o [1]
LfnBuf                  0x2001db2c    0x200  Data  Lc  ff.o [1]
LfnOfs                  0x080497e0     0x10  Data  Lc  ff.o [1]
LoadInt                 0x0803e3c9     0x6e  Code  Lc  xprintffull_nomb.o [3]
MQTTDeserialize_connack
                        0x08040cb7     0x80  Code  Gb  MQTTConnectClient.o [1]
MQTTDeserialize_publish
                        0x08041289     0xb6  Code  Gb  MQTTDeserializePublish.o [1]
MQTTDeserialize_suback  0x080411e7     0x98  Code  Gb  MQTTSubscribeClient.o [1]
MQTTPacket_decode       0x08040e53     0x54  Code  Gb  MQTTPacket.o [1]
MQTTPacket_decodeBuf    0x08040ef3     0x14  Code  Gb  MQTTPacket.o [1]
[...]
mallco_dev              0x200001d4     0x1c  Data  Gb  malloc.o [1]
max_seg                 0x2001ed80      0x1  Data  Gb  page_weimi.o [1]
mb_init                 0x0803ad25     0x30  Code  Gb  modbus.o [1]
mb_packsend_frame       0x0803ac33     0xf2  Code  Gb  modbus.o [1]
mb_unpack_frame         0x0803aaf1    0x142  Code  Gb  modbus.o [1]
mc_check_crc16          0x08040721     0x40  Code  Gb  mcheck.o [1]
mc_check_crc8           0x080406fd     0x24  Code  Gb  mcheck.o [1]
mc_check_sum            0x080406b5     0x2e  Code  Gb  mcheck.o [1]
mc_check_xor            0x080406e3     0x1a  Code  Gb  mcheck.o [1]
mem1base                0x20010634   0xa000  Data  Gb  malloc.o [1]
mem1mapbase             0x2001b634    0xa00  Data  Gb  malloc.o [1]
mem2base                0x68000000  0xf0000  Data  Gb  malloc.o [1]
mem2mapbase             0x680f0000   0xf000  Data  Gb  malloc.o [1]
mem_cmp                 0x08038397     0x24  Code  Lc  ff.o [1]
mem_cpy                 0x08038365     0x1c  Code  Lc  ff.o [1]
mem_set                 0x08038381     0x16  Code  Lc  ff.o [1]
memblksize              0x08049bd0      0x8  Data  Gb  malloc.o [1]
memchr                  0x080417c9           Code  Gb  memchr.o [5]
memsize                 0x08049bd8      0x8  Data  Gb  malloc.o [1]
memtblsize              0x08049bc8      0x8  Data  Gb  malloc.o [1]
modbus_send_frame       0x0803ad55     0xe6  Code  Gb  modbus.o [1]
move_window             0x08038659     0x40  Code  Lc  ff.o [1]
mqttSubscribeData       0x2001cf74    0x3e8  Data  Gb  esp8266_handler.o [1]
mqtt_status             0x2001ec10      0x8  Data  Gb  pub0sub1.o [1]
my_mem_free             0x080354b7     0x6c  Code  Gb  malloc.o [1]
my_mem_init             0x0803537b     0x42  Code  Gb  malloc.o [1]
my_mem_malloc           0x080353fb     0xbc  Code  Gb  malloc.o [1]
my_mem_perused          0x080353bd     0x3e  Code  Gb  malloc.o [1]
myfree                  0x08035523     0x24  Code  Gb  malloc.o [1]
mymalloc                0x08035547     0x2a  Code  Gb  malloc.o [1]
mymemset                0x08035365     0x16  Code  Gb  malloc.o [1]
ndigs                   0x08045858     0x28  Data  Lc  xstoull.o [3]
netDeviceInfo_t         0x2001e650     0x68  Data  Gb  esp8266_handler.o [1]
net_device_send_cmd     0x0803b959     0x4e  Code  Gb  esp8266_handler.o [1]
obuf                    0x2001e880     0x50  Data  Lc  xfiles.o [3]
oem2uni                 0x0801560c  0x15484  Data  Lc  cc936.o [1]
old_card_record         0x2001ed6e      0x1  Data  Gb  apptask.o [1]
old_isWork              0x2001ed6a      0x1  Data  Gb  apptask.o [1]
old_is_stop             0x20000230      0x1  Data  Gb  page_weimi.o [1]
old_plan_complete       0x2001ed85      0x1  Data  Gb  product_cal.o [1]
old_system_state        0x2000022e      0x1  Data  Gb  apptask.o [1]
old_usb_disk_flag       0x2001ed6c      0x1  Data  Gb  apptask.o [1]
old_wifi_flag           0x2001ed7b      0x1  Data  Gb  esp8266_handler.o [1]
para_init               0x08036235     0x80  Code  Gb  para.o [1]
pcInterruptPriorityRegisters
                        0x08049cdc      0x4  Data  Lc  port.o [1]
peiliao_para            0x2001e984     0x30  Data  Gb  product_cal.o [1]
pick_lfn                0x08038eab     0x8c  Code  Lc  ff.o [1]
plan_complete           0x2001ed84      0x1  Data  Gb  product_cal.o [1]
pluse_count             0x2001ed4e      0x2  Data  Gb  apptask.o [1]
pluse_step_src          0x2001eba4      0xc  Data  Gb  apptask.o [1]
pows                    0x08046088     0x48  Data  Lc  xdtento.o [4]
printf                  0x0803527d     0x24  Code  Gb  printf.o [3]
product_complete_kilo   0x08033c0b     0x74  Code  Gb  product_cal.o [1]
product_complete_meter  0x08033bef     0x1c  Code  Gb  product_cal.o [1]
product_para            0x2001e9b4     0x28  Data  Gb  product_cal.o [1]
product_per_meter       0x08033b69     0x74  Code  Gb  product_cal.o [1]
prvAddCurrentTaskToDelayedList
                        0x08034d0d     0x48  Code  Lc  tasks.o [1]
prvAllocateTCBAndStack  0x08034d55     0x5a  Code  Lc  tasks.o [1]
prvCheckForValidListAndQueue
                        0x0803c837     0x52  Code  Lc  timers.o [1]
prvCheckTasksWaitingTermination
                        0x08034ca3     0x66  Code  Lc  tasks.o [1]
prvCopyDataFromQueue    0x0803242d     0x30  Code  Lc  queue.o [1]
prvCopyDataToQueue      0x080323a9     0x84  Code  Lc  queue.o [1]
prvDeleteTCB            0x08034daf     0x12  Code  Lc  tasks.o [1]
prvGetNextExpireTime    0x0803c623     0x2e  Code  Lc  timers.o [1]
prvHeapInit             0x0803cd25     0x6e  Code  Lc  heap_4.o [1]
prvIdleTask             0x08034bbd     0x26  Code  Lc  tasks.o [1]
prvInitialiseTCBVariables
                        0x08034be3     0x6a  Code  Lc  tasks.o [1]
prvInitialiseTaskLists  0x08034c4d     0x56  Code  Lc  tasks.o [1]
prvInsertBlockIntoFreeList
                        0x0803cd93     0x62  Code  Lc  heap_4.o [1]
prvInsertTimerInActiveList
                        0x0803c679     0x50  Code  Lc  timers.o [1]
prvIsQueueEmpty         0x080324c7     0x20  Code  Lc  queue.o [1]
prvIsQueueFull          0x080324e7     0x22  Code  Lc  queue.o [1]
prvProcessExpiredTimer  0x0803c53b     0x5c  Code  Lc  timers.o [1]
prvProcessReceivedCommands
                        0x0803c6c9     0xde  Code  Lc  timers.o [1]
prvProcessTimerOrBlockTask
                        0x0803c5b3     0x70  Code  Lc  timers.o [1]
prvResetNextTaskUnblockTime
                        0x08034dc1     0x26  Code  Lc  tasks.o [1]
prvSampleTimeNow        0x0803c651     0x28  Code  Lc  timers.o [1]
prvSwitchTimerLists     0x0803c7a7     0x90  Code  Lc  timers.o [1]
prvTaskExitError        0x0803c8d5     0x2a  Code  Lc  port.o [1]
prvTestWaitCondition    0x0803c3df     0x24  Code  Lc  event_groups.o [1]
prvTimerTask            0x0803c599     0x1a  Code  Lc  timers.o [1]
prvUnlockQueue          0x0803245d     0x6a  Code  Lc  queue.o [1]
pub_topicString         0x2001ebec      0xc  Data  Gb  pub0sub1.o [1]
put_fat                 0x080388a7    0x16c  Code  Gb  ff.o [1]
putchar                 0x080493b1      0xc  Code  Gb  putchar.o [3]
pvPortMalloc            0x0803cb95    0x118  Code  Gb  heap_4.o [1]
pxCurrentTCB            0x2001ece8      0x4  Data  Gb  tasks.o [1]
pxCurrentTimerList      0x2001ed2c      0x4  Data  Lc  timers.o [1]
pxDelayedTaskList       0x2001ecec      0x4  Data  Lc  tasks.o [1]
pxEnd                   0x2001ecb8      0x4  Data  Lc  heap_4.o [1]
pxOverflowDelayedTaskList
                        0x2001ecf0      0x4  Data  Lc  tasks.o [1]
pxOverflowTimerList     0x2001ed30      0x4  Data  Lc  timers.o [1]
pxPortInitialiseStack   0x0803c8b1     0x24  Code  Gb  port.o [1]
pxReadyTasksLists       0x2001e12c    0x140  Data  Lc  tasks.o [1]
rc522_cmd_anticoll      0x0803aa95     0x5a  Code  Gb  rc522.o [1]
rc522_cmd_request       0x0803aa41     0x54  Code  Gb  rc522.o [1]
readChar                0x08040f23     0x10  Code  Gb  MQTTPacket.o [1]
readDisk                0x2001ed71      0x1  Data  Gb  apptask.o [1]
readFilenum             0x2001ed72      0x1  Data  Gb  apptask.o [1]
readInt                 0x08040f07     0x1c  Code  Gb  MQTTPacket.o [1]
readMQTTLenString       0x08040fd9     0x3c  Code  Gb  MQTTPacket.o [1]
readSlave               0x2001eb98      0xc  Data  Gb  apptask.o [1]
read_device_info        0x08035ce1    0x2f4  Code  Gb  para.o [1]
read_file_select        0x2001ebe0      0xc  Data  Gb  protocol.o [1]
read_from_disk          0x080362e9    0xd04  Code  Gb  para.o [1]
remove_chain            0x08038a13     0x76  Code  Lc  ff.o [1]
rfid_rev_buf            0x2001ea9c     0x14  Data  Gb  rc522.o [1]
rfid_rev_cnt            0x2001ed8a      0x1  Data  Gb  rc522.o [1]
rfid_rev_flag           0x2001ed89      0x1  Data  Gb  rc522.o [1]
rtc_time                0x2001ec08      0x8  Data  Gb  protocol.o [1]
s_TIM_CallBack1         0x2001ec9c      0x4  Data  Lc  bsp_timer.o [1]
s_TIM_CallBack2         0x2001eca0      0x4  Data  Lc  bsp_timer.o [1]
s_TIM_CallBack3         0x2001eca4      0x4  Data  Lc  bsp_timer.o [1]
s_TIM_CallBack4         0x2001eca8      0x4  Data  Lc  bsp_timer.o [1]
sample_time             0x2001ed4c      0x2  Data  Gb  apptask.o [1]
sdew_weimi_page1        0x0803337d    0x28a  Code  Gb  bsp_sdwe050c17.o [1]
sdew_weimi_page2        0x08033619    0x1e6  Code  Gb  bsp_sdwe050c17.o [1]
sdew_weisha_page1       0x080337ff    0x100  Code  Gb  bsp_sdwe050c17.o [1]
sdew_weisha_page2       0x08033909    0x100  Code  Gb  bsp_sdwe050c17.o [1]
servo_diff              0x2001ec7c      0x4  Data  Gb  apptask.o [1]
servo_per_wei_src       0x2001ec78      0x4  Data  Gb  apptask.o [1]
servo_speed_diff        0x2001ec80      0x4  Data  Gb  apptask.o [1]
servomotor_guodu        0x2001ed7d      0x1  Data  Gb  page_weimi.o [1]
servomotor_mode         0x2001ed7e      0x1  Data  Gb  page_weimi.o [1]
slave_info              0x2001eb8c      0xc  Data  Gb  apptask.o [1]
snprintf                0x08040a71     0x44  Code  Gb  snprintf.o [3]
speed_diff              0x2001ebb0      0xc  Data  Gb  apptask.o [1]
speed_zhu               0x2001ed5e      0x2  Data  Gb  page_weimi.o [1]
speed_zhu1              0x2001ed60      0x2  Data  Gb  page_weimi.o [1]
sprintf                 0x0803a7fd     0x34  Code  Gb  sprintf.o [3]
sscanf                  0x0803ec19     0x24  Code  Gb  sscanf.o [3]
st_clust                0x08038ddd     0x18  Code  Lc  ff.o [1]
stepmotor_guodu         0x2001eccc      0x4  Data  Gb  page_weimi.o [1]
strcat                  0x0803a831     0x1c  Code  Gb  strcat.o [3]
strchr                  0x080417b1           Code  Gb  strchr.o [5]
strlen                  0x08035b7d           Code  Gb  strlen.o [5]
strstr                  0x0803aec5     0x10  Code  Gb  para.o [1]
sum_sfn                 0x080390b1     0x20  Code  Lc  ff.o [1]
symbol                  0x2001ec74      0x4  Data  Gb  apptask.o [1]
symbol_servo            0x2001ed73      0x1  Data  Gb  apptask.o [1]
sync_fs                 0x08038699     0xd8  Code  Lc  ff.o [1]
sync_window             0x080385ff     0x5a  Code  Lc  ff.o [1]
system_state_dis        0x08047f8c    0x190  Data  Gb  product_cal.o [1]
toStop                  0x2001ece0      0x4  Data  Gb  pub0sub1.o [1]
tolower                 0x08045bb5     0x14  Code  Gb  tolower.o [3]
total_meter_gross       0x2001ecd8      0x4  Data  Gb  product_cal.o [1]
total_weight_gross      0x2001ecdc      0x4  Data  Gb  product_cal.o [1]
transport_close         0x08040e0d     0x12  Code  Gb  transport.o [1]
transport_getdata       0x08040df9     0x14  Code  Gb  transport.o [1]
transport_sendPacketBuffer
                        0x08040dbd     0x3c  Code  Gb  transport.o [1]
ucHeap                  0x20000234  0x10400  Data  Lc  heap_4.o [1]
ucMaxSysCallPriority    0x2001ed83      0x1  Data  Lc  port.o [1]
ulHighFrequencyTimerTicks
                        0x2001ece4      0x4  Data  Gb  SysInfoTest.o [1]
ulMaxPRIGROUPValue      0x2001ecd4      0x4  Data  Lc  port.o [1]
ulTaskSwitchedInTime    0x2001ed20      0x4  Data  Lc  tasks.o [1]
ulTotalRunTime          0x2001ed24      0x4  Data  Lc  tasks.o [1]
uni2oem                 0x08000188  0x15484  Data  Lc  cc936.o [1]
usb_disk_flag           0x2001ed6b      0x1  Data  Gb  apptask.o [1]
usbh_OpenMassStorage    0x08037a61     0x14  Code  Gb  usbh_usr.o [1]
uxCriticalNesting       0x2000021c      0x4  Data  Lc  port.o [1]
uxCurrentNumberOfTasks  0x2001ecf8      0x4  Data  Lc  tasks.o [1]
uxListRemove            0x0803cb6d     0x28  Code  Gb  list.o [1]
uxPendedTicks           0x2001ed08      0x4  Data  Lc  tasks.o [1]
uxSchedulerSuspended    0x2001ed1c      0x4  Data  Lc  tasks.o [1]
uxTaskNumber            0x2001ed14      0x4  Data  Lc  tasks.o [1]
uxTaskResetEventItemValue
                        0x08034e21     0x20  Code  Gb  tasks.o [1]
uxTasksDeleted          0x2001ecf4      0x4  Data  Lc  tasks.o [1]
uxTopReadyPriority      0x2001ed00      0x4  Data  Lc  tasks.o [1]
vAnalysisUartData       0x08031081     0xca  Code  Gb  apptask.o [1]
vEsp8266_Main_Task      0x08030d0d    0x226  Code  Gb  apptask.o [1]
vListInitialise         0x0803cafd     0x1e  Code  Gb  list.o [1]
vListInsert             0x0803cb33     0x3a  Code  Gb  list.o [1]
vListInsertEnd          0x0803cb1b     0x18  Code  Gb  list.o [1]
vMQTT_Handler_Task      0x08030f45    0x138  Code  Gb  apptask.o [1]
vMQTT_Recive_Task       0x0803114b     0x7e  Code  Gb  apptask.o [1]
vMQTT_Tranmit_Task      0x080311cd     0xd0  Code  Gb  apptask.o [1]
vPortEnableVFP          0x080414cd           Code  Gb  portasm.o [1]
vPortEnterCritical      0x0803c9cb     0x3a  Code  Gb  port.o [1]
vPortExitCritical       0x0803ca05     0x32  Code  Gb  port.o [1]
vPortFree               0x0803ccad     0x78  Code  Gb  heap_4.o [1]
vPortSetupTimerInterrupt
                        0x0803ca63      0xe  Code  Wk  port.o [1]
vPortStartFirstTask     0x080414b5           Code  Gb  portasm.o [1]
vPortValidateInterruptPriority
                        0x0803ca71     0x4e  Code  Gb  port.o [1]
vQueueWaitForMessageRestricted
                        0x08032509     0x44  Code  Gb  queue.o [1]
vTaskDelay              0x08034419     0x84  Code  Gb  tasks.o [1]
vTaskDelayUntil         0x08034339     0xe0  Code  Gb  tasks.o [1]
vTaskFreq               0x080306e1    0x61e  Code  Lc  apptask.o [1]
vTaskManageCapacity     0x0802eff5    0x518  Code  Gb  apptask.o [1]
vTaskMassStorage        0x0802dcad    0x5ae  Code  Lc  apptask.o [1]
vTaskMissedYield        0x08034bb3      0xa  Code  Gb  tasks.o [1]
vTaskMotorControl       0x0802f5c5   0x1102  Code  Lc  apptask.o [1]
vTaskMsgPro             0x0802e7c5    0x434  Code  Lc  apptask.o [1]
vTaskPlaceOnEventList   0x08034819     0x74  Code  Gb  tasks.o [1]
vTaskPlaceOnEventListRestricted
                        0x08034951     0x80  Code  Gb  tasks.o [1]
vTaskPlaceOnUnorderedEventList
                        0x080348a9     0xa8  Code  Gb  tasks.o [1]
vTaskReadDisk           0x0802ed31    0x272  Code  Lc  apptask.o [1]
vTaskRev485             0x0802ec1d     0xd6  Code  Lc  apptask.o [1]
vTaskSetTimeOutState    0x08034afd     0x26  Code  Gb  tasks.o [1]
vTaskStartScheduler     0x0803449d     0x7e  Code  Gb  tasks.o [1]
vTaskSuspendAll         0x0803451b     0x10  Code  Gb  tasks.o [1]
vTaskSwitchContext      0x08034769     0xb0  Code  Gb  tasks.o [1]
vTaskTaskADC            0x0802e281     0x9c  Code  Lc  apptask.o [1]
vTaskTaskLCD            0x0802aa91   0x31dc  Code  Gb  apptask.o [1]
vTaskTaskLED            0x0802e261     0x20  Code  Lc  apptask.o [1]
vTaskTaskRFID           0x0802e34d    0x3fc  Code  Lc  apptask.o [1]
valid_seg               0x2001ecd0      0x4  Data  Gb  page_weimi.o [1]
validate                0x08039e57     0x36  Code  Lc  ff.o [1]
weimi_para              0x2001e26c    0x12c  Data  Gb  page_weimi.o [1]
wifi_flag               0x2001ed7a      0x1  Data  Gb  esp8266_handler.o [1]
work_idle_time          0x2001ed62      0x2  Data  Gb  product_cal.o [1]
writeCString            0x08040f69     0x2a  Code  Gb  MQTTPacket.o [1]
writeChar               0x08040f33      0xc  Code  Gb  MQTTPacket.o [1]
writeInt                0x08040f3f     0x2a  Code  Gb  MQTTPacket.o [1]
writeMQTTString         0x08040f93     0x46  Code  Gb  MQTTPacket.o [1]
xActiveTimerList1       0x2001eb14     0x14  Data  Lc  timers.o [1]
xActiveTimerList2       0x2001eb28     0x14  Data  Lc  timers.o [1]
xBlockAllocatedBit      0x2001ecc4      0x4  Data  Lc  heap_4.o [1]
xDelayedTaskList1       0x2001eab0     0x14  Data  Lc  tasks.o [1]
xDelayedTaskList2       0x2001eac4     0x14  Data  Lc  tasks.o [1]
xEventGroupCreate       0x0803c1a1     0x1c  Code  Gb  event_groups.o [1]
xEventGroupSetBits      0x0803c309     0xd6  Code  Gb  event_groups.o [1]
xEventGroupWaitBits     0x0803c1bd    0x146  Code  Gb  event_groups.o [1]
xFreeBytesRemaining     0x2001ecbc      0x4  Data  Lc  heap_4.o [1]
xHandleTaskADC          0x2001ec1c      0x4  Data  Gb  apptask.o [1]
xHandleTaskFreq         0x2001ec40      0x4  Data  Gb  apptask.o [1]
xHandleTaskLCD          0x2001ec18      0x4  Data  Gb  apptask.o [1]
xHandleTaskLED          0x2001ec20      0x4  Data  Gb  apptask.o [1]
xHandleTaskManageCapacity
                        0x2001ec38      0x4  Data  Gb  apptask.o [1]
xHandleTaskMassStorage  0x2001ec28      0x4  Data  Gb  apptask.o [1]
xHandleTaskMotorControl
                        0x2001ec3c      0x4  Data  Gb  apptask.o [1]
xHandleTaskMsgPro       0x2001ec30      0x4  Data  Gb  apptask.o [1]
xHandleTaskRFID         0x2001ec24      0x4  Data  Gb  apptask.o [1]
xHandleTaskReadDisk     0x2001ec2c      0x4  Data  Gb  apptask.o [1]
xHandleTaskRev485       0x2001ec34      0x4  Data  Gb  apptask.o [1]
xHeapStructSize         0x08049cb0      0x4  Data  Lc  heap_4.o [1]
xMinimumEverFreeBytesRemaining
                        0x2001ecc0      0x4  Data  Lc  heap_4.o [1]
xNextTaskUnblockTime    0x2001ed18      0x4  Data  Lc  tasks.o [1]
xNumOfOverflows         0x2001ed10      0x4  Data  Lc  tasks.o [1]
xPendingReadyList       0x2001ead8     0x14  Data  Lc  tasks.o [1]
xPortStartScheduler     0x0803c8ff     0xcc  Code  Gb  port.o [1]
xQueueGenericCreate     0x08031e15     0x7e  Code  Gb  queue.o [1]
xQueueGenericReceive    0x08032209    0x19c  Code  Gb  queue.o [1]
xQueueGenericReset      0x08031d85     0x90  Code  Gb  queue.o [1]
xQueueGenericSend       0x08031e93    0x1b2  Code  Gb  queue.o [1]
xQueueGenericSendFromISR
                        0x08032045     0xec  Code  Gb  queue.o [1]
xQueueGiveFromISR       0x08032131     0xd8  Code  Gb  queue.o [1]
xQueue_MQTT_Recv        0x2001ec64      0x4  Data  Gb  apptask.o [1]
xQueue_MQTT_Transmit    0x2001ec68      0x4  Data  Gb  apptask.o [1]
xQueue_esp8266_Cmd      0x2001ec6c      0x4  Data  Gb  apptask.o [1]
xQueue_message          0x2001ec70      0x4  Data  Gb  apptask.o [1]
xSchedulerRunning       0x2001ed04      0x4  Data  Lc  tasks.o [1]
xSemaphore_download     0x2001ec54      0x4  Data  Gb  apptask.o [1]
xSemaphore_encoder      0x2001ec50      0x4  Data  Gb  apptask.o [1]
xSemaphore_lcd          0x2001ec44      0x4  Data  Gb  apptask.o [1]
xSemaphore_pluse        0x2001ec4c      0x4  Data  Gb  apptask.o [1]
xSemaphore_readDisk     0x2001ec58      0x4  Data  Gb  apptask.o [1]
xSemaphore_rs485        0x2001ec48      0x4  Data  Gb  apptask.o [1]
xStart                  0x2001ebf8      0x8  Data  Lc  heap_4.o [1]
xSuspendedTaskList      0x2001eb00     0x14  Data  Lc  tasks.o [1]
xTaskCheckForTimeOut    0x08034b29     0x8a  Code  Gb  tasks.o [1]
xTaskGenericCreate      0x080341b5    0x184  Code  Gb  tasks.o [1]
xTaskGetSchedulerState  0x08034de7     0x26  Code  Gb  tasks.o [1]
xTaskGetTickCount       0x0803462b      0xa  Code  Gb  tasks.o [1]
xTaskIncrementTick      0x08034635    0x134  Code  Gb  tasks.o [1]
xTaskRemoveFromEventList
                        0x080349d5     0x8e  Code  Gb  tasks.o [1]
xTaskRemoveFromUnorderedEventList
                        0x08034a69     0x94  Code  Gb  tasks.o [1]
xTaskResumeAll          0x0803452b    0x100  Code  Gb  tasks.o [1]
xTasksWaitingTermination
                        0x2001eaec     0x14  Data  Lc  tasks.o [1]
xTickCount              0x2001ecfc      0x4  Data  Lc  tasks.o [1]
xTimerCreate            0x0803c455     0x62  Code  Gb  timers.o [1]
xTimerCreateTimerTask   0x0803c405     0x50  Code  Gb  timers.o [1]
xTimerGenericCommand    0x0803c4b7     0x84  Code  Gb  timers.o [1]
xTimerQueue             0x2001ed34      0x4  Data  Lc  timers.o [1]
xTimerUser              0x2001ec60      0x4  Data  Gb  apptask.o [1]
xYieldPending           0x2001ed0c      0x4  Data  Lc  tasks.o [1]


[1] = E:\WORK\YarnControl_Driver\YarnControl_Driver\src\stm32f4_rtos\Project\EWARMv7\Flash\Obj
[2] = command line
[3] = dl7M_tlf.a
[4] = m7M_tls.a
[5] = rt7M_tl.a
[6] = shb_l.a

  118 882 bytes of readonly  code memory
  183 982 bytes of readonly  data memory
  128 912 bytes of readwrite data memory (+ 1 044 480 absolute)

Errors: none
Warnings: none
