###############################################################################
#
# IAR ELF Linker V7.40.7.9843/W32 for ARM                 05/Jan/2019  23:16:35
# Copyright 2007-2015 IAR Systems AB.
#
#    Output file  =  
#        E:\WORK\YarnControl_Driver\YarnControl_Driver\src\stm32f4_rtos\Project\EWARMv7\Flash\Exe\project.out
#    Map file     =  
#        E:\WORK\YarnControl_Driver\YarnControl_Driver\src\stm32f4_rtos\Project\EWARMv7\Flash\List\project.map
#    Command line =  
#        E:\WORK\YarnControl_Driver\YarnControl_Driver\src\stm32f4_rtos\Project\EWARMv7\Flash\Obj\apptask.o
#        E:\WORK\YarnControl_Driver\YarnControl_Driver\src\stm32f4_rtos\Project\EWARMv7\Flash\Obj\bsp.o
#        E:\WORK\YarnControl_Driver\YarnControl_Driver\src\stm32f4_rtos\Project\EWARMv7\Flash\Obj\bsp_closeSW.o
#        E:\WORK\YarnControl_Driver\YarnControl_Driver\src\stm32f4_rtos\Project\EWARMv7\Flash\Obj\bsp_dwt.o
#        E:\WORK\YarnControl_Driver\YarnControl_Driver\src\stm32f4_rtos\Project\EWARMv7\Flash\Obj\bsp_led.o
#        E:\WORK\YarnControl_Driver\YarnControl_Driver\src\stm32f4_rtos\Project\EWARMv7\Flash\Obj\bsp_sdio_sd.o
#        E:\WORK\YarnControl_Driver\YarnControl_Driver\src\stm32f4_rtos\Project\EWARMv7\Flash\Obj\bsp_sdwe050c17.o
#        E:\WORK\YarnControl_Driver\YarnControl_Driver\src\stm32f4_rtos\Project\EWARMv7\Flash\Obj\bsp_servomotor.o
#        E:\WORK\YarnControl_Driver\YarnControl_Driver\src\stm32f4_rtos\Project\EWARMv7\Flash\Obj\bsp_spi.o
#        E:\WORK\YarnControl_Driver\YarnControl_Driver\src\stm32f4_rtos\Project\EWARMv7\Flash\Obj\bsp_stepmotor.o
#        E:\WORK\YarnControl_Driver\YarnControl_Driver\src\stm32f4_rtos\Project\EWARMv7\Flash\Obj\bsp_sw_onoff.o
#        E:\WORK\YarnControl_Driver\YarnControl_Driver\src\stm32f4_rtos\Project\EWARMv7\Flash\Obj\bsp_tim_pwm.o
#        E:\WORK\YarnControl_Driver\YarnControl_Driver\src\stm32f4_rtos\Project\EWARMv7\Flash\Obj\bsp_timer.o
#        E:\WORK\YarnControl_Driver\YarnControl_Driver\src\stm32f4_rtos\Project\EWARMv7\Flash\Obj\bsp_uart_fifo.o
#        E:\WORK\YarnControl_Driver\YarnControl_Driver\src\stm32f4_rtos\Project\EWARMv7\Flash\Obj\bsp_w25qxx.o
#        E:\WORK\YarnControl_Driver\YarnControl_Driver\src\stm32f4_rtos\Project\EWARMv7\Flash\Obj\bsp_watchdog.o
#        E:\WORK\YarnControl_Driver\YarnControl_Driver\src\stm32f4_rtos\Project\EWARMv7\Flash\Obj\cc936.o
#        E:\WORK\YarnControl_Driver\YarnControl_Driver\src\stm32f4_rtos\Project\EWARMv7\Flash\Obj\cJSON.o
#        E:\WORK\YarnControl_Driver\YarnControl_Driver\src\stm32f4_rtos\Project\EWARMv7\Flash\Obj\croutine.o
#        E:\WORK\YarnControl_Driver\YarnControl_Driver\src\stm32f4_rtos\Project\EWARMv7\Flash\Obj\demo_fatfs.o
#        E:\WORK\YarnControl_Driver\YarnControl_Driver\src\stm32f4_rtos\Project\EWARMv7\Flash\Obj\diskio.o
#        E:\WORK\YarnControl_Driver\YarnControl_Driver\src\stm32f4_rtos\Project\EWARMv7\Flash\Obj\esp8266_handler.o
#        E:\WORK\YarnControl_Driver\YarnControl_Driver\src\stm32f4_rtos\Project\EWARMv7\Flash\Obj\esp8266_init.o
#        E:\WORK\YarnControl_Driver\YarnControl_Driver\src\stm32f4_rtos\Project\EWARMv7\Flash\Obj\event_groups.o
#        E:\WORK\YarnControl_Driver\YarnControl_Driver\src\stm32f4_rtos\Project\EWARMv7\Flash\Obj\ff.o
#        E:\WORK\YarnControl_Driver\YarnControl_Driver\src\stm32f4_rtos\Project\EWARMv7\Flash\Obj\heap_4.o
#        E:\WORK\YarnControl_Driver\YarnControl_Driver\src\stm32f4_rtos\Project\EWARMv7\Flash\Obj\list.o
#        E:\WORK\YarnControl_Driver\YarnControl_Driver\src\stm32f4_rtos\Project\EWARMv7\Flash\Obj\main.o
#        E:\WORK\YarnControl_Driver\YarnControl_Driver\src\stm32f4_rtos\Project\EWARMv7\Flash\Obj\malloc.o
#        E:\WORK\YarnControl_Driver\YarnControl_Driver\src\stm32f4_rtos\Project\EWARMv7\Flash\Obj\mcheck.o
#        E:\WORK\YarnControl_Driver\YarnControl_Driver\src\stm32f4_rtos\Project\EWARMv7\Flash\Obj\misc.o
#        E:\WORK\YarnControl_Driver\YarnControl_Driver\src\stm32f4_rtos\Project\EWARMv7\Flash\Obj\modbus.o
#        E:\WORK\YarnControl_Driver\YarnControl_Driver\src\stm32f4_rtos\Project\EWARMv7\Flash\Obj\MQTTConnectClient.o
#        E:\WORK\YarnControl_Driver\YarnControl_Driver\src\stm32f4_rtos\Project\EWARMv7\Flash\Obj\MQTTConnectServer.o
#        E:\WORK\YarnControl_Driver\YarnControl_Driver\src\stm32f4_rtos\Project\EWARMv7\Flash\Obj\MQTTDeserializePublish.o
#        E:\WORK\YarnControl_Driver\YarnControl_Driver\src\stm32f4_rtos\Project\EWARMv7\Flash\Obj\MQTTFormat.o
#        E:\WORK\YarnControl_Driver\YarnControl_Driver\src\stm32f4_rtos\Project\EWARMv7\Flash\Obj\MQTTPacket.o
#        E:\WORK\YarnControl_Driver\YarnControl_Driver\src\stm32f4_rtos\Project\EWARMv7\Flash\Obj\MQTTSerializePublish.o
#        E:\WORK\YarnControl_Driver\YarnControl_Driver\src\stm32f4_rtos\Project\EWARMv7\Flash\Obj\MQTTSubscribeClient.o
#        E:\WORK\YarnControl_Driver\YarnControl_Driver\src\stm32f4_rtos\Project\EWARMv7\Flash\Obj\MQTTSubscribeServer.o
#        E:\WORK\YarnControl_Driver\YarnControl_Driver\src\stm32f4_rtos\Project\EWARMv7\Flash\Obj\MQTTUnsubscribeClient.o
#        E:\WORK\YarnControl_Driver\YarnControl_Driver\src\stm32f4_rtos\Project\EWARMv7\Flash\Obj\MQTTUnsubscribeServer.o
#        E:\WORK\YarnControl_Driver\YarnControl_Driver\src\stm32f4_rtos\Project\EWARMv7\Flash\Obj\para.o
#        E:\WORK\YarnControl_Driver\YarnControl_Driver\src\stm32f4_rtos\Project\EWARMv7\Flash\Obj\port.o
#        E:\WORK\YarnControl_Driver\YarnControl_Driver\src\stm32f4_rtos\Project\EWARMv7\Flash\Obj\portasm.o
#        E:\WORK\YarnControl_Driver\YarnControl_Driver\src\stm32f4_rtos\Project\EWARMv7\Flash\Obj\product_cal.o
#        E:\WORK\YarnControl_Driver\YarnControl_Driver\src\stm32f4_rtos\Project\EWARMv7\Flash\Obj\protocol.o
#        E:\WORK\YarnControl_Driver\YarnControl_Driver\src\stm32f4_rtos\Project\EWARMv7\Flash\Obj\pub0sub1.o
#        E:\WORK\YarnControl_Driver\YarnControl_Driver\src\stm32f4_rtos\Project\EWARMv7\Flash\Obj\queue.o
#        E:\WORK\YarnControl_Driver\YarnControl_Driver\src\stm32f4_rtos\Project\EWARMv7\Flash\Obj\rc522.o
#        E:\WORK\YarnControl_Driver\YarnControl_Driver\src\stm32f4_rtos\Project\EWARMv7\Flash\Obj\startup_stm32f40_41xxx.o
#        E:\WORK\YarnControl_Driver\YarnControl_Driver\src\stm32f4_rtos\Project\EWARMv7\Flash\Obj\stm32f4xx_adc.o
#        E:\WORK\YarnControl_Driver\YarnControl_Driver\src\stm32f4_rtos\Project\EWARMv7\Flash\Obj\stm32f4xx_assert.o
#        E:\WORK\YarnControl_Driver\YarnControl_Driver\src\stm32f4_rtos\Project\EWARMv7\Flash\Obj\stm32f4xx_can.o
#        E:\WORK\YarnControl_Driver\YarnControl_Driver\src\stm32f4_rtos\Project\EWARMv7\Flash\Obj\stm32f4xx_crc.o
#        E:\WORK\YarnControl_Driver\YarnControl_Driver\src\stm32f4_rtos\Project\EWARMv7\Flash\Obj\stm32f4xx_cryp.o
#        E:\WORK\YarnControl_Driver\YarnControl_Driver\src\stm32f4_rtos\Project\EWARMv7\Flash\Obj\stm32f4xx_cryp_aes.o
#        E:\WORK\YarnControl_Driver\YarnControl_Driver\src\stm32f4_rtos\Project\EWARMv7\Flash\Obj\stm32f4xx_cryp_des.o
#        E:\WORK\YarnControl_Driver\YarnControl_Driver\src\stm32f4_rtos\Project\EWARMv7\Flash\Obj\stm32f4xx_cryp_tdes.o
#        E:\WORK\YarnControl_Driver\YarnControl_Driver\src\stm32f4_rtos\Project\EWARMv7\Flash\Obj\stm32f4xx_dac.o
#        E:\WORK\YarnControl_Driver\YarnControl_Driver\src\stm32f4_rtos\Project\EWARMv7\Flash\Obj\stm32f4xx_dbgmcu.o
#        E:\WORK\YarnControl_Driver\YarnControl_Driver\src\stm32f4_rtos\Project\EWARMv7\Flash\Obj\stm32f4xx_dcmi.o
#        E:\WORK\YarnControl_Driver\YarnControl_Driver\src\stm32f4_rtos\Project\EWARMv7\Flash\Obj\stm32f4xx_dma.o
#        E:\WORK\YarnControl_Driver\YarnControl_Driver\src\stm32f4_rtos\Project\EWARMv7\Flash\Obj\stm32f4xx_dma2d.o
#        E:\WORK\YarnControl_Driver\YarnControl_Driver\src\stm32f4_rtos\Project\EWARMv7\Flash\Obj\stm32f4xx_exti.o
#        E:\WORK\YarnControl_Driver\YarnControl_Driver\src\stm32f4_rtos\Project\EWARMv7\Flash\Obj\stm32f4xx_flash.o
#        E:\WORK\YarnControl_Driver\YarnControl_Driver\src\stm32f4_rtos\Project\EWARMv7\Flash\Obj\stm32f4xx_fsmc.o
#        E:\WORK\YarnControl_Driver\YarnControl_Driver\src\stm32f4_rtos\Project\EWARMv7\Flash\Obj\stm32f4xx_gpio.o
#        E:\WORK\YarnControl_Driver\YarnControl_Driver\src\stm32f4_rtos\Project\EWARMv7\Flash\Obj\stm32f4xx_hash.o
#        E:\WORK\YarnControl_Driver\YarnControl_Driver\src\stm32f4_rtos\Project\EWARMv7\Flash\Obj\stm32f4xx_hash_md5.o
#        E:\WORK\YarnControl_Driver\YarnControl_Driver\src\stm32f4_rtos\Project\EWARMv7\Flash\Obj\stm32f4xx_hash_sha1.o
#        E:\WORK\YarnControl_Driver\YarnControl_Driver\src\stm32f4_rtos\Project\EWARMv7\Flash\Obj\stm32f4xx_i2c.o
#        E:\WORK\YarnControl_Driver\YarnControl_Driver\src\stm32f4_rtos\Project\EWARMv7\Flash\Obj\stm32f4xx_it.o
#        E:\WORK\YarnControl_Driver\YarnControl_Driver\src\stm32f4_rtos\Project\EWARMv7\Flash\Obj\stm32f4xx_iwdg.o
#        E:\WORK\YarnControl_Driver\YarnControl_Driver\src\stm32f4_rtos\Project\EWARMv7\Flash\Obj\stm32f4xx_ltdc.o
#        E:\WORK\YarnControl_Driver\YarnControl_Driver\src\stm32f4_rtos\Project\EWARMv7\Flash\Obj\stm32f4xx_pwr.o
#        E:\WORK\YarnControl_Driver\YarnControl_Driver\src\stm32f4_rtos\Project\EWARMv7\Flash\Obj\stm32f4xx_rcc.o
#        E:\WORK\YarnControl_Driver\YarnControl_Driver\src\stm32f4_rtos\Project\EWARMv7\Flash\Obj\stm32f4xx_rng.o
#        E:\WORK\YarnControl_Driver\YarnControl_Driver\src\stm32f4_rtos\Project\EWARMv7\Flash\Obj\stm32f4xx_rtc.o
#        E:\WORK\YarnControl_Driver\YarnControl_Driver\src\stm32f4_rtos\Project\EWARMv7\Flash\Obj\stm32f4xx_sai.o
#        E:\WORK\YarnControl_Driver\YarnControl_Driver\src\stm32f4_rtos\Project\EWARMv7\Flash\Obj\stm32f4xx_sdio.o
#        E:\WORK\YarnControl_Driver\YarnControl_Driver\src\stm32f4_rtos\Project\EWARMv7\Flash\Obj\stm32f4xx_spi.o
#        E:\WORK\YarnControl_Driver\YarnControl_Driver\src\stm32f4_rtos\Project\EWARMv7\Flash\Obj\stm32f4xx_syscfg.o
#        E:\WORK\YarnControl_Driver\YarnControl_Driver\src\stm32f4_rtos\Project\EWARMv7\Flash\Obj\stm32f4xx_tim.o
#        E:\WORK\YarnControl_Driver\YarnControl_Driver\src\stm32f4_rtos\Project\EWARMv7\Flash\Obj\stm32f4xx_usart.o
#        E:\WORK\YarnControl_Driver\YarnControl_Driver\src\stm32f4_rtos\Project\EWARMv7\Flash\Obj\stm32f4xx_wwdg.o
#        E:\WORK\YarnControl_Driver\YarnControl_Driver\src\stm32f4_rtos\Project\EWARMv7\Flash\Obj\SysInfoTest.o
#        E:\WORK\YarnControl_Driver\YarnControl_Driver\src\stm32f4_rtos\Project\EWARMv7\Flash\Obj\system_stm32f4xx.o
#        E:\WORK\YarnControl_Driver\YarnControl_Driver\src\stm32f4_rtos\Project\EWARMv7\Flash\Obj\tasks.o
#        E:\WORK\YarnControl_Driver\YarnControl_Driver\src\stm32f4_rtos\Project\EWARMv7\Flash\Obj\timers.o
#        E:\WORK\YarnControl_Driver\YarnControl_Driver\src\stm32f4_rtos\Project\EWARMv7\Flash\Obj\transport.o
#        E:\WORK\YarnControl_Driver\YarnControl_Driver\src\stm32f4_rtos\Project\EWARMv7\Flash\Obj\usb_bsp.o
#        E:\WORK\YarnControl_Driver\YarnControl_Driver\src\stm32f4_rtos\Project\EWARMv7\Flash\Obj\usb_core.o
#        E:\WORK\YarnControl_Driver\YarnControl_Driver\src\stm32f4_rtos\Project\EWARMv7\Flash\Obj\usb_hcd.o
#        E:\WORK\YarnControl_Driver\YarnControl_Driver\src\stm32f4_rtos\Project\EWARMv7\Flash\Obj\usb_hcd_int.o
#        E:\WORK\YarnControl_Driver\YarnControl_Driver\src\stm32f4_rtos\Project\EWARMv7\Flash\Obj\usbh_core.o
#        E:\WORK\YarnControl_Driver\YarnControl_Driver\src\stm32f4_rtos\Project\EWARMv7\Flash\Obj\usbh_hcs.o
#        E:\WORK\YarnControl_Driver\YarnControl_Driver\src\stm32f4_rtos\Project\EWARMv7\Flash\Obj\usbh_ioreq.o
#        E:\WORK\YarnControl_Driver\YarnControl_Driver\src\stm32f4_rtos\Project\EWARMv7\Flash\Obj\usbh_it.o
#        E:\WORK\YarnControl_Driver\YarnControl_Driver\src\stm32f4_rtos\Project\EWARMv7\Flash\Obj\usbh_msc_bot.o
#        E:\WORK\YarnControl_Driver\YarnControl_Driver\src\stm32f4_rtos\Project\EWARMv7\Flash\Obj\usbh_msc_core.o
#        E:\WORK\YarnControl_Driver\YarnControl_Driver\src\stm32f4_rtos\Project\EWARMv7\Flash\Obj\usbh_msc_scsi.o
#        E:\WORK\YarnControl_Driver\YarnControl_Driver\src\stm32f4_rtos\Project\EWARMv7\Flash\Obj\usbh_stdreq.o
#        E:\WORK\YarnControl_Driver\YarnControl_Driver\src\stm32f4_rtos\Project\EWARMv7\Flash\Obj\usbh_usr.o
#        -o
#        E:\WORK\YarnControl_Driver\YarnControl_Driver\src\stm32f4_rtos\Project\EWARMv7\Flash\Exe\project.out
#        --map
#        E:\WORK\YarnControl_Driver\YarnControl_Driver\src\stm32f4_rtos\Project\EWARMv7\Flash\List\project.map
#        --config
#        E:\WORK\YarnControl_Driver\YarnControl_Driver\src\stm32f4_rtos\Project\EWARMv7\stm32f4xx_flash.icf
#        --semihosting --entry __iar_program_start --inline --vfe
#
###############################################################################

*******************************************************************************
*** RUNTIME MODEL ATTRIBUTES
***

CppFlavor                     = *
__Heap_Handler                = DLMalloc
__SystemLibrary               = DLib
__dlib_dynamic_initialization = normal


*******************************************************************************
*** PLACEMENT SUMMARY
***

"A1":  place at 0x08000000 { ro section .intvec };
"P1":  place in [from 0x08000000 to 0x080fffff] { ro };
"P2":  place in [from 0x20000000 to 0x2001ffff] { rw, block CSTACK, block HEAP };

  Section             Kind        Address     Size  Object
  -------             ----        -------     ----  ------
"A1":                                        0x188
  .intvec             ro code  0x08000000    0x188  startup_stm32f40_41xxx.o [1]
                             - 0x08000188    0x188

"P1":                                      0x3d9ec
  .rodata             const    0x08000188  0x15484  cc936.o [1]
  .rodata             const    0x0801560c  0x15484  cc936.o [1]
  .text               ro code  0x0802aa90   0x2530  apptask.o [1]
  .text               ro code  0x0802cfc0    0xc00  tasks.o [1]
  .text               ro code  0x0802dbc0    0x7c8  queue.o [1]
  .text               ro code  0x0802e388    0x6c8  bsp_sdwe050c17.o [1]
  .text               ro code  0x0802ea50     0x66  ABImemset.o [5]
  .text               ro code  0x0802eab6      0xa  xsprout.o [3]
  .text               ro code  0x0802eac0    0x370  bsp_w25qxx.o [1]
  .text               ro code  0x0802ee30     0x76  ABImemcpy_unaligned.o [5]
  .text               ro code  0x0802eea8     0x4e  FltToDbl.o [4]
  .text               ro code  0x0802eef8     0x24  printf.o [3]
  .text               ro code  0x0802ef1c     0x42  strcmp_unaligned.o [5]
  .text               ro code  0x0802ef60    0x204  bsp_timer.o [1]
  .text               ro code  0x0802f164    0x2ec  stm32f4xx_tim.o [1]
  .text               ro code  0x0802f450    0x178  product_cal.o [1]
  .text               ro code  0x0802f5c8    0x1b6  usbh_usr.o [1]
  .text               ro code  0x0802f780    0x760  usbh_core.o [1]
  .text               ro code  0x0802fee0   0x2264  ff.o [1]
  .text               ro code  0x08032144     0x34  sprintf.o [3]
  .text               ro code  0x08032178    0x256  DblDiv.o [4]
  .text               ro code  0x080323ce     0x1c  strcat.o [3]
  .text               ro code  0x080323ec     0x36  strlen.o [5]
  .text               ro code  0x08032424     0xc0  bsp_led.o [1]
  .text               ro code  0x080324e4    0x162  rc522.o [1]
  .text               ro code  0x08032648    0x354  modbus.o [1]
  .text               ro code  0x0803299c     0x68  bsp_sw_onoff.o [1]
  .text               ro code  0x08032a04     0x44  protocol.o [1]
  .text               ro code  0x08032a48     0x10  esp8266_handler.o [1]
  .text               ro code  0x08032a58    0x262  event_groups.o [1]
  .text               ro code  0x08032cbc    0x4a4  timers.o [1]
  .text               ro code  0x08033160      0x8  bsp_watchdog.o [1]
  .text               ro code  0x08033168    0x24c  port.o [1]
  .text               ro code  0x080333b4     0x98  list.o [1]
  .text               ro code  0x0803344c    0x280  heap_4.o [1]
  .text               ro code  0x080336cc    0x1c4  stm32f4xx_rcc.o [1]
  .text               ro code  0x08033890    0x12c  stm32f4xx_gpio.o [1]
  .text               ro code  0x080339bc    0xaac  bsp_uart_fifo.o [1]
  .text               ro code  0x08034468    0x124  bsp_spi.o [1]
  .text               ro code  0x0803458c    0xd96  xprintffull_nomb.o [3]
  .text               ro code  0x08035324     0x88  misc.o [1]
  .text               ro code  0x080353ac    0x14c  usb_bsp.o [1]
  .text               ro code  0x080354f8     0xd6  usb_hcd.o [1]
  .text               ro code  0x080355ce    0x1ba  usbh_hcs.o [1]
  .text               ro code  0x08035788    0x436  usbh_stdreq.o [1]
  .text               ro code  0x08035bbe    0x246  usbh_ioreq.o [1]
  .text               ro code  0x08035e04    0x2e4  diskio.o [1]
  .text               ro code  0x080360e8     0xf4  cc936.o [1]
  .text               ro code  0x080361dc     0xb8  mcheck.o [1]
  .text               ro code  0x08036294    0x21c  malloc.o [1]
  .text               ro code  0x080364b0     0x2c  strstr.o [3]
  .text               ro code  0x080364dc     0x10  stm32f4xx_iwdg.o [1]
  CODE                ro code  0x080364ec     0xa8  portasm.o [1]
  .text               ro code  0x08036594    0x22e  stm32f4xx_usart.o [1]
  .text               ro code  0x080367c4    0x2b4  stm32f4xx_dma.o [1]
  .text               ro code  0x08036a78     0x74  stm32f4xx_spi.o [1]
  .text               ro code  0x08036aec     0x16  strchr.o [5]
  .text               ro code  0x08036b04     0x58  memchr.o [5]
  .text               ro code  0x08036b5c     0xee  I64DivMod.o [5]
  .text               ro code  0x08036c4a     0x42  xdnorm.o [4]
  .text               ro code  0x08036c8c     0x2e  DblCmpLe.o [4]
  .text               ro code  0x08036cbc     0x2e  DblCmpGe.o [4]
  .text               ro code  0x08036cec    0x114  xdscale.o [4]
  .text               ro code  0x08036e00     0x58  DblToI32.o [4]
  .text               ro code  0x08036e58     0x30  I32ToDbl.o [4]
  .text               ro code  0x08036e88    0x180  DblSub.o [4]
  .text               ro code  0x08037008    0x1a2  DblMul.o [4]
  .text               ro code  0x080371ac     0x6c  localeconv.o [3]
  .text               ro code  0x08037218      0xe  div.o [3]
  .text               ro code  0x08037228     0x74  bsp_dwt.o [1]
  .text               ro code  0x0803729c    0xa50  usb_core.o [1]
  .text               ro code  0x08037cec   0x1a58  bsp_sdio_sd.o [1]
  .text               ro code  0x08039744    0x618  usbh_msc_scsi.o [1]
  .text               ro code  0x08039d5c    0x554  usbh_msc_bot.o [1]
  .text               ro code  0x0803a2b0      0x2  I64DivZer.o [5]
  .text               ro code  0x0803a2b4     0xd4  DblAdd.o [4]
  .text               ro code  0x0803a388    0x17c  stm32f4xx_sdio.o [1]
  .text               ro code  0x0803a504    0xc7e  usb_hcd_int.o [1]
  .text               ro code  0x0803b184    0x3e8  usbh_msc_core.o [1]
  .rodata             const    0x0803b56c    0x3dc  cc936.o [1]
  .rodata             const    0x0803b948    0x3dc  cc936.o [1]
  .text               ro code  0x0803bd24    0x2e0  bsp_tim_pwm.o [1]
  .text               ro code  0x0803c004    0x21c  bsp_stepmotor.o [1]
  .rodata             const    0x0803c220    0x1f4  apptask.o [1]
  .text               ro code  0x0803c414    0x19c  para.o [1]
  .text               ro code  0x0803c5b0    0x154  system_stm32f4xx.o [1]
  .rodata             const    0x0803c704    0x100  mcheck.o [1]
  .rodata             const    0x0803c804    0x100  mcheck.o [1]
  .rodata             const    0x0803c904    0x100  mcheck.o [1]
  .text               ro code  0x0803ca04     0xd4  bsp_closeSW.o [1]
  .text               ro code  0x0803cad8     0x54  stm32f4xx_syscfg.o [1]
  .text               ro code  0x0803cb2c     0xc0  stm32f4xx_exti.o [1]
  .text               ro code  0x0803cbec     0xc4  bsp_servomotor.o [1]
  .text               ro code  0x0803ccb0     0x50  bsp.o [1]
  .text               ro code  0x0803cd00     0x40  zero_init3.o [5]
  .text               ro code  0x0803cd40     0x3c  SysInfoTest.o [1]
  .rodata             const    0x0803cd7c     0x38  demo_fatfs.o [1]
  .text               ro code  0x0803cdb4     0x38  stm32f4xx_it.o [1]
  .text               ro code  0x0803cdec     0x34  main.o [1]
  .rodata             const    0x0803ce20     0x30  apptask.o [1]
  .rodata             const    0x0803ce50     0x30  demo_fatfs.o [1]
  .rodata             const    0x0803ce80     0x30  demo_fatfs.o [1]
  .rodata             const    0x0803ceb0     0x2c  apptask.o [1]
  .rodata             const    0x0803cedc     0x2c  demo_fatfs.o [1]
  .rodata             const    0x0803cf08     0x2c  demo_fatfs.o [1]
  .rodata             const    0x0803cf34     0x2c  stm32f4xx_it.o [1]
  .text               ro code  0x0803cf60     0x2c  copy_init3.o [5]
  .rodata             const    0x0803cf8c     0x28  demo_fatfs.o [1]
  .rodata             const    0x0803cfb4     0x28  demo_fatfs.o [1]
  .rodata             const    0x0803cfdc     0x28  demo_fatfs.o [1]
  .text               ro code  0x0803d004     0x28  data_init.o [5]
  .rodata             const    0x0803d02c     0x24  demo_fatfs.o [1]
  .rodata             const    0x0803d050     0x24  demo_fatfs.o [1]
  .rodata             const    0x0803d074     0x24  usbh_usr.o [1]
  .text               ro code  0x0803d098     0x22  fpinit_M.o [4]
  .iar.init_table     const    0x0803d0bc     0x2c  - Linker created -
  .rodata             const    0x0803d0e8     0x20  apptask.o [1]
  .rodata             const    0x0803d108     0x20  apptask.o [1]
  .rodata             const    0x0803d128     0x20  bsp_sdwe050c17.o [1]
  .rodata             const    0x0803d148     0x20  demo_fatfs.o [1]
  .rodata             const    0x0803d168     0x20  demo_fatfs.o [1]
  .rodata             const    0x0803d188     0x20  demo_fatfs.o [1]
  .rodata             const    0x0803d1a8     0x20  usbh_usr.o [1]
  .rodata             const    0x0803d1c8     0x20  usbh_usr.o [1]
  .rodata             const    0x0803d1e8     0x20  usbh_usr.o [1]
  .rodata             const    0x0803d208     0x20  usbh_usr.o [1]
  .rodata             const    0x0803d228     0x20  usbh_usr.o [1]
  .rodata             const    0x0803d248     0x1c  apptask.o [1]
  .rodata             const    0x0803d264     0x1c  apptask.o [1]
  .rodata             const    0x0803d280     0x1c  apptask.o [1]
  .rodata             const    0x0803d29c     0x1c  apptask.o [1]
  .rodata             const    0x0803d2b8     0x1c  apptask.o [1]
  .rodata             const    0x0803d2d4     0x1c  apptask.o [1]
  .rodata             const    0x0803d2f0     0x1c  demo_fatfs.o [1]
  .rodata             const    0x0803d30c     0x1c  demo_fatfs.o [1]
  .rodata             const    0x0803d328     0x1c  usbh_usr.o [1]
  .rodata             const    0x0803d344     0x1c  usbh_usr.o [1]
  .rodata             const    0x0803d360     0x1c  usbh_usr.o [1]
  .rodata             const    0x0803d37c     0x1c  usbh_usr.o [1]
  .rodata             const    0x0803d398     0x1c  usbh_usr.o [1]
  .rodata             const    0x0803d3b4     0x1c  usbh_usr.o [1]
  .text               ro code  0x0803d3d0     0x1a  cmain.o [5]
  .text               ro code  0x0803d3ea      0x4  exit.o [3]
  .text               ro code  0x0803d3f0      0xa  cexit.o [5]
  .text               ro code  0x0803d3fc     0x14  exit.o [6]
  .rodata             const    0x0803d410     0x18  apptask.o [1]
  .rodata             const    0x0803d428     0x18  apptask.o [1]
  .rodata             const    0x0803d440     0x18  apptask.o [1]
  .rodata             const    0x0803d458     0x18  apptask.o [1]
  .rodata             const    0x0803d470     0x18  apptask.o [1]
  .rodata             const    0x0803d488     0x18  apptask.o [1]
  .rodata             const    0x0803d4a0     0x18  apptask.o [1]
  .rodata             const    0x0803d4b8     0x18  demo_fatfs.o [1]
  .rodata             const    0x0803d4d0     0x18  demo_fatfs.o [1]
  .rodata             const    0x0803d4e8     0x18  demo_fatfs.o [1]
  .rodata             const    0x0803d500     0x18  demo_fatfs.o [1]
  .rodata             const    0x0803d518     0x18  usbh_usr.o [1]
  .rodata             const    0x0803d530     0x18  usbh_usr.o [1]
  .rodata             const    0x0803d548     0x18  usbh_usr.o [1]
  .rodata             const    0x0803d560     0x18  usbh_usr.o [1]
  .rodata             const    0x0803d578     0x18  usbh_usr.o [1]
  .text               ro code  0x0803d590     0x16  xprout.o [3]
  .text               ro code  0x0803d5a8      0xc  putchar.o [3]
  .rodata             const    0x0803d5b4     0x14  apptask.o [1]
  .rodata             const    0x0803d5c8     0x14  apptask.o [1]
  .rodata             const    0x0803d5dc     0x14  apptask.o [1]
  .rodata             const    0x0803d5f0     0x14  apptask.o [1]
  .rodata             const    0x0803d604     0x14  apptask.o [1]
  .rodata             const    0x0803d618     0x14  usbh_usr.o [1]
  .rodata             const    0x0803d62c     0x14  usbh_usr.o [1]
  .rodata             const    0x0803d640     0x10  apptask.o [1]
  .rodata             const    0x0803d650     0x10  apptask.o [1]
  .rodata             const    0x0803d660     0x10  apptask.o [1]
  .rodata             const    0x0803d670     0x10  apptask.o [1]
  .rodata             const    0x0803d680     0x10  apptask.o [1]
  .rodata             const    0x0803d690     0x10  apptask.o [1]
  .rodata             const    0x0803d6a0     0x10  apptask.o [1]
  .rodata             const    0x0803d6b0     0x10  apptask.o [1]
  .rodata             const    0x0803d6c0     0x10  apptask.o [1]
  .rodata             const    0x0803d6d0     0x10  ff.o [1]
  .rodata             const    0x0803d6e0     0x10  main.o [1]
  .rodata             const    0x0803d6f0     0x10  main.o [1]
  .rodata             const    0x0803d700     0x10  usbh_usr.o [1]
  .rodata             const    0x0803d710     0x10  usbh_usr.o [1]
  .text               ro code  0x0803d720     0x10  startup_stm32f40_41xxx.o [1]
  .text               ro code  0x0803d730     0x10  usbh_it.o [1]
  .rodata             const    0x0803d740      0xc  apptask.o [1]
  .rodata             const    0x0803d74c      0xc  apptask.o [1]
  .rodata             const    0x0803d758      0xc  apptask.o [1]
  .rodata             const    0x0803d764      0xc  apptask.o [1]
  .rodata             const    0x0803d770      0xc  apptask.o [1]
  .rodata             const    0x0803d77c      0xc  apptask.o [1]
  .rodata             const    0x0803d788      0xc  apptask.o [1]
  .rodata             const    0x0803d794      0xc  apptask.o [1]
  .rodata             const    0x0803d7a0      0xc  apptask.o [1]
  .rodata             const    0x0803d7ac      0xc  apptask.o [1]
  .rodata             const    0x0803d7b8      0xc  apptask.o [1]
  .rodata             const    0x0803d7c4      0xc  apptask.o [1]
  .rodata             const    0x0803d7d0      0xc  apptask.o [1]
  .rodata             const    0x0803d7dc      0xc  bsp_sdwe050c17.o [1]
  .rodata             const    0x0803d7e8      0xc  bsp_sdwe050c17.o [1]
  .rodata             const    0x0803d7f4      0xc  demo_fatfs.o [1]
  .rodata             const    0x0803d800      0xc  ff.o [1]
  .text               ro code  0x0803d80c      0xc  cstartup_M.o [5]
  .rodata             const    0x0803d818      0x8  apptask.o [1]
  .rodata             const    0x0803d820      0x8  apptask.o [1]
  .rodata             const    0x0803d828      0x8  apptask.o [1]
  .rodata             const    0x0803d830      0x8  apptask.o [1]
  .rodata             const    0x0803d838      0x8  apptask.o [1]
  .rodata             const    0x0803d840      0x8  apptask.o [1]
  .rodata             const    0x0803d848      0x8  apptask.o [1]
  .rodata             const    0x0803d850      0x8  apptask.o [1]
  .rodata             const    0x0803d858      0x8  apptask.o [1]
  .rodata             const    0x0803d860      0x8  bsp_w25qxx.o [1]
  .rodata             const    0x0803d868      0x8  ff.o [1]
  .rodata             const    0x0803d870      0x8  malloc.o [1]
  .rodata             const    0x0803d878      0x8  malloc.o [1]
  .rodata             const    0x0803d880      0x8  malloc.o [1]
  .rodata             const    0x0803d888      0x8  tasks.o [1]
  .rodata             const    0x0803d890      0x8  timers.o [1]
  .rodata             const    0x0803d898      0x4  heap_4.o [1]
  .rodata             const    0x0803d89c      0x4  port.o [1]
  .text               ro code  0x0803d8a0      0x4  startup_stm32f40_41xxx.o [1]
  .text               ro code  0x0803d8a4      0x4  startup_stm32f40_41xxx.o [1]
  .text               ro code  0x0803d8a8      0x4  startup_stm32f40_41xxx.o [1]
  .text               ro code  0x0803d8ac      0x4  startup_stm32f40_41xxx.o [1]
  .text               ro code  0x0803d8b0      0x4  startup_stm32f40_41xxx.o [1]
  .text               ro code  0x0803d8b4      0x4  startup_stm32f40_41xxx.o [1]
  .text               ro code  0x0803d8b8      0x4  startup_stm32f40_41xxx.o [1]
  .text               ro code  0x0803d8bc      0x4  startup_stm32f40_41xxx.o [1]
  .text               ro code  0x0803d8c0      0x4  startup_stm32f40_41xxx.o [1]
  .text               ro code  0x0803d8c4      0x4  startup_stm32f40_41xxx.o [1]
  .text               ro code  0x0803d8c8      0x4  startup_stm32f40_41xxx.o [1]
  .text               ro code  0x0803d8cc      0x4  startup_stm32f40_41xxx.o [1]
  .text               ro code  0x0803d8d0      0x4  startup_stm32f40_41xxx.o [1]
  .text               ro code  0x0803d8d4      0x4  startup_stm32f40_41xxx.o [1]
  .text               ro code  0x0803d8d8      0x4  startup_stm32f40_41xxx.o [1]
  .text               ro code  0x0803d8dc      0x4  startup_stm32f40_41xxx.o [1]
  .text               ro code  0x0803d8e0      0x4  startup_stm32f40_41xxx.o [1]
  .text               ro code  0x0803d8e4      0x4  startup_stm32f40_41xxx.o [1]
  .text               ro code  0x0803d8e8      0x4  startup_stm32f40_41xxx.o [1]
  .text               ro code  0x0803d8ec      0x4  startup_stm32f40_41xxx.o [1]
  .text               ro code  0x0803d8f0      0x4  startup_stm32f40_41xxx.o [1]
  .text               ro code  0x0803d8f4      0x4  startup_stm32f40_41xxx.o [1]
  .text               ro code  0x0803d8f8      0x4  startup_stm32f40_41xxx.o [1]
  .text               ro code  0x0803d8fc      0x4  startup_stm32f40_41xxx.o [1]
  .text               ro code  0x0803d900      0x4  startup_stm32f40_41xxx.o [1]
  .text               ro code  0x0803d904      0x4  startup_stm32f40_41xxx.o [1]
  .text               ro code  0x0803d908      0x4  startup_stm32f40_41xxx.o [1]
  .text               ro code  0x0803d90c      0x4  startup_stm32f40_41xxx.o [1]
  .text               ro code  0x0803d910      0x4  startup_stm32f40_41xxx.o [1]
  .text               ro code  0x0803d914      0x4  startup_stm32f40_41xxx.o [1]
  .text               ro code  0x0803d918      0x4  startup_stm32f40_41xxx.o [1]
  .text               ro code  0x0803d91c      0x4  startup_stm32f40_41xxx.o [1]
  .text               ro code  0x0803d920      0x4  startup_stm32f40_41xxx.o [1]
  .text               ro code  0x0803d924      0x4  startup_stm32f40_41xxx.o [1]
  .text               ro code  0x0803d928      0x4  startup_stm32f40_41xxx.o [1]
  .text               ro code  0x0803d92c      0x4  startup_stm32f40_41xxx.o [1]
  .text               ro code  0x0803d930      0x4  startup_stm32f40_41xxx.o [1]
  .text               ro code  0x0803d934      0x4  startup_stm32f40_41xxx.o [1]
  .text               ro code  0x0803d938      0x4  startup_stm32f40_41xxx.o [1]
  .text               ro code  0x0803d93c      0x4  startup_stm32f40_41xxx.o [1]
  .text               ro code  0x0803d940      0x4  startup_stm32f40_41xxx.o [1]
  .text               ro code  0x0803d944      0x4  startup_stm32f40_41xxx.o [1]
  .text               ro code  0x0803d948      0x4  startup_stm32f40_41xxx.o [1]
  .text               ro code  0x0803d94c      0x4  startup_stm32f40_41xxx.o [1]
  .text               ro code  0x0803d950      0x4  startup_stm32f40_41xxx.o [1]
  .text               ro code  0x0803d954      0x4  startup_stm32f40_41xxx.o [1]
  .text               ro code  0x0803d958      0x4  startup_stm32f40_41xxx.o [1]
  .text               ro code  0x0803d95c      0x4  startup_stm32f40_41xxx.o [1]
  .text               ro code  0x0803d960      0x4  startup_stm32f40_41xxx.o [1]
  .text               ro code  0x0803d964      0x4  startup_stm32f40_41xxx.o [1]
  .text               ro code  0x0803d968      0x4  startup_stm32f40_41xxx.o [1]
  .text               ro code  0x0803d96c      0x4  startup_stm32f40_41xxx.o [1]
  .text               ro code  0x0803d970      0x4  startup_stm32f40_41xxx.o [1]
  .text               ro code  0x0803d974      0x4  startup_stm32f40_41xxx.o [1]
  .text               ro code  0x0803d978      0x4  startup_stm32f40_41xxx.o [1]
  .text               ro code  0x0803d97c      0x4  startup_stm32f40_41xxx.o [1]
  .text               ro code  0x0803d980      0x4  startup_stm32f40_41xxx.o [1]
  .text               ro code  0x0803d984      0x4  startup_stm32f40_41xxx.o [1]
  .text               ro code  0x0803d988      0x4  startup_stm32f40_41xxx.o [1]
  .text               ro code  0x0803d98c      0x4  startup_stm32f40_41xxx.o [1]
  .text               ro code  0x0803d990      0x4  startup_stm32f40_41xxx.o [1]
  .text               ro code  0x0803d994      0x4  startup_stm32f40_41xxx.o [1]
  .text               ro code  0x0803d998      0x4  startup_stm32f40_41xxx.o [1]
  .text               ro code  0x0803d99c      0x4  startup_stm32f40_41xxx.o [1]
  .text               ro code  0x0803d9a0      0x4  startup_stm32f40_41xxx.o [1]
  .text               ro code  0x0803d9a4      0x4  startup_stm32f40_41xxx.o [1]
  .text               ro code  0x0803d9a8      0x4  startup_stm32f40_41xxx.o [1]
  .text               ro code  0x0803d9ac      0x4  startup_stm32f40_41xxx.o [1]
  .text               ro code  0x0803d9b0      0x4  startup_stm32f40_41xxx.o [1]
  .text               ro code  0x0803d9b4      0x4  startup_stm32f40_41xxx.o [1]
  .text               ro code  0x0803d9b8      0x4  startup_stm32f40_41xxx.o [1]
  .rodata             const    0x0803d9bc      0x0  zero_init3.o [5]
  .rodata             const    0x0803d9bc      0x0  copy_init3.o [5]
  Initializer bytes   const    0x0803d9bc    0x1b8  <for P2 s0>
                             - 0x0803db74  0x3d9ec

"P2":                                      0x1cd68
  P2 s0                        0x20000000    0x1b8  <Init block>
    __DLIB_PERTHREAD  inited   0x20000000     0x88  localeconv.o [3]
    .data             inited   0x20000088     0x50  demo_fatfs.o [1]
    .data             inited   0x200000d8     0x48  usbh_usr.o [1]
    .data             inited   0x20000120     0x40  xfiles.o [3]
    .data             inited   0x20000160     0x1c  malloc.o [1]
    .data             inited   0x2000017c     0x10  stm32f4xx_rcc.o [1]
    .data             inited   0x2000018c     0x10  usbh_msc_core.o [1]
    .data             inited   0x2000019c      0xc  usbh_core.o [1]
    .data             inited   0x200001a8      0x4  port.o [1]
    .data             inited   0x200001ac      0x4  system_stm32f4xx.o [1]
    .data             inited   0x200001b0      0x4  usbh_core.o [1]
    .data             inited   0x200001b4      0x2  bsp_w25qxx.o [1]
    .data             inited   0x200001b6      0x1  usbh_msc_scsi.o [1]
  .bss                zero     0x200001b8   0xf000  heap_4.o [1]
  .bss                zero     0x2000f1b8   0xa000  malloc.o [1]
  .bss                zero     0x200191b8   0x1000  bsp_w25qxx.o [1]
  .bss                zero     0x2001a1b8    0xa00  malloc.o [1]
  .bss                zero     0x2001abb8    0x5ac  usbh_usr.o [1]
  .bss                zero     0x2001b164    0x5ac  usbh_usr.o [1]
  .bss                zero     0x2001b710    0x200  ff.o [1]
  .bss                zero     0x2001b910    0x200  usbh_msc_scsi.o [1]
  .bss                zero     0x2001bb10    0x200  usbh_stdreq.o [1]
  .bss                zero     0x2001bd10     0xa4  protocol.o [1]
  .bss                zero     0x2001bdb4     0xa0  tasks.o [1]
  .bss                zero     0x2001be54     0x94  usbh_usr.o [1]
  .bss                zero     0x2001bee8     0x70  protocol.o [1]
  .bss                zero     0x2001bf58     0x64  bsp_uart_fifo.o [1]
  .bss                zero     0x2001bfbc     0x64  bsp_uart_fifo.o [1]
  .bss                zero     0x2001c020     0x64  bsp_uart_fifo.o [1]
  .bss                zero     0x2001c084     0x4c  usbh_msc_core.o [1]
  .bss                zero     0x2001c0d0     0x58  bsp_sdio_sd.o [1]
  .bss                zero     0x2001c128     0x50  protocol.o [1]
  .bss                zero     0x2001c178     0x50  xfiles.o [3]
  .bss                zero     0x2001c1c8     0x3c  product_cal.o [1]
  .bss                zero     0x2001c204     0x34  bsp_sdwe050c17.o [1]
  .bss                zero     0x2001c238     0x34  para.o [1]
  .bss                zero     0x2001c26c     0x28  bsp_uart_fifo.o [1]
  .bss                zero     0x2001c294     0x24  ff.o [1]
  .bss                zero     0x2001c2b8     0x20  usbh_msc_bot.o [1]
  .bss                zero     0x2001c2d8     0x18  bsp_sdio_sd.o [1]
  .bss                zero     0x2001c2f0     0x18  bsp_sdio_sd.o [1]
  .bss                zero     0x2001c308     0x14  bsp_sdio_sd.o [1]
  .bss                zero     0x2001c31c     0x14  rc522.o [1]
  .bss                zero     0x2001c330     0x14  tasks.o [1]
  .bss                zero     0x2001c344     0x14  tasks.o [1]
  .bss                zero     0x2001c358     0x14  tasks.o [1]
  .bss                zero     0x2001c36c     0x14  tasks.o [1]
  .bss                zero     0x2001c380     0x14  tasks.o [1]
  .bss                zero     0x2001c394     0x14  timers.o [1]
  .bss                zero     0x2001c3a8     0x14  timers.o [1]
  .bss                zero     0x2001c3bc     0x10  bsp_sdio_sd.o [1]
  .bss                zero     0x2001c3cc     0x10  bsp_sdio_sd.o [1]
  .bss                zero     0x2001c3dc     0x10  usbh_msc_bot.o [1]
  .bss                zero     0x2001c3ec     0x10  usbh_msc_bot.o [1]
  .bss                zero     0x2001c3fc     0x10  usbh_msc_scsi.o [1]
  .bss                zero     0x2001c40c      0xc  apptask.o [1]
  .bss                zero     0x2001c418      0xc  apptask.o [1]
  .bss                zero     0x2001c424      0xc  ff.o [1]
  .bss                zero     0x2001c430      0xc  protocol.o [1]
  .bss                zero     0x2001c43c      0xc  protocol.o [1]
  .bss                zero     0x2001c448      0xc  protocol.o [1]
  .bss                zero     0x2001c454      0x8  heap_4.o [1]
  .bss                zero     0x2001c45c      0x8  modbus.o [1]
  .bss                zero     0x2001c464      0x8  protocol.o [1]
  .bss                zero     0x2001c46c      0x4  apptask.o [1]
  .bss                zero     0x2001c470      0x4  apptask.o [1]
  .bss                zero     0x2001c474      0x4  apptask.o [1]
  .bss                zero     0x2001c478      0x4  apptask.o [1]
  .bss                zero     0x2001c47c      0x4  apptask.o [1]
  .bss                zero     0x2001c480      0x4  apptask.o [1]
  .bss                zero     0x2001c484      0x4  apptask.o [1]
  .bss                zero     0x2001c488      0x4  apptask.o [1]
  .bss                zero     0x2001c48c      0x4  apptask.o [1]
  .bss                zero     0x2001c490      0x4  apptask.o [1]
  .bss                zero     0x2001c494      0x4  apptask.o [1]
  .bss                zero     0x2001c498      0x4  apptask.o [1]
  .bss                zero     0x2001c49c      0x4  apptask.o [1]
  .bss                zero     0x2001c4a0      0x4  apptask.o [1]
  .bss                zero     0x2001c4a4      0x4  apptask.o [1]
  .bss                zero     0x2001c4a8      0x4  apptask.o [1]
  .bss                zero     0x2001c4ac      0x4  apptask.o [1]
  .bss                zero     0x2001c4b0      0x4  bsp_sdio_sd.o [1]
  .bss                zero     0x2001c4b4      0x4  bsp_sdio_sd.o [1]
  .bss                zero     0x2001c4b8      0x4  bsp_sdio_sd.o [1]
  .bss                zero     0x2001c4bc      0x4  bsp_sdio_sd.o [1]
  .bss                zero     0x2001c4c0      0x4  bsp_sdio_sd.o [1]
  .bss                zero     0x2001c4c4      0x4  bsp_timer.o [1]
  .bss                zero     0x2001c4c8      0x4  bsp_timer.o [1]
  .bss                zero     0x2001c4cc      0x4  bsp_timer.o [1]
  .bss                zero     0x2001c4d0      0x4  bsp_timer.o [1]
  .bss                zero     0x2001c4d4      0x4  heap_4.o [1]
  .bss                zero     0x2001c4d8      0x4  heap_4.o [1]
  .bss                zero     0x2001c4dc      0x4  heap_4.o [1]
  .bss                zero     0x2001c4e0      0x4  heap_4.o [1]
  .bss                zero     0x2001c4e4      0x4  port.o [1]
  .bss                zero     0x2001c4e8      0x4  SysInfoTest.o [1]
  .bss                zero     0x2001c4ec      0x4  tasks.o [1]
  .bss                zero     0x2001c4f0      0x4  tasks.o [1]
  .bss                zero     0x2001c4f4      0x4  tasks.o [1]
  .bss                zero     0x2001c4f8      0x4  tasks.o [1]
  .bss                zero     0x2001c4fc      0x4  tasks.o [1]
  .bss                zero     0x2001c500      0x4  tasks.o [1]
  .bss                zero     0x2001c504      0x4  tasks.o [1]
  .bss                zero     0x2001c508      0x4  tasks.o [1]
  .bss                zero     0x2001c50c      0x4  tasks.o [1]
  .bss                zero     0x2001c510      0x4  tasks.o [1]
  .bss                zero     0x2001c514      0x4  tasks.o [1]
  .bss                zero     0x2001c518      0x4  tasks.o [1]
  .bss                zero     0x2001c51c      0x4  tasks.o [1]
  .bss                zero     0x2001c520      0x4  tasks.o [1]
  .bss                zero     0x2001c524      0x4  tasks.o [1]
  .bss                zero     0x2001c528      0x4  tasks.o [1]
  .bss                zero     0x2001c52c      0x4  timers.o [1]
  .bss                zero     0x2001c530      0x4  timers.o [1]
  .bss                zero     0x2001c534      0x4  timers.o [1]
  .bss                zero     0x2001c538      0x4  timers.o [1]
  .bss                zero     0x2001c53c      0x4  usbh_msc_bot.o [1]
  .bss                zero     0x2001c540      0x4  usbh_msc_bot.o [1]
  .bss                zero     0x2001c544      0x4  usbh_msc_bot.o [1]
  .bss                zero     0x2001c548      0x4  usbh_msc_bot.o [1]
  .bss                zero     0x2001c54c      0x2  apptask.o [1]
  .bss                zero     0x2001c54e      0x2  bsp_sdwe050c17.o [1]
  .bss                zero     0x2001c550      0x2  ff.o [1]
  .bss                zero     0x2001c552      0x2  usbh_core.o [1]
  .bss                zero     0x2001c554      0x2  usbh_stdreq.o [1]
  .bss                zero     0x2001c556      0x1  apptask.o [1]
  .bss                zero     0x2001c557      0x1  apptask.o [1]
  .bss                zero     0x2001c558      0x1  apptask.o [1]
  .bss                zero     0x2001c559      0x1  apptask.o [1]
  .bss                zero     0x2001c55a      0x1  apptask.o [1]
  .bss                zero     0x2001c55b      0x1  bsp_sdio_sd.o [1]
  .bss                zero     0x2001c55c      0x1  bsp_uart_fifo.o [1]
  .bss                zero     0x2001c55d      0x1  port.o [1]
  .bss                zero     0x2001c55e      0x1  protocol.o [1]
  .bss                zero     0x2001c55f      0x1  rc522.o [1]
  .bss                zero     0x2001c560      0x1  rc522.o [1]
  .bss                zero     0x2001c561      0x1  usbh_msc_bot.o [1]
  .bss                zero     0x2001c562      0x1  usbh_msc_core.o [1]
  .bss                zero     0x2001c563      0x1  usbh_msc_core.o [1]
  .bss                zero     0x2001c564      0x1  usbh_stdreq.o [1]
  .bss                zero     0x2001c565      0x1  usbh_usr.o [1]
  CSTACK                       0x2001c568    0x800  <Block>
    CSTACK            uninit   0x2001c568    0x800  <Block tail>
                             - 0x2001cd68  0x1cd68

Absolute sections:                         0xff000
  .bss                zero     0x68000000  0xf0000  malloc.o [1]
  .bss                zero     0x680f0000   0xf000  malloc.o [1]
                             - 0x680ff000  0xff000


*******************************************************************************
*** INIT TABLE
***

          Address     Size
          -------     ----
Zero (__iar_zero_init3)
    2 destination ranges, total size 0x11b3ae:
          0x200001b8  0x1c3ae
          0x68000000  0xff000

Copy (__iar_copy_init3)
    1 source range, total size 0x1b8 (100% of destination):
          0x0803d9bc    0x1b8
    1 destination range, total size 0x1b7:
          0x20000000    0x1b7



*******************************************************************************
*** MODULE SUMMARY
***

    Module                    ro code  ro data  rw data    rw data
                                                            (abs)
    ------                    -------  -------  -------    -------
E:\WORK\YarnControl_Driver\YarnControl_Driver\src\stm32f4_rtos\Project\EWARMv7\Flash\Obj: [1]
    SysInfoTest.o                  60                 4
    apptask.o                   9 520    1 464       99
    bsp.o                          80
    bsp_closeSW.o                 212
    bsp_dwt.o                     116
    bsp_led.o                     192
    bsp_sdio_sd.o               6 744               209
    bsp_sdwe050c17.o            1 736       56       54
    bsp_servomotor.o              196
    bsp_spi.o                     292
    bsp_stepmotor.o               540
    bsp_sw_onoff.o                104
    bsp_tim_pwm.o                 736
    bsp_timer.o                   516                16
    bsp_uart_fifo.o             2 732               341
    bsp_w25qxx.o                  880       10    4 098
    bsp_watchdog.o                  8
    cc936.o                       244  176 320
    demo_fatfs.o                           772       80
    diskio.o                      740
    esp8266_handler.o              16
    event_groups.o                610
    ff.o                        8 804       36      562
    heap_4.o                      640        4   61 464
    list.o                        152
    main.o                         52       32
    malloc.o                      540       52   43 548  1 044 480
    mcheck.o                      184      768
    misc.o                        136
    modbus.o                      852                 8
    para.o                        412                52
    port.o                        588        8        9
    portasm.o                     168
    product_cal.o                 376                60
    protocol.o                     68               401
    queue.o                     1 992
    rc522.o                       354                22
    startup_stm32f40_41xxx.o      692
    stm32f4xx_dma.o               692
    stm32f4xx_exti.o              192
    stm32f4xx_gpio.o              300
    stm32f4xx_it.o                 56       44
    stm32f4xx_iwdg.o               16
    stm32f4xx_rcc.o               452       16       16
    stm32f4xx_sdio.o              380
    stm32f4xx_spi.o               116
    stm32f4xx_syscfg.o             84
    stm32f4xx_tim.o               748
    stm32f4xx_usart.o             558
    system_stm32f4xx.o            340        4        4
    tasks.o                     3 072        8      324
    timers.o                    1 188        8       56
    usb_bsp.o                     332
    usb_core.o                  2 640
    usb_hcd.o                     214
    usb_hcd_int.o               3 198
    usbh_core.o                 1 888       16       18
    usbh_hcs.o                    442
    usbh_ioreq.o                  582
    usbh_it.o                      16
    usbh_msc_bot.o              1 364                81
    usbh_msc_core.o             1 000       16       94
    usbh_msc_scsi.o             1 560        1      529
    usbh_stdreq.o               1 078               515
    usbh_usr.o                    438      628    3 125
    --------------------------------------------------------------
    Total:                     65 230  180 263  115 789  1 044 480

command line: [2]
    --------------------------------------------------------------
    Total:

dl7M_tlf.a: [3]
    div.o                          14
    exit.o                          4
    localeconv.o                  108      136      136
    printf.o                       36
    putchar.o                      12
    sprintf.o                      52
    strcat.o                       28
    strstr.o                       44
    xfiles.o                                64      144
    xprintffull_nomb.o          3 478
    xprout.o                       22
    xsprout.o                      10
    --------------------------------------------------------------
    Total:                      3 808      200      280

m7M_tls.a: [4]
    DblAdd.o                      212
    DblCmpGe.o                     46
    DblCmpLe.o                     46
    DblDiv.o                      598
    DblMul.o                      418
    DblSub.o                      384
    DblToI32.o                     88
    FltToDbl.o                     78
    I32ToDbl.o                     48
    fpinit_M.o                     34
    xdnorm.o                       66
    xdscale.o                     276
    --------------------------------------------------------------
    Total:                      2 294

rt7M_tl.a: [5]
    ABImemcpy_unaligned.o         118
    ABImemset.o                   102
    I64DivMod.o                   238
    I64DivZer.o                     2
    cexit.o                        10
    cmain.o                        26
    copy_init3.o                   44
    cstartup_M.o                   12
    data_init.o                    40
    memchr.o                       88
    strchr.o                       22
    strcmp_unaligned.o             66
    strlen.o                       54
    zero_init3.o                   64
    --------------------------------------------------------------
    Total:                        886

shb_l.a: [6]
    exit.o                         20
    --------------------------------------------------------------
    Total:                         20

    Gaps                           40        2
    Linker created                          45    2 048
------------------------------------------------------------------
    Grand Total:               72 278  180 510  118 117  1 044 480


*******************************************************************************
*** ENTRY LIST
***

Entry                      Address     Size  Type      Object
-----                      -------     ----  ----      ------
.iar.init_table$$Base   0x0803d0bc            --   Gb  - Linker created -
.iar.init_table$$Limit  0x0803d0e8            --   Gb  - Linker created -
?main                   0x0803d3d1           Code  Gb  cmain.o [5]
APBAHBPrescTable        0x2000017c     0x10  Data  Lc  stm32f4xx_rcc.o [1]
AppObjCreate            0x0802ccd1    0x10a  Code  Gb  apptask.o [1]
AppTaskCreate           0x0802cba9     0xfc  Code  Gb  apptask.o [1]
BOTStallErrorCount      0x2001c53c      0x4  Data  Lc  usbh_msc_bot.o [1]
BusFault_Handler        0x0803cde7      0x2  Code  Gb  stm32f4xx_it.o [1]
CID_Tab                 0x2001c3cc     0x10  Data  Lc  bsp_sdio_sd.o [1]
CRC16HiTable            0x0803c704    0x100  Data  Gb  mcheck.o [1]
CRC16LoTable            0x0803c804    0x100  Data  Gb  mcheck.o [1]
CRC8Table               0x0803c904    0x100  Data  Gb  mcheck.o [1]
CSD_Tab                 0x2001c3bc     0x10  Data  Lc  bsp_sdio_sd.o [1]
CSTACK$$Base            0x2001c568            --   Gb  - Linker created -
CSTACK$$Limit           0x2001cd68            --   Gb  - Linker created -
CardType                0x2001c4b0      0x4  Data  Lc  bsp_sdio_sd.o [1]
CmdError                0x08038e55     0x38  Code  Lc  bsp_sdio_sd.o [1]
CmdResp1Error           0x08038ef9    0x112  Code  Lc  bsp_sdio_sd.o [1]
CmdResp2Error           0x08039049     0x52  Code  Lc  bsp_sdio_sd.o [1]
CmdResp3Error           0x0803900b     0x3e  Code  Lc  bsp_sdio_sd.o [1]
CmdResp6Error           0x0803909b     0xa6  Code  Lc  bsp_sdio_sd.o [1]
CmdResp7Error           0x08038e8d     0x58  Code  Lc  bsp_sdio_sd.o [1]
ConfigExitNVIC          0x0803ca6f     0x22  Code  Gb  bsp_closeSW.o [1]
ConfigUartNVIC          0x08033e13     0x9a  Code  Lc  bsp_uart_fifo.o [1]
DMA2_Stream3_IRQHandler
                        0x0803973d      0x8  Code  Gb  bsp_sdio_sd.o [1]
DMAEndOfTransfer        0x2001c4c0      0x4  Data  Gb  bsp_sdio_sd.o [1]
DMA_ClearFlag           0x080369a7     0x24  Code  Gb  stm32f4xx_dma.o [1]
DMA_Cmd                 0x0803695d     0x1a  Code  Gb  stm32f4xx_dma.o [1]
DMA_DeInit              0x080367c5    0x140  Code  Gb  stm32f4xx_dma.o [1]
DMA_FlowControllerConfig
                        0x08036977     0x18  Code  Gb  stm32f4xx_dma.o [1]
DMA_GetCmdStatus        0x0803698f     0x18  Code  Gb  stm32f4xx_dma.o [1]
DMA_ITConfig            0x080369cb     0x42  Code  Gb  stm32f4xx_dma.o [1]
DMA_Init                0x08036905     0x58  Code  Gb  stm32f4xx_dma.o [1]
DebugMon_Handler        0x0803cdeb      0x2  Code  Gb  stm32f4xx_it.o [1]
DiskFile_init           0x08032a05     0x40  Code  Gb  protocol.o [1]
Disk_File               0x2001bee8     0x70  Data  Gb  protocol.o [1]
EXTI9_5_IRQHandler      0x0803ca91     0x3c  Code  Gb  bsp_closeSW.o [1]
EXTI_ClearITPendingBit  0x0803cbcf      0x6  Code  Gb  stm32f4xx_exti.o [1]
EXTI_GetITStatus        0x0803cbb5     0x1a  Code  Gb  stm32f4xx_exti.o [1]
EXTI_Init               0x0803cb2d     0x88  Code  Gb  stm32f4xx_exti.o [1]
FR_Table                0x20000088     0x50  Data  Gb  demo_fatfs.o [1]
FatFs                   0x2001c424      0xc  Data  Lc  ff.o [1]
File_info               0x2001c128     0x50  Data  Gb  protocol.o [1]
Files                   0x2001c294     0x24  Data  Lc  ff.o [1]
FindSCR                 0x080392e9    0x206  Code  Lc  bsp_sdio_sd.o [1]
Fsid                    0x2001c550      0x2  Data  Lc  ff.o [1]
GPIO_Init               0x08033891     0xaa  Code  Gb  stm32f4xx_gpio.o [1]
GPIO_PinAFConfig        0x08033963     0x5a  Code  Gb  stm32f4xx_gpio.o [1]
GPIO_ReadInputDataBit   0x0803393b     0x1a  Code  Gb  stm32f4xx_gpio.o [1]
GPIO_WriteBit           0x08033955      0xe  Code  Gb  stm32f4xx_gpio.o [1]
GetDeviceState          0x080329d1     0x2e  Code  Gb  bsp_sw_onoff.o [1]
HCD_GetCurrentFrame     0x08035589      0x8  Code  Gb  usb_hcd.o [1]
HCD_GetCurrentSpeed     0x0803556b     0x10  Code  Gb  usb_hcd.o [1]
HCD_GetURB_State        0x08035591      0xa  Code  Gb  usb_hcd.o [1]
HCD_GetXferCnt          0x0803559b      0xc  Code  Gb  usb_hcd.o [1]
HCD_Init                0x080354f9     0x72  Code  Gb  usb_hcd.o [1]
HCD_ResetPort           0x0803557b      0xe  Code  Gb  usb_hcd.o [1]
HCD_SubmitRequest       0x080355a7     0x28  Code  Gb  usb_hcd.o [1]
HardFault_Handler       0x0803cdb7     0x22  Code  Gb  stm32f4xx_it.o [1]
IWDG_Feed               0x08033161      0x8  Code  Gb  bsp_watchdog.o [1]
IWDG_ReloadCounter      0x080364dd      0xa  Code  Gb  stm32f4xx_iwdg.o [1]
InitHardUart            0x08033a2d    0x3e6  Code  Lc  bsp_uart_fifo.o [1]
Init_JINGSHA_GUI        0x0802e3c7     0xd2  Code  Gb  bsp_sdwe050c17.o [1]
LfnBuf                  0x2001b710    0x200  Data  Lc  ff.o [1]
LfnOfs                  0x0803d6d0     0x10  Data  Lc  ff.o [1]
LoadInt                 0x08034b19     0x6e  Code  Lc  xprintffull_nomb.o [3]
MSCErrorCount           0x2001c562      0x1  Data  Gb  usbh_msc_core.o [1]
MSC_Machine             0x2001c084     0x4c  Data  Gb  usbh_msc_core.o [1]
MSG_DEV_ATTACHED        0x0803d560     0x18  Data  Gb  usbh_usr.o [1]
MSG_DEV_DISCONNECTED    0x0803d578     0x18  Data  Gb  usbh_usr.o [1]
MSG_DEV_ENUMERATED      0x0803d37c     0x1c  Data  Gb  usbh_usr.o [1]
MSG_DEV_ERROR           0x0803d62c     0x14  Data  Gb  usbh_usr.o [1]
MSG_DEV_FULLSPEED       0x0803d208     0x20  Data  Gb  usbh_usr.o [1]
MSG_DEV_HIGHSPEED       0x0803d1e8     0x20  Data  Gb  usbh_usr.o [1]
MSG_DEV_LOWSPEED        0x0803d228     0x20  Data  Gb  usbh_usr.o [1]
MSG_HID_CLASS           0x0803d398     0x1c  Data  Gb  usbh_usr.o [1]
MSG_MSC_CLASS           0x0803d074     0x24  Data  Gb  usbh_usr.o [1]
MSG_UNREC_ERROR         0x0803d3b4     0x1c  Data  Gb  usbh_usr.o [1]
MemManage_Handler       0x0803cde5      0x2  Code  Gb  stm32f4xx_it.o [1]
NMI_Handler             0x0803cdb5      0x2  Code  Gb  stm32f4xx_it.o [1]
NVIC_Init               0x0803532f     0x6a  Code  Gb  misc.o [1]
NVIC_PriorityGroupConfig
                        0x08035325      0xa  Code  Gb  misc.o [1]
OTG_FS_IRQHandler       0x0803d731     0x10  Code  Gb  usbh_it.o [1]
PendSV_Handler          0x080364ed           Code  Gb  portasm.o [1]
RCA                     0x2001c4b4      0x4  Data  Lc  bsp_sdio_sd.o [1]
RCC_AHB1PeriphClockCmd  0x080337cf     0x22  Code  Gb  stm32f4xx_rcc.o [1]
RCC_AHB2PeriphClockCmd  0x080337f1     0x1e  Code  Gb  stm32f4xx_rcc.o [1]
RCC_APB1PeriphClockCmd  0x0803380f     0x1e  Code  Gb  stm32f4xx_rcc.o [1]
RCC_APB2PeriphClockCmd  0x0803382d     0x1e  Code  Gb  stm32f4xx_rcc.o [1]
RCC_APB2PeriphResetCmd  0x0803384b     0x1e  Code  Gb  stm32f4xx_rcc.o [1]
RCC_GetClocksFreq       0x080336cd    0x102  Code  Gb  stm32f4xx_rcc.o [1]
RS485_InitTXE           0x080339f9     0x34  Code  Gb  bsp_uart_fifo.o [1]
RS485_sendbuf           0x080342ed     0x3c  Code  Gb  bsp_uart_fifo.o [1]
Region$$Table$$Base     0x0803d0bc            --   Gb  - Linker created -
Region$$Table$$Limit    0x0803d0e8            --   Gb  - Linker created -
SDCardInfo              0x2001c0d0     0x58  Data  Gb  bsp_sdio_sd.o [1]
SDEnWideBus             0x0803914d    0x198  Code  Lc  bsp_sdio_sd.o [1]
SDIO_ClearFlag          0x0803a49d      0x6  Code  Gb  stm32f4xx_sdio.o [1]
SDIO_ClearITPendingBit  0x0803a4bd      0x6  Code  Gb  stm32f4xx_sdio.o [1]
SDIO_ClockCmd           0x0803a3cb      0x8  Code  Gb  stm32f4xx_sdio.o [1]
SDIO_CmdInitStructure   0x2001c308     0x14  Data  Gb  bsp_sdio_sd.o [1]
SDIO_DMACmd             0x0803a45d      0x8  Code  Gb  stm32f4xx_sdio.o [1]
SDIO_DataConfig         0x0803a429     0x2e  Code  Gb  stm32f4xx_sdio.o [1]
SDIO_DataInitStructure  0x2001c2f0     0x18  Data  Gb  bsp_sdio_sd.o [1]
SDIO_DeInit             0x0803a389     0x18  Code  Gb  stm32f4xx_sdio.o [1]
SDIO_GetCommandResponse
                        0x0803a40b      0x8  Code  Gb  stm32f4xx_sdio.o [1]
SDIO_GetFlagStatus      0x0803a483     0x1a  Code  Gb  stm32f4xx_sdio.o [1]
SDIO_GetITStatus        0x0803a4a3     0x1a  Code  Gb  stm32f4xx_sdio.o [1]
SDIO_GetPowerState      0x0803a3d9      0xa  Code  Gb  stm32f4xx_sdio.o [1]
SDIO_GetResponse        0x0803a413     0x16  Code  Gb  stm32f4xx_sdio.o [1]
SDIO_IRQHandler         0x08039735      0x8  Code  Gb  bsp_sdio_sd.o [1]
SDIO_ITConfig           0x0803a465     0x1e  Code  Gb  stm32f4xx_sdio.o [1]
SDIO_Init               0x0803a3a1     0x2a  Code  Gb  stm32f4xx_sdio.o [1]
SDIO_InitStructure      0x2001c2d8     0x18  Data  Gb  bsp_sdio_sd.o [1]
SDIO_Interrupts_Config  0x080396f9     0x3c  Code  Gb  bsp_sdio_sd.o [1]
SDIO_ReadData           0x0803a457      0x6  Code  Gb  stm32f4xx_sdio.o [1]
SDIO_SendCommand        0x0803a3e3     0x28  Code  Gb  stm32f4xx_sdio.o [1]
SDIO_SetPowerState      0x0803a3d3      0x6  Code  Gb  stm32f4xx_sdio.o [1]
SD_Detect               0x08037df1     0x22  Code  Gb  bsp_sdio_sd.o [1]
SD_EnableWideBusOperation
                        0x080385ed     0xc8  Code  Gb  bsp_sdio_sd.o [1]
SD_GetCardInfo          0x08038201    0x3ec  Code  Gb  bsp_sdio_sd.o [1]
SD_GetState             0x08037dc7     0x2a  Code  Gb  bsp_sdio_sd.o [1]
SD_GetStatus            0x08037da5     0x22  Code  Gb  bsp_sdio_sd.o [1]
SD_Init                 0x08037ced     0xb8  Code  Gb  bsp_sdio_sd.o [1]
SD_InitializeCards      0x0803805f    0x1a2  Code  Gb  bsp_sdio_sd.o [1]
SD_LowLevel_DMA_RxConfig
                        0x08039643     0x8e  Code  Gb  bsp_sdio_sd.o [1]
SD_LowLevel_DMA_TxConfig
                        0x080395b5     0x8e  Code  Gb  bsp_sdio_sd.o [1]
SD_LowLevel_Init        0x080394f1     0xbc  Code  Gb  bsp_sdio_sd.o [1]
SD_PowerON              0x08037e13    0x24c  Code  Gb  bsp_sdio_sd.o [1]
SD_ProcessDMAIRQ        0x08038e31     0x22  Code  Gb  bsp_sdio_sd.o [1]
SD_ProcessIRQSrc        0x08038d83     0xae  Code  Gb  bsp_sdio_sd.o [1]
SD_ReadBlock            0x080386ed    0x108  Code  Gb  bsp_sdio_sd.o [1]
SD_ReadMultiBlocks      0x080387f5    0x134  Code  Gb  bsp_sdio_sd.o [1]
SD_SelectDeselect       0x080386b5     0x38  Code  Gb  bsp_sdio_sd.o [1]
SD_SendStatus           0x08038d15     0x6e  Code  Gb  bsp_sdio_sd.o [1]
SD_StopTransfer         0x08038ccd     0x44  Code  Gb  bsp_sdio_sd.o [1]
SD_WaitReadOperation    0x0803892d     0x96  Code  Gb  bsp_sdio_sd.o [1]
SD_WriteBlock           0x080389cd    0x11e  Code  Gb  bsp_sdio_sd.o [1]
SD_WriteMultiBlocks     0x08038af9    0x1cc  Code  Gb  bsp_sdio_sd.o [1]
SPI1_Init               0x08034469     0xc0  Code  Gb  bsp_spi.o [1]
SPI1_ReadWriteByte      0x08034551     0x32  Code  Gb  bsp_spi.o [1]
SPI1_SetSpeed           0x08034529     0x28  Code  Gb  bsp_spi.o [1]
SPI_Cmd                 0x08036ab9     0x1c  Code  Gb  stm32f4xx_spi.o [1]
SPI_I2S_GetFlagStatus   0x08036ad5     0x18  Code  Gb  stm32f4xx_spi.o [1]
SPI_Init                0x08036a79     0x40  Code  Gb  stm32f4xx_spi.o [1]
SVC_Handler             0x08036545           Code  Gb  portasm.o [1]
SYSCFG_EXTILineConfig   0x0803cad9     0x50  Code  Gb  stm32f4xx_syscfg.o [1]
Sdwe_ClearReadDisk      0x0802e61d     0x1c  Code  Gb  bsp_sdwe050c17.o [1]
Sdwe_clearString        0x0802e591     0x44  Code  Gb  bsp_sdwe050c17.o [1]
Sdwe_clear_filename     0x0802e669     0x2a  Code  Gb  bsp_sdwe050c17.o [1]
Sdwe_disDigi            0x0802e4d3     0x4c  Code  Gb  bsp_sdwe050c17.o [1]
Sdwe_disPicture         0x0802e499     0x3a  Code  Gb  bsp_sdwe050c17.o [1]
Sdwe_disString          0x0802e51f     0x72  Code  Gb  bsp_sdwe050c17.o [1]
Sdwe_peiliao_page       0x0802e809    0x10e  Code  Gb  bsp_sdwe050c17.o [1]
Sdwe_product_page       0x0802e917     0xee  Code  Gb  bsp_sdwe050c17.o [1]
Sdwe_readRTC            0x0802e639     0x30  Code  Gb  bsp_sdwe050c17.o [1]
Sdwe_refresh_allname    0x0802e7c1     0x48  Code  Gb  bsp_sdwe050c17.o [1]
Sdwe_refresh_filename   0x0802e693    0x112  Code  Gb  bsp_sdwe050c17.o [1]
Sdwe_writeIcon          0x0802e5d5     0x48  Code  Gb  bsp_sdwe050c17.o [1]
SetSysClock             0x0803c603     0xce  Code  Lc  system_stm32f4xx.o [1]
SlavePara               0x2001bd10     0xa4  Data  Gb  protocol.o [1]
StopCondition           0x2001c4b8      0x4  Data  Gb  bsp_sdio_sd.o [1]
SysTick_Handler         0x080332ef     0x2c  Code  Gb  port.o [1]
SystemCoreClock         0x200001ac      0x4  Data  Gb  system_stm32f4xx.o [1]
SystemInit              0x0803c5b1     0x52  Code  Gb  system_stm32f4xx.o [1]
TIM1_PWM_SETPMOTOR      0x0803c16d     0x9e  Code  Gb  bsp_stepmotor.o [1]
TIM2_IRQHandler         0x0802f0a1     0xac  Code  Gb  bsp_timer.o [1]
TIM3_PWM_SETPMOTOR      0x0803c105     0x68  Code  Gb  bsp_stepmotor.o [1]
TIM6_DAC_IRQHandler     0x0803cd53     0x22  Code  Gb  SysInfoTest.o [1]
TIM_ARRPreloadConfig    0x0802f1cf     0x1c  Code  Gb  stm32f4xx_tim.o [1]
TIM_CallBack1           0x0802cde1     0x14  Code  Gb  apptask.o [1]
TIM_ClearITPendingBit   0x0802f449      0x8  Code  Gb  stm32f4xx_tim.o [1]
TIM_Cmd                 0x0802f1eb     0x1c  Code  Gb  stm32f4xx_tim.o [1]
TIM_CtrlPWMOutputs      0x0802f3df     0x22  Code  Gb  stm32f4xx_tim.o [1]
TIM_GetITStatus         0x0802f417     0x32  Code  Gb  stm32f4xx_tim.o [1]
TIM_ITConfig            0x0802f401     0x16  Code  Gb  stm32f4xx_tim.o [1]
TIM_OC2Init             0x0802f207     0x8c  Code  Gb  stm32f4xx_tim.o [1]
TIM_OC2PreloadConfig    0x0802f3a5     0x14  Code  Gb  stm32f4xx_tim.o [1]
TIM_OC3Init             0x0802f293     0x8a  Code  Gb  stm32f4xx_tim.o [1]
TIM_OC3PreloadConfig    0x0802f3b9     0x12  Code  Gb  stm32f4xx_tim.o [1]
TIM_OC4Init             0x0802f31d     0x68  Code  Gb  stm32f4xx_tim.o [1]
TIM_OC4PreloadConfig    0x0802f3cb     0x14  Code  Gb  stm32f4xx_tim.o [1]
TIM_TimeBaseInit        0x0802f165     0x6a  Code  Gb  stm32f4xx_tim.o [1]
Task_iwdg_refresh       0x0802ce75     0x56  Code  Gb  apptask.o [1]
TransferEnd             0x2001c4bc      0x4  Data  Gb  bsp_sdio_sd.o [1]
TransferError           0x2001c55b      0x1  Data  Gb  bsp_sdio_sd.o [1]
UART1ToPC               0x0803428d     0x30  Code  Gb  bsp_uart_fifo.o [1]
UART2ToPC               0x080342bd     0x30  Code  Gb  bsp_uart_fifo.o [1]
UART2_RX_BUF            0x2001c020     0x64  Data  Gb  bsp_uart_fifo.o [1]
UART3ToPC               0x08034329     0x30  Code  Gb  bsp_uart_fifo.o [1]
UART4ToPC               0x0803435b     0x30  Code  Gb  bsp_uart_fifo.o [1]
UART4_IRQHandler        0x0803419b     0x84  Code  Gb  bsp_uart_fifo.o [1]
UART4_RX_BUF            0x2001bfbc     0x64  Data  Gb  bsp_uart_fifo.o [1]
UART5ToPC               0x08034391     0x30  Code  Gb  bsp_uart_fifo.o [1]
UART5_IRQHandler        0x0803421f     0x6e  Code  Gb  bsp_uart_fifo.o [1]
UART5_RX_BUF            0x2001bf58     0x64  Data  Gb  bsp_uart_fifo.o [1]
USART1_IRQHandler       0x0803410b     0x1e  Code  Gb  bsp_uart_fifo.o [1]
USART2_IRQHandler       0x08034129     0x68  Code  Gb  bsp_uart_fifo.o [1]
USART3_IRQHandler       0x08034191      0xa  Code  Gb  bsp_uart_fifo.o [1]
USART_ClearFlag         0x08036747      0xc  Code  Gb  stm32f4xx_usart.o [1]
USART_Cmd               0x08036691     0x1c  Code  Gb  stm32f4xx_usart.o [1]
USART_DMACmd            0x080366bd     0x16  Code  Gb  stm32f4xx_usart.o [1]
USART_GetFlagStatus     0x08036729     0x1e  Code  Gb  stm32f4xx_usart.o [1]
USART_GetITStatus       0x08036753     0x70  Code  Gb  stm32f4xx_usart.o [1]
USART_ITConfig          0x080366d3     0x56  Code  Gb  stm32f4xx_usart.o [1]
USART_Init              0x08036595     0xee  Code  Gb  stm32f4xx_usart.o [1]
USART_ReceiveData       0x080366b5      0x8  Code  Gb  stm32f4xx_usart.o [1]
USART_SendData          0x080366ad      0x8  Code  Gb  stm32f4xx_usart.o [1]
USBH_Alloc_Channel      0x080356e9     0x2e  Code  Gb  usbh_hcs.o [1]
USBH_BulkReceiveData    0x08035d8d     0x62  Code  Gb  usbh_ioreq.o [1]
USBH_BulkSendData       0x08035d2b     0x62  Code  Gb  usbh_ioreq.o [1]
USBH_CfgDesc            0x2001bb10    0x200  Data  Gb  usbh_stdreq.o [1]
USBH_ClrFeature         0x08035933     0x4c  Code  Gb  usbh_stdreq.o [1]
USBH_Connected          0x0802f781      0xc  Code  Gb  usbh_core.o [1]
USBH_CtlReceiveData     0x08035ce5     0x46  Code  Gb  usbh_ioreq.o [1]
USBH_CtlReq             0x08035bbf     0x6e  Code  Gb  usbh_ioreq.o [1]
USBH_CtlSendData        0x08035c71     0x74  Code  Gb  usbh_ioreq.o [1]
USBH_CtlSendSetup       0x08035c2d     0x44  Code  Gb  usbh_ioreq.o [1]
USBH_DataInBuffer       0x2001b910    0x200  Data  Gb  usbh_msc_scsi.o [1]
USBH_DeAllocate_AllChannel
                        0x0803573b     0x20  Code  Gb  usbh_hcs.o [1]
USBH_DeInit             0x0802f7e7     0x3e  Code  Gb  usbh_core.o [1]
USBH_Disconnected       0x0802f78d      0xc  Code  Gb  usbh_core.o [1]
USBH_ErrorHandle        0x0802f9f7     0x34  Code  Gb  usbh_core.o [1]
USBH_Free_Channel       0x08035717     0x24  Code  Gb  usbh_hcs.o [1]
USBH_GetDescriptor      0x08035893     0x4e  Code  Gb  usbh_stdreq.o [1]
USBH_GetFreeChannel     0x0803575b     0x2e  Code  Lc  usbh_hcs.o [1]
USBH_GetNextDesc        0x08035ba7     0x18  Code  Gb  usbh_stdreq.o [1]
USBH_Get_CfgDesc        0x080357cf     0x78  Code  Gb  usbh_stdreq.o [1]
USBH_Get_DevDesc        0x08035789     0x46  Code  Gb  usbh_stdreq.o [1]
USBH_Get_StringDesc     0x08035847     0x4c  Code  Gb  usbh_stdreq.o [1]
USBH_HCD_INT_cb         0x2000019c      0xc  Data  Gb  usbh_core.o [1]
USBH_HCD_INT_fops       0x200001b0      0x4  Data  Gb  usbh_core.o [1]
USBH_HandleControl      0x0802fc3f    0x29a  Code  Gb  usbh_core.o [1]
USBH_HandleEnum         0x0802fa2b    0x214  Code  Lc  usbh_core.o [1]
USBH_Init               0x0802f79f     0x48  Code  Gb  usbh_core.o [1]
USBH_MSC_BOTReset       0x0803b4c9     0x28  Code  Lc  usbh_msc_core.o [1]
USBH_MSC_BOTXferParam   0x2001c3ec     0x10  Data  Gb  usbh_msc_bot.o [1]
USBH_MSC_BOT_Abort      0x0803a1a5     0x5c  Code  Gb  usbh_msc_bot.o [1]
USBH_MSC_CBWData        0x2001c2b8     0x20  Data  Gb  usbh_msc_bot.o [1]
USBH_MSC_CSWData        0x2001c3dc     0x10  Data  Gb  usbh_msc_bot.o [1]
USBH_MSC_ClassRequest   0x0803b2b7     0x12  Code  Lc  usbh_msc_core.o [1]
USBH_MSC_DecodeCSW      0x0803a201     0x7a  Code  Gb  usbh_msc_bot.o [1]
USBH_MSC_ErrorHandle    0x0803b519     0x3e  Code  Gb  usbh_msc_core.o [1]
USBH_MSC_GETMaxLUN      0x0803b4f1     0x28  Code  Lc  usbh_msc_core.o [1]
USBH_MSC_Handle         0x0803b2c9    0x200  Code  Lc  usbh_msc_core.o [1]
USBH_MSC_HandleBOTXfer  0x08039da1    0x404  Code  Gb  usbh_msc_bot.o [1]
USBH_MSC_Init           0x08039d5d     0x44  Code  Gb  usbh_msc_bot.o [1]
USBH_MSC_InterfaceDeInit
                        0x0803b26b     0x4c  Code  Lc  usbh_msc_core.o [1]
USBH_MSC_InterfaceInit  0x0803b185     0xe6  Code  Lc  usbh_msc_core.o [1]
USBH_MSC_ModeSense6     0x08039957    0x10c  Code  Gb  usbh_msc_scsi.o [1]
USBH_MSC_Param          0x2001c3fc     0x10  Data  Gb  usbh_msc_scsi.o [1]
USBH_MSC_Read10         0x08039c3d    0x106  Code  Gb  usbh_msc_scsi.o [1]
USBH_MSC_ReadCapacity10
                        0x0803982d    0x12a  Code  Gb  usbh_msc_scsi.o [1]
USBH_MSC_RequestSense   0x08039a63     0xee  Code  Gb  usbh_msc_scsi.o [1]
USBH_MSC_TestUnitReady  0x08039745     0xe8  Code  Gb  usbh_msc_scsi.o [1]
USBH_MSC_Write10        0x08039b51     0xec  Code  Gb  usbh_msc_scsi.o [1]
USBH_MSC_cb             0x2000018c     0x10  Data  Gb  usbh_msc_core.o [1]
USBH_Modify_Channel     0x08035675     0x74  Code  Gb  usbh_hcs.o [1]
USBH_OTG_ISR_Handler    0x0803a505     0xb8  Code  Gb  usb_hcd_int.o [1]
USBH_Open_Channel       0x080355cf     0xa6  Code  Gb  usbh_hcs.o [1]
USBH_ParseCfgDesc       0x080359db    0x13c  Code  Lc  usbh_stdreq.o [1]
USBH_ParseDevDesc       0x0803597f     0x5c  Code  Lc  usbh_stdreq.o [1]
USBH_ParseEPDesc        0x08035b4b     0x20  Code  Lc  usbh_stdreq.o [1]
USBH_ParseInterfaceDesc
                        0x08035b25     0x26  Code  Lc  usbh_stdreq.o [1]
USBH_ParseStringDesc    0x08035b6b     0x3c  Code  Lc  usbh_stdreq.o [1]
USBH_Process            0x0802f825    0x1d2  Code  Gb  usbh_core.o [1]
USBH_SOF                0x0802f799      0x6  Code  Gb  usbh_core.o [1]
USBH_SetAddress         0x080358e1     0x2a  Code  Gb  usbh_stdreq.o [1]
USBH_SetCfg             0x0803590b     0x28  Code  Gb  usbh_stdreq.o [1]
USBH_SubmitSetupRequest
                        0x08035def     0x16  Code  Lc  usbh_ioreq.o [1]
USBH_USR_Configuration_DescAvailable
                        0x0802f689     0x26  Code  Gb  usbh_usr.o [1]
USBH_USR_DeInit         0x0802f77d      0x2  Code  Gb  usbh_usr.o [1]
USBH_USR_DeviceAddressAssigned
                        0x0802f687      0x2  Code  Gb  usbh_usr.o [1]
USBH_USR_DeviceAttached
                        0x0802f601      0xa  Code  Gb  usbh_usr.o [1]
USBH_USR_DeviceDisconnected
                        0x0802f615     0x1a  Code  Gb  usbh_usr.o [1]
USBH_USR_DeviceNotSupported
                        0x0802f6f3      0xa  Code  Gb  usbh_usr.o [1]
USBH_USR_DeviceSpeedDetected
                        0x0802f639     0x36  Code  Gb  usbh_usr.o [1]
USBH_USR_Device_DescAvailable
                        0x0802f66f     0x18  Code  Gb  usbh_usr.o [1]
USBH_USR_EnumerationDone
                        0x0802f6d9     0x1a  Code  Gb  usbh_usr.o [1]
USBH_USR_Init           0x0802f5dd     0x24  Code  Gb  usbh_usr.o [1]
USBH_USR_MSC_Application
                        0x0802f779      0x4  Code  Gb  usbh_usr.o [1]
USBH_USR_Manufacturer_String
                        0x0802f6af      0xe  Code  Gb  usbh_usr.o [1]
USBH_USR_OverCurrentDetected
                        0x0802f701      0xa  Code  Gb  usbh_usr.o [1]
USBH_USR_Product_String
                        0x0802f6bd      0xe  Code  Gb  usbh_usr.o [1]
USBH_USR_ResetDevice    0x0802f62f      0xa  Code  Gb  usbh_usr.o [1]
USBH_USR_SerialNum_String
                        0x0802f6cb      0xe  Code  Gb  usbh_usr.o [1]
USBH_USR_UnrecoveredError
                        0x0802f60b      0xa  Code  Gb  usbh_usr.o [1]
USBH_USR_UserInput      0x0802f6fd      0x4  Code  Gb  usbh_usr.o [1]
USB_Host                0x2001be54     0x94  Data  Gb  usbh_usr.o [1]
USB_OTG_BSP_DisableInterrupt
                        0x0803545d     0x22  Code  Gb  usb_bsp.o [1]
USB_OTG_BSP_EnableInterrupt
                        0x0803547f     0x54  Code  Gb  usb_bsp.o [1]
USB_OTG_BSP_Init        0x080353ad     0xb0  Code  Gb  usb_bsp.o [1]
USB_OTG_BSP_mDelay      0x080354ed      0xc  Code  Gb  usb_bsp.o [1]
USB_OTG_BSP_uDelay      0x080354e1      0xc  Code  Gb  usb_bsp.o [1]
USB_OTG_Core            0x2001abb8    0x5ac  Data  Gb  usbh_usr.o [1]
USB_OTG_CoreInit        0x08037475     0xce  Code  Gb  usb_core.o [1]
USB_OTG_CoreInitHost    0x08037681     0xd0  Code  Gb  usb_core.o [1]
USB_OTG_CoreReset       0x080372bf     0x60  Code  Lc  usb_core.o [1]
USB_OTG_DisableGlobalInt
                        0x08037561     0x1e  Code  Gb  usb_core.o [1]
USB_OTG_DriveVbus       0x08037761     0x54  Code  Gb  usb_core.o [1]
USB_OTG_EnableCommonInt
                        0x0803729d     0x22  Code  Lc  usb_core.o [1]
USB_OTG_EnableGlobalInt
                        0x08037543     0x1e  Code  Gb  usb_core.o [1]
USB_OTG_EnableHostInt   0x080377b5     0x4e  Code  Gb  usb_core.o [1]
USB_OTG_FlushRxFifo     0x080375c7     0x40  Code  Gb  usb_core.o [1]
USB_OTG_FlushTxFifo     0x0803757f     0x48  Code  Gb  usb_core.o [1]
USB_OTG_GetMode         0x0803764d      0xa  Code  Gb  usb_core.o [1]
USB_OTG_HC_DoPing       0x08037ca5     0x48  Code  Gb  usb_core.o [1]
USB_OTG_HC_Halt         0x08037c31     0x74  Code  Gb  usb_core.o [1]
USB_OTG_HC_Init         0x08037861    0x1d0  Code  Gb  usb_core.o [1]
USB_OTG_HC_StartXfer    0x08037a31    0x200  Code  Gb  usb_core.o [1]
USB_OTG_InitFSLSPClkSel
                        0x08037803     0x12  Code  Gb  usb_core.o [1]
USB_OTG_IsEvenFrame     0x08037751     0x10  Code  Gb  usb_core.o [1]
USB_OTG_IsHostMode      0x08037657     0x18  Code  Gb  usb_core.o [1]
USB_OTG_ReadCoreItr     0x0803766f     0x12  Code  Gb  usb_core.o [1]
USB_OTG_ReadHPRT0       0x08037815     0x1c  Code  Gb  usb_core.o [1]
USB_OTG_ReadPacket      0x08037367     0x2c  Code  Gb  usb_core.o [1]
USB_OTG_ResetPort       0x08037831     0x30  Code  Gb  usb_core.o [1]
USB_OTG_SelectCore      0x08037393     0xe2  Code  Gb  usb_core.o [1]
USB_OTG_SetCurrentMode  0x08037611     0x3c  Code  Gb  usb_core.o [1]
USB_OTG_USBH_handle_Disconnect_ISR
                        0x0803a641     0x1e  Code  Lc  usb_hcd_int.o [1]
USB_OTG_USBH_handle_IncompletePeriodicXfer_ISR
                        0x0803b15b     0x28  Code  Lc  usb_hcd_int.o [1]
USB_OTG_USBH_handle_hc_ISR
                        0x0803a5bd     0x66  Code  Lc  usb_hcd_int.o [1]
USB_OTG_USBH_handle_hc_n_In_ISR
                        0x0803accd    0x378  Code  Lc  usb_hcd_int.o [1]
USB_OTG_USBH_handle_hc_n_Out_ISR
                        0x0803a995    0x338  Code  Lc  usb_hcd_int.o [1]
USB_OTG_USBH_handle_nptxfempty_ISR
                        0x0803a65f    0x118  Code  Lc  usb_hcd_int.o [1]
USB_OTG_USBH_handle_port_ISR
                        0x0803a891     0xfe  Code  Lc  usb_hcd_int.o [1]
USB_OTG_USBH_handle_ptxfempty_ISR
                        0x0803a777    0x11a  Code  Lc  usb_hcd_int.o [1]
USB_OTG_USBH_handle_rx_qlvl_ISR
                        0x0803b045    0x116  Code  Lc  usb_hcd_int.o [1]
USB_OTG_USBH_handle_sof_ISR
                        0x0803a623     0x1e  Code  Lc  usb_hcd_int.o [1]
USB_OTG_WritePacket     0x0803731f     0x48  Code  Gb  usb_core.o [1]
USB_OTG_dev             0x2001b164    0x5ac  Data  Gb  usbh_usr.o [1]
USRH_cb                 0x200000d8     0x48  Data  Gb  usbh_usr.o [1]
UartDMAConfig           0x08033ead    0x166  Code  Gb  bsp_uart_fifo.o [1]
UartIRQ                 0x08034013     0xf8  Code  Lc  bsp_uart_fifo.o [1]
UsageFault_Handler      0x0803cde9      0x2  Code  Gb  stm32f4xx_it.o [1]
UserTimerCallback       0x0802cdf5     0x76  Code  Gb  apptask.o [1]
W25QXX_BUFFER           0x200191b8   0x1000  Data  Gb  bsp_w25qxx.o [1]
W25QXX_Erase_Sector     0x0802edc3     0x52  Code  Gb  bsp_w25qxx.o [1]
W25QXX_Init             0x0802eac1     0x54  Code  Gb  bsp_w25qxx.o [1]
W25QXX_Read             0x0802ebaf     0x56  Code  Gb  bsp_w25qxx.o [1]
W25QXX_ReadID           0x0802eb63     0x4c  Code  Gb  bsp_w25qxx.o [1]
W25QXX_ReadSR           0x0802eb15     0x30  Code  Gb  bsp_w25qxx.o [1]
W25QXX_TYPE             0x200001b4      0x2  Data  Gb  bsp_w25qxx.o [1]
W25QXX_Wait_Busy        0x0802ee15      0xc  Code  Gb  bsp_w25qxx.o [1]
W25QXX_Write            0x0802ecb9    0x10a  Code  Gb  bsp_w25qxx.o [1]
W25QXX_Write_Enable     0x0802eb45     0x1e  Code  Gb  bsp_w25qxx.o [1]
W25QXX_Write_NoCheck    0x0802ec61     0x58  Code  Gb  bsp_w25qxx.o [1]
W25QXX_Write_Page       0x0802ec05     0x5c  Code  Gb  bsp_w25qxx.o [1]
_GenldFullNoMb          0x0803508f    0x24c  Code  Lc  xprintffull_nomb.o [3]
_LdtobFullNoMb          0x08034c8d    0x3fc  Code  Lc  xprintffull_nomb.o [3]
_LitobFullNoMb          0x08034b87    0x106  Code  Lc  xprintffull_nomb.o [3]
_Locale_aeabi_lconv     0x20000050     0x38  Data  Gb  localeconv.o [3]
_Locale_lconv           0x20000000     0x50  Data  Gb  localeconv.o [3]
_PrintfFullNoMb         0x0803458d    0x586  Code  Gb  xprintffull_nomb.o [3]
_Prout                  0x0803d591     0x16  Code  Gb  xprout.o [3]
_PutcharsFullNoMb       0x080352db     0x2e  Code  Lc  xprintffull_nomb.o [3]
_SProut                 0x0802eab7      0xa  Code  Gb  xsprout.o [3]
__aeabi_cdcmple         0x08036c8d           Code  Gb  DblCmpLe.o [4]
__aeabi_cdrcmple        0x08036cbd           Code  Gb  DblCmpGe.o [4]
__aeabi_d2iz            0x08036e01           Code  Gb  DblToI32.o [4]
__aeabi_d2uiz           0x08036e2d           Code  Gb  DblToI32.o [4]
__aeabi_ddiv            0x08032179           Code  Gb  DblDiv.o [4]
__aeabi_dmul            0x08037009           Code  Gb  DblMul.o [4]
__aeabi_dsub            0x08036e89           Code  Gb  DblSub.o [4]
__aeabi_f2d             0x0802eea9           Code  Gb  FltToDbl.o [4]
__aeabi_i2d             0x08036e59           Code  Gb  I32ToDbl.o [4]
__aeabi_ldiv0           0x0803a2b1           Code  Gb  I64DivZer.o [5]
__aeabi_memset          0x0802ea51           Code  Gb  ABImemset.o [5]
__aeabi_ui2d            0x08036e6d           Code  Gb  I32ToDbl.o [4]
__aeabi_uldivmod        0x08036b5d           Code  Gb  I64DivMod.o [5]
__cmain                 0x0803d3d1           Code  Gb  cmain.o [5]
__exit                  0x0803d3fd     0x14  Code  Gb  exit.o [6]
__iar_Dnorm             0x08036c4b     0x42  Code  Gb  xdnorm.o [4]
__iar_Dscale            0x08036ced    0x114  Code  Gb  xdscale.o [4]
__iar_Locale_lconv_init
                        0x080371ad     0x3a  Code  Gb  localeconv.o [3]
__iar_Memchr            0x08036b05           Code  Gb  memchr.o [5]
__iar_Memset            0x0802ea51           Code  Gb  ABImemset.o [5]
__iar_Memset_word       0x0802ea59           Code  Gb  ABImemset.o [5]
__iar_Stdout            0x20000120     0x40  Data  Gb  xfiles.o [3]
__iar_Strchr            0x08036aed           Code  Gb  strchr.o [5]
__iar_Strstr            0x080364b1     0x2c  Code  Gb  strstr.o [3]
[...]
bsp_InitStepMotor       0x0803c005    0x100  Code  Gb  bsp_stepmotor.o [1]
bsp_InitUart            0x080339bd     0x3c  Code  Gb  bsp_uart_fifo.o [1]
bsp_Init_SW_ONOFF       0x0803299d     0x34  Code  Gb  bsp_sw_onoff.o [1]
bsp_LedOff              0x0803248d     0x1e  Code  Gb  bsp_led.o [1]
bsp_LedOn               0x0803246f     0x1e  Code  Gb  bsp_led.o [1]
bsp_LedToggle           0x080324ab     0x28  Code  Gb  bsp_led.o [1]
bsp_SetTIMforInt        0x0803bdf3    0x1da  Code  Gb  bsp_tim_pwm.o [1]
bsp_StartHardTimer      0x0802efc7     0xda  Code  Gb  bsp_timer.o [1]
check_fs                0x080314f3     0x7e  Code  Lc  ff.o [1]
chk_chr                 0x0802ff37     0x14  Code  Lc  ff.o [1]
chk_lock                0x0802ff4b     0x94  Code  Lc  ff.o [1]
clear_lock              0x0803014b     0x30  Code  Lc  ff.o [1]
clust2sect              0x080302ed     0x1a  Code  Gb  ff.o [1]
cmp_lfn                 0x08030971     0xb6  Code  Lc  ff.o [1]
create_chain            0x08030605     0xea  Code  Lc  ff.o [1]
create_name             0x080310f9    0x31a  Code  Lc  ff.o [1]
debug_cmd               0x2001c55c      0x1  Data  Gb  bsp_uart_fifo.o [1]
dec_lock                0x080300ef     0x5c  Code  Lc  ff.o [1]
device_info             0x2001c238     0x34  Data  Gb  para.o [1]
dir_alloc               0x080308cb     0x66  Code  Lc  ff.o [1]
dir_find                0x08030c4d    0x116  Code  Lc  ff.o [1]
dir_next                0x080307a1    0x12a  Code  Lc  ff.o [1]
dir_read                0x08030d63    0x10c  Code  Lc  ff.o [1]
dir_register            0x08030e6f    0x14e  Code  Lc  ff.o [1]
dir_sdi                 0x080306ef     0xb2  Code  Lc  ff.o [1]
disk_initialize         0x08035e05     0x40  Code  Gb  diskio.o [1]
disk_ioctl              0x08036029     0xa6  Code  Gb  diskio.o [1]
disk_read               0x08035e71     0xdc  Code  Gb  diskio.o [1]
disk_status             0x08035e45     0x2c  Code  Gb  diskio.o [1]
disk_write              0x08035f4d     0xdc  Code  Gb  diskio.o [1]
div                     0x08037219      0xe  Code  Gb  div.o [3]
download_num            0x2001c556      0x1  Data  Gb  apptask.o [1]
enq_lock                0x0802ffdf     0x28  Code  Lc  ff.o [1]
exit                    0x0803d3eb      0x4  Code  Gb  exit.o [3]
f_close                 0x08031fd5     0x38  Code  Gb  ff.o [1]
f_mount                 0x08031a09     0x66  Code  Gb  ff.o [1]
f_open                  0x08031a6f    0x20e  Code  Gb  ff.o [1]
f_opendir               0x0803200d     0xb2  Code  Gb  ff.o [1]
f_readdir               0x080320bf     0x74  Code  Gb  ff.o [1]
f_sync                  0x08031f1f     0xb6  Code  Gb  ff.o [1]
f_write                 0x08031c8d    0x292  Code  Gb  ff.o [1]
ff_convert              0x080360e9     0x80  Code  Gb  cc936.o [1]
ff_wtoupper             0x08036169     0x64  Code  Gb  cc936.o [1]
file_select             0x2001c43c      0xc  Data  Gb  protocol.o [1]
final_per_meter         0x0802f4f9     0x1a  Code  Gb  product_cal.o [1]
find_volume             0x08031579    0x45a  Code  Lc  ff.o [1]
fit_lfn                 0x08030ab3     0x88  Code  Lc  ff.o [1]
follow_path             0x08031413     0x90  Code  Lc  ff.o [1]
fputc                   0x080343c5     0x22  Code  Gb  bsp_uart_fifo.o [1]
g_tUart3                0x2001c26c     0x28  Data  Gb  bsp_uart_fifo.o [1]
gen_numname             0x08030b41     0xec  Code  Lc  ff.o [1]
get_fat                 0x08030307    0x11c  Code  Gb  ff.o [1]
get_fattime             0x080360cf      0x4  Code  Gb  diskio.o [1]
get_fileinfo            0x08030fbd    0x13c  Code  Lc  ff.o [1]
get_float_1bit          0x0802f5a7     0x22  Code  Gb  product_cal.o [1]
get_ldnumber            0x080314a3     0x50  Code  Lc  ff.o [1]
get_valid_length        0x0802ea05     0x26  Code  Gb  bsp_sdwe050c17.o [1]
grade                   0x2001c55a      0x1  Data  Gb  apptask.o [1]
hex_to_decimal          0x0802ea2b     0x26  Code  Gb  bsp_sdwe050c17.o [1]
idwgEventGroup          0x2001c4a0      0x4  Data  Gb  apptask.o [1]
inc_lock                0x08030007     0xe8  Code  Lc  ff.o [1]
init_product_para       0x0802f451     0x44  Code  Gb  product_cal.o [1]
input_password_buf      0x2001c430      0xc  Data  Gb  protocol.o [1]
input_password_len      0x2001c55e      0x1  Data  Gb  protocol.o [1]
isWork                  0x2001c557      0x1  Data  Gb  apptask.o [1]
lcd_rev_buf             0x2001c204     0x34  Data  Gb  bsp_sdwe050c17.o [1]
lcd_rev_len             0x2001c54e      0x2  Data  Gb  bsp_sdwe050c17.o [1]
ld_clust                0x08030931     0x28  Code  Lc  ff.o [1]
localeconv              0x080371e7     0x16  Code  Gb  localeconv.o [3]
m_ctrl_dev              0x2001c45c      0x8  Data  Gb  modbus.o [1]
main                    0x0803cded     0x34  Code  Gb  main.o [1]
mallco_dev              0x20000160     0x1c  Data  Gb  malloc.o [1]
mb_init                 0x0803287d     0x30  Code  Gb  modbus.o [1]
mb_packsend_frame       0x0803278b     0xf2  Code  Gb  modbus.o [1]
mb_unpack_frame         0x08032649    0x142  Code  Gb  modbus.o [1]
mc_check_crc16          0x08036249     0x40  Code  Gb  mcheck.o [1]
mc_check_crc8           0x08036225     0x24  Code  Gb  mcheck.o [1]
mc_check_sum            0x080361dd     0x2e  Code  Gb  mcheck.o [1]
mc_check_xor            0x0803620b     0x1a  Code  Gb  mcheck.o [1]
mem1base                0x2000f1b8   0xa000  Data  Gb  malloc.o [1]
mem1mapbase             0x2001a1b8    0xa00  Data  Gb  malloc.o [1]
mem2base                0x68000000  0xf0000  Data  Gb  malloc.o [1]
mem2mapbase             0x680f0000   0xf000  Data  Gb  malloc.o [1]
mem_cmp                 0x0802ff13     0x24  Code  Lc  ff.o [1]
mem_cpy                 0x0802fee1     0x1c  Code  Lc  ff.o [1]
mem_set                 0x0802fefd     0x16  Code  Lc  ff.o [1]
memblksize              0x0803d878      0x8  Data  Gb  malloc.o [1]
memchr                  0x08036b05           Code  Gb  memchr.o [5]
memsize                 0x0803d880      0x8  Data  Gb  malloc.o [1]
memtblsize              0x0803d870      0x8  Data  Gb  malloc.o [1]
modbus_send_frame       0x080328ad     0xe6  Code  Gb  modbus.o [1]
move_window             0x080301d5     0x40  Code  Lc  ff.o [1]
my_mem_free             0x080363e7     0x6c  Code  Gb  malloc.o [1]
my_mem_init             0x080362ab     0x42  Code  Gb  malloc.o [1]
my_mem_malloc           0x0803632b     0xbc  Code  Gb  malloc.o [1]
my_mem_perused          0x080362ed     0x3e  Code  Gb  malloc.o [1]
myfree                  0x08036453     0x24  Code  Gb  malloc.o [1]
mymalloc                0x08036477     0x2a  Code  Gb  malloc.o [1]
mymemset                0x08036295     0x16  Code  Gb  malloc.o [1]
obuf                    0x2001c178     0x50  Data  Lc  xfiles.o [3]
oem2uni                 0x0801560c  0x15484  Data  Lc  cc936.o [1]
old_isWork              0x2001c558      0x1  Data  Gb  apptask.o [1]
para_init               0x0803c523     0x80  Code  Gb  para.o [1]
pcInterruptPriorityRegisters
                        0x0803d89c      0x4  Data  Lc  port.o [1]
pick_lfn                0x08030a27     0x8c  Code  Lc  ff.o [1]
pluse_count             0x2001c4ac      0x4  Data  Gb  apptask.o [1]
printf                  0x0802eef9     0x24  Code  Gb  printf.o [3]
product_complete_kilo   0x0802f547     0x38  Code  Gb  product_cal.o [1]
product_complete_meter  0x0802f513     0x12  Code  Gb  product_cal.o [1]
product_para            0x2001c1c8     0x3c  Data  Gb  product_cal.o [1]
product_per_meter       0x0802f49d     0x5c  Code  Gb  product_cal.o [1]
product_uncomplete_kilo
                        0x0802f57f     0x28  Code  Gb  product_cal.o [1]
product_uncomplete_meter
                        0x0802f525     0x22  Code  Gb  product_cal.o [1]
prvAddCurrentTaskToDelayedList
                        0x0802da39     0x48  Code  Lc  tasks.o [1]
prvAllocateTCBAndStack  0x0802da81     0x5a  Code  Lc  tasks.o [1]
prvCheckForValidListAndQueue
                        0x080330ef     0x52  Code  Lc  timers.o [1]
prvCheckTasksWaitingTermination
                        0x0802d9cf     0x66  Code  Lc  tasks.o [1]
prvCopyDataFromQueue    0x0802e269     0x30  Code  Lc  queue.o [1]
prvCopyDataToQueue      0x0802e1e5     0x84  Code  Lc  queue.o [1]
prvDeleteTCB            0x0802dadb     0x12  Code  Lc  tasks.o [1]
prvGetNextExpireTime    0x08032edb     0x2e  Code  Lc  timers.o [1]
prvHeapInit             0x080335dd     0x6e  Code  Lc  heap_4.o [1]
prvIdleTask             0x0802d8e9     0x26  Code  Lc  tasks.o [1]
prvInitialiseTCBVariables
                        0x0802d90f     0x6a  Code  Lc  tasks.o [1]
prvInitialiseTaskLists  0x0802d979     0x56  Code  Lc  tasks.o [1]
prvInsertBlockIntoFreeList
                        0x0803364b     0x62  Code  Lc  heap_4.o [1]
prvInsertTimerInActiveList
                        0x08032f31     0x50  Code  Lc  timers.o [1]
prvIsQueueEmpty         0x0802e303     0x20  Code  Lc  queue.o [1]
prvIsQueueFull          0x0802e323     0x22  Code  Lc  queue.o [1]
prvProcessExpiredTimer  0x08032df3     0x5c  Code  Lc  timers.o [1]
prvProcessReceivedCommands
                        0x08032f81     0xde  Code  Lc  timers.o [1]
prvProcessTimerOrBlockTask
                        0x08032e6b     0x70  Code  Lc  timers.o [1]
prvResetNextTaskUnblockTime
                        0x0802daed     0x26  Code  Lc  tasks.o [1]
prvSampleTimeNow        0x08032f09     0x28  Code  Lc  timers.o [1]
prvSwitchTimerLists     0x0803305f     0x90  Code  Lc  timers.o [1]
prvTaskExitError        0x0803318d     0x2a  Code  Lc  port.o [1]
prvTestWaitCondition    0x08032c97     0x24  Code  Lc  event_groups.o [1]
prvTimerTask            0x08032e51     0x1a  Code  Lc  timers.o [1]
prvUnlockQueue          0x0802e299     0x6a  Code  Lc  queue.o [1]
put_fat                 0x08030423    0x16c  Code  Gb  ff.o [1]
putchar                 0x0803d5a9      0xc  Code  Gb  putchar.o [3]
pvPortMalloc            0x0803344d    0x118  Code  Gb  heap_4.o [1]
pxCurrentTCB            0x2001c4ec      0x4  Data  Gb  tasks.o [1]
pxCurrentTimerList      0x2001c52c      0x4  Data  Lc  timers.o [1]
pxDelayedTaskList       0x2001c4f0      0x4  Data  Lc  tasks.o [1]
pxEnd                   0x2001c4d4      0x4  Data  Lc  heap_4.o [1]
pxOverflowDelayedTaskList
                        0x2001c4f4      0x4  Data  Lc  tasks.o [1]
pxOverflowTimerList     0x2001c530      0x4  Data  Lc  timers.o [1]
pxPortInitialiseStack   0x08033169     0x24  Code  Gb  port.o [1]
pxReadyTasksLists       0x2001bdb4     0xa0  Data  Lc  tasks.o [1]
rc522_card_id           0x080325fb     0x4c  Code  Gb  rc522.o [1]
rc522_cmd_anticoll      0x08032539     0x5a  Code  Gb  rc522.o [1]
rc522_cmd_request       0x080324e5     0x54  Code  Gb  rc522.o [1]
rc522_find              0x08032593     0x68  Code  Gb  rc522.o [1]
readSlave               0x2001c418      0xc  Data  Gb  apptask.o [1]
read_device_info        0x0803c415    0x10e  Code  Gb  para.o [1]
read_file_select        0x2001c448      0xc  Data  Gb  protocol.o [1]
remove_chain            0x0803058f     0x76  Code  Lc  ff.o [1]
rfid_rev_buf            0x2001c31c     0x14  Data  Gb  rc522.o [1]
rfid_rev_cnt            0x2001c560      0x1  Data  Gb  rc522.o [1]
rfid_rev_flag           0x2001c55f      0x1  Data  Gb  rc522.o [1]
rtc_time                0x2001c464      0x8  Data  Gb  protocol.o [1]
s_TIM_CallBack1         0x2001c4c4      0x4  Data  Lc  bsp_timer.o [1]
s_TIM_CallBack2         0x2001c4c8      0x4  Data  Lc  bsp_timer.o [1]
s_TIM_CallBack3         0x2001c4cc      0x4  Data  Lc  bsp_timer.o [1]
s_TIM_CallBack4         0x2001c4d0      0x4  Data  Lc  bsp_timer.o [1]
slave_info              0x2001c40c      0xc  Data  Gb  apptask.o [1]
sprintf                 0x08032145     0x34  Code  Gb  sprintf.o [3]
st_clust                0x08030959     0x18  Code  Lc  ff.o [1]
strcat                  0x080323cf     0x1c  Code  Gb  strcat.o [3]
strchr                  0x08036aed           Code  Gb  strchr.o [5]
strlen                  0x080323ed           Code  Gb  strlen.o [5]
strstr                  0x08032a49     0x10  Code  Gb  esp8266_handler.o [1]
sum_sfn                 0x08030c2d     0x20  Code  Lc  ff.o [1]
sync_fs                 0x08030215     0xd8  Code  Lc  ff.o [1]
sync_window             0x0803017b     0x5a  Code  Lc  ff.o [1]
ucHeap                  0x200001b8   0xf000  Data  Lc  heap_4.o [1]
ucMaxSysCallPriority    0x2001c55d      0x1  Data  Lc  port.o [1]
ulHighFrequencyTimerTicks
                        0x2001c4e8      0x4  Data  Gb  SysInfoTest.o [1]
ulMaxPRIGROUPValue      0x2001c4e4      0x4  Data  Lc  port.o [1]
ulTaskSwitchedInTime    0x2001c524      0x4  Data  Lc  tasks.o [1]
ulTotalRunTime          0x2001c528      0x4  Data  Lc  tasks.o [1]
uni2oem                 0x08000188  0x15484  Data  Lc  cc936.o [1]
usb_disk_flag           0x2001c559      0x1  Data  Gb  apptask.o [1]
usbh_OpenMassStorage    0x0802f5c9     0x14  Code  Gb  usbh_usr.o [1]
uxCriticalNesting       0x200001a8      0x4  Data  Lc  port.o [1]
uxCurrentNumberOfTasks  0x2001c4fc      0x4  Data  Lc  tasks.o [1]
uxListRemove            0x08033425     0x28  Code  Gb  list.o [1]
uxPendedTicks           0x2001c50c      0x4  Data  Lc  tasks.o [1]
uxSchedulerSuspended    0x2001c520      0x4  Data  Lc  tasks.o [1]
uxTaskNumber            0x2001c518      0x4  Data  Lc  tasks.o [1]
uxTaskResetEventItemValue
                        0x0802db4d     0x20  Code  Gb  tasks.o [1]
uxTasksDeleted          0x2001c4f8      0x4  Data  Lc  tasks.o [1]
uxTopReadyPriority      0x2001c504      0x4  Data  Lc  tasks.o [1]
vListInitialise         0x080333b5     0x1e  Code  Gb  list.o [1]
vListInsert             0x080333eb     0x3a  Code  Gb  list.o [1]
vListInsertEnd          0x080333d3     0x18  Code  Gb  list.o [1]
vPortEnableVFP          0x08036579           Code  Gb  portasm.o [1]
vPortEnterCritical      0x08033283     0x3a  Code  Gb  port.o [1]
vPortExitCritical       0x080332bd     0x32  Code  Gb  port.o [1]
vPortFree               0x08033565     0x78  Code  Gb  heap_4.o [1]
vPortSetupTimerInterrupt
                        0x0803331b      0xe  Code  Wk  port.o [1]
vPortStartFirstTask     0x08036561           Code  Gb  portasm.o [1]
vPortValidateInterruptPriority
                        0x08033329     0x4e  Code  Gb  port.o [1]
vQueueWaitForMessageRestricted
                        0x0802e345     0x44  Code  Gb  queue.o [1]
vSetupSysInfoTest       0x0803cd41     0x12  Code  Gb  SysInfoTest.o [1]
vTaskDelay              0x0802d145     0x84  Code  Gb  tasks.o [1]
vTaskManageCapacity     0x0802c961    0x216  Code  Gb  apptask.o [1]
vTaskMassStorage        0x0802bf41    0x250  Code  Lc  apptask.o [1]
vTaskMissedYield        0x0802d8df      0xa  Code  Gb  tasks.o [1]
vTaskMsgPro             0x0802c2a1    0x428  Code  Lc  apptask.o [1]
vTaskPlaceOnEventList   0x0802d545     0x74  Code  Gb  tasks.o [1]
vTaskPlaceOnEventListRestricted
                        0x0802d67d     0x80  Code  Gb  tasks.o [1]
vTaskPlaceOnUnorderedEventList
                        0x0802d5d5     0xa8  Code  Gb  tasks.o [1]
vTaskReadDisk           0x0802c785    0x1b2  Code  Lc  apptask.o [1]
vTaskRev485             0x0802c6cd     0x90  Code  Lc  apptask.o [1]
vTaskSetTimeOutState    0x0802d829     0x26  Code  Gb  tasks.o [1]
vTaskStartScheduler     0x0802d1c9     0x7e  Code  Gb  tasks.o [1]
vTaskSuspendAll         0x0802d247     0x10  Code  Gb  tasks.o [1]
vTaskSwitchContext      0x0802d495     0xb0  Code  Gb  tasks.o [1]
vTaskTaskLCD            0x0802aa91   0x149a  Code  Gb  apptask.o [1]
vTaskTaskLED            0x0802c1a1     0x20  Code  Lc  apptask.o [1]
vTaskTaskRFID           0x0802c1c1     0xdc  Code  Lc  apptask.o [1]
validate                0x080319d3     0x36  Code  Lc  ff.o [1]
xActiveTimerList1       0x2001c394     0x14  Data  Lc  timers.o [1]
xActiveTimerList2       0x2001c3a8     0x14  Data  Lc  timers.o [1]
xBlockAllocatedBit      0x2001c4e0      0x4  Data  Lc  heap_4.o [1]
xDelayedTaskList1       0x2001c330     0x14  Data  Lc  tasks.o [1]
xDelayedTaskList2       0x2001c344     0x14  Data  Lc  tasks.o [1]
xEventGroupCreate       0x08032a59     0x1c  Code  Gb  event_groups.o [1]
xEventGroupSetBits      0x08032bc1     0xd6  Code  Gb  event_groups.o [1]
xEventGroupWaitBits     0x08032a75    0x146  Code  Gb  event_groups.o [1]
xFreeBytesRemaining     0x2001c4d8      0x4  Data  Lc  heap_4.o [1]
xHandleTaskLCD          0x2001c46c      0x4  Data  Gb  apptask.o [1]
xHandleTaskLED          0x2001c470      0x4  Data  Gb  apptask.o [1]
xHandleTaskManageCapacity
                        0x2001c488      0x4  Data  Gb  apptask.o [1]
xHandleTaskMassStorage  0x2001c478      0x4  Data  Gb  apptask.o [1]
xHandleTaskMsgPro       0x2001c480      0x4  Data  Gb  apptask.o [1]
xHandleTaskRFID         0x2001c474      0x4  Data  Gb  apptask.o [1]
xHandleTaskReadDisk     0x2001c47c      0x4  Data  Gb  apptask.o [1]
xHandleTaskRev485       0x2001c484      0x4  Data  Gb  apptask.o [1]
xHeapStructSize         0x0803d898      0x4  Data  Lc  heap_4.o [1]
xMinimumEverFreeBytesRemaining
                        0x2001c4dc      0x4  Data  Lc  heap_4.o [1]
xNextTaskUnblockTime    0x2001c51c      0x4  Data  Lc  tasks.o [1]
xNumOfOverflows         0x2001c514      0x4  Data  Lc  tasks.o [1]
xPendingReadyList       0x2001c358     0x14  Data  Lc  tasks.o [1]
xPortStartScheduler     0x080331b7     0xcc  Code  Gb  port.o [1]
xQueueGenericCreate     0x0802dc51     0x7e  Code  Gb  queue.o [1]
xQueueGenericReceive    0x0802e045    0x19c  Code  Gb  queue.o [1]
xQueueGenericReset      0x0802dbc1     0x90  Code  Gb  queue.o [1]
xQueueGenericSend       0x0802dccf    0x1b2  Code  Gb  queue.o [1]
xQueueGenericSendFromISR
                        0x0802de81     0xec  Code  Gb  queue.o [1]
xQueueGiveFromISR       0x0802df6d     0xd8  Code  Gb  queue.o [1]
xQueue_message          0x2001c4a8      0x4  Data  Gb  apptask.o [1]
xSchedulerRunning       0x2001c508      0x4  Data  Lc  tasks.o [1]
xSemaphore_download     0x2001c498      0x4  Data  Gb  apptask.o [1]
xSemaphore_lcd          0x2001c48c      0x4  Data  Gb  apptask.o [1]
xSemaphore_pluse        0x2001c494      0x4  Data  Gb  apptask.o [1]
xSemaphore_readDisk     0x2001c49c      0x4  Data  Gb  apptask.o [1]
xSemaphore_rs485        0x2001c490      0x4  Data  Gb  apptask.o [1]
xStart                  0x2001c454      0x8  Data  Lc  heap_4.o [1]
xSuspendedTaskList      0x2001c380     0x14  Data  Lc  tasks.o [1]
xTaskCheckForTimeOut    0x0802d855     0x8a  Code  Gb  tasks.o [1]
xTaskGenericCreate      0x0802cfc1    0x184  Code  Gb  tasks.o [1]
xTaskGetSchedulerState  0x0802db13     0x26  Code  Gb  tasks.o [1]
xTaskGetTickCount       0x0802d357      0xa  Code  Gb  tasks.o [1]
xTaskIncrementTick      0x0802d361    0x134  Code  Gb  tasks.o [1]
xTaskRemoveFromEventList
                        0x0802d701     0x8e  Code  Gb  tasks.o [1]
xTaskRemoveFromUnorderedEventList
                        0x0802d795     0x94  Code  Gb  tasks.o [1]
xTaskResumeAll          0x0802d257    0x100  Code  Gb  tasks.o [1]
xTasksWaitingTermination
                        0x2001c36c     0x14  Data  Lc  tasks.o [1]
xTickCount              0x2001c500      0x4  Data  Lc  tasks.o [1]
xTimerCreate            0x08032d0d     0x62  Code  Gb  timers.o [1]
xTimerCreateTimerTask   0x08032cbd     0x50  Code  Gb  timers.o [1]
xTimerGenericCommand    0x08032d6f     0x84  Code  Gb  timers.o [1]
xTimerQueue             0x2001c534      0x4  Data  Lc  timers.o [1]
xTimerUser              0x2001c4a4      0x4  Data  Gb  apptask.o [1]
xYieldPending           0x2001c510      0x4  Data  Lc  tasks.o [1]


[1] = E:\WORK\YarnControl_Driver\YarnControl_Driver\src\stm32f4_rtos\Project\EWARMv7\Flash\Obj
[2] = command line
[3] = dl7M_tlf.a
[4] = m7M_tls.a
[5] = rt7M_tl.a
[6] = shb_l.a

   72 278 bytes of readonly  code memory
  180 510 bytes of readonly  data memory
  118 117 bytes of readwrite data memory (+ 1 044 480 absolute)

Errors: none
Warnings: none
