###############################################################################
#
# IAR ELF Linker V7.40.7.9843/W32 for ARM                 09/Jan/2019  23:15:02
# Copyright 2007-2015 IAR Systems AB.
#
#    Output file  =  
#        E:\WORK\YarnControl_Driver\YarnControl_Driver\src\stm32f4_rtos\Project\EWARMv7\Flash\Exe\project.out
#    Map file     =  
#        E:\WORK\YarnControl_Driver\YarnControl_Driver\src\stm32f4_rtos\Project\EWARMv7\Flash\List\project.map
#    Command line =  
#        E:\WORK\YarnControl_Driver\YarnControl_Driver\src\stm32f4_rtos\Project\EWARMv7\Flash\Obj\apptask.o
#        E:\WORK\YarnControl_Driver\YarnControl_Driver\src\stm32f4_rtos\Project\EWARMv7\Flash\Obj\bsp.o
#        E:\WORK\YarnControl_Driver\YarnControl_Driver\src\stm32f4_rtos\Project\EWARMv7\Flash\Obj\bsp_closeSW.o
#        E:\WORK\YarnControl_Driver\YarnControl_Driver\src\stm32f4_rtos\Project\EWARMv7\Flash\Obj\bsp_dwt.o
#        E:\WORK\YarnControl_Driver\YarnControl_Driver\src\stm32f4_rtos\Project\EWARMv7\Flash\Obj\bsp_led.o
#        E:\WORK\YarnControl_Driver\YarnControl_Driver\src\stm32f4_rtos\Project\EWARMv7\Flash\Obj\bsp_relay.o
#        E:\WORK\YarnControl_Driver\YarnControl_Driver\src\stm32f4_rtos\Project\EWARMv7\Flash\Obj\bsp_sdio_sd.o
#        E:\WORK\YarnControl_Driver\YarnControl_Driver\src\stm32f4_rtos\Project\EWARMv7\Flash\Obj\bsp_sdwe050c17.o
#        E:\WORK\YarnControl_Driver\YarnControl_Driver\src\stm32f4_rtos\Project\EWARMv7\Flash\Obj\bsp_servomotor.o
#        E:\WORK\YarnControl_Driver\YarnControl_Driver\src\stm32f4_rtos\Project\EWARMv7\Flash\Obj\bsp_spi.o
#        E:\WORK\YarnControl_Driver\YarnControl_Driver\src\stm32f4_rtos\Project\EWARMv7\Flash\Obj\bsp_stepmotor.o
#        E:\WORK\YarnControl_Driver\YarnControl_Driver\src\stm32f4_rtos\Project\EWARMv7\Flash\Obj\bsp_sw_onoff.o
#        E:\WORK\YarnControl_Driver\YarnControl_Driver\src\stm32f4_rtos\Project\EWARMv7\Flash\Obj\bsp_tim_pwm.o
#        E:\WORK\YarnControl_Driver\YarnControl_Driver\src\stm32f4_rtos\Project\EWARMv7\Flash\Obj\bsp_timer.o
#        E:\WORK\YarnControl_Driver\YarnControl_Driver\src\stm32f4_rtos\Project\EWARMv7\Flash\Obj\bsp_uart_fifo.o
#        E:\WORK\YarnControl_Driver\YarnControl_Driver\src\stm32f4_rtos\Project\EWARMv7\Flash\Obj\bsp_w25qxx.o
#        E:\WORK\YarnControl_Driver\YarnControl_Driver\src\stm32f4_rtos\Project\EWARMv7\Flash\Obj\bsp_watchdog.o
#        E:\WORK\YarnControl_Driver\YarnControl_Driver\src\stm32f4_rtos\Project\EWARMv7\Flash\Obj\cc936.o
#        E:\WORK\YarnControl_Driver\YarnControl_Driver\src\stm32f4_rtos\Project\EWARMv7\Flash\Obj\croutine.o
#        E:\WORK\YarnControl_Driver\YarnControl_Driver\src\stm32f4_rtos\Project\EWARMv7\Flash\Obj\demo_fatfs.o
#        E:\WORK\YarnControl_Driver\YarnControl_Driver\src\stm32f4_rtos\Project\EWARMv7\Flash\Obj\diskio.o
#        E:\WORK\YarnControl_Driver\YarnControl_Driver\src\stm32f4_rtos\Project\EWARMv7\Flash\Obj\event_groups.o
#        E:\WORK\YarnControl_Driver\YarnControl_Driver\src\stm32f4_rtos\Project\EWARMv7\Flash\Obj\ff.o
#        E:\WORK\YarnControl_Driver\YarnControl_Driver\src\stm32f4_rtos\Project\EWARMv7\Flash\Obj\heap_4.o
#        E:\WORK\YarnControl_Driver\YarnControl_Driver\src\stm32f4_rtos\Project\EWARMv7\Flash\Obj\list.o
#        E:\WORK\YarnControl_Driver\YarnControl_Driver\src\stm32f4_rtos\Project\EWARMv7\Flash\Obj\main.o
#        E:\WORK\YarnControl_Driver\YarnControl_Driver\src\stm32f4_rtos\Project\EWARMv7\Flash\Obj\malloc.o
#        E:\WORK\YarnControl_Driver\YarnControl_Driver\src\stm32f4_rtos\Project\EWARMv7\Flash\Obj\mcheck.o
#        E:\WORK\YarnControl_Driver\YarnControl_Driver\src\stm32f4_rtos\Project\EWARMv7\Flash\Obj\misc.o
#        E:\WORK\YarnControl_Driver\YarnControl_Driver\src\stm32f4_rtos\Project\EWARMv7\Flash\Obj\modbus.o
#        E:\WORK\YarnControl_Driver\YarnControl_Driver\src\stm32f4_rtos\Project\EWARMv7\Flash\Obj\para.o
#        E:\WORK\YarnControl_Driver\YarnControl_Driver\src\stm32f4_rtos\Project\EWARMv7\Flash\Obj\port.o
#        E:\WORK\YarnControl_Driver\YarnControl_Driver\src\stm32f4_rtos\Project\EWARMv7\Flash\Obj\portasm.o
#        E:\WORK\YarnControl_Driver\YarnControl_Driver\src\stm32f4_rtos\Project\EWARMv7\Flash\Obj\product_cal.o
#        E:\WORK\YarnControl_Driver\YarnControl_Driver\src\stm32f4_rtos\Project\EWARMv7\Flash\Obj\protocol.o
#        E:\WORK\YarnControl_Driver\YarnControl_Driver\src\stm32f4_rtos\Project\EWARMv7\Flash\Obj\queue.o
#        E:\WORK\YarnControl_Driver\YarnControl_Driver\src\stm32f4_rtos\Project\EWARMv7\Flash\Obj\rc522.o
#        E:\WORK\YarnControl_Driver\YarnControl_Driver\src\stm32f4_rtos\Project\EWARMv7\Flash\Obj\startup_stm32f40_41xxx.o
#        E:\WORK\YarnControl_Driver\YarnControl_Driver\src\stm32f4_rtos\Project\EWARMv7\Flash\Obj\stm32f4xx_adc.o
#        E:\WORK\YarnControl_Driver\YarnControl_Driver\src\stm32f4_rtos\Project\EWARMv7\Flash\Obj\stm32f4xx_assert.o
#        E:\WORK\YarnControl_Driver\YarnControl_Driver\src\stm32f4_rtos\Project\EWARMv7\Flash\Obj\stm32f4xx_can.o
#        E:\WORK\YarnControl_Driver\YarnControl_Driver\src\stm32f4_rtos\Project\EWARMv7\Flash\Obj\stm32f4xx_crc.o
#        E:\WORK\YarnControl_Driver\YarnControl_Driver\src\stm32f4_rtos\Project\EWARMv7\Flash\Obj\stm32f4xx_cryp.o
#        E:\WORK\YarnControl_Driver\YarnControl_Driver\src\stm32f4_rtos\Project\EWARMv7\Flash\Obj\stm32f4xx_cryp_aes.o
#        E:\WORK\YarnControl_Driver\YarnControl_Driver\src\stm32f4_rtos\Project\EWARMv7\Flash\Obj\stm32f4xx_cryp_des.o
#        E:\WORK\YarnControl_Driver\YarnControl_Driver\src\stm32f4_rtos\Project\EWARMv7\Flash\Obj\stm32f4xx_cryp_tdes.o
#        E:\WORK\YarnControl_Driver\YarnControl_Driver\src\stm32f4_rtos\Project\EWARMv7\Flash\Obj\stm32f4xx_dac.o
#        E:\WORK\YarnControl_Driver\YarnControl_Driver\src\stm32f4_rtos\Project\EWARMv7\Flash\Obj\stm32f4xx_dbgmcu.o
#        E:\WORK\YarnControl_Driver\YarnControl_Driver\src\stm32f4_rtos\Project\EWARMv7\Flash\Obj\stm32f4xx_dcmi.o
#        E:\WORK\YarnControl_Driver\YarnControl_Driver\src\stm32f4_rtos\Project\EWARMv7\Flash\Obj\stm32f4xx_dma.o
#        E:\WORK\YarnControl_Driver\YarnControl_Driver\src\stm32f4_rtos\Project\EWARMv7\Flash\Obj\stm32f4xx_dma2d.o
#        E:\WORK\YarnControl_Driver\YarnControl_Driver\src\stm32f4_rtos\Project\EWARMv7\Flash\Obj\stm32f4xx_exti.o
#        E:\WORK\YarnControl_Driver\YarnControl_Driver\src\stm32f4_rtos\Project\EWARMv7\Flash\Obj\stm32f4xx_flash.o
#        E:\WORK\YarnControl_Driver\YarnControl_Driver\src\stm32f4_rtos\Project\EWARMv7\Flash\Obj\stm32f4xx_fsmc.o
#        E:\WORK\YarnControl_Driver\YarnControl_Driver\src\stm32f4_rtos\Project\EWARMv7\Flash\Obj\stm32f4xx_gpio.o
#        E:\WORK\YarnControl_Driver\YarnControl_Driver\src\stm32f4_rtos\Project\EWARMv7\Flash\Obj\stm32f4xx_hash.o
#        E:\WORK\YarnControl_Driver\YarnControl_Driver\src\stm32f4_rtos\Project\EWARMv7\Flash\Obj\stm32f4xx_hash_md5.o
#        E:\WORK\YarnControl_Driver\YarnControl_Driver\src\stm32f4_rtos\Project\EWARMv7\Flash\Obj\stm32f4xx_hash_sha1.o
#        E:\WORK\YarnControl_Driver\YarnControl_Driver\src\stm32f4_rtos\Project\EWARMv7\Flash\Obj\stm32f4xx_i2c.o
#        E:\WORK\YarnControl_Driver\YarnControl_Driver\src\stm32f4_rtos\Project\EWARMv7\Flash\Obj\stm32f4xx_it.o
#        E:\WORK\YarnControl_Driver\YarnControl_Driver\src\stm32f4_rtos\Project\EWARMv7\Flash\Obj\stm32f4xx_iwdg.o
#        E:\WORK\YarnControl_Driver\YarnControl_Driver\src\stm32f4_rtos\Project\EWARMv7\Flash\Obj\stm32f4xx_ltdc.o
#        E:\WORK\YarnControl_Driver\YarnControl_Driver\src\stm32f4_rtos\Project\EWARMv7\Flash\Obj\stm32f4xx_pwr.o
#        E:\WORK\YarnControl_Driver\YarnControl_Driver\src\stm32f4_rtos\Project\EWARMv7\Flash\Obj\stm32f4xx_rcc.o
#        E:\WORK\YarnControl_Driver\YarnControl_Driver\src\stm32f4_rtos\Project\EWARMv7\Flash\Obj\stm32f4xx_rng.o
#        E:\WORK\YarnControl_Driver\YarnControl_Driver\src\stm32f4_rtos\Project\EWARMv7\Flash\Obj\stm32f4xx_rtc.o
#        E:\WORK\YarnControl_Driver\YarnControl_Driver\src\stm32f4_rtos\Project\EWARMv7\Flash\Obj\stm32f4xx_sai.o
#        E:\WORK\YarnControl_Driver\YarnControl_Driver\src\stm32f4_rtos\Project\EWARMv7\Flash\Obj\stm32f4xx_sdio.o
#        E:\WORK\YarnControl_Driver\YarnControl_Driver\src\stm32f4_rtos\Project\EWARMv7\Flash\Obj\stm32f4xx_spi.o
#        E:\WORK\YarnControl_Driver\YarnControl_Driver\src\stm32f4_rtos\Project\EWARMv7\Flash\Obj\stm32f4xx_syscfg.o
#        E:\WORK\YarnControl_Driver\YarnControl_Driver\src\stm32f4_rtos\Project\EWARMv7\Flash\Obj\stm32f4xx_tim.o
#        E:\WORK\YarnControl_Driver\YarnControl_Driver\src\stm32f4_rtos\Project\EWARMv7\Flash\Obj\stm32f4xx_usart.o
#        E:\WORK\YarnControl_Driver\YarnControl_Driver\src\stm32f4_rtos\Project\EWARMv7\Flash\Obj\stm32f4xx_wwdg.o
#        E:\WORK\YarnControl_Driver\YarnControl_Driver\src\stm32f4_rtos\Project\EWARMv7\Flash\Obj\SysInfoTest.o
#        E:\WORK\YarnControl_Driver\YarnControl_Driver\src\stm32f4_rtos\Project\EWARMv7\Flash\Obj\system_stm32f4xx.o
#        E:\WORK\YarnControl_Driver\YarnControl_Driver\src\stm32f4_rtos\Project\EWARMv7\Flash\Obj\tasks.o
#        E:\WORK\YarnControl_Driver\YarnControl_Driver\src\stm32f4_rtos\Project\EWARMv7\Flash\Obj\timers.o
#        E:\WORK\YarnControl_Driver\YarnControl_Driver\src\stm32f4_rtos\Project\EWARMv7\Flash\Obj\usb_bsp.o
#        E:\WORK\YarnControl_Driver\YarnControl_Driver\src\stm32f4_rtos\Project\EWARMv7\Flash\Obj\usb_core.o
#        E:\WORK\YarnControl_Driver\YarnControl_Driver\src\stm32f4_rtos\Project\EWARMv7\Flash\Obj\usb_hcd.o
#        E:\WORK\YarnControl_Driver\YarnControl_Driver\src\stm32f4_rtos\Project\EWARMv7\Flash\Obj\usb_hcd_int.o
#        E:\WORK\YarnControl_Driver\YarnControl_Driver\src\stm32f4_rtos\Project\EWARMv7\Flash\Obj\usbh_core.o
#        E:\WORK\YarnControl_Driver\YarnControl_Driver\src\stm32f4_rtos\Project\EWARMv7\Flash\Obj\usbh_hcs.o
#        E:\WORK\YarnControl_Driver\YarnControl_Driver\src\stm32f4_rtos\Project\EWARMv7\Flash\Obj\usbh_ioreq.o
#        E:\WORK\YarnControl_Driver\YarnControl_Driver\src\stm32f4_rtos\Project\EWARMv7\Flash\Obj\usbh_it.o
#        E:\WORK\YarnControl_Driver\YarnControl_Driver\src\stm32f4_rtos\Project\EWARMv7\Flash\Obj\usbh_msc_bot.o
#        E:\WORK\YarnControl_Driver\YarnControl_Driver\src\stm32f4_rtos\Project\EWARMv7\Flash\Obj\usbh_msc_core.o
#        E:\WORK\YarnControl_Driver\YarnControl_Driver\src\stm32f4_rtos\Project\EWARMv7\Flash\Obj\usbh_msc_scsi.o
#        E:\WORK\YarnControl_Driver\YarnControl_Driver\src\stm32f4_rtos\Project\EWARMv7\Flash\Obj\usbh_stdreq.o
#        E:\WORK\YarnControl_Driver\YarnControl_Driver\src\stm32f4_rtos\Project\EWARMv7\Flash\Obj\usbh_usr.o
#        -o
#        E:\WORK\YarnControl_Driver\YarnControl_Driver\src\stm32f4_rtos\Project\EWARMv7\Flash\Exe\project.out
#        --map
#        E:\WORK\YarnControl_Driver\YarnControl_Driver\src\stm32f4_rtos\Project\EWARMv7\Flash\List\project.map
#        --config
#        E:\WORK\YarnControl_Driver\YarnControl_Driver\src\stm32f4_rtos\Project\EWARMv7\stm32f4xx_flash.icf
#        --semihosting --entry __iar_program_start --inline --vfe
#
###############################################################################

*******************************************************************************
*** RUNTIME MODEL ATTRIBUTES
***

CppFlavor       = *
__SystemLibrary = DLib


*******************************************************************************
*** PLACEMENT SUMMARY
***

"A1":  place at 0x08000000 { ro section .intvec };
"P1":  place in [from 0x08000000 to 0x080fffff] { ro };
"P2":  place in [from 0x20000000 to 0x2001ffff] { rw, block CSTACK, block HEAP };

  Section             Kind        Address     Size  Object
  -------             ----        -------     ----  ------
"A1":                                        0x188
  .intvec             ro code  0x08000000    0x188  startup_stm32f40_41xxx.o [1]
                             - 0x08000188    0x188

"P1":                                      0x3ea10
  .rodata             const    0x08000188  0x15484  cc936.o [1]
  .rodata             const    0x0801560c  0x15484  cc936.o [1]
  .text               ro code  0x0802aa90   0x2de8  apptask.o [1]
  .text               ro code  0x0802d878    0xc00  tasks.o [1]
  .text               ro code  0x0802e478    0x7c8  queue.o [1]
  .text               ro code  0x0802ec40    0xbb8  bsp_sdwe050c17.o [1]
  .text               ro code  0x0802f7f8     0x66  ABImemset.o [5]
  .text               ro code  0x0802f85e      0xa  xsprout.o [3]
  .text               ro code  0x0802f868    0x380  bsp_w25qxx.o [1]
  .text               ro code  0x0802fbe8     0x76  ABImemcpy_unaligned.o [5]
  .text               ro code  0x0802fc60     0x4e  FltToDbl.o [4]
  .text               ro code  0x0802fcb0     0x24  printf.o [3]
  .text               ro code  0x0802fcd4     0x62  memcmp_unaligned.o [5]
  .text               ro code  0x0802fd38     0x42  strcmp_unaligned.o [5]
  .text               ro code  0x0802fd7c    0x21c  malloc.o [1]
  .text               ro code  0x0802ff98    0x2ec  stm32f4xx_tim.o [1]
  .text               ro code  0x08030284    0x398  product_cal.o [1]
  .text               ro code  0x0803061c    0x12c  stm32f4xx_gpio.o [1]
  .text               ro code  0x08030748    0x1b6  usbh_usr.o [1]
  .text               ro code  0x08030900    0x760  usbh_core.o [1]
  .text               ro code  0x08031060   0x2264  ff.o [1]
  .text               ro code  0x080332c4     0x34  sprintf.o [3]
  .text               ro code  0x080332f8    0x256  DblDiv.o [4]
  .text               ro code  0x0803354e     0x1c  strcat.o [3]
  .text               ro code  0x0803356c     0x36  strlen.o [5]
  .text               ro code  0x080335a4     0xc0  bsp_led.o [1]
  .text               ro code  0x08033664     0xae  rc522.o [1]
  .text               ro code  0x08033714    0x354  modbus.o [1]
  .text               ro code  0x08033a68     0x68  bsp_sw_onoff.o [1]
  .text               ro code  0x08033ad0     0x44  protocol.o [1]
  .text               ro code  0x08033b14     0x10  apptask.o [1]
  .text               ro code  0x08033b24    0x262  event_groups.o [1]
  .text               ro code  0x08033d88    0x4a4  timers.o [1]
  .text               ro code  0x0803422c      0x8  bsp_watchdog.o [1]
  .text               ro code  0x08034234    0x24c  port.o [1]
  .text               ro code  0x08034480     0x98  list.o [1]
  .text               ro code  0x08034518    0x280  heap_4.o [1]
  .text               ro code  0x08034798    0x1c4  stm32f4xx_rcc.o [1]
  .text               ro code  0x0803495c    0xa64  bsp_uart_fifo.o [1]
  .text               ro code  0x080353c0    0x204  bsp_timer.o [1]
  .text               ro code  0x080355c4    0x124  bsp_spi.o [1]
  .text               ro code  0x080356e8    0xd96  xprintffull_nomb.o [3]
  .text               ro code  0x08036480    0x14c  usb_bsp.o [1]
  .text               ro code  0x080365cc     0xd6  usb_hcd.o [1]
  .text               ro code  0x080366a2    0x1ba  usbh_hcs.o [1]
  .text               ro code  0x0803685c    0x436  usbh_stdreq.o [1]
  .text               ro code  0x08036c92    0x246  usbh_ioreq.o [1]
  .text               ro code  0x08036ed8    0x2e4  diskio.o [1]
  .text               ro code  0x080371bc     0xf4  cc936.o [1]
  .text               ro code  0x080372b0     0xb8  mcheck.o [1]
  .text               ro code  0x08037368     0x2c  strstr.o [3]
  .text               ro code  0x08037394     0x10  stm32f4xx_iwdg.o [1]
  CODE                ro code  0x080373a4     0xa8  portasm.o [1]
  .text               ro code  0x0803744c    0x22e  stm32f4xx_usart.o [1]
  .text               ro code  0x0803767c     0x88  misc.o [1]
  .text               ro code  0x08037704    0x2b4  stm32f4xx_dma.o [1]
  .text               ro code  0x080379b8     0x74  stm32f4xx_spi.o [1]
  .text               ro code  0x08037a2c     0x16  strchr.o [5]
  .text               ro code  0x08037a44     0x58  memchr.o [5]
  .text               ro code  0x08037a9c     0xee  I64DivMod.o [5]
  .text               ro code  0x08037b8a     0x42  xdnorm.o [4]
  .text               ro code  0x08037bcc     0x2e  DblCmpLe.o [4]
  .text               ro code  0x08037bfc     0x2e  DblCmpGe.o [4]
  .text               ro code  0x08037c2c    0x114  xdscale.o [4]
  .text               ro code  0x08037d40     0x58  DblToI32.o [4]
  .text               ro code  0x08037d98     0x30  I32ToDbl.o [4]
  .text               ro code  0x08037dc8    0x180  DblSub.o [4]
  .text               ro code  0x08037f48    0x1a2  DblMul.o [4]
  .text               ro code  0x080380ec     0x6c  localeconv.o [3]
  .text               ro code  0x08038158      0xe  div.o [3]
  .text               ro code  0x08038168     0x74  bsp_dwt.o [1]
  .text               ro code  0x080381dc    0xa50  usb_core.o [1]
  .text               ro code  0x08038c2c   0x1a58  bsp_sdio_sd.o [1]
  .text               ro code  0x0803a684    0x618  usbh_msc_scsi.o [1]
  .text               ro code  0x0803ac9c    0x554  usbh_msc_bot.o [1]
  .text               ro code  0x0803b1f0      0x2  I64DivZer.o [5]
  .text               ro code  0x0803b1f4     0xd4  DblAdd.o [4]
  .text               ro code  0x0803b2c8    0x17c  stm32f4xx_sdio.o [1]
  .text               ro code  0x0803b444    0xc7e  usb_hcd_int.o [1]
  .text               ro code  0x0803c0c4    0x3e8  usbh_msc_core.o [1]
  .rodata             const    0x0803c4ac    0x3dc  cc936.o [1]
  .rodata             const    0x0803c888    0x3dc  cc936.o [1]
  .text               ro code  0x0803cc64    0x2e0  bsp_tim_pwm.o [1]
  .text               ro code  0x0803cf44    0x21c  bsp_stepmotor.o [1]
  .rodata             const    0x0803d160    0x1f4  apptask.o [1]
  .text               ro code  0x0803d354    0x1c0  para.o [1]
  .text               ro code  0x0803d514    0x154  system_stm32f4xx.o [1]
  .rodata             const    0x0803d668    0x100  mcheck.o [1]
  .rodata             const    0x0803d768    0x100  mcheck.o [1]
  .rodata             const    0x0803d868    0x100  mcheck.o [1]
  .text               ro code  0x0803d968     0xd4  bsp_closeSW.o [1]
  .text               ro code  0x0803da3c     0x54  stm32f4xx_syscfg.o [1]
  .text               ro code  0x0803da90     0xc0  stm32f4xx_exti.o [1]
  .text               ro code  0x0803db50     0xc4  bsp_servomotor.o [1]
  .text               ro code  0x0803dc14     0x54  bsp.o [1]
  .text               ro code  0x0803dc68     0x44  bsp_relay.o [1]
  .text               ro code  0x0803dcac     0x40  zero_init3.o [5]
  .text               ro code  0x0803dcec     0x3c  SysInfoTest.o [1]
  .rodata             const    0x0803dd28     0x38  demo_fatfs.o [1]
  .text               ro code  0x0803dd60     0x38  stm32f4xx_it.o [1]
  .text               ro code  0x0803dd98     0x34  main.o [1]
  .rodata             const    0x0803ddcc     0x30  apptask.o [1]
  .rodata             const    0x0803ddfc     0x30  demo_fatfs.o [1]
  .rodata             const    0x0803de2c     0x30  demo_fatfs.o [1]
  .rodata             const    0x0803de5c     0x2c  apptask.o [1]
  .rodata             const    0x0803de88     0x2c  demo_fatfs.o [1]
  .rodata             const    0x0803deb4     0x2c  demo_fatfs.o [1]
  .rodata             const    0x0803dee0     0x2c  stm32f4xx_it.o [1]
  .text               ro code  0x0803df0c     0x2c  copy_init3.o [5]
  .rodata             const    0x0803df38     0x28  demo_fatfs.o [1]
  .rodata             const    0x0803df60     0x28  demo_fatfs.o [1]
  .rodata             const    0x0803df88     0x28  demo_fatfs.o [1]
  .text               ro code  0x0803dfb0     0x28  data_init.o [5]
  .rodata             const    0x0803dfd8     0x24  demo_fatfs.o [1]
  .rodata             const    0x0803dffc     0x24  demo_fatfs.o [1]
  .rodata             const    0x0803e020     0x24  usbh_usr.o [1]
  .text               ro code  0x0803e044     0x22  fpinit_M.o [4]
  .iar.init_table     const    0x0803e068     0x2c  - Linker created -
  .rodata             const    0x0803e094     0x20  apptask.o [1]
  .rodata             const    0x0803e0b4     0x20  apptask.o [1]
  .rodata             const    0x0803e0d4     0x20  bsp_sdwe050c17.o [1]
  .rodata             const    0x0803e0f4     0x20  demo_fatfs.o [1]
  .rodata             const    0x0803e114     0x20  demo_fatfs.o [1]
  .rodata             const    0x0803e134     0x20  demo_fatfs.o [1]
  .rodata             const    0x0803e154     0x20  usbh_usr.o [1]
  .rodata             const    0x0803e174     0x20  usbh_usr.o [1]
  .rodata             const    0x0803e194     0x20  usbh_usr.o [1]
  .rodata             const    0x0803e1b4     0x20  usbh_usr.o [1]
  .rodata             const    0x0803e1d4     0x20  usbh_usr.o [1]
  .rodata             const    0x0803e1f4     0x1c  apptask.o [1]
  .rodata             const    0x0803e210     0x1c  apptask.o [1]
  .rodata             const    0x0803e22c     0x1c  apptask.o [1]
  .rodata             const    0x0803e248     0x1c  apptask.o [1]
  .rodata             const    0x0803e264     0x1c  apptask.o [1]
  .rodata             const    0x0803e280     0x1c  apptask.o [1]
  .rodata             const    0x0803e29c     0x1c  demo_fatfs.o [1]
  .rodata             const    0x0803e2b8     0x1c  demo_fatfs.o [1]
  .rodata             const    0x0803e2d4     0x1c  usbh_usr.o [1]
  .rodata             const    0x0803e2f0     0x1c  usbh_usr.o [1]
  .rodata             const    0x0803e30c     0x1c  usbh_usr.o [1]
  .rodata             const    0x0803e328     0x1c  usbh_usr.o [1]
  .rodata             const    0x0803e344     0x1c  usbh_usr.o [1]
  .rodata             const    0x0803e360     0x1c  usbh_usr.o [1]
  .text               ro code  0x0803e37c     0x1a  cmain.o [5]
  .text               ro code  0x0803e396      0x4  exit.o [3]
  .text               ro code  0x0803e39c      0xa  cexit.o [5]
  .text               ro code  0x0803e3a8     0x14  exit.o [6]
  .rodata             const    0x0803e3bc     0x18  apptask.o [1]
  .rodata             const    0x0803e3d4     0x18  apptask.o [1]
  .rodata             const    0x0803e3ec     0x18  apptask.o [1]
  .rodata             const    0x0803e404     0x18  apptask.o [1]
  .rodata             const    0x0803e41c     0x18  apptask.o [1]
  .rodata             const    0x0803e434     0x18  apptask.o [1]
  .rodata             const    0x0803e44c     0x18  apptask.o [1]
  .rodata             const    0x0803e464     0x18  demo_fatfs.o [1]
  .rodata             const    0x0803e47c     0x18  demo_fatfs.o [1]
  .rodata             const    0x0803e494     0x18  demo_fatfs.o [1]
  .rodata             const    0x0803e4ac     0x18  demo_fatfs.o [1]
  .rodata             const    0x0803e4c4     0x18  usbh_usr.o [1]
  .rodata             const    0x0803e4dc     0x18  usbh_usr.o [1]
  .rodata             const    0x0803e4f4     0x18  usbh_usr.o [1]
  .rodata             const    0x0803e50c     0x18  usbh_usr.o [1]
  .rodata             const    0x0803e524     0x18  usbh_usr.o [1]
  .text               ro code  0x0803e53c     0x16  xprout.o [3]
  .text               ro code  0x0803e554      0xc  putchar.o [3]
  .rodata             const    0x0803e560     0x14  apptask.o [1]
  .rodata             const    0x0803e574     0x14  apptask.o [1]
  .rodata             const    0x0803e588     0x14  apptask.o [1]
  .rodata             const    0x0803e59c     0x14  apptask.o [1]
  .rodata             const    0x0803e5b0     0x14  apptask.o [1]
  .rodata             const    0x0803e5c4     0x14  usbh_usr.o [1]
  .rodata             const    0x0803e5d8     0x14  usbh_usr.o [1]
  .rodata             const    0x0803e5ec     0x10  apptask.o [1]
  .rodata             const    0x0803e5fc     0x10  apptask.o [1]
  .rodata             const    0x0803e60c     0x10  apptask.o [1]
  .rodata             const    0x0803e61c     0x10  apptask.o [1]
  .rodata             const    0x0803e62c     0x10  apptask.o [1]
  .rodata             const    0x0803e63c     0x10  apptask.o [1]
  .rodata             const    0x0803e64c     0x10  apptask.o [1]
  .rodata             const    0x0803e65c     0x10  apptask.o [1]
  .rodata             const    0x0803e66c     0x10  apptask.o [1]
  .rodata             const    0x0803e67c     0x10  ff.o [1]
  .rodata             const    0x0803e68c     0x10  main.o [1]
  .rodata             const    0x0803e69c     0x10  main.o [1]
  .rodata             const    0x0803e6ac     0x10  usbh_usr.o [1]
  .rodata             const    0x0803e6bc     0x10  usbh_usr.o [1]
  .text               ro code  0x0803e6cc     0x10  startup_stm32f40_41xxx.o [1]
  .text               ro code  0x0803e6dc     0x10  usbh_it.o [1]
  .rodata             const    0x0803e6ec      0xc  apptask.o [1]
  .rodata             const    0x0803e6f8      0xc  apptask.o [1]
  .rodata             const    0x0803e704      0xc  apptask.o [1]
  .rodata             const    0x0803e710      0xc  apptask.o [1]
  .rodata             const    0x0803e71c      0xc  apptask.o [1]
  .rodata             const    0x0803e728      0xc  apptask.o [1]
  .rodata             const    0x0803e734      0xc  apptask.o [1]
  .rodata             const    0x0803e740      0xc  apptask.o [1]
  .rodata             const    0x0803e74c      0xc  apptask.o [1]
  .rodata             const    0x0803e758      0xc  apptask.o [1]
  .rodata             const    0x0803e764      0xc  apptask.o [1]
  .rodata             const    0x0803e770      0xc  apptask.o [1]
  .rodata             const    0x0803e77c      0xc  apptask.o [1]
  .rodata             const    0x0803e788      0xc  apptask.o [1]
  .rodata             const    0x0803e794      0xc  apptask.o [1]
  .rodata             const    0x0803e7a0      0xc  apptask.o [1]
  .rodata             const    0x0803e7ac      0xc  apptask.o [1]
  .rodata             const    0x0803e7b8      0xc  apptask.o [1]
  .rodata             const    0x0803e7c4      0xc  apptask.o [1]
  .rodata             const    0x0803e7d0      0xc  apptask.o [1]
  .rodata             const    0x0803e7dc      0xc  apptask.o [1]
  .rodata             const    0x0803e7e8      0xc  apptask.o [1]
  .rodata             const    0x0803e7f4      0xc  bsp_sdwe050c17.o [1]
  .rodata             const    0x0803e800      0xc  bsp_sdwe050c17.o [1]
  .rodata             const    0x0803e80c      0xc  bsp_sdwe050c17.o [1]
  .rodata             const    0x0803e818      0xc  demo_fatfs.o [1]
  .rodata             const    0x0803e824      0xc  ff.o [1]
  .text               ro code  0x0803e830      0xc  cstartup_M.o [5]
  .rodata             const    0x0803e83c      0x8  apptask.o [1]
  .rodata             const    0x0803e844      0x8  apptask.o [1]
  .rodata             const    0x0803e84c      0x8  apptask.o [1]
  .rodata             const    0x0803e854      0x8  apptask.o [1]
  .rodata             const    0x0803e85c      0x8  apptask.o [1]
  .rodata             const    0x0803e864      0x8  apptask.o [1]
  .rodata             const    0x0803e86c      0x8  apptask.o [1]
  .rodata             const    0x0803e874      0x8  apptask.o [1]
  .rodata             const    0x0803e87c      0x8  bsp_w25qxx.o [1]
  .rodata             const    0x0803e884      0x8  ff.o [1]
  .rodata             const    0x0803e88c      0x8  malloc.o [1]
  .rodata             const    0x0803e894      0x8  malloc.o [1]
  .rodata             const    0x0803e89c      0x8  malloc.o [1]
  .rodata             const    0x0803e8a4      0x8  para.o [1]
  .rodata             const    0x0803e8ac      0x8  tasks.o [1]
  .rodata             const    0x0803e8b4      0x8  timers.o [1]
  .rodata             const    0x0803e8bc      0x4  heap_4.o [1]
  .rodata             const    0x0803e8c0      0x4  port.o [1]
  .text               ro code  0x0803e8c4      0x4  startup_stm32f40_41xxx.o [1]
  .text               ro code  0x0803e8c8      0x4  startup_stm32f40_41xxx.o [1]
  .text               ro code  0x0803e8cc      0x4  startup_stm32f40_41xxx.o [1]
  .text               ro code  0x0803e8d0      0x4  startup_stm32f40_41xxx.o [1]
  .text               ro code  0x0803e8d4      0x4  startup_stm32f40_41xxx.o [1]
  .text               ro code  0x0803e8d8      0x4  startup_stm32f40_41xxx.o [1]
  .text               ro code  0x0803e8dc      0x4  startup_stm32f40_41xxx.o [1]
  .text               ro code  0x0803e8e0      0x4  startup_stm32f40_41xxx.o [1]
  .text               ro code  0x0803e8e4      0x4  startup_stm32f40_41xxx.o [1]
  .text               ro code  0x0803e8e8      0x4  startup_stm32f40_41xxx.o [1]
  .text               ro code  0x0803e8ec      0x4  startup_stm32f40_41xxx.o [1]
  .text               ro code  0x0803e8f0      0x4  startup_stm32f40_41xxx.o [1]
  .text               ro code  0x0803e8f4      0x4  startup_stm32f40_41xxx.o [1]
  .text               ro code  0x0803e8f8      0x4  startup_stm32f40_41xxx.o [1]
  .text               ro code  0x0803e8fc      0x4  startup_stm32f40_41xxx.o [1]
  .text               ro code  0x0803e900      0x4  startup_stm32f40_41xxx.o [1]
  .text               ro code  0x0803e904      0x4  startup_stm32f40_41xxx.o [1]
  .text               ro code  0x0803e908      0x4  startup_stm32f40_41xxx.o [1]
  .text               ro code  0x0803e90c      0x4  startup_stm32f40_41xxx.o [1]
  .text               ro code  0x0803e910      0x4  startup_stm32f40_41xxx.o [1]
  .text               ro code  0x0803e914      0x4  startup_stm32f40_41xxx.o [1]
  .text               ro code  0x0803e918      0x4  startup_stm32f40_41xxx.o [1]
  .text               ro code  0x0803e91c      0x4  startup_stm32f40_41xxx.o [1]
  .text               ro code  0x0803e920      0x4  startup_stm32f40_41xxx.o [1]
  .text               ro code  0x0803e924      0x4  startup_stm32f40_41xxx.o [1]
  .text               ro code  0x0803e928      0x4  startup_stm32f40_41xxx.o [1]
  .text               ro code  0x0803e92c      0x4  startup_stm32f40_41xxx.o [1]
  .text               ro code  0x0803e930      0x4  startup_stm32f40_41xxx.o [1]
  .text               ro code  0x0803e934      0x4  startup_stm32f40_41xxx.o [1]
  .text               ro code  0x0803e938      0x4  startup_stm32f40_41xxx.o [1]
  .text               ro code  0x0803e93c      0x4  startup_stm32f40_41xxx.o [1]
  .text               ro code  0x0803e940      0x4  startup_stm32f40_41xxx.o [1]
  .text               ro code  0x0803e944      0x4  startup_stm32f40_41xxx.o [1]
  .text               ro code  0x0803e948      0x4  startup_stm32f40_41xxx.o [1]
  .text               ro code  0x0803e94c      0x4  startup_stm32f40_41xxx.o [1]
  .text               ro code  0x0803e950      0x4  startup_stm32f40_41xxx.o [1]
  .text               ro code  0x0803e954      0x4  startup_stm32f40_41xxx.o [1]
  .text               ro code  0x0803e958      0x4  startup_stm32f40_41xxx.o [1]
  .text               ro code  0x0803e95c      0x4  startup_stm32f40_41xxx.o [1]
  .text               ro code  0x0803e960      0x4  startup_stm32f40_41xxx.o [1]
  .text               ro code  0x0803e964      0x4  startup_stm32f40_41xxx.o [1]
  .text               ro code  0x0803e968      0x4  startup_stm32f40_41xxx.o [1]
  .text               ro code  0x0803e96c      0x4  startup_stm32f40_41xxx.o [1]
  .text               ro code  0x0803e970      0x4  startup_stm32f40_41xxx.o [1]
  .text               ro code  0x0803e974      0x4  startup_stm32f40_41xxx.o [1]
  .text               ro code  0x0803e978      0x4  startup_stm32f40_41xxx.o [1]
  .text               ro code  0x0803e97c      0x4  startup_stm32f40_41xxx.o [1]
  .text               ro code  0x0803e980      0x4  startup_stm32f40_41xxx.o [1]
  .text               ro code  0x0803e984      0x4  startup_stm32f40_41xxx.o [1]
  .text               ro code  0x0803e988      0x4  startup_stm32f40_41xxx.o [1]
  .text               ro code  0x0803e98c      0x4  startup_stm32f40_41xxx.o [1]
  .text               ro code  0x0803e990      0x4  startup_stm32f40_41xxx.o [1]
  .text               ro code  0x0803e994      0x4  startup_stm32f40_41xxx.o [1]
  .text               ro code  0x0803e998      0x4  startup_stm32f40_41xxx.o [1]
  .text               ro code  0x0803e99c      0x4  startup_stm32f40_41xxx.o [1]
  .text               ro code  0x0803e9a0      0x4  startup_stm32f40_41xxx.o [1]
  .text               ro code  0x0803e9a4      0x4  startup_stm32f40_41xxx.o [1]
  .text               ro code  0x0803e9a8      0x4  startup_stm32f40_41xxx.o [1]
  .text               ro code  0x0803e9ac      0x4  startup_stm32f40_41xxx.o [1]
  .text               ro code  0x0803e9b0      0x4  startup_stm32f40_41xxx.o [1]
  .text               ro code  0x0803e9b4      0x4  startup_stm32f40_41xxx.o [1]
  .text               ro code  0x0803e9b8      0x4  startup_stm32f40_41xxx.o [1]
  .text               ro code  0x0803e9bc      0x4  startup_stm32f40_41xxx.o [1]
  .text               ro code  0x0803e9c0      0x4  startup_stm32f40_41xxx.o [1]
  .text               ro code  0x0803e9c4      0x4  startup_stm32f40_41xxx.o [1]
  .text               ro code  0x0803e9c8      0x4  startup_stm32f40_41xxx.o [1]
  .text               ro code  0x0803e9cc      0x4  startup_stm32f40_41xxx.o [1]
  .text               ro code  0x0803e9d0      0x4  startup_stm32f40_41xxx.o [1]
  .text               ro code  0x0803e9d4      0x4  startup_stm32f40_41xxx.o [1]
  .text               ro code  0x0803e9d8      0x4  startup_stm32f40_41xxx.o [1]
  .text               ro code  0x0803e9dc      0x4  startup_stm32f40_41xxx.o [1]
  .rodata             const    0x0803e9e0      0x0  zero_init3.o [5]
  .rodata             const    0x0803e9e0      0x0  copy_init3.o [5]
  Initializer bytes   const    0x0803e9e0    0x1b8  <for P2 s0>
                             - 0x0803eb98  0x3ea10

"P2":                                      0x1f5e8
  P2 s0                        0x20000000    0x1b8  <Init block>
    __DLIB_PERTHREAD  inited   0x20000000     0x88  localeconv.o [3]
    .data             inited   0x20000088     0x50  demo_fatfs.o [1]
    .data             inited   0x200000d8     0x48  usbh_usr.o [1]
    .data             inited   0x20000120     0x40  xfiles.o [3]
    .data             inited   0x20000160     0x1c  malloc.o [1]
    .data             inited   0x2000017c     0x10  stm32f4xx_rcc.o [1]
    .data             inited   0x2000018c     0x10  usbh_msc_core.o [1]
    .data             inited   0x2000019c      0xc  usbh_core.o [1]
    .data             inited   0x200001a8      0x4  port.o [1]
    .data             inited   0x200001ac      0x4  system_stm32f4xx.o [1]
    .data             inited   0x200001b0      0x4  usbh_core.o [1]
    .data             inited   0x200001b4      0x2  bsp_w25qxx.o [1]
    .data             inited   0x200001b6      0x1  usbh_msc_scsi.o [1]
  .bss                zero     0x200001b8  0x11800  heap_4.o [1]
  .bss                zero     0x200119b8   0xa000  malloc.o [1]
  .bss                zero     0x2001b9b8   0x1000  bsp_w25qxx.o [1]
  .bss                zero     0x2001c9b8    0xa00  malloc.o [1]
  .bss                zero     0x2001d3b8    0x5ac  usbh_usr.o [1]
  .bss                zero     0x2001d964    0x5ac  usbh_usr.o [1]
  .bss                zero     0x2001df10    0x200  ff.o [1]
  .bss                zero     0x2001e110    0x200  usbh_msc_scsi.o [1]
  .bss                zero     0x2001e310    0x200  usbh_stdreq.o [1]
  .bss                zero     0x2001e510     0xc8  tasks.o [1]
  .bss                zero     0x2001e5d8     0xa4  protocol.o [1]
  .bss                zero     0x2001e67c     0x94  usbh_usr.o [1]
  .bss                zero     0x2001e710     0x70  para.o [1]
  .bss                zero     0x2001e780     0x70  protocol.o [1]
  .bss                zero     0x2001e7f0     0x64  bsp_uart_fifo.o [1]
  .bss                zero     0x2001e854     0x64  bsp_uart_fifo.o [1]
  .bss                zero     0x2001e8b8     0x64  bsp_uart_fifo.o [1]
  .bss                zero     0x2001e91c     0x4c  usbh_msc_core.o [1]
  .bss                zero     0x2001e968     0x58  bsp_sdio_sd.o [1]
  .bss                zero     0x2001e9c0     0x50  protocol.o [1]
  .bss                zero     0x2001ea10     0x50  xfiles.o [3]
  .bss                zero     0x2001ea60     0x34  bsp_sdwe050c17.o [1]
  .bss                zero     0x2001ea94     0x28  bsp_uart_fifo.o [1]
  .bss                zero     0x2001eabc     0x28  product_cal.o [1]
  .bss                zero     0x2001eae4     0x28  product_cal.o [1]
  .bss                zero     0x2001eb0c     0x24  ff.o [1]
  .bss                zero     0x2001eb30     0x20  usbh_msc_bot.o [1]
  .bss                zero     0x2001eb50     0x18  bsp_sdio_sd.o [1]
  .bss                zero     0x2001eb68     0x18  bsp_sdio_sd.o [1]
  .bss                zero     0x2001eb80     0x14  bsp_sdio_sd.o [1]
  .bss                zero     0x2001eb94     0x14  rc522.o [1]
  .bss                zero     0x2001eba8     0x14  tasks.o [1]
  .bss                zero     0x2001ebbc     0x14  tasks.o [1]
  .bss                zero     0x2001ebd0     0x14  tasks.o [1]
  .bss                zero     0x2001ebe4     0x14  tasks.o [1]
  .bss                zero     0x2001ebf8     0x14  tasks.o [1]
  .bss                zero     0x2001ec0c     0x14  timers.o [1]
  .bss                zero     0x2001ec20     0x14  timers.o [1]
  .bss                zero     0x2001ec34     0x10  bsp_sdio_sd.o [1]
  .bss                zero     0x2001ec44     0x10  bsp_sdio_sd.o [1]
  .bss                zero     0x2001ec54     0x10  usbh_msc_bot.o [1]
  .bss                zero     0x2001ec64     0x10  usbh_msc_bot.o [1]
  .bss                zero     0x2001ec74     0x10  usbh_msc_scsi.o [1]
  .bss                zero     0x2001ec84      0xc  apptask.o [1]
  .bss                zero     0x2001ec90      0xc  apptask.o [1]
  .bss                zero     0x2001ec9c      0xc  ff.o [1]
  .bss                zero     0x2001eca8      0xc  protocol.o [1]
  .bss                zero     0x2001ecb4      0xc  protocol.o [1]
  .bss                zero     0x2001ecc0      0xc  protocol.o [1]
  .bss                zero     0x2001eccc      0x8  heap_4.o [1]
  .bss                zero     0x2001ecd4      0x8  modbus.o [1]
  .bss                zero     0x2001ecdc      0x8  protocol.o [1]
  .bss                zero     0x2001ece4      0x4  apptask.o [1]
  .bss                zero     0x2001ece8      0x4  apptask.o [1]
  .bss                zero     0x2001ecec      0x4  apptask.o [1]
  .bss                zero     0x2001ecf0      0x4  apptask.o [1]
  .bss                zero     0x2001ecf4      0x4  apptask.o [1]
  .bss                zero     0x2001ecf8      0x4  apptask.o [1]
  .bss                zero     0x2001ecfc      0x4  apptask.o [1]
  .bss                zero     0x2001ed00      0x4  apptask.o [1]
  .bss                zero     0x2001ed04      0x4  apptask.o [1]
  .bss                zero     0x2001ed08      0x4  apptask.o [1]
  .bss                zero     0x2001ed0c      0x4  apptask.o [1]
  .bss                zero     0x2001ed10      0x4  apptask.o [1]
  .bss                zero     0x2001ed14      0x4  apptask.o [1]
  .bss                zero     0x2001ed18      0x4  apptask.o [1]
  .bss                zero     0x2001ed1c      0x4  apptask.o [1]
  .bss                zero     0x2001ed20      0x4  apptask.o [1]
  .bss                zero     0x2001ed24      0x4  apptask.o [1]
  .bss                zero     0x2001ed28      0x4  bsp_sdio_sd.o [1]
  .bss                zero     0x2001ed2c      0x4  bsp_sdio_sd.o [1]
  .bss                zero     0x2001ed30      0x4  bsp_sdio_sd.o [1]
  .bss                zero     0x2001ed34      0x4  bsp_sdio_sd.o [1]
  .bss                zero     0x2001ed38      0x4  bsp_sdio_sd.o [1]
  .bss                zero     0x2001ed3c      0x4  bsp_timer.o [1]
  .bss                zero     0x2001ed40      0x4  bsp_timer.o [1]
  .bss                zero     0x2001ed44      0x4  bsp_timer.o [1]
  .bss                zero     0x2001ed48      0x4  bsp_timer.o [1]
  .bss                zero     0x2001ed4c      0x4  heap_4.o [1]
  .bss                zero     0x2001ed50      0x4  heap_4.o [1]
  .bss                zero     0x2001ed54      0x4  heap_4.o [1]
  .bss                zero     0x2001ed58      0x4  heap_4.o [1]
  .bss                zero     0x2001ed5c      0x4  port.o [1]
  .bss                zero     0x2001ed60      0x4  SysInfoTest.o [1]
  .bss                zero     0x2001ed64      0x4  tasks.o [1]
  .bss                zero     0x2001ed68      0x4  tasks.o [1]
  .bss                zero     0x2001ed6c      0x4  tasks.o [1]
  .bss                zero     0x2001ed70      0x4  tasks.o [1]
  .bss                zero     0x2001ed74      0x4  tasks.o [1]
  .bss                zero     0x2001ed78      0x4  tasks.o [1]
  .bss                zero     0x2001ed7c      0x4  tasks.o [1]
  .bss                zero     0x2001ed80      0x4  tasks.o [1]
  .bss                zero     0x2001ed84      0x4  tasks.o [1]
  .bss                zero     0x2001ed88      0x4  tasks.o [1]
  .bss                zero     0x2001ed8c      0x4  tasks.o [1]
  .bss                zero     0x2001ed90      0x4  tasks.o [1]
  .bss                zero     0x2001ed94      0x4  tasks.o [1]
  .bss                zero     0x2001ed98      0x4  tasks.o [1]
  .bss                zero     0x2001ed9c      0x4  tasks.o [1]
  .bss                zero     0x2001eda0      0x4  tasks.o [1]
  .bss                zero     0x2001eda4      0x4  timers.o [1]
  .bss                zero     0x2001eda8      0x4  timers.o [1]
  .bss                zero     0x2001edac      0x4  timers.o [1]
  .bss                zero     0x2001edb0      0x4  timers.o [1]
  .bss                zero     0x2001edb4      0x4  usbh_msc_bot.o [1]
  .bss                zero     0x2001edb8      0x4  usbh_msc_bot.o [1]
  .bss                zero     0x2001edbc      0x4  usbh_msc_bot.o [1]
  .bss                zero     0x2001edc0      0x4  usbh_msc_bot.o [1]
  .bss                zero     0x2001edc4      0x2  apptask.o [1]
  .bss                zero     0x2001edc6      0x2  apptask.o [1]
  .bss                zero     0x2001edc8      0x2  apptask.o [1]
  .bss                zero     0x2001edca      0x2  bsp_sdwe050c17.o [1]
  .bss                zero     0x2001edcc      0x2  ff.o [1]
  .bss                zero     0x2001edce      0x2  usbh_core.o [1]
  .bss                zero     0x2001edd0      0x2  usbh_stdreq.o [1]
  .bss                zero     0x2001edd2      0x1  apptask.o [1]
  .bss                zero     0x2001edd3      0x1  apptask.o [1]
  .bss                zero     0x2001edd4      0x1  apptask.o [1]
  .bss                zero     0x2001edd5      0x1  apptask.o [1]
  .bss                zero     0x2001edd6      0x1  apptask.o [1]
  .bss                zero     0x2001edd7      0x1  apptask.o [1]
  .bss                zero     0x2001edd8      0x1  apptask.o [1]
  .bss                zero     0x2001edd9      0x1  bsp_sdio_sd.o [1]
  .bss                zero     0x2001edda      0x1  bsp_sdwe050c17.o [1]
  .bss                zero     0x2001eddb      0x1  bsp_uart_fifo.o [1]
  .bss                zero     0x2001eddc      0x1  port.o [1]
  .bss                zero     0x2001eddd      0x1  protocol.o [1]
  .bss                zero     0x2001edde      0x1  rc522.o [1]
  .bss                zero     0x2001eddf      0x1  rc522.o [1]
  .bss                zero     0x2001ede0      0x1  usbh_msc_bot.o [1]
  .bss                zero     0x2001ede1      0x1  usbh_msc_core.o [1]
  .bss                zero     0x2001ede2      0x1  usbh_msc_core.o [1]
  .bss                zero     0x2001ede3      0x1  usbh_stdreq.o [1]
  .bss                zero     0x2001ede4      0x1  usbh_usr.o [1]
  CSTACK                       0x2001ede8    0x800  <Block>
    CSTACK            uninit   0x2001ede8    0x800  <Block tail>
                             - 0x2001f5e8  0x1f5e8

Absolute sections:                         0xff000
  .bss                zero     0x68000000  0xf0000  malloc.o [1]
  .bss                zero     0x680f0000   0xf000  malloc.o [1]
                             - 0x680ff000  0xff000


*******************************************************************************
*** INIT TABLE
***

          Address     Size
          -------     ----
Zero (__iar_zero_init3)
    2 destination ranges, total size 0x11dc2d:
          0x200001b8  0x1ec2d
          0x68000000  0xff000

Copy (__iar_copy_init3)
    1 source range, total size 0x1b8 (100% of destination):
          0x0803e9e0    0x1b8
    1 destination range, total size 0x1b7:
          0x20000000    0x1b7



*******************************************************************************
*** MODULE SUMMARY
***

    Module                    ro code  ro data  rw data    rw data
                                                            (abs)
    ------                    -------  -------  -------    -------
E:\WORK\YarnControl_Driver\YarnControl_Driver\src\stm32f4_rtos\Project\EWARMv7\Flash\Obj: [1]
    SysInfoTest.o                  60                 4
    apptask.o                  11 768    1 564      105
    bsp.o                          84
    bsp_closeSW.o                 212
    bsp_dwt.o                     116
    bsp_led.o                     192
    bsp_relay.o                    68
    bsp_sdio_sd.o               6 744               209
    bsp_sdwe050c17.o            3 000       68       55
    bsp_servomotor.o              196
    bsp_spi.o                     292
    bsp_stepmotor.o               540
    bsp_sw_onoff.o                104
    bsp_tim_pwm.o                 736
    bsp_timer.o                   516                16
    bsp_uart_fifo.o             2 660               341
    bsp_w25qxx.o                  896       10    4 098
    bsp_watchdog.o                  8
    cc936.o                       244  176 320
    demo_fatfs.o                           772       80
    diskio.o                      740
    event_groups.o                610
    ff.o                        8 804       36      562
    heap_4.o                      640        4   71 704
    list.o                        152
    main.o                         52       32
    malloc.o                      540       52   43 548  1 044 480
    mcheck.o                      184      768
    misc.o                        136
    modbus.o                      852                 8
    para.o                        448        8      112
    port.o                        588        8        9
    portasm.o                     168
    product_cal.o                 920                80
    protocol.o                     68               401
    queue.o                     1 992
    rc522.o                       174                22
    startup_stm32f40_41xxx.o      692
    stm32f4xx_dma.o               692
    stm32f4xx_exti.o              192
    stm32f4xx_gpio.o              300
    stm32f4xx_it.o                 56       44
    stm32f4xx_iwdg.o               16
    stm32f4xx_rcc.o               452       16       16
    stm32f4xx_sdio.o              380
    stm32f4xx_spi.o               116
    stm32f4xx_syscfg.o             84
    stm32f4xx_tim.o               748
    stm32f4xx_usart.o             558
    system_stm32f4xx.o            340        4        4
    tasks.o                     3 072        8      364
    timers.o                    1 188        8       56
    usb_bsp.o                     332
    usb_core.o                  2 640
    usb_hcd.o                     214
    usb_hcd_int.o               3 198
    usbh_core.o                 1 888       16       18
    usbh_hcs.o                    442
    usbh_ioreq.o                  582
    usbh_it.o                      16
    usbh_msc_bot.o              1 364                81
    usbh_msc_core.o             1 000       16       94
    usbh_msc_scsi.o             1 560        1      529
    usbh_stdreq.o               1 078               515
    usbh_usr.o                    438      628    3 125
    --------------------------------------------------------------
    Total:                     69 142  180 383  126 156  1 044 480

command line: [2]
    --------------------------------------------------------------
    Total:

dl7M_tlf.a: [3]
    div.o                          14
    exit.o                          4
    localeconv.o                  108      136      136
    printf.o                       36
    putchar.o                      12
    sprintf.o                      52
    strcat.o                       28
    strstr.o                       44
    xfiles.o                                64      144
    xprintffull_nomb.o          3 478
    xprout.o                       22
    xsprout.o                      10
    --------------------------------------------------------------
    Total:                      3 808      200      280

m7M_tls.a: [4]
    DblAdd.o                      212
    DblCmpGe.o                     46
    DblCmpLe.o                     46
    DblDiv.o                      598
    DblMul.o                      418
    DblSub.o                      384
    DblToI32.o                     88
    FltToDbl.o                     78
    I32ToDbl.o                     48
    fpinit_M.o                     34
    xdnorm.o                       66
    xdscale.o                     276
    --------------------------------------------------------------
    Total:                      2 294

rt7M_tl.a: [5]
    ABImemcpy_unaligned.o         118
    ABImemset.o                   102
    I64DivMod.o                   238
    I64DivZer.o                     2
    cexit.o                        10
    cmain.o                        26
    copy_init3.o                   44
    cstartup_M.o                   12
    data_init.o                    40
    memchr.o                       88
    memcmp_unaligned.o             98
    strchr.o                       22
    strcmp_unaligned.o             66
    strlen.o                       54
    zero_init3.o                   64
    --------------------------------------------------------------
    Total:                        984

shb_l.a: [6]
    exit.o                         20
    --------------------------------------------------------------
    Total:                         20

    Gaps                           42        2
    Linker created                          45    2 048
------------------------------------------------------------------
    Grand Total:               76 290  180 630  128 484  1 044 480


*******************************************************************************
*** ENTRY LIST
***

Entry                      Address     Size  Type      Object
-----                      -------     ----  ----      ------
.iar.init_table$$Base   0x0803e068            --   Gb  - Linker created -
.iar.init_table$$Limit  0x0803e094            --   Gb  - Linker created -
?main                   0x0803e37d           Code  Gb  cmain.o [5]
APBAHBPrescTable        0x2000017c     0x10  Data  Lc  stm32f4xx_rcc.o [1]
AppObjCreate            0x0802d441    0x124  Code  Gb  apptask.o [1]
AppTaskCreate           0x0802d30d    0x126  Code  Gb  apptask.o [1]
BOTStallErrorCount      0x2001edb4      0x4  Data  Lc  usbh_msc_bot.o [1]
BusFault_Handler        0x0803dd93      0x2  Code  Gb  stm32f4xx_it.o [1]
CID_Tab                 0x2001ec44     0x10  Data  Lc  bsp_sdio_sd.o [1]
CRC16HiTable            0x0803d668    0x100  Data  Gb  mcheck.o [1]
CRC16LoTable            0x0803d768    0x100  Data  Gb  mcheck.o [1]
CRC8Table               0x0803d868    0x100  Data  Gb  mcheck.o [1]
CSD_Tab                 0x2001ec34     0x10  Data  Lc  bsp_sdio_sd.o [1]
CSTACK$$Base            0x2001ede8            --   Gb  - Linker created -
CSTACK$$Limit           0x2001f5e8            --   Gb  - Linker created -
CardType                0x2001ed28      0x4  Data  Lc  bsp_sdio_sd.o [1]
CmdError                0x08039d95     0x38  Code  Lc  bsp_sdio_sd.o [1]
CmdResp1Error           0x08039e39    0x112  Code  Lc  bsp_sdio_sd.o [1]
CmdResp2Error           0x08039f89     0x52  Code  Lc  bsp_sdio_sd.o [1]
CmdResp3Error           0x08039f4b     0x3e  Code  Lc  bsp_sdio_sd.o [1]
CmdResp6Error           0x08039fdb     0xa6  Code  Lc  bsp_sdio_sd.o [1]
CmdResp7Error           0x08039dcd     0x58  Code  Lc  bsp_sdio_sd.o [1]
ConfigExitNVIC          0x0803d9d3     0x22  Code  Gb  bsp_closeSW.o [1]
ConfigUartNVIC          0x08034d8d     0x7c  Code  Lc  bsp_uart_fifo.o [1]
DMA2_Stream3_IRQHandler
                        0x0803a67d      0x8  Code  Gb  bsp_sdio_sd.o [1]
DMAEndOfTransfer        0x2001ed38      0x4  Data  Gb  bsp_sdio_sd.o [1]
DMA_ClearFlag           0x080378e7     0x24  Code  Gb  stm32f4xx_dma.o [1]
DMA_Cmd                 0x0803789d     0x1a  Code  Gb  stm32f4xx_dma.o [1]
DMA_DeInit              0x08037705    0x140  Code  Gb  stm32f4xx_dma.o [1]
DMA_FlowControllerConfig
                        0x080378b7     0x18  Code  Gb  stm32f4xx_dma.o [1]
DMA_GetCmdStatus        0x080378cf     0x18  Code  Gb  stm32f4xx_dma.o [1]
DMA_ITConfig            0x0803790b     0x42  Code  Gb  stm32f4xx_dma.o [1]
DMA_Init                0x08037845     0x58  Code  Gb  stm32f4xx_dma.o [1]
DebugMon_Handler        0x0803dd97      0x2  Code  Gb  stm32f4xx_it.o [1]
DiskFile_init           0x08033ad1     0x40  Code  Gb  protocol.o [1]
Disk_File               0x2001e780     0x70  Data  Gb  protocol.o [1]
EXTI9_5_IRQHandler      0x0803d9f5     0x3c  Code  Gb  bsp_closeSW.o [1]
EXTI_ClearITPendingBit  0x0803db33      0x6  Code  Gb  stm32f4xx_exti.o [1]
EXTI_GetITStatus        0x0803db19     0x1a  Code  Gb  stm32f4xx_exti.o [1]
EXTI_Init               0x0803da91     0x88  Code  Gb  stm32f4xx_exti.o [1]
FR_Table                0x20000088     0x50  Data  Gb  demo_fatfs.o [1]
FatFs                   0x2001ec9c      0xc  Data  Lc  ff.o [1]
File_info               0x2001e9c0     0x50  Data  Gb  protocol.o [1]
Files                   0x2001eb0c     0x24  Data  Lc  ff.o [1]
FindSCR                 0x0803a229    0x206  Code  Lc  bsp_sdio_sd.o [1]
Fsid                    0x2001edcc      0x2  Data  Lc  ff.o [1]
GPIO_Init               0x0803061d     0xaa  Code  Gb  stm32f4xx_gpio.o [1]
GPIO_PinAFConfig        0x080306ef     0x5a  Code  Gb  stm32f4xx_gpio.o [1]
GPIO_ReadInputDataBit   0x080306c7     0x1a  Code  Gb  stm32f4xx_gpio.o [1]
GPIO_WriteBit           0x080306e1      0xe  Code  Gb  stm32f4xx_gpio.o [1]
GetDeviceState          0x08033a9d     0x2e  Code  Gb  bsp_sw_onoff.o [1]
HCD_GetCurrentFrame     0x0803665d      0x8  Code  Gb  usb_hcd.o [1]
HCD_GetCurrentSpeed     0x0803663f     0x10  Code  Gb  usb_hcd.o [1]
HCD_GetURB_State        0x08036665      0xa  Code  Gb  usb_hcd.o [1]
HCD_GetXferCnt          0x0803666f      0xc  Code  Gb  usb_hcd.o [1]
HCD_Init                0x080365cd     0x72  Code  Gb  usb_hcd.o [1]
HCD_ResetPort           0x0803664f      0xe  Code  Gb  usb_hcd.o [1]
HCD_SubmitRequest       0x0803667b     0x28  Code  Gb  usb_hcd.o [1]
HardFault_Handler       0x0803dd63     0x22  Code  Gb  stm32f4xx_it.o [1]
IWDG_Feed               0x0803422d      0x8  Code  Gb  bsp_watchdog.o [1]
IWDG_ReloadCounter      0x08037395      0xa  Code  Gb  stm32f4xx_iwdg.o [1]
InitHardUart            0x080349cd    0x3c0  Code  Lc  bsp_uart_fifo.o [1]
Init_JINGSHA_GUI        0x0802ec7f    0x100  Code  Gb  bsp_sdwe050c17.o [1]
LfnBuf                  0x2001df10    0x200  Data  Lc  ff.o [1]
LfnOfs                  0x0803e67c     0x10  Data  Lc  ff.o [1]
LoadInt                 0x08035c75     0x6e  Code  Lc  xprintffull_nomb.o [3]
MSCErrorCount           0x2001ede1      0x1  Data  Gb  usbh_msc_core.o [1]
MSC_Machine             0x2001e91c     0x4c  Data  Gb  usbh_msc_core.o [1]
MSG_DEV_ATTACHED        0x0803e50c     0x18  Data  Gb  usbh_usr.o [1]
MSG_DEV_DISCONNECTED    0x0803e524     0x18  Data  Gb  usbh_usr.o [1]
MSG_DEV_ENUMERATED      0x0803e328     0x1c  Data  Gb  usbh_usr.o [1]
MSG_DEV_ERROR           0x0803e5d8     0x14  Data  Gb  usbh_usr.o [1]
MSG_DEV_FULLSPEED       0x0803e1b4     0x20  Data  Gb  usbh_usr.o [1]
MSG_DEV_HIGHSPEED       0x0803e194     0x20  Data  Gb  usbh_usr.o [1]
MSG_DEV_LOWSPEED        0x0803e1d4     0x20  Data  Gb  usbh_usr.o [1]
MSG_HID_CLASS           0x0803e344     0x1c  Data  Gb  usbh_usr.o [1]
MSG_MSC_CLASS           0x0803e020     0x24  Data  Gb  usbh_usr.o [1]
MSG_UNREC_ERROR         0x0803e360     0x1c  Data  Gb  usbh_usr.o [1]
MemManage_Handler       0x0803dd91      0x2  Code  Gb  stm32f4xx_it.o [1]
NMI_Handler             0x0803dd61      0x2  Code  Gb  stm32f4xx_it.o [1]
NVIC_Init               0x08037687     0x6a  Code  Gb  misc.o [1]
NVIC_PriorityGroupConfig
                        0x0803767d      0xa  Code  Gb  misc.o [1]
OTG_FS_IRQHandler       0x0803e6dd     0x10  Code  Gb  usbh_it.o [1]
PendSV_Handler          0x080373a5           Code  Gb  portasm.o [1]
RCA                     0x2001ed2c      0x4  Data  Lc  bsp_sdio_sd.o [1]
RCC_AHB1PeriphClockCmd  0x0803489b     0x22  Code  Gb  stm32f4xx_rcc.o [1]
RCC_AHB2PeriphClockCmd  0x080348bd     0x1e  Code  Gb  stm32f4xx_rcc.o [1]
RCC_APB1PeriphClockCmd  0x080348db     0x1e  Code  Gb  stm32f4xx_rcc.o [1]
RCC_APB2PeriphClockCmd  0x080348f9     0x1e  Code  Gb  stm32f4xx_rcc.o [1]
RCC_APB2PeriphResetCmd  0x08034917     0x1e  Code  Gb  stm32f4xx_rcc.o [1]
RCC_GetClocksFreq       0x08034799    0x102  Code  Gb  stm32f4xx_rcc.o [1]
RS485_InitTXE           0x08034999     0x34  Code  Gb  bsp_uart_fifo.o [1]
RS485_sendbuf           0x08035249     0x3c  Code  Gb  bsp_uart_fifo.o [1]
Region$$Table$$Base     0x0803e068            --   Gb  - Linker created -
Region$$Table$$Limit    0x0803e094            --   Gb  - Linker created -
SDCardInfo              0x2001e968     0x58  Data  Gb  bsp_sdio_sd.o [1]
SDEnWideBus             0x0803a08d    0x198  Code  Lc  bsp_sdio_sd.o [1]
SDIO_ClearFlag          0x0803b3dd      0x6  Code  Gb  stm32f4xx_sdio.o [1]
SDIO_ClearITPendingBit  0x0803b3fd      0x6  Code  Gb  stm32f4xx_sdio.o [1]
SDIO_ClockCmd           0x0803b30b      0x8  Code  Gb  stm32f4xx_sdio.o [1]
SDIO_CmdInitStructure   0x2001eb80     0x14  Data  Gb  bsp_sdio_sd.o [1]
SDIO_DMACmd             0x0803b39d      0x8  Code  Gb  stm32f4xx_sdio.o [1]
SDIO_DataConfig         0x0803b369     0x2e  Code  Gb  stm32f4xx_sdio.o [1]
SDIO_DataInitStructure  0x2001eb68     0x18  Data  Gb  bsp_sdio_sd.o [1]
SDIO_DeInit             0x0803b2c9     0x18  Code  Gb  stm32f4xx_sdio.o [1]
SDIO_GetCommandResponse
                        0x0803b34b      0x8  Code  Gb  stm32f4xx_sdio.o [1]
SDIO_GetFlagStatus      0x0803b3c3     0x1a  Code  Gb  stm32f4xx_sdio.o [1]
SDIO_GetITStatus        0x0803b3e3     0x1a  Code  Gb  stm32f4xx_sdio.o [1]
SDIO_GetPowerState      0x0803b319      0xa  Code  Gb  stm32f4xx_sdio.o [1]
SDIO_GetResponse        0x0803b353     0x16  Code  Gb  stm32f4xx_sdio.o [1]
SDIO_IRQHandler         0x0803a675      0x8  Code  Gb  bsp_sdio_sd.o [1]
SDIO_ITConfig           0x0803b3a5     0x1e  Code  Gb  stm32f4xx_sdio.o [1]
SDIO_Init               0x0803b2e1     0x2a  Code  Gb  stm32f4xx_sdio.o [1]
SDIO_InitStructure      0x2001eb50     0x18  Data  Gb  bsp_sdio_sd.o [1]
SDIO_Interrupts_Config  0x0803a639     0x3c  Code  Gb  bsp_sdio_sd.o [1]
SDIO_ReadData           0x0803b397      0x6  Code  Gb  stm32f4xx_sdio.o [1]
SDIO_SendCommand        0x0803b323     0x28  Code  Gb  stm32f4xx_sdio.o [1]
SDIO_SetPowerState      0x0803b313      0x6  Code  Gb  stm32f4xx_sdio.o [1]
SDWE_WARNNING           0x0802eeef     0x2a  Code  Gb  bsp_sdwe050c17.o [1]
SD_Detect               0x08038d31     0x22  Code  Gb  bsp_sdio_sd.o [1]
SD_EnableWideBusOperation
                        0x0803952d     0xc8  Code  Gb  bsp_sdio_sd.o [1]
SD_GetCardInfo          0x08039141    0x3ec  Code  Gb  bsp_sdio_sd.o [1]
SD_GetState             0x08038d07     0x2a  Code  Gb  bsp_sdio_sd.o [1]
SD_GetStatus            0x08038ce5     0x22  Code  Gb  bsp_sdio_sd.o [1]
SD_Init                 0x08038c2d     0xb8  Code  Gb  bsp_sdio_sd.o [1]
SD_InitializeCards      0x08038f9f    0x1a2  Code  Gb  bsp_sdio_sd.o [1]
SD_LowLevel_DMA_RxConfig
                        0x0803a583     0x8e  Code  Gb  bsp_sdio_sd.o [1]
SD_LowLevel_DMA_TxConfig
                        0x0803a4f5     0x8e  Code  Gb  bsp_sdio_sd.o [1]
SD_LowLevel_Init        0x0803a431     0xbc  Code  Gb  bsp_sdio_sd.o [1]
SD_PowerON              0x08038d53    0x24c  Code  Gb  bsp_sdio_sd.o [1]
SD_ProcessDMAIRQ        0x08039d71     0x22  Code  Gb  bsp_sdio_sd.o [1]
SD_ProcessIRQSrc        0x08039cc3     0xae  Code  Gb  bsp_sdio_sd.o [1]
SD_ReadBlock            0x0803962d    0x108  Code  Gb  bsp_sdio_sd.o [1]
SD_ReadMultiBlocks      0x08039735    0x134  Code  Gb  bsp_sdio_sd.o [1]
SD_SelectDeselect       0x080395f5     0x38  Code  Gb  bsp_sdio_sd.o [1]
SD_SendStatus           0x08039c55     0x6e  Code  Gb  bsp_sdio_sd.o [1]
SD_StopTransfer         0x08039c0d     0x44  Code  Gb  bsp_sdio_sd.o [1]
SD_WaitReadOperation    0x0803986d     0x96  Code  Gb  bsp_sdio_sd.o [1]
SD_WriteBlock           0x0803990d    0x11e  Code  Gb  bsp_sdio_sd.o [1]
SD_WriteMultiBlocks     0x08039a39    0x1cc  Code  Gb  bsp_sdio_sd.o [1]
SPI1_Init               0x080355c5     0xc0  Code  Gb  bsp_spi.o [1]
SPI1_ReadWriteByte      0x080356ad     0x32  Code  Gb  bsp_spi.o [1]
SPI1_SetSpeed           0x08035685     0x28  Code  Gb  bsp_spi.o [1]
SPI_Cmd                 0x080379f9     0x1c  Code  Gb  stm32f4xx_spi.o [1]
SPI_I2S_GetFlagStatus   0x08037a15     0x18  Code  Gb  stm32f4xx_spi.o [1]
SPI_Init                0x080379b9     0x40  Code  Gb  stm32f4xx_spi.o [1]
SVC_Handler             0x080373fd           Code  Gb  portasm.o [1]
SYSCFG_EXTILineConfig   0x0803da3d     0x50  Code  Gb  stm32f4xx_syscfg.o [1]
Sdwe_ClearReadDisk      0x0802efc5     0x1c  Code  Gb  bsp_sdwe050c17.o [1]
Sdwe_clearString        0x0802ef19     0x54  Code  Gb  bsp_sdwe050c17.o [1]
Sdwe_clear_filename     0x0802f011     0x2a  Code  Gb  bsp_sdwe050c17.o [1]
Sdwe_disDigi            0x0802edc9     0xa4  Code  Gb  bsp_sdwe050c17.o [1]
Sdwe_disPicture         0x0802ed7f     0x4a  Code  Gb  bsp_sdwe050c17.o [1]
Sdwe_disString          0x0802ee6d     0x82  Code  Gb  bsp_sdwe050c17.o [1]
Sdwe_peiliao_page       0x0802f32d     0xee  Code  Gb  bsp_sdwe050c17.o [1]
Sdwe_product_page       0x0802f1b9    0x174  Code  Gb  bsp_sdwe050c17.o [1]
Sdwe_readRTC            0x0802efe1     0x30  Code  Gb  bsp_sdwe050c17.o [1]
Sdwe_refresh_allname    0x0802f171     0x48  Code  Gb  bsp_sdwe050c17.o [1]
Sdwe_refresh_filename   0x0802f03b    0x136  Code  Gb  bsp_sdwe050c17.o [1]
Sdwe_stop_page          0x0802f41b    0x362  Code  Gb  bsp_sdwe050c17.o [1]
Sdwe_writeIcon          0x0802ef6d     0x58  Code  Gb  bsp_sdwe050c17.o [1]
SetSysClock             0x0803d567     0xce  Code  Lc  system_stm32f4xx.o [1]
SlavePara               0x2001e5d8     0xa4  Data  Gb  protocol.o [1]
StopCondition           0x2001ed30      0x4  Data  Gb  bsp_sdio_sd.o [1]
SysTick_Handler         0x080343bb     0x2c  Code  Gb  port.o [1]
SystemCoreClock         0x200001ac      0x4  Data  Gb  system_stm32f4xx.o [1]
SystemInit              0x0803d515     0x52  Code  Gb  system_stm32f4xx.o [1]
TIM1_PWM_SETPMOTOR      0x0803d0ad     0x9e  Code  Gb  bsp_stepmotor.o [1]
TIM2_IRQHandler         0x08035501     0xac  Code  Gb  bsp_timer.o [1]
TIM3_PWM_SETPMOTOR      0x0803d045     0x68  Code  Gb  bsp_stepmotor.o [1]
TIM6_DAC_IRQHandler     0x0803dcff     0x22  Code  Gb  SysInfoTest.o [1]
TIM_ARRPreloadConfig    0x08030003     0x1c  Code  Gb  stm32f4xx_tim.o [1]
TIM_CallBack1           0x0802d56d     0x2c  Code  Gb  apptask.o [1]
TIM_ClearITPendingBit   0x0803027d      0x8  Code  Gb  stm32f4xx_tim.o [1]
TIM_Cmd                 0x0803001f     0x1c  Code  Gb  stm32f4xx_tim.o [1]
TIM_CtrlPWMOutputs      0x08030213     0x22  Code  Gb  stm32f4xx_tim.o [1]
TIM_GetITStatus         0x0803024b     0x32  Code  Gb  stm32f4xx_tim.o [1]
TIM_ITConfig            0x08030235     0x16  Code  Gb  stm32f4xx_tim.o [1]
TIM_OC2Init             0x0803003b     0x8c  Code  Gb  stm32f4xx_tim.o [1]
TIM_OC2PreloadConfig    0x080301d9     0x14  Code  Gb  stm32f4xx_tim.o [1]
TIM_OC3Init             0x080300c7     0x8a  Code  Gb  stm32f4xx_tim.o [1]
TIM_OC3PreloadConfig    0x080301ed     0x12  Code  Gb  stm32f4xx_tim.o [1]
TIM_OC4Init             0x08030151     0x68  Code  Gb  stm32f4xx_tim.o [1]
TIM_OC4PreloadConfig    0x080301ff     0x14  Code  Gb  stm32f4xx_tim.o [1]
TIM_TimeBaseInit        0x0802ff99     0x6a  Code  Gb  stm32f4xx_tim.o [1]
Task_iwdg_refresh       0x0802d727     0x56  Code  Gb  apptask.o [1]
TransferEnd             0x2001ed34      0x4  Data  Gb  bsp_sdio_sd.o [1]
TransferError           0x2001edd9      0x1  Data  Gb  bsp_sdio_sd.o [1]
UART1ToPC               0x080351e9     0x30  Code  Gb  bsp_uart_fifo.o [1]
UART2ToPC               0x08035219     0x30  Code  Gb  bsp_uart_fifo.o [1]
UART2_RX_BUF            0x2001e8b8     0x64  Data  Gb  bsp_uart_fifo.o [1]
UART3ToPC               0x08035285     0x30  Code  Gb  bsp_uart_fifo.o [1]
UART4ToPC               0x080352b5     0x30  Code  Gb  bsp_uart_fifo.o [1]
UART4_IRQHandler        0x080350f7     0x84  Code  Gb  bsp_uart_fifo.o [1]
UART4_RX_BUF            0x2001e854     0x64  Data  Gb  bsp_uart_fifo.o [1]
UART5ToPC               0x080352e7     0x30  Code  Gb  bsp_uart_fifo.o [1]
UART5_IRQHandler        0x0803517b     0x6e  Code  Gb  bsp_uart_fifo.o [1]
UART5_RX_BUF            0x2001e7f0     0x64  Data  Gb  bsp_uart_fifo.o [1]
USART1_IRQHandler       0x08035067     0x1e  Code  Gb  bsp_uart_fifo.o [1]
USART2_IRQHandler       0x08035085     0x68  Code  Gb  bsp_uart_fifo.o [1]
USART3_IRQHandler       0x080350ed      0xa  Code  Gb  bsp_uart_fifo.o [1]
USART_ClearFlag         0x080375ff      0xc  Code  Gb  stm32f4xx_usart.o [1]
USART_Cmd               0x08037549     0x1c  Code  Gb  stm32f4xx_usart.o [1]
USART_DMACmd            0x08037575     0x16  Code  Gb  stm32f4xx_usart.o [1]
USART_GetFlagStatus     0x080375e1     0x1e  Code  Gb  stm32f4xx_usart.o [1]
USART_GetITStatus       0x0803760b     0x70  Code  Gb  stm32f4xx_usart.o [1]
USART_ITConfig          0x0803758b     0x56  Code  Gb  stm32f4xx_usart.o [1]
USART_Init              0x0803744d     0xee  Code  Gb  stm32f4xx_usart.o [1]
USART_ReceiveData       0x0803756d      0x8  Code  Gb  stm32f4xx_usart.o [1]
USART_SendData          0x08037565      0x8  Code  Gb  stm32f4xx_usart.o [1]
USBH_Alloc_Channel      0x080367bd     0x2e  Code  Gb  usbh_hcs.o [1]
USBH_BulkReceiveData    0x08036e61     0x62  Code  Gb  usbh_ioreq.o [1]
USBH_BulkSendData       0x08036dff     0x62  Code  Gb  usbh_ioreq.o [1]
USBH_CfgDesc            0x2001e310    0x200  Data  Gb  usbh_stdreq.o [1]
USBH_ClrFeature         0x08036a07     0x4c  Code  Gb  usbh_stdreq.o [1]
USBH_Connected          0x08030901      0xc  Code  Gb  usbh_core.o [1]
USBH_CtlReceiveData     0x08036db9     0x46  Code  Gb  usbh_ioreq.o [1]
USBH_CtlReq             0x08036c93     0x6e  Code  Gb  usbh_ioreq.o [1]
USBH_CtlSendData        0x08036d45     0x74  Code  Gb  usbh_ioreq.o [1]
USBH_CtlSendSetup       0x08036d01     0x44  Code  Gb  usbh_ioreq.o [1]
USBH_DataInBuffer       0x2001e110    0x200  Data  Gb  usbh_msc_scsi.o [1]
USBH_DeAllocate_AllChannel
                        0x0803680f     0x20  Code  Gb  usbh_hcs.o [1]
USBH_DeInit             0x08030967     0x3e  Code  Gb  usbh_core.o [1]
USBH_Disconnected       0x0803090d      0xc  Code  Gb  usbh_core.o [1]
USBH_ErrorHandle        0x08030b77     0x34  Code  Gb  usbh_core.o [1]
USBH_Free_Channel       0x080367eb     0x24  Code  Gb  usbh_hcs.o [1]
USBH_GetDescriptor      0x08036967     0x4e  Code  Gb  usbh_stdreq.o [1]
USBH_GetFreeChannel     0x0803682f     0x2e  Code  Lc  usbh_hcs.o [1]
USBH_GetNextDesc        0x08036c7b     0x18  Code  Gb  usbh_stdreq.o [1]
USBH_Get_CfgDesc        0x080368a3     0x78  Code  Gb  usbh_stdreq.o [1]
USBH_Get_DevDesc        0x0803685d     0x46  Code  Gb  usbh_stdreq.o [1]
USBH_Get_StringDesc     0x0803691b     0x4c  Code  Gb  usbh_stdreq.o [1]
USBH_HCD_INT_cb         0x2000019c      0xc  Data  Gb  usbh_core.o [1]
USBH_HCD_INT_fops       0x200001b0      0x4  Data  Gb  usbh_core.o [1]
USBH_HandleControl      0x08030dbf    0x29a  Code  Gb  usbh_core.o [1]
USBH_HandleEnum         0x08030bab    0x214  Code  Lc  usbh_core.o [1]
USBH_Init               0x0803091f     0x48  Code  Gb  usbh_core.o [1]
USBH_MSC_BOTReset       0x0803c409     0x28  Code  Lc  usbh_msc_core.o [1]
USBH_MSC_BOTXferParam   0x2001ec64     0x10  Data  Gb  usbh_msc_bot.o [1]
USBH_MSC_BOT_Abort      0x0803b0e5     0x5c  Code  Gb  usbh_msc_bot.o [1]
USBH_MSC_CBWData        0x2001eb30     0x20  Data  Gb  usbh_msc_bot.o [1]
USBH_MSC_CSWData        0x2001ec54     0x10  Data  Gb  usbh_msc_bot.o [1]
USBH_MSC_ClassRequest   0x0803c1f7     0x12  Code  Lc  usbh_msc_core.o [1]
USBH_MSC_DecodeCSW      0x0803b141     0x7a  Code  Gb  usbh_msc_bot.o [1]
USBH_MSC_ErrorHandle    0x0803c459     0x3e  Code  Gb  usbh_msc_core.o [1]
USBH_MSC_GETMaxLUN      0x0803c431     0x28  Code  Lc  usbh_msc_core.o [1]
USBH_MSC_Handle         0x0803c209    0x200  Code  Lc  usbh_msc_core.o [1]
USBH_MSC_HandleBOTXfer  0x0803ace1    0x404  Code  Gb  usbh_msc_bot.o [1]
USBH_MSC_Init           0x0803ac9d     0x44  Code  Gb  usbh_msc_bot.o [1]
USBH_MSC_InterfaceDeInit
                        0x0803c1ab     0x4c  Code  Lc  usbh_msc_core.o [1]
USBH_MSC_InterfaceInit  0x0803c0c5     0xe6  Code  Lc  usbh_msc_core.o [1]
USBH_MSC_ModeSense6     0x0803a897    0x10c  Code  Gb  usbh_msc_scsi.o [1]
USBH_MSC_Param          0x2001ec74     0x10  Data  Gb  usbh_msc_scsi.o [1]
USBH_MSC_Read10         0x0803ab7d    0x106  Code  Gb  usbh_msc_scsi.o [1]
USBH_MSC_ReadCapacity10
                        0x0803a76d    0x12a  Code  Gb  usbh_msc_scsi.o [1]
USBH_MSC_RequestSense   0x0803a9a3     0xee  Code  Gb  usbh_msc_scsi.o [1]
USBH_MSC_TestUnitReady  0x0803a685     0xe8  Code  Gb  usbh_msc_scsi.o [1]
USBH_MSC_Write10        0x0803aa91     0xec  Code  Gb  usbh_msc_scsi.o [1]
USBH_MSC_cb             0x2000018c     0x10  Data  Gb  usbh_msc_core.o [1]
USBH_Modify_Channel     0x08036749     0x74  Code  Gb  usbh_hcs.o [1]
USBH_OTG_ISR_Handler    0x0803b445     0xb8  Code  Gb  usb_hcd_int.o [1]
USBH_Open_Channel       0x080366a3     0xa6  Code  Gb  usbh_hcs.o [1]
USBH_ParseCfgDesc       0x08036aaf    0x13c  Code  Lc  usbh_stdreq.o [1]
USBH_ParseDevDesc       0x08036a53     0x5c  Code  Lc  usbh_stdreq.o [1]
USBH_ParseEPDesc        0x08036c1f     0x20  Code  Lc  usbh_stdreq.o [1]
USBH_ParseInterfaceDesc
                        0x08036bf9     0x26  Code  Lc  usbh_stdreq.o [1]
USBH_ParseStringDesc    0x08036c3f     0x3c  Code  Lc  usbh_stdreq.o [1]
USBH_Process            0x080309a5    0x1d2  Code  Gb  usbh_core.o [1]
USBH_SOF                0x08030919      0x6  Code  Gb  usbh_core.o [1]
USBH_SetAddress         0x080369b5     0x2a  Code  Gb  usbh_stdreq.o [1]
USBH_SetCfg             0x080369df     0x28  Code  Gb  usbh_stdreq.o [1]
USBH_SubmitSetupRequest
                        0x08036ec3     0x16  Code  Lc  usbh_ioreq.o [1]
USBH_USR_Configuration_DescAvailable
                        0x08030809     0x26  Code  Gb  usbh_usr.o [1]
USBH_USR_DeInit         0x080308fd      0x2  Code  Gb  usbh_usr.o [1]
USBH_USR_DeviceAddressAssigned
                        0x08030807      0x2  Code  Gb  usbh_usr.o [1]
USBH_USR_DeviceAttached
                        0x08030781      0xa  Code  Gb  usbh_usr.o [1]
USBH_USR_DeviceDisconnected
                        0x08030795     0x1a  Code  Gb  usbh_usr.o [1]
USBH_USR_DeviceNotSupported
                        0x08030873      0xa  Code  Gb  usbh_usr.o [1]
USBH_USR_DeviceSpeedDetected
                        0x080307b9     0x36  Code  Gb  usbh_usr.o [1]
USBH_USR_Device_DescAvailable
                        0x080307ef     0x18  Code  Gb  usbh_usr.o [1]
USBH_USR_EnumerationDone
                        0x08030859     0x1a  Code  Gb  usbh_usr.o [1]
USBH_USR_Init           0x0803075d     0x24  Code  Gb  usbh_usr.o [1]
USBH_USR_MSC_Application
                        0x080308f9      0x4  Code  Gb  usbh_usr.o [1]
USBH_USR_Manufacturer_String
                        0x0803082f      0xe  Code  Gb  usbh_usr.o [1]
USBH_USR_OverCurrentDetected
                        0x08030881      0xa  Code  Gb  usbh_usr.o [1]
USBH_USR_Product_String
                        0x0803083d      0xe  Code  Gb  usbh_usr.o [1]
USBH_USR_ResetDevice    0x080307af      0xa  Code  Gb  usbh_usr.o [1]
USBH_USR_SerialNum_String
                        0x0803084b      0xe  Code  Gb  usbh_usr.o [1]
USBH_USR_UnrecoveredError
                        0x0803078b      0xa  Code  Gb  usbh_usr.o [1]
USBH_USR_UserInput      0x0803087d      0x4  Code  Gb  usbh_usr.o [1]
USB_Host                0x2001e67c     0x94  Data  Gb  usbh_usr.o [1]
USB_OTG_BSP_DisableInterrupt
                        0x08036531     0x22  Code  Gb  usb_bsp.o [1]
USB_OTG_BSP_EnableInterrupt
                        0x08036553     0x54  Code  Gb  usb_bsp.o [1]
USB_OTG_BSP_Init        0x08036481     0xb0  Code  Gb  usb_bsp.o [1]
USB_OTG_BSP_mDelay      0x080365c1      0xc  Code  Gb  usb_bsp.o [1]
USB_OTG_BSP_uDelay      0x080365b5      0xc  Code  Gb  usb_bsp.o [1]
USB_OTG_Core            0x2001d3b8    0x5ac  Data  Gb  usbh_usr.o [1]
USB_OTG_CoreInit        0x080383b5     0xce  Code  Gb  usb_core.o [1]
USB_OTG_CoreInitHost    0x080385c1     0xd0  Code  Gb  usb_core.o [1]
USB_OTG_CoreReset       0x080381ff     0x60  Code  Lc  usb_core.o [1]
USB_OTG_DisableGlobalInt
                        0x080384a1     0x1e  Code  Gb  usb_core.o [1]
USB_OTG_DriveVbus       0x080386a1     0x54  Code  Gb  usb_core.o [1]
USB_OTG_EnableCommonInt
                        0x080381dd     0x22  Code  Lc  usb_core.o [1]
USB_OTG_EnableGlobalInt
                        0x08038483     0x1e  Code  Gb  usb_core.o [1]
USB_OTG_EnableHostInt   0x080386f5     0x4e  Code  Gb  usb_core.o [1]
USB_OTG_FlushRxFifo     0x08038507     0x40  Code  Gb  usb_core.o [1]
USB_OTG_FlushTxFifo     0x080384bf     0x48  Code  Gb  usb_core.o [1]
USB_OTG_GetMode         0x0803858d      0xa  Code  Gb  usb_core.o [1]
USB_OTG_HC_DoPing       0x08038be5     0x48  Code  Gb  usb_core.o [1]
USB_OTG_HC_Halt         0x08038b71     0x74  Code  Gb  usb_core.o [1]
USB_OTG_HC_Init         0x080387a1    0x1d0  Code  Gb  usb_core.o [1]
USB_OTG_HC_StartXfer    0x08038971    0x200  Code  Gb  usb_core.o [1]
USB_OTG_InitFSLSPClkSel
                        0x08038743     0x12  Code  Gb  usb_core.o [1]
USB_OTG_IsEvenFrame     0x08038691     0x10  Code  Gb  usb_core.o [1]
USB_OTG_IsHostMode      0x08038597     0x18  Code  Gb  usb_core.o [1]
USB_OTG_ReadCoreItr     0x080385af     0x12  Code  Gb  usb_core.o [1]
USB_OTG_ReadHPRT0       0x08038755     0x1c  Code  Gb  usb_core.o [1]
USB_OTG_ReadPacket      0x080382a7     0x2c  Code  Gb  usb_core.o [1]
USB_OTG_ResetPort       0x08038771     0x30  Code  Gb  usb_core.o [1]
USB_OTG_SelectCore      0x080382d3     0xe2  Code  Gb  usb_core.o [1]
USB_OTG_SetCurrentMode  0x08038551     0x3c  Code  Gb  usb_core.o [1]
USB_OTG_USBH_handle_Disconnect_ISR
                        0x0803b581     0x1e  Code  Lc  usb_hcd_int.o [1]
USB_OTG_USBH_handle_IncompletePeriodicXfer_ISR
                        0x0803c09b     0x28  Code  Lc  usb_hcd_int.o [1]
USB_OTG_USBH_handle_hc_ISR
                        0x0803b4fd     0x66  Code  Lc  usb_hcd_int.o [1]
USB_OTG_USBH_handle_hc_n_In_ISR
                        0x0803bc0d    0x378  Code  Lc  usb_hcd_int.o [1]
USB_OTG_USBH_handle_hc_n_Out_ISR
                        0x0803b8d5    0x338  Code  Lc  usb_hcd_int.o [1]
USB_OTG_USBH_handle_nptxfempty_ISR
                        0x0803b59f    0x118  Code  Lc  usb_hcd_int.o [1]
USB_OTG_USBH_handle_port_ISR
                        0x0803b7d1     0xfe  Code  Lc  usb_hcd_int.o [1]
USB_OTG_USBH_handle_ptxfempty_ISR
                        0x0803b6b7    0x11a  Code  Lc  usb_hcd_int.o [1]
USB_OTG_USBH_handle_rx_qlvl_ISR
                        0x0803bf85    0x116  Code  Lc  usb_hcd_int.o [1]
USB_OTG_USBH_handle_sof_ISR
                        0x0803b563     0x1e  Code  Lc  usb_hcd_int.o [1]
USB_OTG_WritePacket     0x0803825f     0x48  Code  Gb  usb_core.o [1]
USB_OTG_dev             0x2001d964    0x5ac  Data  Gb  usbh_usr.o [1]
USRH_cb                 0x200000d8     0x48  Data  Gb  usbh_usr.o [1]
UartDMAConfig           0x08034e09    0x166  Code  Gb  bsp_uart_fifo.o [1]
UartIRQ                 0x08034f6f     0xf8  Code  Lc  bsp_uart_fifo.o [1]
UsageFault_Handler      0x0803dd95      0x2  Code  Gb  stm32f4xx_it.o [1]
UserTimerCallback       0x0802d599    0x18e  Code  Gb  apptask.o [1]
W25QXX_BUFFER           0x2001b9b8   0x1000  Data  Gb  bsp_w25qxx.o [1]
W25QXX_Erase_Sector     0x0802fb79     0x52  Code  Gb  bsp_w25qxx.o [1]
W25QXX_Init             0x0802f869     0x54  Code  Gb  bsp_w25qxx.o [1]
W25QXX_Read             0x0802f957     0x62  Code  Gb  bsp_w25qxx.o [1]
W25QXX_ReadID           0x0802f90b     0x4c  Code  Gb  bsp_w25qxx.o [1]
W25QXX_ReadSR           0x0802f8bd     0x30  Code  Gb  bsp_w25qxx.o [1]
W25QXX_TYPE             0x200001b4      0x2  Data  Gb  bsp_w25qxx.o [1]
W25QXX_Wait_Busy        0x0802fbcb      0xc  Code  Gb  bsp_w25qxx.o [1]
W25QXX_Write            0x0802fa6d    0x10c  Code  Gb  bsp_w25qxx.o [1]
W25QXX_Write_Enable     0x0802f8ed     0x1e  Code  Gb  bsp_w25qxx.o [1]
W25QXX_Write_NoCheck    0x0802fa15     0x58  Code  Gb  bsp_w25qxx.o [1]
W25QXX_Write_Page       0x0802f9b9     0x5c  Code  Gb  bsp_w25qxx.o [1]
_GenldFullNoMb          0x080361eb    0x24c  Code  Lc  xprintffull_nomb.o [3]
_LdtobFullNoMb          0x08035de9    0x3fc  Code  Lc  xprintffull_nomb.o [3]
_LitobFullNoMb          0x08035ce3    0x106  Code  Lc  xprintffull_nomb.o [3]
_Locale_aeabi_lconv     0x20000050     0x38  Data  Gb  localeconv.o [3]
_Locale_lconv           0x20000000     0x50  Data  Gb  localeconv.o [3]
_PrintfFullNoMb         0x080356e9    0x586  Code  Gb  xprintffull_nomb.o [3]
_Prout                  0x0803e53d     0x16  Code  Gb  xprout.o [3]
_PutcharsFullNoMb       0x08036437     0x2e  Code  Lc  xprintffull_nomb.o [3]
_SProut                 0x0802f85f      0xa  Code  Gb  xsprout.o [3]
__aeabi_cdcmple         0x08037bcd           Code  Gb  DblCmpLe.o [4]
__aeabi_cdrcmple        0x08037bfd           Code  Gb  DblCmpGe.o [4]
__aeabi_d2iz            0x08037d41           Code  Gb  DblToI32.o [4]
__aeabi_d2uiz           0x08037d6d           Code  Gb  DblToI32.o [4]
__aeabi_ddiv            0x080332f9           Code  Gb  DblDiv.o [4]
__aeabi_dmul            0x08037f49           Code  Gb  DblMul.o [4]
__aeabi_dsub            0x08037dc9           Code  Gb  DblSub.o [4]
__aeabi_f2d             0x0802fc61           Code  Gb  FltToDbl.o [4]
__aeabi_i2d             0x08037d99           Code  Gb  I32ToDbl.o [4]
__aeabi_ldiv0           0x0803b1f1           Code  Gb  I64DivZer.o [5]
__aeabi_memset          0x0802f7f9           Code  Gb  ABImemset.o [5]
__aeabi_ui2d            0x08037dad           Code  Gb  I32ToDbl.o [4]
__aeabi_uldivmod        0x08037a9d           Code  Gb  I64DivMod.o [5]
__cmain                 0x0803e37d           Code  Gb  cmain.o [5]
__exit                  0x0803e3a9     0x14  Code  Gb  exit.o [6]
__iar_Dnorm             0x08037b8b     0x42  Code  Gb  xdnorm.o [4]
__iar_Dscale            0x08037c2d    0x114  Code  Gb  xdscale.o [4]
__iar_Locale_lconv_init
                        0x080380ed     0x3a  Code  Gb  localeconv.o [3]
__iar_Memchr            0x08037a45           Code  Gb  memchr.o [5]
__iar_Memset            0x0802f7f9           Code  Gb  ABImemset.o [5]
__iar_Memset_word       0x0802f801           Code  Gb  ABImemset.o [5]
__iar_Stdout            0x20000120     0x40  Data  Gb  xfiles.o [3]
__iar_Strchr            0x08037a2d           Code  Gb  strchr.o [5]
__iar_Strstr            0x08037369     0x2c  Code  Gb  strstr.o [3]
__iar_copy_init3        0x0803df0d     0x2c  Code  Gb  copy_init3.o [5]
__iar_d2uiz             0x08037d79           Code  Gb  DblToI32.o [4]
__iar_dadd              0x0803b1f5           Code  Gb  DblAdd.o [4]
__iar_data_init3        0x0803dfb1     0x28  Code  Gb  data_init.o [5]
__iar_dsub              0x08037ddd           Code  Gb  DblSub.o [4]
[...]
bsp_StartHardTimer      0x08035427     0xda  Code  Gb  bsp_timer.o [1]
card_config             0x2001edd8      0x1  Data  Gb  apptask.o [1]
card_record             0x2001edd6      0x1  Data  Gb  apptask.o [1]
check_fs                0x08032673     0x7e  Code  Lc  ff.o [1]
chk_chr                 0x080310b7     0x14  Code  Lc  ff.o [1]
chk_lock                0x080310cb     0x94  Code  Lc  ff.o [1]
clear_lock              0x080312cb     0x30  Code  Lc  ff.o [1]
clust2sect              0x0803146d     0x1a  Code  Gb  ff.o [1]
cmp_lfn                 0x08031af1     0xb6  Code  Lc  ff.o [1]
create_chain            0x08031785     0xea  Code  Lc  ff.o [1]
create_name             0x08032279    0x31a  Code  Lc  ff.o [1]
debug_cmd               0x2001eddb      0x1  Data  Gb  bsp_uart_fifo.o [1]
dec_lock                0x0803126f     0x5c  Code  Lc  ff.o [1]
device_info             0x2001e710     0x70  Data  Gb  para.o [1]
dir_alloc               0x08031a4b     0x66  Code  Lc  ff.o [1]
dir_find                0x08031dcd    0x116  Code  Lc  ff.o [1]
dir_next                0x08031921    0x12a  Code  Lc  ff.o [1]
dir_read                0x08031ee3    0x10c  Code  Lc  ff.o [1]
dir_register            0x08031fef    0x14e  Code  Lc  ff.o [1]
dir_sdi                 0x0803186f     0xb2  Code  Lc  ff.o [1]
disk_initialize         0x08036ed9     0x40  Code  Gb  diskio.o [1]
disk_ioctl              0x080370fd     0xa6  Code  Gb  diskio.o [1]
disk_read               0x08036f45     0xdc  Code  Gb  diskio.o [1]
disk_status             0x08036f19     0x2c  Code  Gb  diskio.o [1]
disk_write              0x08037021     0xdc  Code  Gb  diskio.o [1]
div                     0x08038159      0xe  Code  Gb  div.o [3]
download_num            0x2001edd2      0x1  Data  Gb  apptask.o [1]
enq_lock                0x0803115f     0x28  Code  Lc  ff.o [1]
exit                    0x0803e397      0x4  Code  Gb  exit.o [3]
f_close                 0x08033155     0x38  Code  Gb  ff.o [1]
f_mount                 0x08032b89     0x66  Code  Gb  ff.o [1]
f_open                  0x08032bef    0x20e  Code  Gb  ff.o [1]
f_opendir               0x0803318d     0xb2  Code  Gb  ff.o [1]
f_readdir               0x0803323f     0x74  Code  Gb  ff.o [1]
f_sync                  0x0803309f     0xb6  Code  Gb  ff.o [1]
f_write                 0x08032e0d    0x292  Code  Gb  ff.o [1]
ff_convert              0x080371bd     0x80  Code  Gb  cc936.o [1]
ff_wtoupper             0x0803723d     0x64  Code  Gb  cc936.o [1]
file_select             0x2001ecb4      0xc  Data  Gb  protocol.o [1]
final_per_meter         0x08030309     0x1a  Code  Gb  product_cal.o [1]
find_volume             0x080326f9    0x45a  Code  Lc  ff.o [1]
fit_lfn                 0x08031c33     0x88  Code  Lc  ff.o [1]
follow_path             0x08032593     0x90  Code  Lc  ff.o [1]
fputc                   0x0803531d     0x22  Code  Gb  bsp_uart_fifo.o [1]
g_tUart3                0x2001ea94     0x28  Data  Gb  bsp_uart_fifo.o [1]
gen_numname             0x08031cc1     0xec  Code  Lc  ff.o [1]
get_card_type           0x0803045f     0xcc  Code  Gb  product_cal.o [1]
get_class_time          0x080303df     0x56  Code  Gb  product_cal.o [1]
get_fat                 0x08031487    0x11c  Code  Gb  ff.o [1]
get_fattime             0x080371a3      0x4  Code  Gb  diskio.o [1]
get_fileinfo            0x0803213d    0x13c  Code  Lc  ff.o [1]
get_float_1bit          0x080303bd     0x22  Code  Gb  product_cal.o [1]
get_ldnumber            0x08032623     0x50  Code  Lc  ff.o [1]
get_valid_length        0x0802f7ad     0x26  Code  Gb  bsp_sdwe050c17.o [1]
hex_to_decimal          0x0802f7d3     0x26  Code  Gb  bsp_sdwe050c17.o [1]
idwgEventGroup          0x2001ed18      0x4  Data  Gb  apptask.o [1]
inc_card_type           0x0803052b     0xea  Code  Gb  product_cal.o [1]
inc_lock                0x08031187     0xe8  Code  Lc  ff.o [1]
init_product_para       0x08030285     0x2a  Code  Gb  product_cal.o [1]
input_password_buf      0x2001eca8      0xc  Data  Gb  protocol.o [1]
input_password_len      0x2001eddd      0x1  Data  Gb  protocol.o [1]
isWork                  0x2001edd3      0x1  Data  Gb  apptask.o [1]
is_same_data            0x08030435     0x2a  Code  Gb  product_cal.o [1]
lcd_busy                0x2001edda      0x1  Data  Gb  bsp_sdwe050c17.o [1]
lcd_rev_buf             0x2001ea60     0x34  Data  Gb  bsp_sdwe050c17.o [1]
lcd_rev_len             0x2001edca      0x2  Data  Gb  bsp_sdwe050c17.o [1]
ld_clust                0x08031ab1     0x28  Code  Lc  ff.o [1]
localeconv              0x08038127     0x16  Code  Gb  localeconv.o [3]
m_ctrl_dev              0x2001ecd4      0x8  Data  Gb  modbus.o [1]
main                    0x0803dd99     0x34  Code  Gb  main.o [1]
mallco_dev              0x20000160     0x1c  Data  Gb  malloc.o [1]
mb_init                 0x08033949     0x30  Code  Gb  modbus.o [1]
mb_packsend_frame       0x08033857     0xf2  Code  Gb  modbus.o [1]
mb_unpack_frame         0x08033715    0x142  Code  Gb  modbus.o [1]
mc_check_crc16          0x0803731d     0x40  Code  Gb  mcheck.o [1]
mc_check_crc8           0x080372f9     0x24  Code  Gb  mcheck.o [1]
mc_check_sum            0x080372b1     0x2e  Code  Gb  mcheck.o [1]
mc_check_xor            0x080372df     0x1a  Code  Gb  mcheck.o [1]
mem1base                0x200119b8   0xa000  Data  Gb  malloc.o [1]
mem1mapbase             0x2001c9b8    0xa00  Data  Gb  malloc.o [1]
mem2base                0x68000000  0xf0000  Data  Gb  malloc.o [1]
mem2mapbase             0x680f0000   0xf000  Data  Gb  malloc.o [1]
mem_cmp                 0x08031093     0x24  Code  Lc  ff.o [1]
mem_cpy                 0x08031061     0x1c  Code  Lc  ff.o [1]
mem_set                 0x0803107d     0x16  Code  Lc  ff.o [1]
memblksize              0x0803e894      0x8  Data  Gb  malloc.o [1]
memchr                  0x08037a45           Code  Gb  memchr.o [5]
memsize                 0x0803e89c      0x8  Data  Gb  malloc.o [1]
memtblsize              0x0803e88c      0x8  Data  Gb  malloc.o [1]
modbus_send_frame       0x08033979     0xe6  Code  Gb  modbus.o [1]
move_window             0x08031355     0x40  Code  Lc  ff.o [1]
my_mem_free             0x0802fecf     0x6c  Code  Gb  malloc.o [1]
my_mem_init             0x0802fd93     0x42  Code  Gb  malloc.o [1]
my_mem_malloc           0x0802fe13     0xbc  Code  Gb  malloc.o [1]
my_mem_perused          0x0802fdd5     0x3e  Code  Gb  malloc.o [1]
myfree                  0x0802ff3b     0x24  Code  Gb  malloc.o [1]
mymalloc                0x0802ff5f     0x2a  Code  Gb  malloc.o [1]
mymemset                0x0802fd7d     0x16  Code  Gb  malloc.o [1]
obuf                    0x2001ea10     0x50  Data  Lc  xfiles.o [3]
oem2uni                 0x0801560c  0x15484  Data  Lc  cc936.o [1]
old_card_record         0x2001edd7      0x1  Data  Gb  apptask.o [1]
old_isWork              0x2001edd4      0x1  Data  Gb  apptask.o [1]
para_init               0x0803d47d     0x80  Code  Gb  para.o [1]
pcInterruptPriorityRegisters
                        0x0803e8c0      0x4  Data  Lc  port.o [1]
peiliao_para            0x2001eae4     0x28  Data  Gb  product_cal.o [1]
pick_lfn                0x08031ba7     0x8c  Code  Lc  ff.o [1]
pluse_count             0x2001ed24      0x4  Data  Gb  apptask.o [1]
printf                  0x0802fcb1     0x24  Code  Gb  printf.o [3]
product_complete_kilo   0x08030357     0x3a  Code  Gb  product_cal.o [1]
product_complete_meter  0x08030323     0x12  Code  Gb  product_cal.o [1]
product_para            0x2001eabc     0x28  Data  Gb  product_cal.o [1]
product_per_meter       0x080302af     0x5a  Code  Gb  product_cal.o [1]
product_uncomplete_kilo
                        0x08030391     0x2c  Code  Gb  product_cal.o [1]
product_uncomplete_meter
                        0x08030335     0x22  Code  Gb  product_cal.o [1]
prvAddCurrentTaskToDelayedList
                        0x0802e2f1     0x48  Code  Lc  tasks.o [1]
prvAllocateTCBAndStack  0x0802e339     0x5a  Code  Lc  tasks.o [1]
prvCheckForValidListAndQueue
                        0x080341bb     0x52  Code  Lc  timers.o [1]
prvCheckTasksWaitingTermination
                        0x0802e287     0x66  Code  Lc  tasks.o [1]
prvCopyDataFromQueue    0x0802eb21     0x30  Code  Lc  queue.o [1]
prvCopyDataToQueue      0x0802ea9d     0x84  Code  Lc  queue.o [1]
prvDeleteTCB            0x0802e393     0x12  Code  Lc  tasks.o [1]
prvGetNextExpireTime    0x08033fa7     0x2e  Code  Lc  timers.o [1]
prvHeapInit             0x080346a9     0x6e  Code  Lc  heap_4.o [1]
prvIdleTask             0x0802e1a1     0x26  Code  Lc  tasks.o [1]
prvInitialiseTCBVariables
                        0x0802e1c7     0x6a  Code  Lc  tasks.o [1]
prvInitialiseTaskLists  0x0802e231     0x56  Code  Lc  tasks.o [1]
prvInsertBlockIntoFreeList
                        0x08034717     0x62  Code  Lc  heap_4.o [1]
prvInsertTimerInActiveList
                        0x08033ffd     0x50  Code  Lc  timers.o [1]
prvIsQueueEmpty         0x0802ebbb     0x20  Code  Lc  queue.o [1]
prvIsQueueFull          0x0802ebdb     0x22  Code  Lc  queue.o [1]
prvProcessExpiredTimer  0x08033ebf     0x5c  Code  Lc  timers.o [1]
prvProcessReceivedCommands
                        0x0803404d     0xde  Code  Lc  timers.o [1]
prvProcessTimerOrBlockTask
                        0x08033f37     0x70  Code  Lc  timers.o [1]
prvResetNextTaskUnblockTime
                        0x0802e3a5     0x26  Code  Lc  tasks.o [1]
prvSampleTimeNow        0x08033fd5     0x28  Code  Lc  timers.o [1]
prvSwitchTimerLists     0x0803412b     0x90  Code  Lc  timers.o [1]
prvTaskExitError        0x08034259     0x2a  Code  Lc  port.o [1]
prvTestWaitCondition    0x08033d63     0x24  Code  Lc  event_groups.o [1]
prvTimerTask            0x08033f1d     0x1a  Code  Lc  timers.o [1]
prvUnlockQueue          0x0802eb51     0x6a  Code  Lc  queue.o [1]
put_fat                 0x080315a3    0x16c  Code  Gb  ff.o [1]
putchar                 0x0803e555      0xc  Code  Gb  putchar.o [3]
pvPortMalloc            0x08034519    0x118  Code  Gb  heap_4.o [1]
pxCurrentTCB            0x2001ed64      0x4  Data  Gb  tasks.o [1]
pxCurrentTimerList      0x2001eda4      0x4  Data  Lc  timers.o [1]
pxDelayedTaskList       0x2001ed68      0x4  Data  Lc  tasks.o [1]
pxEnd                   0x2001ed4c      0x4  Data  Lc  heap_4.o [1]
pxOverflowDelayedTaskList
                        0x2001ed6c      0x4  Data  Lc  tasks.o [1]
pxOverflowTimerList     0x2001eda8      0x4  Data  Lc  timers.o [1]
pxPortInitialiseStack   0x08034235     0x24  Code  Gb  port.o [1]
pxReadyTasksLists       0x2001e510     0xc8  Data  Lc  tasks.o [1]
rc522_cmd_anticoll      0x080336b9     0x5a  Code  Gb  rc522.o [1]
rc522_cmd_request       0x08033665     0x54  Code  Gb  rc522.o [1]
readSlave               0x2001ec90      0xc  Data  Gb  apptask.o [1]
read_device_info        0x0803d355    0x128  Code  Gb  para.o [1]
read_file_select        0x2001ecc0      0xc  Data  Gb  protocol.o [1]
remove_chain            0x0803170f     0x76  Code  Lc  ff.o [1]
rfid_rev_buf            0x2001eb94     0x14  Data  Gb  rc522.o [1]
rfid_rev_cnt            0x2001eddf      0x1  Data  Gb  rc522.o [1]
rfid_rev_flag           0x2001edde      0x1  Data  Gb  rc522.o [1]
rtc_time                0x2001ecdc      0x8  Data  Gb  protocol.o [1]
s_TIM_CallBack1         0x2001ed3c      0x4  Data  Lc  bsp_timer.o [1]
s_TIM_CallBack2         0x2001ed40      0x4  Data  Lc  bsp_timer.o [1]
s_TIM_CallBack3         0x2001ed44      0x4  Data  Lc  bsp_timer.o [1]
s_TIM_CallBack4         0x2001ed48      0x4  Data  Lc  bsp_timer.o [1]
sample_time             0x2001edc4      0x2  Data  Gb  apptask.o [1]
slave_info              0x2001ec84      0xc  Data  Gb  apptask.o [1]
sprintf                 0x080332c5     0x34  Code  Gb  sprintf.o [3]
st_clust                0x08031ad9     0x18  Code  Lc  ff.o [1]
strcat                  0x0803354f     0x1c  Code  Gb  strcat.o [3]
strchr                  0x08037a2d           Code  Gb  strchr.o [5]
strlen                  0x0803356d           Code  Gb  strlen.o [5]
strstr                  0x08033b15     0x10  Code  Gb  apptask.o [1]
sum_sfn                 0x08031dad     0x20  Code  Lc  ff.o [1]
sync_fs                 0x08031395     0xd8  Code  Lc  ff.o [1]
sync_window             0x080312fb     0x5a  Code  Lc  ff.o [1]
ucHeap                  0x200001b8  0x11800  Data  Lc  heap_4.o [1]
ucMaxSysCallPriority    0x2001eddc      0x1  Data  Lc  port.o [1]
ulHighFrequencyTimerTicks
                        0x2001ed60      0x4  Data  Gb  SysInfoTest.o [1]
ulMaxPRIGROUPValue      0x2001ed5c      0x4  Data  Lc  port.o [1]
ulTaskSwitchedInTime    0x2001ed9c      0x4  Data  Lc  tasks.o [1]
ulTotalRunTime          0x2001eda0      0x4  Data  Lc  tasks.o [1]
uni2oem                 0x08000188  0x15484  Data  Lc  cc936.o [1]
usb_disk_flag           0x2001edd5      0x1  Data  Gb  apptask.o [1]
usbh_OpenMassStorage    0x08030749     0x14  Code  Gb  usbh_usr.o [1]
uxCriticalNesting       0x200001a8      0x4  Data  Lc  port.o [1]
uxCurrentNumberOfTasks  0x2001ed74      0x4  Data  Lc  tasks.o [1]
uxListRemove            0x080344f1     0x28  Code  Gb  list.o [1]
uxPendedTicks           0x2001ed84      0x4  Data  Lc  tasks.o [1]
uxSchedulerSuspended    0x2001ed98      0x4  Data  Lc  tasks.o [1]
uxTaskNumber            0x2001ed90      0x4  Data  Lc  tasks.o [1]
uxTaskResetEventItemValue
                        0x0802e405     0x20  Code  Gb  tasks.o [1]
uxTasksDeleted          0x2001ed70      0x4  Data  Lc  tasks.o [1]
uxTopReadyPriority      0x2001ed7c      0x4  Data  Lc  tasks.o [1]
vListInitialise         0x08034481     0x1e  Code  Gb  list.o [1]
vListInsert             0x080344b7     0x3a  Code  Gb  list.o [1]
vListInsertEnd          0x0803449f     0x18  Code  Gb  list.o [1]
vPortEnableVFP          0x08037431           Code  Gb  portasm.o [1]
vPortEnterCritical      0x0803434f     0x3a  Code  Gb  port.o [1]
vPortExitCritical       0x08034389     0x32  Code  Gb  port.o [1]
vPortFree               0x08034631     0x78  Code  Gb  heap_4.o [1]
vPortSetupTimerInterrupt
                        0x080343e7      0xe  Code  Wk  port.o [1]
vPortStartFirstTask     0x08037419           Code  Gb  portasm.o [1]
vPortValidateInterruptPriority
                        0x080343f5     0x4e  Code  Gb  port.o [1]
vQueueWaitForMessageRestricted
                        0x0802ebfd     0x44  Code  Gb  queue.o [1]
vSetupSysInfoTest       0x0803dced     0x12  Code  Gb  SysInfoTest.o [1]
vTaskDelay              0x0802d9fd     0x84  Code  Gb  tasks.o [1]
vTaskManageCapacity     0x0802d06d    0x26e  Code  Gb  apptask.o [1]
vTaskMassStorage        0x0802c38f    0x238  Code  Lc  apptask.o [1]
vTaskMissedYield        0x0802e197      0xa  Code  Gb  tasks.o [1]
vTaskMsgPro             0x0802c999    0x426  Code  Lc  apptask.o [1]
vTaskPlaceOnEventList   0x0802ddfd     0x74  Code  Gb  tasks.o [1]
vTaskPlaceOnEventListRestricted
                        0x0802df35     0x80  Code  Gb  tasks.o [1]
vTaskPlaceOnUnorderedEventList
                        0x0802de8d     0xa8  Code  Gb  tasks.o [1]
vTaskReadDisk           0x0802ce79    0x1ac  Code  Lc  apptask.o [1]
vTaskRev485             0x0802cdcd     0x90  Code  Lc  apptask.o [1]
vTaskSetTimeOutState    0x0802e0e1     0x26  Code  Gb  tasks.o [1]
vTaskStartScheduler     0x0802da81     0x7e  Code  Gb  tasks.o [1]
vTaskSuspendAll         0x0802daff     0x10  Code  Gb  tasks.o [1]
vTaskSwitchContext      0x0802dd4d     0xb0  Code  Gb  tasks.o [1]
vTaskTaskLCD            0x0802aa91   0x18fe  Code  Gb  apptask.o [1]
vTaskTaskLED            0x0802c601     0x20  Code  Lc  apptask.o [1]
vTaskTaskRFID           0x0802c621    0x350  Code  Lc  apptask.o [1]
validate                0x08032b53     0x36  Code  Lc  ff.o [1]
xActiveTimerList1       0x2001ec0c     0x14  Data  Lc  timers.o [1]
xActiveTimerList2       0x2001ec20     0x14  Data  Lc  timers.o [1]
xBlockAllocatedBit      0x2001ed58      0x4  Data  Lc  heap_4.o [1]
xDelayedTaskList1       0x2001eba8     0x14  Data  Lc  tasks.o [1]
xDelayedTaskList2       0x2001ebbc     0x14  Data  Lc  tasks.o [1]
xEventGroupCreate       0x08033b25     0x1c  Code  Gb  event_groups.o [1]
xEventGroupSetBits      0x08033c8d     0xd6  Code  Gb  event_groups.o [1]
xEventGroupWaitBits     0x08033b41    0x146  Code  Gb  event_groups.o [1]
xFreeBytesRemaining     0x2001ed50      0x4  Data  Lc  heap_4.o [1]
xHandleTaskLCD          0x2001ece4      0x4  Data  Gb  apptask.o [1]
xHandleTaskLED          0x2001ece8      0x4  Data  Gb  apptask.o [1]
xHandleTaskManageCapacity
                        0x2001ed00      0x4  Data  Gb  apptask.o [1]
xHandleTaskMassStorage  0x2001ecf0      0x4  Data  Gb  apptask.o [1]
xHandleTaskMsgPro       0x2001ecf8      0x4  Data  Gb  apptask.o [1]
xHandleTaskRFID         0x2001ecec      0x4  Data  Gb  apptask.o [1]
xHandleTaskReadDisk     0x2001ecf4      0x4  Data  Gb  apptask.o [1]
xHandleTaskRev485       0x2001ecfc      0x4  Data  Gb  apptask.o [1]
xHeapStructSize         0x0803e8bc      0x4  Data  Lc  heap_4.o [1]
xMinimumEverFreeBytesRemaining
                        0x2001ed54      0x4  Data  Lc  heap_4.o [1]
xNextTaskUnblockTime    0x2001ed94      0x4  Data  Lc  tasks.o [1]
xNumOfOverflows         0x2001ed8c      0x4  Data  Lc  tasks.o [1]
xPendingReadyList       0x2001ebd0     0x14  Data  Lc  tasks.o [1]
xPortStartScheduler     0x08034283     0xcc  Code  Gb  port.o [1]
xQueueGenericCreate     0x0802e509     0x7e  Code  Gb  queue.o [1]
xQueueGenericReceive    0x0802e8fd    0x19c  Code  Gb  queue.o [1]
xQueueGenericReset      0x0802e479     0x90  Code  Gb  queue.o [1]
xQueueGenericSend       0x0802e587    0x1b2  Code  Gb  queue.o [1]
xQueueGenericSendFromISR
                        0x0802e739     0xec  Code  Gb  queue.o [1]
xQueueGiveFromISR       0x0802e825     0xd8  Code  Gb  queue.o [1]
xQueue_message          0x2001ed20      0x4  Data  Gb  apptask.o [1]
xSchedulerRunning       0x2001ed80      0x4  Data  Lc  tasks.o [1]
xSemaphore_download     0x2001ed10      0x4  Data  Gb  apptask.o [1]
xSemaphore_lcd          0x2001ed04      0x4  Data  Gb  apptask.o [1]
xSemaphore_pluse        0x2001ed0c      0x4  Data  Gb  apptask.o [1]
xSemaphore_readDisk     0x2001ed14      0x4  Data  Gb  apptask.o [1]
xSemaphore_rs485        0x2001ed08      0x4  Data  Gb  apptask.o [1]
xStart                  0x2001eccc      0x8  Data  Lc  heap_4.o [1]
xSuspendedTaskList      0x2001ebf8     0x14  Data  Lc  tasks.o [1]
xTaskCheckForTimeOut    0x0802e10d     0x8a  Code  Gb  tasks.o [1]
xTaskGenericCreate      0x0802d879    0x184  Code  Gb  tasks.o [1]
xTaskGetSchedulerState  0x0802e3cb     0x26  Code  Gb  tasks.o [1]
xTaskGetTickCount       0x0802dc0f      0xa  Code  Gb  tasks.o [1]
xTaskIncrementTick      0x0802dc19    0x134  Code  Gb  tasks.o [1]
xTaskRemoveFromEventList
                        0x0802dfb9     0x8e  Code  Gb  tasks.o [1]
xTaskRemoveFromUnorderedEventList
                        0x0802e04d     0x94  Code  Gb  tasks.o [1]
xTaskResumeAll          0x0802db0f    0x100  Code  Gb  tasks.o [1]
xTasksWaitingTermination
                        0x2001ebe4     0x14  Data  Lc  tasks.o [1]
xTickCount              0x2001ed78      0x4  Data  Lc  tasks.o [1]
xTimerCreate            0x08033dd9     0x62  Code  Gb  timers.o [1]
xTimerCreateTimerTask   0x08033d89     0x50  Code  Gb  timers.o [1]
xTimerGenericCommand    0x08033e3b     0x84  Code  Gb  timers.o [1]
xTimerQueue             0x2001edac      0x4  Data  Lc  timers.o [1]
xTimerUser              0x2001ed1c      0x4  Data  Gb  apptask.o [1]
xYieldPending           0x2001ed88      0x4  Data  Lc  tasks.o [1]


[1] = E:\WORK\YarnControl_Driver\YarnControl_Driver\src\stm32f4_rtos\Project\EWARMv7\Flash\Obj
[2] = command line
[3] = dl7M_tlf.a
[4] = m7M_tls.a
[5] = rt7M_tl.a
[6] = shb_l.a

   76 290 bytes of readonly  code memory
  180 630 bytes of readonly  data memory
  128 484 bytes of readwrite data memory (+ 1 044 480 absolute)

Errors: none
Warnings: none
