###############################################################################
#
# IAR ELF Linker V7.40.7.9843/W32 for ARM                 31/Mar/2019  15:06:17
# Copyright 2007-2015 IAR Systems AB.
#
#    Output file  =  
#        E:\work\YarnControl_Driver\src\stm32f4_rtos\Project\EWARMv7\Flash\Exe\project.out
#    Map file     =  
#        E:\work\YarnControl_Driver\src\stm32f4_rtos\Project\EWARMv7\Flash\List\project.map
#    Command line =  
#        E:\work\YarnControl_Driver\src\stm32f4_rtos\Project\EWARMv7\Flash\Obj\apptask.o
#        E:\work\YarnControl_Driver\src\stm32f4_rtos\Project\EWARMv7\Flash\Obj\bsp.o
#        E:\work\YarnControl_Driver\src\stm32f4_rtos\Project\EWARMv7\Flash\Obj\bsp_closeSW.o
#        E:\work\YarnControl_Driver\src\stm32f4_rtos\Project\EWARMv7\Flash\Obj\bsp_dac.o
#        E:\work\YarnControl_Driver\src\stm32f4_rtos\Project\EWARMv7\Flash\Obj\bsp_dwt.o
#        E:\work\YarnControl_Driver\src\stm32f4_rtos\Project\EWARMv7\Flash\Obj\bsp_led.o
#        E:\work\YarnControl_Driver\src\stm32f4_rtos\Project\EWARMv7\Flash\Obj\bsp_relay.o
#        E:\work\YarnControl_Driver\src\stm32f4_rtos\Project\EWARMv7\Flash\Obj\bsp_sdio_sd.o
#        E:\work\YarnControl_Driver\src\stm32f4_rtos\Project\EWARMv7\Flash\Obj\bsp_sdwe050c17.o
#        E:\work\YarnControl_Driver\src\stm32f4_rtos\Project\EWARMv7\Flash\Obj\bsp_servomotor.o
#        E:\work\YarnControl_Driver\src\stm32f4_rtos\Project\EWARMv7\Flash\Obj\bsp_spi.o
#        E:\work\YarnControl_Driver\src\stm32f4_rtos\Project\EWARMv7\Flash\Obj\bsp_stepmotor.o
#        E:\work\YarnControl_Driver\src\stm32f4_rtos\Project\EWARMv7\Flash\Obj\bsp_sw_onoff.o
#        E:\work\YarnControl_Driver\src\stm32f4_rtos\Project\EWARMv7\Flash\Obj\bsp_tim_pwm.o
#        E:\work\YarnControl_Driver\src\stm32f4_rtos\Project\EWARMv7\Flash\Obj\bsp_timer.o
#        E:\work\YarnControl_Driver\src\stm32f4_rtos\Project\EWARMv7\Flash\Obj\bsp_uart_fifo.o
#        E:\work\YarnControl_Driver\src\stm32f4_rtos\Project\EWARMv7\Flash\Obj\bsp_w25qxx.o
#        E:\work\YarnControl_Driver\src\stm32f4_rtos\Project\EWARMv7\Flash\Obj\bsp_watchdog.o
#        E:\work\YarnControl_Driver\src\stm32f4_rtos\Project\EWARMv7\Flash\Obj\cc936.o
#        E:\work\YarnControl_Driver\src\stm32f4_rtos\Project\EWARMv7\Flash\Obj\cJSON.o
#        E:\work\YarnControl_Driver\src\stm32f4_rtos\Project\EWARMv7\Flash\Obj\croutine.o
#        E:\work\YarnControl_Driver\src\stm32f4_rtos\Project\EWARMv7\Flash\Obj\demo_fatfs.o
#        E:\work\YarnControl_Driver\src\stm32f4_rtos\Project\EWARMv7\Flash\Obj\diskio.o
#        E:\work\YarnControl_Driver\src\stm32f4_rtos\Project\EWARMv7\Flash\Obj\encoder_tim.o
#        E:\work\YarnControl_Driver\src\stm32f4_rtos\Project\EWARMv7\Flash\Obj\esp8266_handler.o
#        E:\work\YarnControl_Driver\src\stm32f4_rtos\Project\EWARMv7\Flash\Obj\esp8266_init.o
#        E:\work\YarnControl_Driver\src\stm32f4_rtos\Project\EWARMv7\Flash\Obj\event_groups.o
#        E:\work\YarnControl_Driver\src\stm32f4_rtos\Project\EWARMv7\Flash\Obj\ff.o
#        E:\work\YarnControl_Driver\src\stm32f4_rtos\Project\EWARMv7\Flash\Obj\heap_4.o
#        E:\work\YarnControl_Driver\src\stm32f4_rtos\Project\EWARMv7\Flash\Obj\list.o
#        E:\work\YarnControl_Driver\src\stm32f4_rtos\Project\EWARMv7\Flash\Obj\main.o
#        E:\work\YarnControl_Driver\src\stm32f4_rtos\Project\EWARMv7\Flash\Obj\malloc.o
#        E:\work\YarnControl_Driver\src\stm32f4_rtos\Project\EWARMv7\Flash\Obj\mcheck.o
#        E:\work\YarnControl_Driver\src\stm32f4_rtos\Project\EWARMv7\Flash\Obj\misc.o
#        E:\work\YarnControl_Driver\src\stm32f4_rtos\Project\EWARMv7\Flash\Obj\modbus.o
#        E:\work\YarnControl_Driver\src\stm32f4_rtos\Project\EWARMv7\Flash\Obj\MQTTConnectClient.o
#        E:\work\YarnControl_Driver\src\stm32f4_rtos\Project\EWARMv7\Flash\Obj\MQTTConnectServer.o
#        E:\work\YarnControl_Driver\src\stm32f4_rtos\Project\EWARMv7\Flash\Obj\MQTTDeserializePublish.o
#        E:\work\YarnControl_Driver\src\stm32f4_rtos\Project\EWARMv7\Flash\Obj\MQTTFormat.o
#        E:\work\YarnControl_Driver\src\stm32f4_rtos\Project\EWARMv7\Flash\Obj\MQTTPacket.o
#        E:\work\YarnControl_Driver\src\stm32f4_rtos\Project\EWARMv7\Flash\Obj\MQTTSerializePublish.o
#        E:\work\YarnControl_Driver\src\stm32f4_rtos\Project\EWARMv7\Flash\Obj\MQTTSubscribeClient.o
#        E:\work\YarnControl_Driver\src\stm32f4_rtos\Project\EWARMv7\Flash\Obj\MQTTSubscribeServer.o
#        E:\work\YarnControl_Driver\src\stm32f4_rtos\Project\EWARMv7\Flash\Obj\MQTTUnsubscribeClient.o
#        E:\work\YarnControl_Driver\src\stm32f4_rtos\Project\EWARMv7\Flash\Obj\MQTTUnsubscribeServer.o
#        E:\work\YarnControl_Driver\src\stm32f4_rtos\Project\EWARMv7\Flash\Obj\page_weimi.o
#        E:\work\YarnControl_Driver\src\stm32f4_rtos\Project\EWARMv7\Flash\Obj\para.o
#        E:\work\YarnControl_Driver\src\stm32f4_rtos\Project\EWARMv7\Flash\Obj\port.o
#        E:\work\YarnControl_Driver\src\stm32f4_rtos\Project\EWARMv7\Flash\Obj\portasm.o
#        E:\work\YarnControl_Driver\src\stm32f4_rtos\Project\EWARMv7\Flash\Obj\product_cal.o
#        E:\work\YarnControl_Driver\src\stm32f4_rtos\Project\EWARMv7\Flash\Obj\protocol.o
#        E:\work\YarnControl_Driver\src\stm32f4_rtos\Project\EWARMv7\Flash\Obj\pub0sub1.o
#        E:\work\YarnControl_Driver\src\stm32f4_rtos\Project\EWARMv7\Flash\Obj\queue.o
#        E:\work\YarnControl_Driver\src\stm32f4_rtos\Project\EWARMv7\Flash\Obj\rc522.o
#        E:\work\YarnControl_Driver\src\stm32f4_rtos\Project\EWARMv7\Flash\Obj\startup_stm32f40_41xxx.o
#        E:\work\YarnControl_Driver\src\stm32f4_rtos\Project\EWARMv7\Flash\Obj\stm32f4xx_adc.o
#        E:\work\YarnControl_Driver\src\stm32f4_rtos\Project\EWARMv7\Flash\Obj\stm32f4xx_assert.o
#        E:\work\YarnControl_Driver\src\stm32f4_rtos\Project\EWARMv7\Flash\Obj\stm32f4xx_can.o
#        E:\work\YarnControl_Driver\src\stm32f4_rtos\Project\EWARMv7\Flash\Obj\stm32f4xx_crc.o
#        E:\work\YarnControl_Driver\src\stm32f4_rtos\Project\EWARMv7\Flash\Obj\stm32f4xx_cryp.o
#        E:\work\YarnControl_Driver\src\stm32f4_rtos\Project\EWARMv7\Flash\Obj\stm32f4xx_cryp_aes.o
#        E:\work\YarnControl_Driver\src\stm32f4_rtos\Project\EWARMv7\Flash\Obj\stm32f4xx_cryp_des.o
#        E:\work\YarnControl_Driver\src\stm32f4_rtos\Project\EWARMv7\Flash\Obj\stm32f4xx_cryp_tdes.o
#        E:\work\YarnControl_Driver\src\stm32f4_rtos\Project\EWARMv7\Flash\Obj\stm32f4xx_dac.o
#        E:\work\YarnControl_Driver\src\stm32f4_rtos\Project\EWARMv7\Flash\Obj\stm32f4xx_dbgmcu.o
#        E:\work\YarnControl_Driver\src\stm32f4_rtos\Project\EWARMv7\Flash\Obj\stm32f4xx_dcmi.o
#        E:\work\YarnControl_Driver\src\stm32f4_rtos\Project\EWARMv7\Flash\Obj\stm32f4xx_dma.o
#        E:\work\YarnControl_Driver\src\stm32f4_rtos\Project\EWARMv7\Flash\Obj\stm32f4xx_dma2d.o
#        E:\work\YarnControl_Driver\src\stm32f4_rtos\Project\EWARMv7\Flash\Obj\stm32f4xx_exti.o
#        E:\work\YarnControl_Driver\src\stm32f4_rtos\Project\EWARMv7\Flash\Obj\stm32f4xx_flash.o
#        E:\work\YarnControl_Driver\src\stm32f4_rtos\Project\EWARMv7\Flash\Obj\stm32f4xx_fsmc.o
#        E:\work\YarnControl_Driver\src\stm32f4_rtos\Project\EWARMv7\Flash\Obj\stm32f4xx_gpio.o
#        E:\work\YarnControl_Driver\src\stm32f4_rtos\Project\EWARMv7\Flash\Obj\stm32f4xx_hash.o
#        E:\work\YarnControl_Driver\src\stm32f4_rtos\Project\EWARMv7\Flash\Obj\stm32f4xx_hash_md5.o
#        E:\work\YarnControl_Driver\src\stm32f4_rtos\Project\EWARMv7\Flash\Obj\stm32f4xx_hash_sha1.o
#        E:\work\YarnControl_Driver\src\stm32f4_rtos\Project\EWARMv7\Flash\Obj\stm32f4xx_i2c.o
#        E:\work\YarnControl_Driver\src\stm32f4_rtos\Project\EWARMv7\Flash\Obj\stm32f4xx_it.o
#        E:\work\YarnControl_Driver\src\stm32f4_rtos\Project\EWARMv7\Flash\Obj\stm32f4xx_iwdg.o
#        E:\work\YarnControl_Driver\src\stm32f4_rtos\Project\EWARMv7\Flash\Obj\stm32f4xx_ltdc.o
#        E:\work\YarnControl_Driver\src\stm32f4_rtos\Project\EWARMv7\Flash\Obj\stm32f4xx_pwr.o
#        E:\work\YarnControl_Driver\src\stm32f4_rtos\Project\EWARMv7\Flash\Obj\stm32f4xx_rcc.o
#        E:\work\YarnControl_Driver\src\stm32f4_rtos\Project\EWARMv7\Flash\Obj\stm32f4xx_rng.o
#        E:\work\YarnControl_Driver\src\stm32f4_rtos\Project\EWARMv7\Flash\Obj\stm32f4xx_rtc.o
#        E:\work\YarnControl_Driver\src\stm32f4_rtos\Project\EWARMv7\Flash\Obj\stm32f4xx_sai.o
#        E:\work\YarnControl_Driver\src\stm32f4_rtos\Project\EWARMv7\Flash\Obj\stm32f4xx_sdio.o
#        E:\work\YarnControl_Driver\src\stm32f4_rtos\Project\EWARMv7\Flash\Obj\stm32f4xx_spi.o
#        E:\work\YarnControl_Driver\src\stm32f4_rtos\Project\EWARMv7\Flash\Obj\stm32f4xx_syscfg.o
#        E:\work\YarnControl_Driver\src\stm32f4_rtos\Project\EWARMv7\Flash\Obj\stm32f4xx_tim.o
#        E:\work\YarnControl_Driver\src\stm32f4_rtos\Project\EWARMv7\Flash\Obj\stm32f4xx_usart.o
#        E:\work\YarnControl_Driver\src\stm32f4_rtos\Project\EWARMv7\Flash\Obj\stm32f4xx_wwdg.o
#        E:\work\YarnControl_Driver\src\stm32f4_rtos\Project\EWARMv7\Flash\Obj\SysInfoTest.o
#        E:\work\YarnControl_Driver\src\stm32f4_rtos\Project\EWARMv7\Flash\Obj\system_stm32f4xx.o
#        E:\work\YarnControl_Driver\src\stm32f4_rtos\Project\EWARMv7\Flash\Obj\tasks.o
#        E:\work\YarnControl_Driver\src\stm32f4_rtos\Project\EWARMv7\Flash\Obj\timer_platform.o
#        E:\work\YarnControl_Driver\src\stm32f4_rtos\Project\EWARMv7\Flash\Obj\timers.o
#        E:\work\YarnControl_Driver\src\stm32f4_rtos\Project\EWARMv7\Flash\Obj\transport.o
#        E:\work\YarnControl_Driver\src\stm32f4_rtos\Project\EWARMv7\Flash\Obj\usb_bsp.o
#        E:\work\YarnControl_Driver\src\stm32f4_rtos\Project\EWARMv7\Flash\Obj\usb_core.o
#        E:\work\YarnControl_Driver\src\stm32f4_rtos\Project\EWARMv7\Flash\Obj\usb_hcd.o
#        E:\work\YarnControl_Driver\src\stm32f4_rtos\Project\EWARMv7\Flash\Obj\usb_hcd_int.o
#        E:\work\YarnControl_Driver\src\stm32f4_rtos\Project\EWARMv7\Flash\Obj\usbh_core.o
#        E:\work\YarnControl_Driver\src\stm32f4_rtos\Project\EWARMv7\Flash\Obj\usbh_hcs.o
#        E:\work\YarnControl_Driver\src\stm32f4_rtos\Project\EWARMv7\Flash\Obj\usbh_ioreq.o
#        E:\work\YarnControl_Driver\src\stm32f4_rtos\Project\EWARMv7\Flash\Obj\usbh_it.o
#        E:\work\YarnControl_Driver\src\stm32f4_rtos\Project\EWARMv7\Flash\Obj\usbh_msc_bot.o
#        E:\work\YarnControl_Driver\src\stm32f4_rtos\Project\EWARMv7\Flash\Obj\usbh_msc_core.o
#        E:\work\YarnControl_Driver\src\stm32f4_rtos\Project\EWARMv7\Flash\Obj\usbh_msc_scsi.o
#        E:\work\YarnControl_Driver\src\stm32f4_rtos\Project\EWARMv7\Flash\Obj\usbh_stdreq.o
#        E:\work\YarnControl_Driver\src\stm32f4_rtos\Project\EWARMv7\Flash\Obj\usbh_usr.o
#        -o
#        E:\work\YarnControl_Driver\src\stm32f4_rtos\Project\EWARMv7\Flash\Exe\project.out
#        --map
#        E:\work\YarnControl_Driver\src\stm32f4_rtos\Project\EWARMv7\Flash\List\project.map
#        --config
#        E:\work\YarnControl_Driver\src\stm32f4_rtos\Project\EWARMv7\stm32f4xx_flash.icf
#        --semihosting --entry __iar_program_start --inline --vfe
#
###############################################################################

*******************************************************************************
*** RUNTIME MODEL ATTRIBUTES
***

CppFlavor                     = *
__Heap_Handler                = DLMalloc
__SystemLibrary               = DLib
__dlib_dynamic_initialization = normal


*******************************************************************************
*** PLACEMENT SUMMARY
***

"A1":  place at 0x08000000 { ro section .intvec };
"P1":  place in [from 0x08000000 to 0x080fffff] { ro };
"P2":  place in [from 0x20000000 to 0x2001ffff] { rw, block CSTACK, block HEAP };

  Section             Kind        Address     Size  Object
  -------             ----        -------     ----  ------
"A1":                                        0x188
  .intvec             ro code  0x08000000    0x188  startup_stm32f40_41xxx.o [1]
                             - 0x08000188    0x188

"P1":                                      0x47351
  .rodata             const    0x08000188  0x15484  cc936.o [1]
  .rodata             const    0x0801560c  0x15484  cc936.o [1]
  .text               ro code  0x0802aa90   0x65d8  apptask.o [1]
  .text               ro code  0x08031068    0x7c8  queue.o [1]
  .text               ro code  0x08031830   0x1620  bsp_sdwe050c17.o [1]
  .text               ro code  0x08032e50    0x538  product_cal.o [1]
  .text               ro code  0x08033388     0x66  ABImemset.o [5]
  .text               ro code  0x080333ee     0x1e  xsscin.o [3]
  .text               ro code  0x0803340c    0xce0  tasks.o [1]
  .text               ro code  0x080340ec    0x380  bsp_w25qxx.o [1]
  .text               ro code  0x0803446c     0x4e  FltToDbl.o [4]
  .text               ro code  0x080344ba      0xa  xsprout.o [3]
  .text               ro code  0x080344c4     0x24  printf.o [3]
  .text               ro code  0x080344e8     0x76  ABImemcpy_unaligned.o [5]
  .text               ro code  0x08034560     0x42  strcmp_unaligned.o [5]
  .text               ro code  0x080345a4    0x21c  malloc.o [1]
  .text               ro code  0x080347c0     0x30  I32ToDbl.o [4]
  .text               ro code  0x080347f0    0x256  DblDiv.o [4]
  .text               ro code  0x08034a48     0xe8  DblAdd.o [4]
  .text               ro code  0x08034b30    0x1a2  DblMul.o [4]
  .text               ro code  0x08034cd4     0x58  DblToI32.o [4]
  .text               ro code  0x08034d2c     0x90  DblToFlt.o [4]
  .text               ro code  0x08034dbc     0x36  strlen.o [5]
  .text               ro code  0x08034df4    0x12c  stm32f4xx_gpio.o [1]
  .text               ro code  0x08034f20   0x143e  para.o [1]
  .text               ro code  0x08036360    0x394  page_weimi.o [1]
  .text               ro code  0x080366f4     0x62  memcmp_unaligned.o [5]
  .text               ro code  0x08036758     0xd4  bsp_dac.o [1]
  .text               ro code  0x0803682c    0x380  bsp_servomotor.o [1]
  .text               ro code  0x08036bac    0x1a2  usbh_usr.o [1]
  .text               ro code  0x08036d50    0x760  usbh_core.o [1]
  .text               ro code  0x080374b0   0x2498  ff.o [1]
  .text               ro code  0x08039948     0x34  sprintf.o [3]
  .text               ro code  0x0803997c     0x1c  strcat.o [3]
  .text               ro code  0x08039998     0xc0  bsp_led.o [1]
  .text               ro code  0x08039a58     0xee  rc522.o [1]
  .text               ro code  0x08039b48    0x354  modbus.o [1]
  .text               ro code  0x08039e9c     0x68  bsp_sw_onoff.o [1]
  .text               ro code  0x08039f04     0x80  protocol.o [1]
  .text               ro code  0x08039f84     0x10  para.o [1]
  .text               ro code  0x08039f94     0xd4  bsp_closeSW.o [1]
  .text               ro code  0x0803a068    0x49c  bsp_stepmotor.o [1]
  .text               ro code  0x0803a504    0x2c0  encoder_tim.o [1]
  .text               ro code  0x0803a7c4    0x262  event_groups.o [1]
  .text               ro code  0x0803aa28    0x4a4  timers.o [1]
  .text               ro code  0x0803aecc      0x8  bsp_watchdog.o [1]
  .text               ro code  0x0803aed4    0x24c  port.o [1]
  .text               ro code  0x0803b120     0x98  list.o [1]
  .text               ro code  0x0803b1b8    0x280  heap_4.o [1]
  .text               ro code  0x0803b438    0x1e8  stm32f4xx_rcc.o [1]
  .text               ro code  0x0803b620     0x74  bsp_dwt.o [1]
  .text               ro code  0x0803b694    0xaa4  bsp_uart_fifo.o [1]
  .text               ro code  0x0803c138    0x204  bsp_timer.o [1]
  .text               ro code  0x0803c33c    0x124  bsp_spi.o [1]
  .text               ro code  0x0803c460    0xd96  xprintffull_nomb.o [3]
  .text               ro code  0x0803d1f8    0x180  DblSub.o [4]
  .text               ro code  0x0803d378     0x44  strcpy_unaligned.o [5]
  .text               ro code  0x0803d3bc     0x24  sscanf.o [3]
  .text               ro code  0x0803d3e0     0x7c  stm32f4xx_dac.o [1]
  .text               ro code  0x0803d45c    0x6f6  stm32f4xx_tim.o [1]
  .text               ro code  0x0803db54    0x31c  stm32f4xx_dma.o [1]
  .text               ro code  0x0803de70     0x88  misc.o [1]
  .text               ro code  0x0803def8    0x14c  usb_bsp.o [1]
  .text               ro code  0x0803e044     0xd6  usb_hcd.o [1]
  .text               ro code  0x0803e11a    0x1ba  usbh_hcs.o [1]
  .text               ro code  0x0803e2d4    0x436  usbh_stdreq.o [1]
  .text               ro code  0x0803e70a    0x246  usbh_ioreq.o [1]
  .text               ro code  0x0803e950    0x2e4  diskio.o [1]
  .text               ro code  0x0803ec34     0xf4  cc936.o [1]
  .text               ro code  0x0803ed28     0xb8  mcheck.o [1]
  .text               ro code  0x0803ede0     0x2c  strstr.o [3]
  .text               ro code  0x0803ee0c     0x54  stm32f4xx_syscfg.o [1]
  .text               ro code  0x0803ee60     0xc0  stm32f4xx_exti.o [1]
  .text               ro code  0x0803ef20    0x132  I64DivMod.o [5]
  .text               ro code  0x0803f054     0x10  stm32f4xx_iwdg.o [1]
  CODE                ro code  0x0803f064     0xa8  portasm.o [1]
  .text               ro code  0x0803f10c    0x254  stm32f4xx_usart.o [1]
  .text               ro code  0x0803f360     0x74  stm32f4xx_spi.o [1]
  .text               ro code  0x0803f3d4     0x16  strchr.o [5]
  .text               ro code  0x0803f3ec     0x58  memchr.o [5]
  .text               ro code  0x0803f444     0x42  xdnorm.o [4]
  .text               ro code  0x0803f488     0x2e  DblCmpLe.o [4]
  .text               ro code  0x0803f4b8     0x2e  DblCmpGe.o [4]
  .text               ro code  0x0803f4e8    0x114  xdscale.o [4]
  .text               ro code  0x0803f5fc     0x6c  localeconv.o [3]
  .text               ro code  0x0803f668      0xe  div.o [3]
  .text               ro code  0x0803f678    0xb64  xscanffull_nomb.o [3]
  .text               ro code  0x080401dc    0xa50  usb_core.o [1]
  .text               ro code  0x08040c2c   0x1a58  bsp_sdio_sd.o [1]
  .text               ro code  0x08042684    0x618  usbh_msc_scsi.o [1]
  .text               ro code  0x08042c9c    0x554  usbh_msc_bot.o [1]
  .text               ro code  0x080431f0      0x2  I64DivZer.o [5]
  .text               ro code  0x080431f2     0x28  isxxx.o [3]
  .text               ro code  0x0804321a     0xa4  xstoll.o [3]
  .text               ro code  0x080432c0    0x1b0  xstoull.o [3]
  .text               ro code  0x08043470    0x168  xstold.o [4]
  .text               ro code  0x080435d8    0x17c  stm32f4xx_sdio.o [1]
  .text               ro code  0x08043754     0x18  setlocale.o [3]
  .text               ro code  0x0804376c     0x16  xlocale_c.o [3]
  .text               ro code  0x08043782     0x14  xlocale_c.o [3]
  .text               ro code  0x08043798      0xc  errno.o [3]
  .text               ro code  0x080437a4     0x14  tolower.o [3]
  .text               ro code  0x080437b8    0x124  xstopfx.o [3]
  .text               ro code  0x080438dc    0x1b8  xstoflt.o [3]
  .rodata             const    0x08043a94     0x2c  apptask.o [1]
  .text               ro code  0x08043ac0    0x200  xdtento.o [4]
  .text               ro code  0x08043cc0    0x218  xstoxflt.o [3]
  .text               ro code  0x08043ed8      0x2  xtls.o [3]
  .text               ro code  0x08043eda      0xc  xlocale_c.o [3]
  .text               ro code  0x08043ee8     0x20  DblCmpEq.o [4]
  .text               ro code  0x08043f08     0x52  xdunscal.o [4]
  .text               ro code  0x08043f5c    0xc7e  usb_hcd_int.o [1]
  .rodata             const    0x08044bdc    0x400  apptask.o [1]
  .text               ro code  0x08044fdc    0x3e8  usbh_msc_core.o [1]
  .rodata             const    0x080453c4    0x3dc  cc936.o [1]
  .rodata             const    0x080457a0    0x3dc  cc936.o [1]
  .rodata             const    0x08045b7c    0x190  product_cal.o [1]
  .text               ro code  0x08045d0c    0x154  system_stm32f4xx.o [1]
  .rodata             const    0x08045e60    0x100  mcheck.o [1]
  .rodata             const    0x08045f60    0x100  mcheck.o [1]
  .rodata             const    0x08046060    0x100  mcheck.o [1]
  .text               ro code  0x08046160     0xd0  packbits_init.o [5]
  .text               ro code  0x08046230      0x6  abort.o [3]
  .text               ro code  0x08046238     0x14  exit.o [6]
  .text               ro code  0x0804624c     0x4c  bsp.o [1]
  .text               ro code  0x08046298     0x44  bsp_relay.o [1]
  .text               ro code  0x080462dc     0x40  zero_init3.o [5]
  .rodata             const    0x0804631c     0x38  demo_fatfs.o [1]
  .text               ro code  0x08046354     0x38  stm32f4xx_it.o [1]
  .rodata             const    0x0804638c     0x30  apptask.o [1]
  .rodata             const    0x080463bc     0x30  apptask.o [1]
  .rodata             const    0x080463ec     0x30  demo_fatfs.o [1]
  .rodata             const    0x0804641c     0x30  demo_fatfs.o [1]
  .text               ro code  0x0804644c     0x30  main.o [1]
  .rodata             const    0x0804647c     0x2c  demo_fatfs.o [1]
  .rodata             const    0x080464a8     0x2c  demo_fatfs.o [1]
  .rodata             const    0x080464d4     0x2c  stm32f4xx_it.o [1]
  .text               ro code  0x08046500     0x2c  SysInfoTest.o [1]
  .rodata             const    0x0804652c     0x28  demo_fatfs.o [1]
  .rodata             const    0x08046554     0x28  demo_fatfs.o [1]
  .rodata             const    0x0804657c     0x28  demo_fatfs.o [1]
  .text               ro code  0x080465a4     0x28  data_init.o [5]
  .rodata             const    0x080465cc     0x24  apptask.o [1]
  .rodata             const    0x080465f0     0x24  apptask.o [1]
  .rodata             const    0x08046614     0x24  apptask.o [1]
  .rodata             const    0x08046638     0x24  apptask.o [1]
  .rodata             const    0x0804665c     0x24  apptask.o [1]
  .rodata             const    0x08046680     0x24  apptask.o [1]
  .rodata             const    0x080466a4     0x24  apptask.o [1]
  .rodata             const    0x080466c8     0x24  apptask.o [1]
  .rodata             const    0x080466ec     0x24  apptask.o [1]
  .rodata             const    0x08046710     0x24  demo_fatfs.o [1]
  .rodata             const    0x08046734     0x24  demo_fatfs.o [1]
  .rodata             const    0x08046758     0x24  usbh_usr.o [1]
  .text               ro code  0x0804677c     0x22  fpinit_M.o [4]
  .iar.init_table     const    0x080467a0     0x34  - Linker created -
  .rodata             const    0x080467d4     0x20  apptask.o [1]
  .rodata             const    0x080467f4     0x20  apptask.o [1]
  .rodata             const    0x08046814     0x20  apptask.o [1]
  .rodata             const    0x08046834     0x20  demo_fatfs.o [1]
  .rodata             const    0x08046854     0x20  demo_fatfs.o [1]
  .rodata             const    0x08046874     0x20  demo_fatfs.o [1]
  .rodata             const    0x08046894     0x20  usbh_usr.o [1]
  .rodata             const    0x080468b4     0x20  usbh_usr.o [1]
  .rodata             const    0x080468d4     0x20  usbh_usr.o [1]
  .rodata             const    0x080468f4     0x20  usbh_usr.o [1]
  .rodata             const    0x08046914     0x20  usbh_usr.o [1]
  .rodata             const    0x08046934     0x1c  apptask.o [1]
  .rodata             const    0x08046950     0x1c  apptask.o [1]
  .rodata             const    0x0804696c     0x1c  apptask.o [1]
  .rodata             const    0x08046988     0x1c  apptask.o [1]
  .rodata             const    0x080469a4     0x1c  apptask.o [1]
  .rodata             const    0x080469c0     0x1c  apptask.o [1]
  .rodata             const    0x080469dc     0x1c  demo_fatfs.o [1]
  .rodata             const    0x080469f8     0x1c  demo_fatfs.o [1]
  .rodata             const    0x08046a14     0x1c  usbh_usr.o [1]
  .rodata             const    0x08046a30     0x1c  usbh_usr.o [1]
  .rodata             const    0x08046a4c     0x1c  usbh_usr.o [1]
  .rodata             const    0x08046a68     0x1c  usbh_usr.o [1]
  .rodata             const    0x08046a84     0x1c  usbh_usr.o [1]
  .rodata             const    0x08046aa0     0x1c  usbh_usr.o [1]
  .text               ro code  0x08046abc     0x1a  cmain.o [5]
  .text               ro code  0x08046ad6      0x4  exit.o [3]
  .text               ro code  0x08046adc      0xa  cexit.o [5]
  .rodata             const    0x08046ae8     0x18  apptask.o [1]
  .rodata             const    0x08046b00     0x18  apptask.o [1]
  .rodata             const    0x08046b18     0x18  apptask.o [1]
  .rodata             const    0x08046b30     0x18  apptask.o [1]
  .rodata             const    0x08046b48     0x18  apptask.o [1]
  .rodata             const    0x08046b60     0x18  apptask.o [1]
  .rodata             const    0x08046b78     0x18  apptask.o [1]
  .rodata             const    0x08046b90     0x18  apptask.o [1]
  .rodata             const    0x08046ba8     0x18  demo_fatfs.o [1]
  .rodata             const    0x08046bc0     0x18  demo_fatfs.o [1]
  .rodata             const    0x08046bd8     0x18  demo_fatfs.o [1]
  .rodata             const    0x08046bf0     0x18  demo_fatfs.o [1]
  .rodata             const    0x08046c08     0x18  para.o [1]
  .rodata             const    0x08046c20     0x18  usbh_usr.o [1]
  .rodata             const    0x08046c38     0x18  usbh_usr.o [1]
  .rodata             const    0x08046c50     0x18  usbh_usr.o [1]
  .rodata             const    0x08046c68     0x18  usbh_usr.o [1]
  .rodata             const    0x08046c80     0x18  usbh_usr.o [1]
  .text               ro code  0x08046c98     0x16  xprout.o [3]
  .text               ro code  0x08046cb0      0xc  putchar.o [3]
  .rodata             const    0x08046cbc     0x14  apptask.o [1]
  .rodata             const    0x08046cd0     0x14  apptask.o [1]
  .rodata             const    0x08046ce4     0x14  apptask.o [1]
  .rodata             const    0x08046cf8     0x14  apptask.o [1]
  .rodata             const    0x08046d0c     0x14  apptask.o [1]
  .rodata             const    0x08046d20     0x14  apptask.o [1]
  .rodata             const    0x08046d34     0x14  apptask.o [1]
  .rodata             const    0x08046d48     0x14  usbh_usr.o [1]
  .rodata             const    0x08046d5c     0x14  usbh_usr.o [1]
  .rodata             const    0x08046d70     0x10  apptask.o [1]
  .rodata             const    0x08046d80     0x10  apptask.o [1]
  .rodata             const    0x08046d90     0x10  apptask.o [1]
  .rodata             const    0x08046da0     0x10  apptask.o [1]
  .rodata             const    0x08046db0     0x10  apptask.o [1]
  .rodata             const    0x08046dc0     0x10  apptask.o [1]
  .rodata             const    0x08046dd0     0x10  apptask.o [1]
  .rodata             const    0x08046de0     0x10  apptask.o [1]
  .rodata             const    0x08046df0     0x10  apptask.o [1]
  .rodata             const    0x08046e00     0x10  apptask.o [1]
  .rodata             const    0x08046e10     0x10  apptask.o [1]
  .rodata             const    0x08046e20     0x10  apptask.o [1]
  .rodata             const    0x08046e30     0x10  apptask.o [1]
  .rodata             const    0x08046e40     0x10  apptask.o [1]
  .rodata             const    0x08046e50     0x10  apptask.o [1]
  .rodata             const    0x08046e60     0x10  apptask.o [1]
  .rodata             const    0x08046e70     0x10  apptask.o [1]
  .rodata             const    0x08046e80     0x10  apptask.o [1]
  .rodata             const    0x08046e90     0x10  apptask.o [1]
  .rodata             const    0x08046ea0     0x10  bsp_sdwe050c17.o [1]
  .rodata             const    0x08046eb0     0x10  ff.o [1]
  .rodata             const    0x08046ec0     0x10  main.o [1]
  .rodata             const    0x08046ed0     0x10  main.o [1]
  .rodata             const    0x08046ee0     0x10  para.o [1]
  .rodata             const    0x08046ef0     0x10  para.o [1]
  .rodata             const    0x08046f00     0x10  usbh_usr.o [1]
  .rodata             const    0x08046f10     0x10  usbh_usr.o [1]
  .text               ro code  0x08046f20     0x10  startup_stm32f40_41xxx.o [1]
  .text               ro code  0x08046f30     0x10  usbh_it.o [1]
  .rodata             const    0x08046f40      0xc  apptask.o [1]
  .rodata             const    0x08046f4c      0xc  apptask.o [1]
  .rodata             const    0x08046f58      0xc  apptask.o [1]
  .rodata             const    0x08046f64      0xc  apptask.o [1]
  .rodata             const    0x08046f70      0xc  apptask.o [1]
  .rodata             const    0x08046f7c      0xc  apptask.o [1]
  .rodata             const    0x08046f88      0xc  apptask.o [1]
  .rodata             const    0x08046f94      0xc  apptask.o [1]
  .rodata             const    0x08046fa0      0xc  apptask.o [1]
  .rodata             const    0x08046fac      0xc  apptask.o [1]
  .rodata             const    0x08046fb8      0xc  apptask.o [1]
  .rodata             const    0x08046fc4      0xc  apptask.o [1]
  .rodata             const    0x08046fd0      0xc  apptask.o [1]
  .rodata             const    0x08046fdc      0xc  apptask.o [1]
  .rodata             const    0x08046fe8      0xc  apptask.o [1]
  .rodata             const    0x08046ff4      0xc  apptask.o [1]
  .rodata             const    0x08047000      0xc  apptask.o [1]
  .rodata             const    0x0804700c      0xc  apptask.o [1]
  .rodata             const    0x08047018      0xc  apptask.o [1]
  .rodata             const    0x08047024      0xc  apptask.o [1]
  .rodata             const    0x08047030      0xc  apptask.o [1]
  .rodata             const    0x0804703c      0xc  apptask.o [1]
  .rodata             const    0x08047048      0xc  apptask.o [1]
  .rodata             const    0x08047054      0xc  apptask.o [1]
  .rodata             const    0x08047060      0xc  apptask.o [1]
  .rodata             const    0x0804706c      0xc  apptask.o [1]
  .rodata             const    0x08047078      0xc  apptask.o [1]
  .rodata             const    0x08047084      0xc  apptask.o [1]
  .rodata             const    0x08047090      0xc  apptask.o [1]
  .rodata             const    0x0804709c      0xc  apptask.o [1]
  .rodata             const    0x080470a8      0xc  apptask.o [1]
  .rodata             const    0x080470b4      0xc  apptask.o [1]
  .rodata             const    0x080470c0      0xc  apptask.o [1]
  .rodata             const    0x080470cc      0xc  bsp_sdwe050c17.o [1]
  .rodata             const    0x080470d8      0xc  demo_fatfs.o [1]
  .rodata             const    0x080470e4      0xc  ff.o [1]
  .rodata             const    0x080470f0      0xc  page_weimi.o [1]
  .rodata             const    0x080470fc      0xc  para.o [1]
  .rodata             const    0x08047108      0xc  para.o [1]
  .rodata             const    0x08047114      0xc  para.o [1]
  .rodata             const    0x08047120      0xc  para.o [1]
  .rodata             const    0x0804712c      0xc  para.o [1]
  .text               ro code  0x08047138      0xc  cstartup_M.o [5]
  .rodata             const    0x08047144      0x8  apptask.o [1]
  .rodata             const    0x0804714c      0x8  apptask.o [1]
  .rodata             const    0x08047154      0x8  apptask.o [1]
  .rodata             const    0x0804715c      0x8  apptask.o [1]
  .rodata             const    0x08047164      0x8  apptask.o [1]
  .rodata             const    0x0804716c      0x8  apptask.o [1]
  .rodata             const    0x08047174      0x8  apptask.o [1]
  .rodata             const    0x0804717c      0x8  apptask.o [1]
  .rodata             const    0x08047184      0x8  apptask.o [1]
  .rodata             const    0x0804718c      0x8  apptask.o [1]
  .rodata             const    0x08047194      0x8  apptask.o [1]
  .rodata             const    0x0804719c      0x8  apptask.o [1]
  .rodata             const    0x080471a4      0x8  apptask.o [1]
  .rodata             const    0x080471ac      0x8  apptask.o [1]
  .rodata             const    0x080471b4      0x8  bsp_sdwe050c17.o [1]
  .rodata             const    0x080471bc      0x8  bsp_w25qxx.o [1]
  .rodata             const    0x080471c4      0x8  ff.o [1]
  .rodata             const    0x080471cc      0x8  malloc.o [1]
  .rodata             const    0x080471d4      0x8  malloc.o [1]
  .rodata             const    0x080471dc      0x8  malloc.o [1]
  .rodata             const    0x080471e4      0x8  para.o [1]
  .rodata             const    0x080471ec      0x8  para.o [1]
  .rodata             const    0x080471f4      0x8  para.o [1]
  .rodata             const    0x080471fc      0x8  para.o [1]
  .rodata             const    0x08047204      0x8  para.o [1]
  .rodata             const    0x0804720c      0x8  para.o [1]
  .rodata             const    0x08047214      0x8  para.o [1]
  .rodata             const    0x0804721c      0x8  para.o [1]
  .rodata             const    0x08047224      0x8  para.o [1]
  .rodata             const    0x0804722c      0x8  para.o [1]
  .rodata             const    0x08047234      0x8  para.o [1]
  .rodata             const    0x0804723c      0x8  para.o [1]
  .rodata             const    0x08047244      0x8  para.o [1]
  .rodata             const    0x0804724c      0x8  para.o [1]
  .rodata             const    0x08047254      0x8  para.o [1]
  .rodata             const    0x0804725c      0x8  para.o [1]
  .rodata             const    0x08047264      0x8  para.o [1]
  .rodata             const    0x0804726c      0x8  para.o [1]
  .rodata             const    0x08047274      0x8  para.o [1]
  .rodata             const    0x0804727c      0x8  para.o [1]
  .rodata             const    0x08047284      0x8  para.o [1]
  .rodata             const    0x0804728c      0x8  tasks.o [1]
  .rodata             const    0x08047294      0x8  timers.o [1]
  .rodata             const    0x0804729c      0x4  heap_4.o [1]
  .rodata             const    0x080472a0      0x4  port.o [1]
  .text               ro code  0x080472a4      0x4  startup_stm32f40_41xxx.o [1]
  .text               ro code  0x080472a8      0x4  startup_stm32f40_41xxx.o [1]
  .text               ro code  0x080472ac      0x4  startup_stm32f40_41xxx.o [1]
  .text               ro code  0x080472b0      0x4  startup_stm32f40_41xxx.o [1]
  .text               ro code  0x080472b4      0x4  startup_stm32f40_41xxx.o [1]
  .text               ro code  0x080472b8      0x4  startup_stm32f40_41xxx.o [1]
  .text               ro code  0x080472bc      0x4  startup_stm32f40_41xxx.o [1]
  .text               ro code  0x080472c0      0x4  startup_stm32f40_41xxx.o [1]
  .text               ro code  0x080472c4      0x4  startup_stm32f40_41xxx.o [1]
  .text               ro code  0x080472c8      0x4  startup_stm32f40_41xxx.o [1]
  .text               ro code  0x080472cc      0x4  startup_stm32f40_41xxx.o [1]
  .text               ro code  0x080472d0      0x4  startup_stm32f40_41xxx.o [1]
  .text               ro code  0x080472d4      0x4  startup_stm32f40_41xxx.o [1]
  .text               ro code  0x080472d8      0x4  startup_stm32f40_41xxx.o [1]
  .text               ro code  0x080472dc      0x4  startup_stm32f40_41xxx.o [1]
  .text               ro code  0x080472e0      0x4  startup_stm32f40_41xxx.o [1]
  .text               ro code  0x080472e4      0x4  startup_stm32f40_41xxx.o [1]
  .text               ro code  0x080472e8      0x4  startup_stm32f40_41xxx.o [1]
  .text               ro code  0x080472ec      0x4  startup_stm32f40_41xxx.o [1]
  .text               ro code  0x080472f0      0x4  startup_stm32f40_41xxx.o [1]
  .text               ro code  0x080472f4      0x4  startup_stm32f40_41xxx.o [1]
  .text               ro code  0x080472f8      0x4  startup_stm32f40_41xxx.o [1]
  .text               ro code  0x080472fc      0x4  startup_stm32f40_41xxx.o [1]
  .text               ro code  0x08047300      0x4  startup_stm32f40_41xxx.o [1]
  .text               ro code  0x08047304      0x4  startup_stm32f40_41xxx.o [1]
  .text               ro code  0x08047308      0x4  startup_stm32f40_41xxx.o [1]
  .text               ro code  0x0804730c      0x4  startup_stm32f40_41xxx.o [1]
  .text               ro code  0x08047310      0x4  startup_stm32f40_41xxx.o [1]
  .text               ro code  0x08047314      0x4  startup_stm32f40_41xxx.o [1]
  .text               ro code  0x08047318      0x4  startup_stm32f40_41xxx.o [1]
  .text               ro code  0x0804731c      0x4  startup_stm32f40_41xxx.o [1]
  .text               ro code  0x08047320      0x4  startup_stm32f40_41xxx.o [1]
  .text               ro code  0x08047324      0x4  startup_stm32f40_41xxx.o [1]
  .text               ro code  0x08047328      0x4  startup_stm32f40_41xxx.o [1]
  .text               ro code  0x0804732c      0x4  startup_stm32f40_41xxx.o [1]
  .text               ro code  0x08047330      0x4  startup_stm32f40_41xxx.o [1]
  .text               ro code  0x08047334      0x4  startup_stm32f40_41xxx.o [1]
  .text               ro code  0x08047338      0x4  startup_stm32f40_41xxx.o [1]
  .text               ro code  0x0804733c      0x4  startup_stm32f40_41xxx.o [1]
  .text               ro code  0x08047340      0x4  startup_stm32f40_41xxx.o [1]
  .text               ro code  0x08047344      0x4  startup_stm32f40_41xxx.o [1]
  .text               ro code  0x08047348      0x4  startup_stm32f40_41xxx.o [1]
  .text               ro code  0x0804734c      0x4  startup_stm32f40_41xxx.o [1]
  .text               ro code  0x08047350      0x4  startup_stm32f40_41xxx.o [1]
  .text               ro code  0x08047354      0x4  startup_stm32f40_41xxx.o [1]
  .text               ro code  0x08047358      0x4  startup_stm32f40_41xxx.o [1]
  .text               ro code  0x0804735c      0x4  startup_stm32f40_41xxx.o [1]
  .text               ro code  0x08047360      0x4  startup_stm32f40_41xxx.o [1]
  .text               ro code  0x08047364      0x4  startup_stm32f40_41xxx.o [1]
  .text               ro code  0x08047368      0x4  startup_stm32f40_41xxx.o [1]
  .text               ro code  0x0804736c      0x4  startup_stm32f40_41xxx.o [1]
  .text               ro code  0x08047370      0x4  startup_stm32f40_41xxx.o [1]
  .text               ro code  0x08047374      0x4  startup_stm32f40_41xxx.o [1]
  .text               ro code  0x08047378      0x4  startup_stm32f40_41xxx.o [1]
  .text               ro code  0x0804737c      0x4  startup_stm32f40_41xxx.o [1]
  .text               ro code  0x08047380      0x4  startup_stm32f40_41xxx.o [1]
  .text               ro code  0x08047384      0x4  startup_stm32f40_41xxx.o [1]
  .text               ro code  0x08047388      0x4  startup_stm32f40_41xxx.o [1]
  .text               ro code  0x0804738c      0x4  startup_stm32f40_41xxx.o [1]
  .text               ro code  0x08047390      0x4  startup_stm32f40_41xxx.o [1]
  .text               ro code  0x08047394      0x4  startup_stm32f40_41xxx.o [1]
  .text               ro code  0x08047398      0x4  startup_stm32f40_41xxx.o [1]
  .text               ro code  0x0804739c      0x4  startup_stm32f40_41xxx.o [1]
  .text               ro code  0x080473a0      0x4  startup_stm32f40_41xxx.o [1]
  .text               ro code  0x080473a4      0x4  startup_stm32f40_41xxx.o [1]
  .text               ro code  0x080473a8      0x4  startup_stm32f40_41xxx.o [1]
  .text               ro code  0x080473ac      0x4  startup_stm32f40_41xxx.o [1]
  .text               ro code  0x080473b0      0x4  startup_stm32f40_41xxx.o [1]
  .rodata             const    0x080473b4      0x0  zero_init3.o [5]
  .rodata             const    0x080473b4      0x0  packbits_init.o [5]
  Initializer bytes   const    0x080473b4    0x125  <for P2 s0>
                             - 0x080474d9  0x47351

"P2":                                      0x1fed0
  P2 s0                        0x20000000    0x246  <Init block>
    __DLIB_PERTHREAD  inited   0x20000000     0x88  localeconv.o [3]
    __DLIB_PERTHREAD  inited   0x20000088     0x74  setlocale.o [3]
    .data             inited   0x200000fc     0x50  demo_fatfs.o [1]
    .data             inited   0x2000014c     0x48  usbh_usr.o [1]
    .data             inited   0x20000194     0x40  xfiles.o [3]
    .data             inited   0x200001d4     0x1c  malloc.o [1]
    .data             inited   0x200001f0     0x14  bsp_servomotor.o [1]
    .data             inited   0x20000204     0x10  stm32f4xx_rcc.o [1]
    .data             inited   0x20000214     0x10  usbh_msc_core.o [1]
    .data             inited   0x20000224      0xc  usbh_core.o [1]
    .data             inited   0x20000230      0x4  port.o [1]
    .data             inited   0x20000234      0x4  system_stm32f4xx.o [1]
    .data             inited   0x20000238      0x4  usbh_core.o [1]
    __DLIB_PERTHREAD  inited   0x2000023c      0x4  errno.o [3]
    .data             inited   0x20000240      0x2  bsp_w25qxx.o [1]
    .data             inited   0x20000242      0x1  apptask.o [1]
    .data             inited   0x20000243      0x1  encoder_tim.o [1]
    .data             inited   0x20000244      0x1  page_weimi.o [1]
    .data             inited   0x20000245      0x1  usbh_msc_scsi.o [1]
  .bss                zero     0x20000248  0x11800  heap_4.o [1]
  .bss                zero     0x20011a48   0xa000  malloc.o [1]
  .bss                zero     0x2001ba48   0x1000  bsp_w25qxx.o [1]
  .bss                zero     0x2001ca48    0xa00  malloc.o [1]
  .bss                zero     0x2001d448    0x5ac  usbh_usr.o [1]
  .bss                zero     0x2001d9f4    0x5ac  usbh_usr.o [1]
  .bss                zero     0x2001dfa0    0x3e8  bsp_uart_fifo.o [1]
  .bss                zero     0x2001e388    0x200  ff.o [1]
  .bss                zero     0x2001e588    0x200  usbh_msc_scsi.o [1]
  .bss                zero     0x2001e788    0x200  usbh_stdreq.o [1]
  .bss                zero     0x2001e988    0x140  tasks.o [1]
  .bss                zero     0x2001eac8    0x12c  page_weimi.o [1]
  .bss                zero     0x2001ebf4     0xd4  protocol.o [1]
  .bss                zero     0x2001ecc8     0xa4  protocol.o [1]
  .bss                zero     0x2001ed6c     0x9c  para.o [1]
  .bss                zero     0x2001ee08     0x94  usbh_usr.o [1]
  .bss                zero     0x2001ee9c     0x64  bsp_uart_fifo.o [1]
  .bss                zero     0x2001ef00     0x64  bsp_uart_fifo.o [1]
  .bss                zero     0x2001ef64     0x4c  usbh_msc_core.o [1]
  .bss                zero     0x2001efb0     0x58  bsp_sdio_sd.o [1]
  .bss                zero     0x2001f008     0x58  protocol.o [1]
  .bss                zero     0x2001f060     0x50  xfiles.o [3]
  .bss                zero     0x2001f0b0     0x40  page_weimi.o [1]
  .bss                zero     0x2001f0f0     0x34  bsp_sdwe050c17.o [1]
  .bss                zero     0x2001f124     0x30  product_cal.o [1]
  .bss                zero     0x2001f154     0x28  product_cal.o [1]
  .bss                zero     0x2001f17c     0x24  ff.o [1]
  .bss                zero     0x2001f1a0     0x20  usbh_msc_bot.o [1]
  .bss                zero     0x2001f1c0     0x18  bsp_sdio_sd.o [1]
  .bss                zero     0x2001f1d8     0x18  bsp_sdio_sd.o [1]
  .bss                zero     0x2001f1f0     0x18  encoder_tim.o [1]
  .bss                zero     0x2001f208     0x14  bsp_sdio_sd.o [1]
  .bss                zero     0x2001f21c     0x14  rc522.o [1]
  .bss                zero     0x2001f230     0x14  tasks.o [1]
  .bss                zero     0x2001f244     0x14  tasks.o [1]
  .bss                zero     0x2001f258     0x14  tasks.o [1]
  .bss                zero     0x2001f26c     0x14  tasks.o [1]
  .bss                zero     0x2001f280     0x14  tasks.o [1]
  .bss                zero     0x2001f294     0x14  timers.o [1]
  .bss                zero     0x2001f2a8     0x14  timers.o [1]
  .bss                zero     0x2001f2bc     0x10  bsp_sdio_sd.o [1]
  .bss                zero     0x2001f2cc     0x10  bsp_sdio_sd.o [1]
  .bss                zero     0x2001f2dc     0x10  usbh_msc_bot.o [1]
  .bss                zero     0x2001f2ec     0x10  usbh_msc_bot.o [1]
  .bss                zero     0x2001f2fc     0x10  usbh_msc_scsi.o [1]
  .bss                zero     0x2001f30c      0xc  apptask.o [1]
  .bss                zero     0x2001f318      0xc  apptask.o [1]
  .bss                zero     0x2001f324      0xc  apptask.o [1]
  .bss                zero     0x2001f330      0xc  apptask.o [1]
  .bss                zero     0x2001f33c      0xc  ff.o [1]
  .bss                zero     0x2001f348      0xc  protocol.o [1]
  .bss                zero     0x2001f354      0xc  protocol.o [1]
  .bss                zero     0x2001f360      0xc  protocol.o [1]
  .bss                zero     0x2001f36c      0x8  heap_4.o [1]
  .bss                zero     0x2001f374      0x8  modbus.o [1]
  .bss                zero     0x2001f37c      0x8  protocol.o [1]
  .bss                zero     0x2001f384      0x4  apptask.o [1]
  .bss                zero     0x2001f388      0x4  apptask.o [1]
  .bss                zero     0x2001f38c      0x4  apptask.o [1]
  .bss                zero     0x2001f390      0x4  apptask.o [1]
  .bss                zero     0x2001f394      0x4  apptask.o [1]
  .bss                zero     0x2001f398      0x4  apptask.o [1]
  .bss                zero     0x2001f39c      0x4  apptask.o [1]
  .bss                zero     0x2001f3a0      0x4  apptask.o [1]
  .bss                zero     0x2001f3a4      0x4  apptask.o [1]
  .bss                zero     0x2001f3a8      0x4  apptask.o [1]
  .bss                zero     0x2001f3ac      0x4  apptask.o [1]
  .bss                zero     0x2001f3b0      0x4  apptask.o [1]
  .bss                zero     0x2001f3b4      0x4  apptask.o [1]
  .bss                zero     0x2001f3b8      0x4  apptask.o [1]
  .bss                zero     0x2001f3bc      0x4  apptask.o [1]
  .bss                zero     0x2001f3c0      0x4  apptask.o [1]
  .bss                zero     0x2001f3c4      0x4  apptask.o [1]
  .bss                zero     0x2001f3c8      0x4  apptask.o [1]
  .bss                zero     0x2001f3cc      0x4  apptask.o [1]
  .bss                zero     0x2001f3d0      0x4  apptask.o [1]
  .bss                zero     0x2001f3d4      0x4  apptask.o [1]
  .bss                zero     0x2001f3d8      0x4  apptask.o [1]
  .bss                zero     0x2001f3dc      0x4  apptask.o [1]
  .bss                zero     0x2001f3e0      0x4  apptask.o [1]
  .bss                zero     0x2001f3e4      0x4  bsp_sdio_sd.o [1]
  .bss                zero     0x2001f3e8      0x4  bsp_sdio_sd.o [1]
  .bss                zero     0x2001f3ec      0x4  bsp_sdio_sd.o [1]
  .bss                zero     0x2001f3f0      0x4  bsp_sdio_sd.o [1]
  .bss                zero     0x2001f3f4      0x4  bsp_sdio_sd.o [1]
  .bss                zero     0x2001f3f8      0x4  bsp_timer.o [1]
  .bss                zero     0x2001f3fc      0x4  bsp_timer.o [1]
  .bss                zero     0x2001f400      0x4  bsp_timer.o [1]
  .bss                zero     0x2001f404      0x4  bsp_timer.o [1]
  .bss                zero     0x2001f408      0x4  heap_4.o [1]
  .bss                zero     0x2001f40c      0x4  heap_4.o [1]
  .bss                zero     0x2001f410      0x4  heap_4.o [1]
  .bss                zero     0x2001f414      0x4  heap_4.o [1]
  .bss                zero     0x2001f418      0x4  page_weimi.o [1]
  .bss                zero     0x2001f41c      0x4  page_weimi.o [1]
  .bss                zero     0x2001f420      0x4  port.o [1]
  .bss                zero     0x2001f424      0x4  product_cal.o [1]
  .bss                zero     0x2001f428      0x4  product_cal.o [1]
  .bss                zero     0x2001f42c      0x4  SysInfoTest.o [1]
  .bss                zero     0x2001f430      0x4  tasks.o [1]
  .bss                zero     0x2001f434      0x4  tasks.o [1]
  .bss                zero     0x2001f438      0x4  tasks.o [1]
  .bss                zero     0x2001f43c      0x4  tasks.o [1]
  .bss                zero     0x2001f440      0x4  tasks.o [1]
  .bss                zero     0x2001f444      0x4  tasks.o [1]
  .bss                zero     0x2001f448      0x4  tasks.o [1]
  .bss                zero     0x2001f44c      0x4  tasks.o [1]
  .bss                zero     0x2001f450      0x4  tasks.o [1]
  .bss                zero     0x2001f454      0x4  tasks.o [1]
  .bss                zero     0x2001f458      0x4  tasks.o [1]
  .bss                zero     0x2001f45c      0x4  tasks.o [1]
  .bss                zero     0x2001f460      0x4  tasks.o [1]
  .bss                zero     0x2001f464      0x4  tasks.o [1]
  .bss                zero     0x2001f468      0x4  tasks.o [1]
  .bss                zero     0x2001f46c      0x4  tasks.o [1]
  .bss                zero     0x2001f470      0x4  timers.o [1]
  .bss                zero     0x2001f474      0x4  timers.o [1]
  .bss                zero     0x2001f478      0x4  timers.o [1]
  .bss                zero     0x2001f47c      0x4  timers.o [1]
  .bss                zero     0x2001f480      0x4  usbh_msc_bot.o [1]
  .bss                zero     0x2001f484      0x4  usbh_msc_bot.o [1]
  .bss                zero     0x2001f488      0x4  usbh_msc_bot.o [1]
  .bss                zero     0x2001f48c      0x4  usbh_msc_bot.o [1]
  .bss                zero     0x2001f490      0x2  apptask.o [1]
  .bss                zero     0x2001f492      0x2  apptask.o [1]
  .bss                zero     0x2001f494      0x2  apptask.o [1]
  .bss                zero     0x2001f496      0x2  apptask.o [1]
  .bss                zero     0x2001f498      0x2  apptask.o [1]
  .bss                zero     0x2001f49a      0x2  bsp_sdwe050c17.o [1]
  .bss                zero     0x2001f49c      0x2  encoder_tim.o [1]
  .bss                zero     0x2001f49e      0x2  encoder_tim.o [1]
  .bss                zero     0x2001f4a0      0x2  ff.o [1]
  .bss                zero     0x2001f4a2      0x2  page_weimi.o [1]
  .bss                zero     0x2001f4a4      0x2  page_weimi.o [1]
  .bss                zero     0x2001f4a6      0x2  product_cal.o [1]
  .bss                zero     0x2001f4a8      0x2  usbh_core.o [1]
  .bss                zero     0x2001f4aa      0x2  usbh_stdreq.o [1]
  .bss                zero     0x2001f4ac      0x1  apptask.o [1]
  .bss                zero     0x2001f4ad      0x1  apptask.o [1]
  .bss                zero     0x2001f4ae      0x1  apptask.o [1]
  .bss                zero     0x2001f4af      0x1  apptask.o [1]
  .bss                zero     0x2001f4b0      0x1  apptask.o [1]
  .bss                zero     0x2001f4b1      0x1  apptask.o [1]
  .bss                zero     0x2001f4b2      0x1  apptask.o [1]
  .bss                zero     0x2001f4b3      0x1  apptask.o [1]
  .bss                zero     0x2001f4b4      0x1  apptask.o [1]
  .bss                zero     0x2001f4b5      0x1  apptask.o [1]
  .bss                zero     0x2001f4b6      0x1  apptask.o [1]
  .bss                zero     0x2001f4b7      0x1  apptask.o [1]
  .bss                zero     0x2001f4b8      0x1  apptask.o [1]
  .bss                zero     0x2001f4b9      0x1  bsp_sdio_sd.o [1]
  .bss                zero     0x2001f4ba      0x1  bsp_sdwe050c17.o [1]
  .bss                zero     0x2001f4bb      0x1  bsp_uart_fifo.o [1]
  .bss                zero     0x2001f4bc      0x1  encoder_tim.o [1]
  .bss                zero     0x2001f4bd      0x1  page_weimi.o [1]
  .bss                zero     0x2001f4be      0x1  page_weimi.o [1]
  .bss                zero     0x2001f4bf      0x1  page_weimi.o [1]
  .bss                zero     0x2001f4c0      0x1  page_weimi.o [1]
  .bss                zero     0x2001f4c1      0x1  page_weimi.o [1]
  .bss                zero     0x2001f4c2      0x1  page_weimi.o [1]
  .bss                zero     0x2001f4c3      0x1  port.o [1]
  .bss                zero     0x2001f4c4      0x1  product_cal.o [1]
  .bss                zero     0x2001f4c5      0x1  product_cal.o [1]
  .bss                zero     0x2001f4c6      0x1  protocol.o [1]
  .bss                zero     0x2001f4c7      0x1  rc522.o [1]
  .bss                zero     0x2001f4c8      0x1  rc522.o [1]
  .bss                zero     0x2001f4c9      0x1  usbh_msc_bot.o [1]
  .bss                zero     0x2001f4ca      0x1  usbh_msc_core.o [1]
  .bss                zero     0x2001f4cb      0x1  usbh_msc_core.o [1]
  .bss                zero     0x2001f4cc      0x1  usbh_stdreq.o [1]
  .bss                zero     0x2001f4cd      0x1  usbh_usr.o [1]
  CSTACK                       0x2001f4d0    0xa00  <Block>
    CSTACK            uninit   0x2001f4d0    0xa00  <Block tail>
                             - 0x2001fed0  0x1fed0

Absolute sections:                         0xff000
  .bss                zero     0x68000000  0xf0000  malloc.o [1]
  .bss                zero     0x680f0000   0xf000  malloc.o [1]
                             - 0x680ff000  0xff000


*******************************************************************************
*** INIT TABLE
***

          Address     Size
          -------     ----
Zero (__iar_zero_init3)
    2 destination ranges, total size 0x11e286:
          0x20000248  0x1f286
          0x68000000  0xff000

Copy/packbits (__iar_packbits_init3)
    1 source range, total size 0x125 (50% of destination):
          0x080473b4    0x125
    1 destination range, total size 0x246:
          0x20000000    0x246



*******************************************************************************
*** MODULE SUMMARY
***

    Module                    ro code  ro data  rw data    rw data
                                                            (abs)
    ------                    -------  -------  -------    -------
E:\work\YarnControl_Driver\src\stm32f4_rtos\Project\EWARMv7\Flash\Obj: [1]
    SysInfoTest.o                  44                 4
    apptask.o                  26 072    2 897      168
    bsp.o                          76
    bsp_closeSW.o                 212
    bsp_dac.o                     212
    bsp_dwt.o                     116
    bsp_led.o                     192
    bsp_relay.o                    68
    bsp_sdio_sd.o               6 744               209
    bsp_sdwe050c17.o            5 664       36       55
    bsp_servomotor.o              896       10       20
    bsp_spi.o                     292
    bsp_stepmotor.o             1 180
    bsp_sw_onoff.o                104
    bsp_timer.o                   516                16
    bsp_uart_fifo.o             2 724             1 201
    bsp_w25qxx.o                  896        9    4 098
    bsp_watchdog.o                  8
    cc936.o                       244  176 320
    demo_fatfs.o                           733       80
    diskio.o                      740
    encoder_tim.o                 704                30
    event_groups.o                610
    ff.o                        9 368       36      562
    heap_4.o                      640        4   71 704
    list.o                        152
    main.o                         48       32
    malloc.o                      540       38   43 548  1 044 480
    mcheck.o                      184      768
    misc.o                        136
    modbus.o                      852                 8
    page_weimi.o                  916       13      383
    para.o                      5 198      284      156
    port.o                        588        6        9
    portasm.o                     168
    product_cal.o               1 336      400      100
    protocol.o                    128               509
    queue.o                     1 992
    rc522.o                       238                22
    startup_stm32f40_41xxx.o      680
    stm32f4xx_dac.o               124
    stm32f4xx_dma.o               796
    stm32f4xx_exti.o              192
    stm32f4xx_gpio.o              300
    stm32f4xx_it.o                 56       44
    stm32f4xx_iwdg.o               16
    stm32f4xx_rcc.o               488        8       16
    stm32f4xx_sdio.o              380
    stm32f4xx_spi.o               116
    stm32f4xx_syscfg.o             84
    stm32f4xx_tim.o             1 782
    stm32f4xx_usart.o             596
    system_stm32f4xx.o            340        2        4
    tasks.o                     3 296        8      484
    timers.o                    1 188        8       56
    usb_bsp.o                     332
    usb_core.o                  2 640
    usb_hcd.o                     214
    usb_hcd_int.o               3 198
    usbh_core.o                 1 888        8       18
    usbh_hcs.o                    442
    usbh_ioreq.o                  582
    usbh_it.o                      16
    usbh_msc_bot.o              1 364                81
    usbh_msc_core.o             1 000        8       94
    usbh_msc_scsi.o             1 560        1      529
    usbh_stdreq.o               1 078               515
    usbh_usr.o                    418      592    3 125
    --------------------------------------------------------------
    Total:                     95 964  182 265  127 804  1 044 480

command line: [2]
    --------------------------------------------------------------
    Total:

dl7M_tlf.a: [3]
    abort.o                         6
    div.o                          14
    errno.o                        12        2        4
    exit.o                          4
    isxxx.o                        40
    localeconv.o                  108       68      136
    printf.o                       36
    putchar.o                      12
    setlocale.o                    24       58      116
    sprintf.o                      52
    sscanf.o                       36
    strcat.o                       28
    strstr.o                       44
    tolower.o                      20
    xfiles.o                                32      144
    xlocale_c.o                    54
    xprintffull_nomb.o          3 478
    xprout.o                       22
    xscanffull_nomb.o           2 916
    xsprout.o                      10
    xsscin.o                       30
    xstoflt.o                     440
    xstoll.o                      164
    xstopfx.o                     292
    xstoull.o                     432
    xstoxflt.o                    536
    xtls.o                          2
    --------------------------------------------------------------
    Total:                      8 812      160      400

m7M_tls.a: [4]
    DblAdd.o                      232
    DblCmpEq.o                     32
    DblCmpGe.o                     46
    DblCmpLe.o                     46
    DblDiv.o                      598
    DblMul.o                      418
    DblSub.o                      384
    DblToFlt.o                    144
    DblToI32.o                     88
    FltToDbl.o                     78
    I32ToDbl.o                     48
    fpinit_M.o                     34
    xdnorm.o                       66
    xdscale.o                     276
    xdtento.o                     512
    xdunscal.o                     82
    xstold.o                      360
    --------------------------------------------------------------
    Total:                      3 444

rt7M_tl.a: [5]
    ABImemcpy_unaligned.o         118
    ABImemset.o                   102
    I64DivMod.o                   306
    I64DivZer.o                     2
    cexit.o                        10
    cmain.o                        26
    cstartup_M.o                   12
    data_init.o                    40
    memchr.o                       88
    memcmp_unaligned.o             98
    packbits_init.o               208
    strchr.o                       22
    strcmp_unaligned.o             66
    strcpy_unaligned.o             68
    strlen.o                       54
    zero_init3.o                   64
    --------------------------------------------------------------
    Total:                      1 284

shb_l.a: [6]
    exit.o                         20
    --------------------------------------------------------------
    Total:                         20

    Gaps                           50        6        2
    Linker created                          52    2 560
------------------------------------------------------------------
    Grand Total:              109 574  182 483  130 766  1 044 480


*******************************************************************************
*** ENTRY LIST
***

Entry                      Address     Size  Type      Object
-----                      -------     ----  ----      ------
.iar.init_table$$Base   0x080467a0            --   Gb  - Linker created -
.iar.init_table$$Limit  0x080467d4            --   Gb  - Linker created -
?main                   0x08046abd           Code  Gb  cmain.o [5]
APBAHBPrescTable        0x20000204     0x10  Data  Lc  stm32f4xx_rcc.o [1]
AppObjCreate            0x08030905    0x190  Code  Gb  apptask.o [1]
AppTaskCreate           0x08030781    0x16c  Code  Gb  apptask.o [1]
BOTStallErrorCount      0x2001f480      0x4  Data  Lc  usbh_msc_bot.o [1]
BusFault_Handler        0x08046387      0x2  Code  Gb  stm32f4xx_it.o [1]
CID_Tab                 0x2001f2cc     0x10  Data  Lc  bsp_sdio_sd.o [1]
CRC16HiTable            0x08045e60    0x100  Data  Gb  mcheck.o [1]
CRC16LoTable            0x08045f60    0x100  Data  Gb  mcheck.o [1]
CRC8Table               0x08046060    0x100  Data  Gb  mcheck.o [1]
CSD_Tab                 0x2001f2bc     0x10  Data  Lc  bsp_sdio_sd.o [1]
CSTACK$$Base            0x2001f4d0            --   Gb  - Linker created -
CSTACK$$Limit           0x2001fed0            --   Gb  - Linker created -
CardType                0x2001f3e4      0x4  Data  Lc  bsp_sdio_sd.o [1]
CmdError                0x08041d95     0x38  Code  Lc  bsp_sdio_sd.o [1]
CmdResp1Error           0x08041e39    0x112  Code  Lc  bsp_sdio_sd.o [1]
CmdResp2Error           0x08041f89     0x52  Code  Lc  bsp_sdio_sd.o [1]
CmdResp3Error           0x08041f4b     0x3e  Code  Lc  bsp_sdio_sd.o [1]
CmdResp6Error           0x08041fdb     0xa6  Code  Lc  bsp_sdio_sd.o [1]
CmdResp7Error           0x08041dcd     0x58  Code  Lc  bsp_sdio_sd.o [1]
ConfigExitNVIC          0x08039fff     0x22  Code  Gb  bsp_closeSW.o [1]
ConfigUartNVIC          0x0803bae3     0x7c  Code  Lc  bsp_uart_fifo.o [1]
DAC_Cmd                 0x0803d413     0x26  Code  Gb  stm32f4xx_dac.o [1]
DAC_Init                0x0803d3e1     0x32  Code  Gb  stm32f4xx_dac.o [1]
DAC_SetChannel1Data     0x0803d439     0x1e  Code  Gb  stm32f4xx_dac.o [1]
DMA1_Stream0_IRQHandler
                        0x08036b4d     0x1c  Code  Gb  bsp_servomotor.o [1]
DMA1_Stream3_IRQHandler
                        0x08036b69     0x1c  Code  Gb  bsp_servomotor.o [1]
DMA2_Stream3_IRQHandler
                        0x0804267d      0x8  Code  Gb  bsp_sdio_sd.o [1]
DMAEndOfTransfer        0x2001f3f4      0x4  Data  Gb  bsp_sdio_sd.o [1]
DMA_ClearFlag           0x0803dd37     0x24  Code  Gb  stm32f4xx_dma.o [1]
DMA_Cmd                 0x0803dced     0x1a  Code  Gb  stm32f4xx_dma.o [1]
DMA_DeInit              0x0803db55    0x140  Code  Gb  stm32f4xx_dma.o [1]
DMA_FlowControllerConfig
                        0x0803dd07     0x18  Code  Gb  stm32f4xx_dma.o [1]
DMA_GetCmdStatus        0x0803dd1f     0x18  Code  Gb  stm32f4xx_dma.o [1]
DMA_GetITStatus         0x0803dd9d     0x62  Code  Gb  stm32f4xx_dma.o [1]
DMA_ITConfig            0x0803dd5b     0x42  Code  Gb  stm32f4xx_dma.o [1]
DMA_Init                0x0803dc95     0x58  Code  Gb  stm32f4xx_dma.o [1]
Dac1_Init               0x08036759     0x5a  Code  Gb  bsp_dac.o [1]
Dac1_Set_Vol            0x080367b5     0x64  Code  Gb  bsp_dac.o [1]
DebugMon_Handler        0x0804638b      0x2  Code  Gb  stm32f4xx_it.o [1]
DiskFile_init           0x08039f05     0x40  Code  Gb  protocol.o [1]
Disk_File               0x2001ebf4     0xd4  Data  Gb  protocol.o [1]
ENC_Calc_Average_Speed  0x0803a6e7     0x58  Code  Gb  encoder_tim.o [1]
ENC_Calc_Rot_Speed      0x0803a60d     0xda  Code  Gb  encoder_tim.o [1]
ENC_Clear_Speed_Buffer  0x0803a5f1     0x1c  Code  Gb  encoder_tim.o [1]
ENC_Init                0x0803a505     0xec  Code  Gb  encoder_tim.o [1]
EXTI9_5_IRQHandler      0x0803a021     0x3c  Code  Gb  bsp_closeSW.o [1]
EXTI_ClearITPendingBit  0x0803ef03      0x6  Code  Gb  stm32f4xx_exti.o [1]
EXTI_GetITStatus        0x0803eee9     0x1a  Code  Gb  stm32f4xx_exti.o [1]
EXTI_Init               0x0803ee61     0x88  Code  Gb  stm32f4xx_exti.o [1]
FR_Table                0x200000fc     0x50  Data  Gb  demo_fatfs.o [1]
FatFs                   0x2001f33c      0xc  Data  Lc  ff.o [1]
Files                   0x2001f17c     0x24  Data  Lc  ff.o [1]
FindSCR                 0x08042229    0x206  Code  Lc  bsp_sdio_sd.o [1]
Fsid                    0x2001f4a0      0x2  Data  Lc  ff.o [1]
GPIO_Init               0x08034df5     0xaa  Code  Gb  stm32f4xx_gpio.o [1]
GPIO_PinAFConfig        0x08034ec7     0x5a  Code  Gb  stm32f4xx_gpio.o [1]
GPIO_ReadInputDataBit   0x08034e9f     0x1a  Code  Gb  stm32f4xx_gpio.o [1]
GPIO_WriteBit           0x08034eb9      0xe  Code  Gb  stm32f4xx_gpio.o [1]
GetDeviceState          0x08039ed1     0x2e  Code  Gb  bsp_sw_onoff.o [1]
HCD_GetCurrentFrame     0x0803e0d5      0x8  Code  Gb  usb_hcd.o [1]
HCD_GetCurrentSpeed     0x0803e0b7     0x10  Code  Gb  usb_hcd.o [1]
HCD_GetURB_State        0x0803e0dd      0xa  Code  Gb  usb_hcd.o [1]
HCD_GetXferCnt          0x0803e0e7      0xc  Code  Gb  usb_hcd.o [1]
HCD_Init                0x0803e045     0x72  Code  Gb  usb_hcd.o [1]
HCD_ResetPort           0x0803e0c7      0xe  Code  Gb  usb_hcd.o [1]
HCD_SubmitRequest       0x0803e0f3     0x28  Code  Gb  usb_hcd.o [1]
HardFault_Handler       0x08046357     0x22  Code  Gb  stm32f4xx_it.o [1]
IWDG_Feed               0x0803aecd      0x8  Code  Gb  bsp_watchdog.o [1]
IWDG_ReloadCounter      0x0803f055      0xa  Code  Gb  stm32f4xx_iwdg.o [1]
InStream_Read           0x08046161     0x22  Code  Lc  packbits_init.o [5]
InitHardUart            0x0803b6f7    0x3ec  Code  Lc  bsp_uart_fifo.o [1]
Init_JINGSHA_GUI        0x08031877    0x116  Code  Gb  bsp_sdwe050c17.o [1]
JingSha_File            0x2001f008     0x58  Data  Gb  protocol.o [1]
LfnBuf                  0x2001e388    0x200  Data  Lc  ff.o [1]
LfnOfs                  0x08046eb0     0x10  Data  Lc  ff.o [1]
LoadInt                 0x0803c9ed     0x6e  Code  Lc  xprintffull_nomb.o [3]
MSCErrorCount           0x2001f4ca      0x1  Data  Gb  usbh_msc_core.o [1]
MSC_Machine             0x2001ef64     0x4c  Data  Gb  usbh_msc_core.o [1]
MSG_DEV_ATTACHED        0x08046c68     0x18  Data  Gb  usbh_usr.o [1]
MSG_DEV_DISCONNECTED    0x08046c80     0x18  Data  Gb  usbh_usr.o [1]
MSG_DEV_ENUMERATED      0x08046a68     0x1c  Data  Gb  usbh_usr.o [1]
MSG_DEV_ERROR           0x08046d5c     0x14  Data  Gb  usbh_usr.o [1]
MSG_DEV_FULLSPEED       0x080468f4     0x20  Data  Gb  usbh_usr.o [1]
MSG_DEV_HIGHSPEED       0x080468d4     0x20  Data  Gb  usbh_usr.o [1]
MSG_DEV_LOWSPEED        0x08046914     0x20  Data  Gb  usbh_usr.o [1]
MSG_HID_CLASS           0x08046a84     0x1c  Data  Gb  usbh_usr.o [1]
MSG_MSC_CLASS           0x08046758     0x24  Data  Gb  usbh_usr.o [1]
MSG_UNREC_ERROR         0x08046aa0     0x1c  Data  Gb  usbh_usr.o [1]
MemManage_Handler       0x08046385      0x2  Code  Gb  stm32f4xx_it.o [1]
MotorProcess            0x2001f0b0     0x40  Data  Gb  page_weimi.o [1]
MotorStepCount          0x08036361     0x68  Code  Gb  page_weimi.o [1]
NMI_Handler             0x08046355      0x2  Code  Gb  stm32f4xx_it.o [1]
NVIC_Init               0x0803de7b     0x6a  Code  Gb  misc.o [1]
NVIC_PriorityGroupConfig
                        0x0803de71      0xa  Code  Gb  misc.o [1]
OTG_FS_IRQHandler       0x08046f31     0x10  Code  Gb  usbh_it.o [1]
PendSV_Handler          0x0803f065           Code  Gb  portasm.o [1]
RCA                     0x2001f3e8      0x4  Data  Lc  bsp_sdio_sd.o [1]
RCC_AHB1PeriphClockCmd  0x0803b53b     0x22  Code  Gb  stm32f4xx_rcc.o [1]
RCC_AHB2PeriphClockCmd  0x0803b55d     0x1e  Code  Gb  stm32f4xx_rcc.o [1]
RCC_APB1PeriphClockCmd  0x0803b57b     0x1e  Code  Gb  stm32f4xx_rcc.o [1]
RCC_APB1PeriphResetCmd  0x0803b5b7     0x1e  Code  Gb  stm32f4xx_rcc.o [1]
RCC_APB2PeriphClockCmd  0x0803b599     0x1e  Code  Gb  stm32f4xx_rcc.o [1]
RCC_APB2PeriphResetCmd  0x0803b5d5     0x1e  Code  Gb  stm32f4xx_rcc.o [1]
RCC_GetClocksFreq       0x0803b439    0x102  Code  Gb  stm32f4xx_rcc.o [1]
RS485_InitTXE           0x0803b6c1     0x36  Code  Gb  bsp_uart_fifo.o [1]
RS485_sendbuf           0x0803bf9d     0x44  Code  Gb  bsp_uart_fifo.o [1]
Region$$Table$$Base     0x080467a0            --   Gb  - Linker created -
Region$$Table$$Limit    0x080467d4            --   Gb  - Linker created -
SDCardInfo              0x2001efb0     0x58  Data  Gb  bsp_sdio_sd.o [1]
SDEnWideBus             0x0804208d    0x198  Code  Lc  bsp_sdio_sd.o [1]
SDIO_ClearFlag          0x080436ed      0x6  Code  Gb  stm32f4xx_sdio.o [1]
SDIO_ClearITPendingBit  0x0804370d      0x6  Code  Gb  stm32f4xx_sdio.o [1]
SDIO_ClockCmd           0x0804361b      0x8  Code  Gb  stm32f4xx_sdio.o [1]
SDIO_CmdInitStructure   0x2001f208     0x14  Data  Gb  bsp_sdio_sd.o [1]
SDIO_DMACmd             0x080436ad      0x8  Code  Gb  stm32f4xx_sdio.o [1]
SDIO_DataConfig         0x08043679     0x2e  Code  Gb  stm32f4xx_sdio.o [1]
SDIO_DataInitStructure  0x2001f1d8     0x18  Data  Gb  bsp_sdio_sd.o [1]
SDIO_DeInit             0x080435d9     0x18  Code  Gb  stm32f4xx_sdio.o [1]
SDIO_GetCommandResponse
                        0x0804365b      0x8  Code  Gb  stm32f4xx_sdio.o [1]
SDIO_GetFlagStatus      0x080436d3     0x1a  Code  Gb  stm32f4xx_sdio.o [1]
SDIO_GetITStatus        0x080436f3     0x1a  Code  Gb  stm32f4xx_sdio.o [1]
SDIO_GetPowerState      0x08043629      0xa  Code  Gb  stm32f4xx_sdio.o [1]
SDIO_GetResponse        0x08043663     0x16  Code  Gb  stm32f4xx_sdio.o [1]
SDIO_IRQHandler         0x08042675      0x8  Code  Gb  bsp_sdio_sd.o [1]
SDIO_ITConfig           0x080436b5     0x1e  Code  Gb  stm32f4xx_sdio.o [1]
SDIO_Init               0x080435f1     0x2a  Code  Gb  stm32f4xx_sdio.o [1]
SDIO_InitStructure      0x2001f1c0     0x18  Data  Gb  bsp_sdio_sd.o [1]
SDIO_Interrupts_Config  0x08042639     0x3c  Code  Gb  bsp_sdio_sd.o [1]
SDIO_ReadData           0x080436a7      0x6  Code  Gb  stm32f4xx_sdio.o [1]
SDIO_SendCommand        0x08043633     0x28  Code  Gb  stm32f4xx_sdio.o [1]
SDIO_SetPowerState      0x08043623      0x6  Code  Gb  stm32f4xx_sdio.o [1]
SDWE_WARNNING           0x08031afd     0x32  Code  Gb  bsp_sdwe050c17.o [1]
SD_Detect               0x08040d31     0x22  Code  Gb  bsp_sdio_sd.o [1]
SD_EnableWideBusOperation
                        0x0804152d     0xc8  Code  Gb  bsp_sdio_sd.o [1]
SD_GetCardInfo          0x08041141    0x3ec  Code  Gb  bsp_sdio_sd.o [1]
SD_GetState             0x08040d07     0x2a  Code  Gb  bsp_sdio_sd.o [1]
SD_GetStatus            0x08040ce5     0x22  Code  Gb  bsp_sdio_sd.o [1]
SD_Init                 0x08040c2d     0xb8  Code  Gb  bsp_sdio_sd.o [1]
SD_InitializeCards      0x08040f9f    0x1a2  Code  Gb  bsp_sdio_sd.o [1]
SD_LowLevel_DMA_RxConfig
                        0x08042583     0x8e  Code  Gb  bsp_sdio_sd.o [1]
SD_LowLevel_DMA_TxConfig
                        0x080424f5     0x8e  Code  Gb  bsp_sdio_sd.o [1]
SD_LowLevel_Init        0x08042431     0xbc  Code  Gb  bsp_sdio_sd.o [1]
SD_PowerON              0x08040d53    0x24c  Code  Gb  bsp_sdio_sd.o [1]
SD_ProcessDMAIRQ        0x08041d71     0x22  Code  Gb  bsp_sdio_sd.o [1]
SD_ProcessIRQSrc        0x08041cc3     0xae  Code  Gb  bsp_sdio_sd.o [1]
SD_ReadBlock            0x0804162d    0x108  Code  Gb  bsp_sdio_sd.o [1]
SD_ReadMultiBlocks      0x08041735    0x134  Code  Gb  bsp_sdio_sd.o [1]
SD_SelectDeselect       0x080415f5     0x38  Code  Gb  bsp_sdio_sd.o [1]
SD_SendStatus           0x08041c55     0x6e  Code  Gb  bsp_sdio_sd.o [1]
SD_StopTransfer         0x08041c0d     0x44  Code  Gb  bsp_sdio_sd.o [1]
SD_WaitReadOperation    0x0804186d     0x96  Code  Gb  bsp_sdio_sd.o [1]
SD_WriteBlock           0x0804190d    0x11e  Code  Gb  bsp_sdio_sd.o [1]
SD_WriteMultiBlocks     0x08041a39    0x1cc  Code  Gb  bsp_sdio_sd.o [1]
SPEED_RADIO             0x080470f0      0xc  Data  Gb  page_weimi.o [1]
SPI1_Init               0x0803c33d     0xc0  Code  Gb  bsp_spi.o [1]
SPI1_ReadWriteByte      0x0803c425     0x32  Code  Gb  bsp_spi.o [1]
SPI1_SetSpeed           0x0803c3fd     0x28  Code  Gb  bsp_spi.o [1]
SPI_Cmd                 0x0803f3a1     0x1c  Code  Gb  stm32f4xx_spi.o [1]
SPI_I2S_GetFlagStatus   0x0803f3bd     0x18  Code  Gb  stm32f4xx_spi.o [1]
SPI_Init                0x0803f361     0x40  Code  Gb  stm32f4xx_spi.o [1]
SRC_Buffer              0x200001f0     0x14  Data  Gb  bsp_servomotor.o [1]
STEP1_PWM_START         0x0803a1fb     0x6c  Code  Gb  bsp_stepmotor.o [1]
STEP2_PWM_START         0x0803a2db     0x72  Code  Gb  bsp_stepmotor.o [1]
STEP3_PWM_START         0x0803a3b9     0x6c  Code  Gb  bsp_stepmotor.o [1]
SVC_Handler             0x0803f0bd           Code  Gb  portasm.o [1]
SYSCFG_EXTILineConfig   0x0803ee0d     0x50  Code  Gb  stm32f4xx_syscfg.o [1]
Sdwe_ClearReadDisk      0x08031bdb     0x20  Code  Gb  bsp_sdwe050c17.o [1]
Sdwe_change_class_time  0x080321ff     0x30  Code  Gb  bsp_sdwe050c17.o [1]
Sdwe_clearString        0x08031b2f     0x54  Code  Gb  bsp_sdwe050c17.o [1]
Sdwe_clear_filename     0x08031c2b     0x60  Code  Gb  bsp_sdwe050c17.o [1]
Sdwe_disDigi            0x080319d7     0xa4  Code  Gb  bsp_sdwe050c17.o [1]
Sdwe_disPicture         0x0803198d     0x4a  Code  Gb  bsp_sdwe050c17.o [1]
Sdwe_disString          0x08031a7b     0x82  Code  Gb  bsp_sdwe050c17.o [1]
Sdwe_hidden_page        0x08032297     0x30  Code  Gb  bsp_sdwe050c17.o [1]
Sdwe_peiliao_page       0x080320a1    0x12a  Code  Gb  bsp_sdwe050c17.o [1]
Sdwe_period_page        0x0803222f     0x68  Code  Gb  bsp_sdwe050c17.o [1]
Sdwe_product_page       0x08031ec7    0x1d2  Code  Gb  bsp_sdwe050c17.o [1]
Sdwe_ratio_display      0x080321cb     0x22  Code  Gb  bsp_sdwe050c17.o [1]
Sdwe_readRTC            0x08031bfb     0x30  Code  Gb  bsp_sdwe050c17.o [1]
Sdwe_refresh_allname    0x08031e7f     0x48  Code  Gb  bsp_sdwe050c17.o [1]
Sdwe_refresh_filename   0x08031c8b    0x1f4  Code  Gb  bsp_sdwe050c17.o [1]
Sdwe_sevro_pulse_display
                        0x080321ed     0x12  Code  Gb  bsp_sdwe050c17.o [1]
Sdwe_stop_page          0x080322c7    0x384  Code  Gb  bsp_sdwe050c17.o [1]
Sdwe_writeIcon          0x08031b83     0x58  Code  Gb  bsp_sdwe050c17.o [1]
ServoMotorRunning       0x08036b13     0x3a  Code  Gb  bsp_servomotor.o [1]
SetSysClock             0x08045d5f     0xce  Code  Lc  system_stm32f4xx.o [1]
SlavePara               0x2001ecc8     0xa4  Data  Gb  protocol.o [1]
StepMotor_adjust_speed  0x0803a425     0x4e  Code  Gb  bsp_stepmotor.o [1]
StepMotor_start         0x0803a4af     0x38  Code  Gb  bsp_stepmotor.o [1]
StepMotor_stop          0x0803a473     0x3c  Code  Gb  bsp_stepmotor.o [1]
StopCondition           0x2001f3ec      0x4  Data  Gb  bsp_sdio_sd.o [1]
SysTick_Handler         0x0803b05b     0x2c  Code  Gb  port.o [1]
SystemCoreClock         0x20000234      0x4  Data  Gb  system_stm32f4xx.o [1]
SystemInit              0x08045d0d     0x52  Code  Gb  system_stm32f4xx.o [1]
TI1_Config              0x0803da57     0x38  Code  Lc  stm32f4xx_tim.o [1]
TI2_Config              0x0803da8f     0x42  Code  Lc  stm32f4xx_tim.o [1]
TI3_Config              0x0803dad1     0x40  Code  Lc  stm32f4xx_tim.o [1]
TI4_Config              0x0803db11     0x42  Code  Lc  stm32f4xx_tim.o [1]
TIM1_PWM_SETPMOTOR      0x0803a267     0x74  Code  Gb  bsp_stepmotor.o [1]
TIM2_IRQHandler         0x0803c279     0xac  Code  Gb  bsp_timer.o [1]
TIM3_PWM_SETPMOTOR      0x0803a18f     0x6c  Code  Gb  bsp_stepmotor.o [1]
TIM4_CH1_ConfigPwmOut   0x0803682d     0x1c  Code  Gb  bsp_servomotor.o [1]
TIM4_CH1_GPIO_Configuration
                        0x080368b7     0x6a  Code  Gb  bsp_servomotor.o [1]
TIM4_CH1_PWMDMA_Config  0x08036a35     0xb0  Code  Gb  bsp_servomotor.o [1]
TIM4_CH1_StartPwmOut    0x08036849     0x36  Code  Gb  bsp_servomotor.o [1]
TIM4_CH1_StopPwmOut     0x0803687f     0x38  Code  Gb  bsp_servomotor.o [1]
TIM4_CH2_StopPwmOut     0x08036ae5     0x2e  Code  Gb  bsp_servomotor.o [1]
TIM4_MANUAL_PWM_Config  0x080369b1     0x78  Code  Gb  bsp_servomotor.o [1]
TIM4_MANUAL_PWM_Stop    0x08036a29      0xc  Code  Gb  bsp_servomotor.o [1]
TIM4_PWM_Config         0x08036921     0x90  Code  Gb  bsp_servomotor.o [1]
TIM5_PWM_SETPMOTOR      0x0803a34d     0x6c  Code  Gb  bsp_stepmotor.o [1]
TIM6_DAC_IRQHandler     0x08046501     0x22  Code  Gb  SysInfoTest.o [1]
TIM8_UP_TIM13_IRQHandler
                        0x0803a73f     0x58  Code  Gb  encoder_tim.o [1]
TIM_ARRPreloadConfig    0x0803d65b     0x1c  Code  Gb  stm32f4xx_tim.o [1]
TIM_CallBack1           0x08030a99     0xf2  Code  Gb  apptask.o [1]
TIM_ClearFlag           0x0803d9c1      0x8  Code  Gb  stm32f4xx_tim.o [1]
TIM_ClearITPendingBit   0x0803d9fb      0x8  Code  Gb  stm32f4xx_tim.o [1]
TIM_Cmd                 0x0803d677     0x1c  Code  Gb  stm32f4xx_tim.o [1]
TIM_CtrlPWMOutputs      0x0803d989     0x22  Code  Gb  stm32f4xx_tim.o [1]
TIM_DMACmd              0x0803da03     0x16  Code  Gb  stm32f4xx_tim.o [1]
TIM_DeInit              0x0803d45d    0x17c  Code  Gb  stm32f4xx_tim.o [1]
TIM_EncoderInterfaceConfig
                        0x0803da19     0x3e  Code  Gb  stm32f4xx_tim.o [1]
TIM_GetITStatus         0x0803d9c9     0x32  Code  Gb  stm32f4xx_tim.o [1]
TIM_ICInit              0x0803d8b7     0x70  Code  Gb  stm32f4xx_tim.o [1]
TIM_ICStructInit        0x0803d927     0x16  Code  Gb  stm32f4xx_tim.o [1]
TIM_ITConfig            0x0803d9ab     0x16  Code  Gb  stm32f4xx_tim.o [1]
TIM_OC1Init             0x0803d693     0x7e  Code  Gb  stm32f4xx_tim.o [1]
TIM_OC1PreloadConfig    0x0803d87f     0x12  Code  Gb  stm32f4xx_tim.o [1]
TIM_OC2Init             0x0803d711     0x8c  Code  Gb  stm32f4xx_tim.o [1]
TIM_OC2PreloadConfig    0x0803d891     0x14  Code  Gb  stm32f4xx_tim.o [1]
TIM_OC3Init             0x0803d79d     0x8a  Code  Gb  stm32f4xx_tim.o [1]
TIM_OC3PreloadConfig    0x0803d8a5     0x12  Code  Gb  stm32f4xx_tim.o [1]
TIM_OCStructInit        0x0803d85d     0x22  Code  Gb  stm32f4xx_tim.o [1]
TIM_SetIC1Prescaler     0x0803d93d     0x12  Code  Gb  stm32f4xx_tim.o [1]
TIM_SetIC2Prescaler     0x0803d94f     0x14  Code  Gb  stm32f4xx_tim.o [1]
TIM_SetIC3Prescaler     0x0803d963     0x12  Code  Gb  stm32f4xx_tim.o [1]
TIM_SetIC4Prescaler     0x0803d975     0x14  Code  Gb  stm32f4xx_tim.o [1]
TIM_TimeBaseInit        0x0803d5d9     0x6a  Code  Gb  stm32f4xx_tim.o [1]
TIM_TimeBaseStructInit  0x0803d643     0x18  Code  Gb  stm32f4xx_tim.o [1]
Task_iwdg_refresh       0x08030edd     0x8a  Code  Gb  apptask.o [1]
TransferEnd             0x2001f3f0      0x4  Data  Gb  bsp_sdio_sd.o [1]
TransferError           0x2001f4b9      0x1  Data  Gb  bsp_sdio_sd.o [1]
UART1ToPC               0x0803bf3d     0x30  Code  Gb  bsp_uart_fifo.o [1]
UART2ToPC               0x0803bf6d     0x30  Code  Gb  bsp_uart_fifo.o [1]
UART2_RX_BUF            0x2001ef00     0x64  Data  Gb  bsp_uart_fifo.o [1]
UART3ToPC               0x0803bfe1     0x30  Code  Gb  bsp_uart_fifo.o [1]
UART3_RX_BUF            0x2001dfa0    0x3e8  Data  Gb  bsp_uart_fifo.o [1]
UART4ToPC               0x0803c013     0x3c  Code  Gb  bsp_uart_fifo.o [1]
UART4_IRQHandler        0x0803be4f     0x84  Code  Gb  bsp_uart_fifo.o [1]
UART4_RX_BUF            0x2001ee9c     0x64  Data  Gb  bsp_uart_fifo.o [1]
UART5ToPC               0x0803c04f     0x3c  Code  Gb  bsp_uart_fifo.o [1]
UART5_IRQHandler        0x0803bed3     0x6a  Code  Gb  bsp_uart_fifo.o [1]
USART1_IRQHandler       0x0803bcc7     0x24  Code  Gb  bsp_uart_fifo.o [1]
USART2_IRQHandler       0x0803bceb     0x82  Code  Gb  bsp_uart_fifo.o [1]
[...]
get_songwei1_maxseg     0x080365ff     0x46  Code  Gb  page_weimi.o [1]
get_songwei2_maxseg     0x08036645     0x46  Code  Gb  page_weimi.o [1]
get_valid_length        0x08032e05     0x26  Code  Gb  bsp_sdwe050c17.o [1]
get_valid_seg           0x0803657d     0x3c  Code  Gb  page_weimi.o [1]
get_weimi_para          0x080364a9     0xae  Code  Gb  page_weimi.o [1]
hEncoder_Timer_Overflow
                        0x2001f49e      0x2  Data  Gb  encoder_tim.o [1]
hPrevious_angle         0x2001f49c      0x2  Data  Gb  encoder_tim.o [1]
hSpeed_Buffer           0x2001f1f0     0x18  Data  Gb  encoder_tim.o [1]
hex_to_decimal          0x08032e2b     0x26  Code  Gb  bsp_sdwe050c17.o [1]
idwgEventGroup          0x2001f3c4      0x4  Data  Gb  apptask.o [1]
inc_card_type           0x0803324f    0x11c  Code  Gb  product_cal.o [1]
inc_lock                0x080375d7     0xe8  Code  Lc  ff.o [1]
init_jingsha_para       0x08039f45     0x38  Code  Gb  protocol.o [1]
init_peiliao_para       0x08032eff     0x4a  Code  Gb  product_cal.o [1]
init_product_para       0x08032e51     0xae  Code  Gb  product_cal.o [1]
init_weimi_para         0x080363c9     0xe0  Code  Gb  page_weimi.o [1]
input_password_buf      0x2001f348      0xc  Data  Gb  protocol.o [1]
input_password_len      0x2001f4c6      0x1  Data  Gb  protocol.o [1]
isDevicePeriod          0x2001f4b4      0x1  Data  Gb  apptask.o [1]
isWork                  0x2001f4ad      0x1  Data  Gb  apptask.o [1]
is_same_data            0x08033141     0x2a  Code  Gb  product_cal.o [1]
is_stop                 0x2001f4bf      0x1  Data  Gb  page_weimi.o [1]
isalpha                 0x080431f3     0x14  Code  Gb  isxxx.o [3]
isspace                 0x08043207     0x14  Code  Gb  isxxx.o [3]
lcd_busy                0x2001f4ba      0x1  Data  Gb  bsp_sdwe050c17.o [1]
lcd_rev_buf             0x2001f0f0     0x34  Data  Gb  bsp_sdwe050c17.o [1]
lcd_rev_len             0x2001f49a      0x2  Data  Gb  bsp_sdwe050c17.o [1]
ld_clust                0x08037f01     0x28  Code  Lc  ff.o [1]
localeconv              0x0803f637     0x16  Code  Gb  localeconv.o [3]
m_ctrl_dev              0x2001f374      0x8  Data  Gb  modbus.o [1]
main                    0x0804644d     0x30  Code  Gb  main.o [1]
mallco_dev              0x200001d4     0x1c  Data  Gb  malloc.o [1]
max_seg                 0x2001f4c0      0x1  Data  Gb  page_weimi.o [1]
mb_init                 0x08039d7d     0x30  Code  Gb  modbus.o [1]
mb_packsend_frame       0x08039c8b     0xf2  Code  Gb  modbus.o [1]
mb_unpack_frame         0x08039b49    0x142  Code  Gb  modbus.o [1]
mc_check_crc16          0x0803ed95     0x40  Code  Gb  mcheck.o [1]
mc_check_crc8           0x0803ed71     0x24  Code  Gb  mcheck.o [1]
mc_check_sum            0x0803ed29     0x2e  Code  Gb  mcheck.o [1]
mc_check_xor            0x0803ed57     0x1a  Code  Gb  mcheck.o [1]
mem1base                0x20011a48   0xa000  Data  Gb  malloc.o [1]
mem1mapbase             0x2001ca48    0xa00  Data  Gb  malloc.o [1]
mem2base                0x68000000  0xf0000  Data  Gb  malloc.o [1]
mem2mapbase             0x680f0000   0xf000  Data  Gb  malloc.o [1]
mem_cmp                 0x080374e3     0x24  Code  Lc  ff.o [1]
mem_cpy                 0x080374b1     0x1c  Code  Lc  ff.o [1]
mem_set                 0x080374cd     0x16  Code  Lc  ff.o [1]
memblksize              0x080471d4      0x8  Data  Gb  malloc.o [1]
memchr                  0x0803f3ed           Code  Gb  memchr.o [5]
memsize                 0x080471dc      0x8  Data  Gb  malloc.o [1]
memtblsize              0x080471cc      0x8  Data  Gb  malloc.o [1]
modbus_send_frame       0x08039dad     0xe6  Code  Gb  modbus.o [1]
move_window             0x080377a5     0x40  Code  Lc  ff.o [1]
my_mem_free             0x080346f7     0x6c  Code  Gb  malloc.o [1]
my_mem_init             0x080345bb     0x42  Code  Gb  malloc.o [1]
my_mem_malloc           0x0803463b     0xbc  Code  Gb  malloc.o [1]
my_mem_perused          0x080345fd     0x3e  Code  Gb  malloc.o [1]
myfree                  0x08034763     0x24  Code  Gb  malloc.o [1]
mymalloc                0x08034787     0x2a  Code  Gb  malloc.o [1]
mymemset                0x080345a5     0x16  Code  Gb  malloc.o [1]
ndigs                   0x08043448     0x28  Data  Lc  xstoull.o [3]
obuf                    0x2001f060     0x50  Data  Lc  xfiles.o [3]
oem2uni                 0x0801560c  0x15484  Data  Lc  cc936.o [1]
old_card_record         0x2001f4b2      0x1  Data  Gb  apptask.o [1]
old_isWork              0x2001f4ae      0x1  Data  Gb  apptask.o [1]
old_is_stop             0x20000244      0x1  Data  Gb  page_weimi.o [1]
old_plan_complete       0x2001f4c5      0x1  Data  Gb  product_cal.o [1]
old_system_state        0x20000242      0x1  Data  Gb  apptask.o [1]
old_usb_disk_flag       0x2001f4b0      0x1  Data  Gb  apptask.o [1]
para_init               0x080353ff     0x80  Code  Gb  para.o [1]
pcInterruptPriorityRegisters
                        0x080472a0      0x4  Data  Lc  port.o [1]
peiliao_para            0x2001f124     0x30  Data  Gb  product_cal.o [1]
pick_lfn                0x08037ff7     0x8c  Code  Lc  ff.o [1]
plan_complete           0x2001f4c4      0x1  Data  Gb  product_cal.o [1]
pluse_count             0x2001f492      0x2  Data  Gb  apptask.o [1]
pluse_step_src          0x2001f324      0xc  Data  Gb  apptask.o [1]
pows                    0x08043c78     0x48  Data  Lc  xdtento.o [4]
printf                  0x080344c5     0x24  Code  Gb  printf.o [3]
product_complete_kilo   0x08032feb     0x74  Code  Gb  product_cal.o [1]
product_complete_meter  0x08032fcf     0x1c  Code  Gb  product_cal.o [1]
product_para            0x2001f154     0x28  Data  Gb  product_cal.o [1]
product_per_meter       0x08032f49     0x74  Code  Gb  product_cal.o [1]
prvAddCurrentTaskToDelayedList
                        0x08033f65     0x48  Code  Lc  tasks.o [1]
prvAllocateTCBAndStack  0x08033fad     0x5a  Code  Lc  tasks.o [1]
prvCheckForValidListAndQueue
                        0x0803ae5b     0x52  Code  Lc  timers.o [1]
prvCheckTasksWaitingTermination
                        0x08033efb     0x66  Code  Lc  tasks.o [1]
prvCopyDataFromQueue    0x08031711     0x30  Code  Lc  queue.o [1]
prvCopyDataToQueue      0x0803168d     0x84  Code  Lc  queue.o [1]
prvDeleteTCB            0x08034007     0x12  Code  Lc  tasks.o [1]
prvGetNextExpireTime    0x0803ac47     0x2e  Code  Lc  timers.o [1]
prvHeapInit             0x0803b349     0x6e  Code  Lc  heap_4.o [1]
prvIdleTask             0x08033e15     0x26  Code  Lc  tasks.o [1]
prvInitialiseTCBVariables
                        0x08033e3b     0x6a  Code  Lc  tasks.o [1]
prvInitialiseTaskLists  0x08033ea5     0x56  Code  Lc  tasks.o [1]
prvInsertBlockIntoFreeList
                        0x0803b3b7     0x62  Code  Lc  heap_4.o [1]
prvInsertTimerInActiveList
                        0x0803ac9d     0x50  Code  Lc  timers.o [1]
prvIsQueueEmpty         0x080317ab     0x20  Code  Lc  queue.o [1]
prvIsQueueFull          0x080317cb     0x22  Code  Lc  queue.o [1]
prvProcessExpiredTimer  0x0803ab5f     0x5c  Code  Lc  timers.o [1]
prvProcessReceivedCommands
                        0x0803aced     0xde  Code  Lc  timers.o [1]
prvProcessTimerOrBlockTask
                        0x0803abd7     0x70  Code  Lc  timers.o [1]
prvResetNextTaskUnblockTime
                        0x08034019     0x26  Code  Lc  tasks.o [1]
prvSampleTimeNow        0x0803ac75     0x28  Code  Lc  timers.o [1]
prvSwitchTimerLists     0x0803adcb     0x90  Code  Lc  timers.o [1]
prvTaskExitError        0x0803aef9     0x2a  Code  Lc  port.o [1]
prvTestWaitCondition    0x0803aa03     0x24  Code  Lc  event_groups.o [1]
prvTimerTask            0x0803abbd     0x1a  Code  Lc  timers.o [1]
prvUnlockQueue          0x08031741     0x6a  Code  Lc  queue.o [1]
put_fat                 0x080379f3    0x16c  Code  Gb  ff.o [1]
putchar                 0x08046cb1      0xc  Code  Gb  putchar.o [3]
pvPortMalloc            0x0803b1b9    0x118  Code  Gb  heap_4.o [1]
pxCurrentTCB            0x2001f430      0x4  Data  Gb  tasks.o [1]
pxCurrentTimerList      0x2001f470      0x4  Data  Lc  timers.o [1]
pxDelayedTaskList       0x2001f434      0x4  Data  Lc  tasks.o [1]
pxEnd                   0x2001f408      0x4  Data  Lc  heap_4.o [1]
pxOverflowDelayedTaskList
                        0x2001f438      0x4  Data  Lc  tasks.o [1]
pxOverflowTimerList     0x2001f474      0x4  Data  Lc  timers.o [1]
pxPortInitialiseStack   0x0803aed5     0x24  Code  Gb  port.o [1]
pxReadyTasksLists       0x2001e988    0x140  Data  Lc  tasks.o [1]
rc522_cmd_anticoll      0x08039aed     0x5a  Code  Gb  rc522.o [1]
rc522_cmd_request       0x08039a99     0x54  Code  Gb  rc522.o [1]
readDisk                0x2001f4b5      0x1  Data  Gb  apptask.o [1]
readFilenum             0x2001f4b6      0x1  Data  Gb  apptask.o [1]
readSlave               0x2001f318      0xc  Data  Gb  apptask.o [1]
read_device_info        0x08034f21    0x2b4  Code  Gb  para.o [1]
read_file_select        0x2001f360      0xc  Data  Gb  protocol.o [1]
read_from_disk          0x080354b9    0xd04  Code  Gb  para.o [1]
remove_chain            0x08037b5f     0x76  Code  Lc  ff.o [1]
rfid_rev_buf            0x2001f21c     0x14  Data  Gb  rc522.o [1]
rfid_rev_cnt            0x2001f4c8      0x1  Data  Gb  rc522.o [1]
rfid_rev_flag           0x2001f4c7      0x1  Data  Gb  rc522.o [1]
rtc_time                0x2001f37c      0x8  Data  Gb  protocol.o [1]
s_TIM_CallBack1         0x2001f3f8      0x4  Data  Lc  bsp_timer.o [1]
s_TIM_CallBack2         0x2001f3fc      0x4  Data  Lc  bsp_timer.o [1]
s_TIM_CallBack3         0x2001f400      0x4  Data  Lc  bsp_timer.o [1]
s_TIM_CallBack4         0x2001f404      0x4  Data  Lc  bsp_timer.o [1]
sample_time             0x2001f490      0x2  Data  Gb  apptask.o [1]
sdew_weimi_page1        0x08032675    0x302  Code  Gb  bsp_sdwe050c17.o [1]
sdew_weimi_page2        0x08032981    0x25e  Code  Gb  bsp_sdwe050c17.o [1]
sdew_weisha_page1       0x08032be5    0x100  Code  Gb  bsp_sdwe050c17.o [1]
sdew_weisha_page2       0x08032ced    0x100  Code  Gb  bsp_sdwe050c17.o [1]
servomotor_guodu        0x2001f4bd      0x1  Data  Gb  page_weimi.o [1]
servomotor_mode         0x2001f4be      0x1  Data  Gb  page_weimi.o [1]
servomotor_step         0x2001f4a4      0x2  Data  Gb  page_weimi.o [1]
slave_info              0x2001f30c      0xc  Data  Gb  apptask.o [1]
speed_diff              0x2001f330      0xc  Data  Gb  apptask.o [1]
speed_zhu               0x2001f4a2      0x2  Data  Gb  page_weimi.o [1]
sprintf                 0x08039949     0x34  Code  Gb  sprintf.o [3]
sscanf                  0x0803d3bd     0x24  Code  Gb  sscanf.o [3]
st_clust                0x08037f29     0x18  Code  Lc  ff.o [1]
stepmotor_guodu         0x2001f418      0x4  Data  Gb  page_weimi.o [1]
strcat                  0x0803997d     0x1c  Code  Gb  strcat.o [3]
strchr                  0x0803f3d5           Code  Gb  strchr.o [5]
strlen                  0x08034dbd           Code  Gb  strlen.o [5]
strstr                  0x08039f85     0x10  Code  Gb  para.o [1]
sum_sfn                 0x080381fd     0x20  Code  Lc  ff.o [1]
symbol                  0x2001f3dc      0x4  Data  Gb  apptask.o [1]
sync_fs                 0x080377e5     0xd8  Code  Lc  ff.o [1]
sync_window             0x0803774b     0x5a  Code  Lc  ff.o [1]
system_state_dis        0x08045b7c    0x190  Data  Gb  product_cal.o [1]
tolower                 0x080437a5     0x14  Code  Gb  tolower.o [3]
total_meter_gross       0x2001f424      0x4  Data  Gb  product_cal.o [1]
total_weight_gross      0x2001f428      0x4  Data  Gb  product_cal.o [1]
ucHeap                  0x20000248  0x11800  Data  Lc  heap_4.o [1]
ucMaxSysCallPriority    0x2001f4c3      0x1  Data  Lc  port.o [1]
ulHighFrequencyTimerTicks
                        0x2001f42c      0x4  Data  Gb  SysInfoTest.o [1]
ulMaxPRIGROUPValue      0x2001f420      0x4  Data  Lc  port.o [1]
ulTaskSwitchedInTime    0x2001f468      0x4  Data  Lc  tasks.o [1]
ulTotalRunTime          0x2001f46c      0x4  Data  Lc  tasks.o [1]
uni2oem                 0x08000188  0x15484  Data  Lc  cc936.o [1]
usb_disk_flag           0x2001f4af      0x1  Data  Gb  apptask.o [1]
usbh_OpenMassStorage    0x08036bad     0x14  Code  Gb  usbh_usr.o [1]
uxCriticalNesting       0x20000230      0x4  Data  Lc  port.o [1]
uxCurrentNumberOfTasks  0x2001f440      0x4  Data  Lc  tasks.o [1]
uxListRemove            0x0803b191     0x28  Code  Gb  list.o [1]
uxPendedTicks           0x2001f450      0x4  Data  Lc  tasks.o [1]
uxSchedulerSuspended    0x2001f464      0x4  Data  Lc  tasks.o [1]
uxTaskNumber            0x2001f45c      0x4  Data  Lc  tasks.o [1]
uxTaskResetEventItemValue
                        0x08034079     0x20  Code  Gb  tasks.o [1]
uxTasksDeleted          0x2001f43c      0x4  Data  Lc  tasks.o [1]
uxTopReadyPriority      0x2001f448      0x4  Data  Lc  tasks.o [1]
vListInitialise         0x0803b121     0x1e  Code  Gb  list.o [1]
vListInsert             0x0803b157     0x3a  Code  Gb  list.o [1]
vListInsertEnd          0x0803b13f     0x18  Code  Gb  list.o [1]
vPortEnableVFP          0x0803f0f1           Code  Gb  portasm.o [1]
vPortEnterCritical      0x0803afef     0x3a  Code  Gb  port.o [1]
vPortExitCritical       0x0803b029     0x32  Code  Gb  port.o [1]
vPortFree               0x0803b2d1     0x78  Code  Gb  heap_4.o [1]
vPortSetupTimerInterrupt
                        0x0803b087      0xe  Code  Wk  port.o [1]
vPortStartFirstTask     0x0803f0d9           Code  Gb  portasm.o [1]
vPortValidateInterruptPriority
                        0x0803b095     0x4e  Code  Gb  port.o [1]
vQueueWaitForMessageRestricted
                        0x080317ed     0x44  Code  Gb  queue.o [1]
vTaskDelay              0x08033671     0x84  Code  Gb  tasks.o [1]
vTaskDelayUntil         0x08033591     0xe0  Code  Gb  tasks.o [1]
vTaskFreq               0x080302b9    0x4b2  Code  Lc  apptask.o [1]
vTaskManageCapacity     0x0802eeed    0x526  Code  Gb  apptask.o [1]
vTaskMassStorage        0x0802dc71    0x5ae  Code  Lc  apptask.o [1]
vTaskMissedYield        0x08033e0b      0xa  Code  Gb  tasks.o [1]
vTaskMotorControl       0x0802f4c5    0xdc8  Code  Lc  apptask.o [1]
vTaskMsgPro             0x0802e6c1    0x434  Code  Lc  apptask.o [1]
vTaskPlaceOnEventList   0x08033a71     0x74  Code  Gb  tasks.o [1]
vTaskPlaceOnEventListRestricted
                        0x08033ba9     0x80  Code  Gb  tasks.o [1]
vTaskPlaceOnUnorderedEventList
                        0x08033b01     0xa8  Code  Gb  tasks.o [1]
vTaskReadDisk           0x0802ec29    0x272  Code  Lc  apptask.o [1]
vTaskRev485             0x0802eb21     0xba  Code  Lc  apptask.o [1]
vTaskSetTimeOutState    0x08033d55     0x26  Code  Gb  tasks.o [1]
vTaskStartScheduler     0x080336f5     0x7e  Code  Gb  tasks.o [1]
vTaskSuspendAll         0x08033773     0x10  Code  Gb  tasks.o [1]
vTaskSwitchContext      0x080339c1     0xb0  Code  Gb  tasks.o [1]
vTaskTaskLCD            0x0802aa91   0x3190  Code  Gb  apptask.o [1]
vTaskTaskLED            0x0802e249     0x20  Code  Lc  apptask.o [1]
vTaskTaskRFID           0x0802e269    0x3f6  Code  Lc  apptask.o [1]
valid_seg               0x2001f41c      0x4  Data  Gb  page_weimi.o [1]
validate                0x08038fa3     0x36  Code  Lc  ff.o [1]
weimi_para              0x2001eac8    0x12c  Data  Gb  page_weimi.o [1]
work_idle_time          0x2001f4a6      0x2  Data  Gb  product_cal.o [1]
xActiveTimerList1       0x2001f294     0x14  Data  Lc  timers.o [1]
xActiveTimerList2       0x2001f2a8     0x14  Data  Lc  timers.o [1]
xBlockAllocatedBit      0x2001f414      0x4  Data  Lc  heap_4.o [1]
xDelayedTaskList1       0x2001f230     0x14  Data  Lc  tasks.o [1]
xDelayedTaskList2       0x2001f244     0x14  Data  Lc  tasks.o [1]
xEventGroupCreate       0x0803a7c5     0x1c  Code  Gb  event_groups.o [1]
xEventGroupSetBits      0x0803a92d     0xd6  Code  Gb  event_groups.o [1]
xEventGroupWaitBits     0x0803a7e1    0x146  Code  Gb  event_groups.o [1]
xFreeBytesRemaining     0x2001f40c      0x4  Data  Lc  heap_4.o [1]
xHandleTaskFreq         0x2001f3a8      0x4  Data  Gb  apptask.o [1]
xHandleTaskLCD          0x2001f384      0x4  Data  Gb  apptask.o [1]
xHandleTaskLED          0x2001f388      0x4  Data  Gb  apptask.o [1]
xHandleTaskManageCapacity
                        0x2001f3a0      0x4  Data  Gb  apptask.o [1]
xHandleTaskMassStorage  0x2001f390      0x4  Data  Gb  apptask.o [1]
xHandleTaskMotorControl
                        0x2001f3a4      0x4  Data  Gb  apptask.o [1]
xHandleTaskMsgPro       0x2001f398      0x4  Data  Gb  apptask.o [1]
xHandleTaskRFID         0x2001f38c      0x4  Data  Gb  apptask.o [1]
xHandleTaskReadDisk     0x2001f394      0x4  Data  Gb  apptask.o [1]
xHandleTaskRev485       0x2001f39c      0x4  Data  Gb  apptask.o [1]
xHeapStructSize         0x0804729c      0x4  Data  Lc  heap_4.o [1]
xMinimumEverFreeBytesRemaining
                        0x2001f410      0x4  Data  Lc  heap_4.o [1]
xNextTaskUnblockTime    0x2001f460      0x4  Data  Lc  tasks.o [1]
xNumOfOverflows         0x2001f458      0x4  Data  Lc  tasks.o [1]
xPendingReadyList       0x2001f258     0x14  Data  Lc  tasks.o [1]
xPortStartScheduler     0x0803af23     0xcc  Code  Gb  port.o [1]
xQueueGenericCreate     0x080310f9     0x7e  Code  Gb  queue.o [1]
xQueueGenericReceive    0x080314ed    0x19c  Code  Gb  queue.o [1]
xQueueGenericReset      0x08031069     0x90  Code  Gb  queue.o [1]
xQueueGenericSend       0x08031177    0x1b2  Code  Gb  queue.o [1]
xQueueGenericSendFromISR
                        0x08031329     0xec  Code  Gb  queue.o [1]
xQueueGiveFromISR       0x08031415     0xd8  Code  Gb  queue.o [1]
xQueue_MQTT_Recv        0x2001f3cc      0x4  Data  Gb  apptask.o [1]
xQueue_MQTT_Transmit    0x2001f3d0      0x4  Data  Gb  apptask.o [1]
xQueue_esp8266_Cmd      0x2001f3d4      0x4  Data  Gb  apptask.o [1]
xQueue_message          0x2001f3d8      0x4  Data  Gb  apptask.o [1]
xSchedulerRunning       0x2001f44c      0x4  Data  Lc  tasks.o [1]
xSemaphore_download     0x2001f3bc      0x4  Data  Gb  apptask.o [1]
xSemaphore_encoder      0x2001f3b8      0x4  Data  Gb  apptask.o [1]
xSemaphore_lcd          0x2001f3ac      0x4  Data  Gb  apptask.o [1]
xSemaphore_pluse        0x2001f3b4      0x4  Data  Gb  apptask.o [1]
xSemaphore_readDisk     0x2001f3c0      0x4  Data  Gb  apptask.o [1]
xSemaphore_rs485        0x2001f3b0      0x4  Data  Gb  apptask.o [1]
xStart                  0x2001f36c      0x8  Data  Lc  heap_4.o [1]
xSuspendedTaskList      0x2001f280     0x14  Data  Lc  tasks.o [1]
xTaskCheckForTimeOut    0x08033d81     0x8a  Code  Gb  tasks.o [1]
xTaskGenericCreate      0x0803340d    0x184  Code  Gb  tasks.o [1]
xTaskGetSchedulerState  0x0803403f     0x26  Code  Gb  tasks.o [1]
xTaskGetTickCount       0x08033883      0xa  Code  Gb  tasks.o [1]
xTaskIncrementTick      0x0803388d    0x134  Code  Gb  tasks.o [1]
xTaskRemoveFromEventList
                        0x08033c2d     0x8e  Code  Gb  tasks.o [1]
xTaskRemoveFromUnorderedEventList
                        0x08033cc1     0x94  Code  Gb  tasks.o [1]
xTaskResumeAll          0x08033783    0x100  Code  Gb  tasks.o [1]
xTasksWaitingTermination
                        0x2001f26c     0x14  Data  Lc  tasks.o [1]
xTickCount              0x2001f444      0x4  Data  Lc  tasks.o [1]
xTimerCreate            0x0803aa79     0x62  Code  Gb  timers.o [1]
xTimerCreateTimerTask   0x0803aa29     0x50  Code  Gb  timers.o [1]
xTimerGenericCommand    0x0803aadb     0x84  Code  Gb  timers.o [1]
xTimerQueue             0x2001f478      0x4  Data  Lc  timers.o [1]
xTimerUser              0x2001f3c8      0x4  Data  Gb  apptask.o [1]
xYieldPending           0x2001f454      0x4  Data  Lc  tasks.o [1]


[1] = E:\work\YarnControl_Driver\src\stm32f4_rtos\Project\EWARMv7\Flash\Obj
[2] = command line
[3] = dl7M_tlf.a
[4] = m7M_tls.a
[5] = rt7M_tl.a
[6] = shb_l.a

  109 574 bytes of readonly  code memory
  182 483 bytes of readonly  data memory
  130 766 bytes of readwrite data memory (+ 1 044 480 absolute)

Errors: none
Warnings: none
