###############################################################################
#
# IAR ELF Linker V7.40.7.9843/W32 for ARM                 22/Mar/2019  01:28:40
# Copyright 2007-2015 IAR Systems AB.
#
#    Output file  =  
#        E:\work\YarnControl_Driver\src\stm32f4_rtos\Project\EWARMv7\Flash\Exe\project.out
#    Map file     =  
#        E:\work\YarnControl_Driver\src\stm32f4_rtos\Project\EWARMv7\Flash\List\project.map
#    Command line =  
#        E:\work\YarnControl_Driver\src\stm32f4_rtos\Project\EWARMv7\Flash\Obj\apptask.o
#        E:\work\YarnControl_Driver\src\stm32f4_rtos\Project\EWARMv7\Flash\Obj\bsp.o
#        E:\work\YarnControl_Driver\src\stm32f4_rtos\Project\EWARMv7\Flash\Obj\bsp_closeSW.o
#        E:\work\YarnControl_Driver\src\stm32f4_rtos\Project\EWARMv7\Flash\Obj\bsp_dwt.o
#        E:\work\YarnControl_Driver\src\stm32f4_rtos\Project\EWARMv7\Flash\Obj\bsp_led.o
#        E:\work\YarnControl_Driver\src\stm32f4_rtos\Project\EWARMv7\Flash\Obj\bsp_relay.o
#        E:\work\YarnControl_Driver\src\stm32f4_rtos\Project\EWARMv7\Flash\Obj\bsp_sdio_sd.o
#        E:\work\YarnControl_Driver\src\stm32f4_rtos\Project\EWARMv7\Flash\Obj\bsp_sdwe050c17.o
#        E:\work\YarnControl_Driver\src\stm32f4_rtos\Project\EWARMv7\Flash\Obj\bsp_servomotor.o
#        E:\work\YarnControl_Driver\src\stm32f4_rtos\Project\EWARMv7\Flash\Obj\bsp_spi.o
#        E:\work\YarnControl_Driver\src\stm32f4_rtos\Project\EWARMv7\Flash\Obj\bsp_stepmotor.o
#        E:\work\YarnControl_Driver\src\stm32f4_rtos\Project\EWARMv7\Flash\Obj\bsp_sw_onoff.o
#        E:\work\YarnControl_Driver\src\stm32f4_rtos\Project\EWARMv7\Flash\Obj\bsp_tim_pwm.o
#        E:\work\YarnControl_Driver\src\stm32f4_rtos\Project\EWARMv7\Flash\Obj\bsp_timer.o
#        E:\work\YarnControl_Driver\src\stm32f4_rtos\Project\EWARMv7\Flash\Obj\bsp_uart_fifo.o
#        E:\work\YarnControl_Driver\src\stm32f4_rtos\Project\EWARMv7\Flash\Obj\bsp_w25qxx.o
#        E:\work\YarnControl_Driver\src\stm32f4_rtos\Project\EWARMv7\Flash\Obj\bsp_watchdog.o
#        E:\work\YarnControl_Driver\src\stm32f4_rtos\Project\EWARMv7\Flash\Obj\cc936.o
#        E:\work\YarnControl_Driver\src\stm32f4_rtos\Project\EWARMv7\Flash\Obj\cJSON.o
#        E:\work\YarnControl_Driver\src\stm32f4_rtos\Project\EWARMv7\Flash\Obj\croutine.o
#        E:\work\YarnControl_Driver\src\stm32f4_rtos\Project\EWARMv7\Flash\Obj\demo_fatfs.o
#        E:\work\YarnControl_Driver\src\stm32f4_rtos\Project\EWARMv7\Flash\Obj\diskio.o
#        E:\work\YarnControl_Driver\src\stm32f4_rtos\Project\EWARMv7\Flash\Obj\encoder_tim.o
#        E:\work\YarnControl_Driver\src\stm32f4_rtos\Project\EWARMv7\Flash\Obj\esp8266_handler.o
#        E:\work\YarnControl_Driver\src\stm32f4_rtos\Project\EWARMv7\Flash\Obj\esp8266_init.o
#        E:\work\YarnControl_Driver\src\stm32f4_rtos\Project\EWARMv7\Flash\Obj\event_groups.o
#        E:\work\YarnControl_Driver\src\stm32f4_rtos\Project\EWARMv7\Flash\Obj\ff.o
#        E:\work\YarnControl_Driver\src\stm32f4_rtos\Project\EWARMv7\Flash\Obj\heap_4.o
#        E:\work\YarnControl_Driver\src\stm32f4_rtos\Project\EWARMv7\Flash\Obj\list.o
#        E:\work\YarnControl_Driver\src\stm32f4_rtos\Project\EWARMv7\Flash\Obj\main.o
#        E:\work\YarnControl_Driver\src\stm32f4_rtos\Project\EWARMv7\Flash\Obj\malloc.o
#        E:\work\YarnControl_Driver\src\stm32f4_rtos\Project\EWARMv7\Flash\Obj\mcheck.o
#        E:\work\YarnControl_Driver\src\stm32f4_rtos\Project\EWARMv7\Flash\Obj\misc.o
#        E:\work\YarnControl_Driver\src\stm32f4_rtos\Project\EWARMv7\Flash\Obj\modbus.o
#        E:\work\YarnControl_Driver\src\stm32f4_rtos\Project\EWARMv7\Flash\Obj\MQTTConnectClient.o
#        E:\work\YarnControl_Driver\src\stm32f4_rtos\Project\EWARMv7\Flash\Obj\MQTTConnectServer.o
#        E:\work\YarnControl_Driver\src\stm32f4_rtos\Project\EWARMv7\Flash\Obj\MQTTDeserializePublish.o
#        E:\work\YarnControl_Driver\src\stm32f4_rtos\Project\EWARMv7\Flash\Obj\MQTTFormat.o
#        E:\work\YarnControl_Driver\src\stm32f4_rtos\Project\EWARMv7\Flash\Obj\MQTTPacket.o
#        E:\work\YarnControl_Driver\src\stm32f4_rtos\Project\EWARMv7\Flash\Obj\MQTTSerializePublish.o
#        E:\work\YarnControl_Driver\src\stm32f4_rtos\Project\EWARMv7\Flash\Obj\MQTTSubscribeClient.o
#        E:\work\YarnControl_Driver\src\stm32f4_rtos\Project\EWARMv7\Flash\Obj\MQTTSubscribeServer.o
#        E:\work\YarnControl_Driver\src\stm32f4_rtos\Project\EWARMv7\Flash\Obj\MQTTUnsubscribeClient.o
#        E:\work\YarnControl_Driver\src\stm32f4_rtos\Project\EWARMv7\Flash\Obj\MQTTUnsubscribeServer.o
#        E:\work\YarnControl_Driver\src\stm32f4_rtos\Project\EWARMv7\Flash\Obj\page_weimi.o
#        E:\work\YarnControl_Driver\src\stm32f4_rtos\Project\EWARMv7\Flash\Obj\para.o
#        E:\work\YarnControl_Driver\src\stm32f4_rtos\Project\EWARMv7\Flash\Obj\port.o
#        E:\work\YarnControl_Driver\src\stm32f4_rtos\Project\EWARMv7\Flash\Obj\portasm.o
#        E:\work\YarnControl_Driver\src\stm32f4_rtos\Project\EWARMv7\Flash\Obj\product_cal.o
#        E:\work\YarnControl_Driver\src\stm32f4_rtos\Project\EWARMv7\Flash\Obj\protocol.o
#        E:\work\YarnControl_Driver\src\stm32f4_rtos\Project\EWARMv7\Flash\Obj\pub0sub1.o
#        E:\work\YarnControl_Driver\src\stm32f4_rtos\Project\EWARMv7\Flash\Obj\queue.o
#        E:\work\YarnControl_Driver\src\stm32f4_rtos\Project\EWARMv7\Flash\Obj\rc522.o
#        E:\work\YarnControl_Driver\src\stm32f4_rtos\Project\EWARMv7\Flash\Obj\startup_stm32f40_41xxx.o
#        E:\work\YarnControl_Driver\src\stm32f4_rtos\Project\EWARMv7\Flash\Obj\stm32f4xx_adc.o
#        E:\work\YarnControl_Driver\src\stm32f4_rtos\Project\EWARMv7\Flash\Obj\stm32f4xx_assert.o
#        E:\work\YarnControl_Driver\src\stm32f4_rtos\Project\EWARMv7\Flash\Obj\stm32f4xx_can.o
#        E:\work\YarnControl_Driver\src\stm32f4_rtos\Project\EWARMv7\Flash\Obj\stm32f4xx_crc.o
#        E:\work\YarnControl_Driver\src\stm32f4_rtos\Project\EWARMv7\Flash\Obj\stm32f4xx_cryp.o
#        E:\work\YarnControl_Driver\src\stm32f4_rtos\Project\EWARMv7\Flash\Obj\stm32f4xx_cryp_aes.o
#        E:\work\YarnControl_Driver\src\stm32f4_rtos\Project\EWARMv7\Flash\Obj\stm32f4xx_cryp_des.o
#        E:\work\YarnControl_Driver\src\stm32f4_rtos\Project\EWARMv7\Flash\Obj\stm32f4xx_cryp_tdes.o
#        E:\work\YarnControl_Driver\src\stm32f4_rtos\Project\EWARMv7\Flash\Obj\stm32f4xx_dac.o
#        E:\work\YarnControl_Driver\src\stm32f4_rtos\Project\EWARMv7\Flash\Obj\stm32f4xx_dbgmcu.o
#        E:\work\YarnControl_Driver\src\stm32f4_rtos\Project\EWARMv7\Flash\Obj\stm32f4xx_dcmi.o
#        E:\work\YarnControl_Driver\src\stm32f4_rtos\Project\EWARMv7\Flash\Obj\stm32f4xx_dma.o
#        E:\work\YarnControl_Driver\src\stm32f4_rtos\Project\EWARMv7\Flash\Obj\stm32f4xx_dma2d.o
#        E:\work\YarnControl_Driver\src\stm32f4_rtos\Project\EWARMv7\Flash\Obj\stm32f4xx_exti.o
#        E:\work\YarnControl_Driver\src\stm32f4_rtos\Project\EWARMv7\Flash\Obj\stm32f4xx_flash.o
#        E:\work\YarnControl_Driver\src\stm32f4_rtos\Project\EWARMv7\Flash\Obj\stm32f4xx_fsmc.o
#        E:\work\YarnControl_Driver\src\stm32f4_rtos\Project\EWARMv7\Flash\Obj\stm32f4xx_gpio.o
#        E:\work\YarnControl_Driver\src\stm32f4_rtos\Project\EWARMv7\Flash\Obj\stm32f4xx_hash.o
#        E:\work\YarnControl_Driver\src\stm32f4_rtos\Project\EWARMv7\Flash\Obj\stm32f4xx_hash_md5.o
#        E:\work\YarnControl_Driver\src\stm32f4_rtos\Project\EWARMv7\Flash\Obj\stm32f4xx_hash_sha1.o
#        E:\work\YarnControl_Driver\src\stm32f4_rtos\Project\EWARMv7\Flash\Obj\stm32f4xx_i2c.o
#        E:\work\YarnControl_Driver\src\stm32f4_rtos\Project\EWARMv7\Flash\Obj\stm32f4xx_it.o
#        E:\work\YarnControl_Driver\src\stm32f4_rtos\Project\EWARMv7\Flash\Obj\stm32f4xx_iwdg.o
#        E:\work\YarnControl_Driver\src\stm32f4_rtos\Project\EWARMv7\Flash\Obj\stm32f4xx_ltdc.o
#        E:\work\YarnControl_Driver\src\stm32f4_rtos\Project\EWARMv7\Flash\Obj\stm32f4xx_pwr.o
#        E:\work\YarnControl_Driver\src\stm32f4_rtos\Project\EWARMv7\Flash\Obj\stm32f4xx_rcc.o
#        E:\work\YarnControl_Driver\src\stm32f4_rtos\Project\EWARMv7\Flash\Obj\stm32f4xx_rng.o
#        E:\work\YarnControl_Driver\src\stm32f4_rtos\Project\EWARMv7\Flash\Obj\stm32f4xx_rtc.o
#        E:\work\YarnControl_Driver\src\stm32f4_rtos\Project\EWARMv7\Flash\Obj\stm32f4xx_sai.o
#        E:\work\YarnControl_Driver\src\stm32f4_rtos\Project\EWARMv7\Flash\Obj\stm32f4xx_sdio.o
#        E:\work\YarnControl_Driver\src\stm32f4_rtos\Project\EWARMv7\Flash\Obj\stm32f4xx_spi.o
#        E:\work\YarnControl_Driver\src\stm32f4_rtos\Project\EWARMv7\Flash\Obj\stm32f4xx_syscfg.o
#        E:\work\YarnControl_Driver\src\stm32f4_rtos\Project\EWARMv7\Flash\Obj\stm32f4xx_tim.o
#        E:\work\YarnControl_Driver\src\stm32f4_rtos\Project\EWARMv7\Flash\Obj\stm32f4xx_usart.o
#        E:\work\YarnControl_Driver\src\stm32f4_rtos\Project\EWARMv7\Flash\Obj\stm32f4xx_wwdg.o
#        E:\work\YarnControl_Driver\src\stm32f4_rtos\Project\EWARMv7\Flash\Obj\SysInfoTest.o
#        E:\work\YarnControl_Driver\src\stm32f4_rtos\Project\EWARMv7\Flash\Obj\system_stm32f4xx.o
#        E:\work\YarnControl_Driver\src\stm32f4_rtos\Project\EWARMv7\Flash\Obj\tasks.o
#        E:\work\YarnControl_Driver\src\stm32f4_rtos\Project\EWARMv7\Flash\Obj\timer_platform.o
#        E:\work\YarnControl_Driver\src\stm32f4_rtos\Project\EWARMv7\Flash\Obj\timers.o
#        E:\work\YarnControl_Driver\src\stm32f4_rtos\Project\EWARMv7\Flash\Obj\transport.o
#        E:\work\YarnControl_Driver\src\stm32f4_rtos\Project\EWARMv7\Flash\Obj\usb_bsp.o
#        E:\work\YarnControl_Driver\src\stm32f4_rtos\Project\EWARMv7\Flash\Obj\usb_core.o
#        E:\work\YarnControl_Driver\src\stm32f4_rtos\Project\EWARMv7\Flash\Obj\usb_hcd.o
#        E:\work\YarnControl_Driver\src\stm32f4_rtos\Project\EWARMv7\Flash\Obj\usb_hcd_int.o
#        E:\work\YarnControl_Driver\src\stm32f4_rtos\Project\EWARMv7\Flash\Obj\usbh_core.o
#        E:\work\YarnControl_Driver\src\stm32f4_rtos\Project\EWARMv7\Flash\Obj\usbh_hcs.o
#        E:\work\YarnControl_Driver\src\stm32f4_rtos\Project\EWARMv7\Flash\Obj\usbh_ioreq.o
#        E:\work\YarnControl_Driver\src\stm32f4_rtos\Project\EWARMv7\Flash\Obj\usbh_it.o
#        E:\work\YarnControl_Driver\src\stm32f4_rtos\Project\EWARMv7\Flash\Obj\usbh_msc_bot.o
#        E:\work\YarnControl_Driver\src\stm32f4_rtos\Project\EWARMv7\Flash\Obj\usbh_msc_core.o
#        E:\work\YarnControl_Driver\src\stm32f4_rtos\Project\EWARMv7\Flash\Obj\usbh_msc_scsi.o
#        E:\work\YarnControl_Driver\src\stm32f4_rtos\Project\EWARMv7\Flash\Obj\usbh_stdreq.o
#        E:\work\YarnControl_Driver\src\stm32f4_rtos\Project\EWARMv7\Flash\Obj\usbh_usr.o
#        -o
#        E:\work\YarnControl_Driver\src\stm32f4_rtos\Project\EWARMv7\Flash\Exe\project.out
#        --map
#        E:\work\YarnControl_Driver\src\stm32f4_rtos\Project\EWARMv7\Flash\List\project.map
#        --config
#        E:\work\YarnControl_Driver\src\stm32f4_rtos\Project\EWARMv7\stm32f4xx_flash.icf
#        --semihosting --entry __iar_program_start --inline --vfe
#
###############################################################################

*******************************************************************************
*** RUNTIME MODEL ATTRIBUTES
***

CppFlavor                     = *
__Heap_Handler                = DLMalloc
__SystemLibrary               = DLib
__dlib_dynamic_initialization = normal


*******************************************************************************
*** PLACEMENT SUMMARY
***

"A1":  place at 0x08000000 { ro section .intvec };
"P1":  place in [from 0x08000000 to 0x080fffff] { ro };
"P2":  place in [from 0x20000000 to 0x2001ffff] { rw, block CSTACK, block HEAP };

  Section             Kind        Address     Size  Object
  -------             ----        -------     ----  ------
"A1":                                        0x188
  .intvec             ro code  0x08000000    0x188  startup_stm32f40_41xxx.o [1]
                             - 0x08000188    0x188

"P1":                                      0x462c1
  .rodata             const    0x08000188  0x15484  cc936.o [1]
  .rodata             const    0x0801560c  0x15484  cc936.o [1]
  .text               ro code  0x0802aa90   0x5874  apptask.o [1]
  .text               ro code  0x08030304    0x7c8  queue.o [1]
  .text               ro code  0x08030acc   0x1654  bsp_sdwe050c17.o [1]
  .text               ro code  0x08032120    0x52c  product_cal.o [1]
  .text               ro code  0x0803264c     0x66  ABImemset.o [5]
  .text               ro code  0x080326b2     0x1e  xsscin.o [3]
  .text               ro code  0x080326d0    0xc00  tasks.o [1]
  .text               ro code  0x080332d0    0x380  bsp_w25qxx.o [1]
  .text               ro code  0x08033650     0x4e  FltToDbl.o [4]
  .text               ro code  0x0803369e      0xa  xsprout.o [3]
  .text               ro code  0x080336a8     0x24  printf.o [3]
  .text               ro code  0x080336cc     0x76  ABImemcpy_unaligned.o [5]
  .text               ro code  0x08033744     0x42  strcmp_unaligned.o [5]
  .text               ro code  0x08033788    0x21c  malloc.o [1]
  .text               ro code  0x080339a4     0x30  I32ToDbl.o [4]
  .text               ro code  0x080339d4    0x256  DblDiv.o [4]
  .text               ro code  0x08033c2c     0xe8  DblAdd.o [4]
  .text               ro code  0x08033d14    0x1a2  DblMul.o [4]
  .text               ro code  0x08033eb8     0x58  DblToI32.o [4]
  .text               ro code  0x08033f10     0x90  DblToFlt.o [4]
  .text               ro code  0x08033fa0     0x36  strlen.o [5]
  .text               ro code  0x08033fd8   0x13ea  para.o [1]
  .text               ro code  0x080353c4    0x280  page_weimi.o [1]
  .text               ro code  0x08035644     0x62  memcmp_unaligned.o [5]
  .text               ro code  0x080356a8    0x280  bsp_servomotor.o [1]
  .text               ro code  0x08035928    0x1a2  usbh_usr.o [1]
  .text               ro code  0x08035acc    0x760  usbh_core.o [1]
  .text               ro code  0x0803622c   0x2498  ff.o [1]
  .text               ro code  0x080386c4     0x34  sprintf.o [3]
  .text               ro code  0x080386f8     0x1c  strcat.o [3]
  .text               ro code  0x08038714     0xc0  bsp_led.o [1]
  .text               ro code  0x080387d4     0xee  rc522.o [1]
  .text               ro code  0x080388c4    0x354  modbus.o [1]
  .text               ro code  0x08038c18     0x68  bsp_sw_onoff.o [1]
  .text               ro code  0x08038c80     0x80  protocol.o [1]
  .text               ro code  0x08038d00     0x10  para.o [1]
  .text               ro code  0x08038d10     0xd4  bsp_closeSW.o [1]
  .text               ro code  0x08038de4    0x12c  stm32f4xx_gpio.o [1]
  .text               ro code  0x08038f10    0x328  bsp_stepmotor.o [1]
  .text               ro code  0x08039238    0x25c  encoder_tim.o [1]
  .text               ro code  0x08039494    0x262  event_groups.o [1]
  .text               ro code  0x080396f8    0x4a4  timers.o [1]
  .text               ro code  0x08039b9c      0x8  bsp_watchdog.o [1]
  .text               ro code  0x08039ba4    0x24c  port.o [1]
  .text               ro code  0x08039df0     0x98  list.o [1]
  .text               ro code  0x08039e88    0x280  heap_4.o [1]
  .text               ro code  0x0803a108    0x1e8  stm32f4xx_rcc.o [1]
  .text               ro code  0x0803a2f0     0x74  bsp_dwt.o [1]
  .text               ro code  0x0803a364    0xaa0  bsp_uart_fifo.o [1]
  .text               ro code  0x0803ae04    0x204  bsp_timer.o [1]
  .text               ro code  0x0803b008    0x124  bsp_spi.o [1]
  .text               ro code  0x0803b12c    0xd96  xprintffull_nomb.o [3]
  .text               ro code  0x0803bec4    0x180  DblSub.o [4]
  .text               ro code  0x0803c044     0x44  strcpy_unaligned.o [5]
  .text               ro code  0x0803c088     0x24  sscanf.o [3]
  .text               ro code  0x0803c0ac    0x6f6  stm32f4xx_tim.o [1]
  .text               ro code  0x0803c7a4    0x31c  stm32f4xx_dma.o [1]
  .text               ro code  0x0803cac0     0x88  misc.o [1]
  .text               ro code  0x0803cb48    0x14c  usb_bsp.o [1]
  .text               ro code  0x0803cc94     0xd6  usb_hcd.o [1]
  .text               ro code  0x0803cd6a    0x1ba  usbh_hcs.o [1]
  .text               ro code  0x0803cf24    0x436  usbh_stdreq.o [1]
  .text               ro code  0x0803d35a    0x246  usbh_ioreq.o [1]
  .text               ro code  0x0803d5a0    0x2e4  diskio.o [1]
  .text               ro code  0x0803d884     0xf4  cc936.o [1]
  .text               ro code  0x0803d978     0xb8  mcheck.o [1]
  .text               ro code  0x0803da30     0x2c  strstr.o [3]
  .text               ro code  0x0803da5c     0x54  stm32f4xx_syscfg.o [1]
  .text               ro code  0x0803dab0     0xc0  stm32f4xx_exti.o [1]
  .text               ro code  0x0803db70    0x132  I64DivMod.o [5]
  .text               ro code  0x0803dca4     0x10  stm32f4xx_iwdg.o [1]
  CODE                ro code  0x0803dcb4     0xa8  portasm.o [1]
  .text               ro code  0x0803dd5c    0x254  stm32f4xx_usart.o [1]
  .text               ro code  0x0803dfb0     0x74  stm32f4xx_spi.o [1]
  .text               ro code  0x0803e024     0x16  strchr.o [5]
  .text               ro code  0x0803e03c     0x58  memchr.o [5]
  .text               ro code  0x0803e094     0x42  xdnorm.o [4]
  .text               ro code  0x0803e0d8     0x2e  DblCmpLe.o [4]
  .text               ro code  0x0803e108     0x2e  DblCmpGe.o [4]
  .text               ro code  0x0803e138    0x114  xdscale.o [4]
  .text               ro code  0x0803e24c     0x6c  localeconv.o [3]
  .text               ro code  0x0803e2b8      0xe  div.o [3]
  .text               ro code  0x0803e2c8    0xb64  xscanffull_nomb.o [3]
  .text               ro code  0x0803ee2c    0xa50  usb_core.o [1]
  .text               ro code  0x0803f87c   0x1a58  bsp_sdio_sd.o [1]
  .text               ro code  0x080412d4    0x618  usbh_msc_scsi.o [1]
  .text               ro code  0x080418ec    0x554  usbh_msc_bot.o [1]
  .text               ro code  0x08041e40      0x2  I64DivZer.o [5]
  .text               ro code  0x08041e42     0x28  isxxx.o [3]
  .text               ro code  0x08041e6a     0xa4  xstoll.o [3]
  .text               ro code  0x08041f10    0x1b0  xstoull.o [3]
  .text               ro code  0x080420c0    0x168  xstold.o [4]
  .text               ro code  0x08042228    0x17c  stm32f4xx_sdio.o [1]
  .text               ro code  0x080423a4     0x18  setlocale.o [3]
  .text               ro code  0x080423bc     0x16  xlocale_c.o [3]
  .text               ro code  0x080423d2     0x14  xlocale_c.o [3]
  .text               ro code  0x080423e8      0xc  errno.o [3]
  .text               ro code  0x080423f4     0x14  tolower.o [3]
  .text               ro code  0x08042408    0x124  xstopfx.o [3]
  .text               ro code  0x0804252c    0x1b8  xstoflt.o [3]
  .rodata             const    0x080426e4     0x2c  apptask.o [1]
  .text               ro code  0x08042710    0x200  xdtento.o [4]
  .text               ro code  0x08042910    0x218  xstoxflt.o [3]
  .text               ro code  0x08042b28      0x2  xtls.o [3]
  .text               ro code  0x08042b2a      0xc  xlocale_c.o [3]
  .text               ro code  0x08042b38     0x20  DblCmpEq.o [4]
  .text               ro code  0x08042b58     0x52  xdunscal.o [4]
  .text               ro code  0x08042bac    0xc7e  usb_hcd_int.o [1]
  .rodata             const    0x0804382c    0x400  apptask.o [1]
  .text               ro code  0x08043c2c    0x3e8  usbh_msc_core.o [1]
  .rodata             const    0x08044014    0x3dc  cc936.o [1]
  .rodata             const    0x080443f0    0x3dc  cc936.o [1]
  .text               ro code  0x080447cc    0x2e0  bsp_tim_pwm.o [1]
  .rodata             const    0x08044aac    0x190  product_cal.o [1]
  .text               ro code  0x08044c3c    0x154  system_stm32f4xx.o [1]
  .rodata             const    0x08044d90    0x100  mcheck.o [1]
  .rodata             const    0x08044e90    0x100  mcheck.o [1]
  .rodata             const    0x08044f90    0x100  mcheck.o [1]
  .text               ro code  0x08045090     0xd0  packbits_init.o [5]
  .text               ro code  0x08045160      0x6  abort.o [3]
  .text               ro code  0x08045168     0x14  exit.o [6]
  .text               ro code  0x0804517c     0x48  bsp.o [1]
  .text               ro code  0x080451c4     0x44  bsp_relay.o [1]
  .text               ro code  0x08045208     0x40  zero_init3.o [5]
  .text               ro code  0x08045248     0x3c  SysInfoTest.o [1]
  .rodata             const    0x08045284     0x38  demo_fatfs.o [1]
  .text               ro code  0x080452bc     0x38  stm32f4xx_it.o [1]
  .text               ro code  0x080452f4     0x34  main.o [1]
  .rodata             const    0x08045328     0x30  apptask.o [1]
  .rodata             const    0x08045358     0x30  apptask.o [1]
  .rodata             const    0x08045388     0x30  demo_fatfs.o [1]
  .rodata             const    0x080453b8     0x30  demo_fatfs.o [1]
  .rodata             const    0x080453e8     0x2c  demo_fatfs.o [1]
  .rodata             const    0x08045414     0x2c  demo_fatfs.o [1]
  .rodata             const    0x08045440     0x2c  stm32f4xx_it.o [1]
  .rodata             const    0x0804546c     0x28  demo_fatfs.o [1]
  .rodata             const    0x08045494     0x28  demo_fatfs.o [1]
  .rodata             const    0x080454bc     0x28  demo_fatfs.o [1]
  .text               ro code  0x080454e4     0x28  data_init.o [5]
  .rodata             const    0x0804550c     0x24  apptask.o [1]
  .rodata             const    0x08045530     0x24  apptask.o [1]
  .rodata             const    0x08045554     0x24  apptask.o [1]
  .rodata             const    0x08045578     0x24  apptask.o [1]
  .rodata             const    0x0804559c     0x24  apptask.o [1]
  .rodata             const    0x080455c0     0x24  apptask.o [1]
  .rodata             const    0x080455e4     0x24  apptask.o [1]
  .rodata             const    0x08045608     0x24  apptask.o [1]
  .rodata             const    0x0804562c     0x24  apptask.o [1]
  .rodata             const    0x08045650     0x24  demo_fatfs.o [1]
  .rodata             const    0x08045674     0x24  demo_fatfs.o [1]
  .rodata             const    0x08045698     0x24  usbh_usr.o [1]
  .text               ro code  0x080456bc     0x22  fpinit_M.o [4]
  .iar.init_table     const    0x080456e0     0x34  - Linker created -
  .rodata             const    0x08045714     0x20  apptask.o [1]
  .rodata             const    0x08045734     0x20  apptask.o [1]
  .rodata             const    0x08045754     0x20  apptask.o [1]
  .rodata             const    0x08045774     0x20  demo_fatfs.o [1]
  .rodata             const    0x08045794     0x20  demo_fatfs.o [1]
  .rodata             const    0x080457b4     0x20  demo_fatfs.o [1]
  .rodata             const    0x080457d4     0x20  usbh_usr.o [1]
  .rodata             const    0x080457f4     0x20  usbh_usr.o [1]
  .rodata             const    0x08045814     0x20  usbh_usr.o [1]
  .rodata             const    0x08045834     0x20  usbh_usr.o [1]
  .rodata             const    0x08045854     0x20  usbh_usr.o [1]
  .rodata             const    0x08045874     0x1c  apptask.o [1]
  .rodata             const    0x08045890     0x1c  apptask.o [1]
  .rodata             const    0x080458ac     0x1c  apptask.o [1]
  .rodata             const    0x080458c8     0x1c  apptask.o [1]
  .rodata             const    0x080458e4     0x1c  apptask.o [1]
  .rodata             const    0x08045900     0x1c  apptask.o [1]
  .rodata             const    0x0804591c     0x1c  apptask.o [1]
  .rodata             const    0x08045938     0x1c  demo_fatfs.o [1]
  .rodata             const    0x08045954     0x1c  demo_fatfs.o [1]
  .rodata             const    0x08045970     0x1c  usbh_usr.o [1]
  .rodata             const    0x0804598c     0x1c  usbh_usr.o [1]
  .rodata             const    0x080459a8     0x1c  usbh_usr.o [1]
  .rodata             const    0x080459c4     0x1c  usbh_usr.o [1]
  .rodata             const    0x080459e0     0x1c  usbh_usr.o [1]
  .rodata             const    0x080459fc     0x1c  usbh_usr.o [1]
  .text               ro code  0x08045a18     0x1a  cmain.o [5]
  .text               ro code  0x08045a32      0x4  exit.o [3]
  .text               ro code  0x08045a38      0xa  cexit.o [5]
  .rodata             const    0x08045a44     0x18  apptask.o [1]
  .rodata             const    0x08045a5c     0x18  apptask.o [1]
  .rodata             const    0x08045a74     0x18  apptask.o [1]
  .rodata             const    0x08045a8c     0x18  apptask.o [1]
  .rodata             const    0x08045aa4     0x18  apptask.o [1]
  .rodata             const    0x08045abc     0x18  apptask.o [1]
  .rodata             const    0x08045ad4     0x18  apptask.o [1]
  .rodata             const    0x08045aec     0x18  apptask.o [1]
  .rodata             const    0x08045b04     0x18  demo_fatfs.o [1]
  .rodata             const    0x08045b1c     0x18  demo_fatfs.o [1]
  .rodata             const    0x08045b34     0x18  demo_fatfs.o [1]
  .rodata             const    0x08045b4c     0x18  demo_fatfs.o [1]
  .rodata             const    0x08045b64     0x18  para.o [1]
  .rodata             const    0x08045b7c     0x18  usbh_usr.o [1]
  .rodata             const    0x08045b94     0x18  usbh_usr.o [1]
  .rodata             const    0x08045bac     0x18  usbh_usr.o [1]
  .rodata             const    0x08045bc4     0x18  usbh_usr.o [1]
  .rodata             const    0x08045bdc     0x18  usbh_usr.o [1]
  .text               ro code  0x08045bf4     0x16  xprout.o [3]
  .text               ro code  0x08045c0c      0xc  putchar.o [3]
  .rodata             const    0x08045c18     0x14  apptask.o [1]
  .rodata             const    0x08045c2c     0x14  apptask.o [1]
  .rodata             const    0x08045c40     0x14  apptask.o [1]
  .rodata             const    0x08045c54     0x14  apptask.o [1]
  .rodata             const    0x08045c68     0x14  apptask.o [1]
  .rodata             const    0x08045c7c     0x14  apptask.o [1]
  .rodata             const    0x08045c90     0x14  apptask.o [1]
  .rodata             const    0x08045ca4     0x14  apptask.o [1]
  .rodata             const    0x08045cb8     0x14  usbh_usr.o [1]
  .rodata             const    0x08045ccc     0x14  usbh_usr.o [1]
  .rodata             const    0x08045ce0     0x10  apptask.o [1]
  .rodata             const    0x08045cf0     0x10  apptask.o [1]
  .rodata             const    0x08045d00     0x10  apptask.o [1]
  .rodata             const    0x08045d10     0x10  apptask.o [1]
  .rodata             const    0x08045d20     0x10  apptask.o [1]
  .rodata             const    0x08045d30     0x10  apptask.o [1]
  .rodata             const    0x08045d40     0x10  apptask.o [1]
  .rodata             const    0x08045d50     0x10  apptask.o [1]
  .rodata             const    0x08045d60     0x10  apptask.o [1]
  .rodata             const    0x08045d70     0x10  apptask.o [1]
  .rodata             const    0x08045d80     0x10  apptask.o [1]
  .rodata             const    0x08045d90     0x10  apptask.o [1]
  .rodata             const    0x08045da0     0x10  apptask.o [1]
  .rodata             const    0x08045db0     0x10  apptask.o [1]
  .rodata             const    0x08045dc0     0x10  apptask.o [1]
  .rodata             const    0x08045dd0     0x10  apptask.o [1]
  .rodata             const    0x08045de0     0x10  apptask.o [1]
  .rodata             const    0x08045df0     0x10  apptask.o [1]
  .rodata             const    0x08045e00     0x10  apptask.o [1]
  .rodata             const    0x08045e10     0x10  bsp_sdwe050c17.o [1]
  .rodata             const    0x08045e20     0x10  ff.o [1]
  .rodata             const    0x08045e30     0x10  main.o [1]
  .rodata             const    0x08045e40     0x10  main.o [1]
  .rodata             const    0x08045e50     0x10  para.o [1]
  .rodata             const    0x08045e60     0x10  para.o [1]
  .rodata             const    0x08045e70     0x10  usbh_usr.o [1]
  .rodata             const    0x08045e80     0x10  usbh_usr.o [1]
  .text               ro code  0x08045e90     0x10  startup_stm32f40_41xxx.o [1]
  .text               ro code  0x08045ea0     0x10  usbh_it.o [1]
  .rodata             const    0x08045eb0      0xc  apptask.o [1]
  .rodata             const    0x08045ebc      0xc  apptask.o [1]
  .rodata             const    0x08045ec8      0xc  apptask.o [1]
  .rodata             const    0x08045ed4      0xc  apptask.o [1]
  .rodata             const    0x08045ee0      0xc  apptask.o [1]
  .rodata             const    0x08045eec      0xc  apptask.o [1]
  .rodata             const    0x08045ef8      0xc  apptask.o [1]
  .rodata             const    0x08045f04      0xc  apptask.o [1]
  .rodata             const    0x08045f10      0xc  apptask.o [1]
  .rodata             const    0x08045f1c      0xc  apptask.o [1]
  .rodata             const    0x08045f28      0xc  apptask.o [1]
  .rodata             const    0x08045f34      0xc  apptask.o [1]
  .rodata             const    0x08045f40      0xc  apptask.o [1]
  .rodata             const    0x08045f4c      0xc  apptask.o [1]
  .rodata             const    0x08045f58      0xc  apptask.o [1]
  .rodata             const    0x08045f64      0xc  apptask.o [1]
  .rodata             const    0x08045f70      0xc  apptask.o [1]
  .rodata             const    0x08045f7c      0xc  apptask.o [1]
  .rodata             const    0x08045f88      0xc  apptask.o [1]
  .rodata             const    0x08045f94      0xc  apptask.o [1]
  .rodata             const    0x08045fa0      0xc  apptask.o [1]
  .rodata             const    0x08045fac      0xc  apptask.o [1]
  .rodata             const    0x08045fb8      0xc  apptask.o [1]
  .rodata             const    0x08045fc4      0xc  apptask.o [1]
  .rodata             const    0x08045fd0      0xc  apptask.o [1]
  .rodata             const    0x08045fdc      0xc  apptask.o [1]
  .rodata             const    0x08045fe8      0xc  apptask.o [1]
  .rodata             const    0x08045ff4      0xc  apptask.o [1]
  .rodata             const    0x08046000      0xc  apptask.o [1]
  .rodata             const    0x0804600c      0xc  apptask.o [1]
  .rodata             const    0x08046018      0xc  apptask.o [1]
  .rodata             const    0x08046024      0xc  apptask.o [1]
  .rodata             const    0x08046030      0xc  apptask.o [1]
  .rodata             const    0x0804603c      0xc  bsp_sdwe050c17.o [1]
  .rodata             const    0x08046048      0xc  demo_fatfs.o [1]
  .rodata             const    0x08046054      0xc  ff.o [1]
  .rodata             const    0x08046060      0xc  page_weimi.o [1]
  .rodata             const    0x0804606c      0xc  para.o [1]
  .rodata             const    0x08046078      0xc  para.o [1]
  .rodata             const    0x08046084      0xc  para.o [1]
  .rodata             const    0x08046090      0xc  para.o [1]
  .rodata             const    0x0804609c      0xc  para.o [1]
  .text               ro code  0x080460a8      0xc  cstartup_M.o [5]
  .rodata             const    0x080460b4      0x8  apptask.o [1]
  .rodata             const    0x080460bc      0x8  apptask.o [1]
  .rodata             const    0x080460c4      0x8  apptask.o [1]
  .rodata             const    0x080460cc      0x8  apptask.o [1]
  .rodata             const    0x080460d4      0x8  apptask.o [1]
  .rodata             const    0x080460dc      0x8  apptask.o [1]
  .rodata             const    0x080460e4      0x8  apptask.o [1]
  .rodata             const    0x080460ec      0x8  apptask.o [1]
  .rodata             const    0x080460f4      0x8  apptask.o [1]
  .rodata             const    0x080460fc      0x8  apptask.o [1]
  .rodata             const    0x08046104      0x8  apptask.o [1]
  .rodata             const    0x0804610c      0x8  apptask.o [1]
  .rodata             const    0x08046114      0x8  apptask.o [1]
  .rodata             const    0x0804611c      0x8  apptask.o [1]
  .rodata             const    0x08046124      0x8  bsp_sdwe050c17.o [1]
  .rodata             const    0x0804612c      0x8  bsp_w25qxx.o [1]
  .rodata             const    0x08046134      0x8  ff.o [1]
  .rodata             const    0x0804613c      0x8  malloc.o [1]
  .rodata             const    0x08046144      0x8  malloc.o [1]
  .rodata             const    0x0804614c      0x8  malloc.o [1]
  .rodata             const    0x08046154      0x8  para.o [1]
  .rodata             const    0x0804615c      0x8  para.o [1]
  .rodata             const    0x08046164      0x8  para.o [1]
  .rodata             const    0x0804616c      0x8  para.o [1]
  .rodata             const    0x08046174      0x8  para.o [1]
  .rodata             const    0x0804617c      0x8  para.o [1]
  .rodata             const    0x08046184      0x8  para.o [1]
  .rodata             const    0x0804618c      0x8  para.o [1]
  .rodata             const    0x08046194      0x8  para.o [1]
  .rodata             const    0x0804619c      0x8  para.o [1]
  .rodata             const    0x080461a4      0x8  para.o [1]
  .rodata             const    0x080461ac      0x8  para.o [1]
  .rodata             const    0x080461b4      0x8  para.o [1]
  .rodata             const    0x080461bc      0x8  para.o [1]
  .rodata             const    0x080461c4      0x8  para.o [1]
  .rodata             const    0x080461cc      0x8  para.o [1]
  .rodata             const    0x080461d4      0x8  para.o [1]
  .rodata             const    0x080461dc      0x8  para.o [1]
  .rodata             const    0x080461e4      0x8  para.o [1]
  .rodata             const    0x080461ec      0x8  para.o [1]
  .rodata             const    0x080461f4      0x8  para.o [1]
  .rodata             const    0x080461fc      0x8  tasks.o [1]
  .rodata             const    0x08046204      0x8  timers.o [1]
  .rodata             const    0x0804620c      0x4  heap_4.o [1]
  .rodata             const    0x08046210      0x4  port.o [1]
  .text               ro code  0x08046214      0x4  startup_stm32f40_41xxx.o [1]
  .text               ro code  0x08046218      0x4  startup_stm32f40_41xxx.o [1]
  .text               ro code  0x0804621c      0x4  startup_stm32f40_41xxx.o [1]
  .text               ro code  0x08046220      0x4  startup_stm32f40_41xxx.o [1]
  .text               ro code  0x08046224      0x4  startup_stm32f40_41xxx.o [1]
  .text               ro code  0x08046228      0x4  startup_stm32f40_41xxx.o [1]
  .text               ro code  0x0804622c      0x4  startup_stm32f40_41xxx.o [1]
  .text               ro code  0x08046230      0x4  startup_stm32f40_41xxx.o [1]
  .text               ro code  0x08046234      0x4  startup_stm32f40_41xxx.o [1]
  .text               ro code  0x08046238      0x4  startup_stm32f40_41xxx.o [1]
  .text               ro code  0x0804623c      0x4  startup_stm32f40_41xxx.o [1]
  .text               ro code  0x08046240      0x4  startup_stm32f40_41xxx.o [1]
  .text               ro code  0x08046244      0x4  startup_stm32f40_41xxx.o [1]
  .text               ro code  0x08046248      0x4  startup_stm32f40_41xxx.o [1]
  .text               ro code  0x0804624c      0x4  startup_stm32f40_41xxx.o [1]
  .text               ro code  0x08046250      0x4  startup_stm32f40_41xxx.o [1]
  .text               ro code  0x08046254      0x4  startup_stm32f40_41xxx.o [1]
  .text               ro code  0x08046258      0x4  startup_stm32f40_41xxx.o [1]
  .text               ro code  0x0804625c      0x4  startup_stm32f40_41xxx.o [1]
  .text               ro code  0x08046260      0x4  startup_stm32f40_41xxx.o [1]
  .text               ro code  0x08046264      0x4  startup_stm32f40_41xxx.o [1]
  .text               ro code  0x08046268      0x4  startup_stm32f40_41xxx.o [1]
  .text               ro code  0x0804626c      0x4  startup_stm32f40_41xxx.o [1]
  .text               ro code  0x08046270      0x4  startup_stm32f40_41xxx.o [1]
  .text               ro code  0x08046274      0x4  startup_stm32f40_41xxx.o [1]
  .text               ro code  0x08046278      0x4  startup_stm32f40_41xxx.o [1]
  .text               ro code  0x0804627c      0x4  startup_stm32f40_41xxx.o [1]
  .text               ro code  0x08046280      0x4  startup_stm32f40_41xxx.o [1]
  .text               ro code  0x08046284      0x4  startup_stm32f40_41xxx.o [1]
  .text               ro code  0x08046288      0x4  startup_stm32f40_41xxx.o [1]
  .text               ro code  0x0804628c      0x4  startup_stm32f40_41xxx.o [1]
  .text               ro code  0x08046290      0x4  startup_stm32f40_41xxx.o [1]
  .text               ro code  0x08046294      0x4  startup_stm32f40_41xxx.o [1]
  .text               ro code  0x08046298      0x4  startup_stm32f40_41xxx.o [1]
  .text               ro code  0x0804629c      0x4  startup_stm32f40_41xxx.o [1]
  .text               ro code  0x080462a0      0x4  startup_stm32f40_41xxx.o [1]
  .text               ro code  0x080462a4      0x4  startup_stm32f40_41xxx.o [1]
  .text               ro code  0x080462a8      0x4  startup_stm32f40_41xxx.o [1]
  .text               ro code  0x080462ac      0x4  startup_stm32f40_41xxx.o [1]
  .text               ro code  0x080462b0      0x4  startup_stm32f40_41xxx.o [1]
  .text               ro code  0x080462b4      0x4  startup_stm32f40_41xxx.o [1]
  .text               ro code  0x080462b8      0x4  startup_stm32f40_41xxx.o [1]
  .text               ro code  0x080462bc      0x4  startup_stm32f40_41xxx.o [1]
  .text               ro code  0x080462c0      0x4  startup_stm32f40_41xxx.o [1]
  .text               ro code  0x080462c4      0x4  startup_stm32f40_41xxx.o [1]
  .text               ro code  0x080462c8      0x4  startup_stm32f40_41xxx.o [1]
  .text               ro code  0x080462cc      0x4  startup_stm32f40_41xxx.o [1]
  .text               ro code  0x080462d0      0x4  startup_stm32f40_41xxx.o [1]
  .text               ro code  0x080462d4      0x4  startup_stm32f40_41xxx.o [1]
  .text               ro code  0x080462d8      0x4  startup_stm32f40_41xxx.o [1]
  .text               ro code  0x080462dc      0x4  startup_stm32f40_41xxx.o [1]
  .text               ro code  0x080462e0      0x4  startup_stm32f40_41xxx.o [1]
  .text               ro code  0x080462e4      0x4  startup_stm32f40_41xxx.o [1]
  .text               ro code  0x080462e8      0x4  startup_stm32f40_41xxx.o [1]
  .text               ro code  0x080462ec      0x4  startup_stm32f40_41xxx.o [1]
  .text               ro code  0x080462f0      0x4  startup_stm32f40_41xxx.o [1]
  .text               ro code  0x080462f4      0x4  startup_stm32f40_41xxx.o [1]
  .text               ro code  0x080462f8      0x4  startup_stm32f40_41xxx.o [1]
  .text               ro code  0x080462fc      0x4  startup_stm32f40_41xxx.o [1]
  .text               ro code  0x08046300      0x4  startup_stm32f40_41xxx.o [1]
  .text               ro code  0x08046304      0x4  startup_stm32f40_41xxx.o [1]
  .text               ro code  0x08046308      0x4  startup_stm32f40_41xxx.o [1]
  .text               ro code  0x0804630c      0x4  startup_stm32f40_41xxx.o [1]
  .text               ro code  0x08046310      0x4  startup_stm32f40_41xxx.o [1]
  .text               ro code  0x08046314      0x4  startup_stm32f40_41xxx.o [1]
  .text               ro code  0x08046318      0x4  startup_stm32f40_41xxx.o [1]
  .text               ro code  0x0804631c      0x4  startup_stm32f40_41xxx.o [1]
  .text               ro code  0x08046320      0x4  startup_stm32f40_41xxx.o [1]
  .rodata             const    0x08046324      0x0  zero_init3.o [5]
  .rodata             const    0x08046324      0x0  packbits_init.o [5]
  Initializer bytes   const    0x08046324    0x125  <for P2 s0>
                             - 0x08046449  0x462c1

"P2":                                      0x1d498
  P2 s0                        0x20000000    0x246  <Init block>
    __DLIB_PERTHREAD  inited   0x20000000     0x88  localeconv.o [3]
    __DLIB_PERTHREAD  inited   0x20000088     0x74  setlocale.o [3]
    .data             inited   0x200000fc     0x50  demo_fatfs.o [1]
    .data             inited   0x2000014c     0x48  usbh_usr.o [1]
    .data             inited   0x20000194     0x40  xfiles.o [3]
    .data             inited   0x200001d4     0x1c  malloc.o [1]
    .data             inited   0x200001f0     0x14  bsp_servomotor.o [1]
    .data             inited   0x20000204     0x10  stm32f4xx_rcc.o [1]
    .data             inited   0x20000214     0x10  usbh_msc_core.o [1]
    .data             inited   0x20000224      0xc  usbh_core.o [1]
    .data             inited   0x20000230      0x4  port.o [1]
    .data             inited   0x20000234      0x4  system_stm32f4xx.o [1]
    .data             inited   0x20000238      0x4  usbh_core.o [1]
    __DLIB_PERTHREAD  inited   0x2000023c      0x4  errno.o [3]
    .data             inited   0x20000240      0x2  bsp_w25qxx.o [1]
    .data             inited   0x20000242      0x1  apptask.o [1]
    .data             inited   0x20000243      0x1  encoder_tim.o [1]
    .data             inited   0x20000244      0x1  page_weimi.o [1]
    .data             inited   0x20000245      0x1  usbh_msc_scsi.o [1]
  .bss                zero     0x20000248   0xf000  heap_4.o [1]
  .bss                zero     0x2000f248   0xa000  malloc.o [1]
  .bss                zero     0x20019248   0x1000  bsp_w25qxx.o [1]
  .bss                zero     0x2001a248    0xa00  malloc.o [1]
  .bss                zero     0x2001ac48    0x5ac  usbh_usr.o [1]
  .bss                zero     0x2001b1f4    0x5ac  usbh_usr.o [1]
  .bss                zero     0x2001b7a0    0x3e8  bsp_uart_fifo.o [1]
  .bss                zero     0x2001bb88    0x200  ff.o [1]
  .bss                zero     0x2001bd88    0x200  usbh_msc_scsi.o [1]
  .bss                zero     0x2001bf88    0x200  usbh_stdreq.o [1]
  .bss                zero     0x2001c188    0x140  tasks.o [1]
  .bss                zero     0x2001c2c8    0x12c  page_weimi.o [1]
  .bss                zero     0x2001c3f4     0xd4  protocol.o [1]
  .bss                zero     0x2001c4c8     0xa4  protocol.o [1]
  .bss                zero     0x2001c56c     0x98  para.o [1]
  .bss                zero     0x2001c604     0x94  usbh_usr.o [1]
  .bss                zero     0x2001c698     0x64  bsp_uart_fifo.o [1]
  .bss                zero     0x2001c6fc     0x64  bsp_uart_fifo.o [1]
  .bss                zero     0x2001c760     0x58  bsp_sdio_sd.o [1]
  .bss                zero     0x2001c7b8     0x58  protocol.o [1]
  .bss                zero     0x2001c810     0x50  xfiles.o [3]
  .bss                zero     0x2001c860     0x4c  usbh_msc_core.o [1]
  .bss                zero     0x2001c8ac     0x3c  page_weimi.o [1]
  .bss                zero     0x2001c8e8     0x34  bsp_sdwe050c17.o [1]
  .bss                zero     0x2001c91c     0x30  product_cal.o [1]
  .bss                zero     0x2001c94c     0x28  product_cal.o [1]
  .bss                zero     0x2001c974     0x24  ff.o [1]
  .bss                zero     0x2001c998     0x20  usbh_msc_bot.o [1]
  .bss                zero     0x2001c9b8     0x18  bsp_sdio_sd.o [1]
  .bss                zero     0x2001c9d0     0x18  bsp_sdio_sd.o [1]
  .bss                zero     0x2001c9e8     0x14  bsp_sdio_sd.o [1]
  .bss                zero     0x2001c9fc     0x14  rc522.o [1]
  .bss                zero     0x2001ca10     0x14  tasks.o [1]
  .bss                zero     0x2001ca24     0x14  tasks.o [1]
  .bss                zero     0x2001ca38     0x14  tasks.o [1]
  .bss                zero     0x2001ca4c     0x14  tasks.o [1]
  .bss                zero     0x2001ca60     0x14  tasks.o [1]
  .bss                zero     0x2001ca74     0x14  timers.o [1]
  .bss                zero     0x2001ca88     0x14  timers.o [1]
  .bss                zero     0x2001ca9c     0x10  bsp_sdio_sd.o [1]
  .bss                zero     0x2001caac     0x10  bsp_sdio_sd.o [1]
  .bss                zero     0x2001cabc     0x10  encoder_tim.o [1]
  .bss                zero     0x2001cacc     0x10  usbh_msc_bot.o [1]
  .bss                zero     0x2001cadc     0x10  usbh_msc_bot.o [1]
  .bss                zero     0x2001caec     0x10  usbh_msc_scsi.o [1]
  .bss                zero     0x2001cafc      0xc  apptask.o [1]
  .bss                zero     0x2001cb08      0xc  apptask.o [1]
  .bss                zero     0x2001cb14      0xc  ff.o [1]
  .bss                zero     0x2001cb20      0xc  protocol.o [1]
  .bss                zero     0x2001cb2c      0xc  protocol.o [1]
  .bss                zero     0x2001cb38      0xc  protocol.o [1]
  .bss                zero     0x2001cb44      0x8  heap_4.o [1]
  .bss                zero     0x2001cb4c      0x8  modbus.o [1]
  .bss                zero     0x2001cb54      0x8  protocol.o [1]
  .bss                zero     0x2001cb5c      0x4  apptask.o [1]
  .bss                zero     0x2001cb60      0x4  apptask.o [1]
  .bss                zero     0x2001cb64      0x4  apptask.o [1]
  .bss                zero     0x2001cb68      0x4  apptask.o [1]
  .bss                zero     0x2001cb6c      0x4  apptask.o [1]
  .bss                zero     0x2001cb70      0x4  apptask.o [1]
  .bss                zero     0x2001cb74      0x4  apptask.o [1]
  .bss                zero     0x2001cb78      0x4  apptask.o [1]
  .bss                zero     0x2001cb7c      0x4  apptask.o [1]
  .bss                zero     0x2001cb80      0x4  apptask.o [1]
  .bss                zero     0x2001cb84      0x4  apptask.o [1]
  .bss                zero     0x2001cb88      0x4  apptask.o [1]
  .bss                zero     0x2001cb8c      0x4  apptask.o [1]
  .bss                zero     0x2001cb90      0x4  apptask.o [1]
  .bss                zero     0x2001cb94      0x4  apptask.o [1]
  .bss                zero     0x2001cb98      0x4  apptask.o [1]
  .bss                zero     0x2001cb9c      0x4  apptask.o [1]
  .bss                zero     0x2001cba0      0x4  apptask.o [1]
  .bss                zero     0x2001cba4      0x4  apptask.o [1]
  .bss                zero     0x2001cba8      0x4  apptask.o [1]
  .bss                zero     0x2001cbac      0x4  apptask.o [1]
  .bss                zero     0x2001cbb0      0x4  apptask.o [1]
  .bss                zero     0x2001cbb4      0x4  bsp_sdio_sd.o [1]
  .bss                zero     0x2001cbb8      0x4  bsp_sdio_sd.o [1]
  .bss                zero     0x2001cbbc      0x4  bsp_sdio_sd.o [1]
  .bss                zero     0x2001cbc0      0x4  bsp_sdio_sd.o [1]
  .bss                zero     0x2001cbc4      0x4  bsp_sdio_sd.o [1]
  .bss                zero     0x2001cbc8      0x4  bsp_timer.o [1]
  .bss                zero     0x2001cbcc      0x4  bsp_timer.o [1]
  .bss                zero     0x2001cbd0      0x4  bsp_timer.o [1]
  .bss                zero     0x2001cbd4      0x4  bsp_timer.o [1]
  .bss                zero     0x2001cbd8      0x4  heap_4.o [1]
  .bss                zero     0x2001cbdc      0x4  heap_4.o [1]
  .bss                zero     0x2001cbe0      0x4  heap_4.o [1]
  .bss                zero     0x2001cbe4      0x4  heap_4.o [1]
  .bss                zero     0x2001cbe8      0x4  port.o [1]
  .bss                zero     0x2001cbec      0x4  product_cal.o [1]
  .bss                zero     0x2001cbf0      0x4  product_cal.o [1]
  .bss                zero     0x2001cbf4      0x4  SysInfoTest.o [1]
  .bss                zero     0x2001cbf8      0x4  tasks.o [1]
  .bss                zero     0x2001cbfc      0x4  tasks.o [1]
  .bss                zero     0x2001cc00      0x4  tasks.o [1]
  .bss                zero     0x2001cc04      0x4  tasks.o [1]
  .bss                zero     0x2001cc08      0x4  tasks.o [1]
  .bss                zero     0x2001cc0c      0x4  tasks.o [1]
  .bss                zero     0x2001cc10      0x4  tasks.o [1]
  .bss                zero     0x2001cc14      0x4  tasks.o [1]
  .bss                zero     0x2001cc18      0x4  tasks.o [1]
  .bss                zero     0x2001cc1c      0x4  tasks.o [1]
  .bss                zero     0x2001cc20      0x4  tasks.o [1]
  .bss                zero     0x2001cc24      0x4  tasks.o [1]
  .bss                zero     0x2001cc28      0x4  tasks.o [1]
  .bss                zero     0x2001cc2c      0x4  tasks.o [1]
  .bss                zero     0x2001cc30      0x4  tasks.o [1]
  .bss                zero     0x2001cc34      0x4  tasks.o [1]
  .bss                zero     0x2001cc38      0x4  timers.o [1]
  .bss                zero     0x2001cc3c      0x4  timers.o [1]
  .bss                zero     0x2001cc40      0x4  timers.o [1]
  .bss                zero     0x2001cc44      0x4  timers.o [1]
  .bss                zero     0x2001cc48      0x4  usbh_msc_bot.o [1]
  .bss                zero     0x2001cc4c      0x4  usbh_msc_bot.o [1]
  .bss                zero     0x2001cc50      0x4  usbh_msc_bot.o [1]
  .bss                zero     0x2001cc54      0x4  usbh_msc_bot.o [1]
  .bss                zero     0x2001cc58      0x2  apptask.o [1]
  .bss                zero     0x2001cc5a      0x2  apptask.o [1]
  .bss                zero     0x2001cc5c      0x2  apptask.o [1]
  .bss                zero     0x2001cc5e      0x2  apptask.o [1]
  .bss                zero     0x2001cc60      0x2  apptask.o [1]
  .bss                zero     0x2001cc62      0x2  bsp_sdwe050c17.o [1]
  .bss                zero     0x2001cc64      0x2  encoder_tim.o [1]
  .bss                zero     0x2001cc66      0x2  encoder_tim.o [1]
  .bss                zero     0x2001cc68      0x2  ff.o [1]
  .bss                zero     0x2001cc6a      0x2  page_weimi.o [1]
  .bss                zero     0x2001cc6c      0x2  page_weimi.o [1]
  .bss                zero     0x2001cc6e      0x2  page_weimi.o [1]
  .bss                zero     0x2001cc70      0x2  product_cal.o [1]
  .bss                zero     0x2001cc72      0x2  usbh_core.o [1]
  .bss                zero     0x2001cc74      0x2  usbh_stdreq.o [1]
  .bss                zero     0x2001cc76      0x1  apptask.o [1]
  .bss                zero     0x2001cc77      0x1  apptask.o [1]
  .bss                zero     0x2001cc78      0x1  apptask.o [1]
  .bss                zero     0x2001cc79      0x1  apptask.o [1]
  .bss                zero     0x2001cc7a      0x1  apptask.o [1]
  .bss                zero     0x2001cc7b      0x1  apptask.o [1]
  .bss                zero     0x2001cc7c      0x1  apptask.o [1]
  .bss                zero     0x2001cc7d      0x1  apptask.o [1]
  .bss                zero     0x2001cc7e      0x1  apptask.o [1]
  .bss                zero     0x2001cc7f      0x1  apptask.o [1]
  .bss                zero     0x2001cc80      0x1  apptask.o [1]
  .bss                zero     0x2001cc81      0x1  apptask.o [1]
  .bss                zero     0x2001cc82      0x1  bsp_sdio_sd.o [1]
  .bss                zero     0x2001cc83      0x1  bsp_sdwe050c17.o [1]
  .bss                zero     0x2001cc84      0x1  bsp_uart_fifo.o [1]
  .bss                zero     0x2001cc85      0x1  page_weimi.o [1]
  .bss                zero     0x2001cc86      0x1  page_weimi.o [1]
  .bss                zero     0x2001cc87      0x1  page_weimi.o [1]
  .bss                zero     0x2001cc88      0x1  page_weimi.o [1]
  .bss                zero     0x2001cc89      0x1  port.o [1]
  .bss                zero     0x2001cc8a      0x1  product_cal.o [1]
  .bss                zero     0x2001cc8b      0x1  product_cal.o [1]
  .bss                zero     0x2001cc8c      0x1  product_cal.o [1]
  .bss                zero     0x2001cc8d      0x1  protocol.o [1]
  .bss                zero     0x2001cc8e      0x1  rc522.o [1]
  .bss                zero     0x2001cc8f      0x1  rc522.o [1]
  .bss                zero     0x2001cc90      0x1  usbh_msc_bot.o [1]
  .bss                zero     0x2001cc91      0x1  usbh_msc_core.o [1]
  .bss                zero     0x2001cc92      0x1  usbh_msc_core.o [1]
  .bss                zero     0x2001cc93      0x1  usbh_stdreq.o [1]
  .bss                zero     0x2001cc94      0x1  usbh_usr.o [1]
  CSTACK                       0x2001cc98    0x800  <Block>
    CSTACK            uninit   0x2001cc98    0x800  <Block tail>
                             - 0x2001d498  0x1d498

Absolute sections:                         0xff000
  .bss                zero     0x68000000  0xf0000  malloc.o [1]
  .bss                zero     0x680f0000   0xf000  malloc.o [1]
                             - 0x680ff000  0xff000


*******************************************************************************
*** INIT TABLE
***

          Address     Size
          -------     ----
Zero (__iar_zero_init3)
    2 destination ranges, total size 0x11ba4d:
          0x20000248  0x1ca4d
          0x68000000  0xff000

Copy/packbits (__iar_packbits_init3)
    1 source range, total size 0x125 (50% of destination):
          0x08046324    0x125
    1 destination range, total size 0x246:
          0x20000000    0x246



*******************************************************************************
*** MODULE SUMMARY
***

    Module                    ro code  ro data  rw data    rw data
                                                            (abs)
    ------                    -------  -------  -------    -------
E:\work\YarnControl_Driver\src\stm32f4_rtos\Project\EWARMv7\Flash\Obj: [1]
    SysInfoTest.o                  60                 4
    apptask.o                  22 644    2 945      135
    bsp.o                          72
    bsp_closeSW.o                 212
    bsp_dwt.o                     116
    bsp_led.o                     192
    bsp_relay.o                    68
    bsp_sdio_sd.o               6 744               209
    bsp_sdwe050c17.o            5 716       36       55
    bsp_servomotor.o              640       10       20
    bsp_spi.o                     292
    bsp_stepmotor.o               808
    bsp_sw_onoff.o                104
    bsp_tim_pwm.o                 736
    bsp_timer.o                   516                16
    bsp_uart_fifo.o             2 720             1 201
    bsp_w25qxx.o                  896        9    4 098
    bsp_watchdog.o                  8
    cc936.o                       244  176 320
    demo_fatfs.o                           733       80
    diskio.o                      740
    encoder_tim.o                 604                21
    event_groups.o                610
    ff.o                        9 368       36      562
    heap_4.o                      640        4   61 464
    list.o                        152
    main.o                         52       32
    malloc.o                      540       38   43 548  1 044 480
    mcheck.o                      184      768
    misc.o                        136
    modbus.o                      852                 8
    page_weimi.o                  640       13      371
    para.o                      5 114      284      152
    port.o                        588        6        9
    portasm.o                     168
    product_cal.o               1 324      400      101
    protocol.o                    128               509
    queue.o                     1 992
    rc522.o                       238                22
    startup_stm32f40_41xxx.o      680
    stm32f4xx_dma.o               796
    stm32f4xx_exti.o              192
    stm32f4xx_gpio.o              300
    stm32f4xx_it.o                 56       44
    stm32f4xx_iwdg.o               16
    stm32f4xx_rcc.o               488        8       16
    stm32f4xx_sdio.o              380
    stm32f4xx_spi.o               116
    stm32f4xx_syscfg.o             84
    stm32f4xx_tim.o             1 782
    stm32f4xx_usart.o             596
    system_stm32f4xx.o            340        2        4
    tasks.o                     3 072        8      484
    timers.o                    1 188        8       56
    usb_bsp.o                     332
    usb_core.o                  2 640
    usb_hcd.o                     214
    usb_hcd_int.o               3 198
    usbh_core.o                 1 888        8       18
    usbh_hcs.o                    442
    usbh_ioreq.o                  582
    usbh_it.o                      16
    usbh_msc_bot.o              1 364                81
    usbh_msc_core.o             1 000        8       94
    usbh_msc_scsi.o             1 560        1      529
    usbh_stdreq.o               1 078               515
    usbh_usr.o                    418      592    3 125
    --------------------------------------------------------------
    Total:                     91 676  182 313  117 507  1 044 480

command line: [2]
    --------------------------------------------------------------
    Total:

dl7M_tlf.a: [3]
    abort.o                         6
    div.o                          14
    errno.o                        12        2        4
    exit.o                          4
    isxxx.o                        40
    localeconv.o                  108       68      136
    printf.o                       36
    putchar.o                      12
    setlocale.o                    24       58      116
    sprintf.o                      52
    sscanf.o                       36
    strcat.o                       28
    strstr.o                       44
    tolower.o                      20
    xfiles.o                                32      144
    xlocale_c.o                    54
    xprintffull_nomb.o          3 478
    xprout.o                       22
    xscanffull_nomb.o           2 916
    xsprout.o                      10
    xsscin.o                       30
    xstoflt.o                     440
    xstoll.o                      164
    xstopfx.o                     292
    xstoull.o                     432
    xstoxflt.o                    536
    xtls.o                          2
    --------------------------------------------------------------
    Total:                      8 812      160      400

m7M_tls.a: [4]
    DblAdd.o                      232
    DblCmpEq.o                     32
    DblCmpGe.o                     46
    DblCmpLe.o                     46
    DblDiv.o                      598
    DblMul.o                      418
    DblSub.o                      384
    DblToFlt.o                    144
    DblToI32.o                     88
    FltToDbl.o                     78
    I32ToDbl.o                     48
    fpinit_M.o                     34
    xdnorm.o                       66
    xdscale.o                     276
    xdtento.o                     512
    xdunscal.o                     82
    xstold.o                      360
    --------------------------------------------------------------
    Total:                      3 444

rt7M_tl.a: [5]
    ABImemcpy_unaligned.o         118
    ABImemset.o                   102
    I64DivMod.o                   306
    I64DivZer.o                     2
    cexit.o                        10
    cmain.o                        26
    cstartup_M.o                   12
    data_init.o                    40
    memchr.o                       88
    memcmp_unaligned.o             98
    packbits_init.o               208
    strchr.o                       22
    strcmp_unaligned.o             66
    strcpy_unaligned.o             68
    strlen.o                       54
    zero_init3.o                   64
    --------------------------------------------------------------
    Total:                      1 284

shb_l.a: [6]
    exit.o                         20
    --------------------------------------------------------------
    Total:                         20

    Gaps                           50        6        2
    Linker created                          52    2 048
------------------------------------------------------------------
    Grand Total:              105 286  182 531  119 957  1 044 480


*******************************************************************************
*** ENTRY LIST
***

Entry                      Address     Size  Type      Object
-----                      -------     ----  ----      ------
.iar.init_table$$Base   0x080456e0            --   Gb  - Linker created -
.iar.init_table$$Limit  0x08045714            --   Gb  - Linker created -
?main                   0x08045a19           Code  Gb  cmain.o [5]
APBAHBPrescTable        0x20000204     0x10  Data  Lc  stm32f4xx_rcc.o [1]
AppObjCreate            0x0802fc85    0x194  Code  Gb  apptask.o [1]
AppTaskCreate           0x0802fb11    0x16c  Code  Gb  apptask.o [1]
BOTStallErrorCount      0x2001cc48      0x4  Data  Lc  usbh_msc_bot.o [1]
BusFault_Handler        0x080452ef      0x2  Code  Gb  stm32f4xx_it.o [1]
CID_Tab                 0x2001caac     0x10  Data  Lc  bsp_sdio_sd.o [1]
CRC16HiTable            0x08044d90    0x100  Data  Gb  mcheck.o [1]
CRC16LoTable            0x08044e90    0x100  Data  Gb  mcheck.o [1]
CRC8Table               0x08044f90    0x100  Data  Gb  mcheck.o [1]
CSD_Tab                 0x2001ca9c     0x10  Data  Lc  bsp_sdio_sd.o [1]
CSTACK$$Base            0x2001cc98            --   Gb  - Linker created -
CSTACK$$Limit           0x2001d498            --   Gb  - Linker created -
CardType                0x2001cbb4      0x4  Data  Lc  bsp_sdio_sd.o [1]
CmdError                0x080409e5     0x38  Code  Lc  bsp_sdio_sd.o [1]
CmdResp1Error           0x08040a89    0x112  Code  Lc  bsp_sdio_sd.o [1]
CmdResp2Error           0x08040bd9     0x52  Code  Lc  bsp_sdio_sd.o [1]
CmdResp3Error           0x08040b9b     0x3e  Code  Lc  bsp_sdio_sd.o [1]
CmdResp6Error           0x08040c2b     0xa6  Code  Lc  bsp_sdio_sd.o [1]
CmdResp7Error           0x08040a1d     0x58  Code  Lc  bsp_sdio_sd.o [1]
ConfigExitNVIC          0x08038d7b     0x22  Code  Gb  bsp_closeSW.o [1]
ConfigUartNVIC          0x0803a7bb     0x7c  Code  Lc  bsp_uart_fifo.o [1]
DMA1_Stream0_IRQHandler
                        0x080358c9     0x1c  Code  Gb  bsp_servomotor.o [1]
DMA1_Stream3_IRQHandler
                        0x080358e5     0x1c  Code  Gb  bsp_servomotor.o [1]
DMA2_Stream3_IRQHandler
                        0x080412cd      0x8  Code  Gb  bsp_sdio_sd.o [1]
DMAEndOfTransfer        0x2001cbc4      0x4  Data  Gb  bsp_sdio_sd.o [1]
DMA_ClearFlag           0x0803c987     0x24  Code  Gb  stm32f4xx_dma.o [1]
DMA_Cmd                 0x0803c93d     0x1a  Code  Gb  stm32f4xx_dma.o [1]
DMA_DeInit              0x0803c7a5    0x140  Code  Gb  stm32f4xx_dma.o [1]
DMA_FlowControllerConfig
                        0x0803c957     0x18  Code  Gb  stm32f4xx_dma.o [1]
DMA_GetCmdStatus        0x0803c96f     0x18  Code  Gb  stm32f4xx_dma.o [1]
DMA_GetITStatus         0x0803c9ed     0x62  Code  Gb  stm32f4xx_dma.o [1]
DMA_ITConfig            0x0803c9ab     0x42  Code  Gb  stm32f4xx_dma.o [1]
DMA_Init                0x0803c8e5     0x58  Code  Gb  stm32f4xx_dma.o [1]
DebugMon_Handler        0x080452f3      0x2  Code  Gb  stm32f4xx_it.o [1]
DiskFile_init           0x08038c81     0x40  Code  Gb  protocol.o [1]
Disk_File               0x2001c3f4     0xd4  Data  Gb  protocol.o [1]
ENC_Calc_Average_Speed  0x0803941b      0xe  Code  Gb  encoder_tim.o [1]
ENC_Calc_Rot_Speed      0x08039341     0xda  Code  Gb  encoder_tim.o [1]
ENC_Clear_Speed_Buffer  0x08039325     0x1c  Code  Gb  encoder_tim.o [1]
ENC_Init                0x08039239     0xec  Code  Gb  encoder_tim.o [1]
EXTI9_5_IRQHandler      0x08038d9d     0x3c  Code  Gb  bsp_closeSW.o [1]
EXTI_ClearITPendingBit  0x0803db53      0x6  Code  Gb  stm32f4xx_exti.o [1]
EXTI_GetITStatus        0x0803db39     0x1a  Code  Gb  stm32f4xx_exti.o [1]
EXTI_Init               0x0803dab1     0x88  Code  Gb  stm32f4xx_exti.o [1]
FR_Table                0x200000fc     0x50  Data  Gb  demo_fatfs.o [1]
FatFs                   0x2001cb14      0xc  Data  Lc  ff.o [1]
Files                   0x2001c974     0x24  Data  Lc  ff.o [1]
FindSCR                 0x08040e79    0x206  Code  Lc  bsp_sdio_sd.o [1]
Fsid                    0x2001cc68      0x2  Data  Lc  ff.o [1]
GPIO_Init               0x08038de5     0xaa  Code  Gb  stm32f4xx_gpio.o [1]
GPIO_PinAFConfig        0x08038eb7     0x5a  Code  Gb  stm32f4xx_gpio.o [1]
GPIO_ReadInputDataBit   0x08038e8f     0x1a  Code  Gb  stm32f4xx_gpio.o [1]
GPIO_WriteBit           0x08038ea9      0xe  Code  Gb  stm32f4xx_gpio.o [1]
GetDeviceState          0x08038c4d     0x2e  Code  Gb  bsp_sw_onoff.o [1]
HCD_GetCurrentFrame     0x0803cd25      0x8  Code  Gb  usb_hcd.o [1]
HCD_GetCurrentSpeed     0x0803cd07     0x10  Code  Gb  usb_hcd.o [1]
HCD_GetURB_State        0x0803cd2d      0xa  Code  Gb  usb_hcd.o [1]
HCD_GetXferCnt          0x0803cd37      0xc  Code  Gb  usb_hcd.o [1]
HCD_Init                0x0803cc95     0x72  Code  Gb  usb_hcd.o [1]
HCD_ResetPort           0x0803cd17      0xe  Code  Gb  usb_hcd.o [1]
HCD_SubmitRequest       0x0803cd43     0x28  Code  Gb  usb_hcd.o [1]
HardFault_Handler       0x080452bf     0x22  Code  Gb  stm32f4xx_it.o [1]
IWDG_Feed               0x08039b9d      0x8  Code  Gb  bsp_watchdog.o [1]
IWDG_ReloadCounter      0x0803dca5      0xa  Code  Gb  stm32f4xx_iwdg.o [1]
InStream_Read           0x08045091     0x22  Code  Lc  packbits_init.o [5]
InitHardUart            0x0803a3cf    0x3ec  Code  Lc  bsp_uart_fifo.o [1]
Init_JINGSHA_GUI        0x08030b13    0x122  Code  Gb  bsp_sdwe050c17.o [1]
JingSha_File            0x2001c7b8     0x58  Data  Gb  protocol.o [1]
LfnBuf                  0x2001bb88    0x200  Data  Lc  ff.o [1]
LfnOfs                  0x08045e20     0x10  Data  Lc  ff.o [1]
LoadInt                 0x0803b6b9     0x6e  Code  Lc  xprintffull_nomb.o [3]
MSCErrorCount           0x2001cc91      0x1  Data  Gb  usbh_msc_core.o [1]
MSC_Machine             0x2001c860     0x4c  Data  Gb  usbh_msc_core.o [1]
MSG_DEV_ATTACHED        0x08045bc4     0x18  Data  Gb  usbh_usr.o [1]
MSG_DEV_DISCONNECTED    0x08045bdc     0x18  Data  Gb  usbh_usr.o [1]
MSG_DEV_ENUMERATED      0x080459c4     0x1c  Data  Gb  usbh_usr.o [1]
MSG_DEV_ERROR           0x08045ccc     0x14  Data  Gb  usbh_usr.o [1]
MSG_DEV_FULLSPEED       0x08045834     0x20  Data  Gb  usbh_usr.o [1]
MSG_DEV_HIGHSPEED       0x08045814     0x20  Data  Gb  usbh_usr.o [1]
MSG_DEV_LOWSPEED        0x08045854     0x20  Data  Gb  usbh_usr.o [1]
MSG_HID_CLASS           0x080459e0     0x1c  Data  Gb  usbh_usr.o [1]
MSG_MSC_CLASS           0x08045698     0x24  Data  Gb  usbh_usr.o [1]
MSG_UNREC_ERROR         0x080459fc     0x1c  Data  Gb  usbh_usr.o [1]
MemManage_Handler       0x080452ed      0x2  Code  Gb  stm32f4xx_it.o [1]
MotorProcess            0x2001c8ac     0x3c  Data  Gb  page_weimi.o [1]
MotorStepCount          0x080353c5     0x68  Code  Gb  page_weimi.o [1]
NMI_Handler             0x080452bd      0x2  Code  Gb  stm32f4xx_it.o [1]
NVIC_Init               0x0803cacb     0x6a  Code  Gb  misc.o [1]
NVIC_PriorityGroupConfig
                        0x0803cac1      0xa  Code  Gb  misc.o [1]
OTG_FS_IRQHandler       0x08045ea1     0x10  Code  Gb  usbh_it.o [1]
PendSV_Handler          0x0803dcb5           Code  Gb  portasm.o [1]
RCA                     0x2001cbb8      0x4  Data  Lc  bsp_sdio_sd.o [1]
RCC_AHB1PeriphClockCmd  0x0803a20b     0x22  Code  Gb  stm32f4xx_rcc.o [1]
RCC_AHB2PeriphClockCmd  0x0803a22d     0x1e  Code  Gb  stm32f4xx_rcc.o [1]
RCC_APB1PeriphClockCmd  0x0803a24b     0x1e  Code  Gb  stm32f4xx_rcc.o [1]
RCC_APB1PeriphResetCmd  0x0803a287     0x1e  Code  Gb  stm32f4xx_rcc.o [1]
RCC_APB2PeriphClockCmd  0x0803a269     0x1e  Code  Gb  stm32f4xx_rcc.o [1]
RCC_APB2PeriphResetCmd  0x0803a2a5     0x1e  Code  Gb  stm32f4xx_rcc.o [1]
RCC_GetClocksFreq       0x0803a109    0x102  Code  Gb  stm32f4xx_rcc.o [1]
RS485_InitTXE           0x0803a399     0x36  Code  Gb  bsp_uart_fifo.o [1]
RS485_sendbuf           0x0803ac75     0x44  Code  Gb  bsp_uart_fifo.o [1]
Region$$Table$$Base     0x080456e0            --   Gb  - Linker created -
Region$$Table$$Limit    0x08045714            --   Gb  - Linker created -
SDCardInfo              0x2001c760     0x58  Data  Gb  bsp_sdio_sd.o [1]
SDEnWideBus             0x08040cdd    0x198  Code  Lc  bsp_sdio_sd.o [1]
SDIO_ClearFlag          0x0804233d      0x6  Code  Gb  stm32f4xx_sdio.o [1]
SDIO_ClearITPendingBit  0x0804235d      0x6  Code  Gb  stm32f4xx_sdio.o [1]
SDIO_ClockCmd           0x0804226b      0x8  Code  Gb  stm32f4xx_sdio.o [1]
SDIO_CmdInitStructure   0x2001c9e8     0x14  Data  Gb  bsp_sdio_sd.o [1]
SDIO_DMACmd             0x080422fd      0x8  Code  Gb  stm32f4xx_sdio.o [1]
SDIO_DataConfig         0x080422c9     0x2e  Code  Gb  stm32f4xx_sdio.o [1]
SDIO_DataInitStructure  0x2001c9d0     0x18  Data  Gb  bsp_sdio_sd.o [1]
SDIO_DeInit             0x08042229     0x18  Code  Gb  stm32f4xx_sdio.o [1]
SDIO_GetCommandResponse
                        0x080422ab      0x8  Code  Gb  stm32f4xx_sdio.o [1]
SDIO_GetFlagStatus      0x08042323     0x1a  Code  Gb  stm32f4xx_sdio.o [1]
SDIO_GetITStatus        0x08042343     0x1a  Code  Gb  stm32f4xx_sdio.o [1]
SDIO_GetPowerState      0x08042279      0xa  Code  Gb  stm32f4xx_sdio.o [1]
SDIO_GetResponse        0x080422b3     0x16  Code  Gb  stm32f4xx_sdio.o [1]
SDIO_IRQHandler         0x080412c5      0x8  Code  Gb  bsp_sdio_sd.o [1]
SDIO_ITConfig           0x08042305     0x1e  Code  Gb  stm32f4xx_sdio.o [1]
SDIO_Init               0x08042241     0x2a  Code  Gb  stm32f4xx_sdio.o [1]
SDIO_InitStructure      0x2001c9b8     0x18  Data  Gb  bsp_sdio_sd.o [1]
SDIO_Interrupts_Config  0x08041289     0x3c  Code  Gb  bsp_sdio_sd.o [1]
SDIO_ReadData           0x080422f7      0x6  Code  Gb  stm32f4xx_sdio.o [1]
SDIO_SendCommand        0x08042283     0x28  Code  Gb  stm32f4xx_sdio.o [1]
SDIO_SetPowerState      0x08042273      0x6  Code  Gb  stm32f4xx_sdio.o [1]
SDWE_WARNNING           0x08030dbd     0x2a  Code  Gb  bsp_sdwe050c17.o [1]
SD_Detect               0x0803f981     0x22  Code  Gb  bsp_sdio_sd.o [1]
SD_EnableWideBusOperation
                        0x0804017d     0xc8  Code  Gb  bsp_sdio_sd.o [1]
SD_GetCardInfo          0x0803fd91    0x3ec  Code  Gb  bsp_sdio_sd.o [1]
SD_GetState             0x0803f957     0x2a  Code  Gb  bsp_sdio_sd.o [1]
SD_GetStatus            0x0803f935     0x22  Code  Gb  bsp_sdio_sd.o [1]
SD_Init                 0x0803f87d     0xb8  Code  Gb  bsp_sdio_sd.o [1]
SD_InitializeCards      0x0803fbef    0x1a2  Code  Gb  bsp_sdio_sd.o [1]
SD_LowLevel_DMA_RxConfig
                        0x080411d3     0x8e  Code  Gb  bsp_sdio_sd.o [1]
SD_LowLevel_DMA_TxConfig
                        0x08041145     0x8e  Code  Gb  bsp_sdio_sd.o [1]
SD_LowLevel_Init        0x08041081     0xbc  Code  Gb  bsp_sdio_sd.o [1]
SD_PowerON              0x0803f9a3    0x24c  Code  Gb  bsp_sdio_sd.o [1]
SD_ProcessDMAIRQ        0x080409c1     0x22  Code  Gb  bsp_sdio_sd.o [1]
SD_ProcessIRQSrc        0x08040913     0xae  Code  Gb  bsp_sdio_sd.o [1]
SD_ReadBlock            0x0804027d    0x108  Code  Gb  bsp_sdio_sd.o [1]
SD_ReadMultiBlocks      0x08040385    0x134  Code  Gb  bsp_sdio_sd.o [1]
SD_SelectDeselect       0x08040245     0x38  Code  Gb  bsp_sdio_sd.o [1]
SD_SendStatus           0x080408a5     0x6e  Code  Gb  bsp_sdio_sd.o [1]
SD_StopTransfer         0x0804085d     0x44  Code  Gb  bsp_sdio_sd.o [1]
SD_WaitReadOperation    0x080404bd     0x96  Code  Gb  bsp_sdio_sd.o [1]
SD_WriteBlock           0x0804055d    0x11e  Code  Gb  bsp_sdio_sd.o [1]
SD_WriteMultiBlocks     0x08040689    0x1cc  Code  Gb  bsp_sdio_sd.o [1]
SPEED_RADIO             0x08046060      0xc  Data  Gb  page_weimi.o [1]
SPI1_Init               0x0803b009     0xc0  Code  Gb  bsp_spi.o [1]
SPI1_ReadWriteByte      0x0803b0f1     0x32  Code  Gb  bsp_spi.o [1]
SPI1_SetSpeed           0x0803b0c9     0x28  Code  Gb  bsp_spi.o [1]
SPI_Cmd                 0x0803dff1     0x1c  Code  Gb  stm32f4xx_spi.o [1]
SPI_I2S_GetFlagStatus   0x0803e00d     0x18  Code  Gb  stm32f4xx_spi.o [1]
SPI_Init                0x0803dfb1     0x40  Code  Gb  stm32f4xx_spi.o [1]
SRC_Buffer              0x200001f0     0x14  Data  Gb  bsp_servomotor.o [1]
SVC_Handler             0x0803dd0d           Code  Gb  portasm.o [1]
SYSCFG_EXTILineConfig   0x0803da5d     0x50  Code  Gb  stm32f4xx_syscfg.o [1]
Sdwe_ClearReadDisk      0x08030e9f     0x20  Code  Gb  bsp_sdwe050c17.o [1]
Sdwe_change_class_time  0x080314d9     0x30  Code  Gb  bsp_sdwe050c17.o [1]
Sdwe_clearString        0x08030de7     0x5a  Code  Gb  bsp_sdwe050c17.o [1]
Sdwe_clear_filename     0x08030ef5     0x60  Code  Gb  bsp_sdwe050c17.o [1]
Sdwe_disDigi            0x08030c85     0xb0  Code  Gb  bsp_sdwe050c17.o [1]
Sdwe_disPicture         0x08030c35     0x50  Code  Gb  bsp_sdwe050c17.o [1]
Sdwe_disString          0x08030d35     0x88  Code  Gb  bsp_sdwe050c17.o [1]
Sdwe_hidden_page        0x08031571     0x30  Code  Gb  bsp_sdwe050c17.o [1]
Sdwe_peiliao_page       0x08031369    0x14e  Code  Gb  bsp_sdwe050c17.o [1]
Sdwe_period_page        0x08031509     0x68  Code  Gb  bsp_sdwe050c17.o [1]
Sdwe_product_page       0x08031191    0x1d2  Code  Gb  bsp_sdwe050c17.o [1]
Sdwe_ratio_display      0x080314b7     0x22  Code  Gb  bsp_sdwe050c17.o [1]
Sdwe_readRTC            0x08030ebf     0x36  Code  Gb  bsp_sdwe050c17.o [1]
Sdwe_refresh_allname    0x08031149     0x48  Code  Gb  bsp_sdwe050c17.o [1]
Sdwe_refresh_filename   0x08030f55    0x1f4  Code  Gb  bsp_sdwe050c17.o [1]
Sdwe_stop_page          0x080315a1    0x380  Code  Gb  bsp_sdwe050c17.o [1]
Sdwe_writeIcon          0x08030e41     0x5e  Code  Gb  bsp_sdwe050c17.o [1]
SetSysClock             0x08044c8f     0xce  Code  Lc  system_stm32f4xx.o [1]
SlavePara               0x2001c4c8     0xa4  Data  Gb  protocol.o [1]
StepMotor_adjust_speed  0x08039155     0x4e  Code  Gb  bsp_stepmotor.o [1]
StepMotor_start         0x080391df     0x3c  Code  Gb  bsp_stepmotor.o [1]
StepMotor_stop          0x080391a3     0x3c  Code  Gb  bsp_stepmotor.o [1]
StopCondition           0x2001cbbc      0x4  Data  Gb  bsp_sdio_sd.o [1]
SysTick_Handler         0x08039d2b     0x2c  Code  Gb  port.o [1]
SystemCoreClock         0x20000234      0x4  Data  Gb  system_stm32f4xx.o [1]
SystemInit              0x08044c3d     0x52  Code  Gb  system_stm32f4xx.o [1]
TI1_Config              0x0803c6a7     0x38  Code  Lc  stm32f4xx_tim.o [1]
TI2_Config              0x0803c6df     0x42  Code  Lc  stm32f4xx_tim.o [1]
TI3_Config              0x0803c721     0x40  Code  Lc  stm32f4xx_tim.o [1]
TI4_Config              0x0803c761     0x42  Code  Lc  stm32f4xx_tim.o [1]
TIM1_PWM_SETPMOTOR      0x08039081     0x6e  Code  Gb  bsp_stepmotor.o [1]
TIM2_IRQHandler         0x0803af45     0xac  Code  Gb  bsp_timer.o [1]
TIM3_PWM_SETPMOTOR      0x0803901b     0x66  Code  Gb  bsp_stepmotor.o [1]
TIM4_CH1_ConfigPwmOut   0x080356a9     0x1c  Code  Gb  bsp_servomotor.o [1]
TIM4_CH1_GPIO_Configuration
                        0x080356fd     0x6a  Code  Gb  bsp_servomotor.o [1]
TIM4_CH1_PWMDMA_Config  0x080357eb     0xb0  Code  Gb  bsp_servomotor.o [1]
TIM4_CH1_StopPwmOut     0x080356c5     0x38  Code  Gb  bsp_servomotor.o [1]
TIM4_CH2_StopPwmOut     0x0803589b     0x2e  Code  Gb  bsp_servomotor.o [1]
TIM4_MANUAL_PWM_Config  0x08035767     0x78  Code  Gb  bsp_servomotor.o [1]
TIM4_MANUAL_PWM_Stop    0x080357df      0xc  Code  Gb  bsp_servomotor.o [1]
TIM5_PWM_SETPMOTOR      0x080390ef     0x66  Code  Gb  bsp_stepmotor.o [1]
TIM6_DAC_IRQHandler     0x0804525b     0x22  Code  Gb  SysInfoTest.o [1]
TIM8_UP_TIM13_IRQHandler
                        0x08039429     0x46  Code  Gb  encoder_tim.o [1]
TIM_ARRPreloadConfig    0x0803c2ab     0x1c  Code  Gb  stm32f4xx_tim.o [1]
TIM_CallBack1           0x0802fe25     0x44  Code  Gb  apptask.o [1]
TIM_ClearFlag           0x0803c611      0x8  Code  Gb  stm32f4xx_tim.o [1]
TIM_ClearITPendingBit   0x0803c64b      0x8  Code  Gb  stm32f4xx_tim.o [1]
TIM_Cmd                 0x0803c2c7     0x1c  Code  Gb  stm32f4xx_tim.o [1]
TIM_CtrlPWMOutputs      0x0803c5d9     0x22  Code  Gb  stm32f4xx_tim.o [1]
TIM_DMACmd              0x0803c653     0x16  Code  Gb  stm32f4xx_tim.o [1]
TIM_DeInit              0x0803c0ad    0x17c  Code  Gb  stm32f4xx_tim.o [1]
TIM_EncoderInterfaceConfig
                        0x0803c669     0x3e  Code  Gb  stm32f4xx_tim.o [1]
TIM_GetITStatus         0x0803c619     0x32  Code  Gb  stm32f4xx_tim.o [1]
TIM_ICInit              0x0803c507     0x70  Code  Gb  stm32f4xx_tim.o [1]
TIM_ICStructInit        0x0803c577     0x16  Code  Gb  stm32f4xx_tim.o [1]
TIM_ITConfig            0x0803c5fb     0x16  Code  Gb  stm32f4xx_tim.o [1]
TIM_OC1Init             0x0803c2e3     0x7e  Code  Gb  stm32f4xx_tim.o [1]
TIM_OC1PreloadConfig    0x0803c4cf     0x12  Code  Gb  stm32f4xx_tim.o [1]
TIM_OC2Init             0x0803c361     0x8c  Code  Gb  stm32f4xx_tim.o [1]
TIM_OC2PreloadConfig    0x0803c4e1     0x14  Code  Gb  stm32f4xx_tim.o [1]
TIM_OC3Init             0x0803c3ed     0x8a  Code  Gb  stm32f4xx_tim.o [1]
TIM_OC3PreloadConfig    0x0803c4f5     0x12  Code  Gb  stm32f4xx_tim.o [1]
TIM_OCStructInit        0x0803c4ad     0x22  Code  Gb  stm32f4xx_tim.o [1]
TIM_SetIC1Prescaler     0x0803c58d     0x12  Code  Gb  stm32f4xx_tim.o [1]
TIM_SetIC2Prescaler     0x0803c59f     0x14  Code  Gb  stm32f4xx_tim.o [1]
TIM_SetIC3Prescaler     0x0803c5b3     0x12  Code  Gb  stm32f4xx_tim.o [1]
TIM_SetIC4Prescaler     0x0803c5c5     0x14  Code  Gb  stm32f4xx_tim.o [1]
TIM_TimeBaseInit        0x0803c229     0x6a  Code  Gb  stm32f4xx_tim.o [1]
TIM_TimeBaseStructInit  0x0803c293     0x18  Code  Gb  stm32f4xx_tim.o [1]
Task_iwdg_refresh       0x08030175     0x8a  Code  Gb  apptask.o [1]
TransferEnd             0x2001cbc0      0x4  Data  Gb  bsp_sdio_sd.o [1]
TransferError           0x2001cc82      0x1  Data  Gb  bsp_sdio_sd.o [1]
UART1ToPC               0x0803ac15     0x30  Code  Gb  bsp_uart_fifo.o [1]
UART2ToPC               0x0803ac45     0x30  Code  Gb  bsp_uart_fifo.o [1]
UART2_RX_BUF            0x2001c6fc     0x64  Data  Gb  bsp_uart_fifo.o [1]
UART3ToPC               0x0803acb9     0x30  Code  Gb  bsp_uart_fifo.o [1]
UART3_RX_BUF            0x2001b7a0    0x3e8  Data  Gb  bsp_uart_fifo.o [1]
UART4ToPC               0x0803aceb     0x30  Code  Gb  bsp_uart_fifo.o [1]
UART4_IRQHandler        0x0803ab27     0x84  Code  Gb  bsp_uart_fifo.o [1]
UART4_RX_BUF            0x2001c698     0x64  Data  Gb  bsp_uart_fifo.o [1]
UART5ToPC               0x0803ad1b     0x3c  Code  Gb  bsp_uart_fifo.o [1]
UART5_IRQHandler        0x0803abab     0x6a  Code  Gb  bsp_uart_fifo.o [1]
USART1_IRQHandler       0x0803a99f     0x24  Code  Gb  bsp_uart_fifo.o [1]
USART2_IRQHandler       0x0803a9c3     0x82  Code  Gb  bsp_uart_fifo.o [1]
USART3_IRQHandler       0x0803aa45     0xe2  Code  Gb  bsp_uart_fifo.o [1]
USART_ClearFlag         0x0803df0f      0xc  Code  Gb  stm32f4xx_usart.o [1]
USART_ClearITPendingBit
                        0x0803df8b     0x26  Code  Gb  stm32f4xx_usart.o [1]
USART_Cmd               0x0803de59     0x1c  Code  Gb  stm32f4xx_usart.o [1]
USART_DMACmd            0x0803de85     0x16  Code  Gb  stm32f4xx_usart.o [1]
USART_GetFlagStatus     0x0803def1     0x1e  Code  Gb  stm32f4xx_usart.o [1]
USART_GetITStatus       0x0803df1b     0x70  Code  Gb  stm32f4xx_usart.o [1]
USART_ITConfig          0x0803de9b     0x56  Code  Gb  stm32f4xx_usart.o [1]
USART_Init              0x0803dd5d     0xee  Code  Gb  stm32f4xx_usart.o [1]
USART_ReceiveData       0x0803de7d      0x8  Code  Gb  stm32f4xx_usart.o [1]
USART_SendData          0x0803de75      0x8  Code  Gb  stm32f4xx_usart.o [1]
USBH_Alloc_Channel      0x0803ce85     0x2e  Code  Gb  usbh_hcs.o [1]
USBH_BulkReceiveData    0x0803d529     0x62  Code  Gb  usbh_ioreq.o [1]
USBH_BulkSendData       0x0803d4c7     0x62  Code  Gb  usbh_ioreq.o [1]
USBH_CfgDesc            0x2001bf88    0x200  Data  Gb  usbh_stdreq.o [1]
USBH_ClrFeature         0x0803d0cf     0x4c  Code  Gb  usbh_stdreq.o [1]
USBH_Connected          0x08035acd      0xc  Code  Gb  usbh_core.o [1]
USBH_CtlReceiveData     0x0803d481     0x46  Code  Gb  usbh_ioreq.o [1]
USBH_CtlReq             0x0803d35b     0x6e  Code  Gb  usbh_ioreq.o [1]
USBH_CtlSendData        0x0803d40d     0x74  Code  Gb  usbh_ioreq.o [1]
[...]
get_fattime             0x0803d86b      0x4  Code  Gb  diskio.o [1]
get_fileinfo            0x08037309    0x13c  Code  Lc  ff.o [1]
get_float_1bit          0x08032315     0x22  Code  Gb  product_cal.o [1]
get_ldnumber            0x080377ef     0x50  Code  Lc  ff.o [1]
get_period_state        0x080323b7     0x54  Code  Gb  product_cal.o [1]
get_valid_length        0x080320d5     0x26  Code  Gb  bsp_sdwe050c17.o [1]
get_valid_seg           0x080355c7     0x48  Code  Gb  page_weimi.o [1]
get_weimi_para          0x0803550d     0x6e  Code  Gb  page_weimi.o [1]
hEncoder_Timer_Overflow
                        0x2001cc66      0x2  Data  Gb  encoder_tim.o [1]
hPrevious_angle         0x2001cc64      0x2  Data  Gb  encoder_tim.o [1]
hSpeed_Buffer           0x2001cabc     0x10  Data  Gb  encoder_tim.o [1]
hex_to_decimal          0x080320fb     0x26  Code  Gb  bsp_sdwe050c17.o [1]
idwgEventGroup          0x2001cb9c      0x4  Data  Gb  apptask.o [1]
inc_card_type           0x08032519    0x11c  Code  Gb  product_cal.o [1]
inc_lock                0x08036353     0xe8  Code  Lc  ff.o [1]
init_jingsha_para       0x08038cc1     0x38  Code  Gb  protocol.o [1]
init_peiliao_para       0x080321cf     0x4a  Code  Gb  product_cal.o [1]
init_product_para       0x08032121     0xae  Code  Gb  product_cal.o [1]
init_weimi_para         0x0803542d     0xe0  Code  Gb  page_weimi.o [1]
input_password_buf      0x2001cb20      0xc  Data  Gb  protocol.o [1]
input_password_len      0x2001cc8d      0x1  Data  Gb  protocol.o [1]
isDevicePeriod          0x2001cc7e      0x1  Data  Gb  apptask.o [1]
isWork                  0x2001cc77      0x1  Data  Gb  apptask.o [1]
is_same_data            0x0803240b     0x2a  Code  Gb  product_cal.o [1]
is_stop                 0x2001cc87      0x1  Data  Gb  page_weimi.o [1]
isalpha                 0x08041e43     0x14  Code  Gb  isxxx.o [3]
isspace                 0x08041e57     0x14  Code  Gb  isxxx.o [3]
lcd_busy                0x2001cc83      0x1  Data  Gb  bsp_sdwe050c17.o [1]
lcd_rev_buf             0x2001c8e8     0x34  Data  Gb  bsp_sdwe050c17.o [1]
lcd_rev_len             0x2001cc62      0x2  Data  Gb  bsp_sdwe050c17.o [1]
ld_clust                0x08036c7d     0x28  Code  Lc  ff.o [1]
localeconv              0x0803e287     0x16  Code  Gb  localeconv.o [3]
m_ctrl_dev              0x2001cb4c      0x8  Data  Gb  modbus.o [1]
main                    0x080452f5     0x34  Code  Gb  main.o [1]
mallco_dev              0x200001d4     0x1c  Data  Gb  malloc.o [1]
mb_init                 0x08038af9     0x30  Code  Gb  modbus.o [1]
mb_packsend_frame       0x08038a07     0xf2  Code  Gb  modbus.o [1]
mb_unpack_frame         0x080388c5    0x142  Code  Gb  modbus.o [1]
mc_check_crc16          0x0803d9e5     0x40  Code  Gb  mcheck.o [1]
mc_check_crc8           0x0803d9c1     0x24  Code  Gb  mcheck.o [1]
mc_check_sum            0x0803d979     0x2e  Code  Gb  mcheck.o [1]
mc_check_xor            0x0803d9a7     0x1a  Code  Gb  mcheck.o [1]
mem1base                0x2000f248   0xa000  Data  Gb  malloc.o [1]
mem1mapbase             0x2001a248    0xa00  Data  Gb  malloc.o [1]
mem2base                0x68000000  0xf0000  Data  Gb  malloc.o [1]
mem2mapbase             0x680f0000   0xf000  Data  Gb  malloc.o [1]
mem_cmp                 0x0803625f     0x24  Code  Lc  ff.o [1]
mem_cpy                 0x0803622d     0x1c  Code  Lc  ff.o [1]
mem_set                 0x08036249     0x16  Code  Lc  ff.o [1]
memblksize              0x08046144      0x8  Data  Gb  malloc.o [1]
memchr                  0x0803e03d           Code  Gb  memchr.o [5]
memsize                 0x0804614c      0x8  Data  Gb  malloc.o [1]
memtblsize              0x0804613c      0x8  Data  Gb  malloc.o [1]
modbus_send_frame       0x08038b29     0xe6  Code  Gb  modbus.o [1]
move_window             0x08036521     0x40  Code  Lc  ff.o [1]
my_mem_free             0x080338db     0x6c  Code  Gb  malloc.o [1]
my_mem_init             0x0803379f     0x42  Code  Gb  malloc.o [1]
my_mem_malloc           0x0803381f     0xbc  Code  Gb  malloc.o [1]
my_mem_perused          0x080337e1     0x3e  Code  Gb  malloc.o [1]
myfree                  0x08033947     0x24  Code  Gb  malloc.o [1]
mymalloc                0x0803396b     0x2a  Code  Gb  malloc.o [1]
mymemset                0x08033789     0x16  Code  Gb  malloc.o [1]
ndigs                   0x08042098     0x28  Data  Lc  xstoull.o [3]
obuf                    0x2001c810     0x50  Data  Lc  xfiles.o [3]
oem2uni                 0x0801560c  0x15484  Data  Lc  cc936.o [1]
old_card_record         0x2001cc7c      0x1  Data  Gb  apptask.o [1]
old_isWork              0x2001cc78      0x1  Data  Gb  apptask.o [1]
old_is_stop             0x20000244      0x1  Data  Gb  page_weimi.o [1]
old_plan_complete       0x2001cc8b      0x1  Data  Gb  product_cal.o [1]
old_speed_zhu           0x2001cc6c      0x2  Data  Gb  page_weimi.o [1]
old_system_state        0x20000242      0x1  Data  Gb  apptask.o [1]
old_usb_disk_flag       0x2001cc7a      0x1  Data  Gb  apptask.o [1]
para_init               0x08034465     0x80  Code  Gb  para.o [1]
pcInterruptPriorityRegisters
                        0x08046210      0x4  Data  Lc  port.o [1]
peiliao_para            0x2001c91c     0x30  Data  Gb  product_cal.o [1]
pick_lfn                0x08036d73     0x8c  Code  Lc  ff.o [1]
plan_complete           0x2001cc8a      0x1  Data  Gb  product_cal.o [1]
pluse_count             0x2001cc5a      0x2  Data  Gb  apptask.o [1]
pows                    0x080428c8     0x48  Data  Lc  xdtento.o [4]
printf                  0x080336a9     0x24  Code  Gb  printf.o [3]
product_complete_kilo   0x080322bb     0x5a  Code  Gb  product_cal.o [1]
product_complete_meter  0x0803229f     0x1c  Code  Gb  product_cal.o [1]
product_para            0x2001c94c     0x28  Data  Gb  product_cal.o [1]
product_per_meter       0x08032219     0x74  Code  Gb  product_cal.o [1]
prvAddCurrentTaskToDelayedList
                        0x08033149     0x48  Code  Lc  tasks.o [1]
prvAllocateTCBAndStack  0x08033191     0x5a  Code  Lc  tasks.o [1]
prvCheckForValidListAndQueue
                        0x08039b2b     0x52  Code  Lc  timers.o [1]
prvCheckTasksWaitingTermination
                        0x080330df     0x66  Code  Lc  tasks.o [1]
prvCopyDataFromQueue    0x080309ad     0x30  Code  Lc  queue.o [1]
prvCopyDataToQueue      0x08030929     0x84  Code  Lc  queue.o [1]
prvDeleteTCB            0x080331eb     0x12  Code  Lc  tasks.o [1]
prvGetNextExpireTime    0x08039917     0x2e  Code  Lc  timers.o [1]
prvHeapInit             0x0803a019     0x6e  Code  Lc  heap_4.o [1]
prvIdleTask             0x08032ff9     0x26  Code  Lc  tasks.o [1]
prvInitialiseTCBVariables
                        0x0803301f     0x6a  Code  Lc  tasks.o [1]
prvInitialiseTaskLists  0x08033089     0x56  Code  Lc  tasks.o [1]
prvInsertBlockIntoFreeList
                        0x0803a087     0x62  Code  Lc  heap_4.o [1]
prvInsertTimerInActiveList
                        0x0803996d     0x50  Code  Lc  timers.o [1]
prvIsQueueEmpty         0x08030a47     0x20  Code  Lc  queue.o [1]
prvIsQueueFull          0x08030a67     0x22  Code  Lc  queue.o [1]
prvProcessExpiredTimer  0x0803982f     0x5c  Code  Lc  timers.o [1]
prvProcessReceivedCommands
                        0x080399bd     0xde  Code  Lc  timers.o [1]
prvProcessTimerOrBlockTask
                        0x080398a7     0x70  Code  Lc  timers.o [1]
prvResetNextTaskUnblockTime
                        0x080331fd     0x26  Code  Lc  tasks.o [1]
prvSampleTimeNow        0x08039945     0x28  Code  Lc  timers.o [1]
prvSwitchTimerLists     0x08039a9b     0x90  Code  Lc  timers.o [1]
prvTaskExitError        0x08039bc9     0x2a  Code  Lc  port.o [1]
prvTestWaitCondition    0x080396d3     0x24  Code  Lc  event_groups.o [1]
prvTimerTask            0x0803988d     0x1a  Code  Lc  timers.o [1]
prvUnlockQueue          0x080309dd     0x6a  Code  Lc  queue.o [1]
put_fat                 0x0803676f    0x16c  Code  Gb  ff.o [1]
putchar                 0x08045c0d      0xc  Code  Gb  putchar.o [3]
pvPortMalloc            0x08039e89    0x118  Code  Gb  heap_4.o [1]
pxCurrentTCB            0x2001cbf8      0x4  Data  Gb  tasks.o [1]
pxCurrentTimerList      0x2001cc38      0x4  Data  Lc  timers.o [1]
pxDelayedTaskList       0x2001cbfc      0x4  Data  Lc  tasks.o [1]
pxEnd                   0x2001cbd8      0x4  Data  Lc  heap_4.o [1]
pxOverflowDelayedTaskList
                        0x2001cc00      0x4  Data  Lc  tasks.o [1]
pxOverflowTimerList     0x2001cc3c      0x4  Data  Lc  timers.o [1]
pxPortInitialiseStack   0x08039ba5     0x24  Code  Gb  port.o [1]
pxReadyTasksLists       0x2001c188    0x140  Data  Lc  tasks.o [1]
rc522_cmd_anticoll      0x08038869     0x5a  Code  Gb  rc522.o [1]
rc522_cmd_request       0x08038815     0x54  Code  Gb  rc522.o [1]
readDisk                0x2001cc7f      0x1  Data  Gb  apptask.o [1]
readFilenum             0x2001cc80      0x1  Data  Gb  apptask.o [1]
readSlave               0x2001cb08      0xc  Data  Gb  apptask.o [1]
read_device_info        0x08033fd9    0x298  Code  Gb  para.o [1]
read_file_select        0x2001cb38      0xc  Data  Gb  protocol.o [1]
read_from_disk          0x0803451d    0xd04  Code  Gb  para.o [1]
remove_chain            0x080368db     0x76  Code  Lc  ff.o [1]
rfid_rev_buf            0x2001c9fc     0x14  Data  Gb  rc522.o [1]
rfid_rev_cnt            0x2001cc8f      0x1  Data  Gb  rc522.o [1]
rfid_rev_flag           0x2001cc8e      0x1  Data  Gb  rc522.o [1]
rtc_time                0x2001cb54      0x8  Data  Gb  protocol.o [1]
s_TIM_CallBack1         0x2001cbc8      0x4  Data  Lc  bsp_timer.o [1]
s_TIM_CallBack2         0x2001cbcc      0x4  Data  Lc  bsp_timer.o [1]
s_TIM_CallBack3         0x2001cbd0      0x4  Data  Lc  bsp_timer.o [1]
s_TIM_CallBack4         0x2001cbd4      0x4  Data  Lc  bsp_timer.o [1]
sample_time             0x2001cc58      0x2  Data  Gb  apptask.o [1]
sdew_weimi_page1        0x08031945    0x302  Code  Gb  bsp_sdwe050c17.o [1]
sdew_weimi_page2        0x08031c51    0x25e  Code  Gb  bsp_sdwe050c17.o [1]
sdew_weisha_page1       0x08031eb5    0x100  Code  Gb  bsp_sdwe050c17.o [1]
sdew_weisha_page2       0x08031fbd    0x100  Code  Gb  bsp_sdwe050c17.o [1]
servomotor_mode         0x2001cc86      0x1  Data  Gb  page_weimi.o [1]
servomotor_step         0x2001cc6e      0x2  Data  Gb  page_weimi.o [1]
slave_info              0x2001cafc      0xc  Data  Gb  apptask.o [1]
speed_zhu               0x2001cc6a      0x2  Data  Gb  page_weimi.o [1]
sprintf                 0x080386c5     0x34  Code  Gb  sprintf.o [3]
sscanf                  0x0803c089     0x24  Code  Gb  sscanf.o [3]
st_clust                0x08036ca5     0x18  Code  Lc  ff.o [1]
step_motor_adjust       0x2001cc85      0x1  Data  Gb  page_weimi.o [1]
strcat                  0x080386f9     0x1c  Code  Gb  strcat.o [3]
strchr                  0x0803e025           Code  Gb  strchr.o [5]
strlen                  0x08033fa1           Code  Gb  strlen.o [5]
strstr                  0x08038d01     0x10  Code  Gb  para.o [1]
sum_sfn                 0x08036f79     0x20  Code  Lc  ff.o [1]
sync_fs                 0x08036561     0xd8  Code  Lc  ff.o [1]
sync_window             0x080364c7     0x5a  Code  Lc  ff.o [1]
system_state_dis        0x08044aac    0x190  Data  Gb  product_cal.o [1]
tolower                 0x080423f5     0x14  Code  Gb  tolower.o [3]
total_meter_gross       0x2001cbec      0x4  Data  Gb  product_cal.o [1]
total_weight_gross      0x2001cbf0      0x4  Data  Gb  product_cal.o [1]
ucHeap                  0x20000248   0xf000  Data  Lc  heap_4.o [1]
ucMaxSysCallPriority    0x2001cc89      0x1  Data  Lc  port.o [1]
ulHighFrequencyTimerTicks
                        0x2001cbf4      0x4  Data  Gb  SysInfoTest.o [1]
ulMaxPRIGROUPValue      0x2001cbe8      0x4  Data  Lc  port.o [1]
ulTaskSwitchedInTime    0x2001cc30      0x4  Data  Lc  tasks.o [1]
ulTotalRunTime          0x2001cc34      0x4  Data  Lc  tasks.o [1]
uni2oem                 0x08000188  0x15484  Data  Lc  cc936.o [1]
usb_disk_flag           0x2001cc79      0x1  Data  Gb  apptask.o [1]
usbh_OpenMassStorage    0x08035929     0x14  Code  Gb  usbh_usr.o [1]
uxCriticalNesting       0x20000230      0x4  Data  Lc  port.o [1]
uxCurrentNumberOfTasks  0x2001cc08      0x4  Data  Lc  tasks.o [1]
uxListRemove            0x08039e61     0x28  Code  Gb  list.o [1]
uxPendedTicks           0x2001cc18      0x4  Data  Lc  tasks.o [1]
uxSchedulerSuspended    0x2001cc2c      0x4  Data  Lc  tasks.o [1]
uxTaskNumber            0x2001cc24      0x4  Data  Lc  tasks.o [1]
uxTaskResetEventItemValue
                        0x0803325d     0x20  Code  Gb  tasks.o [1]
uxTasksDeleted          0x2001cc04      0x4  Data  Lc  tasks.o [1]
uxTopReadyPriority      0x2001cc10      0x4  Data  Lc  tasks.o [1]
vListInitialise         0x08039df1     0x1e  Code  Gb  list.o [1]
vListInsert             0x08039e27     0x3a  Code  Gb  list.o [1]
vListInsertEnd          0x08039e0f     0x18  Code  Gb  list.o [1]
vPortEnableVFP          0x0803dd41           Code  Gb  portasm.o [1]
vPortEnterCritical      0x08039cbf     0x3a  Code  Gb  port.o [1]
vPortExitCritical       0x08039cf9     0x32  Code  Gb  port.o [1]
vPortFree               0x08039fa1     0x78  Code  Gb  heap_4.o [1]
vPortSetupTimerInterrupt
                        0x08039d57      0xe  Code  Wk  port.o [1]
vPortStartFirstTask     0x0803dd29           Code  Gb  portasm.o [1]
vPortValidateInterruptPriority
                        0x08039d65     0x4e  Code  Gb  port.o [1]
vQueueWaitForMessageRestricted
                        0x08030a89     0x44  Code  Gb  queue.o [1]
vSetupSysInfoTest       0x08045249     0x12  Code  Gb  SysInfoTest.o [1]
vTaskDelay              0x08032855     0x84  Code  Gb  tasks.o [1]
vTaskFreq               0x0802f895    0x23e  Code  Lc  apptask.o [1]
vTaskManageCapacity     0x0802ebe9    0x5a8  Code  Gb  apptask.o [1]
vTaskMassStorage        0x0802d9a1    0x5a8  Code  Lc  apptask.o [1]
vTaskMissedYield        0x08032fef      0xa  Code  Gb  tasks.o [1]
vTaskMotorControl       0x0802f1e1    0x674  Code  Lc  apptask.o [1]
vTaskMsgPro             0x0802e3bd    0x434  Code  Lc  apptask.o [1]
vTaskPlaceOnEventList   0x08032c55     0x74  Code  Gb  tasks.o [1]
vTaskPlaceOnEventListRestricted
                        0x08032d8d     0x80  Code  Gb  tasks.o [1]
vTaskPlaceOnUnorderedEventList
                        0x08032ce5     0xa8  Code  Gb  tasks.o [1]
vTaskReadDisk           0x0802e925    0x26a  Code  Lc  apptask.o [1]
vTaskRev485             0x0802e81d     0xba  Code  Lc  apptask.o [1]
vTaskSetTimeOutState    0x08032f39     0x26  Code  Gb  tasks.o [1]
vTaskStartScheduler     0x080328d9     0x7e  Code  Gb  tasks.o [1]
vTaskSuspendAll         0x08032957     0x10  Code  Gb  tasks.o [1]
vTaskSwitchContext      0x08032ba5     0xb0  Code  Gb  tasks.o [1]
vTaskTaskLCD            0x0802aa91   0x2ed6  Code  Gb  apptask.o [1]
vTaskTaskLED            0x0802df6d     0x20  Code  Lc  apptask.o [1]
vTaskTaskRFID           0x0802df8d    0x3d6  Code  Lc  apptask.o [1]
valid_seg               0x2001cc88      0x1  Data  Gb  page_weimi.o [1]
validate                0x08037d1f     0x36  Code  Lc  ff.o [1]
weimi_para              0x2001c2c8    0x12c  Data  Gb  page_weimi.o [1]
work_idle               0x2001cc8c      0x1  Data  Gb  product_cal.o [1]
work_idle_time          0x2001cc70      0x2  Data  Gb  product_cal.o [1]
xActiveTimerList1       0x2001ca74     0x14  Data  Lc  timers.o [1]
xActiveTimerList2       0x2001ca88     0x14  Data  Lc  timers.o [1]
xBlockAllocatedBit      0x2001cbe4      0x4  Data  Lc  heap_4.o [1]
xDelayedTaskList1       0x2001ca10     0x14  Data  Lc  tasks.o [1]
xDelayedTaskList2       0x2001ca24     0x14  Data  Lc  tasks.o [1]
xEventGroupCreate       0x08039495     0x1c  Code  Gb  event_groups.o [1]
xEventGroupSetBits      0x080395fd     0xd6  Code  Gb  event_groups.o [1]
xEventGroupWaitBits     0x080394b1    0x146  Code  Gb  event_groups.o [1]
xFreeBytesRemaining     0x2001cbdc      0x4  Data  Lc  heap_4.o [1]
xHandleTaskFreq         0x2001cb80      0x4  Data  Gb  apptask.o [1]
xHandleTaskLCD          0x2001cb5c      0x4  Data  Gb  apptask.o [1]
xHandleTaskLED          0x2001cb60      0x4  Data  Gb  apptask.o [1]
xHandleTaskManageCapacity
                        0x2001cb78      0x4  Data  Gb  apptask.o [1]
xHandleTaskMassStorage  0x2001cb68      0x4  Data  Gb  apptask.o [1]
xHandleTaskMotorControl
                        0x2001cb7c      0x4  Data  Gb  apptask.o [1]
xHandleTaskMsgPro       0x2001cb70      0x4  Data  Gb  apptask.o [1]
xHandleTaskRFID         0x2001cb64      0x4  Data  Gb  apptask.o [1]
xHandleTaskReadDisk     0x2001cb6c      0x4  Data  Gb  apptask.o [1]
xHandleTaskRev485       0x2001cb74      0x4  Data  Gb  apptask.o [1]
xHeapStructSize         0x0804620c      0x4  Data  Lc  heap_4.o [1]
xMinimumEverFreeBytesRemaining
                        0x2001cbe0      0x4  Data  Lc  heap_4.o [1]
xNextTaskUnblockTime    0x2001cc28      0x4  Data  Lc  tasks.o [1]
xNumOfOverflows         0x2001cc20      0x4  Data  Lc  tasks.o [1]
xPendingReadyList       0x2001ca38     0x14  Data  Lc  tasks.o [1]
xPortStartScheduler     0x08039bf3     0xcc  Code  Gb  port.o [1]
xQueueGenericCreate     0x08030395     0x7e  Code  Gb  queue.o [1]
xQueueGenericReceive    0x08030789    0x19c  Code  Gb  queue.o [1]
xQueueGenericReset      0x08030305     0x90  Code  Gb  queue.o [1]
xQueueGenericSend       0x08030413    0x1b2  Code  Gb  queue.o [1]
xQueueGenericSendFromISR
                        0x080305c5     0xec  Code  Gb  queue.o [1]
xQueueGiveFromISR       0x080306b1     0xd8  Code  Gb  queue.o [1]
xQueue_MQTT_Recv        0x2001cba4      0x4  Data  Gb  apptask.o [1]
xQueue_MQTT_Transmit    0x2001cba8      0x4  Data  Gb  apptask.o [1]
xQueue_esp8266_Cmd      0x2001cbac      0x4  Data  Gb  apptask.o [1]
xQueue_message          0x2001cbb0      0x4  Data  Gb  apptask.o [1]
xSchedulerRunning       0x2001cc14      0x4  Data  Lc  tasks.o [1]
xSemaphore_download     0x2001cb94      0x4  Data  Gb  apptask.o [1]
xSemaphore_encoder      0x2001cb90      0x4  Data  Gb  apptask.o [1]
xSemaphore_lcd          0x2001cb84      0x4  Data  Gb  apptask.o [1]
xSemaphore_pluse        0x2001cb8c      0x4  Data  Gb  apptask.o [1]
xSemaphore_readDisk     0x2001cb98      0x4  Data  Gb  apptask.o [1]
xSemaphore_rs485        0x2001cb88      0x4  Data  Gb  apptask.o [1]
xStart                  0x2001cb44      0x8  Data  Lc  heap_4.o [1]
xSuspendedTaskList      0x2001ca60     0x14  Data  Lc  tasks.o [1]
xTaskCheckForTimeOut    0x08032f65     0x8a  Code  Gb  tasks.o [1]
xTaskGenericCreate      0x080326d1    0x184  Code  Gb  tasks.o [1]
xTaskGetSchedulerState  0x08033223     0x26  Code  Gb  tasks.o [1]
xTaskGetTickCount       0x08032a67      0xa  Code  Gb  tasks.o [1]
xTaskIncrementTick      0x08032a71    0x134  Code  Gb  tasks.o [1]
xTaskRemoveFromEventList
                        0x08032e11     0x8e  Code  Gb  tasks.o [1]
xTaskRemoveFromUnorderedEventList
                        0x08032ea5     0x94  Code  Gb  tasks.o [1]
xTaskResumeAll          0x08032967    0x100  Code  Gb  tasks.o [1]
xTasksWaitingTermination
                        0x2001ca4c     0x14  Data  Lc  tasks.o [1]
xTickCount              0x2001cc0c      0x4  Data  Lc  tasks.o [1]
xTimerCreate            0x08039749     0x62  Code  Gb  timers.o [1]
xTimerCreateTimerTask   0x080396f9     0x50  Code  Gb  timers.o [1]
xTimerGenericCommand    0x080397ab     0x84  Code  Gb  timers.o [1]
xTimerQueue             0x2001cc40      0x4  Data  Lc  timers.o [1]
xTimerUser              0x2001cba0      0x4  Data  Gb  apptask.o [1]
xYieldPending           0x2001cc1c      0x4  Data  Lc  tasks.o [1]


[1] = E:\work\YarnControl_Driver\src\stm32f4_rtos\Project\EWARMv7\Flash\Obj
[2] = command line
[3] = dl7M_tlf.a
[4] = m7M_tls.a
[5] = rt7M_tl.a
[6] = shb_l.a

  105 286 bytes of readonly  code memory
  182 531 bytes of readonly  data memory
  119 957 bytes of readwrite data memory (+ 1 044 480 absolute)

Errors: none
Warnings: none
