###############################################################################
#
# IAR ELF Linker V7.40.7.9843/W32 for ARM                 22/Jan/2019  16:56:48
# Copyright 2007-2015 IAR Systems AB.
#
#    Output file  =  
#        F:\work\YarnControl_Driver\src\stm32f4_rtos\Project\EWARMv7\Flash\Exe\project.out
#    Map file     =  
#        F:\work\YarnControl_Driver\src\stm32f4_rtos\Project\EWARMv7\Flash\List\project.map
#    Command line =  
#        F:\work\YarnControl_Driver\src\stm32f4_rtos\Project\EWARMv7\Flash\Obj\apptask.o
#        F:\work\YarnControl_Driver\src\stm32f4_rtos\Project\EWARMv7\Flash\Obj\bsp.o
#        F:\work\YarnControl_Driver\src\stm32f4_rtos\Project\EWARMv7\Flash\Obj\bsp_closeSW.o
#        F:\work\YarnControl_Driver\src\stm32f4_rtos\Project\EWARMv7\Flash\Obj\bsp_dwt.o
#        F:\work\YarnControl_Driver\src\stm32f4_rtos\Project\EWARMv7\Flash\Obj\bsp_led.o
#        F:\work\YarnControl_Driver\src\stm32f4_rtos\Project\EWARMv7\Flash\Obj\bsp_relay.o
#        F:\work\YarnControl_Driver\src\stm32f4_rtos\Project\EWARMv7\Flash\Obj\bsp_sdio_sd.o
#        F:\work\YarnControl_Driver\src\stm32f4_rtos\Project\EWARMv7\Flash\Obj\bsp_sdwe050c17.o
#        F:\work\YarnControl_Driver\src\stm32f4_rtos\Project\EWARMv7\Flash\Obj\bsp_servomotor.o
#        F:\work\YarnControl_Driver\src\stm32f4_rtos\Project\EWARMv7\Flash\Obj\bsp_spi.o
#        F:\work\YarnControl_Driver\src\stm32f4_rtos\Project\EWARMv7\Flash\Obj\bsp_stepmotor.o
#        F:\work\YarnControl_Driver\src\stm32f4_rtos\Project\EWARMv7\Flash\Obj\bsp_sw_onoff.o
#        F:\work\YarnControl_Driver\src\stm32f4_rtos\Project\EWARMv7\Flash\Obj\bsp_tim_pwm.o
#        F:\work\YarnControl_Driver\src\stm32f4_rtos\Project\EWARMv7\Flash\Obj\bsp_timer.o
#        F:\work\YarnControl_Driver\src\stm32f4_rtos\Project\EWARMv7\Flash\Obj\bsp_uart_fifo.o
#        F:\work\YarnControl_Driver\src\stm32f4_rtos\Project\EWARMv7\Flash\Obj\bsp_w25qxx.o
#        F:\work\YarnControl_Driver\src\stm32f4_rtos\Project\EWARMv7\Flash\Obj\bsp_watchdog.o
#        F:\work\YarnControl_Driver\src\stm32f4_rtos\Project\EWARMv7\Flash\Obj\cc936.o
#        F:\work\YarnControl_Driver\src\stm32f4_rtos\Project\EWARMv7\Flash\Obj\croutine.o
#        F:\work\YarnControl_Driver\src\stm32f4_rtos\Project\EWARMv7\Flash\Obj\demo_fatfs.o
#        F:\work\YarnControl_Driver\src\stm32f4_rtos\Project\EWARMv7\Flash\Obj\diskio.o
#        F:\work\YarnControl_Driver\src\stm32f4_rtos\Project\EWARMv7\Flash\Obj\encoder.o
#        F:\work\YarnControl_Driver\src\stm32f4_rtos\Project\EWARMv7\Flash\Obj\event_groups.o
#        F:\work\YarnControl_Driver\src\stm32f4_rtos\Project\EWARMv7\Flash\Obj\ff.o
#        F:\work\YarnControl_Driver\src\stm32f4_rtos\Project\EWARMv7\Flash\Obj\heap_4.o
#        F:\work\YarnControl_Driver\src\stm32f4_rtos\Project\EWARMv7\Flash\Obj\list.o
#        F:\work\YarnControl_Driver\src\stm32f4_rtos\Project\EWARMv7\Flash\Obj\main.o
#        F:\work\YarnControl_Driver\src\stm32f4_rtos\Project\EWARMv7\Flash\Obj\malloc.o
#        F:\work\YarnControl_Driver\src\stm32f4_rtos\Project\EWARMv7\Flash\Obj\mcheck.o
#        F:\work\YarnControl_Driver\src\stm32f4_rtos\Project\EWARMv7\Flash\Obj\misc.o
#        F:\work\YarnControl_Driver\src\stm32f4_rtos\Project\EWARMv7\Flash\Obj\modbus.o
#        F:\work\YarnControl_Driver\src\stm32f4_rtos\Project\EWARMv7\Flash\Obj\page_weimi.o
#        F:\work\YarnControl_Driver\src\stm32f4_rtos\Project\EWARMv7\Flash\Obj\para.o
#        F:\work\YarnControl_Driver\src\stm32f4_rtos\Project\EWARMv7\Flash\Obj\port.o
#        F:\work\YarnControl_Driver\src\stm32f4_rtos\Project\EWARMv7\Flash\Obj\portasm.o
#        F:\work\YarnControl_Driver\src\stm32f4_rtos\Project\EWARMv7\Flash\Obj\product_cal.o
#        F:\work\YarnControl_Driver\src\stm32f4_rtos\Project\EWARMv7\Flash\Obj\protocol.o
#        F:\work\YarnControl_Driver\src\stm32f4_rtos\Project\EWARMv7\Flash\Obj\queue.o
#        F:\work\YarnControl_Driver\src\stm32f4_rtos\Project\EWARMv7\Flash\Obj\rc522.o
#        F:\work\YarnControl_Driver\src\stm32f4_rtos\Project\EWARMv7\Flash\Obj\startup_stm32f40_41xxx.o
#        F:\work\YarnControl_Driver\src\stm32f4_rtos\Project\EWARMv7\Flash\Obj\stm32f4xx_adc.o
#        F:\work\YarnControl_Driver\src\stm32f4_rtos\Project\EWARMv7\Flash\Obj\stm32f4xx_assert.o
#        F:\work\YarnControl_Driver\src\stm32f4_rtos\Project\EWARMv7\Flash\Obj\stm32f4xx_can.o
#        F:\work\YarnControl_Driver\src\stm32f4_rtos\Project\EWARMv7\Flash\Obj\stm32f4xx_crc.o
#        F:\work\YarnControl_Driver\src\stm32f4_rtos\Project\EWARMv7\Flash\Obj\stm32f4xx_cryp.o
#        F:\work\YarnControl_Driver\src\stm32f4_rtos\Project\EWARMv7\Flash\Obj\stm32f4xx_cryp_aes.o
#        F:\work\YarnControl_Driver\src\stm32f4_rtos\Project\EWARMv7\Flash\Obj\stm32f4xx_cryp_des.o
#        F:\work\YarnControl_Driver\src\stm32f4_rtos\Project\EWARMv7\Flash\Obj\stm32f4xx_cryp_tdes.o
#        F:\work\YarnControl_Driver\src\stm32f4_rtos\Project\EWARMv7\Flash\Obj\stm32f4xx_dac.o
#        F:\work\YarnControl_Driver\src\stm32f4_rtos\Project\EWARMv7\Flash\Obj\stm32f4xx_dbgmcu.o
#        F:\work\YarnControl_Driver\src\stm32f4_rtos\Project\EWARMv7\Flash\Obj\stm32f4xx_dcmi.o
#        F:\work\YarnControl_Driver\src\stm32f4_rtos\Project\EWARMv7\Flash\Obj\stm32f4xx_dma.o
#        F:\work\YarnControl_Driver\src\stm32f4_rtos\Project\EWARMv7\Flash\Obj\stm32f4xx_dma2d.o
#        F:\work\YarnControl_Driver\src\stm32f4_rtos\Project\EWARMv7\Flash\Obj\stm32f4xx_exti.o
#        F:\work\YarnControl_Driver\src\stm32f4_rtos\Project\EWARMv7\Flash\Obj\stm32f4xx_flash.o
#        F:\work\YarnControl_Driver\src\stm32f4_rtos\Project\EWARMv7\Flash\Obj\stm32f4xx_fsmc.o
#        F:\work\YarnControl_Driver\src\stm32f4_rtos\Project\EWARMv7\Flash\Obj\stm32f4xx_gpio.o
#        F:\work\YarnControl_Driver\src\stm32f4_rtos\Project\EWARMv7\Flash\Obj\stm32f4xx_hash.o
#        F:\work\YarnControl_Driver\src\stm32f4_rtos\Project\EWARMv7\Flash\Obj\stm32f4xx_hash_md5.o
#        F:\work\YarnControl_Driver\src\stm32f4_rtos\Project\EWARMv7\Flash\Obj\stm32f4xx_hash_sha1.o
#        F:\work\YarnControl_Driver\src\stm32f4_rtos\Project\EWARMv7\Flash\Obj\stm32f4xx_i2c.o
#        F:\work\YarnControl_Driver\src\stm32f4_rtos\Project\EWARMv7\Flash\Obj\stm32f4xx_it.o
#        F:\work\YarnControl_Driver\src\stm32f4_rtos\Project\EWARMv7\Flash\Obj\stm32f4xx_iwdg.o
#        F:\work\YarnControl_Driver\src\stm32f4_rtos\Project\EWARMv7\Flash\Obj\stm32f4xx_ltdc.o
#        F:\work\YarnControl_Driver\src\stm32f4_rtos\Project\EWARMv7\Flash\Obj\stm32f4xx_pwr.o
#        F:\work\YarnControl_Driver\src\stm32f4_rtos\Project\EWARMv7\Flash\Obj\stm32f4xx_rcc.o
#        F:\work\YarnControl_Driver\src\stm32f4_rtos\Project\EWARMv7\Flash\Obj\stm32f4xx_rng.o
#        F:\work\YarnControl_Driver\src\stm32f4_rtos\Project\EWARMv7\Flash\Obj\stm32f4xx_rtc.o
#        F:\work\YarnControl_Driver\src\stm32f4_rtos\Project\EWARMv7\Flash\Obj\stm32f4xx_sai.o
#        F:\work\YarnControl_Driver\src\stm32f4_rtos\Project\EWARMv7\Flash\Obj\stm32f4xx_sdio.o
#        F:\work\YarnControl_Driver\src\stm32f4_rtos\Project\EWARMv7\Flash\Obj\stm32f4xx_spi.o
#        F:\work\YarnControl_Driver\src\stm32f4_rtos\Project\EWARMv7\Flash\Obj\stm32f4xx_syscfg.o
#        F:\work\YarnControl_Driver\src\stm32f4_rtos\Project\EWARMv7\Flash\Obj\stm32f4xx_tim.o
#        F:\work\YarnControl_Driver\src\stm32f4_rtos\Project\EWARMv7\Flash\Obj\stm32f4xx_usart.o
#        F:\work\YarnControl_Driver\src\stm32f4_rtos\Project\EWARMv7\Flash\Obj\stm32f4xx_wwdg.o
#        F:\work\YarnControl_Driver\src\stm32f4_rtos\Project\EWARMv7\Flash\Obj\SysInfoTest.o
#        F:\work\YarnControl_Driver\src\stm32f4_rtos\Project\EWARMv7\Flash\Obj\system_stm32f4xx.o
#        F:\work\YarnControl_Driver\src\stm32f4_rtos\Project\EWARMv7\Flash\Obj\tasks.o
#        F:\work\YarnControl_Driver\src\stm32f4_rtos\Project\EWARMv7\Flash\Obj\timers.o
#        F:\work\YarnControl_Driver\src\stm32f4_rtos\Project\EWARMv7\Flash\Obj\usb_bsp.o
#        F:\work\YarnControl_Driver\src\stm32f4_rtos\Project\EWARMv7\Flash\Obj\usb_core.o
#        F:\work\YarnControl_Driver\src\stm32f4_rtos\Project\EWARMv7\Flash\Obj\usb_hcd.o
#        F:\work\YarnControl_Driver\src\stm32f4_rtos\Project\EWARMv7\Flash\Obj\usb_hcd_int.o
#        F:\work\YarnControl_Driver\src\stm32f4_rtos\Project\EWARMv7\Flash\Obj\usbh_core.o
#        F:\work\YarnControl_Driver\src\stm32f4_rtos\Project\EWARMv7\Flash\Obj\usbh_hcs.o
#        F:\work\YarnControl_Driver\src\stm32f4_rtos\Project\EWARMv7\Flash\Obj\usbh_ioreq.o
#        F:\work\YarnControl_Driver\src\stm32f4_rtos\Project\EWARMv7\Flash\Obj\usbh_it.o
#        F:\work\YarnControl_Driver\src\stm32f4_rtos\Project\EWARMv7\Flash\Obj\usbh_msc_bot.o
#        F:\work\YarnControl_Driver\src\stm32f4_rtos\Project\EWARMv7\Flash\Obj\usbh_msc_core.o
#        F:\work\YarnControl_Driver\src\stm32f4_rtos\Project\EWARMv7\Flash\Obj\usbh_msc_scsi.o
#        F:\work\YarnControl_Driver\src\stm32f4_rtos\Project\EWARMv7\Flash\Obj\usbh_stdreq.o
#        F:\work\YarnControl_Driver\src\stm32f4_rtos\Project\EWARMv7\Flash\Obj\usbh_usr.o
#        -o
#        F:\work\YarnControl_Driver\src\stm32f4_rtos\Project\EWARMv7\Flash\Exe\project.out
#        --map
#        F:\work\YarnControl_Driver\src\stm32f4_rtos\Project\EWARMv7\Flash\List\project.map
#        --config
#        F:\work\YarnControl_Driver\src\stm32f4_rtos\Project\EWARMv7\stm32f4xx_flash.icf
#        --semihosting --entry __iar_program_start --inline --vfe
#
###############################################################################

*******************************************************************************
*** RUNTIME MODEL ATTRIBUTES
***

CppFlavor       = *
__SystemLibrary = DLib


*******************************************************************************
*** PLACEMENT SUMMARY
***

"A1":  place at 0x08000000 { ro section .intvec };
"P1":  place in [from 0x08000000 to 0x080fffff] { ro };
"P2":  place in [from 0x20000000 to 0x2001ffff] { rw, block CSTACK, block HEAP };

  Section             Kind        Address     Size  Object
  -------             ----        -------     ----  ------
"A1":                                        0x188
  .intvec             ro code  0x08000000    0x188  startup_stm32f40_41xxx.o [1]
                             - 0x08000188    0x188

"P1":                                      0x41509
  .rodata             const    0x08000188  0x15484  cc936.o [1]
  .rodata             const    0x0801560c  0x15484  cc936.o [1]
  .text               ro code  0x0802aa90   0x4148  apptask.o [1]
  .text               ro code  0x0802ebd8    0xc00  tasks.o [1]
  .text               ro code  0x0802f7d8    0x7c8  queue.o [1]
  .text               ro code  0x0802ffa0   0x1258  bsp_sdwe050c17.o [1]
  .text               ro code  0x080311f8    0x524  product_cal.o [1]
  .text               ro code  0x0803171c     0x66  ABImemset.o [5]
  .text               ro code  0x08031782      0xa  xsprout.o [3]
  .text               ro code  0x0803178c    0x380  bsp_w25qxx.o [1]
  .text               ro code  0x08031b0c     0x76  ABImemcpy_unaligned.o [5]
  .text               ro code  0x08031b84     0x4e  FltToDbl.o [4]
  .text               ro code  0x08031bd4     0x24  printf.o [3]
  .text               ro code  0x08031bf8     0x42  strcmp_unaligned.o [5]
  .text               ro code  0x08031c3c    0x21c  malloc.o [1]
  .text               ro code  0x08031e58    0x6ec  stm32f4xx_tim.o [1]
  .text               ro code  0x08032544     0x30  I32ToDbl.o [4]
  .text               ro code  0x08032574    0x256  DblDiv.o [4]
  .text               ro code  0x080327cc     0xe8  DblAdd.o [4]
  .text               ro code  0x080328b4    0x1a2  DblMul.o [4]
  .text               ro code  0x08032a58     0x58  DblToI32.o [4]
  .text               ro code  0x08032ab0     0x90  DblToFlt.o [4]
  .text               ro code  0x08032b40     0x36  strlen.o [5]
  .text               ro code  0x08032b78     0x62  memcmp_unaligned.o [5]
  .text               ro code  0x08032bdc    0x1b6  usbh_usr.o [1]
  .text               ro code  0x08032d94    0x760  usbh_core.o [1]
  .text               ro code  0x080334f4   0x2264  ff.o [1]
  .text               ro code  0x08035758     0x34  sprintf.o [3]
  .text               ro code  0x0803578c     0x1c  strcat.o [3]
  .text               ro code  0x080357a8     0xc0  bsp_led.o [1]
  .text               ro code  0x08035868     0xae  rc522.o [1]
  .text               ro code  0x08035918    0x354  modbus.o [1]
  .text               ro code  0x08035c6c     0x68  bsp_sw_onoff.o [1]
  .text               ro code  0x08035cd4     0x44  protocol.o [1]
  .text               ro code  0x08035d18     0x10  apptask.o [1]
  .text               ro code  0x08035d28    0x224  bsp_stepmotor.o [1]
  .text               ro code  0x08035f4c    0x12c  stm32f4xx_gpio.o [1]
  .text               ro code  0x08036078    0x48c  bsp_servomotor.o [1]
  .text               ro code  0x08036504    0x2f4  encoder.o [1]
  .text               ro code  0x080367f8     0x70  page_weimi.o [1]
  .text               ro code  0x08036868    0x262  event_groups.o [1]
  .text               ro code  0x08036acc    0x4a4  timers.o [1]
  .text               ro code  0x08036f70      0x8  bsp_watchdog.o [1]
  .text               ro code  0x08036f78    0x24c  port.o [1]
  .text               ro code  0x080371c4     0x98  list.o [1]
  .text               ro code  0x0803725c    0x280  heap_4.o [1]
  .text               ro code  0x080374dc    0x1e8  stm32f4xx_rcc.o [1]
  .text               ro code  0x080376c4    0x9e4  bsp_uart_fifo.o [1]
  .text               ro code  0x080380a8    0x204  bsp_timer.o [1]
  .text               ro code  0x080382ac    0x124  bsp_spi.o [1]
  .text               ro code  0x080383d0    0xd96  xprintffull_nomb.o [3]
  .text               ro code  0x08039168    0x180  DblSub.o [4]
  .text               ro code  0x080392e8    0x14c  usb_bsp.o [1]
  .text               ro code  0x08039434     0xd6  usb_hcd.o [1]
  .text               ro code  0x0803950a    0x1ba  usbh_hcs.o [1]
  .text               ro code  0x080396c4    0x436  usbh_stdreq.o [1]
  .text               ro code  0x08039afa    0x246  usbh_ioreq.o [1]
  .text               ro code  0x08039d40    0x2e4  diskio.o [1]
  .text               ro code  0x0803a024     0xf4  cc936.o [1]
  .text               ro code  0x0803a118     0xb8  mcheck.o [1]
  .text               ro code  0x0803a1d0     0x2c  strstr.o [3]
  .text               ro code  0x0803a1fc    0x31c  stm32f4xx_dma.o [1]
  .text               ro code  0x0803a518     0x88  misc.o [1]
  .text               ro code  0x0803a5a0     0x10  stm32f4xx_iwdg.o [1]
  CODE                ro code  0x0803a5b0     0xa8  portasm.o [1]
  .text               ro code  0x0803a658    0x254  stm32f4xx_usart.o [1]
  .text               ro code  0x0803a8ac     0x74  stm32f4xx_spi.o [1]
  .text               ro code  0x0803a920     0x16  strchr.o [5]
  .text               ro code  0x0803a938     0x58  memchr.o [5]
  .text               ro code  0x0803a990     0xee  I64DivMod.o [5]
  .text               ro code  0x0803aa7e     0x42  xdnorm.o [4]
  .text               ro code  0x0803aac0     0x2e  DblCmpLe.o [4]
  .text               ro code  0x0803aaf0     0x2e  DblCmpGe.o [4]
  .text               ro code  0x0803ab20    0x114  xdscale.o [4]
  .text               ro code  0x0803ac34     0x6c  localeconv.o [3]
  .text               ro code  0x0803aca0      0xe  div.o [3]
  .text               ro code  0x0803acb0     0x74  bsp_dwt.o [1]
  .text               ro code  0x0803ad24    0xa50  usb_core.o [1]
  .text               ro code  0x0803b774   0x1a58  bsp_sdio_sd.o [1]
  .text               ro code  0x0803d1cc    0x618  usbh_msc_scsi.o [1]
  .text               ro code  0x0803d7e4    0x554  usbh_msc_bot.o [1]
  .text               ro code  0x0803dd38      0x2  I64DivZer.o [5]
  .text               ro code  0x0803dd3c    0x17c  stm32f4xx_sdio.o [1]
  .text               ro code  0x0803deb8    0xc7e  usb_hcd_int.o [1]
  .text               ro code  0x0803eb38    0x3e8  usbh_msc_core.o [1]
  .rodata             const    0x0803ef20    0x3dc  cc936.o [1]
  .rodata             const    0x0803f2fc    0x3dc  cc936.o [1]
  .text               ro code  0x0803f6d8    0x2e0  bsp_tim_pwm.o [1]
  .text               ro code  0x0803f9b8    0x2bc  para.o [1]
  .text               ro code  0x0803fc74     0x44  strcpy_unaligned.o [5]
  .rodata             const    0x0803fcb8    0x1f4  apptask.o [1]
  .rodata             const    0x0803feac    0x190  product_cal.o [1]
  .text               ro code  0x0804003c    0x154  system_stm32f4xx.o [1]
  .rodata             const    0x08040190    0x100  mcheck.o [1]
  .rodata             const    0x08040290    0x100  mcheck.o [1]
  .rodata             const    0x08040390    0x100  mcheck.o [1]
  .text               ro code  0x08040490     0xd4  bsp_closeSW.o [1]
  .text               ro code  0x08040564     0x54  stm32f4xx_syscfg.o [1]
  .text               ro code  0x080405b8     0xc0  stm32f4xx_exti.o [1]
  .text               ro code  0x08040678     0xd0  packbits_init.o [5]
  .text               ro code  0x08040748      0x6  abort.o [3]
  .text               ro code  0x08040750     0x14  exit.o [6]
  .text               ro code  0x08040764     0x4c  bsp.o [1]
  .text               ro code  0x080407b0     0x44  bsp_relay.o [1]
  .text               ro code  0x080407f4     0x40  zero_init3.o [5]
  .text               ro code  0x08040834     0x3c  SysInfoTest.o [1]
  .rodata             const    0x08040870     0x38  demo_fatfs.o [1]
  .text               ro code  0x080408a8     0x38  stm32f4xx_it.o [1]
  .text               ro code  0x080408e0     0x34  main.o [1]
  .rodata             const    0x08040914     0x30  apptask.o [1]
  .rodata             const    0x08040944     0x30  demo_fatfs.o [1]
  .rodata             const    0x08040974     0x30  demo_fatfs.o [1]
  .rodata             const    0x080409a4     0x2c  apptask.o [1]
  .rodata             const    0x080409d0     0x2c  demo_fatfs.o [1]
  .rodata             const    0x080409fc     0x2c  demo_fatfs.o [1]
  .rodata             const    0x08040a28     0x2c  stm32f4xx_it.o [1]
  .rodata             const    0x08040a54     0x28  demo_fatfs.o [1]
  .rodata             const    0x08040a7c     0x28  demo_fatfs.o [1]
  .rodata             const    0x08040aa4     0x28  demo_fatfs.o [1]
  .text               ro code  0x08040acc     0x28  data_init.o [5]
  .rodata             const    0x08040af4     0x24  demo_fatfs.o [1]
  .rodata             const    0x08040b18     0x24  demo_fatfs.o [1]
  .rodata             const    0x08040b3c     0x24  usbh_usr.o [1]
  .text               ro code  0x08040b60     0x22  fpinit_M.o [4]
  .iar.init_table     const    0x08040b84     0x34  - Linker created -
  .rodata             const    0x08040bb8     0x20  apptask.o [1]
  .rodata             const    0x08040bd8     0x20  apptask.o [1]
  .rodata             const    0x08040bf8     0x20  bsp_sdwe050c17.o [1]
  .rodata             const    0x08040c18     0x20  demo_fatfs.o [1]
  .rodata             const    0x08040c38     0x20  demo_fatfs.o [1]
  .rodata             const    0x08040c58     0x20  demo_fatfs.o [1]
  .rodata             const    0x08040c78     0x20  usbh_usr.o [1]
  .rodata             const    0x08040c98     0x20  usbh_usr.o [1]
  .rodata             const    0x08040cb8     0x20  usbh_usr.o [1]
  .rodata             const    0x08040cd8     0x20  usbh_usr.o [1]
  .rodata             const    0x08040cf8     0x20  usbh_usr.o [1]
  .rodata             const    0x08040d18     0x1c  apptask.o [1]
  .rodata             const    0x08040d34     0x1c  apptask.o [1]
  .rodata             const    0x08040d50     0x1c  apptask.o [1]
  .rodata             const    0x08040d6c     0x1c  apptask.o [1]
  .rodata             const    0x08040d88     0x1c  apptask.o [1]
  .rodata             const    0x08040da4     0x1c  apptask.o [1]
  .rodata             const    0x08040dc0     0x1c  apptask.o [1]
  .rodata             const    0x08040ddc     0x1c  demo_fatfs.o [1]
  .rodata             const    0x08040df8     0x1c  demo_fatfs.o [1]
  .rodata             const    0x08040e14     0x1c  usbh_usr.o [1]
  .rodata             const    0x08040e30     0x1c  usbh_usr.o [1]
  .rodata             const    0x08040e4c     0x1c  usbh_usr.o [1]
  .rodata             const    0x08040e68     0x1c  usbh_usr.o [1]
  .rodata             const    0x08040e84     0x1c  usbh_usr.o [1]
  .rodata             const    0x08040ea0     0x1c  usbh_usr.o [1]
  .text               ro code  0x08040ebc     0x1a  cmain.o [5]
  .text               ro code  0x08040ed6      0x4  exit.o [3]
  .text               ro code  0x08040edc      0xa  cexit.o [5]
  .rodata             const    0x08040ee8     0x18  apptask.o [1]
  .rodata             const    0x08040f00     0x18  apptask.o [1]
  .rodata             const    0x08040f18     0x18  apptask.o [1]
  .rodata             const    0x08040f30     0x18  apptask.o [1]
  .rodata             const    0x08040f48     0x18  apptask.o [1]
  .rodata             const    0x08040f60     0x18  apptask.o [1]
  .rodata             const    0x08040f78     0x18  apptask.o [1]
  .rodata             const    0x08040f90     0x18  demo_fatfs.o [1]
  .rodata             const    0x08040fa8     0x18  demo_fatfs.o [1]
  .rodata             const    0x08040fc0     0x18  demo_fatfs.o [1]
  .rodata             const    0x08040fd8     0x18  demo_fatfs.o [1]
  .rodata             const    0x08040ff0     0x18  usbh_usr.o [1]
  .rodata             const    0x08041008     0x18  usbh_usr.o [1]
  .rodata             const    0x08041020     0x18  usbh_usr.o [1]
  .rodata             const    0x08041038     0x18  usbh_usr.o [1]
  .rodata             const    0x08041050     0x18  usbh_usr.o [1]
  .text               ro code  0x08041068     0x16  xprout.o [3]
  .text               ro code  0x08041080      0xc  putchar.o [3]
  .rodata             const    0x0804108c     0x14  apptask.o [1]
  .rodata             const    0x080410a0     0x14  apptask.o [1]
  .rodata             const    0x080410b4     0x14  apptask.o [1]
  .rodata             const    0x080410c8     0x14  apptask.o [1]
  .rodata             const    0x080410dc     0x14  apptask.o [1]
  .rodata             const    0x080410f0     0x14  apptask.o [1]
  .rodata             const    0x08041104     0x14  usbh_usr.o [1]
  .rodata             const    0x08041118     0x14  usbh_usr.o [1]
  .rodata             const    0x0804112c     0x10  apptask.o [1]
  .rodata             const    0x0804113c     0x10  apptask.o [1]
  .rodata             const    0x0804114c     0x10  apptask.o [1]
  .rodata             const    0x0804115c     0x10  apptask.o [1]
  .rodata             const    0x0804116c     0x10  apptask.o [1]
  .rodata             const    0x0804117c     0x10  apptask.o [1]
  .rodata             const    0x0804118c     0x10  apptask.o [1]
  .rodata             const    0x0804119c     0x10  apptask.o [1]
  .rodata             const    0x080411ac     0x10  apptask.o [1]
  .rodata             const    0x080411bc     0x10  ff.o [1]
  .rodata             const    0x080411cc     0x10  main.o [1]
  .rodata             const    0x080411dc     0x10  main.o [1]
  .rodata             const    0x080411ec     0x10  usbh_usr.o [1]
  .rodata             const    0x080411fc     0x10  usbh_usr.o [1]
  .text               ro code  0x0804120c     0x10  startup_stm32f40_41xxx.o [1]
  .text               ro code  0x0804121c     0x10  usbh_it.o [1]
  .rodata             const    0x0804122c      0xc  apptask.o [1]
  .rodata             const    0x08041238      0xc  apptask.o [1]
  .rodata             const    0x08041244      0xc  apptask.o [1]
  .rodata             const    0x08041250      0xc  apptask.o [1]
  .rodata             const    0x0804125c      0xc  apptask.o [1]
  .rodata             const    0x08041268      0xc  apptask.o [1]
  .rodata             const    0x08041274      0xc  apptask.o [1]
  .rodata             const    0x08041280      0xc  apptask.o [1]
  .rodata             const    0x0804128c      0xc  apptask.o [1]
  .rodata             const    0x08041298      0xc  apptask.o [1]
  .rodata             const    0x080412a4      0xc  apptask.o [1]
  .rodata             const    0x080412b0      0xc  apptask.o [1]
  .rodata             const    0x080412bc      0xc  apptask.o [1]
  .rodata             const    0x080412c8      0xc  apptask.o [1]
  .rodata             const    0x080412d4      0xc  apptask.o [1]
  .rodata             const    0x080412e0      0xc  apptask.o [1]
  .rodata             const    0x080412ec      0xc  apptask.o [1]
  .rodata             const    0x080412f8      0xc  apptask.o [1]
  .rodata             const    0x08041304      0xc  apptask.o [1]
  .rodata             const    0x08041310      0xc  apptask.o [1]
  .rodata             const    0x0804131c      0xc  apptask.o [1]
  .rodata             const    0x08041328      0xc  apptask.o [1]
  .rodata             const    0x08041334      0xc  apptask.o [1]
  .rodata             const    0x08041340      0xc  apptask.o [1]
  .rodata             const    0x0804134c      0xc  apptask.o [1]
  .rodata             const    0x08041358      0xc  apptask.o [1]
  .rodata             const    0x08041364      0xc  apptask.o [1]
  .rodata             const    0x08041370      0xc  bsp_sdwe050c17.o [1]
  .rodata             const    0x0804137c      0xc  bsp_sdwe050c17.o [1]
  .rodata             const    0x08041388      0xc  demo_fatfs.o [1]
  .rodata             const    0x08041394      0xc  ff.o [1]
  .text               ro code  0x080413a0      0xc  cstartup_M.o [5]
  .rodata             const    0x080413ac      0x8  apptask.o [1]
  .rodata             const    0x080413b4      0x8  apptask.o [1]
  .rodata             const    0x080413bc      0x8  apptask.o [1]
  .rodata             const    0x080413c4      0x8  apptask.o [1]
  .rodata             const    0x080413cc      0x8  apptask.o [1]
  .rodata             const    0x080413d4      0x8  apptask.o [1]
  .rodata             const    0x080413dc      0x8  apptask.o [1]
  .rodata             const    0x080413e4      0x8  apptask.o [1]
  .rodata             const    0x080413ec      0x8  apptask.o [1]
  .rodata             const    0x080413f4      0x8  apptask.o [1]
  .rodata             const    0x080413fc      0x8  apptask.o [1]
  .rodata             const    0x08041404      0x8  apptask.o [1]
  .rodata             const    0x0804140c      0x8  bsp_w25qxx.o [1]
  .rodata             const    0x08041414      0x8  ff.o [1]
  .rodata             const    0x0804141c      0x8  malloc.o [1]
  .rodata             const    0x08041424      0x8  malloc.o [1]
  .rodata             const    0x0804142c      0x8  malloc.o [1]
  .rodata             const    0x08041434      0x8  para.o [1]
  .rodata             const    0x0804143c      0x8  para.o [1]
  .rodata             const    0x08041444      0x8  para.o [1]
  .rodata             const    0x0804144c      0x8  tasks.o [1]
  .rodata             const    0x08041454      0x8  timers.o [1]
  .rodata             const    0x0804145c      0x4  heap_4.o [1]
  .rodata             const    0x08041460      0x4  port.o [1]
  .text               ro code  0x08041464      0x4  startup_stm32f40_41xxx.o [1]
  .text               ro code  0x08041468      0x4  startup_stm32f40_41xxx.o [1]
  .text               ro code  0x0804146c      0x4  startup_stm32f40_41xxx.o [1]
  .text               ro code  0x08041470      0x4  startup_stm32f40_41xxx.o [1]
  .text               ro code  0x08041474      0x4  startup_stm32f40_41xxx.o [1]
  .text               ro code  0x08041478      0x4  startup_stm32f40_41xxx.o [1]
  .text               ro code  0x0804147c      0x4  startup_stm32f40_41xxx.o [1]
  .text               ro code  0x08041480      0x4  startup_stm32f40_41xxx.o [1]
  .text               ro code  0x08041484      0x4  startup_stm32f40_41xxx.o [1]
  .text               ro code  0x08041488      0x4  startup_stm32f40_41xxx.o [1]
  .text               ro code  0x0804148c      0x4  startup_stm32f40_41xxx.o [1]
  .text               ro code  0x08041490      0x4  startup_stm32f40_41xxx.o [1]
  .text               ro code  0x08041494      0x4  startup_stm32f40_41xxx.o [1]
  .text               ro code  0x08041498      0x4  startup_stm32f40_41xxx.o [1]
  .text               ro code  0x0804149c      0x4  startup_stm32f40_41xxx.o [1]
  .text               ro code  0x080414a0      0x4  startup_stm32f40_41xxx.o [1]
  .text               ro code  0x080414a4      0x4  startup_stm32f40_41xxx.o [1]
  .text               ro code  0x080414a8      0x4  startup_stm32f40_41xxx.o [1]
  .text               ro code  0x080414ac      0x4  startup_stm32f40_41xxx.o [1]
  .text               ro code  0x080414b0      0x4  startup_stm32f40_41xxx.o [1]
  .text               ro code  0x080414b4      0x4  startup_stm32f40_41xxx.o [1]
  .text               ro code  0x080414b8      0x4  startup_stm32f40_41xxx.o [1]
  .text               ro code  0x080414bc      0x4  startup_stm32f40_41xxx.o [1]
  .text               ro code  0x080414c0      0x4  startup_stm32f40_41xxx.o [1]
  .text               ro code  0x080414c4      0x4  startup_stm32f40_41xxx.o [1]
  .text               ro code  0x080414c8      0x4  startup_stm32f40_41xxx.o [1]
  .text               ro code  0x080414cc      0x4  startup_stm32f40_41xxx.o [1]
  .text               ro code  0x080414d0      0x4  startup_stm32f40_41xxx.o [1]
  .text               ro code  0x080414d4      0x4  startup_stm32f40_41xxx.o [1]
  .text               ro code  0x080414d8      0x4  startup_stm32f40_41xxx.o [1]
  .text               ro code  0x080414dc      0x4  startup_stm32f40_41xxx.o [1]
  .text               ro code  0x080414e0      0x4  startup_stm32f40_41xxx.o [1]
  .text               ro code  0x080414e4      0x4  startup_stm32f40_41xxx.o [1]
  .text               ro code  0x080414e8      0x4  startup_stm32f40_41xxx.o [1]
  .text               ro code  0x080414ec      0x4  startup_stm32f40_41xxx.o [1]
  .text               ro code  0x080414f0      0x4  startup_stm32f40_41xxx.o [1]
  .text               ro code  0x080414f4      0x4  startup_stm32f40_41xxx.o [1]
  .text               ro code  0x080414f8      0x4  startup_stm32f40_41xxx.o [1]
  .text               ro code  0x080414fc      0x4  startup_stm32f40_41xxx.o [1]
  .text               ro code  0x08041500      0x4  startup_stm32f40_41xxx.o [1]
  .text               ro code  0x08041504      0x4  startup_stm32f40_41xxx.o [1]
  .text               ro code  0x08041508      0x4  startup_stm32f40_41xxx.o [1]
  .text               ro code  0x0804150c      0x4  startup_stm32f40_41xxx.o [1]
  .text               ro code  0x08041510      0x4  startup_stm32f40_41xxx.o [1]
  .text               ro code  0x08041514      0x4  startup_stm32f40_41xxx.o [1]
  .text               ro code  0x08041518      0x4  startup_stm32f40_41xxx.o [1]
  .text               ro code  0x0804151c      0x4  startup_stm32f40_41xxx.o [1]
  .text               ro code  0x08041520      0x4  startup_stm32f40_41xxx.o [1]
  .text               ro code  0x08041524      0x4  startup_stm32f40_41xxx.o [1]
  .text               ro code  0x08041528      0x4  startup_stm32f40_41xxx.o [1]
  .text               ro code  0x0804152c      0x4  startup_stm32f40_41xxx.o [1]
  .text               ro code  0x08041530      0x4  startup_stm32f40_41xxx.o [1]
  .text               ro code  0x08041534      0x4  startup_stm32f40_41xxx.o [1]
  .text               ro code  0x08041538      0x4  startup_stm32f40_41xxx.o [1]
  .text               ro code  0x0804153c      0x4  startup_stm32f40_41xxx.o [1]
  .text               ro code  0x08041540      0x4  startup_stm32f40_41xxx.o [1]
  .text               ro code  0x08041544      0x4  startup_stm32f40_41xxx.o [1]
  .text               ro code  0x08041548      0x4  startup_stm32f40_41xxx.o [1]
  .text               ro code  0x0804154c      0x4  startup_stm32f40_41xxx.o [1]
  .text               ro code  0x08041550      0x4  startup_stm32f40_41xxx.o [1]
  .text               ro code  0x08041554      0x4  startup_stm32f40_41xxx.o [1]
  .text               ro code  0x08041558      0x4  startup_stm32f40_41xxx.o [1]
  .text               ro code  0x0804155c      0x4  startup_stm32f40_41xxx.o [1]
  .text               ro code  0x08041560      0x4  startup_stm32f40_41xxx.o [1]
  .text               ro code  0x08041564      0x4  startup_stm32f40_41xxx.o [1]
  .text               ro code  0x08041568      0x4  startup_stm32f40_41xxx.o [1]
  .text               ro code  0x0804156c      0x4  startup_stm32f40_41xxx.o [1]
  .text               ro code  0x08041570      0x4  startup_stm32f40_41xxx.o [1]
  .rodata             const    0x08041574      0x0  zero_init3.o [5]
  .rodata             const    0x08041574      0x0  packbits_init.o [5]
  Initializer bytes   const    0x08041574    0x11d  <for P2 s0>
                             - 0x08041691  0x41509

"P2":                                      0x1f748
  P2 s0                        0x20000000    0x1cb  <Init block>
    __DLIB_PERTHREAD  inited   0x20000000     0x88  localeconv.o [3]
    .data             inited   0x20000088     0x50  demo_fatfs.o [1]
    .data             inited   0x200000d8     0x48  usbh_usr.o [1]
    .data             inited   0x20000120     0x40  xfiles.o [3]
    .data             inited   0x20000160     0x1c  malloc.o [1]
    .data             inited   0x2000017c     0x14  bsp_servomotor.o [1]
    .data             inited   0x20000190     0x10  stm32f4xx_rcc.o [1]
    .data             inited   0x200001a0     0x10  usbh_msc_core.o [1]
    .data             inited   0x200001b0      0xc  usbh_core.o [1]
    .data             inited   0x200001bc      0x4  port.o [1]
    .data             inited   0x200001c0      0x4  system_stm32f4xx.o [1]
    .data             inited   0x200001c4      0x4  usbh_core.o [1]
    .data             inited   0x200001c8      0x2  bsp_w25qxx.o [1]
    .data             inited   0x200001ca      0x1  usbh_msc_scsi.o [1]
  .bss                zero     0x200001cc  0x11800  heap_4.o [1]
  .bss                zero     0x200119cc   0xa000  malloc.o [1]
  .bss                zero     0x2001b9cc   0x1000  bsp_w25qxx.o [1]
  .bss                zero     0x2001c9cc    0xa00  malloc.o [1]
  .bss                zero     0x2001d3cc    0x5ac  usbh_usr.o [1]
  .bss                zero     0x2001d978    0x5ac  usbh_usr.o [1]
  .bss                zero     0x2001df24    0x200  ff.o [1]
  .bss                zero     0x2001e124    0x200  usbh_msc_scsi.o [1]
  .bss                zero     0x2001e324    0x200  usbh_stdreq.o [1]
  .bss                zero     0x2001e524    0x118  page_weimi.o [1]
  .bss                zero     0x2001e63c     0xc8  tasks.o [1]
  .bss                zero     0x2001e704     0xa4  protocol.o [1]
  .bss                zero     0x2001e7a8     0x94  usbh_usr.o [1]
  .bss                zero     0x2001e83c     0x90  para.o [1]
  .bss                zero     0x2001e8cc     0x70  protocol.o [1]
  .bss                zero     0x2001e93c     0x64  bsp_uart_fifo.o [1]
  .bss                zero     0x2001e9a0     0x64  bsp_uart_fifo.o [1]
  .bss                zero     0x2001ea08     0x58  bsp_sdio_sd.o [1]
  .bss                zero     0x2001ea60     0x50  protocol.o [1]
  .bss                zero     0x2001eab0     0x50  xfiles.o [3]
  .bss                zero     0x2001eb00     0x4c  usbh_msc_core.o [1]
  .bss                zero     0x2001eb4c     0x34  bsp_sdwe050c17.o [1]
  .bss                zero     0x2001eb80     0x2c  product_cal.o [1]
  .bss                zero     0x2001ebac     0x28  bsp_uart_fifo.o [1]
  .bss                zero     0x2001ebd4     0x28  encoder.o [1]
  .bss                zero     0x2001ebfc     0x28  product_cal.o [1]
  .bss                zero     0x2001ec24     0x24  ff.o [1]
  .bss                zero     0x2001ec48     0x20  usbh_msc_bot.o [1]
  .bss                zero     0x2001ec68     0x1c  page_weimi.o [1]
  .bss                zero     0x2001ec84     0x18  bsp_sdio_sd.o [1]
  .bss                zero     0x2001ec9c     0x18  bsp_sdio_sd.o [1]
  .bss                zero     0x2001ecb4     0x14  bsp_sdio_sd.o [1]
  .bss                zero     0x2001ecc8     0x14  rc522.o [1]
  .bss                zero     0x2001ecdc     0x14  tasks.o [1]
  .bss                zero     0x2001ecf0     0x14  tasks.o [1]
  .bss                zero     0x2001ed04     0x14  tasks.o [1]
  .bss                zero     0x2001ed18     0x14  tasks.o [1]
  .bss                zero     0x2001ed2c     0x14  tasks.o [1]
  .bss                zero     0x2001ed40     0x14  timers.o [1]
  .bss                zero     0x2001ed54     0x14  timers.o [1]
  .bss                zero     0x2001ed68     0x10  bsp_sdio_sd.o [1]
  .bss                zero     0x2001ed78     0x10  bsp_sdio_sd.o [1]
  .bss                zero     0x2001ed88     0x10  usbh_msc_bot.o [1]
  .bss                zero     0x2001ed98     0x10  usbh_msc_bot.o [1]
  .bss                zero     0x2001eda8     0x10  usbh_msc_scsi.o [1]
  .bss                zero     0x2001edb8      0xc  apptask.o [1]
  .bss                zero     0x2001edc4      0xc  apptask.o [1]
  .bss                zero     0x2001edd0      0xc  ff.o [1]
  .bss                zero     0x2001eddc      0xc  protocol.o [1]
  .bss                zero     0x2001ede8      0xc  protocol.o [1]
  .bss                zero     0x2001edf4      0xc  protocol.o [1]
  .bss                zero     0x2001ee00      0x8  heap_4.o [1]
  .bss                zero     0x2001ee08      0x8  modbus.o [1]
  .bss                zero     0x2001ee10      0x8  protocol.o [1]
  .bss                zero     0x2001ee18      0x4  apptask.o [1]
  .bss                zero     0x2001ee1c      0x4  apptask.o [1]
  .bss                zero     0x2001ee20      0x4  apptask.o [1]
  .bss                zero     0x2001ee24      0x4  apptask.o [1]
  .bss                zero     0x2001ee28      0x4  apptask.o [1]
  .bss                zero     0x2001ee2c      0x4  apptask.o [1]
  .bss                zero     0x2001ee30      0x4  apptask.o [1]
  .bss                zero     0x2001ee34      0x4  apptask.o [1]
  .bss                zero     0x2001ee38      0x4  apptask.o [1]
  .bss                zero     0x2001ee3c      0x4  apptask.o [1]
  .bss                zero     0x2001ee40      0x4  apptask.o [1]
  .bss                zero     0x2001ee44      0x4  apptask.o [1]
  .bss                zero     0x2001ee48      0x4  apptask.o [1]
  .bss                zero     0x2001ee4c      0x4  apptask.o [1]
  .bss                zero     0x2001ee50      0x4  apptask.o [1]
  .bss                zero     0x2001ee54      0x4  apptask.o [1]
  .bss                zero     0x2001ee58      0x4  apptask.o [1]
  .bss                zero     0x2001ee5c      0x4  apptask.o [1]
  .bss                zero     0x2001ee60      0x4  bsp_sdio_sd.o [1]
  .bss                zero     0x2001ee64      0x4  bsp_sdio_sd.o [1]
  .bss                zero     0x2001ee68      0x4  bsp_sdio_sd.o [1]
  .bss                zero     0x2001ee6c      0x4  bsp_sdio_sd.o [1]
  .bss                zero     0x2001ee70      0x4  bsp_sdio_sd.o [1]
  .bss                zero     0x2001ee74      0x4  bsp_timer.o [1]
  .bss                zero     0x2001ee78      0x4  bsp_timer.o [1]
  .bss                zero     0x2001ee7c      0x4  bsp_timer.o [1]
  .bss                zero     0x2001ee80      0x4  bsp_timer.o [1]
  .bss                zero     0x2001ee84      0x4  encoder.o [1]
  .bss                zero     0x2001ee88      0x4  encoder.o [1]
  .bss                zero     0x2001ee8c      0x4  encoder.o [1]
  .bss                zero     0x2001ee90      0x4  heap_4.o [1]
  .bss                zero     0x2001ee94      0x4  heap_4.o [1]
  .bss                zero     0x2001ee98      0x4  heap_4.o [1]
  .bss                zero     0x2001ee9c      0x4  heap_4.o [1]
  .bss                zero     0x2001eea0      0x4  port.o [1]
  .bss                zero     0x2001eea4      0x4  product_cal.o [1]
  .bss                zero     0x2001eea8      0x4  product_cal.o [1]
  .bss                zero     0x2001eeac      0x4  SysInfoTest.o [1]
  .bss                zero     0x2001eeb0      0x4  tasks.o [1]
  .bss                zero     0x2001eeb4      0x4  tasks.o [1]
  .bss                zero     0x2001eeb8      0x4  tasks.o [1]
  .bss                zero     0x2001eebc      0x4  tasks.o [1]
  .bss                zero     0x2001eec0      0x4  tasks.o [1]
  .bss                zero     0x2001eec4      0x4  tasks.o [1]
  .bss                zero     0x2001eec8      0x4  tasks.o [1]
  .bss                zero     0x2001eecc      0x4  tasks.o [1]
  .bss                zero     0x2001eed0      0x4  tasks.o [1]
  .bss                zero     0x2001eed4      0x4  tasks.o [1]
  .bss                zero     0x2001eed8      0x4  tasks.o [1]
  .bss                zero     0x2001eedc      0x4  tasks.o [1]
  .bss                zero     0x2001eee0      0x4  tasks.o [1]
  .bss                zero     0x2001eee4      0x4  tasks.o [1]
  .bss                zero     0x2001eee8      0x4  tasks.o [1]
  .bss                zero     0x2001eeec      0x4  tasks.o [1]
  .bss                zero     0x2001eef0      0x4  timers.o [1]
  .bss                zero     0x2001eef4      0x4  timers.o [1]
  .bss                zero     0x2001eef8      0x4  timers.o [1]
  .bss                zero     0x2001eefc      0x4  timers.o [1]
  .bss                zero     0x2001ef00      0x4  usbh_msc_bot.o [1]
  .bss                zero     0x2001ef04      0x4  usbh_msc_bot.o [1]
  .bss                zero     0x2001ef08      0x4  usbh_msc_bot.o [1]
  .bss                zero     0x2001ef0c      0x4  usbh_msc_bot.o [1]
  .bss                zero     0x2001ef10      0x2  apptask.o [1]
  .bss                zero     0x2001ef12      0x2  apptask.o [1]
  .bss                zero     0x2001ef14      0x2  apptask.o [1]
  .bss                zero     0x2001ef16      0x2  apptask.o [1]
  .bss                zero     0x2001ef18      0x2  bsp_sdwe050c17.o [1]
  .bss                zero     0x2001ef1a      0x2  encoder.o [1]
  .bss                zero     0x2001ef1c      0x2  encoder.o [1]
  .bss                zero     0x2001ef1e      0x2  encoder.o [1]
  .bss                zero     0x2001ef20      0x2  ff.o [1]
  .bss                zero     0x2001ef22      0x2  product_cal.o [1]
  .bss                zero     0x2001ef24      0x2  usbh_core.o [1]
  .bss                zero     0x2001ef26      0x2  usbh_stdreq.o [1]
  .bss                zero     0x2001ef28      0x1  apptask.o [1]
  .bss                zero     0x2001ef29      0x1  apptask.o [1]
  .bss                zero     0x2001ef2a      0x1  apptask.o [1]
  .bss                zero     0x2001ef2b      0x1  apptask.o [1]
  .bss                zero     0x2001ef2c      0x1  apptask.o [1]
  .bss                zero     0x2001ef2d      0x1  apptask.o [1]
  .bss                zero     0x2001ef2e      0x1  apptask.o [1]
  .bss                zero     0x2001ef2f      0x1  apptask.o [1]
  .bss                zero     0x2001ef30      0x1  apptask.o [1]
  .bss                zero     0x2001ef31      0x1  bsp_sdio_sd.o [1]
  .bss                zero     0x2001ef32      0x1  bsp_sdwe050c17.o [1]
  .bss                zero     0x2001ef33      0x1  bsp_uart_fifo.o [1]
  .bss                zero     0x2001ef34      0x1  encoder.o [1]
  .bss                zero     0x2001ef35      0x1  encoder.o [1]
  .bss                zero     0x2001ef36      0x1  encoder.o [1]
  .bss                zero     0x2001ef37      0x1  encoder.o [1]
  .bss                zero     0x2001ef38      0x1  port.o [1]
  .bss                zero     0x2001ef39      0x1  product_cal.o [1]
  .bss                zero     0x2001ef3a      0x1  product_cal.o [1]
  .bss                zero     0x2001ef3b      0x1  product_cal.o [1]
  .bss                zero     0x2001ef3c      0x1  protocol.o [1]
  .bss                zero     0x2001ef3d      0x1  rc522.o [1]
  .bss                zero     0x2001ef3e      0x1  rc522.o [1]
  .bss                zero     0x2001ef3f      0x1  usbh_msc_bot.o [1]
  .bss                zero     0x2001ef40      0x1  usbh_msc_core.o [1]
  .bss                zero     0x2001ef41      0x1  usbh_msc_core.o [1]
  .bss                zero     0x2001ef42      0x1  usbh_stdreq.o [1]
  .bss                zero     0x2001ef43      0x1  usbh_usr.o [1]
  CSTACK                       0x2001ef48    0x800  <Block>
    CSTACK            uninit   0x2001ef48    0x800  <Block tail>
                             - 0x2001f748  0x1f748

Absolute sections:                         0xff000
  .bss                zero     0x68000000  0xf0000  malloc.o [1]
  .bss                zero     0x680f0000   0xf000  malloc.o [1]
                             - 0x680ff000  0xff000


*******************************************************************************
*** INIT TABLE
***

          Address     Size
          -------     ----
Zero (__iar_zero_init3)
    2 destination ranges, total size 0x11dd78:
          0x200001cc  0x1ed78
          0x68000000  0xff000

Copy/packbits (__iar_packbits_init3)
    1 source range, total size 0x11d (62% of destination):
          0x08041574    0x11d
    1 destination range, total size 0x1cb:
          0x20000000    0x1cb



*******************************************************************************
*** MODULE SUMMARY
***

    Module                    ro code  ro data  rw data    rw data
                                                            (abs)
    ------                    -------  -------  -------    -------
F:\work\YarnControl_Driver\src\stm32f4_rtos\Project\EWARMv7\Flash\Obj: [1]
    SysInfoTest.o                  60                 4
    apptask.o                  16 728    1 704      113
    bsp.o                          76
    bsp_closeSW.o                 212
    bsp_dwt.o                     116
    bsp_led.o                     192
    bsp_relay.o                    68
    bsp_sdio_sd.o               6 744               209
    bsp_sdwe050c17.o            4 696       56       55
    bsp_servomotor.o            1 164       13       20
    bsp_spi.o                     292
    bsp_stepmotor.o               548
    bsp_sw_onoff.o                104
    bsp_tim_pwm.o                 736
    bsp_timer.o                   516                16
    bsp_uart_fifo.o             2 532               241
    bsp_w25qxx.o                  896        9    4 098
    bsp_watchdog.o                  8
    cc936.o                       244  176 320
    demo_fatfs.o                           742       80
    diskio.o                      740
    encoder.o                     756                62
    event_groups.o                610
    ff.o                        8 804       36      562
    heap_4.o                      640        4   71 704
    list.o                        152
    main.o                         52       32
    malloc.o                      540       41   43 548  1 044 480
    mcheck.o                      184      768
    misc.o                        136
    modbus.o                      852                 8
    page_weimi.o                  112               308
    para.o                        700       24      144
    port.o                        588        7        9
    portasm.o                     168
    product_cal.o               1 316      400       97
    protocol.o                     68               401
    queue.o                     1 992
    rc522.o                       174                22
    startup_stm32f40_41xxx.o      680
    stm32f4xx_dma.o               796
    stm32f4xx_exti.o              192
    stm32f4xx_gpio.o              300
    stm32f4xx_it.o                 56       44
    stm32f4xx_iwdg.o               16
    stm32f4xx_rcc.o               488       10       16
    stm32f4xx_sdio.o              380
    stm32f4xx_spi.o               116
    stm32f4xx_syscfg.o             84
    stm32f4xx_tim.o             1 772
    stm32f4xx_usart.o             596
    system_stm32f4xx.o            340        2        4
    tasks.o                     3 072        8      364
    timers.o                    1 188        8       56
    usb_bsp.o                     332
    usb_core.o                  2 640
    usb_hcd.o                     214
    usb_hcd_int.o               3 198
    usbh_core.o                 1 888       10       18
    usbh_hcs.o                    442
    usbh_ioreq.o                  582
    usbh_it.o                      16
    usbh_msc_bot.o              1 364                81
    usbh_msc_core.o             1 000       10       94
    usbh_msc_scsi.o             1 560        1      529
    usbh_stdreq.o               1 078               515
    usbh_usr.o                    438      600    3 125
    --------------------------------------------------------------
    Total:                     79 344  180 849  126 503  1 044 480

command line: [2]
    --------------------------------------------------------------
    Total:

dl7M_tlf.a: [3]
    abort.o                         6
    div.o                          14
    exit.o                          4
    localeconv.o                  108       84      136
    printf.o                       36
    putchar.o                      12
    sprintf.o                      52
    strcat.o                       28
    strstr.o                       44
    xfiles.o                                40      144
    xprintffull_nomb.o          3 478
    xprout.o                       22
    xsprout.o                      10
    --------------------------------------------------------------
    Total:                      3 814      124      280

m7M_tls.a: [4]
    DblAdd.o                      232
    DblCmpGe.o                     46
    DblCmpLe.o                     46
    DblDiv.o                      598
    DblMul.o                      418
    DblSub.o                      384
    DblToFlt.o                    144
    DblToI32.o                     88
    FltToDbl.o                     78
    I32ToDbl.o                     48
    fpinit_M.o                     34
    xdnorm.o                       66
    xdscale.o                     276
    --------------------------------------------------------------
    Total:                      2 458

rt7M_tl.a: [5]
    ABImemcpy_unaligned.o         118
    ABImemset.o                   102
    I64DivMod.o                   238
    I64DivZer.o                     2
    cexit.o                        10
    cmain.o                        26
    cstartup_M.o                   12
    data_init.o                    40
    memchr.o                       88
    memcmp_unaligned.o             98
    packbits_init.o               208
    strchr.o                       22
    strcmp_unaligned.o             66
    strcpy_unaligned.o             68
    strlen.o                       54
    zero_init3.o                   64
    --------------------------------------------------------------
    Total:                      1 216

shb_l.a: [6]
    exit.o                         20
    --------------------------------------------------------------
    Total:                         20

    Gaps                           40        4        5
    Linker created                          52    2 048
------------------------------------------------------------------
    Grand Total:               86 892  181 029  128 836  1 044 480


*******************************************************************************
*** ENTRY LIST
***

Entry                      Address     Size  Type      Object
-----                      -------     ----  ----      ------
.iar.init_table$$Base   0x08040b84            --   Gb  - Linker created -
.iar.init_table$$Limit  0x08040bb8            --   Gb  - Linker created -
?main                   0x08040ebd           Code  Gb  cmain.o [5]
APBAHBPrescTable        0x20000190     0x10  Data  Lc  stm32f4xx_rcc.o [1]
AppObjCreate            0x0802e6a9    0x15e  Code  Gb  apptask.o [1]
AppTaskCreate           0x0802e549    0x148  Code  Gb  apptask.o [1]
BOTStallErrorCount      0x2001ef00      0x4  Data  Lc  usbh_msc_bot.o [1]
BusFault_Handler        0x080408db      0x2  Code  Gb  stm32f4xx_it.o [1]
CID_Tab                 0x2001ed78     0x10  Data  Lc  bsp_sdio_sd.o [1]
CRC16HiTable            0x08040190    0x100  Data  Gb  mcheck.o [1]
CRC16LoTable            0x08040290    0x100  Data  Gb  mcheck.o [1]
CRC8Table               0x08040390    0x100  Data  Gb  mcheck.o [1]
CSD_Tab                 0x2001ed68     0x10  Data  Lc  bsp_sdio_sd.o [1]
CSTACK$$Base            0x2001ef48            --   Gb  - Linker created -
CSTACK$$Limit           0x2001f748            --   Gb  - Linker created -
CardType                0x2001ee60      0x4  Data  Lc  bsp_sdio_sd.o [1]
CmdError                0x0803c8dd     0x38  Code  Lc  bsp_sdio_sd.o [1]
CmdResp1Error           0x0803c981    0x112  Code  Lc  bsp_sdio_sd.o [1]
CmdResp2Error           0x0803cad1     0x52  Code  Lc  bsp_sdio_sd.o [1]
CmdResp3Error           0x0803ca93     0x3e  Code  Lc  bsp_sdio_sd.o [1]
CmdResp6Error           0x0803cb23     0xa6  Code  Lc  bsp_sdio_sd.o [1]
CmdResp7Error           0x0803c915     0x58  Code  Lc  bsp_sdio_sd.o [1]
ConfigExitNVIC          0x080404fb     0x22  Code  Gb  bsp_closeSW.o [1]
ConfigUartNVIC          0x08037af7     0x7c  Code  Lc  bsp_uart_fifo.o [1]
DIFF_G_init             0x08036131     0x78  Code  Gb  bsp_servomotor.o [1]
DMA1_Stream0_IRQHandler
                        0x080364a5     0x1c  Code  Gb  bsp_servomotor.o [1]
DMA1_Stream3_IRQHandler
                        0x080364c1     0x1c  Code  Gb  bsp_servomotor.o [1]
DMA2_Stream3_IRQHandler
                        0x0803d1c5      0x8  Code  Gb  bsp_sdio_sd.o [1]
DMAEndOfTransfer        0x2001ee70      0x4  Data  Gb  bsp_sdio_sd.o [1]
DMA_ClearFlag           0x0803a3df     0x24  Code  Gb  stm32f4xx_dma.o [1]
DMA_Cmd                 0x0803a395     0x1a  Code  Gb  stm32f4xx_dma.o [1]
DMA_DeInit              0x0803a1fd    0x140  Code  Gb  stm32f4xx_dma.o [1]
DMA_FlowControllerConfig
                        0x0803a3af     0x18  Code  Gb  stm32f4xx_dma.o [1]
DMA_GetCmdStatus        0x0803a3c7     0x18  Code  Gb  stm32f4xx_dma.o [1]
DMA_GetITStatus         0x0803a445     0x62  Code  Gb  stm32f4xx_dma.o [1]
DMA_ITConfig            0x0803a403     0x42  Code  Gb  stm32f4xx_dma.o [1]
DMA_Init                0x0803a33d     0x58  Code  Gb  stm32f4xx_dma.o [1]
DebugMon_Handler        0x080408df      0x2  Code  Gb  stm32f4xx_it.o [1]
DiskFile_init           0x08035cd5     0x40  Code  Gb  protocol.o [1]
Disk_File               0x2001e8cc     0x70  Data  Gb  protocol.o [1]
EXTI9_5_IRQHandler      0x0804051d     0x3c  Code  Gb  bsp_closeSW.o [1]
EXTI_ClearITPendingBit  0x0804065b      0x6  Code  Gb  stm32f4xx_exti.o [1]
EXTI_GetITStatus        0x08040641     0x1a  Code  Gb  stm32f4xx_exti.o [1]
EXTI_Init               0x080405b9     0x88  Code  Gb  stm32f4xx_exti.o [1]
Encoder_Cap_Init        0x08036505     0xbc  Code  Gb  encoder.o [1]
FR_Table                0x20000088     0x50  Data  Gb  demo_fatfs.o [1]
FatFs                   0x2001edd0      0xc  Data  Lc  ff.o [1]
File_info               0x2001ea60     0x50  Data  Gb  protocol.o [1]
Files                   0x2001ec24     0x24  Data  Lc  ff.o [1]
FindSCR                 0x0803cd71    0x206  Code  Lc  bsp_sdio_sd.o [1]
Freq                    0x2001ebd4     0x28  Data  Gb  encoder.o [1]
Freq_Sample             0x080365c1     0xec  Code  Gb  encoder.o [1]
Freq_ptr1               0x2001ef35      0x1  Data  Gb  encoder.o [1]
Freq_ptr2               0x2001ef36      0x1  Data  Gb  encoder.o [1]
Freq_value              0x2001ee88      0x4  Data  Gb  encoder.o [1]
Fsid                    0x2001ef20      0x2  Data  Lc  ff.o [1]
GPIO_Init               0x08035f4d     0xaa  Code  Gb  stm32f4xx_gpio.o [1]
GPIO_PinAFConfig        0x0803601f     0x5a  Code  Gb  stm32f4xx_gpio.o [1]
GPIO_ReadInputDataBit   0x08035ff7     0x1a  Code  Gb  stm32f4xx_gpio.o [1]
GPIO_WriteBit           0x08036011      0xe  Code  Gb  stm32f4xx_gpio.o [1]
GetDeviceState          0x08035ca1     0x2e  Code  Gb  bsp_sw_onoff.o [1]
HCD_GetCurrentFrame     0x080394c5      0x8  Code  Gb  usb_hcd.o [1]
HCD_GetCurrentSpeed     0x080394a7     0x10  Code  Gb  usb_hcd.o [1]
HCD_GetURB_State        0x080394cd      0xa  Code  Gb  usb_hcd.o [1]
HCD_GetXferCnt          0x080394d7      0xc  Code  Gb  usb_hcd.o [1]
HCD_Init                0x08039435     0x72  Code  Gb  usb_hcd.o [1]
HCD_ResetPort           0x080394b7      0xe  Code  Gb  usb_hcd.o [1]
HCD_SubmitRequest       0x080394e3     0x28  Code  Gb  usb_hcd.o [1]
HardFault_Handler       0x080408ab     0x22  Code  Gb  stm32f4xx_it.o [1]
IWDG_Feed               0x08036f71      0x8  Code  Gb  bsp_watchdog.o [1]
IWDG_ReloadCounter      0x0803a5a1      0xa  Code  Gb  stm32f4xx_iwdg.o [1]
InStream_Read           0x08040679     0x22  Code  Lc  packbits_init.o [5]
InitHardUart            0x08037735    0x3c2  Code  Lc  bsp_uart_fifo.o [1]
Init_JINGSHA_GUI        0x0802ffdf    0x122  Code  Gb  bsp_sdwe050c17.o [1]
LfnBuf                  0x2001df24    0x200  Data  Lc  ff.o [1]
LfnOfs                  0x080411bc     0x10  Data  Lc  ff.o [1]
LoadInt                 0x0803895d     0x6e  Code  Lc  xprintffull_nomb.o [3]
MSCErrorCount           0x2001ef40      0x1  Data  Gb  usbh_msc_core.o [1]
MSC_Machine             0x2001eb00     0x4c  Data  Gb  usbh_msc_core.o [1]
MSG_DEV_ATTACHED        0x08041038     0x18  Data  Gb  usbh_usr.o [1]
MSG_DEV_DISCONNECTED    0x08041050     0x18  Data  Gb  usbh_usr.o [1]
MSG_DEV_ENUMERATED      0x08040e68     0x1c  Data  Gb  usbh_usr.o [1]
MSG_DEV_ERROR           0x08041118     0x14  Data  Gb  usbh_usr.o [1]
MSG_DEV_FULLSPEED       0x08040cd8     0x20  Data  Gb  usbh_usr.o [1]
MSG_DEV_HIGHSPEED       0x08040cb8     0x20  Data  Gb  usbh_usr.o [1]
MSG_DEV_LOWSPEED        0x08040cf8     0x20  Data  Gb  usbh_usr.o [1]
MSG_HID_CLASS           0x08040e84     0x1c  Data  Gb  usbh_usr.o [1]
MSG_MSC_CLASS           0x08040b3c     0x24  Data  Gb  usbh_usr.o [1]
MSG_UNREC_ERROR         0x08040ea0     0x1c  Data  Gb  usbh_usr.o [1]
MemManage_Handler       0x080408d9      0x2  Code  Gb  stm32f4xx_it.o [1]
MotorProcess            0x2001ec68     0x1c  Data  Gb  page_weimi.o [1]
MotorStepCount          0x080367f9     0x70  Code  Gb  page_weimi.o [1]
NMI_Handler             0x080408a9      0x2  Code  Gb  stm32f4xx_it.o [1]
NVIC_Init               0x0803a523     0x6a  Code  Gb  misc.o [1]
NVIC_PriorityGroupConfig
                        0x0803a519      0xa  Code  Gb  misc.o [1]
OTG_FS_IRQHandler       0x0804121d     0x10  Code  Gb  usbh_it.o [1]
Overflow_ptr            0x2001ee8c      0x4  Data  Gb  encoder.o [1]
PendSV_Handler          0x0803a5b1           Code  Gb  portasm.o [1]
RCA                     0x2001ee64      0x4  Data  Lc  bsp_sdio_sd.o [1]
RCC_AHB1PeriphClockCmd  0x080375df     0x22  Code  Gb  stm32f4xx_rcc.o [1]
RCC_AHB2PeriphClockCmd  0x08037601     0x1e  Code  Gb  stm32f4xx_rcc.o [1]
RCC_APB1PeriphClockCmd  0x0803761f     0x1e  Code  Gb  stm32f4xx_rcc.o [1]
RCC_APB1PeriphResetCmd  0x0803765b     0x1e  Code  Gb  stm32f4xx_rcc.o [1]
RCC_APB2PeriphClockCmd  0x0803763d     0x1e  Code  Gb  stm32f4xx_rcc.o [1]
RCC_APB2PeriphResetCmd  0x08037679     0x1e  Code  Gb  stm32f4xx_rcc.o [1]
RCC_GetClocksFreq       0x080374dd    0x102  Code  Gb  stm32f4xx_rcc.o [1]
RS485_InitTXE           0x08037701     0x34  Code  Gb  bsp_uart_fifo.o [1]
RS485_sendbuf           0x08037f41     0x3c  Code  Gb  bsp_uart_fifo.o [1]
ReadValue1              0x2001ef1a      0x2  Data  Gb  encoder.o [1]
ReadValue2              0x2001ef1c      0x2  Data  Gb  encoder.o [1]
Region$$Table$$Base     0x08040b84            --   Gb  - Linker created -
Region$$Table$$Limit    0x08040bb8            --   Gb  - Linker created -
SDCardInfo              0x2001ea08     0x58  Data  Gb  bsp_sdio_sd.o [1]
SDEnWideBus             0x0803cbd5    0x198  Code  Lc  bsp_sdio_sd.o [1]
SDIO_ClearFlag          0x0803de51      0x6  Code  Gb  stm32f4xx_sdio.o [1]
SDIO_ClearITPendingBit  0x0803de71      0x6  Code  Gb  stm32f4xx_sdio.o [1]
SDIO_ClockCmd           0x0803dd7f      0x8  Code  Gb  stm32f4xx_sdio.o [1]
SDIO_CmdInitStructure   0x2001ecb4     0x14  Data  Gb  bsp_sdio_sd.o [1]
SDIO_DMACmd             0x0803de11      0x8  Code  Gb  stm32f4xx_sdio.o [1]
SDIO_DataConfig         0x0803dddd     0x2e  Code  Gb  stm32f4xx_sdio.o [1]
SDIO_DataInitStructure  0x2001ec9c     0x18  Data  Gb  bsp_sdio_sd.o [1]
SDIO_DeInit             0x0803dd3d     0x18  Code  Gb  stm32f4xx_sdio.o [1]
SDIO_GetCommandResponse
                        0x0803ddbf      0x8  Code  Gb  stm32f4xx_sdio.o [1]
SDIO_GetFlagStatus      0x0803de37     0x1a  Code  Gb  stm32f4xx_sdio.o [1]
SDIO_GetITStatus        0x0803de57     0x1a  Code  Gb  stm32f4xx_sdio.o [1]
SDIO_GetPowerState      0x0803dd8d      0xa  Code  Gb  stm32f4xx_sdio.o [1]
SDIO_GetResponse        0x0803ddc7     0x16  Code  Gb  stm32f4xx_sdio.o [1]
SDIO_IRQHandler         0x0803d1bd      0x8  Code  Gb  bsp_sdio_sd.o [1]
SDIO_ITConfig           0x0803de19     0x1e  Code  Gb  stm32f4xx_sdio.o [1]
SDIO_Init               0x0803dd55     0x2a  Code  Gb  stm32f4xx_sdio.o [1]
SDIO_InitStructure      0x2001ec84     0x18  Data  Gb  bsp_sdio_sd.o [1]
SDIO_Interrupts_Config  0x0803d181     0x3c  Code  Gb  bsp_sdio_sd.o [1]
SDIO_ReadData           0x0803de0b      0x6  Code  Gb  stm32f4xx_sdio.o [1]
SDIO_SendCommand        0x0803dd97     0x28  Code  Gb  stm32f4xx_sdio.o [1]
SDIO_SetPowerState      0x0803dd87      0x6  Code  Gb  stm32f4xx_sdio.o [1]
SDWE_WARNNING           0x08030271     0x2a  Code  Gb  bsp_sdwe050c17.o [1]
SD_Detect               0x0803b879     0x22  Code  Gb  bsp_sdio_sd.o [1]
SD_EnableWideBusOperation
                        0x0803c075     0xc8  Code  Gb  bsp_sdio_sd.o [1]
SD_GetCardInfo          0x0803bc89    0x3ec  Code  Gb  bsp_sdio_sd.o [1]
SD_GetState             0x0803b84f     0x2a  Code  Gb  bsp_sdio_sd.o [1]
SD_GetStatus            0x0803b82d     0x22  Code  Gb  bsp_sdio_sd.o [1]
SD_Init                 0x0803b775     0xb8  Code  Gb  bsp_sdio_sd.o [1]
SD_InitializeCards      0x0803bae7    0x1a2  Code  Gb  bsp_sdio_sd.o [1]
SD_LowLevel_DMA_RxConfig
                        0x0803d0cb     0x8e  Code  Gb  bsp_sdio_sd.o [1]
SD_LowLevel_DMA_TxConfig
                        0x0803d03d     0x8e  Code  Gb  bsp_sdio_sd.o [1]
SD_LowLevel_Init        0x0803cf79     0xbc  Code  Gb  bsp_sdio_sd.o [1]
SD_PowerON              0x0803b89b    0x24c  Code  Gb  bsp_sdio_sd.o [1]
SD_ProcessDMAIRQ        0x0803c8b9     0x22  Code  Gb  bsp_sdio_sd.o [1]
SD_ProcessIRQSrc        0x0803c80b     0xae  Code  Gb  bsp_sdio_sd.o [1]
SD_ReadBlock            0x0803c175    0x108  Code  Gb  bsp_sdio_sd.o [1]
SD_ReadMultiBlocks      0x0803c27d    0x134  Code  Gb  bsp_sdio_sd.o [1]
SD_SelectDeselect       0x0803c13d     0x38  Code  Gb  bsp_sdio_sd.o [1]
SD_SendStatus           0x0803c79d     0x6e  Code  Gb  bsp_sdio_sd.o [1]
SD_StopTransfer         0x0803c755     0x44  Code  Gb  bsp_sdio_sd.o [1]
SD_WaitReadOperation    0x0803c3b5     0x96  Code  Gb  bsp_sdio_sd.o [1]
SD_WriteBlock           0x0803c455    0x11e  Code  Gb  bsp_sdio_sd.o [1]
SD_WriteMultiBlocks     0x0803c581    0x1cc  Code  Gb  bsp_sdio_sd.o [1]
SPI1_Init               0x080382ad     0xc0  Code  Gb  bsp_spi.o [1]
SPI1_ReadWriteByte      0x08038395     0x32  Code  Gb  bsp_spi.o [1]
SPI1_SetSpeed           0x0803836d     0x28  Code  Gb  bsp_spi.o [1]
SPI_Cmd                 0x0803a8ed     0x1c  Code  Gb  stm32f4xx_spi.o [1]
SPI_I2S_GetFlagStatus   0x0803a909     0x18  Code  Gb  stm32f4xx_spi.o [1]
SPI_Init                0x0803a8ad     0x40  Code  Gb  stm32f4xx_spi.o [1]
SRC_Buffer              0x2000017c     0x14  Data  Gb  bsp_servomotor.o [1]
SVC_Handler             0x0803a609           Code  Gb  portasm.o [1]
SYSCFG_EXTILineConfig   0x08040565     0x50  Code  Gb  stm32f4xx_syscfg.o [1]
Sdwe_ClearReadDisk      0x08030347     0x1c  Code  Gb  bsp_sdwe050c17.o [1]
Sdwe_change_class_time  0x080307b3     0x30  Code  Gb  bsp_sdwe050c17.o [1]
Sdwe_clearString        0x0803029b     0x54  Code  Gb  bsp_sdwe050c17.o [1]
Sdwe_clear_filename     0x08030393     0x2a  Code  Gb  bsp_sdwe050c17.o [1]
Sdwe_disDigi            0x0803014b     0xa4  Code  Gb  bsp_sdwe050c17.o [1]
Sdwe_disPicture         0x08030101     0x4a  Code  Gb  bsp_sdwe050c17.o [1]
Sdwe_disString          0x080301ef     0x82  Code  Gb  bsp_sdwe050c17.o [1]
Sdwe_hidden_page        0x0803084b     0x30  Code  Gb  bsp_sdwe050c17.o [1]
Sdwe_peiliao_page       0x080306bd     0xf6  Code  Gb  bsp_sdwe050c17.o [1]
Sdwe_period_page        0x080307e3     0x68  Code  Gb  bsp_sdwe050c17.o [1]
Sdwe_product_page       0x0803053b    0x182  Code  Gb  bsp_sdwe050c17.o [1]
Sdwe_readRTC            0x08030363     0x30  Code  Gb  bsp_sdwe050c17.o [1]
Sdwe_refresh_allname    0x080304f3     0x48  Code  Gb  bsp_sdwe050c17.o [1]
Sdwe_refresh_filename   0x080303bd    0x136  Code  Gb  bsp_sdwe050c17.o [1]
Sdwe_stop_page          0x0803087b    0x36a  Code  Gb  bsp_sdwe050c17.o [1]
Sdwe_writeIcon          0x080302ef     0x58  Code  Gb  bsp_sdwe050c17.o [1]
ServoMotorRunning       0x08036481     0x24  Code  Gb  bsp_servomotor.o [1]
SetSysClock             0x0804008f     0xce  Code  Lc  system_stm32f4xx.o [1]
Show_flag               0x2001ef37      0x1  Data  Gb  encoder.o [1]
SlavePara               0x2001e704     0xa4  Data  Gb  protocol.o [1]
StopCondition           0x2001ee68      0x4  Data  Gb  bsp_sdio_sd.o [1]
SysTick_Handler         0x080370ff     0x2c  Code  Gb  port.o [1]
SystemCoreClock         0x200001c0      0x4  Data  Gb  system_stm32f4xx.o [1]
SystemInit              0x0804003d     0x52  Code  Gb  system_stm32f4xx.o [1]
TI1_Config              0x08032449     0x38  Code  Lc  stm32f4xx_tim.o [1]
TI2_Config              0x08032481     0x42  Code  Lc  stm32f4xx_tim.o [1]
TI3_Config              0x080324c3     0x40  Code  Lc  stm32f4xx_tim.o [1]
TI4_Config              0x08032503     0x42  Code  Lc  stm32f4xx_tim.o [1]
TIM1_PWM_SETPMOTOR      0x08035e99     0x9e  Code  Gb  bsp_stepmotor.o [1]
TIM2_IRQHandler         0x080381e9     0xac  Code  Gb  bsp_timer.o [1]
TIM3CH2_CAPTURE_STA     0x2001ef34      0x1  Data  Gb  encoder.o [1]
TIM3CH2_CAPTURE_VAL     0x2001ee84      0x4  Data  Gb  encoder.o [1]
TIM3_IRQHandler         0x080366ad    0x106  Code  Gb  encoder.o [1]
TIM3_PWM_SETPMOTOR      0x08035e31     0x68  Code  Gb  bsp_stepmotor.o [1]
TIM4_CH1_ConfigPwmOut   0x08036079     0x1c  Code  Gb  bsp_servomotor.o [1]
TIM4_CH1_GPIO_Configuration
                        0x080360ef     0x42  Code  Gb  bsp_servomotor.o [1]
TIM4_CH1_PWMDMA_Config  0x0803626d     0xb0  Code  Gb  bsp_servomotor.o [1]
TIM4_CH1_StartPwmOut    0x08036095     0x2c  Code  Gb  bsp_servomotor.o [1]
TIM4_CH1_StopPwmOut     0x080360c1     0x2e  Code  Gb  bsp_servomotor.o [1]
TIM4_CH2_ConfigPwmOut   0x0803631d     0x1c  Code  Gb  bsp_servomotor.o [1]
TIM4_CH2_GPIO_Configuration
                        0x08036393     0x3e  Code  Gb  bsp_servomotor.o [1]
TIM4_CH2_PWMDMA_Config  0x080363d1     0xb0  Code  Gb  bsp_servomotor.o [1]
TIM4_CH2_StartPwmOut    0x08036339     0x2c  Code  Gb  bsp_servomotor.o [1]
TIM4_CH2_StopPwmOut     0x08036365     0x2e  Code  Gb  bsp_servomotor.o [1]
TIM4_PWM_Config         0x080361a9     0xc4  Code  Gb  bsp_servomotor.o [1]
TIM6_DAC_IRQHandler     0x08040847     0x22  Code  Gb  SysInfoTest.o [1]
TIM_ARRPreloadConfig    0x0803203f     0x1c  Code  Gb  stm32f4xx_tim.o [1]
TIM_CallBack1           0x0802e841     0x34  Code  Gb  apptask.o [1]
TIM_ClearITPendingBit   0x0803242b      0x8  Code  Gb  stm32f4xx_tim.o [1]
TIM_Cmd                 0x0803205b     0x1c  Code  Gb  stm32f4xx_tim.o [1]
TIM_CtrlPWMOutputs      0x080323c1     0x22  Code  Gb  stm32f4xx_tim.o [1]
TIM_DMACmd              0x08032433     0x16  Code  Gb  stm32f4xx_tim.o [1]
TIM_DeInit              0x08031e59    0x17c  Code  Gb  stm32f4xx_tim.o [1]
TIM_GetITStatus         0x080323f9     0x32  Code  Gb  stm32f4xx_tim.o [1]
TIM_ICInit              0x08032305     0x70  Code  Gb  stm32f4xx_tim.o [1]
TIM_ITConfig            0x080323e3     0x16  Code  Gb  stm32f4xx_tim.o [1]
TIM_OC1Init             0x08032077     0x7e  Code  Gb  stm32f4xx_tim.o [1]
TIM_OC2Init             0x080320f5     0x8c  Code  Gb  stm32f4xx_tim.o [1]
TIM_OC2PreloadConfig    0x080322cb     0x14  Code  Gb  stm32f4xx_tim.o [1]
TIM_OC3Init             0x08032181     0x8a  Code  Gb  stm32f4xx_tim.o [1]
TIM_OC3PreloadConfig    0x080322df     0x12  Code  Gb  stm32f4xx_tim.o [1]
TIM_OC4Init             0x0803220b     0x68  Code  Gb  stm32f4xx_tim.o [1]
TIM_OC4PreloadConfig    0x080322f1     0x14  Code  Gb  stm32f4xx_tim.o [1]
TIM_OCStructInit        0x080322a9     0x22  Code  Gb  stm32f4xx_tim.o [1]
TIM_SetIC1Prescaler     0x08032375     0x12  Code  Gb  stm32f4xx_tim.o [1]
TIM_SetIC2Prescaler     0x08032387     0x14  Code  Gb  stm32f4xx_tim.o [1]
TIM_SetIC3Prescaler     0x0803239b     0x12  Code  Gb  stm32f4xx_tim.o [1]
TIM_SetIC4Prescaler     0x080323ad     0x14  Code  Gb  stm32f4xx_tim.o [1]
TIM_TimeBaseInit        0x08031fd5     0x6a  Code  Gb  stm32f4xx_tim.o [1]
Task_iwdg_refresh       0x0802ea81     0x56  Code  Gb  apptask.o [1]
TransferEnd             0x2001ee6c      0x4  Data  Gb  bsp_sdio_sd.o [1]
TransferError           0x2001ef31      0x1  Data  Gb  bsp_sdio_sd.o [1]
UART1ToPC               0x08037ee1     0x30  Code  Gb  bsp_uart_fifo.o [1]
UART2ToPC               0x08037f11     0x30  Code  Gb  bsp_uart_fifo.o [1]
UART2_RX_BUF            0x2001e9a0     0x64  Data  Gb  bsp_uart_fifo.o [1]
UART3ToPC               0x08037f7d     0x30  Code  Gb  bsp_uart_fifo.o [1]
UART4ToPC               0x08037fad     0x30  Code  Gb  bsp_uart_fifo.o [1]
UART4_IRQHandler        0x08037df3     0x84  Code  Gb  bsp_uart_fifo.o [1]
UART4_RX_BUF            0x2001e93c     0x64  Data  Gb  bsp_uart_fifo.o [1]
UART5ToPC               0x08037fdd     0x30  Code  Gb  bsp_uart_fifo.o [1]
UART5_IRQHandler        0x08037e77     0x6a  Code  Gb  bsp_uart_fifo.o [1]
USART1_IRQHandler       0x08037d63     0x1e  Code  Gb  bsp_uart_fifo.o [1]
USART2_IRQHandler       0x08037d81     0x68  Code  Gb  bsp_uart_fifo.o [1]
USART3_IRQHandler       0x08037de9      0xa  Code  Gb  bsp_uart_fifo.o [1]
USART_ClearFlag         0x0803a80b      0xc  Code  Gb  stm32f4xx_usart.o [1]
USART_ClearITPendingBit
                        0x0803a887     0x26  Code  Gb  stm32f4xx_usart.o [1]
USART_Cmd               0x0803a755     0x1c  Code  Gb  stm32f4xx_usart.o [1]
USART_DMACmd            0x0803a781     0x16  Code  Gb  stm32f4xx_usart.o [1]
USART_GetFlagStatus     0x0803a7ed     0x1e  Code  Gb  stm32f4xx_usart.o [1]
USART_GetITStatus       0x0803a817     0x70  Code  Gb  stm32f4xx_usart.o [1]
USART_ITConfig          0x0803a797     0x56  Code  Gb  stm32f4xx_usart.o [1]
USART_Init              0x0803a659     0xee  Code  Gb  stm32f4xx_usart.o [1]
USART_ReceiveData       0x0803a779      0x8  Code  Gb  stm32f4xx_usart.o [1]
USART_SendData          0x0803a771      0x8  Code  Gb  stm32f4xx_usart.o [1]
USBH_Alloc_Channel      0x08039625     0x2e  Code  Gb  usbh_hcs.o [1]
USBH_BulkReceiveData    0x08039cc9     0x62  Code  Gb  usbh_ioreq.o [1]
USBH_BulkSendData       0x08039c67     0x62  Code  Gb  usbh_ioreq.o [1]
USBH_CfgDesc            0x2001e324    0x200  Data  Gb  usbh_stdreq.o [1]
USBH_ClrFeature         0x0803986f     0x4c  Code  Gb  usbh_stdreq.o [1]
USBH_Connected          0x08032d95      0xc  Code  Gb  usbh_core.o [1]
USBH_CtlReceiveData     0x08039c21     0x46  Code  Gb  usbh_ioreq.o [1]
USBH_CtlReq             0x08039afb     0x6e  Code  Gb  usbh_ioreq.o [1]
USBH_CtlSendData        0x08039bad     0x74  Code  Gb  usbh_ioreq.o [1]
USBH_CtlSendSetup       0x08039b69     0x44  Code  Gb  usbh_ioreq.o [1]
USBH_DataInBuffer       0x2001e124    0x200  Data  Gb  usbh_msc_scsi.o [1]
USBH_DeAllocate_AllChannel
                        0x08039677     0x20  Code  Gb  usbh_hcs.o [1]
USBH_DeInit             0x08032dfb     0x3e  Code  Gb  usbh_core.o [1]
USBH_Disconnected       0x08032da1      0xc  Code  Gb  usbh_core.o [1]
USBH_ErrorHandle        0x0803300b     0x34  Code  Gb  usbh_core.o [1]
USBH_Free_Channel       0x08039653     0x24  Code  Gb  usbh_hcs.o [1]
USBH_GetDescriptor      0x080397cf     0x4e  Code  Gb  usbh_stdreq.o [1]
USBH_GetFreeChannel     0x08039697     0x2e  Code  Lc  usbh_hcs.o [1]
USBH_GetNextDesc        0x08039ae3     0x18  Code  Gb  usbh_stdreq.o [1]
USBH_Get_CfgDesc        0x0803970b     0x78  Code  Gb  usbh_stdreq.o [1]
USBH_Get_DevDesc        0x080396c5     0x46  Code  Gb  usbh_stdreq.o [1]
USBH_Get_StringDesc     0x08039783     0x4c  Code  Gb  usbh_stdreq.o [1]
USBH_HCD_INT_cb         0x200001b0      0xc  Data  Gb  usbh_core.o [1]
USBH_HCD_INT_fops       0x200001c4      0x4  Data  Gb  usbh_core.o [1]
USBH_HandleControl      0x08033253    0x29a  Code  Gb  usbh_core.o [1]
USBH_HandleEnum         0x0803303f    0x214  Code  Lc  usbh_core.o [1]
USBH_Init               0x08032db3     0x48  Code  Gb  usbh_core.o [1]
USBH_MSC_BOTReset       0x0803ee7d     0x28  Code  Lc  usbh_msc_core.o [1]
USBH_MSC_BOTXferParam   0x2001ed98     0x10  Data  Gb  usbh_msc_bot.o [1]
USBH_MSC_BOT_Abort      0x0803dc2d     0x5c  Code  Gb  usbh_msc_bot.o [1]
USBH_MSC_CBWData        0x2001ec48     0x20  Data  Gb  usbh_msc_bot.o [1]
USBH_MSC_CSWData        0x2001ed88     0x10  Data  Gb  usbh_msc_bot.o [1]
USBH_MSC_ClassRequest   0x0803ec6b     0x12  Code  Lc  usbh_msc_core.o [1]
USBH_MSC_DecodeCSW      0x0803dc89     0x7a  Code  Gb  usbh_msc_bot.o [1]
USBH_MSC_ErrorHandle    0x0803eecd     0x3e  Code  Gb  usbh_msc_core.o [1]
USBH_MSC_GETMaxLUN      0x0803eea5     0x28  Code  Lc  usbh_msc_core.o [1]
USBH_MSC_Handle         0x0803ec7d    0x200  Code  Lc  usbh_msc_core.o [1]
USBH_MSC_HandleBOTXfer  0x0803d829    0x404  Code  Gb  usbh_msc_bot.o [1]
USBH_MSC_Init           0x0803d7e5     0x44  Code  Gb  usbh_msc_bot.o [1]
USBH_MSC_InterfaceDeInit
                        0x0803ec1f     0x4c  Code  Lc  usbh_msc_core.o [1]
USBH_MSC_InterfaceInit  0x0803eb39     0xe6  Code  Lc  usbh_msc_core.o [1]
USBH_MSC_ModeSense6     0x0803d3df    0x10c  Code  Gb  usbh_msc_scsi.o [1]
USBH_MSC_Param          0x2001eda8     0x10  Data  Gb  usbh_msc_scsi.o [1]
USBH_MSC_Read10         0x0803d6c5    0x106  Code  Gb  usbh_msc_scsi.o [1]
USBH_MSC_ReadCapacity10
                        0x0803d2b5    0x12a  Code  Gb  usbh_msc_scsi.o [1]
USBH_MSC_RequestSense   0x0803d4eb     0xee  Code  Gb  usbh_msc_scsi.o [1]
USBH_MSC_TestUnitReady  0x0803d1cd     0xe8  Code  Gb  usbh_msc_scsi.o [1]
USBH_MSC_Write10        0x0803d5d9     0xec  Code  Gb  usbh_msc_scsi.o [1]
USBH_MSC_cb             0x200001a0     0x10  Data  Gb  usbh_msc_core.o [1]
USBH_Modify_Channel     0x080395b1     0x74  Code  Gb  usbh_hcs.o [1]
USBH_OTG_ISR_Handler    0x0803deb9     0xb8  Code  Gb  usb_hcd_int.o [1]
USBH_Open_Channel       0x0803950b     0xa6  Code  Gb  usbh_hcs.o [1]
USBH_ParseCfgDesc       0x08039917    0x13c  Code  Lc  usbh_stdreq.o [1]
USBH_ParseDevDesc       0x080398bb     0x5c  Code  Lc  usbh_stdreq.o [1]
USBH_ParseEPDesc        0x08039a87     0x20  Code  Lc  usbh_stdreq.o [1]
USBH_ParseInterfaceDesc
                        0x08039a61     0x26  Code  Lc  usbh_stdreq.o [1]
USBH_ParseStringDesc    0x08039aa7     0x3c  Code  Lc  usbh_stdreq.o [1]
USBH_Process            0x08032e39    0x1d2  Code  Gb  usbh_core.o [1]
USBH_SOF                0x08032dad      0x6  Code  Gb  usbh_core.o [1]
USBH_SetAddress         0x0803981d     0x2a  Code  Gb  usbh_stdreq.o [1]
USBH_SetCfg             0x08039847     0x28  Code  Gb  usbh_stdreq.o [1]
USBH_SubmitSetupRequest
                        0x08039d2b     0x16  Code  Lc  usbh_ioreq.o [1]
USBH_USR_Configuration_DescAvailable
                        0x08032c9d     0x26  Code  Gb  usbh_usr.o [1]
USBH_USR_DeInit         0x08032d91      0x2  Code  Gb  usbh_usr.o [1]
USBH_USR_DeviceAddressAssigned
                        0x08032c9b      0x2  Code  Gb  usbh_usr.o [1]
USBH_USR_DeviceAttached
                        0x08032c15      0xa  Code  Gb  usbh_usr.o [1]
USBH_USR_DeviceDisconnected
                        0x08032c29     0x1a  Code  Gb  usbh_usr.o [1]
USBH_USR_DeviceNotSupported
                        0x08032d07      0xa  Code  Gb  usbh_usr.o [1]
USBH_USR_DeviceSpeedDetected
                        0x08032c4d     0x36  Code  Gb  usbh_usr.o [1]
USBH_USR_Device_DescAvailable
                        0x08032c83     0x18  Code  Gb  usbh_usr.o [1]
USBH_USR_EnumerationDone
                        0x08032ced     0x1a  Code  Gb  usbh_usr.o [1]
USBH_USR_Init           0x08032bf1     0x24  Code  Gb  usbh_usr.o [1]
USBH_USR_MSC_Application
                        0x08032d8d      0x4  Code  Gb  usbh_usr.o [1]
USBH_USR_Manufacturer_String
                        0x08032cc3      0xe  Code  Gb  usbh_usr.o [1]
USBH_USR_OverCurrentDetected
                        0x08032d15      0xa  Code  Gb  usbh_usr.o [1]
USBH_USR_Product_String
                        0x08032cd1      0xe  Code  Gb  usbh_usr.o [1]
USBH_USR_ResetDevice    0x08032c43      0xa  Code  Gb  usbh_usr.o [1]
USBH_USR_SerialNum_String
                        0x08032cdf      0xe  Code  Gb  usbh_usr.o [1]
USBH_USR_UnrecoveredError
                        0x08032c1f      0xa  Code  Gb  usbh_usr.o [1]
USBH_USR_UserInput      0x08032d11      0x4  Code  Gb  usbh_usr.o [1]
USB_Host                0x2001e7a8     0x94  Data  Gb  usbh_usr.o [1]
USB_OTG_BSP_DisableInterrupt
                        0x08039399     0x22  Code  Gb  usb_bsp.o [1]
USB_OTG_BSP_EnableInterrupt
                        0x080393bb     0x54  Code  Gb  usb_bsp.o [1]
USB_OTG_BSP_Init        0x080392e9     0xb0  Code  Gb  usb_bsp.o [1]
USB_OTG_BSP_mDelay      0x08039429      0xc  Code  Gb  usb_bsp.o [1]
USB_OTG_BSP_uDelay      0x0803941d      0xc  Code  Gb  usb_bsp.o [1]
USB_OTG_Core            0x2001d3cc    0x5ac  Data  Gb  usbh_usr.o [1]
USB_OTG_CoreInit        0x0803aefd     0xce  Code  Gb  usb_core.o [1]
USB_OTG_CoreInitHost    0x0803b109     0xd0  Code  Gb  usb_core.o [1]
USB_OTG_CoreReset       0x0803ad47     0x60  Code  Lc  usb_core.o [1]
USB_OTG_DisableGlobalInt
                        0x0803afe9     0x1e  Code  Gb  usb_core.o [1]
USB_OTG_DriveVbus       0x0803b1e9     0x54  Code  Gb  usb_core.o [1]
USB_OTG_EnableCommonInt
                        0x0803ad25     0x22  Code  Lc  usb_core.o [1]
USB_OTG_EnableGlobalInt
                        0x0803afcb     0x1e  Code  Gb  usb_core.o [1]
USB_OTG_EnableHostInt   0x0803b23d     0x4e  Code  Gb  usb_core.o [1]
USB_OTG_FlushRxFifo     0x0803b04f     0x40  Code  Gb  usb_core.o [1]
USB_OTG_FlushTxFifo     0x0803b007     0x48  Code  Gb  usb_core.o [1]
USB_OTG_GetMode         0x0803b0d5      0xa  Code  Gb  usb_core.o [1]
USB_OTG_HC_DoPing       0x0803b72d     0x48  Code  Gb  usb_core.o [1]
USB_OTG_HC_Halt         0x0803b6b9     0x74  Code  Gb  usb_core.o [1]
USB_OTG_HC_Init         0x0803b2e9    0x1d0  Code  Gb  usb_core.o [1]
USB_OTG_HC_StartXfer    0x0803b4b9    0x200  Code  Gb  usb_core.o [1]
USB_OTG_InitFSLSPClkSel
                        0x0803b28b     0x12  Code  Gb  usb_core.o [1]
USB_OTG_IsEvenFrame     0x0803b1d9     0x10  Code  Gb  usb_core.o [1]
USB_OTG_IsHostMode      0x0803b0df     0x18  Code  Gb  usb_core.o [1]
USB_OTG_ReadCoreItr     0x0803b0f7     0x12  Code  Gb  usb_core.o [1]
USB_OTG_ReadHPRT0       0x0803b29d     0x1c  Code  Gb  usb_core.o [1]
USB_OTG_ReadPacket      0x0803adef     0x2c  Code  Gb  usb_core.o [1]
USB_OTG_ResetPort       0x0803b2b9     0x30  Code  Gb  usb_core.o [1]
USB_OTG_SelectCore      0x0803ae1b     0xe2  Code  Gb  usb_core.o [1]
USB_OTG_SetCurrentMode  0x0803b099     0x3c  Code  Gb  usb_core.o [1]
USB_OTG_USBH_handle_Disconnect_ISR
                        0x0803dff5     0x1e  Code  Lc  usb_hcd_int.o [1]
USB_OTG_USBH_handle_IncompletePeriodicXfer_ISR
[...]
dir_register            0x08034483    0x14e  Code  Lc  ff.o [1]
dir_sdi                 0x08033d03     0xb2  Code  Lc  ff.o [1]
disk_initialize         0x08039d41     0x40  Code  Gb  diskio.o [1]
disk_ioctl              0x08039f65     0xa6  Code  Gb  diskio.o [1]
disk_read               0x08039dad     0xdc  Code  Gb  diskio.o [1]
disk_status             0x08039d81     0x2c  Code  Gb  diskio.o [1]
disk_write              0x08039e89     0xdc  Code  Gb  diskio.o [1]
div                     0x0803aca1      0xe  Code  Gb  div.o [3]
download_num            0x2001ef28      0x1  Data  Gb  apptask.o [1]
enq_lock                0x080335f3     0x28  Code  Lc  ff.o [1]
exit                    0x08040ed7      0x4  Code  Gb  exit.o [3]
f_close                 0x080355e9     0x38  Code  Gb  ff.o [1]
f_mount                 0x0803501d     0x66  Code  Gb  ff.o [1]
f_open                  0x08035083    0x20e  Code  Gb  ff.o [1]
f_opendir               0x08035621     0xb2  Code  Gb  ff.o [1]
f_readdir               0x080356d3     0x74  Code  Gb  ff.o [1]
f_sync                  0x08035533     0xb6  Code  Gb  ff.o [1]
f_write                 0x080352a1    0x292  Code  Gb  ff.o [1]
ff_convert              0x0803a025     0x80  Code  Gb  cc936.o [1]
ff_wtoupper             0x0803a0a5     0x64  Code  Gb  cc936.o [1]
file_select             0x2001ede8      0xc  Data  Gb  protocol.o [1]
final_per_meter         0x08031381     0x1a  Code  Gb  product_cal.o [1]
find_volume             0x08034b8d    0x45a  Code  Lc  ff.o [1]
fit_lfn                 0x080340c7     0x88  Code  Lc  ff.o [1]
follow_path             0x08034a27     0x90  Code  Lc  ff.o [1]
fputc                   0x0803800d     0x22  Code  Gb  bsp_uart_fifo.o [1]
g_tUart3                0x2001ebac     0x28  Data  Gb  bsp_uart_fifo.o [1]
gen_numname             0x08034155     0xec  Code  Lc  ff.o [1]
get_card_type           0x080314f7     0xe4  Code  Gb  product_cal.o [1]
get_class_time          0x080313ff     0x7a  Code  Gb  product_cal.o [1]
get_fat                 0x0803391b    0x11c  Code  Gb  ff.o [1]
get_fattime             0x0803a00b      0x4  Code  Gb  diskio.o [1]
get_fileinfo            0x080345d1    0x13c  Code  Lc  ff.o [1]
get_float_1bit          0x080313dd     0x22  Code  Gb  product_cal.o [1]
get_ldnumber            0x08034ab7     0x50  Code  Lc  ff.o [1]
get_period_state        0x08031479     0x54  Code  Gb  product_cal.o [1]
get_valid_length        0x080311ad     0x26  Code  Gb  bsp_sdwe050c17.o [1]
hex_to_decimal          0x080311d3     0x26  Code  Gb  bsp_sdwe050c17.o [1]
idwgEventGroup          0x2001ee54      0x4  Data  Gb  apptask.o [1]
inc_card_type           0x080315e5    0x11c  Code  Gb  product_cal.o [1]
inc_lock                0x0803361b     0xe8  Code  Lc  ff.o [1]
init_peiliao_para       0x080312b9     0x50  Code  Gb  product_cal.o [1]
init_product_para       0x080311f9     0xc0  Code  Gb  product_cal.o [1]
input_password_buf      0x2001eddc      0xc  Data  Gb  protocol.o [1]
input_password_len      0x2001ef3c      0x1  Data  Gb  protocol.o [1]
isDevicePeriod          0x2001ef2f      0x1  Data  Gb  apptask.o [1]
isWork                  0x2001ef29      0x1  Data  Gb  apptask.o [1]
is_same_data            0x080314cd     0x2a  Code  Gb  product_cal.o [1]
lcd_busy                0x2001ef32      0x1  Data  Gb  bsp_sdwe050c17.o [1]
lcd_rev_buf             0x2001eb4c     0x34  Data  Gb  bsp_sdwe050c17.o [1]
lcd_rev_len             0x2001ef18      0x2  Data  Gb  bsp_sdwe050c17.o [1]
ld_clust                0x08033f45     0x28  Code  Lc  ff.o [1]
localeconv              0x0803ac6f     0x16  Code  Gb  localeconv.o [3]
m_ctrl_dev              0x2001ee08      0x8  Data  Gb  modbus.o [1]
main                    0x080408e1     0x34  Code  Gb  main.o [1]
mallco_dev              0x20000160     0x1c  Data  Gb  malloc.o [1]
mb_init                 0x08035b4d     0x30  Code  Gb  modbus.o [1]
mb_packsend_frame       0x08035a5b     0xf2  Code  Gb  modbus.o [1]
mb_unpack_frame         0x08035919    0x142  Code  Gb  modbus.o [1]
mc_check_crc16          0x0803a185     0x40  Code  Gb  mcheck.o [1]
mc_check_crc8           0x0803a161     0x24  Code  Gb  mcheck.o [1]
mc_check_sum            0x0803a119     0x2e  Code  Gb  mcheck.o [1]
mc_check_xor            0x0803a147     0x1a  Code  Gb  mcheck.o [1]
mem1base                0x200119cc   0xa000  Data  Gb  malloc.o [1]
mem1mapbase             0x2001c9cc    0xa00  Data  Gb  malloc.o [1]
mem2base                0x68000000  0xf0000  Data  Gb  malloc.o [1]
mem2mapbase             0x680f0000   0xf000  Data  Gb  malloc.o [1]
mem_cmp                 0x08033527     0x24  Code  Lc  ff.o [1]
mem_cpy                 0x080334f5     0x1c  Code  Lc  ff.o [1]
mem_set                 0x08033511     0x16  Code  Lc  ff.o [1]
memblksize              0x08041424      0x8  Data  Gb  malloc.o [1]
memchr                  0x0803a939           Code  Gb  memchr.o [5]
memsize                 0x0804142c      0x8  Data  Gb  malloc.o [1]
memtblsize              0x0804141c      0x8  Data  Gb  malloc.o [1]
modbus_send_frame       0x08035b7d     0xe6  Code  Gb  modbus.o [1]
move_window             0x080337e9     0x40  Code  Lc  ff.o [1]
my_mem_free             0x08031d8f     0x6c  Code  Gb  malloc.o [1]
my_mem_init             0x08031c53     0x42  Code  Gb  malloc.o [1]
my_mem_malloc           0x08031cd3     0xbc  Code  Gb  malloc.o [1]
my_mem_perused          0x08031c95     0x3e  Code  Gb  malloc.o [1]
myfree                  0x08031dfb     0x24  Code  Gb  malloc.o [1]
mymalloc                0x08031e1f     0x2a  Code  Gb  malloc.o [1]
mymemset                0x08031c3d     0x16  Code  Gb  malloc.o [1]
obuf                    0x2001eab0     0x50  Data  Lc  xfiles.o [3]
oem2uni                 0x0801560c  0x15484  Data  Lc  cc936.o [1]
old_card_record         0x2001ef2d      0x1  Data  Gb  apptask.o [1]
old_isWork              0x2001ef2a      0x1  Data  Gb  apptask.o [1]
old_plan_complete       0x2001ef3a      0x1  Data  Gb  product_cal.o [1]
para_init               0x0803fbc5     0x80  Code  Gb  para.o [1]
pcInterruptPriorityRegisters
                        0x08041460      0x4  Data  Lc  port.o [1]
peiliao_para            0x2001eb80     0x2c  Data  Gb  product_cal.o [1]
pick_lfn                0x0803403b     0x8c  Code  Lc  ff.o [1]
plan_complete           0x2001ef39      0x1  Data  Gb  product_cal.o [1]
pluse_count             0x2001ef12      0x2  Data  Gb  apptask.o [1]
printf                  0x08031bd5     0x24  Code  Gb  printf.o [3]
product_complete_kilo   0x080313ad     0x30  Code  Gb  product_cal.o [1]
product_complete_meter  0x0803139b     0x12  Code  Gb  product_cal.o [1]
product_para            0x2001ebfc     0x28  Data  Gb  product_cal.o [1]
product_per_meter       0x08031309     0x78  Code  Gb  product_cal.o [1]
prvAddCurrentTaskToDelayedList
                        0x0802f651     0x48  Code  Lc  tasks.o [1]
prvAllocateTCBAndStack  0x0802f699     0x5a  Code  Lc  tasks.o [1]
prvCheckForValidListAndQueue
                        0x08036eff     0x52  Code  Lc  timers.o [1]
prvCheckTasksWaitingTermination
                        0x0802f5e7     0x66  Code  Lc  tasks.o [1]
prvCopyDataFromQueue    0x0802fe81     0x30  Code  Lc  queue.o [1]
prvCopyDataToQueue      0x0802fdfd     0x84  Code  Lc  queue.o [1]
prvDeleteTCB            0x0802f6f3     0x12  Code  Lc  tasks.o [1]
prvGetNextExpireTime    0x08036ceb     0x2e  Code  Lc  timers.o [1]
prvHeapInit             0x080373ed     0x6e  Code  Lc  heap_4.o [1]
prvIdleTask             0x0802f501     0x26  Code  Lc  tasks.o [1]
prvInitialiseTCBVariables
                        0x0802f527     0x6a  Code  Lc  tasks.o [1]
prvInitialiseTaskLists  0x0802f591     0x56  Code  Lc  tasks.o [1]
prvInsertBlockIntoFreeList
                        0x0803745b     0x62  Code  Lc  heap_4.o [1]
prvInsertTimerInActiveList
                        0x08036d41     0x50  Code  Lc  timers.o [1]
prvIsQueueEmpty         0x0802ff1b     0x20  Code  Lc  queue.o [1]
prvIsQueueFull          0x0802ff3b     0x22  Code  Lc  queue.o [1]
prvProcessExpiredTimer  0x08036c03     0x5c  Code  Lc  timers.o [1]
prvProcessReceivedCommands
                        0x08036d91     0xde  Code  Lc  timers.o [1]
prvProcessTimerOrBlockTask
                        0x08036c7b     0x70  Code  Lc  timers.o [1]
prvResetNextTaskUnblockTime
                        0x0802f705     0x26  Code  Lc  tasks.o [1]
prvSampleTimeNow        0x08036d19     0x28  Code  Lc  timers.o [1]
prvSwitchTimerLists     0x08036e6f     0x90  Code  Lc  timers.o [1]
prvTaskExitError        0x08036f9d     0x2a  Code  Lc  port.o [1]
prvTestWaitCondition    0x08036aa7     0x24  Code  Lc  event_groups.o [1]
prvTimerTask            0x08036c61     0x1a  Code  Lc  timers.o [1]
prvUnlockQueue          0x0802feb1     0x6a  Code  Lc  queue.o [1]
put_fat                 0x08033a37    0x16c  Code  Gb  ff.o [1]
putchar                 0x08041081      0xc  Code  Gb  putchar.o [3]
pvPortMalloc            0x0803725d    0x118  Code  Gb  heap_4.o [1]
pwm_flag                0x2001ef30      0x1  Data  Gb  apptask.o [1]
pxCurrentTCB            0x2001eeb0      0x4  Data  Gb  tasks.o [1]
pxCurrentTimerList      0x2001eef0      0x4  Data  Lc  timers.o [1]
pxDelayedTaskList       0x2001eeb4      0x4  Data  Lc  tasks.o [1]
pxEnd                   0x2001ee90      0x4  Data  Lc  heap_4.o [1]
pxOverflowDelayedTaskList
                        0x2001eeb8      0x4  Data  Lc  tasks.o [1]
pxOverflowTimerList     0x2001eef4      0x4  Data  Lc  timers.o [1]
pxPortInitialiseStack   0x08036f79     0x24  Code  Gb  port.o [1]
pxReadyTasksLists       0x2001e63c     0xc8  Data  Lc  tasks.o [1]
rc522_cmd_anticoll      0x080358bd     0x5a  Code  Gb  rc522.o [1]
rc522_cmd_request       0x08035869     0x54  Code  Gb  rc522.o [1]
readSlave               0x2001edc4      0xc  Data  Gb  apptask.o [1]
read_device_info        0x0803f9b9    0x20c  Code  Gb  para.o [1]
read_file_select        0x2001edf4      0xc  Data  Gb  protocol.o [1]
remove_chain            0x08033ba3     0x76  Code  Lc  ff.o [1]
rfid_rev_buf            0x2001ecc8     0x14  Data  Gb  rc522.o [1]
rfid_rev_cnt            0x2001ef3e      0x1  Data  Gb  rc522.o [1]
rfid_rev_flag           0x2001ef3d      0x1  Data  Gb  rc522.o [1]
rtc_time                0x2001ee10      0x8  Data  Gb  protocol.o [1]
s_TIM_CallBack1         0x2001ee74      0x4  Data  Lc  bsp_timer.o [1]
s_TIM_CallBack2         0x2001ee78      0x4  Data  Lc  bsp_timer.o [1]
s_TIM_CallBack3         0x2001ee7c      0x4  Data  Lc  bsp_timer.o [1]
s_TIM_CallBack4         0x2001ee80      0x4  Data  Lc  bsp_timer.o [1]
sample_time             0x2001ef10      0x2  Data  Gb  apptask.o [1]
sdew_weimi_page1        0x08030c1d    0x236  Code  Gb  bsp_sdwe050c17.o [1]
sdew_weimi_page2        0x08030e53    0x236  Code  Gb  bsp_sdwe050c17.o [1]
sdew_weisha_page1       0x08031089     0x92  Code  Gb  bsp_sdwe050c17.o [1]
sdew_weisha_page2       0x0803111b     0x92  Code  Gb  bsp_sdwe050c17.o [1]
slave_info              0x2001edb8      0xc  Data  Gb  apptask.o [1]
sprintf                 0x08035759     0x34  Code  Gb  sprintf.o [3]
st_clust                0x08033f6d     0x18  Code  Lc  ff.o [1]
strcat                  0x0803578d     0x1c  Code  Gb  strcat.o [3]
strchr                  0x0803a921           Code  Gb  strchr.o [5]
strlen                  0x08032b41           Code  Gb  strlen.o [5]
strstr                  0x08035d19     0x10  Code  Gb  apptask.o [1]
sum_sfn                 0x08034241     0x20  Code  Lc  ff.o [1]
sync_fs                 0x08033829     0xd8  Code  Lc  ff.o [1]
sync_window             0x0803378f     0x5a  Code  Lc  ff.o [1]
system_state_dis        0x0803feac    0x190  Data  Gb  product_cal.o [1]
total_meter_gross       0x2001eea4      0x4  Data  Gb  product_cal.o [1]
total_weight_gross      0x2001eea8      0x4  Data  Gb  product_cal.o [1]
ucHeap                  0x200001cc  0x11800  Data  Lc  heap_4.o [1]
ucMaxSysCallPriority    0x2001ef38      0x1  Data  Lc  port.o [1]
ulHighFrequencyTimerTicks
                        0x2001eeac      0x4  Data  Gb  SysInfoTest.o [1]
ulMaxPRIGROUPValue      0x2001eea0      0x4  Data  Lc  port.o [1]
ulTaskSwitchedInTime    0x2001eee8      0x4  Data  Lc  tasks.o [1]
ulTotalRunTime          0x2001eeec      0x4  Data  Lc  tasks.o [1]
uni2oem                 0x08000188  0x15484  Data  Lc  cc936.o [1]
usb_disk_flag           0x2001ef2b      0x1  Data  Gb  apptask.o [1]
usbh_OpenMassStorage    0x08032bdd     0x14  Code  Gb  usbh_usr.o [1]
uxCriticalNesting       0x200001bc      0x4  Data  Lc  port.o [1]
uxCurrentNumberOfTasks  0x2001eec0      0x4  Data  Lc  tasks.o [1]
uxListRemove            0x08037235     0x28  Code  Gb  list.o [1]
uxPendedTicks           0x2001eed0      0x4  Data  Lc  tasks.o [1]
uxSchedulerSuspended    0x2001eee4      0x4  Data  Lc  tasks.o [1]
uxTaskNumber            0x2001eedc      0x4  Data  Lc  tasks.o [1]
uxTaskResetEventItemValue
                        0x0802f765     0x20  Code  Gb  tasks.o [1]
uxTasksDeleted          0x2001eebc      0x4  Data  Lc  tasks.o [1]
uxTopReadyPriority      0x2001eec8      0x4  Data  Lc  tasks.o [1]
vListInitialise         0x080371c5     0x1e  Code  Gb  list.o [1]
vListInsert             0x080371fb     0x3a  Code  Gb  list.o [1]
vListInsertEnd          0x080371e3     0x18  Code  Gb  list.o [1]
vPortEnableVFP          0x0803a63d           Code  Gb  portasm.o [1]
vPortEnterCritical      0x08037093     0x3a  Code  Gb  port.o [1]
vPortExitCritical       0x080370cd     0x32  Code  Gb  port.o [1]
vPortFree               0x08037375     0x78  Code  Gb  heap_4.o [1]
vPortSetupTimerInterrupt
                        0x0803712b      0xe  Code  Wk  port.o [1]
vPortStartFirstTask     0x0803a625           Code  Gb  portasm.o [1]
vPortValidateInterruptPriority
                        0x08037139     0x4e  Code  Gb  port.o [1]
vQueueWaitForMessageRestricted
                        0x0802ff5d     0x44  Code  Gb  queue.o [1]
vSetupSysInfoTest       0x08040835     0x12  Code  Gb  SysInfoTest.o [1]
vTaskDelay              0x0802ed5d     0x84  Code  Gb  tasks.o [1]
vTaskManageCapacity     0x0802de65    0x5b0  Code  Gb  apptask.o [1]
vTaskMassStorage        0x0802d0ad    0x23c  Code  Lc  apptask.o [1]
vTaskMissedYield        0x0802f4f7      0xa  Code  Gb  tasks.o [1]
vTaskMotorControl       0x0802e419    0x12a  Code  Lc  apptask.o [1]
vTaskMsgPro             0x0802d735    0x426  Code  Lc  apptask.o [1]
vTaskPlaceOnEventList   0x0802f15d     0x74  Code  Gb  tasks.o [1]
vTaskPlaceOnEventListRestricted
                        0x0802f295     0x80  Code  Gb  tasks.o [1]
vTaskPlaceOnUnorderedEventList
                        0x0802f1ed     0xa8  Code  Gb  tasks.o [1]
vTaskReadDisk           0x0802dc31    0x1b6  Code  Lc  apptask.o [1]
vTaskRev485             0x0802db61     0xae  Code  Lc  apptask.o [1]
vTaskSetTimeOutState    0x0802f441     0x26  Code  Gb  tasks.o [1]
vTaskStartScheduler     0x0802ede1     0x7e  Code  Gb  tasks.o [1]
vTaskSuspendAll         0x0802ee5f     0x10  Code  Gb  tasks.o [1]
vTaskSwitchContext      0x0802f0ad     0xb0  Code  Gb  tasks.o [1]
vTaskTaskLCD            0x0802aa91   0x260a  Code  Gb  apptask.o [1]
vTaskTaskLED            0x0802d321     0x20  Code  Lc  apptask.o [1]
vTaskTaskRFID           0x0802d341    0x3c6  Code  Lc  apptask.o [1]
validate                0x08034fe7     0x36  Code  Lc  ff.o [1]
weimi_para              0x2001e524    0x118  Data  Gb  page_weimi.o [1]
work_idle               0x2001ef3b      0x1  Data  Gb  product_cal.o [1]
work_idle_time          0x2001ef22      0x2  Data  Gb  product_cal.o [1]
xActiveTimerList1       0x2001ed40     0x14  Data  Lc  timers.o [1]
xActiveTimerList2       0x2001ed54     0x14  Data  Lc  timers.o [1]
xBlockAllocatedBit      0x2001ee9c      0x4  Data  Lc  heap_4.o [1]
xDelayedTaskList1       0x2001ecdc     0x14  Data  Lc  tasks.o [1]
xDelayedTaskList2       0x2001ecf0     0x14  Data  Lc  tasks.o [1]
xEventGroupCreate       0x08036869     0x1c  Code  Gb  event_groups.o [1]
xEventGroupSetBits      0x080369d1     0xd6  Code  Gb  event_groups.o [1]
xEventGroupWaitBits     0x08036885    0x146  Code  Gb  event_groups.o [1]
xFreeBytesRemaining     0x2001ee94      0x4  Data  Lc  heap_4.o [1]
xHandleTaskLCD          0x2001ee18      0x4  Data  Gb  apptask.o [1]
xHandleTaskLED          0x2001ee1c      0x4  Data  Gb  apptask.o [1]
xHandleTaskManageCapacity
                        0x2001ee34      0x4  Data  Gb  apptask.o [1]
xHandleTaskMassStorage  0x2001ee24      0x4  Data  Gb  apptask.o [1]
xHandleTaskMotorControl
                        0x2001ee38      0x4  Data  Gb  apptask.o [1]
xHandleTaskMsgPro       0x2001ee2c      0x4  Data  Gb  apptask.o [1]
xHandleTaskRFID         0x2001ee20      0x4  Data  Gb  apptask.o [1]
xHandleTaskReadDisk     0x2001ee28      0x4  Data  Gb  apptask.o [1]
xHandleTaskRev485       0x2001ee30      0x4  Data  Gb  apptask.o [1]
xHeapStructSize         0x0804145c      0x4  Data  Lc  heap_4.o [1]
xMinimumEverFreeBytesRemaining
                        0x2001ee98      0x4  Data  Lc  heap_4.o [1]
xNextTaskUnblockTime    0x2001eee0      0x4  Data  Lc  tasks.o [1]
xNumOfOverflows         0x2001eed8      0x4  Data  Lc  tasks.o [1]
xPendingReadyList       0x2001ed04     0x14  Data  Lc  tasks.o [1]
xPortStartScheduler     0x08036fc7     0xcc  Code  Gb  port.o [1]
xQueueGenericCreate     0x0802f869     0x7e  Code  Gb  queue.o [1]
xQueueGenericReceive    0x0802fc5d    0x19c  Code  Gb  queue.o [1]
xQueueGenericReset      0x0802f7d9     0x90  Code  Gb  queue.o [1]
xQueueGenericSend       0x0802f8e7    0x1b2  Code  Gb  queue.o [1]
xQueueGenericSendFromISR
                        0x0802fa99     0xec  Code  Gb  queue.o [1]
xQueueGiveFromISR       0x0802fb85     0xd8  Code  Gb  queue.o [1]
xQueue_message          0x2001ee5c      0x4  Data  Gb  apptask.o [1]
xSchedulerRunning       0x2001eecc      0x4  Data  Lc  tasks.o [1]
xSemaphore_download     0x2001ee4c      0x4  Data  Gb  apptask.o [1]
xSemaphore_encoder      0x2001ee48      0x4  Data  Gb  apptask.o [1]
xSemaphore_lcd          0x2001ee3c      0x4  Data  Gb  apptask.o [1]
xSemaphore_pluse        0x2001ee44      0x4  Data  Gb  apptask.o [1]
xSemaphore_readDisk     0x2001ee50      0x4  Data  Gb  apptask.o [1]
xSemaphore_rs485        0x2001ee40      0x4  Data  Gb  apptask.o [1]
xStart                  0x2001ee00      0x8  Data  Lc  heap_4.o [1]
xSuspendedTaskList      0x2001ed2c     0x14  Data  Lc  tasks.o [1]
xTaskCheckForTimeOut    0x0802f46d     0x8a  Code  Gb  tasks.o [1]
xTaskGenericCreate      0x0802ebd9    0x184  Code  Gb  tasks.o [1]
xTaskGetSchedulerState  0x0802f72b     0x26  Code  Gb  tasks.o [1]
xTaskGetTickCount       0x0802ef6f      0xa  Code  Gb  tasks.o [1]
xTaskIncrementTick      0x0802ef79    0x134  Code  Gb  tasks.o [1]
xTaskRemoveFromEventList
                        0x0802f319     0x8e  Code  Gb  tasks.o [1]
xTaskRemoveFromUnorderedEventList
                        0x0802f3ad     0x94  Code  Gb  tasks.o [1]
xTaskResumeAll          0x0802ee6f    0x100  Code  Gb  tasks.o [1]
xTasksWaitingTermination
                        0x2001ed18     0x14  Data  Lc  tasks.o [1]
xTickCount              0x2001eec4      0x4  Data  Lc  tasks.o [1]
xTimerCreate            0x08036b1d     0x62  Code  Gb  timers.o [1]
xTimerCreateTimerTask   0x08036acd     0x50  Code  Gb  timers.o [1]
xTimerGenericCommand    0x08036b7f     0x84  Code  Gb  timers.o [1]
xTimerQueue             0x2001eef8      0x4  Data  Lc  timers.o [1]
xTimerUser              0x2001ee58      0x4  Data  Gb  apptask.o [1]
xYieldPending           0x2001eed4      0x4  Data  Lc  tasks.o [1]


[1] = F:\work\YarnControl_Driver\src\stm32f4_rtos\Project\EWARMv7\Flash\Obj
[2] = command line
[3] = dl7M_tlf.a
[4] = m7M_tls.a
[5] = rt7M_tl.a
[6] = shb_l.a

   86 892 bytes of readonly  code memory
  181 029 bytes of readonly  data memory
  128 836 bytes of readwrite data memory (+ 1 044 480 absolute)

Errors: none
Warnings: none
