###############################################################################
#
# IAR ELF Linker V7.40.7.9843/W32 for ARM                 02/Apr/2019  17:07:24
# Copyright 2007-2015 IAR Systems AB.
#
#    Output file  =  
#        E:\work\YarnControl_Driver\src\stm32f4_rtos\Project\EWARMv7\Flash\Exe\project.out
#    Map file     =  
#        E:\work\YarnControl_Driver\src\stm32f4_rtos\Project\EWARMv7\Flash\List\project.map
#    Command line =  
#        E:\work\YarnControl_Driver\src\stm32f4_rtos\Project\EWARMv7\Flash\Obj\apptask.o
#        E:\work\YarnControl_Driver\src\stm32f4_rtos\Project\EWARMv7\Flash\Obj\bsp.o
#        E:\work\YarnControl_Driver\src\stm32f4_rtos\Project\EWARMv7\Flash\Obj\bsp_adc.o
#        E:\work\YarnControl_Driver\src\stm32f4_rtos\Project\EWARMv7\Flash\Obj\bsp_closeSW.o
#        E:\work\YarnControl_Driver\src\stm32f4_rtos\Project\EWARMv7\Flash\Obj\bsp_dac.o
#        E:\work\YarnControl_Driver\src\stm32f4_rtos\Project\EWARMv7\Flash\Obj\bsp_dwt.o
#        E:\work\YarnControl_Driver\src\stm32f4_rtos\Project\EWARMv7\Flash\Obj\bsp_led.o
#        E:\work\YarnControl_Driver\src\stm32f4_rtos\Project\EWARMv7\Flash\Obj\bsp_relay.o
#        E:\work\YarnControl_Driver\src\stm32f4_rtos\Project\EWARMv7\Flash\Obj\bsp_sdio_sd.o
#        E:\work\YarnControl_Driver\src\stm32f4_rtos\Project\EWARMv7\Flash\Obj\bsp_sdwe050c17.o
#        E:\work\YarnControl_Driver\src\stm32f4_rtos\Project\EWARMv7\Flash\Obj\bsp_servomotor.o
#        E:\work\YarnControl_Driver\src\stm32f4_rtos\Project\EWARMv7\Flash\Obj\bsp_spi.o
#        E:\work\YarnControl_Driver\src\stm32f4_rtos\Project\EWARMv7\Flash\Obj\bsp_stepmotor.o
#        E:\work\YarnControl_Driver\src\stm32f4_rtos\Project\EWARMv7\Flash\Obj\bsp_sw_onoff.o
#        E:\work\YarnControl_Driver\src\stm32f4_rtos\Project\EWARMv7\Flash\Obj\bsp_tim_pwm.o
#        E:\work\YarnControl_Driver\src\stm32f4_rtos\Project\EWARMv7\Flash\Obj\bsp_timer.o
#        E:\work\YarnControl_Driver\src\stm32f4_rtos\Project\EWARMv7\Flash\Obj\bsp_uart_fifo.o
#        E:\work\YarnControl_Driver\src\stm32f4_rtos\Project\EWARMv7\Flash\Obj\bsp_w25qxx.o
#        E:\work\YarnControl_Driver\src\stm32f4_rtos\Project\EWARMv7\Flash\Obj\bsp_watchdog.o
#        E:\work\YarnControl_Driver\src\stm32f4_rtos\Project\EWARMv7\Flash\Obj\cc936.o
#        E:\work\YarnControl_Driver\src\stm32f4_rtos\Project\EWARMv7\Flash\Obj\cJSON.o
#        E:\work\YarnControl_Driver\src\stm32f4_rtos\Project\EWARMv7\Flash\Obj\croutine.o
#        E:\work\YarnControl_Driver\src\stm32f4_rtos\Project\EWARMv7\Flash\Obj\demo_fatfs.o
#        E:\work\YarnControl_Driver\src\stm32f4_rtos\Project\EWARMv7\Flash\Obj\diskio.o
#        E:\work\YarnControl_Driver\src\stm32f4_rtos\Project\EWARMv7\Flash\Obj\encoder_tim.o
#        E:\work\YarnControl_Driver\src\stm32f4_rtos\Project\EWARMv7\Flash\Obj\esp8266_handler.o
#        E:\work\YarnControl_Driver\src\stm32f4_rtos\Project\EWARMv7\Flash\Obj\esp8266_init.o
#        E:\work\YarnControl_Driver\src\stm32f4_rtos\Project\EWARMv7\Flash\Obj\event_groups.o
#        E:\work\YarnControl_Driver\src\stm32f4_rtos\Project\EWARMv7\Flash\Obj\ff.o
#        E:\work\YarnControl_Driver\src\stm32f4_rtos\Project\EWARMv7\Flash\Obj\heap_4.o
#        E:\work\YarnControl_Driver\src\stm32f4_rtos\Project\EWARMv7\Flash\Obj\list.o
#        E:\work\YarnControl_Driver\src\stm32f4_rtos\Project\EWARMv7\Flash\Obj\main.o
#        E:\work\YarnControl_Driver\src\stm32f4_rtos\Project\EWARMv7\Flash\Obj\malloc.o
#        E:\work\YarnControl_Driver\src\stm32f4_rtos\Project\EWARMv7\Flash\Obj\mcheck.o
#        E:\work\YarnControl_Driver\src\stm32f4_rtos\Project\EWARMv7\Flash\Obj\misc.o
#        E:\work\YarnControl_Driver\src\stm32f4_rtos\Project\EWARMv7\Flash\Obj\modbus.o
#        E:\work\YarnControl_Driver\src\stm32f4_rtos\Project\EWARMv7\Flash\Obj\MQTTConnectClient.o
#        E:\work\YarnControl_Driver\src\stm32f4_rtos\Project\EWARMv7\Flash\Obj\MQTTConnectServer.o
#        E:\work\YarnControl_Driver\src\stm32f4_rtos\Project\EWARMv7\Flash\Obj\MQTTDeserializePublish.o
#        E:\work\YarnControl_Driver\src\stm32f4_rtos\Project\EWARMv7\Flash\Obj\MQTTFormat.o
#        E:\work\YarnControl_Driver\src\stm32f4_rtos\Project\EWARMv7\Flash\Obj\MQTTPacket.o
#        E:\work\YarnControl_Driver\src\stm32f4_rtos\Project\EWARMv7\Flash\Obj\MQTTSerializePublish.o
#        E:\work\YarnControl_Driver\src\stm32f4_rtos\Project\EWARMv7\Flash\Obj\MQTTSubscribeClient.o
#        E:\work\YarnControl_Driver\src\stm32f4_rtos\Project\EWARMv7\Flash\Obj\MQTTSubscribeServer.o
#        E:\work\YarnControl_Driver\src\stm32f4_rtos\Project\EWARMv7\Flash\Obj\MQTTUnsubscribeClient.o
#        E:\work\YarnControl_Driver\src\stm32f4_rtos\Project\EWARMv7\Flash\Obj\MQTTUnsubscribeServer.o
#        E:\work\YarnControl_Driver\src\stm32f4_rtos\Project\EWARMv7\Flash\Obj\page_weimi.o
#        E:\work\YarnControl_Driver\src\stm32f4_rtos\Project\EWARMv7\Flash\Obj\para.o
#        E:\work\YarnControl_Driver\src\stm32f4_rtos\Project\EWARMv7\Flash\Obj\port.o
#        E:\work\YarnControl_Driver\src\stm32f4_rtos\Project\EWARMv7\Flash\Obj\portasm.o
#        E:\work\YarnControl_Driver\src\stm32f4_rtos\Project\EWARMv7\Flash\Obj\product_cal.o
#        E:\work\YarnControl_Driver\src\stm32f4_rtos\Project\EWARMv7\Flash\Obj\protocol.o
#        E:\work\YarnControl_Driver\src\stm32f4_rtos\Project\EWARMv7\Flash\Obj\pub0sub1.o
#        E:\work\YarnControl_Driver\src\stm32f4_rtos\Project\EWARMv7\Flash\Obj\queue.o
#        E:\work\YarnControl_Driver\src\stm32f4_rtos\Project\EWARMv7\Flash\Obj\rc522.o
#        E:\work\YarnControl_Driver\src\stm32f4_rtos\Project\EWARMv7\Flash\Obj\startup_stm32f40_41xxx.o
#        E:\work\YarnControl_Driver\src\stm32f4_rtos\Project\EWARMv7\Flash\Obj\stm32f4xx_adc.o
#        E:\work\YarnControl_Driver\src\stm32f4_rtos\Project\EWARMv7\Flash\Obj\stm32f4xx_assert.o
#        E:\work\YarnControl_Driver\src\stm32f4_rtos\Project\EWARMv7\Flash\Obj\stm32f4xx_can.o
#        E:\work\YarnControl_Driver\src\stm32f4_rtos\Project\EWARMv7\Flash\Obj\stm32f4xx_crc.o
#        E:\work\YarnControl_Driver\src\stm32f4_rtos\Project\EWARMv7\Flash\Obj\stm32f4xx_cryp.o
#        E:\work\YarnControl_Driver\src\stm32f4_rtos\Project\EWARMv7\Flash\Obj\stm32f4xx_cryp_aes.o
#        E:\work\YarnControl_Driver\src\stm32f4_rtos\Project\EWARMv7\Flash\Obj\stm32f4xx_cryp_des.o
#        E:\work\YarnControl_Driver\src\stm32f4_rtos\Project\EWARMv7\Flash\Obj\stm32f4xx_cryp_tdes.o
#        E:\work\YarnControl_Driver\src\stm32f4_rtos\Project\EWARMv7\Flash\Obj\stm32f4xx_dac.o
#        E:\work\YarnControl_Driver\src\stm32f4_rtos\Project\EWARMv7\Flash\Obj\stm32f4xx_dbgmcu.o
#        E:\work\YarnControl_Driver\src\stm32f4_rtos\Project\EWARMv7\Flash\Obj\stm32f4xx_dcmi.o
#        E:\work\YarnControl_Driver\src\stm32f4_rtos\Project\EWARMv7\Flash\Obj\stm32f4xx_dma.o
#        E:\work\YarnControl_Driver\src\stm32f4_rtos\Project\EWARMv7\Flash\Obj\stm32f4xx_dma2d.o
#        E:\work\YarnControl_Driver\src\stm32f4_rtos\Project\EWARMv7\Flash\Obj\stm32f4xx_exti.o
#        E:\work\YarnControl_Driver\src\stm32f4_rtos\Project\EWARMv7\Flash\Obj\stm32f4xx_flash.o
#        E:\work\YarnControl_Driver\src\stm32f4_rtos\Project\EWARMv7\Flash\Obj\stm32f4xx_fsmc.o
#        E:\work\YarnControl_Driver\src\stm32f4_rtos\Project\EWARMv7\Flash\Obj\stm32f4xx_gpio.o
#        E:\work\YarnControl_Driver\src\stm32f4_rtos\Project\EWARMv7\Flash\Obj\stm32f4xx_hash.o
#        E:\work\YarnControl_Driver\src\stm32f4_rtos\Project\EWARMv7\Flash\Obj\stm32f4xx_hash_md5.o
#        E:\work\YarnControl_Driver\src\stm32f4_rtos\Project\EWARMv7\Flash\Obj\stm32f4xx_hash_sha1.o
#        E:\work\YarnControl_Driver\src\stm32f4_rtos\Project\EWARMv7\Flash\Obj\stm32f4xx_i2c.o
#        E:\work\YarnControl_Driver\src\stm32f4_rtos\Project\EWARMv7\Flash\Obj\stm32f4xx_it.o
#        E:\work\YarnControl_Driver\src\stm32f4_rtos\Project\EWARMv7\Flash\Obj\stm32f4xx_iwdg.o
#        E:\work\YarnControl_Driver\src\stm32f4_rtos\Project\EWARMv7\Flash\Obj\stm32f4xx_ltdc.o
#        E:\work\YarnControl_Driver\src\stm32f4_rtos\Project\EWARMv7\Flash\Obj\stm32f4xx_pwr.o
#        E:\work\YarnControl_Driver\src\stm32f4_rtos\Project\EWARMv7\Flash\Obj\stm32f4xx_rcc.o
#        E:\work\YarnControl_Driver\src\stm32f4_rtos\Project\EWARMv7\Flash\Obj\stm32f4xx_rng.o
#        E:\work\YarnControl_Driver\src\stm32f4_rtos\Project\EWARMv7\Flash\Obj\stm32f4xx_rtc.o
#        E:\work\YarnControl_Driver\src\stm32f4_rtos\Project\EWARMv7\Flash\Obj\stm32f4xx_sai.o
#        E:\work\YarnControl_Driver\src\stm32f4_rtos\Project\EWARMv7\Flash\Obj\stm32f4xx_sdio.o
#        E:\work\YarnControl_Driver\src\stm32f4_rtos\Project\EWARMv7\Flash\Obj\stm32f4xx_spi.o
#        E:\work\YarnControl_Driver\src\stm32f4_rtos\Project\EWARMv7\Flash\Obj\stm32f4xx_syscfg.o
#        E:\work\YarnControl_Driver\src\stm32f4_rtos\Project\EWARMv7\Flash\Obj\stm32f4xx_tim.o
#        E:\work\YarnControl_Driver\src\stm32f4_rtos\Project\EWARMv7\Flash\Obj\stm32f4xx_usart.o
#        E:\work\YarnControl_Driver\src\stm32f4_rtos\Project\EWARMv7\Flash\Obj\stm32f4xx_wwdg.o
#        E:\work\YarnControl_Driver\src\stm32f4_rtos\Project\EWARMv7\Flash\Obj\SysInfoTest.o
#        E:\work\YarnControl_Driver\src\stm32f4_rtos\Project\EWARMv7\Flash\Obj\system_stm32f4xx.o
#        E:\work\YarnControl_Driver\src\stm32f4_rtos\Project\EWARMv7\Flash\Obj\tasks.o
#        E:\work\YarnControl_Driver\src\stm32f4_rtos\Project\EWARMv7\Flash\Obj\timer_platform.o
#        E:\work\YarnControl_Driver\src\stm32f4_rtos\Project\EWARMv7\Flash\Obj\timers.o
#        E:\work\YarnControl_Driver\src\stm32f4_rtos\Project\EWARMv7\Flash\Obj\transport.o
#        E:\work\YarnControl_Driver\src\stm32f4_rtos\Project\EWARMv7\Flash\Obj\usb_bsp.o
#        E:\work\YarnControl_Driver\src\stm32f4_rtos\Project\EWARMv7\Flash\Obj\usb_core.o
#        E:\work\YarnControl_Driver\src\stm32f4_rtos\Project\EWARMv7\Flash\Obj\usb_hcd.o
#        E:\work\YarnControl_Driver\src\stm32f4_rtos\Project\EWARMv7\Flash\Obj\usb_hcd_int.o
#        E:\work\YarnControl_Driver\src\stm32f4_rtos\Project\EWARMv7\Flash\Obj\usbh_core.o
#        E:\work\YarnControl_Driver\src\stm32f4_rtos\Project\EWARMv7\Flash\Obj\usbh_hcs.o
#        E:\work\YarnControl_Driver\src\stm32f4_rtos\Project\EWARMv7\Flash\Obj\usbh_ioreq.o
#        E:\work\YarnControl_Driver\src\stm32f4_rtos\Project\EWARMv7\Flash\Obj\usbh_it.o
#        E:\work\YarnControl_Driver\src\stm32f4_rtos\Project\EWARMv7\Flash\Obj\usbh_msc_bot.o
#        E:\work\YarnControl_Driver\src\stm32f4_rtos\Project\EWARMv7\Flash\Obj\usbh_msc_core.o
#        E:\work\YarnControl_Driver\src\stm32f4_rtos\Project\EWARMv7\Flash\Obj\usbh_msc_scsi.o
#        E:\work\YarnControl_Driver\src\stm32f4_rtos\Project\EWARMv7\Flash\Obj\usbh_stdreq.o
#        E:\work\YarnControl_Driver\src\stm32f4_rtos\Project\EWARMv7\Flash\Obj\usbh_usr.o
#        -o
#        E:\work\YarnControl_Driver\src\stm32f4_rtos\Project\EWARMv7\Flash\Exe\project.out
#        --map
#        E:\work\YarnControl_Driver\src\stm32f4_rtos\Project\EWARMv7\Flash\List\project.map
#        --config
#        E:\work\YarnControl_Driver\src\stm32f4_rtos\Project\EWARMv7\stm32f4xx_flash.icf
#        --semihosting --entry __iar_program_start --inline --vfe
#
###############################################################################

*******************************************************************************
*** RUNTIME MODEL ATTRIBUTES
***

CppFlavor                     = *
__Heap_Handler                = DLMalloc
__SystemLibrary               = DLib
__dlib_dynamic_initialization = normal


*******************************************************************************
*** PLACEMENT SUMMARY
***

"A1":  place at 0x08000000 { ro section .intvec };
"P1":  place in [from 0x08000000 to 0x080fffff] { ro };
"P2":  place in [from 0x20000000 to 0x2001ffff] { rw, block CSTACK, block HEAP };

  Section             Kind        Address     Size  Object
  -------             ----        -------     ----  ------
"A1":                                        0x188
  .intvec             ro code  0x08000000    0x188  startup_stm32f40_41xxx.o [1]
                             - 0x08000188    0x188

"P1":                                      0x49c54
  .rodata             const    0x08000188  0x15484  cc936.o [1]
  .rodata             const    0x0801560c  0x15484  cc936.o [1]
  .text               ro code  0x0802aa90   0x72b0  apptask.o [1]
  .text               ro code  0x08031d40    0x7c8  queue.o [1]
  .text               ro code  0x08032508   0x1524  bsp_sdwe050c17.o [1]
  .text               ro code  0x08033a2c    0x6c0  product_cal.o [1]
  .text               ro code  0x080340ec     0x66  ABImemset.o [5]
  .text               ro code  0x08034152     0x1e  xsscin.o [3]
  .text               ro code  0x08034170    0xce0  tasks.o [1]
  .text               ro code  0x08034e50    0x380  bsp_w25qxx.o [1]
  .text               ro code  0x080351d0     0x4e  FltToDbl.o [4]
  .text               ro code  0x0803521e     0x1a  xsnprout.o [3]
  .text               ro code  0x08035238     0x24  printf.o [3]
  .text               ro code  0x0803525c     0x76  ABImemcpy_unaligned.o [5]
  .text               ro code  0x080352d2      0xa  xsprout.o [3]
  .text               ro code  0x080352dc     0x42  strcmp_unaligned.o [5]
  .text               ro code  0x08035320    0x21c  malloc.o [1]
  .text               ro code  0x0803553c     0x30  I32ToDbl.o [4]
  .text               ro code  0x0803556c    0x256  DblDiv.o [4]
  .text               ro code  0x080357c4     0xe8  DblAdd.o [4]
  .text               ro code  0x080358ac    0x1a2  DblMul.o [4]
  .text               ro code  0x08035a50     0x58  DblToI32.o [4]
  .text               ro code  0x08035aa8     0x90  DblToFlt.o [4]
  .text               ro code  0x08035b38     0x36  strlen.o [5]
  .text               ro code  0x08035b70    0x12c  stm32f4xx_gpio.o [1]
  .text               ro code  0x08035c9c   0x14ae  para.o [1]
  .text               ro code  0x0803714c     0x62  memcmp_unaligned.o [5]
  .text               ro code  0x080371b0     0x70  bsp_dac.o [1]
  .text               ro code  0x08037220    0x518  page_weimi.o [1]
  .text               ro code  0x08037738    0x264  bsp_servomotor.o [1]
  .text               ro code  0x0803799c    0x1a2  usbh_usr.o [1]
  .text               ro code  0x08037b40    0x760  usbh_core.o [1]
  .text               ro code  0x080382a0   0x2498  ff.o [1]
  .text               ro code  0x0803a738     0x34  sprintf.o [3]
  .text               ro code  0x0803a76c     0x1c  strcat.o [3]
  .text               ro code  0x0803a788     0xc0  bsp_led.o [1]
  .text               ro code  0x0803a848     0xf2  bsp_adc.o [1]
  .text               ro code  0x0803a93c     0xee  rc522.o [1]
  .text               ro code  0x0803aa2c    0x354  modbus.o [1]
  .text               ro code  0x0803ad80     0x80  protocol.o [1]
  .text               ro code  0x0803ae00     0x10  para.o [1]
  .text               ro code  0x0803ae10     0xd4  bsp_closeSW.o [1]
  .text               ro code  0x0803aee4    0x180  DblSub.o [4]
  .text               ro code  0x0803b064    0x4f4  bsp_stepmotor.o [1]
  .text               ro code  0x0803b558    0x2c0  encoder_tim.o [1]
  .text               ro code  0x0803b818     0x7c  esp8266_init.o [1]
  .text               ro code  0x0803b894    0x414  esp8266_handler.o [1]
  .text               ro code  0x0803bca8    0x434  pub0sub1.o [1]
  .text               ro code  0x0803c0dc    0x262  event_groups.o [1]
  .text               ro code  0x0803c340    0x4a4  timers.o [1]
  .text               ro code  0x0803c7e4      0x8  bsp_watchdog.o [1]
  .text               ro code  0x0803c7ec    0x24c  port.o [1]
  .text               ro code  0x0803ca38     0x98  list.o [1]
  .text               ro code  0x0803cad0    0x280  heap_4.o [1]
  .text               ro code  0x0803cd50    0x1e8  stm32f4xx_rcc.o [1]
  .text               ro code  0x0803cf38     0x74  bsp_dwt.o [1]
  .text               ro code  0x0803cfac    0xaa4  bsp_uart_fifo.o [1]
  .text               ro code  0x0803da50    0x204  bsp_timer.o [1]
  .text               ro code  0x0803dc54    0x124  bsp_spi.o [1]
  .text               ro code  0x0803dd78    0xd96  xprintffull_nomb.o [3]
  .text               ro code  0x0803eb10     0x44  strcpy_unaligned.o [5]
  .text               ro code  0x0803eb54     0x24  sscanf.o [3]
  .text               ro code  0x0803eb78     0x24  stm32f4xx_dac.o [1]
  .text               ro code  0x0803eb9c    0x6f6  stm32f4xx_tim.o [1]
  .text               ro code  0x0803f294    0x31c  stm32f4xx_dma.o [1]
  .text               ro code  0x0803f5b0    0x14c  usb_bsp.o [1]
  .text               ro code  0x0803f6fc     0xd6  usb_hcd.o [1]
  .text               ro code  0x0803f7d2    0x1ba  usbh_hcs.o [1]
  .text               ro code  0x0803f98c    0x436  usbh_stdreq.o [1]
  .text               ro code  0x0803fdc2    0x246  usbh_ioreq.o [1]
  .text               ro code  0x08040008    0x2e4  diskio.o [1]
  .text               ro code  0x080402ec     0xf4  cc936.o [1]
  .text               ro code  0x080403e0    0x1b6  stm32f4xx_adc.o [1]
  .text               ro code  0x08040598     0xb8  mcheck.o [1]
  .text               ro code  0x08040650     0x2c  strstr.o [3]
  .text               ro code  0x0804067c     0x54  stm32f4xx_syscfg.o [1]
  .text               ro code  0x080406d0     0xc0  stm32f4xx_exti.o [1]
  .text               ro code  0x08040790     0x88  misc.o [1]
  .text               ro code  0x08040818    0x132  I64DivMod.o [5]
  .text               ro code  0x0804094c      0x6  ABImemclr4.o [5]
  .text               ro code  0x08040954     0x44  snprintf.o [3]
  .text               ro code  0x08040998    0x306  MQTTConnectClient.o [1]
  .text               ro code  0x08040ca0     0x6c  transport.o [1]
  .text               ro code  0x08040d0c    0x290  MQTTPacket.o [1]
  .text               ro code  0x08040f9c     0x40  timer_platform.o [1]
  .text               ro code  0x08040fdc    0x190  MQTTSubscribeClient.o [1]
  .text               ro code  0x0804116c     0xbc  MQTTDeserializePublish.o [1]
  .text               ro code  0x08041228     0xec  MQTTSerializePublish.o [1]
  .text               ro code  0x08041314     0x10  stm32f4xx_iwdg.o [1]
  CODE                ro code  0x08041324     0xa8  portasm.o [1]
  .text               ro code  0x080413cc    0x254  stm32f4xx_usart.o [1]
  .text               ro code  0x08041620     0x74  stm32f4xx_spi.o [1]
  .text               ro code  0x08041694     0x16  strchr.o [5]
  .text               ro code  0x080416ac     0x58  memchr.o [5]
  .text               ro code  0x08041704     0x42  xdnorm.o [4]
  .text               ro code  0x08041748     0x2e  DblCmpLe.o [4]
  .text               ro code  0x08041778     0x2e  DblCmpGe.o [4]
  .text               ro code  0x080417a8    0x114  xdscale.o [4]
  .text               ro code  0x080418bc     0x6c  localeconv.o [3]
  .text               ro code  0x08041928      0xe  div.o [3]
  .text               ro code  0x08041938    0xb64  xscanffull_nomb.o [3]
  .text               ro code  0x0804249c    0xa50  usb_core.o [1]
  .text               ro code  0x08042eec   0x1a58  bsp_sdio_sd.o [1]
  .text               ro code  0x08044944    0x618  usbh_msc_scsi.o [1]
  .text               ro code  0x08044f5c    0x554  usbh_msc_bot.o [1]
  .text               ro code  0x080454b0      0x2  I64DivZer.o [5]
  .text               ro code  0x080454b4     0x32  ABImemset48.o [5]
  .text               ro code  0x080454e6     0x28  isxxx.o [3]
  .text               ro code  0x0804550e     0xa4  xstoll.o [3]
  .text               ro code  0x080455b4    0x1b0  xstoull.o [3]
  .text               ro code  0x08045764    0x168  xstold.o [4]
  .text               ro code  0x080458cc    0x17c  stm32f4xx_sdio.o [1]
  .text               ro code  0x08045a48     0x18  setlocale.o [3]
  .text               ro code  0x08045a60     0x16  xlocale_c.o [3]
  .text               ro code  0x08045a76     0x14  xlocale_c.o [3]
  .text               ro code  0x08045a8c      0xc  errno.o [3]
  .text               ro code  0x08045a98     0x14  tolower.o [3]
  .text               ro code  0x08045aac    0x124  xstopfx.o [3]
  .text               ro code  0x08045bd0    0x1b8  xstoflt.o [3]
  .text               ro code  0x08045d88    0x200  xdtento.o [4]
  .text               ro code  0x08045f88    0x218  xstoxflt.o [3]
  .text               ro code  0x080461a0      0x2  xtls.o [3]
  .text               ro code  0x080461a2      0xc  xlocale_c.o [3]
  .text               ro code  0x080461b0     0x20  DblCmpEq.o [4]
  .text               ro code  0x080461d0     0x52  xdunscal.o [4]
  .text               ro code  0x08046224    0xc7e  usb_hcd_int.o [1]
  .rodata             const    0x08046ea4    0x400  apptask.o [1]
  .text               ro code  0x080472a4    0x3e8  usbh_msc_core.o [1]
  .rodata             const    0x0804768c    0x3dc  cc936.o [1]
  .rodata             const    0x08047a68    0x3dc  cc936.o [1]
  .rodata             const    0x08047e44    0x190  product_cal.o [1]
  .text               ro code  0x08047fd4    0x154  system_stm32f4xx.o [1]
  .rodata             const    0x08048128    0x100  mcheck.o [1]
  .rodata             const    0x08048228    0x100  mcheck.o [1]
  .rodata             const    0x08048328    0x100  mcheck.o [1]
  .text               ro code  0x08048428     0xd0  packbits_init.o [5]
  .text               ro code  0x080484f8      0x6  abort.o [3]
  .text               ro code  0x08048500     0x14  exit.o [6]
  .rodata             const    0x08048514     0x58  pub0sub1.o [1]
  .text               ro code  0x0804856c     0x50  bsp.o [1]
  .text               ro code  0x080485bc     0x44  bsp_relay.o [1]
  .text               ro code  0x08048600     0x38  bsp_sw_onoff.o [1]
  .text               ro code  0x08048638     0x40  zero_init3.o [5]
  .rodata             const    0x08048678     0x38  demo_fatfs.o [1]
  .text               ro code  0x080486b0     0x38  stm32f4xx_it.o [1]
  .rodata             const    0x080486e8     0x30  apptask.o [1]
  .rodata             const    0x08048718     0x30  apptask.o [1]
  .rodata             const    0x08048748     0x30  demo_fatfs.o [1]
  .rodata             const    0x08048778     0x30  demo_fatfs.o [1]
  .text               ro code  0x080487a8     0x30  main.o [1]
  .rodata             const    0x080487d8     0x2c  apptask.o [1]
  .rodata             const    0x08048804     0x2c  demo_fatfs.o [1]
  .rodata             const    0x08048830     0x2c  demo_fatfs.o [1]
  .rodata             const    0x0804885c     0x2c  stm32f4xx_it.o [1]
  .text               ro code  0x08048888     0x2c  SysInfoTest.o [1]
  .rodata             const    0x080488b4     0x28  apptask.o [1]
  .rodata             const    0x080488dc     0x28  demo_fatfs.o [1]
  .rodata             const    0x08048904     0x28  demo_fatfs.o [1]
  .rodata             const    0x0804892c     0x28  demo_fatfs.o [1]
  .text               ro code  0x08048954     0x28  data_init.o [5]
  .rodata             const    0x0804897c     0x24  apptask.o [1]
  .rodata             const    0x080489a0     0x24  apptask.o [1]
  .rodata             const    0x080489c4     0x24  apptask.o [1]
  .rodata             const    0x080489e8     0x24  apptask.o [1]
  .rodata             const    0x08048a0c     0x24  apptask.o [1]
  .rodata             const    0x08048a30     0x24  apptask.o [1]
  .rodata             const    0x08048a54     0x24  apptask.o [1]
  .rodata             const    0x08048a78     0x24  apptask.o [1]
  .rodata             const    0x08048a9c     0x24  apptask.o [1]
  .rodata             const    0x08048ac0     0x24  demo_fatfs.o [1]
  .rodata             const    0x08048ae4     0x24  demo_fatfs.o [1]
  .rodata             const    0x08048b08     0x24  pub0sub1.o [1]
  .rodata             const    0x08048b2c     0x24  pub0sub1.o [1]
  .rodata             const    0x08048b50     0x24  usbh_usr.o [1]
  .text               ro code  0x08048b74     0x22  fpinit_M.o [4]
  .iar.init_table     const    0x08048b98     0x34  - Linker created -
  .rodata             const    0x08048bcc     0x20  apptask.o [1]
  .rodata             const    0x08048bec     0x20  apptask.o [1]
  .rodata             const    0x08048c0c     0x20  apptask.o [1]
  .rodata             const    0x08048c2c     0x20  apptask.o [1]
  .rodata             const    0x08048c4c     0x20  demo_fatfs.o [1]
  .rodata             const    0x08048c6c     0x20  demo_fatfs.o [1]
  .rodata             const    0x08048c8c     0x20  demo_fatfs.o [1]
  .rodata             const    0x08048cac     0x20  pub0sub1.o [1]
  .rodata             const    0x08048ccc     0x20  usbh_usr.o [1]
  .rodata             const    0x08048cec     0x20  usbh_usr.o [1]
  .rodata             const    0x08048d0c     0x20  usbh_usr.o [1]
  .rodata             const    0x08048d2c     0x20  usbh_usr.o [1]
  .rodata             const    0x08048d4c     0x20  usbh_usr.o [1]
  .rodata             const    0x08048d6c     0x1c  apptask.o [1]
  .rodata             const    0x08048d88     0x1c  apptask.o [1]
  .rodata             const    0x08048da4     0x1c  apptask.o [1]
  .rodata             const    0x08048dc0     0x1c  apptask.o [1]
  .rodata             const    0x08048ddc     0x1c  apptask.o [1]
  .rodata             const    0x08048df8     0x1c  apptask.o [1]
  .rodata             const    0x08048e14     0x1c  apptask.o [1]
  .rodata             const    0x08048e30     0x1c  apptask.o [1]
  .rodata             const    0x08048e4c     0x1c  demo_fatfs.o [1]
  .rodata             const    0x08048e68     0x1c  demo_fatfs.o [1]
  .rodata             const    0x08048e84     0x1c  esp8266_handler.o [1]
  .rodata             const    0x08048ea0     0x1c  esp8266_handler.o [1]
  .rodata             const    0x08048ebc     0x1c  pub0sub1.o [1]
  .rodata             const    0x08048ed8     0x1c  pub0sub1.o [1]
  .rodata             const    0x08048ef4     0x1c  pub0sub1.o [1]
  .rodata             const    0x08048f10     0x1c  usbh_usr.o [1]
  .rodata             const    0x08048f2c     0x1c  usbh_usr.o [1]
  .rodata             const    0x08048f48     0x1c  usbh_usr.o [1]
  .rodata             const    0x08048f64     0x1c  usbh_usr.o [1]
  .rodata             const    0x08048f80     0x1c  usbh_usr.o [1]
  .rodata             const    0x08048f9c     0x1c  usbh_usr.o [1]
  .text               ro code  0x08048fb8     0x1a  cmain.o [5]
  .text               ro code  0x08048fd2      0x4  exit.o [3]
  .text               ro code  0x08048fd8      0xa  cexit.o [5]
  .rodata             const    0x08048fe4     0x18  apptask.o [1]
  .rodata             const    0x08048ffc     0x18  apptask.o [1]
  .rodata             const    0x08049014     0x18  apptask.o [1]
  .rodata             const    0x0804902c     0x18  apptask.o [1]
  .rodata             const    0x08049044     0x18  apptask.o [1]
  .rodata             const    0x0804905c     0x18  apptask.o [1]
  .rodata             const    0x08049074     0x18  apptask.o [1]
  .rodata             const    0x0804908c     0x18  apptask.o [1]
  .rodata             const    0x080490a4     0x18  apptask.o [1]
  .rodata             const    0x080490bc     0x18  apptask.o [1]
  .rodata             const    0x080490d4     0x18  apptask.o [1]
  .rodata             const    0x080490ec     0x18  apptask.o [1]
  .rodata             const    0x08049104     0x18  demo_fatfs.o [1]
  .rodata             const    0x0804911c     0x18  demo_fatfs.o [1]
  .rodata             const    0x08049134     0x18  demo_fatfs.o [1]
  .rodata             const    0x0804914c     0x18  demo_fatfs.o [1]
  .rodata             const    0x08049164     0x18  esp8266_handler.o [1]
  .rodata             const    0x0804917c     0x18  esp8266_handler.o [1]
  .rodata             const    0x08049194     0x18  esp8266_handler.o [1]
  .rodata             const    0x080491ac     0x18  para.o [1]
  .rodata             const    0x080491c4     0x18  pub0sub1.o [1]
  .rodata             const    0x080491dc     0x18  pub0sub1.o [1]
  .rodata             const    0x080491f4     0x18  usbh_usr.o [1]
  .rodata             const    0x0804920c     0x18  usbh_usr.o [1]
  .rodata             const    0x08049224     0x18  usbh_usr.o [1]
  .rodata             const    0x0804923c     0x18  usbh_usr.o [1]
  .rodata             const    0x08049254     0x18  usbh_usr.o [1]
  .text               ro code  0x0804926c     0x16  xprout.o [3]
  .text               ro code  0x08049284      0xc  putchar.o [3]
  .rodata             const    0x08049290     0x14  apptask.o [1]
  .rodata             const    0x080492a4     0x14  apptask.o [1]
  .rodata             const    0x080492b8     0x14  apptask.o [1]
  .rodata             const    0x080492cc     0x14  apptask.o [1]
  .rodata             const    0x080492e0     0x14  apptask.o [1]
  .rodata             const    0x080492f4     0x14  apptask.o [1]
  .rodata             const    0x08049308     0x14  apptask.o [1]
  .rodata             const    0x0804931c     0x14  apptask.o [1]
  .rodata             const    0x08049330     0x14  apptask.o [1]
  .rodata             const    0x08049344     0x14  apptask.o [1]
  .rodata             const    0x08049358     0x14  apptask.o [1]
  .rodata             const    0x0804936c     0x14  apptask.o [1]
  .rodata             const    0x08049380     0x14  apptask.o [1]
  .rodata             const    0x08049394     0x14  apptask.o [1]
  .rodata             const    0x080493a8     0x14  apptask.o [1]
  .rodata             const    0x080493bc     0x14  apptask.o [1]
  .rodata             const    0x080493d0     0x14  apptask.o [1]
  .rodata             const    0x080493e4     0x14  esp8266_handler.o [1]
  .rodata             const    0x080493f8     0x14  pub0sub1.o [1]
  .rodata             const    0x0804940c     0x14  pub0sub1.o [1]
  .rodata             const    0x08049420     0x14  pub0sub1.o [1]
  .rodata             const    0x08049434     0x14  pub0sub1.o [1]
  .rodata             const    0x08049448     0x14  pub0sub1.o [1]
  .rodata             const    0x0804945c     0x14  usbh_usr.o [1]
  .rodata             const    0x08049470     0x14  usbh_usr.o [1]
  .rodata             const    0x08049484     0x10  apptask.o [1]
  .rodata             const    0x08049494     0x10  apptask.o [1]
  .rodata             const    0x080494a4     0x10  apptask.o [1]
  .rodata             const    0x080494b4     0x10  apptask.o [1]
  .rodata             const    0x080494c4     0x10  apptask.o [1]
  .rodata             const    0x080494d4     0x10  apptask.o [1]
  .rodata             const    0x080494e4     0x10  apptask.o [1]
  .rodata             const    0x080494f4     0x10  apptask.o [1]
  .rodata             const    0x08049504     0x10  apptask.o [1]
  .rodata             const    0x08049514     0x10  apptask.o [1]
  .rodata             const    0x08049524     0x10  apptask.o [1]
  .rodata             const    0x08049534     0x10  apptask.o [1]
  .rodata             const    0x08049544     0x10  apptask.o [1]
  .rodata             const    0x08049554     0x10  apptask.o [1]
  .rodata             const    0x08049564     0x10  apptask.o [1]
  .rodata             const    0x08049574     0x10  apptask.o [1]
  .rodata             const    0x08049584     0x10  apptask.o [1]
  .rodata             const    0x08049594     0x10  apptask.o [1]
  .rodata             const    0x080495a4     0x10  apptask.o [1]
  .rodata             const    0x080495b4     0x10  apptask.o [1]
  .rodata             const    0x080495c4     0x10  apptask.o [1]
  .rodata             const    0x080495d4     0x10  apptask.o [1]
  .rodata             const    0x080495e4     0x10  apptask.o [1]
  .rodata             const    0x080495f4     0x10  apptask.o [1]
  .rodata             const    0x08049604     0x10  apptask.o [1]
  .rodata             const    0x08049614     0x10  apptask.o [1]
  .rodata             const    0x08049624     0x10  apptask.o [1]
  .rodata             const    0x08049634     0x10  apptask.o [1]
  .rodata             const    0x08049644     0x10  bsp_sdwe050c17.o [1]
  .rodata             const    0x08049654     0x10  esp8266_handler.o [1]
  .rodata             const    0x08049664     0x10  esp8266_handler.o [1]
  .rodata             const    0x08049674     0x10  esp8266_handler.o [1]
  .rodata             const    0x08049684     0x10  esp8266_handler.o [1]
  .rodata             const    0x08049694     0x10  esp8266_handler.o [1]
  .rodata             const    0x080496a4     0x10  esp8266_handler.o [1]
  .rodata             const    0x080496b4     0x10  ff.o [1]
  .rodata             const    0x080496c4     0x10  main.o [1]
  .rodata             const    0x080496d4     0x10  main.o [1]
  .rodata             const    0x080496e4     0x10  para.o [1]
  .rodata             const    0x080496f4     0x10  para.o [1]
  .rodata             const    0x08049704     0x10  pub0sub1.o [1]
  .rodata             const    0x08049714     0x10  usbh_usr.o [1]
  .rodata             const    0x08049724     0x10  usbh_usr.o [1]
  .text               ro code  0x08049734     0x10  startup_stm32f40_41xxx.o [1]
  .text               ro code  0x08049744     0x10  usbh_it.o [1]
  .rodata             const    0x08049754      0xc  apptask.o [1]
  .rodata             const    0x08049760      0xc  apptask.o [1]
  .rodata             const    0x0804976c      0xc  apptask.o [1]
  .rodata             const    0x08049778      0xc  apptask.o [1]
  .rodata             const    0x08049784      0xc  apptask.o [1]
  .rodata             const    0x08049790      0xc  apptask.o [1]
  .rodata             const    0x0804979c      0xc  apptask.o [1]
  .rodata             const    0x080497a8      0xc  apptask.o [1]
  .rodata             const    0x080497b4      0xc  apptask.o [1]
  .rodata             const    0x080497c0      0xc  apptask.o [1]
  .rodata             const    0x080497cc      0xc  apptask.o [1]
  .rodata             const    0x080497d8      0xc  apptask.o [1]
  .rodata             const    0x080497e4      0xc  apptask.o [1]
  .rodata             const    0x080497f0      0xc  apptask.o [1]
  .rodata             const    0x080497fc      0xc  apptask.o [1]
  .rodata             const    0x08049808      0xc  apptask.o [1]
  .rodata             const    0x08049814      0xc  apptask.o [1]
  .rodata             const    0x08049820      0xc  apptask.o [1]
  .rodata             const    0x0804982c      0xc  apptask.o [1]
  .rodata             const    0x08049838      0xc  apptask.o [1]
  .rodata             const    0x08049844      0xc  apptask.o [1]
  .rodata             const    0x08049850      0xc  apptask.o [1]
  .rodata             const    0x0804985c      0xc  apptask.o [1]
  .rodata             const    0x08049868      0xc  apptask.o [1]
  .rodata             const    0x08049874      0xc  apptask.o [1]
  .rodata             const    0x08049880      0xc  apptask.o [1]
  .rodata             const    0x0804988c      0xc  apptask.o [1]
  .rodata             const    0x08049898      0xc  apptask.o [1]
  .rodata             const    0x080498a4      0xc  apptask.o [1]
  .rodata             const    0x080498b0      0xc  apptask.o [1]
  .rodata             const    0x080498bc      0xc  apptask.o [1]
  .rodata             const    0x080498c8      0xc  apptask.o [1]
  .rodata             const    0x080498d4      0xc  apptask.o [1]
  .rodata             const    0x080498e0      0xc  apptask.o [1]
  .rodata             const    0x080498ec      0xc  apptask.o [1]
  .rodata             const    0x080498f8      0xc  apptask.o [1]
  .rodata             const    0x08049904      0xc  bsp_sdwe050c17.o [1]
  .rodata             const    0x08049910      0xc  demo_fatfs.o [1]
  .rodata             const    0x0804991c      0xc  esp8266_handler.o [1]
  .rodata             const    0x08049928      0xc  esp8266_handler.o [1]
  .rodata             const    0x08049934      0xc  esp8266_handler.o [1]
  .rodata             const    0x08049940      0xc  esp8266_handler.o [1]
  .rodata             const    0x0804994c      0xc  esp8266_handler.o [1]
  .rodata             const    0x08049958      0xc  esp8266_handler.o [1]
  .rodata             const    0x08049964      0xc  ff.o [1]
  .rodata             const    0x08049970      0xc  page_weimi.o [1]
  .rodata             const    0x0804997c      0xc  para.o [1]
  .rodata             const    0x08049988      0xc  para.o [1]
  .rodata             const    0x08049994      0xc  para.o [1]
  .rodata             const    0x080499a0      0xc  para.o [1]
  .rodata             const    0x080499ac      0xc  para.o [1]
  .rodata             const    0x080499b8      0xc  pub0sub1.o [1]
  .rodata             const    0x080499c4      0xc  pub0sub1.o [1]
  .text               ro code  0x080499d0      0xc  cstartup_M.o [5]
  .rodata             const    0x080499dc      0x8  apptask.o [1]
  .rodata             const    0x080499e4      0x8  apptask.o [1]
  .rodata             const    0x080499ec      0x8  apptask.o [1]
  .rodata             const    0x080499f4      0x8  apptask.o [1]
  .rodata             const    0x080499fc      0x8  apptask.o [1]
  .rodata             const    0x08049a04      0x8  apptask.o [1]
  .rodata             const    0x08049a0c      0x8  apptask.o [1]
  .rodata             const    0x08049a14      0x8  apptask.o [1]
  .rodata             const    0x08049a1c      0x8  apptask.o [1]
  .rodata             const    0x08049a24      0x8  apptask.o [1]
  .rodata             const    0x08049a2c      0x8  apptask.o [1]
  .rodata             const    0x08049a34      0x8  apptask.o [1]
  .rodata             const    0x08049a3c      0x8  apptask.o [1]
  .rodata             const    0x08049a44      0x8  apptask.o [1]
  .rodata             const    0x08049a4c      0x8  apptask.o [1]
  .rodata             const    0x08049a54      0x8  apptask.o [1]
  .rodata             const    0x08049a5c      0x8  apptask.o [1]
  .rodata             const    0x08049a64      0x8  apptask.o [1]
  .rodata             const    0x08049a6c      0x8  apptask.o [1]
  .rodata             const    0x08049a74      0x8  bsp_sdwe050c17.o [1]
  .rodata             const    0x08049a7c      0x8  bsp_w25qxx.o [1]
  .rodata             const    0x08049a84      0x8  esp8266_handler.o [1]
  .rodata             const    0x08049a8c      0x8  ff.o [1]
  .rodata             const    0x08049a94      0x8  malloc.o [1]
  .rodata             const    0x08049a9c      0x8  malloc.o [1]
  .rodata             const    0x08049aa4      0x8  malloc.o [1]
  .rodata             const    0x08049aac      0x8  MQTTConnectClient.o [1]
  .rodata             const    0x08049ab4      0x8  MQTTConnectClient.o [1]
  .rodata             const    0x08049abc      0x8  para.o [1]
  .rodata             const    0x08049ac4      0x8  para.o [1]
  .rodata             const    0x08049acc      0x8  para.o [1]
  .rodata             const    0x08049ad4      0x8  para.o [1]
  .rodata             const    0x08049adc      0x8  para.o [1]
  .rodata             const    0x08049ae4      0x8  para.o [1]
  .rodata             const    0x08049aec      0x8  para.o [1]
  .rodata             const    0x08049af4      0x8  para.o [1]
  .rodata             const    0x08049afc      0x8  para.o [1]
  .rodata             const    0x08049b04      0x8  para.o [1]
  .rodata             const    0x08049b0c      0x8  para.o [1]
  .rodata             const    0x08049b14      0x8  para.o [1]
  .rodata             const    0x08049b1c      0x8  para.o [1]
  .rodata             const    0x08049b24      0x8  para.o [1]
  .rodata             const    0x08049b2c      0x8  para.o [1]
  .rodata             const    0x08049b34      0x8  para.o [1]
  .rodata             const    0x08049b3c      0x8  para.o [1]
  .rodata             const    0x08049b44      0x8  para.o [1]
  .rodata             const    0x08049b4c      0x8  para.o [1]
  .rodata             const    0x08049b54      0x8  para.o [1]
  .rodata             const    0x08049b5c      0x8  para.o [1]
  .rodata             const    0x08049b64      0x8  pub0sub1.o [1]
  .rodata             const    0x08049b6c      0x8  tasks.o [1]
  .rodata             const    0x08049b74      0x8  timers.o [1]
  .rodata             const    0x08049b7c      0x4  heap_4.o [1]
  .rodata             const    0x08049b80      0x4  MQTTConnectClient.o [1]
  .rodata             const    0x08049b84      0x4  MQTTConnectClient.o [1]
  .rodata             const    0x08049b88      0x4  MQTTConnectClient.o [1]
  .rodata             const    0x08049b8c      0x4  MQTTConnectClient.o [1]
  .rodata             const    0x08049b90      0x4  MQTTConnectClient.o [1]
  .rodata             const    0x08049b94      0x4  MQTTDeserializePublish.o [1]
  .rodata             const    0x08049b98      0x4  MQTTPacket.o [1]
  .rodata             const    0x08049b9c      0x4  MQTTSerializePublish.o [1]
  .rodata             const    0x08049ba0      0x4  MQTTSubscribeClient.o [1]
  .rodata             const    0x08049ba4      0x4  MQTTSubscribeClient.o [1]
  .rodata             const    0x08049ba8      0x4  port.o [1]
  .text               ro code  0x08049bac      0x4  startup_stm32f40_41xxx.o [1]
  .text               ro code  0x08049bb0      0x4  startup_stm32f40_41xxx.o [1]
  .text               ro code  0x08049bb4      0x4  startup_stm32f40_41xxx.o [1]
  .text               ro code  0x08049bb8      0x4  startup_stm32f40_41xxx.o [1]
  .text               ro code  0x08049bbc      0x4  startup_stm32f40_41xxx.o [1]
  .text               ro code  0x08049bc0      0x4  startup_stm32f40_41xxx.o [1]
  .text               ro code  0x08049bc4      0x4  startup_stm32f40_41xxx.o [1]
  .text               ro code  0x08049bc8      0x4  startup_stm32f40_41xxx.o [1]
  .text               ro code  0x08049bcc      0x4  startup_stm32f40_41xxx.o [1]
  .text               ro code  0x08049bd0      0x4  startup_stm32f40_41xxx.o [1]
  .text               ro code  0x08049bd4      0x4  startup_stm32f40_41xxx.o [1]
  .text               ro code  0x08049bd8      0x4  startup_stm32f40_41xxx.o [1]
  .text               ro code  0x08049bdc      0x4  startup_stm32f40_41xxx.o [1]
  .text               ro code  0x08049be0      0x4  startup_stm32f40_41xxx.o [1]
  .text               ro code  0x08049be4      0x4  startup_stm32f40_41xxx.o [1]
  .text               ro code  0x08049be8      0x4  startup_stm32f40_41xxx.o [1]
  .text               ro code  0x08049bec      0x4  startup_stm32f40_41xxx.o [1]
  .text               ro code  0x08049bf0      0x4  startup_stm32f40_41xxx.o [1]
  .text               ro code  0x08049bf4      0x4  startup_stm32f40_41xxx.o [1]
  .text               ro code  0x08049bf8      0x4  startup_stm32f40_41xxx.o [1]
  .text               ro code  0x08049bfc      0x4  startup_stm32f40_41xxx.o [1]
  .text               ro code  0x08049c00      0x4  startup_stm32f40_41xxx.o [1]
  .text               ro code  0x08049c04      0x4  startup_stm32f40_41xxx.o [1]
  .text               ro code  0x08049c08      0x4  startup_stm32f40_41xxx.o [1]
  .text               ro code  0x08049c0c      0x4  startup_stm32f40_41xxx.o [1]
  .text               ro code  0x08049c10      0x4  startup_stm32f40_41xxx.o [1]
  .text               ro code  0x08049c14      0x4  startup_stm32f40_41xxx.o [1]
  .text               ro code  0x08049c18      0x4  startup_stm32f40_41xxx.o [1]
  .text               ro code  0x08049c1c      0x4  startup_stm32f40_41xxx.o [1]
  .text               ro code  0x08049c20      0x4  startup_stm32f40_41xxx.o [1]
  .text               ro code  0x08049c24      0x4  startup_stm32f40_41xxx.o [1]
  .text               ro code  0x08049c28      0x4  startup_stm32f40_41xxx.o [1]
  .text               ro code  0x08049c2c      0x4  startup_stm32f40_41xxx.o [1]
  .text               ro code  0x08049c30      0x4  startup_stm32f40_41xxx.o [1]
  .text               ro code  0x08049c34      0x4  startup_stm32f40_41xxx.o [1]
  .text               ro code  0x08049c38      0x4  startup_stm32f40_41xxx.o [1]
  .text               ro code  0x08049c3c      0x4  startup_stm32f40_41xxx.o [1]
  .text               ro code  0x08049c40      0x4  startup_stm32f40_41xxx.o [1]
  .text               ro code  0x08049c44      0x4  startup_stm32f40_41xxx.o [1]
  .text               ro code  0x08049c48      0x4  startup_stm32f40_41xxx.o [1]
  .text               ro code  0x08049c4c      0x4  startup_stm32f40_41xxx.o [1]
  .text               ro code  0x08049c50      0x4  startup_stm32f40_41xxx.o [1]
  .text               ro code  0x08049c54      0x4  startup_stm32f40_41xxx.o [1]
  .text               ro code  0x08049c58      0x4  startup_stm32f40_41xxx.o [1]
  .text               ro code  0x08049c5c      0x4  startup_stm32f40_41xxx.o [1]
  .text               ro code  0x08049c60      0x4  startup_stm32f40_41xxx.o [1]
  .text               ro code  0x08049c64      0x4  startup_stm32f40_41xxx.o [1]
  .text               ro code  0x08049c68      0x4  startup_stm32f40_41xxx.o [1]
  .text               ro code  0x08049c6c      0x4  startup_stm32f40_41xxx.o [1]
  .text               ro code  0x08049c70      0x4  startup_stm32f40_41xxx.o [1]
  .text               ro code  0x08049c74      0x4  startup_stm32f40_41xxx.o [1]
  .text               ro code  0x08049c78      0x4  startup_stm32f40_41xxx.o [1]
  .text               ro code  0x08049c7c      0x4  startup_stm32f40_41xxx.o [1]
  .text               ro code  0x08049c80      0x4  startup_stm32f40_41xxx.o [1]
  .text               ro code  0x08049c84      0x4  startup_stm32f40_41xxx.o [1]
  .text               ro code  0x08049c88      0x4  startup_stm32f40_41xxx.o [1]
  .text               ro code  0x08049c8c      0x4  startup_stm32f40_41xxx.o [1]
  .text               ro code  0x08049c90      0x4  startup_stm32f40_41xxx.o [1]
  .text               ro code  0x08049c94      0x4  startup_stm32f40_41xxx.o [1]
  .text               ro code  0x08049c98      0x4  startup_stm32f40_41xxx.o [1]
  .text               ro code  0x08049c9c      0x4  startup_stm32f40_41xxx.o [1]
  .text               ro code  0x08049ca0      0x4  startup_stm32f40_41xxx.o [1]
  .text               ro code  0x08049ca4      0x4  startup_stm32f40_41xxx.o [1]
  .text               ro code  0x08049ca8      0x4  startup_stm32f40_41xxx.o [1]
  .text               ro code  0x08049cac      0x4  startup_stm32f40_41xxx.o [1]
  .text               ro code  0x08049cb0      0x4  startup_stm32f40_41xxx.o [1]
  .text               ro code  0x08049cb4      0x4  startup_stm32f40_41xxx.o [1]
  .text               ro code  0x08049cb8      0x4  startup_stm32f40_41xxx.o [1]
  .rodata             const    0x08049cbc      0x0  zero_init3.o [5]
  .rodata             const    0x08049cbc      0x0  packbits_init.o [5]
  Initializer bytes   const    0x08049cbc    0x120  <for P2 s0>
                             - 0x08049ddc  0x49c54

"P2":                                      0x1f788
  P2 s0                        0x20000000    0x232  <Init block>
    __DLIB_PERTHREAD  inited   0x20000000     0x88  localeconv.o [3]
    __DLIB_PERTHREAD  inited   0x20000088     0x74  setlocale.o [3]
    .data             inited   0x200000fc     0x50  demo_fatfs.o [1]
    .data             inited   0x2000014c     0x48  usbh_usr.o [1]
    .data             inited   0x20000194     0x40  xfiles.o [3]
    .data             inited   0x200001d4     0x1c  malloc.o [1]
    .data             inited   0x200001f0     0x10  stm32f4xx_rcc.o [1]
    .data             inited   0x20000200     0x10  usbh_msc_core.o [1]
    .data             inited   0x20000210      0xc  usbh_core.o [1]
    .data             inited   0x2000021c      0x4  port.o [1]
    .data             inited   0x20000220      0x4  system_stm32f4xx.o [1]
    .data             inited   0x20000224      0x4  usbh_core.o [1]
    __DLIB_PERTHREAD  inited   0x20000228      0x4  errno.o [3]
    .data             inited   0x2000022c      0x2  bsp_w25qxx.o [1]
    .data             inited   0x2000022e      0x1  apptask.o [1]
    .data             inited   0x2000022f      0x1  encoder_tim.o [1]
    .data             inited   0x20000230      0x1  page_weimi.o [1]
    .data             inited   0x20000231      0x1  usbh_msc_scsi.o [1]
  .bss                zero     0x20000234  0x10400  heap_4.o [1]
  .bss                zero     0x20010634   0xa000  malloc.o [1]
  .bss                zero     0x2001a634   0x1000  bsp_w25qxx.o [1]
  .bss                zero     0x2001b634    0xa00  malloc.o [1]
  .bss                zero     0x2001c034    0x5ac  usbh_usr.o [1]
  .bss                zero     0x2001c5e0    0x5ac  usbh_usr.o [1]
  .bss                zero     0x2001cb8c    0x3e8  bsp_uart_fifo.o [1]
  .bss                zero     0x2001cf74    0x3e8  esp8266_handler.o [1]
  .bss                zero     0x2001d35c    0x3e8  esp8266_handler.o [1]
  .bss                zero     0x2001d744    0x3e8  pub0sub1.o [1]
  .bss                zero     0x2001db2c    0x200  ff.o [1]
  .bss                zero     0x2001dd2c    0x200  usbh_msc_scsi.o [1]
  .bss                zero     0x2001df2c    0x200  usbh_stdreq.o [1]
  .bss                zero     0x2001e12c    0x140  tasks.o [1]
  .bss                zero     0x2001e26c    0x12c  page_weimi.o [1]
  .bss                zero     0x2001e398     0xd4  protocol.o [1]
  .bss                zero     0x2001e46c     0xac  para.o [1]
  .bss                zero     0x2001e518     0xa4  protocol.o [1]
  .bss                zero     0x2001e5bc     0x94  usbh_usr.o [1]
  .bss                zero     0x2001e650     0x68  esp8266_handler.o [1]
  .bss                zero     0x2001e6b8     0x64  bsp_uart_fifo.o [1]
  .bss                zero     0x2001e71c     0x64  bsp_uart_fifo.o [1]
  .bss                zero     0x2001e780     0x4c  usbh_msc_core.o [1]
  .bss                zero     0x2001e7d0     0x58  bsp_sdio_sd.o [1]
  .bss                zero     0x2001e828     0x58  protocol.o [1]
  .bss                zero     0x2001e880     0x50  xfiles.o [3]
  .bss                zero     0x2001e8d0     0x40  page_weimi.o [1]
  .bss                zero     0x2001e910     0x40  pub0sub1.o [1]
  .bss                zero     0x2001e950     0x34  bsp_sdwe050c17.o [1]
  .bss                zero     0x2001e984     0x30  product_cal.o [1]
  .bss                zero     0x2001e9b4     0x28  product_cal.o [1]
  .bss                zero     0x2001e9dc     0x24  ff.o [1]
  .bss                zero     0x2001ea00     0x20  pub0sub1.o [1]
  .bss                zero     0x2001ea20     0x20  usbh_msc_bot.o [1]
  .bss                zero     0x2001ea40     0x18  bsp_sdio_sd.o [1]
  .bss                zero     0x2001ea58     0x18  bsp_sdio_sd.o [1]
  .bss                zero     0x2001ea70     0x14  bsp_sdio_sd.o [1]
  .bss                zero     0x2001ea84     0x14  rc522.o [1]
  .bss                zero     0x2001ea98     0x14  tasks.o [1]
  .bss                zero     0x2001eaac     0x14  tasks.o [1]
  .bss                zero     0x2001eac0     0x14  tasks.o [1]
  .bss                zero     0x2001ead4     0x14  tasks.o [1]
  .bss                zero     0x2001eae8     0x14  tasks.o [1]
  .bss                zero     0x2001eafc     0x14  timers.o [1]
  .bss                zero     0x2001eb10     0x14  timers.o [1]
  .bss                zero     0x2001eb24     0x10  bsp_sdio_sd.o [1]
  .bss                zero     0x2001eb34     0x10  bsp_sdio_sd.o [1]
  .bss                zero     0x2001eb44     0x10  encoder_tim.o [1]
  .bss                zero     0x2001eb54     0x10  usbh_msc_bot.o [1]
  .bss                zero     0x2001eb64     0x10  usbh_msc_bot.o [1]
  .bss                zero     0x2001eb74     0x10  usbh_msc_scsi.o [1]
  .bss                zero     0x2001eb84      0xc  apptask.o [1]
  .bss                zero     0x2001eb90      0xc  apptask.o [1]
  .bss                zero     0x2001eb9c      0xc  apptask.o [1]
  .bss                zero     0x2001eba8      0xc  apptask.o [1]
  .bss                zero     0x2001ebb4      0xc  ff.o [1]
  .bss                zero     0x2001ebc0      0xc  protocol.o [1]
  .bss                zero     0x2001ebcc      0xc  protocol.o [1]
  .bss                zero     0x2001ebd8      0xc  protocol.o [1]
  .bss                zero     0x2001ebe4      0xc  pub0sub1.o [1]
  .bss                zero     0x2001ebf0      0x8  heap_4.o [1]
  .bss                zero     0x2001ebf8      0x8  modbus.o [1]
  .bss                zero     0x2001ec00      0x8  protocol.o [1]
  .bss                zero     0x2001ec08      0x8  pub0sub1.o [1]
  .bss                zero     0x2001ec10      0x4  apptask.o [1]
  .bss                zero     0x2001ec14      0x4  apptask.o [1]
  .bss                zero     0x2001ec18      0x4  apptask.o [1]
  .bss                zero     0x2001ec1c      0x4  apptask.o [1]
  .bss                zero     0x2001ec20      0x4  apptask.o [1]
  .bss                zero     0x2001ec24      0x4  apptask.o [1]
  .bss                zero     0x2001ec28      0x4  apptask.o [1]
  .bss                zero     0x2001ec2c      0x4  apptask.o [1]
  .bss                zero     0x2001ec30      0x4  apptask.o [1]
  .bss                zero     0x2001ec34      0x4  apptask.o [1]
  .bss                zero     0x2001ec38      0x4  apptask.o [1]
  .bss                zero     0x2001ec3c      0x4  apptask.o [1]
  .bss                zero     0x2001ec40      0x4  apptask.o [1]
  .bss                zero     0x2001ec44      0x4  apptask.o [1]
  .bss                zero     0x2001ec48      0x4  apptask.o [1]
  .bss                zero     0x2001ec4c      0x4  apptask.o [1]
  .bss                zero     0x2001ec50      0x4  apptask.o [1]
  .bss                zero     0x2001ec54      0x4  apptask.o [1]
  .bss                zero     0x2001ec58      0x4  apptask.o [1]
  .bss                zero     0x2001ec5c      0x4  apptask.o [1]
  .bss                zero     0x2001ec60      0x4  apptask.o [1]
  .bss                zero     0x2001ec64      0x4  apptask.o [1]
  .bss                zero     0x2001ec68      0x4  apptask.o [1]
  .bss                zero     0x2001ec6c      0x4  apptask.o [1]
  .bss                zero     0x2001ec70      0x4  apptask.o [1]
  .bss                zero     0x2001ec74      0x4  apptask.o [1]
  .bss                zero     0x2001ec78      0x4  apptask.o [1]
  .bss                zero     0x2001ec7c      0x4  apptask.o [1]
  .bss                zero     0x2001ec80      0x4  bsp_sdio_sd.o [1]
  .bss                zero     0x2001ec84      0x4  bsp_sdio_sd.o [1]
  .bss                zero     0x2001ec88      0x4  bsp_sdio_sd.o [1]
  .bss                zero     0x2001ec8c      0x4  bsp_sdio_sd.o [1]
  .bss                zero     0x2001ec90      0x4  bsp_sdio_sd.o [1]
  .bss                zero     0x2001ec94      0x4  bsp_timer.o [1]
  .bss                zero     0x2001ec98      0x4  bsp_timer.o [1]
  .bss                zero     0x2001ec9c      0x4  bsp_timer.o [1]
  .bss                zero     0x2001eca0      0x4  bsp_timer.o [1]
  .bss                zero     0x2001eca4      0x4  esp8266_handler.o [1]
  .bss                zero     0x2001eca8      0x4  esp8266_handler.o [1]
  .bss                zero     0x2001ecac      0x4  esp8266_handler.o [1]
  .bss                zero     0x2001ecb0      0x4  heap_4.o [1]
  .bss                zero     0x2001ecb4      0x4  heap_4.o [1]
  .bss                zero     0x2001ecb8      0x4  heap_4.o [1]
  .bss                zero     0x2001ecbc      0x4  heap_4.o [1]
  .bss                zero     0x2001ecc0      0x4  MQTTPacket.o [1]
  .bss                zero     0x2001ecc4      0x4  page_weimi.o [1]
  .bss                zero     0x2001ecc8      0x4  page_weimi.o [1]
  .bss                zero     0x2001eccc      0x4  port.o [1]
  .bss                zero     0x2001ecd0      0x4  product_cal.o [1]
  .bss                zero     0x2001ecd4      0x4  product_cal.o [1]
  .bss                zero     0x2001ecd8      0x4  pub0sub1.o [1]
  .bss                zero     0x2001ecdc      0x4  SysInfoTest.o [1]
  .bss                zero     0x2001ece0      0x4  tasks.o [1]
  .bss                zero     0x2001ece4      0x4  tasks.o [1]
  .bss                zero     0x2001ece8      0x4  tasks.o [1]
  .bss                zero     0x2001ecec      0x4  tasks.o [1]
  .bss                zero     0x2001ecf0      0x4  tasks.o [1]
  .bss                zero     0x2001ecf4      0x4  tasks.o [1]
  .bss                zero     0x2001ecf8      0x4  tasks.o [1]
  .bss                zero     0x2001ecfc      0x4  tasks.o [1]
  .bss                zero     0x2001ed00      0x4  tasks.o [1]
  .bss                zero     0x2001ed04      0x4  tasks.o [1]
  .bss                zero     0x2001ed08      0x4  tasks.o [1]
  .bss                zero     0x2001ed0c      0x4  tasks.o [1]
  .bss                zero     0x2001ed10      0x4  tasks.o [1]
  .bss                zero     0x2001ed14      0x4  tasks.o [1]
  .bss                zero     0x2001ed18      0x4  tasks.o [1]
  .bss                zero     0x2001ed1c      0x4  tasks.o [1]
  .bss                zero     0x2001ed20      0x4  timer_platform.o [1]
  .bss                zero     0x2001ed24      0x4  timers.o [1]
  .bss                zero     0x2001ed28      0x4  timers.o [1]
  .bss                zero     0x2001ed2c      0x4  timers.o [1]
  .bss                zero     0x2001ed30      0x4  timers.o [1]
  .bss                zero     0x2001ed34      0x4  usbh_msc_bot.o [1]
  .bss                zero     0x2001ed38      0x4  usbh_msc_bot.o [1]
  .bss                zero     0x2001ed3c      0x4  usbh_msc_bot.o [1]
  .bss                zero     0x2001ed40      0x4  usbh_msc_bot.o [1]
  .bss                zero     0x2001ed44      0x2  apptask.o [1]
  .bss                zero     0x2001ed46      0x2  apptask.o [1]
  .bss                zero     0x2001ed48      0x2  apptask.o [1]
  .bss                zero     0x2001ed4a      0x2  apptask.o [1]
  .bss                zero     0x2001ed4c      0x2  apptask.o [1]
  .bss                zero     0x2001ed4e      0x2  bsp_sdwe050c17.o [1]
  .bss                zero     0x2001ed50      0x2  encoder_tim.o [1]
  .bss                zero     0x2001ed52      0x2  encoder_tim.o [1]
  .bss                zero     0x2001ed54      0x2  ff.o [1]
  .bss                zero     0x2001ed56      0x2  page_weimi.o [1]
  .bss                zero     0x2001ed58      0x2  page_weimi.o [1]
  .bss                zero     0x2001ed5a      0x2  product_cal.o [1]
  .bss                zero     0x2001ed5c      0x2  usbh_core.o [1]
  .bss                zero     0x2001ed5e      0x2  usbh_stdreq.o [1]
  .bss                zero     0x2001ed60      0x1  apptask.o [1]
  .bss                zero     0x2001ed61      0x1  apptask.o [1]
  .bss                zero     0x2001ed62      0x1  apptask.o [1]
  .bss                zero     0x2001ed63      0x1  apptask.o [1]
  .bss                zero     0x2001ed64      0x1  apptask.o [1]
  .bss                zero     0x2001ed65      0x1  apptask.o [1]
  .bss                zero     0x2001ed66      0x1  apptask.o [1]
  .bss                zero     0x2001ed67      0x1  apptask.o [1]
  .bss                zero     0x2001ed68      0x1  apptask.o [1]
  .bss                zero     0x2001ed69      0x1  apptask.o [1]
  .bss                zero     0x2001ed6a      0x1  apptask.o [1]
  .bss                zero     0x2001ed6b      0x1  apptask.o [1]
  .bss                zero     0x2001ed6c      0x1  apptask.o [1]
  .bss                zero     0x2001ed6d      0x1  apptask.o [1]
  .bss                zero     0x2001ed6e      0x1  bsp_sdio_sd.o [1]
  .bss                zero     0x2001ed6f      0x1  bsp_sdwe050c17.o [1]
  .bss                zero     0x2001ed70      0x1  bsp_uart_fifo.o [1]
  .bss                zero     0x2001ed71      0x1  encoder_tim.o [1]
  .bss                zero     0x2001ed72      0x1  esp8266_handler.o [1]
  .bss                zero     0x2001ed73      0x1  esp8266_handler.o [1]
  .bss                zero     0x2001ed74      0x1  esp8266_handler.o [1]
  .bss                zero     0x2001ed75      0x1  page_weimi.o [1]
  .bss                zero     0x2001ed76      0x1  page_weimi.o [1]
  .bss                zero     0x2001ed77      0x1  page_weimi.o [1]
  .bss                zero     0x2001ed78      0x1  page_weimi.o [1]
  .bss                zero     0x2001ed79      0x1  page_weimi.o [1]
  .bss                zero     0x2001ed7a      0x1  page_weimi.o [1]
  .bss                zero     0x2001ed7b      0x1  port.o [1]
  .bss                zero     0x2001ed7c      0x1  product_cal.o [1]
  .bss                zero     0x2001ed7d      0x1  product_cal.o [1]
  .bss                zero     0x2001ed7e      0x1  protocol.o [1]
  .bss                zero     0x2001ed7f      0x1  pub0sub1.o [1]
  .bss                zero     0x2001ed80      0x1  pub0sub1.o [1]
  .bss                zero     0x2001ed81      0x1  rc522.o [1]
  .bss                zero     0x2001ed82      0x1  rc522.o [1]
  .bss                zero     0x2001ed83      0x1  usbh_msc_bot.o [1]
  .bss                zero     0x2001ed84      0x1  usbh_msc_core.o [1]
  .bss                zero     0x2001ed85      0x1  usbh_msc_core.o [1]
  .bss                zero     0x2001ed86      0x1  usbh_stdreq.o [1]
  .bss                zero     0x2001ed87      0x1  usbh_usr.o [1]
  CSTACK                       0x2001ed88    0xa00  <Block>
    CSTACK            uninit   0x2001ed88    0xa00  <Block tail>
                             - 0x2001f788  0x1f788

Absolute sections:                         0xff000
  .bss                zero     0x68000000  0xf0000  malloc.o [1]
  .bss                zero     0x680f0000   0xf000  malloc.o [1]
                             - 0x680ff000  0xff000


*******************************************************************************
*** INIT TABLE
***

          Address     Size
          -------     ----
Zero (__iar_zero_init3)
    2 destination ranges, total size 0x11db54:
          0x20000234  0x1eb54
          0x68000000  0xff000

Copy/packbits (__iar_packbits_init3)
    1 source range, total size 0x120 (51% of destination):
          0x08049cbc    0x120
    1 destination range, total size 0x232:
          0x20000000    0x232



*******************************************************************************
*** MODULE SUMMARY
***

    Module                    ro code  ro data  rw data    rw data
                                                            (abs)
    ------                    -------  -------  -------    -------
E:\work\YarnControl_Driver\src\stm32f4_rtos\Project\EWARMv7\Flash\Obj: [1]
    MQTTConnectClient.o           774       36
    MQTTDeserializePublish.o      188        4
    MQTTPacket.o                  656        4        4
    MQTTSerializePublish.o        236        4
    MQTTSubscribeClient.o         400        8
    SysInfoTest.o                  44                 4
    apptask.o                  29 360    3 541      185
    bsp.o                          80
    bsp_adc.o                     242
    bsp_closeSW.o                 212
    bsp_dac.o                     112
    bsp_dwt.o                     116
    bsp_led.o                     192
    bsp_relay.o                    68
    bsp_sdio_sd.o               6 744               209
    bsp_sdwe050c17.o            5 412       36       55
    bsp_servomotor.o              612
    bsp_spi.o                     292
    bsp_stepmotor.o             1 268
    bsp_sw_onoff.o                 56
    bsp_timer.o                   516                16
    bsp_uart_fifo.o             2 724             1 201
    bsp_w25qxx.o                  896        9    4 098
    bsp_watchdog.o                  8
    cc936.o                       244  176 320
    demo_fatfs.o                           733       80
    diskio.o                      740
    encoder_tim.o                 704                22
    esp8266_handler.o           1 044      324    2 119
    esp8266_init.o                124
    event_groups.o                610
    ff.o                        9 368       36      562
    heap_4.o                      640        4   66 584
    list.o                        152
    main.o                         48       32
    malloc.o                      540       39   43 548  1 044 480
    mcheck.o                      184      768
    misc.o                        136
    modbus.o                      852                 8
    page_weimi.o                1 304       13      383
    para.o                      5 310      284      172
    port.o                        588        6        9
    portasm.o                     168
    product_cal.o               1 728      400      100
    protocol.o                    128               509
    pub0sub1.o                  1 076      472    1 122
    queue.o                     1 992
    rc522.o                       238                22
    startup_stm32f40_41xxx.o      680
    stm32f4xx_adc.o               438
    stm32f4xx_dac.o                36
    stm32f4xx_dma.o               796
    stm32f4xx_exti.o              192
    stm32f4xx_gpio.o              300
    stm32f4xx_it.o                 56       44
    stm32f4xx_iwdg.o               16
    stm32f4xx_rcc.o               488        8       16
    stm32f4xx_sdio.o              380
    stm32f4xx_spi.o               116
    stm32f4xx_syscfg.o             84
    stm32f4xx_tim.o             1 782
    stm32f4xx_usart.o             596
    system_stm32f4xx.o            340        2        4
    tasks.o                     3 296        8      484
    timer_platform.o               64                 4
    timers.o                    1 188        8       56
    transport.o                   108
    usb_bsp.o                     332
    usb_core.o                  2 640
    usb_hcd.o                     214
    usb_hcd_int.o               3 198
    usbh_core.o                 1 888        8       18
    usbh_hcs.o                    442
    usbh_ioreq.o                  582
    usbh_it.o                      16
    usbh_msc_bot.o              1 364                81
    usbh_msc_core.o             1 000        8       94
    usbh_msc_scsi.o             1 560        1      529
    usbh_stdreq.o               1 078               515
    usbh_usr.o                    418      593    3 125
    --------------------------------------------------------------
    Total:                    104 814  183 753  125 938  1 044 480

command line: [2]
    --------------------------------------------------------------
    Total:

dl7M_tlf.a: [3]
    abort.o                         6
    div.o                          14
    errno.o                        12        2        4
    exit.o                          4
    isxxx.o                        40
    localeconv.o                  108       69      136
    printf.o                       36
    putchar.o                      12
    setlocale.o                    24       60      116
    snprintf.o                     68
    sprintf.o                      52
    sscanf.o                       36
    strcat.o                       28
    strstr.o                       44
    tolower.o                      20
    xfiles.o                                32      144
    xlocale_c.o                    54
    xprintffull_nomb.o          3 478
    xprout.o                       22
    xscanffull_nomb.o           2 916
    xsnprout.o                     26
    xsprout.o                      10
    xsscin.o                       30
    xstoflt.o                     440
    xstoll.o                      164
    xstopfx.o                     292
    xstoull.o                     432
    xstoxflt.o                    536
    xtls.o                          2
    --------------------------------------------------------------
    Total:                      8 906      163      400

m7M_tls.a: [4]
    DblAdd.o                      232
    DblCmpEq.o                     32
    DblCmpGe.o                     46
    DblCmpLe.o                     46
    DblDiv.o                      598
    DblMul.o                      418
    DblSub.o                      384
    DblToFlt.o                    144
    DblToI32.o                     88
    FltToDbl.o                     78
    I32ToDbl.o                     48
    fpinit_M.o                     34
    xdnorm.o                       66
    xdscale.o                     276
    xdtento.o                     512
    xdunscal.o                     82
    xstold.o                      360
    --------------------------------------------------------------
    Total:                      3 444

rt7M_tl.a: [5]
    ABImemclr4.o                    6
    ABImemcpy_unaligned.o         118
    ABImemset.o                   102
    ABImemset48.o                  50
    I64DivMod.o                   306
    I64DivZer.o                     2
    cexit.o                        10
    cmain.o                        26
    cstartup_M.o                   12
    data_init.o                    40
    memchr.o                       88
    memcmp_unaligned.o             98
    packbits_init.o               208
    strchr.o                       22
    strcmp_unaligned.o             66
    strcpy_unaligned.o             68
    strlen.o                       54
    zero_init3.o                   64
    --------------------------------------------------------------
    Total:                      1 340

shb_l.a: [6]
    exit.o                         20
    --------------------------------------------------------------
    Total:                         20

    Gaps                           58        6        6
    Linker created                          52    2 560
------------------------------------------------------------------
    Grand Total:              118 582  183 974  128 904  1 044 480


*******************************************************************************
*** ENTRY LIST
***

Entry                      Address     Size  Type      Object
-----                      -------     ----  ----      ------
.iar.init_table$$Base   0x08048b98            --   Gb  - Linker created -
.iar.init_table$$Limit  0x08048bcc            --   Gb  - Linker created -
?main                   0x08048fb9           Code  Gb  cmain.o [5]
ADC_Cmd                 0x08040453     0x1a  Code  Gb  stm32f4xx_adc.o [1]
ADC_CommonInit          0x08040431     0x22  Code  Gb  stm32f4xx_adc.o [1]
ADC_GetFlagStatus       0x0804057d     0x1a  Code  Gb  stm32f4xx_adc.o [1]
ADC_Init                0x080403e1     0x50  Code  Gb  stm32f4xx_adc.o [1]
ADC_RegularChannelConfig
                        0x0804046d     0xf6  Code  Gb  stm32f4xx_adc.o [1]
ADC_SoftwareStartConv   0x08040563      0xa  Code  Gb  stm32f4xx_adc.o [1]
APBAHBPrescTable        0x200001f0     0x10  Data  Lc  stm32f4xx_rcc.o [1]
Adc_Init                0x0803a849     0x8c  Code  Gb  bsp_adc.o [1]
AppObjCreate            0x080314bd    0x194  Code  Gb  apptask.o [1]
AppTaskCreate           0x08031271    0x238  Code  Gb  apptask.o [1]
BOTStallErrorCount      0x2001ed34      0x4  Data  Lc  usbh_msc_bot.o [1]
BusFault_Handler        0x080486e3      0x2  Code  Gb  stm32f4xx_it.o [1]
CID_Tab                 0x2001eb34     0x10  Data  Lc  bsp_sdio_sd.o [1]
CLIENT_ID               0x2001ea00     0x20  Data  Gb  pub0sub1.o [1]
CRC16HiTable            0x08048128    0x100  Data  Gb  mcheck.o [1]
CRC16LoTable            0x08048228    0x100  Data  Gb  mcheck.o [1]
CRC8Table               0x08048328    0x100  Data  Gb  mcheck.o [1]
CSD_Tab                 0x2001eb24     0x10  Data  Lc  bsp_sdio_sd.o [1]
CSTACK$$Base            0x2001ed88            --   Gb  - Linker created -
CSTACK$$Limit           0x2001f788            --   Gb  - Linker created -
CardType                0x2001ec80      0x4  Data  Lc  bsp_sdio_sd.o [1]
ChannengMQTTPackage     0x08033f47     0x7e  Code  Gb  product_cal.o [1]
CmdError                0x08044055     0x38  Code  Lc  bsp_sdio_sd.o [1]
CmdResp1Error           0x080440f9    0x112  Code  Lc  bsp_sdio_sd.o [1]
CmdResp2Error           0x08044249     0x52  Code  Lc  bsp_sdio_sd.o [1]
CmdResp3Error           0x0804420b     0x3e  Code  Lc  bsp_sdio_sd.o [1]
CmdResp6Error           0x0804429b     0xa6  Code  Lc  bsp_sdio_sd.o [1]
CmdResp7Error           0x0804408d     0x58  Code  Lc  bsp_sdio_sd.o [1]
ConfigExitNVIC          0x0803ae7b     0x22  Code  Gb  bsp_closeSW.o [1]
ConfigUartNVIC          0x0803d3fb     0x7c  Code  Lc  bsp_uart_fifo.o [1]
ConnectTcp              0x0803b9b7     0x48  Code  Gb  esp8266_handler.o [1]
DAC_SetChannel1Data     0x0803eb79     0x1e  Code  Gb  stm32f4xx_dac.o [1]
DMA1_Stream0_IRQHandler
                        0x08037947     0x1c  Code  Gb  bsp_servomotor.o [1]
DMA1_Stream3_IRQHandler
                        0x08037963     0x1c  Code  Gb  bsp_servomotor.o [1]
DMA2_Stream3_IRQHandler
                        0x0804493d      0x8  Code  Gb  bsp_sdio_sd.o [1]
DMAEndOfTransfer        0x2001ec90      0x4  Data  Gb  bsp_sdio_sd.o [1]
DMA_ClearFlag           0x0803f477     0x24  Code  Gb  stm32f4xx_dma.o [1]
DMA_Cmd                 0x0803f42d     0x1a  Code  Gb  stm32f4xx_dma.o [1]
DMA_DeInit              0x0803f295    0x140  Code  Gb  stm32f4xx_dma.o [1]
DMA_FlowControllerConfig
                        0x0803f447     0x18  Code  Gb  stm32f4xx_dma.o [1]
DMA_GetCmdStatus        0x0803f45f     0x18  Code  Gb  stm32f4xx_dma.o [1]
DMA_GetITStatus         0x0803f4dd     0x62  Code  Gb  stm32f4xx_dma.o [1]
DMA_ITConfig            0x0803f49b     0x42  Code  Gb  stm32f4xx_dma.o [1]
DMA_Init                0x0803f3d5     0x58  Code  Gb  stm32f4xx_dma.o [1]
Dac1_Set_Vol            0x080371b1     0x64  Code  Gb  bsp_dac.o [1]
DebugMon_Handler        0x080486e7      0x2  Code  Gb  stm32f4xx_it.o [1]
DiskFile_init           0x0803ad81     0x40  Code  Gb  protocol.o [1]
Disk_File               0x2001e398     0xd4  Data  Gb  protocol.o [1]
ENC_Calc_Average_Speed  0x0803b73b     0x58  Code  Gb  encoder_tim.o [1]
ENC_Calc_Rot_Speed      0x0803b661     0xda  Code  Gb  encoder_tim.o [1]
ENC_Clear_Speed_Buffer  0x0803b645     0x1c  Code  Gb  encoder_tim.o [1]
ENC_Init                0x0803b559     0xec  Code  Gb  encoder_tim.o [1]
ESP8266_Enable_MultipleId
                        0x0803b8e3     0x40  Code  Gb  esp8266_handler.o [1]
ESP8266_JoinAP          0x0803b97f     0x38  Code  Gb  esp8266_handler.o [1]
ESP8266_Net_Mode_Choose
                        0x0803b923     0x5c  Code  Gb  esp8266_handler.o [1]
EXTI9_5_IRQHandler      0x0803ae9d     0x3c  Code  Gb  bsp_closeSW.o [1]
EXTI_ClearITPendingBit  0x08040773      0x6  Code  Gb  stm32f4xx_exti.o [1]
EXTI_GetITStatus        0x08040759     0x1a  Code  Gb  stm32f4xx_exti.o [1]
EXTI_Init               0x080406d1     0x88  Code  Gb  stm32f4xx_exti.o [1]
Esp8266_GetTcpStatus    0x0803bc25     0x12  Code  Gb  esp8266_handler.o [1]
Esp8266_Tcp_Send        0x0803bbdf     0x46  Code  Gb  esp8266_handler.o [1]
FR_Table                0x200000fc     0x50  Data  Gb  demo_fatfs.o [1]
FatFs                   0x2001ebb4      0xc  Data  Lc  ff.o [1]
Files                   0x2001e9dc     0x24  Data  Lc  ff.o [1]
FindSCR                 0x080444e9    0x206  Code  Lc  bsp_sdio_sd.o [1]
Fsid                    0x2001ed54      0x2  Data  Lc  ff.o [1]
GPIO_Init               0x08035b71     0xaa  Code  Gb  stm32f4xx_gpio.o [1]
GPIO_PinAFConfig        0x08035c43     0x5a  Code  Gb  stm32f4xx_gpio.o [1]
GPIO_ReadInputDataBit   0x08035c1b     0x1a  Code  Gb  stm32f4xx_gpio.o [1]
GPIO_WriteBit           0x08035c35      0xe  Code  Gb  stm32f4xx_gpio.o [1]
Get_Adc                 0x0803a8d5     0x2c  Code  Gb  bsp_adc.o [1]
Get_Adc_Average         0x0803a909     0x32  Code  Gb  bsp_adc.o [1]
HCD_GetCurrentFrame     0x0803f78d      0x8  Code  Gb  usb_hcd.o [1]
HCD_GetCurrentSpeed     0x0803f76f     0x10  Code  Gb  usb_hcd.o [1]
HCD_GetURB_State        0x0803f795      0xa  Code  Gb  usb_hcd.o [1]
HCD_GetXferCnt          0x0803f79f      0xc  Code  Gb  usb_hcd.o [1]
HCD_Init                0x0803f6fd     0x72  Code  Gb  usb_hcd.o [1]
HCD_ResetPort           0x0803f77f      0xe  Code  Gb  usb_hcd.o [1]
HCD_SubmitRequest       0x0803f7ab     0x28  Code  Gb  usb_hcd.o [1]
Handle_Internet_Data    0x0803bb47     0x60  Code  Gb  esp8266_handler.o [1]
HardFault_Handler       0x080486b3     0x22  Code  Gb  stm32f4xx_it.o [1]
IWDG_Feed               0x0803c7e5      0x8  Code  Gb  bsp_watchdog.o [1]
IWDG_ReloadCounter      0x08041315      0xa  Code  Gb  stm32f4xx_iwdg.o [1]
InStream_Read           0x08048429     0x22  Code  Lc  packbits_init.o [5]
InitHardUart            0x0803d00f    0x3ec  Code  Lc  bsp_uart_fifo.o [1]
Init_JINGSHA_GUI        0x0803254f    0x116  Code  Gb  bsp_sdwe050c17.o [1]
JingSha_File            0x2001e828     0x58  Data  Gb  protocol.o [1]
LfnBuf                  0x2001db2c    0x200  Data  Lc  ff.o [1]
LfnOfs                  0x080496b4     0x10  Data  Lc  ff.o [1]
LoadInt                 0x0803e305     0x6e  Code  Lc  xprintffull_nomb.o [3]
MQTTDeserialize_connack
                        0x08040b9b     0x80  Code  Gb  MQTTConnectClient.o [1]
MQTTDeserialize_publish
                        0x0804116d     0xb6  Code  Gb  MQTTDeserializePublish.o [1]
MQTTDeserialize_suback  0x080410cb     0x98  Code  Gb  MQTTSubscribeClient.o [1]
MQTTPacket_decode       0x08040d37     0x54  Code  Gb  MQTTPacket.o [1]
MQTTPacket_decodeBuf    0x08040dd7     0x14  Code  Gb  MQTTPacket.o [1]
MQTTPacket_encode       0x08040d0d     0x2a  Code  Gb  MQTTPacket.o [1]
MQTTPacket_len          0x08040d8b     0x24  Code  Gb  MQTTPacket.o [1]
MQTTPacket_read         0x08040f19     0x72  Code  Gb  MQTTPacket.o [1]
MQTTSerialize_connect   0x08040a25    0x176  Code  Gb  MQTTConnectClient.o [1]
MQTTSerialize_connectLength
                        0x08040999     0x8c  Code  Gb  MQTTConnectClient.o [1]
MQTTSerialize_pingreq   0x08040c8d     0x12  Code  Gb  MQTTConnectClient.o [1]
MQTTSerialize_publish   0x0804124d     0xc4  Code  Gb  MQTTSerializePublish.o [1]
MQTTSerialize_publishLength
                        0x08041229     0x24  Code  Gb  MQTTSerializePublish.o [1]
MQTTSerialize_subscribe
                        0x08041007     0xc4  Code  Gb  MQTTSubscribeClient.o [1]
MQTTSerialize_subscribeLength
                        0x08040fdd     0x2a  Code  Gb  MQTTSubscribeClient.o [1]
MQTTSerialize_zero      0x08040c1b     0x54  Code  Gb  MQTTConnectClient.o [1]
MQTT_Connect            0x0803bd1b     0xae  Code  Gb  pub0sub1.o [1]
MQTT_GetConnected       0x0803c02b     0x1e  Code  Gb  pub0sub1.o [1]
MQTT_Init               0x0803bcef     0x2c  Code  Gb  pub0sub1.o [1]
MQTT_Package_Publish    0x0803bf17     0x50  Code  Gb  pub0sub1.o [1]
MQTT_Publish            0x0803bfb3     0x78  Code  Gb  pub0sub1.o [1]
MQTT_RB_Read            0x0803bac9     0x7e  Code  Gb  esp8266_handler.o [1]
MQTT_Read               0x0803be5d     0xba  Code  Gb  pub0sub1.o [1]
MQTT_Subscribe          0x0803bdc9     0x94  Code  Gb  pub0sub1.o [1]
MQTT_TOPIC              0x2001e910     0x40  Data  Gb  pub0sub1.o [1]
MQTTstrlen              0x08040ef9     0x20  Code  Gb  MQTTPacket.o [1]
MSCErrorCount           0x2001ed84      0x1  Data  Gb  usbh_msc_core.o [1]
MSC_Machine             0x2001e780     0x4c  Data  Gb  usbh_msc_core.o [1]
MSG_DEV_ATTACHED        0x0804923c     0x18  Data  Gb  usbh_usr.o [1]
MSG_DEV_DISCONNECTED    0x08049254     0x18  Data  Gb  usbh_usr.o [1]
MSG_DEV_ENUMERATED      0x08048f64     0x1c  Data  Gb  usbh_usr.o [1]
MSG_DEV_ERROR           0x08049470     0x14  Data  Gb  usbh_usr.o [1]
MSG_DEV_FULLSPEED       0x08048d2c     0x20  Data  Gb  usbh_usr.o [1]
MSG_DEV_HIGHSPEED       0x08048d0c     0x20  Data  Gb  usbh_usr.o [1]
MSG_DEV_LOWSPEED        0x08048d4c     0x20  Data  Gb  usbh_usr.o [1]
MSG_HID_CLASS           0x08048f80     0x1c  Data  Gb  usbh_usr.o [1]
MSG_MSC_CLASS           0x08048b50     0x24  Data  Gb  usbh_usr.o [1]
[...]
main                    0x080487a9     0x30  Code  Gb  main.o [1]
mallco_dev              0x200001d4     0x1c  Data  Gb  malloc.o [1]
max_seg                 0x2001ed78      0x1  Data  Gb  page_weimi.o [1]
mb_init                 0x0803ac61     0x30  Code  Gb  modbus.o [1]
mb_packsend_frame       0x0803ab6f     0xf2  Code  Gb  modbus.o [1]
mb_unpack_frame         0x0803aa2d    0x142  Code  Gb  modbus.o [1]
mc_check_crc16          0x08040605     0x40  Code  Gb  mcheck.o [1]
mc_check_crc8           0x080405e1     0x24  Code  Gb  mcheck.o [1]
mc_check_sum            0x08040599     0x2e  Code  Gb  mcheck.o [1]
mc_check_xor            0x080405c7     0x1a  Code  Gb  mcheck.o [1]
mem1base                0x20010634   0xa000  Data  Gb  malloc.o [1]
mem1mapbase             0x2001b634    0xa00  Data  Gb  malloc.o [1]
mem2base                0x68000000  0xf0000  Data  Gb  malloc.o [1]
mem2mapbase             0x680f0000   0xf000  Data  Gb  malloc.o [1]
mem_cmp                 0x080382d3     0x24  Code  Lc  ff.o [1]
mem_cpy                 0x080382a1     0x1c  Code  Lc  ff.o [1]
mem_set                 0x080382bd     0x16  Code  Lc  ff.o [1]
memblksize              0x08049a9c      0x8  Data  Gb  malloc.o [1]
memchr                  0x080416ad           Code  Gb  memchr.o [5]
memsize                 0x08049aa4      0x8  Data  Gb  malloc.o [1]
memtblsize              0x08049a94      0x8  Data  Gb  malloc.o [1]
modbus_send_frame       0x0803ac91     0xe6  Code  Gb  modbus.o [1]
move_window             0x08038595     0x40  Code  Lc  ff.o [1]
mqttSubscribeData       0x2001cf74    0x3e8  Data  Gb  esp8266_handler.o [1]
mqtt_status             0x2001ec08      0x8  Data  Gb  pub0sub1.o [1]
my_mem_free             0x08035473     0x6c  Code  Gb  malloc.o [1]
my_mem_init             0x08035337     0x42  Code  Gb  malloc.o [1]
my_mem_malloc           0x080353b7     0xbc  Code  Gb  malloc.o [1]
my_mem_perused          0x08035379     0x3e  Code  Gb  malloc.o [1]
myfree                  0x080354df     0x24  Code  Gb  malloc.o [1]
mymalloc                0x08035503     0x2a  Code  Gb  malloc.o [1]
mymemset                0x08035321     0x16  Code  Gb  malloc.o [1]
ndigs                   0x0804573c     0x28  Data  Lc  xstoull.o [3]
netDeviceInfo_t         0x2001e650     0x68  Data  Gb  esp8266_handler.o [1]
net_device_send_cmd     0x0803b895     0x4e  Code  Gb  esp8266_handler.o [1]
obuf                    0x2001e880     0x50  Data  Lc  xfiles.o [3]
oem2uni                 0x0801560c  0x15484  Data  Lc  cc936.o [1]
old_card_record         0x2001ed66      0x1  Data  Gb  apptask.o [1]
old_isWork              0x2001ed62      0x1  Data  Gb  apptask.o [1]
old_is_stop             0x20000230      0x1  Data  Gb  page_weimi.o [1]
old_plan_complete       0x2001ed7d      0x1  Data  Gb  product_cal.o [1]
old_system_state        0x2000022e      0x1  Data  Gb  apptask.o [1]
old_usb_disk_flag       0x2001ed64      0x1  Data  Gb  apptask.o [1]
old_wifi_flag           0x2001ed73      0x1  Data  Gb  esp8266_handler.o [1]
para_init               0x080361f1     0x80  Code  Gb  para.o [1]
pcInterruptPriorityRegisters
                        0x08049ba8      0x4  Data  Lc  port.o [1]
peiliao_para            0x2001e984     0x30  Data  Gb  product_cal.o [1]
pick_lfn                0x08038de7     0x8c  Code  Lc  ff.o [1]
plan_complete           0x2001ed7c      0x1  Data  Gb  product_cal.o [1]
pluse_count             0x2001ed46      0x2  Data  Gb  apptask.o [1]
pluse_step_src          0x2001eb9c      0xc  Data  Gb  apptask.o [1]
pows                    0x08045f40     0x48  Data  Lc  xdtento.o [4]
printf                  0x08035239     0x24  Code  Gb  printf.o [3]
product_complete_kilo   0x08033bc7     0x74  Code  Gb  product_cal.o [1]
product_complete_meter  0x08033bab     0x1c  Code  Gb  product_cal.o [1]
product_para            0x2001e9b4     0x28  Data  Gb  product_cal.o [1]
product_per_meter       0x08033b25     0x74  Code  Gb  product_cal.o [1]
prvAddCurrentTaskToDelayedList
                        0x08034cc9     0x48  Code  Lc  tasks.o [1]
prvAllocateTCBAndStack  0x08034d11     0x5a  Code  Lc  tasks.o [1]
prvCheckForValidListAndQueue
                        0x0803c773     0x52  Code  Lc  timers.o [1]
prvCheckTasksWaitingTermination
                        0x08034c5f     0x66  Code  Lc  tasks.o [1]
prvCopyDataFromQueue    0x080323e9     0x30  Code  Lc  queue.o [1]
prvCopyDataToQueue      0x08032365     0x84  Code  Lc  queue.o [1]
prvDeleteTCB            0x08034d6b     0x12  Code  Lc  tasks.o [1]
prvGetNextExpireTime    0x0803c55f     0x2e  Code  Lc  timers.o [1]
prvHeapInit             0x0803cc61     0x6e  Code  Lc  heap_4.o [1]
prvIdleTask             0x08034b79     0x26  Code  Lc  tasks.o [1]
prvInitialiseTCBVariables
                        0x08034b9f     0x6a  Code  Lc  tasks.o [1]
prvInitialiseTaskLists  0x08034c09     0x56  Code  Lc  tasks.o [1]
prvInsertBlockIntoFreeList
                        0x0803cccf     0x62  Code  Lc  heap_4.o [1]
prvInsertTimerInActiveList
                        0x0803c5b5     0x50  Code  Lc  timers.o [1]
prvIsQueueEmpty         0x08032483     0x20  Code  Lc  queue.o [1]
prvIsQueueFull          0x080324a3     0x22  Code  Lc  queue.o [1]
prvProcessExpiredTimer  0x0803c477     0x5c  Code  Lc  timers.o [1]
prvProcessReceivedCommands
                        0x0803c605     0xde  Code  Lc  timers.o [1]
prvProcessTimerOrBlockTask
                        0x0803c4ef     0x70  Code  Lc  timers.o [1]
prvResetNextTaskUnblockTime
                        0x08034d7d     0x26  Code  Lc  tasks.o [1]
prvSampleTimeNow        0x0803c58d     0x28  Code  Lc  timers.o [1]
prvSwitchTimerLists     0x0803c6e3     0x90  Code  Lc  timers.o [1]
prvTaskExitError        0x0803c811     0x2a  Code  Lc  port.o [1]
prvTestWaitCondition    0x0803c31b     0x24  Code  Lc  event_groups.o [1]
prvTimerTask            0x0803c4d5     0x1a  Code  Lc  timers.o [1]
prvUnlockQueue          0x08032419     0x6a  Code  Lc  queue.o [1]
pub_topicString         0x2001ebe4      0xc  Data  Gb  pub0sub1.o [1]
put_fat                 0x080387e3    0x16c  Code  Gb  ff.o [1]
putchar                 0x08049285      0xc  Code  Gb  putchar.o [3]
pvPortMalloc            0x0803cad1    0x118  Code  Gb  heap_4.o [1]
pxCurrentTCB            0x2001ece0      0x4  Data  Gb  tasks.o [1]
pxCurrentTimerList      0x2001ed24      0x4  Data  Lc  timers.o [1]
pxDelayedTaskList       0x2001ece4      0x4  Data  Lc  tasks.o [1]
pxEnd                   0x2001ecb0      0x4  Data  Lc  heap_4.o [1]
pxOverflowDelayedTaskList
                        0x2001ece8      0x4  Data  Lc  tasks.o [1]
pxOverflowTimerList     0x2001ed28      0x4  Data  Lc  timers.o [1]
pxPortInitialiseStack   0x0803c7ed     0x24  Code  Gb  port.o [1]
pxReadyTasksLists       0x2001e12c    0x140  Data  Lc  tasks.o [1]
rc522_cmd_anticoll      0x0803a9d1     0x5a  Code  Gb  rc522.o [1]
rc522_cmd_request       0x0803a97d     0x54  Code  Gb  rc522.o [1]
readChar                0x08040e07     0x10  Code  Gb  MQTTPacket.o [1]
readDisk                0x2001ed69      0x1  Data  Gb  apptask.o [1]
readFilenum             0x2001ed6a      0x1  Data  Gb  apptask.o [1]
readInt                 0x08040deb     0x1c  Code  Gb  MQTTPacket.o [1]
readMQTTLenString       0x08040ebd     0x3c  Code  Gb  MQTTPacket.o [1]
readSlave               0x2001eb90      0xc  Data  Gb  apptask.o [1]
read_device_info        0x08035c9d    0x2f4  Code  Gb  para.o [1]
read_file_select        0x2001ebd8      0xc  Data  Gb  protocol.o [1]
read_from_disk          0x080362a5    0xd04  Code  Gb  para.o [1]
remove_chain            0x0803894f     0x76  Code  Lc  ff.o [1]
rfid_rev_buf            0x2001ea84     0x14  Data  Gb  rc522.o [1]
rfid_rev_cnt            0x2001ed82      0x1  Data  Gb  rc522.o [1]
rfid_rev_flag           0x2001ed81      0x1  Data  Gb  rc522.o [1]
rtc_time                0x2001ec00      0x8  Data  Gb  protocol.o [1]
s_TIM_CallBack1         0x2001ec94      0x4  Data  Lc  bsp_timer.o [1]
s_TIM_CallBack2         0x2001ec98      0x4  Data  Lc  bsp_timer.o [1]
s_TIM_CallBack3         0x2001ec9c      0x4  Data  Lc  bsp_timer.o [1]
s_TIM_CallBack4         0x2001eca0      0x4  Data  Lc  bsp_timer.o [1]
sample_time             0x2001ed44      0x2  Data  Gb  apptask.o [1]
sdew_weimi_page1        0x08033339    0x28a  Code  Gb  bsp_sdwe050c17.o [1]
sdew_weimi_page2        0x080335d5    0x1e6  Code  Gb  bsp_sdwe050c17.o [1]
sdew_weisha_page1       0x080337bb    0x100  Code  Gb  bsp_sdwe050c17.o [1]
sdew_weisha_page2       0x080338c5    0x100  Code  Gb  bsp_sdwe050c17.o [1]
servo_diff              0x2001ec74      0x4  Data  Gb  apptask.o [1]
servo_per_wei_src       0x2001ec70      0x4  Data  Gb  apptask.o [1]
servo_speed_diff        0x2001ec78      0x4  Data  Gb  apptask.o [1]
servomotor_guodu        0x2001ed75      0x1  Data  Gb  page_weimi.o [1]
servomotor_mode         0x2001ed76      0x1  Data  Gb  page_weimi.o [1]
slave_info              0x2001eb84      0xc  Data  Gb  apptask.o [1]
snprintf                0x08040955     0x44  Code  Gb  snprintf.o [3]
speed_diff              0x2001eba8      0xc  Data  Gb  apptask.o [1]
speed_zhu               0x2001ed56      0x2  Data  Gb  page_weimi.o [1]
speed_zhu1              0x2001ed58      0x2  Data  Gb  page_weimi.o [1]
sprintf                 0x0803a739     0x34  Code  Gb  sprintf.o [3]
sscanf                  0x0803eb55     0x24  Code  Gb  sscanf.o [3]
st_clust                0x08038d19     0x18  Code  Lc  ff.o [1]
stepmotor_guodu         0x2001ecc4      0x4  Data  Gb  page_weimi.o [1]
strcat                  0x0803a76d     0x1c  Code  Gb  strcat.o [3]
strchr                  0x08041695           Code  Gb  strchr.o [5]
strlen                  0x08035b39           Code  Gb  strlen.o [5]
strstr                  0x0803ae01     0x10  Code  Gb  para.o [1]
sum_sfn                 0x08038fed     0x20  Code  Lc  ff.o [1]
symbol                  0x2001ec6c      0x4  Data  Gb  apptask.o [1]
symbol_servo            0x2001ed6b      0x1  Data  Gb  apptask.o [1]
sync_fs                 0x080385d5     0xd8  Code  Lc  ff.o [1]
sync_window             0x0803853b     0x5a  Code  Lc  ff.o [1]
system_state_dis        0x08047e44    0x190  Data  Gb  product_cal.o [1]
toStop                  0x2001ecd8      0x4  Data  Gb  pub0sub1.o [1]
tolower                 0x08045a99     0x14  Code  Gb  tolower.o [3]
total_meter_gross       0x2001ecd0      0x4  Data  Gb  product_cal.o [1]
total_weight_gross      0x2001ecd4      0x4  Data  Gb  product_cal.o [1]
transport_close         0x08040cf1     0x12  Code  Gb  transport.o [1]
transport_getdata       0x08040cdd     0x14  Code  Gb  transport.o [1]
transport_sendPacketBuffer
                        0x08040ca1     0x3c  Code  Gb  transport.o [1]
ucHeap                  0x20000234  0x10400  Data  Lc  heap_4.o [1]
ucMaxSysCallPriority    0x2001ed7b      0x1  Data  Lc  port.o [1]
ulHighFrequencyTimerTicks
                        0x2001ecdc      0x4  Data  Gb  SysInfoTest.o [1]
ulMaxPRIGROUPValue      0x2001eccc      0x4  Data  Lc  port.o [1]
ulTaskSwitchedInTime    0x2001ed18      0x4  Data  Lc  tasks.o [1]
ulTotalRunTime          0x2001ed1c      0x4  Data  Lc  tasks.o [1]
uni2oem                 0x08000188  0x15484  Data  Lc  cc936.o [1]
usb_disk_flag           0x2001ed63      0x1  Data  Gb  apptask.o [1]
usbh_OpenMassStorage    0x0803799d     0x14  Code  Gb  usbh_usr.o [1]
uxCriticalNesting       0x2000021c      0x4  Data  Lc  port.o [1]
uxCurrentNumberOfTasks  0x2001ecf0      0x4  Data  Lc  tasks.o [1]
uxListRemove            0x0803caa9     0x28  Code  Gb  list.o [1]
uxPendedTicks           0x2001ed00      0x4  Data  Lc  tasks.o [1]
uxSchedulerSuspended    0x2001ed14      0x4  Data  Lc  tasks.o [1]
uxTaskNumber            0x2001ed0c      0x4  Data  Lc  tasks.o [1]
uxTaskResetEventItemValue
                        0x08034ddd     0x20  Code  Gb  tasks.o [1]
uxTasksDeleted          0x2001ecec      0x4  Data  Lc  tasks.o [1]
uxTopReadyPriority      0x2001ecf8      0x4  Data  Lc  tasks.o [1]
vAnalysisUartData       0x0803103d     0xca  Code  Gb  apptask.o [1]
vEsp8266_Main_Task      0x08030cc9    0x226  Code  Gb  apptask.o [1]
vListInitialise         0x0803ca39     0x1e  Code  Gb  list.o [1]
vListInsert             0x0803ca6f     0x3a  Code  Gb  list.o [1]
vListInsertEnd          0x0803ca57     0x18  Code  Gb  list.o [1]
vMQTT_Handler_Task      0x08030f01    0x138  Code  Gb  apptask.o [1]
vMQTT_Recive_Task       0x08031107     0x7e  Code  Gb  apptask.o [1]
vMQTT_Tranmit_Task      0x08031189     0xd0  Code  Gb  apptask.o [1]
vPortEnableVFP          0x080413b1           Code  Gb  portasm.o [1]
vPortEnterCritical      0x0803c907     0x3a  Code  Gb  port.o [1]
vPortExitCritical       0x0803c941     0x32  Code  Gb  port.o [1]
vPortFree               0x0803cbe9     0x78  Code  Gb  heap_4.o [1]
vPortSetupTimerInterrupt
                        0x0803c99f      0xe  Code  Wk  port.o [1]
vPortStartFirstTask     0x08041399           Code  Gb  portasm.o [1]
vPortValidateInterruptPriority
                        0x0803c9ad     0x4e  Code  Gb  port.o [1]
vQueueWaitForMessageRestricted
                        0x080324c5     0x44  Code  Gb  queue.o [1]
vTaskDelay              0x080343d5     0x84  Code  Gb  tasks.o [1]
vTaskDelayUntil         0x080342f5     0xe0  Code  Gb  tasks.o [1]
vTaskFreq               0x0803069d    0x61e  Code  Lc  apptask.o [1]
vTaskManageCapacity     0x0802efa1    0x526  Code  Gb  apptask.o [1]
vTaskMassStorage        0x0802dc69    0x5ae  Code  Lc  apptask.o [1]
vTaskMissedYield        0x08034b6f      0xa  Code  Gb  tasks.o [1]
vTaskMotorControl       0x0802f581   0x1102  Code  Lc  apptask.o [1]
vTaskMsgPro             0x0802e771    0x434  Code  Lc  apptask.o [1]
vTaskPlaceOnEventList   0x080347d5     0x74  Code  Gb  tasks.o [1]
vTaskPlaceOnEventListRestricted
                        0x0803490d     0x80  Code  Gb  tasks.o [1]
vTaskPlaceOnUnorderedEventList
                        0x08034865     0xa8  Code  Gb  tasks.o [1]
vTaskReadDisk           0x0802ece1    0x272  Code  Lc  apptask.o [1]
vTaskRev485             0x0802ebc9     0xd6  Code  Lc  apptask.o [1]
vTaskSetTimeOutState    0x08034ab9     0x26  Code  Gb  tasks.o [1]
vTaskStartScheduler     0x08034459     0x7e  Code  Gb  tasks.o [1]
vTaskSuspendAll         0x080344d7     0x10  Code  Gb  tasks.o [1]
vTaskSwitchContext      0x08034725     0xb0  Code  Gb  tasks.o [1]
vTaskTaskADC            0x0802e23d     0x8e  Code  Lc  apptask.o [1]
vTaskTaskLCD            0x0802aa91   0x319c  Code  Gb  apptask.o [1]
vTaskTaskLED            0x0802e21d     0x20  Code  Lc  apptask.o [1]
vTaskTaskRFID           0x0802e2fd    0x3fc  Code  Lc  apptask.o [1]
valid_seg               0x2001ecc8      0x4  Data  Gb  page_weimi.o [1]
validate                0x08039d93     0x36  Code  Lc  ff.o [1]
weimi_para              0x2001e26c    0x12c  Data  Gb  page_weimi.o [1]
wifi_flag               0x2001ed72      0x1  Data  Gb  esp8266_handler.o [1]
work_idle_time          0x2001ed5a      0x2  Data  Gb  product_cal.o [1]
writeCString            0x08040e4d     0x2a  Code  Gb  MQTTPacket.o [1]
writeChar               0x08040e17      0xc  Code  Gb  MQTTPacket.o [1]
writeInt                0x08040e23     0x2a  Code  Gb  MQTTPacket.o [1]
writeMQTTString         0x08040e77     0x46  Code  Gb  MQTTPacket.o [1]
xActiveTimerList1       0x2001eafc     0x14  Data  Lc  timers.o [1]
xActiveTimerList2       0x2001eb10     0x14  Data  Lc  timers.o [1]
xBlockAllocatedBit      0x2001ecbc      0x4  Data  Lc  heap_4.o [1]
xDelayedTaskList1       0x2001ea98     0x14  Data  Lc  tasks.o [1]
xDelayedTaskList2       0x2001eaac     0x14  Data  Lc  tasks.o [1]
xEventGroupCreate       0x0803c0dd     0x1c  Code  Gb  event_groups.o [1]
xEventGroupSetBits      0x0803c245     0xd6  Code  Gb  event_groups.o [1]
xEventGroupWaitBits     0x0803c0f9    0x146  Code  Gb  event_groups.o [1]
xFreeBytesRemaining     0x2001ecb4      0x4  Data  Lc  heap_4.o [1]
xHandleTaskADC          0x2001ec14      0x4  Data  Gb  apptask.o [1]
xHandleTaskFreq         0x2001ec38      0x4  Data  Gb  apptask.o [1]
xHandleTaskLCD          0x2001ec10      0x4  Data  Gb  apptask.o [1]
xHandleTaskLED          0x2001ec18      0x4  Data  Gb  apptask.o [1]
xHandleTaskManageCapacity
                        0x2001ec30      0x4  Data  Gb  apptask.o [1]
xHandleTaskMassStorage  0x2001ec20      0x4  Data  Gb  apptask.o [1]
xHandleTaskMotorControl
                        0x2001ec34      0x4  Data  Gb  apptask.o [1]
xHandleTaskMsgPro       0x2001ec28      0x4  Data  Gb  apptask.o [1]
xHandleTaskRFID         0x2001ec1c      0x4  Data  Gb  apptask.o [1]
xHandleTaskReadDisk     0x2001ec24      0x4  Data  Gb  apptask.o [1]
xHandleTaskRev485       0x2001ec2c      0x4  Data  Gb  apptask.o [1]
xHeapStructSize         0x08049b7c      0x4  Data  Lc  heap_4.o [1]
xMinimumEverFreeBytesRemaining
                        0x2001ecb8      0x4  Data  Lc  heap_4.o [1]
xNextTaskUnblockTime    0x2001ed10      0x4  Data  Lc  tasks.o [1]
xNumOfOverflows         0x2001ed08      0x4  Data  Lc  tasks.o [1]
xPendingReadyList       0x2001eac0     0x14  Data  Lc  tasks.o [1]
xPortStartScheduler     0x0803c83b     0xcc  Code  Gb  port.o [1]
xQueueGenericCreate     0x08031dd1     0x7e  Code  Gb  queue.o [1]
xQueueGenericReceive    0x080321c5    0x19c  Code  Gb  queue.o [1]
xQueueGenericReset      0x08031d41     0x90  Code  Gb  queue.o [1]
xQueueGenericSend       0x08031e4f    0x1b2  Code  Gb  queue.o [1]
xQueueGenericSendFromISR
                        0x08032001     0xec  Code  Gb  queue.o [1]
xQueueGiveFromISR       0x080320ed     0xd8  Code  Gb  queue.o [1]
xQueue_MQTT_Recv        0x2001ec5c      0x4  Data  Gb  apptask.o [1]
xQueue_MQTT_Transmit    0x2001ec60      0x4  Data  Gb  apptask.o [1]
xQueue_esp8266_Cmd      0x2001ec64      0x4  Data  Gb  apptask.o [1]
xQueue_message          0x2001ec68      0x4  Data  Gb  apptask.o [1]
xSchedulerRunning       0x2001ecfc      0x4  Data  Lc  tasks.o [1]
xSemaphore_download     0x2001ec4c      0x4  Data  Gb  apptask.o [1]
xSemaphore_encoder      0x2001ec48      0x4  Data  Gb  apptask.o [1]
xSemaphore_lcd          0x2001ec3c      0x4  Data  Gb  apptask.o [1]
xSemaphore_pluse        0x2001ec44      0x4  Data  Gb  apptask.o [1]
xSemaphore_readDisk     0x2001ec50      0x4  Data  Gb  apptask.o [1]
xSemaphore_rs485        0x2001ec40      0x4  Data  Gb  apptask.o [1]
xStart                  0x2001ebf0      0x8  Data  Lc  heap_4.o [1]
xSuspendedTaskList      0x2001eae8     0x14  Data  Lc  tasks.o [1]
xTaskCheckForTimeOut    0x08034ae5     0x8a  Code  Gb  tasks.o [1]
xTaskGenericCreate      0x08034171    0x184  Code  Gb  tasks.o [1]
xTaskGetSchedulerState  0x08034da3     0x26  Code  Gb  tasks.o [1]
xTaskGetTickCount       0x080345e7      0xa  Code  Gb  tasks.o [1]
xTaskIncrementTick      0x080345f1    0x134  Code  Gb  tasks.o [1]
xTaskRemoveFromEventList
                        0x08034991     0x8e  Code  Gb  tasks.o [1]
xTaskRemoveFromUnorderedEventList
                        0x08034a25     0x94  Code  Gb  tasks.o [1]
xTaskResumeAll          0x080344e7    0x100  Code  Gb  tasks.o [1]
xTasksWaitingTermination
                        0x2001ead4     0x14  Data  Lc  tasks.o [1]
xTickCount              0x2001ecf4      0x4  Data  Lc  tasks.o [1]
xTimerCreate            0x0803c391     0x62  Code  Gb  timers.o [1]
xTimerCreateTimerTask   0x0803c341     0x50  Code  Gb  timers.o [1]
xTimerGenericCommand    0x0803c3f3     0x84  Code  Gb  timers.o [1]
xTimerQueue             0x2001ed2c      0x4  Data  Lc  timers.o [1]
xTimerUser              0x2001ec58      0x4  Data  Gb  apptask.o [1]
xYieldPending           0x2001ed04      0x4  Data  Lc  tasks.o [1]


[1] = E:\work\YarnControl_Driver\src\stm32f4_rtos\Project\EWARMv7\Flash\Obj
[2] = command line
[3] = dl7M_tlf.a
[4] = m7M_tls.a
[5] = rt7M_tl.a
[6] = shb_l.a

  118 582 bytes of readonly  code memory
  183 974 bytes of readonly  data memory
  128 904 bytes of readwrite data memory (+ 1 044 480 absolute)

Errors: none
Warnings: none
