###############################################################################
#
# IAR ELF Linker V7.40.7.9843/W32 for ARM                 26/Feb/2019  23:45:22
# Copyright 2007-2015 IAR Systems AB.
#
#    Output file  =  
#        E:\WORK\YarnControl_Driver\YarnControl_Driver\src\stm32f4_rtos\Project\EWARMv7\Flash\Exe\project.out
#    Map file     =  
#        E:\WORK\YarnControl_Driver\YarnControl_Driver\src\stm32f4_rtos\Project\EWARMv7\Flash\List\project.map
#    Command line =  
#        E:\WORK\YarnControl_Driver\YarnControl_Driver\src\stm32f4_rtos\Project\EWARMv7\Flash\Obj\apptask.o
#        E:\WORK\YarnControl_Driver\YarnControl_Driver\src\stm32f4_rtos\Project\EWARMv7\Flash\Obj\bsp.o
#        E:\WORK\YarnControl_Driver\YarnControl_Driver\src\stm32f4_rtos\Project\EWARMv7\Flash\Obj\bsp_closeSW.o
#        E:\WORK\YarnControl_Driver\YarnControl_Driver\src\stm32f4_rtos\Project\EWARMv7\Flash\Obj\bsp_dwt.o
#        E:\WORK\YarnControl_Driver\YarnControl_Driver\src\stm32f4_rtos\Project\EWARMv7\Flash\Obj\bsp_led.o
#        E:\WORK\YarnControl_Driver\YarnControl_Driver\src\stm32f4_rtos\Project\EWARMv7\Flash\Obj\bsp_relay.o
#        E:\WORK\YarnControl_Driver\YarnControl_Driver\src\stm32f4_rtos\Project\EWARMv7\Flash\Obj\bsp_sdio_sd.o
#        E:\WORK\YarnControl_Driver\YarnControl_Driver\src\stm32f4_rtos\Project\EWARMv7\Flash\Obj\bsp_sdwe050c17.o
#        E:\WORK\YarnControl_Driver\YarnControl_Driver\src\stm32f4_rtos\Project\EWARMv7\Flash\Obj\bsp_servomotor.o
#        E:\WORK\YarnControl_Driver\YarnControl_Driver\src\stm32f4_rtos\Project\EWARMv7\Flash\Obj\bsp_spi.o
#        E:\WORK\YarnControl_Driver\YarnControl_Driver\src\stm32f4_rtos\Project\EWARMv7\Flash\Obj\bsp_stepmotor.o
#        E:\WORK\YarnControl_Driver\YarnControl_Driver\src\stm32f4_rtos\Project\EWARMv7\Flash\Obj\bsp_sw_onoff.o
#        E:\WORK\YarnControl_Driver\YarnControl_Driver\src\stm32f4_rtos\Project\EWARMv7\Flash\Obj\bsp_tim_pwm.o
#        E:\WORK\YarnControl_Driver\YarnControl_Driver\src\stm32f4_rtos\Project\EWARMv7\Flash\Obj\bsp_timer.o
#        E:\WORK\YarnControl_Driver\YarnControl_Driver\src\stm32f4_rtos\Project\EWARMv7\Flash\Obj\bsp_uart_fifo.o
#        E:\WORK\YarnControl_Driver\YarnControl_Driver\src\stm32f4_rtos\Project\EWARMv7\Flash\Obj\bsp_w25qxx.o
#        E:\WORK\YarnControl_Driver\YarnControl_Driver\src\stm32f4_rtos\Project\EWARMv7\Flash\Obj\bsp_watchdog.o
#        E:\WORK\YarnControl_Driver\YarnControl_Driver\src\stm32f4_rtos\Project\EWARMv7\Flash\Obj\cc936.o
#        E:\WORK\YarnControl_Driver\YarnControl_Driver\src\stm32f4_rtos\Project\EWARMv7\Flash\Obj\croutine.o
#        E:\WORK\YarnControl_Driver\YarnControl_Driver\src\stm32f4_rtos\Project\EWARMv7\Flash\Obj\demo_fatfs.o
#        E:\WORK\YarnControl_Driver\YarnControl_Driver\src\stm32f4_rtos\Project\EWARMv7\Flash\Obj\diskio.o
#        E:\WORK\YarnControl_Driver\YarnControl_Driver\src\stm32f4_rtos\Project\EWARMv7\Flash\Obj\encoder_tim.o
#        E:\WORK\YarnControl_Driver\YarnControl_Driver\src\stm32f4_rtos\Project\EWARMv7\Flash\Obj\event_groups.o
#        E:\WORK\YarnControl_Driver\YarnControl_Driver\src\stm32f4_rtos\Project\EWARMv7\Flash\Obj\ff.o
#        E:\WORK\YarnControl_Driver\YarnControl_Driver\src\stm32f4_rtos\Project\EWARMv7\Flash\Obj\heap_4.o
#        E:\WORK\YarnControl_Driver\YarnControl_Driver\src\stm32f4_rtos\Project\EWARMv7\Flash\Obj\list.o
#        E:\WORK\YarnControl_Driver\YarnControl_Driver\src\stm32f4_rtos\Project\EWARMv7\Flash\Obj\main.o
#        E:\WORK\YarnControl_Driver\YarnControl_Driver\src\stm32f4_rtos\Project\EWARMv7\Flash\Obj\malloc.o
#        E:\WORK\YarnControl_Driver\YarnControl_Driver\src\stm32f4_rtos\Project\EWARMv7\Flash\Obj\mcheck.o
#        E:\WORK\YarnControl_Driver\YarnControl_Driver\src\stm32f4_rtos\Project\EWARMv7\Flash\Obj\misc.o
#        E:\WORK\YarnControl_Driver\YarnControl_Driver\src\stm32f4_rtos\Project\EWARMv7\Flash\Obj\modbus.o
#        E:\WORK\YarnControl_Driver\YarnControl_Driver\src\stm32f4_rtos\Project\EWARMv7\Flash\Obj\page_weimi.o
#        E:\WORK\YarnControl_Driver\YarnControl_Driver\src\stm32f4_rtos\Project\EWARMv7\Flash\Obj\para.o
#        E:\WORK\YarnControl_Driver\YarnControl_Driver\src\stm32f4_rtos\Project\EWARMv7\Flash\Obj\port.o
#        E:\WORK\YarnControl_Driver\YarnControl_Driver\src\stm32f4_rtos\Project\EWARMv7\Flash\Obj\portasm.o
#        E:\WORK\YarnControl_Driver\YarnControl_Driver\src\stm32f4_rtos\Project\EWARMv7\Flash\Obj\product_cal.o
#        E:\WORK\YarnControl_Driver\YarnControl_Driver\src\stm32f4_rtos\Project\EWARMv7\Flash\Obj\protocol.o
#        E:\WORK\YarnControl_Driver\YarnControl_Driver\src\stm32f4_rtos\Project\EWARMv7\Flash\Obj\queue.o
#        E:\WORK\YarnControl_Driver\YarnControl_Driver\src\stm32f4_rtos\Project\EWARMv7\Flash\Obj\rc522.o
#        E:\WORK\YarnControl_Driver\YarnControl_Driver\src\stm32f4_rtos\Project\EWARMv7\Flash\Obj\startup_stm32f40_41xxx.o
#        E:\WORK\YarnControl_Driver\YarnControl_Driver\src\stm32f4_rtos\Project\EWARMv7\Flash\Obj\stm32f4xx_adc.o
#        E:\WORK\YarnControl_Driver\YarnControl_Driver\src\stm32f4_rtos\Project\EWARMv7\Flash\Obj\stm32f4xx_assert.o
#        E:\WORK\YarnControl_Driver\YarnControl_Driver\src\stm32f4_rtos\Project\EWARMv7\Flash\Obj\stm32f4xx_can.o
#        E:\WORK\YarnControl_Driver\YarnControl_Driver\src\stm32f4_rtos\Project\EWARMv7\Flash\Obj\stm32f4xx_crc.o
#        E:\WORK\YarnControl_Driver\YarnControl_Driver\src\stm32f4_rtos\Project\EWARMv7\Flash\Obj\stm32f4xx_cryp.o
#        E:\WORK\YarnControl_Driver\YarnControl_Driver\src\stm32f4_rtos\Project\EWARMv7\Flash\Obj\stm32f4xx_cryp_aes.o
#        E:\WORK\YarnControl_Driver\YarnControl_Driver\src\stm32f4_rtos\Project\EWARMv7\Flash\Obj\stm32f4xx_cryp_des.o
#        E:\WORK\YarnControl_Driver\YarnControl_Driver\src\stm32f4_rtos\Project\EWARMv7\Flash\Obj\stm32f4xx_cryp_tdes.o
#        E:\WORK\YarnControl_Driver\YarnControl_Driver\src\stm32f4_rtos\Project\EWARMv7\Flash\Obj\stm32f4xx_dac.o
#        E:\WORK\YarnControl_Driver\YarnControl_Driver\src\stm32f4_rtos\Project\EWARMv7\Flash\Obj\stm32f4xx_dbgmcu.o
#        E:\WORK\YarnControl_Driver\YarnControl_Driver\src\stm32f4_rtos\Project\EWARMv7\Flash\Obj\stm32f4xx_dcmi.o
#        E:\WORK\YarnControl_Driver\YarnControl_Driver\src\stm32f4_rtos\Project\EWARMv7\Flash\Obj\stm32f4xx_dma.o
#        E:\WORK\YarnControl_Driver\YarnControl_Driver\src\stm32f4_rtos\Project\EWARMv7\Flash\Obj\stm32f4xx_dma2d.o
#        E:\WORK\YarnControl_Driver\YarnControl_Driver\src\stm32f4_rtos\Project\EWARMv7\Flash\Obj\stm32f4xx_exti.o
#        E:\WORK\YarnControl_Driver\YarnControl_Driver\src\stm32f4_rtos\Project\EWARMv7\Flash\Obj\stm32f4xx_flash.o
#        E:\WORK\YarnControl_Driver\YarnControl_Driver\src\stm32f4_rtos\Project\EWARMv7\Flash\Obj\stm32f4xx_fsmc.o
#        E:\WORK\YarnControl_Driver\YarnControl_Driver\src\stm32f4_rtos\Project\EWARMv7\Flash\Obj\stm32f4xx_gpio.o
#        E:\WORK\YarnControl_Driver\YarnControl_Driver\src\stm32f4_rtos\Project\EWARMv7\Flash\Obj\stm32f4xx_hash.o
#        E:\WORK\YarnControl_Driver\YarnControl_Driver\src\stm32f4_rtos\Project\EWARMv7\Flash\Obj\stm32f4xx_hash_md5.o
#        E:\WORK\YarnControl_Driver\YarnControl_Driver\src\stm32f4_rtos\Project\EWARMv7\Flash\Obj\stm32f4xx_hash_sha1.o
#        E:\WORK\YarnControl_Driver\YarnControl_Driver\src\stm32f4_rtos\Project\EWARMv7\Flash\Obj\stm32f4xx_i2c.o
#        E:\WORK\YarnControl_Driver\YarnControl_Driver\src\stm32f4_rtos\Project\EWARMv7\Flash\Obj\stm32f4xx_it.o
#        E:\WORK\YarnControl_Driver\YarnControl_Driver\src\stm32f4_rtos\Project\EWARMv7\Flash\Obj\stm32f4xx_iwdg.o
#        E:\WORK\YarnControl_Driver\YarnControl_Driver\src\stm32f4_rtos\Project\EWARMv7\Flash\Obj\stm32f4xx_ltdc.o
#        E:\WORK\YarnControl_Driver\YarnControl_Driver\src\stm32f4_rtos\Project\EWARMv7\Flash\Obj\stm32f4xx_pwr.o
#        E:\WORK\YarnControl_Driver\YarnControl_Driver\src\stm32f4_rtos\Project\EWARMv7\Flash\Obj\stm32f4xx_rcc.o
#        E:\WORK\YarnControl_Driver\YarnControl_Driver\src\stm32f4_rtos\Project\EWARMv7\Flash\Obj\stm32f4xx_rng.o
#        E:\WORK\YarnControl_Driver\YarnControl_Driver\src\stm32f4_rtos\Project\EWARMv7\Flash\Obj\stm32f4xx_rtc.o
#        E:\WORK\YarnControl_Driver\YarnControl_Driver\src\stm32f4_rtos\Project\EWARMv7\Flash\Obj\stm32f4xx_sai.o
#        E:\WORK\YarnControl_Driver\YarnControl_Driver\src\stm32f4_rtos\Project\EWARMv7\Flash\Obj\stm32f4xx_sdio.o
#        E:\WORK\YarnControl_Driver\YarnControl_Driver\src\stm32f4_rtos\Project\EWARMv7\Flash\Obj\stm32f4xx_spi.o
#        E:\WORK\YarnControl_Driver\YarnControl_Driver\src\stm32f4_rtos\Project\EWARMv7\Flash\Obj\stm32f4xx_syscfg.o
#        E:\WORK\YarnControl_Driver\YarnControl_Driver\src\stm32f4_rtos\Project\EWARMv7\Flash\Obj\stm32f4xx_tim.o
#        E:\WORK\YarnControl_Driver\YarnControl_Driver\src\stm32f4_rtos\Project\EWARMv7\Flash\Obj\stm32f4xx_usart.o
#        E:\WORK\YarnControl_Driver\YarnControl_Driver\src\stm32f4_rtos\Project\EWARMv7\Flash\Obj\stm32f4xx_wwdg.o
#        E:\WORK\YarnControl_Driver\YarnControl_Driver\src\stm32f4_rtos\Project\EWARMv7\Flash\Obj\SysInfoTest.o
#        E:\WORK\YarnControl_Driver\YarnControl_Driver\src\stm32f4_rtos\Project\EWARMv7\Flash\Obj\system_stm32f4xx.o
#        E:\WORK\YarnControl_Driver\YarnControl_Driver\src\stm32f4_rtos\Project\EWARMv7\Flash\Obj\tasks.o
#        E:\WORK\YarnControl_Driver\YarnControl_Driver\src\stm32f4_rtos\Project\EWARMv7\Flash\Obj\timers.o
#        E:\WORK\YarnControl_Driver\YarnControl_Driver\src\stm32f4_rtos\Project\EWARMv7\Flash\Obj\usb_bsp.o
#        E:\WORK\YarnControl_Driver\YarnControl_Driver\src\stm32f4_rtos\Project\EWARMv7\Flash\Obj\usb_core.o
#        E:\WORK\YarnControl_Driver\YarnControl_Driver\src\stm32f4_rtos\Project\EWARMv7\Flash\Obj\usb_hcd.o
#        E:\WORK\YarnControl_Driver\YarnControl_Driver\src\stm32f4_rtos\Project\EWARMv7\Flash\Obj\usb_hcd_int.o
#        E:\WORK\YarnControl_Driver\YarnControl_Driver\src\stm32f4_rtos\Project\EWARMv7\Flash\Obj\usbh_core.o
#        E:\WORK\YarnControl_Driver\YarnControl_Driver\src\stm32f4_rtos\Project\EWARMv7\Flash\Obj\usbh_hcs.o
#        E:\WORK\YarnControl_Driver\YarnControl_Driver\src\stm32f4_rtos\Project\EWARMv7\Flash\Obj\usbh_ioreq.o
#        E:\WORK\YarnControl_Driver\YarnControl_Driver\src\stm32f4_rtos\Project\EWARMv7\Flash\Obj\usbh_it.o
#        E:\WORK\YarnControl_Driver\YarnControl_Driver\src\stm32f4_rtos\Project\EWARMv7\Flash\Obj\usbh_msc_bot.o
#        E:\WORK\YarnControl_Driver\YarnControl_Driver\src\stm32f4_rtos\Project\EWARMv7\Flash\Obj\usbh_msc_core.o
#        E:\WORK\YarnControl_Driver\YarnControl_Driver\src\stm32f4_rtos\Project\EWARMv7\Flash\Obj\usbh_msc_scsi.o
#        E:\WORK\YarnControl_Driver\YarnControl_Driver\src\stm32f4_rtos\Project\EWARMv7\Flash\Obj\usbh_stdreq.o
#        E:\WORK\YarnControl_Driver\YarnControl_Driver\src\stm32f4_rtos\Project\EWARMv7\Flash\Obj\usbh_usr.o
#        -o
#        E:\WORK\YarnControl_Driver\YarnControl_Driver\src\stm32f4_rtos\Project\EWARMv7\Flash\Exe\project.out
#        --map
#        E:\WORK\YarnControl_Driver\YarnControl_Driver\src\stm32f4_rtos\Project\EWARMv7\Flash\List\project.map
#        --config
#        E:\WORK\YarnControl_Driver\YarnControl_Driver\src\stm32f4_rtos\Project\EWARMv7\stm32f4xx_flash.icf
#        --semihosting --entry __iar_program_start --inline --vfe
#
###############################################################################

*******************************************************************************
*** RUNTIME MODEL ATTRIBUTES
***

CppFlavor       = *
__SystemLibrary = DLib


*******************************************************************************
*** PLACEMENT SUMMARY
***

"A1":  place at 0x08000000 { ro section .intvec };
"P1":  place in [from 0x08000000 to 0x080fffff] { ro };
"P2":  place in [from 0x20000000 to 0x2001ffff] { rw, block CSTACK, block HEAP };

  Section             Kind        Address     Size  Object
  -------             ----        -------     ----  ------
"A1":                                        0x188
  .intvec             ro code  0x08000000    0x188  startup_stm32f40_41xxx.o [1]
                             - 0x08000188    0x188

"P1":                                      0x45979
  .rodata             const    0x08000188  0x15484  cc936.o [1]
  .rodata             const    0x0801560c  0x15484  cc936.o [1]
  .text               ro code  0x0802aa90   0x5380  apptask.o [1]
  .text               ro code  0x0802fe10    0xc00  tasks.o [1]
  .text               ro code  0x08030a10    0x7c8  queue.o [1]
  .text               ro code  0x080311d8   0x155c  bsp_sdwe050c17.o [1]
  .text               ro code  0x08032734    0x524  product_cal.o [1]
  .text               ro code  0x08032c58     0x66  ABImemset.o [5]
  .text               ro code  0x08032cbe     0x1e  xsscin.o [3]
  .text               ro code  0x08032cdc    0x380  bsp_w25qxx.o [1]
  .text               ro code  0x0803305c     0x4e  FltToDbl.o [4]
  .text               ro code  0x080330aa      0xa  xsprout.o [3]
  .text               ro code  0x080330b4     0x24  printf.o [3]
  .text               ro code  0x080330d8     0x76  ABImemcpy_unaligned.o [5]
  .text               ro code  0x08033150     0x42  strcmp_unaligned.o [5]
  .text               ro code  0x08033194    0x21c  malloc.o [1]
  .text               ro code  0x080333b0     0x30  I32ToDbl.o [4]
  .text               ro code  0x080333e0    0x256  DblDiv.o [4]
  .text               ro code  0x08033638     0xe8  DblAdd.o [4]
  .text               ro code  0x08033720    0x1a2  DblMul.o [4]
  .text               ro code  0x080338c4     0x58  DblToI32.o [4]
  .text               ro code  0x0803391c     0x90  DblToFlt.o [4]
  .text               ro code  0x080339ac     0x36  strlen.o [5]
  .text               ro code  0x080339e4    0x234  page_weimi.o [1]
  .text               ro code  0x08033c18     0x62  memcmp_unaligned.o [5]
  .text               ro code  0x08033c7c    0x48c  bsp_servomotor.o [1]
  .text               ro code  0x08034108    0x1a2  usbh_usr.o [1]
  .text               ro code  0x080342ac    0x760  usbh_core.o [1]
  .text               ro code  0x08034a0c   0x2498  ff.o [1]
  .text               ro code  0x08036ea4     0x34  sprintf.o [3]
  .text               ro code  0x08036ed8     0x1c  strcat.o [3]
  .text               ro code  0x08036ef4     0xc0  bsp_led.o [1]
  .text               ro code  0x08036fb4     0xae  rc522.o [1]
  .text               ro code  0x08037064    0x354  modbus.o [1]
  .text               ro code  0x080373b8     0x68  bsp_sw_onoff.o [1]
  .text               ro code  0x08037420     0x44  protocol.o [1]
  .text               ro code  0x08037464     0x10  para.o [1]
  .text               ro code  0x08037474   0x10d2  para.o [1]
  .text               ro code  0x08038548    0x12c  stm32f4xx_gpio.o [1]
  .text               ro code  0x08038674    0x6e4  stm32f4xx_tim.o [1]
  .text               ro code  0x08038d58    0x26c  bsp_stepmotor.o [1]
  .text               ro code  0x08038fc4    0x2a0  encoder_tim.o [1]
  .text               ro code  0x08039264    0x262  event_groups.o [1]
  .text               ro code  0x080394c8    0x4a4  timers.o [1]
  .text               ro code  0x0803996c      0x8  bsp_watchdog.o [1]
  .text               ro code  0x08039974    0x24c  port.o [1]
  .text               ro code  0x08039bc0     0x98  list.o [1]
  .text               ro code  0x08039c58    0x280  heap_4.o [1]
  .text               ro code  0x08039ed8    0x1e8  stm32f4xx_rcc.o [1]
  .text               ro code  0x0803a0c0    0x9e4  bsp_uart_fifo.o [1]
  .text               ro code  0x0803aaa4    0x204  bsp_timer.o [1]
  .text               ro code  0x0803aca8    0x124  bsp_spi.o [1]
  .text               ro code  0x0803adcc    0xd96  xprintffull_nomb.o [3]
  .text               ro code  0x0803bb64    0x180  DblSub.o [4]
  .text               ro code  0x0803bce4    0x31c  stm32f4xx_dma.o [1]
  .text               ro code  0x0803c000     0x88  misc.o [1]
  .text               ro code  0x0803c088    0x14c  usb_bsp.o [1]
  .text               ro code  0x0803c1d4     0xd6  usb_hcd.o [1]
  .text               ro code  0x0803c2aa    0x1ba  usbh_hcs.o [1]
  .text               ro code  0x0803c464    0x436  usbh_stdreq.o [1]
  .text               ro code  0x0803c89a    0x246  usbh_ioreq.o [1]
  .text               ro code  0x0803cae0    0x2e4  diskio.o [1]
  .text               ro code  0x0803cdc4     0xf4  cc936.o [1]
  .text               ro code  0x0803ceb8     0xb8  mcheck.o [1]
  .text               ro code  0x0803cf70     0x2c  strstr.o [3]
  .text               ro code  0x0803cf9c     0x44  strcpy_unaligned.o [5]
  .text               ro code  0x0803cfe0     0x24  sscanf.o [3]
  .text               ro code  0x0803d004    0x132  I64DivMod.o [5]
  .text               ro code  0x0803d138     0x10  stm32f4xx_iwdg.o [1]
  CODE                ro code  0x0803d148     0xa8  portasm.o [1]
  .text               ro code  0x0803d1f0    0x254  stm32f4xx_usart.o [1]
  .text               ro code  0x0803d444     0x74  stm32f4xx_spi.o [1]
  .text               ro code  0x0803d4b8     0x16  strchr.o [5]
  .text               ro code  0x0803d4d0     0x58  memchr.o [5]
  .text               ro code  0x0803d528     0x42  xdnorm.o [4]
  .text               ro code  0x0803d56c     0x2e  DblCmpLe.o [4]
  .text               ro code  0x0803d59c     0x2e  DblCmpGe.o [4]
  .text               ro code  0x0803d5cc    0x114  xdscale.o [4]
  .text               ro code  0x0803d6e0     0x6c  localeconv.o [3]
  .text               ro code  0x0803d74c      0xe  div.o [3]
  .text               ro code  0x0803d75c     0x74  bsp_dwt.o [1]
  .text               ro code  0x0803d7d0    0xa50  usb_core.o [1]
  .text               ro code  0x0803e220   0x1a58  bsp_sdio_sd.o [1]
  .text               ro code  0x0803fc78    0x618  usbh_msc_scsi.o [1]
  .text               ro code  0x08040290    0x554  usbh_msc_bot.o [1]
  .text               ro code  0x080407e4    0xb64  xscanffull_nomb.o [3]
  .text               ro code  0x08041348      0x2  I64DivZer.o [5]
  .text               ro code  0x0804134c    0x17c  stm32f4xx_sdio.o [1]
  .text               ro code  0x080414c8     0x28  isxxx.o [3]
  .text               ro code  0x080414f0     0xa4  xstoll.o [3]
  .text               ro code  0x08041594    0x1b0  xstoull.o [3]
  .text               ro code  0x08041744    0x168  xstold.o [4]
  .text               ro code  0x080418ac     0x18  setlocale.o [3]
  .text               ro code  0x080418c4     0x16  xlocale_c.o [3]
  .text               ro code  0x080418da     0x14  xlocale_c.o [3]
  .text               ro code  0x080418f0      0xc  errno.o [3]
  .text               ro code  0x080418fc     0x14  tolower.o [3]
  .text               ro code  0x08041910    0x124  xstopfx.o [3]
  .text               ro code  0x08041a34    0x1b8  xstoflt.o [3]
  .rodata             const    0x08041bec     0x2c  apptask.o [1]
  .text               ro code  0x08041c18    0x200  xdtento.o [4]
  .text               ro code  0x08041e18    0x218  xstoxflt.o [3]
  .text               ro code  0x08042030      0x2  xtls.o [3]
  .text               ro code  0x08042032      0xc  xlocale_c.o [3]
  .text               ro code  0x08042040     0x20  DblCmpEq.o [4]
  .text               ro code  0x08042060     0x52  xdunscal.o [4]
  .text               ro code  0x080420b4    0xc7e  usb_hcd_int.o [1]
  .rodata             const    0x08042d34    0x400  apptask.o [1]
  .text               ro code  0x08043134    0x3e8  usbh_msc_core.o [1]
  .rodata             const    0x0804351c    0x3dc  cc936.o [1]
  .rodata             const    0x080438f8    0x3dc  cc936.o [1]
  .text               ro code  0x08043cd4    0x2e0  bsp_tim_pwm.o [1]
  .rodata             const    0x08043fb4    0x190  product_cal.o [1]
  .text               ro code  0x08044144    0x154  system_stm32f4xx.o [1]
  .rodata             const    0x08044298    0x100  mcheck.o [1]
  .rodata             const    0x08044398    0x100  mcheck.o [1]
  .rodata             const    0x08044498    0x100  mcheck.o [1]
  .text               ro code  0x08044598     0xd4  bsp_closeSW.o [1]
  .text               ro code  0x0804466c     0x54  stm32f4xx_syscfg.o [1]
  .text               ro code  0x080446c0     0xc0  stm32f4xx_exti.o [1]
  .text               ro code  0x08044780     0xd0  packbits_init.o [5]
  .text               ro code  0x08044850      0x6  abort.o [3]
  .text               ro code  0x08044858     0x14  exit.o [6]
  .text               ro code  0x0804486c     0x4c  bsp.o [1]
  .text               ro code  0x080448b8     0x44  bsp_relay.o [1]
  .text               ro code  0x080448fc     0x40  zero_init3.o [5]
  .text               ro code  0x0804493c     0x3c  SysInfoTest.o [1]
  .rodata             const    0x08044978     0x38  demo_fatfs.o [1]
  .text               ro code  0x080449b0     0x38  stm32f4xx_it.o [1]
  .text               ro code  0x080449e8     0x34  main.o [1]
  .rodata             const    0x08044a1c     0x30  apptask.o [1]
  .rodata             const    0x08044a4c     0x30  apptask.o [1]
  .rodata             const    0x08044a7c     0x30  demo_fatfs.o [1]
  .rodata             const    0x08044aac     0x30  demo_fatfs.o [1]
  .rodata             const    0x08044adc     0x2c  demo_fatfs.o [1]
  .rodata             const    0x08044b08     0x2c  demo_fatfs.o [1]
  .rodata             const    0x08044b34     0x2c  stm32f4xx_it.o [1]
  .rodata             const    0x08044b60     0x28  demo_fatfs.o [1]
  .rodata             const    0x08044b88     0x28  demo_fatfs.o [1]
  .rodata             const    0x08044bb0     0x28  demo_fatfs.o [1]
  .text               ro code  0x08044bd8     0x28  data_init.o [5]
  .rodata             const    0x08044c00     0x24  demo_fatfs.o [1]
  .rodata             const    0x08044c24     0x24  demo_fatfs.o [1]
  .rodata             const    0x08044c48     0x24  usbh_usr.o [1]
  .text               ro code  0x08044c6c     0x22  fpinit_M.o [4]
  .iar.init_table     const    0x08044c90     0x34  - Linker created -
  .rodata             const    0x08044cc4     0x20  apptask.o [1]
  .rodata             const    0x08044ce4     0x20  apptask.o [1]
  .rodata             const    0x08044d04     0x20  apptask.o [1]
  .rodata             const    0x08044d24     0x20  apptask.o [1]
  .rodata             const    0x08044d44     0x20  apptask.o [1]
  .rodata             const    0x08044d64     0x20  apptask.o [1]
  .rodata             const    0x08044d84     0x20  apptask.o [1]
  .rodata             const    0x08044da4     0x20  apptask.o [1]
  .rodata             const    0x08044dc4     0x20  apptask.o [1]
  .rodata             const    0x08044de4     0x20  apptask.o [1]
  .rodata             const    0x08044e04     0x20  apptask.o [1]
  .rodata             const    0x08044e24     0x20  apptask.o [1]
  .rodata             const    0x08044e44     0x20  demo_fatfs.o [1]
  .rodata             const    0x08044e64     0x20  demo_fatfs.o [1]
  .rodata             const    0x08044e84     0x20  demo_fatfs.o [1]
  .rodata             const    0x08044ea4     0x20  usbh_usr.o [1]
  .rodata             const    0x08044ec4     0x20  usbh_usr.o [1]
  .rodata             const    0x08044ee4     0x20  usbh_usr.o [1]
  .rodata             const    0x08044f04     0x20  usbh_usr.o [1]
  .rodata             const    0x08044f24     0x20  usbh_usr.o [1]
  .rodata             const    0x08044f44     0x1c  apptask.o [1]
  .rodata             const    0x08044f60     0x1c  apptask.o [1]
  .rodata             const    0x08044f7c     0x1c  apptask.o [1]
  .rodata             const    0x08044f98     0x1c  apptask.o [1]
  .rodata             const    0x08044fb4     0x1c  apptask.o [1]
  .rodata             const    0x08044fd0     0x1c  apptask.o [1]
  .rodata             const    0x08044fec     0x1c  apptask.o [1]
  .rodata             const    0x08045008     0x1c  demo_fatfs.o [1]
  .rodata             const    0x08045024     0x1c  demo_fatfs.o [1]
  .rodata             const    0x08045040     0x1c  usbh_usr.o [1]
  .rodata             const    0x0804505c     0x1c  usbh_usr.o [1]
  .rodata             const    0x08045078     0x1c  usbh_usr.o [1]
  .rodata             const    0x08045094     0x1c  usbh_usr.o [1]
  .rodata             const    0x080450b0     0x1c  usbh_usr.o [1]
  .rodata             const    0x080450cc     0x1c  usbh_usr.o [1]
  .text               ro code  0x080450e8     0x1a  cmain.o [5]
  .text               ro code  0x08045102      0x4  exit.o [3]
  .text               ro code  0x08045108      0xa  cexit.o [5]
  .rodata             const    0x08045114     0x18  apptask.o [1]
  .rodata             const    0x0804512c     0x18  apptask.o [1]
  .rodata             const    0x08045144     0x18  apptask.o [1]
  .rodata             const    0x0804515c     0x18  apptask.o [1]
  .rodata             const    0x08045174     0x18  apptask.o [1]
  .rodata             const    0x0804518c     0x18  apptask.o [1]
  .rodata             const    0x080451a4     0x18  apptask.o [1]
  .rodata             const    0x080451bc     0x18  apptask.o [1]
  .rodata             const    0x080451d4     0x18  apptask.o [1]
  .rodata             const    0x080451ec     0x18  demo_fatfs.o [1]
  .rodata             const    0x08045204     0x18  demo_fatfs.o [1]
  .rodata             const    0x0804521c     0x18  demo_fatfs.o [1]
  .rodata             const    0x08045234     0x18  demo_fatfs.o [1]
  .rodata             const    0x0804524c     0x18  usbh_usr.o [1]
  .rodata             const    0x08045264     0x18  usbh_usr.o [1]
  .rodata             const    0x0804527c     0x18  usbh_usr.o [1]
  .rodata             const    0x08045294     0x18  usbh_usr.o [1]
  .rodata             const    0x080452ac     0x18  usbh_usr.o [1]
  .text               ro code  0x080452c4     0x16  xprout.o [3]
  .text               ro code  0x080452dc      0xc  putchar.o [3]
  .rodata             const    0x080452e8     0x14  apptask.o [1]
  .rodata             const    0x080452fc     0x14  apptask.o [1]
  .rodata             const    0x08045310     0x14  apptask.o [1]
  .rodata             const    0x08045324     0x14  apptask.o [1]
  .rodata             const    0x08045338     0x14  apptask.o [1]
  .rodata             const    0x0804534c     0x14  apptask.o [1]
  .rodata             const    0x08045360     0x14  apptask.o [1]
  .rodata             const    0x08045374     0x14  apptask.o [1]
  .rodata             const    0x08045388     0x14  para.o [1]
  .rodata             const    0x0804539c     0x14  usbh_usr.o [1]
  .rodata             const    0x080453b0     0x14  usbh_usr.o [1]
  .rodata             const    0x080453c4     0x10  apptask.o [1]
  .rodata             const    0x080453d4     0x10  apptask.o [1]
  .rodata             const    0x080453e4     0x10  apptask.o [1]
  .rodata             const    0x080453f4     0x10  apptask.o [1]
  .rodata             const    0x08045404     0x10  apptask.o [1]
  .rodata             const    0x08045414     0x10  apptask.o [1]
  .rodata             const    0x08045424     0x10  apptask.o [1]
  .rodata             const    0x08045434     0x10  apptask.o [1]
  .rodata             const    0x08045444     0x10  apptask.o [1]
  .rodata             const    0x08045454     0x10  apptask.o [1]
  .rodata             const    0x08045464     0x10  apptask.o [1]
  .rodata             const    0x08045474     0x10  apptask.o [1]
  .rodata             const    0x08045484     0x10  apptask.o [1]
  .rodata             const    0x08045494     0x10  apptask.o [1]
  .rodata             const    0x080454a4     0x10  apptask.o [1]
  .rodata             const    0x080454b4     0x10  apptask.o [1]
  .rodata             const    0x080454c4     0x10  apptask.o [1]
  .rodata             const    0x080454d4     0x10  apptask.o [1]
  .rodata             const    0x080454e4     0x10  apptask.o [1]
  .rodata             const    0x080454f4     0x10  bsp_sdwe050c17.o [1]
  .rodata             const    0x08045504     0x10  ff.o [1]
  .rodata             const    0x08045514     0x10  main.o [1]
  .rodata             const    0x08045524     0x10  main.o [1]
  .rodata             const    0x08045534     0x10  para.o [1]
  .rodata             const    0x08045544     0x10  para.o [1]
  .rodata             const    0x08045554     0x10  usbh_usr.o [1]
  .rodata             const    0x08045564     0x10  usbh_usr.o [1]
  .text               ro code  0x08045574     0x10  startup_stm32f40_41xxx.o [1]
  .text               ro code  0x08045584     0x10  usbh_it.o [1]
  .rodata             const    0x08045594      0xc  apptask.o [1]
  .rodata             const    0x080455a0      0xc  apptask.o [1]
  .rodata             const    0x080455ac      0xc  apptask.o [1]
  .rodata             const    0x080455b8      0xc  apptask.o [1]
  .rodata             const    0x080455c4      0xc  apptask.o [1]
  .rodata             const    0x080455d0      0xc  apptask.o [1]
  .rodata             const    0x080455dc      0xc  apptask.o [1]
  .rodata             const    0x080455e8      0xc  apptask.o [1]
  .rodata             const    0x080455f4      0xc  apptask.o [1]
  .rodata             const    0x08045600      0xc  apptask.o [1]
  .rodata             const    0x0804560c      0xc  apptask.o [1]
  .rodata             const    0x08045618      0xc  apptask.o [1]
  .rodata             const    0x08045624      0xc  apptask.o [1]
  .rodata             const    0x08045630      0xc  apptask.o [1]
  .rodata             const    0x0804563c      0xc  apptask.o [1]
  .rodata             const    0x08045648      0xc  apptask.o [1]
  .rodata             const    0x08045654      0xc  apptask.o [1]
  .rodata             const    0x08045660      0xc  apptask.o [1]
  .rodata             const    0x0804566c      0xc  apptask.o [1]
  .rodata             const    0x08045678      0xc  apptask.o [1]
  .rodata             const    0x08045684      0xc  apptask.o [1]
  .rodata             const    0x08045690      0xc  apptask.o [1]
  .rodata             const    0x0804569c      0xc  apptask.o [1]
  .rodata             const    0x080456a8      0xc  apptask.o [1]
  .rodata             const    0x080456b4      0xc  apptask.o [1]
  .rodata             const    0x080456c0      0xc  apptask.o [1]
  .rodata             const    0x080456cc      0xc  apptask.o [1]
  .rodata             const    0x080456d8      0xc  apptask.o [1]
  .rodata             const    0x080456e4      0xc  apptask.o [1]
  .rodata             const    0x080456f0      0xc  apptask.o [1]
  .rodata             const    0x080456fc      0xc  apptask.o [1]
  .rodata             const    0x08045708      0xc  bsp_sdwe050c17.o [1]
  .rodata             const    0x08045714      0xc  demo_fatfs.o [1]
  .rodata             const    0x08045720      0xc  ff.o [1]
  .rodata             const    0x0804572c      0xc  para.o [1]
  .rodata             const    0x08045738      0xc  para.o [1]
  .rodata             const    0x08045744      0xc  para.o [1]
  .rodata             const    0x08045750      0xc  para.o [1]
  .rodata             const    0x0804575c      0xc  para.o [1]
  .text               ro code  0x08045768      0xc  cstartup_M.o [5]
  .rodata             const    0x08045774      0x8  apptask.o [1]
  .rodata             const    0x0804577c      0x8  apptask.o [1]
  .rodata             const    0x08045784      0x8  apptask.o [1]
  .rodata             const    0x0804578c      0x8  apptask.o [1]
  .rodata             const    0x08045794      0x8  apptask.o [1]
  .rodata             const    0x0804579c      0x8  apptask.o [1]
  .rodata             const    0x080457a4      0x8  apptask.o [1]
  .rodata             const    0x080457ac      0x8  apptask.o [1]
  .rodata             const    0x080457b4      0x8  apptask.o [1]
  .rodata             const    0x080457bc      0x8  apptask.o [1]
  .rodata             const    0x080457c4      0x8  apptask.o [1]
  .rodata             const    0x080457cc      0x8  apptask.o [1]
  .rodata             const    0x080457d4      0x8  apptask.o [1]
  .rodata             const    0x080457dc      0x8  apptask.o [1]
  .rodata             const    0x080457e4      0x8  bsp_sdwe050c17.o [1]
  .rodata             const    0x080457ec      0x8  bsp_w25qxx.o [1]
  .rodata             const    0x080457f4      0x8  ff.o [1]
  .rodata             const    0x080457fc      0x8  malloc.o [1]
  .rodata             const    0x08045804      0x8  malloc.o [1]
  .rodata             const    0x0804580c      0x8  malloc.o [1]
  .rodata             const    0x08045814      0x8  para.o [1]
  .rodata             const    0x0804581c      0x8  para.o [1]
  .rodata             const    0x08045824      0x8  para.o [1]
  .rodata             const    0x0804582c      0x8  para.o [1]
  .rodata             const    0x08045834      0x8  para.o [1]
  .rodata             const    0x0804583c      0x8  para.o [1]
  .rodata             const    0x08045844      0x8  para.o [1]
  .rodata             const    0x0804584c      0x8  para.o [1]
  .rodata             const    0x08045854      0x8  para.o [1]
  .rodata             const    0x0804585c      0x8  para.o [1]
  .rodata             const    0x08045864      0x8  para.o [1]
  .rodata             const    0x0804586c      0x8  para.o [1]
  .rodata             const    0x08045874      0x8  para.o [1]
  .rodata             const    0x0804587c      0x8  para.o [1]
  .rodata             const    0x08045884      0x8  para.o [1]
  .rodata             const    0x0804588c      0x8  para.o [1]
  .rodata             const    0x08045894      0x8  para.o [1]
  .rodata             const    0x0804589c      0x8  para.o [1]
  .rodata             const    0x080458a4      0x8  para.o [1]
  .rodata             const    0x080458ac      0x8  para.o [1]
  .rodata             const    0x080458b4      0x8  tasks.o [1]
  .rodata             const    0x080458bc      0x8  timers.o [1]
  .rodata             const    0x080458c4      0x4  heap_4.o [1]
  .rodata             const    0x080458c8      0x4  port.o [1]
  .text               ro code  0x080458cc      0x4  startup_stm32f40_41xxx.o [1]
  .text               ro code  0x080458d0      0x4  startup_stm32f40_41xxx.o [1]
  .text               ro code  0x080458d4      0x4  startup_stm32f40_41xxx.o [1]
  .text               ro code  0x080458d8      0x4  startup_stm32f40_41xxx.o [1]
  .text               ro code  0x080458dc      0x4  startup_stm32f40_41xxx.o [1]
  .text               ro code  0x080458e0      0x4  startup_stm32f40_41xxx.o [1]
  .text               ro code  0x080458e4      0x4  startup_stm32f40_41xxx.o [1]
  .text               ro code  0x080458e8      0x4  startup_stm32f40_41xxx.o [1]
  .text               ro code  0x080458ec      0x4  startup_stm32f40_41xxx.o [1]
  .text               ro code  0x080458f0      0x4  startup_stm32f40_41xxx.o [1]
  .text               ro code  0x080458f4      0x4  startup_stm32f40_41xxx.o [1]
  .text               ro code  0x080458f8      0x4  startup_stm32f40_41xxx.o [1]
  .text               ro code  0x080458fc      0x4  startup_stm32f40_41xxx.o [1]
  .text               ro code  0x08045900      0x4  startup_stm32f40_41xxx.o [1]
  .text               ro code  0x08045904      0x4  startup_stm32f40_41xxx.o [1]
  .text               ro code  0x08045908      0x4  startup_stm32f40_41xxx.o [1]
  .text               ro code  0x0804590c      0x4  startup_stm32f40_41xxx.o [1]
  .text               ro code  0x08045910      0x4  startup_stm32f40_41xxx.o [1]
  .text               ro code  0x08045914      0x4  startup_stm32f40_41xxx.o [1]
  .text               ro code  0x08045918      0x4  startup_stm32f40_41xxx.o [1]
  .text               ro code  0x0804591c      0x4  startup_stm32f40_41xxx.o [1]
  .text               ro code  0x08045920      0x4  startup_stm32f40_41xxx.o [1]
  .text               ro code  0x08045924      0x4  startup_stm32f40_41xxx.o [1]
  .text               ro code  0x08045928      0x4  startup_stm32f40_41xxx.o [1]
  .text               ro code  0x0804592c      0x4  startup_stm32f40_41xxx.o [1]
  .text               ro code  0x08045930      0x4  startup_stm32f40_41xxx.o [1]
  .text               ro code  0x08045934      0x4  startup_stm32f40_41xxx.o [1]
  .text               ro code  0x08045938      0x4  startup_stm32f40_41xxx.o [1]
  .text               ro code  0x0804593c      0x4  startup_stm32f40_41xxx.o [1]
  .text               ro code  0x08045940      0x4  startup_stm32f40_41xxx.o [1]
  .text               ro code  0x08045944      0x4  startup_stm32f40_41xxx.o [1]
  .text               ro code  0x08045948      0x4  startup_stm32f40_41xxx.o [1]
  .text               ro code  0x0804594c      0x4  startup_stm32f40_41xxx.o [1]
  .text               ro code  0x08045950      0x4  startup_stm32f40_41xxx.o [1]
  .text               ro code  0x08045954      0x4  startup_stm32f40_41xxx.o [1]
  .text               ro code  0x08045958      0x4  startup_stm32f40_41xxx.o [1]
  .text               ro code  0x0804595c      0x4  startup_stm32f40_41xxx.o [1]
  .text               ro code  0x08045960      0x4  startup_stm32f40_41xxx.o [1]
  .text               ro code  0x08045964      0x4  startup_stm32f40_41xxx.o [1]
  .text               ro code  0x08045968      0x4  startup_stm32f40_41xxx.o [1]
  .text               ro code  0x0804596c      0x4  startup_stm32f40_41xxx.o [1]
  .text               ro code  0x08045970      0x4  startup_stm32f40_41xxx.o [1]
  .text               ro code  0x08045974      0x4  startup_stm32f40_41xxx.o [1]
  .text               ro code  0x08045978      0x4  startup_stm32f40_41xxx.o [1]
  .text               ro code  0x0804597c      0x4  startup_stm32f40_41xxx.o [1]
  .text               ro code  0x08045980      0x4  startup_stm32f40_41xxx.o [1]
  .text               ro code  0x08045984      0x4  startup_stm32f40_41xxx.o [1]
  .text               ro code  0x08045988      0x4  startup_stm32f40_41xxx.o [1]
  .text               ro code  0x0804598c      0x4  startup_stm32f40_41xxx.o [1]
  .text               ro code  0x08045990      0x4  startup_stm32f40_41xxx.o [1]
  .text               ro code  0x08045994      0x4  startup_stm32f40_41xxx.o [1]
  .text               ro code  0x08045998      0x4  startup_stm32f40_41xxx.o [1]
  .text               ro code  0x0804599c      0x4  startup_stm32f40_41xxx.o [1]
  .text               ro code  0x080459a0      0x4  startup_stm32f40_41xxx.o [1]
  .text               ro code  0x080459a4      0x4  startup_stm32f40_41xxx.o [1]
  .text               ro code  0x080459a8      0x4  startup_stm32f40_41xxx.o [1]
  .text               ro code  0x080459ac      0x4  startup_stm32f40_41xxx.o [1]
  .text               ro code  0x080459b0      0x4  startup_stm32f40_41xxx.o [1]
  .text               ro code  0x080459b4      0x4  startup_stm32f40_41xxx.o [1]
  .text               ro code  0x080459b8      0x4  startup_stm32f40_41xxx.o [1]
  .text               ro code  0x080459bc      0x4  startup_stm32f40_41xxx.o [1]
  .text               ro code  0x080459c0      0x4  startup_stm32f40_41xxx.o [1]
  .text               ro code  0x080459c4      0x4  startup_stm32f40_41xxx.o [1]
  .text               ro code  0x080459c8      0x4  startup_stm32f40_41xxx.o [1]
  .text               ro code  0x080459cc      0x4  startup_stm32f40_41xxx.o [1]
  .text               ro code  0x080459d0      0x4  startup_stm32f40_41xxx.o [1]
  .text               ro code  0x080459d4      0x4  startup_stm32f40_41xxx.o [1]
  .text               ro code  0x080459d8      0x4  startup_stm32f40_41xxx.o [1]
  .rodata             const    0x080459dc      0x0  zero_init3.o [5]
  .rodata             const    0x080459dc      0x0  packbits_init.o [5]
  Initializer bytes   const    0x080459dc    0x125  <for P2 s0>
                             - 0x08045b01  0x45979

"P2":                                      0x1f848
  P2 s0                        0x20000000    0x246  <Init block>
    __DLIB_PERTHREAD  inited   0x20000000     0x88  localeconv.o [3]
    __DLIB_PERTHREAD  inited   0x20000088     0x74  setlocale.o [3]
    .data             inited   0x200000fc     0x50  demo_fatfs.o [1]
    .data             inited   0x2000014c     0x48  usbh_usr.o [1]
    .data             inited   0x20000194     0x40  xfiles.o [3]
    .data             inited   0x200001d4     0x1c  malloc.o [1]
    .data             inited   0x200001f0     0x14  bsp_servomotor.o [1]
    .data             inited   0x20000204     0x10  stm32f4xx_rcc.o [1]
    .data             inited   0x20000214     0x10  usbh_msc_core.o [1]
    .data             inited   0x20000224      0xc  usbh_core.o [1]
    .data             inited   0x20000230      0x4  port.o [1]
    .data             inited   0x20000234      0x4  system_stm32f4xx.o [1]
    .data             inited   0x20000238      0x4  usbh_core.o [1]
    __DLIB_PERTHREAD  inited   0x2000023c      0x4  errno.o [3]
    .data             inited   0x20000240      0x2  bsp_w25qxx.o [1]
    .data             inited   0x20000242      0x1  apptask.o [1]
    .data             inited   0x20000243      0x1  encoder_tim.o [1]
    .data             inited   0x20000244      0x1  page_weimi.o [1]
    .data             inited   0x20000245      0x1  usbh_msc_scsi.o [1]
  .bss                zero     0x20000248  0x11800  heap_4.o [1]
  .bss                zero     0x20011a48   0xa000  malloc.o [1]
  .bss                zero     0x2001ba48   0x1000  bsp_w25qxx.o [1]
  .bss                zero     0x2001ca48    0xa00  malloc.o [1]
  .bss                zero     0x2001d448    0x5ac  usbh_usr.o [1]
  .bss                zero     0x2001d9f4    0x5ac  usbh_usr.o [1]
  .bss                zero     0x2001dfa0    0x200  ff.o [1]
  .bss                zero     0x2001e1a0    0x200  usbh_msc_scsi.o [1]
  .bss                zero     0x2001e3a0    0x200  usbh_stdreq.o [1]
  .bss                zero     0x2001e5a0    0x118  page_weimi.o [1]
  .bss                zero     0x2001e6b8     0xf0  tasks.o [1]
  .bss                zero     0x2001e7a8     0xd4  protocol.o [1]
  .bss                zero     0x2001e87c     0xa4  protocol.o [1]
  .bss                zero     0x2001e920     0x98  para.o [1]
  .bss                zero     0x2001e9b8     0x94  usbh_usr.o [1]
  .bss                zero     0x2001ea4c     0x64  bsp_uart_fifo.o [1]
  .bss                zero     0x2001eab0     0x64  bsp_uart_fifo.o [1]
  .bss                zero     0x2001eb14     0x4c  usbh_msc_core.o [1]
  .bss                zero     0x2001eb60     0x58  bsp_sdio_sd.o [1]
  .bss                zero     0x2001ebb8     0x58  protocol.o [1]
  .bss                zero     0x2001ec10     0x50  xfiles.o [3]
  .bss                zero     0x2001ec60     0x34  bsp_sdwe050c17.o [1]
  .bss                zero     0x2001ec94     0x34  product_cal.o [1]
  .bss                zero     0x2001ecc8     0x28  bsp_uart_fifo.o [1]
  .bss                zero     0x2001ecf0     0x28  product_cal.o [1]
  .bss                zero     0x2001ed18     0x24  ff.o [1]
  .bss                zero     0x2001ed3c     0x20  usbh_msc_bot.o [1]
  .bss                zero     0x2001ed5c     0x18  bsp_sdio_sd.o [1]
  .bss                zero     0x2001ed74     0x18  bsp_sdio_sd.o [1]
  .bss                zero     0x2001ed8c     0x14  bsp_sdio_sd.o [1]
  .bss                zero     0x2001eda0     0x14  page_weimi.o [1]
  .bss                zero     0x2001edb4     0x14  rc522.o [1]
  .bss                zero     0x2001edc8     0x14  tasks.o [1]
  .bss                zero     0x2001eddc     0x14  tasks.o [1]
  .bss                zero     0x2001edf0     0x14  tasks.o [1]
  .bss                zero     0x2001ee04     0x14  tasks.o [1]
  .bss                zero     0x2001ee18     0x14  tasks.o [1]
  .bss                zero     0x2001ee2c     0x14  timers.o [1]
  .bss                zero     0x2001ee40     0x14  timers.o [1]
  .bss                zero     0x2001ee54     0x10  bsp_sdio_sd.o [1]
  .bss                zero     0x2001ee64     0x10  bsp_sdio_sd.o [1]
  .bss                zero     0x2001ee74     0x10  encoder_tim.o [1]
  .bss                zero     0x2001ee84     0x10  usbh_msc_bot.o [1]
  .bss                zero     0x2001ee94     0x10  usbh_msc_bot.o [1]
  .bss                zero     0x2001eea4     0x10  usbh_msc_scsi.o [1]
  .bss                zero     0x2001eeb4      0xc  apptask.o [1]
  .bss                zero     0x2001eec0      0xc  apptask.o [1]
  .bss                zero     0x2001eecc      0xc  ff.o [1]
  .bss                zero     0x2001eed8      0xc  protocol.o [1]
  .bss                zero     0x2001eee4      0xc  protocol.o [1]
  .bss                zero     0x2001eef0      0xc  protocol.o [1]
  .bss                zero     0x2001eefc      0x8  heap_4.o [1]
  .bss                zero     0x2001ef04      0x8  modbus.o [1]
  .bss                zero     0x2001ef0c      0x8  protocol.o [1]
  .bss                zero     0x2001ef14      0x4  apptask.o [1]
  .bss                zero     0x2001ef18      0x4  apptask.o [1]
  .bss                zero     0x2001ef1c      0x4  apptask.o [1]
  .bss                zero     0x2001ef20      0x4  apptask.o [1]
  .bss                zero     0x2001ef24      0x4  apptask.o [1]
  .bss                zero     0x2001ef28      0x4  apptask.o [1]
  .bss                zero     0x2001ef2c      0x4  apptask.o [1]
  .bss                zero     0x2001ef30      0x4  apptask.o [1]
  .bss                zero     0x2001ef34      0x4  apptask.o [1]
  .bss                zero     0x2001ef38      0x4  apptask.o [1]
  .bss                zero     0x2001ef3c      0x4  apptask.o [1]
  .bss                zero     0x2001ef40      0x4  apptask.o [1]
  .bss                zero     0x2001ef44      0x4  apptask.o [1]
  .bss                zero     0x2001ef48      0x4  apptask.o [1]
  .bss                zero     0x2001ef4c      0x4  apptask.o [1]
  .bss                zero     0x2001ef50      0x4  apptask.o [1]
  .bss                zero     0x2001ef54      0x4  apptask.o [1]
  .bss                zero     0x2001ef58      0x4  apptask.o [1]
  .bss                zero     0x2001ef5c      0x4  apptask.o [1]
  .bss                zero     0x2001ef60      0x4  apptask.o [1]
  .bss                zero     0x2001ef64      0x4  bsp_sdio_sd.o [1]
  .bss                zero     0x2001ef68      0x4  bsp_sdio_sd.o [1]
  .bss                zero     0x2001ef6c      0x4  bsp_sdio_sd.o [1]
  .bss                zero     0x2001ef70      0x4  bsp_sdio_sd.o [1]
  .bss                zero     0x2001ef74      0x4  bsp_sdio_sd.o [1]
  .bss                zero     0x2001ef78      0x4  bsp_timer.o [1]
  .bss                zero     0x2001ef7c      0x4  bsp_timer.o [1]
  .bss                zero     0x2001ef80      0x4  bsp_timer.o [1]
  .bss                zero     0x2001ef84      0x4  bsp_timer.o [1]
  .bss                zero     0x2001ef88      0x4  heap_4.o [1]
  .bss                zero     0x2001ef8c      0x4  heap_4.o [1]
  .bss                zero     0x2001ef90      0x4  heap_4.o [1]
  .bss                zero     0x2001ef94      0x4  heap_4.o [1]
  .bss                zero     0x2001ef98      0x4  port.o [1]
  .bss                zero     0x2001ef9c      0x4  product_cal.o [1]
  .bss                zero     0x2001efa0      0x4  product_cal.o [1]
  .bss                zero     0x2001efa4      0x4  SysInfoTest.o [1]
  .bss                zero     0x2001efa8      0x4  tasks.o [1]
  .bss                zero     0x2001efac      0x4  tasks.o [1]
  .bss                zero     0x2001efb0      0x4  tasks.o [1]
  .bss                zero     0x2001efb4      0x4  tasks.o [1]
  .bss                zero     0x2001efb8      0x4  tasks.o [1]
  .bss                zero     0x2001efbc      0x4  tasks.o [1]
  .bss                zero     0x2001efc0      0x4  tasks.o [1]
  .bss                zero     0x2001efc4      0x4  tasks.o [1]
  .bss                zero     0x2001efc8      0x4  tasks.o [1]
  .bss                zero     0x2001efcc      0x4  tasks.o [1]
  .bss                zero     0x2001efd0      0x4  tasks.o [1]
  .bss                zero     0x2001efd4      0x4  tasks.o [1]
  .bss                zero     0x2001efd8      0x4  tasks.o [1]
  .bss                zero     0x2001efdc      0x4  tasks.o [1]
  .bss                zero     0x2001efe0      0x4  tasks.o [1]
  .bss                zero     0x2001efe4      0x4  tasks.o [1]
  .bss                zero     0x2001efe8      0x4  timers.o [1]
  .bss                zero     0x2001efec      0x4  timers.o [1]
  .bss                zero     0x2001eff0      0x4  timers.o [1]
  .bss                zero     0x2001eff4      0x4  timers.o [1]
  .bss                zero     0x2001eff8      0x4  usbh_msc_bot.o [1]
  .bss                zero     0x2001effc      0x4  usbh_msc_bot.o [1]
  .bss                zero     0x2001f000      0x4  usbh_msc_bot.o [1]
  .bss                zero     0x2001f004      0x4  usbh_msc_bot.o [1]
  .bss                zero     0x2001f008      0x2  apptask.o [1]
  .bss                zero     0x2001f00a      0x2  apptask.o [1]
  .bss                zero     0x2001f00c      0x2  apptask.o [1]
  .bss                zero     0x2001f00e      0x2  apptask.o [1]
  .bss                zero     0x2001f010      0x2  bsp_sdwe050c17.o [1]
  .bss                zero     0x2001f012      0x2  encoder_tim.o [1]
  .bss                zero     0x2001f014      0x2  encoder_tim.o [1]
  .bss                zero     0x2001f016      0x2  ff.o [1]
  .bss                zero     0x2001f018      0x2  page_weimi.o [1]
  .bss                zero     0x2001f01a      0x2  page_weimi.o [1]
  .bss                zero     0x2001f01c      0x2  product_cal.o [1]
  .bss                zero     0x2001f01e      0x2  usbh_core.o [1]
  .bss                zero     0x2001f020      0x2  usbh_stdreq.o [1]
  .bss                zero     0x2001f022      0x1  apptask.o [1]
  .bss                zero     0x2001f023      0x1  apptask.o [1]
  .bss                zero     0x2001f024      0x1  apptask.o [1]
  .bss                zero     0x2001f025      0x1  apptask.o [1]
  .bss                zero     0x2001f026      0x1  apptask.o [1]
  .bss                zero     0x2001f027      0x1  apptask.o [1]
  .bss                zero     0x2001f028      0x1  apptask.o [1]
  .bss                zero     0x2001f029      0x1  apptask.o [1]
  .bss                zero     0x2001f02a      0x1  apptask.o [1]
  .bss                zero     0x2001f02b      0x1  apptask.o [1]
  .bss                zero     0x2001f02c      0x1  apptask.o [1]
  .bss                zero     0x2001f02d      0x1  apptask.o [1]
  .bss                zero     0x2001f02e      0x1  bsp_sdio_sd.o [1]
  .bss                zero     0x2001f02f      0x1  bsp_sdwe050c17.o [1]
  .bss                zero     0x2001f030      0x1  bsp_uart_fifo.o [1]
  .bss                zero     0x2001f031      0x1  encoder_tim.o [1]
  .bss                zero     0x2001f032      0x1  page_weimi.o [1]
  .bss                zero     0x2001f033      0x1  page_weimi.o [1]
  .bss                zero     0x2001f034      0x1  page_weimi.o [1]
  .bss                zero     0x2001f035      0x1  page_weimi.o [1]
  .bss                zero     0x2001f036      0x1  port.o [1]
  .bss                zero     0x2001f037      0x1  product_cal.o [1]
  .bss                zero     0x2001f038      0x1  product_cal.o [1]
  .bss                zero     0x2001f039      0x1  product_cal.o [1]
  .bss                zero     0x2001f03a      0x1  protocol.o [1]
  .bss                zero     0x2001f03b      0x1  rc522.o [1]
  .bss                zero     0x2001f03c      0x1  rc522.o [1]
  .bss                zero     0x2001f03d      0x1  usbh_msc_bot.o [1]
  .bss                zero     0x2001f03e      0x1  usbh_msc_core.o [1]
  .bss                zero     0x2001f03f      0x1  usbh_msc_core.o [1]
  .bss                zero     0x2001f040      0x1  usbh_stdreq.o [1]
  .bss                zero     0x2001f041      0x1  usbh_usr.o [1]
  CSTACK                       0x2001f048    0x800  <Block>
    CSTACK            uninit   0x2001f048    0x800  <Block tail>
                             - 0x2001f848  0x1f848

Absolute sections:                         0xff000
  .bss                zero     0x68000000  0xf0000  malloc.o [1]
  .bss                zero     0x680f0000   0xf000  malloc.o [1]
                             - 0x680ff000  0xff000


*******************************************************************************
*** INIT TABLE
***

          Address     Size
          -------     ----
Zero (__iar_zero_init3)
    2 destination ranges, total size 0x11ddfa:
          0x20000248  0x1edfa
          0x68000000  0xff000

Copy/packbits (__iar_packbits_init3)
    1 source range, total size 0x125 (50% of destination):
          0x080459dc    0x125
    1 destination range, total size 0x246:
          0x20000000    0x246



*******************************************************************************
*** MODULE SUMMARY
***

    Module                    ro code  ro data  rw data    rw data
                                                            (abs)
    ------                    -------  -------  -------    -------
E:\WORK\YarnControl_Driver\YarnControl_Driver\src\stm32f4_rtos\Project\EWARMv7\Flash\Obj: [1]
    SysInfoTest.o                  60                 4
    apptask.o                  21 376    2 909      125
    bsp.o                          76
    bsp_closeSW.o                 212
    bsp_dwt.o                     116
    bsp_led.o                     192
    bsp_relay.o                    68
    bsp_sdio_sd.o               6 744               209
    bsp_sdwe050c17.o            5 468       36       55
    bsp_servomotor.o            1 164       10       20
    bsp_spi.o                     292
    bsp_stepmotor.o               620
    bsp_sw_onoff.o                104
    bsp_tim_pwm.o                 736
    bsp_timer.o                   516                16
    bsp_uart_fifo.o             2 532               241
    bsp_w25qxx.o                  896        9    4 098
    bsp_watchdog.o                  8
    cc936.o                       244  176 320
    demo_fatfs.o                           733       80
    diskio.o                      740
    encoder_tim.o                 672                22
    event_groups.o                610
    ff.o                        9 368       36      562
    heap_4.o                      640        4   71 704
    list.o                        152
    main.o                         52       32
    malloc.o                      540       38   43 548  1 044 480
    mcheck.o                      184      768
    misc.o                        136
    modbus.o                      852                 8
    page_weimi.o                  564        1      309
    para.o                      4 322      272      152
    port.o                        588        6        9
    portasm.o                     168
    product_cal.o               1 316      400      105
    protocol.o                     68               509
    queue.o                     1 992
    rc522.o                       174                22
    startup_stm32f40_41xxx.o      680
    stm32f4xx_dma.o               796
    stm32f4xx_exti.o              192
    stm32f4xx_gpio.o              300
    stm32f4xx_it.o                 56       44
    stm32f4xx_iwdg.o               16
    stm32f4xx_rcc.o               488        8       16
    stm32f4xx_sdio.o              380
    stm32f4xx_spi.o               116
    stm32f4xx_syscfg.o             84
    stm32f4xx_tim.o             1 764
    stm32f4xx_usart.o             596
    system_stm32f4xx.o            340        2        4
    tasks.o                     3 072        8      404
    timers.o                    1 188        8       56
    usb_bsp.o                     332
    usb_core.o                  2 640
    usb_hcd.o                     214
    usb_hcd_int.o               3 198
    usbh_core.o                 1 888        8       18
    usbh_hcs.o                    442
    usbh_ioreq.o                  582
    usbh_it.o                      16
    usbh_msc_bot.o              1 364                81
    usbh_msc_core.o             1 000        8       94
    usbh_msc_scsi.o             1 560        1      529
    usbh_stdreq.o               1 078               515
    usbh_usr.o                    418      592    3 125
    --------------------------------------------------------------
    Total:                     89 362  182 253  126 640  1 044 480

command line: [2]
    --------------------------------------------------------------
    Total:

dl7M_tlf.a: [3]
    abort.o                         6
    div.o                          14
    errno.o                        12        2        4
    exit.o                          4
    isxxx.o                        40
    localeconv.o                  108       68      136
    printf.o                       36
    putchar.o                      12
    setlocale.o                    24       58      116
    sprintf.o                      52
    sscanf.o                       36
    strcat.o                       28
    strstr.o                       44
    tolower.o                      20
    xfiles.o                                32      144
    xlocale_c.o                    54
    xprintffull_nomb.o          3 478
    xprout.o                       22
    xscanffull_nomb.o           2 916
    xsprout.o                      10
    xsscin.o                       30
    xstoflt.o                     440
    xstoll.o                      164
    xstopfx.o                     292
    xstoull.o                     432
    xstoxflt.o                    536
    xtls.o                          2
    --------------------------------------------------------------
    Total:                      8 812      160      400

m7M_tls.a: [4]
    DblAdd.o                      232
    DblCmpEq.o                     32
    DblCmpGe.o                     46
    DblCmpLe.o                     46
    DblDiv.o                      598
    DblMul.o                      418
    DblSub.o                      384
    DblToFlt.o                    144
    DblToI32.o                     88
    FltToDbl.o                     78
    I32ToDbl.o                     48
    fpinit_M.o                     34
    xdnorm.o                       66
    xdscale.o                     276
    xdtento.o                     512
    xdunscal.o                     82
    xstold.o                      360
    --------------------------------------------------------------
    Total:                      3 444

rt7M_tl.a: [5]
    ABImemcpy_unaligned.o         118
    ABImemset.o                   102
    I64DivMod.o                   306
    I64DivZer.o                     2
    cexit.o                        10
    cmain.o                        26
    cstartup_M.o                   12
    data_init.o                    40
    memchr.o                       88
    memcmp_unaligned.o             98
    packbits_init.o               208
    strchr.o                       22
    strcmp_unaligned.o             66
    strcpy_unaligned.o             68
    strlen.o                       54
    zero_init3.o                   64
    --------------------------------------------------------------
    Total:                      1 284

shb_l.a: [6]
    exit.o                         20
    --------------------------------------------------------------
    Total:                         20

    Gaps                           48        6        2
    Linker created                          52    2 048
------------------------------------------------------------------
    Grand Total:              102 970  182 471  129 090  1 044 480


*******************************************************************************
*** ENTRY LIST
***

Entry                      Address     Size  Type      Object
-----                      -------     ----  ----      ------
.iar.init_table$$Base   0x08044c90            --   Gb  - Linker created -
.iar.init_table$$Limit  0x08044cc4            --   Gb  - Linker created -
?main                   0x080450e9           Code  Gb  cmain.o [5]
APBAHBPrescTable        0x20000204     0x10  Data  Lc  stm32f4xx_rcc.o [1]
AppObjCreate            0x0802f805    0x180  Code  Gb  apptask.o [1]
AppTaskCreate           0x0802f699    0x16c  Code  Gb  apptask.o [1]
BOTStallErrorCount      0x2001eff8      0x4  Data  Lc  usbh_msc_bot.o [1]
BusFault_Handler        0x080449e3      0x2  Code  Gb  stm32f4xx_it.o [1]
CID_Tab                 0x2001ee64     0x10  Data  Lc  bsp_sdio_sd.o [1]
CRC16HiTable            0x08044298    0x100  Data  Gb  mcheck.o [1]
CRC16LoTable            0x08044398    0x100  Data  Gb  mcheck.o [1]
CRC8Table               0x08044498    0x100  Data  Gb  mcheck.o [1]
CSD_Tab                 0x2001ee54     0x10  Data  Lc  bsp_sdio_sd.o [1]
CSTACK$$Base            0x2001f048            --   Gb  - Linker created -
CSTACK$$Limit           0x2001f848            --   Gb  - Linker created -
CardType                0x2001ef64      0x4  Data  Lc  bsp_sdio_sd.o [1]
CmdError                0x0803f389     0x38  Code  Lc  bsp_sdio_sd.o [1]
CmdResp1Error           0x0803f42d    0x112  Code  Lc  bsp_sdio_sd.o [1]
CmdResp2Error           0x0803f57d     0x52  Code  Lc  bsp_sdio_sd.o [1]
CmdResp3Error           0x0803f53f     0x3e  Code  Lc  bsp_sdio_sd.o [1]
CmdResp6Error           0x0803f5cf     0xa6  Code  Lc  bsp_sdio_sd.o [1]
CmdResp7Error           0x0803f3c1     0x58  Code  Lc  bsp_sdio_sd.o [1]
ConfigExitNVIC          0x08044603     0x22  Code  Gb  bsp_closeSW.o [1]
ConfigUartNVIC          0x0803a4f3     0x7c  Code  Lc  bsp_uart_fifo.o [1]
DIFF_G_init             0x08033d35     0x78  Code  Gb  bsp_servomotor.o [1]
DMA1_Stream0_IRQHandler
                        0x080340a9     0x1c  Code  Gb  bsp_servomotor.o [1]
DMA1_Stream3_IRQHandler
                        0x080340c5     0x1c  Code  Gb  bsp_servomotor.o [1]
DMA2_Stream3_IRQHandler
                        0x0803fc71      0x8  Code  Gb  bsp_sdio_sd.o [1]
DMAEndOfTransfer        0x2001ef74      0x4  Data  Gb  bsp_sdio_sd.o [1]
DMA_ClearFlag           0x0803bec7     0x24  Code  Gb  stm32f4xx_dma.o [1]
DMA_Cmd                 0x0803be7d     0x1a  Code  Gb  stm32f4xx_dma.o [1]
DMA_DeInit              0x0803bce5    0x140  Code  Gb  stm32f4xx_dma.o [1]
DMA_FlowControllerConfig
                        0x0803be97     0x18  Code  Gb  stm32f4xx_dma.o [1]
DMA_GetCmdStatus        0x0803beaf     0x18  Code  Gb  stm32f4xx_dma.o [1]
DMA_GetITStatus         0x0803bf2d     0x62  Code  Gb  stm32f4xx_dma.o [1]
DMA_ITConfig            0x0803beeb     0x42  Code  Gb  stm32f4xx_dma.o [1]
DMA_Init                0x0803be25     0x58  Code  Gb  stm32f4xx_dma.o [1]
DebugMon_Handler        0x080449e7      0x2  Code  Gb  stm32f4xx_it.o [1]
DiskFile_init           0x08037421     0x40  Code  Gb  protocol.o [1]
Disk_File               0x2001e7a8     0xd4  Data  Gb  protocol.o [1]
ENC_Calc_Average_Speed  0x080391a7     0x50  Code  Gb  encoder_tim.o [1]
ENC_Calc_Rot_Speed      0x080390cd     0xda  Code  Gb  encoder_tim.o [1]
ENC_Clear_Speed_Buffer  0x080390b1     0x1c  Code  Gb  encoder_tim.o [1]
ENC_Init                0x08038fc5     0xec  Code  Gb  encoder_tim.o [1]
EXTI9_5_IRQHandler      0x08044625     0x3c  Code  Gb  bsp_closeSW.o [1]
EXTI_ClearITPendingBit  0x08044763      0x6  Code  Gb  stm32f4xx_exti.o [1]
EXTI_GetITStatus        0x08044749     0x1a  Code  Gb  stm32f4xx_exti.o [1]
EXTI_Init               0x080446c1     0x88  Code  Gb  stm32f4xx_exti.o [1]
FR_Table                0x200000fc     0x50  Data  Gb  demo_fatfs.o [1]
FatFs                   0x2001eecc      0xc  Data  Lc  ff.o [1]
Files                   0x2001ed18     0x24  Data  Lc  ff.o [1]
FindSCR                 0x0803f81d    0x206  Code  Lc  bsp_sdio_sd.o [1]
Fsid                    0x2001f016      0x2  Data  Lc  ff.o [1]
GPIO_Init               0x08038549     0xaa  Code  Gb  stm32f4xx_gpio.o [1]
GPIO_PinAFConfig        0x0803861b     0x5a  Code  Gb  stm32f4xx_gpio.o [1]
GPIO_ReadInputDataBit   0x080385f3     0x1a  Code  Gb  stm32f4xx_gpio.o [1]
GPIO_WriteBit           0x0803860d      0xe  Code  Gb  stm32f4xx_gpio.o [1]
GetDeviceState          0x080373ed     0x2e  Code  Gb  bsp_sw_onoff.o [1]
HCD_GetCurrentFrame     0x0803c265      0x8  Code  Gb  usb_hcd.o [1]
HCD_GetCurrentSpeed     0x0803c247     0x10  Code  Gb  usb_hcd.o [1]
HCD_GetURB_State        0x0803c26d      0xa  Code  Gb  usb_hcd.o [1]
HCD_GetXferCnt          0x0803c277      0xc  Code  Gb  usb_hcd.o [1]
HCD_Init                0x0803c1d5     0x72  Code  Gb  usb_hcd.o [1]
HCD_ResetPort           0x0803c257      0xe  Code  Gb  usb_hcd.o [1]
HCD_SubmitRequest       0x0803c283     0x28  Code  Gb  usb_hcd.o [1]
HardFault_Handler       0x080449b3     0x22  Code  Gb  stm32f4xx_it.o [1]
IWDG_Feed               0x0803996d      0x8  Code  Gb  bsp_watchdog.o [1]
IWDG_ReloadCounter      0x0803d139      0xa  Code  Gb  stm32f4xx_iwdg.o [1]
InStream_Read           0x08044781     0x22  Code  Lc  packbits_init.o [5]
InitHardUart            0x0803a131    0x3c2  Code  Lc  bsp_uart_fifo.o [1]
Init_JINGSHA_GUI        0x08031217    0x122  Code  Gb  bsp_sdwe050c17.o [1]
JingSha_File            0x2001ebb8     0x58  Data  Gb  protocol.o [1]
LfnBuf                  0x2001dfa0    0x200  Data  Lc  ff.o [1]
LfnOfs                  0x08045504     0x10  Data  Lc  ff.o [1]
LoadInt                 0x0803b359     0x6e  Code  Lc  xprintffull_nomb.o [3]
MSCErrorCount           0x2001f03e      0x1  Data  Gb  usbh_msc_core.o [1]
MSC_Machine             0x2001eb14     0x4c  Data  Gb  usbh_msc_core.o [1]
MSG_DEV_ATTACHED        0x08045294     0x18  Data  Gb  usbh_usr.o [1]
MSG_DEV_DISCONNECTED    0x080452ac     0x18  Data  Gb  usbh_usr.o [1]
MSG_DEV_ENUMERATED      0x08045094     0x1c  Data  Gb  usbh_usr.o [1]
MSG_DEV_ERROR           0x080453b0     0x14  Data  Gb  usbh_usr.o [1]
MSG_DEV_FULLSPEED       0x08044f04     0x20  Data  Gb  usbh_usr.o [1]
MSG_DEV_HIGHSPEED       0x08044ee4     0x20  Data  Gb  usbh_usr.o [1]
MSG_DEV_LOWSPEED        0x08044f24     0x20  Data  Gb  usbh_usr.o [1]
MSG_HID_CLASS           0x080450b0     0x1c  Data  Gb  usbh_usr.o [1]
MSG_MSC_CLASS           0x08044c48     0x24  Data  Gb  usbh_usr.o [1]
MSG_UNREC_ERROR         0x080450cc     0x1c  Data  Gb  usbh_usr.o [1]
MemManage_Handler       0x080449e1      0x2  Code  Gb  stm32f4xx_it.o [1]
MotorProcess            0x2001eda0     0x14  Data  Gb  page_weimi.o [1]
MotorStepCount          0x080339e5     0x62  Code  Gb  page_weimi.o [1]
NMI_Handler             0x080449b1      0x2  Code  Gb  stm32f4xx_it.o [1]
NVIC_Init               0x0803c00b     0x6a  Code  Gb  misc.o [1]
NVIC_PriorityGroupConfig
                        0x0803c001      0xa  Code  Gb  misc.o [1]
OTG_FS_IRQHandler       0x08045585     0x10  Code  Gb  usbh_it.o [1]
PendSV_Handler          0x0803d149           Code  Gb  portasm.o [1]
RCA                     0x2001ef68      0x4  Data  Lc  bsp_sdio_sd.o [1]
RCC_AHB1PeriphClockCmd  0x08039fdb     0x22  Code  Gb  stm32f4xx_rcc.o [1]
RCC_AHB2PeriphClockCmd  0x08039ffd     0x1e  Code  Gb  stm32f4xx_rcc.o [1]
RCC_APB1PeriphClockCmd  0x0803a01b     0x1e  Code  Gb  stm32f4xx_rcc.o [1]
RCC_APB1PeriphResetCmd  0x0803a057     0x1e  Code  Gb  stm32f4xx_rcc.o [1]
RCC_APB2PeriphClockCmd  0x0803a039     0x1e  Code  Gb  stm32f4xx_rcc.o [1]
RCC_APB2PeriphResetCmd  0x0803a075     0x1e  Code  Gb  stm32f4xx_rcc.o [1]
RCC_GetClocksFreq       0x08039ed9    0x102  Code  Gb  stm32f4xx_rcc.o [1]
RS485_InitTXE           0x0803a0fd     0x34  Code  Gb  bsp_uart_fifo.o [1]
RS485_sendbuf           0x0803a93d     0x3c  Code  Gb  bsp_uart_fifo.o [1]
Region$$Table$$Base     0x08044c90            --   Gb  - Linker created -
Region$$Table$$Limit    0x08044cc4            --   Gb  - Linker created -
SDCardInfo              0x2001eb60     0x58  Data  Gb  bsp_sdio_sd.o [1]
SDEnWideBus             0x0803f681    0x198  Code  Lc  bsp_sdio_sd.o [1]
SDIO_ClearFlag          0x08041461      0x6  Code  Gb  stm32f4xx_sdio.o [1]
SDIO_ClearITPendingBit  0x08041481      0x6  Code  Gb  stm32f4xx_sdio.o [1]
SDIO_ClockCmd           0x0804138f      0x8  Code  Gb  stm32f4xx_sdio.o [1]
SDIO_CmdInitStructure   0x2001ed8c     0x14  Data  Gb  bsp_sdio_sd.o [1]
SDIO_DMACmd             0x08041421      0x8  Code  Gb  stm32f4xx_sdio.o [1]
SDIO_DataConfig         0x080413ed     0x2e  Code  Gb  stm32f4xx_sdio.o [1]
SDIO_DataInitStructure  0x2001ed74     0x18  Data  Gb  bsp_sdio_sd.o [1]
SDIO_DeInit             0x0804134d     0x18  Code  Gb  stm32f4xx_sdio.o [1]
SDIO_GetCommandResponse
                        0x080413cf      0x8  Code  Gb  stm32f4xx_sdio.o [1]
SDIO_GetFlagStatus      0x08041447     0x1a  Code  Gb  stm32f4xx_sdio.o [1]
SDIO_GetITStatus        0x08041467     0x1a  Code  Gb  stm32f4xx_sdio.o [1]
SDIO_GetPowerState      0x0804139d      0xa  Code  Gb  stm32f4xx_sdio.o [1]
SDIO_GetResponse        0x080413d7     0x16  Code  Gb  stm32f4xx_sdio.o [1]
SDIO_IRQHandler         0x0803fc69      0x8  Code  Gb  bsp_sdio_sd.o [1]
SDIO_ITConfig           0x08041429     0x1e  Code  Gb  stm32f4xx_sdio.o [1]
SDIO_Init               0x08041365     0x2a  Code  Gb  stm32f4xx_sdio.o [1]
SDIO_InitStructure      0x2001ed5c     0x18  Data  Gb  bsp_sdio_sd.o [1]
SDIO_Interrupts_Config  0x0803fc2d     0x3c  Code  Gb  bsp_sdio_sd.o [1]
SDIO_ReadData           0x0804141b      0x6  Code  Gb  stm32f4xx_sdio.o [1]
SDIO_SendCommand        0x080413a7     0x28  Code  Gb  stm32f4xx_sdio.o [1]
SDIO_SetPowerState      0x08041397      0x6  Code  Gb  stm32f4xx_sdio.o [1]
SDWE_WARNNING           0x080314a9     0x2a  Code  Gb  bsp_sdwe050c17.o [1]
SD_Detect               0x0803e325     0x22  Code  Gb  bsp_sdio_sd.o [1]
SD_EnableWideBusOperation
                        0x0803eb21     0xc8  Code  Gb  bsp_sdio_sd.o [1]
SD_GetCardInfo          0x0803e735    0x3ec  Code  Gb  bsp_sdio_sd.o [1]
SD_GetState             0x0803e2fb     0x2a  Code  Gb  bsp_sdio_sd.o [1]
SD_GetStatus            0x0803e2d9     0x22  Code  Gb  bsp_sdio_sd.o [1]
SD_Init                 0x0803e221     0xb8  Code  Gb  bsp_sdio_sd.o [1]
SD_InitializeCards      0x0803e593    0x1a2  Code  Gb  bsp_sdio_sd.o [1]
SD_LowLevel_DMA_RxConfig
                        0x0803fb77     0x8e  Code  Gb  bsp_sdio_sd.o [1]
SD_LowLevel_DMA_TxConfig
                        0x0803fae9     0x8e  Code  Gb  bsp_sdio_sd.o [1]
SD_LowLevel_Init        0x0803fa25     0xbc  Code  Gb  bsp_sdio_sd.o [1]
SD_PowerON              0x0803e347    0x24c  Code  Gb  bsp_sdio_sd.o [1]
SD_ProcessDMAIRQ        0x0803f365     0x22  Code  Gb  bsp_sdio_sd.o [1]
SD_ProcessIRQSrc        0x0803f2b7     0xae  Code  Gb  bsp_sdio_sd.o [1]
SD_ReadBlock            0x0803ec21    0x108  Code  Gb  bsp_sdio_sd.o [1]
SD_ReadMultiBlocks      0x0803ed29    0x134  Code  Gb  bsp_sdio_sd.o [1]
SD_SelectDeselect       0x0803ebe9     0x38  Code  Gb  bsp_sdio_sd.o [1]
SD_SendStatus           0x0803f249     0x6e  Code  Gb  bsp_sdio_sd.o [1]
SD_StopTransfer         0x0803f201     0x44  Code  Gb  bsp_sdio_sd.o [1]
SD_WaitReadOperation    0x0803ee61     0x96  Code  Gb  bsp_sdio_sd.o [1]
SD_WriteBlock           0x0803ef01    0x11e  Code  Gb  bsp_sdio_sd.o [1]
SD_WriteMultiBlocks     0x0803f02d    0x1cc  Code  Gb  bsp_sdio_sd.o [1]
SPI1_Init               0x0803aca9     0xc0  Code  Gb  bsp_spi.o [1]
SPI1_ReadWriteByte      0x0803ad91     0x32  Code  Gb  bsp_spi.o [1]
SPI1_SetSpeed           0x0803ad69     0x28  Code  Gb  bsp_spi.o [1]
SPI_Cmd                 0x0803d485     0x1c  Code  Gb  stm32f4xx_spi.o [1]
SPI_I2S_GetFlagStatus   0x0803d4a1     0x18  Code  Gb  stm32f4xx_spi.o [1]
SPI_Init                0x0803d445     0x40  Code  Gb  stm32f4xx_spi.o [1]
SRC_Buffer              0x200001f0     0x14  Data  Gb  bsp_servomotor.o [1]
SVC_Handler             0x0803d1a1           Code  Gb  portasm.o [1]
SYSCFG_EXTILineConfig   0x0804466d     0x50  Code  Gb  stm32f4xx_syscfg.o [1]
Sdwe_ClearReadDisk      0x0803157f     0x20  Code  Gb  bsp_sdwe050c17.o [1]
Sdwe_change_class_time  0x08031c21     0x30  Code  Gb  bsp_sdwe050c17.o [1]
Sdwe_clearString        0x080314d3     0x54  Code  Gb  bsp_sdwe050c17.o [1]
Sdwe_clear_filename     0x080315cf     0x60  Code  Gb  bsp_sdwe050c17.o [1]
Sdwe_disDigi            0x08031383     0xa4  Code  Gb  bsp_sdwe050c17.o [1]
Sdwe_disPicture         0x08031339     0x4a  Code  Gb  bsp_sdwe050c17.o [1]
Sdwe_disString          0x08031427     0x82  Code  Gb  bsp_sdwe050c17.o [1]
Sdwe_hidden_page        0x08031cb9     0x30  Code  Gb  bsp_sdwe050c17.o [1]
Sdwe_peiliao_page       0x08031a6d    0x192  Code  Gb  bsp_sdwe050c17.o [1]
Sdwe_period_page        0x08031c51     0x68  Code  Gb  bsp_sdwe050c17.o [1]
Sdwe_product_page       0x0803186b    0x1fa  Code  Gb  bsp_sdwe050c17.o [1]
Sdwe_ratio_display      0x08031bff     0x22  Code  Gb  bsp_sdwe050c17.o [1]
Sdwe_readRTC            0x0803159f     0x30  Code  Gb  bsp_sdwe050c17.o [1]
Sdwe_refresh_allname    0x08031823     0x48  Code  Gb  bsp_sdwe050c17.o [1]
Sdwe_refresh_filename   0x0803162f    0x1f4  Code  Gb  bsp_sdwe050c17.o [1]
Sdwe_stop_page          0x08031ce9    0x380  Code  Gb  bsp_sdwe050c17.o [1]
Sdwe_writeIcon          0x08031527     0x58  Code  Gb  bsp_sdwe050c17.o [1]
ServoMotorRunning       0x08034087     0x22  Code  Gb  bsp_servomotor.o [1]
SetSysClock             0x08044197     0xce  Code  Lc  system_stm32f4xx.o [1]
SlavePara               0x2001e87c     0xa4  Data  Gb  protocol.o [1]
StepMotor_adjust_speed  0x08038f21     0x36  Code  Gb  bsp_stepmotor.o [1]
StepMotor_start         0x08038f83     0x2c  Code  Gb  bsp_stepmotor.o [1]
StepMotor_stop          0x08038f57     0x2c  Code  Gb  bsp_stepmotor.o [1]
StopCondition           0x2001ef6c      0x4  Data  Gb  bsp_sdio_sd.o [1]
SysTick_Handler         0x08039afb     0x2c  Code  Gb  port.o [1]
SystemCoreClock         0x20000234      0x4  Data  Gb  system_stm32f4xx.o [1]
SystemInit              0x08044145     0x52  Code  Gb  system_stm32f4xx.o [1]
TI1_Config              0x08038c5d     0x38  Code  Lc  stm32f4xx_tim.o [1]
TI2_Config              0x08038c95     0x42  Code  Lc  stm32f4xx_tim.o [1]
TI3_Config              0x08038cd7     0x40  Code  Lc  stm32f4xx_tim.o [1]
TI4_Config              0x08038d17     0x42  Code  Lc  stm32f4xx_tim.o [1]
TIM1_PWM_SETPMOTOR      0x08038eb3     0x6e  Code  Gb  bsp_stepmotor.o [1]
TIM2_IRQHandler         0x0803abe5     0xac  Code  Gb  bsp_timer.o [1]
TIM3_PWM_SETPMOTOR      0x08038e4d     0x66  Code  Gb  bsp_stepmotor.o [1]
TIM4_CH1_ConfigPwmOut   0x08033c7d     0x1c  Code  Gb  bsp_servomotor.o [1]
TIM4_CH1_GPIO_Configuration
                        0x08033cf3     0x42  Code  Gb  bsp_servomotor.o [1]
TIM4_CH1_PWMDMA_Config  0x08033e73     0xb0  Code  Gb  bsp_servomotor.o [1]
TIM4_CH1_StartPwmOut    0x08033c99     0x2c  Code  Gb  bsp_servomotor.o [1]
TIM4_CH1_StopPwmOut     0x08033cc5     0x2e  Code  Gb  bsp_servomotor.o [1]
TIM4_CH2_ConfigPwmOut   0x08033f23     0x1c  Code  Gb  bsp_servomotor.o [1]
TIM4_CH2_GPIO_Configuration
                        0x08033f99     0x3e  Code  Gb  bsp_servomotor.o [1]
TIM4_CH2_PWMDMA_Config  0x08033fd7     0xb0  Code  Gb  bsp_servomotor.o [1]
TIM4_CH2_StartPwmOut    0x08033f3f     0x2c  Code  Gb  bsp_servomotor.o [1]
TIM4_CH2_StopPwmOut     0x08033f6b     0x2e  Code  Gb  bsp_servomotor.o [1]
TIM4_PWM_Config         0x08033dad     0xc6  Code  Gb  bsp_servomotor.o [1]
TIM6_DAC_IRQHandler     0x0804494f     0x22  Code  Gb  SysInfoTest.o [1]
TIM8_UP_TIM13_IRQHandler
                        0x080391f7     0x46  Code  Gb  encoder_tim.o [1]
TIM_ARRPreloadConfig    0x08038873     0x1c  Code  Gb  stm32f4xx_tim.o [1]
TIM_CallBack1           0x0802f9a1     0x44  Code  Gb  apptask.o [1]
TIM_ClearFlag           0x08038bc7      0x8  Code  Gb  stm32f4xx_tim.o [1]
TIM_ClearITPendingBit   0x08038c01      0x8  Code  Gb  stm32f4xx_tim.o [1]
TIM_Cmd                 0x0803888f     0x1c  Code  Gb  stm32f4xx_tim.o [1]
TIM_CtrlPWMOutputs      0x08038b8f     0x22  Code  Gb  stm32f4xx_tim.o [1]
TIM_DMACmd              0x08038c09     0x16  Code  Gb  stm32f4xx_tim.o [1]
TIM_DeInit              0x08038675    0x17c  Code  Gb  stm32f4xx_tim.o [1]
TIM_EncoderInterfaceConfig
                        0x08038c1f     0x3e  Code  Gb  stm32f4xx_tim.o [1]
TIM_GetITStatus         0x08038bcf     0x32  Code  Gb  stm32f4xx_tim.o [1]
TIM_ICInit              0x08038abd     0x70  Code  Gb  stm32f4xx_tim.o [1]
TIM_ICStructInit        0x08038b2d     0x16  Code  Gb  stm32f4xx_tim.o [1]
TIM_ITConfig            0x08038bb1     0x16  Code  Gb  stm32f4xx_tim.o [1]
TIM_OC1Init             0x080388ab     0x7e  Code  Gb  stm32f4xx_tim.o [1]
TIM_OC2Init             0x08038929     0x8c  Code  Gb  stm32f4xx_tim.o [1]
TIM_OC2PreloadConfig    0x08038a97     0x14  Code  Gb  stm32f4xx_tim.o [1]
TIM_OC3Init             0x080389b5     0x8a  Code  Gb  stm32f4xx_tim.o [1]
TIM_OC3PreloadConfig    0x08038aab     0x12  Code  Gb  stm32f4xx_tim.o [1]
TIM_OCStructInit        0x08038a75     0x22  Code  Gb  stm32f4xx_tim.o [1]
TIM_SetIC1Prescaler     0x08038b43     0x12  Code  Gb  stm32f4xx_tim.o [1]
TIM_SetIC2Prescaler     0x08038b55     0x14  Code  Gb  stm32f4xx_tim.o [1]
TIM_SetIC3Prescaler     0x08038b69     0x12  Code  Gb  stm32f4xx_tim.o [1]
TIM_SetIC4Prescaler     0x08038b7b     0x14  Code  Gb  stm32f4xx_tim.o [1]
TIM_TimeBaseInit        0x080387f1     0x6a  Code  Gb  stm32f4xx_tim.o [1]
TIM_TimeBaseStructInit  0x0803885b     0x18  Code  Gb  stm32f4xx_tim.o [1]
Task_iwdg_refresh       0x0802fc79     0x8a  Code  Gb  apptask.o [1]
TransferEnd             0x2001ef70      0x4  Data  Gb  bsp_sdio_sd.o [1]
TransferError           0x2001f02e      0x1  Data  Gb  bsp_sdio_sd.o [1]
UART1ToPC               0x0803a8dd     0x30  Code  Gb  bsp_uart_fifo.o [1]
UART2ToPC               0x0803a90d     0x30  Code  Gb  bsp_uart_fifo.o [1]
UART2_RX_BUF            0x2001eab0     0x64  Data  Gb  bsp_uart_fifo.o [1]
UART3ToPC               0x0803a979     0x30  Code  Gb  bsp_uart_fifo.o [1]
UART4ToPC               0x0803a9a9     0x30  Code  Gb  bsp_uart_fifo.o [1]
UART4_IRQHandler        0x0803a7ef     0x84  Code  Gb  bsp_uart_fifo.o [1]
UART4_RX_BUF            0x2001ea4c     0x64  Data  Gb  bsp_uart_fifo.o [1]
UART5ToPC               0x0803a9d9     0x30  Code  Gb  bsp_uart_fifo.o [1]
UART5_IRQHandler        0x0803a873     0x6a  Code  Gb  bsp_uart_fifo.o [1]
USART1_IRQHandler       0x0803a75f     0x1e  Code  Gb  bsp_uart_fifo.o [1]
USART2_IRQHandler       0x0803a77d     0x68  Code  Gb  bsp_uart_fifo.o [1]
USART3_IRQHandler       0x0803a7e5      0xa  Code  Gb  bsp_uart_fifo.o [1]
USART_ClearFlag         0x0803d3a3      0xc  Code  Gb  stm32f4xx_usart.o [1]
USART_ClearITPendingBit
                        0x0803d41f     0x26  Code  Gb  stm32f4xx_usart.o [1]
USART_Cmd               0x0803d2ed     0x1c  Code  Gb  stm32f4xx_usart.o [1]
USART_DMACmd            0x0803d319     0x16  Code  Gb  stm32f4xx_usart.o [1]
USART_GetFlagStatus     0x0803d385     0x1e  Code  Gb  stm32f4xx_usart.o [1]
USART_GetITStatus       0x0803d3af     0x70  Code  Gb  stm32f4xx_usart.o [1]
USART_ITConfig          0x0803d32f     0x56  Code  Gb  stm32f4xx_usart.o [1]
USART_Init              0x0803d1f1     0xee  Code  Gb  stm32f4xx_usart.o [1]
USART_ReceiveData       0x0803d311      0x8  Code  Gb  stm32f4xx_usart.o [1]
USART_SendData          0x0803d309      0x8  Code  Gb  stm32f4xx_usart.o [1]
USBH_Alloc_Channel      0x0803c3c5     0x2e  Code  Gb  usbh_hcs.o [1]
USBH_BulkReceiveData    0x0803ca69     0x62  Code  Gb  usbh_ioreq.o [1]
USBH_BulkSendData       0x0803ca07     0x62  Code  Gb  usbh_ioreq.o [1]
USBH_CfgDesc            0x2001e3a0    0x200  Data  Gb  usbh_stdreq.o [1]
USBH_ClrFeature         0x0803c60f     0x4c  Code  Gb  usbh_stdreq.o [1]
USBH_Connected          0x080342ad      0xc  Code  Gb  usbh_core.o [1]
USBH_CtlReceiveData     0x0803c9c1     0x46  Code  Gb  usbh_ioreq.o [1]
USBH_CtlReq             0x0803c89b     0x6e  Code  Gb  usbh_ioreq.o [1]
USBH_CtlSendData        0x0803c94d     0x74  Code  Gb  usbh_ioreq.o [1]
[...]
get_card_type           0x08032a33     0xe4  Code  Gb  product_cal.o [1]
get_class_time          0x0803293b     0x7a  Code  Gb  product_cal.o [1]
get_fat                 0x08034e33    0x11c  Code  Gb  ff.o [1]
get_fattime             0x0803cdab      0x4  Code  Gb  diskio.o [1]
get_fileinfo            0x08035ae9    0x13c  Code  Lc  ff.o [1]
get_float_1bit          0x08032919     0x22  Code  Gb  product_cal.o [1]
get_ldnumber            0x08035fcf     0x50  Code  Lc  ff.o [1]
get_period_state        0x080329b5     0x54  Code  Gb  product_cal.o [1]
get_valid_length        0x080326e9     0x26  Code  Gb  bsp_sdwe050c17.o [1]
get_valid_seg           0x08033b9b     0x4a  Code  Gb  page_weimi.o [1]
get_weimi_para          0x08033b05     0x4a  Code  Gb  page_weimi.o [1]
hEncoder_Timer_Overflow
                        0x2001f014      0x2  Data  Gb  encoder_tim.o [1]
hPrevious_angle         0x2001f012      0x2  Data  Gb  encoder_tim.o [1]
hSpeed_Buffer           0x2001ee74     0x10  Data  Gb  encoder_tim.o [1]
hex_to_decimal          0x0803270f     0x26  Code  Gb  bsp_sdwe050c17.o [1]
idwgEventGroup          0x2001ef58      0x4  Data  Gb  apptask.o [1]
inc_card_type           0x08032b21    0x11c  Code  Gb  product_cal.o [1]
inc_lock                0x08034b33     0xe8  Code  Lc  ff.o [1]
init_peiliao_para       0x080327f5     0x50  Code  Gb  product_cal.o [1]
init_product_para       0x08032735     0xc0  Code  Gb  product_cal.o [1]
init_weimi_para         0x08033a47     0xbe  Code  Gb  page_weimi.o [1]
input_password_buf      0x2001eed8      0xc  Data  Gb  protocol.o [1]
input_password_len      0x2001f03a      0x1  Data  Gb  protocol.o [1]
isDevicePeriod          0x2001f02a      0x1  Data  Gb  apptask.o [1]
isWork                  0x2001f023      0x1  Data  Gb  apptask.o [1]
is_same_data            0x08032a09     0x2a  Code  Gb  product_cal.o [1]
is_stop                 0x2001f034      0x1  Data  Gb  page_weimi.o [1]
isalpha                 0x080414c9     0x14  Code  Gb  isxxx.o [3]
isspace                 0x080414dd     0x14  Code  Gb  isxxx.o [3]
lcd_busy                0x2001f02f      0x1  Data  Gb  bsp_sdwe050c17.o [1]
lcd_rev_buf             0x2001ec60     0x34  Data  Gb  bsp_sdwe050c17.o [1]
lcd_rev_len             0x2001f010      0x2  Data  Gb  bsp_sdwe050c17.o [1]
ld_clust                0x0803545d     0x28  Code  Lc  ff.o [1]
localeconv              0x0803d71b     0x16  Code  Gb  localeconv.o [3]
m_ctrl_dev              0x2001ef04      0x8  Data  Gb  modbus.o [1]
main                    0x080449e9     0x34  Code  Gb  main.o [1]
mallco_dev              0x200001d4     0x1c  Data  Gb  malloc.o [1]
mb_init                 0x08037299     0x30  Code  Gb  modbus.o [1]
mb_packsend_frame       0x080371a7     0xf2  Code  Gb  modbus.o [1]
mb_unpack_frame         0x08037065    0x142  Code  Gb  modbus.o [1]
mc_check_crc16          0x0803cf25     0x40  Code  Gb  mcheck.o [1]
mc_check_crc8           0x0803cf01     0x24  Code  Gb  mcheck.o [1]
mc_check_sum            0x0803ceb9     0x2e  Code  Gb  mcheck.o [1]
mc_check_xor            0x0803cee7     0x1a  Code  Gb  mcheck.o [1]
mem1base                0x20011a48   0xa000  Data  Gb  malloc.o [1]
mem1mapbase             0x2001ca48    0xa00  Data  Gb  malloc.o [1]
mem2base                0x68000000  0xf0000  Data  Gb  malloc.o [1]
mem2mapbase             0x680f0000   0xf000  Data  Gb  malloc.o [1]
mem_cmp                 0x08034a3f     0x24  Code  Lc  ff.o [1]
mem_cpy                 0x08034a0d     0x1c  Code  Lc  ff.o [1]
mem_set                 0x08034a29     0x16  Code  Lc  ff.o [1]
memblksize              0x08045804      0x8  Data  Gb  malloc.o [1]
memchr                  0x0803d4d1           Code  Gb  memchr.o [5]
memsize                 0x0804580c      0x8  Data  Gb  malloc.o [1]
memtblsize              0x080457fc      0x8  Data  Gb  malloc.o [1]
modbus_send_frame       0x080372c9     0xe6  Code  Gb  modbus.o [1]
move_window             0x08034d01     0x40  Code  Lc  ff.o [1]
my_mem_free             0x080332e7     0x6c  Code  Gb  malloc.o [1]
my_mem_init             0x080331ab     0x42  Code  Gb  malloc.o [1]
my_mem_malloc           0x0803322b     0xbc  Code  Gb  malloc.o [1]
my_mem_perused          0x080331ed     0x3e  Code  Gb  malloc.o [1]
myfree                  0x08033353     0x24  Code  Gb  malloc.o [1]
mymalloc                0x08033377     0x2a  Code  Gb  malloc.o [1]
mymemset                0x08033195     0x16  Code  Gb  malloc.o [1]
ndigs                   0x0804171c     0x28  Data  Lc  xstoull.o [3]
obuf                    0x2001ec10     0x50  Data  Lc  xfiles.o [3]
oem2uni                 0x0801560c  0x15484  Data  Lc  cc936.o [1]
old_card_record         0x2001f028      0x1  Data  Gb  apptask.o [1]
old_isWork              0x2001f024      0x1  Data  Gb  apptask.o [1]
old_is_stop             0x20000244      0x1  Data  Gb  page_weimi.o [1]
old_plan_complete       0x2001f038      0x1  Data  Gb  product_cal.o [1]
old_system_state        0x20000242      0x1  Data  Gb  apptask.o [1]
old_usb_disk_flag       0x2001f026      0x1  Data  Gb  apptask.o [1]
para_init               0x080376d9     0x82  Code  Gb  para.o [1]
pcInterruptPriorityRegisters
                        0x080458c8      0x4  Data  Lc  port.o [1]
peiliao_para            0x2001ec94     0x34  Data  Gb  product_cal.o [1]
pick_lfn                0x08035553     0x8c  Code  Lc  ff.o [1]
plan_complete           0x2001f037      0x1  Data  Gb  product_cal.o [1]
pluse_count             0x2001f00a      0x2  Data  Gb  apptask.o [1]
pows                    0x08041dd0     0x48  Data  Lc  xdtento.o [4]
printf                  0x080330b5     0x24  Code  Gb  printf.o [3]
product_complete_kilo   0x080328e9     0x30  Code  Gb  product_cal.o [1]
product_complete_meter  0x080328d7     0x12  Code  Gb  product_cal.o [1]
product_para            0x2001ecf0     0x28  Data  Gb  product_cal.o [1]
product_per_meter       0x08032845     0x78  Code  Gb  product_cal.o [1]
prvAddCurrentTaskToDelayedList
                        0x08030889     0x48  Code  Lc  tasks.o [1]
prvAllocateTCBAndStack  0x080308d1     0x5a  Code  Lc  tasks.o [1]
prvCheckForValidListAndQueue
                        0x080398fb     0x52  Code  Lc  timers.o [1]
prvCheckTasksWaitingTermination
                        0x0803081f     0x66  Code  Lc  tasks.o [1]
prvCopyDataFromQueue    0x080310b9     0x30  Code  Lc  queue.o [1]
prvCopyDataToQueue      0x08031035     0x84  Code  Lc  queue.o [1]
prvDeleteTCB            0x0803092b     0x12  Code  Lc  tasks.o [1]
prvGetNextExpireTime    0x080396e7     0x2e  Code  Lc  timers.o [1]
prvHeapInit             0x08039de9     0x6e  Code  Lc  heap_4.o [1]
prvIdleTask             0x08030739     0x26  Code  Lc  tasks.o [1]
prvInitialiseTCBVariables
                        0x0803075f     0x6a  Code  Lc  tasks.o [1]
prvInitialiseTaskLists  0x080307c9     0x56  Code  Lc  tasks.o [1]
prvInsertBlockIntoFreeList
                        0x08039e57     0x62  Code  Lc  heap_4.o [1]
prvInsertTimerInActiveList
                        0x0803973d     0x50  Code  Lc  timers.o [1]
prvIsQueueEmpty         0x08031153     0x20  Code  Lc  queue.o [1]
prvIsQueueFull          0x08031173     0x22  Code  Lc  queue.o [1]
prvProcessExpiredTimer  0x080395ff     0x5c  Code  Lc  timers.o [1]
prvProcessReceivedCommands
                        0x0803978d     0xde  Code  Lc  timers.o [1]
prvProcessTimerOrBlockTask
                        0x08039677     0x70  Code  Lc  timers.o [1]
prvResetNextTaskUnblockTime
                        0x0803093d     0x26  Code  Lc  tasks.o [1]
prvSampleTimeNow        0x08039715     0x28  Code  Lc  timers.o [1]
prvSwitchTimerLists     0x0803986b     0x90  Code  Lc  timers.o [1]
prvTaskExitError        0x08039999     0x2a  Code  Lc  port.o [1]
prvTestWaitCondition    0x080394a3     0x24  Code  Lc  event_groups.o [1]
prvTimerTask            0x0803965d     0x1a  Code  Lc  timers.o [1]
prvUnlockQueue          0x080310e9     0x6a  Code  Lc  queue.o [1]
put_fat                 0x08034f4f    0x16c  Code  Gb  ff.o [1]
putchar                 0x080452dd      0xc  Code  Gb  putchar.o [3]
pvPortMalloc            0x08039c59    0x118  Code  Gb  heap_4.o [1]
pxCurrentTCB            0x2001efa8      0x4  Data  Gb  tasks.o [1]
pxCurrentTimerList      0x2001efe8      0x4  Data  Lc  timers.o [1]
pxDelayedTaskList       0x2001efac      0x4  Data  Lc  tasks.o [1]
pxEnd                   0x2001ef88      0x4  Data  Lc  heap_4.o [1]
pxOverflowDelayedTaskList
                        0x2001efb0      0x4  Data  Lc  tasks.o [1]
pxOverflowTimerList     0x2001efec      0x4  Data  Lc  timers.o [1]
pxPortInitialiseStack   0x08039975     0x24  Code  Gb  port.o [1]
pxReadyTasksLists       0x2001e6b8     0xf0  Data  Lc  tasks.o [1]
rc522_cmd_anticoll      0x08037009     0x5a  Code  Gb  rc522.o [1]
rc522_cmd_request       0x08036fb5     0x54  Code  Gb  rc522.o [1]
readDisk                0x2001f02b      0x1  Data  Gb  apptask.o [1]
readFilenum             0x2001f02c      0x1  Data  Gb  apptask.o [1]
readSlave               0x2001eec0      0xc  Data  Gb  apptask.o [1]
read_device_info        0x08037475    0x260  Code  Gb  para.o [1]
read_file_select        0x2001eef0      0xc  Data  Gb  protocol.o [1]
read_from_disk          0x08037789    0xc34  Code  Gb  para.o [1]
remove_chain            0x080350bb     0x76  Code  Lc  ff.o [1]
rfid_rev_buf            0x2001edb4     0x14  Data  Gb  rc522.o [1]
rfid_rev_cnt            0x2001f03c      0x1  Data  Gb  rc522.o [1]
rfid_rev_flag           0x2001f03b      0x1  Data  Gb  rc522.o [1]
rtc_time                0x2001ef0c      0x8  Data  Gb  protocol.o [1]
s_TIM_CallBack1         0x2001ef78      0x4  Data  Lc  bsp_timer.o [1]
s_TIM_CallBack2         0x2001ef7c      0x4  Data  Lc  bsp_timer.o [1]
s_TIM_CallBack3         0x2001ef80      0x4  Data  Lc  bsp_timer.o [1]
s_TIM_CallBack4         0x2001ef84      0x4  Data  Lc  bsp_timer.o [1]
sample_time             0x2001f008      0x2  Data  Gb  apptask.o [1]
sdew_weimi_page1        0x0803208d    0x2d2  Code  Gb  bsp_sdwe050c17.o [1]
sdew_weimi_page2        0x08032369    0x236  Code  Gb  bsp_sdwe050c17.o [1]
sdew_weisha_page1       0x080325c5     0x92  Code  Gb  bsp_sdwe050c17.o [1]
sdew_weisha_page2       0x08032657     0x92  Code  Gb  bsp_sdwe050c17.o [1]
servomotor_mode         0x2001f033      0x1  Data  Gb  page_weimi.o [1]
servomotor_step         0x2001f01a      0x2  Data  Gb  page_weimi.o [1]
slave_info              0x2001eeb4      0xc  Data  Gb  apptask.o [1]
speed_zhu               0x2001f018      0x2  Data  Gb  page_weimi.o [1]
sprintf                 0x08036ea5     0x34  Code  Gb  sprintf.o [3]
sscanf                  0x0803cfe1     0x24  Code  Gb  sscanf.o [3]
st_clust                0x08035485     0x18  Code  Lc  ff.o [1]
step_motor_adjust       0x2001f032      0x1  Data  Gb  page_weimi.o [1]
strcat                  0x08036ed9     0x1c  Code  Gb  strcat.o [3]
strchr                  0x0803d4b9           Code  Gb  strchr.o [5]
strlen                  0x080339ad           Code  Gb  strlen.o [5]
strstr                  0x08037465     0x10  Code  Gb  para.o [1]
sum_sfn                 0x08035759     0x20  Code  Lc  ff.o [1]
sync_fs                 0x08034d41     0xd8  Code  Lc  ff.o [1]
sync_window             0x08034ca7     0x5a  Code  Lc  ff.o [1]
system_state_dis        0x08043fb4    0x190  Data  Gb  product_cal.o [1]
tolower                 0x080418fd     0x14  Code  Gb  tolower.o [3]
total_meter_gross       0x2001ef9c      0x4  Data  Gb  product_cal.o [1]
total_weight_gross      0x2001efa0      0x4  Data  Gb  product_cal.o [1]
ucHeap                  0x20000248  0x11800  Data  Lc  heap_4.o [1]
ucMaxSysCallPriority    0x2001f036      0x1  Data  Lc  port.o [1]
ulHighFrequencyTimerTicks
                        0x2001efa4      0x4  Data  Gb  SysInfoTest.o [1]
ulMaxPRIGROUPValue      0x2001ef98      0x4  Data  Lc  port.o [1]
ulTaskSwitchedInTime    0x2001efe0      0x4  Data  Lc  tasks.o [1]
ulTotalRunTime          0x2001efe4      0x4  Data  Lc  tasks.o [1]
uni2oem                 0x08000188  0x15484  Data  Lc  cc936.o [1]
usb_disk_flag           0x2001f025      0x1  Data  Gb  apptask.o [1]
usbh_OpenMassStorage    0x08034109     0x14  Code  Gb  usbh_usr.o [1]
uxCriticalNesting       0x20000230      0x4  Data  Lc  port.o [1]
uxCurrentNumberOfTasks  0x2001efb8      0x4  Data  Lc  tasks.o [1]
uxListRemove            0x08039c31     0x28  Code  Gb  list.o [1]
uxPendedTicks           0x2001efc8      0x4  Data  Lc  tasks.o [1]
uxSchedulerSuspended    0x2001efdc      0x4  Data  Lc  tasks.o [1]
uxTaskNumber            0x2001efd4      0x4  Data  Lc  tasks.o [1]
uxTaskResetEventItemValue
                        0x0803099d     0x20  Code  Gb  tasks.o [1]
uxTasksDeleted          0x2001efb4      0x4  Data  Lc  tasks.o [1]
uxTopReadyPriority      0x2001efc0      0x4  Data  Lc  tasks.o [1]
vListInitialise         0x08039bc1     0x1e  Code  Gb  list.o [1]
vListInsert             0x08039bf7     0x3a  Code  Gb  list.o [1]
vListInsertEnd          0x08039bdf     0x18  Code  Gb  list.o [1]
vPortEnableVFP          0x0803d1d5           Code  Gb  portasm.o [1]
vPortEnterCritical      0x08039a8f     0x3a  Code  Gb  port.o [1]
vPortExitCritical       0x08039ac9     0x32  Code  Gb  port.o [1]
vPortFree               0x08039d71     0x78  Code  Gb  heap_4.o [1]
vPortSetupTimerInterrupt
                        0x08039b27      0xe  Code  Wk  port.o [1]
vPortStartFirstTask     0x0803d1bd           Code  Gb  portasm.o [1]
vPortValidateInterruptPriority
                        0x08039b35     0x4e  Code  Gb  port.o [1]
vQueueWaitForMessageRestricted
                        0x08031195     0x44  Code  Gb  queue.o [1]
vSetupSysInfoTest       0x0804493d     0x12  Code  Gb  SysInfoTest.o [1]
vTaskDelay              0x0802ff95     0x84  Code  Gb  tasks.o [1]
vTaskFreq               0x0802f4e1    0x1a2  Code  Lc  apptask.o [1]
vTaskManageCapacity     0x0802e6f9    0x5b2  Code  Gb  apptask.o [1]
vTaskMassStorage        0x0802d4b9    0x5a4  Code  Lc  apptask.o [1]
vTaskMissedYield        0x0803072f      0xa  Code  Gb  tasks.o [1]
vTaskMotorControl       0x0802ed1d    0x79a  Code  Lc  apptask.o [1]
vTaskMsgPro             0x0802decd    0x434  Code  Lc  apptask.o [1]
vTaskPlaceOnEventList   0x08030395     0x74  Code  Gb  tasks.o [1]
vTaskPlaceOnEventListRestricted
                        0x080304cd     0x80  Code  Gb  tasks.o [1]
vTaskPlaceOnUnorderedEventList
                        0x08030425     0xa8  Code  Gb  tasks.o [1]
vTaskReadDisk           0x0802e435    0x26a  Code  Lc  apptask.o [1]
vTaskRev485             0x0802e325     0xba  Code  Lc  apptask.o [1]
vTaskSetTimeOutState    0x08030679     0x26  Code  Gb  tasks.o [1]
vTaskStartScheduler     0x08030019     0x7e  Code  Gb  tasks.o [1]
vTaskSuspendAll         0x08030097     0x10  Code  Gb  tasks.o [1]
vTaskSwitchContext      0x080302e5     0xb0  Code  Gb  tasks.o [1]
vTaskTaskLCD            0x0802aa91   0x29e2  Code  Gb  apptask.o [1]
vTaskTaskLED            0x0802da91     0x20  Code  Lc  apptask.o [1]
vTaskTaskRFID           0x0802dab1    0x3cc  Code  Lc  apptask.o [1]
valid_seg               0x2001f035      0x1  Data  Gb  page_weimi.o [1]
validate                0x080364ff     0x36  Code  Lc  ff.o [1]
weimi_para              0x2001e5a0    0x118  Data  Gb  page_weimi.o [1]
work_idle               0x2001f039      0x1  Data  Gb  product_cal.o [1]
work_idle_time          0x2001f01c      0x2  Data  Gb  product_cal.o [1]
xActiveTimerList1       0x2001ee2c     0x14  Data  Lc  timers.o [1]
xActiveTimerList2       0x2001ee40     0x14  Data  Lc  timers.o [1]
xBlockAllocatedBit      0x2001ef94      0x4  Data  Lc  heap_4.o [1]
xDelayedTaskList1       0x2001edc8     0x14  Data  Lc  tasks.o [1]
xDelayedTaskList2       0x2001eddc     0x14  Data  Lc  tasks.o [1]
xEventGroupCreate       0x08039265     0x1c  Code  Gb  event_groups.o [1]
xEventGroupSetBits      0x080393cd     0xd6  Code  Gb  event_groups.o [1]
xEventGroupWaitBits     0x08039281    0x146  Code  Gb  event_groups.o [1]
xFreeBytesRemaining     0x2001ef8c      0x4  Data  Lc  heap_4.o [1]
xHandleTaskFreq         0x2001ef38      0x4  Data  Gb  apptask.o [1]
xHandleTaskLCD          0x2001ef14      0x4  Data  Gb  apptask.o [1]
xHandleTaskLED          0x2001ef18      0x4  Data  Gb  apptask.o [1]
xHandleTaskManageCapacity
                        0x2001ef30      0x4  Data  Gb  apptask.o [1]
xHandleTaskMassStorage  0x2001ef20      0x4  Data  Gb  apptask.o [1]
xHandleTaskMotorControl
                        0x2001ef34      0x4  Data  Gb  apptask.o [1]
xHandleTaskMsgPro       0x2001ef28      0x4  Data  Gb  apptask.o [1]
xHandleTaskRFID         0x2001ef1c      0x4  Data  Gb  apptask.o [1]
xHandleTaskReadDisk     0x2001ef24      0x4  Data  Gb  apptask.o [1]
xHandleTaskRev485       0x2001ef2c      0x4  Data  Gb  apptask.o [1]
xHeapStructSize         0x080458c4      0x4  Data  Lc  heap_4.o [1]
xMinimumEverFreeBytesRemaining
                        0x2001ef90      0x4  Data  Lc  heap_4.o [1]
xNextTaskUnblockTime    0x2001efd8      0x4  Data  Lc  tasks.o [1]
xNumOfOverflows         0x2001efd0      0x4  Data  Lc  tasks.o [1]
xPendingReadyList       0x2001edf0     0x14  Data  Lc  tasks.o [1]
xPortStartScheduler     0x080399c3     0xcc  Code  Gb  port.o [1]
xQueueGenericCreate     0x08030aa1     0x7e  Code  Gb  queue.o [1]
xQueueGenericReceive    0x08030e95    0x19c  Code  Gb  queue.o [1]
xQueueGenericReset      0x08030a11     0x90  Code  Gb  queue.o [1]
xQueueGenericSend       0x08030b1f    0x1b2  Code  Gb  queue.o [1]
xQueueGenericSendFromISR
                        0x08030cd1     0xec  Code  Gb  queue.o [1]
xQueueGiveFromISR       0x08030dbd     0xd8  Code  Gb  queue.o [1]
xQueue_message          0x2001ef60      0x4  Data  Gb  apptask.o [1]
xSchedulerRunning       0x2001efc4      0x4  Data  Lc  tasks.o [1]
xSemaphore_download     0x2001ef50      0x4  Data  Gb  apptask.o [1]
xSemaphore_encoder      0x2001ef48      0x4  Data  Gb  apptask.o [1]
xSemaphore_freq         0x2001ef4c      0x4  Data  Gb  apptask.o [1]
xSemaphore_lcd          0x2001ef3c      0x4  Data  Gb  apptask.o [1]
xSemaphore_pluse        0x2001ef44      0x4  Data  Gb  apptask.o [1]
xSemaphore_readDisk     0x2001ef54      0x4  Data  Gb  apptask.o [1]
xSemaphore_rs485        0x2001ef40      0x4  Data  Gb  apptask.o [1]
xStart                  0x2001eefc      0x8  Data  Lc  heap_4.o [1]
xSuspendedTaskList      0x2001ee18     0x14  Data  Lc  tasks.o [1]
xTaskCheckForTimeOut    0x080306a5     0x8a  Code  Gb  tasks.o [1]
xTaskGenericCreate      0x0802fe11    0x184  Code  Gb  tasks.o [1]
xTaskGetSchedulerState  0x08030963     0x26  Code  Gb  tasks.o [1]
xTaskGetTickCount       0x080301a7      0xa  Code  Gb  tasks.o [1]
xTaskIncrementTick      0x080301b1    0x134  Code  Gb  tasks.o [1]
xTaskRemoveFromEventList
                        0x08030551     0x8e  Code  Gb  tasks.o [1]
xTaskRemoveFromUnorderedEventList
                        0x080305e5     0x94  Code  Gb  tasks.o [1]
xTaskResumeAll          0x080300a7    0x100  Code  Gb  tasks.o [1]
xTasksWaitingTermination
                        0x2001ee04     0x14  Data  Lc  tasks.o [1]
xTickCount              0x2001efbc      0x4  Data  Lc  tasks.o [1]
xTimerCreate            0x08039519     0x62  Code  Gb  timers.o [1]
xTimerCreateTimerTask   0x080394c9     0x50  Code  Gb  timers.o [1]
xTimerGenericCommand    0x0803957b     0x84  Code  Gb  timers.o [1]
xTimerQueue             0x2001eff0      0x4  Data  Lc  timers.o [1]
xTimerUser              0x2001ef5c      0x4  Data  Gb  apptask.o [1]
xYieldPending           0x2001efcc      0x4  Data  Lc  tasks.o [1]


[1] = E:\WORK\YarnControl_Driver\YarnControl_Driver\src\stm32f4_rtos\Project\EWARMv7\Flash\Obj
[2] = command line
[3] = dl7M_tlf.a
[4] = m7M_tls.a
[5] = rt7M_tl.a
[6] = shb_l.a

  102 970 bytes of readonly  code memory
  182 471 bytes of readonly  data memory
  129 090 bytes of readwrite data memory (+ 1 044 480 absolute)

Errors: none
Warnings: none
