###############################################################################
#
# IAR ELF Linker V7.40.7.9843/W32 for ARM                 29/Jan/2019  23:48:00
# Copyright 2007-2015 IAR Systems AB.
#
#    Output file  =  
#        E:\WORK\YarnControl_Driver\YarnControl_Driver\src\stm32f4_rtos\Project\EWARMv7\Flash\Exe\project.out
#    Map file     =  
#        E:\WORK\YarnControl_Driver\YarnControl_Driver\src\stm32f4_rtos\Project\EWARMv7\Flash\List\project.map
#    Command line =  
#        E:\WORK\YarnControl_Driver\YarnControl_Driver\src\stm32f4_rtos\Project\EWARMv7\Flash\Obj\apptask.o
#        E:\WORK\YarnControl_Driver\YarnControl_Driver\src\stm32f4_rtos\Project\EWARMv7\Flash\Obj\bsp.o
#        E:\WORK\YarnControl_Driver\YarnControl_Driver\src\stm32f4_rtos\Project\EWARMv7\Flash\Obj\bsp_closeSW.o
#        E:\WORK\YarnControl_Driver\YarnControl_Driver\src\stm32f4_rtos\Project\EWARMv7\Flash\Obj\bsp_dwt.o
#        E:\WORK\YarnControl_Driver\YarnControl_Driver\src\stm32f4_rtos\Project\EWARMv7\Flash\Obj\bsp_led.o
#        E:\WORK\YarnControl_Driver\YarnControl_Driver\src\stm32f4_rtos\Project\EWARMv7\Flash\Obj\bsp_relay.o
#        E:\WORK\YarnControl_Driver\YarnControl_Driver\src\stm32f4_rtos\Project\EWARMv7\Flash\Obj\bsp_sdio_sd.o
#        E:\WORK\YarnControl_Driver\YarnControl_Driver\src\stm32f4_rtos\Project\EWARMv7\Flash\Obj\bsp_sdwe050c17.o
#        E:\WORK\YarnControl_Driver\YarnControl_Driver\src\stm32f4_rtos\Project\EWARMv7\Flash\Obj\bsp_servomotor.o
#        E:\WORK\YarnControl_Driver\YarnControl_Driver\src\stm32f4_rtos\Project\EWARMv7\Flash\Obj\bsp_spi.o
#        E:\WORK\YarnControl_Driver\YarnControl_Driver\src\stm32f4_rtos\Project\EWARMv7\Flash\Obj\bsp_stepmotor.o
#        E:\WORK\YarnControl_Driver\YarnControl_Driver\src\stm32f4_rtos\Project\EWARMv7\Flash\Obj\bsp_sw_onoff.o
#        E:\WORK\YarnControl_Driver\YarnControl_Driver\src\stm32f4_rtos\Project\EWARMv7\Flash\Obj\bsp_tim_pwm.o
#        E:\WORK\YarnControl_Driver\YarnControl_Driver\src\stm32f4_rtos\Project\EWARMv7\Flash\Obj\bsp_timer.o
#        E:\WORK\YarnControl_Driver\YarnControl_Driver\src\stm32f4_rtos\Project\EWARMv7\Flash\Obj\bsp_uart_fifo.o
#        E:\WORK\YarnControl_Driver\YarnControl_Driver\src\stm32f4_rtos\Project\EWARMv7\Flash\Obj\bsp_w25qxx.o
#        E:\WORK\YarnControl_Driver\YarnControl_Driver\src\stm32f4_rtos\Project\EWARMv7\Flash\Obj\bsp_watchdog.o
#        E:\WORK\YarnControl_Driver\YarnControl_Driver\src\stm32f4_rtos\Project\EWARMv7\Flash\Obj\cc936.o
#        E:\WORK\YarnControl_Driver\YarnControl_Driver\src\stm32f4_rtos\Project\EWARMv7\Flash\Obj\croutine.o
#        E:\WORK\YarnControl_Driver\YarnControl_Driver\src\stm32f4_rtos\Project\EWARMv7\Flash\Obj\demo_fatfs.o
#        E:\WORK\YarnControl_Driver\YarnControl_Driver\src\stm32f4_rtos\Project\EWARMv7\Flash\Obj\diskio.o
#        E:\WORK\YarnControl_Driver\YarnControl_Driver\src\stm32f4_rtos\Project\EWARMv7\Flash\Obj\encoder.o
#        E:\WORK\YarnControl_Driver\YarnControl_Driver\src\stm32f4_rtos\Project\EWARMv7\Flash\Obj\event_groups.o
#        E:\WORK\YarnControl_Driver\YarnControl_Driver\src\stm32f4_rtos\Project\EWARMv7\Flash\Obj\ff.o
#        E:\WORK\YarnControl_Driver\YarnControl_Driver\src\stm32f4_rtos\Project\EWARMv7\Flash\Obj\heap_4.o
#        E:\WORK\YarnControl_Driver\YarnControl_Driver\src\stm32f4_rtos\Project\EWARMv7\Flash\Obj\list.o
#        E:\WORK\YarnControl_Driver\YarnControl_Driver\src\stm32f4_rtos\Project\EWARMv7\Flash\Obj\main.o
#        E:\WORK\YarnControl_Driver\YarnControl_Driver\src\stm32f4_rtos\Project\EWARMv7\Flash\Obj\malloc.o
#        E:\WORK\YarnControl_Driver\YarnControl_Driver\src\stm32f4_rtos\Project\EWARMv7\Flash\Obj\mcheck.o
#        E:\WORK\YarnControl_Driver\YarnControl_Driver\src\stm32f4_rtos\Project\EWARMv7\Flash\Obj\misc.o
#        E:\WORK\YarnControl_Driver\YarnControl_Driver\src\stm32f4_rtos\Project\EWARMv7\Flash\Obj\modbus.o
#        E:\WORK\YarnControl_Driver\YarnControl_Driver\src\stm32f4_rtos\Project\EWARMv7\Flash\Obj\page_weimi.o
#        E:\WORK\YarnControl_Driver\YarnControl_Driver\src\stm32f4_rtos\Project\EWARMv7\Flash\Obj\para.o
#        E:\WORK\YarnControl_Driver\YarnControl_Driver\src\stm32f4_rtos\Project\EWARMv7\Flash\Obj\port.o
#        E:\WORK\YarnControl_Driver\YarnControl_Driver\src\stm32f4_rtos\Project\EWARMv7\Flash\Obj\portasm.o
#        E:\WORK\YarnControl_Driver\YarnControl_Driver\src\stm32f4_rtos\Project\EWARMv7\Flash\Obj\product_cal.o
#        E:\WORK\YarnControl_Driver\YarnControl_Driver\src\stm32f4_rtos\Project\EWARMv7\Flash\Obj\protocol.o
#        E:\WORK\YarnControl_Driver\YarnControl_Driver\src\stm32f4_rtos\Project\EWARMv7\Flash\Obj\queue.o
#        E:\WORK\YarnControl_Driver\YarnControl_Driver\src\stm32f4_rtos\Project\EWARMv7\Flash\Obj\rc522.o
#        E:\WORK\YarnControl_Driver\YarnControl_Driver\src\stm32f4_rtos\Project\EWARMv7\Flash\Obj\startup_stm32f40_41xxx.o
#        E:\WORK\YarnControl_Driver\YarnControl_Driver\src\stm32f4_rtos\Project\EWARMv7\Flash\Obj\stm32f4xx_adc.o
#        E:\WORK\YarnControl_Driver\YarnControl_Driver\src\stm32f4_rtos\Project\EWARMv7\Flash\Obj\stm32f4xx_assert.o
#        E:\WORK\YarnControl_Driver\YarnControl_Driver\src\stm32f4_rtos\Project\EWARMv7\Flash\Obj\stm32f4xx_can.o
#        E:\WORK\YarnControl_Driver\YarnControl_Driver\src\stm32f4_rtos\Project\EWARMv7\Flash\Obj\stm32f4xx_crc.o
#        E:\WORK\YarnControl_Driver\YarnControl_Driver\src\stm32f4_rtos\Project\EWARMv7\Flash\Obj\stm32f4xx_cryp.o
#        E:\WORK\YarnControl_Driver\YarnControl_Driver\src\stm32f4_rtos\Project\EWARMv7\Flash\Obj\stm32f4xx_cryp_aes.o
#        E:\WORK\YarnControl_Driver\YarnControl_Driver\src\stm32f4_rtos\Project\EWARMv7\Flash\Obj\stm32f4xx_cryp_des.o
#        E:\WORK\YarnControl_Driver\YarnControl_Driver\src\stm32f4_rtos\Project\EWARMv7\Flash\Obj\stm32f4xx_cryp_tdes.o
#        E:\WORK\YarnControl_Driver\YarnControl_Driver\src\stm32f4_rtos\Project\EWARMv7\Flash\Obj\stm32f4xx_dac.o
#        E:\WORK\YarnControl_Driver\YarnControl_Driver\src\stm32f4_rtos\Project\EWARMv7\Flash\Obj\stm32f4xx_dbgmcu.o
#        E:\WORK\YarnControl_Driver\YarnControl_Driver\src\stm32f4_rtos\Project\EWARMv7\Flash\Obj\stm32f4xx_dcmi.o
#        E:\WORK\YarnControl_Driver\YarnControl_Driver\src\stm32f4_rtos\Project\EWARMv7\Flash\Obj\stm32f4xx_dma.o
#        E:\WORK\YarnControl_Driver\YarnControl_Driver\src\stm32f4_rtos\Project\EWARMv7\Flash\Obj\stm32f4xx_dma2d.o
#        E:\WORK\YarnControl_Driver\YarnControl_Driver\src\stm32f4_rtos\Project\EWARMv7\Flash\Obj\stm32f4xx_exti.o
#        E:\WORK\YarnControl_Driver\YarnControl_Driver\src\stm32f4_rtos\Project\EWARMv7\Flash\Obj\stm32f4xx_flash.o
#        E:\WORK\YarnControl_Driver\YarnControl_Driver\src\stm32f4_rtos\Project\EWARMv7\Flash\Obj\stm32f4xx_fsmc.o
#        E:\WORK\YarnControl_Driver\YarnControl_Driver\src\stm32f4_rtos\Project\EWARMv7\Flash\Obj\stm32f4xx_gpio.o
#        E:\WORK\YarnControl_Driver\YarnControl_Driver\src\stm32f4_rtos\Project\EWARMv7\Flash\Obj\stm32f4xx_hash.o
#        E:\WORK\YarnControl_Driver\YarnControl_Driver\src\stm32f4_rtos\Project\EWARMv7\Flash\Obj\stm32f4xx_hash_md5.o
#        E:\WORK\YarnControl_Driver\YarnControl_Driver\src\stm32f4_rtos\Project\EWARMv7\Flash\Obj\stm32f4xx_hash_sha1.o
#        E:\WORK\YarnControl_Driver\YarnControl_Driver\src\stm32f4_rtos\Project\EWARMv7\Flash\Obj\stm32f4xx_i2c.o
#        E:\WORK\YarnControl_Driver\YarnControl_Driver\src\stm32f4_rtos\Project\EWARMv7\Flash\Obj\stm32f4xx_it.o
#        E:\WORK\YarnControl_Driver\YarnControl_Driver\src\stm32f4_rtos\Project\EWARMv7\Flash\Obj\stm32f4xx_iwdg.o
#        E:\WORK\YarnControl_Driver\YarnControl_Driver\src\stm32f4_rtos\Project\EWARMv7\Flash\Obj\stm32f4xx_ltdc.o
#        E:\WORK\YarnControl_Driver\YarnControl_Driver\src\stm32f4_rtos\Project\EWARMv7\Flash\Obj\stm32f4xx_pwr.o
#        E:\WORK\YarnControl_Driver\YarnControl_Driver\src\stm32f4_rtos\Project\EWARMv7\Flash\Obj\stm32f4xx_rcc.o
#        E:\WORK\YarnControl_Driver\YarnControl_Driver\src\stm32f4_rtos\Project\EWARMv7\Flash\Obj\stm32f4xx_rng.o
#        E:\WORK\YarnControl_Driver\YarnControl_Driver\src\stm32f4_rtos\Project\EWARMv7\Flash\Obj\stm32f4xx_rtc.o
#        E:\WORK\YarnControl_Driver\YarnControl_Driver\src\stm32f4_rtos\Project\EWARMv7\Flash\Obj\stm32f4xx_sai.o
#        E:\WORK\YarnControl_Driver\YarnControl_Driver\src\stm32f4_rtos\Project\EWARMv7\Flash\Obj\stm32f4xx_sdio.o
#        E:\WORK\YarnControl_Driver\YarnControl_Driver\src\stm32f4_rtos\Project\EWARMv7\Flash\Obj\stm32f4xx_spi.o
#        E:\WORK\YarnControl_Driver\YarnControl_Driver\src\stm32f4_rtos\Project\EWARMv7\Flash\Obj\stm32f4xx_syscfg.o
#        E:\WORK\YarnControl_Driver\YarnControl_Driver\src\stm32f4_rtos\Project\EWARMv7\Flash\Obj\stm32f4xx_tim.o
#        E:\WORK\YarnControl_Driver\YarnControl_Driver\src\stm32f4_rtos\Project\EWARMv7\Flash\Obj\stm32f4xx_usart.o
#        E:\WORK\YarnControl_Driver\YarnControl_Driver\src\stm32f4_rtos\Project\EWARMv7\Flash\Obj\stm32f4xx_wwdg.o
#        E:\WORK\YarnControl_Driver\YarnControl_Driver\src\stm32f4_rtos\Project\EWARMv7\Flash\Obj\SysInfoTest.o
#        E:\WORK\YarnControl_Driver\YarnControl_Driver\src\stm32f4_rtos\Project\EWARMv7\Flash\Obj\system_stm32f4xx.o
#        E:\WORK\YarnControl_Driver\YarnControl_Driver\src\stm32f4_rtos\Project\EWARMv7\Flash\Obj\tasks.o
#        E:\WORK\YarnControl_Driver\YarnControl_Driver\src\stm32f4_rtos\Project\EWARMv7\Flash\Obj\timers.o
#        E:\WORK\YarnControl_Driver\YarnControl_Driver\src\stm32f4_rtos\Project\EWARMv7\Flash\Obj\usb_bsp.o
#        E:\WORK\YarnControl_Driver\YarnControl_Driver\src\stm32f4_rtos\Project\EWARMv7\Flash\Obj\usb_core.o
#        E:\WORK\YarnControl_Driver\YarnControl_Driver\src\stm32f4_rtos\Project\EWARMv7\Flash\Obj\usb_hcd.o
#        E:\WORK\YarnControl_Driver\YarnControl_Driver\src\stm32f4_rtos\Project\EWARMv7\Flash\Obj\usb_hcd_int.o
#        E:\WORK\YarnControl_Driver\YarnControl_Driver\src\stm32f4_rtos\Project\EWARMv7\Flash\Obj\usbh_core.o
#        E:\WORK\YarnControl_Driver\YarnControl_Driver\src\stm32f4_rtos\Project\EWARMv7\Flash\Obj\usbh_hcs.o
#        E:\WORK\YarnControl_Driver\YarnControl_Driver\src\stm32f4_rtos\Project\EWARMv7\Flash\Obj\usbh_ioreq.o
#        E:\WORK\YarnControl_Driver\YarnControl_Driver\src\stm32f4_rtos\Project\EWARMv7\Flash\Obj\usbh_it.o
#        E:\WORK\YarnControl_Driver\YarnControl_Driver\src\stm32f4_rtos\Project\EWARMv7\Flash\Obj\usbh_msc_bot.o
#        E:\WORK\YarnControl_Driver\YarnControl_Driver\src\stm32f4_rtos\Project\EWARMv7\Flash\Obj\usbh_msc_core.o
#        E:\WORK\YarnControl_Driver\YarnControl_Driver\src\stm32f4_rtos\Project\EWARMv7\Flash\Obj\usbh_msc_scsi.o
#        E:\WORK\YarnControl_Driver\YarnControl_Driver\src\stm32f4_rtos\Project\EWARMv7\Flash\Obj\usbh_stdreq.o
#        E:\WORK\YarnControl_Driver\YarnControl_Driver\src\stm32f4_rtos\Project\EWARMv7\Flash\Obj\usbh_usr.o
#        -o
#        E:\WORK\YarnControl_Driver\YarnControl_Driver\src\stm32f4_rtos\Project\EWARMv7\Flash\Exe\project.out
#        --map
#        E:\WORK\YarnControl_Driver\YarnControl_Driver\src\stm32f4_rtos\Project\EWARMv7\Flash\List\project.map
#        --config
#        E:\WORK\YarnControl_Driver\YarnControl_Driver\src\stm32f4_rtos\Project\EWARMv7\stm32f4xx_flash.icf
#        --semihosting --entry __iar_program_start --inline --vfe
#
###############################################################################

*******************************************************************************
*** RUNTIME MODEL ATTRIBUTES
***

CppFlavor       = *
__SystemLibrary = DLib


*******************************************************************************
*** PLACEMENT SUMMARY
***

"A1":  place at 0x08000000 { ro section .intvec };
"P1":  place in [from 0x08000000 to 0x080fffff] { ro };
"P2":  place in [from 0x20000000 to 0x2001ffff] { rw, block CSTACK, block HEAP };

  Section             Kind        Address     Size  Object
  -------             ----        -------     ----  ------
"A1":                                        0x188
  .intvec             ro code  0x08000000    0x188  startup_stm32f40_41xxx.o [1]
                             - 0x08000188    0x188

"P1":                                      0x41d55
  .rodata             const    0x08000188  0x15484  cc936.o [1]
  .rodata             const    0x0801560c  0x15484  cc936.o [1]
  .text               ro code  0x0802aa90   0x46a8  apptask.o [1]
  .text               ro code  0x0802f138    0xc00  tasks.o [1]
  .text               ro code  0x0802fd38    0x7c8  queue.o [1]
  .text               ro code  0x08030500   0x1258  bsp_sdwe050c17.o [1]
  .text               ro code  0x08031758    0x524  product_cal.o [1]
  .text               ro code  0x08031c7c     0x66  ABImemset.o [5]
  .text               ro code  0x08031ce2      0xa  xsprout.o [3]
  .text               ro code  0x08031cec    0x380  bsp_w25qxx.o [1]
  .text               ro code  0x0803206c     0x76  ABImemcpy_unaligned.o [5]
  .text               ro code  0x080320e4     0x4e  FltToDbl.o [4]
  .text               ro code  0x08032134     0x24  printf.o [3]
  .text               ro code  0x08032158     0x42  strcmp_unaligned.o [5]
  .text               ro code  0x0803219c    0x21c  malloc.o [1]
  .text               ro code  0x080323b8     0x30  I32ToDbl.o [4]
  .text               ro code  0x080323e8    0x256  DblDiv.o [4]
  .text               ro code  0x08032640     0xe8  DblAdd.o [4]
  .text               ro code  0x08032728    0x1a2  DblMul.o [4]
  .text               ro code  0x080328cc     0x58  DblToI32.o [4]
  .text               ro code  0x08032924     0x90  DblToFlt.o [4]
  .text               ro code  0x080329b4     0x36  strlen.o [5]
  .text               ro code  0x080329ec     0x62  memcmp_unaligned.o [5]
  .text               ro code  0x08032a50    0x1b6  usbh_usr.o [1]
  .text               ro code  0x08032c08    0x760  usbh_core.o [1]
  .text               ro code  0x08033368   0x2264  ff.o [1]
  .text               ro code  0x080355cc     0x34  sprintf.o [3]
  .text               ro code  0x08035600     0x1c  strcat.o [3]
  .text               ro code  0x0803561c     0xc0  bsp_led.o [1]
  .text               ro code  0x080356dc     0xae  rc522.o [1]
  .text               ro code  0x0803578c    0x354  modbus.o [1]
  .text               ro code  0x08035ae0     0x68  bsp_sw_onoff.o [1]
  .text               ro code  0x08035b48     0x44  protocol.o [1]
  .text               ro code  0x08035b8c     0x10  apptask.o [1]
  .text               ro code  0x08035b9c    0x12c  stm32f4xx_gpio.o [1]
  .text               ro code  0x08035cc8    0x6ec  stm32f4xx_tim.o [1]
  .text               ro code  0x080363b4    0x2b4  bsp_stepmotor.o [1]
  .text               ro code  0x08036668    0x48c  bsp_servomotor.o [1]
  .text               ro code  0x08036af4    0x360  encoder.o [1]
  .text               ro code  0x08036e54    0x1f8  page_weimi.o [1]
  .text               ro code  0x0803704c    0x262  event_groups.o [1]
  .text               ro code  0x080372b0    0x4a4  timers.o [1]
  .text               ro code  0x08037754      0x8  bsp_watchdog.o [1]
  .text               ro code  0x0803775c    0x24c  port.o [1]
  .text               ro code  0x080379a8     0x98  list.o [1]
  .text               ro code  0x08037a40    0x280  heap_4.o [1]
  .text               ro code  0x08037cc0    0x1e8  stm32f4xx_rcc.o [1]
  .text               ro code  0x08037ea8    0x9e4  bsp_uart_fifo.o [1]
  .text               ro code  0x0803888c    0x204  bsp_timer.o [1]
  .text               ro code  0x08038a90    0x124  bsp_spi.o [1]
  .text               ro code  0x08038bb4    0xd96  xprintffull_nomb.o [3]
  .text               ro code  0x0803994c    0x180  DblSub.o [4]
  .text               ro code  0x08039acc    0x14c  usb_bsp.o [1]
  .text               ro code  0x08039c18     0xd6  usb_hcd.o [1]
  .text               ro code  0x08039cee    0x1ba  usbh_hcs.o [1]
  .text               ro code  0x08039ea8    0x436  usbh_stdreq.o [1]
  .text               ro code  0x0803a2de    0x246  usbh_ioreq.o [1]
  .text               ro code  0x0803a524    0x2e4  diskio.o [1]
  .text               ro code  0x0803a808     0xf4  cc936.o [1]
  .text               ro code  0x0803a8fc     0xb8  mcheck.o [1]
  .text               ro code  0x0803a9b4     0x2c  strstr.o [3]
  .text               ro code  0x0803a9e0    0x31c  stm32f4xx_dma.o [1]
  .text               ro code  0x0803acfc     0x88  misc.o [1]
  .text               ro code  0x0803ad84     0x10  stm32f4xx_iwdg.o [1]
  CODE                ro code  0x0803ad94     0xa8  portasm.o [1]
  .text               ro code  0x0803ae3c    0x254  stm32f4xx_usart.o [1]
  .text               ro code  0x0803b090     0x74  stm32f4xx_spi.o [1]
  .text               ro code  0x0803b104     0x16  strchr.o [5]
  .text               ro code  0x0803b11c     0x58  memchr.o [5]
  .text               ro code  0x0803b174     0xee  I64DivMod.o [5]
  .text               ro code  0x0803b262     0x42  xdnorm.o [4]
  .text               ro code  0x0803b2a4     0x2e  DblCmpLe.o [4]
  .text               ro code  0x0803b2d4     0x2e  DblCmpGe.o [4]
  .text               ro code  0x0803b304    0x114  xdscale.o [4]
  .text               ro code  0x0803b418     0x6c  localeconv.o [3]
  .text               ro code  0x0803b484      0xe  div.o [3]
  .text               ro code  0x0803b494     0x74  bsp_dwt.o [1]
  .text               ro code  0x0803b508    0xa50  usb_core.o [1]
  .text               ro code  0x0803bf58   0x1a58  bsp_sdio_sd.o [1]
  .text               ro code  0x0803d9b0    0x618  usbh_msc_scsi.o [1]
  .text               ro code  0x0803dfc8    0x554  usbh_msc_bot.o [1]
  .text               ro code  0x0803e51c      0x2  I64DivZer.o [5]
  .text               ro code  0x0803e520    0x17c  stm32f4xx_sdio.o [1]
  .text               ro code  0x0803e69c    0xc7e  usb_hcd_int.o [1]
  .text               ro code  0x0803f31c    0x3e8  usbh_msc_core.o [1]
  .rodata             const    0x0803f704    0x3dc  cc936.o [1]
  .rodata             const    0x0803fae0    0x3dc  cc936.o [1]
  .text               ro code  0x0803febc    0x2f4  para.o [1]
  .text               ro code  0x080401b0     0x44  strcpy_unaligned.o [5]
  .text               ro code  0x080401f4    0x2e0  bsp_tim_pwm.o [1]
  .rodata             const    0x080404d4    0x1f4  apptask.o [1]
  .rodata             const    0x080406c8    0x190  product_cal.o [1]
  .text               ro code  0x08040858    0x154  system_stm32f4xx.o [1]
  .rodata             const    0x080409ac    0x100  mcheck.o [1]
  .rodata             const    0x08040aac    0x100  mcheck.o [1]
  .rodata             const    0x08040bac    0x100  mcheck.o [1]
  .text               ro code  0x08040cac     0xd4  bsp_closeSW.o [1]
  .text               ro code  0x08040d80     0x54  stm32f4xx_syscfg.o [1]
  .text               ro code  0x08040dd4     0xc0  stm32f4xx_exti.o [1]
  .text               ro code  0x08040e94     0xd0  packbits_init.o [5]
  .text               ro code  0x08040f64      0x6  abort.o [3]
  .text               ro code  0x08040f6c     0x14  exit.o [6]
  .text               ro code  0x08040f80     0x4c  bsp.o [1]
  .text               ro code  0x08040fcc     0x44  bsp_relay.o [1]
  .text               ro code  0x08041010     0x40  zero_init3.o [5]
  .text               ro code  0x08041050     0x3c  SysInfoTest.o [1]
  .rodata             const    0x0804108c     0x38  demo_fatfs.o [1]
  .text               ro code  0x080410c4     0x38  stm32f4xx_it.o [1]
  .rodata             const    0x080410fc     0x30  apptask.o [1]
  .rodata             const    0x0804112c     0x30  demo_fatfs.o [1]
  .rodata             const    0x0804115c     0x30  demo_fatfs.o [1]
  .rodata             const    0x0804118c     0x2c  apptask.o [1]
  .rodata             const    0x080411b8     0x2c  demo_fatfs.o [1]
  .rodata             const    0x080411e4     0x2c  demo_fatfs.o [1]
  .rodata             const    0x08041210     0x2c  stm32f4xx_it.o [1]
  .text               ro code  0x0804123c     0x2c  main.o [1]
  .rodata             const    0x08041268     0x28  demo_fatfs.o [1]
  .rodata             const    0x08041290     0x28  demo_fatfs.o [1]
  .rodata             const    0x080412b8     0x28  demo_fatfs.o [1]
  .text               ro code  0x080412e0     0x28  data_init.o [5]
  .rodata             const    0x08041308     0x24  demo_fatfs.o [1]
  .rodata             const    0x0804132c     0x24  demo_fatfs.o [1]
  .rodata             const    0x08041350     0x24  usbh_usr.o [1]
  .text               ro code  0x08041374     0x22  fpinit_M.o [4]
  .iar.init_table     const    0x08041398     0x34  - Linker created -
  .rodata             const    0x080413cc     0x20  apptask.o [1]
  .rodata             const    0x080413ec     0x20  apptask.o [1]
  .rodata             const    0x0804140c     0x20  bsp_sdwe050c17.o [1]
  .rodata             const    0x0804142c     0x20  demo_fatfs.o [1]
  .rodata             const    0x0804144c     0x20  demo_fatfs.o [1]
  .rodata             const    0x0804146c     0x20  demo_fatfs.o [1]
  .rodata             const    0x0804148c     0x20  usbh_usr.o [1]
  .rodata             const    0x080414ac     0x20  usbh_usr.o [1]
  .rodata             const    0x080414cc     0x20  usbh_usr.o [1]
  .rodata             const    0x080414ec     0x20  usbh_usr.o [1]
  .rodata             const    0x0804150c     0x20  usbh_usr.o [1]
  .rodata             const    0x0804152c     0x1c  apptask.o [1]
  .rodata             const    0x08041548     0x1c  apptask.o [1]
  .rodata             const    0x08041564     0x1c  apptask.o [1]
  .rodata             const    0x08041580     0x1c  apptask.o [1]
  .rodata             const    0x0804159c     0x1c  apptask.o [1]
  .rodata             const    0x080415b8     0x1c  apptask.o [1]
  .rodata             const    0x080415d4     0x1c  apptask.o [1]
  .rodata             const    0x080415f0     0x1c  demo_fatfs.o [1]
  .rodata             const    0x0804160c     0x1c  demo_fatfs.o [1]
  .rodata             const    0x08041628     0x1c  usbh_usr.o [1]
  .rodata             const    0x08041644     0x1c  usbh_usr.o [1]
  .rodata             const    0x08041660     0x1c  usbh_usr.o [1]
  .rodata             const    0x0804167c     0x1c  usbh_usr.o [1]
  .rodata             const    0x08041698     0x1c  usbh_usr.o [1]
  .rodata             const    0x080416b4     0x1c  usbh_usr.o [1]
  .text               ro code  0x080416d0     0x1a  cmain.o [5]
  .text               ro code  0x080416ea      0x4  exit.o [3]
  .text               ro code  0x080416f0      0xa  cexit.o [5]
  .rodata             const    0x080416fc     0x18  apptask.o [1]
  .rodata             const    0x08041714     0x18  apptask.o [1]
  .rodata             const    0x0804172c     0x18  apptask.o [1]
  .rodata             const    0x08041744     0x18  apptask.o [1]
  .rodata             const    0x0804175c     0x18  apptask.o [1]
  .rodata             const    0x08041774     0x18  apptask.o [1]
  .rodata             const    0x0804178c     0x18  apptask.o [1]
  .rodata             const    0x080417a4     0x18  apptask.o [1]
  .rodata             const    0x080417bc     0x18  demo_fatfs.o [1]
  .rodata             const    0x080417d4     0x18  demo_fatfs.o [1]
  .rodata             const    0x080417ec     0x18  demo_fatfs.o [1]
  .rodata             const    0x08041804     0x18  demo_fatfs.o [1]
  .rodata             const    0x0804181c     0x18  usbh_usr.o [1]
  .rodata             const    0x08041834     0x18  usbh_usr.o [1]
  .rodata             const    0x0804184c     0x18  usbh_usr.o [1]
  .rodata             const    0x08041864     0x18  usbh_usr.o [1]
  .rodata             const    0x0804187c     0x18  usbh_usr.o [1]
  .text               ro code  0x08041894     0x16  xprout.o [3]
  .text               ro code  0x080418ac      0xc  putchar.o [3]
  .rodata             const    0x080418b8     0x14  apptask.o [1]
  .rodata             const    0x080418cc     0x14  apptask.o [1]
  .rodata             const    0x080418e0     0x14  apptask.o [1]
  .rodata             const    0x080418f4     0x14  apptask.o [1]
  .rodata             const    0x08041908     0x14  apptask.o [1]
  .rodata             const    0x0804191c     0x14  apptask.o [1]
  .rodata             const    0x08041930     0x14  usbh_usr.o [1]
  .rodata             const    0x08041944     0x14  usbh_usr.o [1]
  .rodata             const    0x08041958     0x10  apptask.o [1]
  .rodata             const    0x08041968     0x10  apptask.o [1]
  .rodata             const    0x08041978     0x10  apptask.o [1]
  .rodata             const    0x08041988     0x10  apptask.o [1]
  .rodata             const    0x08041998     0x10  apptask.o [1]
  .rodata             const    0x080419a8     0x10  apptask.o [1]
  .rodata             const    0x080419b8     0x10  apptask.o [1]
  .rodata             const    0x080419c8     0x10  apptask.o [1]
  .rodata             const    0x080419d8     0x10  apptask.o [1]
  .rodata             const    0x080419e8     0x10  apptask.o [1]
  .rodata             const    0x080419f8     0x10  ff.o [1]
  .rodata             const    0x08041a08     0x10  main.o [1]
  .rodata             const    0x08041a18     0x10  main.o [1]
  .rodata             const    0x08041a28     0x10  usbh_usr.o [1]
  .rodata             const    0x08041a38     0x10  usbh_usr.o [1]
  .text               ro code  0x08041a48     0x10  startup_stm32f40_41xxx.o [1]
  .text               ro code  0x08041a58     0x10  usbh_it.o [1]
  .rodata             const    0x08041a68      0xc  apptask.o [1]
  .rodata             const    0x08041a74      0xc  apptask.o [1]
  .rodata             const    0x08041a80      0xc  apptask.o [1]
  .rodata             const    0x08041a8c      0xc  apptask.o [1]
  .rodata             const    0x08041a98      0xc  apptask.o [1]
  .rodata             const    0x08041aa4      0xc  apptask.o [1]
  .rodata             const    0x08041ab0      0xc  apptask.o [1]
  .rodata             const    0x08041abc      0xc  apptask.o [1]
  .rodata             const    0x08041ac8      0xc  apptask.o [1]
  .rodata             const    0x08041ad4      0xc  apptask.o [1]
  .rodata             const    0x08041ae0      0xc  apptask.o [1]
  .rodata             const    0x08041aec      0xc  apptask.o [1]
  .rodata             const    0x08041af8      0xc  apptask.o [1]
  .rodata             const    0x08041b04      0xc  apptask.o [1]
  .rodata             const    0x08041b10      0xc  apptask.o [1]
  .rodata             const    0x08041b1c      0xc  apptask.o [1]
  .rodata             const    0x08041b28      0xc  apptask.o [1]
  .rodata             const    0x08041b34      0xc  apptask.o [1]
  .rodata             const    0x08041b40      0xc  apptask.o [1]
  .rodata             const    0x08041b4c      0xc  apptask.o [1]
  .rodata             const    0x08041b58      0xc  apptask.o [1]
  .rodata             const    0x08041b64      0xc  apptask.o [1]
  .rodata             const    0x08041b70      0xc  apptask.o [1]
  .rodata             const    0x08041b7c      0xc  apptask.o [1]
  .rodata             const    0x08041b88      0xc  apptask.o [1]
  .rodata             const    0x08041b94      0xc  apptask.o [1]
  .rodata             const    0x08041ba0      0xc  apptask.o [1]
  .rodata             const    0x08041bac      0xc  apptask.o [1]
  .rodata             const    0x08041bb8      0xc  bsp_sdwe050c17.o [1]
  .rodata             const    0x08041bc4      0xc  bsp_sdwe050c17.o [1]
  .rodata             const    0x08041bd0      0xc  demo_fatfs.o [1]
  .rodata             const    0x08041bdc      0xc  ff.o [1]
  .text               ro code  0x08041be8      0xc  cstartup_M.o [5]
  .rodata             const    0x08041bf4      0x8  apptask.o [1]
  .rodata             const    0x08041bfc      0x8  apptask.o [1]
  .rodata             const    0x08041c04      0x8  apptask.o [1]
  .rodata             const    0x08041c0c      0x8  apptask.o [1]
  .rodata             const    0x08041c14      0x8  apptask.o [1]
  .rodata             const    0x08041c1c      0x8  apptask.o [1]
  .rodata             const    0x08041c24      0x8  apptask.o [1]
  .rodata             const    0x08041c2c      0x8  apptask.o [1]
  .rodata             const    0x08041c34      0x8  apptask.o [1]
  .rodata             const    0x08041c3c      0x8  apptask.o [1]
  .rodata             const    0x08041c44      0x8  apptask.o [1]
  .rodata             const    0x08041c4c      0x8  apptask.o [1]
  .rodata             const    0x08041c54      0x8  apptask.o [1]
  .rodata             const    0x08041c5c      0x8  bsp_w25qxx.o [1]
  .rodata             const    0x08041c64      0x8  ff.o [1]
  .rodata             const    0x08041c6c      0x8  malloc.o [1]
  .rodata             const    0x08041c74      0x8  malloc.o [1]
  .rodata             const    0x08041c7c      0x8  malloc.o [1]
  .rodata             const    0x08041c84      0x8  para.o [1]
  .rodata             const    0x08041c8c      0x8  para.o [1]
  .rodata             const    0x08041c94      0x8  para.o [1]
  .rodata             const    0x08041c9c      0x8  tasks.o [1]
  .rodata             const    0x08041ca4      0x8  timers.o [1]
  .rodata             const    0x08041cac      0x4  heap_4.o [1]
  .rodata             const    0x08041cb0      0x4  port.o [1]
  .text               ro code  0x08041cb4      0x4  startup_stm32f40_41xxx.o [1]
  .text               ro code  0x08041cb8      0x4  startup_stm32f40_41xxx.o [1]
  .text               ro code  0x08041cbc      0x4  startup_stm32f40_41xxx.o [1]
  .text               ro code  0x08041cc0      0x4  startup_stm32f40_41xxx.o [1]
  .text               ro code  0x08041cc4      0x4  startup_stm32f40_41xxx.o [1]
  .text               ro code  0x08041cc8      0x4  startup_stm32f40_41xxx.o [1]
  .text               ro code  0x08041ccc      0x4  startup_stm32f40_41xxx.o [1]
  .text               ro code  0x08041cd0      0x4  startup_stm32f40_41xxx.o [1]
  .text               ro code  0x08041cd4      0x4  startup_stm32f40_41xxx.o [1]
  .text               ro code  0x08041cd8      0x4  startup_stm32f40_41xxx.o [1]
  .text               ro code  0x08041cdc      0x4  startup_stm32f40_41xxx.o [1]
  .text               ro code  0x08041ce0      0x4  startup_stm32f40_41xxx.o [1]
  .text               ro code  0x08041ce4      0x4  startup_stm32f40_41xxx.o [1]
  .text               ro code  0x08041ce8      0x4  startup_stm32f40_41xxx.o [1]
  .text               ro code  0x08041cec      0x4  startup_stm32f40_41xxx.o [1]
  .text               ro code  0x08041cf0      0x4  startup_stm32f40_41xxx.o [1]
  .text               ro code  0x08041cf4      0x4  startup_stm32f40_41xxx.o [1]
  .text               ro code  0x08041cf8      0x4  startup_stm32f40_41xxx.o [1]
  .text               ro code  0x08041cfc      0x4  startup_stm32f40_41xxx.o [1]
  .text               ro code  0x08041d00      0x4  startup_stm32f40_41xxx.o [1]
  .text               ro code  0x08041d04      0x4  startup_stm32f40_41xxx.o [1]
  .text               ro code  0x08041d08      0x4  startup_stm32f40_41xxx.o [1]
  .text               ro code  0x08041d0c      0x4  startup_stm32f40_41xxx.o [1]
  .text               ro code  0x08041d10      0x4  startup_stm32f40_41xxx.o [1]
  .text               ro code  0x08041d14      0x4  startup_stm32f40_41xxx.o [1]
  .text               ro code  0x08041d18      0x4  startup_stm32f40_41xxx.o [1]
  .text               ro code  0x08041d1c      0x4  startup_stm32f40_41xxx.o [1]
  .text               ro code  0x08041d20      0x4  startup_stm32f40_41xxx.o [1]
  .text               ro code  0x08041d24      0x4  startup_stm32f40_41xxx.o [1]
  .text               ro code  0x08041d28      0x4  startup_stm32f40_41xxx.o [1]
  .text               ro code  0x08041d2c      0x4  startup_stm32f40_41xxx.o [1]
  .text               ro code  0x08041d30      0x4  startup_stm32f40_41xxx.o [1]
  .text               ro code  0x08041d34      0x4  startup_stm32f40_41xxx.o [1]
  .text               ro code  0x08041d38      0x4  startup_stm32f40_41xxx.o [1]
  .text               ro code  0x08041d3c      0x4  startup_stm32f40_41xxx.o [1]
  .text               ro code  0x08041d40      0x4  startup_stm32f40_41xxx.o [1]
  .text               ro code  0x08041d44      0x4  startup_stm32f40_41xxx.o [1]
  .text               ro code  0x08041d48      0x4  startup_stm32f40_41xxx.o [1]
  .text               ro code  0x08041d4c      0x4  startup_stm32f40_41xxx.o [1]
  .text               ro code  0x08041d50      0x4  startup_stm32f40_41xxx.o [1]
  .text               ro code  0x08041d54      0x4  startup_stm32f40_41xxx.o [1]
  .text               ro code  0x08041d58      0x4  startup_stm32f40_41xxx.o [1]
  .text               ro code  0x08041d5c      0x4  startup_stm32f40_41xxx.o [1]
  .text               ro code  0x08041d60      0x4  startup_stm32f40_41xxx.o [1]
  .text               ro code  0x08041d64      0x4  startup_stm32f40_41xxx.o [1]
  .text               ro code  0x08041d68      0x4  startup_stm32f40_41xxx.o [1]
  .text               ro code  0x08041d6c      0x4  startup_stm32f40_41xxx.o [1]
  .text               ro code  0x08041d70      0x4  startup_stm32f40_41xxx.o [1]
  .text               ro code  0x08041d74      0x4  startup_stm32f40_41xxx.o [1]
  .text               ro code  0x08041d78      0x4  startup_stm32f40_41xxx.o [1]
  .text               ro code  0x08041d7c      0x4  startup_stm32f40_41xxx.o [1]
  .text               ro code  0x08041d80      0x4  startup_stm32f40_41xxx.o [1]
  .text               ro code  0x08041d84      0x4  startup_stm32f40_41xxx.o [1]
  .text               ro code  0x08041d88      0x4  startup_stm32f40_41xxx.o [1]
  .text               ro code  0x08041d8c      0x4  startup_stm32f40_41xxx.o [1]
  .text               ro code  0x08041d90      0x4  startup_stm32f40_41xxx.o [1]
  .text               ro code  0x08041d94      0x4  startup_stm32f40_41xxx.o [1]
  .text               ro code  0x08041d98      0x4  startup_stm32f40_41xxx.o [1]
  .text               ro code  0x08041d9c      0x4  startup_stm32f40_41xxx.o [1]
  .text               ro code  0x08041da0      0x4  startup_stm32f40_41xxx.o [1]
  .text               ro code  0x08041da4      0x4  startup_stm32f40_41xxx.o [1]
  .text               ro code  0x08041da8      0x4  startup_stm32f40_41xxx.o [1]
  .text               ro code  0x08041dac      0x4  startup_stm32f40_41xxx.o [1]
  .text               ro code  0x08041db0      0x4  startup_stm32f40_41xxx.o [1]
  .text               ro code  0x08041db4      0x4  startup_stm32f40_41xxx.o [1]
  .text               ro code  0x08041db8      0x4  startup_stm32f40_41xxx.o [1]
  .text               ro code  0x08041dbc      0x4  startup_stm32f40_41xxx.o [1]
  .rodata             const    0x08041dc0      0x0  zero_init3.o [5]
  .rodata             const    0x08041dc0      0x0  packbits_init.o [5]
  Initializer bytes   const    0x08041dc0    0x11d  <for P2 s0>
                             - 0x08041edd  0x41d55

"P2":                                      0x1f7a0
  P2 s0                        0x20000000    0x1cb  <Init block>
    __DLIB_PERTHREAD  inited   0x20000000     0x88  localeconv.o [3]
    .data             inited   0x20000088     0x50  demo_fatfs.o [1]
    .data             inited   0x200000d8     0x48  usbh_usr.o [1]
    .data             inited   0x20000120     0x40  xfiles.o [3]
    .data             inited   0x20000160     0x1c  malloc.o [1]
    .data             inited   0x2000017c     0x14  bsp_servomotor.o [1]
    .data             inited   0x20000190     0x10  stm32f4xx_rcc.o [1]
    .data             inited   0x200001a0     0x10  usbh_msc_core.o [1]
    .data             inited   0x200001b0      0xc  usbh_core.o [1]
    .data             inited   0x200001bc      0x4  port.o [1]
    .data             inited   0x200001c0      0x4  system_stm32f4xx.o [1]
    .data             inited   0x200001c4      0x4  usbh_core.o [1]
    .data             inited   0x200001c8      0x2  bsp_w25qxx.o [1]
    .data             inited   0x200001ca      0x1  usbh_msc_scsi.o [1]
  .bss                zero     0x200001cc  0x11800  heap_4.o [1]
  .bss                zero     0x200119cc   0xa000  malloc.o [1]
  .bss                zero     0x2001b9cc   0x1000  bsp_w25qxx.o [1]
  .bss                zero     0x2001c9cc    0xa00  malloc.o [1]
  .bss                zero     0x2001d3cc    0x5ac  usbh_usr.o [1]
  .bss                zero     0x2001d978    0x5ac  usbh_usr.o [1]
  .bss                zero     0x2001df24    0x200  ff.o [1]
  .bss                zero     0x2001e124    0x200  usbh_msc_scsi.o [1]
  .bss                zero     0x2001e324    0x200  usbh_stdreq.o [1]
  .bss                zero     0x2001e524    0x168  page_weimi.o [1]
  .bss                zero     0x2001e68c     0xc8  tasks.o [1]
  .bss                zero     0x2001e754     0xa4  protocol.o [1]
  .bss                zero     0x2001e7f8     0x98  para.o [1]
  .bss                zero     0x2001e890     0x94  usbh_usr.o [1]
  .bss                zero     0x2001e924     0x70  protocol.o [1]
  .bss                zero     0x2001e994     0x64  bsp_uart_fifo.o [1]
  .bss                zero     0x2001e9f8     0x64  bsp_uart_fifo.o [1]
  .bss                zero     0x2001ea60     0x58  bsp_sdio_sd.o [1]
  .bss                zero     0x2001eab8     0x50  protocol.o [1]
  .bss                zero     0x2001eb08     0x50  xfiles.o [3]
  .bss                zero     0x2001eb58     0x4c  usbh_msc_core.o [1]
  .bss                zero     0x2001eba4     0x34  bsp_sdwe050c17.o [1]
  .bss                zero     0x2001ebd8     0x2c  product_cal.o [1]
  .bss                zero     0x2001ec04     0x28  bsp_uart_fifo.o [1]
  .bss                zero     0x2001ec2c     0x28  encoder.o [1]
  .bss                zero     0x2001ec54     0x28  product_cal.o [1]
  .bss                zero     0x2001ec7c     0x24  ff.o [1]
  .bss                zero     0x2001eca0     0x20  usbh_msc_bot.o [1]
  .bss                zero     0x2001ecc0     0x18  bsp_sdio_sd.o [1]
  .bss                zero     0x2001ecd8     0x18  bsp_sdio_sd.o [1]
  .bss                zero     0x2001ecf0     0x18  page_weimi.o [1]
  .bss                zero     0x2001ed08     0x14  bsp_sdio_sd.o [1]
  .bss                zero     0x2001ed1c     0x14  rc522.o [1]
  .bss                zero     0x2001ed30     0x14  tasks.o [1]
  .bss                zero     0x2001ed44     0x14  tasks.o [1]
  .bss                zero     0x2001ed58     0x14  tasks.o [1]
  .bss                zero     0x2001ed6c     0x14  tasks.o [1]
  .bss                zero     0x2001ed80     0x14  tasks.o [1]
  .bss                zero     0x2001ed94     0x14  timers.o [1]
  .bss                zero     0x2001eda8     0x14  timers.o [1]
  .bss                zero     0x2001edbc     0x10  bsp_sdio_sd.o [1]
  .bss                zero     0x2001edcc     0x10  bsp_sdio_sd.o [1]
  .bss                zero     0x2001eddc     0x10  usbh_msc_bot.o [1]
  .bss                zero     0x2001edec     0x10  usbh_msc_bot.o [1]
  .bss                zero     0x2001edfc     0x10  usbh_msc_scsi.o [1]
  .bss                zero     0x2001ee0c      0xc  apptask.o [1]
  .bss                zero     0x2001ee18      0xc  apptask.o [1]
  .bss                zero     0x2001ee24      0xc  ff.o [1]
  .bss                zero     0x2001ee30      0xc  protocol.o [1]
  .bss                zero     0x2001ee3c      0xc  protocol.o [1]
  .bss                zero     0x2001ee48      0xc  protocol.o [1]
  .bss                zero     0x2001ee54      0x8  heap_4.o [1]
  .bss                zero     0x2001ee5c      0x8  modbus.o [1]
  .bss                zero     0x2001ee64      0x8  protocol.o [1]
  .bss                zero     0x2001ee6c      0x4  apptask.o [1]
  .bss                zero     0x2001ee70      0x4  apptask.o [1]
  .bss                zero     0x2001ee74      0x4  apptask.o [1]
  .bss                zero     0x2001ee78      0x4  apptask.o [1]
  .bss                zero     0x2001ee7c      0x4  apptask.o [1]
  .bss                zero     0x2001ee80      0x4  apptask.o [1]
  .bss                zero     0x2001ee84      0x4  apptask.o [1]
  .bss                zero     0x2001ee88      0x4  apptask.o [1]
  .bss                zero     0x2001ee8c      0x4  apptask.o [1]
  .bss                zero     0x2001ee90      0x4  apptask.o [1]
  .bss                zero     0x2001ee94      0x4  apptask.o [1]
  .bss                zero     0x2001ee98      0x4  apptask.o [1]
  .bss                zero     0x2001ee9c      0x4  apptask.o [1]
  .bss                zero     0x2001eea0      0x4  apptask.o [1]
  .bss                zero     0x2001eea4      0x4  apptask.o [1]
  .bss                zero     0x2001eea8      0x4  apptask.o [1]
  .bss                zero     0x2001eeac      0x4  apptask.o [1]
  .bss                zero     0x2001eeb0      0x4  apptask.o [1]
  .bss                zero     0x2001eeb4      0x4  apptask.o [1]
  .bss                zero     0x2001eeb8      0x4  apptask.o [1]
  .bss                zero     0x2001eebc      0x4  bsp_sdio_sd.o [1]
  .bss                zero     0x2001eec0      0x4  bsp_sdio_sd.o [1]
  .bss                zero     0x2001eec4      0x4  bsp_sdio_sd.o [1]
  .bss                zero     0x2001eec8      0x4  bsp_sdio_sd.o [1]
  .bss                zero     0x2001eecc      0x4  bsp_sdio_sd.o [1]
  .bss                zero     0x2001eed0      0x4  bsp_timer.o [1]
  .bss                zero     0x2001eed4      0x4  bsp_timer.o [1]
  .bss                zero     0x2001eed8      0x4  bsp_timer.o [1]
  .bss                zero     0x2001eedc      0x4  bsp_timer.o [1]
  .bss                zero     0x2001eee0      0x4  encoder.o [1]
  .bss                zero     0x2001eee4      0x4  encoder.o [1]
  .bss                zero     0x2001eee8      0x4  heap_4.o [1]
  .bss                zero     0x2001eeec      0x4  heap_4.o [1]
  .bss                zero     0x2001eef0      0x4  heap_4.o [1]
  .bss                zero     0x2001eef4      0x4  heap_4.o [1]
  .bss                zero     0x2001eef8      0x4  port.o [1]
  .bss                zero     0x2001eefc      0x4  product_cal.o [1]
  .bss                zero     0x2001ef00      0x4  product_cal.o [1]
  .bss                zero     0x2001ef04      0x4  SysInfoTest.o [1]
  .bss                zero     0x2001ef08      0x4  tasks.o [1]
  .bss                zero     0x2001ef0c      0x4  tasks.o [1]
  .bss                zero     0x2001ef10      0x4  tasks.o [1]
  .bss                zero     0x2001ef14      0x4  tasks.o [1]
  .bss                zero     0x2001ef18      0x4  tasks.o [1]
  .bss                zero     0x2001ef1c      0x4  tasks.o [1]
  .bss                zero     0x2001ef20      0x4  tasks.o [1]
  .bss                zero     0x2001ef24      0x4  tasks.o [1]
  .bss                zero     0x2001ef28      0x4  tasks.o [1]
  .bss                zero     0x2001ef2c      0x4  tasks.o [1]
  .bss                zero     0x2001ef30      0x4  tasks.o [1]
  .bss                zero     0x2001ef34      0x4  tasks.o [1]
  .bss                zero     0x2001ef38      0x4  tasks.o [1]
  .bss                zero     0x2001ef3c      0x4  tasks.o [1]
  .bss                zero     0x2001ef40      0x4  tasks.o [1]
  .bss                zero     0x2001ef44      0x4  tasks.o [1]
  .bss                zero     0x2001ef48      0x4  timers.o [1]
  .bss                zero     0x2001ef4c      0x4  timers.o [1]
  .bss                zero     0x2001ef50      0x4  timers.o [1]
  .bss                zero     0x2001ef54      0x4  timers.o [1]
  .bss                zero     0x2001ef58      0x4  usbh_msc_bot.o [1]
  .bss                zero     0x2001ef5c      0x4  usbh_msc_bot.o [1]
  .bss                zero     0x2001ef60      0x4  usbh_msc_bot.o [1]
  .bss                zero     0x2001ef64      0x4  usbh_msc_bot.o [1]
  .bss                zero     0x2001ef68      0x2  apptask.o [1]
  .bss                zero     0x2001ef6a      0x2  apptask.o [1]
  .bss                zero     0x2001ef6c      0x2  apptask.o [1]
  .bss                zero     0x2001ef6e      0x2  apptask.o [1]
  .bss                zero     0x2001ef70      0x2  bsp_sdwe050c17.o [1]
  .bss                zero     0x2001ef72      0x2  encoder.o [1]
  .bss                zero     0x2001ef74      0x2  encoder.o [1]
  .bss                zero     0x2001ef76      0x2  encoder.o [1]
  .bss                zero     0x2001ef78      0x2  encoder.o [1]
  .bss                zero     0x2001ef7a      0x2  ff.o [1]
  .bss                zero     0x2001ef7c      0x2  page_weimi.o [1]
  .bss                zero     0x2001ef7e      0x2  product_cal.o [1]
  .bss                zero     0x2001ef80      0x2  usbh_core.o [1]
  .bss                zero     0x2001ef82      0x2  usbh_stdreq.o [1]
  .bss                zero     0x2001ef84      0x1  apptask.o [1]
  .bss                zero     0x2001ef85      0x1  apptask.o [1]
  .bss                zero     0x2001ef86      0x1  apptask.o [1]
  .bss                zero     0x2001ef87      0x1  apptask.o [1]
  .bss                zero     0x2001ef88      0x1  apptask.o [1]
  .bss                zero     0x2001ef89      0x1  apptask.o [1]
  .bss                zero     0x2001ef8a      0x1  apptask.o [1]
  .bss                zero     0x2001ef8b      0x1  apptask.o [1]
  .bss                zero     0x2001ef8c      0x1  apptask.o [1]
  .bss                zero     0x2001ef8d      0x1  bsp_sdio_sd.o [1]
  .bss                zero     0x2001ef8e      0x1  bsp_sdwe050c17.o [1]
  .bss                zero     0x2001ef8f      0x1  bsp_uart_fifo.o [1]
  .bss                zero     0x2001ef90      0x1  encoder.o [1]
  .bss                zero     0x2001ef91      0x1  encoder.o [1]
  .bss                zero     0x2001ef92      0x1  encoder.o [1]
  .bss                zero     0x2001ef93      0x1  port.o [1]
  .bss                zero     0x2001ef94      0x1  product_cal.o [1]
  .bss                zero     0x2001ef95      0x1  product_cal.o [1]
  .bss                zero     0x2001ef96      0x1  product_cal.o [1]
  .bss                zero     0x2001ef97      0x1  protocol.o [1]
  .bss                zero     0x2001ef98      0x1  rc522.o [1]
  .bss                zero     0x2001ef99      0x1  rc522.o [1]
  .bss                zero     0x2001ef9a      0x1  usbh_msc_bot.o [1]
  .bss                zero     0x2001ef9b      0x1  usbh_msc_core.o [1]
  .bss                zero     0x2001ef9c      0x1  usbh_msc_core.o [1]
  .bss                zero     0x2001ef9d      0x1  usbh_stdreq.o [1]
  .bss                zero     0x2001ef9e      0x1  usbh_usr.o [1]
  CSTACK                       0x2001efa0    0x800  <Block>
    CSTACK            uninit   0x2001efa0    0x800  <Block tail>
                             - 0x2001f7a0  0x1f7a0

Absolute sections:                         0xff000
  .bss                zero     0x68000000  0xf0000  malloc.o [1]
  .bss                zero     0x680f0000   0xf000  malloc.o [1]
                             - 0x680ff000  0xff000


*******************************************************************************
*** INIT TABLE
***

          Address     Size
          -------     ----
Zero (__iar_zero_init3)
    2 destination ranges, total size 0x11ddd3:
          0x200001cc  0x1edd3
          0x68000000  0xff000

Copy/packbits (__iar_packbits_init3)
    1 source range, total size 0x11d (62% of destination):
          0x08041dc0    0x11d
    1 destination range, total size 0x1cb:
          0x20000000    0x1cb



*******************************************************************************
*** MODULE SUMMARY
***

    Module                    ro code  ro data  rw data    rw data
                                                            (abs)
    ------                    -------  -------  -------    -------
E:\WORK\YarnControl_Driver\YarnControl_Driver\src\stm32f4_rtos\Project\EWARMv7\Flash\Obj: [1]
    SysInfoTest.o                  60                 4
    apptask.o                  18 104    1 764      121
    bsp.o                          76
    bsp_closeSW.o                 212
    bsp_dwt.o                     116
    bsp_led.o                     192
    bsp_relay.o                    68
    bsp_sdio_sd.o               6 744               209
    bsp_sdwe050c17.o            4 696       56       55
    bsp_servomotor.o            1 164       13       20
    bsp_spi.o                     292
    bsp_stepmotor.o               692
    bsp_sw_onoff.o                104
    bsp_tim_pwm.o                 736
    bsp_timer.o                   516                16
    bsp_uart_fifo.o             2 532               241
    bsp_w25qxx.o                  896        9    4 098
    bsp_watchdog.o                  8
    cc936.o                       244  176 320
    demo_fatfs.o                           742       80
    diskio.o                      740
    encoder.o                     864                59
    event_groups.o                610
    ff.o                        8 804       36      562
    heap_4.o                      640        4   71 704
    list.o                        152
    main.o                         44       32
    malloc.o                      540       41   43 548  1 044 480
    mcheck.o                      184      768
    misc.o                        136
    modbus.o                      852                 8
    page_weimi.o                  504               386
    para.o                        756       24      152
    port.o                        588        7        9
    portasm.o                     168
    product_cal.o               1 316      400       97
    protocol.o                     68               401
    queue.o                     1 992
    rc522.o                       174                22
    startup_stm32f40_41xxx.o      676
    stm32f4xx_dma.o               796
    stm32f4xx_exti.o              192
    stm32f4xx_gpio.o              300
    stm32f4xx_it.o                 56       44
    stm32f4xx_iwdg.o               16
    stm32f4xx_rcc.o               488       10       16
    stm32f4xx_sdio.o              380
    stm32f4xx_spi.o               116
    stm32f4xx_syscfg.o             84
    stm32f4xx_tim.o             1 772
    stm32f4xx_usart.o             596
    system_stm32f4xx.o            340        2        4
    tasks.o                     3 072        8      364
    timers.o                    1 188        8       56
    usb_bsp.o                     332
    usb_core.o                  2 640
    usb_hcd.o                     214
    usb_hcd_int.o               3 198
    usbh_core.o                 1 888       10       18
    usbh_hcs.o                    442
    usbh_ioreq.o                  582
    usbh_it.o                      16
    usbh_msc_bot.o              1 364                81
    usbh_msc_core.o             1 000       10       94
    usbh_msc_scsi.o             1 560        1      529
    usbh_stdreq.o               1 078               515
    usbh_usr.o                    438      600    3 125
    --------------------------------------------------------------
    Total:                     81 408  180 909  126 594  1 044 480

command line: [2]
    --------------------------------------------------------------
    Total:

dl7M_tlf.a: [3]
    abort.o                         6
    div.o                          14
    exit.o                          4
    localeconv.o                  108       84      136
    printf.o                       36
    putchar.o                      12
    sprintf.o                      52
    strcat.o                       28
    strstr.o                       44
    xfiles.o                                40      144
    xprintffull_nomb.o          3 478
    xprout.o                       22
    xsprout.o                      10
    --------------------------------------------------------------
    Total:                      3 814      124      280

m7M_tls.a: [4]
    DblAdd.o                      232
    DblCmpGe.o                     46
    DblCmpLe.o                     46
    DblDiv.o                      598
    DblMul.o                      418
    DblSub.o                      384
    DblToFlt.o                    144
    DblToI32.o                     88
    FltToDbl.o                     78
    I32ToDbl.o                     48
    fpinit_M.o                     34
    xdnorm.o                       66
    xdscale.o                     276
    --------------------------------------------------------------
    Total:                      2 458

rt7M_tl.a: [5]
    ABImemcpy_unaligned.o         118
    ABImemset.o                   102
    I64DivMod.o                   238
    I64DivZer.o                     2
    cexit.o                        10
    cmain.o                        26
    cstartup_M.o                   12
    data_init.o                    40
    memchr.o                       88
    memcmp_unaligned.o             98
    packbits_init.o               208
    strchr.o                       22
    strcmp_unaligned.o             66
    strcpy_unaligned.o             68
    strlen.o                       54
    zero_init3.o                   64
    --------------------------------------------------------------
    Total:                      1 216

shb_l.a: [6]
    exit.o                         20
    --------------------------------------------------------------
    Total:                         20

    Gaps                           40        4        5
    Linker created                          52    2 048
------------------------------------------------------------------
    Grand Total:               88 956  181 089  128 927  1 044 480


*******************************************************************************
*** ENTRY LIST
***

Entry                      Address     Size  Type      Object
-----                      -------     ----  ----      ------
.iar.init_table$$Base   0x08041398            --   Gb  - Linker created -
.iar.init_table$$Limit  0x080413cc            --   Gb  - Linker created -
?main                   0x080416d1           Code  Gb  cmain.o [5]
APBAHBPrescTable        0x20000190     0x10  Data  Lc  stm32f4xx_rcc.o [1]
AppObjCreate            0x0802ebc5    0x180  Code  Gb  apptask.o [1]
AppTaskCreate           0x0802ea25    0x16a  Code  Gb  apptask.o [1]
BOTStallErrorCount      0x2001ef58      0x4  Data  Lc  usbh_msc_bot.o [1]
BusFault_Handler        0x080410f7      0x2  Code  Gb  stm32f4xx_it.o [1]
CID_Tab                 0x2001edcc     0x10  Data  Lc  bsp_sdio_sd.o [1]
CRC16HiTable            0x080409ac    0x100  Data  Gb  mcheck.o [1]
CRC16LoTable            0x08040aac    0x100  Data  Gb  mcheck.o [1]
CRC8Table               0x08040bac    0x100  Data  Gb  mcheck.o [1]
CSD_Tab                 0x2001edbc     0x10  Data  Lc  bsp_sdio_sd.o [1]
CSTACK$$Base            0x2001efa0            --   Gb  - Linker created -
CSTACK$$Limit           0x2001f7a0            --   Gb  - Linker created -
CardType                0x2001eebc      0x4  Data  Lc  bsp_sdio_sd.o [1]
CmdError                0x0803d0c1     0x38  Code  Lc  bsp_sdio_sd.o [1]
CmdResp1Error           0x0803d165    0x112  Code  Lc  bsp_sdio_sd.o [1]
CmdResp2Error           0x0803d2b5     0x52  Code  Lc  bsp_sdio_sd.o [1]
CmdResp3Error           0x0803d277     0x3e  Code  Lc  bsp_sdio_sd.o [1]
CmdResp6Error           0x0803d307     0xa6  Code  Lc  bsp_sdio_sd.o [1]
CmdResp7Error           0x0803d0f9     0x58  Code  Lc  bsp_sdio_sd.o [1]
ConfigExitNVIC          0x08040d17     0x22  Code  Gb  bsp_closeSW.o [1]
ConfigUartNVIC          0x080382db     0x7c  Code  Lc  bsp_uart_fifo.o [1]
DIFF_G_init             0x08036721     0x78  Code  Gb  bsp_servomotor.o [1]
DMA1_Stream0_IRQHandler
                        0x08036a95     0x1c  Code  Gb  bsp_servomotor.o [1]
DMA1_Stream3_IRQHandler
                        0x08036ab1     0x1c  Code  Gb  bsp_servomotor.o [1]
DMA2_Stream3_IRQHandler
                        0x0803d9a9      0x8  Code  Gb  bsp_sdio_sd.o [1]
DMAEndOfTransfer        0x2001eecc      0x4  Data  Gb  bsp_sdio_sd.o [1]
DMA_ClearFlag           0x0803abc3     0x24  Code  Gb  stm32f4xx_dma.o [1]
DMA_Cmd                 0x0803ab79     0x1a  Code  Gb  stm32f4xx_dma.o [1]
DMA_DeInit              0x0803a9e1    0x140  Code  Gb  stm32f4xx_dma.o [1]
DMA_FlowControllerConfig
                        0x0803ab93     0x18  Code  Gb  stm32f4xx_dma.o [1]
DMA_GetCmdStatus        0x0803abab     0x18  Code  Gb  stm32f4xx_dma.o [1]
DMA_GetITStatus         0x0803ac29     0x62  Code  Gb  stm32f4xx_dma.o [1]
DMA_ITConfig            0x0803abe7     0x42  Code  Gb  stm32f4xx_dma.o [1]
DMA_Init                0x0803ab21     0x58  Code  Gb  stm32f4xx_dma.o [1]
DebugMon_Handler        0x080410fb      0x2  Code  Gb  stm32f4xx_it.o [1]
DiskFile_init           0x08035b49     0x40  Code  Gb  protocol.o [1]
Disk_File               0x2001e924     0x70  Data  Gb  protocol.o [1]
EXTI9_5_IRQHandler      0x08040d39     0x3c  Code  Gb  bsp_closeSW.o [1]
EXTI_ClearITPendingBit  0x08040e77      0x6  Code  Gb  stm32f4xx_exti.o [1]
EXTI_GetITStatus        0x08040e5d     0x1a  Code  Gb  stm32f4xx_exti.o [1]
EXTI_Init               0x08040dd5     0x88  Code  Gb  stm32f4xx_exti.o [1]
Encoder_Cap_Init        0x08036af5     0xbc  Code  Gb  encoder.o [1]
FR_Table                0x20000088     0x50  Data  Gb  demo_fatfs.o [1]
FatFs                   0x2001ee24      0xc  Data  Lc  ff.o [1]
File_info               0x2001eab8     0x50  Data  Gb  protocol.o [1]
Files                   0x2001ec7c     0x24  Data  Lc  ff.o [1]
FindSCR                 0x0803d555    0x206  Code  Lc  bsp_sdio_sd.o [1]
Freq                    0x2001ec2c     0x28  Data  Gb  encoder.o [1]
Freq_Sample             0x08036bb1     0xb0  Code  Gb  encoder.o [1]
Freq_ptr1               0x2001ef91      0x1  Data  Gb  encoder.o [1]
Freq_ptr2               0x2001ef92      0x1  Data  Gb  encoder.o [1]
Freq_value              0x2001eee4      0x4  Data  Gb  encoder.o [1]
Fsid                    0x2001ef7a      0x2  Data  Lc  ff.o [1]
GPIO_Init               0x08035b9d     0xaa  Code  Gb  stm32f4xx_gpio.o [1]
GPIO_PinAFConfig        0x08035c6f     0x5a  Code  Gb  stm32f4xx_gpio.o [1]
GPIO_ReadInputDataBit   0x08035c47     0x1a  Code  Gb  stm32f4xx_gpio.o [1]
GPIO_WriteBit           0x08035c61      0xe  Code  Gb  stm32f4xx_gpio.o [1]
GetDeviceState          0x08035b15     0x2e  Code  Gb  bsp_sw_onoff.o [1]
HCD_GetCurrentFrame     0x08039ca9      0x8  Code  Gb  usb_hcd.o [1]
HCD_GetCurrentSpeed     0x08039c8b     0x10  Code  Gb  usb_hcd.o [1]
HCD_GetURB_State        0x08039cb1      0xa  Code  Gb  usb_hcd.o [1]
HCD_GetXferCnt          0x08039cbb      0xc  Code  Gb  usb_hcd.o [1]
HCD_Init                0x08039c19     0x72  Code  Gb  usb_hcd.o [1]
HCD_ResetPort           0x08039c9b      0xe  Code  Gb  usb_hcd.o [1]
HCD_SubmitRequest       0x08039cc7     0x28  Code  Gb  usb_hcd.o [1]
HardFault_Handler       0x080410c7     0x22  Code  Gb  stm32f4xx_it.o [1]
IWDG_Feed               0x08037755      0x8  Code  Gb  bsp_watchdog.o [1]
IWDG_ReloadCounter      0x0803ad85      0xa  Code  Gb  stm32f4xx_iwdg.o [1]
InStream_Read           0x08040e95     0x22  Code  Lc  packbits_init.o [5]
InitHardUart            0x08037f19    0x3c2  Code  Lc  bsp_uart_fifo.o [1]
Init_JINGSHA_GUI        0x0803053f    0x122  Code  Gb  bsp_sdwe050c17.o [1]
LfnBuf                  0x2001df24    0x200  Data  Lc  ff.o [1]
LfnOfs                  0x080419f8     0x10  Data  Lc  ff.o [1]
LoadInt                 0x08039141     0x6e  Code  Lc  xprintffull_nomb.o [3]
MSCErrorCount           0x2001ef9b      0x1  Data  Gb  usbh_msc_core.o [1]
MSC_Machine             0x2001eb58     0x4c  Data  Gb  usbh_msc_core.o [1]
MSG_DEV_ATTACHED        0x08041864     0x18  Data  Gb  usbh_usr.o [1]
MSG_DEV_DISCONNECTED    0x0804187c     0x18  Data  Gb  usbh_usr.o [1]
MSG_DEV_ENUMERATED      0x0804167c     0x1c  Data  Gb  usbh_usr.o [1]
MSG_DEV_ERROR           0x08041944     0x14  Data  Gb  usbh_usr.o [1]
MSG_DEV_FULLSPEED       0x080414ec     0x20  Data  Gb  usbh_usr.o [1]
MSG_DEV_HIGHSPEED       0x080414cc     0x20  Data  Gb  usbh_usr.o [1]
MSG_DEV_LOWSPEED        0x0804150c     0x20  Data  Gb  usbh_usr.o [1]
MSG_HID_CLASS           0x08041698     0x1c  Data  Gb  usbh_usr.o [1]
MSG_MSC_CLASS           0x08041350     0x24  Data  Gb  usbh_usr.o [1]
MSG_UNREC_ERROR         0x080416b4     0x1c  Data  Gb  usbh_usr.o [1]
MemManage_Handler       0x080410f5      0x2  Code  Gb  stm32f4xx_it.o [1]
MotorProcess            0x2001ecf0     0x18  Data  Gb  page_weimi.o [1]
MotorStepCount          0x08036e55     0x62  Code  Gb  page_weimi.o [1]
NMI_Handler             0x080410c5      0x2  Code  Gb  stm32f4xx_it.o [1]
NVIC_Init               0x0803ad07     0x6a  Code  Gb  misc.o [1]
NVIC_PriorityGroupConfig
                        0x0803acfd      0xa  Code  Gb  misc.o [1]
OTG_FS_IRQHandler       0x08041a59     0x10  Code  Gb  usbh_it.o [1]
PendSV_Handler          0x0803ad95           Code  Gb  portasm.o [1]
RCA                     0x2001eec0      0x4  Data  Lc  bsp_sdio_sd.o [1]
RCC_AHB1PeriphClockCmd  0x08037dc3     0x22  Code  Gb  stm32f4xx_rcc.o [1]
RCC_AHB2PeriphClockCmd  0x08037de5     0x1e  Code  Gb  stm32f4xx_rcc.o [1]
RCC_APB1PeriphClockCmd  0x08037e03     0x1e  Code  Gb  stm32f4xx_rcc.o [1]
RCC_APB1PeriphResetCmd  0x08037e3f     0x1e  Code  Gb  stm32f4xx_rcc.o [1]
RCC_APB2PeriphClockCmd  0x08037e21     0x1e  Code  Gb  stm32f4xx_rcc.o [1]
RCC_APB2PeriphResetCmd  0x08037e5d     0x1e  Code  Gb  stm32f4xx_rcc.o [1]
RCC_GetClocksFreq       0x08037cc1    0x102  Code  Gb  stm32f4xx_rcc.o [1]
RS485_InitTXE           0x08037ee5     0x34  Code  Gb  bsp_uart_fifo.o [1]
RS485_sendbuf           0x08038725     0x3c  Code  Gb  bsp_uart_fifo.o [1]
ReadValue1              0x2001ef72      0x2  Data  Gb  encoder.o [1]
ReadValue2              0x2001ef74      0x2  Data  Gb  encoder.o [1]
Region$$Table$$Base     0x08041398            --   Gb  - Linker created -
Region$$Table$$Limit    0x080413cc            --   Gb  - Linker created -
SDCardInfo              0x2001ea60     0x58  Data  Gb  bsp_sdio_sd.o [1]
SDEnWideBus             0x0803d3b9    0x198  Code  Lc  bsp_sdio_sd.o [1]
SDIO_ClearFlag          0x0803e635      0x6  Code  Gb  stm32f4xx_sdio.o [1]
SDIO_ClearITPendingBit  0x0803e655      0x6  Code  Gb  stm32f4xx_sdio.o [1]
SDIO_ClockCmd           0x0803e563      0x8  Code  Gb  stm32f4xx_sdio.o [1]
SDIO_CmdInitStructure   0x2001ed08     0x14  Data  Gb  bsp_sdio_sd.o [1]
SDIO_DMACmd             0x0803e5f5      0x8  Code  Gb  stm32f4xx_sdio.o [1]
SDIO_DataConfig         0x0803e5c1     0x2e  Code  Gb  stm32f4xx_sdio.o [1]
SDIO_DataInitStructure  0x2001ecd8     0x18  Data  Gb  bsp_sdio_sd.o [1]
SDIO_DeInit             0x0803e521     0x18  Code  Gb  stm32f4xx_sdio.o [1]
SDIO_GetCommandResponse
                        0x0803e5a3      0x8  Code  Gb  stm32f4xx_sdio.o [1]
SDIO_GetFlagStatus      0x0803e61b     0x1a  Code  Gb  stm32f4xx_sdio.o [1]
SDIO_GetITStatus        0x0803e63b     0x1a  Code  Gb  stm32f4xx_sdio.o [1]
SDIO_GetPowerState      0x0803e571      0xa  Code  Gb  stm32f4xx_sdio.o [1]
SDIO_GetResponse        0x0803e5ab     0x16  Code  Gb  stm32f4xx_sdio.o [1]
SDIO_IRQHandler         0x0803d9a1      0x8  Code  Gb  bsp_sdio_sd.o [1]
SDIO_ITConfig           0x0803e5fd     0x1e  Code  Gb  stm32f4xx_sdio.o [1]
SDIO_Init               0x0803e539     0x2a  Code  Gb  stm32f4xx_sdio.o [1]
SDIO_InitStructure      0x2001ecc0     0x18  Data  Gb  bsp_sdio_sd.o [1]
SDIO_Interrupts_Config  0x0803d965     0x3c  Code  Gb  bsp_sdio_sd.o [1]
SDIO_ReadData           0x0803e5ef      0x6  Code  Gb  stm32f4xx_sdio.o [1]
SDIO_SendCommand        0x0803e57b     0x28  Code  Gb  stm32f4xx_sdio.o [1]
SDIO_SetPowerState      0x0803e56b      0x6  Code  Gb  stm32f4xx_sdio.o [1]
SDWE_WARNNING           0x080307d1     0x2a  Code  Gb  bsp_sdwe050c17.o [1]
SD_Detect               0x0803c05d     0x22  Code  Gb  bsp_sdio_sd.o [1]
SD_EnableWideBusOperation
                        0x0803c859     0xc8  Code  Gb  bsp_sdio_sd.o [1]
SD_GetCardInfo          0x0803c46d    0x3ec  Code  Gb  bsp_sdio_sd.o [1]
SD_GetState             0x0803c033     0x2a  Code  Gb  bsp_sdio_sd.o [1]
SD_GetStatus            0x0803c011     0x22  Code  Gb  bsp_sdio_sd.o [1]
SD_Init                 0x0803bf59     0xb8  Code  Gb  bsp_sdio_sd.o [1]
SD_InitializeCards      0x0803c2cb    0x1a2  Code  Gb  bsp_sdio_sd.o [1]
SD_LowLevel_DMA_RxConfig
                        0x0803d8af     0x8e  Code  Gb  bsp_sdio_sd.o [1]
SD_LowLevel_DMA_TxConfig
                        0x0803d821     0x8e  Code  Gb  bsp_sdio_sd.o [1]
SD_LowLevel_Init        0x0803d75d     0xbc  Code  Gb  bsp_sdio_sd.o [1]
SD_PowerON              0x0803c07f    0x24c  Code  Gb  bsp_sdio_sd.o [1]
SD_ProcessDMAIRQ        0x0803d09d     0x22  Code  Gb  bsp_sdio_sd.o [1]
SD_ProcessIRQSrc        0x0803cfef     0xae  Code  Gb  bsp_sdio_sd.o [1]
SD_ReadBlock            0x0803c959    0x108  Code  Gb  bsp_sdio_sd.o [1]
SD_ReadMultiBlocks      0x0803ca61    0x134  Code  Gb  bsp_sdio_sd.o [1]
SD_SelectDeselect       0x0803c921     0x38  Code  Gb  bsp_sdio_sd.o [1]
SD_SendStatus           0x0803cf81     0x6e  Code  Gb  bsp_sdio_sd.o [1]
SD_StopTransfer         0x0803cf39     0x44  Code  Gb  bsp_sdio_sd.o [1]
SD_WaitReadOperation    0x0803cb99     0x96  Code  Gb  bsp_sdio_sd.o [1]
SD_WriteBlock           0x0803cc39    0x11e  Code  Gb  bsp_sdio_sd.o [1]
SD_WriteMultiBlocks     0x0803cd65    0x1cc  Code  Gb  bsp_sdio_sd.o [1]
SPI1_Init               0x08038a91     0xc0  Code  Gb  bsp_spi.o [1]
SPI1_ReadWriteByte      0x08038b79     0x32  Code  Gb  bsp_spi.o [1]
SPI1_SetSpeed           0x08038b51     0x28  Code  Gb  bsp_spi.o [1]
SPI_Cmd                 0x0803b0d1     0x1c  Code  Gb  stm32f4xx_spi.o [1]
SPI_I2S_GetFlagStatus   0x0803b0ed     0x18  Code  Gb  stm32f4xx_spi.o [1]
SPI_Init                0x0803b091     0x40  Code  Gb  stm32f4xx_spi.o [1]
SRC_Buffer              0x2000017c     0x14  Data  Gb  bsp_servomotor.o [1]
SVC_Handler             0x0803aded           Code  Gb  portasm.o [1]
SYSCFG_EXTILineConfig   0x08040d81     0x50  Code  Gb  stm32f4xx_syscfg.o [1]
Sdwe_ClearReadDisk      0x080308a7     0x1c  Code  Gb  bsp_sdwe050c17.o [1]
Sdwe_change_class_time  0x08030d13     0x30  Code  Gb  bsp_sdwe050c17.o [1]
Sdwe_clearString        0x080307fb     0x54  Code  Gb  bsp_sdwe050c17.o [1]
Sdwe_clear_filename     0x080308f3     0x2a  Code  Gb  bsp_sdwe050c17.o [1]
Sdwe_disDigi            0x080306ab     0xa4  Code  Gb  bsp_sdwe050c17.o [1]
Sdwe_disPicture         0x08030661     0x4a  Code  Gb  bsp_sdwe050c17.o [1]
Sdwe_disString          0x0803074f     0x82  Code  Gb  bsp_sdwe050c17.o [1]
Sdwe_hidden_page        0x08030dab     0x30  Code  Gb  bsp_sdwe050c17.o [1]
Sdwe_peiliao_page       0x08030c1d     0xf6  Code  Gb  bsp_sdwe050c17.o [1]
Sdwe_period_page        0x08030d43     0x68  Code  Gb  bsp_sdwe050c17.o [1]
Sdwe_product_page       0x08030a9b    0x182  Code  Gb  bsp_sdwe050c17.o [1]
Sdwe_readRTC            0x080308c3     0x30  Code  Gb  bsp_sdwe050c17.o [1]
Sdwe_refresh_allname    0x08030a53     0x48  Code  Gb  bsp_sdwe050c17.o [1]
Sdwe_refresh_filename   0x0803091d    0x136  Code  Gb  bsp_sdwe050c17.o [1]
Sdwe_stop_page          0x08030ddb    0x36a  Code  Gb  bsp_sdwe050c17.o [1]
Sdwe_writeIcon          0x0803084f     0x58  Code  Gb  bsp_sdwe050c17.o [1]
ServoMotorRunning       0x08036a71     0x24  Code  Gb  bsp_servomotor.o [1]
SetSysClock             0x080408ab     0xce  Code  Lc  system_stm32f4xx.o [1]
SlavePara               0x2001e754     0xa4  Data  Gb  protocol.o [1]
StepMotor_adjust_speed  0x080365c3     0x36  Code  Gb  bsp_stepmotor.o [1]
StepMotor_start         0x08036625     0x2c  Code  Gb  bsp_stepmotor.o [1]
StepMotor_stop          0x080365f9     0x2c  Code  Gb  bsp_stepmotor.o [1]
StopCondition           0x2001eec4      0x4  Data  Gb  bsp_sdio_sd.o [1]
SysTick_Handler         0x080378e3     0x2c  Code  Gb  port.o [1]
SystemCoreClock         0x200001c0      0x4  Data  Gb  system_stm32f4xx.o [1]
SystemInit              0x08040859     0x52  Code  Gb  system_stm32f4xx.o [1]
TI1_Config              0x080362b9     0x38  Code  Lc  stm32f4xx_tim.o [1]
TI2_Config              0x080362f1     0x42  Code  Lc  stm32f4xx_tim.o [1]
TI3_Config              0x08036333     0x40  Code  Lc  stm32f4xx_tim.o [1]
TI4_Config              0x08036373     0x42  Code  Lc  stm32f4xx_tim.o [1]
TIM1_PWM_SETPMOTOR      0x08036525     0x9e  Code  Gb  bsp_stepmotor.o [1]
TIM2_IRQHandler         0x080389cd     0xac  Code  Gb  bsp_timer.o [1]
TIM3CH2_CAPTURE_STA     0x2001ef90      0x1  Data  Gb  encoder.o [1]
TIM3CH2_CAPTURE_VAL     0x2001eee0      0x4  Data  Gb  encoder.o [1]
TIM3_IRQHandler         0x08036d4f     0xc0  Code  Gb  encoder.o [1]
TIM3_PWM_SETPMOTOR      0x080364bd     0x68  Code  Gb  bsp_stepmotor.o [1]
TIM4_CH1_ConfigPwmOut   0x08036669     0x1c  Code  Gb  bsp_servomotor.o [1]
TIM4_CH1_GPIO_Configuration
                        0x080366df     0x42  Code  Gb  bsp_servomotor.o [1]
TIM4_CH1_PWMDMA_Config  0x0803685d     0xb0  Code  Gb  bsp_servomotor.o [1]
TIM4_CH1_StartPwmOut    0x08036685     0x2c  Code  Gb  bsp_servomotor.o [1]
TIM4_CH1_StopPwmOut     0x080366b1     0x2e  Code  Gb  bsp_servomotor.o [1]
TIM4_CH2_ConfigPwmOut   0x0803690d     0x1c  Code  Gb  bsp_servomotor.o [1]
TIM4_CH2_GPIO_Configuration
                        0x08036983     0x3e  Code  Gb  bsp_servomotor.o [1]
TIM4_CH2_PWMDMA_Config  0x080369c1     0xb0  Code  Gb  bsp_servomotor.o [1]
TIM4_CH2_StartPwmOut    0x08036929     0x2c  Code  Gb  bsp_servomotor.o [1]
TIM4_CH2_StopPwmOut     0x08036955     0x2e  Code  Gb  bsp_servomotor.o [1]
TIM4_PWM_Config         0x08036799     0xc4  Code  Gb  bsp_servomotor.o [1]
TIM6_DAC_IRQHandler     0x08041063     0x22  Code  Gb  SysInfoTest.o [1]
TIM8_CC_IRQHandler      0x08036c61     0xee  Code  Gb  encoder.o [1]
TIM_ARRPreloadConfig    0x08035eaf     0x1c  Code  Gb  stm32f4xx_tim.o [1]
TIM_CallBack1           0x0802ed75     0x3c  Code  Gb  apptask.o [1]
TIM_ClearITPendingBit   0x0803629b      0x8  Code  Gb  stm32f4xx_tim.o [1]
TIM_Cmd                 0x08035ecb     0x1c  Code  Gb  stm32f4xx_tim.o [1]
TIM_CtrlPWMOutputs      0x08036231     0x22  Code  Gb  stm32f4xx_tim.o [1]
TIM_DMACmd              0x080362a3     0x16  Code  Gb  stm32f4xx_tim.o [1]
TIM_DeInit              0x08035cc9    0x17c  Code  Gb  stm32f4xx_tim.o [1]
TIM_GetITStatus         0x08036269     0x32  Code  Gb  stm32f4xx_tim.o [1]
TIM_ICInit              0x08036175     0x70  Code  Gb  stm32f4xx_tim.o [1]
TIM_ITConfig            0x08036253     0x16  Code  Gb  stm32f4xx_tim.o [1]
TIM_OC1Init             0x08035ee7     0x7e  Code  Gb  stm32f4xx_tim.o [1]
TIM_OC2Init             0x08035f65     0x8c  Code  Gb  stm32f4xx_tim.o [1]
TIM_OC2PreloadConfig    0x0803613b     0x14  Code  Gb  stm32f4xx_tim.o [1]
TIM_OC3Init             0x08035ff1     0x8a  Code  Gb  stm32f4xx_tim.o [1]
TIM_OC3PreloadConfig    0x0803614f     0x12  Code  Gb  stm32f4xx_tim.o [1]
TIM_OC4Init             0x0803607b     0x68  Code  Gb  stm32f4xx_tim.o [1]
TIM_OC4PreloadConfig    0x08036161     0x14  Code  Gb  stm32f4xx_tim.o [1]
TIM_OCStructInit        0x08036119     0x22  Code  Gb  stm32f4xx_tim.o [1]
TIM_SetIC1Prescaler     0x080361e5     0x12  Code  Gb  stm32f4xx_tim.o [1]
TIM_SetIC2Prescaler     0x080361f7     0x14  Code  Gb  stm32f4xx_tim.o [1]
TIM_SetIC3Prescaler     0x0803620b     0x12  Code  Gb  stm32f4xx_tim.o [1]
TIM_SetIC4Prescaler     0x0803621d     0x14  Code  Gb  stm32f4xx_tim.o [1]
TIM_TimeBaseInit        0x08035e45     0x6a  Code  Gb  stm32f4xx_tim.o [1]
Task_iwdg_refresh       0x0802efc3     0x56  Code  Gb  apptask.o [1]
TransferEnd             0x2001eec8      0x4  Data  Gb  bsp_sdio_sd.o [1]
TransferError           0x2001ef8d      0x1  Data  Gb  bsp_sdio_sd.o [1]
UART1ToPC               0x080386c5     0x30  Code  Gb  bsp_uart_fifo.o [1]
UART2ToPC               0x080386f5     0x30  Code  Gb  bsp_uart_fifo.o [1]
UART2_RX_BUF            0x2001e9f8     0x64  Data  Gb  bsp_uart_fifo.o [1]
UART3ToPC               0x08038761     0x30  Code  Gb  bsp_uart_fifo.o [1]
UART4ToPC               0x08038791     0x30  Code  Gb  bsp_uart_fifo.o [1]
UART4_IRQHandler        0x080385d7     0x84  Code  Gb  bsp_uart_fifo.o [1]
UART4_RX_BUF            0x2001e994     0x64  Data  Gb  bsp_uart_fifo.o [1]
UART5ToPC               0x080387c1     0x30  Code  Gb  bsp_uart_fifo.o [1]
UART5_IRQHandler        0x0803865b     0x6a  Code  Gb  bsp_uart_fifo.o [1]
USART1_IRQHandler       0x08038547     0x1e  Code  Gb  bsp_uart_fifo.o [1]
USART2_IRQHandler       0x08038565     0x68  Code  Gb  bsp_uart_fifo.o [1]
USART3_IRQHandler       0x080385cd      0xa  Code  Gb  bsp_uart_fifo.o [1]
USART_ClearFlag         0x0803afef      0xc  Code  Gb  stm32f4xx_usart.o [1]
USART_ClearITPendingBit
                        0x0803b06b     0x26  Code  Gb  stm32f4xx_usart.o [1]
USART_Cmd               0x0803af39     0x1c  Code  Gb  stm32f4xx_usart.o [1]
USART_DMACmd            0x0803af65     0x16  Code  Gb  stm32f4xx_usart.o [1]
USART_GetFlagStatus     0x0803afd1     0x1e  Code  Gb  stm32f4xx_usart.o [1]
USART_GetITStatus       0x0803affb     0x70  Code  Gb  stm32f4xx_usart.o [1]
USART_ITConfig          0x0803af7b     0x56  Code  Gb  stm32f4xx_usart.o [1]
USART_Init              0x0803ae3d     0xee  Code  Gb  stm32f4xx_usart.o [1]
USART_ReceiveData       0x0803af5d      0x8  Code  Gb  stm32f4xx_usart.o [1]
USART_SendData          0x0803af55      0x8  Code  Gb  stm32f4xx_usart.o [1]
USBH_Alloc_Channel      0x08039e09     0x2e  Code  Gb  usbh_hcs.o [1]
USBH_BulkReceiveData    0x0803a4ad     0x62  Code  Gb  usbh_ioreq.o [1]
USBH_BulkSendData       0x0803a44b     0x62  Code  Gb  usbh_ioreq.o [1]
USBH_CfgDesc            0x2001e324    0x200  Data  Gb  usbh_stdreq.o [1]
USBH_ClrFeature         0x0803a053     0x4c  Code  Gb  usbh_stdreq.o [1]
USBH_Connected          0x08032c09      0xc  Code  Gb  usbh_core.o [1]
USBH_CtlReceiveData     0x0803a405     0x46  Code  Gb  usbh_ioreq.o [1]
USBH_CtlReq             0x0803a2df     0x6e  Code  Gb  usbh_ioreq.o [1]
USBH_CtlSendData        0x0803a391     0x74  Code  Gb  usbh_ioreq.o [1]
USBH_CtlSendSetup       0x0803a34d     0x44  Code  Gb  usbh_ioreq.o [1]
USBH_DataInBuffer       0x2001e124    0x200  Data  Gb  usbh_msc_scsi.o [1]
USBH_DeAllocate_AllChannel
                        0x08039e5b     0x20  Code  Gb  usbh_hcs.o [1]
USBH_DeInit             0x08032c6f     0x3e  Code  Gb  usbh_core.o [1]
USBH_Disconnected       0x08032c15      0xc  Code  Gb  usbh_core.o [1]
USBH_ErrorHandle        0x08032e7f     0x34  Code  Gb  usbh_core.o [1]
USBH_Free_Channel       0x08039e37     0x24  Code  Gb  usbh_hcs.o [1]
USBH_GetDescriptor      0x08039fb3     0x4e  Code  Gb  usbh_stdreq.o [1]
USBH_GetFreeChannel     0x08039e7b     0x2e  Code  Lc  usbh_hcs.o [1]
USBH_GetNextDesc        0x0803a2c7     0x18  Code  Gb  usbh_stdreq.o [1]
USBH_Get_CfgDesc        0x08039eef     0x78  Code  Gb  usbh_stdreq.o [1]
USBH_Get_DevDesc        0x08039ea9     0x46  Code  Gb  usbh_stdreq.o [1]
USBH_Get_StringDesc     0x08039f67     0x4c  Code  Gb  usbh_stdreq.o [1]
USBH_HCD_INT_cb         0x200001b0      0xc  Data  Gb  usbh_core.o [1]
USBH_HCD_INT_fops       0x200001c4      0x4  Data  Gb  usbh_core.o [1]
USBH_HandleControl      0x080330c7    0x29a  Code  Gb  usbh_core.o [1]
USBH_HandleEnum         0x08032eb3    0x214  Code  Lc  usbh_core.o [1]
USBH_Init               0x08032c27     0x48  Code  Gb  usbh_core.o [1]
USBH_MSC_BOTReset       0x0803f661     0x28  Code  Lc  usbh_msc_core.o [1]
USBH_MSC_BOTXferParam   0x2001edec     0x10  Data  Gb  usbh_msc_bot.o [1]
USBH_MSC_BOT_Abort      0x0803e411     0x5c  Code  Gb  usbh_msc_bot.o [1]
USBH_MSC_CBWData        0x2001eca0     0x20  Data  Gb  usbh_msc_bot.o [1]
USBH_MSC_CSWData        0x2001eddc     0x10  Data  Gb  usbh_msc_bot.o [1]
USBH_MSC_ClassRequest   0x0803f44f     0x12  Code  Lc  usbh_msc_core.o [1]
USBH_MSC_DecodeCSW      0x0803e46d     0x7a  Code  Gb  usbh_msc_bot.o [1]
USBH_MSC_ErrorHandle    0x0803f6b1     0x3e  Code  Gb  usbh_msc_core.o [1]
USBH_MSC_GETMaxLUN      0x0803f689     0x28  Code  Lc  usbh_msc_core.o [1]
USBH_MSC_Handle         0x0803f461    0x200  Code  Lc  usbh_msc_core.o [1]
USBH_MSC_HandleBOTXfer  0x0803e00d    0x404  Code  Gb  usbh_msc_bot.o [1]
USBH_MSC_Init           0x0803dfc9     0x44  Code  Gb  usbh_msc_bot.o [1]
USBH_MSC_InterfaceDeInit
                        0x0803f403     0x4c  Code  Lc  usbh_msc_core.o [1]
USBH_MSC_InterfaceInit  0x0803f31d     0xe6  Code  Lc  usbh_msc_core.o [1]
USBH_MSC_ModeSense6     0x0803dbc3    0x10c  Code  Gb  usbh_msc_scsi.o [1]
USBH_MSC_Param          0x2001edfc     0x10  Data  Gb  usbh_msc_scsi.o [1]
USBH_MSC_Read10         0x0803dea9    0x106  Code  Gb  usbh_msc_scsi.o [1]
USBH_MSC_ReadCapacity10
                        0x0803da99    0x12a  Code  Gb  usbh_msc_scsi.o [1]
USBH_MSC_RequestSense   0x0803dccf     0xee  Code  Gb  usbh_msc_scsi.o [1]
USBH_MSC_TestUnitReady  0x0803d9b1     0xe8  Code  Gb  usbh_msc_scsi.o [1]
USBH_MSC_Write10        0x0803ddbd     0xec  Code  Gb  usbh_msc_scsi.o [1]
USBH_MSC_cb             0x200001a0     0x10  Data  Gb  usbh_msc_core.o [1]
USBH_Modify_Channel     0x08039d95     0x74  Code  Gb  usbh_hcs.o [1]
USBH_OTG_ISR_Handler    0x0803e69d     0xb8  Code  Gb  usb_hcd_int.o [1]
USBH_Open_Channel       0x08039cef     0xa6  Code  Gb  usbh_hcs.o [1]
USBH_ParseCfgDesc       0x0803a0fb    0x13c  Code  Lc  usbh_stdreq.o [1]
USBH_ParseDevDesc       0x0803a09f     0x5c  Code  Lc  usbh_stdreq.o [1]
USBH_ParseEPDesc        0x0803a26b     0x20  Code  Lc  usbh_stdreq.o [1]
USBH_ParseInterfaceDesc
                        0x0803a245     0x26  Code  Lc  usbh_stdreq.o [1]
USBH_ParseStringDesc    0x0803a28b     0x3c  Code  Lc  usbh_stdreq.o [1]
USBH_Process            0x08032cad    0x1d2  Code  Gb  usbh_core.o [1]
USBH_SOF                0x08032c21      0x6  Code  Gb  usbh_core.o [1]
USBH_SetAddress         0x0803a001     0x2a  Code  Gb  usbh_stdreq.o [1]
USBH_SetCfg             0x0803a02b     0x28  Code  Gb  usbh_stdreq.o [1]
USBH_SubmitSetupRequest
                        0x0803a50f     0x16  Code  Lc  usbh_ioreq.o [1]
USBH_USR_Configuration_DescAvailable
                        0x08032b11     0x26  Code  Gb  usbh_usr.o [1]
USBH_USR_DeInit         0x08032c05      0x2  Code  Gb  usbh_usr.o [1]
USBH_USR_DeviceAddressAssigned
                        0x08032b0f      0x2  Code  Gb  usbh_usr.o [1]
USBH_USR_DeviceAttached
                        0x08032a89      0xa  Code  Gb  usbh_usr.o [1]
USBH_USR_DeviceDisconnected
                        0x08032a9d     0x1a  Code  Gb  usbh_usr.o [1]
USBH_USR_DeviceNotSupported
                        0x08032b7b      0xa  Code  Gb  usbh_usr.o [1]
USBH_USR_DeviceSpeedDetected
                        0x08032ac1     0x36  Code  Gb  usbh_usr.o [1]
USBH_USR_Device_DescAvailable
                        0x08032af7     0x18  Code  Gb  usbh_usr.o [1]
USBH_USR_EnumerationDone
                        0x08032b61     0x1a  Code  Gb  usbh_usr.o [1]
USBH_USR_Init           0x08032a65     0x24  Code  Gb  usbh_usr.o [1]
USBH_USR_MSC_Application
                        0x08032c01      0x4  Code  Gb  usbh_usr.o [1]
USBH_USR_Manufacturer_String
                        0x08032b37      0xe  Code  Gb  usbh_usr.o [1]
USBH_USR_OverCurrentDetected
                        0x08032b89      0xa  Code  Gb  usbh_usr.o [1]
USBH_USR_Product_String
                        0x08032b45      0xe  Code  Gb  usbh_usr.o [1]
USBH_USR_ResetDevice    0x08032ab7      0xa  Code  Gb  usbh_usr.o [1]
USBH_USR_SerialNum_String
                        0x08032b53      0xe  Code  Gb  usbh_usr.o [1]
USBH_USR_UnrecoveredError
                        0x08032a93      0xa  Code  Gb  usbh_usr.o [1]
USBH_USR_UserInput      0x08032b85      0x4  Code  Gb  usbh_usr.o [1]
USB_Host                0x2001e890     0x94  Data  Gb  usbh_usr.o [1]
USB_OTG_BSP_DisableInterrupt
                        0x08039b7d     0x22  Code  Gb  usb_bsp.o [1]
USB_OTG_BSP_EnableInterrupt
[...]
div                     0x0803b485      0xe  Code  Gb  div.o [3]
download_num            0x2001ef84      0x1  Data  Gb  apptask.o [1]
enq_lock                0x08033467     0x28  Code  Lc  ff.o [1]
exit                    0x080416eb      0x4  Code  Gb  exit.o [3]
f_close                 0x0803545d     0x38  Code  Gb  ff.o [1]
f_mount                 0x08034e91     0x66  Code  Gb  ff.o [1]
f_open                  0x08034ef7    0x20e  Code  Gb  ff.o [1]
f_opendir               0x08035495     0xb2  Code  Gb  ff.o [1]
f_readdir               0x08035547     0x74  Code  Gb  ff.o [1]
f_sync                  0x080353a7     0xb6  Code  Gb  ff.o [1]
f_write                 0x08035115    0x292  Code  Gb  ff.o [1]
ff_convert              0x0803a809     0x80  Code  Gb  cc936.o [1]
ff_wtoupper             0x0803a889     0x64  Code  Gb  cc936.o [1]
file_select             0x2001ee3c      0xc  Data  Gb  protocol.o [1]
final_per_meter         0x080318e1     0x1a  Code  Gb  product_cal.o [1]
find_volume             0x08034a01    0x45a  Code  Lc  ff.o [1]
fit_lfn                 0x08033f3b     0x88  Code  Lc  ff.o [1]
follow_path             0x0803489b     0x90  Code  Lc  ff.o [1]
fputc                   0x080387f1     0x22  Code  Gb  bsp_uart_fifo.o [1]
from_speed_step         0x08036ff3     0x2e  Code  Gb  page_weimi.o [1]
g_tUart3                0x2001ec04     0x28  Data  Gb  bsp_uart_fifo.o [1]
gen_numname             0x08033fc9     0xec  Code  Lc  ff.o [1]
get_card_type           0x08031a57     0xe4  Code  Gb  product_cal.o [1]
get_class_time          0x0803195f     0x7a  Code  Gb  product_cal.o [1]
get_fat                 0x0803378f    0x11c  Code  Gb  ff.o [1]
get_fattime             0x0803a7ef      0x4  Code  Gb  diskio.o [1]
get_fileinfo            0x08034445    0x13c  Code  Lc  ff.o [1]
get_float_1bit          0x0803193d     0x22  Code  Gb  product_cal.o [1]
get_ldnumber            0x0803492b     0x50  Code  Lc  ff.o [1]
get_main_speed          0x08036fc1     0x32  Code  Gb  page_weimi.o [1]
get_period_state        0x080319d9     0x54  Code  Gb  product_cal.o [1]
get_valid_length        0x0803170d     0x26  Code  Gb  bsp_sdwe050c17.o [1]
get_weimi_para          0x08036f77     0x4a  Code  Gb  page_weimi.o [1]
hex_to_decimal          0x08031733     0x26  Code  Gb  bsp_sdwe050c17.o [1]
idwgEventGroup          0x2001eeb0      0x4  Data  Gb  apptask.o [1]
inc_card_type           0x08031b45    0x11c  Code  Gb  product_cal.o [1]
inc_lock                0x0803348f     0xe8  Code  Lc  ff.o [1]
init_peiliao_para       0x08031819     0x50  Code  Gb  product_cal.o [1]
init_product_para       0x08031759     0xc0  Code  Gb  product_cal.o [1]
init_weimi_para         0x08036eb7     0xc0  Code  Gb  page_weimi.o [1]
input_password_buf      0x2001ee30      0xc  Data  Gb  protocol.o [1]
input_password_len      0x2001ef97      0x1  Data  Gb  protocol.o [1]
isDevicePeriod          0x2001ef8b      0x1  Data  Gb  apptask.o [1]
isWork                  0x2001ef85      0x1  Data  Gb  apptask.o [1]
is_same_data            0x08031a2d     0x2a  Code  Gb  product_cal.o [1]
lcd_busy                0x2001ef8e      0x1  Data  Gb  bsp_sdwe050c17.o [1]
lcd_rev_buf             0x2001eba4     0x34  Data  Gb  bsp_sdwe050c17.o [1]
lcd_rev_len             0x2001ef70      0x2  Data  Gb  bsp_sdwe050c17.o [1]
ld_clust                0x08033db9     0x28  Code  Lc  ff.o [1]
localeconv              0x0803b453     0x16  Code  Gb  localeconv.o [3]
m_ctrl_dev              0x2001ee5c      0x8  Data  Gb  modbus.o [1]
main                    0x0804123d     0x2c  Code  Gb  main.o [1]
mallco_dev              0x20000160     0x1c  Data  Gb  malloc.o [1]
mb_init                 0x080359c1     0x30  Code  Gb  modbus.o [1]
mb_packsend_frame       0x080358cf     0xf2  Code  Gb  modbus.o [1]
mb_unpack_frame         0x0803578d    0x142  Code  Gb  modbus.o [1]
mc_check_crc16          0x0803a969     0x40  Code  Gb  mcheck.o [1]
mc_check_crc8           0x0803a945     0x24  Code  Gb  mcheck.o [1]
mc_check_sum            0x0803a8fd     0x2e  Code  Gb  mcheck.o [1]
mc_check_xor            0x0803a92b     0x1a  Code  Gb  mcheck.o [1]
mem1base                0x200119cc   0xa000  Data  Gb  malloc.o [1]
mem1mapbase             0x2001c9cc    0xa00  Data  Gb  malloc.o [1]
mem2base                0x68000000  0xf0000  Data  Gb  malloc.o [1]
mem2mapbase             0x680f0000   0xf000  Data  Gb  malloc.o [1]
mem_cmp                 0x0803339b     0x24  Code  Lc  ff.o [1]
mem_cpy                 0x08033369     0x1c  Code  Lc  ff.o [1]
mem_set                 0x08033385     0x16  Code  Lc  ff.o [1]
memblksize              0x08041c74      0x8  Data  Gb  malloc.o [1]
memchr                  0x0803b11d           Code  Gb  memchr.o [5]
memsize                 0x08041c7c      0x8  Data  Gb  malloc.o [1]
memtblsize              0x08041c6c      0x8  Data  Gb  malloc.o [1]
modbus_send_frame       0x080359f1     0xe6  Code  Gb  modbus.o [1]
move_window             0x0803365d     0x40  Code  Lc  ff.o [1]
my_mem_free             0x080322ef     0x6c  Code  Gb  malloc.o [1]
my_mem_init             0x080321b3     0x42  Code  Gb  malloc.o [1]
my_mem_malloc           0x08032233     0xbc  Code  Gb  malloc.o [1]
my_mem_perused          0x080321f5     0x3e  Code  Gb  malloc.o [1]
myfree                  0x0803235b     0x24  Code  Gb  malloc.o [1]
mymalloc                0x0803237f     0x2a  Code  Gb  malloc.o [1]
mymemset                0x0803219d     0x16  Code  Gb  malloc.o [1]
obuf                    0x2001eb08     0x50  Data  Lc  xfiles.o [3]
oem2uni                 0x0801560c  0x15484  Data  Lc  cc936.o [1]
old_card_record         0x2001ef89      0x1  Data  Gb  apptask.o [1]
old_isWork              0x2001ef86      0x1  Data  Gb  apptask.o [1]
old_plan_complete       0x2001ef95      0x1  Data  Gb  product_cal.o [1]
para_init               0x080400fb     0x80  Code  Gb  para.o [1]
pcInterruptPriorityRegisters
                        0x08041cb0      0x4  Data  Lc  port.o [1]
peiliao_para            0x2001ebd8     0x2c  Data  Gb  product_cal.o [1]
pick_lfn                0x08033eaf     0x8c  Code  Lc  ff.o [1]
plan_complete           0x2001ef94      0x1  Data  Gb  product_cal.o [1]
pluse_count             0x2001ef6a      0x2  Data  Gb  apptask.o [1]
printf                  0x08032135     0x24  Code  Gb  printf.o [3]
product_complete_kilo   0x0803190d     0x30  Code  Gb  product_cal.o [1]
product_complete_meter  0x080318fb     0x12  Code  Gb  product_cal.o [1]
product_para            0x2001ec54     0x28  Data  Gb  product_cal.o [1]
product_per_meter       0x08031869     0x78  Code  Gb  product_cal.o [1]
prvAddCurrentTaskToDelayedList
                        0x0802fbb1     0x48  Code  Lc  tasks.o [1]
prvAllocateTCBAndStack  0x0802fbf9     0x5a  Code  Lc  tasks.o [1]
prvCheckForValidListAndQueue
                        0x080376e3     0x52  Code  Lc  timers.o [1]
prvCheckTasksWaitingTermination
                        0x0802fb47     0x66  Code  Lc  tasks.o [1]
prvCopyDataFromQueue    0x080303e1     0x30  Code  Lc  queue.o [1]
prvCopyDataToQueue      0x0803035d     0x84  Code  Lc  queue.o [1]
prvDeleteTCB            0x0802fc53     0x12  Code  Lc  tasks.o [1]
prvGetNextExpireTime    0x080374cf     0x2e  Code  Lc  timers.o [1]
prvHeapInit             0x08037bd1     0x6e  Code  Lc  heap_4.o [1]
prvIdleTask             0x0802fa61     0x26  Code  Lc  tasks.o [1]
prvInitialiseTCBVariables
                        0x0802fa87     0x6a  Code  Lc  tasks.o [1]
prvInitialiseTaskLists  0x0802faf1     0x56  Code  Lc  tasks.o [1]
prvInsertBlockIntoFreeList
                        0x08037c3f     0x62  Code  Lc  heap_4.o [1]
prvInsertTimerInActiveList
                        0x08037525     0x50  Code  Lc  timers.o [1]
prvIsQueueEmpty         0x0803047b     0x20  Code  Lc  queue.o [1]
prvIsQueueFull          0x0803049b     0x22  Code  Lc  queue.o [1]
prvProcessExpiredTimer  0x080373e7     0x5c  Code  Lc  timers.o [1]
prvProcessReceivedCommands
                        0x08037575     0xde  Code  Lc  timers.o [1]
prvProcessTimerOrBlockTask
                        0x0803745f     0x70  Code  Lc  timers.o [1]
prvResetNextTaskUnblockTime
                        0x0802fc65     0x26  Code  Lc  tasks.o [1]
prvSampleTimeNow        0x080374fd     0x28  Code  Lc  timers.o [1]
prvSwitchTimerLists     0x08037653     0x90  Code  Lc  timers.o [1]
prvTaskExitError        0x08037781     0x2a  Code  Lc  port.o [1]
prvTestWaitCondition    0x0803728b     0x24  Code  Lc  event_groups.o [1]
prvTimerTask            0x08037445     0x1a  Code  Lc  timers.o [1]
prvUnlockQueue          0x08030411     0x6a  Code  Lc  queue.o [1]
put_fat                 0x080338ab    0x16c  Code  Gb  ff.o [1]
putchar                 0x080418ad      0xc  Code  Gb  putchar.o [3]
pvPortMalloc            0x08037a41    0x118  Code  Gb  heap_4.o [1]
pxCurrentTCB            0x2001ef08      0x4  Data  Gb  tasks.o [1]
pxCurrentTimerList      0x2001ef48      0x4  Data  Lc  timers.o [1]
pxDelayedTaskList       0x2001ef0c      0x4  Data  Lc  tasks.o [1]
pxEnd                   0x2001eee8      0x4  Data  Lc  heap_4.o [1]
pxOverflowDelayedTaskList
                        0x2001ef10      0x4  Data  Lc  tasks.o [1]
pxOverflowTimerList     0x2001ef4c      0x4  Data  Lc  timers.o [1]
pxPortInitialiseStack   0x0803775d     0x24  Code  Gb  port.o [1]
pxReadyTasksLists       0x2001e68c     0xc8  Data  Lc  tasks.o [1]
rc522_cmd_anticoll      0x08035731     0x5a  Code  Gb  rc522.o [1]
rc522_cmd_request       0x080356dd     0x54  Code  Gb  rc522.o [1]
readSlave               0x2001ee18      0xc  Data  Gb  apptask.o [1]
read_device_info        0x0803febd    0x23e  Code  Gb  para.o [1]
read_file_select        0x2001ee48      0xc  Data  Gb  protocol.o [1]
remove_chain            0x08033a17     0x76  Code  Lc  ff.o [1]
rfid_rev_buf            0x2001ed1c     0x14  Data  Gb  rc522.o [1]
rfid_rev_cnt            0x2001ef99      0x1  Data  Gb  rc522.o [1]
rfid_rev_flag           0x2001ef98      0x1  Data  Gb  rc522.o [1]
rtc_time                0x2001ee64      0x8  Data  Gb  protocol.o [1]
s_TIM_CallBack1         0x2001eed0      0x4  Data  Lc  bsp_timer.o [1]
s_TIM_CallBack2         0x2001eed4      0x4  Data  Lc  bsp_timer.o [1]
s_TIM_CallBack3         0x2001eed8      0x4  Data  Lc  bsp_timer.o [1]
s_TIM_CallBack4         0x2001eedc      0x4  Data  Lc  bsp_timer.o [1]
sample_time             0x2001ef68      0x2  Data  Gb  apptask.o [1]
sdew_weimi_page1        0x0803117d    0x236  Code  Gb  bsp_sdwe050c17.o [1]
sdew_weimi_page2        0x080313b3    0x236  Code  Gb  bsp_sdwe050c17.o [1]
sdew_weisha_page1       0x080315e9     0x92  Code  Gb  bsp_sdwe050c17.o [1]
sdew_weisha_page2       0x0803167b     0x92  Code  Gb  bsp_sdwe050c17.o [1]
slave_info              0x2001ee0c      0xc  Data  Gb  apptask.o [1]
speed_zhu               0x2001ef7c      0x2  Data  Gb  page_weimi.o [1]
sprintf                 0x080355cd     0x34  Code  Gb  sprintf.o [3]
st_clust                0x08033de1     0x18  Code  Lc  ff.o [1]
strcat                  0x08035601     0x1c  Code  Gb  strcat.o [3]
strchr                  0x0803b105           Code  Gb  strchr.o [5]
strlen                  0x080329b5           Code  Gb  strlen.o [5]
strstr                  0x08035b8d     0x10  Code  Gb  apptask.o [1]
sum_sfn                 0x080340b5     0x20  Code  Lc  ff.o [1]
sync_fs                 0x0803369d     0xd8  Code  Lc  ff.o [1]
sync_window             0x08033603     0x5a  Code  Lc  ff.o [1]
system_state_dis        0x080406c8    0x190  Data  Gb  product_cal.o [1]
total_meter_gross       0x2001eefc      0x4  Data  Gb  product_cal.o [1]
total_weight_gross      0x2001ef00      0x4  Data  Gb  product_cal.o [1]
ucHeap                  0x200001cc  0x11800  Data  Lc  heap_4.o [1]
ucMaxSysCallPriority    0x2001ef93      0x1  Data  Lc  port.o [1]
ulHighFrequencyTimerTicks
                        0x2001ef04      0x4  Data  Gb  SysInfoTest.o [1]
ulMaxPRIGROUPValue      0x2001eef8      0x4  Data  Lc  port.o [1]
ulTaskSwitchedInTime    0x2001ef40      0x4  Data  Lc  tasks.o [1]
ulTotalRunTime          0x2001ef44      0x4  Data  Lc  tasks.o [1]
uni2oem                 0x08000188  0x15484  Data  Lc  cc936.o [1]
usb_disk_flag           0x2001ef87      0x1  Data  Gb  apptask.o [1]
usbh_OpenMassStorage    0x08032a51     0x14  Code  Gb  usbh_usr.o [1]
uxCriticalNesting       0x200001bc      0x4  Data  Lc  port.o [1]
uxCurrentNumberOfTasks  0x2001ef18      0x4  Data  Lc  tasks.o [1]
uxListRemove            0x08037a19     0x28  Code  Gb  list.o [1]
uxPendedTicks           0x2001ef28      0x4  Data  Lc  tasks.o [1]
uxSchedulerSuspended    0x2001ef3c      0x4  Data  Lc  tasks.o [1]
uxTaskNumber            0x2001ef34      0x4  Data  Lc  tasks.o [1]
uxTaskResetEventItemValue
                        0x0802fcc5     0x20  Code  Gb  tasks.o [1]
uxTasksDeleted          0x2001ef14      0x4  Data  Lc  tasks.o [1]
uxTopReadyPriority      0x2001ef20      0x4  Data  Lc  tasks.o [1]
vListInitialise         0x080379a9     0x1e  Code  Gb  list.o [1]
vListInsert             0x080379df     0x3a  Code  Gb  list.o [1]
vListInsertEnd          0x080379c7     0x18  Code  Gb  list.o [1]
vPortEnableVFP          0x0803ae21           Code  Gb  portasm.o [1]
vPortEnterCritical      0x08037877     0x3a  Code  Gb  port.o [1]
vPortExitCritical       0x080378b1     0x32  Code  Gb  port.o [1]
vPortFree               0x08037b59     0x78  Code  Gb  heap_4.o [1]
vPortSetupTimerInterrupt
                        0x0803790f      0xe  Code  Wk  port.o [1]
vPortStartFirstTask     0x0803ae09           Code  Gb  portasm.o [1]
vPortValidateInterruptPriority
                        0x0803791d     0x4e  Code  Gb  port.o [1]
vQueueWaitForMessageRestricted
                        0x080304bd     0x44  Code  Gb  queue.o [1]
vSetupSysInfoTest       0x08041051     0x12  Code  Gb  SysInfoTest.o [1]
vTaskDelay              0x0802f2bd     0x84  Code  Gb  tasks.o [1]
vTaskFreq               0x0802e959     0xb2  Code  Lc  apptask.o [1]
vTaskManageCapacity     0x0802e19d    0x5ac  Code  Gb  apptask.o [1]
vTaskMassStorage        0x0802d3f5    0x23c  Code  Lc  apptask.o [1]
vTaskMissedYield        0x0802fa57      0xa  Code  Gb  tasks.o [1]
vTaskMotorControl       0x0802e74d    0x206  Code  Lc  apptask.o [1]
vTaskMsgPro             0x0802da65    0x426  Code  Lc  apptask.o [1]
vTaskPlaceOnEventList   0x0802f6bd     0x74  Code  Gb  tasks.o [1]
vTaskPlaceOnEventListRestricted
                        0x0802f7f5     0x80  Code  Gb  tasks.o [1]
vTaskPlaceOnUnorderedEventList
                        0x0802f74d     0xa8  Code  Gb  tasks.o [1]
vTaskReadDisk           0x0802df65    0x1b4  Code  Lc  apptask.o [1]
vTaskRev485             0x0802de9d     0xae  Code  Lc  apptask.o [1]
vTaskSetTimeOutState    0x0802f9a1     0x26  Code  Gb  tasks.o [1]
vTaskStartScheduler     0x0802f341     0x7e  Code  Gb  tasks.o [1]
vTaskSuspendAll         0x0802f3bf     0x10  Code  Gb  tasks.o [1]
vTaskSwitchContext      0x0802f60d     0xb0  Code  Gb  tasks.o [1]
vTaskTaskLCD            0x0802aa91   0x2936  Code  Gb  apptask.o [1]
vTaskTaskLED            0x0802d655     0x20  Code  Lc  apptask.o [1]
vTaskTaskRFID           0x0802d675    0x3c6  Code  Lc  apptask.o [1]
validate                0x08034e5b     0x36  Code  Lc  ff.o [1]
weimi_para              0x2001e524    0x168  Data  Gb  page_weimi.o [1]
work_idle               0x2001ef96      0x1  Data  Gb  product_cal.o [1]
work_idle_time          0x2001ef7e      0x2  Data  Gb  product_cal.o [1]
xActiveTimerList1       0x2001ed94     0x14  Data  Lc  timers.o [1]
xActiveTimerList2       0x2001eda8     0x14  Data  Lc  timers.o [1]
xBlockAllocatedBit      0x2001eef4      0x4  Data  Lc  heap_4.o [1]
xDelayedTaskList1       0x2001ed30     0x14  Data  Lc  tasks.o [1]
xDelayedTaskList2       0x2001ed44     0x14  Data  Lc  tasks.o [1]
xEventGroupCreate       0x0803704d     0x1c  Code  Gb  event_groups.o [1]
xEventGroupSetBits      0x080371b5     0xd6  Code  Gb  event_groups.o [1]
xEventGroupWaitBits     0x08037069    0x146  Code  Gb  event_groups.o [1]
xFreeBytesRemaining     0x2001eeec      0x4  Data  Lc  heap_4.o [1]
xHandleTaskFreq         0x2001ee90      0x4  Data  Gb  apptask.o [1]
xHandleTaskLCD          0x2001ee6c      0x4  Data  Gb  apptask.o [1]
xHandleTaskLED          0x2001ee70      0x4  Data  Gb  apptask.o [1]
xHandleTaskManageCapacity
                        0x2001ee88      0x4  Data  Gb  apptask.o [1]
xHandleTaskMassStorage  0x2001ee78      0x4  Data  Gb  apptask.o [1]
xHandleTaskMotorControl
                        0x2001ee8c      0x4  Data  Gb  apptask.o [1]
xHandleTaskMsgPro       0x2001ee80      0x4  Data  Gb  apptask.o [1]
xHandleTaskRFID         0x2001ee74      0x4  Data  Gb  apptask.o [1]
xHandleTaskReadDisk     0x2001ee7c      0x4  Data  Gb  apptask.o [1]
xHandleTaskRev485       0x2001ee84      0x4  Data  Gb  apptask.o [1]
xHeapStructSize         0x08041cac      0x4  Data  Lc  heap_4.o [1]
xMinimumEverFreeBytesRemaining
                        0x2001eef0      0x4  Data  Lc  heap_4.o [1]
xNextTaskUnblockTime    0x2001ef38      0x4  Data  Lc  tasks.o [1]
xNumOfOverflows         0x2001ef30      0x4  Data  Lc  tasks.o [1]
xPendingReadyList       0x2001ed58     0x14  Data  Lc  tasks.o [1]
xPortStartScheduler     0x080377ab     0xcc  Code  Gb  port.o [1]
xQueueGenericCreate     0x0802fdc9     0x7e  Code  Gb  queue.o [1]
xQueueGenericReceive    0x080301bd    0x19c  Code  Gb  queue.o [1]
xQueueGenericReset      0x0802fd39     0x90  Code  Gb  queue.o [1]
xQueueGenericSend       0x0802fe47    0x1b2  Code  Gb  queue.o [1]
xQueueGenericSendFromISR
                        0x0802fff9     0xec  Code  Gb  queue.o [1]
xQueueGiveFromISR       0x080300e5     0xd8  Code  Gb  queue.o [1]
xQueue_message          0x2001eeb8      0x4  Data  Gb  apptask.o [1]
xSchedulerRunning       0x2001ef24      0x4  Data  Lc  tasks.o [1]
xSemaphore_download     0x2001eea8      0x4  Data  Gb  apptask.o [1]
xSemaphore_encoder      0x2001eea0      0x4  Data  Gb  apptask.o [1]
xSemaphore_freq         0x2001eea4      0x4  Data  Gb  apptask.o [1]
xSemaphore_lcd          0x2001ee94      0x4  Data  Gb  apptask.o [1]
xSemaphore_pluse        0x2001ee9c      0x4  Data  Gb  apptask.o [1]
xSemaphore_readDisk     0x2001eeac      0x4  Data  Gb  apptask.o [1]
xSemaphore_rs485        0x2001ee98      0x4  Data  Gb  apptask.o [1]
xStart                  0x2001ee54      0x8  Data  Lc  heap_4.o [1]
xSuspendedTaskList      0x2001ed80     0x14  Data  Lc  tasks.o [1]
xTaskCheckForTimeOut    0x0802f9cd     0x8a  Code  Gb  tasks.o [1]
xTaskGenericCreate      0x0802f139    0x184  Code  Gb  tasks.o [1]
xTaskGetSchedulerState  0x0802fc8b     0x26  Code  Gb  tasks.o [1]
xTaskGetTickCount       0x0802f4cf      0xa  Code  Gb  tasks.o [1]
xTaskIncrementTick      0x0802f4d9    0x134  Code  Gb  tasks.o [1]
xTaskRemoveFromEventList
                        0x0802f879     0x8e  Code  Gb  tasks.o [1]
xTaskRemoveFromUnorderedEventList
                        0x0802f90d     0x94  Code  Gb  tasks.o [1]
xTaskResumeAll          0x0802f3cf    0x100  Code  Gb  tasks.o [1]
xTasksWaitingTermination
                        0x2001ed6c     0x14  Data  Lc  tasks.o [1]
xTickCount              0x2001ef1c      0x4  Data  Lc  tasks.o [1]
xTimerCreate            0x08037301     0x62  Code  Gb  timers.o [1]
xTimerCreateTimerTask   0x080372b1     0x50  Code  Gb  timers.o [1]
xTimerGenericCommand    0x08037363     0x84  Code  Gb  timers.o [1]
xTimerQueue             0x2001ef50      0x4  Data  Lc  timers.o [1]
xTimerUser              0x2001eeb4      0x4  Data  Gb  apptask.o [1]
xYieldPending           0x2001ef2c      0x4  Data  Lc  tasks.o [1]


[1] = E:\WORK\YarnControl_Driver\YarnControl_Driver\src\stm32f4_rtos\Project\EWARMv7\Flash\Obj
[2] = command line
[3] = dl7M_tlf.a
[4] = m7M_tls.a
[5] = rt7M_tl.a
[6] = shb_l.a

   88 956 bytes of readonly  code memory
  181 089 bytes of readonly  data memory
  128 927 bytes of readwrite data memory (+ 1 044 480 absolute)

Errors: none
Warnings: none
