###############################################################################
#
# IAR ELF Linker V7.40.7.9843/W32 for ARM                 27/Mar/2019  23:47:50
# Copyright 2007-2015 IAR Systems AB.
#
#    Output file  =  
#        E:\WORK\YarnControl_Driver\YarnControl_Driver\src\stm32f4_rtos\Project\EWARMv7\Flash\Exe\project.out
#    Map file     =  
#        E:\WORK\YarnControl_Driver\YarnControl_Driver\src\stm32f4_rtos\Project\EWARMv7\Flash\List\project.map
#    Command line =  
#        E:\WORK\YarnControl_Driver\YarnControl_Driver\src\stm32f4_rtos\Project\EWARMv7\Flash\Obj\apptask.o
#        E:\WORK\YarnControl_Driver\YarnControl_Driver\src\stm32f4_rtos\Project\EWARMv7\Flash\Obj\bsp.o
#        E:\WORK\YarnControl_Driver\YarnControl_Driver\src\stm32f4_rtos\Project\EWARMv7\Flash\Obj\bsp_closeSW.o
#        E:\WORK\YarnControl_Driver\YarnControl_Driver\src\stm32f4_rtos\Project\EWARMv7\Flash\Obj\bsp_dwt.o
#        E:\WORK\YarnControl_Driver\YarnControl_Driver\src\stm32f4_rtos\Project\EWARMv7\Flash\Obj\bsp_led.o
#        E:\WORK\YarnControl_Driver\YarnControl_Driver\src\stm32f4_rtos\Project\EWARMv7\Flash\Obj\bsp_relay.o
#        E:\WORK\YarnControl_Driver\YarnControl_Driver\src\stm32f4_rtos\Project\EWARMv7\Flash\Obj\bsp_sdio_sd.o
#        E:\WORK\YarnControl_Driver\YarnControl_Driver\src\stm32f4_rtos\Project\EWARMv7\Flash\Obj\bsp_sdwe050c17.o
#        E:\WORK\YarnControl_Driver\YarnControl_Driver\src\stm32f4_rtos\Project\EWARMv7\Flash\Obj\bsp_servomotor.o
#        E:\WORK\YarnControl_Driver\YarnControl_Driver\src\stm32f4_rtos\Project\EWARMv7\Flash\Obj\bsp_spi.o
#        E:\WORK\YarnControl_Driver\YarnControl_Driver\src\stm32f4_rtos\Project\EWARMv7\Flash\Obj\bsp_stepmotor.o
#        E:\WORK\YarnControl_Driver\YarnControl_Driver\src\stm32f4_rtos\Project\EWARMv7\Flash\Obj\bsp_sw_onoff.o
#        E:\WORK\YarnControl_Driver\YarnControl_Driver\src\stm32f4_rtos\Project\EWARMv7\Flash\Obj\bsp_tim_pwm.o
#        E:\WORK\YarnControl_Driver\YarnControl_Driver\src\stm32f4_rtos\Project\EWARMv7\Flash\Obj\bsp_timer.o
#        E:\WORK\YarnControl_Driver\YarnControl_Driver\src\stm32f4_rtos\Project\EWARMv7\Flash\Obj\bsp_uart_fifo.o
#        E:\WORK\YarnControl_Driver\YarnControl_Driver\src\stm32f4_rtos\Project\EWARMv7\Flash\Obj\bsp_w25qxx.o
#        E:\WORK\YarnControl_Driver\YarnControl_Driver\src\stm32f4_rtos\Project\EWARMv7\Flash\Obj\bsp_watchdog.o
#        E:\WORK\YarnControl_Driver\YarnControl_Driver\src\stm32f4_rtos\Project\EWARMv7\Flash\Obj\cc936.o
#        E:\WORK\YarnControl_Driver\YarnControl_Driver\src\stm32f4_rtos\Project\EWARMv7\Flash\Obj\cJSON.o
#        E:\WORK\YarnControl_Driver\YarnControl_Driver\src\stm32f4_rtos\Project\EWARMv7\Flash\Obj\croutine.o
#        E:\WORK\YarnControl_Driver\YarnControl_Driver\src\stm32f4_rtos\Project\EWARMv7\Flash\Obj\demo_fatfs.o
#        E:\WORK\YarnControl_Driver\YarnControl_Driver\src\stm32f4_rtos\Project\EWARMv7\Flash\Obj\diskio.o
#        E:\WORK\YarnControl_Driver\YarnControl_Driver\src\stm32f4_rtos\Project\EWARMv7\Flash\Obj\encoder_tim.o
#        E:\WORK\YarnControl_Driver\YarnControl_Driver\src\stm32f4_rtos\Project\EWARMv7\Flash\Obj\esp8266_handler.o
#        E:\WORK\YarnControl_Driver\YarnControl_Driver\src\stm32f4_rtos\Project\EWARMv7\Flash\Obj\esp8266_init.o
#        E:\WORK\YarnControl_Driver\YarnControl_Driver\src\stm32f4_rtos\Project\EWARMv7\Flash\Obj\event_groups.o
#        E:\WORK\YarnControl_Driver\YarnControl_Driver\src\stm32f4_rtos\Project\EWARMv7\Flash\Obj\ff.o
#        E:\WORK\YarnControl_Driver\YarnControl_Driver\src\stm32f4_rtos\Project\EWARMv7\Flash\Obj\heap_4.o
#        E:\WORK\YarnControl_Driver\YarnControl_Driver\src\stm32f4_rtos\Project\EWARMv7\Flash\Obj\list.o
#        E:\WORK\YarnControl_Driver\YarnControl_Driver\src\stm32f4_rtos\Project\EWARMv7\Flash\Obj\main.o
#        E:\WORK\YarnControl_Driver\YarnControl_Driver\src\stm32f4_rtos\Project\EWARMv7\Flash\Obj\malloc.o
#        E:\WORK\YarnControl_Driver\YarnControl_Driver\src\stm32f4_rtos\Project\EWARMv7\Flash\Obj\mcheck.o
#        E:\WORK\YarnControl_Driver\YarnControl_Driver\src\stm32f4_rtos\Project\EWARMv7\Flash\Obj\misc.o
#        E:\WORK\YarnControl_Driver\YarnControl_Driver\src\stm32f4_rtos\Project\EWARMv7\Flash\Obj\modbus.o
#        E:\WORK\YarnControl_Driver\YarnControl_Driver\src\stm32f4_rtos\Project\EWARMv7\Flash\Obj\MQTTConnectClient.o
#        E:\WORK\YarnControl_Driver\YarnControl_Driver\src\stm32f4_rtos\Project\EWARMv7\Flash\Obj\MQTTConnectServer.o
#        E:\WORK\YarnControl_Driver\YarnControl_Driver\src\stm32f4_rtos\Project\EWARMv7\Flash\Obj\MQTTDeserializePublish.o
#        E:\WORK\YarnControl_Driver\YarnControl_Driver\src\stm32f4_rtos\Project\EWARMv7\Flash\Obj\MQTTFormat.o
#        E:\WORK\YarnControl_Driver\YarnControl_Driver\src\stm32f4_rtos\Project\EWARMv7\Flash\Obj\MQTTPacket.o
#        E:\WORK\YarnControl_Driver\YarnControl_Driver\src\stm32f4_rtos\Project\EWARMv7\Flash\Obj\MQTTSerializePublish.o
#        E:\WORK\YarnControl_Driver\YarnControl_Driver\src\stm32f4_rtos\Project\EWARMv7\Flash\Obj\MQTTSubscribeClient.o
#        E:\WORK\YarnControl_Driver\YarnControl_Driver\src\stm32f4_rtos\Project\EWARMv7\Flash\Obj\MQTTSubscribeServer.o
#        E:\WORK\YarnControl_Driver\YarnControl_Driver\src\stm32f4_rtos\Project\EWARMv7\Flash\Obj\MQTTUnsubscribeClient.o
#        E:\WORK\YarnControl_Driver\YarnControl_Driver\src\stm32f4_rtos\Project\EWARMv7\Flash\Obj\MQTTUnsubscribeServer.o
#        E:\WORK\YarnControl_Driver\YarnControl_Driver\src\stm32f4_rtos\Project\EWARMv7\Flash\Obj\page_weimi.o
#        E:\WORK\YarnControl_Driver\YarnControl_Driver\src\stm32f4_rtos\Project\EWARMv7\Flash\Obj\para.o
#        E:\WORK\YarnControl_Driver\YarnControl_Driver\src\stm32f4_rtos\Project\EWARMv7\Flash\Obj\port.o
#        E:\WORK\YarnControl_Driver\YarnControl_Driver\src\stm32f4_rtos\Project\EWARMv7\Flash\Obj\portasm.o
#        E:\WORK\YarnControl_Driver\YarnControl_Driver\src\stm32f4_rtos\Project\EWARMv7\Flash\Obj\product_cal.o
#        E:\WORK\YarnControl_Driver\YarnControl_Driver\src\stm32f4_rtos\Project\EWARMv7\Flash\Obj\protocol.o
#        E:\WORK\YarnControl_Driver\YarnControl_Driver\src\stm32f4_rtos\Project\EWARMv7\Flash\Obj\pub0sub1.o
#        E:\WORK\YarnControl_Driver\YarnControl_Driver\src\stm32f4_rtos\Project\EWARMv7\Flash\Obj\queue.o
#        E:\WORK\YarnControl_Driver\YarnControl_Driver\src\stm32f4_rtos\Project\EWARMv7\Flash\Obj\rc522.o
#        E:\WORK\YarnControl_Driver\YarnControl_Driver\src\stm32f4_rtos\Project\EWARMv7\Flash\Obj\startup_stm32f40_41xxx.o
#        E:\WORK\YarnControl_Driver\YarnControl_Driver\src\stm32f4_rtos\Project\EWARMv7\Flash\Obj\stm32f4xx_adc.o
#        E:\WORK\YarnControl_Driver\YarnControl_Driver\src\stm32f4_rtos\Project\EWARMv7\Flash\Obj\stm32f4xx_assert.o
#        E:\WORK\YarnControl_Driver\YarnControl_Driver\src\stm32f4_rtos\Project\EWARMv7\Flash\Obj\stm32f4xx_can.o
#        E:\WORK\YarnControl_Driver\YarnControl_Driver\src\stm32f4_rtos\Project\EWARMv7\Flash\Obj\stm32f4xx_crc.o
#        E:\WORK\YarnControl_Driver\YarnControl_Driver\src\stm32f4_rtos\Project\EWARMv7\Flash\Obj\stm32f4xx_cryp.o
#        E:\WORK\YarnControl_Driver\YarnControl_Driver\src\stm32f4_rtos\Project\EWARMv7\Flash\Obj\stm32f4xx_cryp_aes.o
#        E:\WORK\YarnControl_Driver\YarnControl_Driver\src\stm32f4_rtos\Project\EWARMv7\Flash\Obj\stm32f4xx_cryp_des.o
#        E:\WORK\YarnControl_Driver\YarnControl_Driver\src\stm32f4_rtos\Project\EWARMv7\Flash\Obj\stm32f4xx_cryp_tdes.o
#        E:\WORK\YarnControl_Driver\YarnControl_Driver\src\stm32f4_rtos\Project\EWARMv7\Flash\Obj\stm32f4xx_dac.o
#        E:\WORK\YarnControl_Driver\YarnControl_Driver\src\stm32f4_rtos\Project\EWARMv7\Flash\Obj\stm32f4xx_dbgmcu.o
#        E:\WORK\YarnControl_Driver\YarnControl_Driver\src\stm32f4_rtos\Project\EWARMv7\Flash\Obj\stm32f4xx_dcmi.o
#        E:\WORK\YarnControl_Driver\YarnControl_Driver\src\stm32f4_rtos\Project\EWARMv7\Flash\Obj\stm32f4xx_dma.o
#        E:\WORK\YarnControl_Driver\YarnControl_Driver\src\stm32f4_rtos\Project\EWARMv7\Flash\Obj\stm32f4xx_dma2d.o
#        E:\WORK\YarnControl_Driver\YarnControl_Driver\src\stm32f4_rtos\Project\EWARMv7\Flash\Obj\stm32f4xx_exti.o
#        E:\WORK\YarnControl_Driver\YarnControl_Driver\src\stm32f4_rtos\Project\EWARMv7\Flash\Obj\stm32f4xx_flash.o
#        E:\WORK\YarnControl_Driver\YarnControl_Driver\src\stm32f4_rtos\Project\EWARMv7\Flash\Obj\stm32f4xx_fsmc.o
#        E:\WORK\YarnControl_Driver\YarnControl_Driver\src\stm32f4_rtos\Project\EWARMv7\Flash\Obj\stm32f4xx_gpio.o
#        E:\WORK\YarnControl_Driver\YarnControl_Driver\src\stm32f4_rtos\Project\EWARMv7\Flash\Obj\stm32f4xx_hash.o
#        E:\WORK\YarnControl_Driver\YarnControl_Driver\src\stm32f4_rtos\Project\EWARMv7\Flash\Obj\stm32f4xx_hash_md5.o
#        E:\WORK\YarnControl_Driver\YarnControl_Driver\src\stm32f4_rtos\Project\EWARMv7\Flash\Obj\stm32f4xx_hash_sha1.o
#        E:\WORK\YarnControl_Driver\YarnControl_Driver\src\stm32f4_rtos\Project\EWARMv7\Flash\Obj\stm32f4xx_i2c.o
#        E:\WORK\YarnControl_Driver\YarnControl_Driver\src\stm32f4_rtos\Project\EWARMv7\Flash\Obj\stm32f4xx_it.o
#        E:\WORK\YarnControl_Driver\YarnControl_Driver\src\stm32f4_rtos\Project\EWARMv7\Flash\Obj\stm32f4xx_iwdg.o
#        E:\WORK\YarnControl_Driver\YarnControl_Driver\src\stm32f4_rtos\Project\EWARMv7\Flash\Obj\stm32f4xx_ltdc.o
#        E:\WORK\YarnControl_Driver\YarnControl_Driver\src\stm32f4_rtos\Project\EWARMv7\Flash\Obj\stm32f4xx_pwr.o
#        E:\WORK\YarnControl_Driver\YarnControl_Driver\src\stm32f4_rtos\Project\EWARMv7\Flash\Obj\stm32f4xx_rcc.o
#        E:\WORK\YarnControl_Driver\YarnControl_Driver\src\stm32f4_rtos\Project\EWARMv7\Flash\Obj\stm32f4xx_rng.o
#        E:\WORK\YarnControl_Driver\YarnControl_Driver\src\stm32f4_rtos\Project\EWARMv7\Flash\Obj\stm32f4xx_rtc.o
#        E:\WORK\YarnControl_Driver\YarnControl_Driver\src\stm32f4_rtos\Project\EWARMv7\Flash\Obj\stm32f4xx_sai.o
#        E:\WORK\YarnControl_Driver\YarnControl_Driver\src\stm32f4_rtos\Project\EWARMv7\Flash\Obj\stm32f4xx_sdio.o
#        E:\WORK\YarnControl_Driver\YarnControl_Driver\src\stm32f4_rtos\Project\EWARMv7\Flash\Obj\stm32f4xx_spi.o
#        E:\WORK\YarnControl_Driver\YarnControl_Driver\src\stm32f4_rtos\Project\EWARMv7\Flash\Obj\stm32f4xx_syscfg.o
#        E:\WORK\YarnControl_Driver\YarnControl_Driver\src\stm32f4_rtos\Project\EWARMv7\Flash\Obj\stm32f4xx_tim.o
#        E:\WORK\YarnControl_Driver\YarnControl_Driver\src\stm32f4_rtos\Project\EWARMv7\Flash\Obj\stm32f4xx_usart.o
#        E:\WORK\YarnControl_Driver\YarnControl_Driver\src\stm32f4_rtos\Project\EWARMv7\Flash\Obj\stm32f4xx_wwdg.o
#        E:\WORK\YarnControl_Driver\YarnControl_Driver\src\stm32f4_rtos\Project\EWARMv7\Flash\Obj\SysInfoTest.o
#        E:\WORK\YarnControl_Driver\YarnControl_Driver\src\stm32f4_rtos\Project\EWARMv7\Flash\Obj\system_stm32f4xx.o
#        E:\WORK\YarnControl_Driver\YarnControl_Driver\src\stm32f4_rtos\Project\EWARMv7\Flash\Obj\tasks.o
#        E:\WORK\YarnControl_Driver\YarnControl_Driver\src\stm32f4_rtos\Project\EWARMv7\Flash\Obj\timer_platform.o
#        E:\WORK\YarnControl_Driver\YarnControl_Driver\src\stm32f4_rtos\Project\EWARMv7\Flash\Obj\timers.o
#        E:\WORK\YarnControl_Driver\YarnControl_Driver\src\stm32f4_rtos\Project\EWARMv7\Flash\Obj\transport.o
#        E:\WORK\YarnControl_Driver\YarnControl_Driver\src\stm32f4_rtos\Project\EWARMv7\Flash\Obj\usb_bsp.o
#        E:\WORK\YarnControl_Driver\YarnControl_Driver\src\stm32f4_rtos\Project\EWARMv7\Flash\Obj\usb_core.o
#        E:\WORK\YarnControl_Driver\YarnControl_Driver\src\stm32f4_rtos\Project\EWARMv7\Flash\Obj\usb_hcd.o
#        E:\WORK\YarnControl_Driver\YarnControl_Driver\src\stm32f4_rtos\Project\EWARMv7\Flash\Obj\usb_hcd_int.o
#        E:\WORK\YarnControl_Driver\YarnControl_Driver\src\stm32f4_rtos\Project\EWARMv7\Flash\Obj\usbh_core.o
#        E:\WORK\YarnControl_Driver\YarnControl_Driver\src\stm32f4_rtos\Project\EWARMv7\Flash\Obj\usbh_hcs.o
#        E:\WORK\YarnControl_Driver\YarnControl_Driver\src\stm32f4_rtos\Project\EWARMv7\Flash\Obj\usbh_ioreq.o
#        E:\WORK\YarnControl_Driver\YarnControl_Driver\src\stm32f4_rtos\Project\EWARMv7\Flash\Obj\usbh_it.o
#        E:\WORK\YarnControl_Driver\YarnControl_Driver\src\stm32f4_rtos\Project\EWARMv7\Flash\Obj\usbh_msc_bot.o
#        E:\WORK\YarnControl_Driver\YarnControl_Driver\src\stm32f4_rtos\Project\EWARMv7\Flash\Obj\usbh_msc_core.o
#        E:\WORK\YarnControl_Driver\YarnControl_Driver\src\stm32f4_rtos\Project\EWARMv7\Flash\Obj\usbh_msc_scsi.o
#        E:\WORK\YarnControl_Driver\YarnControl_Driver\src\stm32f4_rtos\Project\EWARMv7\Flash\Obj\usbh_stdreq.o
#        E:\WORK\YarnControl_Driver\YarnControl_Driver\src\stm32f4_rtos\Project\EWARMv7\Flash\Obj\usbh_usr.o
#        -o
#        E:\WORK\YarnControl_Driver\YarnControl_Driver\src\stm32f4_rtos\Project\EWARMv7\Flash\Exe\project.out
#        --map
#        E:\WORK\YarnControl_Driver\YarnControl_Driver\src\stm32f4_rtos\Project\EWARMv7\Flash\List\project.map
#        --config
#        E:\WORK\YarnControl_Driver\YarnControl_Driver\src\stm32f4_rtos\Project\EWARMv7\stm32f4xx_flash.icf
#        --semihosting --entry __iar_program_start --inline --vfe
#
###############################################################################

*******************************************************************************
*** RUNTIME MODEL ATTRIBUTES
***

CppFlavor                     = *
__Heap_Handler                = DLMalloc
__SystemLibrary               = DLib
__dlib_dynamic_initialization = normal


*******************************************************************************
*** PLACEMENT SUMMARY
***

"A1":  place at 0x08000000 { ro section .intvec };
"P1":  place in [from 0x08000000 to 0x080fffff] { ro };
"P2":  place in [from 0x20000000 to 0x2001ffff] { rw, block CSTACK, block HEAP };

  Section             Kind        Address     Size  Object
  -------             ----        -------     ----  ------
"A1":                                        0x188
  .intvec             ro code  0x08000000    0x188  startup_stm32f40_41xxx.o [1]
                             - 0x08000188    0x188

"P1":                                      0x46f15
  .rodata             const    0x08000188  0x15484  cc936.o [1]
  .rodata             const    0x0801560c  0x15484  cc936.o [1]
  .text               ro code  0x0802aa90   0x642c  apptask.o [1]
  .text               ro code  0x08030ebc    0x7c8  queue.o [1]
  .text               ro code  0x08031684   0x1648  bsp_sdwe050c17.o [1]
  .text               ro code  0x08032ccc    0x538  product_cal.o [1]
  .text               ro code  0x08033204     0x66  ABImemset.o [5]
  .text               ro code  0x0803326a     0x1e  xsscin.o [3]
  .text               ro code  0x08033288    0xce0  tasks.o [1]
  .text               ro code  0x08033f68    0x380  bsp_w25qxx.o [1]
  .text               ro code  0x080342e8     0x4e  FltToDbl.o [4]
  .text               ro code  0x08034336      0xa  xsprout.o [3]
  .text               ro code  0x08034340     0x24  printf.o [3]
  .text               ro code  0x08034364     0x76  ABImemcpy_unaligned.o [5]
  .text               ro code  0x080343dc     0x42  strcmp_unaligned.o [5]
  .text               ro code  0x08034420    0x21c  malloc.o [1]
  .text               ro code  0x0803463c     0x30  I32ToDbl.o [4]
  .text               ro code  0x0803466c    0x256  DblDiv.o [4]
  .text               ro code  0x080348c4     0xe8  DblAdd.o [4]
  .text               ro code  0x080349ac    0x1a2  DblMul.o [4]
  .text               ro code  0x08034b50     0x58  DblToI32.o [4]
  .text               ro code  0x08034ba8     0x90  DblToFlt.o [4]
  .text               ro code  0x08034c38     0x36  strlen.o [5]
  .text               ro code  0x08034c70   0x13f6  para.o [1]
  .text               ro code  0x08036068    0x374  page_weimi.o [1]
  .text               ro code  0x080363dc     0x62  memcmp_unaligned.o [5]
  .text               ro code  0x08036440    0x380  bsp_servomotor.o [1]
  .text               ro code  0x080367c0    0x1a2  usbh_usr.o [1]
  .text               ro code  0x08036964    0x760  usbh_core.o [1]
  .text               ro code  0x080370c4   0x2498  ff.o [1]
  .text               ro code  0x0803955c     0x34  sprintf.o [3]
  .text               ro code  0x08039590     0x1c  strcat.o [3]
  .text               ro code  0x080395ac     0xc0  bsp_led.o [1]
  .text               ro code  0x0803966c     0xee  rc522.o [1]
  .text               ro code  0x0803975c    0x354  modbus.o [1]
  .text               ro code  0x08039ab0     0x68  bsp_sw_onoff.o [1]
  .text               ro code  0x08039b18     0x80  protocol.o [1]
  .text               ro code  0x08039b98     0x10  para.o [1]
  .text               ro code  0x08039ba8     0xd4  bsp_closeSW.o [1]
  .text               ro code  0x08039c7c    0x12c  stm32f4xx_gpio.o [1]
  .text               ro code  0x08039da8    0x328  bsp_stepmotor.o [1]
  .text               ro code  0x0803a0d0    0x2c0  encoder_tim.o [1]
  .text               ro code  0x0803a390    0x262  event_groups.o [1]
  .text               ro code  0x0803a5f4    0x4a4  timers.o [1]
  .text               ro code  0x0803aa98      0x8  bsp_watchdog.o [1]
  .text               ro code  0x0803aaa0    0x24c  port.o [1]
  .text               ro code  0x0803acec     0x98  list.o [1]
  .text               ro code  0x0803ad84    0x280  heap_4.o [1]
  .text               ro code  0x0803b004    0x1e8  stm32f4xx_rcc.o [1]
  .text               ro code  0x0803b1ec     0x74  bsp_dwt.o [1]
  .text               ro code  0x0803b260    0xaa4  bsp_uart_fifo.o [1]
  .text               ro code  0x0803bd04    0x204  bsp_timer.o [1]
  .text               ro code  0x0803bf08    0x124  bsp_spi.o [1]
  .text               ro code  0x0803c02c    0xd96  xprintffull_nomb.o [3]
  .text               ro code  0x0803cdc4    0x180  DblSub.o [4]
  .text               ro code  0x0803cf44     0x44  strcpy_unaligned.o [5]
  .text               ro code  0x0803cf88     0x24  sscanf.o [3]
  .text               ro code  0x0803cfac    0x6f6  stm32f4xx_tim.o [1]
  .text               ro code  0x0803d6a4    0x31c  stm32f4xx_dma.o [1]
  .text               ro code  0x0803d9c0     0x88  misc.o [1]
  .text               ro code  0x0803da48    0x14c  usb_bsp.o [1]
  .text               ro code  0x0803db94     0xd6  usb_hcd.o [1]
  .text               ro code  0x0803dc6a    0x1ba  usbh_hcs.o [1]
  .text               ro code  0x0803de24    0x436  usbh_stdreq.o [1]
  .text               ro code  0x0803e25a    0x246  usbh_ioreq.o [1]
  .text               ro code  0x0803e4a0    0x2e4  diskio.o [1]
  .text               ro code  0x0803e784     0xf4  cc936.o [1]
  .text               ro code  0x0803e878     0xb8  mcheck.o [1]
  .text               ro code  0x0803e930     0x2c  strstr.o [3]
  .text               ro code  0x0803e95c     0x54  stm32f4xx_syscfg.o [1]
  .text               ro code  0x0803e9b0     0xc0  stm32f4xx_exti.o [1]
  .text               ro code  0x0803ea70    0x132  I64DivMod.o [5]
  .text               ro code  0x0803eba4     0x10  stm32f4xx_iwdg.o [1]
  CODE                ro code  0x0803ebb4     0xa8  portasm.o [1]
  .text               ro code  0x0803ec5c    0x254  stm32f4xx_usart.o [1]
  .text               ro code  0x0803eeb0     0x74  stm32f4xx_spi.o [1]
  .text               ro code  0x0803ef24     0x16  strchr.o [5]
  .text               ro code  0x0803ef3c     0x58  memchr.o [5]
  .text               ro code  0x0803ef94     0x42  xdnorm.o [4]
  .text               ro code  0x0803efd8     0x2e  DblCmpLe.o [4]
  .text               ro code  0x0803f008     0x2e  DblCmpGe.o [4]
  .text               ro code  0x0803f038    0x114  xdscale.o [4]
  .text               ro code  0x0803f14c     0x6c  localeconv.o [3]
  .text               ro code  0x0803f1b8      0xe  div.o [3]
  .text               ro code  0x0803f1c8    0xb64  xscanffull_nomb.o [3]
  .text               ro code  0x0803fd2c    0xa50  usb_core.o [1]
  .text               ro code  0x0804077c   0x1a58  bsp_sdio_sd.o [1]
  .text               ro code  0x080421d4    0x618  usbh_msc_scsi.o [1]
  .text               ro code  0x080427ec    0x554  usbh_msc_bot.o [1]
  .text               ro code  0x08042d40      0x2  I64DivZer.o [5]
  .text               ro code  0x08042d42     0x28  isxxx.o [3]
  .text               ro code  0x08042d6a     0xa4  xstoll.o [3]
  .text               ro code  0x08042e10    0x1b0  xstoull.o [3]
  .text               ro code  0x08042fc0    0x168  xstold.o [4]
  .text               ro code  0x08043128    0x17c  stm32f4xx_sdio.o [1]
  .text               ro code  0x080432a4     0x18  setlocale.o [3]
  .text               ro code  0x080432bc     0x16  xlocale_c.o [3]
  .text               ro code  0x080432d2     0x14  xlocale_c.o [3]
  .text               ro code  0x080432e8      0xc  errno.o [3]
  .text               ro code  0x080432f4     0x14  tolower.o [3]
  .text               ro code  0x08043308    0x124  xstopfx.o [3]
  .text               ro code  0x0804342c    0x1b8  xstoflt.o [3]
  .rodata             const    0x080435e4     0x2c  apptask.o [1]
  .text               ro code  0x08043610    0x200  xdtento.o [4]
  .text               ro code  0x08043810    0x218  xstoxflt.o [3]
  .text               ro code  0x08043a28      0x2  xtls.o [3]
  .text               ro code  0x08043a2a      0xc  xlocale_c.o [3]
  .text               ro code  0x08043a38     0x20  DblCmpEq.o [4]
  .text               ro code  0x08043a58     0x52  xdunscal.o [4]
  .text               ro code  0x08043aac    0xc7e  usb_hcd_int.o [1]
  .rodata             const    0x0804472c    0x400  apptask.o [1]
  .text               ro code  0x08044b2c    0x3e8  usbh_msc_core.o [1]
  .rodata             const    0x08044f14    0x3dc  cc936.o [1]
  .rodata             const    0x080452f0    0x3dc  cc936.o [1]
  .rodata             const    0x080456cc    0x190  product_cal.o [1]
  .text               ro code  0x0804585c    0x154  system_stm32f4xx.o [1]
  .rodata             const    0x080459b0    0x100  mcheck.o [1]
  .rodata             const    0x08045ab0    0x100  mcheck.o [1]
  .rodata             const    0x08045bb0    0x100  mcheck.o [1]
  .text               ro code  0x08045cb0     0xd0  packbits_init.o [5]
  .text               ro code  0x08045d80      0x6  abort.o [3]
  .text               ro code  0x08045d88     0x14  exit.o [6]
  .text               ro code  0x08045d9c     0x48  bsp.o [1]
  .text               ro code  0x08045de4     0x44  bsp_relay.o [1]
  .text               ro code  0x08045e28     0x40  zero_init3.o [5]
  .rodata             const    0x08045e68     0x38  demo_fatfs.o [1]
  .text               ro code  0x08045ea0     0x38  stm32f4xx_it.o [1]
  .rodata             const    0x08045ed8     0x30  apptask.o [1]
  .rodata             const    0x08045f08     0x30  apptask.o [1]
  .rodata             const    0x08045f38     0x30  demo_fatfs.o [1]
  .rodata             const    0x08045f68     0x30  demo_fatfs.o [1]
  .text               ro code  0x08045f98     0x30  main.o [1]
  .rodata             const    0x08045fc8     0x2c  demo_fatfs.o [1]
  .rodata             const    0x08045ff4     0x2c  demo_fatfs.o [1]
  .rodata             const    0x08046020     0x2c  stm32f4xx_it.o [1]
  .text               ro code  0x0804604c     0x2c  SysInfoTest.o [1]
  .rodata             const    0x08046078     0x28  demo_fatfs.o [1]
  .rodata             const    0x080460a0     0x28  demo_fatfs.o [1]
  .rodata             const    0x080460c8     0x28  demo_fatfs.o [1]
  .text               ro code  0x080460f0     0x28  data_init.o [5]
  .rodata             const    0x08046118     0x24  apptask.o [1]
  .rodata             const    0x0804613c     0x24  apptask.o [1]
  .rodata             const    0x08046160     0x24  apptask.o [1]
  .rodata             const    0x08046184     0x24  apptask.o [1]
  .rodata             const    0x080461a8     0x24  apptask.o [1]
  .rodata             const    0x080461cc     0x24  apptask.o [1]
  .rodata             const    0x080461f0     0x24  apptask.o [1]
  .rodata             const    0x08046214     0x24  apptask.o [1]
  .rodata             const    0x08046238     0x24  apptask.o [1]
  .rodata             const    0x0804625c     0x24  demo_fatfs.o [1]
  .rodata             const    0x08046280     0x24  demo_fatfs.o [1]
  .rodata             const    0x080462a4     0x24  usbh_usr.o [1]
  .text               ro code  0x080462c8     0x22  fpinit_M.o [4]
  .iar.init_table     const    0x080462ec     0x34  - Linker created -
  .rodata             const    0x08046320     0x20  apptask.o [1]
  .rodata             const    0x08046340     0x20  apptask.o [1]
  .rodata             const    0x08046360     0x20  apptask.o [1]
  .rodata             const    0x08046380     0x20  apptask.o [1]
  .rodata             const    0x080463a0     0x20  demo_fatfs.o [1]
  .rodata             const    0x080463c0     0x20  demo_fatfs.o [1]
  .rodata             const    0x080463e0     0x20  demo_fatfs.o [1]
  .rodata             const    0x08046400     0x20  usbh_usr.o [1]
  .rodata             const    0x08046420     0x20  usbh_usr.o [1]
  .rodata             const    0x08046440     0x20  usbh_usr.o [1]
  .rodata             const    0x08046460     0x20  usbh_usr.o [1]
  .rodata             const    0x08046480     0x20  usbh_usr.o [1]
  .rodata             const    0x080464a0     0x1c  apptask.o [1]
  .rodata             const    0x080464bc     0x1c  apptask.o [1]
  .rodata             const    0x080464d8     0x1c  apptask.o [1]
  .rodata             const    0x080464f4     0x1c  apptask.o [1]
  .rodata             const    0x08046510     0x1c  apptask.o [1]
  .rodata             const    0x0804652c     0x1c  apptask.o [1]
  .rodata             const    0x08046548     0x1c  apptask.o [1]
  .rodata             const    0x08046564     0x1c  demo_fatfs.o [1]
  .rodata             const    0x08046580     0x1c  demo_fatfs.o [1]
  .rodata             const    0x0804659c     0x1c  usbh_usr.o [1]
  .rodata             const    0x080465b8     0x1c  usbh_usr.o [1]
  .rodata             const    0x080465d4     0x1c  usbh_usr.o [1]
  .rodata             const    0x080465f0     0x1c  usbh_usr.o [1]
  .rodata             const    0x0804660c     0x1c  usbh_usr.o [1]
  .rodata             const    0x08046628     0x1c  usbh_usr.o [1]
  .text               ro code  0x08046644     0x1a  cmain.o [5]
  .text               ro code  0x0804665e      0x4  exit.o [3]
  .text               ro code  0x08046664      0xa  cexit.o [5]
  .rodata             const    0x08046670     0x18  apptask.o [1]
  .rodata             const    0x08046688     0x18  apptask.o [1]
  .rodata             const    0x080466a0     0x18  apptask.o [1]
  .rodata             const    0x080466b8     0x18  apptask.o [1]
  .rodata             const    0x080466d0     0x18  apptask.o [1]
  .rodata             const    0x080466e8     0x18  apptask.o [1]
  .rodata             const    0x08046700     0x18  apptask.o [1]
  .rodata             const    0x08046718     0x18  apptask.o [1]
  .rodata             const    0x08046730     0x18  demo_fatfs.o [1]
  .rodata             const    0x08046748     0x18  demo_fatfs.o [1]
  .rodata             const    0x08046760     0x18  demo_fatfs.o [1]
  .rodata             const    0x08046778     0x18  demo_fatfs.o [1]
  .rodata             const    0x08046790     0x18  para.o [1]
  .rodata             const    0x080467a8     0x18  usbh_usr.o [1]
  .rodata             const    0x080467c0     0x18  usbh_usr.o [1]
  .rodata             const    0x080467d8     0x18  usbh_usr.o [1]
  .rodata             const    0x080467f0     0x18  usbh_usr.o [1]
  .rodata             const    0x08046808     0x18  usbh_usr.o [1]
  .text               ro code  0x08046820     0x16  xprout.o [3]
  .text               ro code  0x08046838      0xc  putchar.o [3]
  .rodata             const    0x08046844     0x14  apptask.o [1]
  .rodata             const    0x08046858     0x14  apptask.o [1]
  .rodata             const    0x0804686c     0x14  apptask.o [1]
  .rodata             const    0x08046880     0x14  apptask.o [1]
  .rodata             const    0x08046894     0x14  apptask.o [1]
  .rodata             const    0x080468a8     0x14  apptask.o [1]
  .rodata             const    0x080468bc     0x14  apptask.o [1]
  .rodata             const    0x080468d0     0x14  apptask.o [1]
  .rodata             const    0x080468e4     0x14  apptask.o [1]
  .rodata             const    0x080468f8     0x14  apptask.o [1]
  .rodata             const    0x0804690c     0x14  usbh_usr.o [1]
  .rodata             const    0x08046920     0x14  usbh_usr.o [1]
  .rodata             const    0x08046934     0x10  apptask.o [1]
  .rodata             const    0x08046944     0x10  apptask.o [1]
  .rodata             const    0x08046954     0x10  apptask.o [1]
  .rodata             const    0x08046964     0x10  apptask.o [1]
  .rodata             const    0x08046974     0x10  apptask.o [1]
  .rodata             const    0x08046984     0x10  apptask.o [1]
  .rodata             const    0x08046994     0x10  apptask.o [1]
  .rodata             const    0x080469a4     0x10  apptask.o [1]
  .rodata             const    0x080469b4     0x10  apptask.o [1]
  .rodata             const    0x080469c4     0x10  apptask.o [1]
  .rodata             const    0x080469d4     0x10  apptask.o [1]
  .rodata             const    0x080469e4     0x10  apptask.o [1]
  .rodata             const    0x080469f4     0x10  apptask.o [1]
  .rodata             const    0x08046a04     0x10  apptask.o [1]
  .rodata             const    0x08046a14     0x10  apptask.o [1]
  .rodata             const    0x08046a24     0x10  apptask.o [1]
  .rodata             const    0x08046a34     0x10  apptask.o [1]
  .rodata             const    0x08046a44     0x10  apptask.o [1]
  .rodata             const    0x08046a54     0x10  apptask.o [1]
  .rodata             const    0x08046a64     0x10  bsp_sdwe050c17.o [1]
  .rodata             const    0x08046a74     0x10  ff.o [1]
  .rodata             const    0x08046a84     0x10  main.o [1]
  .rodata             const    0x08046a94     0x10  main.o [1]
  .rodata             const    0x08046aa4     0x10  para.o [1]
  .rodata             const    0x08046ab4     0x10  para.o [1]
  .rodata             const    0x08046ac4     0x10  usbh_usr.o [1]
  .rodata             const    0x08046ad4     0x10  usbh_usr.o [1]
  .text               ro code  0x08046ae4     0x10  startup_stm32f40_41xxx.o [1]
  .text               ro code  0x08046af4     0x10  usbh_it.o [1]
  .rodata             const    0x08046b04      0xc  apptask.o [1]
  .rodata             const    0x08046b10      0xc  apptask.o [1]
  .rodata             const    0x08046b1c      0xc  apptask.o [1]
  .rodata             const    0x08046b28      0xc  apptask.o [1]
  .rodata             const    0x08046b34      0xc  apptask.o [1]
  .rodata             const    0x08046b40      0xc  apptask.o [1]
  .rodata             const    0x08046b4c      0xc  apptask.o [1]
  .rodata             const    0x08046b58      0xc  apptask.o [1]
  .rodata             const    0x08046b64      0xc  apptask.o [1]
  .rodata             const    0x08046b70      0xc  apptask.o [1]
  .rodata             const    0x08046b7c      0xc  apptask.o [1]
  .rodata             const    0x08046b88      0xc  apptask.o [1]
  .rodata             const    0x08046b94      0xc  apptask.o [1]
  .rodata             const    0x08046ba0      0xc  apptask.o [1]
  .rodata             const    0x08046bac      0xc  apptask.o [1]
  .rodata             const    0x08046bb8      0xc  apptask.o [1]
  .rodata             const    0x08046bc4      0xc  apptask.o [1]
  .rodata             const    0x08046bd0      0xc  apptask.o [1]
  .rodata             const    0x08046bdc      0xc  apptask.o [1]
  .rodata             const    0x08046be8      0xc  apptask.o [1]
  .rodata             const    0x08046bf4      0xc  apptask.o [1]
  .rodata             const    0x08046c00      0xc  apptask.o [1]
  .rodata             const    0x08046c0c      0xc  apptask.o [1]
  .rodata             const    0x08046c18      0xc  apptask.o [1]
  .rodata             const    0x08046c24      0xc  apptask.o [1]
  .rodata             const    0x08046c30      0xc  apptask.o [1]
  .rodata             const    0x08046c3c      0xc  apptask.o [1]
  .rodata             const    0x08046c48      0xc  apptask.o [1]
  .rodata             const    0x08046c54      0xc  apptask.o [1]
  .rodata             const    0x08046c60      0xc  apptask.o [1]
  .rodata             const    0x08046c6c      0xc  apptask.o [1]
  .rodata             const    0x08046c78      0xc  apptask.o [1]
  .rodata             const    0x08046c84      0xc  apptask.o [1]
  .rodata             const    0x08046c90      0xc  bsp_sdwe050c17.o [1]
  .rodata             const    0x08046c9c      0xc  demo_fatfs.o [1]
  .rodata             const    0x08046ca8      0xc  ff.o [1]
  .rodata             const    0x08046cb4      0xc  page_weimi.o [1]
  .rodata             const    0x08046cc0      0xc  para.o [1]
  .rodata             const    0x08046ccc      0xc  para.o [1]
  .rodata             const    0x08046cd8      0xc  para.o [1]
  .rodata             const    0x08046ce4      0xc  para.o [1]
  .rodata             const    0x08046cf0      0xc  para.o [1]
  .text               ro code  0x08046cfc      0xc  cstartup_M.o [5]
  .rodata             const    0x08046d08      0x8  apptask.o [1]
  .rodata             const    0x08046d10      0x8  apptask.o [1]
  .rodata             const    0x08046d18      0x8  apptask.o [1]
  .rodata             const    0x08046d20      0x8  apptask.o [1]
  .rodata             const    0x08046d28      0x8  apptask.o [1]
  .rodata             const    0x08046d30      0x8  apptask.o [1]
  .rodata             const    0x08046d38      0x8  apptask.o [1]
  .rodata             const    0x08046d40      0x8  apptask.o [1]
  .rodata             const    0x08046d48      0x8  apptask.o [1]
  .rodata             const    0x08046d50      0x8  apptask.o [1]
  .rodata             const    0x08046d58      0x8  apptask.o [1]
  .rodata             const    0x08046d60      0x8  apptask.o [1]
  .rodata             const    0x08046d68      0x8  apptask.o [1]
  .rodata             const    0x08046d70      0x8  apptask.o [1]
  .rodata             const    0x08046d78      0x8  bsp_sdwe050c17.o [1]
  .rodata             const    0x08046d80      0x8  bsp_w25qxx.o [1]
  .rodata             const    0x08046d88      0x8  ff.o [1]
  .rodata             const    0x08046d90      0x8  malloc.o [1]
  .rodata             const    0x08046d98      0x8  malloc.o [1]
  .rodata             const    0x08046da0      0x8  malloc.o [1]
  .rodata             const    0x08046da8      0x8  para.o [1]
  .rodata             const    0x08046db0      0x8  para.o [1]
  .rodata             const    0x08046db8      0x8  para.o [1]
  .rodata             const    0x08046dc0      0x8  para.o [1]
  .rodata             const    0x08046dc8      0x8  para.o [1]
  .rodata             const    0x08046dd0      0x8  para.o [1]
  .rodata             const    0x08046dd8      0x8  para.o [1]
  .rodata             const    0x08046de0      0x8  para.o [1]
  .rodata             const    0x08046de8      0x8  para.o [1]
  .rodata             const    0x08046df0      0x8  para.o [1]
  .rodata             const    0x08046df8      0x8  para.o [1]
  .rodata             const    0x08046e00      0x8  para.o [1]
  .rodata             const    0x08046e08      0x8  para.o [1]
  .rodata             const    0x08046e10      0x8  para.o [1]
  .rodata             const    0x08046e18      0x8  para.o [1]
  .rodata             const    0x08046e20      0x8  para.o [1]
  .rodata             const    0x08046e28      0x8  para.o [1]
  .rodata             const    0x08046e30      0x8  para.o [1]
  .rodata             const    0x08046e38      0x8  para.o [1]
  .rodata             const    0x08046e40      0x8  para.o [1]
  .rodata             const    0x08046e48      0x8  para.o [1]
  .rodata             const    0x08046e50      0x8  tasks.o [1]
  .rodata             const    0x08046e58      0x8  timers.o [1]
  .rodata             const    0x08046e60      0x4  heap_4.o [1]
  .rodata             const    0x08046e64      0x4  port.o [1]
  .text               ro code  0x08046e68      0x4  startup_stm32f40_41xxx.o [1]
  .text               ro code  0x08046e6c      0x4  startup_stm32f40_41xxx.o [1]
  .text               ro code  0x08046e70      0x4  startup_stm32f40_41xxx.o [1]
  .text               ro code  0x08046e74      0x4  startup_stm32f40_41xxx.o [1]
  .text               ro code  0x08046e78      0x4  startup_stm32f40_41xxx.o [1]
  .text               ro code  0x08046e7c      0x4  startup_stm32f40_41xxx.o [1]
  .text               ro code  0x08046e80      0x4  startup_stm32f40_41xxx.o [1]
  .text               ro code  0x08046e84      0x4  startup_stm32f40_41xxx.o [1]
  .text               ro code  0x08046e88      0x4  startup_stm32f40_41xxx.o [1]
  .text               ro code  0x08046e8c      0x4  startup_stm32f40_41xxx.o [1]
  .text               ro code  0x08046e90      0x4  startup_stm32f40_41xxx.o [1]
  .text               ro code  0x08046e94      0x4  startup_stm32f40_41xxx.o [1]
  .text               ro code  0x08046e98      0x4  startup_stm32f40_41xxx.o [1]
  .text               ro code  0x08046e9c      0x4  startup_stm32f40_41xxx.o [1]
  .text               ro code  0x08046ea0      0x4  startup_stm32f40_41xxx.o [1]
  .text               ro code  0x08046ea4      0x4  startup_stm32f40_41xxx.o [1]
  .text               ro code  0x08046ea8      0x4  startup_stm32f40_41xxx.o [1]
  .text               ro code  0x08046eac      0x4  startup_stm32f40_41xxx.o [1]
  .text               ro code  0x08046eb0      0x4  startup_stm32f40_41xxx.o [1]
  .text               ro code  0x08046eb4      0x4  startup_stm32f40_41xxx.o [1]
  .text               ro code  0x08046eb8      0x4  startup_stm32f40_41xxx.o [1]
  .text               ro code  0x08046ebc      0x4  startup_stm32f40_41xxx.o [1]
  .text               ro code  0x08046ec0      0x4  startup_stm32f40_41xxx.o [1]
  .text               ro code  0x08046ec4      0x4  startup_stm32f40_41xxx.o [1]
  .text               ro code  0x08046ec8      0x4  startup_stm32f40_41xxx.o [1]
  .text               ro code  0x08046ecc      0x4  startup_stm32f40_41xxx.o [1]
  .text               ro code  0x08046ed0      0x4  startup_stm32f40_41xxx.o [1]
  .text               ro code  0x08046ed4      0x4  startup_stm32f40_41xxx.o [1]
  .text               ro code  0x08046ed8      0x4  startup_stm32f40_41xxx.o [1]
  .text               ro code  0x08046edc      0x4  startup_stm32f40_41xxx.o [1]
  .text               ro code  0x08046ee0      0x4  startup_stm32f40_41xxx.o [1]
  .text               ro code  0x08046ee4      0x4  startup_stm32f40_41xxx.o [1]
  .text               ro code  0x08046ee8      0x4  startup_stm32f40_41xxx.o [1]
  .text               ro code  0x08046eec      0x4  startup_stm32f40_41xxx.o [1]
  .text               ro code  0x08046ef0      0x4  startup_stm32f40_41xxx.o [1]
  .text               ro code  0x08046ef4      0x4  startup_stm32f40_41xxx.o [1]
  .text               ro code  0x08046ef8      0x4  startup_stm32f40_41xxx.o [1]
  .text               ro code  0x08046efc      0x4  startup_stm32f40_41xxx.o [1]
  .text               ro code  0x08046f00      0x4  startup_stm32f40_41xxx.o [1]
  .text               ro code  0x08046f04      0x4  startup_stm32f40_41xxx.o [1]
  .text               ro code  0x08046f08      0x4  startup_stm32f40_41xxx.o [1]
  .text               ro code  0x08046f0c      0x4  startup_stm32f40_41xxx.o [1]
  .text               ro code  0x08046f10      0x4  startup_stm32f40_41xxx.o [1]
  .text               ro code  0x08046f14      0x4  startup_stm32f40_41xxx.o [1]
  .text               ro code  0x08046f18      0x4  startup_stm32f40_41xxx.o [1]
  .text               ro code  0x08046f1c      0x4  startup_stm32f40_41xxx.o [1]
  .text               ro code  0x08046f20      0x4  startup_stm32f40_41xxx.o [1]
  .text               ro code  0x08046f24      0x4  startup_stm32f40_41xxx.o [1]
  .text               ro code  0x08046f28      0x4  startup_stm32f40_41xxx.o [1]
  .text               ro code  0x08046f2c      0x4  startup_stm32f40_41xxx.o [1]
  .text               ro code  0x08046f30      0x4  startup_stm32f40_41xxx.o [1]
  .text               ro code  0x08046f34      0x4  startup_stm32f40_41xxx.o [1]
  .text               ro code  0x08046f38      0x4  startup_stm32f40_41xxx.o [1]
  .text               ro code  0x08046f3c      0x4  startup_stm32f40_41xxx.o [1]
  .text               ro code  0x08046f40      0x4  startup_stm32f40_41xxx.o [1]
  .text               ro code  0x08046f44      0x4  startup_stm32f40_41xxx.o [1]
  .text               ro code  0x08046f48      0x4  startup_stm32f40_41xxx.o [1]
  .text               ro code  0x08046f4c      0x4  startup_stm32f40_41xxx.o [1]
  .text               ro code  0x08046f50      0x4  startup_stm32f40_41xxx.o [1]
  .text               ro code  0x08046f54      0x4  startup_stm32f40_41xxx.o [1]
  .text               ro code  0x08046f58      0x4  startup_stm32f40_41xxx.o [1]
  .text               ro code  0x08046f5c      0x4  startup_stm32f40_41xxx.o [1]
  .text               ro code  0x08046f60      0x4  startup_stm32f40_41xxx.o [1]
  .text               ro code  0x08046f64      0x4  startup_stm32f40_41xxx.o [1]
  .text               ro code  0x08046f68      0x4  startup_stm32f40_41xxx.o [1]
  .text               ro code  0x08046f6c      0x4  startup_stm32f40_41xxx.o [1]
  .text               ro code  0x08046f70      0x4  startup_stm32f40_41xxx.o [1]
  .text               ro code  0x08046f74      0x4  startup_stm32f40_41xxx.o [1]
  .rodata             const    0x08046f78      0x0  zero_init3.o [5]
  .rodata             const    0x08046f78      0x0  packbits_init.o [5]
  Initializer bytes   const    0x08046f78    0x125  <for P2 s0>
                             - 0x0804709d  0x46f15

"P2":                                      0x1d4d0
  P2 s0                        0x20000000    0x246  <Init block>
    __DLIB_PERTHREAD  inited   0x20000000     0x88  localeconv.o [3]
    __DLIB_PERTHREAD  inited   0x20000088     0x74  setlocale.o [3]
    .data             inited   0x200000fc     0x50  demo_fatfs.o [1]
    .data             inited   0x2000014c     0x48  usbh_usr.o [1]
    .data             inited   0x20000194     0x40  xfiles.o [3]
    .data             inited   0x200001d4     0x1c  malloc.o [1]
    .data             inited   0x200001f0     0x14  bsp_servomotor.o [1]
    .data             inited   0x20000204     0x10  stm32f4xx_rcc.o [1]
    .data             inited   0x20000214     0x10  usbh_msc_core.o [1]
    .data             inited   0x20000224      0xc  usbh_core.o [1]
    .data             inited   0x20000230      0x4  port.o [1]
    .data             inited   0x20000234      0x4  system_stm32f4xx.o [1]
    .data             inited   0x20000238      0x4  usbh_core.o [1]
    __DLIB_PERTHREAD  inited   0x2000023c      0x4  errno.o [3]
    .data             inited   0x20000240      0x2  bsp_w25qxx.o [1]
    .data             inited   0x20000242      0x1  apptask.o [1]
    .data             inited   0x20000243      0x1  encoder_tim.o [1]
    .data             inited   0x20000244      0x1  page_weimi.o [1]
    .data             inited   0x20000245      0x1  usbh_msc_scsi.o [1]
  .bss                zero     0x20000248   0xf000  heap_4.o [1]
  .bss                zero     0x2000f248   0xa000  malloc.o [1]
  .bss                zero     0x20019248   0x1000  bsp_w25qxx.o [1]
  .bss                zero     0x2001a248    0xa00  malloc.o [1]
  .bss                zero     0x2001ac48    0x5ac  usbh_usr.o [1]
  .bss                zero     0x2001b1f4    0x5ac  usbh_usr.o [1]
  .bss                zero     0x2001b7a0    0x3e8  bsp_uart_fifo.o [1]
  .bss                zero     0x2001bb88    0x200  ff.o [1]
  .bss                zero     0x2001bd88    0x200  usbh_msc_scsi.o [1]
  .bss                zero     0x2001bf88    0x200  usbh_stdreq.o [1]
  .bss                zero     0x2001c188    0x140  tasks.o [1]
  .bss                zero     0x2001c2c8    0x12c  page_weimi.o [1]
  .bss                zero     0x2001c3f4     0xd4  protocol.o [1]
  .bss                zero     0x2001c4c8     0xa4  protocol.o [1]
  .bss                zero     0x2001c56c     0x9c  para.o [1]
  .bss                zero     0x2001c608     0x94  usbh_usr.o [1]
  .bss                zero     0x2001c69c     0x64  bsp_uart_fifo.o [1]
  .bss                zero     0x2001c700     0x64  bsp_uart_fifo.o [1]
  .bss                zero     0x2001c764     0x4c  usbh_msc_core.o [1]
  .bss                zero     0x2001c7b0     0x58  bsp_sdio_sd.o [1]
  .bss                zero     0x2001c808     0x58  protocol.o [1]
  .bss                zero     0x2001c860     0x50  xfiles.o [3]
  .bss                zero     0x2001c8b0     0x40  page_weimi.o [1]
  .bss                zero     0x2001c8f0     0x34  bsp_sdwe050c17.o [1]
  .bss                zero     0x2001c924     0x30  product_cal.o [1]
  .bss                zero     0x2001c954     0x28  product_cal.o [1]
  .bss                zero     0x2001c97c     0x24  ff.o [1]
  .bss                zero     0x2001c9a0     0x20  usbh_msc_bot.o [1]
  .bss                zero     0x2001c9c0     0x18  bsp_sdio_sd.o [1]
  .bss                zero     0x2001c9d8     0x18  bsp_sdio_sd.o [1]
  .bss                zero     0x2001c9f0     0x18  encoder_tim.o [1]
  .bss                zero     0x2001ca08     0x14  bsp_sdio_sd.o [1]
  .bss                zero     0x2001ca1c     0x14  rc522.o [1]
  .bss                zero     0x2001ca30     0x14  tasks.o [1]
  .bss                zero     0x2001ca44     0x14  tasks.o [1]
  .bss                zero     0x2001ca58     0x14  tasks.o [1]
  .bss                zero     0x2001ca6c     0x14  tasks.o [1]
  .bss                zero     0x2001ca80     0x14  tasks.o [1]
  .bss                zero     0x2001ca94     0x14  timers.o [1]
  .bss                zero     0x2001caa8     0x14  timers.o [1]
  .bss                zero     0x2001cabc     0x10  bsp_sdio_sd.o [1]
  .bss                zero     0x2001cacc     0x10  bsp_sdio_sd.o [1]
  .bss                zero     0x2001cadc     0x10  usbh_msc_bot.o [1]
  .bss                zero     0x2001caec     0x10  usbh_msc_bot.o [1]
  .bss                zero     0x2001cafc     0x10  usbh_msc_scsi.o [1]
  .bss                zero     0x2001cb0c      0xc  apptask.o [1]
  .bss                zero     0x2001cb18      0xc  apptask.o [1]
  .bss                zero     0x2001cb24      0xc  apptask.o [1]
  .bss                zero     0x2001cb30      0xc  apptask.o [1]
  .bss                zero     0x2001cb3c      0xc  ff.o [1]
  .bss                zero     0x2001cb48      0xc  protocol.o [1]
  .bss                zero     0x2001cb54      0xc  protocol.o [1]
  .bss                zero     0x2001cb60      0xc  protocol.o [1]
  .bss                zero     0x2001cb6c      0x8  heap_4.o [1]
  .bss                zero     0x2001cb74      0x8  modbus.o [1]
  .bss                zero     0x2001cb7c      0x8  protocol.o [1]
  .bss                zero     0x2001cb84      0x4  apptask.o [1]
  .bss                zero     0x2001cb88      0x4  apptask.o [1]
  .bss                zero     0x2001cb8c      0x4  apptask.o [1]
  .bss                zero     0x2001cb90      0x4  apptask.o [1]
  .bss                zero     0x2001cb94      0x4  apptask.o [1]
  .bss                zero     0x2001cb98      0x4  apptask.o [1]
  .bss                zero     0x2001cb9c      0x4  apptask.o [1]
  .bss                zero     0x2001cba0      0x4  apptask.o [1]
  .bss                zero     0x2001cba4      0x4  apptask.o [1]
  .bss                zero     0x2001cba8      0x4  apptask.o [1]
  .bss                zero     0x2001cbac      0x4  apptask.o [1]
  .bss                zero     0x2001cbb0      0x4  apptask.o [1]
  .bss                zero     0x2001cbb4      0x4  apptask.o [1]
  .bss                zero     0x2001cbb8      0x4  apptask.o [1]
  .bss                zero     0x2001cbbc      0x4  apptask.o [1]
  .bss                zero     0x2001cbc0      0x4  apptask.o [1]
  .bss                zero     0x2001cbc4      0x4  apptask.o [1]
  .bss                zero     0x2001cbc8      0x4  apptask.o [1]
  .bss                zero     0x2001cbcc      0x4  apptask.o [1]
  .bss                zero     0x2001cbd0      0x4  apptask.o [1]
  .bss                zero     0x2001cbd4      0x4  apptask.o [1]
  .bss                zero     0x2001cbd8      0x4  apptask.o [1]
  .bss                zero     0x2001cbdc      0x4  apptask.o [1]
  .bss                zero     0x2001cbe0      0x4  apptask.o [1]
  .bss                zero     0x2001cbe4      0x4  bsp_sdio_sd.o [1]
  .bss                zero     0x2001cbe8      0x4  bsp_sdio_sd.o [1]
  .bss                zero     0x2001cbec      0x4  bsp_sdio_sd.o [1]
  .bss                zero     0x2001cbf0      0x4  bsp_sdio_sd.o [1]
  .bss                zero     0x2001cbf4      0x4  bsp_sdio_sd.o [1]
  .bss                zero     0x2001cbf8      0x4  bsp_timer.o [1]
  .bss                zero     0x2001cbfc      0x4  bsp_timer.o [1]
  .bss                zero     0x2001cc00      0x4  bsp_timer.o [1]
  .bss                zero     0x2001cc04      0x4  bsp_timer.o [1]
  .bss                zero     0x2001cc08      0x4  heap_4.o [1]
  .bss                zero     0x2001cc0c      0x4  heap_4.o [1]
  .bss                zero     0x2001cc10      0x4  heap_4.o [1]
  .bss                zero     0x2001cc14      0x4  heap_4.o [1]
  .bss                zero     0x2001cc18      0x4  page_weimi.o [1]
  .bss                zero     0x2001cc1c      0x4  page_weimi.o [1]
  .bss                zero     0x2001cc20      0x4  port.o [1]
  .bss                zero     0x2001cc24      0x4  product_cal.o [1]
  .bss                zero     0x2001cc28      0x4  product_cal.o [1]
  .bss                zero     0x2001cc2c      0x4  SysInfoTest.o [1]
  .bss                zero     0x2001cc30      0x4  tasks.o [1]
  .bss                zero     0x2001cc34      0x4  tasks.o [1]
  .bss                zero     0x2001cc38      0x4  tasks.o [1]
  .bss                zero     0x2001cc3c      0x4  tasks.o [1]
  .bss                zero     0x2001cc40      0x4  tasks.o [1]
  .bss                zero     0x2001cc44      0x4  tasks.o [1]
  .bss                zero     0x2001cc48      0x4  tasks.o [1]
  .bss                zero     0x2001cc4c      0x4  tasks.o [1]
  .bss                zero     0x2001cc50      0x4  tasks.o [1]
  .bss                zero     0x2001cc54      0x4  tasks.o [1]
  .bss                zero     0x2001cc58      0x4  tasks.o [1]
  .bss                zero     0x2001cc5c      0x4  tasks.o [1]
  .bss                zero     0x2001cc60      0x4  tasks.o [1]
  .bss                zero     0x2001cc64      0x4  tasks.o [1]
  .bss                zero     0x2001cc68      0x4  tasks.o [1]
  .bss                zero     0x2001cc6c      0x4  tasks.o [1]
  .bss                zero     0x2001cc70      0x4  timers.o [1]
  .bss                zero     0x2001cc74      0x4  timers.o [1]
  .bss                zero     0x2001cc78      0x4  timers.o [1]
  .bss                zero     0x2001cc7c      0x4  timers.o [1]
  .bss                zero     0x2001cc80      0x4  usbh_msc_bot.o [1]
  .bss                zero     0x2001cc84      0x4  usbh_msc_bot.o [1]
  .bss                zero     0x2001cc88      0x4  usbh_msc_bot.o [1]
  .bss                zero     0x2001cc8c      0x4  usbh_msc_bot.o [1]
  .bss                zero     0x2001cc90      0x2  apptask.o [1]
  .bss                zero     0x2001cc92      0x2  apptask.o [1]
  .bss                zero     0x2001cc94      0x2  apptask.o [1]
  .bss                zero     0x2001cc96      0x2  apptask.o [1]
  .bss                zero     0x2001cc98      0x2  apptask.o [1]
  .bss                zero     0x2001cc9a      0x2  bsp_sdwe050c17.o [1]
  .bss                zero     0x2001cc9c      0x2  encoder_tim.o [1]
  .bss                zero     0x2001cc9e      0x2  encoder_tim.o [1]
  .bss                zero     0x2001cca0      0x2  ff.o [1]
  .bss                zero     0x2001cca2      0x2  page_weimi.o [1]
  .bss                zero     0x2001cca4      0x2  page_weimi.o [1]
  .bss                zero     0x2001cca6      0x2  product_cal.o [1]
  .bss                zero     0x2001cca8      0x2  usbh_core.o [1]
  .bss                zero     0x2001ccaa      0x2  usbh_stdreq.o [1]
  .bss                zero     0x2001ccac      0x1  apptask.o [1]
  .bss                zero     0x2001ccad      0x1  apptask.o [1]
  .bss                zero     0x2001ccae      0x1  apptask.o [1]
  .bss                zero     0x2001ccaf      0x1  apptask.o [1]
  .bss                zero     0x2001ccb0      0x1  apptask.o [1]
  .bss                zero     0x2001ccb1      0x1  apptask.o [1]
  .bss                zero     0x2001ccb2      0x1  apptask.o [1]
  .bss                zero     0x2001ccb3      0x1  apptask.o [1]
  .bss                zero     0x2001ccb4      0x1  apptask.o [1]
  .bss                zero     0x2001ccb5      0x1  apptask.o [1]
  .bss                zero     0x2001ccb6      0x1  apptask.o [1]
  .bss                zero     0x2001ccb7      0x1  apptask.o [1]
  .bss                zero     0x2001ccb8      0x1  bsp_sdio_sd.o [1]
  .bss                zero     0x2001ccb9      0x1  bsp_sdwe050c17.o [1]
  .bss                zero     0x2001ccba      0x1  bsp_uart_fifo.o [1]
  .bss                zero     0x2001ccbb      0x1  encoder_tim.o [1]
  .bss                zero     0x2001ccbc      0x1  page_weimi.o [1]
  .bss                zero     0x2001ccbd      0x1  page_weimi.o [1]
  .bss                zero     0x2001ccbe      0x1  page_weimi.o [1]
  .bss                zero     0x2001ccbf      0x1  page_weimi.o [1]
  .bss                zero     0x2001ccc0      0x1  page_weimi.o [1]
  .bss                zero     0x2001ccc1      0x1  page_weimi.o [1]
  .bss                zero     0x2001ccc2      0x1  port.o [1]
  .bss                zero     0x2001ccc3      0x1  product_cal.o [1]
  .bss                zero     0x2001ccc4      0x1  product_cal.o [1]
  .bss                zero     0x2001ccc5      0x1  product_cal.o [1]
  .bss                zero     0x2001ccc6      0x1  protocol.o [1]
  .bss                zero     0x2001ccc7      0x1  rc522.o [1]
  .bss                zero     0x2001ccc8      0x1  rc522.o [1]
  .bss                zero     0x2001ccc9      0x1  usbh_msc_bot.o [1]
  .bss                zero     0x2001ccca      0x1  usbh_msc_core.o [1]
  .bss                zero     0x2001cccb      0x1  usbh_msc_core.o [1]
  .bss                zero     0x2001cccc      0x1  usbh_stdreq.o [1]
  .bss                zero     0x2001cccd      0x1  usbh_usr.o [1]
  CSTACK                       0x2001ccd0    0x800  <Block>
    CSTACK            uninit   0x2001ccd0    0x800  <Block tail>
                             - 0x2001d4d0  0x1d4d0

Absolute sections:                         0xff000
  .bss                zero     0x68000000  0xf0000  malloc.o [1]
  .bss                zero     0x680f0000   0xf000  malloc.o [1]
                             - 0x680ff000  0xff000


*******************************************************************************
*** INIT TABLE
***

          Address     Size
          -------     ----
Zero (__iar_zero_init3)
    2 destination ranges, total size 0x11ba86:
          0x20000248  0x1ca86
          0x68000000  0xff000

Copy/packbits (__iar_packbits_init3)
    1 source range, total size 0x125 (50% of destination):
          0x08046f78    0x125
    1 destination range, total size 0x246:
          0x20000000    0x246



*******************************************************************************
*** MODULE SUMMARY
***

    Module                    ro code  ro data  rw data    rw data
                                                            (abs)
    ------                    -------  -------  -------    -------
E:\WORK\YarnControl_Driver\YarnControl_Driver\src\stm32f4_rtos\Project\EWARMv7\Flash\Obj: [1]
    SysInfoTest.o                  44                 4
    apptask.o                  25 644    3 017      167
    bsp.o                          72
    bsp_closeSW.o                 212
    bsp_dwt.o                     116
    bsp_led.o                     192
    bsp_relay.o                    68
    bsp_sdio_sd.o               6 744               209
    bsp_sdwe050c17.o            5 704       36       55
    bsp_servomotor.o              896       10       20
    bsp_spi.o                     292
    bsp_stepmotor.o               808
    bsp_sw_onoff.o                104
    bsp_timer.o                   516                16
    bsp_uart_fifo.o             2 724             1 201
    bsp_w25qxx.o                  896        9    4 098
    bsp_watchdog.o                  8
    cc936.o                       244  176 320
    demo_fatfs.o                           733       80
    diskio.o                      740
    encoder_tim.o                 704                30
    event_groups.o                610
    ff.o                        9 368       36      562
    heap_4.o                      640        4   61 464
    list.o                        152
    main.o                         48       32
    malloc.o                      540       38   43 548  1 044 480
    mcheck.o                      184      768
    misc.o                        136
    modbus.o                      852                 8
    page_weimi.o                  884       13      383
    para.o                      5 126      284      156
    port.o                        588        6        9
    portasm.o                     168
    product_cal.o               1 336      400      101
    protocol.o                    128               509
    queue.o                     1 992
    rc522.o                       238                22
    startup_stm32f40_41xxx.o      680
    stm32f4xx_dma.o               796
    stm32f4xx_exti.o              192
    stm32f4xx_gpio.o              300
    stm32f4xx_it.o                 56       44
    stm32f4xx_iwdg.o               16
    stm32f4xx_rcc.o               488        8       16
    stm32f4xx_sdio.o              380
    stm32f4xx_spi.o               116
    stm32f4xx_syscfg.o             84
    stm32f4xx_tim.o             1 782
    stm32f4xx_usart.o             596
    system_stm32f4xx.o            340        2        4
    tasks.o                     3 296        8      484
    timers.o                    1 188        8       56
    usb_bsp.o                     332
    usb_core.o                  2 640
    usb_hcd.o                     214
    usb_hcd_int.o               3 198
    usbh_core.o                 1 888        8       18
    usbh_hcs.o                    442
    usbh_ioreq.o                  582
    usbh_it.o                      16
    usbh_msc_bot.o              1 364                81
    usbh_msc_core.o             1 000        8       94
    usbh_msc_scsi.o             1 560        1      529
    usbh_stdreq.o               1 078               515
    usbh_usr.o                    418      592    3 125
    --------------------------------------------------------------
    Total:                     94 760  182 385  117 564  1 044 480

command line: [2]
    --------------------------------------------------------------
    Total:

dl7M_tlf.a: [3]
    abort.o                         6
    div.o                          14
    errno.o                        12        2        4
    exit.o                          4
    isxxx.o                        40
    localeconv.o                  108       68      136
    printf.o                       36
    putchar.o                      12
    setlocale.o                    24       58      116
    sprintf.o                      52
    sscanf.o                       36
    strcat.o                       28
    strstr.o                       44
    tolower.o                      20
    xfiles.o                                32      144
    xlocale_c.o                    54
    xprintffull_nomb.o          3 478
    xprout.o                       22
    xscanffull_nomb.o           2 916
    xsprout.o                      10
    xsscin.o                       30
    xstoflt.o                     440
    xstoll.o                      164
    xstopfx.o                     292
    xstoull.o                     432
    xstoxflt.o                    536
    xtls.o                          2
    --------------------------------------------------------------
    Total:                      8 812      160      400

m7M_tls.a: [4]
    DblAdd.o                      232
    DblCmpEq.o                     32
    DblCmpGe.o                     46
    DblCmpLe.o                     46
    DblDiv.o                      598
    DblMul.o                      418
    DblSub.o                      384
    DblToFlt.o                    144
    DblToI32.o                     88
    FltToDbl.o                     78
    I32ToDbl.o                     48
    fpinit_M.o                     34
    xdnorm.o                       66
    xdscale.o                     276
    xdtento.o                     512
    xdunscal.o                     82
    xstold.o                      360
    --------------------------------------------------------------
    Total:                      3 444

rt7M_tl.a: [5]
    ABImemcpy_unaligned.o         118
    ABImemset.o                   102
    I64DivMod.o                   306
    I64DivZer.o                     2
    cexit.o                        10
    cmain.o                        26
    cstartup_M.o                   12
    data_init.o                    40
    memchr.o                       88
    memcmp_unaligned.o             98
    packbits_init.o               208
    strchr.o                       22
    strcmp_unaligned.o             66
    strcpy_unaligned.o             68
    strlen.o                       54
    zero_init3.o                   64
    --------------------------------------------------------------
    Total:                      1 284

shb_l.a: [6]
    exit.o                         20
    --------------------------------------------------------------
    Total:                         20

    Gaps                           50        6        2
    Linker created                          52    2 048
------------------------------------------------------------------
    Grand Total:              108 370  182 603  120 014  1 044 480


*******************************************************************************
*** ENTRY LIST
***

Entry                      Address     Size  Type      Object
-----                      -------     ----  ----      ------
.iar.init_table$$Base   0x080462ec            --   Gb  - Linker created -
.iar.init_table$$Limit  0x08046320            --   Gb  - Linker created -
?main                   0x08046645           Code  Gb  cmain.o [5]
APBAHBPrescTable        0x20000204     0x10  Data  Lc  stm32f4xx_rcc.o [1]
AppObjCreate            0x08030841    0x190  Code  Gb  apptask.o [1]
AppTaskCreate           0x080306b9    0x16c  Code  Gb  apptask.o [1]
BOTStallErrorCount      0x2001cc80      0x4  Data  Lc  usbh_msc_bot.o [1]
BusFault_Handler        0x08045ed3      0x2  Code  Gb  stm32f4xx_it.o [1]
CID_Tab                 0x2001cacc     0x10  Data  Lc  bsp_sdio_sd.o [1]
CRC16HiTable            0x080459b0    0x100  Data  Gb  mcheck.o [1]
CRC16LoTable            0x08045ab0    0x100  Data  Gb  mcheck.o [1]
CRC8Table               0x08045bb0    0x100  Data  Gb  mcheck.o [1]
CSD_Tab                 0x2001cabc     0x10  Data  Lc  bsp_sdio_sd.o [1]
CSTACK$$Base            0x2001ccd0            --   Gb  - Linker created -
CSTACK$$Limit           0x2001d4d0            --   Gb  - Linker created -
CardType                0x2001cbe4      0x4  Data  Lc  bsp_sdio_sd.o [1]
CmdError                0x080418e5     0x38  Code  Lc  bsp_sdio_sd.o [1]
CmdResp1Error           0x08041989    0x112  Code  Lc  bsp_sdio_sd.o [1]
CmdResp2Error           0x08041ad9     0x52  Code  Lc  bsp_sdio_sd.o [1]
CmdResp3Error           0x08041a9b     0x3e  Code  Lc  bsp_sdio_sd.o [1]
CmdResp6Error           0x08041b2b     0xa6  Code  Lc  bsp_sdio_sd.o [1]
CmdResp7Error           0x0804191d     0x58  Code  Lc  bsp_sdio_sd.o [1]
ConfigExitNVIC          0x08039c13     0x22  Code  Gb  bsp_closeSW.o [1]
ConfigUartNVIC          0x0803b6af     0x7c  Code  Lc  bsp_uart_fifo.o [1]
DMA1_Stream0_IRQHandler
                        0x08036761     0x1c  Code  Gb  bsp_servomotor.o [1]
DMA1_Stream3_IRQHandler
                        0x0803677d     0x1c  Code  Gb  bsp_servomotor.o [1]
DMA2_Stream3_IRQHandler
                        0x080421cd      0x8  Code  Gb  bsp_sdio_sd.o [1]
DMAEndOfTransfer        0x2001cbf4      0x4  Data  Gb  bsp_sdio_sd.o [1]
DMA_ClearFlag           0x0803d887     0x24  Code  Gb  stm32f4xx_dma.o [1]
DMA_Cmd                 0x0803d83d     0x1a  Code  Gb  stm32f4xx_dma.o [1]
DMA_DeInit              0x0803d6a5    0x140  Code  Gb  stm32f4xx_dma.o [1]
DMA_FlowControllerConfig
                        0x0803d857     0x18  Code  Gb  stm32f4xx_dma.o [1]
DMA_GetCmdStatus        0x0803d86f     0x18  Code  Gb  stm32f4xx_dma.o [1]
DMA_GetITStatus         0x0803d8ed     0x62  Code  Gb  stm32f4xx_dma.o [1]
DMA_ITConfig            0x0803d8ab     0x42  Code  Gb  stm32f4xx_dma.o [1]
DMA_Init                0x0803d7e5     0x58  Code  Gb  stm32f4xx_dma.o [1]
DebugMon_Handler        0x08045ed7      0x2  Code  Gb  stm32f4xx_it.o [1]
DiskFile_init           0x08039b19     0x40  Code  Gb  protocol.o [1]
Disk_File               0x2001c3f4     0xd4  Data  Gb  protocol.o [1]
ENC_Calc_Average_Speed  0x0803a2b3     0x58  Code  Gb  encoder_tim.o [1]
ENC_Calc_Rot_Speed      0x0803a1d9     0xda  Code  Gb  encoder_tim.o [1]
ENC_Clear_Speed_Buffer  0x0803a1bd     0x1c  Code  Gb  encoder_tim.o [1]
ENC_Init                0x0803a0d1     0xec  Code  Gb  encoder_tim.o [1]
EXTI9_5_IRQHandler      0x08039c35     0x3c  Code  Gb  bsp_closeSW.o [1]
EXTI_ClearITPendingBit  0x0803ea53      0x6  Code  Gb  stm32f4xx_exti.o [1]
EXTI_GetITStatus        0x0803ea39     0x1a  Code  Gb  stm32f4xx_exti.o [1]
EXTI_Init               0x0803e9b1     0x88  Code  Gb  stm32f4xx_exti.o [1]
FR_Table                0x200000fc     0x50  Data  Gb  demo_fatfs.o [1]
FatFs                   0x2001cb3c      0xc  Data  Lc  ff.o [1]
Files                   0x2001c97c     0x24  Data  Lc  ff.o [1]
FindSCR                 0x08041d79    0x206  Code  Lc  bsp_sdio_sd.o [1]
Fsid                    0x2001cca0      0x2  Data  Lc  ff.o [1]
GPIO_Init               0x08039c7d     0xaa  Code  Gb  stm32f4xx_gpio.o [1]
GPIO_PinAFConfig        0x08039d4f     0x5a  Code  Gb  stm32f4xx_gpio.o [1]
GPIO_ReadInputDataBit   0x08039d27     0x1a  Code  Gb  stm32f4xx_gpio.o [1]
GPIO_WriteBit           0x08039d41      0xe  Code  Gb  stm32f4xx_gpio.o [1]
GetDeviceState          0x08039ae5     0x2e  Code  Gb  bsp_sw_onoff.o [1]
HCD_GetCurrentFrame     0x0803dc25      0x8  Code  Gb  usb_hcd.o [1]
HCD_GetCurrentSpeed     0x0803dc07     0x10  Code  Gb  usb_hcd.o [1]
HCD_GetURB_State        0x0803dc2d      0xa  Code  Gb  usb_hcd.o [1]
HCD_GetXferCnt          0x0803dc37      0xc  Code  Gb  usb_hcd.o [1]
HCD_Init                0x0803db95     0x72  Code  Gb  usb_hcd.o [1]
HCD_ResetPort           0x0803dc17      0xe  Code  Gb  usb_hcd.o [1]
HCD_SubmitRequest       0x0803dc43     0x28  Code  Gb  usb_hcd.o [1]
HardFault_Handler       0x08045ea3     0x22  Code  Gb  stm32f4xx_it.o [1]
IWDG_Feed               0x0803aa99      0x8  Code  Gb  bsp_watchdog.o [1]
IWDG_ReloadCounter      0x0803eba5      0xa  Code  Gb  stm32f4xx_iwdg.o [1]
InStream_Read           0x08045cb1     0x22  Code  Lc  packbits_init.o [5]
InitHardUart            0x0803b2c3    0x3ec  Code  Lc  bsp_uart_fifo.o [1]
Init_JINGSHA_GUI        0x080316cb    0x122  Code  Gb  bsp_sdwe050c17.o [1]
JingSha_File            0x2001c808     0x58  Data  Gb  protocol.o [1]
LfnBuf                  0x2001bb88    0x200  Data  Lc  ff.o [1]
LfnOfs                  0x08046a74     0x10  Data  Lc  ff.o [1]
LoadInt                 0x0803c5b9     0x6e  Code  Lc  xprintffull_nomb.o [3]
MSCErrorCount           0x2001ccca      0x1  Data  Gb  usbh_msc_core.o [1]
MSC_Machine             0x2001c764     0x4c  Data  Gb  usbh_msc_core.o [1]
MSG_DEV_ATTACHED        0x080467f0     0x18  Data  Gb  usbh_usr.o [1]
MSG_DEV_DISCONNECTED    0x08046808     0x18  Data  Gb  usbh_usr.o [1]
MSG_DEV_ENUMERATED      0x080465f0     0x1c  Data  Gb  usbh_usr.o [1]
MSG_DEV_ERROR           0x08046920     0x14  Data  Gb  usbh_usr.o [1]
MSG_DEV_FULLSPEED       0x08046460     0x20  Data  Gb  usbh_usr.o [1]
MSG_DEV_HIGHSPEED       0x08046440     0x20  Data  Gb  usbh_usr.o [1]
MSG_DEV_LOWSPEED        0x08046480     0x20  Data  Gb  usbh_usr.o [1]
MSG_HID_CLASS           0x0804660c     0x1c  Data  Gb  usbh_usr.o [1]
MSG_MSC_CLASS           0x080462a4     0x24  Data  Gb  usbh_usr.o [1]
MSG_UNREC_ERROR         0x08046628     0x1c  Data  Gb  usbh_usr.o [1]
MemManage_Handler       0x08045ed1      0x2  Code  Gb  stm32f4xx_it.o [1]
MotorProcess            0x2001c8b0     0x40  Data  Gb  page_weimi.o [1]
MotorStepCount          0x08036069     0x68  Code  Gb  page_weimi.o [1]
NMI_Handler             0x08045ea1      0x2  Code  Gb  stm32f4xx_it.o [1]
NVIC_Init               0x0803d9cb     0x6a  Code  Gb  misc.o [1]
NVIC_PriorityGroupConfig
                        0x0803d9c1      0xa  Code  Gb  misc.o [1]
OTG_FS_IRQHandler       0x08046af5     0x10  Code  Gb  usbh_it.o [1]
PendSV_Handler          0x0803ebb5           Code  Gb  portasm.o [1]
RCA                     0x2001cbe8      0x4  Data  Lc  bsp_sdio_sd.o [1]
RCC_AHB1PeriphClockCmd  0x0803b107     0x22  Code  Gb  stm32f4xx_rcc.o [1]
RCC_AHB2PeriphClockCmd  0x0803b129     0x1e  Code  Gb  stm32f4xx_rcc.o [1]
RCC_APB1PeriphClockCmd  0x0803b147     0x1e  Code  Gb  stm32f4xx_rcc.o [1]
RCC_APB1PeriphResetCmd  0x0803b183     0x1e  Code  Gb  stm32f4xx_rcc.o [1]
RCC_APB2PeriphClockCmd  0x0803b165     0x1e  Code  Gb  stm32f4xx_rcc.o [1]
RCC_APB2PeriphResetCmd  0x0803b1a1     0x1e  Code  Gb  stm32f4xx_rcc.o [1]
RCC_GetClocksFreq       0x0803b005    0x102  Code  Gb  stm32f4xx_rcc.o [1]
RS485_InitTXE           0x0803b28d     0x36  Code  Gb  bsp_uart_fifo.o [1]
RS485_sendbuf           0x0803bb69     0x44  Code  Gb  bsp_uart_fifo.o [1]
Region$$Table$$Base     0x080462ec            --   Gb  - Linker created -
Region$$Table$$Limit    0x08046320            --   Gb  - Linker created -
SDCardInfo              0x2001c7b0     0x58  Data  Gb  bsp_sdio_sd.o [1]
SDEnWideBus             0x08041bdd    0x198  Code  Lc  bsp_sdio_sd.o [1]
SDIO_ClearFlag          0x0804323d      0x6  Code  Gb  stm32f4xx_sdio.o [1]
SDIO_ClearITPendingBit  0x0804325d      0x6  Code  Gb  stm32f4xx_sdio.o [1]
SDIO_ClockCmd           0x0804316b      0x8  Code  Gb  stm32f4xx_sdio.o [1]
SDIO_CmdInitStructure   0x2001ca08     0x14  Data  Gb  bsp_sdio_sd.o [1]
SDIO_DMACmd             0x080431fd      0x8  Code  Gb  stm32f4xx_sdio.o [1]
SDIO_DataConfig         0x080431c9     0x2e  Code  Gb  stm32f4xx_sdio.o [1]
SDIO_DataInitStructure  0x2001c9d8     0x18  Data  Gb  bsp_sdio_sd.o [1]
SDIO_DeInit             0x08043129     0x18  Code  Gb  stm32f4xx_sdio.o [1]
SDIO_GetCommandResponse
                        0x080431ab      0x8  Code  Gb  stm32f4xx_sdio.o [1]
SDIO_GetFlagStatus      0x08043223     0x1a  Code  Gb  stm32f4xx_sdio.o [1]
SDIO_GetITStatus        0x08043243     0x1a  Code  Gb  stm32f4xx_sdio.o [1]
SDIO_GetPowerState      0x08043179      0xa  Code  Gb  stm32f4xx_sdio.o [1]
SDIO_GetResponse        0x080431b3     0x16  Code  Gb  stm32f4xx_sdio.o [1]
SDIO_IRQHandler         0x080421c5      0x8  Code  Gb  bsp_sdio_sd.o [1]
SDIO_ITConfig           0x08043205     0x1e  Code  Gb  stm32f4xx_sdio.o [1]
SDIO_Init               0x08043141     0x2a  Code  Gb  stm32f4xx_sdio.o [1]
SDIO_InitStructure      0x2001c9c0     0x18  Data  Gb  bsp_sdio_sd.o [1]
SDIO_Interrupts_Config  0x08042189     0x3c  Code  Gb  bsp_sdio_sd.o [1]
SDIO_ReadData           0x080431f7      0x6  Code  Gb  stm32f4xx_sdio.o [1]
SDIO_SendCommand        0x08043183     0x28  Code  Gb  stm32f4xx_sdio.o [1]
SDIO_SetPowerState      0x08043173      0x6  Code  Gb  stm32f4xx_sdio.o [1]
SDWE_WARNNING           0x08031975     0x2a  Code  Gb  bsp_sdwe050c17.o [1]
SD_Detect               0x08040881     0x22  Code  Gb  bsp_sdio_sd.o [1]
SD_EnableWideBusOperation
                        0x0804107d     0xc8  Code  Gb  bsp_sdio_sd.o [1]
SD_GetCardInfo          0x08040c91    0x3ec  Code  Gb  bsp_sdio_sd.o [1]
SD_GetState             0x08040857     0x2a  Code  Gb  bsp_sdio_sd.o [1]
SD_GetStatus            0x08040835     0x22  Code  Gb  bsp_sdio_sd.o [1]
SD_Init                 0x0804077d     0xb8  Code  Gb  bsp_sdio_sd.o [1]
SD_InitializeCards      0x08040aef    0x1a2  Code  Gb  bsp_sdio_sd.o [1]
SD_LowLevel_DMA_RxConfig
                        0x080420d3     0x8e  Code  Gb  bsp_sdio_sd.o [1]
SD_LowLevel_DMA_TxConfig
                        0x08042045     0x8e  Code  Gb  bsp_sdio_sd.o [1]
SD_LowLevel_Init        0x08041f81     0xbc  Code  Gb  bsp_sdio_sd.o [1]
SD_PowerON              0x080408a3    0x24c  Code  Gb  bsp_sdio_sd.o [1]
SD_ProcessDMAIRQ        0x080418c1     0x22  Code  Gb  bsp_sdio_sd.o [1]
SD_ProcessIRQSrc        0x08041813     0xae  Code  Gb  bsp_sdio_sd.o [1]
SD_ReadBlock            0x0804117d    0x108  Code  Gb  bsp_sdio_sd.o [1]
SD_ReadMultiBlocks      0x08041285    0x134  Code  Gb  bsp_sdio_sd.o [1]
SD_SelectDeselect       0x08041145     0x38  Code  Gb  bsp_sdio_sd.o [1]
SD_SendStatus           0x080417a5     0x6e  Code  Gb  bsp_sdio_sd.o [1]
SD_StopTransfer         0x0804175d     0x44  Code  Gb  bsp_sdio_sd.o [1]
SD_WaitReadOperation    0x080413bd     0x96  Code  Gb  bsp_sdio_sd.o [1]
SD_WriteBlock           0x0804145d    0x11e  Code  Gb  bsp_sdio_sd.o [1]
SD_WriteMultiBlocks     0x08041589    0x1cc  Code  Gb  bsp_sdio_sd.o [1]
SPEED_RADIO             0x08046cb4      0xc  Data  Gb  page_weimi.o [1]
SPI1_Init               0x0803bf09     0xc0  Code  Gb  bsp_spi.o [1]
SPI1_ReadWriteByte      0x0803bff1     0x32  Code  Gb  bsp_spi.o [1]
SPI1_SetSpeed           0x0803bfc9     0x28  Code  Gb  bsp_spi.o [1]
SPI_Cmd                 0x0803eef1     0x1c  Code  Gb  stm32f4xx_spi.o [1]
SPI_I2S_GetFlagStatus   0x0803ef0d     0x18  Code  Gb  stm32f4xx_spi.o [1]
SPI_Init                0x0803eeb1     0x40  Code  Gb  stm32f4xx_spi.o [1]
SRC_Buffer              0x200001f0     0x14  Data  Gb  bsp_servomotor.o [1]
SVC_Handler             0x0803ec0d           Code  Gb  portasm.o [1]
SYSCFG_EXTILineConfig   0x0803e95d     0x50  Code  Gb  stm32f4xx_syscfg.o [1]
Sdwe_ClearReadDisk      0x08031a57     0x20  Code  Gb  bsp_sdwe050c17.o [1]
Sdwe_change_class_time  0x0803207f     0x30  Code  Gb  bsp_sdwe050c17.o [1]
Sdwe_clearString        0x0803199f     0x5a  Code  Gb  bsp_sdwe050c17.o [1]
Sdwe_clear_filename     0x08031aad     0x60  Code  Gb  bsp_sdwe050c17.o [1]
Sdwe_disDigi            0x0803183d     0xb0  Code  Gb  bsp_sdwe050c17.o [1]
Sdwe_disPicture         0x080317ed     0x50  Code  Gb  bsp_sdwe050c17.o [1]
Sdwe_disString          0x080318ed     0x88  Code  Gb  bsp_sdwe050c17.o [1]
Sdwe_hidden_page        0x08032117     0x30  Code  Gb  bsp_sdwe050c17.o [1]
Sdwe_peiliao_page       0x08031f21    0x12a  Code  Gb  bsp_sdwe050c17.o [1]
Sdwe_period_page        0x080320af     0x68  Code  Gb  bsp_sdwe050c17.o [1]
Sdwe_product_page       0x08031d49    0x1d2  Code  Gb  bsp_sdwe050c17.o [1]
Sdwe_ratio_display      0x0803204b     0x22  Code  Gb  bsp_sdwe050c17.o [1]
Sdwe_readRTC            0x08031a77     0x36  Code  Gb  bsp_sdwe050c17.o [1]
Sdwe_refresh_allname    0x08031d01     0x48  Code  Gb  bsp_sdwe050c17.o [1]
Sdwe_refresh_filename   0x08031b0d    0x1f4  Code  Gb  bsp_sdwe050c17.o [1]
Sdwe_sevro_pulse_display
                        0x0803206d     0x12  Code  Gb  bsp_sdwe050c17.o [1]
Sdwe_stop_page          0x08032147    0x384  Code  Gb  bsp_sdwe050c17.o [1]
Sdwe_writeIcon          0x080319f9     0x5e  Code  Gb  bsp_sdwe050c17.o [1]
ServoMotorRunning       0x08036727     0x3a  Code  Gb  bsp_servomotor.o [1]
SetSysClock             0x080458af     0xce  Code  Lc  system_stm32f4xx.o [1]
SlavePara               0x2001c4c8     0xa4  Data  Gb  protocol.o [1]
StepMotor_adjust_speed  0x08039fed     0x4e  Code  Gb  bsp_stepmotor.o [1]
StepMotor_start         0x0803a077     0x3c  Code  Gb  bsp_stepmotor.o [1]
StepMotor_stop          0x0803a03b     0x3c  Code  Gb  bsp_stepmotor.o [1]
StopCondition           0x2001cbec      0x4  Data  Gb  bsp_sdio_sd.o [1]
SysTick_Handler         0x0803ac27     0x2c  Code  Gb  port.o [1]
SystemCoreClock         0x20000234      0x4  Data  Gb  system_stm32f4xx.o [1]
SystemInit              0x0804585d     0x52  Code  Gb  system_stm32f4xx.o [1]
TI1_Config              0x0803d5a7     0x38  Code  Lc  stm32f4xx_tim.o [1]
TI2_Config              0x0803d5df     0x42  Code  Lc  stm32f4xx_tim.o [1]
TI3_Config              0x0803d621     0x40  Code  Lc  stm32f4xx_tim.o [1]
TI4_Config              0x0803d661     0x42  Code  Lc  stm32f4xx_tim.o [1]
TIM1_PWM_SETPMOTOR      0x08039f19     0x6e  Code  Gb  bsp_stepmotor.o [1]
TIM2_IRQHandler         0x0803be45     0xac  Code  Gb  bsp_timer.o [1]
TIM3_PWM_SETPMOTOR      0x08039eb3     0x66  Code  Gb  bsp_stepmotor.o [1]
TIM4_CH1_ConfigPwmOut   0x08036441     0x1c  Code  Gb  bsp_servomotor.o [1]
TIM4_CH1_GPIO_Configuration
                        0x080364cb     0x6a  Code  Gb  bsp_servomotor.o [1]
TIM4_CH1_PWMDMA_Config  0x08036649     0xb0  Code  Gb  bsp_servomotor.o [1]
TIM4_CH1_StartPwmOut    0x0803645d     0x36  Code  Gb  bsp_servomotor.o [1]
TIM4_CH1_StopPwmOut     0x08036493     0x38  Code  Gb  bsp_servomotor.o [1]
TIM4_CH2_StopPwmOut     0x080366f9     0x2e  Code  Gb  bsp_servomotor.o [1]
TIM4_MANUAL_PWM_Config  0x080365c5     0x78  Code  Gb  bsp_servomotor.o [1]
TIM4_MANUAL_PWM_Stop    0x0803663d      0xc  Code  Gb  bsp_servomotor.o [1]
TIM4_PWM_Config         0x08036535     0x90  Code  Gb  bsp_servomotor.o [1]
TIM5_PWM_SETPMOTOR      0x08039f87     0x66  Code  Gb  bsp_stepmotor.o [1]
TIM6_DAC_IRQHandler     0x0804604d     0x22  Code  Gb  SysInfoTest.o [1]
TIM8_UP_TIM13_IRQHandler
                        0x0803a30b     0x58  Code  Gb  encoder_tim.o [1]
TIM_ARRPreloadConfig    0x0803d1ab     0x1c  Code  Gb  stm32f4xx_tim.o [1]
TIM_CallBack1           0x080309e5     0x44  Code  Gb  apptask.o [1]
TIM_ClearFlag           0x0803d511      0x8  Code  Gb  stm32f4xx_tim.o [1]
TIM_ClearITPendingBit   0x0803d54b      0x8  Code  Gb  stm32f4xx_tim.o [1]
TIM_Cmd                 0x0803d1c7     0x1c  Code  Gb  stm32f4xx_tim.o [1]
TIM_CtrlPWMOutputs      0x0803d4d9     0x22  Code  Gb  stm32f4xx_tim.o [1]
TIM_DMACmd              0x0803d553     0x16  Code  Gb  stm32f4xx_tim.o [1]
TIM_DeInit              0x0803cfad    0x17c  Code  Gb  stm32f4xx_tim.o [1]
TIM_EncoderInterfaceConfig
                        0x0803d569     0x3e  Code  Gb  stm32f4xx_tim.o [1]
TIM_GetITStatus         0x0803d519     0x32  Code  Gb  stm32f4xx_tim.o [1]
TIM_ICInit              0x0803d407     0x70  Code  Gb  stm32f4xx_tim.o [1]
TIM_ICStructInit        0x0803d477     0x16  Code  Gb  stm32f4xx_tim.o [1]
TIM_ITConfig            0x0803d4fb     0x16  Code  Gb  stm32f4xx_tim.o [1]
TIM_OC1Init             0x0803d1e3     0x7e  Code  Gb  stm32f4xx_tim.o [1]
TIM_OC1PreloadConfig    0x0803d3cf     0x12  Code  Gb  stm32f4xx_tim.o [1]
TIM_OC2Init             0x0803d261     0x8c  Code  Gb  stm32f4xx_tim.o [1]
TIM_OC2PreloadConfig    0x0803d3e1     0x14  Code  Gb  stm32f4xx_tim.o [1]
TIM_OC3Init             0x0803d2ed     0x8a  Code  Gb  stm32f4xx_tim.o [1]
TIM_OC3PreloadConfig    0x0803d3f5     0x12  Code  Gb  stm32f4xx_tim.o [1]
[...]
get_valid_length        0x08032c81     0x26  Code  Gb  bsp_sdwe050c17.o [1]
get_valid_seg           0x08036285     0x3c  Code  Gb  page_weimi.o [1]
get_weimi_para          0x080361b1     0xae  Code  Gb  page_weimi.o [1]
hEncoder_Timer_Overflow
                        0x2001cc9e      0x2  Data  Gb  encoder_tim.o [1]
hPrevious_angle         0x2001cc9c      0x2  Data  Gb  encoder_tim.o [1]
hSpeed_Buffer           0x2001c9f0     0x18  Data  Gb  encoder_tim.o [1]
hex_to_decimal          0x08032ca7     0x26  Code  Gb  bsp_sdwe050c17.o [1]
idwgEventGroup          0x2001cbc4      0x4  Data  Gb  apptask.o [1]
inc_card_type           0x080330cb    0x11c  Code  Gb  product_cal.o [1]
inc_lock                0x080371eb     0xe8  Code  Lc  ff.o [1]
init_jingsha_para       0x08039b59     0x38  Code  Gb  protocol.o [1]
init_peiliao_para       0x08032d7b     0x4a  Code  Gb  product_cal.o [1]
init_product_para       0x08032ccd     0xae  Code  Gb  product_cal.o [1]
init_weimi_para         0x080360d1     0xe0  Code  Gb  page_weimi.o [1]
input_password_buf      0x2001cb48      0xc  Data  Gb  protocol.o [1]
input_password_len      0x2001ccc6      0x1  Data  Gb  protocol.o [1]
isDevicePeriod          0x2001ccb4      0x1  Data  Gb  apptask.o [1]
isWork                  0x2001ccad      0x1  Data  Gb  apptask.o [1]
is_same_data            0x08032fbd     0x2a  Code  Gb  product_cal.o [1]
is_stop                 0x2001ccbe      0x1  Data  Gb  page_weimi.o [1]
isalpha                 0x08042d43     0x14  Code  Gb  isxxx.o [3]
isspace                 0x08042d57     0x14  Code  Gb  isxxx.o [3]
lcd_busy                0x2001ccb9      0x1  Data  Gb  bsp_sdwe050c17.o [1]
lcd_rev_buf             0x2001c8f0     0x34  Data  Gb  bsp_sdwe050c17.o [1]
lcd_rev_len             0x2001cc9a      0x2  Data  Gb  bsp_sdwe050c17.o [1]
ld_clust                0x08037b15     0x28  Code  Lc  ff.o [1]
localeconv              0x0803f187     0x16  Code  Gb  localeconv.o [3]
m_ctrl_dev              0x2001cb74      0x8  Data  Gb  modbus.o [1]
main                    0x08045f99     0x30  Code  Gb  main.o [1]
mallco_dev              0x200001d4     0x1c  Data  Gb  malloc.o [1]
max_seg                 0x2001ccbf      0x1  Data  Gb  page_weimi.o [1]
mb_init                 0x08039991     0x30  Code  Gb  modbus.o [1]
mb_packsend_frame       0x0803989f     0xf2  Code  Gb  modbus.o [1]
mb_unpack_frame         0x0803975d    0x142  Code  Gb  modbus.o [1]
mc_check_crc16          0x0803e8e5     0x40  Code  Gb  mcheck.o [1]
mc_check_crc8           0x0803e8c1     0x24  Code  Gb  mcheck.o [1]
mc_check_sum            0x0803e879     0x2e  Code  Gb  mcheck.o [1]
mc_check_xor            0x0803e8a7     0x1a  Code  Gb  mcheck.o [1]
mem1base                0x2000f248   0xa000  Data  Gb  malloc.o [1]
mem1mapbase             0x2001a248    0xa00  Data  Gb  malloc.o [1]
mem2base                0x68000000  0xf0000  Data  Gb  malloc.o [1]
mem2mapbase             0x680f0000   0xf000  Data  Gb  malloc.o [1]
mem_cmp                 0x080370f7     0x24  Code  Lc  ff.o [1]
mem_cpy                 0x080370c5     0x1c  Code  Lc  ff.o [1]
mem_set                 0x080370e1     0x16  Code  Lc  ff.o [1]
memblksize              0x08046d98      0x8  Data  Gb  malloc.o [1]
memchr                  0x0803ef3d           Code  Gb  memchr.o [5]
memsize                 0x08046da0      0x8  Data  Gb  malloc.o [1]
memtblsize              0x08046d90      0x8  Data  Gb  malloc.o [1]
modbus_send_frame       0x080399c1     0xe6  Code  Gb  modbus.o [1]
move_window             0x080373b9     0x40  Code  Lc  ff.o [1]
my_mem_free             0x08034573     0x6c  Code  Gb  malloc.o [1]
my_mem_init             0x08034437     0x42  Code  Gb  malloc.o [1]
my_mem_malloc           0x080344b7     0xbc  Code  Gb  malloc.o [1]
my_mem_perused          0x08034479     0x3e  Code  Gb  malloc.o [1]
myfree                  0x080345df     0x24  Code  Gb  malloc.o [1]
mymalloc                0x08034603     0x2a  Code  Gb  malloc.o [1]
mymemset                0x08034421     0x16  Code  Gb  malloc.o [1]
ndigs                   0x08042f98     0x28  Data  Lc  xstoull.o [3]
obuf                    0x2001c860     0x50  Data  Lc  xfiles.o [3]
oem2uni                 0x0801560c  0x15484  Data  Lc  cc936.o [1]
old_card_record         0x2001ccb2      0x1  Data  Gb  apptask.o [1]
old_isWork              0x2001ccae      0x1  Data  Gb  apptask.o [1]
old_is_stop             0x20000244      0x1  Data  Gb  page_weimi.o [1]
old_plan_complete       0x2001ccc4      0x1  Data  Gb  product_cal.o [1]
old_system_state        0x20000242      0x1  Data  Gb  apptask.o [1]
old_usb_disk_flag       0x2001ccb0      0x1  Data  Gb  apptask.o [1]
para_init               0x08035109     0x80  Code  Gb  para.o [1]
pcInterruptPriorityRegisters
                        0x08046e64      0x4  Data  Lc  port.o [1]
peiliao_para            0x2001c924     0x30  Data  Gb  product_cal.o [1]
pick_lfn                0x08037c0b     0x8c  Code  Lc  ff.o [1]
plan_complete           0x2001ccc3      0x1  Data  Gb  product_cal.o [1]
pluse_count             0x2001cc92      0x2  Data  Gb  apptask.o [1]
pluse_step_src          0x2001cb24      0xc  Data  Gb  apptask.o [1]
pows                    0x080437c8     0x48  Data  Lc  xdtento.o [4]
printf                  0x08034341     0x24  Code  Gb  printf.o [3]
product_complete_kilo   0x08032e67     0x74  Code  Gb  product_cal.o [1]
product_complete_meter  0x08032e4b     0x1c  Code  Gb  product_cal.o [1]
product_para            0x2001c954     0x28  Data  Gb  product_cal.o [1]
product_per_meter       0x08032dc5     0x74  Code  Gb  product_cal.o [1]
prvAddCurrentTaskToDelayedList
                        0x08033de1     0x48  Code  Lc  tasks.o [1]
prvAllocateTCBAndStack  0x08033e29     0x5a  Code  Lc  tasks.o [1]
prvCheckForValidListAndQueue
                        0x0803aa27     0x52  Code  Lc  timers.o [1]
prvCheckTasksWaitingTermination
                        0x08033d77     0x66  Code  Lc  tasks.o [1]
prvCopyDataFromQueue    0x08031565     0x30  Code  Lc  queue.o [1]
prvCopyDataToQueue      0x080314e1     0x84  Code  Lc  queue.o [1]
prvDeleteTCB            0x08033e83     0x12  Code  Lc  tasks.o [1]
prvGetNextExpireTime    0x0803a813     0x2e  Code  Lc  timers.o [1]
prvHeapInit             0x0803af15     0x6e  Code  Lc  heap_4.o [1]
prvIdleTask             0x08033c91     0x26  Code  Lc  tasks.o [1]
prvInitialiseTCBVariables
                        0x08033cb7     0x6a  Code  Lc  tasks.o [1]
prvInitialiseTaskLists  0x08033d21     0x56  Code  Lc  tasks.o [1]
prvInsertBlockIntoFreeList
                        0x0803af83     0x62  Code  Lc  heap_4.o [1]
prvInsertTimerInActiveList
                        0x0803a869     0x50  Code  Lc  timers.o [1]
prvIsQueueEmpty         0x080315ff     0x20  Code  Lc  queue.o [1]
prvIsQueueFull          0x0803161f     0x22  Code  Lc  queue.o [1]
prvProcessExpiredTimer  0x0803a72b     0x5c  Code  Lc  timers.o [1]
prvProcessReceivedCommands
                        0x0803a8b9     0xde  Code  Lc  timers.o [1]
prvProcessTimerOrBlockTask
                        0x0803a7a3     0x70  Code  Lc  timers.o [1]
prvResetNextTaskUnblockTime
                        0x08033e95     0x26  Code  Lc  tasks.o [1]
prvSampleTimeNow        0x0803a841     0x28  Code  Lc  timers.o [1]
prvSwitchTimerLists     0x0803a997     0x90  Code  Lc  timers.o [1]
prvTaskExitError        0x0803aac5     0x2a  Code  Lc  port.o [1]
prvTestWaitCondition    0x0803a5cf     0x24  Code  Lc  event_groups.o [1]
prvTimerTask            0x0803a789     0x1a  Code  Lc  timers.o [1]
prvUnlockQueue          0x08031595     0x6a  Code  Lc  queue.o [1]
put_fat                 0x08037607    0x16c  Code  Gb  ff.o [1]
putchar                 0x08046839      0xc  Code  Gb  putchar.o [3]
pvPortMalloc            0x0803ad85    0x118  Code  Gb  heap_4.o [1]
pxCurrentTCB            0x2001cc30      0x4  Data  Gb  tasks.o [1]
pxCurrentTimerList      0x2001cc70      0x4  Data  Lc  timers.o [1]
pxDelayedTaskList       0x2001cc34      0x4  Data  Lc  tasks.o [1]
pxEnd                   0x2001cc08      0x4  Data  Lc  heap_4.o [1]
pxOverflowDelayedTaskList
                        0x2001cc38      0x4  Data  Lc  tasks.o [1]
pxOverflowTimerList     0x2001cc74      0x4  Data  Lc  timers.o [1]
pxPortInitialiseStack   0x0803aaa1     0x24  Code  Gb  port.o [1]
pxReadyTasksLists       0x2001c188    0x140  Data  Lc  tasks.o [1]
rc522_cmd_anticoll      0x08039701     0x5a  Code  Gb  rc522.o [1]
rc522_cmd_request       0x080396ad     0x54  Code  Gb  rc522.o [1]
readDisk                0x2001ccb5      0x1  Data  Gb  apptask.o [1]
readFilenum             0x2001ccb6      0x1  Data  Gb  apptask.o [1]
readSlave               0x2001cb18      0xc  Data  Gb  apptask.o [1]
read_device_info        0x08034c71    0x2a2  Code  Gb  para.o [1]
read_file_select        0x2001cb60      0xc  Data  Gb  protocol.o [1]
read_from_disk          0x080351c1    0xd04  Code  Gb  para.o [1]
remove_chain            0x08037773     0x76  Code  Lc  ff.o [1]
rfid_rev_buf            0x2001ca1c     0x14  Data  Gb  rc522.o [1]
rfid_rev_cnt            0x2001ccc8      0x1  Data  Gb  rc522.o [1]
rfid_rev_flag           0x2001ccc7      0x1  Data  Gb  rc522.o [1]
rtc_time                0x2001cb7c      0x8  Data  Gb  protocol.o [1]
s_TIM_CallBack1         0x2001cbf8      0x4  Data  Lc  bsp_timer.o [1]
s_TIM_CallBack2         0x2001cbfc      0x4  Data  Lc  bsp_timer.o [1]
s_TIM_CallBack3         0x2001cc00      0x4  Data  Lc  bsp_timer.o [1]
s_TIM_CallBack4         0x2001cc04      0x4  Data  Lc  bsp_timer.o [1]
sample_time             0x2001cc90      0x2  Data  Gb  apptask.o [1]
sdew_weimi_page1        0x080324f1    0x302  Code  Gb  bsp_sdwe050c17.o [1]
sdew_weimi_page2        0x080327fd    0x25e  Code  Gb  bsp_sdwe050c17.o [1]
sdew_weisha_page1       0x08032a61    0x100  Code  Gb  bsp_sdwe050c17.o [1]
sdew_weisha_page2       0x08032b69    0x100  Code  Gb  bsp_sdwe050c17.o [1]
servomotor_guodu        0x2001ccbc      0x1  Data  Gb  page_weimi.o [1]
servomotor_mode         0x2001ccbd      0x1  Data  Gb  page_weimi.o [1]
servomotor_step         0x2001cca4      0x2  Data  Gb  page_weimi.o [1]
slave_info              0x2001cb0c      0xc  Data  Gb  apptask.o [1]
speed_diff              0x2001cb30      0xc  Data  Gb  apptask.o [1]
speed_zhu               0x2001cca2      0x2  Data  Gb  page_weimi.o [1]
sprintf                 0x0803955d     0x34  Code  Gb  sprintf.o [3]
sscanf                  0x0803cf89     0x24  Code  Gb  sscanf.o [3]
st_clust                0x08037b3d     0x18  Code  Lc  ff.o [1]
stepmotor_guodu         0x2001cc18      0x4  Data  Gb  page_weimi.o [1]
strcat                  0x08039591     0x1c  Code  Gb  strcat.o [3]
strchr                  0x0803ef25           Code  Gb  strchr.o [5]
strlen                  0x08034c39           Code  Gb  strlen.o [5]
strstr                  0x08039b99     0x10  Code  Gb  para.o [1]
sum_sfn                 0x08037e11     0x20  Code  Lc  ff.o [1]
symbol                  0x2001cbdc      0x4  Data  Gb  apptask.o [1]
sync_fs                 0x080373f9     0xd8  Code  Lc  ff.o [1]
sync_window             0x0803735f     0x5a  Code  Lc  ff.o [1]
system_state_dis        0x080456cc    0x190  Data  Gb  product_cal.o [1]
tolower                 0x080432f5     0x14  Code  Gb  tolower.o [3]
total_meter_gross       0x2001cc24      0x4  Data  Gb  product_cal.o [1]
total_weight_gross      0x2001cc28      0x4  Data  Gb  product_cal.o [1]
ucHeap                  0x20000248   0xf000  Data  Lc  heap_4.o [1]
ucMaxSysCallPriority    0x2001ccc2      0x1  Data  Lc  port.o [1]
ulHighFrequencyTimerTicks
                        0x2001cc2c      0x4  Data  Gb  SysInfoTest.o [1]
ulMaxPRIGROUPValue      0x2001cc20      0x4  Data  Lc  port.o [1]
ulTaskSwitchedInTime    0x2001cc68      0x4  Data  Lc  tasks.o [1]
ulTotalRunTime          0x2001cc6c      0x4  Data  Lc  tasks.o [1]
uni2oem                 0x08000188  0x15484  Data  Lc  cc936.o [1]
usb_disk_flag           0x2001ccaf      0x1  Data  Gb  apptask.o [1]
usbh_OpenMassStorage    0x080367c1     0x14  Code  Gb  usbh_usr.o [1]
uxCriticalNesting       0x20000230      0x4  Data  Lc  port.o [1]
uxCurrentNumberOfTasks  0x2001cc40      0x4  Data  Lc  tasks.o [1]
uxListRemove            0x0803ad5d     0x28  Code  Gb  list.o [1]
uxPendedTicks           0x2001cc50      0x4  Data  Lc  tasks.o [1]
uxSchedulerSuspended    0x2001cc64      0x4  Data  Lc  tasks.o [1]
uxTaskNumber            0x2001cc5c      0x4  Data  Lc  tasks.o [1]
uxTaskResetEventItemValue
                        0x08033ef5     0x20  Code  Gb  tasks.o [1]
uxTasksDeleted          0x2001cc3c      0x4  Data  Lc  tasks.o [1]
uxTopReadyPriority      0x2001cc48      0x4  Data  Lc  tasks.o [1]
vListInitialise         0x0803aced     0x1e  Code  Gb  list.o [1]
vListInsert             0x0803ad23     0x3a  Code  Gb  list.o [1]
vListInsertEnd          0x0803ad0b     0x18  Code  Gb  list.o [1]
vPortEnableVFP          0x0803ec41           Code  Gb  portasm.o [1]
vPortEnterCritical      0x0803abbb     0x3a  Code  Gb  port.o [1]
vPortExitCritical       0x0803abf5     0x32  Code  Gb  port.o [1]
vPortFree               0x0803ae9d     0x78  Code  Gb  heap_4.o [1]
vPortSetupTimerInterrupt
                        0x0803ac53      0xe  Code  Wk  port.o [1]
vPortStartFirstTask     0x0803ec29           Code  Gb  portasm.o [1]
vPortValidateInterruptPriority
                        0x0803ac61     0x4e  Code  Gb  port.o [1]
vQueueWaitForMessageRestricted
                        0x08031641     0x44  Code  Gb  queue.o [1]
vTaskDelay              0x080334ed     0x84  Code  Gb  tasks.o [1]
vTaskDelayUntil         0x0803340d     0xe0  Code  Gb  tasks.o [1]
vTaskFreq               0x080301e9    0x4b8  Code  Lc  apptask.o [1]
vTaskManageCapacity     0x0802ee05    0x518  Code  Gb  apptask.o [1]
vTaskMassStorage        0x0802dbbd    0x5a8  Code  Lc  apptask.o [1]
vTaskMissedYield        0x08033c87      0xa  Code  Gb  tasks.o [1]
vTaskMotorControl       0x0802f3c9    0xdf0  Code  Lc  apptask.o [1]
vTaskMsgPro             0x0802e5d9    0x434  Code  Lc  apptask.o [1]
vTaskPlaceOnEventList   0x080338ed     0x74  Code  Gb  tasks.o [1]
vTaskPlaceOnEventListRestricted
                        0x08033a25     0x80  Code  Gb  tasks.o [1]
vTaskPlaceOnUnorderedEventList
                        0x0803397d     0xa8  Code  Gb  tasks.o [1]
vTaskReadDisk           0x0802eb41    0x26a  Code  Lc  apptask.o [1]
vTaskRev485             0x0802ea39     0xba  Code  Lc  apptask.o [1]
vTaskSetTimeOutState    0x08033bd1     0x26  Code  Gb  tasks.o [1]
vTaskStartScheduler     0x08033571     0x7e  Code  Gb  tasks.o [1]
vTaskSuspendAll         0x080335ef     0x10  Code  Gb  tasks.o [1]
vTaskSwitchContext      0x0803383d     0xb0  Code  Gb  tasks.o [1]
vTaskTaskLCD            0x0802aa91   0x30de  Code  Gb  apptask.o [1]
vTaskTaskLED            0x0802e17d     0x20  Code  Lc  apptask.o [1]
vTaskTaskRFID           0x0802e19d    0x3d6  Code  Lc  apptask.o [1]
valid_seg               0x2001cc1c      0x4  Data  Gb  page_weimi.o [1]
validate                0x08038bb7     0x36  Code  Lc  ff.o [1]
weimi_para              0x2001c2c8    0x12c  Data  Gb  page_weimi.o [1]
work_idle               0x2001ccc5      0x1  Data  Gb  product_cal.o [1]
work_idle_time          0x2001cca6      0x2  Data  Gb  product_cal.o [1]
xActiveTimerList1       0x2001ca94     0x14  Data  Lc  timers.o [1]
xActiveTimerList2       0x2001caa8     0x14  Data  Lc  timers.o [1]
xBlockAllocatedBit      0x2001cc14      0x4  Data  Lc  heap_4.o [1]
xDelayedTaskList1       0x2001ca30     0x14  Data  Lc  tasks.o [1]
xDelayedTaskList2       0x2001ca44     0x14  Data  Lc  tasks.o [1]
xEventGroupCreate       0x0803a391     0x1c  Code  Gb  event_groups.o [1]
xEventGroupSetBits      0x0803a4f9     0xd6  Code  Gb  event_groups.o [1]
xEventGroupWaitBits     0x0803a3ad    0x146  Code  Gb  event_groups.o [1]
xFreeBytesRemaining     0x2001cc0c      0x4  Data  Lc  heap_4.o [1]
xHandleTaskFreq         0x2001cba8      0x4  Data  Gb  apptask.o [1]
xHandleTaskLCD          0x2001cb84      0x4  Data  Gb  apptask.o [1]
xHandleTaskLED          0x2001cb88      0x4  Data  Gb  apptask.o [1]
xHandleTaskManageCapacity
                        0x2001cba0      0x4  Data  Gb  apptask.o [1]
xHandleTaskMassStorage  0x2001cb90      0x4  Data  Gb  apptask.o [1]
xHandleTaskMotorControl
                        0x2001cba4      0x4  Data  Gb  apptask.o [1]
xHandleTaskMsgPro       0x2001cb98      0x4  Data  Gb  apptask.o [1]
xHandleTaskRFID         0x2001cb8c      0x4  Data  Gb  apptask.o [1]
xHandleTaskReadDisk     0x2001cb94      0x4  Data  Gb  apptask.o [1]
xHandleTaskRev485       0x2001cb9c      0x4  Data  Gb  apptask.o [1]
xHeapStructSize         0x08046e60      0x4  Data  Lc  heap_4.o [1]
xMinimumEverFreeBytesRemaining
                        0x2001cc10      0x4  Data  Lc  heap_4.o [1]
xNextTaskUnblockTime    0x2001cc60      0x4  Data  Lc  tasks.o [1]
xNumOfOverflows         0x2001cc58      0x4  Data  Lc  tasks.o [1]
xPendingReadyList       0x2001ca58     0x14  Data  Lc  tasks.o [1]
xPortStartScheduler     0x0803aaef     0xcc  Code  Gb  port.o [1]
xQueueGenericCreate     0x08030f4d     0x7e  Code  Gb  queue.o [1]
xQueueGenericReceive    0x08031341    0x19c  Code  Gb  queue.o [1]
xQueueGenericReset      0x08030ebd     0x90  Code  Gb  queue.o [1]
xQueueGenericSend       0x08030fcb    0x1b2  Code  Gb  queue.o [1]
xQueueGenericSendFromISR
                        0x0803117d     0xec  Code  Gb  queue.o [1]
xQueueGiveFromISR       0x08031269     0xd8  Code  Gb  queue.o [1]
xQueue_MQTT_Recv        0x2001cbcc      0x4  Data  Gb  apptask.o [1]
xQueue_MQTT_Transmit    0x2001cbd0      0x4  Data  Gb  apptask.o [1]
xQueue_esp8266_Cmd      0x2001cbd4      0x4  Data  Gb  apptask.o [1]
xQueue_message          0x2001cbd8      0x4  Data  Gb  apptask.o [1]
xSchedulerRunning       0x2001cc4c      0x4  Data  Lc  tasks.o [1]
xSemaphore_download     0x2001cbbc      0x4  Data  Gb  apptask.o [1]
xSemaphore_encoder      0x2001cbb8      0x4  Data  Gb  apptask.o [1]
xSemaphore_lcd          0x2001cbac      0x4  Data  Gb  apptask.o [1]
xSemaphore_pluse        0x2001cbb4      0x4  Data  Gb  apptask.o [1]
xSemaphore_readDisk     0x2001cbc0      0x4  Data  Gb  apptask.o [1]
xSemaphore_rs485        0x2001cbb0      0x4  Data  Gb  apptask.o [1]
xStart                  0x2001cb6c      0x8  Data  Lc  heap_4.o [1]
xSuspendedTaskList      0x2001ca80     0x14  Data  Lc  tasks.o [1]
xTaskCheckForTimeOut    0x08033bfd     0x8a  Code  Gb  tasks.o [1]
xTaskGenericCreate      0x08033289    0x184  Code  Gb  tasks.o [1]
xTaskGetSchedulerState  0x08033ebb     0x26  Code  Gb  tasks.o [1]
xTaskGetTickCount       0x080336ff      0xa  Code  Gb  tasks.o [1]
xTaskIncrementTick      0x08033709    0x134  Code  Gb  tasks.o [1]
xTaskRemoveFromEventList
                        0x08033aa9     0x8e  Code  Gb  tasks.o [1]
xTaskRemoveFromUnorderedEventList
                        0x08033b3d     0x94  Code  Gb  tasks.o [1]
xTaskResumeAll          0x080335ff    0x100  Code  Gb  tasks.o [1]
xTasksWaitingTermination
                        0x2001ca6c     0x14  Data  Lc  tasks.o [1]
xTickCount              0x2001cc44      0x4  Data  Lc  tasks.o [1]
xTimerCreate            0x0803a645     0x62  Code  Gb  timers.o [1]
xTimerCreateTimerTask   0x0803a5f5     0x50  Code  Gb  timers.o [1]
xTimerGenericCommand    0x0803a6a7     0x84  Code  Gb  timers.o [1]
xTimerQueue             0x2001cc78      0x4  Data  Lc  timers.o [1]
xTimerUser              0x2001cbc8      0x4  Data  Gb  apptask.o [1]
xYieldPending           0x2001cc54      0x4  Data  Lc  tasks.o [1]


[1] = E:\WORK\YarnControl_Driver\YarnControl_Driver\src\stm32f4_rtos\Project\EWARMv7\Flash\Obj
[2] = command line
[3] = dl7M_tlf.a
[4] = m7M_tls.a
[5] = rt7M_tl.a
[6] = shb_l.a

  108 370 bytes of readonly  code memory
  182 603 bytes of readonly  data memory
  120 014 bytes of readwrite data memory (+ 1 044 480 absolute)

Errors: none
Warnings: none
