###############################################################################
#
# IAR ELF Linker V7.40.7.9843/W32 for ARM                 30/Apr/2019  22:34:08
# Copyright 2007-2015 IAR Systems AB.
#
#    Output file  =  
#        E:\WORK\YarnControl_Driver\YarnControl_Driver\src\stm32f4_rtos\Project\EWARMv7\Flash\Exe\project.out
#    Map file     =  
#        E:\WORK\YarnControl_Driver\YarnControl_Driver\src\stm32f4_rtos\Project\EWARMv7\Flash\List\project.map
#    Command line =  
#        E:\WORK\YarnControl_Driver\YarnControl_Driver\src\stm32f4_rtos\Project\EWARMv7\Flash\Obj\apptask.o
#        E:\WORK\YarnControl_Driver\YarnControl_Driver\src\stm32f4_rtos\Project\EWARMv7\Flash\Obj\bkp_pwr.o
#        E:\WORK\YarnControl_Driver\YarnControl_Driver\src\stm32f4_rtos\Project\EWARMv7\Flash\Obj\bsp.o
#        E:\WORK\YarnControl_Driver\YarnControl_Driver\src\stm32f4_rtos\Project\EWARMv7\Flash\Obj\bsp_adc.o
#        E:\WORK\YarnControl_Driver\YarnControl_Driver\src\stm32f4_rtos\Project\EWARMv7\Flash\Obj\bsp_closeSW.o
#        E:\WORK\YarnControl_Driver\YarnControl_Driver\src\stm32f4_rtos\Project\EWARMv7\Flash\Obj\bsp_dac.o
#        E:\WORK\YarnControl_Driver\YarnControl_Driver\src\stm32f4_rtos\Project\EWARMv7\Flash\Obj\bsp_dwt.o
#        E:\WORK\YarnControl_Driver\YarnControl_Driver\src\stm32f4_rtos\Project\EWARMv7\Flash\Obj\bsp_led.o
#        E:\WORK\YarnControl_Driver\YarnControl_Driver\src\stm32f4_rtos\Project\EWARMv7\Flash\Obj\bsp_relay.o
#        E:\WORK\YarnControl_Driver\YarnControl_Driver\src\stm32f4_rtos\Project\EWARMv7\Flash\Obj\bsp_sdio_sd.o
#        E:\WORK\YarnControl_Driver\YarnControl_Driver\src\stm32f4_rtos\Project\EWARMv7\Flash\Obj\bsp_sdwe050c17.o
#        E:\WORK\YarnControl_Driver\YarnControl_Driver\src\stm32f4_rtos\Project\EWARMv7\Flash\Obj\bsp_servomotor.o
#        E:\WORK\YarnControl_Driver\YarnControl_Driver\src\stm32f4_rtos\Project\EWARMv7\Flash\Obj\bsp_spi.o
#        E:\WORK\YarnControl_Driver\YarnControl_Driver\src\stm32f4_rtos\Project\EWARMv7\Flash\Obj\bsp_stepmotor.o
#        E:\WORK\YarnControl_Driver\YarnControl_Driver\src\stm32f4_rtos\Project\EWARMv7\Flash\Obj\bsp_sw_onoff.o
#        E:\WORK\YarnControl_Driver\YarnControl_Driver\src\stm32f4_rtos\Project\EWARMv7\Flash\Obj\bsp_tim_pwm.o
#        E:\WORK\YarnControl_Driver\YarnControl_Driver\src\stm32f4_rtos\Project\EWARMv7\Flash\Obj\bsp_timer.o
#        E:\WORK\YarnControl_Driver\YarnControl_Driver\src\stm32f4_rtos\Project\EWARMv7\Flash\Obj\bsp_uart_fifo.o
#        E:\WORK\YarnControl_Driver\YarnControl_Driver\src\stm32f4_rtos\Project\EWARMv7\Flash\Obj\bsp_w25qxx.o
#        E:\WORK\YarnControl_Driver\YarnControl_Driver\src\stm32f4_rtos\Project\EWARMv7\Flash\Obj\bsp_watchdog.o
#        E:\WORK\YarnControl_Driver\YarnControl_Driver\src\stm32f4_rtos\Project\EWARMv7\Flash\Obj\cc936.o
#        E:\WORK\YarnControl_Driver\YarnControl_Driver\src\stm32f4_rtos\Project\EWARMv7\Flash\Obj\cJSON.o
#        E:\WORK\YarnControl_Driver\YarnControl_Driver\src\stm32f4_rtos\Project\EWARMv7\Flash\Obj\croutine.o
#        E:\WORK\YarnControl_Driver\YarnControl_Driver\src\stm32f4_rtos\Project\EWARMv7\Flash\Obj\demo_fatfs.o
#        E:\WORK\YarnControl_Driver\YarnControl_Driver\src\stm32f4_rtos\Project\EWARMv7\Flash\Obj\des.o
#        E:\WORK\YarnControl_Driver\YarnControl_Driver\src\stm32f4_rtos\Project\EWARMv7\Flash\Obj\diskio.o
#        E:\WORK\YarnControl_Driver\YarnControl_Driver\src\stm32f4_rtos\Project\EWARMv7\Flash\Obj\encoder_tim.o
#        E:\WORK\YarnControl_Driver\YarnControl_Driver\src\stm32f4_rtos\Project\EWARMv7\Flash\Obj\esp8266_handler.o
#        E:\WORK\YarnControl_Driver\YarnControl_Driver\src\stm32f4_rtos\Project\EWARMv7\Flash\Obj\esp8266_init.o
#        E:\WORK\YarnControl_Driver\YarnControl_Driver\src\stm32f4_rtos\Project\EWARMv7\Flash\Obj\event_groups.o
#        E:\WORK\YarnControl_Driver\YarnControl_Driver\src\stm32f4_rtos\Project\EWARMv7\Flash\Obj\ff.o
#        E:\WORK\YarnControl_Driver\YarnControl_Driver\src\stm32f4_rtos\Project\EWARMv7\Flash\Obj\heap_4.o
#        E:\WORK\YarnControl_Driver\YarnControl_Driver\src\stm32f4_rtos\Project\EWARMv7\Flash\Obj\iic_smec98sp.o
#        E:\WORK\YarnControl_Driver\YarnControl_Driver\src\stm32f4_rtos\Project\EWARMv7\Flash\Obj\list.o
#        E:\WORK\YarnControl_Driver\YarnControl_Driver\src\stm32f4_rtos\Project\EWARMv7\Flash\Obj\main.o
#        E:\WORK\YarnControl_Driver\YarnControl_Driver\src\stm32f4_rtos\Project\EWARMv7\Flash\Obj\malloc.o
#        E:\WORK\YarnControl_Driver\YarnControl_Driver\src\stm32f4_rtos\Project\EWARMv7\Flash\Obj\mcheck.o
#        E:\WORK\YarnControl_Driver\YarnControl_Driver\src\stm32f4_rtos\Project\EWARMv7\Flash\Obj\misc.o
#        E:\WORK\YarnControl_Driver\YarnControl_Driver\src\stm32f4_rtos\Project\EWARMv7\Flash\Obj\modbus.o
#        E:\WORK\YarnControl_Driver\YarnControl_Driver\src\stm32f4_rtos\Project\EWARMv7\Flash\Obj\MQTTConnectClient.o
#        E:\WORK\YarnControl_Driver\YarnControl_Driver\src\stm32f4_rtos\Project\EWARMv7\Flash\Obj\MQTTConnectServer.o
#        E:\WORK\YarnControl_Driver\YarnControl_Driver\src\stm32f4_rtos\Project\EWARMv7\Flash\Obj\MQTTDeserializePublish.o
#        E:\WORK\YarnControl_Driver\YarnControl_Driver\src\stm32f4_rtos\Project\EWARMv7\Flash\Obj\MQTTFormat.o
#        E:\WORK\YarnControl_Driver\YarnControl_Driver\src\stm32f4_rtos\Project\EWARMv7\Flash\Obj\MQTTPacket.o
#        E:\WORK\YarnControl_Driver\YarnControl_Driver\src\stm32f4_rtos\Project\EWARMv7\Flash\Obj\MQTTSerializePublish.o
#        E:\WORK\YarnControl_Driver\YarnControl_Driver\src\stm32f4_rtos\Project\EWARMv7\Flash\Obj\MQTTSubscribeClient.o
#        E:\WORK\YarnControl_Driver\YarnControl_Driver\src\stm32f4_rtos\Project\EWARMv7\Flash\Obj\MQTTSubscribeServer.o
#        E:\WORK\YarnControl_Driver\YarnControl_Driver\src\stm32f4_rtos\Project\EWARMv7\Flash\Obj\MQTTUnsubscribeClient.o
#        E:\WORK\YarnControl_Driver\YarnControl_Driver\src\stm32f4_rtos\Project\EWARMv7\Flash\Obj\MQTTUnsubscribeServer.o
#        E:\WORK\YarnControl_Driver\YarnControl_Driver\src\stm32f4_rtos\Project\EWARMv7\Flash\Obj\page_weimi.o
#        E:\WORK\YarnControl_Driver\YarnControl_Driver\src\stm32f4_rtos\Project\EWARMv7\Flash\Obj\para.o
#        E:\WORK\YarnControl_Driver\YarnControl_Driver\src\stm32f4_rtos\Project\EWARMv7\Flash\Obj\port.o
#        E:\WORK\YarnControl_Driver\YarnControl_Driver\src\stm32f4_rtos\Project\EWARMv7\Flash\Obj\portasm.o
#        E:\WORK\YarnControl_Driver\YarnControl_Driver\src\stm32f4_rtos\Project\EWARMv7\Flash\Obj\product_cal.o
#        E:\WORK\YarnControl_Driver\YarnControl_Driver\src\stm32f4_rtos\Project\EWARMv7\Flash\Obj\protocol.o
#        E:\WORK\YarnControl_Driver\YarnControl_Driver\src\stm32f4_rtos\Project\EWARMv7\Flash\Obj\pub0sub1.o
#        E:\WORK\YarnControl_Driver\YarnControl_Driver\src\stm32f4_rtos\Project\EWARMv7\Flash\Obj\queue.o
#        E:\WORK\YarnControl_Driver\YarnControl_Driver\src\stm32f4_rtos\Project\EWARMv7\Flash\Obj\rc522.o
#        E:\WORK\YarnControl_Driver\YarnControl_Driver\src\stm32f4_rtos\Project\EWARMv7\Flash\Obj\sha1.o
#        E:\WORK\YarnControl_Driver\YarnControl_Driver\src\stm32f4_rtos\Project\EWARMv7\Flash\Obj\smec98sp.o
#        E:\WORK\YarnControl_Driver\YarnControl_Driver\src\stm32f4_rtos\Project\EWARMv7\Flash\Obj\startup_stm32f40_41xxx.o
#        E:\WORK\YarnControl_Driver\YarnControl_Driver\src\stm32f4_rtos\Project\EWARMv7\Flash\Obj\stm32f4xx_adc.o
#        E:\WORK\YarnControl_Driver\YarnControl_Driver\src\stm32f4_rtos\Project\EWARMv7\Flash\Obj\stm32f4xx_assert.o
#        E:\WORK\YarnControl_Driver\YarnControl_Driver\src\stm32f4_rtos\Project\EWARMv7\Flash\Obj\stm32f4xx_can.o
#        E:\WORK\YarnControl_Driver\YarnControl_Driver\src\stm32f4_rtos\Project\EWARMv7\Flash\Obj\stm32f4xx_crc.o
#        E:\WORK\YarnControl_Driver\YarnControl_Driver\src\stm32f4_rtos\Project\EWARMv7\Flash\Obj\stm32f4xx_cryp.o
#        E:\WORK\YarnControl_Driver\YarnControl_Driver\src\stm32f4_rtos\Project\EWARMv7\Flash\Obj\stm32f4xx_cryp_aes.o
#        E:\WORK\YarnControl_Driver\YarnControl_Driver\src\stm32f4_rtos\Project\EWARMv7\Flash\Obj\stm32f4xx_cryp_des.o
#        E:\WORK\YarnControl_Driver\YarnControl_Driver\src\stm32f4_rtos\Project\EWARMv7\Flash\Obj\stm32f4xx_cryp_tdes.o
#        E:\WORK\YarnControl_Driver\YarnControl_Driver\src\stm32f4_rtos\Project\EWARMv7\Flash\Obj\stm32f4xx_dac.o
#        E:\WORK\YarnControl_Driver\YarnControl_Driver\src\stm32f4_rtos\Project\EWARMv7\Flash\Obj\stm32f4xx_dbgmcu.o
#        E:\WORK\YarnControl_Driver\YarnControl_Driver\src\stm32f4_rtos\Project\EWARMv7\Flash\Obj\stm32f4xx_dcmi.o
#        E:\WORK\YarnControl_Driver\YarnControl_Driver\src\stm32f4_rtos\Project\EWARMv7\Flash\Obj\stm32f4xx_dma.o
#        E:\WORK\YarnControl_Driver\YarnControl_Driver\src\stm32f4_rtos\Project\EWARMv7\Flash\Obj\stm32f4xx_dma2d.o
#        E:\WORK\YarnControl_Driver\YarnControl_Driver\src\stm32f4_rtos\Project\EWARMv7\Flash\Obj\stm32f4xx_exti.o
#        E:\WORK\YarnControl_Driver\YarnControl_Driver\src\stm32f4_rtos\Project\EWARMv7\Flash\Obj\stm32f4xx_flash.o
#        E:\WORK\YarnControl_Driver\YarnControl_Driver\src\stm32f4_rtos\Project\EWARMv7\Flash\Obj\stm32f4xx_fsmc.o
#        E:\WORK\YarnControl_Driver\YarnControl_Driver\src\stm32f4_rtos\Project\EWARMv7\Flash\Obj\stm32f4xx_gpio.o
#        E:\WORK\YarnControl_Driver\YarnControl_Driver\src\stm32f4_rtos\Project\EWARMv7\Flash\Obj\stm32f4xx_hash.o
#        E:\WORK\YarnControl_Driver\YarnControl_Driver\src\stm32f4_rtos\Project\EWARMv7\Flash\Obj\stm32f4xx_hash_md5.o
#        E:\WORK\YarnControl_Driver\YarnControl_Driver\src\stm32f4_rtos\Project\EWARMv7\Flash\Obj\stm32f4xx_hash_sha1.o
#        E:\WORK\YarnControl_Driver\YarnControl_Driver\src\stm32f4_rtos\Project\EWARMv7\Flash\Obj\stm32f4xx_i2c.o
#        E:\WORK\YarnControl_Driver\YarnControl_Driver\src\stm32f4_rtos\Project\EWARMv7\Flash\Obj\stm32f4xx_it.o
#        E:\WORK\YarnControl_Driver\YarnControl_Driver\src\stm32f4_rtos\Project\EWARMv7\Flash\Obj\stm32f4xx_iwdg.o
#        E:\WORK\YarnControl_Driver\YarnControl_Driver\src\stm32f4_rtos\Project\EWARMv7\Flash\Obj\stm32f4xx_ltdc.o
#        E:\WORK\YarnControl_Driver\YarnControl_Driver\src\stm32f4_rtos\Project\EWARMv7\Flash\Obj\stm32f4xx_pwr.o
#        E:\WORK\YarnControl_Driver\YarnControl_Driver\src\stm32f4_rtos\Project\EWARMv7\Flash\Obj\stm32f4xx_rcc.o
#        E:\WORK\YarnControl_Driver\YarnControl_Driver\src\stm32f4_rtos\Project\EWARMv7\Flash\Obj\stm32f4xx_rng.o
#        E:\WORK\YarnControl_Driver\YarnControl_Driver\src\stm32f4_rtos\Project\EWARMv7\Flash\Obj\stm32f4xx_rtc.o
#        E:\WORK\YarnControl_Driver\YarnControl_Driver\src\stm32f4_rtos\Project\EWARMv7\Flash\Obj\stm32f4xx_sai.o
#        E:\WORK\YarnControl_Driver\YarnControl_Driver\src\stm32f4_rtos\Project\EWARMv7\Flash\Obj\stm32f4xx_sdio.o
#        E:\WORK\YarnControl_Driver\YarnControl_Driver\src\stm32f4_rtos\Project\EWARMv7\Flash\Obj\stm32f4xx_spi.o
#        E:\WORK\YarnControl_Driver\YarnControl_Driver\src\stm32f4_rtos\Project\EWARMv7\Flash\Obj\stm32f4xx_syscfg.o
#        E:\WORK\YarnControl_Driver\YarnControl_Driver\src\stm32f4_rtos\Project\EWARMv7\Flash\Obj\stm32f4xx_tim.o
#        E:\WORK\YarnControl_Driver\YarnControl_Driver\src\stm32f4_rtos\Project\EWARMv7\Flash\Obj\stm32f4xx_usart.o
#        E:\WORK\YarnControl_Driver\YarnControl_Driver\src\stm32f4_rtos\Project\EWARMv7\Flash\Obj\stm32f4xx_wwdg.o
#        E:\WORK\YarnControl_Driver\YarnControl_Driver\src\stm32f4_rtos\Project\EWARMv7\Flash\Obj\SysInfoTest.o
#        E:\WORK\YarnControl_Driver\YarnControl_Driver\src\stm32f4_rtos\Project\EWARMv7\Flash\Obj\system_stm32f4xx.o
#        E:\WORK\YarnControl_Driver\YarnControl_Driver\src\stm32f4_rtos\Project\EWARMv7\Flash\Obj\tasks.o
#        E:\WORK\YarnControl_Driver\YarnControl_Driver\src\stm32f4_rtos\Project\EWARMv7\Flash\Obj\timer_platform.o
#        E:\WORK\YarnControl_Driver\YarnControl_Driver\src\stm32f4_rtos\Project\EWARMv7\Flash\Obj\timers.o
#        E:\WORK\YarnControl_Driver\YarnControl_Driver\src\stm32f4_rtos\Project\EWARMv7\Flash\Obj\transport.o
#        E:\WORK\YarnControl_Driver\YarnControl_Driver\src\stm32f4_rtos\Project\EWARMv7\Flash\Obj\usb_bsp.o
#        E:\WORK\YarnControl_Driver\YarnControl_Driver\src\stm32f4_rtos\Project\EWARMv7\Flash\Obj\usb_core.o
#        E:\WORK\YarnControl_Driver\YarnControl_Driver\src\stm32f4_rtos\Project\EWARMv7\Flash\Obj\usb_hcd.o
#        E:\WORK\YarnControl_Driver\YarnControl_Driver\src\stm32f4_rtos\Project\EWARMv7\Flash\Obj\usb_hcd_int.o
#        E:\WORK\YarnControl_Driver\YarnControl_Driver\src\stm32f4_rtos\Project\EWARMv7\Flash\Obj\usbh_core.o
#        E:\WORK\YarnControl_Driver\YarnControl_Driver\src\stm32f4_rtos\Project\EWARMv7\Flash\Obj\usbh_hcs.o
#        E:\WORK\YarnControl_Driver\YarnControl_Driver\src\stm32f4_rtos\Project\EWARMv7\Flash\Obj\usbh_ioreq.o
#        E:\WORK\YarnControl_Driver\YarnControl_Driver\src\stm32f4_rtos\Project\EWARMv7\Flash\Obj\usbh_it.o
#        E:\WORK\YarnControl_Driver\YarnControl_Driver\src\stm32f4_rtos\Project\EWARMv7\Flash\Obj\usbh_msc_bot.o
#        E:\WORK\YarnControl_Driver\YarnControl_Driver\src\stm32f4_rtos\Project\EWARMv7\Flash\Obj\usbh_msc_core.o
#        E:\WORK\YarnControl_Driver\YarnControl_Driver\src\stm32f4_rtos\Project\EWARMv7\Flash\Obj\usbh_msc_scsi.o
#        E:\WORK\YarnControl_Driver\YarnControl_Driver\src\stm32f4_rtos\Project\EWARMv7\Flash\Obj\usbh_stdreq.o
#        E:\WORK\YarnControl_Driver\YarnControl_Driver\src\stm32f4_rtos\Project\EWARMv7\Flash\Obj\usbh_usr.o
#        -o
#        E:\WORK\YarnControl_Driver\YarnControl_Driver\src\stm32f4_rtos\Project\EWARMv7\Flash\Exe\project.out
#        --map
#        E:\WORK\YarnControl_Driver\YarnControl_Driver\src\stm32f4_rtos\Project\EWARMv7\Flash\List\project.map
#        --config
#        E:\WORK\YarnControl_Driver\YarnControl_Driver\src\stm32f4_rtos\Project\EWARMv7\stm32f4xx_flash.icf
#        --semihosting --entry __iar_program_start --inline --vfe
#
###############################################################################

*******************************************************************************
*** RUNTIME MODEL ATTRIBUTES
***

CppFlavor                     = *
__Heap_Handler                = DLMalloc
__SystemLibrary               = DLib
__dlib_dynamic_initialization = normal


*******************************************************************************
*** PLACEMENT SUMMARY
***

"A1":  place at 0x08000000 { ro section .intvec };
"P1":  place in [from 0x08000000 to 0x080fffff] { ro };
"P2":  place in [from 0x20000000 to 0x2001ffff] { rw, block CSTACK, block HEAP };

  Section             Kind        Address     Size  Object
  -------             ----        -------     ----  ------
"A1":                                        0x188
  .intvec             ro code  0x08000000    0x188  startup_stm32f40_41xxx.o [1]
                             - 0x08000188    0x188

"P1":                                      0x4b1da
  .rodata             const    0x08000188  0x15484  cc936.o [1]
  .rodata             const    0x0801560c  0x15484  cc936.o [1]
  .text               ro code  0x0802aa90   0x7380  apptask.o [1]
  .text               ro code  0x08031e10   0x1548  bsp_sdwe050c17.o [1]
  .text               ro code  0x08033358    0x7c8  queue.o [1]
  .text               ro code  0x08033b20    0x6c0  product_cal.o [1]
  .text               ro code  0x080341e0     0x66  ABImemset.o [5]
  .text               ro code  0x08034246     0x1e  xsscin.o [3]
  .text               ro code  0x08034264    0xce0  tasks.o [1]
  .text               ro code  0x08034f44    0x380  bsp_w25qxx.o [1]
  .text               ro code  0x080352c4   0x1536  para.o [1]
  .text               ro code  0x080367fa     0x1a  xsnprout.o [3]
  .text               ro code  0x08036814     0x4e  FltToDbl.o [4]
  .text               ro code  0x08036862      0xa  xsprout.o [3]
  .text               ro code  0x0803686c     0x24  printf.o [3]
  .text               ro code  0x08036890     0x76  ABImemcpy_unaligned.o [5]
  .text               ro code  0x08036908     0x42  strcmp_unaligned.o [5]
  .text               ro code  0x0803694c    0x21c  malloc.o [1]
  .text               ro code  0x08036b68     0x30  I32ToDbl.o [4]
  .text               ro code  0x08036b98    0x256  DblDiv.o [4]
  .text               ro code  0x08036df0     0xe8  DblAdd.o [4]
  .text               ro code  0x08036ed8    0x1a2  DblMul.o [4]
  .text               ro code  0x0803707c     0x58  DblToI32.o [4]
  .text               ro code  0x080370d4     0x90  DblToFlt.o [4]
  .text               ro code  0x08037164     0x36  strlen.o [5]
  .text               ro code  0x0803719c    0x12c  stm32f4xx_gpio.o [1]
  .text               ro code  0x080372c8     0x62  memcmp_unaligned.o [5]
  .text               ro code  0x0803732c     0xc8  bsp_dac.o [1]
  .text               ro code  0x080373f4     0x3c  stm32f4xx_rtc.o [1]
  .text               ro code  0x08037430    0x4f8  page_weimi.o [1]
  .text               ro code  0x08037928    0x280  bsp_servomotor.o [1]
  .text               ro code  0x08037ba8    0x188  bkp_pwr.o [1]
  .text               ro code  0x08037d30    0x1a2  usbh_usr.o [1]
  .text               ro code  0x08037ed4    0x760  usbh_core.o [1]
  .text               ro code  0x08038634   0x2498  ff.o [1]
  .text               ro code  0x0803aacc     0x34  sprintf.o [3]
  .text               ro code  0x0803ab00     0x1c  strcat.o [3]
  .text               ro code  0x0803ab1c     0xc0  bsp_led.o [1]
  .text               ro code  0x0803abdc     0xee  rc522.o [1]
  .text               ro code  0x0803accc    0x354  modbus.o [1]
  .text               ro code  0x0803b020     0x80  protocol.o [1]
  .text               ro code  0x0803b0a0     0x10  para.o [1]
  .text               ro code  0x0803b0b0     0xdc  bsp_closeSW.o [1]
  .text               ro code  0x0803b18c    0x180  DblSub.o [4]
  .text               ro code  0x0803b30c    0x4f4  bsp_stepmotor.o [1]
  .text               ro code  0x0803b800    0x2a8  encoder_tim.o [1]
  .text               ro code  0x0803baa8     0x7c  esp8266_init.o [1]
  .text               ro code  0x0803bb24    0x414  esp8266_handler.o [1]
  .text               ro code  0x0803bf38    0x434  pub0sub1.o [1]
  .text               ro code  0x0803c36c    0x262  event_groups.o [1]
  .text               ro code  0x0803c5d0    0x4a4  timers.o [1]
  .text               ro code  0x0803ca74      0x8  bsp_watchdog.o [1]
  .text               ro code  0x0803ca7c    0x1e8  stm32f4xx_rcc.o [1]
  .text               ro code  0x0803cc64     0x74  bsp_dwt.o [1]
  .text               ro code  0x0803ccd8    0xaa4  bsp_uart_fifo.o [1]
  .text               ro code  0x0803d77c    0x204  bsp_timer.o [1]
  .text               ro code  0x0803d980    0x24c  port.o [1]
  .text               ro code  0x0803dbcc     0x98  list.o [1]
  .text               ro code  0x0803dc64    0x280  heap_4.o [1]
  .text               ro code  0x0803dee4    0x124  bsp_spi.o [1]
  .text               ro code  0x0803e008     0x44  strcpy_unaligned.o [5]
  .text               ro code  0x0803e04c     0x24  sscanf.o [3]
  .text               ro code  0x0803e070    0xd96  xprintffull_nomb.o [3]
  .text               ro code  0x0803ee08     0x7c  stm32f4xx_dac.o [1]
  .text               ro code  0x0803ee84    0x6f6  stm32f4xx_tim.o [1]
  .text               ro code  0x0803f57c    0x31c  stm32f4xx_dma.o [1]
  .text               ro code  0x0803f898      0xc  stm32f4xx_pwr.o [1]
  .text               ro code  0x0803f8a4    0x14c  usb_bsp.o [1]
  .text               ro code  0x0803f9f0     0xd6  usb_hcd.o [1]
  .text               ro code  0x0803fac6    0x1ba  usbh_hcs.o [1]
  .text               ro code  0x0803fc80    0x436  usbh_stdreq.o [1]
  .text               ro code  0x080400b6    0x246  usbh_ioreq.o [1]
  .text               ro code  0x080402fc    0x2e4  diskio.o [1]
  .text               ro code  0x080405e0     0xf4  cc936.o [1]
  .text               ro code  0x080406d4     0xb8  mcheck.o [1]
  .text               ro code  0x0804078c     0x2c  strstr.o [3]
  .text               ro code  0x080407b8     0x54  stm32f4xx_syscfg.o [1]
  .text               ro code  0x0804080c     0xc0  stm32f4xx_exti.o [1]
  .text               ro code  0x080408cc     0x88  misc.o [1]
  .text               ro code  0x08040954    0x132  I64DivMod.o [5]
  .text               ro code  0x08040a88      0x6  ABImemclr4.o [5]
  .text               ro code  0x08040a90     0x44  snprintf.o [3]
  .text               ro code  0x08040ad4    0x306  MQTTConnectClient.o [1]
  .text               ro code  0x08040ddc     0x6c  transport.o [1]
  .text               ro code  0x08040e48    0x290  MQTTPacket.o [1]
  .text               ro code  0x080410d8     0x40  timer_platform.o [1]
  .text               ro code  0x08041118    0x190  MQTTSubscribeClient.o [1]
  .text               ro code  0x080412a8     0xbc  MQTTDeserializePublish.o [1]
  .text               ro code  0x08041364     0xec  MQTTSerializePublish.o [1]
  .text               ro code  0x08041450     0x10  stm32f4xx_iwdg.o [1]
  .text               ro code  0x08041460    0x254  stm32f4xx_usart.o [1]
  CODE                ro code  0x080416b4     0xa8  portasm.o [1]
  .text               ro code  0x0804175c     0x74  stm32f4xx_spi.o [1]
  .text               ro code  0x080417d0    0xb64  xscanffull_nomb.o [3]
  .text               ro code  0x08042334     0x16  strchr.o [5]
  .text               ro code  0x0804234c     0x58  memchr.o [5]
  .text               ro code  0x080423a4     0x42  xdnorm.o [4]
  .text               ro code  0x080423e8     0x2e  DblCmpLe.o [4]
  .text               ro code  0x08042418     0x2e  DblCmpGe.o [4]
  .text               ro code  0x08042448    0x114  xdscale.o [4]
  .text               ro code  0x0804255c     0x6c  localeconv.o [3]
  .text               ro code  0x080425c8      0xe  div.o [3]
  .text               ro code  0x080425d8    0xa50  usb_core.o [1]
  .text               ro code  0x08043028   0x1a58  bsp_sdio_sd.o [1]
  .text               ro code  0x08044a80    0x618  usbh_msc_scsi.o [1]
  .text               ro code  0x08045098    0x554  usbh_msc_bot.o [1]
  .text               ro code  0x080455ec      0x2  I64DivZer.o [5]
  .text               ro code  0x080455f0     0x32  ABImemset48.o [5]
  .text               ro code  0x08045622     0x28  isxxx.o [3]
  .text               ro code  0x0804564a     0xa4  xstoll.o [3]
  .text               ro code  0x080456f0    0x1b0  xstoull.o [3]
  .text               ro code  0x080458a0    0x168  xstold.o [4]
  .text               ro code  0x08045a08    0x17c  stm32f4xx_sdio.o [1]
  .text               ro code  0x08045b84     0x18  setlocale.o [3]
  .text               ro code  0x08045b9c     0x16  xlocale_c.o [3]
  .text               ro code  0x08045bb2     0x14  xlocale_c.o [3]
  .text               ro code  0x08045bc8      0xc  errno.o [3]
  .text               ro code  0x08045bd4     0x14  tolower.o [3]
  .text               ro code  0x08045be8    0x124  xstopfx.o [3]
  .text               ro code  0x08045d0c    0x1b8  xstoflt.o [3]
  .rodata             const    0x08045ec4     0x34  apptask.o [1]
  .text               ro code  0x08045ef8    0x200  xdtento.o [4]
  .text               ro code  0x080460f8    0x218  xstoxflt.o [3]
  .text               ro code  0x08046310      0x2  xtls.o [3]
  .text               ro code  0x08046312      0xc  xlocale_c.o [3]
  .text               ro code  0x08046320     0x20  DblCmpEq.o [4]
  .text               ro code  0x08046340     0x52  xdunscal.o [4]
  .text               ro code  0x08046394    0xc7e  usb_hcd_int.o [1]
  .text               ro code  0x08047014    0x4fa  des.o [1]
  .text               ro code  0x08047510    0x4ae  smec98sp.o [1]
  .text               ro code  0x080479c0    0x1b6  stm32f4xx_adc.o [1]
  .text               ro code  0x08047b78    0x38e  iic_smec98sp.o [1]
  .text               ro code  0x08047f08     0x20  srand.o [3]
  .text               ro code  0x08047f28     0xe0  rand.o [3]
  .rodata             const    0x08048008    0x400  apptask.o [1]
  .text               ro code  0x08048408    0x3e8  usbh_msc_core.o [1]
  .rodata             const    0x080487f0    0x3dc  cc936.o [1]
  .rodata             const    0x08048bcc    0x3dc  cc936.o [1]
  .rodata             const    0x08048fa8    0x200  des.o [1]
  .rodata             const    0x080491a8    0x190  product_cal.o [1]
  .text               ro code  0x08049338    0x154  system_stm32f4xx.o [1]
  .rodata             const    0x0804948c    0x100  mcheck.o [1]
  .rodata             const    0x0804958c    0x100  mcheck.o [1]
  .rodata             const    0x0804968c    0x100  mcheck.o [1]
  .text               ro code  0x0804978c     0xd0  packbits_init.o [5]
  .text               ro code  0x0804985c      0x6  abort.o [3]
  .text               ro code  0x08049864     0x14  exit.o [6]
  .rodata             const    0x08049878     0x58  pub0sub1.o [1]
  .text               ro code  0x080498d0     0x58  bsp.o [1]
  .text               ro code  0x08049928     0x44  bsp_relay.o [1]
  .text               ro code  0x0804996c     0x44  bsp_sw_onoff.o [1]
  .rodata             const    0x080499b0     0x40  des.o [1]
  .rodata             const    0x080499f0     0x40  des.o [1]
  .text               ro code  0x08049a30     0x40  zero_init3.o [5]
  .rodata             const    0x08049a70     0x38  demo_fatfs.o [1]
  .rodata             const    0x08049aa8     0x38  des.o [1]
  .text               ro code  0x08049ae0     0x38  stm32f4xx_it.o [1]
  .rodata             const    0x08049b18     0x30  apptask.o [1]
  .rodata             const    0x08049b48     0x30  demo_fatfs.o [1]
  .rodata             const    0x08049b78     0x30  demo_fatfs.o [1]
  .rodata             const    0x08049ba8     0x30  des.o [1]
  .rodata             const    0x08049bd8     0x30  des.o [1]
  .text               ro code  0x08049c08     0x30  main.o [1]
  .rodata             const    0x08049c38     0x2c  apptask.o [1]
  .rodata             const    0x08049c64     0x2c  demo_fatfs.o [1]
  .rodata             const    0x08049c90     0x2c  demo_fatfs.o [1]
  .rodata             const    0x08049cbc     0x2c  stm32f4xx_it.o [1]
  .text               ro code  0x08049ce8     0x2c  SysInfoTest.o [1]
  .rodata             const    0x08049d14     0x28  apptask.o [1]
  .rodata             const    0x08049d3c     0x28  demo_fatfs.o [1]
  .rodata             const    0x08049d64     0x28  demo_fatfs.o [1]
  .rodata             const    0x08049d8c     0x28  demo_fatfs.o [1]
  .text               ro code  0x08049db4     0x28  data_init.o [5]
  .rodata             const    0x08049ddc     0x24  apptask.o [1]
  .rodata             const    0x08049e00     0x24  apptask.o [1]
  .rodata             const    0x08049e24     0x24  apptask.o [1]
  .rodata             const    0x08049e48     0x24  apptask.o [1]
  .rodata             const    0x08049e6c     0x24  apptask.o [1]
  .rodata             const    0x08049e90     0x24  apptask.o [1]
  .rodata             const    0x08049eb4     0x24  apptask.o [1]
  .rodata             const    0x08049ed8     0x24  apptask.o [1]
  .rodata             const    0x08049efc     0x24  apptask.o [1]
  .rodata             const    0x08049f20     0x24  apptask.o [1]
  .rodata             const    0x08049f44     0x24  demo_fatfs.o [1]
  .rodata             const    0x08049f68     0x24  demo_fatfs.o [1]
  .rodata             const    0x08049f8c     0x24  pub0sub1.o [1]
  .rodata             const    0x08049fb0     0x24  pub0sub1.o [1]
  .rodata             const    0x08049fd4     0x24  usbh_usr.o [1]
  .text               ro code  0x08049ff8     0x22  fpinit_M.o [4]
  .iar.init_table     const    0x0804a01c     0x34  - Linker created -
  .rodata             const    0x0804a050     0x20  apptask.o [1]
  .rodata             const    0x0804a070     0x20  apptask.o [1]
  .rodata             const    0x0804a090     0x20  apptask.o [1]
  .rodata             const    0x0804a0b0     0x20  demo_fatfs.o [1]
  .rodata             const    0x0804a0d0     0x20  demo_fatfs.o [1]
  .rodata             const    0x0804a0f0     0x20  demo_fatfs.o [1]
  .rodata             const    0x0804a110     0x20  des.o [1]
  .rodata             const    0x0804a130     0x20  pub0sub1.o [1]
  .rodata             const    0x0804a150     0x20  usbh_usr.o [1]
  .rodata             const    0x0804a170     0x20  usbh_usr.o [1]
  .rodata             const    0x0804a190     0x20  usbh_usr.o [1]
  .rodata             const    0x0804a1b0     0x20  usbh_usr.o [1]
  .rodata             const    0x0804a1d0     0x20  usbh_usr.o [1]
  .rodata             const    0x0804a1f0     0x1c  apptask.o [1]
  .rodata             const    0x0804a20c     0x1c  apptask.o [1]
  .rodata             const    0x0804a228     0x1c  apptask.o [1]
  .rodata             const    0x0804a244     0x1c  apptask.o [1]
  .rodata             const    0x0804a260     0x1c  apptask.o [1]
  .rodata             const    0x0804a27c     0x1c  apptask.o [1]
  .rodata             const    0x0804a298     0x1c  apptask.o [1]
  .rodata             const    0x0804a2b4     0x1c  apptask.o [1]
  .rodata             const    0x0804a2d0     0x1c  demo_fatfs.o [1]
  .rodata             const    0x0804a2ec     0x1c  demo_fatfs.o [1]
  .rodata             const    0x0804a308     0x1c  esp8266_handler.o [1]
  .rodata             const    0x0804a324     0x1c  esp8266_handler.o [1]
  .rodata             const    0x0804a340     0x1c  pub0sub1.o [1]
  .rodata             const    0x0804a35c     0x1c  pub0sub1.o [1]
  .rodata             const    0x0804a378     0x1c  pub0sub1.o [1]
  .rodata             const    0x0804a394     0x1c  smec98sp.o [1]
  .rodata             const    0x0804a3b0     0x1c  smec98sp.o [1]
  .rodata             const    0x0804a3cc     0x1c  smec98sp.o [1]
  .rodata             const    0x0804a3e8     0x1c  usbh_usr.o [1]
  .rodata             const    0x0804a404     0x1c  usbh_usr.o [1]
  .rodata             const    0x0804a420     0x1c  usbh_usr.o [1]
  .rodata             const    0x0804a43c     0x1c  usbh_usr.o [1]
  .rodata             const    0x0804a458     0x1c  usbh_usr.o [1]
  .rodata             const    0x0804a474     0x1c  usbh_usr.o [1]
  .text               ro code  0x0804a490     0x1a  cmain.o [5]
  .text               ro code  0x0804a4aa      0x4  exit.o [3]
  .text               ro code  0x0804a4b0      0xa  cexit.o [5]
  .rodata             const    0x0804a4bc     0x18  apptask.o [1]
  .rodata             const    0x0804a4d4     0x18  apptask.o [1]
  .rodata             const    0x0804a4ec     0x18  apptask.o [1]
  .rodata             const    0x0804a504     0x18  apptask.o [1]
  .rodata             const    0x0804a51c     0x18  apptask.o [1]
  .rodata             const    0x0804a534     0x18  apptask.o [1]
  .rodata             const    0x0804a54c     0x18  apptask.o [1]
  .rodata             const    0x0804a564     0x18  apptask.o [1]
  .rodata             const    0x0804a57c     0x18  apptask.o [1]
  .rodata             const    0x0804a594     0x18  apptask.o [1]
  .rodata             const    0x0804a5ac     0x18  apptask.o [1]
  .rodata             const    0x0804a5c4     0x18  apptask.o [1]
  .rodata             const    0x0804a5dc     0x18  demo_fatfs.o [1]
  .rodata             const    0x0804a5f4     0x18  demo_fatfs.o [1]
  .rodata             const    0x0804a60c     0x18  demo_fatfs.o [1]
  .rodata             const    0x0804a624     0x18  demo_fatfs.o [1]
  .rodata             const    0x0804a63c     0x18  esp8266_handler.o [1]
  .rodata             const    0x0804a654     0x18  esp8266_handler.o [1]
  .rodata             const    0x0804a66c     0x18  esp8266_handler.o [1]
  .rodata             const    0x0804a684     0x18  para.o [1]
  .rodata             const    0x0804a69c     0x18  pub0sub1.o [1]
  .rodata             const    0x0804a6b4     0x18  pub0sub1.o [1]
  .rodata             const    0x0804a6cc     0x18  smec98sp.o [1]
  .rodata             const    0x0804a6e4     0x18  smec98sp.o [1]
  .rodata             const    0x0804a6fc     0x18  usbh_usr.o [1]
  .rodata             const    0x0804a714     0x18  usbh_usr.o [1]
  .rodata             const    0x0804a72c     0x18  usbh_usr.o [1]
  .rodata             const    0x0804a744     0x18  usbh_usr.o [1]
  .rodata             const    0x0804a75c     0x18  usbh_usr.o [1]
  .text               ro code  0x0804a774     0x16  xprout.o [3]
  .text               ro code  0x0804a78c      0xc  putchar.o [3]
  .rodata             const    0x0804a798     0x14  apptask.o [1]
  .rodata             const    0x0804a7ac     0x14  apptask.o [1]
  .rodata             const    0x0804a7c0     0x14  apptask.o [1]
  .rodata             const    0x0804a7d4     0x14  apptask.o [1]
  .rodata             const    0x0804a7e8     0x14  apptask.o [1]
  .rodata             const    0x0804a7fc     0x14  apptask.o [1]
  .rodata             const    0x0804a810     0x14  apptask.o [1]
  .rodata             const    0x0804a824     0x14  apptask.o [1]
  .rodata             const    0x0804a838     0x14  apptask.o [1]
  .rodata             const    0x0804a84c     0x14  apptask.o [1]
  .rodata             const    0x0804a860     0x14  apptask.o [1]
  .rodata             const    0x0804a874     0x14  apptask.o [1]
  .rodata             const    0x0804a888     0x14  apptask.o [1]
  .rodata             const    0x0804a89c     0x14  apptask.o [1]
  .rodata             const    0x0804a8b0     0x14  apptask.o [1]
  .rodata             const    0x0804a8c4     0x14  apptask.o [1]
  .rodata             const    0x0804a8d8     0x14  des.o [1]
  .rodata             const    0x0804a8ec     0x14  esp8266_handler.o [1]
  .rodata             const    0x0804a900     0x14  pub0sub1.o [1]
  .rodata             const    0x0804a914     0x14  pub0sub1.o [1]
  .rodata             const    0x0804a928     0x14  pub0sub1.o [1]
  .rodata             const    0x0804a93c     0x14  pub0sub1.o [1]
  .rodata             const    0x0804a950     0x14  pub0sub1.o [1]
  .rodata             const    0x0804a964     0x14  smec98sp.o [1]
  .rodata             const    0x0804a978     0x14  usbh_usr.o [1]
  .rodata             const    0x0804a98c     0x14  usbh_usr.o [1]
  .rodata             const    0x0804a9a0     0x10  apptask.o [1]
  .rodata             const    0x0804a9b0     0x10  apptask.o [1]
  .rodata             const    0x0804a9c0     0x10  apptask.o [1]
  .rodata             const    0x0804a9d0     0x10  apptask.o [1]
  .rodata             const    0x0804a9e0     0x10  apptask.o [1]
  .rodata             const    0x0804a9f0     0x10  apptask.o [1]
  .rodata             const    0x0804aa00     0x10  apptask.o [1]
  .rodata             const    0x0804aa10     0x10  apptask.o [1]
  .rodata             const    0x0804aa20     0x10  apptask.o [1]
  .rodata             const    0x0804aa30     0x10  apptask.o [1]
  .rodata             const    0x0804aa40     0x10  apptask.o [1]
  .rodata             const    0x0804aa50     0x10  apptask.o [1]
  .rodata             const    0x0804aa60     0x10  apptask.o [1]
  .rodata             const    0x0804aa70     0x10  apptask.o [1]
  .rodata             const    0x0804aa80     0x10  apptask.o [1]
  .rodata             const    0x0804aa90     0x10  apptask.o [1]
  .rodata             const    0x0804aaa0     0x10  apptask.o [1]
  .rodata             const    0x0804aab0     0x10  apptask.o [1]
  .rodata             const    0x0804aac0     0x10  apptask.o [1]
  .rodata             const    0x0804aad0     0x10  apptask.o [1]
  .rodata             const    0x0804aae0     0x10  apptask.o [1]
  .rodata             const    0x0804aaf0     0x10  apptask.o [1]
  .rodata             const    0x0804ab00     0x10  apptask.o [1]
  .rodata             const    0x0804ab10     0x10  apptask.o [1]
  .rodata             const    0x0804ab20     0x10  apptask.o [1]
  .rodata             const    0x0804ab30     0x10  apptask.o [1]
  .rodata             const    0x0804ab40     0x10  apptask.o [1]
  .rodata             const    0x0804ab50     0x10  apptask.o [1]
  .rodata             const    0x0804ab60     0x10  bsp_sdwe050c17.o [1]
  .rodata             const    0x0804ab70     0x10  esp8266_handler.o [1]
  .rodata             const    0x0804ab80     0x10  esp8266_handler.o [1]
  .rodata             const    0x0804ab90     0x10  esp8266_handler.o [1]
  .rodata             const    0x0804aba0     0x10  esp8266_handler.o [1]
  .rodata             const    0x0804abb0     0x10  esp8266_handler.o [1]
  .rodata             const    0x0804abc0     0x10  esp8266_handler.o [1]
  .rodata             const    0x0804abd0     0x10  ff.o [1]
  .rodata             const    0x0804abe0     0x10  main.o [1]
  .rodata             const    0x0804abf0     0x10  main.o [1]
  .rodata             const    0x0804ac00     0x10  para.o [1]
  .rodata             const    0x0804ac10     0x10  para.o [1]
  .rodata             const    0x0804ac20     0x10  pub0sub1.o [1]
  .rodata             const    0x0804ac30     0x10  smec98sp.o [1]
  .rodata             const    0x0804ac40     0x10  smec98sp.o [1]
  .rodata             const    0x0804ac50     0x10  smec98sp.o [1]
  .rodata             const    0x0804ac60     0x10  smec98sp.o [1]
  .rodata             const    0x0804ac70     0x10  smec98sp.o [1]
  .rodata             const    0x0804ac80     0x10  smec98sp.o [1]
  .rodata             const    0x0804ac90     0x10  usbh_usr.o [1]
  .rodata             const    0x0804aca0     0x10  usbh_usr.o [1]
  .text               ro code  0x0804acb0     0x10  startup_stm32f40_41xxx.o [1]
  .text               ro code  0x0804acc0     0x10  usbh_it.o [1]
  .rodata             const    0x0804acd0      0xc  apptask.o [1]
  .rodata             const    0x0804acdc      0xc  apptask.o [1]
  .rodata             const    0x0804ace8      0xc  apptask.o [1]
  .rodata             const    0x0804acf4      0xc  apptask.o [1]
  .rodata             const    0x0804ad00      0xc  apptask.o [1]
  .rodata             const    0x0804ad0c      0xc  apptask.o [1]
  .rodata             const    0x0804ad18      0xc  apptask.o [1]
  .rodata             const    0x0804ad24      0xc  apptask.o [1]
  .rodata             const    0x0804ad30      0xc  apptask.o [1]
  .rodata             const    0x0804ad3c      0xc  apptask.o [1]
  .rodata             const    0x0804ad48      0xc  apptask.o [1]
  .rodata             const    0x0804ad54      0xc  apptask.o [1]
  .rodata             const    0x0804ad60      0xc  apptask.o [1]
  .rodata             const    0x0804ad6c      0xc  apptask.o [1]
  .rodata             const    0x0804ad78      0xc  apptask.o [1]
  .rodata             const    0x0804ad84      0xc  apptask.o [1]
  .rodata             const    0x0804ad90      0xc  apptask.o [1]
  .rodata             const    0x0804ad9c      0xc  apptask.o [1]
  .rodata             const    0x0804ada8      0xc  apptask.o [1]
  .rodata             const    0x0804adb4      0xc  apptask.o [1]
  .rodata             const    0x0804adc0      0xc  apptask.o [1]
  .rodata             const    0x0804adcc      0xc  apptask.o [1]
  .rodata             const    0x0804add8      0xc  apptask.o [1]
  .rodata             const    0x0804ade4      0xc  apptask.o [1]
  .rodata             const    0x0804adf0      0xc  apptask.o [1]
  .rodata             const    0x0804adfc      0xc  apptask.o [1]
  .rodata             const    0x0804ae08      0xc  apptask.o [1]
  .rodata             const    0x0804ae14      0xc  apptask.o [1]
  .rodata             const    0x0804ae20      0xc  apptask.o [1]
  .rodata             const    0x0804ae2c      0xc  apptask.o [1]
  .rodata             const    0x0804ae38      0xc  apptask.o [1]
  .rodata             const    0x0804ae44      0xc  apptask.o [1]
  .rodata             const    0x0804ae50      0xc  apptask.o [1]
  .rodata             const    0x0804ae5c      0xc  apptask.o [1]
  .rodata             const    0x0804ae68      0xc  apptask.o [1]
  .rodata             const    0x0804ae74      0xc  bsp_sdwe050c17.o [1]
  .rodata             const    0x0804ae80      0xc  demo_fatfs.o [1]
  .rodata             const    0x0804ae8c      0xc  esp8266_handler.o [1]
  .rodata             const    0x0804ae98      0xc  esp8266_handler.o [1]
  .rodata             const    0x0804aea4      0xc  esp8266_handler.o [1]
  .rodata             const    0x0804aeb0      0xc  esp8266_handler.o [1]
  .rodata             const    0x0804aebc      0xc  esp8266_handler.o [1]
  .rodata             const    0x0804aec8      0xc  esp8266_handler.o [1]
  .rodata             const    0x0804aed4      0xc  ff.o [1]
  .rodata             const    0x0804aee0      0xc  page_weimi.o [1]
  .rodata             const    0x0804aeec      0xc  para.o [1]
  .rodata             const    0x0804aef8      0xc  para.o [1]
  .rodata             const    0x0804af04      0xc  para.o [1]
  .rodata             const    0x0804af10      0xc  para.o [1]
  .rodata             const    0x0804af1c      0xc  para.o [1]
  .rodata             const    0x0804af28      0xc  pub0sub1.o [1]
  .rodata             const    0x0804af34      0xc  pub0sub1.o [1]
  .text               ro code  0x0804af40      0xc  cstartup_M.o [5]
  .rodata             const    0x0804af4c      0x8  apptask.o [1]
  .rodata             const    0x0804af54      0x8  apptask.o [1]
  .rodata             const    0x0804af5c      0x8  apptask.o [1]
  .rodata             const    0x0804af64      0x8  apptask.o [1]
  .rodata             const    0x0804af6c      0x8  apptask.o [1]
  .rodata             const    0x0804af74      0x8  apptask.o [1]
  .rodata             const    0x0804af7c      0x8  apptask.o [1]
  .rodata             const    0x0804af84      0x8  apptask.o [1]
  .rodata             const    0x0804af8c      0x8  apptask.o [1]
  .rodata             const    0x0804af94      0x8  apptask.o [1]
  .rodata             const    0x0804af9c      0x8  apptask.o [1]
  .rodata             const    0x0804afa4      0x8  apptask.o [1]
  .rodata             const    0x0804afac      0x8  apptask.o [1]
  .rodata             const    0x0804afb4      0x8  apptask.o [1]
  .rodata             const    0x0804afbc      0x8  apptask.o [1]
  .rodata             const    0x0804afc4      0x8  apptask.o [1]
  .rodata             const    0x0804afcc      0x8  apptask.o [1]
  .rodata             const    0x0804afd4      0x8  apptask.o [1]
  .rodata             const    0x0804afdc      0x8  apptask.o [1]
  .rodata             const    0x0804afe4      0x8  apptask.o [1]
  .rodata             const    0x0804afec      0x8  bsp_sdwe050c17.o [1]
  .rodata             const    0x0804aff4      0x8  bsp_w25qxx.o [1]
  .rodata             const    0x0804affc      0x8  esp8266_handler.o [1]
  .rodata             const    0x0804b004      0x8  ff.o [1]
  .rodata             const    0x0804b00c      0x8  malloc.o [1]
  .rodata             const    0x0804b014      0x8  malloc.o [1]
  .rodata             const    0x0804b01c      0x8  malloc.o [1]
  .rodata             const    0x0804b024      0x8  MQTTConnectClient.o [1]
  .rodata             const    0x0804b02c      0x8  MQTTConnectClient.o [1]
  .rodata             const    0x0804b034      0x8  para.o [1]
  .rodata             const    0x0804b03c      0x8  para.o [1]
  .rodata             const    0x0804b044      0x8  para.o [1]
  .rodata             const    0x0804b04c      0x8  para.o [1]
  .rodata             const    0x0804b054      0x8  para.o [1]
  .rodata             const    0x0804b05c      0x8  para.o [1]
  .rodata             const    0x0804b064      0x8  para.o [1]
  .rodata             const    0x0804b06c      0x8  para.o [1]
  .rodata             const    0x0804b074      0x8  para.o [1]
  .rodata             const    0x0804b07c      0x8  para.o [1]
  .rodata             const    0x0804b084      0x8  para.o [1]
  .rodata             const    0x0804b08c      0x8  para.o [1]
  .rodata             const    0x0804b094      0x8  para.o [1]
  .rodata             const    0x0804b09c      0x8  para.o [1]
  .rodata             const    0x0804b0a4      0x8  para.o [1]
  .rodata             const    0x0804b0ac      0x8  para.o [1]
  .rodata             const    0x0804b0b4      0x8  para.o [1]
  .rodata             const    0x0804b0bc      0x8  para.o [1]
  .rodata             const    0x0804b0c4      0x8  para.o [1]
  .rodata             const    0x0804b0cc      0x8  para.o [1]
  .rodata             const    0x0804b0d4      0x8  para.o [1]
  .rodata             const    0x0804b0dc      0x8  pub0sub1.o [1]
  .rodata             const    0x0804b0e4      0x8  smec98sp.o [1]
  .rodata             const    0x0804b0ec      0x8  tasks.o [1]
  .rodata             const    0x0804b0f4      0x8  timers.o [1]
  .rodata             const    0x0804b0fc      0x4  heap_4.o [1]
  .rodata             const    0x0804b100      0x4  MQTTConnectClient.o [1]
  .rodata             const    0x0804b104      0x4  MQTTConnectClient.o [1]
  .rodata             const    0x0804b108      0x4  MQTTConnectClient.o [1]
  .rodata             const    0x0804b10c      0x4  MQTTConnectClient.o [1]
  .rodata             const    0x0804b110      0x4  MQTTConnectClient.o [1]
  .rodata             const    0x0804b114      0x4  MQTTDeserializePublish.o [1]
  .rodata             const    0x0804b118      0x4  MQTTPacket.o [1]
  .rodata             const    0x0804b11c      0x4  MQTTSerializePublish.o [1]
  .rodata             const    0x0804b120      0x4  MQTTSubscribeClient.o [1]
  .rodata             const    0x0804b124      0x4  MQTTSubscribeClient.o [1]
  .rodata             const    0x0804b128      0x4  port.o [1]
  .text               ro code  0x0804b12c      0x4  startup_stm32f40_41xxx.o [1]
  .text               ro code  0x0804b130      0x4  startup_stm32f40_41xxx.o [1]
  .text               ro code  0x0804b134      0x4  startup_stm32f40_41xxx.o [1]
  .text               ro code  0x0804b138      0x4  startup_stm32f40_41xxx.o [1]
  .text               ro code  0x0804b13c      0x4  startup_stm32f40_41xxx.o [1]
  .text               ro code  0x0804b140      0x4  startup_stm32f40_41xxx.o [1]
  .text               ro code  0x0804b144      0x4  startup_stm32f40_41xxx.o [1]
  .text               ro code  0x0804b148      0x4  startup_stm32f40_41xxx.o [1]
  .text               ro code  0x0804b14c      0x4  startup_stm32f40_41xxx.o [1]
  .text               ro code  0x0804b150      0x4  startup_stm32f40_41xxx.o [1]
  .text               ro code  0x0804b154      0x4  startup_stm32f40_41xxx.o [1]
  .text               ro code  0x0804b158      0x4  startup_stm32f40_41xxx.o [1]
  .text               ro code  0x0804b15c      0x4  startup_stm32f40_41xxx.o [1]
  .text               ro code  0x0804b160      0x4  startup_stm32f40_41xxx.o [1]
  .text               ro code  0x0804b164      0x4  startup_stm32f40_41xxx.o [1]
  .text               ro code  0x0804b168      0x4  startup_stm32f40_41xxx.o [1]
  .text               ro code  0x0804b16c      0x4  startup_stm32f40_41xxx.o [1]
  .text               ro code  0x0804b170      0x4  startup_stm32f40_41xxx.o [1]
  .text               ro code  0x0804b174      0x4  startup_stm32f40_41xxx.o [1]
  .text               ro code  0x0804b178      0x4  startup_stm32f40_41xxx.o [1]
  .text               ro code  0x0804b17c      0x4  startup_stm32f40_41xxx.o [1]
  .text               ro code  0x0804b180      0x4  startup_stm32f40_41xxx.o [1]
  .text               ro code  0x0804b184      0x4  startup_stm32f40_41xxx.o [1]
  .text               ro code  0x0804b188      0x4  startup_stm32f40_41xxx.o [1]
  .text               ro code  0x0804b18c      0x4  startup_stm32f40_41xxx.o [1]
  .text               ro code  0x0804b190      0x4  startup_stm32f40_41xxx.o [1]
  .text               ro code  0x0804b194      0x4  startup_stm32f40_41xxx.o [1]
  .text               ro code  0x0804b198      0x4  startup_stm32f40_41xxx.o [1]
  .text               ro code  0x0804b19c      0x4  startup_stm32f40_41xxx.o [1]
  .text               ro code  0x0804b1a0      0x4  startup_stm32f40_41xxx.o [1]
  .text               ro code  0x0804b1a4      0x4  startup_stm32f40_41xxx.o [1]
  .text               ro code  0x0804b1a8      0x4  startup_stm32f40_41xxx.o [1]
  .text               ro code  0x0804b1ac      0x4  startup_stm32f40_41xxx.o [1]
  .text               ro code  0x0804b1b0      0x4  startup_stm32f40_41xxx.o [1]
  .text               ro code  0x0804b1b4      0x4  startup_stm32f40_41xxx.o [1]
  .text               ro code  0x0804b1b8      0x4  startup_stm32f40_41xxx.o [1]
  .text               ro code  0x0804b1bc      0x4  startup_stm32f40_41xxx.o [1]
  .text               ro code  0x0804b1c0      0x4  startup_stm32f40_41xxx.o [1]
  .text               ro code  0x0804b1c4      0x4  startup_stm32f40_41xxx.o [1]
  .text               ro code  0x0804b1c8      0x4  startup_stm32f40_41xxx.o [1]
  .text               ro code  0x0804b1cc      0x4  startup_stm32f40_41xxx.o [1]
  .text               ro code  0x0804b1d0      0x4  startup_stm32f40_41xxx.o [1]
  .text               ro code  0x0804b1d4      0x4  startup_stm32f40_41xxx.o [1]
  .text               ro code  0x0804b1d8      0x4  startup_stm32f40_41xxx.o [1]
  .text               ro code  0x0804b1dc      0x4  startup_stm32f40_41xxx.o [1]
  .text               ro code  0x0804b1e0      0x4  startup_stm32f40_41xxx.o [1]
  .text               ro code  0x0804b1e4      0x4  startup_stm32f40_41xxx.o [1]
  .text               ro code  0x0804b1e8      0x4  startup_stm32f40_41xxx.o [1]
  .text               ro code  0x0804b1ec      0x4  startup_stm32f40_41xxx.o [1]
  .text               ro code  0x0804b1f0      0x4  startup_stm32f40_41xxx.o [1]
  .text               ro code  0x0804b1f4      0x4  startup_stm32f40_41xxx.o [1]
  .text               ro code  0x0804b1f8      0x4  startup_stm32f40_41xxx.o [1]
  .text               ro code  0x0804b1fc      0x4  startup_stm32f40_41xxx.o [1]
  .text               ro code  0x0804b200      0x4  startup_stm32f40_41xxx.o [1]
  .text               ro code  0x0804b204      0x4  startup_stm32f40_41xxx.o [1]
  .text               ro code  0x0804b208      0x4  startup_stm32f40_41xxx.o [1]
  .text               ro code  0x0804b20c      0x4  startup_stm32f40_41xxx.o [1]
  .text               ro code  0x0804b210      0x4  startup_stm32f40_41xxx.o [1]
  .text               ro code  0x0804b214      0x4  startup_stm32f40_41xxx.o [1]
  .text               ro code  0x0804b218      0x4  startup_stm32f40_41xxx.o [1]
  .text               ro code  0x0804b21c      0x4  startup_stm32f40_41xxx.o [1]
  .text               ro code  0x0804b220      0x4  startup_stm32f40_41xxx.o [1]
  .text               ro code  0x0804b224      0x4  startup_stm32f40_41xxx.o [1]
  .text               ro code  0x0804b228      0x4  startup_stm32f40_41xxx.o [1]
  .text               ro code  0x0804b22c      0x4  startup_stm32f40_41xxx.o [1]
  .text               ro code  0x0804b230      0x4  startup_stm32f40_41xxx.o [1]
  .text               ro code  0x0804b234      0x4  startup_stm32f40_41xxx.o [1]
  .text               ro code  0x0804b238      0x4  startup_stm32f40_41xxx.o [1]
  .rodata             const    0x0804b23c      0x0  zero_init3.o [5]
  .rodata             const    0x0804b23c      0x0  packbits_init.o [5]
  Initializer bytes   const    0x0804b23c    0x126  <for P2 s0>
                             - 0x0804b362  0x4b1da

"P2":                                      0x1fc18
  P2 s0                        0x20000000    0x2be  <Init block>
    __DLIB_PERTHREAD  inited   0x20000000     0x8c  rand.o [3]
    __DLIB_PERTHREAD  inited   0x2000008c     0x88  localeconv.o [3]
    __DLIB_PERTHREAD  inited   0x20000114     0x74  setlocale.o [3]
    .data             inited   0x20000188     0x50  demo_fatfs.o [1]
    .data             inited   0x200001d8     0x48  usbh_usr.o [1]
    .data             inited   0x20000220     0x40  xfiles.o [3]
    .data             inited   0x20000260     0x1c  malloc.o [1]
    .data             inited   0x2000027c     0x10  stm32f4xx_rcc.o [1]
    .data             inited   0x2000028c     0x10  usbh_msc_core.o [1]
    .data             inited   0x2000029c      0xc  usbh_core.o [1]
    .data             inited   0x200002a8      0x4  port.o [1]
    .data             inited   0x200002ac      0x4  system_stm32f4xx.o [1]
    .data             inited   0x200002b0      0x4  usbh_core.o [1]
    __DLIB_PERTHREAD  inited   0x200002b4      0x4  errno.o [3]
    .data             inited   0x200002b8      0x2  bsp_w25qxx.o [1]
    .data             inited   0x200002ba      0x1  apptask.o [1]
    .data             inited   0x200002bb      0x1  encoder_tim.o [1]
    .data             inited   0x200002bc      0x1  page_weimi.o [1]
    .data             inited   0x200002bd      0x1  usbh_msc_scsi.o [1]
  .bss                zero     0x200002c0  0x10800  heap_4.o [1]
  .bss                zero     0x20010ac0   0xa000  malloc.o [1]
  .bss                zero     0x2001aac0   0x1000  bsp_w25qxx.o [1]
  .bss                zero     0x2001bac0    0xa00  malloc.o [1]
  .bss                zero     0x2001c4c0    0x5ac  usbh_usr.o [1]
  .bss                zero     0x2001ca6c    0x5ac  usbh_usr.o [1]
  .bss                zero     0x2001d018    0x3e8  bsp_uart_fifo.o [1]
  .bss                zero     0x2001d400    0x3e8  esp8266_handler.o [1]
  .bss                zero     0x2001d7e8    0x3e8  esp8266_handler.o [1]
  .bss                zero     0x2001dbd0    0x3e8  pub0sub1.o [1]
  .bss                zero     0x2001dfb8    0x200  ff.o [1]
  .bss                zero     0x2001e1b8    0x200  usbh_msc_scsi.o [1]
  .bss                zero     0x2001e3b8    0x200  usbh_stdreq.o [1]
  .bss                zero     0x2001e5b8    0x140  tasks.o [1]
  .bss                zero     0x2001e6f8    0x12c  page_weimi.o [1]
  .bss                zero     0x2001e824     0xd4  protocol.o [1]
  .bss                zero     0x2001e8f8     0xa8  para.o [1]
  .bss                zero     0x2001e9a0     0xa4  protocol.o [1]
  .bss                zero     0x2001ea44     0x94  usbh_usr.o [1]
  .bss                zero     0x2001ead8     0x68  esp8266_handler.o [1]
  .bss                zero     0x2001eb40     0x64  bsp_uart_fifo.o [1]
  .bss                zero     0x2001eba4     0x64  bsp_uart_fifo.o [1]
  .bss                zero     0x2001ec08     0x58  bsp_sdio_sd.o [1]
  .bss                zero     0x2001ec60     0x58  protocol.o [1]
  .bss                zero     0x2001ecb8     0x50  xfiles.o [3]
  .bss                zero     0x2001ed08     0x4c  usbh_msc_core.o [1]
  .bss                zero     0x2001ed54     0x40  page_weimi.o [1]
  .bss                zero     0x2001ed94     0x40  pub0sub1.o [1]
  .bss                zero     0x2001edd4     0x34  bsp_sdwe050c17.o [1]
  .bss                zero     0x2001ee08     0x30  product_cal.o [1]
  .bss                zero     0x2001ee38     0x28  product_cal.o [1]
  .bss                zero     0x2001ee60     0x24  ff.o [1]
  .bss                zero     0x2001ee84     0x20  pub0sub1.o [1]
  .bss                zero     0x2001eea4     0x20  usbh_msc_bot.o [1]
  .bss                zero     0x2001eec4     0x18  bsp_sdio_sd.o [1]
  .bss                zero     0x2001eedc     0x18  bsp_sdio_sd.o [1]
  .bss                zero     0x2001eef4     0x18  encoder_tim.o [1]
  .bss                zero     0x2001ef0c     0x14  bsp_sdio_sd.o [1]
  .bss                zero     0x2001ef20     0x14  rc522.o [1]
  .bss                zero     0x2001ef34     0x14  tasks.o [1]
  .bss                zero     0x2001ef48     0x14  tasks.o [1]
  .bss                zero     0x2001ef5c     0x14  tasks.o [1]
  .bss                zero     0x2001ef70     0x14  tasks.o [1]
  .bss                zero     0x2001ef84     0x14  tasks.o [1]
  .bss                zero     0x2001ef98     0x14  timers.o [1]
  .bss                zero     0x2001efac     0x14  timers.o [1]
  .bss                zero     0x2001efc0     0x10  bsp_sdio_sd.o [1]
  .bss                zero     0x2001efd0     0x10  bsp_sdio_sd.o [1]
  .bss                zero     0x2001efe0     0x10  usbh_msc_bot.o [1]
  .bss                zero     0x2001eff0     0x10  usbh_msc_bot.o [1]
  .bss                zero     0x2001f000     0x10  usbh_msc_scsi.o [1]
  .bss                zero     0x2001f010      0xc  apptask.o [1]
  .bss                zero     0x2001f01c      0xc  apptask.o [1]
  .bss                zero     0x2001f028      0xc  apptask.o [1]
  .bss                zero     0x2001f034      0xc  apptask.o [1]
  .bss                zero     0x2001f040      0xc  ff.o [1]
  .bss                zero     0x2001f04c      0xc  protocol.o [1]
  .bss                zero     0x2001f058      0xc  protocol.o [1]
  .bss                zero     0x2001f064      0xc  protocol.o [1]
  .bss                zero     0x2001f070      0xc  pub0sub1.o [1]
  .bss                zero     0x2001f07c      0x8  heap_4.o [1]
  .bss                zero     0x2001f084      0x8  modbus.o [1]
  .bss                zero     0x2001f08c      0x8  protocol.o [1]
  .bss                zero     0x2001f094      0x8  pub0sub1.o [1]
  .bss                zero     0x2001f09c      0x4  apptask.o [1]
  .bss                zero     0x2001f0a0      0x4  apptask.o [1]
  .bss                zero     0x2001f0a4      0x4  apptask.o [1]
  .bss                zero     0x2001f0a8      0x4  apptask.o [1]
  .bss                zero     0x2001f0ac      0x4  apptask.o [1]
  .bss                zero     0x2001f0b0      0x4  apptask.o [1]
  .bss                zero     0x2001f0b4      0x4  apptask.o [1]
  .bss                zero     0x2001f0b8      0x4  apptask.o [1]
  .bss                zero     0x2001f0bc      0x4  apptask.o [1]
  .bss                zero     0x2001f0c0      0x4  apptask.o [1]
  .bss                zero     0x2001f0c4      0x4  apptask.o [1]
  .bss                zero     0x2001f0c8      0x4  apptask.o [1]
  .bss                zero     0x2001f0cc      0x4  apptask.o [1]
  .bss                zero     0x2001f0d0      0x4  apptask.o [1]
  .bss                zero     0x2001f0d4      0x4  apptask.o [1]
  .bss                zero     0x2001f0d8      0x4  apptask.o [1]
  .bss                zero     0x2001f0dc      0x4  apptask.o [1]
  .bss                zero     0x2001f0e0      0x4  apptask.o [1]
  .bss                zero     0x2001f0e4      0x4  apptask.o [1]
  .bss                zero     0x2001f0e8      0x4  apptask.o [1]
  .bss                zero     0x2001f0ec      0x4  apptask.o [1]
  .bss                zero     0x2001f0f0      0x4  apptask.o [1]
  .bss                zero     0x2001f0f4      0x4  apptask.o [1]
  .bss                zero     0x2001f0f8      0x4  apptask.o [1]
  .bss                zero     0x2001f0fc      0x4  apptask.o [1]
  .bss                zero     0x2001f100      0x4  apptask.o [1]
  .bss                zero     0x2001f104      0x4  apptask.o [1]
  .bss                zero     0x2001f108      0x4  bsp_sdio_sd.o [1]
  .bss                zero     0x2001f10c      0x4  bsp_sdio_sd.o [1]
  .bss                zero     0x2001f110      0x4  bsp_sdio_sd.o [1]
  .bss                zero     0x2001f114      0x4  bsp_sdio_sd.o [1]
  .bss                zero     0x2001f118      0x4  bsp_sdio_sd.o [1]
  .bss                zero     0x2001f11c      0x4  bsp_timer.o [1]
  .bss                zero     0x2001f120      0x4  bsp_timer.o [1]
  .bss                zero     0x2001f124      0x4  bsp_timer.o [1]
  .bss                zero     0x2001f128      0x4  bsp_timer.o [1]
  .bss                zero     0x2001f12c      0x4  esp8266_handler.o [1]
  .bss                zero     0x2001f130      0x4  esp8266_handler.o [1]
  .bss                zero     0x2001f134      0x4  esp8266_handler.o [1]
  .bss                zero     0x2001f138      0x4  heap_4.o [1]
  .bss                zero     0x2001f13c      0x4  heap_4.o [1]
  .bss                zero     0x2001f140      0x4  heap_4.o [1]
  .bss                zero     0x2001f144      0x4  heap_4.o [1]
  .bss                zero     0x2001f148      0x4  MQTTPacket.o [1]
  .bss                zero     0x2001f14c      0x4  page_weimi.o [1]
  .bss                zero     0x2001f150      0x4  page_weimi.o [1]
  .bss                zero     0x2001f154      0x4  port.o [1]
  .bss                zero     0x2001f158      0x4  product_cal.o [1]
  .bss                zero     0x2001f15c      0x4  product_cal.o [1]
  .bss                zero     0x2001f160      0x4  pub0sub1.o [1]
  .bss                zero     0x2001f164      0x4  SysInfoTest.o [1]
  .bss                zero     0x2001f168      0x4  tasks.o [1]
  .bss                zero     0x2001f16c      0x4  tasks.o [1]
  .bss                zero     0x2001f170      0x4  tasks.o [1]
  .bss                zero     0x2001f174      0x4  tasks.o [1]
  .bss                zero     0x2001f178      0x4  tasks.o [1]
  .bss                zero     0x2001f17c      0x4  tasks.o [1]
  .bss                zero     0x2001f180      0x4  tasks.o [1]
  .bss                zero     0x2001f184      0x4  tasks.o [1]
  .bss                zero     0x2001f188      0x4  tasks.o [1]
  .bss                zero     0x2001f18c      0x4  tasks.o [1]
  .bss                zero     0x2001f190      0x4  tasks.o [1]
  .bss                zero     0x2001f194      0x4  tasks.o [1]
  .bss                zero     0x2001f198      0x4  tasks.o [1]
  .bss                zero     0x2001f19c      0x4  tasks.o [1]
  .bss                zero     0x2001f1a0      0x4  tasks.o [1]
  .bss                zero     0x2001f1a4      0x4  tasks.o [1]
  .bss                zero     0x2001f1a8      0x4  timer_platform.o [1]
  .bss                zero     0x2001f1ac      0x4  timers.o [1]
  .bss                zero     0x2001f1b0      0x4  timers.o [1]
  .bss                zero     0x2001f1b4      0x4  timers.o [1]
  .bss                zero     0x2001f1b8      0x4  timers.o [1]
  .bss                zero     0x2001f1bc      0x4  usbh_msc_bot.o [1]
  .bss                zero     0x2001f1c0      0x4  usbh_msc_bot.o [1]
  .bss                zero     0x2001f1c4      0x4  usbh_msc_bot.o [1]
  .bss                zero     0x2001f1c8      0x4  usbh_msc_bot.o [1]
  .bss                zero     0x2001f1cc      0x2  apptask.o [1]
  .bss                zero     0x2001f1ce      0x2  apptask.o [1]
  .bss                zero     0x2001f1d0      0x2  apptask.o [1]
  .bss                zero     0x2001f1d2      0x2  apptask.o [1]
  .bss                zero     0x2001f1d4      0x2  apptask.o [1]
  .bss                zero     0x2001f1d6      0x2  apptask.o [1]
  .bss                zero     0x2001f1d8      0x2  apptask.o [1]
  .bss                zero     0x2001f1da      0x2  apptask.o [1]
  .bss                zero     0x2001f1dc      0x2  bsp_sdwe050c17.o [1]
  .bss                zero     0x2001f1de      0x2  encoder_tim.o [1]
  .bss                zero     0x2001f1e0      0x2  encoder_tim.o [1]
  .bss                zero     0x2001f1e2      0x2  ff.o [1]
  .bss                zero     0x2001f1e4      0x2  page_weimi.o [1]
  .bss                zero     0x2001f1e6      0x2  page_weimi.o [1]
  .bss                zero     0x2001f1e8      0x2  product_cal.o [1]
  .bss                zero     0x2001f1ea      0x2  usbh_core.o [1]
  .bss                zero     0x2001f1ec      0x2  usbh_stdreq.o [1]
  .bss                zero     0x2001f1ee      0x1  apptask.o [1]
  .bss                zero     0x2001f1ef      0x1  apptask.o [1]
  .bss                zero     0x2001f1f0      0x1  apptask.o [1]
  .bss                zero     0x2001f1f1      0x1  apptask.o [1]
  .bss                zero     0x2001f1f2      0x1  apptask.o [1]
  .bss                zero     0x2001f1f3      0x1  apptask.o [1]
  .bss                zero     0x2001f1f4      0x1  apptask.o [1]
  .bss                zero     0x2001f1f5      0x1  apptask.o [1]
  .bss                zero     0x2001f1f6      0x1  apptask.o [1]
  .bss                zero     0x2001f1f7      0x1  apptask.o [1]
  .bss                zero     0x2001f1f8      0x1  apptask.o [1]
  .bss                zero     0x2001f1f9      0x1  apptask.o [1]
  .bss                zero     0x2001f1fa      0x1  apptask.o [1]
  .bss                zero     0x2001f1fb      0x1  apptask.o [1]
  .bss                zero     0x2001f1fc      0x1  bsp_sdio_sd.o [1]
  .bss                zero     0x2001f1fd      0x1  bsp_sdwe050c17.o [1]
  .bss                zero     0x2001f1fe      0x1  bsp_uart_fifo.o [1]
  .bss                zero     0x2001f1ff      0x1  encoder_tim.o [1]
  .bss                zero     0x2001f200      0x1  esp8266_handler.o [1]
  .bss                zero     0x2001f201      0x1  esp8266_handler.o [1]
  .bss                zero     0x2001f202      0x1  esp8266_handler.o [1]
  .bss                zero     0x2001f203      0x1  page_weimi.o [1]
  .bss                zero     0x2001f204      0x1  page_weimi.o [1]
  .bss                zero     0x2001f205      0x1  page_weimi.o [1]
  .bss                zero     0x2001f206      0x1  page_weimi.o [1]
  .bss                zero     0x2001f207      0x1  page_weimi.o [1]
  .bss                zero     0x2001f208      0x1  port.o [1]
  .bss                zero     0x2001f209      0x1  product_cal.o [1]
  .bss                zero     0x2001f20a      0x1  product_cal.o [1]
  .bss                zero     0x2001f20b      0x1  protocol.o [1]
  .bss                zero     0x2001f20c      0x1  pub0sub1.o [1]
  .bss                zero     0x2001f20d      0x1  pub0sub1.o [1]
  .bss                zero     0x2001f20e      0x1  rc522.o [1]
  .bss                zero     0x2001f20f      0x1  rc522.o [1]
  .bss                zero     0x2001f210      0x1  usbh_msc_bot.o [1]
  .bss                zero     0x2001f211      0x1  usbh_msc_core.o [1]
  .bss                zero     0x2001f212      0x1  usbh_msc_core.o [1]
  .bss                zero     0x2001f213      0x1  usbh_stdreq.o [1]
  .bss                zero     0x2001f214      0x1  usbh_usr.o [1]
  CSTACK                       0x2001f218    0xa00  <Block>
    CSTACK            uninit   0x2001f218    0xa00  <Block tail>
                             - 0x2001fc18  0x1fc18

Absolute sections:                         0xff000
  .bss                zero     0x68000000  0xf0000  malloc.o [1]
  .bss                zero     0x680f0000   0xf000  malloc.o [1]
                             - 0x680ff000  0xff000


*******************************************************************************
*** INIT TABLE
***

          Address     Size
          -------     ----
Zero (__iar_zero_init3)
    2 destination ranges, total size 0x11df55:
          0x200002c0  0x1ef55
          0x68000000  0xff000

Copy/packbits (__iar_packbits_init3)
    1 source range, total size 0x126 (41% of destination):
          0x0804b23c    0x126
    1 destination range, total size 0x2be:
          0x20000000    0x2be



*******************************************************************************
*** MODULE SUMMARY
***

    Module                    ro code  ro data  rw data    rw data
                                                            (abs)
    ------                    -------  -------  -------    -------
E:\WORK\YarnControl_Driver\YarnControl_Driver\src\stm32f4_rtos\Project\EWARMv7\Flash\Obj: [1]
    MQTTConnectClient.o           774       36
    MQTTDeserializePublish.o      188        4
    MQTTPacket.o                  656        4        4
    MQTTSerializePublish.o        236        4
    MQTTSubscribeClient.o         400        8
    SysInfoTest.o                  44                 4
    apptask.o                  29 568    3 524      187
    bkp_pwr.o                     392
    bsp.o                          88
    bsp_closeSW.o                 220
    bsp_dac.o                     200
    bsp_dwt.o                     116
    bsp_led.o                     192
    bsp_relay.o                    68
    bsp_sdio_sd.o               6 744               209
    bsp_sdwe050c17.o            5 448       36       55
    bsp_servomotor.o              640
    bsp_spi.o                     292
    bsp_stepmotor.o             1 268
    bsp_sw_onoff.o                 68
    bsp_timer.o                   516                16
    bsp_uart_fifo.o             2 724             1 201
    bsp_w25qxx.o                  896        9    4 098
    bsp_watchdog.o                  8
    cc936.o                       244  176 320
    demo_fatfs.o                           725       80
    des.o                       1 274      844
    diskio.o                      740
    encoder_tim.o                 680        1       30
    esp8266_handler.o           1 044      324    2 119
    esp8266_init.o                124
    event_groups.o                610
    ff.o                        9 368       36      562
    heap_4.o                      640        4   67 608
    iic_smec98sp.o                910
    list.o                        152
    main.o                         48       32
    malloc.o                      540       36   43 548  1 044 480
    mcheck.o                      184      768
    misc.o                        136
    modbus.o                      852                 8
    page_weimi.o                1 272       12      382
    para.o                      5 446      284      168
    port.o                        588        6        9
    portasm.o                     168
    product_cal.o               1 728      400      100
    protocol.o                    128               509
    pub0sub1.o                  1 076      472    1 122
    queue.o                     1 992
    rc522.o                       238                22
    smec98sp.o                  1 198      256
    startup_stm32f40_41xxx.o      680
    stm32f4xx_adc.o               438
    stm32f4xx_dac.o               124
    stm32f4xx_dma.o               796
    stm32f4xx_exti.o              192
    stm32f4xx_gpio.o              300
    stm32f4xx_it.o                 56       44
    stm32f4xx_iwdg.o               16
    stm32f4xx_pwr.o                12
    stm32f4xx_rcc.o               488        7       16
    stm32f4xx_rtc.o                60
    stm32f4xx_sdio.o              380
    stm32f4xx_spi.o               116
    stm32f4xx_syscfg.o             84
    stm32f4xx_tim.o             1 782
    stm32f4xx_usart.o             596
    system_stm32f4xx.o            340        2        4
    tasks.o                     3 296        8      484
    timer_platform.o               64                 4
    timers.o                    1 188        8       56
    transport.o                   108
    usb_bsp.o                     332
    usb_core.o                  2 640
    usb_hcd.o                     214
    usb_hcd_int.o               3 198
    usbh_core.o                 1 888        6       18
    usbh_hcs.o                    442
    usbh_ioreq.o                  582
    usbh_it.o                      16
    usbh_msc_bot.o              1 364                81
    usbh_msc_core.o             1 000        6       94
    usbh_msc_scsi.o             1 560        1      529
    usbh_stdreq.o               1 078               515
    usbh_usr.o                    418      586    3 125
    --------------------------------------------------------------
    Total:                    108 974  184 813  126 967  1 044 480

command line: [2]
    --------------------------------------------------------------
    Total:

dl7M_tlf.a: [3]
    abort.o                         6
    div.o                          14
    errno.o                        12        2        4
    exit.o                          4
    isxxx.o                        40
    localeconv.o                  108       57      136
    printf.o                       36
    putchar.o                      12
    rand.o                        224       58      140
    setlocale.o                    24       49      116
    snprintf.o                     68
    sprintf.o                      52
    srand.o                        32
    sscanf.o                       36
    strcat.o                       28
    strstr.o                       44
    tolower.o                      20
    xfiles.o                                27      144
    xlocale_c.o                    54
    xprintffull_nomb.o          3 478
    xprout.o                       22
    xscanffull_nomb.o           2 916
    xsnprout.o                     26
    xsprout.o                      10
    xsscin.o                       30
    xstoflt.o                     440
    xstoll.o                      164
    xstopfx.o                     292
    xstoull.o                     432
    xstoxflt.o                    536
    xtls.o                          2
    --------------------------------------------------------------
    Total:                      9 162      193      540

m7M_tls.a: [4]
    DblAdd.o                      232
    DblCmpEq.o                     32
    DblCmpGe.o                     46
    DblCmpLe.o                     46
    DblDiv.o                      598
    DblMul.o                      418
    DblSub.o                      384
    DblToFlt.o                    144
    DblToI32.o                     88
    FltToDbl.o                     78
    I32ToDbl.o                     48
    fpinit_M.o                     34
    xdnorm.o                       66
    xdscale.o                     276
    xdtento.o                     512
    xdunscal.o                     82
    xstold.o                      360
    --------------------------------------------------------------
    Total:                      3 444

rt7M_tl.a: [5]
    ABImemclr4.o                    6
    ABImemcpy_unaligned.o         118
    ABImemset.o                   102
    ABImemset48.o                  50
    I64DivMod.o                   306
    I64DivZer.o                     2
    cexit.o                        10
    cmain.o                        26
    cstartup_M.o                   12
    data_init.o                    40
    memchr.o                       88
    memcmp_unaligned.o             98
    packbits_init.o               208
    strchr.o                       22
    strcmp_unaligned.o             66
    strcpy_unaligned.o             68
    strlen.o                       54
    zero_init3.o                   64
    --------------------------------------------------------------
    Total:                      1 340

shb_l.a: [6]
    exit.o                         20
    --------------------------------------------------------------
    Total:                         20

    Gaps                           64        4        2
    Linker created                          52    2 560
------------------------------------------------------------------
    Grand Total:              123 004  185 062  130 069  1 044 480


*******************************************************************************
*** ENTRY LIST
***

Entry                      Address     Size  Type      Object
-----                      -------     ----  ----      ------
.iar.init_table$$Base   0x0804a01c            --   Gb  - Linker created -
.iar.init_table$$Limit  0x0804a050            --   Gb  - Linker created -
?main                   0x0804a491           Code  Gb  cmain.o [5]
ADC_Cmd                 0x08047a33     0x1a  Code  Gb  stm32f4xx_adc.o [1]
ADC_CommonInit          0x08047a11     0x22  Code  Gb  stm32f4xx_adc.o [1]
ADC_GetFlagStatus       0x08047b5d     0x1a  Code  Gb  stm32f4xx_adc.o [1]
ADC_Init                0x080479c1     0x50  Code  Gb  stm32f4xx_adc.o [1]
ADC_RegularChannelConfig
                        0x08047a4d     0xf6  Code  Gb  stm32f4xx_adc.o [1]
ADC_SoftwareStartConv   0x08047b43      0xa  Code  Gb  stm32f4xx_adc.o [1]
APBAHBPrescTable        0x2000027c     0x10  Data  Lc  stm32f4xx_rcc.o [1]
AppObjCreate            0x08031539    0x192  Code  Gb  apptask.o [1]
AppTaskCreate           0x0803130d    0x214  Code  Gb  apptask.o [1]
BOTStallErrorCount      0x2001f1bc      0x4  Data  Lc  usbh_msc_bot.o [1]
BusFault_Handler        0x08049b13      0x2  Code  Gb  stm32f4xx_it.o [1]
CID_Tab                 0x2001efd0     0x10  Data  Lc  bsp_sdio_sd.o [1]
CLIENT_ID               0x2001ee84     0x20  Data  Gb  pub0sub1.o [1]
CRC16HiTable            0x0804948c    0x100  Data  Gb  mcheck.o [1]
CRC16LoTable            0x0804958c    0x100  Data  Gb  mcheck.o [1]
CRC8Table               0x0804968c    0x100  Data  Gb  mcheck.o [1]
CSD_Tab                 0x2001efc0     0x10  Data  Lc  bsp_sdio_sd.o [1]
CSTACK$$Base            0x2001f218            --   Gb  - Linker created -
CSTACK$$Limit           0x2001fc18            --   Gb  - Linker created -
CardType                0x2001f108      0x4  Data  Lc  bsp_sdio_sd.o [1]
ChannengMQTTPackage     0x0803403b     0x7e  Code  Gb  product_cal.o [1]
CmdError                0x08044191     0x38  Code  Lc  bsp_sdio_sd.o [1]
CmdResp1Error           0x08044235    0x112  Code  Lc  bsp_sdio_sd.o [1]
CmdResp2Error           0x08044385     0x52  Code  Lc  bsp_sdio_sd.o [1]
CmdResp3Error           0x08044347     0x3e  Code  Lc  bsp_sdio_sd.o [1]
CmdResp6Error           0x080443d7     0xa6  Code  Lc  bsp_sdio_sd.o [1]
CmdResp7Error           0x080441c9     0x58  Code  Lc  bsp_sdio_sd.o [1]
ConfigExitNVIC          0x0803b123     0x22  Code  Gb  bsp_closeSW.o [1]
ConfigUartNVIC          0x0803d127     0x7c  Code  Lc  bsp_uart_fifo.o [1]
ConnectTcp              0x0803bc47     0x48  Code  Gb  esp8266_handler.o [1]
DAC_Cmd                 0x0803ee3b     0x26  Code  Gb  stm32f4xx_dac.o [1]
DAC_Init                0x0803ee09     0x32  Code  Gb  stm32f4xx_dac.o [1]
DAC_SetChannel1Data     0x0803ee61     0x1e  Code  Gb  stm32f4xx_dac.o [1]
DMA1_Stream0_IRQHandler
                        0x08037b51     0x1c  Code  Gb  bsp_servomotor.o [1]
DMA1_Stream3_IRQHandler
                        0x08037b6d     0x1c  Code  Gb  bsp_servomotor.o [1]
DMA2_Stream3_IRQHandler
                        0x08044a79      0x8  Code  Gb  bsp_sdio_sd.o [1]
DMAEndOfTransfer        0x2001f118      0x4  Data  Gb  bsp_sdio_sd.o [1]
DMA_ClearFlag           0x0803f75f     0x24  Code  Gb  stm32f4xx_dma.o [1]
DMA_Cmd                 0x0803f715     0x1a  Code  Gb  stm32f4xx_dma.o [1]
DMA_DeInit              0x0803f57d    0x140  Code  Gb  stm32f4xx_dma.o [1]
DMA_FlowControllerConfig
                        0x0803f72f     0x18  Code  Gb  stm32f4xx_dma.o [1]
DMA_GetCmdStatus        0x0803f747     0x18  Code  Gb  stm32f4xx_dma.o [1]
DMA_GetITStatus         0x0803f7c5     0x62  Code  Gb  stm32f4xx_dma.o [1]
DMA_ITConfig            0x0803f783     0x42  Code  Gb  stm32f4xx_dma.o [1]
DMA_Init                0x0803f6bd     0x58  Code  Gb  stm32f4xx_dma.o [1]
Dac1_Init               0x0803732d     0x5a  Code  Gb  bsp_dac.o [1]
Dac1_Set_Vol            0x08037389     0x58  Code  Gb  bsp_dac.o [1]
DebugMon_Handler        0x08049b17      0x2  Code  Gb  stm32f4xx_it.o [1]
DesE                    0x08049ba8     0x30  Data  Gb  des.o [1]
DesIp                   0x080499b0     0x40  Data  Gb  des.o [1]
DesIp_1                 0x080499f0     0x40  Data  Gb  des.o [1]
DesP                    0x0804a110     0x20  Data  Gb  des.o [1]
DesPc_1                 0x08049aa8     0x38  Data  Gb  des.o [1]
DesPc_2                 0x08049bd8     0x30  Data  Gb  des.o [1]
DesRots                 0x0804a8d8     0x14  Data  Gb  des.o [1]
DesS                    0x08048fa8    0x200  Data  Gb  des.o [1]
DiskFile_init           0x0803b021     0x40  Code  Gb  protocol.o [1]
Disk_File               0x2001e824     0xd4  Data  Gb  protocol.o [1]
ENC_Calc_Average_Speed  0x0803b9e3     0x58  Code  Gb  encoder_tim.o [1]
ENC_Calc_Rot_Speed      0x0803b909     0xda  Code  Gb  encoder_tim.o [1]
ENC_Clear_Speed_Buffer  0x0803b8ed     0x1c  Code  Gb  encoder_tim.o [1]
ENC_Init                0x0803b801     0xec  Code  Gb  encoder_tim.o [1]
ESP8266_Enable_MultipleId
                        0x0803bb73     0x40  Code  Gb  esp8266_handler.o [1]
[...]
mc_check_xor            0x08040703     0x1a  Code  Gb  mcheck.o [1]
mem1base                0x20010ac0   0xa000  Data  Gb  malloc.o [1]
mem1mapbase             0x2001bac0    0xa00  Data  Gb  malloc.o [1]
mem2base                0x68000000  0xf0000  Data  Gb  malloc.o [1]
mem2mapbase             0x680f0000   0xf000  Data  Gb  malloc.o [1]
mem_cmp                 0x08038667     0x24  Code  Lc  ff.o [1]
mem_cpy                 0x08038635     0x1c  Code  Lc  ff.o [1]
mem_set                 0x08038651     0x16  Code  Lc  ff.o [1]
memblksize              0x0804b014      0x8  Data  Gb  malloc.o [1]
memchr                  0x0804234d           Code  Gb  memchr.o [5]
memsize                 0x0804b01c      0x8  Data  Gb  malloc.o [1]
memtblsize              0x0804b00c      0x8  Data  Gb  malloc.o [1]
modbus_send_frame       0x0803af31     0xe6  Code  Gb  modbus.o [1]
move_window             0x08038929     0x40  Code  Lc  ff.o [1]
movram                  0x08047015     0x1e  Code  Gb  des.o [1]
mqttSubscribeData       0x2001d400    0x3e8  Data  Gb  esp8266_handler.o [1]
mqtt_status             0x2001f094      0x8  Data  Gb  pub0sub1.o [1]
my_mem_free             0x08036a9f     0x6c  Code  Gb  malloc.o [1]
my_mem_init             0x08036963     0x42  Code  Gb  malloc.o [1]
my_mem_malloc           0x080369e3     0xbc  Code  Gb  malloc.o [1]
my_mem_perused          0x080369a5     0x3e  Code  Gb  malloc.o [1]
myfree                  0x08036b0b     0x24  Code  Gb  malloc.o [1]
mymalloc                0x08036b2f     0x2a  Code  Gb  malloc.o [1]
mymemset                0x0803694d     0x16  Code  Gb  malloc.o [1]
ndigs                   0x08045878     0x28  Data  Lc  xstoull.o [3]
netDeviceInfo_t         0x2001ead8     0x68  Data  Gb  esp8266_handler.o [1]
net_device_send_cmd     0x0803bb25     0x4e  Code  Gb  esp8266_handler.o [1]
obuf                    0x2001ecb8     0x50  Data  Lc  xfiles.o [3]
oem2uni                 0x0801560c  0x15484  Data  Lc  cc936.o [1]
old_card_record         0x2001f1f4      0x1  Data  Gb  apptask.o [1]
old_isWork              0x2001f1f0      0x1  Data  Gb  apptask.o [1]
old_is_stop             0x200002bc      0x1  Data  Gb  page_weimi.o [1]
old_plan_complete       0x2001f20a      0x1  Data  Gb  product_cal.o [1]
old_system_state        0x200002ba      0x1  Data  Gb  apptask.o [1]
old_usb_disk_flag       0x2001f1f2      0x1  Data  Gb  apptask.o [1]
old_wifi_flag           0x2001f201      0x1  Data  Gb  esp8266_handler.o [1]
para_init               0x08035809     0x82  Code  Gb  para.o [1]
pcInterruptPriorityRegisters
                        0x0804b128      0x4  Data  Lc  port.o [1]
peiliao_para            0x2001ee08     0x30  Data  Gb  product_cal.o [1]
pick_lfn                0x0803917b     0x8c  Code  Lc  ff.o [1]
plan_complete           0x2001f209      0x1  Data  Gb  product_cal.o [1]
pluse_count             0x2001f1ce      0x2  Data  Gb  apptask.o [1]
pluse_step_src          0x2001f028      0xc  Data  Gb  apptask.o [1]
pows                    0x080460b0     0x48  Data  Lc  xdtento.o [4]
printf                  0x0803686d     0x24  Code  Gb  printf.o [3]
product_complete_kilo   0x08033cbb     0x74  Code  Gb  product_cal.o [1]
product_complete_meter  0x08033c9f     0x1c  Code  Gb  product_cal.o [1]
product_para            0x2001ee38     0x28  Data  Gb  product_cal.o [1]
product_per_meter       0x08033c19     0x74  Code  Gb  product_cal.o [1]
prvAddCurrentTaskToDelayedList
                        0x08034dbd     0x48  Code  Lc  tasks.o [1]
prvAllocateTCBAndStack  0x08034e05     0x5a  Code  Lc  tasks.o [1]
prvCheckForValidListAndQueue
                        0x0803ca03     0x52  Code  Lc  timers.o [1]
prvCheckTasksWaitingTermination
                        0x08034d53     0x66  Code  Lc  tasks.o [1]
prvCopyDataFromQueue    0x08033a01     0x30  Code  Lc  queue.o [1]
prvCopyDataToQueue      0x0803397d     0x84  Code  Lc  queue.o [1]
prvDeleteTCB            0x08034e5f     0x12  Code  Lc  tasks.o [1]
prvGetNextExpireTime    0x0803c7ef     0x2e  Code  Lc  timers.o [1]
prvHeapInit             0x0803ddf5     0x6e  Code  Lc  heap_4.o [1]
prvIdleTask             0x08034c6d     0x26  Code  Lc  tasks.o [1]
prvInitialiseTCBVariables
                        0x08034c93     0x6a  Code  Lc  tasks.o [1]
prvInitialiseTaskLists  0x08034cfd     0x56  Code  Lc  tasks.o [1]
prvInsertBlockIntoFreeList
                        0x0803de63     0x62  Code  Lc  heap_4.o [1]
prvInsertTimerInActiveList
                        0x0803c845     0x50  Code  Lc  timers.o [1]
prvIsQueueEmpty         0x08033a9b     0x20  Code  Lc  queue.o [1]
prvIsQueueFull          0x08033abb     0x22  Code  Lc  queue.o [1]
prvProcessExpiredTimer  0x0803c707     0x5c  Code  Lc  timers.o [1]
prvProcessReceivedCommands
                        0x0803c895     0xde  Code  Lc  timers.o [1]
prvProcessTimerOrBlockTask
                        0x0803c77f     0x70  Code  Lc  timers.o [1]
prvResetNextTaskUnblockTime
                        0x08034e71     0x26  Code  Lc  tasks.o [1]
prvSampleTimeNow        0x0803c81d     0x28  Code  Lc  timers.o [1]
prvSwitchTimerLists     0x0803c973     0x90  Code  Lc  timers.o [1]
prvTaskExitError        0x0803d9a5     0x2a  Code  Lc  port.o [1]
prvTestWaitCondition    0x0803c5ab     0x24  Code  Lc  event_groups.o [1]
prvTimerTask            0x0803c765     0x1a  Code  Lc  timers.o [1]
prvUnlockQueue          0x08033a31     0x6a  Code  Lc  queue.o [1]
pub_topicString         0x2001f070      0xc  Data  Gb  pub0sub1.o [1]
put_fat                 0x08038b77    0x16c  Code  Gb  ff.o [1]
putchar                 0x0804a78d      0xc  Code  Gb  putchar.o [3]
pvPortMalloc            0x0803dc65    0x118  Code  Gb  heap_4.o [1]
pxCurrentTCB            0x2001f168      0x4  Data  Gb  tasks.o [1]
pxCurrentTimerList      0x2001f1ac      0x4  Data  Lc  timers.o [1]
pxDelayedTaskList       0x2001f16c      0x4  Data  Lc  tasks.o [1]
pxEnd                   0x2001f138      0x4  Data  Lc  heap_4.o [1]
pxOverflowDelayedTaskList
                        0x2001f170      0x4  Data  Lc  tasks.o [1]
pxOverflowTimerList     0x2001f1b0      0x4  Data  Lc  timers.o [1]
pxPortInitialiseStack   0x0803d981     0x24  Code  Gb  port.o [1]
pxReadyTasksLists       0x2001e5b8    0x140  Data  Lc  tasks.o [1]
rand                    0x08047f29     0xe0  Code  Gb  rand.o [3]
rc522_cmd_anticoll      0x0803ac71     0x5a  Code  Gb  rc522.o [1]
rc522_cmd_request       0x0803ac1d     0x54  Code  Gb  rc522.o [1]
readChar                0x08040f43     0x10  Code  Gb  MQTTPacket.o [1]
readDisk                0x2001f1f7      0x1  Data  Gb  apptask.o [1]
readFilenum             0x2001f1f8      0x1  Data  Gb  apptask.o [1]
readInt                 0x08040f27     0x1c  Code  Gb  MQTTPacket.o [1]
readMQTTLenString       0x08040ff9     0x3c  Code  Gb  MQTTPacket.o [1]
readSlave               0x2001f01c      0xc  Data  Gb  apptask.o [1]
read_bkp_para           0x08037c3b     0x78  Code  Gb  bkp_pwr.o [1]
read_device_info        0x080352c5    0x2ec  Code  Gb  para.o [1]
read_file_select        0x2001f064      0xc  Data  Gb  protocol.o [1]
read_from_disk          0x080358bd    0xd74  Code  Gb  para.o [1]
remove_chain            0x08038ce3     0x76  Code  Lc  ff.o [1]
rfid_rev_buf            0x2001ef20     0x14  Data  Gb  rc522.o [1]
rfid_rev_cnt            0x2001f20f      0x1  Data  Gb  rc522.o [1]
rfid_rev_flag           0x2001f20e      0x1  Data  Gb  rc522.o [1]
rtc_time                0x2001f08c      0x8  Data  Gb  protocol.o [1]
s_TIM_CallBack1         0x2001f11c      0x4  Data  Lc  bsp_timer.o [1]
s_TIM_CallBack2         0x2001f120      0x4  Data  Lc  bsp_timer.o [1]
s_TIM_CallBack3         0x2001f124      0x4  Data  Lc  bsp_timer.o [1]
s_TIM_CallBack4         0x2001f128      0x4  Data  Lc  bsp_timer.o [1]
sample_time             0x2001f1cc      0x2  Data  Gb  apptask.o [1]
sdew_weimi_page1        0x08032c61    0x28a  Code  Gb  bsp_sdwe050c17.o [1]
sdew_weimi_page2        0x08032efd    0x1e6  Code  Gb  bsp_sdwe050c17.o [1]
sdew_weisha_page1       0x080330e3    0x100  Code  Gb  bsp_sdwe050c17.o [1]
sdew_weisha_page2       0x080331ed    0x100  Code  Gb  bsp_sdwe050c17.o [1]
selectbits              0x080470df     0x42  Code  Gb  des.o [1]
semc_adc_Init           0x0804755f     0x92  Code  Gb  smec98sp.o [1]
servo_diff              0x2001f0fc      0x4  Data  Gb  apptask.o [1]
servo_per_wei_src       0x2001f0f8      0x4  Data  Gb  apptask.o [1]
servo_speed_diff        0x2001f100      0x4  Data  Gb  apptask.o [1]
servomotor_guodu        0x2001f203      0x1  Data  Gb  page_weimi.o [1]
servomotor_mode         0x2001f204      0x1  Data  Gb  page_weimi.o [1]
setbit                  0x08047057     0x4c  Code  Gb  des.o [1]
shlc                    0x08047121     0x68  Code  Gb  des.o [1]
shrc                    0x08047189     0x5e  Code  Gb  des.o [1]
slave_info              0x2001f010      0xc  Data  Gb  apptask.o [1]
snprintf                0x08040a91     0x44  Code  Gb  snprintf.o [3]
speed_diff              0x2001f034      0xc  Data  Gb  apptask.o [1]
speed_zhu               0x2001f1e4      0x2  Data  Gb  page_weimi.o [1]
speed_zhu1              0x2001f1e6      0x2  Data  Gb  page_weimi.o [1]
sprintf                 0x0803aacd     0x34  Code  Gb  sprintf.o [3]
srand                   0x08047f09     0x20  Code  Gb  srand.o [3]
sscanf                  0x0803e04d     0x24  Code  Gb  sscanf.o [3]
st_clust                0x080390ad     0x18  Code  Lc  ff.o [1]
stepmotor_guodu         0x2001f14c      0x4  Data  Gb  page_weimi.o [1]
strans                  0x080471e7    0x168  Code  Gb  des.o [1]
strcat                  0x0803ab01     0x1c  Code  Gb  strcat.o [3]
strchr                  0x08042335           Code  Gb  strchr.o [5]
strlen                  0x08037165           Code  Gb  strlen.o [5]
strstr                  0x0803b0a1     0x10  Code  Gb  para.o [1]
sum_sfn                 0x08039381     0x20  Code  Lc  ff.o [1]
symbol                  0x2001f0f4      0x4  Data  Gb  apptask.o [1]
symbol_servo            0x2001f1f9      0x1  Data  Gb  apptask.o [1]
sync_fs                 0x08038969     0xd8  Code  Lc  ff.o [1]
sync_window             0x080388cf     0x5a  Code  Lc  ff.o [1]
system_state_dis        0x080491a8    0x190  Data  Gb  product_cal.o [1]
toStop                  0x2001f160      0x4  Data  Gb  pub0sub1.o [1]
tolower                 0x08045bd5     0x14  Code  Gb  tolower.o [3]
total_meter_gross       0x2001f158      0x4  Data  Gb  product_cal.o [1]
total_weight_gross      0x2001f15c      0x4  Data  Gb  product_cal.o [1]
transport_close         0x08040e2d     0x12  Code  Gb  transport.o [1]
transport_getdata       0x08040e19     0x14  Code  Gb  transport.o [1]
transport_sendPacketBuffer
                        0x08040ddd     0x3c  Code  Gb  transport.o [1]
ucHeap                  0x200002c0  0x10800  Data  Lc  heap_4.o [1]
ucMaxSysCallPriority    0x2001f208      0x1  Data  Lc  port.o [1]
ulHighFrequencyTimerTicks
                        0x2001f164      0x4  Data  Gb  SysInfoTest.o [1]
ulMaxPRIGROUPValue      0x2001f154      0x4  Data  Lc  port.o [1]
ulTaskSwitchedInTime    0x2001f1a0      0x4  Data  Lc  tasks.o [1]
ulTotalRunTime          0x2001f1a4      0x4  Data  Lc  tasks.o [1]
uni2oem                 0x08000188  0x15484  Data  Lc  cc936.o [1]
usb_disk_flag           0x2001f1f1      0x1  Data  Gb  apptask.o [1]
usbh_OpenMassStorage    0x08037d31     0x14  Code  Gb  usbh_usr.o [1]
uxCriticalNesting       0x200002a8      0x4  Data  Lc  port.o [1]
uxCurrentNumberOfTasks  0x2001f178      0x4  Data  Lc  tasks.o [1]
uxListRemove            0x0803dc3d     0x28  Code  Gb  list.o [1]
uxPendedTicks           0x2001f188      0x4  Data  Lc  tasks.o [1]
uxSchedulerSuspended    0x2001f19c      0x4  Data  Lc  tasks.o [1]
uxTaskNumber            0x2001f194      0x4  Data  Lc  tasks.o [1]
uxTaskResetEventItemValue
                        0x08034ed1     0x20  Code  Gb  tasks.o [1]
uxTasksDeleted          0x2001f174      0x4  Data  Lc  tasks.o [1]
uxTopReadyPriority      0x2001f180      0x4  Data  Lc  tasks.o [1]
vAnalysisUartData       0x080310cd     0xca  Code  Gb  apptask.o [1]
vEsp8266_Main_Task      0x08030d65    0x226  Code  Gb  apptask.o [1]
vListInitialise         0x0803dbcd     0x1e  Code  Gb  list.o [1]
vListInsert             0x0803dc03     0x3a  Code  Gb  list.o [1]
vListInsertEnd          0x0803dbeb     0x18  Code  Gb  list.o [1]
vMQTT_Handler_Task      0x08030f95    0x138  Code  Gb  apptask.o [1]
vMQTT_Recive_Task       0x080311a1     0x7e  Code  Gb  apptask.o [1]
vMQTT_Tranmit_Task      0x0803121f     0xd0  Code  Gb  apptask.o [1]
vPortEnableVFP          0x08041741           Code  Gb  portasm.o [1]
vPortEnterCritical      0x0803da9b     0x3a  Code  Gb  port.o [1]
vPortExitCritical       0x0803dad5     0x32  Code  Gb  port.o [1]
vPortFree               0x0803dd7d     0x78  Code  Gb  heap_4.o [1]
vPortSetupTimerInterrupt
                        0x0803db33      0xe  Code  Wk  port.o [1]
vPortStartFirstTask     0x08041729           Code  Gb  portasm.o [1]
vPortValidateInterruptPriority
                        0x0803db41     0x4e  Code  Gb  port.o [1]
vQueueWaitForMessageRestricted
                        0x08033add     0x44  Code  Gb  queue.o [1]
vTaskDelay              0x080344c9     0x84  Code  Gb  tasks.o [1]
vTaskDelayUntil         0x080343e9     0xe0  Code  Gb  tasks.o [1]
vTaskFreq               0x0803073d    0x61a  Code  Lc  apptask.o [1]
vTaskManageCapacity     0x0802f185    0x518  Code  Gb  apptask.o [1]
vTaskMassStorage        0x0802de39    0x64a  Code  Lc  apptask.o [1]
vTaskMissedYield        0x08034c63      0xa  Code  Gb  tasks.o [1]
vTaskMotorControl       0x0802f751    0xfc6  Code  Lc  apptask.o [1]
vTaskMsgPro             0x0802e94d    0x434  Code  Lc  apptask.o [1]
vTaskPlaceOnEventList   0x080348c9     0x74  Code  Gb  tasks.o [1]
vTaskPlaceOnEventListRestricted
                        0x08034a01     0x80  Code  Gb  tasks.o [1]
vTaskPlaceOnUnorderedEventList
                        0x08034959     0xa8  Code  Gb  tasks.o [1]
vTaskReadDisk           0x0802eec5    0x272  Code  Lc  apptask.o [1]
vTaskRev485             0x0802eda9     0xd4  Code  Lc  apptask.o [1]
vTaskSetTimeOutState    0x08034bad     0x26  Code  Gb  tasks.o [1]
vTaskStartScheduler     0x0803454d     0x7e  Code  Gb  tasks.o [1]
vTaskSuspendAll         0x080345cb     0x10  Code  Gb  tasks.o [1]
vTaskSwitchContext      0x08034819     0xb0  Code  Gb  tasks.o [1]
vTaskTaskLCD            0x0802aa91   0x336c  Code  Gb  apptask.o [1]
vTaskTaskLED            0x0802e4b1     0x20  Code  Lc  apptask.o [1]
vTaskTaskRFID           0x0802e4d1    0x410  Code  Lc  apptask.o [1]
valid_seg               0x2001f150      0x4  Data  Gb  page_weimi.o [1]
validate                0x0803a127     0x36  Code  Lc  ff.o [1]
weimi_para              0x2001e6f8    0x12c  Data  Gb  page_weimi.o [1]
wifi_flag               0x2001f200      0x1  Data  Gb  esp8266_handler.o [1]
work_idle_time          0x2001f1e8      0x2  Data  Gb  product_cal.o [1]
writeCString            0x08040f89     0x2a  Code  Gb  MQTTPacket.o [1]
writeChar               0x08040f53      0xc  Code  Gb  MQTTPacket.o [1]
writeInt                0x08040f5f     0x2a  Code  Gb  MQTTPacket.o [1]
writeMQTTString         0x08040fb3     0x46  Code  Gb  MQTTPacket.o [1]
write_bkp_para          0x08037cb3     0x6e  Code  Gb  bkp_pwr.o [1]
xActiveTimerList1       0x2001ef98     0x14  Data  Lc  timers.o [1]
xActiveTimerList2       0x2001efac     0x14  Data  Lc  timers.o [1]
xBlockAllocatedBit      0x2001f144      0x4  Data  Lc  heap_4.o [1]
xDelayedTaskList1       0x2001ef34     0x14  Data  Lc  tasks.o [1]
xDelayedTaskList2       0x2001ef48     0x14  Data  Lc  tasks.o [1]
xEventGroupCreate       0x0803c36d     0x1c  Code  Gb  event_groups.o [1]
xEventGroupSetBits      0x0803c4d5     0xd6  Code  Gb  event_groups.o [1]
xEventGroupWaitBits     0x0803c389    0x146  Code  Gb  event_groups.o [1]
xFreeBytesRemaining     0x2001f13c      0x4  Data  Lc  heap_4.o [1]
xHandleTaskFreq         0x2001f0c0      0x4  Data  Gb  apptask.o [1]
xHandleTaskLCD          0x2001f09c      0x4  Data  Gb  apptask.o [1]
xHandleTaskLED          0x2001f0a0      0x4  Data  Gb  apptask.o [1]
xHandleTaskManageCapacity
                        0x2001f0b8      0x4  Data  Gb  apptask.o [1]
xHandleTaskMassStorage  0x2001f0a8      0x4  Data  Gb  apptask.o [1]
xHandleTaskMotorControl
                        0x2001f0bc      0x4  Data  Gb  apptask.o [1]
xHandleTaskMsgPro       0x2001f0b0      0x4  Data  Gb  apptask.o [1]
xHandleTaskRFID         0x2001f0a4      0x4  Data  Gb  apptask.o [1]
xHandleTaskReadDisk     0x2001f0ac      0x4  Data  Gb  apptask.o [1]
xHandleTaskRev485       0x2001f0b4      0x4  Data  Gb  apptask.o [1]
xHeapStructSize         0x0804b0fc      0x4  Data  Lc  heap_4.o [1]
xMinimumEverFreeBytesRemaining
                        0x2001f140      0x4  Data  Lc  heap_4.o [1]
xNextTaskUnblockTime    0x2001f198      0x4  Data  Lc  tasks.o [1]
xNumOfOverflows         0x2001f190      0x4  Data  Lc  tasks.o [1]
xPendingReadyList       0x2001ef5c     0x14  Data  Lc  tasks.o [1]
xPortStartScheduler     0x0803d9cf     0xcc  Code  Gb  port.o [1]
xQueueGenericCreate     0x080333e9     0x7e  Code  Gb  queue.o [1]
xQueueGenericReceive    0x080337dd    0x19c  Code  Gb  queue.o [1]
xQueueGenericReset      0x08033359     0x90  Code  Gb  queue.o [1]
xQueueGenericSend       0x08033467    0x1b2  Code  Gb  queue.o [1]
xQueueGenericSendFromISR
                        0x08033619     0xec  Code  Gb  queue.o [1]
xQueueGiveFromISR       0x08033705     0xd8  Code  Gb  queue.o [1]
xQueue_MQTT_Recv        0x2001f0e4      0x4  Data  Gb  apptask.o [1]
xQueue_MQTT_Transmit    0x2001f0e8      0x4  Data  Gb  apptask.o [1]
xQueue_esp8266_Cmd      0x2001f0ec      0x4  Data  Gb  apptask.o [1]
xQueue_message          0x2001f0f0      0x4  Data  Gb  apptask.o [1]
xSchedulerRunning       0x2001f184      0x4  Data  Lc  tasks.o [1]
xSemaphore_download     0x2001f0d4      0x4  Data  Gb  apptask.o [1]
xSemaphore_encoder      0x2001f0d0      0x4  Data  Gb  apptask.o [1]
xSemaphore_lcd          0x2001f0c4      0x4  Data  Gb  apptask.o [1]
xSemaphore_pluse        0x2001f0cc      0x4  Data  Gb  apptask.o [1]
xSemaphore_readDisk     0x2001f0d8      0x4  Data  Gb  apptask.o [1]
xSemaphore_rs485        0x2001f0c8      0x4  Data  Gb  apptask.o [1]
xStart                  0x2001f07c      0x8  Data  Lc  heap_4.o [1]
xSuspendedTaskList      0x2001ef84     0x14  Data  Lc  tasks.o [1]
xTaskCheckForTimeOut    0x08034bd9     0x8a  Code  Gb  tasks.o [1]
xTaskGenericCreate      0x08034265    0x184  Code  Gb  tasks.o [1]
xTaskGetSchedulerState  0x08034e97     0x26  Code  Gb  tasks.o [1]
xTaskGetTickCount       0x080346db      0xa  Code  Gb  tasks.o [1]
xTaskIncrementTick      0x080346e5    0x134  Code  Gb  tasks.o [1]
xTaskRemoveFromEventList
                        0x08034a85     0x8e  Code  Gb  tasks.o [1]
xTaskRemoveFromUnorderedEventList
                        0x08034b19     0x94  Code  Gb  tasks.o [1]
xTaskResumeAll          0x080345db    0x100  Code  Gb  tasks.o [1]
xTasksWaitingTermination
                        0x2001ef70     0x14  Data  Lc  tasks.o [1]
xTickCount              0x2001f17c      0x4  Data  Lc  tasks.o [1]
xTimerCreate            0x0803c621     0x62  Code  Gb  timers.o [1]
xTimerCreateTimerTask   0x0803c5d1     0x50  Code  Gb  timers.o [1]
xTimerGenericCommand    0x0803c683     0x84  Code  Gb  timers.o [1]
xTimerQueue             0x2001f1b4      0x4  Data  Lc  timers.o [1]
xTimerUser              0x2001f0e0      0x4  Data  Gb  apptask.o [1]
xYieldPending           0x2001f18c      0x4  Data  Lc  tasks.o [1]


[1] = E:\WORK\YarnControl_Driver\YarnControl_Driver\src\stm32f4_rtos\Project\EWARMv7\Flash\Obj
[2] = command line
[3] = dl7M_tlf.a
[4] = m7M_tls.a
[5] = rt7M_tl.a
[6] = shb_l.a

  123 004 bytes of readonly  code memory
  185 062 bytes of readonly  data memory
  130 069 bytes of readwrite data memory (+ 1 044 480 absolute)

Errors: none
Warnings: none
