###############################################################################
#
# IAR ELF Linker V7.40.7.9843/W32 for ARM                 27/Oct/2019  21:38:02
# Copyright 2007-2015 IAR Systems AB.
#
#    Output file  =  
#        E:\WORK\YarnControl_Driver\YarnControl_Driver\src\stm32f4_rtos\Project\EWARMv7\Flash\Exe\project.out
#    Map file     =  
#        E:\WORK\YarnControl_Driver\YarnControl_Driver\src\stm32f4_rtos\Project\EWARMv7\Flash\List\project.map
#    Command line =  
#        E:\WORK\YarnControl_Driver\YarnControl_Driver\src\stm32f4_rtos\Project\EWARMv7\Flash\Obj\apptask.o
#        E:\WORK\YarnControl_Driver\YarnControl_Driver\src\stm32f4_rtos\Project\EWARMv7\Flash\Obj\bkp_pwr.o
#        E:\WORK\YarnControl_Driver\YarnControl_Driver\src\stm32f4_rtos\Project\EWARMv7\Flash\Obj\bsp.o
#        E:\WORK\YarnControl_Driver\YarnControl_Driver\src\stm32f4_rtos\Project\EWARMv7\Flash\Obj\bsp_adc.o
#        E:\WORK\YarnControl_Driver\YarnControl_Driver\src\stm32f4_rtos\Project\EWARMv7\Flash\Obj\bsp_closeSW.o
#        E:\WORK\YarnControl_Driver\YarnControl_Driver\src\stm32f4_rtos\Project\EWARMv7\Flash\Obj\bsp_dac.o
#        E:\WORK\YarnControl_Driver\YarnControl_Driver\src\stm32f4_rtos\Project\EWARMv7\Flash\Obj\bsp_dwt.o
#        E:\WORK\YarnControl_Driver\YarnControl_Driver\src\stm32f4_rtos\Project\EWARMv7\Flash\Obj\bsp_key.o
#        E:\WORK\YarnControl_Driver\YarnControl_Driver\src\stm32f4_rtos\Project\EWARMv7\Flash\Obj\bsp_led.o
#        E:\WORK\YarnControl_Driver\YarnControl_Driver\src\stm32f4_rtos\Project\EWARMv7\Flash\Obj\bsp_relay.o
#        E:\WORK\YarnControl_Driver\YarnControl_Driver\src\stm32f4_rtos\Project\EWARMv7\Flash\Obj\bsp_sdio_sd.o
#        E:\WORK\YarnControl_Driver\YarnControl_Driver\src\stm32f4_rtos\Project\EWARMv7\Flash\Obj\bsp_sdwe050c17.o
#        E:\WORK\YarnControl_Driver\YarnControl_Driver\src\stm32f4_rtos\Project\EWARMv7\Flash\Obj\bsp_servomotor.o
#        E:\WORK\YarnControl_Driver\YarnControl_Driver\src\stm32f4_rtos\Project\EWARMv7\Flash\Obj\bsp_spi.o
#        E:\WORK\YarnControl_Driver\YarnControl_Driver\src\stm32f4_rtos\Project\EWARMv7\Flash\Obj\bsp_stepmotor.o
#        E:\WORK\YarnControl_Driver\YarnControl_Driver\src\stm32f4_rtos\Project\EWARMv7\Flash\Obj\bsp_sw_onoff.o
#        E:\WORK\YarnControl_Driver\YarnControl_Driver\src\stm32f4_rtos\Project\EWARMv7\Flash\Obj\bsp_tim_pwm.o
#        E:\WORK\YarnControl_Driver\YarnControl_Driver\src\stm32f4_rtos\Project\EWARMv7\Flash\Obj\bsp_timer.o
#        E:\WORK\YarnControl_Driver\YarnControl_Driver\src\stm32f4_rtos\Project\EWARMv7\Flash\Obj\bsp_uart_fifo.o
#        E:\WORK\YarnControl_Driver\YarnControl_Driver\src\stm32f4_rtos\Project\EWARMv7\Flash\Obj\bsp_w25qxx.o
#        E:\WORK\YarnControl_Driver\YarnControl_Driver\src\stm32f4_rtos\Project\EWARMv7\Flash\Obj\bsp_watchdog.o
#        E:\WORK\YarnControl_Driver\YarnControl_Driver\src\stm32f4_rtos\Project\EWARMv7\Flash\Obj\cc936.o
#        E:\WORK\YarnControl_Driver\YarnControl_Driver\src\stm32f4_rtos\Project\EWARMv7\Flash\Obj\cJSON.o
#        E:\WORK\YarnControl_Driver\YarnControl_Driver\src\stm32f4_rtos\Project\EWARMv7\Flash\Obj\croutine.o
#        E:\WORK\YarnControl_Driver\YarnControl_Driver\src\stm32f4_rtos\Project\EWARMv7\Flash\Obj\demo_fatfs.o
#        E:\WORK\YarnControl_Driver\YarnControl_Driver\src\stm32f4_rtos\Project\EWARMv7\Flash\Obj\des.o
#        E:\WORK\YarnControl_Driver\YarnControl_Driver\src\stm32f4_rtos\Project\EWARMv7\Flash\Obj\diskio.o
#        E:\WORK\YarnControl_Driver\YarnControl_Driver\src\stm32f4_rtos\Project\EWARMv7\Flash\Obj\encoder_tim.o
#        E:\WORK\YarnControl_Driver\YarnControl_Driver\src\stm32f4_rtos\Project\EWARMv7\Flash\Obj\esp8266_handler.o
#        E:\WORK\YarnControl_Driver\YarnControl_Driver\src\stm32f4_rtos\Project\EWARMv7\Flash\Obj\esp8266_init.o
#        E:\WORK\YarnControl_Driver\YarnControl_Driver\src\stm32f4_rtos\Project\EWARMv7\Flash\Obj\event_groups.o
#        E:\WORK\YarnControl_Driver\YarnControl_Driver\src\stm32f4_rtos\Project\EWARMv7\Flash\Obj\ff.o
#        E:\WORK\YarnControl_Driver\YarnControl_Driver\src\stm32f4_rtos\Project\EWARMv7\Flash\Obj\heap_4.o
#        E:\WORK\YarnControl_Driver\YarnControl_Driver\src\stm32f4_rtos\Project\EWARMv7\Flash\Obj\iic_smec98sp.o
#        E:\WORK\YarnControl_Driver\YarnControl_Driver\src\stm32f4_rtos\Project\EWARMv7\Flash\Obj\list.o
#        E:\WORK\YarnControl_Driver\YarnControl_Driver\src\stm32f4_rtos\Project\EWARMv7\Flash\Obj\main.o
#        E:\WORK\YarnControl_Driver\YarnControl_Driver\src\stm32f4_rtos\Project\EWARMv7\Flash\Obj\malloc.o
#        E:\WORK\YarnControl_Driver\YarnControl_Driver\src\stm32f4_rtos\Project\EWARMv7\Flash\Obj\mcheck.o
#        E:\WORK\YarnControl_Driver\YarnControl_Driver\src\stm32f4_rtos\Project\EWARMv7\Flash\Obj\misc.o
#        E:\WORK\YarnControl_Driver\YarnControl_Driver\src\stm32f4_rtos\Project\EWARMv7\Flash\Obj\modbus.o
#        E:\WORK\YarnControl_Driver\YarnControl_Driver\src\stm32f4_rtos\Project\EWARMv7\Flash\Obj\MQTTConnectClient.o
#        E:\WORK\YarnControl_Driver\YarnControl_Driver\src\stm32f4_rtos\Project\EWARMv7\Flash\Obj\MQTTConnectServer.o
#        E:\WORK\YarnControl_Driver\YarnControl_Driver\src\stm32f4_rtos\Project\EWARMv7\Flash\Obj\MQTTDeserializePublish.o
#        E:\WORK\YarnControl_Driver\YarnControl_Driver\src\stm32f4_rtos\Project\EWARMv7\Flash\Obj\MQTTFormat.o
#        E:\WORK\YarnControl_Driver\YarnControl_Driver\src\stm32f4_rtos\Project\EWARMv7\Flash\Obj\MQTTPacket.o
#        E:\WORK\YarnControl_Driver\YarnControl_Driver\src\stm32f4_rtos\Project\EWARMv7\Flash\Obj\MQTTSerializePublish.o
#        E:\WORK\YarnControl_Driver\YarnControl_Driver\src\stm32f4_rtos\Project\EWARMv7\Flash\Obj\MQTTSubscribeClient.o
#        E:\WORK\YarnControl_Driver\YarnControl_Driver\src\stm32f4_rtos\Project\EWARMv7\Flash\Obj\MQTTSubscribeServer.o
#        E:\WORK\YarnControl_Driver\YarnControl_Driver\src\stm32f4_rtos\Project\EWARMv7\Flash\Obj\MQTTUnsubscribeClient.o
#        E:\WORK\YarnControl_Driver\YarnControl_Driver\src\stm32f4_rtos\Project\EWARMv7\Flash\Obj\MQTTUnsubscribeServer.o
#        E:\WORK\YarnControl_Driver\YarnControl_Driver\src\stm32f4_rtos\Project\EWARMv7\Flash\Obj\page_weimi.o
#        E:\WORK\YarnControl_Driver\YarnControl_Driver\src\stm32f4_rtos\Project\EWARMv7\Flash\Obj\para.o
#        E:\WORK\YarnControl_Driver\YarnControl_Driver\src\stm32f4_rtos\Project\EWARMv7\Flash\Obj\port.o
#        E:\WORK\YarnControl_Driver\YarnControl_Driver\src\stm32f4_rtos\Project\EWARMv7\Flash\Obj\portasm.o
#        E:\WORK\YarnControl_Driver\YarnControl_Driver\src\stm32f4_rtos\Project\EWARMv7\Flash\Obj\product_cal.o
#        E:\WORK\YarnControl_Driver\YarnControl_Driver\src\stm32f4_rtos\Project\EWARMv7\Flash\Obj\protocol.o
#        E:\WORK\YarnControl_Driver\YarnControl_Driver\src\stm32f4_rtos\Project\EWARMv7\Flash\Obj\pub0sub1.o
#        E:\WORK\YarnControl_Driver\YarnControl_Driver\src\stm32f4_rtos\Project\EWARMv7\Flash\Obj\queue.o
#        E:\WORK\YarnControl_Driver\YarnControl_Driver\src\stm32f4_rtos\Project\EWARMv7\Flash\Obj\rc522.o
#        E:\WORK\YarnControl_Driver\YarnControl_Driver\src\stm32f4_rtos\Project\EWARMv7\Flash\Obj\sha1.o
#        E:\WORK\YarnControl_Driver\YarnControl_Driver\src\stm32f4_rtos\Project\EWARMv7\Flash\Obj\smec98sp.o
#        E:\WORK\YarnControl_Driver\YarnControl_Driver\src\stm32f4_rtos\Project\EWARMv7\Flash\Obj\startup_stm32f40_41xxx.o
#        E:\WORK\YarnControl_Driver\YarnControl_Driver\src\stm32f4_rtos\Project\EWARMv7\Flash\Obj\stm32f4xx_adc.o
#        E:\WORK\YarnControl_Driver\YarnControl_Driver\src\stm32f4_rtos\Project\EWARMv7\Flash\Obj\stm32f4xx_assert.o
#        E:\WORK\YarnControl_Driver\YarnControl_Driver\src\stm32f4_rtos\Project\EWARMv7\Flash\Obj\stm32f4xx_can.o
#        E:\WORK\YarnControl_Driver\YarnControl_Driver\src\stm32f4_rtos\Project\EWARMv7\Flash\Obj\stm32f4xx_crc.o
#        E:\WORK\YarnControl_Driver\YarnControl_Driver\src\stm32f4_rtos\Project\EWARMv7\Flash\Obj\stm32f4xx_cryp.o
#        E:\WORK\YarnControl_Driver\YarnControl_Driver\src\stm32f4_rtos\Project\EWARMv7\Flash\Obj\stm32f4xx_cryp_aes.o
#        E:\WORK\YarnControl_Driver\YarnControl_Driver\src\stm32f4_rtos\Project\EWARMv7\Flash\Obj\stm32f4xx_cryp_des.o
#        E:\WORK\YarnControl_Driver\YarnControl_Driver\src\stm32f4_rtos\Project\EWARMv7\Flash\Obj\stm32f4xx_cryp_tdes.o
#        E:\WORK\YarnControl_Driver\YarnControl_Driver\src\stm32f4_rtos\Project\EWARMv7\Flash\Obj\stm32f4xx_dac.o
#        E:\WORK\YarnControl_Driver\YarnControl_Driver\src\stm32f4_rtos\Project\EWARMv7\Flash\Obj\stm32f4xx_dbgmcu.o
#        E:\WORK\YarnControl_Driver\YarnControl_Driver\src\stm32f4_rtos\Project\EWARMv7\Flash\Obj\stm32f4xx_dcmi.o
#        E:\WORK\YarnControl_Driver\YarnControl_Driver\src\stm32f4_rtos\Project\EWARMv7\Flash\Obj\stm32f4xx_dma.o
#        E:\WORK\YarnControl_Driver\YarnControl_Driver\src\stm32f4_rtos\Project\EWARMv7\Flash\Obj\stm32f4xx_dma2d.o
#        E:\WORK\YarnControl_Driver\YarnControl_Driver\src\stm32f4_rtos\Project\EWARMv7\Flash\Obj\stm32f4xx_exti.o
#        E:\WORK\YarnControl_Driver\YarnControl_Driver\src\stm32f4_rtos\Project\EWARMv7\Flash\Obj\stm32f4xx_flash.o
#        E:\WORK\YarnControl_Driver\YarnControl_Driver\src\stm32f4_rtos\Project\EWARMv7\Flash\Obj\stm32f4xx_fsmc.o
#        E:\WORK\YarnControl_Driver\YarnControl_Driver\src\stm32f4_rtos\Project\EWARMv7\Flash\Obj\stm32f4xx_gpio.o
#        E:\WORK\YarnControl_Driver\YarnControl_Driver\src\stm32f4_rtos\Project\EWARMv7\Flash\Obj\stm32f4xx_hash.o
#        E:\WORK\YarnControl_Driver\YarnControl_Driver\src\stm32f4_rtos\Project\EWARMv7\Flash\Obj\stm32f4xx_hash_md5.o
#        E:\WORK\YarnControl_Driver\YarnControl_Driver\src\stm32f4_rtos\Project\EWARMv7\Flash\Obj\stm32f4xx_hash_sha1.o
#        E:\WORK\YarnControl_Driver\YarnControl_Driver\src\stm32f4_rtos\Project\EWARMv7\Flash\Obj\stm32f4xx_i2c.o
#        E:\WORK\YarnControl_Driver\YarnControl_Driver\src\stm32f4_rtos\Project\EWARMv7\Flash\Obj\stm32f4xx_it.o
#        E:\WORK\YarnControl_Driver\YarnControl_Driver\src\stm32f4_rtos\Project\EWARMv7\Flash\Obj\stm32f4xx_iwdg.o
#        E:\WORK\YarnControl_Driver\YarnControl_Driver\src\stm32f4_rtos\Project\EWARMv7\Flash\Obj\stm32f4xx_ltdc.o
#        E:\WORK\YarnControl_Driver\YarnControl_Driver\src\stm32f4_rtos\Project\EWARMv7\Flash\Obj\stm32f4xx_pwr.o
#        E:\WORK\YarnControl_Driver\YarnControl_Driver\src\stm32f4_rtos\Project\EWARMv7\Flash\Obj\stm32f4xx_rcc.o
#        E:\WORK\YarnControl_Driver\YarnControl_Driver\src\stm32f4_rtos\Project\EWARMv7\Flash\Obj\stm32f4xx_rng.o
#        E:\WORK\YarnControl_Driver\YarnControl_Driver\src\stm32f4_rtos\Project\EWARMv7\Flash\Obj\stm32f4xx_rtc.o
#        E:\WORK\YarnControl_Driver\YarnControl_Driver\src\stm32f4_rtos\Project\EWARMv7\Flash\Obj\stm32f4xx_sai.o
#        E:\WORK\YarnControl_Driver\YarnControl_Driver\src\stm32f4_rtos\Project\EWARMv7\Flash\Obj\stm32f4xx_sdio.o
#        E:\WORK\YarnControl_Driver\YarnControl_Driver\src\stm32f4_rtos\Project\EWARMv7\Flash\Obj\stm32f4xx_spi.o
#        E:\WORK\YarnControl_Driver\YarnControl_Driver\src\stm32f4_rtos\Project\EWARMv7\Flash\Obj\stm32f4xx_syscfg.o
#        E:\WORK\YarnControl_Driver\YarnControl_Driver\src\stm32f4_rtos\Project\EWARMv7\Flash\Obj\stm32f4xx_tim.o
#        E:\WORK\YarnControl_Driver\YarnControl_Driver\src\stm32f4_rtos\Project\EWARMv7\Flash\Obj\stm32f4xx_usart.o
#        E:\WORK\YarnControl_Driver\YarnControl_Driver\src\stm32f4_rtos\Project\EWARMv7\Flash\Obj\stm32f4xx_wwdg.o
#        E:\WORK\YarnControl_Driver\YarnControl_Driver\src\stm32f4_rtos\Project\EWARMv7\Flash\Obj\SysInfoTest.o
#        E:\WORK\YarnControl_Driver\YarnControl_Driver\src\stm32f4_rtos\Project\EWARMv7\Flash\Obj\system_stm32f4xx.o
#        E:\WORK\YarnControl_Driver\YarnControl_Driver\src\stm32f4_rtos\Project\EWARMv7\Flash\Obj\tasks.o
#        E:\WORK\YarnControl_Driver\YarnControl_Driver\src\stm32f4_rtos\Project\EWARMv7\Flash\Obj\timer_platform.o
#        E:\WORK\YarnControl_Driver\YarnControl_Driver\src\stm32f4_rtos\Project\EWARMv7\Flash\Obj\timers.o
#        E:\WORK\YarnControl_Driver\YarnControl_Driver\src\stm32f4_rtos\Project\EWARMv7\Flash\Obj\transport.o
#        E:\WORK\YarnControl_Driver\YarnControl_Driver\src\stm32f4_rtos\Project\EWARMv7\Flash\Obj\usb_bsp.o
#        E:\WORK\YarnControl_Driver\YarnControl_Driver\src\stm32f4_rtos\Project\EWARMv7\Flash\Obj\usb_core.o
#        E:\WORK\YarnControl_Driver\YarnControl_Driver\src\stm32f4_rtos\Project\EWARMv7\Flash\Obj\usb_hcd.o
#        E:\WORK\YarnControl_Driver\YarnControl_Driver\src\stm32f4_rtos\Project\EWARMv7\Flash\Obj\usb_hcd_int.o
#        E:\WORK\YarnControl_Driver\YarnControl_Driver\src\stm32f4_rtos\Project\EWARMv7\Flash\Obj\usbh_core.o
#        E:\WORK\YarnControl_Driver\YarnControl_Driver\src\stm32f4_rtos\Project\EWARMv7\Flash\Obj\usbh_hcs.o
#        E:\WORK\YarnControl_Driver\YarnControl_Driver\src\stm32f4_rtos\Project\EWARMv7\Flash\Obj\usbh_ioreq.o
#        E:\WORK\YarnControl_Driver\YarnControl_Driver\src\stm32f4_rtos\Project\EWARMv7\Flash\Obj\usbh_it.o
#        E:\WORK\YarnControl_Driver\YarnControl_Driver\src\stm32f4_rtos\Project\EWARMv7\Flash\Obj\usbh_msc_bot.o
#        E:\WORK\YarnControl_Driver\YarnControl_Driver\src\stm32f4_rtos\Project\EWARMv7\Flash\Obj\usbh_msc_core.o
#        E:\WORK\YarnControl_Driver\YarnControl_Driver\src\stm32f4_rtos\Project\EWARMv7\Flash\Obj\usbh_msc_scsi.o
#        E:\WORK\YarnControl_Driver\YarnControl_Driver\src\stm32f4_rtos\Project\EWARMv7\Flash\Obj\usbh_stdreq.o
#        E:\WORK\YarnControl_Driver\YarnControl_Driver\src\stm32f4_rtos\Project\EWARMv7\Flash\Obj\usbh_usr.o
#        -o
#        E:\WORK\YarnControl_Driver\YarnControl_Driver\src\stm32f4_rtos\Project\EWARMv7\Flash\Exe\project.out
#        --map
#        E:\WORK\YarnControl_Driver\YarnControl_Driver\src\stm32f4_rtos\Project\EWARMv7\Flash\List\project.map
#        --config
#        E:\WORK\YarnControl_Driver\YarnControl_Driver\src\stm32f4_rtos\Project\EWARMv7\stm32f4xx_flash.icf
#        --semihosting --entry __iar_program_start --inline --vfe
#
###############################################################################

*******************************************************************************
*** RUNTIME MODEL ATTRIBUTES
***

CppFlavor                     = *
__Heap_Handler                = DLMalloc
__SystemLibrary               = DLib
__dlib_dynamic_initialization = normal


*******************************************************************************
*** PLACEMENT SUMMARY
***

"A1":  place at 0x08000000 { ro section .intvec };
"P1":  place in [from 0x08000000 to 0x080fffff] { ro };
"P2":  place in [from 0x20000000 to 0x2001ffff] { rw, block CSTACK, block HEAP };

  Section             Kind        Address     Size  Object
  -------             ----        -------     ----  ------
"A1":                                        0x188
  .intvec             ro code  0x08000000    0x188  startup_stm32f40_41xxx.o [1]
                             - 0x08000188    0x188

"P1":                                      0x4be33
  .rodata             const    0x08000188  0x15484  cc936.o [1]
  .rodata             const    0x0801560c  0x15484  cc936.o [1]
  .text               ro code  0x0802aa90   0x79c8  apptask.o [1]
  .text               ro code  0x08032458   0x1634  bsp_sdwe050c17.o [1]
  .text               ro code  0x08033a8c    0x7c8  queue.o [1]
  .text               ro code  0x08034254    0x6b0  product_cal.o [1]
  .text               ro code  0x08034904     0x66  ABImemset.o [5]
  .text               ro code  0x0803496a     0x1e  xsscin.o [3]
  .text               ro code  0x08034988    0xce0  tasks.o [1]
  .text               ro code  0x08035668    0x380  bsp_w25qxx.o [1]
  .text               ro code  0x080359e8   0x153a  para.o [1]
  .text               ro code  0x08036f22     0x1a  xsnprout.o [3]
  .text               ro code  0x08036f3c     0x4e  FltToDbl.o [4]
  .text               ro code  0x08036f8a      0xa  xsprout.o [3]
  .text               ro code  0x08036f94     0x24  printf.o [3]
  .text               ro code  0x08036fb8     0x76  ABImemcpy_unaligned.o [5]
  .text               ro code  0x08037030     0x42  strcmp_unaligned.o [5]
  .text               ro code  0x08037074    0x21c  malloc.o [1]
  .text               ro code  0x08037290     0x62  memcmp_unaligned.o [5]
  .text               ro code  0x080372f4     0x30  I32ToDbl.o [4]
  .text               ro code  0x08037324    0x256  DblDiv.o [4]
  .text               ro code  0x0803757c     0xe8  DblAdd.o [4]
  .text               ro code  0x08037664    0x1a2  DblMul.o [4]
  .text               ro code  0x08037808     0x58  DblToI32.o [4]
  .text               ro code  0x08037860     0x90  DblToFlt.o [4]
  .text               ro code  0x080378f0     0x36  strlen.o [5]
  .text               ro code  0x08037928    0x12c  stm32f4xx_gpio.o [1]
  .text               ro code  0x08037a54     0xc8  bsp_dac.o [1]
  .text               ro code  0x08037b1c     0x3c  stm32f4xx_rtc.o [1]
  .text               ro code  0x08037b58    0x618  page_weimi.o [1]
  .text               ro code  0x08038170    0x438  bsp_servomotor.o [1]
  .text               ro code  0x080385a8    0x1a2  usbh_usr.o [1]
  .text               ro code  0x0803874c    0x760  usbh_core.o [1]
  .text               ro code  0x08038eac   0x2498  ff.o [1]
  .text               ro code  0x0803b344     0x34  sprintf.o [3]
  .text               ro code  0x0803b378     0x1c  strcat.o [3]
  .text               ro code  0x0803b394     0xc0  bsp_led.o [1]
  .text               ro code  0x0803b454     0xee  rc522.o [1]
  .text               ro code  0x0803b544    0x368  modbus.o [1]
  .text               ro code  0x0803b8ac     0x9c  protocol.o [1]
  .text               ro code  0x0803b948     0x10  para.o [1]
  .text               ro code  0x0803b958     0xdc  bsp_closeSW.o [1]
  .text               ro code  0x0803ba34    0x188  bkp_pwr.o [1]
  .text               ro code  0x0803bbbc    0x4fc  bsp_stepmotor.o [1]
  .text               ro code  0x0803c0b8    0x298  encoder_tim.o [1]
  .text               ro code  0x0803c350     0x7c  esp8266_init.o [1]
  .text               ro code  0x0803c3cc    0x414  esp8266_handler.o [1]
  .text               ro code  0x0803c7e0    0x434  pub0sub1.o [1]
  .text               ro code  0x0803cc14    0x21a  bsp_key.o [1]
  .text               ro code  0x0803ce30    0x262  event_groups.o [1]
  .text               ro code  0x0803d094    0x4a4  timers.o [1]
  .text               ro code  0x0803d538      0x8  bsp_watchdog.o [1]
  .text               ro code  0x0803d540    0x1e8  stm32f4xx_rcc.o [1]
  .text               ro code  0x0803d728     0x74  bsp_dwt.o [1]
  .text               ro code  0x0803d79c    0xaa4  bsp_uart_fifo.o [1]
  .text               ro code  0x0803e240    0x204  bsp_timer.o [1]
  .text               ro code  0x0803e444    0x24c  port.o [1]
  .text               ro code  0x0803e690     0x98  list.o [1]
  .text               ro code  0x0803e728    0x280  heap_4.o [1]
  .text               ro code  0x0803e9a8    0x124  bsp_spi.o [1]
  .text               ro code  0x0803eacc     0x44  strcpy_unaligned.o [5]
  .text               ro code  0x0803eb10     0x24  sscanf.o [3]
  .text               ro code  0x0803eb34    0xd96  xprintffull_nomb.o [3]
  .text               ro code  0x0803f8cc    0x180  DblSub.o [4]
  .text               ro code  0x0803fa4c     0x7c  stm32f4xx_dac.o [1]
  .text               ro code  0x0803fac8    0x6f6  stm32f4xx_tim.o [1]
  .text               ro code  0x080401c0    0x31c  stm32f4xx_dma.o [1]
  .text               ro code  0x080404dc     0x88  misc.o [1]
  .text               ro code  0x08040564    0x14c  usb_bsp.o [1]
  .text               ro code  0x080406b0     0xd6  usb_hcd.o [1]
  .text               ro code  0x08040786    0x1ba  usbh_hcs.o [1]
  .text               ro code  0x08040940    0x436  usbh_stdreq.o [1]
  .text               ro code  0x08040d76    0x246  usbh_ioreq.o [1]
  .text               ro code  0x08040fbc    0x2e4  diskio.o [1]
  .text               ro code  0x080412a0     0xf4  cc936.o [1]
  .text               ro code  0x08041394     0xb8  mcheck.o [1]
  .text               ro code  0x0804144c     0x2c  strstr.o [3]
  .text               ro code  0x08041478     0x54  stm32f4xx_syscfg.o [1]
  .text               ro code  0x080414cc     0xc0  stm32f4xx_exti.o [1]
  .text               ro code  0x0804158c      0xc  stm32f4xx_pwr.o [1]
  .text               ro code  0x08041598    0x132  I64DivMod.o [5]
  .text               ro code  0x080416cc      0x6  ABImemclr4.o [5]
  .text               ro code  0x080416d4     0x44  snprintf.o [3]
  .text               ro code  0x08041718    0x306  MQTTConnectClient.o [1]
  .text               ro code  0x08041a20     0x6c  transport.o [1]
  .text               ro code  0x08041a8c    0x290  MQTTPacket.o [1]
  .text               ro code  0x08041d1c     0x40  timer_platform.o [1]
  .text               ro code  0x08041d5c    0x190  MQTTSubscribeClient.o [1]
  .text               ro code  0x08041eec     0xbc  MQTTDeserializePublish.o [1]
  .text               ro code  0x08041fa8     0xec  MQTTSerializePublish.o [1]
  .text               ro code  0x08042094     0x10  stm32f4xx_iwdg.o [1]
  .text               ro code  0x080420a4    0x254  stm32f4xx_usart.o [1]
  CODE                ro code  0x080422f8     0xa8  portasm.o [1]
  .text               ro code  0x080423a0     0x74  stm32f4xx_spi.o [1]
  .text               ro code  0x08042414    0xb64  xscanffull_nomb.o [3]
  .text               ro code  0x08042f78     0x16  strchr.o [5]
  .text               ro code  0x08042f90     0x58  memchr.o [5]
  .text               ro code  0x08042fe8     0x42  xdnorm.o [4]
  .text               ro code  0x0804302c     0x2e  DblCmpLe.o [4]
  .text               ro code  0x0804305c     0x2e  DblCmpGe.o [4]
  .text               ro code  0x0804308c    0x114  xdscale.o [4]
  .text               ro code  0x080431a0     0x6c  localeconv.o [3]
  .text               ro code  0x0804320c      0xe  div.o [3]
  .text               ro code  0x0804321c    0xa50  usb_core.o [1]
  .text               ro code  0x08043c6c   0x1a58  bsp_sdio_sd.o [1]
  .text               ro code  0x080456c4    0x618  usbh_msc_scsi.o [1]
  .text               ro code  0x08045cdc    0x554  usbh_msc_bot.o [1]
  .text               ro code  0x08046230      0x2  I64DivZer.o [5]
  .text               ro code  0x08046234     0x32  ABImemset48.o [5]
  .text               ro code  0x08046266     0x28  isxxx.o [3]
  .text               ro code  0x0804628e     0xa4  xstoll.o [3]
  .text               ro code  0x08046334    0x1b0  xstoull.o [3]
  .text               ro code  0x080464e4    0x168  xstold.o [4]
  .text               ro code  0x0804664c    0x17c  stm32f4xx_sdio.o [1]
  .text               ro code  0x080467c8     0x18  setlocale.o [3]
  .text               ro code  0x080467e0     0x16  xlocale_c.o [3]
  .text               ro code  0x080467f6     0x14  xlocale_c.o [3]
  .text               ro code  0x0804680c      0xc  errno.o [3]
  .text               ro code  0x08046818     0x14  tolower.o [3]
  .text               ro code  0x0804682c    0x124  xstopfx.o [3]
  .text               ro code  0x08046950    0x1b8  xstoflt.o [3]
  .text               ro code  0x08046b08    0x200  xdtento.o [4]
  .text               ro code  0x08046d08    0x218  xstoxflt.o [3]
  .text               ro code  0x08046f20      0x2  xtls.o [3]
  .text               ro code  0x08046f22      0xc  xlocale_c.o [3]
  .text               ro code  0x08046f30     0x20  DblCmpEq.o [4]
  .text               ro code  0x08046f50     0x52  xdunscal.o [4]
  .text               ro code  0x08046fa4    0xc7e  usb_hcd_int.o [1]
  .text               ro code  0x08047c24    0x4fa  des.o [1]
  .text               ro code  0x08048120    0x4ae  smec98sp.o [1]
  .text               ro code  0x080485d0    0x1b6  stm32f4xx_adc.o [1]
  .text               ro code  0x08048788    0x38e  iic_smec98sp.o [1]
  .text               ro code  0x08048b18     0x20  srand.o [3]
  .text               ro code  0x08048b38     0xe0  rand.o [3]
  .rodata             const    0x08048c18    0x400  apptask.o [1]
  .text               ro code  0x08049018    0x3e8  usbh_msc_core.o [1]
  .rodata             const    0x08049400    0x3dc  cc936.o [1]
  .rodata             const    0x080497dc    0x3dc  cc936.o [1]
  .rodata             const    0x08049bb8    0x200  des.o [1]
  .rodata             const    0x08049db8    0x190  product_cal.o [1]
  .text               ro code  0x08049f48    0x154  system_stm32f4xx.o [1]
  .rodata             const    0x0804a09c    0x100  mcheck.o [1]
  .rodata             const    0x0804a19c    0x100  mcheck.o [1]
  .rodata             const    0x0804a29c    0x100  mcheck.o [1]
  .text               ro code  0x0804a39c     0xd0  packbits_init.o [5]
  .text               ro code  0x0804a46c      0x6  abort.o [3]
  .text               ro code  0x0804a474     0x14  exit.o [6]
  .text               ro code  0x0804a488     0x5c  bsp.o [1]
  .text               ro code  0x0804a4e4     0x44  bsp_relay.o [1]
  .text               ro code  0x0804a528     0x44  bsp_sw_onoff.o [1]
  .rodata             const    0x0804a56c     0x58  pub0sub1.o [1]
  .rodata             const    0x0804a5c4     0x40  des.o [1]
  .rodata             const    0x0804a604     0x40  des.o [1]
  .text               ro code  0x0804a644     0x40  zero_init3.o [5]
  .rodata             const    0x0804a684     0x38  demo_fatfs.o [1]
  .rodata             const    0x0804a6bc     0x38  des.o [1]
  .text               ro code  0x0804a6f4     0x38  stm32f4xx_it.o [1]
  .rodata             const    0x0804a72c     0x34  apptask.o [1]
  .rodata             const    0x0804a760     0x30  apptask.o [1]
  .rodata             const    0x0804a790     0x30  demo_fatfs.o [1]
  .rodata             const    0x0804a7c0     0x30  demo_fatfs.o [1]
  .rodata             const    0x0804a7f0     0x30  des.o [1]
  .rodata             const    0x0804a820     0x30  des.o [1]
  .text               ro code  0x0804a850     0x30  main.o [1]
  .rodata             const    0x0804a880     0x2c  apptask.o [1]
  .rodata             const    0x0804a8ac     0x2c  demo_fatfs.o [1]
  .rodata             const    0x0804a8d8     0x2c  demo_fatfs.o [1]
  .rodata             const    0x0804a904     0x2c  stm32f4xx_it.o [1]
  .text               ro code  0x0804a930     0x2c  SysInfoTest.o [1]
  .rodata             const    0x0804a95c     0x28  apptask.o [1]
  .rodata             const    0x0804a984     0x28  demo_fatfs.o [1]
  .rodata             const    0x0804a9ac     0x28  demo_fatfs.o [1]
  .rodata             const    0x0804a9d4     0x28  demo_fatfs.o [1]
  .text               ro code  0x0804a9fc     0x28  data_init.o [5]
  .rodata             const    0x0804aa24     0x24  apptask.o [1]
  .rodata             const    0x0804aa48     0x24  apptask.o [1]
  .rodata             const    0x0804aa6c     0x24  apptask.o [1]
  .rodata             const    0x0804aa90     0x24  apptask.o [1]
  .rodata             const    0x0804aab4     0x24  apptask.o [1]
  .rodata             const    0x0804aad8     0x24  apptask.o [1]
  .rodata             const    0x0804aafc     0x24  apptask.o [1]
  .rodata             const    0x0804ab20     0x24  apptask.o [1]
  .rodata             const    0x0804ab44     0x24  apptask.o [1]
  .rodata             const    0x0804ab68     0x24  apptask.o [1]
  .rodata             const    0x0804ab8c     0x24  demo_fatfs.o [1]
  .rodata             const    0x0804abb0     0x24  demo_fatfs.o [1]
  .rodata             const    0x0804abd4     0x24  pub0sub1.o [1]
  .rodata             const    0x0804abf8     0x24  pub0sub1.o [1]
  .rodata             const    0x0804ac1c     0x24  usbh_usr.o [1]
  .text               ro code  0x0804ac40     0x22  fpinit_M.o [4]
  .iar.init_table     const    0x0804ac64     0x34  - Linker created -
  .rodata             const    0x0804ac98     0x20  apptask.o [1]
  .rodata             const    0x0804acb8     0x20  apptask.o [1]
  .rodata             const    0x0804acd8     0x20  apptask.o [1]
  .rodata             const    0x0804acf8     0x20  demo_fatfs.o [1]
  .rodata             const    0x0804ad18     0x20  demo_fatfs.o [1]
  .rodata             const    0x0804ad38     0x20  demo_fatfs.o [1]
  .rodata             const    0x0804ad58     0x20  des.o [1]
  .rodata             const    0x0804ad78     0x20  pub0sub1.o [1]
  .rodata             const    0x0804ad98     0x20  usbh_usr.o [1]
  .rodata             const    0x0804adb8     0x20  usbh_usr.o [1]
  .rodata             const    0x0804add8     0x20  usbh_usr.o [1]
  .rodata             const    0x0804adf8     0x20  usbh_usr.o [1]
  .rodata             const    0x0804ae18     0x20  usbh_usr.o [1]
  .rodata             const    0x0804ae38     0x1c  apptask.o [1]
  .rodata             const    0x0804ae54     0x1c  apptask.o [1]
  .rodata             const    0x0804ae70     0x1c  apptask.o [1]
  .rodata             const    0x0804ae8c     0x1c  apptask.o [1]
  .rodata             const    0x0804aea8     0x1c  apptask.o [1]
  .rodata             const    0x0804aec4     0x1c  apptask.o [1]
  .rodata             const    0x0804aee0     0x1c  apptask.o [1]
  .rodata             const    0x0804aefc     0x1c  apptask.o [1]
  .rodata             const    0x0804af18     0x1c  demo_fatfs.o [1]
  .rodata             const    0x0804af34     0x1c  demo_fatfs.o [1]
  .rodata             const    0x0804af50     0x1c  esp8266_handler.o [1]
  .rodata             const    0x0804af6c     0x1c  esp8266_handler.o [1]
  .rodata             const    0x0804af88     0x1c  pub0sub1.o [1]
  .rodata             const    0x0804afa4     0x1c  pub0sub1.o [1]
  .rodata             const    0x0804afc0     0x1c  pub0sub1.o [1]
  .rodata             const    0x0804afdc     0x1c  smec98sp.o [1]
  .rodata             const    0x0804aff8     0x1c  smec98sp.o [1]
  .rodata             const    0x0804b014     0x1c  smec98sp.o [1]
  .rodata             const    0x0804b030     0x1c  usbh_usr.o [1]
  .rodata             const    0x0804b04c     0x1c  usbh_usr.o [1]
  .rodata             const    0x0804b068     0x1c  usbh_usr.o [1]
  .rodata             const    0x0804b084     0x1c  usbh_usr.o [1]
  .rodata             const    0x0804b0a0     0x1c  usbh_usr.o [1]
  .rodata             const    0x0804b0bc     0x1c  usbh_usr.o [1]
  .text               ro code  0x0804b0d8     0x1a  cmain.o [5]
  .text               ro code  0x0804b0f2      0x4  exit.o [3]
  .text               ro code  0x0804b0f8      0xa  cexit.o [5]
  .rodata             const    0x0804b104     0x18  apptask.o [1]
  .rodata             const    0x0804b11c     0x18  apptask.o [1]
  .rodata             const    0x0804b134     0x18  apptask.o [1]
  .rodata             const    0x0804b14c     0x18  apptask.o [1]
  .rodata             const    0x0804b164     0x18  apptask.o [1]
  .rodata             const    0x0804b17c     0x18  apptask.o [1]
  .rodata             const    0x0804b194     0x18  apptask.o [1]
  .rodata             const    0x0804b1ac     0x18  apptask.o [1]
  .rodata             const    0x0804b1c4     0x18  apptask.o [1]
  .rodata             const    0x0804b1dc     0x18  apptask.o [1]
  .rodata             const    0x0804b1f4     0x18  apptask.o [1]
  .rodata             const    0x0804b20c     0x18  apptask.o [1]
  .rodata             const    0x0804b224     0x18  demo_fatfs.o [1]
  .rodata             const    0x0804b23c     0x18  demo_fatfs.o [1]
  .rodata             const    0x0804b254     0x18  demo_fatfs.o [1]
  .rodata             const    0x0804b26c     0x18  demo_fatfs.o [1]
  .rodata             const    0x0804b284     0x18  esp8266_handler.o [1]
  .rodata             const    0x0804b29c     0x18  esp8266_handler.o [1]
  .rodata             const    0x0804b2b4     0x18  esp8266_handler.o [1]
  .rodata             const    0x0804b2cc     0x18  para.o [1]
  .rodata             const    0x0804b2e4     0x18  pub0sub1.o [1]
  .rodata             const    0x0804b2fc     0x18  pub0sub1.o [1]
  .rodata             const    0x0804b314     0x18  smec98sp.o [1]
  .rodata             const    0x0804b32c     0x18  smec98sp.o [1]
  .rodata             const    0x0804b344     0x18  usbh_usr.o [1]
  .rodata             const    0x0804b35c     0x18  usbh_usr.o [1]
  .rodata             const    0x0804b374     0x18  usbh_usr.o [1]
  .rodata             const    0x0804b38c     0x18  usbh_usr.o [1]
  .rodata             const    0x0804b3a4     0x18  usbh_usr.o [1]
  .text               ro code  0x0804b3bc     0x16  xprout.o [3]
  .text               ro code  0x0804b3d4      0xc  putchar.o [3]
  .rodata             const    0x0804b3e0     0x14  apptask.o [1]
  .rodata             const    0x0804b3f4     0x14  apptask.o [1]
  .rodata             const    0x0804b408     0x14  apptask.o [1]
  .rodata             const    0x0804b41c     0x14  apptask.o [1]
  .rodata             const    0x0804b430     0x14  apptask.o [1]
  .rodata             const    0x0804b444     0x14  apptask.o [1]
  .rodata             const    0x0804b458     0x14  apptask.o [1]
  .rodata             const    0x0804b46c     0x14  apptask.o [1]
  .rodata             const    0x0804b480     0x14  apptask.o [1]
  .rodata             const    0x0804b494     0x14  apptask.o [1]
  .rodata             const    0x0804b4a8     0x14  apptask.o [1]
  .rodata             const    0x0804b4bc     0x14  apptask.o [1]
  .rodata             const    0x0804b4d0     0x14  apptask.o [1]
  .rodata             const    0x0804b4e4     0x14  apptask.o [1]
  .rodata             const    0x0804b4f8     0x14  apptask.o [1]
  .rodata             const    0x0804b50c     0x14  des.o [1]
  .rodata             const    0x0804b520     0x14  esp8266_handler.o [1]
  .rodata             const    0x0804b534     0x14  pub0sub1.o [1]
  .rodata             const    0x0804b548     0x14  pub0sub1.o [1]
  .rodata             const    0x0804b55c     0x14  pub0sub1.o [1]
  .rodata             const    0x0804b570     0x14  pub0sub1.o [1]
  .rodata             const    0x0804b584     0x14  pub0sub1.o [1]
  .rodata             const    0x0804b598     0x14  smec98sp.o [1]
  .rodata             const    0x0804b5ac     0x14  usbh_usr.o [1]
  .rodata             const    0x0804b5c0     0x14  usbh_usr.o [1]
  .rodata             const    0x0804b5d4     0x10  apptask.o [1]
  .rodata             const    0x0804b5e4     0x10  apptask.o [1]
  .rodata             const    0x0804b5f4     0x10  apptask.o [1]
  .rodata             const    0x0804b604     0x10  apptask.o [1]
  .rodata             const    0x0804b614     0x10  apptask.o [1]
  .rodata             const    0x0804b624     0x10  apptask.o [1]
  .rodata             const    0x0804b634     0x10  apptask.o [1]
  .rodata             const    0x0804b644     0x10  apptask.o [1]
  .rodata             const    0x0804b654     0x10  apptask.o [1]
  .rodata             const    0x0804b664     0x10  apptask.o [1]
  .rodata             const    0x0804b674     0x10  apptask.o [1]
  .rodata             const    0x0804b684     0x10  apptask.o [1]
  .rodata             const    0x0804b694     0x10  apptask.o [1]
  .rodata             const    0x0804b6a4     0x10  apptask.o [1]
  .rodata             const    0x0804b6b4     0x10  apptask.o [1]
  .rodata             const    0x0804b6c4     0x10  apptask.o [1]
  .rodata             const    0x0804b6d4     0x10  apptask.o [1]
  .rodata             const    0x0804b6e4     0x10  apptask.o [1]
  .rodata             const    0x0804b6f4     0x10  apptask.o [1]
  .rodata             const    0x0804b704     0x10  apptask.o [1]
  .rodata             const    0x0804b714     0x10  apptask.o [1]
  .rodata             const    0x0804b724     0x10  apptask.o [1]
  .rodata             const    0x0804b734     0x10  apptask.o [1]
  .rodata             const    0x0804b744     0x10  apptask.o [1]
  .rodata             const    0x0804b754     0x10  apptask.o [1]
  .rodata             const    0x0804b764     0x10  apptask.o [1]
  .rodata             const    0x0804b774     0x10  apptask.o [1]
  .rodata             const    0x0804b784     0x10  apptask.o [1]
  .rodata             const    0x0804b794     0x10  bsp_sdwe050c17.o [1]
  .rodata             const    0x0804b7a4     0x10  esp8266_handler.o [1]
  .rodata             const    0x0804b7b4     0x10  esp8266_handler.o [1]
  .rodata             const    0x0804b7c4     0x10  esp8266_handler.o [1]
  .rodata             const    0x0804b7d4     0x10  esp8266_handler.o [1]
  .rodata             const    0x0804b7e4     0x10  esp8266_handler.o [1]
  .rodata             const    0x0804b7f4     0x10  esp8266_handler.o [1]
  .rodata             const    0x0804b804     0x10  ff.o [1]
  .rodata             const    0x0804b814     0x10  main.o [1]
  .rodata             const    0x0804b824     0x10  main.o [1]
  .rodata             const    0x0804b834     0x10  para.o [1]
  .rodata             const    0x0804b844     0x10  para.o [1]
  .rodata             const    0x0804b854     0x10  pub0sub1.o [1]
  .rodata             const    0x0804b864     0x10  smec98sp.o [1]
  .rodata             const    0x0804b874     0x10  smec98sp.o [1]
  .rodata             const    0x0804b884     0x10  smec98sp.o [1]
  .rodata             const    0x0804b894     0x10  smec98sp.o [1]
  .rodata             const    0x0804b8a4     0x10  smec98sp.o [1]
  .rodata             const    0x0804b8b4     0x10  smec98sp.o [1]
  .rodata             const    0x0804b8c4     0x10  usbh_usr.o [1]
  .rodata             const    0x0804b8d4     0x10  usbh_usr.o [1]
  .text               ro code  0x0804b8e4     0x10  startup_stm32f40_41xxx.o [1]
  .text               ro code  0x0804b8f4     0x10  usbh_it.o [1]
  .rodata             const    0x0804b904      0xc  apptask.o [1]
  .rodata             const    0x0804b910      0xc  apptask.o [1]
  .rodata             const    0x0804b91c      0xc  apptask.o [1]
  .rodata             const    0x0804b928      0xc  apptask.o [1]
  .rodata             const    0x0804b934      0xc  apptask.o [1]
  .rodata             const    0x0804b940      0xc  apptask.o [1]
  .rodata             const    0x0804b94c      0xc  apptask.o [1]
  .rodata             const    0x0804b958      0xc  apptask.o [1]
  .rodata             const    0x0804b964      0xc  apptask.o [1]
  .rodata             const    0x0804b970      0xc  apptask.o [1]
  .rodata             const    0x0804b97c      0xc  apptask.o [1]
  .rodata             const    0x0804b988      0xc  apptask.o [1]
  .rodata             const    0x0804b994      0xc  apptask.o [1]
  .rodata             const    0x0804b9a0      0xc  apptask.o [1]
  .rodata             const    0x0804b9ac      0xc  apptask.o [1]
  .rodata             const    0x0804b9b8      0xc  apptask.o [1]
  .rodata             const    0x0804b9c4      0xc  apptask.o [1]
  .rodata             const    0x0804b9d0      0xc  apptask.o [1]
  .rodata             const    0x0804b9dc      0xc  apptask.o [1]
  .rodata             const    0x0804b9e8      0xc  apptask.o [1]
  .rodata             const    0x0804b9f4      0xc  apptask.o [1]
  .rodata             const    0x0804ba00      0xc  apptask.o [1]
  .rodata             const    0x0804ba0c      0xc  apptask.o [1]
  .rodata             const    0x0804ba18      0xc  apptask.o [1]
  .rodata             const    0x0804ba24      0xc  apptask.o [1]
  .rodata             const    0x0804ba30      0xc  apptask.o [1]
  .rodata             const    0x0804ba3c      0xc  apptask.o [1]
  .rodata             const    0x0804ba48      0xc  apptask.o [1]
  .rodata             const    0x0804ba54      0xc  apptask.o [1]
  .rodata             const    0x0804ba60      0xc  apptask.o [1]
  .rodata             const    0x0804ba6c      0xc  apptask.o [1]
  .rodata             const    0x0804ba78      0xc  apptask.o [1]
  .rodata             const    0x0804ba84      0xc  apptask.o [1]
  .rodata             const    0x0804ba90      0xc  apptask.o [1]
  .rodata             const    0x0804ba9c      0xc  apptask.o [1]
  .rodata             const    0x0804baa8      0xc  bsp_sdwe050c17.o [1]
  .rodata             const    0x0804bab4      0xc  demo_fatfs.o [1]
  .rodata             const    0x0804bac0      0xc  esp8266_handler.o [1]
  .rodata             const    0x0804bacc      0xc  esp8266_handler.o [1]
  .rodata             const    0x0804bad8      0xc  esp8266_handler.o [1]
  .rodata             const    0x0804bae4      0xc  esp8266_handler.o [1]
  .rodata             const    0x0804baf0      0xc  esp8266_handler.o [1]
  .rodata             const    0x0804bafc      0xc  esp8266_handler.o [1]
  .rodata             const    0x0804bb08      0xc  ff.o [1]
  .rodata             const    0x0804bb14      0xc  page_weimi.o [1]
  .rodata             const    0x0804bb20      0xc  para.o [1]
  .rodata             const    0x0804bb2c      0xc  para.o [1]
  .rodata             const    0x0804bb38      0xc  para.o [1]
  .rodata             const    0x0804bb44      0xc  para.o [1]
  .rodata             const    0x0804bb50      0xc  para.o [1]
  .rodata             const    0x0804bb5c      0xc  pub0sub1.o [1]
  .rodata             const    0x0804bb68      0xc  pub0sub1.o [1]
  .text               ro code  0x0804bb74      0xc  cstartup_M.o [5]
  .rodata             const    0x0804bb80      0x8  apptask.o [1]
  .rodata             const    0x0804bb88      0x8  apptask.o [1]
  .rodata             const    0x0804bb90      0x8  apptask.o [1]
  .rodata             const    0x0804bb98      0x8  apptask.o [1]
  .rodata             const    0x0804bba0      0x8  apptask.o [1]
  .rodata             const    0x0804bba8      0x8  apptask.o [1]
  .rodata             const    0x0804bbb0      0x8  apptask.o [1]
  .rodata             const    0x0804bbb8      0x8  apptask.o [1]
  .rodata             const    0x0804bbc0      0x8  apptask.o [1]
  .rodata             const    0x0804bbc8      0x8  apptask.o [1]
  .rodata             const    0x0804bbd0      0x8  apptask.o [1]
  .rodata             const    0x0804bbd8      0x8  apptask.o [1]
  .rodata             const    0x0804bbe0      0x8  apptask.o [1]
  .rodata             const    0x0804bbe8      0x8  apptask.o [1]
  .rodata             const    0x0804bbf0      0x8  apptask.o [1]
  .rodata             const    0x0804bbf8      0x8  apptask.o [1]
  .rodata             const    0x0804bc00      0x8  apptask.o [1]
  .rodata             const    0x0804bc08      0x8  apptask.o [1]
  .rodata             const    0x0804bc10      0x8  apptask.o [1]
  .rodata             const    0x0804bc18      0x8  apptask.o [1]
  .rodata             const    0x0804bc20      0x8  apptask.o [1]
  .rodata             const    0x0804bc28      0x8  apptask.o [1]
  .rodata             const    0x0804bc30      0x8  apptask.o [1]
  .rodata             const    0x0804bc38      0x8  apptask.o [1]
  .rodata             const    0x0804bc40      0x8  bsp_sdwe050c17.o [1]
  .rodata             const    0x0804bc48      0x8  bsp_w25qxx.o [1]
  .rodata             const    0x0804bc50      0x8  esp8266_handler.o [1]
  .rodata             const    0x0804bc58      0x8  ff.o [1]
  .rodata             const    0x0804bc60      0x8  malloc.o [1]
  .rodata             const    0x0804bc68      0x8  malloc.o [1]
  .rodata             const    0x0804bc70      0x8  malloc.o [1]
  .rodata             const    0x0804bc78      0x8  MQTTConnectClient.o [1]
  .rodata             const    0x0804bc80      0x8  MQTTConnectClient.o [1]
  .rodata             const    0x0804bc88      0x8  para.o [1]
  .rodata             const    0x0804bc90      0x8  para.o [1]
  .rodata             const    0x0804bc98      0x8  para.o [1]
  .rodata             const    0x0804bca0      0x8  para.o [1]
  .rodata             const    0x0804bca8      0x8  para.o [1]
  .rodata             const    0x0804bcb0      0x8  para.o [1]
  .rodata             const    0x0804bcb8      0x8  para.o [1]
  .rodata             const    0x0804bcc0      0x8  para.o [1]
  .rodata             const    0x0804bcc8      0x8  para.o [1]
  .rodata             const    0x0804bcd0      0x8  para.o [1]
  .rodata             const    0x0804bcd8      0x8  para.o [1]
  .rodata             const    0x0804bce0      0x8  para.o [1]
  .rodata             const    0x0804bce8      0x8  para.o [1]
  .rodata             const    0x0804bcf0      0x8  para.o [1]
  .rodata             const    0x0804bcf8      0x8  para.o [1]
  .rodata             const    0x0804bd00      0x8  para.o [1]
  .rodata             const    0x0804bd08      0x8  para.o [1]
  .rodata             const    0x0804bd10      0x8  para.o [1]
  .rodata             const    0x0804bd18      0x8  para.o [1]
  .rodata             const    0x0804bd20      0x8  para.o [1]
  .rodata             const    0x0804bd28      0x8  para.o [1]
  .rodata             const    0x0804bd30      0x8  pub0sub1.o [1]
  .rodata             const    0x0804bd38      0x8  smec98sp.o [1]
  .rodata             const    0x0804bd40      0x8  tasks.o [1]
  .rodata             const    0x0804bd48      0x8  timers.o [1]
  .rodata             const    0x0804bd50      0x4  heap_4.o [1]
  .rodata             const    0x0804bd54      0x4  MQTTConnectClient.o [1]
  .rodata             const    0x0804bd58      0x4  MQTTConnectClient.o [1]
  .rodata             const    0x0804bd5c      0x4  MQTTConnectClient.o [1]
  .rodata             const    0x0804bd60      0x4  MQTTConnectClient.o [1]
  .rodata             const    0x0804bd64      0x4  MQTTConnectClient.o [1]
  .rodata             const    0x0804bd68      0x4  MQTTDeserializePublish.o [1]
  .rodata             const    0x0804bd6c      0x4  MQTTPacket.o [1]
  .rodata             const    0x0804bd70      0x4  MQTTSerializePublish.o [1]
  .rodata             const    0x0804bd74      0x4  MQTTSubscribeClient.o [1]
  .rodata             const    0x0804bd78      0x4  MQTTSubscribeClient.o [1]
  .rodata             const    0x0804bd7c      0x4  port.o [1]
  .text               ro code  0x0804bd80      0x4  startup_stm32f40_41xxx.o [1]
  .text               ro code  0x0804bd84      0x4  startup_stm32f40_41xxx.o [1]
  .text               ro code  0x0804bd88      0x4  startup_stm32f40_41xxx.o [1]
  .text               ro code  0x0804bd8c      0x4  startup_stm32f40_41xxx.o [1]
  .text               ro code  0x0804bd90      0x4  startup_stm32f40_41xxx.o [1]
  .text               ro code  0x0804bd94      0x4  startup_stm32f40_41xxx.o [1]
  .text               ro code  0x0804bd98      0x4  startup_stm32f40_41xxx.o [1]
  .text               ro code  0x0804bd9c      0x4  startup_stm32f40_41xxx.o [1]
  .text               ro code  0x0804bda0      0x4  startup_stm32f40_41xxx.o [1]
  .text               ro code  0x0804bda4      0x4  startup_stm32f40_41xxx.o [1]
  .text               ro code  0x0804bda8      0x4  startup_stm32f40_41xxx.o [1]
  .text               ro code  0x0804bdac      0x4  startup_stm32f40_41xxx.o [1]
  .text               ro code  0x0804bdb0      0x4  startup_stm32f40_41xxx.o [1]
  .text               ro code  0x0804bdb4      0x4  startup_stm32f40_41xxx.o [1]
  .text               ro code  0x0804bdb8      0x4  startup_stm32f40_41xxx.o [1]
  .text               ro code  0x0804bdbc      0x4  startup_stm32f40_41xxx.o [1]
  .text               ro code  0x0804bdc0      0x4  startup_stm32f40_41xxx.o [1]
  .text               ro code  0x0804bdc4      0x4  startup_stm32f40_41xxx.o [1]
  .text               ro code  0x0804bdc8      0x4  startup_stm32f40_41xxx.o [1]
  .text               ro code  0x0804bdcc      0x4  startup_stm32f40_41xxx.o [1]
  .text               ro code  0x0804bdd0      0x4  startup_stm32f40_41xxx.o [1]
  .text               ro code  0x0804bdd4      0x4  startup_stm32f40_41xxx.o [1]
  .text               ro code  0x0804bdd8      0x4  startup_stm32f40_41xxx.o [1]
  .text               ro code  0x0804bddc      0x4  startup_stm32f40_41xxx.o [1]
  .text               ro code  0x0804bde0      0x4  startup_stm32f40_41xxx.o [1]
  .text               ro code  0x0804bde4      0x4  startup_stm32f40_41xxx.o [1]
  .text               ro code  0x0804bde8      0x4  startup_stm32f40_41xxx.o [1]
  .text               ro code  0x0804bdec      0x4  startup_stm32f40_41xxx.o [1]
  .text               ro code  0x0804bdf0      0x4  startup_stm32f40_41xxx.o [1]
  .text               ro code  0x0804bdf4      0x4  startup_stm32f40_41xxx.o [1]
  .text               ro code  0x0804bdf8      0x4  startup_stm32f40_41xxx.o [1]
  .text               ro code  0x0804bdfc      0x4  startup_stm32f40_41xxx.o [1]
  .text               ro code  0x0804be00      0x4  startup_stm32f40_41xxx.o [1]
  .text               ro code  0x0804be04      0x4  startup_stm32f40_41xxx.o [1]
  .text               ro code  0x0804be08      0x4  startup_stm32f40_41xxx.o [1]
  .text               ro code  0x0804be0c      0x4  startup_stm32f40_41xxx.o [1]
  .text               ro code  0x0804be10      0x4  startup_stm32f40_41xxx.o [1]
  .text               ro code  0x0804be14      0x4  startup_stm32f40_41xxx.o [1]
  .text               ro code  0x0804be18      0x4  startup_stm32f40_41xxx.o [1]
  .text               ro code  0x0804be1c      0x4  startup_stm32f40_41xxx.o [1]
  .text               ro code  0x0804be20      0x4  startup_stm32f40_41xxx.o [1]
  .text               ro code  0x0804be24      0x4  startup_stm32f40_41xxx.o [1]
  .text               ro code  0x0804be28      0x4  startup_stm32f40_41xxx.o [1]
  .text               ro code  0x0804be2c      0x4  startup_stm32f40_41xxx.o [1]
  .text               ro code  0x0804be30      0x4  startup_stm32f40_41xxx.o [1]
  .text               ro code  0x0804be34      0x4  startup_stm32f40_41xxx.o [1]
  .text               ro code  0x0804be38      0x4  startup_stm32f40_41xxx.o [1]
  .text               ro code  0x0804be3c      0x4  startup_stm32f40_41xxx.o [1]
  .text               ro code  0x0804be40      0x4  startup_stm32f40_41xxx.o [1]
  .text               ro code  0x0804be44      0x4  startup_stm32f40_41xxx.o [1]
  .text               ro code  0x0804be48      0x4  startup_stm32f40_41xxx.o [1]
  .text               ro code  0x0804be4c      0x4  startup_stm32f40_41xxx.o [1]
  .text               ro code  0x0804be50      0x4  startup_stm32f40_41xxx.o [1]
  .text               ro code  0x0804be54      0x4  startup_stm32f40_41xxx.o [1]
  .text               ro code  0x0804be58      0x4  startup_stm32f40_41xxx.o [1]
  .text               ro code  0x0804be5c      0x4  startup_stm32f40_41xxx.o [1]
  .text               ro code  0x0804be60      0x4  startup_stm32f40_41xxx.o [1]
  .text               ro code  0x0804be64      0x4  startup_stm32f40_41xxx.o [1]
  .text               ro code  0x0804be68      0x4  startup_stm32f40_41xxx.o [1]
  .text               ro code  0x0804be6c      0x4  startup_stm32f40_41xxx.o [1]
  .text               ro code  0x0804be70      0x4  startup_stm32f40_41xxx.o [1]
  .text               ro code  0x0804be74      0x4  startup_stm32f40_41xxx.o [1]
  .text               ro code  0x0804be78      0x4  startup_stm32f40_41xxx.o [1]
  .text               ro code  0x0804be7c      0x4  startup_stm32f40_41xxx.o [1]
  .text               ro code  0x0804be80      0x4  startup_stm32f40_41xxx.o [1]
  .text               ro code  0x0804be84      0x4  startup_stm32f40_41xxx.o [1]
  .text               ro code  0x0804be88      0x4  startup_stm32f40_41xxx.o [1]
  .text               ro code  0x0804be8c      0x4  startup_stm32f40_41xxx.o [1]
  .rodata             const    0x0804be90      0x0  zero_init3.o [5]
  .rodata             const    0x0804be90      0x0  packbits_init.o [5]
  Initializer bytes   const    0x0804be90    0x12b  <for P2 s0>
                             - 0x0804bfbb  0x4be33

"P2":                                      0x1ff68
  P2 s0                        0x20000000    0x2d2  <Init block>
    __DLIB_PERTHREAD  inited   0x20000000     0x8c  rand.o [3]
    __DLIB_PERTHREAD  inited   0x2000008c     0x88  localeconv.o [3]
    __DLIB_PERTHREAD  inited   0x20000114     0x74  setlocale.o [3]
    .data             inited   0x20000188     0x50  demo_fatfs.o [1]
    .data             inited   0x200001d8     0x48  usbh_usr.o [1]
    .data             inited   0x20000220     0x40  xfiles.o [3]
    .data             inited   0x20000260     0x1c  malloc.o [1]
    .data             inited   0x2000027c     0x14  bsp_servomotor.o [1]
    .data             inited   0x20000290     0x10  stm32f4xx_rcc.o [1]
    .data             inited   0x200002a0     0x10  usbh_msc_core.o [1]
    .data             inited   0x200002b0      0xc  usbh_core.o [1]
    .data             inited   0x200002bc      0x4  port.o [1]
    .data             inited   0x200002c0      0x4  system_stm32f4xx.o [1]
    .data             inited   0x200002c4      0x4  usbh_core.o [1]
    __DLIB_PERTHREAD  inited   0x200002c8      0x4  errno.o [3]
    .data             inited   0x200002cc      0x2  bsp_w25qxx.o [1]
    .data             inited   0x200002ce      0x1  apptask.o [1]
    .data             inited   0x200002cf      0x1  encoder_tim.o [1]
    .data             inited   0x200002d0      0x1  page_weimi.o [1]
    .data             inited   0x200002d1      0x1  usbh_msc_scsi.o [1]
  .bss                zero     0x200002d4  0x10c00  heap_4.o [1]
  .bss                zero     0x20010ed4   0xa000  malloc.o [1]
  .bss                zero     0x2001aed4   0x1000  bsp_w25qxx.o [1]
  .bss                zero     0x2001bed4    0xa00  malloc.o [1]
  .bss                zero     0x2001c8d4    0x5ac  usbh_usr.o [1]
  .bss                zero     0x2001ce80    0x5ac  usbh_usr.o [1]
  .bss                zero     0x2001d42c    0x3e8  bsp_uart_fifo.o [1]
  .bss                zero     0x2001d814    0x3e8  esp8266_handler.o [1]
  .bss                zero     0x2001dbfc    0x3e8  esp8266_handler.o [1]
  .bss                zero     0x2001dfe4    0x3e8  pub0sub1.o [1]
  .bss                zero     0x2001e3cc    0x200  ff.o [1]
  .bss                zero     0x2001e5cc    0x200  usbh_msc_scsi.o [1]
  .bss                zero     0x2001e7cc    0x200  usbh_stdreq.o [1]
  .bss                zero     0x2001e9cc    0x168  tasks.o [1]
  .bss                zero     0x2001eb34    0x12c  page_weimi.o [1]
  .bss                zero     0x2001ec60    0x11c  protocol.o [1]
  .bss                zero     0x2001ed7c     0xd4  protocol.o [1]
  .bss                zero     0x2001ee50     0xd0  protocol.o [1]
  .bss                zero     0x2001ef20     0xa8  para.o [1]
  .bss                zero     0x2001efc8     0x94  usbh_usr.o [1]
  .bss                zero     0x2001f05c     0x68  esp8266_handler.o [1]
  .bss                zero     0x2001f0c4     0x64  bsp_uart_fifo.o [1]
  .bss                zero     0x2001f128     0x64  bsp_uart_fifo.o [1]
  .bss                zero     0x2001f190     0x58  bsp_sdio_sd.o [1]
  .bss                zero     0x2001f1e8     0x50  xfiles.o [3]
  .bss                zero     0x2001f238     0x4c  usbh_msc_core.o [1]
  .bss                zero     0x2001f284     0x40  page_weimi.o [1]
  .bss                zero     0x2001f2c4     0x40  pub0sub1.o [1]
  .bss                zero     0x2001f304     0x34  bsp_sdwe050c17.o [1]
  .bss                zero     0x2001f338     0x30  product_cal.o [1]
  .bss                zero     0x2001f368     0x28  product_cal.o [1]
  .bss                zero     0x2001f390     0x24  ff.o [1]
  .bss                zero     0x2001f3b4     0x20  pub0sub1.o [1]
  .bss                zero     0x2001f3d4     0x20  usbh_msc_bot.o [1]
  .bss                zero     0x2001f3f4     0x1c  encoder_tim.o [1]
  .bss                zero     0x2001f410     0x18  bsp_sdio_sd.o [1]
  .bss                zero     0x2001f428     0x18  bsp_sdio_sd.o [1]
  .bss                zero     0x2001f440     0x14  bsp_sdio_sd.o [1]
  .bss                zero     0x2001f454     0x14  rc522.o [1]
  .bss                zero     0x2001f468     0x14  tasks.o [1]
  .bss                zero     0x2001f47c     0x14  tasks.o [1]
  .bss                zero     0x2001f490     0x14  tasks.o [1]
  .bss                zero     0x2001f4a4     0x14  tasks.o [1]
  .bss                zero     0x2001f4b8     0x14  tasks.o [1]
  .bss                zero     0x2001f4cc     0x14  timers.o [1]
  .bss                zero     0x2001f4e0     0x14  timers.o [1]
  .bss                zero     0x2001f4f4     0x10  bsp_key.o [1]
  .bss                zero     0x2001f504     0x10  bsp_key.o [1]
  .bss                zero     0x2001f514     0x10  bsp_sdio_sd.o [1]
  .bss                zero     0x2001f524     0x10  bsp_sdio_sd.o [1]
  .bss                zero     0x2001f534     0x10  usbh_msc_bot.o [1]
  .bss                zero     0x2001f544     0x10  usbh_msc_bot.o [1]
  .bss                zero     0x2001f554     0x10  usbh_msc_scsi.o [1]
  .bss                zero     0x2001f564      0xc  apptask.o [1]
  .bss                zero     0x2001f570      0xc  apptask.o [1]
  .bss                zero     0x2001f57c      0xc  apptask.o [1]
  .bss                zero     0x2001f588      0xc  apptask.o [1]
  .bss                zero     0x2001f594      0xc  ff.o [1]
  .bss                zero     0x2001f5a0      0xc  protocol.o [1]
  .bss                zero     0x2001f5ac      0xc  protocol.o [1]
  .bss                zero     0x2001f5b8      0xc  protocol.o [1]
  .bss                zero     0x2001f5c4      0xc  pub0sub1.o [1]
  .bss                zero     0x2001f5d0      0x8  heap_4.o [1]
  .bss                zero     0x2001f5d8      0x8  modbus.o [1]
  .bss                zero     0x2001f5e0      0x8  protocol.o [1]
  .bss                zero     0x2001f5e8      0x8  pub0sub1.o [1]
  .bss                zero     0x2001f5f0      0x4  apptask.o [1]
  .bss                zero     0x2001f5f4      0x4  apptask.o [1]
  .bss                zero     0x2001f5f8      0x4  apptask.o [1]
  .bss                zero     0x2001f5fc      0x4  apptask.o [1]
  .bss                zero     0x2001f600      0x4  apptask.o [1]
  .bss                zero     0x2001f604      0x4  apptask.o [1]
  .bss                zero     0x2001f608      0x4  apptask.o [1]
  .bss                zero     0x2001f60c      0x4  apptask.o [1]
  .bss                zero     0x2001f610      0x4  apptask.o [1]
  .bss                zero     0x2001f614      0x4  apptask.o [1]
  .bss                zero     0x2001f618      0x4  apptask.o [1]
  .bss                zero     0x2001f61c      0x4  apptask.o [1]
  .bss                zero     0x2001f620      0x4  apptask.o [1]
  .bss                zero     0x2001f624      0x4  apptask.o [1]
  .bss                zero     0x2001f628      0x4  apptask.o [1]
  .bss                zero     0x2001f62c      0x4  apptask.o [1]
  .bss                zero     0x2001f630      0x4  apptask.o [1]
  .bss                zero     0x2001f634      0x4  apptask.o [1]
  .bss                zero     0x2001f638      0x4  apptask.o [1]
  .bss                zero     0x2001f63c      0x4  apptask.o [1]
  .bss                zero     0x2001f640      0x4  apptask.o [1]
  .bss                zero     0x2001f644      0x4  apptask.o [1]
  .bss                zero     0x2001f648      0x4  apptask.o [1]
  .bss                zero     0x2001f64c      0x4  apptask.o [1]
  .bss                zero     0x2001f650      0x4  apptask.o [1]
  .bss                zero     0x2001f654      0x4  bsp_sdio_sd.o [1]
  .bss                zero     0x2001f658      0x4  bsp_sdio_sd.o [1]
  .bss                zero     0x2001f65c      0x4  bsp_sdio_sd.o [1]
  .bss                zero     0x2001f660      0x4  bsp_sdio_sd.o [1]
  .bss                zero     0x2001f664      0x4  bsp_sdio_sd.o [1]
  .bss                zero     0x2001f668      0x4  bsp_timer.o [1]
  .bss                zero     0x2001f66c      0x4  bsp_timer.o [1]
  .bss                zero     0x2001f670      0x4  bsp_timer.o [1]
  .bss                zero     0x2001f674      0x4  bsp_timer.o [1]
  .bss                zero     0x2001f678      0x4  esp8266_handler.o [1]
  .bss                zero     0x2001f67c      0x4  esp8266_handler.o [1]
  .bss                zero     0x2001f680      0x4  esp8266_handler.o [1]
  .bss                zero     0x2001f684      0x4  heap_4.o [1]
  .bss                zero     0x2001f688      0x4  heap_4.o [1]
  .bss                zero     0x2001f68c      0x4  heap_4.o [1]
  .bss                zero     0x2001f690      0x4  heap_4.o [1]
  .bss                zero     0x2001f694      0x4  MQTTPacket.o [1]
  .bss                zero     0x2001f698      0x4  page_weimi.o [1]
  .bss                zero     0x2001f69c      0x4  page_weimi.o [1]
  .bss                zero     0x2001f6a0      0x4  port.o [1]
  .bss                zero     0x2001f6a4      0x4  product_cal.o [1]
  .bss                zero     0x2001f6a8      0x4  product_cal.o [1]
  .bss                zero     0x2001f6ac      0x4  pub0sub1.o [1]
  .bss                zero     0x2001f6b0      0x4  SysInfoTest.o [1]
  .bss                zero     0x2001f6b4      0x4  tasks.o [1]
  .bss                zero     0x2001f6b8      0x4  tasks.o [1]
  .bss                zero     0x2001f6bc      0x4  tasks.o [1]
  .bss                zero     0x2001f6c0      0x4  tasks.o [1]
  .bss                zero     0x2001f6c4      0x4  tasks.o [1]
  .bss                zero     0x2001f6c8      0x4  tasks.o [1]
  .bss                zero     0x2001f6cc      0x4  tasks.o [1]
  .bss                zero     0x2001f6d0      0x4  tasks.o [1]
  .bss                zero     0x2001f6d4      0x4  tasks.o [1]
  .bss                zero     0x2001f6d8      0x4  tasks.o [1]
  .bss                zero     0x2001f6dc      0x4  tasks.o [1]
  .bss                zero     0x2001f6e0      0x4  tasks.o [1]
  .bss                zero     0x2001f6e4      0x4  tasks.o [1]
  .bss                zero     0x2001f6e8      0x4  tasks.o [1]
  .bss                zero     0x2001f6ec      0x4  tasks.o [1]
  .bss                zero     0x2001f6f0      0x4  tasks.o [1]
  .bss                zero     0x2001f6f4      0x4  timer_platform.o [1]
  .bss                zero     0x2001f6f8      0x4  timers.o [1]
  .bss                zero     0x2001f6fc      0x4  timers.o [1]
  .bss                zero     0x2001f700      0x4  timers.o [1]
  .bss                zero     0x2001f704      0x4  timers.o [1]
  .bss                zero     0x2001f708      0x4  usbh_msc_bot.o [1]
  .bss                zero     0x2001f70c      0x4  usbh_msc_bot.o [1]
  .bss                zero     0x2001f710      0x4  usbh_msc_bot.o [1]
  .bss                zero     0x2001f714      0x4  usbh_msc_bot.o [1]
  .bss                zero     0x2001f718      0x2  apptask.o [1]
  .bss                zero     0x2001f71a      0x2  apptask.o [1]
  .bss                zero     0x2001f71c      0x2  apptask.o [1]
  .bss                zero     0x2001f71e      0x2  apptask.o [1]
  .bss                zero     0x2001f720      0x2  apptask.o [1]
  .bss                zero     0x2001f722      0x2  apptask.o [1]
  .bss                zero     0x2001f724      0x2  apptask.o [1]
  .bss                zero     0x2001f726      0x2  apptask.o [1]
  .bss                zero     0x2001f728      0x2  bsp_sdwe050c17.o [1]
  .bss                zero     0x2001f72a      0x2  encoder_tim.o [1]
  .bss                zero     0x2001f72c      0x2  encoder_tim.o [1]
  .bss                zero     0x2001f72e      0x2  ff.o [1]
  .bss                zero     0x2001f730      0x2  page_weimi.o [1]
  .bss                zero     0x2001f732      0x2  page_weimi.o [1]
  .bss                zero     0x2001f734      0x2  page_weimi.o [1]
  .bss                zero     0x2001f736      0x2  product_cal.o [1]
  .bss                zero     0x2001f738      0x2  usbh_core.o [1]
  .bss                zero     0x2001f73a      0x2  usbh_stdreq.o [1]
  .bss                zero     0x2001f73c      0x1  apptask.o [1]
  .bss                zero     0x2001f73d      0x1  apptask.o [1]
  .bss                zero     0x2001f73e      0x1  apptask.o [1]
  .bss                zero     0x2001f73f      0x1  apptask.o [1]
  .bss                zero     0x2001f740      0x1  apptask.o [1]
  .bss                zero     0x2001f741      0x1  apptask.o [1]
  .bss                zero     0x2001f742      0x1  apptask.o [1]
  .bss                zero     0x2001f743      0x1  apptask.o [1]
  .bss                zero     0x2001f744      0x1  apptask.o [1]
  .bss                zero     0x2001f745      0x1  apptask.o [1]
  .bss                zero     0x2001f746      0x1  apptask.o [1]
  .bss                zero     0x2001f747      0x1  apptask.o [1]
  .bss                zero     0x2001f748      0x1  apptask.o [1]
  .bss                zero     0x2001f749      0x1  bsp_sdio_sd.o [1]
  .bss                zero     0x2001f74a      0x1  bsp_sdwe050c17.o [1]
  .bss                zero     0x2001f74b      0x1  bsp_uart_fifo.o [1]
  .bss                zero     0x2001f74c      0x1  esp8266_handler.o [1]
  .bss                zero     0x2001f74d      0x1  esp8266_handler.o [1]
  .bss                zero     0x2001f74e      0x1  esp8266_handler.o [1]
  .bss                zero     0x2001f74f      0x1  page_weimi.o [1]
  .bss                zero     0x2001f750      0x1  page_weimi.o [1]
  .bss                zero     0x2001f751      0x1  page_weimi.o [1]
  .bss                zero     0x2001f752      0x1  page_weimi.o [1]
  .bss                zero     0x2001f753      0x1  page_weimi.o [1]
  .bss                zero     0x2001f754      0x1  port.o [1]
  .bss                zero     0x2001f755      0x1  product_cal.o [1]
  .bss                zero     0x2001f756      0x1  product_cal.o [1]
  .bss                zero     0x2001f757      0x1  protocol.o [1]
  .bss                zero     0x2001f758      0x1  pub0sub1.o [1]
  .bss                zero     0x2001f759      0x1  pub0sub1.o [1]
  .bss                zero     0x2001f75a      0x1  rc522.o [1]
  .bss                zero     0x2001f75b      0x1  rc522.o [1]
  .bss                zero     0x2001f75c      0x1  usbh_msc_bot.o [1]
  .bss                zero     0x2001f75d      0x1  usbh_msc_core.o [1]
  .bss                zero     0x2001f75e      0x1  usbh_msc_core.o [1]
  .bss                zero     0x2001f75f      0x1  usbh_stdreq.o [1]
  .bss                zero     0x2001f760      0x1  usbh_usr.o [1]
  CSTACK                       0x2001f768    0x800  <Block>
    CSTACK            uninit   0x2001f768    0x800  <Block tail>
                             - 0x2001ff68  0x1ff68

Absolute sections:                         0xff000
  .bss                zero     0x68000000  0xf0000  malloc.o [1]
  .bss                zero     0x680f0000   0xf000  malloc.o [1]
                             - 0x680ff000  0xff000


*******************************************************************************
*** INIT TABLE
***

          Address     Size
          -------     ----
Zero (__iar_zero_init3)
    2 destination ranges, total size 0x11e48d:
          0x200002d4  0x1f48d
          0x68000000  0xff000

Copy/packbits (__iar_packbits_init3)
    1 source range, total size 0x12b (41% of destination):
          0x0804be90    0x12b
    1 destination range, total size 0x2d2:
          0x20000000    0x2d2



*******************************************************************************
*** MODULE SUMMARY
***

    Module                    ro code  ro data  rw data    rw data
                                                            (abs)
    ------                    -------  -------  -------    -------
E:\WORK\YarnControl_Driver\YarnControl_Driver\src\stm32f4_rtos\Project\EWARMv7\Flash\Obj: [1]
    MQTTConnectClient.o           774       36
    MQTTDeserializePublish.o      188        4
    MQTTPacket.o                  656        4        4
    MQTTSerializePublish.o        236        4
    MQTTSubscribeClient.o         400        8
    SysInfoTest.o                  44                 4
    apptask.o                  31 176    3 536      178
    bkp_pwr.o                     392
    bsp.o                          92
    bsp_closeSW.o                 220
    bsp_dac.o                     200
    bsp_dwt.o                     116
    bsp_key.o                     538                32
    bsp_led.o                     192
    bsp_relay.o                    68
    bsp_sdio_sd.o               6 744               209
    bsp_sdwe050c17.o            5 684       36       55
    bsp_servomotor.o            1 080        8       20
    bsp_spi.o                     292
    bsp_stepmotor.o             1 276
    bsp_sw_onoff.o                 68
    bsp_timer.o                   516                16
    bsp_uart_fifo.o             2 724             1 201
    bsp_w25qxx.o                  896        9    4 098
    bsp_watchdog.o                  8
    cc936.o                       244  176 320
    demo_fatfs.o                           725       80
    des.o                       1 274      844
    diskio.o                      740
    encoder_tim.o                 664        1       33
    esp8266_handler.o           1 044      324    2 119
    esp8266_init.o                124
    event_groups.o                610
    ff.o                        9 368       36      562
    heap_4.o                      640        4   68 632
    iic_smec98sp.o                910
    list.o                        152
    main.o                         48       32
    malloc.o                      540       36   43 548  1 044 480
    mcheck.o                      184      768
    misc.o                        136
    modbus.o                      872                 8
    page_weimi.o                1 560       12      384
    para.o                      5 450      284      168
    port.o                        588        6        9
    portasm.o                     168
    product_cal.o               1 712      400      100
    protocol.o                    156               749
    pub0sub1.o                  1 076      472    1 122
    queue.o                     1 992
    rc522.o                       238                22
    smec98sp.o                  1 198      256
    startup_stm32f40_41xxx.o      680
    stm32f4xx_adc.o               438
    stm32f4xx_dac.o               124
    stm32f4xx_dma.o               796
    stm32f4xx_exti.o              192
    stm32f4xx_gpio.o              300
    stm32f4xx_it.o                 56       44
    stm32f4xx_iwdg.o               16
    stm32f4xx_pwr.o                12
    stm32f4xx_rcc.o               488        7       16
    stm32f4xx_rtc.o                60
    stm32f4xx_sdio.o              380
    stm32f4xx_spi.o               116
    stm32f4xx_syscfg.o             84
    stm32f4xx_tim.o             1 782
    stm32f4xx_usart.o             596
    system_stm32f4xx.o            340        2        4
    tasks.o                     3 296        8      524
    timer_platform.o               64                 4
    timers.o                    1 188        8       56
    transport.o                   108
    usb_bsp.o                     332
    usb_core.o                  2 640
    usb_hcd.o                     214
    usb_hcd_int.o               3 198
    usbh_core.o                 1 888        6       18
    usbh_hcs.o                    442
    usbh_ioreq.o                  582
    usbh_it.o                      16
    usbh_msc_bot.o              1 364                81
    usbh_msc_core.o             1 000        6       94
    usbh_msc_scsi.o             1 560        1      529
    usbh_stdreq.o               1 078               515
    usbh_usr.o                    418      586    3 125
    --------------------------------------------------------------
    Total:                    112 116  184 833  128 319  1 044 480

command line: [2]
    --------------------------------------------------------------
    Total:

dl7M_tlf.a: [3]
    abort.o                         6
    div.o                          14
    errno.o                        12        2        4
    exit.o                          4
    isxxx.o                        40
    localeconv.o                  108       57      136
    printf.o                       36
    putchar.o                      12
    rand.o                        224       57      140
    setlocale.o                    24       48      116
    snprintf.o                     68
    sprintf.o                      52
    srand.o                        32
    sscanf.o                       36
    strcat.o                       28
    strstr.o                       44
    tolower.o                      20
    xfiles.o                                26      144
    xlocale_c.o                    54
    xprintffull_nomb.o          3 478
    xprout.o                       22
    xscanffull_nomb.o           2 916
    xsnprout.o                     26
    xsprout.o                      10
    xsscin.o                       30
    xstoflt.o                     440
    xstoll.o                      164
    xstopfx.o                     292
    xstoull.o                     432
    xstoxflt.o                    536
    xtls.o                          2
    --------------------------------------------------------------
    Total:                      9 162      190      540

m7M_tls.a: [4]
    DblAdd.o                      232
    DblCmpEq.o                     32
    DblCmpGe.o                     46
    DblCmpLe.o                     46
    DblDiv.o                      598
    DblMul.o                      418
    DblSub.o                      384
    DblToFlt.o                    144
    DblToI32.o                     88
    FltToDbl.o                     78
    I32ToDbl.o                     48
    fpinit_M.o                     34
    xdnorm.o                       66
    xdscale.o                     276
    xdtento.o                     512
    xdunscal.o                     82
    xstold.o                      360
    --------------------------------------------------------------
    Total:                      3 444

rt7M_tl.a: [5]
    ABImemclr4.o                    6
    ABImemcpy_unaligned.o         118
    ABImemset.o                   102
    ABImemset48.o                  50
    I64DivMod.o                   306
    I64DivZer.o                     2
    cexit.o                        10
    cmain.o                        26
    cstartup_M.o                   12
    data_init.o                    40
    memchr.o                       88
    memcmp_unaligned.o             98
    packbits_init.o               208
    strchr.o                       22
    strcmp_unaligned.o             66
    strcpy_unaligned.o             68
    strlen.o                       54
    zero_init3.o                   64
    --------------------------------------------------------------
    Total:                      1 340

shb_l.a: [6]
    exit.o                         20
    --------------------------------------------------------------
    Total:                         20

    Gaps                           66        4        6
    Linker created                          52    2 048
------------------------------------------------------------------
    Grand Total:              126 148  185 079  130 913  1 044 480


*******************************************************************************
*** ENTRY LIST
***

Entry                      Address     Size  Type      Object
-----                      -------     ----  ----      ------
.iar.init_table$$Base   0x0804ac64            --   Gb  - Linker created -
.iar.init_table$$Limit  0x0804ac98            --   Gb  - Linker created -
?main                   0x0804b0d9           Code  Gb  cmain.o [5]
ADC_Cmd                 0x08048643     0x1a  Code  Gb  stm32f4xx_adc.o [1]
ADC_CommonInit          0x08048621     0x22  Code  Gb  stm32f4xx_adc.o [1]
ADC_GetFlagStatus       0x0804876d     0x1a  Code  Gb  stm32f4xx_adc.o [1]
ADC_Init                0x080485d1     0x50  Code  Gb  stm32f4xx_adc.o [1]
ADC_RegularChannelConfig
                        0x0804865d     0xf6  Code  Gb  stm32f4xx_adc.o [1]
ADC_SoftwareStartConv   0x08048753      0xa  Code  Gb  stm32f4xx_adc.o [1]
APBAHBPrescTable        0x20000290     0x10  Data  Lc  stm32f4xx_rcc.o [1]
AppObjCreate            0x08031b4d    0x190  Code  Gb  apptask.o [1]
AppTaskCreate           0x08031915    0x232  Code  Gb  apptask.o [1]
BOTStallErrorCount      0x2001f708      0x4  Data  Lc  usbh_msc_bot.o [1]
BusFault_Handler        0x0804a727      0x2  Code  Gb  stm32f4xx_it.o [1]
CID_Tab                 0x2001f524     0x10  Data  Lc  bsp_sdio_sd.o [1]
CLIENT_ID               0x2001f3b4     0x20  Data  Gb  pub0sub1.o [1]
CRC16HiTable            0x0804a09c    0x100  Data  Gb  mcheck.o [1]
CRC16LoTable            0x0804a19c    0x100  Data  Gb  mcheck.o [1]
CRC8Table               0x0804a29c    0x100  Data  Gb  mcheck.o [1]
CSD_Tab                 0x2001f514     0x10  Data  Lc  bsp_sdio_sd.o [1]
CSTACK$$Base            0x2001f768            --   Gb  - Linker created -
CSTACK$$Limit           0x2001ff68            --   Gb  - Linker created -
CardType                0x2001f654      0x4  Data  Lc  bsp_sdio_sd.o [1]
ChannengMQTTPackage     0x0803475d     0x7e  Code  Gb  product_cal.o [1]
CmdError                0x08044dd5     0x38  Code  Lc  bsp_sdio_sd.o [1]
CmdResp1Error           0x08044e79    0x112  Code  Lc  bsp_sdio_sd.o [1]
CmdResp2Error           0x08044fc9     0x52  Code  Lc  bsp_sdio_sd.o [1]
CmdResp3Error           0x08044f8b     0x3e  Code  Lc  bsp_sdio_sd.o [1]
CmdResp6Error           0x0804501b     0xa6  Code  Lc  bsp_sdio_sd.o [1]
CmdResp7Error           0x08044e0d     0x58  Code  Lc  bsp_sdio_sd.o [1]
ConfigExitNVIC          0x0803b9cb     0x22  Code  Gb  bsp_closeSW.o [1]
ConfigUartNVIC          0x0803dbeb     0x7c  Code  Lc  bsp_uart_fifo.o [1]
ConnectTcp              0x0803c4ef     0x48  Code  Gb  esp8266_handler.o [1]
DAC_Cmd                 0x0803fa7f     0x26  Code  Gb  stm32f4xx_dac.o [1]
DAC_Init                0x0803fa4d     0x32  Code  Gb  stm32f4xx_dac.o [1]
DAC_SetChannel1Data     0x0803faa5     0x1e  Code  Gb  stm32f4xx_dac.o [1]
DMA1_Stream0_IRQHandler
                        0x08038547     0x1c  Code  Gb  bsp_servomotor.o [1]
DMA1_Stream3_IRQHandler
                        0x08038563     0x1c  Code  Gb  bsp_servomotor.o [1]
DMA2_Stream3_IRQHandler
                        0x080456bd      0x8  Code  Gb  bsp_sdio_sd.o [1]
DMAEndOfTransfer        0x2001f664      0x4  Data  Gb  bsp_sdio_sd.o [1]
DMA_ClearFlag           0x080403a3     0x24  Code  Gb  stm32f4xx_dma.o [1]
DMA_Cmd                 0x08040359     0x1a  Code  Gb  stm32f4xx_dma.o [1]
DMA_DeInit              0x080401c1    0x140  Code  Gb  stm32f4xx_dma.o [1]
DMA_FlowControllerConfig
                        0x08040373     0x18  Code  Gb  stm32f4xx_dma.o [1]
DMA_GetCmdStatus        0x0804038b     0x18  Code  Gb  stm32f4xx_dma.o [1]
DMA_GetITStatus         0x08040409     0x62  Code  Gb  stm32f4xx_dma.o [1]
DMA_ITConfig            0x080403c7     0x42  Code  Gb  stm32f4xx_dma.o [1]
DMA_Init                0x08040301     0x58  Code  Gb  stm32f4xx_dma.o [1]
Dac1_Init               0x08037a55     0x5a  Code  Gb  bsp_dac.o [1]
Dac1_Set_Vol            0x08037ab1     0x58  Code  Gb  bsp_dac.o [1]
DebugMon_Handler        0x0804a72b      0x2  Code  Gb  stm32f4xx_it.o [1]
DesE                    0x0804a7f0     0x30  Data  Gb  des.o [1]
DesIp                   0x0804a5c4     0x40  Data  Gb  des.o [1]
DesIp_1                 0x0804a604     0x40  Data  Gb  des.o [1]
DesP                    0x0804ad58     0x20  Data  Gb  des.o [1]
DesPc_1                 0x0804a6bc     0x38  Data  Gb  des.o [1]
DesPc_2                 0x0804a820     0x30  Data  Gb  des.o [1]
DesRots                 0x0804b50c     0x14  Data  Gb  des.o [1]
DesS                    0x08049bb8    0x200  Data  Gb  des.o [1]
DiskFile_init           0x0803b8ad     0x40  Code  Gb  protocol.o [1]
[...]
mem2mapbase             0x680f0000   0xf000  Data  Gb  malloc.o [1]
mem_cmp                 0x08038edf     0x24  Code  Lc  ff.o [1]
mem_cpy                 0x08038ead     0x1c  Code  Lc  ff.o [1]
mem_set                 0x08038ec9     0x16  Code  Lc  ff.o [1]
memblksize              0x0804bc68      0x8  Data  Gb  malloc.o [1]
memchr                  0x08042f91           Code  Gb  memchr.o [5]
memsize                 0x0804bc70      0x8  Data  Gb  malloc.o [1]
memtblsize              0x0804bc60      0x8  Data  Gb  malloc.o [1]
modbus_send_frame       0x0803b7ab     0xf6  Code  Gb  modbus.o [1]
move_window             0x080391a1     0x40  Code  Lc  ff.o [1]
movram                  0x08047c25     0x1e  Code  Gb  des.o [1]
mqttSubscribeData       0x2001d814    0x3e8  Data  Gb  esp8266_handler.o [1]
mqtt_status             0x2001f5e8      0x8  Data  Gb  pub0sub1.o [1]
my_mem_free             0x080371c7     0x6c  Code  Gb  malloc.o [1]
my_mem_init             0x0803708b     0x42  Code  Gb  malloc.o [1]
my_mem_malloc           0x0803710b     0xbc  Code  Gb  malloc.o [1]
my_mem_perused          0x080370cd     0x3e  Code  Gb  malloc.o [1]
myfree                  0x08037233     0x24  Code  Gb  malloc.o [1]
mymalloc                0x08037257     0x2a  Code  Gb  malloc.o [1]
mymemset                0x08037075     0x16  Code  Gb  malloc.o [1]
ndigs                   0x080464bc     0x28  Data  Lc  xstoull.o [3]
netDeviceInfo_t         0x2001f05c     0x68  Data  Gb  esp8266_handler.o [1]
net_device_send_cmd     0x0803c3cd     0x4e  Code  Gb  esp8266_handler.o [1]
obuf                    0x2001f1e8     0x50  Data  Lc  xfiles.o [3]
oem2uni                 0x0801560c  0x15484  Data  Lc  cc936.o [1]
old_card_record         0x2001f742      0x1  Data  Gb  apptask.o [1]
old_isWork              0x2001f73e      0x1  Data  Gb  apptask.o [1]
old_is_stop             0x200002d0      0x1  Data  Gb  page_weimi.o [1]
old_plan_complete       0x2001f756      0x1  Data  Gb  product_cal.o [1]
old_system_state        0x200002ce      0x1  Data  Gb  apptask.o [1]
old_usb_disk_flag       0x2001f740      0x1  Data  Gb  apptask.o [1]
old_wifi_flag           0x2001f74d      0x1  Data  Gb  esp8266_handler.o [1]
para_init               0x08035f05     0xae  Code  Gb  para.o [1]
pcInterruptPriorityRegisters
                        0x0804bd7c      0x4  Data  Lc  port.o [1]
peiliao_para            0x2001f338     0x30  Data  Gb  product_cal.o [1]
pick_lfn                0x080399f3     0x8c  Code  Lc  ff.o [1]
plan_complete           0x2001f755      0x1  Data  Gb  product_cal.o [1]
pluse_count             0x2001f71a      0x2  Data  Gb  apptask.o [1]
pluse_step_src          0x2001f57c      0xc  Data  Gb  apptask.o [1]
pows                    0x08046cc0     0x48  Data  Lc  xdtento.o [4]
printf                  0x08036f95     0x24  Code  Gb  printf.o [3]
product_complete_kilo   0x080343ef     0x62  Code  Gb  product_cal.o [1]
product_complete_meter  0x080343d3     0x1c  Code  Gb  product_cal.o [1]
product_para            0x2001f368     0x28  Data  Gb  product_cal.o [1]
product_per_meter       0x0803434d     0x74  Code  Gb  product_cal.o [1]
prvAddCurrentTaskToDelayedList
                        0x080354e1     0x48  Code  Lc  tasks.o [1]
prvAllocateTCBAndStack  0x08035529     0x5a  Code  Lc  tasks.o [1]
prvCheckForValidListAndQueue
                        0x0803d4c7     0x52  Code  Lc  timers.o [1]
prvCheckTasksWaitingTermination
                        0x08035477     0x66  Code  Lc  tasks.o [1]
prvCopyDataFromQueue    0x08034135     0x30  Code  Lc  queue.o [1]
prvCopyDataToQueue      0x080340b1     0x84  Code  Lc  queue.o [1]
prvDeleteTCB            0x08035583     0x12  Code  Lc  tasks.o [1]
prvGetNextExpireTime    0x0803d2b3     0x2e  Code  Lc  timers.o [1]
prvHeapInit             0x0803e8b9     0x6e  Code  Lc  heap_4.o [1]
prvIdleTask             0x08035391     0x26  Code  Lc  tasks.o [1]
prvInitialiseTCBVariables
                        0x080353b7     0x6a  Code  Lc  tasks.o [1]
prvInitialiseTaskLists  0x08035421     0x56  Code  Lc  tasks.o [1]
prvInsertBlockIntoFreeList
                        0x0803e927     0x62  Code  Lc  heap_4.o [1]
prvInsertTimerInActiveList
                        0x0803d309     0x50  Code  Lc  timers.o [1]
prvIsQueueEmpty         0x080341cf     0x20  Code  Lc  queue.o [1]
prvIsQueueFull          0x080341ef     0x22  Code  Lc  queue.o [1]
prvProcessExpiredTimer  0x0803d1cb     0x5c  Code  Lc  timers.o [1]
prvProcessReceivedCommands
                        0x0803d359     0xde  Code  Lc  timers.o [1]
prvProcessTimerOrBlockTask
                        0x0803d243     0x70  Code  Lc  timers.o [1]
prvResetNextTaskUnblockTime
                        0x08035595     0x26  Code  Lc  tasks.o [1]
prvSampleTimeNow        0x0803d2e1     0x28  Code  Lc  timers.o [1]
prvSwitchTimerLists     0x0803d437     0x90  Code  Lc  timers.o [1]
prvTaskExitError        0x0803e469     0x2a  Code  Lc  port.o [1]
prvTestWaitCondition    0x0803d06f     0x24  Code  Lc  event_groups.o [1]
prvTimerTask            0x0803d229     0x1a  Code  Lc  timers.o [1]
prvUnlockQueue          0x08034165     0x6a  Code  Lc  queue.o [1]
pub_topicString         0x2001f5c4      0xc  Data  Gb  pub0sub1.o [1]
put_fat                 0x080393ef    0x16c  Code  Gb  ff.o [1]
putchar                 0x0804b3d5      0xc  Code  Gb  putchar.o [3]
pvPortMalloc            0x0803e729    0x118  Code  Gb  heap_4.o [1]
pxCurrentTCB            0x2001f6b4      0x4  Data  Gb  tasks.o [1]
pxCurrentTimerList      0x2001f6f8      0x4  Data  Lc  timers.o [1]
pxDelayedTaskList       0x2001f6b8      0x4  Data  Lc  tasks.o [1]
pxEnd                   0x2001f684      0x4  Data  Lc  heap_4.o [1]
pxOverflowDelayedTaskList
                        0x2001f6bc      0x4  Data  Lc  tasks.o [1]
pxOverflowTimerList     0x2001f6fc      0x4  Data  Lc  timers.o [1]
pxPortInitialiseStack   0x0803e445     0x24  Code  Gb  port.o [1]
pxReadyTasksLists       0x2001e9cc    0x168  Data  Lc  tasks.o [1]
rand                    0x08048b39     0xe0  Code  Gb  rand.o [3]
rc522_cmd_anticoll      0x0803b4e9     0x5a  Code  Gb  rc522.o [1]
rc522_cmd_request       0x0803b495     0x54  Code  Gb  rc522.o [1]
readChar                0x08041b87     0x10  Code  Gb  MQTTPacket.o [1]
readDisk                0x2001f745      0x1  Data  Gb  apptask.o [1]
readFilenum             0x2001f746      0x1  Data  Gb  apptask.o [1]
readInt                 0x08041b6b     0x1c  Code  Gb  MQTTPacket.o [1]
readMQTTLenString       0x08041c3d     0x3c  Code  Gb  MQTTPacket.o [1]
readSlave               0x2001f570      0xc  Data  Gb  apptask.o [1]
read_bkp_para           0x0803bac7     0x78  Code  Gb  bkp_pwr.o [1]
read_device_info        0x080359e9    0x2f4  Code  Gb  para.o [1]
read_file_select        0x2001f5b8      0xc  Data  Gb  protocol.o [1]
read_from_disk          0x08035fe5    0xd74  Code  Gb  para.o [1]
remove_chain            0x0803955b     0x76  Code  Lc  ff.o [1]
reset_seg_to_1          0x08037d29     0xb8  Code  Gb  page_weimi.o [1]
rfid_rev_buf            0x2001f454     0x14  Data  Gb  rc522.o [1]
rfid_rev_cnt            0x2001f75b      0x1  Data  Gb  rc522.o [1]
rfid_rev_flag           0x2001f75a      0x1  Data  Gb  rc522.o [1]
rtc_time                0x2001f5e0      0x8  Data  Gb  protocol.o [1]
s_TIM_CallBack1         0x2001f668      0x4  Data  Lc  bsp_timer.o [1]
s_TIM_CallBack2         0x2001f66c      0x4  Data  Lc  bsp_timer.o [1]
s_TIM_CallBack3         0x2001f670      0x4  Data  Lc  bsp_timer.o [1]
s_TIM_CallBack4         0x2001f674      0x4  Data  Lc  bsp_timer.o [1]
s_tBtn                  0x2001f4f4     0x10  Data  Lc  bsp_key.o [1]
s_tKey                  0x2001f504     0x10  Data  Lc  bsp_key.o [1]
sample_time             0x2001f718      0x2  Data  Gb  apptask.o [1]
sdew_weimi_page1        0x08033395    0x28a  Code  Gb  bsp_sdwe050c17.o [1]
sdew_weimi_page2        0x08033631    0x1e6  Code  Gb  bsp_sdwe050c17.o [1]
sdew_weisha_page1       0x08033817    0x100  Code  Gb  bsp_sdwe050c17.o [1]
sdew_weisha_page2       0x08033921    0x100  Code  Gb  bsp_sdwe050c17.o [1]
selectbits              0x08047cef     0x42  Code  Gb  des.o [1]
semc_adc_Init           0x0804816f     0x92  Code  Gb  smec98sp.o [1]
servomotor_guodu        0x2001f74f      0x1  Data  Gb  page_weimi.o [1]
servomotor_mode         0x2001f750      0x1  Data  Gb  page_weimi.o [1]
servomotor_step         0x2001f734      0x2  Data  Gb  page_weimi.o [1]
setbit                  0x08047c67     0x4c  Code  Gb  des.o [1]
shlc                    0x08047d31     0x68  Code  Gb  des.o [1]
shrc                    0x08047d99     0x5e  Code  Gb  des.o [1]
slave_info              0x2001f564      0xc  Data  Gb  apptask.o [1]
snprintf                0x080416d5     0x44  Code  Gb  snprintf.o [3]
speed_diff              0x2001f588      0xc  Data  Gb  apptask.o [1]
speed_zhu               0x2001f730      0x2  Data  Gb  page_weimi.o [1]
speed_zhu1              0x2001f732      0x2  Data  Gb  page_weimi.o [1]
sprintf                 0x0803b345     0x34  Code  Gb  sprintf.o [3]
srand                   0x08048b19     0x20  Code  Gb  srand.o [3]
sscanf                  0x0803eb11     0x24  Code  Gb  sscanf.o [3]
st_clust                0x08039925     0x18  Code  Lc  ff.o [1]
stepmotor_guodu         0x2001f698      0x4  Data  Gb  page_weimi.o [1]
strans                  0x08047df7    0x168  Code  Gb  des.o [1]
strcat                  0x0803b379     0x1c  Code  Gb  strcat.o [3]
strchr                  0x08042f79           Code  Gb  strchr.o [5]
strlen                  0x080378f1           Code  Gb  strlen.o [5]
strstr                  0x0803b949     0x10  Code  Gb  para.o [1]
sum_sfn                 0x08039bf9     0x20  Code  Lc  ff.o [1]
symbol                  0x2001f64c      0x4  Data  Gb  apptask.o [1]
sync_fs                 0x080391e1     0xd8  Code  Lc  ff.o [1]
sync_window             0x08039147     0x5a  Code  Lc  ff.o [1]
system_state_dis        0x08049db8    0x190  Data  Gb  product_cal.o [1]
toStop                  0x2001f6ac      0x4  Data  Gb  pub0sub1.o [1]
tolower                 0x08046819     0x14  Code  Gb  tolower.o [3]
total_meter_gross       0x2001f6a4      0x4  Data  Gb  product_cal.o [1]
total_weight_gross      0x2001f6a8      0x4  Data  Gb  product_cal.o [1]
transport_close         0x08041a71     0x12  Code  Gb  transport.o [1]
transport_getdata       0x08041a5d     0x14  Code  Gb  transport.o [1]
transport_sendPacketBuffer
                        0x08041a21     0x3c  Code  Gb  transport.o [1]
ucHeap                  0x200002d4  0x10c00  Data  Lc  heap_4.o [1]
ucMaxSysCallPriority    0x2001f754      0x1  Data  Lc  port.o [1]
ulHighFrequencyTimerTicks
                        0x2001f6b0      0x4  Data  Gb  SysInfoTest.o [1]
ulMaxPRIGROUPValue      0x2001f6a0      0x4  Data  Lc  port.o [1]
ulTaskSwitchedInTime    0x2001f6ec      0x4  Data  Lc  tasks.o [1]
ulTotalRunTime          0x2001f6f0      0x4  Data  Lc  tasks.o [1]
uni2oem                 0x08000188  0x15484  Data  Lc  cc936.o [1]
usb_disk_flag           0x2001f73f      0x1  Data  Gb  apptask.o [1]
usbh_OpenMassStorage    0x080385a9     0x14  Code  Gb  usbh_usr.o [1]
uxCriticalNesting       0x200002bc      0x4  Data  Lc  port.o [1]
uxCurrentNumberOfTasks  0x2001f6c4      0x4  Data  Lc  tasks.o [1]
uxListRemove            0x0803e701     0x28  Code  Gb  list.o [1]
uxPendedTicks           0x2001f6d4      0x4  Data  Lc  tasks.o [1]
uxSchedulerSuspended    0x2001f6e8      0x4  Data  Lc  tasks.o [1]
uxTaskNumber            0x2001f6e0      0x4  Data  Lc  tasks.o [1]
uxTaskResetEventItemValue
                        0x080355f5     0x20  Code  Gb  tasks.o [1]
uxTasksDeleted          0x2001f6c0      0x4  Data  Lc  tasks.o [1]
uxTopReadyPriority      0x2001f6cc      0x4  Data  Lc  tasks.o [1]
vAnalysisUartData       0x08031655     0xca  Code  Gb  apptask.o [1]
vEsp8266_Main_Task      0x080312f5    0x21e  Code  Gb  apptask.o [1]
vListInitialise         0x0803e691     0x1e  Code  Gb  list.o [1]
vListInsert             0x0803e6c7     0x3a  Code  Gb  list.o [1]
vListInsertEnd          0x0803e6af     0x18  Code  Gb  list.o [1]
vMQTT_Handler_Task      0x08031519    0x138  Code  Gb  apptask.o [1]
vMQTT_Recive_Task       0x0803171f     0x7e  Code  Gb  apptask.o [1]
vMQTT_Tranmit_Task      0x0803179d     0xd0  Code  Gb  apptask.o [1]
vPortEnableVFP          0x08042385           Code  Gb  portasm.o [1]
vPortEnterCritical      0x0803e55f     0x3a  Code  Gb  port.o [1]
vPortExitCritical       0x0803e599     0x32  Code  Gb  port.o [1]
vPortFree               0x0803e841     0x78  Code  Gb  heap_4.o [1]
vPortSetupTimerInterrupt
                        0x0803e5f7      0xe  Code  Wk  port.o [1]
vPortStartFirstTask     0x0804236d           Code  Gb  portasm.o [1]
vPortValidateInterruptPriority
                        0x0803e605     0x4e  Code  Gb  port.o [1]
vQueueWaitForMessageRestricted
                        0x08034211     0x44  Code  Gb  queue.o [1]
vTaskDelay              0x08034bed     0x84  Code  Gb  tasks.o [1]
vTaskDelayUntil         0x08034b0d     0xe0  Code  Gb  tasks.o [1]
vTaskFreq               0x08030e29    0x4bc  Code  Lc  apptask.o [1]
vTaskManageCapacity     0x0802f93d    0x520  Code  Gb  apptask.o [1]
vTaskMassStorage        0x0802e555    0x652  Code  Lc  apptask.o [1]
vTaskMissedYield        0x08035387      0xa  Code  Gb  tasks.o [1]
vTaskMotorControl       0x0802ff11    0xefe  Code  Lc  apptask.o [1]
vTaskMsgPro             0x0802f081    0x4ce  Code  Lc  apptask.o [1]
vTaskPlaceOnEventList   0x08034fed     0x74  Code  Gb  tasks.o [1]
vTaskPlaceOnEventListRestricted
                        0x08035125     0x80  Code  Gb  tasks.o [1]
vTaskPlaceOnUnorderedEventList
                        0x0803507d     0xa8  Code  Gb  tasks.o [1]
vTaskReadDisk           0x0802f67d    0x272  Code  Lc  apptask.o [1]
vTaskRev485             0x0802f56d     0xd4  Code  Lc  apptask.o [1]
vTaskSetTimeOutState    0x080352d1     0x26  Code  Gb  tasks.o [1]
vTaskStartScheduler     0x08034c71     0x7e  Code  Gb  tasks.o [1]
vTaskSuspendAll         0x08034cef     0x10  Code  Gb  tasks.o [1]
vTaskSwitchContext      0x08034f3d     0xb0  Code  Gb  tasks.o [1]
vTaskTaskKey            0x0803186d     0x82  Code  Gb  apptask.o [1]
vTaskTaskLCD            0x0802aa91   0x3a9c  Code  Gb  apptask.o [1]
vTaskTaskLED            0x0802ebed     0x20  Code  Lc  apptask.o [1]
vTaskTaskRFID           0x0802ec0d    0x410  Code  Lc  apptask.o [1]
valid_seg               0x2001f69c      0x4  Data  Gb  page_weimi.o [1]
validate                0x0803a99f     0x36  Code  Lc  ff.o [1]
weimi_para              0x2001eb34    0x12c  Data  Gb  page_weimi.o [1]
weisha_reset_to_seg1    0x08037de1     0x30  Code  Gb  page_weimi.o [1]
wifi_flag               0x2001f74c      0x1  Data  Gb  esp8266_handler.o [1]
work_idle_time          0x2001f736      0x2  Data  Gb  product_cal.o [1]
writeCString            0x08041bcd     0x2a  Code  Gb  MQTTPacket.o [1]
writeChar               0x08041b97      0xc  Code  Gb  MQTTPacket.o [1]
writeInt                0x08041ba3     0x2a  Code  Gb  MQTTPacket.o [1]
writeMQTTString         0x08041bf7     0x46  Code  Gb  MQTTPacket.o [1]
write_bkp_para          0x0803bb3f     0x6e  Code  Gb  bkp_pwr.o [1]
xActiveTimerList1       0x2001f4cc     0x14  Data  Lc  timers.o [1]
xActiveTimerList2       0x2001f4e0     0x14  Data  Lc  timers.o [1]
xBlockAllocatedBit      0x2001f690      0x4  Data  Lc  heap_4.o [1]
xDelayedTaskList1       0x2001f468     0x14  Data  Lc  tasks.o [1]
xDelayedTaskList2       0x2001f47c     0x14  Data  Lc  tasks.o [1]
xEventGroupCreate       0x0803ce31     0x1c  Code  Gb  event_groups.o [1]
xEventGroupSetBits      0x0803cf99     0xd6  Code  Gb  event_groups.o [1]
xEventGroupWaitBits     0x0803ce4d    0x146  Code  Gb  event_groups.o [1]
xFreeBytesRemaining     0x2001f688      0x4  Data  Lc  heap_4.o [1]
xHandleTaskFreq         0x2001f614      0x4  Data  Gb  apptask.o [1]
xHandleTaskKey          0x2001f618      0x4  Data  Gb  apptask.o [1]
xHandleTaskLCD          0x2001f5f0      0x4  Data  Gb  apptask.o [1]
xHandleTaskLED          0x2001f5f4      0x4  Data  Gb  apptask.o [1]
xHandleTaskManageCapacity
                        0x2001f60c      0x4  Data  Gb  apptask.o [1]
xHandleTaskMassStorage  0x2001f5fc      0x4  Data  Gb  apptask.o [1]
xHandleTaskMotorControl
                        0x2001f610      0x4  Data  Gb  apptask.o [1]
xHandleTaskMsgPro       0x2001f604      0x4  Data  Gb  apptask.o [1]
xHandleTaskRFID         0x2001f5f8      0x4  Data  Gb  apptask.o [1]
xHandleTaskReadDisk     0x2001f600      0x4  Data  Gb  apptask.o [1]
xHandleTaskRev485       0x2001f608      0x4  Data  Gb  apptask.o [1]
xHeapStructSize         0x0804bd50      0x4  Data  Lc  heap_4.o [1]
xMinimumEverFreeBytesRemaining
                        0x2001f68c      0x4  Data  Lc  heap_4.o [1]
xNextTaskUnblockTime    0x2001f6e4      0x4  Data  Lc  tasks.o [1]
xNumOfOverflows         0x2001f6dc      0x4  Data  Lc  tasks.o [1]
xPendingReadyList       0x2001f490     0x14  Data  Lc  tasks.o [1]
xPortStartScheduler     0x0803e493     0xcc  Code  Gb  port.o [1]
xQueueGenericCreate     0x08033b1d     0x7e  Code  Gb  queue.o [1]
xQueueGenericReceive    0x08033f11    0x19c  Code  Gb  queue.o [1]
xQueueGenericReset      0x08033a8d     0x90  Code  Gb  queue.o [1]
xQueueGenericSend       0x08033b9b    0x1b2  Code  Gb  queue.o [1]
xQueueGenericSendFromISR
                        0x08033d4d     0xec  Code  Gb  queue.o [1]
xQueueGiveFromISR       0x08033e39     0xd8  Code  Gb  queue.o [1]
xQueue_MQTT_Recv        0x2001f63c      0x4  Data  Gb  apptask.o [1]
xQueue_MQTT_Transmit    0x2001f640      0x4  Data  Gb  apptask.o [1]
xQueue_esp8266_Cmd      0x2001f644      0x4  Data  Gb  apptask.o [1]
xQueue_message          0x2001f648      0x4  Data  Gb  apptask.o [1]
xSchedulerRunning       0x2001f6d0      0x4  Data  Lc  tasks.o [1]
xSemaphore_download     0x2001f62c      0x4  Data  Gb  apptask.o [1]
xSemaphore_encoder      0x2001f628      0x4  Data  Gb  apptask.o [1]
xSemaphore_lcd          0x2001f61c      0x4  Data  Gb  apptask.o [1]
xSemaphore_pluse        0x2001f624      0x4  Data  Gb  apptask.o [1]
xSemaphore_readDisk     0x2001f630      0x4  Data  Gb  apptask.o [1]
xSemaphore_rs485        0x2001f620      0x4  Data  Gb  apptask.o [1]
xStart                  0x2001f5d0      0x8  Data  Lc  heap_4.o [1]
xSuspendedTaskList      0x2001f4b8     0x14  Data  Lc  tasks.o [1]
xTaskCheckForTimeOut    0x080352fd     0x8a  Code  Gb  tasks.o [1]
xTaskGenericCreate      0x08034989    0x184  Code  Gb  tasks.o [1]
xTaskGetSchedulerState  0x080355bb     0x26  Code  Gb  tasks.o [1]
xTaskGetTickCount       0x08034dff      0xa  Code  Gb  tasks.o [1]
xTaskIncrementTick      0x08034e09    0x134  Code  Gb  tasks.o [1]
xTaskRemoveFromEventList
                        0x080351a9     0x8e  Code  Gb  tasks.o [1]
xTaskRemoveFromUnorderedEventList
                        0x0803523d     0x94  Code  Gb  tasks.o [1]
xTaskResumeAll          0x08034cff    0x100  Code  Gb  tasks.o [1]
xTasksWaitingTermination
                        0x2001f4a4     0x14  Data  Lc  tasks.o [1]
xTickCount              0x2001f6c8      0x4  Data  Lc  tasks.o [1]
xTimerCreate            0x0803d0e5     0x62  Code  Gb  timers.o [1]
xTimerCreateTimerTask   0x0803d095     0x50  Code  Gb  timers.o [1]
xTimerGenericCommand    0x0803d147     0x84  Code  Gb  timers.o [1]
xTimerQueue             0x2001f700      0x4  Data  Lc  timers.o [1]
xTimerUser              0x2001f638      0x4  Data  Gb  apptask.o [1]
xYieldPending           0x2001f6d8      0x4  Data  Lc  tasks.o [1]


[1] = E:\WORK\YarnControl_Driver\YarnControl_Driver\src\stm32f4_rtos\Project\EWARMv7\Flash\Obj
[2] = command line
[3] = dl7M_tlf.a
[4] = m7M_tls.a
[5] = rt7M_tl.a
[6] = shb_l.a

  126 148 bytes of readonly  code memory
  185 079 bytes of readonly  data memory
  130 913 bytes of readwrite data memory (+ 1 044 480 absolute)

Errors: none
Warnings: none
