###############################################################################
#
# IAR ELF Linker V7.40.7.9843/W32 for ARM                 28/Jan/2019  17:01:56
# Copyright 2007-2015 IAR Systems AB.
#
#    Output file  =  
#        F:\work\YarnControl_Driver\src\stm32f4_rtos\Project\EWARMv7\Flash\Exe\project.out
#    Map file     =  
#        F:\work\YarnControl_Driver\src\stm32f4_rtos\Project\EWARMv7\Flash\List\project.map
#    Command line =  
#        F:\work\YarnControl_Driver\src\stm32f4_rtos\Project\EWARMv7\Flash\Obj\apptask.o
#        F:\work\YarnControl_Driver\src\stm32f4_rtos\Project\EWARMv7\Flash\Obj\bsp.o
#        F:\work\YarnControl_Driver\src\stm32f4_rtos\Project\EWARMv7\Flash\Obj\bsp_closeSW.o
#        F:\work\YarnControl_Driver\src\stm32f4_rtos\Project\EWARMv7\Flash\Obj\bsp_dwt.o
#        F:\work\YarnControl_Driver\src\stm32f4_rtos\Project\EWARMv7\Flash\Obj\bsp_led.o
#        F:\work\YarnControl_Driver\src\stm32f4_rtos\Project\EWARMv7\Flash\Obj\bsp_relay.o
#        F:\work\YarnControl_Driver\src\stm32f4_rtos\Project\EWARMv7\Flash\Obj\bsp_sdio_sd.o
#        F:\work\YarnControl_Driver\src\stm32f4_rtos\Project\EWARMv7\Flash\Obj\bsp_sdwe050c17.o
#        F:\work\YarnControl_Driver\src\stm32f4_rtos\Project\EWARMv7\Flash\Obj\bsp_servomotor.o
#        F:\work\YarnControl_Driver\src\stm32f4_rtos\Project\EWARMv7\Flash\Obj\bsp_spi.o
#        F:\work\YarnControl_Driver\src\stm32f4_rtos\Project\EWARMv7\Flash\Obj\bsp_stepmotor.o
#        F:\work\YarnControl_Driver\src\stm32f4_rtos\Project\EWARMv7\Flash\Obj\bsp_sw_onoff.o
#        F:\work\YarnControl_Driver\src\stm32f4_rtos\Project\EWARMv7\Flash\Obj\bsp_tim_pwm.o
#        F:\work\YarnControl_Driver\src\stm32f4_rtos\Project\EWARMv7\Flash\Obj\bsp_timer.o
#        F:\work\YarnControl_Driver\src\stm32f4_rtos\Project\EWARMv7\Flash\Obj\bsp_uart_fifo.o
#        F:\work\YarnControl_Driver\src\stm32f4_rtos\Project\EWARMv7\Flash\Obj\bsp_w25qxx.o
#        F:\work\YarnControl_Driver\src\stm32f4_rtos\Project\EWARMv7\Flash\Obj\bsp_watchdog.o
#        F:\work\YarnControl_Driver\src\stm32f4_rtos\Project\EWARMv7\Flash\Obj\cc936.o
#        F:\work\YarnControl_Driver\src\stm32f4_rtos\Project\EWARMv7\Flash\Obj\croutine.o
#        F:\work\YarnControl_Driver\src\stm32f4_rtos\Project\EWARMv7\Flash\Obj\demo_fatfs.o
#        F:\work\YarnControl_Driver\src\stm32f4_rtos\Project\EWARMv7\Flash\Obj\diskio.o
#        F:\work\YarnControl_Driver\src\stm32f4_rtos\Project\EWARMv7\Flash\Obj\encoder.o
#        F:\work\YarnControl_Driver\src\stm32f4_rtos\Project\EWARMv7\Flash\Obj\event_groups.o
#        F:\work\YarnControl_Driver\src\stm32f4_rtos\Project\EWARMv7\Flash\Obj\ff.o
#        F:\work\YarnControl_Driver\src\stm32f4_rtos\Project\EWARMv7\Flash\Obj\heap_4.o
#        F:\work\YarnControl_Driver\src\stm32f4_rtos\Project\EWARMv7\Flash\Obj\list.o
#        F:\work\YarnControl_Driver\src\stm32f4_rtos\Project\EWARMv7\Flash\Obj\main.o
#        F:\work\YarnControl_Driver\src\stm32f4_rtos\Project\EWARMv7\Flash\Obj\malloc.o
#        F:\work\YarnControl_Driver\src\stm32f4_rtos\Project\EWARMv7\Flash\Obj\mcheck.o
#        F:\work\YarnControl_Driver\src\stm32f4_rtos\Project\EWARMv7\Flash\Obj\misc.o
#        F:\work\YarnControl_Driver\src\stm32f4_rtos\Project\EWARMv7\Flash\Obj\modbus.o
#        F:\work\YarnControl_Driver\src\stm32f4_rtos\Project\EWARMv7\Flash\Obj\page_weimi.o
#        F:\work\YarnControl_Driver\src\stm32f4_rtos\Project\EWARMv7\Flash\Obj\para.o
#        F:\work\YarnControl_Driver\src\stm32f4_rtos\Project\EWARMv7\Flash\Obj\port.o
#        F:\work\YarnControl_Driver\src\stm32f4_rtos\Project\EWARMv7\Flash\Obj\portasm.o
#        F:\work\YarnControl_Driver\src\stm32f4_rtos\Project\EWARMv7\Flash\Obj\product_cal.o
#        F:\work\YarnControl_Driver\src\stm32f4_rtos\Project\EWARMv7\Flash\Obj\protocol.o
#        F:\work\YarnControl_Driver\src\stm32f4_rtos\Project\EWARMv7\Flash\Obj\queue.o
#        F:\work\YarnControl_Driver\src\stm32f4_rtos\Project\EWARMv7\Flash\Obj\rc522.o
#        F:\work\YarnControl_Driver\src\stm32f4_rtos\Project\EWARMv7\Flash\Obj\startup_stm32f40_41xxx.o
#        F:\work\YarnControl_Driver\src\stm32f4_rtos\Project\EWARMv7\Flash\Obj\stm32f4xx_adc.o
#        F:\work\YarnControl_Driver\src\stm32f4_rtos\Project\EWARMv7\Flash\Obj\stm32f4xx_assert.o
#        F:\work\YarnControl_Driver\src\stm32f4_rtos\Project\EWARMv7\Flash\Obj\stm32f4xx_can.o
#        F:\work\YarnControl_Driver\src\stm32f4_rtos\Project\EWARMv7\Flash\Obj\stm32f4xx_crc.o
#        F:\work\YarnControl_Driver\src\stm32f4_rtos\Project\EWARMv7\Flash\Obj\stm32f4xx_cryp.o
#        F:\work\YarnControl_Driver\src\stm32f4_rtos\Project\EWARMv7\Flash\Obj\stm32f4xx_cryp_aes.o
#        F:\work\YarnControl_Driver\src\stm32f4_rtos\Project\EWARMv7\Flash\Obj\stm32f4xx_cryp_des.o
#        F:\work\YarnControl_Driver\src\stm32f4_rtos\Project\EWARMv7\Flash\Obj\stm32f4xx_cryp_tdes.o
#        F:\work\YarnControl_Driver\src\stm32f4_rtos\Project\EWARMv7\Flash\Obj\stm32f4xx_dac.o
#        F:\work\YarnControl_Driver\src\stm32f4_rtos\Project\EWARMv7\Flash\Obj\stm32f4xx_dbgmcu.o
#        F:\work\YarnControl_Driver\src\stm32f4_rtos\Project\EWARMv7\Flash\Obj\stm32f4xx_dcmi.o
#        F:\work\YarnControl_Driver\src\stm32f4_rtos\Project\EWARMv7\Flash\Obj\stm32f4xx_dma.o
#        F:\work\YarnControl_Driver\src\stm32f4_rtos\Project\EWARMv7\Flash\Obj\stm32f4xx_dma2d.o
#        F:\work\YarnControl_Driver\src\stm32f4_rtos\Project\EWARMv7\Flash\Obj\stm32f4xx_exti.o
#        F:\work\YarnControl_Driver\src\stm32f4_rtos\Project\EWARMv7\Flash\Obj\stm32f4xx_flash.o
#        F:\work\YarnControl_Driver\src\stm32f4_rtos\Project\EWARMv7\Flash\Obj\stm32f4xx_fsmc.o
#        F:\work\YarnControl_Driver\src\stm32f4_rtos\Project\EWARMv7\Flash\Obj\stm32f4xx_gpio.o
#        F:\work\YarnControl_Driver\src\stm32f4_rtos\Project\EWARMv7\Flash\Obj\stm32f4xx_hash.o
#        F:\work\YarnControl_Driver\src\stm32f4_rtos\Project\EWARMv7\Flash\Obj\stm32f4xx_hash_md5.o
#        F:\work\YarnControl_Driver\src\stm32f4_rtos\Project\EWARMv7\Flash\Obj\stm32f4xx_hash_sha1.o
#        F:\work\YarnControl_Driver\src\stm32f4_rtos\Project\EWARMv7\Flash\Obj\stm32f4xx_i2c.o
#        F:\work\YarnControl_Driver\src\stm32f4_rtos\Project\EWARMv7\Flash\Obj\stm32f4xx_it.o
#        F:\work\YarnControl_Driver\src\stm32f4_rtos\Project\EWARMv7\Flash\Obj\stm32f4xx_iwdg.o
#        F:\work\YarnControl_Driver\src\stm32f4_rtos\Project\EWARMv7\Flash\Obj\stm32f4xx_ltdc.o
#        F:\work\YarnControl_Driver\src\stm32f4_rtos\Project\EWARMv7\Flash\Obj\stm32f4xx_pwr.o
#        F:\work\YarnControl_Driver\src\stm32f4_rtos\Project\EWARMv7\Flash\Obj\stm32f4xx_rcc.o
#        F:\work\YarnControl_Driver\src\stm32f4_rtos\Project\EWARMv7\Flash\Obj\stm32f4xx_rng.o
#        F:\work\YarnControl_Driver\src\stm32f4_rtos\Project\EWARMv7\Flash\Obj\stm32f4xx_rtc.o
#        F:\work\YarnControl_Driver\src\stm32f4_rtos\Project\EWARMv7\Flash\Obj\stm32f4xx_sai.o
#        F:\work\YarnControl_Driver\src\stm32f4_rtos\Project\EWARMv7\Flash\Obj\stm32f4xx_sdio.o
#        F:\work\YarnControl_Driver\src\stm32f4_rtos\Project\EWARMv7\Flash\Obj\stm32f4xx_spi.o
#        F:\work\YarnControl_Driver\src\stm32f4_rtos\Project\EWARMv7\Flash\Obj\stm32f4xx_syscfg.o
#        F:\work\YarnControl_Driver\src\stm32f4_rtos\Project\EWARMv7\Flash\Obj\stm32f4xx_tim.o
#        F:\work\YarnControl_Driver\src\stm32f4_rtos\Project\EWARMv7\Flash\Obj\stm32f4xx_usart.o
#        F:\work\YarnControl_Driver\src\stm32f4_rtos\Project\EWARMv7\Flash\Obj\stm32f4xx_wwdg.o
#        F:\work\YarnControl_Driver\src\stm32f4_rtos\Project\EWARMv7\Flash\Obj\SysInfoTest.o
#        F:\work\YarnControl_Driver\src\stm32f4_rtos\Project\EWARMv7\Flash\Obj\system_stm32f4xx.o
#        F:\work\YarnControl_Driver\src\stm32f4_rtos\Project\EWARMv7\Flash\Obj\tasks.o
#        F:\work\YarnControl_Driver\src\stm32f4_rtos\Project\EWARMv7\Flash\Obj\timers.o
#        F:\work\YarnControl_Driver\src\stm32f4_rtos\Project\EWARMv7\Flash\Obj\usb_bsp.o
#        F:\work\YarnControl_Driver\src\stm32f4_rtos\Project\EWARMv7\Flash\Obj\usb_core.o
#        F:\work\YarnControl_Driver\src\stm32f4_rtos\Project\EWARMv7\Flash\Obj\usb_hcd.o
#        F:\work\YarnControl_Driver\src\stm32f4_rtos\Project\EWARMv7\Flash\Obj\usb_hcd_int.o
#        F:\work\YarnControl_Driver\src\stm32f4_rtos\Project\EWARMv7\Flash\Obj\usbh_core.o
#        F:\work\YarnControl_Driver\src\stm32f4_rtos\Project\EWARMv7\Flash\Obj\usbh_hcs.o
#        F:\work\YarnControl_Driver\src\stm32f4_rtos\Project\EWARMv7\Flash\Obj\usbh_ioreq.o
#        F:\work\YarnControl_Driver\src\stm32f4_rtos\Project\EWARMv7\Flash\Obj\usbh_it.o
#        F:\work\YarnControl_Driver\src\stm32f4_rtos\Project\EWARMv7\Flash\Obj\usbh_msc_bot.o
#        F:\work\YarnControl_Driver\src\stm32f4_rtos\Project\EWARMv7\Flash\Obj\usbh_msc_core.o
#        F:\work\YarnControl_Driver\src\stm32f4_rtos\Project\EWARMv7\Flash\Obj\usbh_msc_scsi.o
#        F:\work\YarnControl_Driver\src\stm32f4_rtos\Project\EWARMv7\Flash\Obj\usbh_stdreq.o
#        F:\work\YarnControl_Driver\src\stm32f4_rtos\Project\EWARMv7\Flash\Obj\usbh_usr.o
#        -o
#        F:\work\YarnControl_Driver\src\stm32f4_rtos\Project\EWARMv7\Flash\Exe\project.out
#        --map
#        F:\work\YarnControl_Driver\src\stm32f4_rtos\Project\EWARMv7\Flash\List\project.map
#        --config
#        F:\work\YarnControl_Driver\src\stm32f4_rtos\Project\EWARMv7\stm32f4xx_flash.icf
#        --semihosting --entry __iar_program_start --inline --vfe
#
###############################################################################

*******************************************************************************
*** RUNTIME MODEL ATTRIBUTES
***

CppFlavor       = *
__SystemLibrary = DLib


*******************************************************************************
*** PLACEMENT SUMMARY
***

"A1":  place at 0x08000000 { ro section .intvec };
"P1":  place in [from 0x08000000 to 0x080fffff] { ro };
"P2":  place in [from 0x20000000 to 0x2001ffff] { rw, block CSTACK, block HEAP };

  Section             Kind        Address     Size  Object
  -------             ----        -------     ----  ------
"A1":                                        0x188
  .intvec             ro code  0x08000000    0x188  startup_stm32f40_41xxx.o [1]
                             - 0x08000188    0x188

"P1":                                      0x416a5
  .rodata             const    0x08000188  0x15484  cc936.o [1]
  .rodata             const    0x0801560c  0x15484  cc936.o [1]
  .text               ro code  0x0802aa90   0x4360  apptask.o [1]
  .text               ro code  0x0802edf0    0xc00  tasks.o [1]
  .text               ro code  0x0802f9f0    0x7c8  queue.o [1]
  .text               ro code  0x080301b8   0x1258  bsp_sdwe050c17.o [1]
  .text               ro code  0x08031410    0x524  product_cal.o [1]
  .text               ro code  0x08031934     0x66  ABImemset.o [5]
  .text               ro code  0x0803199a      0xa  xsprout.o [3]
  .text               ro code  0x080319a4    0x380  bsp_w25qxx.o [1]
  .text               ro code  0x08031d24     0x76  ABImemcpy_unaligned.o [5]
  .text               ro code  0x08031d9c     0x4e  FltToDbl.o [4]
  .text               ro code  0x08031dec     0x24  printf.o [3]
  .text               ro code  0x08031e10     0x42  strcmp_unaligned.o [5]
  .text               ro code  0x08031e54    0x21c  malloc.o [1]
  .text               ro code  0x08032070    0x652  stm32f4xx_tim.o [1]
  .text               ro code  0x080326c4     0x30  I32ToDbl.o [4]
  .text               ro code  0x080326f4    0x256  DblDiv.o [4]
  .text               ro code  0x0803294c     0xe8  DblAdd.o [4]
  .text               ro code  0x08032a34    0x1a2  DblMul.o [4]
  .text               ro code  0x08032bd8     0x58  DblToI32.o [4]
  .text               ro code  0x08032c30     0x90  DblToFlt.o [4]
  .text               ro code  0x08032cc0     0x36  strlen.o [5]
  .text               ro code  0x08032cf8     0x62  memcmp_unaligned.o [5]
  .text               ro code  0x08032d5c    0x1b6  usbh_usr.o [1]
  .text               ro code  0x08032f14    0x760  usbh_core.o [1]
  .text               ro code  0x08033674   0x2264  ff.o [1]
  .text               ro code  0x080358d8     0x34  sprintf.o [3]
  .text               ro code  0x0803590c     0x1c  strcat.o [3]
  .text               ro code  0x08035928     0xc0  bsp_led.o [1]
  .text               ro code  0x080359e8     0xae  rc522.o [1]
  .text               ro code  0x08035a98    0x354  modbus.o [1]
  .text               ro code  0x08035dec     0x68  bsp_sw_onoff.o [1]
  .text               ro code  0x08035e54     0x44  protocol.o [1]
  .text               ro code  0x08035e98     0x10  apptask.o [1]
  .text               ro code  0x08035ea8    0x258  bsp_stepmotor.o [1]
  .text               ro code  0x08036100    0x12c  stm32f4xx_gpio.o [1]
  .text               ro code  0x0803622c    0x48c  bsp_servomotor.o [1]
  .text               ro code  0x080366b8    0x1a4  encoder.o [1]
  .text               ro code  0x0803685c    0x16e  page_weimi.o [1]
  .text               ro code  0x080369cc    0x262  event_groups.o [1]
  .text               ro code  0x08036c30    0x4a4  timers.o [1]
  .text               ro code  0x080370d4      0x8  bsp_watchdog.o [1]
  .text               ro code  0x080370dc    0x24c  port.o [1]
  .text               ro code  0x08037328     0x98  list.o [1]
  .text               ro code  0x080373c0    0x280  heap_4.o [1]
  .text               ro code  0x08037640    0x1e8  stm32f4xx_rcc.o [1]
  .text               ro code  0x08037828    0x9e4  bsp_uart_fifo.o [1]
  .text               ro code  0x0803820c    0x204  bsp_timer.o [1]
  .text               ro code  0x08038410    0x124  bsp_spi.o [1]
  .text               ro code  0x08038534    0xd96  xprintffull_nomb.o [3]
  .text               ro code  0x080392cc    0x180  DblSub.o [4]
  .text               ro code  0x0803944c    0x14c  usb_bsp.o [1]
  .text               ro code  0x08039598     0xd6  usb_hcd.o [1]
  .text               ro code  0x0803966e    0x1ba  usbh_hcs.o [1]
  .text               ro code  0x08039828    0x436  usbh_stdreq.o [1]
  .text               ro code  0x08039c5e    0x246  usbh_ioreq.o [1]
  .text               ro code  0x08039ea4    0x2e4  diskio.o [1]
  .text               ro code  0x0803a188     0xf4  cc936.o [1]
  .text               ro code  0x0803a27c     0xb8  mcheck.o [1]
  .text               ro code  0x0803a334     0x2c  strstr.o [3]
  .text               ro code  0x0803a360    0x31c  stm32f4xx_dma.o [1]
  .text               ro code  0x0803a67c     0x88  misc.o [1]
  .text               ro code  0x0803a704     0x10  stm32f4xx_iwdg.o [1]
  CODE                ro code  0x0803a714     0xa8  portasm.o [1]
  .text               ro code  0x0803a7bc    0x254  stm32f4xx_usart.o [1]
  .text               ro code  0x0803aa10     0x74  stm32f4xx_spi.o [1]
  .text               ro code  0x0803aa84     0x16  strchr.o [5]
  .text               ro code  0x0803aa9c     0x58  memchr.o [5]
  .text               ro code  0x0803aaf4     0xee  I64DivMod.o [5]
  .text               ro code  0x0803abe2     0x42  xdnorm.o [4]
  .text               ro code  0x0803ac24     0x2e  DblCmpLe.o [4]
  .text               ro code  0x0803ac54     0x2e  DblCmpGe.o [4]
  .text               ro code  0x0803ac84    0x114  xdscale.o [4]
  .text               ro code  0x0803ad98     0x6c  localeconv.o [3]
  .text               ro code  0x0803ae04      0xe  div.o [3]
  .text               ro code  0x0803ae14     0x74  bsp_dwt.o [1]
  .text               ro code  0x0803ae88    0xa50  usb_core.o [1]
  .text               ro code  0x0803b8d8   0x1a58  bsp_sdio_sd.o [1]
  .text               ro code  0x0803d330    0x618  usbh_msc_scsi.o [1]
  .text               ro code  0x0803d948    0x554  usbh_msc_bot.o [1]
  .text               ro code  0x0803de9c      0x2  I64DivZer.o [5]
  .text               ro code  0x0803dea0    0x17c  stm32f4xx_sdio.o [1]
  .text               ro code  0x0803e01c    0xc7e  usb_hcd_int.o [1]
  .text               ro code  0x0803ec9c    0x3e8  usbh_msc_core.o [1]
  .rodata             const    0x0803f084    0x3dc  cc936.o [1]
  .rodata             const    0x0803f460    0x3dc  cc936.o [1]
  .text               ro code  0x0803f83c    0x2f4  para.o [1]
  .text               ro code  0x0803fb30     0x44  strcpy_unaligned.o [5]
  .text               ro code  0x0803fb74    0x2e0  bsp_tim_pwm.o [1]
  .rodata             const    0x0803fe54    0x1f4  apptask.o [1]
  .rodata             const    0x08040048    0x190  product_cal.o [1]
  .text               ro code  0x080401d8    0x154  system_stm32f4xx.o [1]
  .rodata             const    0x0804032c    0x100  mcheck.o [1]
  .rodata             const    0x0804042c    0x100  mcheck.o [1]
  .rodata             const    0x0804052c    0x100  mcheck.o [1]
  .text               ro code  0x0804062c     0xd4  bsp_closeSW.o [1]
  .text               ro code  0x08040700     0x54  stm32f4xx_syscfg.o [1]
  .text               ro code  0x08040754     0xc0  stm32f4xx_exti.o [1]
  .text               ro code  0x08040814     0xd0  packbits_init.o [5]
  .text               ro code  0x080408e4      0x6  abort.o [3]
  .text               ro code  0x080408ec     0x14  exit.o [6]
  .text               ro code  0x08040900     0x4c  bsp.o [1]
  .text               ro code  0x0804094c     0x44  bsp_relay.o [1]
  .text               ro code  0x08040990     0x40  zero_init3.o [5]
  .text               ro code  0x080409d0     0x3c  SysInfoTest.o [1]
  .rodata             const    0x08040a0c     0x38  demo_fatfs.o [1]
  .text               ro code  0x08040a44     0x38  stm32f4xx_it.o [1]
  .rodata             const    0x08040a7c     0x30  apptask.o [1]
  .rodata             const    0x08040aac     0x30  demo_fatfs.o [1]
  .rodata             const    0x08040adc     0x30  demo_fatfs.o [1]
  .rodata             const    0x08040b0c     0x2c  apptask.o [1]
  .rodata             const    0x08040b38     0x2c  demo_fatfs.o [1]
  .rodata             const    0x08040b64     0x2c  demo_fatfs.o [1]
  .rodata             const    0x08040b90     0x2c  stm32f4xx_it.o [1]
  .text               ro code  0x08040bbc     0x2c  main.o [1]
  .rodata             const    0x08040be8     0x28  demo_fatfs.o [1]
  .rodata             const    0x08040c10     0x28  demo_fatfs.o [1]
  .rodata             const    0x08040c38     0x28  demo_fatfs.o [1]
  .text               ro code  0x08040c60     0x28  data_init.o [5]
  .rodata             const    0x08040c88     0x24  demo_fatfs.o [1]
  .rodata             const    0x08040cac     0x24  demo_fatfs.o [1]
  .rodata             const    0x08040cd0     0x24  usbh_usr.o [1]
  .text               ro code  0x08040cf4     0x22  fpinit_M.o [4]
  .iar.init_table     const    0x08040d18     0x34  - Linker created -
  .rodata             const    0x08040d4c     0x20  apptask.o [1]
  .rodata             const    0x08040d6c     0x20  apptask.o [1]
  .rodata             const    0x08040d8c     0x20  bsp_sdwe050c17.o [1]
  .rodata             const    0x08040dac     0x20  demo_fatfs.o [1]
  .rodata             const    0x08040dcc     0x20  demo_fatfs.o [1]
  .rodata             const    0x08040dec     0x20  demo_fatfs.o [1]
  .rodata             const    0x08040e0c     0x20  usbh_usr.o [1]
  .rodata             const    0x08040e2c     0x20  usbh_usr.o [1]
  .rodata             const    0x08040e4c     0x20  usbh_usr.o [1]
  .rodata             const    0x08040e6c     0x20  usbh_usr.o [1]
  .rodata             const    0x08040e8c     0x20  usbh_usr.o [1]
  .rodata             const    0x08040eac     0x1c  apptask.o [1]
  .rodata             const    0x08040ec8     0x1c  apptask.o [1]
  .rodata             const    0x08040ee4     0x1c  apptask.o [1]
  .rodata             const    0x08040f00     0x1c  apptask.o [1]
  .rodata             const    0x08040f1c     0x1c  apptask.o [1]
  .rodata             const    0x08040f38     0x1c  apptask.o [1]
  .rodata             const    0x08040f54     0x1c  apptask.o [1]
  .rodata             const    0x08040f70     0x1c  demo_fatfs.o [1]
  .rodata             const    0x08040f8c     0x1c  demo_fatfs.o [1]
  .rodata             const    0x08040fa8     0x1c  usbh_usr.o [1]
  .rodata             const    0x08040fc4     0x1c  usbh_usr.o [1]
  .rodata             const    0x08040fe0     0x1c  usbh_usr.o [1]
  .rodata             const    0x08040ffc     0x1c  usbh_usr.o [1]
  .rodata             const    0x08041018     0x1c  usbh_usr.o [1]
  .rodata             const    0x08041034     0x1c  usbh_usr.o [1]
  .text               ro code  0x08041050     0x1a  cmain.o [5]
  .text               ro code  0x0804106a      0x4  exit.o [3]
  .text               ro code  0x08041070      0xa  cexit.o [5]
  .rodata             const    0x0804107c     0x18  apptask.o [1]
  .rodata             const    0x08041094     0x18  apptask.o [1]
  .rodata             const    0x080410ac     0x18  apptask.o [1]
  .rodata             const    0x080410c4     0x18  apptask.o [1]
  .rodata             const    0x080410dc     0x18  apptask.o [1]
  .rodata             const    0x080410f4     0x18  apptask.o [1]
  .rodata             const    0x0804110c     0x18  apptask.o [1]
  .rodata             const    0x08041124     0x18  demo_fatfs.o [1]
  .rodata             const    0x0804113c     0x18  demo_fatfs.o [1]
  .rodata             const    0x08041154     0x18  demo_fatfs.o [1]
  .rodata             const    0x0804116c     0x18  demo_fatfs.o [1]
  .rodata             const    0x08041184     0x18  usbh_usr.o [1]
  .rodata             const    0x0804119c     0x18  usbh_usr.o [1]
  .rodata             const    0x080411b4     0x18  usbh_usr.o [1]
  .rodata             const    0x080411cc     0x18  usbh_usr.o [1]
  .rodata             const    0x080411e4     0x18  usbh_usr.o [1]
  .text               ro code  0x080411fc     0x16  xprout.o [3]
  .text               ro code  0x08041214      0xc  putchar.o [3]
  .rodata             const    0x08041220     0x14  apptask.o [1]
  .rodata             const    0x08041234     0x14  apptask.o [1]
  .rodata             const    0x08041248     0x14  apptask.o [1]
  .rodata             const    0x0804125c     0x14  apptask.o [1]
  .rodata             const    0x08041270     0x14  apptask.o [1]
  .rodata             const    0x08041284     0x14  apptask.o [1]
  .rodata             const    0x08041298     0x14  usbh_usr.o [1]
  .rodata             const    0x080412ac     0x14  usbh_usr.o [1]
  .rodata             const    0x080412c0     0x10  apptask.o [1]
  .rodata             const    0x080412d0     0x10  apptask.o [1]
  .rodata             const    0x080412e0     0x10  apptask.o [1]
  .rodata             const    0x080412f0     0x10  apptask.o [1]
  .rodata             const    0x08041300     0x10  apptask.o [1]
  .rodata             const    0x08041310     0x10  apptask.o [1]
  .rodata             const    0x08041320     0x10  apptask.o [1]
  .rodata             const    0x08041330     0x10  apptask.o [1]
  .rodata             const    0x08041340     0x10  apptask.o [1]
  .rodata             const    0x08041350     0x10  ff.o [1]
  .rodata             const    0x08041360     0x10  main.o [1]
  .rodata             const    0x08041370     0x10  main.o [1]
  .rodata             const    0x08041380     0x10  usbh_usr.o [1]
  .rodata             const    0x08041390     0x10  usbh_usr.o [1]
  .text               ro code  0x080413a0     0x10  startup_stm32f40_41xxx.o [1]
  .text               ro code  0x080413b0     0x10  usbh_it.o [1]
  .rodata             const    0x080413c0      0xc  apptask.o [1]
  .rodata             const    0x080413cc      0xc  apptask.o [1]
  .rodata             const    0x080413d8      0xc  apptask.o [1]
  .rodata             const    0x080413e4      0xc  apptask.o [1]
  .rodata             const    0x080413f0      0xc  apptask.o [1]
  .rodata             const    0x080413fc      0xc  apptask.o [1]
  .rodata             const    0x08041408      0xc  apptask.o [1]
  .rodata             const    0x08041414      0xc  apptask.o [1]
  .rodata             const    0x08041420      0xc  apptask.o [1]
  .rodata             const    0x0804142c      0xc  apptask.o [1]
  .rodata             const    0x08041438      0xc  apptask.o [1]
  .rodata             const    0x08041444      0xc  apptask.o [1]
  .rodata             const    0x08041450      0xc  apptask.o [1]
  .rodata             const    0x0804145c      0xc  apptask.o [1]
  .rodata             const    0x08041468      0xc  apptask.o [1]
  .rodata             const    0x08041474      0xc  apptask.o [1]
  .rodata             const    0x08041480      0xc  apptask.o [1]
  .rodata             const    0x0804148c      0xc  apptask.o [1]
  .rodata             const    0x08041498      0xc  apptask.o [1]
  .rodata             const    0x080414a4      0xc  apptask.o [1]
  .rodata             const    0x080414b0      0xc  apptask.o [1]
  .rodata             const    0x080414bc      0xc  apptask.o [1]
  .rodata             const    0x080414c8      0xc  apptask.o [1]
  .rodata             const    0x080414d4      0xc  apptask.o [1]
  .rodata             const    0x080414e0      0xc  apptask.o [1]
  .rodata             const    0x080414ec      0xc  apptask.o [1]
  .rodata             const    0x080414f8      0xc  apptask.o [1]
  .rodata             const    0x08041504      0xc  bsp_sdwe050c17.o [1]
  .rodata             const    0x08041510      0xc  bsp_sdwe050c17.o [1]
  .rodata             const    0x0804151c      0xc  demo_fatfs.o [1]
  .rodata             const    0x08041528      0xc  ff.o [1]
  .text               ro code  0x08041534      0xc  cstartup_M.o [5]
  .rodata             const    0x08041540      0x8  apptask.o [1]
  .rodata             const    0x08041548      0x8  apptask.o [1]
  .rodata             const    0x08041550      0x8  apptask.o [1]
  .rodata             const    0x08041558      0x8  apptask.o [1]
  .rodata             const    0x08041560      0x8  apptask.o [1]
  .rodata             const    0x08041568      0x8  apptask.o [1]
  .rodata             const    0x08041570      0x8  apptask.o [1]
  .rodata             const    0x08041578      0x8  apptask.o [1]
  .rodata             const    0x08041580      0x8  apptask.o [1]
  .rodata             const    0x08041588      0x8  apptask.o [1]
  .rodata             const    0x08041590      0x8  apptask.o [1]
  .rodata             const    0x08041598      0x8  apptask.o [1]
  .rodata             const    0x080415a0      0x8  apptask.o [1]
  .rodata             const    0x080415a8      0x8  bsp_w25qxx.o [1]
  .rodata             const    0x080415b0      0x8  ff.o [1]
  .rodata             const    0x080415b8      0x8  malloc.o [1]
  .rodata             const    0x080415c0      0x8  malloc.o [1]
  .rodata             const    0x080415c8      0x8  malloc.o [1]
  .rodata             const    0x080415d0      0x8  para.o [1]
  .rodata             const    0x080415d8      0x8  para.o [1]
  .rodata             const    0x080415e0      0x8  para.o [1]
  .rodata             const    0x080415e8      0x8  tasks.o [1]
  .rodata             const    0x080415f0      0x8  timers.o [1]
  .rodata             const    0x080415f8      0x4  heap_4.o [1]
  .rodata             const    0x080415fc      0x4  port.o [1]
  .text               ro code  0x08041600      0x4  startup_stm32f40_41xxx.o [1]
  .text               ro code  0x08041604      0x4  startup_stm32f40_41xxx.o [1]
  .text               ro code  0x08041608      0x4  startup_stm32f40_41xxx.o [1]
  .text               ro code  0x0804160c      0x4  startup_stm32f40_41xxx.o [1]
  .text               ro code  0x08041610      0x4  startup_stm32f40_41xxx.o [1]
  .text               ro code  0x08041614      0x4  startup_stm32f40_41xxx.o [1]
  .text               ro code  0x08041618      0x4  startup_stm32f40_41xxx.o [1]
  .text               ro code  0x0804161c      0x4  startup_stm32f40_41xxx.o [1]
  .text               ro code  0x08041620      0x4  startup_stm32f40_41xxx.o [1]
  .text               ro code  0x08041624      0x4  startup_stm32f40_41xxx.o [1]
  .text               ro code  0x08041628      0x4  startup_stm32f40_41xxx.o [1]
  .text               ro code  0x0804162c      0x4  startup_stm32f40_41xxx.o [1]
  .text               ro code  0x08041630      0x4  startup_stm32f40_41xxx.o [1]
  .text               ro code  0x08041634      0x4  startup_stm32f40_41xxx.o [1]
  .text               ro code  0x08041638      0x4  startup_stm32f40_41xxx.o [1]
  .text               ro code  0x0804163c      0x4  startup_stm32f40_41xxx.o [1]
  .text               ro code  0x08041640      0x4  startup_stm32f40_41xxx.o [1]
  .text               ro code  0x08041644      0x4  startup_stm32f40_41xxx.o [1]
  .text               ro code  0x08041648      0x4  startup_stm32f40_41xxx.o [1]
  .text               ro code  0x0804164c      0x4  startup_stm32f40_41xxx.o [1]
  .text               ro code  0x08041650      0x4  startup_stm32f40_41xxx.o [1]
  .text               ro code  0x08041654      0x4  startup_stm32f40_41xxx.o [1]
  .text               ro code  0x08041658      0x4  startup_stm32f40_41xxx.o [1]
  .text               ro code  0x0804165c      0x4  startup_stm32f40_41xxx.o [1]
  .text               ro code  0x08041660      0x4  startup_stm32f40_41xxx.o [1]
  .text               ro code  0x08041664      0x4  startup_stm32f40_41xxx.o [1]
  .text               ro code  0x08041668      0x4  startup_stm32f40_41xxx.o [1]
  .text               ro code  0x0804166c      0x4  startup_stm32f40_41xxx.o [1]
  .text               ro code  0x08041670      0x4  startup_stm32f40_41xxx.o [1]
  .text               ro code  0x08041674      0x4  startup_stm32f40_41xxx.o [1]
  .text               ro code  0x08041678      0x4  startup_stm32f40_41xxx.o [1]
  .text               ro code  0x0804167c      0x4  startup_stm32f40_41xxx.o [1]
  .text               ro code  0x08041680      0x4  startup_stm32f40_41xxx.o [1]
  .text               ro code  0x08041684      0x4  startup_stm32f40_41xxx.o [1]
  .text               ro code  0x08041688      0x4  startup_stm32f40_41xxx.o [1]
  .text               ro code  0x0804168c      0x4  startup_stm32f40_41xxx.o [1]
  .text               ro code  0x08041690      0x4  startup_stm32f40_41xxx.o [1]
  .text               ro code  0x08041694      0x4  startup_stm32f40_41xxx.o [1]
  .text               ro code  0x08041698      0x4  startup_stm32f40_41xxx.o [1]
  .text               ro code  0x0804169c      0x4  startup_stm32f40_41xxx.o [1]
  .text               ro code  0x080416a0      0x4  startup_stm32f40_41xxx.o [1]
  .text               ro code  0x080416a4      0x4  startup_stm32f40_41xxx.o [1]
  .text               ro code  0x080416a8      0x4  startup_stm32f40_41xxx.o [1]
  .text               ro code  0x080416ac      0x4  startup_stm32f40_41xxx.o [1]
  .text               ro code  0x080416b0      0x4  startup_stm32f40_41xxx.o [1]
  .text               ro code  0x080416b4      0x4  startup_stm32f40_41xxx.o [1]
  .text               ro code  0x080416b8      0x4  startup_stm32f40_41xxx.o [1]
  .text               ro code  0x080416bc      0x4  startup_stm32f40_41xxx.o [1]
  .text               ro code  0x080416c0      0x4  startup_stm32f40_41xxx.o [1]
  .text               ro code  0x080416c4      0x4  startup_stm32f40_41xxx.o [1]
  .text               ro code  0x080416c8      0x4  startup_stm32f40_41xxx.o [1]
  .text               ro code  0x080416cc      0x4  startup_stm32f40_41xxx.o [1]
  .text               ro code  0x080416d0      0x4  startup_stm32f40_41xxx.o [1]
  .text               ro code  0x080416d4      0x4  startup_stm32f40_41xxx.o [1]
  .text               ro code  0x080416d8      0x4  startup_stm32f40_41xxx.o [1]
  .text               ro code  0x080416dc      0x4  startup_stm32f40_41xxx.o [1]
  .text               ro code  0x080416e0      0x4  startup_stm32f40_41xxx.o [1]
  .text               ro code  0x080416e4      0x4  startup_stm32f40_41xxx.o [1]
  .text               ro code  0x080416e8      0x4  startup_stm32f40_41xxx.o [1]
  .text               ro code  0x080416ec      0x4  startup_stm32f40_41xxx.o [1]
  .text               ro code  0x080416f0      0x4  startup_stm32f40_41xxx.o [1]
  .text               ro code  0x080416f4      0x4  startup_stm32f40_41xxx.o [1]
  .text               ro code  0x080416f8      0x4  startup_stm32f40_41xxx.o [1]
  .text               ro code  0x080416fc      0x4  startup_stm32f40_41xxx.o [1]
  .text               ro code  0x08041700      0x4  startup_stm32f40_41xxx.o [1]
  .text               ro code  0x08041704      0x4  startup_stm32f40_41xxx.o [1]
  .text               ro code  0x08041708      0x4  startup_stm32f40_41xxx.o [1]
  .text               ro code  0x0804170c      0x4  startup_stm32f40_41xxx.o [1]
  .rodata             const    0x08041710      0x0  zero_init3.o [5]
  .rodata             const    0x08041710      0x0  packbits_init.o [5]
  Initializer bytes   const    0x08041710    0x11d  <for P2 s0>
                             - 0x0804182d  0x416a5

"P2":                                      0x1f718
  P2 s0                        0x20000000    0x1cb  <Init block>
    __DLIB_PERTHREAD  inited   0x20000000     0x88  localeconv.o [3]
    .data             inited   0x20000088     0x50  demo_fatfs.o [1]
    .data             inited   0x200000d8     0x48  usbh_usr.o [1]
    .data             inited   0x20000120     0x40  xfiles.o [3]
    .data             inited   0x20000160     0x1c  malloc.o [1]
    .data             inited   0x2000017c     0x14  bsp_servomotor.o [1]
    .data             inited   0x20000190     0x10  stm32f4xx_rcc.o [1]
    .data             inited   0x200001a0     0x10  usbh_msc_core.o [1]
    .data             inited   0x200001b0      0xc  usbh_core.o [1]
    .data             inited   0x200001bc      0x4  port.o [1]
    .data             inited   0x200001c0      0x4  system_stm32f4xx.o [1]
    .data             inited   0x200001c4      0x4  usbh_core.o [1]
    .data             inited   0x200001c8      0x2  bsp_w25qxx.o [1]
    .data             inited   0x200001ca      0x1  usbh_msc_scsi.o [1]
  .bss                zero     0x200001cc  0x11800  heap_4.o [1]
  .bss                zero     0x200119cc   0xa000  malloc.o [1]
  .bss                zero     0x2001b9cc   0x1000  bsp_w25qxx.o [1]
  .bss                zero     0x2001c9cc    0xa00  malloc.o [1]
  .bss                zero     0x2001d3cc    0x5ac  usbh_usr.o [1]
  .bss                zero     0x2001d978    0x5ac  usbh_usr.o [1]
  .bss                zero     0x2001df24    0x200  ff.o [1]
  .bss                zero     0x2001e124    0x200  usbh_msc_scsi.o [1]
  .bss                zero     0x2001e324    0x200  usbh_stdreq.o [1]
  .bss                zero     0x2001e524    0x118  page_weimi.o [1]
  .bss                zero     0x2001e63c     0xc8  tasks.o [1]
  .bss                zero     0x2001e704     0xa4  protocol.o [1]
  .bss                zero     0x2001e7a8     0x98  para.o [1]
  .bss                zero     0x2001e840     0x94  usbh_usr.o [1]
  .bss                zero     0x2001e8d4     0x70  protocol.o [1]
  .bss                zero     0x2001e944     0x64  bsp_uart_fifo.o [1]
  .bss                zero     0x2001e9a8     0x64  bsp_uart_fifo.o [1]
  .bss                zero     0x2001ea10     0x58  bsp_sdio_sd.o [1]
  .bss                zero     0x2001ea68     0x50  protocol.o [1]
  .bss                zero     0x2001eab8     0x50  xfiles.o [3]
  .bss                zero     0x2001eb08     0x4c  usbh_msc_core.o [1]
  .bss                zero     0x2001eb54     0x34  bsp_sdwe050c17.o [1]
  .bss                zero     0x2001eb88     0x2c  product_cal.o [1]
  .bss                zero     0x2001ebb4     0x28  bsp_uart_fifo.o [1]
  .bss                zero     0x2001ebdc     0x28  product_cal.o [1]
  .bss                zero     0x2001ec04     0x24  ff.o [1]
  .bss                zero     0x2001ec28     0x20  usbh_msc_bot.o [1]
  .bss                zero     0x2001ec48     0x18  bsp_sdio_sd.o [1]
  .bss                zero     0x2001ec60     0x18  bsp_sdio_sd.o [1]
  .bss                zero     0x2001ec78     0x14  bsp_sdio_sd.o [1]
  .bss                zero     0x2001ec8c     0x14  page_weimi.o [1]
  .bss                zero     0x2001eca0     0x14  rc522.o [1]
  .bss                zero     0x2001ecb4     0x14  tasks.o [1]
  .bss                zero     0x2001ecc8     0x14  tasks.o [1]
  .bss                zero     0x2001ecdc     0x14  tasks.o [1]
  .bss                zero     0x2001ecf0     0x14  tasks.o [1]
  .bss                zero     0x2001ed04     0x14  tasks.o [1]
  .bss                zero     0x2001ed18     0x14  timers.o [1]
  .bss                zero     0x2001ed2c     0x14  timers.o [1]
  .bss                zero     0x2001ed40     0x10  bsp_sdio_sd.o [1]
  .bss                zero     0x2001ed50     0x10  bsp_sdio_sd.o [1]
  .bss                zero     0x2001ed60     0x10  usbh_msc_bot.o [1]
  .bss                zero     0x2001ed70     0x10  usbh_msc_bot.o [1]
  .bss                zero     0x2001ed80     0x10  usbh_msc_scsi.o [1]
  .bss                zero     0x2001ed90      0xc  apptask.o [1]
  .bss                zero     0x2001ed9c      0xc  apptask.o [1]
  .bss                zero     0x2001eda8      0xc  ff.o [1]
  .bss                zero     0x2001edb4      0xc  protocol.o [1]
  .bss                zero     0x2001edc0      0xc  protocol.o [1]
  .bss                zero     0x2001edcc      0xc  protocol.o [1]
  .bss                zero     0x2001edd8      0x8  heap_4.o [1]
  .bss                zero     0x2001ede0      0x8  modbus.o [1]
  .bss                zero     0x2001ede8      0x8  protocol.o [1]
  .bss                zero     0x2001edf0      0x4  apptask.o [1]
  .bss                zero     0x2001edf4      0x4  apptask.o [1]
  .bss                zero     0x2001edf8      0x4  apptask.o [1]
  .bss                zero     0x2001edfc      0x4  apptask.o [1]
  .bss                zero     0x2001ee00      0x4  apptask.o [1]
  .bss                zero     0x2001ee04      0x4  apptask.o [1]
  .bss                zero     0x2001ee08      0x4  apptask.o [1]
  .bss                zero     0x2001ee0c      0x4  apptask.o [1]
  .bss                zero     0x2001ee10      0x4  apptask.o [1]
  .bss                zero     0x2001ee14      0x4  apptask.o [1]
  .bss                zero     0x2001ee18      0x4  apptask.o [1]
  .bss                zero     0x2001ee1c      0x4  apptask.o [1]
  .bss                zero     0x2001ee20      0x4  apptask.o [1]
  .bss                zero     0x2001ee24      0x4  apptask.o [1]
  .bss                zero     0x2001ee28      0x4  apptask.o [1]
  .bss                zero     0x2001ee2c      0x4  apptask.o [1]
  .bss                zero     0x2001ee30      0x4  apptask.o [1]
  .bss                zero     0x2001ee34      0x4  apptask.o [1]
  .bss                zero     0x2001ee38      0x4  bsp_sdio_sd.o [1]
  .bss                zero     0x2001ee3c      0x4  bsp_sdio_sd.o [1]
  .bss                zero     0x2001ee40      0x4  bsp_sdio_sd.o [1]
  .bss                zero     0x2001ee44      0x4  bsp_sdio_sd.o [1]
  .bss                zero     0x2001ee48      0x4  bsp_sdio_sd.o [1]
  .bss                zero     0x2001ee4c      0x4  bsp_timer.o [1]
  .bss                zero     0x2001ee50      0x4  bsp_timer.o [1]
  .bss                zero     0x2001ee54      0x4  bsp_timer.o [1]
  .bss                zero     0x2001ee58      0x4  bsp_timer.o [1]
  .bss                zero     0x2001ee5c      0x4  encoder.o [1]
  .bss                zero     0x2001ee60      0x4  encoder.o [1]
  .bss                zero     0x2001ee64      0x4  heap_4.o [1]
  .bss                zero     0x2001ee68      0x4  heap_4.o [1]
  .bss                zero     0x2001ee6c      0x4  heap_4.o [1]
  .bss                zero     0x2001ee70      0x4  heap_4.o [1]
  .bss                zero     0x2001ee74      0x4  port.o [1]
  .bss                zero     0x2001ee78      0x4  product_cal.o [1]
  .bss                zero     0x2001ee7c      0x4  product_cal.o [1]
  .bss                zero     0x2001ee80      0x4  SysInfoTest.o [1]
  .bss                zero     0x2001ee84      0x4  tasks.o [1]
  .bss                zero     0x2001ee88      0x4  tasks.o [1]
  .bss                zero     0x2001ee8c      0x4  tasks.o [1]
  .bss                zero     0x2001ee90      0x4  tasks.o [1]
  .bss                zero     0x2001ee94      0x4  tasks.o [1]
  .bss                zero     0x2001ee98      0x4  tasks.o [1]
  .bss                zero     0x2001ee9c      0x4  tasks.o [1]
  .bss                zero     0x2001eea0      0x4  tasks.o [1]
  .bss                zero     0x2001eea4      0x4  tasks.o [1]
  .bss                zero     0x2001eea8      0x4  tasks.o [1]
  .bss                zero     0x2001eeac      0x4  tasks.o [1]
  .bss                zero     0x2001eeb0      0x4  tasks.o [1]
  .bss                zero     0x2001eeb4      0x4  tasks.o [1]
  .bss                zero     0x2001eeb8      0x4  tasks.o [1]
  .bss                zero     0x2001eebc      0x4  tasks.o [1]
  .bss                zero     0x2001eec0      0x4  tasks.o [1]
  .bss                zero     0x2001eec4      0x4  timers.o [1]
  .bss                zero     0x2001eec8      0x4  timers.o [1]
  .bss                zero     0x2001eecc      0x4  timers.o [1]
  .bss                zero     0x2001eed0      0x4  timers.o [1]
  .bss                zero     0x2001eed4      0x4  usbh_msc_bot.o [1]
  .bss                zero     0x2001eed8      0x4  usbh_msc_bot.o [1]
  .bss                zero     0x2001eedc      0x4  usbh_msc_bot.o [1]
  .bss                zero     0x2001eee0      0x4  usbh_msc_bot.o [1]
  .bss                zero     0x2001eee4      0x2  apptask.o [1]
  .bss                zero     0x2001eee6      0x2  apptask.o [1]
  .bss                zero     0x2001eee8      0x2  apptask.o [1]
  .bss                zero     0x2001eeea      0x2  apptask.o [1]
  .bss                zero     0x2001eeec      0x2  bsp_sdwe050c17.o [1]
  .bss                zero     0x2001eeee      0x2  encoder.o [1]
  .bss                zero     0x2001eef0      0x2  encoder.o [1]
  .bss                zero     0x2001eef2      0x2  encoder.o [1]
  .bss                zero     0x2001eef4      0x2  ff.o [1]
  .bss                zero     0x2001eef6      0x2  product_cal.o [1]
  .bss                zero     0x2001eef8      0x2  usbh_core.o [1]
  .bss                zero     0x2001eefa      0x2  usbh_stdreq.o [1]
  .bss                zero     0x2001eefc      0x1  apptask.o [1]
  .bss                zero     0x2001eefd      0x1  apptask.o [1]
  .bss                zero     0x2001eefe      0x1  apptask.o [1]
  .bss                zero     0x2001eeff      0x1  apptask.o [1]
  .bss                zero     0x2001ef00      0x1  apptask.o [1]
  .bss                zero     0x2001ef01      0x1  apptask.o [1]
  .bss                zero     0x2001ef02      0x1  apptask.o [1]
  .bss                zero     0x2001ef03      0x1  apptask.o [1]
  .bss                zero     0x2001ef04      0x1  bsp_sdio_sd.o [1]
  .bss                zero     0x2001ef05      0x1  bsp_sdwe050c17.o [1]
  .bss                zero     0x2001ef06      0x1  bsp_uart_fifo.o [1]
  .bss                zero     0x2001ef07      0x1  encoder.o [1]
  .bss                zero     0x2001ef08      0x1  port.o [1]
  .bss                zero     0x2001ef09      0x1  product_cal.o [1]
  .bss                zero     0x2001ef0a      0x1  product_cal.o [1]
  .bss                zero     0x2001ef0b      0x1  product_cal.o [1]
  .bss                zero     0x2001ef0c      0x1  protocol.o [1]
  .bss                zero     0x2001ef0d      0x1  rc522.o [1]
  .bss                zero     0x2001ef0e      0x1  rc522.o [1]
  .bss                zero     0x2001ef0f      0x1  usbh_msc_bot.o [1]
  .bss                zero     0x2001ef10      0x1  usbh_msc_core.o [1]
  .bss                zero     0x2001ef11      0x1  usbh_msc_core.o [1]
  .bss                zero     0x2001ef12      0x1  usbh_stdreq.o [1]
  .bss                zero     0x2001ef13      0x1  usbh_usr.o [1]
  CSTACK                       0x2001ef18    0x800  <Block>
    CSTACK            uninit   0x2001ef18    0x800  <Block tail>
                             - 0x2001f718  0x1f718

Absolute sections:                         0xff000
  .bss                zero     0x68000000  0xf0000  malloc.o [1]
  .bss                zero     0x680f0000   0xf000  malloc.o [1]
                             - 0x680ff000  0xff000


*******************************************************************************
*** INIT TABLE
***

          Address     Size
          -------     ----
Zero (__iar_zero_init3)
    2 destination ranges, total size 0x11dd48:
          0x200001cc  0x1ed48
          0x68000000  0xff000

Copy/packbits (__iar_packbits_init3)
    1 source range, total size 0x11d (62% of destination):
          0x08041710    0x11d
    1 destination range, total size 0x1cb:
          0x20000000    0x1cb



*******************************************************************************
*** MODULE SUMMARY
***

    Module                    ro code  ro data  rw data    rw data
                                                            (abs)
    ------                    -------  -------  -------    -------
F:\work\YarnControl_Driver\src\stm32f4_rtos\Project\EWARMv7\Flash\Obj: [1]
    SysInfoTest.o                  60                 4
    apptask.o                  17 264    1 712      112
    bsp.o                          76
    bsp_closeSW.o                 212
    bsp_dwt.o                     116
    bsp_led.o                     192
    bsp_relay.o                    68
    bsp_sdio_sd.o               6 744               209
    bsp_sdwe050c17.o            4 696       56       55
    bsp_servomotor.o            1 164       13       20
    bsp_spi.o                     292
    bsp_stepmotor.o               600
    bsp_sw_onoff.o                104
    bsp_tim_pwm.o                 736
    bsp_timer.o                   516                16
    bsp_uart_fifo.o             2 532               241
    bsp_w25qxx.o                  896        9    4 098
    bsp_watchdog.o                  8
    cc936.o                       244  176 320
    demo_fatfs.o                           742       80
    diskio.o                      740
    encoder.o                     420                15
    event_groups.o                610
    ff.o                        8 804       36      562
    heap_4.o                      640        4   71 704
    list.o                        152
    main.o                         44       32
    malloc.o                      540       41   43 548  1 044 480
    mcheck.o                      184      768
    misc.o                        136
    modbus.o                      852                 8
    page_weimi.o                  366               300
    para.o                        756       24      152
    port.o                        588        7        9
    portasm.o                     168
    product_cal.o               1 316      400       97
    protocol.o                     68               401
    queue.o                     1 992
    rc522.o                       174                22
    startup_stm32f40_41xxx.o      680
    stm32f4xx_dma.o               796
    stm32f4xx_exti.o              192
    stm32f4xx_gpio.o              300
    stm32f4xx_it.o                 56       44
    stm32f4xx_iwdg.o               16
    stm32f4xx_rcc.o               488       10       16
    stm32f4xx_sdio.o              380
    stm32f4xx_spi.o               116
    stm32f4xx_syscfg.o             84
    stm32f4xx_tim.o             1 618
    stm32f4xx_usart.o             596
    system_stm32f4xx.o            340        2        4
    tasks.o                     3 072        8      364
    timers.o                    1 188        8       56
    usb_bsp.o                     332
    usb_core.o                  2 640
    usb_hcd.o                     214
    usb_hcd_int.o               3 198
    usbh_core.o                 1 888       10       18
    usbh_hcs.o                    442
    usbh_ioreq.o                  582
    usbh_it.o                      16
    usbh_msc_bot.o              1 364                81
    usbh_msc_core.o             1 000       10       94
    usbh_msc_scsi.o             1 560        1      529
    usbh_stdreq.o               1 078               515
    usbh_usr.o                    438      600    3 125
    --------------------------------------------------------------
    Total:                     79 744  180 857  126 455  1 044 480

command line: [2]
    --------------------------------------------------------------
    Total:

dl7M_tlf.a: [3]
    abort.o                         6
    div.o                          14
    exit.o                          4
    localeconv.o                  108       84      136
    printf.o                       36
    putchar.o                      12
    sprintf.o                      52
    strcat.o                       28
    strstr.o                       44
    xfiles.o                                40      144
    xprintffull_nomb.o          3 478
    xprout.o                       22
    xsprout.o                      10
    --------------------------------------------------------------
    Total:                      3 814      124      280

m7M_tls.a: [4]
    DblAdd.o                      232
    DblCmpGe.o                     46
    DblCmpLe.o                     46
    DblDiv.o                      598
    DblMul.o                      418
    DblSub.o                      384
    DblToFlt.o                    144
    DblToI32.o                     88
    FltToDbl.o                     78
    I32ToDbl.o                     48
    fpinit_M.o                     34
    xdnorm.o                       66
    xdscale.o                     276
    --------------------------------------------------------------
    Total:                      2 458

rt7M_tl.a: [5]
    ABImemcpy_unaligned.o         118
    ABImemset.o                   102
    I64DivMod.o                   238
    I64DivZer.o                     2
    cexit.o                        10
    cmain.o                        26
    cstartup_M.o                   12
    data_init.o                    40
    memchr.o                       88
    memcmp_unaligned.o             98
    packbits_init.o               208
    strchr.o                       22
    strcmp_unaligned.o             66
    strcpy_unaligned.o             68
    strlen.o                       54
    zero_init3.o                   64
    --------------------------------------------------------------
    Total:                      1 216

shb_l.a: [6]
    exit.o                         20
    --------------------------------------------------------------
    Total:                         20

    Gaps                           44        4        5
    Linker created                          52    2 048
------------------------------------------------------------------
    Grand Total:               87 296  181 037  128 788  1 044 480


*******************************************************************************
*** ENTRY LIST
***

Entry                      Address     Size  Type      Object
-----                      -------     ----  ----      ------
.iar.init_table$$Base   0x08040d18            --   Gb  - Linker created -
.iar.init_table$$Limit  0x08040d4c            --   Gb  - Linker created -
?main                   0x08041051           Code  Gb  cmain.o [5]
APBAHBPrescTable        0x20000190     0x10  Data  Lc  stm32f4xx_rcc.o [1]
AppObjCreate            0x0802e8bd    0x15e  Code  Gb  apptask.o [1]
AppTaskCreate           0x0802e741    0x148  Code  Gb  apptask.o [1]
BOTStallErrorCount      0x2001eed4      0x4  Data  Lc  usbh_msc_bot.o [1]
BusFault_Handler        0x08040a77      0x2  Code  Gb  stm32f4xx_it.o [1]
CID_Tab                 0x2001ed50     0x10  Data  Lc  bsp_sdio_sd.o [1]
CRC16HiTable            0x0804032c    0x100  Data  Gb  mcheck.o [1]
CRC16LoTable            0x0804042c    0x100  Data  Gb  mcheck.o [1]
CRC8Table               0x0804052c    0x100  Data  Gb  mcheck.o [1]
CSD_Tab                 0x2001ed40     0x10  Data  Lc  bsp_sdio_sd.o [1]
CSTACK$$Base            0x2001ef18            --   Gb  - Linker created -
CSTACK$$Limit           0x2001f718            --   Gb  - Linker created -
CardType                0x2001ee38      0x4  Data  Lc  bsp_sdio_sd.o [1]
CmdError                0x0803ca41     0x38  Code  Lc  bsp_sdio_sd.o [1]
CmdResp1Error           0x0803cae5    0x112  Code  Lc  bsp_sdio_sd.o [1]
CmdResp2Error           0x0803cc35     0x52  Code  Lc  bsp_sdio_sd.o [1]
CmdResp3Error           0x0803cbf7     0x3e  Code  Lc  bsp_sdio_sd.o [1]
CmdResp6Error           0x0803cc87     0xa6  Code  Lc  bsp_sdio_sd.o [1]
CmdResp7Error           0x0803ca79     0x58  Code  Lc  bsp_sdio_sd.o [1]
ConfigExitNVIC          0x08040697     0x22  Code  Gb  bsp_closeSW.o [1]
ConfigUartNVIC          0x08037c5b     0x7c  Code  Lc  bsp_uart_fifo.o [1]
DIFF_G_init             0x080362e5     0x78  Code  Gb  bsp_servomotor.o [1]
DMA1_Stream0_IRQHandler
                        0x08036659     0x1c  Code  Gb  bsp_servomotor.o [1]
DMA1_Stream3_IRQHandler
                        0x08036675     0x1c  Code  Gb  bsp_servomotor.o [1]
DMA2_Stream3_IRQHandler
                        0x0803d329      0x8  Code  Gb  bsp_sdio_sd.o [1]
DMAEndOfTransfer        0x2001ee48      0x4  Data  Gb  bsp_sdio_sd.o [1]
DMA_ClearFlag           0x0803a543     0x24  Code  Gb  stm32f4xx_dma.o [1]
DMA_Cmd                 0x0803a4f9     0x1a  Code  Gb  stm32f4xx_dma.o [1]
DMA_DeInit              0x0803a361    0x140  Code  Gb  stm32f4xx_dma.o [1]
DMA_FlowControllerConfig
                        0x0803a513     0x18  Code  Gb  stm32f4xx_dma.o [1]
DMA_GetCmdStatus        0x0803a52b     0x18  Code  Gb  stm32f4xx_dma.o [1]
DMA_GetITStatus         0x0803a5a9     0x62  Code  Gb  stm32f4xx_dma.o [1]
DMA_ITConfig            0x0803a567     0x42  Code  Gb  stm32f4xx_dma.o [1]
DMA_Init                0x0803a4a1     0x58  Code  Gb  stm32f4xx_dma.o [1]
DebugMon_Handler        0x08040a7b      0x2  Code  Gb  stm32f4xx_it.o [1]
DiskFile_init           0x08035e55     0x40  Code  Gb  protocol.o [1]
Disk_File               0x2001e8d4     0x70  Data  Gb  protocol.o [1]
EXTI9_5_IRQHandler      0x080406b9     0x3c  Code  Gb  bsp_closeSW.o [1]
EXTI_ClearITPendingBit  0x080407f7      0x6  Code  Gb  stm32f4xx_exti.o [1]
EXTI_GetITStatus        0x080407dd     0x1a  Code  Gb  stm32f4xx_exti.o [1]
EXTI_Init               0x08040755     0x88  Code  Gb  stm32f4xx_exti.o [1]
Encoder_Cap_Init        0x080366b9     0xbe  Code  Gb  encoder.o [1]
FR_Table                0x20000088     0x50  Data  Gb  demo_fatfs.o [1]
FatFs                   0x2001eda8      0xc  Data  Lc  ff.o [1]
File_info               0x2001ea68     0x50  Data  Gb  protocol.o [1]
Files                   0x2001ec04     0x24  Data  Lc  ff.o [1]
FindSCR                 0x0803ced5    0x206  Code  Lc  bsp_sdio_sd.o [1]
Freq_value              0x2001ee60      0x4  Data  Gb  encoder.o [1]
Fsid                    0x2001eef4      0x2  Data  Lc  ff.o [1]
GPIO_Init               0x08036101     0xaa  Code  Gb  stm32f4xx_gpio.o [1]
GPIO_PinAFConfig        0x080361d3     0x5a  Code  Gb  stm32f4xx_gpio.o [1]
GPIO_ReadInputDataBit   0x080361ab     0x1a  Code  Gb  stm32f4xx_gpio.o [1]
GPIO_WriteBit           0x080361c5      0xe  Code  Gb  stm32f4xx_gpio.o [1]
GetDeviceState          0x08035e21     0x2e  Code  Gb  bsp_sw_onoff.o [1]
HCD_GetCurrentFrame     0x08039629      0x8  Code  Gb  usb_hcd.o [1]
HCD_GetCurrentSpeed     0x0803960b     0x10  Code  Gb  usb_hcd.o [1]
HCD_GetURB_State        0x08039631      0xa  Code  Gb  usb_hcd.o [1]
HCD_GetXferCnt          0x0803963b      0xc  Code  Gb  usb_hcd.o [1]
HCD_Init                0x08039599     0x72  Code  Gb  usb_hcd.o [1]
HCD_ResetPort           0x0803961b      0xe  Code  Gb  usb_hcd.o [1]
HCD_SubmitRequest       0x08039647     0x28  Code  Gb  usb_hcd.o [1]
HardFault_Handler       0x08040a47     0x22  Code  Gb  stm32f4xx_it.o [1]
IWDG_Feed               0x080370d5      0x8  Code  Gb  bsp_watchdog.o [1]
IWDG_ReloadCounter      0x0803a705      0xa  Code  Gb  stm32f4xx_iwdg.o [1]
InStream_Read           0x08040815     0x22  Code  Lc  packbits_init.o [5]
InitHardUart            0x08037899    0x3c2  Code  Lc  bsp_uart_fifo.o [1]
Init_JINGSHA_GUI        0x080301f7    0x122  Code  Gb  bsp_sdwe050c17.o [1]
LfnBuf                  0x2001df24    0x200  Data  Lc  ff.o [1]
LfnOfs                  0x08041350     0x10  Data  Lc  ff.o [1]
LoadInt                 0x08038ac1     0x6e  Code  Lc  xprintffull_nomb.o [3]
MSCErrorCount           0x2001ef10      0x1  Data  Gb  usbh_msc_core.o [1]
MSC_Machine             0x2001eb08     0x4c  Data  Gb  usbh_msc_core.o [1]
MSG_DEV_ATTACHED        0x080411cc     0x18  Data  Gb  usbh_usr.o [1]
MSG_DEV_DISCONNECTED    0x080411e4     0x18  Data  Gb  usbh_usr.o [1]
MSG_DEV_ENUMERATED      0x08040ffc     0x1c  Data  Gb  usbh_usr.o [1]
MSG_DEV_ERROR           0x080412ac     0x14  Data  Gb  usbh_usr.o [1]
MSG_DEV_FULLSPEED       0x08040e6c     0x20  Data  Gb  usbh_usr.o [1]
MSG_DEV_HIGHSPEED       0x08040e4c     0x20  Data  Gb  usbh_usr.o [1]
MSG_DEV_LOWSPEED        0x08040e8c     0x20  Data  Gb  usbh_usr.o [1]
MSG_HID_CLASS           0x08041018     0x1c  Data  Gb  usbh_usr.o [1]
MSG_MSC_CLASS           0x08040cd0     0x24  Data  Gb  usbh_usr.o [1]
MSG_UNREC_ERROR         0x08041034     0x1c  Data  Gb  usbh_usr.o [1]
MemManage_Handler       0x08040a75      0x2  Code  Gb  stm32f4xx_it.o [1]
MotorProcess            0x2001ec8c     0x14  Data  Gb  page_weimi.o [1]
MotorStepCount          0x0803685d     0x62  Code  Gb  page_weimi.o [1]
NMI_Handler             0x08040a45      0x2  Code  Gb  stm32f4xx_it.o [1]
NVIC_Init               0x0803a687     0x6a  Code  Gb  misc.o [1]
NVIC_PriorityGroupConfig
                        0x0803a67d      0xa  Code  Gb  misc.o [1]
OTG_FS_IRQHandler       0x080413b1     0x10  Code  Gb  usbh_it.o [1]
PendSV_Handler          0x0803a715           Code  Gb  portasm.o [1]
RCA                     0x2001ee3c      0x4  Data  Lc  bsp_sdio_sd.o [1]
RCC_AHB1PeriphClockCmd  0x08037743     0x22  Code  Gb  stm32f4xx_rcc.o [1]
RCC_AHB2PeriphClockCmd  0x08037765     0x1e  Code  Gb  stm32f4xx_rcc.o [1]
RCC_APB1PeriphClockCmd  0x08037783     0x1e  Code  Gb  stm32f4xx_rcc.o [1]
RCC_APB1PeriphResetCmd  0x080377bf     0x1e  Code  Gb  stm32f4xx_rcc.o [1]
RCC_APB2PeriphClockCmd  0x080377a1     0x1e  Code  Gb  stm32f4xx_rcc.o [1]
RCC_APB2PeriphResetCmd  0x080377dd     0x1e  Code  Gb  stm32f4xx_rcc.o [1]
RCC_GetClocksFreq       0x08037641    0x102  Code  Gb  stm32f4xx_rcc.o [1]
RS485_InitTXE           0x08037865     0x34  Code  Gb  bsp_uart_fifo.o [1]
RS485_sendbuf           0x080380a5     0x3c  Code  Gb  bsp_uart_fifo.o [1]
ReadValue1              0x2001eeee      0x2  Data  Gb  encoder.o [1]
ReadValue2              0x2001eef0      0x2  Data  Gb  encoder.o [1]
Region$$Table$$Base     0x08040d18            --   Gb  - Linker created -
Region$$Table$$Limit    0x08040d4c            --   Gb  - Linker created -
SDCardInfo              0x2001ea10     0x58  Data  Gb  bsp_sdio_sd.o [1]
SDEnWideBus             0x0803cd39    0x198  Code  Lc  bsp_sdio_sd.o [1]
SDIO_ClearFlag          0x0803dfb5      0x6  Code  Gb  stm32f4xx_sdio.o [1]
SDIO_ClearITPendingBit  0x0803dfd5      0x6  Code  Gb  stm32f4xx_sdio.o [1]
SDIO_ClockCmd           0x0803dee3      0x8  Code  Gb  stm32f4xx_sdio.o [1]
SDIO_CmdInitStructure   0x2001ec78     0x14  Data  Gb  bsp_sdio_sd.o [1]
SDIO_DMACmd             0x0803df75      0x8  Code  Gb  stm32f4xx_sdio.o [1]
SDIO_DataConfig         0x0803df41     0x2e  Code  Gb  stm32f4xx_sdio.o [1]
SDIO_DataInitStructure  0x2001ec60     0x18  Data  Gb  bsp_sdio_sd.o [1]
SDIO_DeInit             0x0803dea1     0x18  Code  Gb  stm32f4xx_sdio.o [1]
SDIO_GetCommandResponse
                        0x0803df23      0x8  Code  Gb  stm32f4xx_sdio.o [1]
SDIO_GetFlagStatus      0x0803df9b     0x1a  Code  Gb  stm32f4xx_sdio.o [1]
SDIO_GetITStatus        0x0803dfbb     0x1a  Code  Gb  stm32f4xx_sdio.o [1]
SDIO_GetPowerState      0x0803def1      0xa  Code  Gb  stm32f4xx_sdio.o [1]
SDIO_GetResponse        0x0803df2b     0x16  Code  Gb  stm32f4xx_sdio.o [1]
SDIO_IRQHandler         0x0803d321      0x8  Code  Gb  bsp_sdio_sd.o [1]
SDIO_ITConfig           0x0803df7d     0x1e  Code  Gb  stm32f4xx_sdio.o [1]
SDIO_Init               0x0803deb9     0x2a  Code  Gb  stm32f4xx_sdio.o [1]
SDIO_InitStructure      0x2001ec48     0x18  Data  Gb  bsp_sdio_sd.o [1]
SDIO_Interrupts_Config  0x0803d2e5     0x3c  Code  Gb  bsp_sdio_sd.o [1]
SDIO_ReadData           0x0803df6f      0x6  Code  Gb  stm32f4xx_sdio.o [1]
SDIO_SendCommand        0x0803defb     0x28  Code  Gb  stm32f4xx_sdio.o [1]
SDIO_SetPowerState      0x0803deeb      0x6  Code  Gb  stm32f4xx_sdio.o [1]
SDWE_WARNNING           0x08030489     0x2a  Code  Gb  bsp_sdwe050c17.o [1]
SD_Detect               0x0803b9dd     0x22  Code  Gb  bsp_sdio_sd.o [1]
SD_EnableWideBusOperation
                        0x0803c1d9     0xc8  Code  Gb  bsp_sdio_sd.o [1]
SD_GetCardInfo          0x0803bded    0x3ec  Code  Gb  bsp_sdio_sd.o [1]
SD_GetState             0x0803b9b3     0x2a  Code  Gb  bsp_sdio_sd.o [1]
SD_GetStatus            0x0803b991     0x22  Code  Gb  bsp_sdio_sd.o [1]
SD_Init                 0x0803b8d9     0xb8  Code  Gb  bsp_sdio_sd.o [1]
SD_InitializeCards      0x0803bc4b    0x1a2  Code  Gb  bsp_sdio_sd.o [1]
SD_LowLevel_DMA_RxConfig
                        0x0803d22f     0x8e  Code  Gb  bsp_sdio_sd.o [1]
SD_LowLevel_DMA_TxConfig
                        0x0803d1a1     0x8e  Code  Gb  bsp_sdio_sd.o [1]
SD_LowLevel_Init        0x0803d0dd     0xbc  Code  Gb  bsp_sdio_sd.o [1]
SD_PowerON              0x0803b9ff    0x24c  Code  Gb  bsp_sdio_sd.o [1]
SD_ProcessDMAIRQ        0x0803ca1d     0x22  Code  Gb  bsp_sdio_sd.o [1]
SD_ProcessIRQSrc        0x0803c96f     0xae  Code  Gb  bsp_sdio_sd.o [1]
SD_ReadBlock            0x0803c2d9    0x108  Code  Gb  bsp_sdio_sd.o [1]
SD_ReadMultiBlocks      0x0803c3e1    0x134  Code  Gb  bsp_sdio_sd.o [1]
SD_SelectDeselect       0x0803c2a1     0x38  Code  Gb  bsp_sdio_sd.o [1]
SD_SendStatus           0x0803c901     0x6e  Code  Gb  bsp_sdio_sd.o [1]
SD_StopTransfer         0x0803c8b9     0x44  Code  Gb  bsp_sdio_sd.o [1]
SD_WaitReadOperation    0x0803c519     0x96  Code  Gb  bsp_sdio_sd.o [1]
SD_WriteBlock           0x0803c5b9    0x11e  Code  Gb  bsp_sdio_sd.o [1]
SD_WriteMultiBlocks     0x0803c6e5    0x1cc  Code  Gb  bsp_sdio_sd.o [1]
SPI1_Init               0x08038411     0xc0  Code  Gb  bsp_spi.o [1]
SPI1_ReadWriteByte      0x080384f9     0x32  Code  Gb  bsp_spi.o [1]
SPI1_SetSpeed           0x080384d1     0x28  Code  Gb  bsp_spi.o [1]
SPI_Cmd                 0x0803aa51     0x1c  Code  Gb  stm32f4xx_spi.o [1]
SPI_I2S_GetFlagStatus   0x0803aa6d     0x18  Code  Gb  stm32f4xx_spi.o [1]
SPI_Init                0x0803aa11     0x40  Code  Gb  stm32f4xx_spi.o [1]
SRC_Buffer              0x2000017c     0x14  Data  Gb  bsp_servomotor.o [1]
SVC_Handler             0x0803a76d           Code  Gb  portasm.o [1]
SYSCFG_EXTILineConfig   0x08040701     0x50  Code  Gb  stm32f4xx_syscfg.o [1]
Sdwe_ClearReadDisk      0x0803055f     0x1c  Code  Gb  bsp_sdwe050c17.o [1]
Sdwe_change_class_time  0x080309cb     0x30  Code  Gb  bsp_sdwe050c17.o [1]
Sdwe_clearString        0x080304b3     0x54  Code  Gb  bsp_sdwe050c17.o [1]
Sdwe_clear_filename     0x080305ab     0x2a  Code  Gb  bsp_sdwe050c17.o [1]
Sdwe_disDigi            0x08030363     0xa4  Code  Gb  bsp_sdwe050c17.o [1]
Sdwe_disPicture         0x08030319     0x4a  Code  Gb  bsp_sdwe050c17.o [1]
Sdwe_disString          0x08030407     0x82  Code  Gb  bsp_sdwe050c17.o [1]
Sdwe_hidden_page        0x08030a63     0x30  Code  Gb  bsp_sdwe050c17.o [1]
Sdwe_peiliao_page       0x080308d5     0xf6  Code  Gb  bsp_sdwe050c17.o [1]
Sdwe_period_page        0x080309fb     0x68  Code  Gb  bsp_sdwe050c17.o [1]
Sdwe_product_page       0x08030753    0x182  Code  Gb  bsp_sdwe050c17.o [1]
Sdwe_readRTC            0x0803057b     0x30  Code  Gb  bsp_sdwe050c17.o [1]
Sdwe_refresh_allname    0x0803070b     0x48  Code  Gb  bsp_sdwe050c17.o [1]
Sdwe_refresh_filename   0x080305d5    0x136  Code  Gb  bsp_sdwe050c17.o [1]
Sdwe_stop_page          0x08030a93    0x36a  Code  Gb  bsp_sdwe050c17.o [1]
Sdwe_writeIcon          0x08030507     0x58  Code  Gb  bsp_sdwe050c17.o [1]
ServoMotorRunning       0x08036635     0x24  Code  Gb  bsp_servomotor.o [1]
SetSysClock             0x0804022b     0xce  Code  Lc  system_stm32f4xx.o [1]
SlavePara               0x2001e704     0xa4  Data  Gb  protocol.o [1]
StepMotor_adjust_speed  0x080360b7     0x36  Code  Gb  bsp_stepmotor.o [1]
StopCondition           0x2001ee40      0x4  Data  Gb  bsp_sdio_sd.o [1]
SysTick_Handler         0x08037263     0x2c  Code  Gb  port.o [1]
SystemCoreClock         0x200001c0      0x4  Data  Gb  system_stm32f4xx.o [1]
SystemInit              0x080401d9     0x52  Code  Gb  system_stm32f4xx.o [1]
TI1_Config              0x080325c7     0x38  Code  Lc  stm32f4xx_tim.o [1]
TI2_Config              0x080325ff     0x42  Code  Lc  stm32f4xx_tim.o [1]
TI3_Config              0x08032641     0x40  Code  Lc  stm32f4xx_tim.o [1]
TI4_Config              0x08032681     0x42  Code  Lc  stm32f4xx_tim.o [1]
TIM1_PWM_SETPMOTOR      0x08036019     0x9e  Code  Gb  bsp_stepmotor.o [1]
TIM2_IRQHandler         0x0803834d     0xac  Code  Gb  bsp_timer.o [1]
TIM3CH2_CAPTURE_STA     0x2001ef07      0x1  Data  Gb  encoder.o [1]
TIM3CH2_CAPTURE_VAL     0x2001ee5c      0x4  Data  Gb  encoder.o [1]
TIM3_IRQHandler         0x08036777     0xc0  Code  Gb  encoder.o [1]
TIM4_CH1_ConfigPwmOut   0x0803622d     0x1c  Code  Gb  bsp_servomotor.o [1]
TIM4_CH1_GPIO_Configuration
                        0x080362a3     0x42  Code  Gb  bsp_servomotor.o [1]
TIM4_CH1_PWMDMA_Config  0x08036421     0xb0  Code  Gb  bsp_servomotor.o [1]
TIM4_CH1_StartPwmOut    0x08036249     0x2c  Code  Gb  bsp_servomotor.o [1]
TIM4_CH1_StopPwmOut     0x08036275     0x2e  Code  Gb  bsp_servomotor.o [1]
TIM4_CH2_ConfigPwmOut   0x080364d1     0x1c  Code  Gb  bsp_servomotor.o [1]
TIM4_CH2_GPIO_Configuration
                        0x08036547     0x3e  Code  Gb  bsp_servomotor.o [1]
TIM4_CH2_PWMDMA_Config  0x08036585     0xb0  Code  Gb  bsp_servomotor.o [1]
TIM4_CH2_StartPwmOut    0x080364ed     0x2c  Code  Gb  bsp_servomotor.o [1]
TIM4_CH2_StopPwmOut     0x08036519     0x2e  Code  Gb  bsp_servomotor.o [1]
TIM4_PWM_Config         0x0803635d     0xc4  Code  Gb  bsp_servomotor.o [1]
TIM6_DAC_IRQHandler     0x080409e3     0x22  Code  Gb  SysInfoTest.o [1]
TIM8_PWM_SETPMOTOR      0x08035fb1     0x68  Code  Gb  bsp_stepmotor.o [1]
TIM_ARRPreloadConfig    0x08032257     0x1c  Code  Gb  stm32f4xx_tim.o [1]
TIM_CallBack1           0x0802ea59     0x3c  Code  Gb  apptask.o [1]
TIM_ClearITPendingBit   0x080325a9      0x8  Code  Gb  stm32f4xx_tim.o [1]
TIM_Cmd                 0x08032273     0x1c  Code  Gb  stm32f4xx_tim.o [1]
TIM_CtrlPWMOutputs      0x0803253f     0x22  Code  Gb  stm32f4xx_tim.o [1]
TIM_DMACmd              0x080325b1     0x16  Code  Gb  stm32f4xx_tim.o [1]
TIM_DeInit              0x08032071    0x17c  Code  Gb  stm32f4xx_tim.o [1]
TIM_GetITStatus         0x08032577     0x32  Code  Gb  stm32f4xx_tim.o [1]
TIM_ICInit              0x08032483     0x70  Code  Gb  stm32f4xx_tim.o [1]
TIM_ITConfig            0x08032561     0x16  Code  Gb  stm32f4xx_tim.o [1]
TIM_OC1Init             0x0803228f     0x7e  Code  Gb  stm32f4xx_tim.o [1]
TIM_OC2Init             0x0803230d     0x8c  Code  Gb  stm32f4xx_tim.o [1]
TIM_OC2PreloadConfig    0x0803245b     0x14  Code  Gb  stm32f4xx_tim.o [1]
TIM_OC4Init             0x08032399     0x68  Code  Gb  stm32f4xx_tim.o [1]
TIM_OC4PreloadConfig    0x0803246f     0x14  Code  Gb  stm32f4xx_tim.o [1]
TIM_OCStructInit        0x08032439     0x22  Code  Gb  stm32f4xx_tim.o [1]
TIM_SetIC1Prescaler     0x080324f3     0x12  Code  Gb  stm32f4xx_tim.o [1]
TIM_SetIC2Prescaler     0x08032505     0x14  Code  Gb  stm32f4xx_tim.o [1]
TIM_SetIC3Prescaler     0x08032519     0x12  Code  Gb  stm32f4xx_tim.o [1]
TIM_SetIC4Prescaler     0x0803252b     0x14  Code  Gb  stm32f4xx_tim.o [1]
TIM_TimeBaseInit        0x080321ed     0x6a  Code  Gb  stm32f4xx_tim.o [1]
Task_iwdg_refresh       0x0802ec8d     0x56  Code  Gb  apptask.o [1]
TransferEnd             0x2001ee44      0x4  Data  Gb  bsp_sdio_sd.o [1]
TransferError           0x2001ef04      0x1  Data  Gb  bsp_sdio_sd.o [1]
UART1ToPC               0x08038045     0x30  Code  Gb  bsp_uart_fifo.o [1]
UART2ToPC               0x08038075     0x30  Code  Gb  bsp_uart_fifo.o [1]
UART2_RX_BUF            0x2001e9a8     0x64  Data  Gb  bsp_uart_fifo.o [1]
UART3ToPC               0x080380e1     0x30  Code  Gb  bsp_uart_fifo.o [1]
UART4ToPC               0x08038111     0x30  Code  Gb  bsp_uart_fifo.o [1]
UART4_IRQHandler        0x08037f57     0x84  Code  Gb  bsp_uart_fifo.o [1]
UART4_RX_BUF            0x2001e944     0x64  Data  Gb  bsp_uart_fifo.o [1]
UART5ToPC               0x08038141     0x30  Code  Gb  bsp_uart_fifo.o [1]
UART5_IRQHandler        0x08037fdb     0x6a  Code  Gb  bsp_uart_fifo.o [1]
USART1_IRQHandler       0x08037ec7     0x1e  Code  Gb  bsp_uart_fifo.o [1]
USART2_IRQHandler       0x08037ee5     0x68  Code  Gb  bsp_uart_fifo.o [1]
USART3_IRQHandler       0x08037f4d      0xa  Code  Gb  bsp_uart_fifo.o [1]
USART_ClearFlag         0x0803a96f      0xc  Code  Gb  stm32f4xx_usart.o [1]
USART_ClearITPendingBit
                        0x0803a9eb     0x26  Code  Gb  stm32f4xx_usart.o [1]
USART_Cmd               0x0803a8b9     0x1c  Code  Gb  stm32f4xx_usart.o [1]
USART_DMACmd            0x0803a8e5     0x16  Code  Gb  stm32f4xx_usart.o [1]
USART_GetFlagStatus     0x0803a951     0x1e  Code  Gb  stm32f4xx_usart.o [1]
USART_GetITStatus       0x0803a97b     0x70  Code  Gb  stm32f4xx_usart.o [1]
USART_ITConfig          0x0803a8fb     0x56  Code  Gb  stm32f4xx_usart.o [1]
USART_Init              0x0803a7bd     0xee  Code  Gb  stm32f4xx_usart.o [1]
USART_ReceiveData       0x0803a8dd      0x8  Code  Gb  stm32f4xx_usart.o [1]
USART_SendData          0x0803a8d5      0x8  Code  Gb  stm32f4xx_usart.o [1]
USBH_Alloc_Channel      0x08039789     0x2e  Code  Gb  usbh_hcs.o [1]
USBH_BulkReceiveData    0x08039e2d     0x62  Code  Gb  usbh_ioreq.o [1]
USBH_BulkSendData       0x08039dcb     0x62  Code  Gb  usbh_ioreq.o [1]
USBH_CfgDesc            0x2001e324    0x200  Data  Gb  usbh_stdreq.o [1]
USBH_ClrFeature         0x080399d3     0x4c  Code  Gb  usbh_stdreq.o [1]
USBH_Connected          0x08032f15      0xc  Code  Gb  usbh_core.o [1]
USBH_CtlReceiveData     0x08039d85     0x46  Code  Gb  usbh_ioreq.o [1]
USBH_CtlReq             0x08039c5f     0x6e  Code  Gb  usbh_ioreq.o [1]
USBH_CtlSendData        0x08039d11     0x74  Code  Gb  usbh_ioreq.o [1]
USBH_CtlSendSetup       0x08039ccd     0x44  Code  Gb  usbh_ioreq.o [1]
USBH_DataInBuffer       0x2001e124    0x200  Data  Gb  usbh_msc_scsi.o [1]
USBH_DeAllocate_AllChannel
                        0x080397db     0x20  Code  Gb  usbh_hcs.o [1]
USBH_DeInit             0x08032f7b     0x3e  Code  Gb  usbh_core.o [1]
USBH_Disconnected       0x08032f21      0xc  Code  Gb  usbh_core.o [1]
USBH_ErrorHandle        0x0803318b     0x34  Code  Gb  usbh_core.o [1]
USBH_Free_Channel       0x080397b7     0x24  Code  Gb  usbh_hcs.o [1]
USBH_GetDescriptor      0x08039933     0x4e  Code  Gb  usbh_stdreq.o [1]
USBH_GetFreeChannel     0x080397fb     0x2e  Code  Lc  usbh_hcs.o [1]
USBH_GetNextDesc        0x08039c47     0x18  Code  Gb  usbh_stdreq.o [1]
USBH_Get_CfgDesc        0x0803986f     0x78  Code  Gb  usbh_stdreq.o [1]
USBH_Get_DevDesc        0x08039829     0x46  Code  Gb  usbh_stdreq.o [1]
USBH_Get_StringDesc     0x080398e7     0x4c  Code  Gb  usbh_stdreq.o [1]
USBH_HCD_INT_cb         0x200001b0      0xc  Data  Gb  usbh_core.o [1]
USBH_HCD_INT_fops       0x200001c4      0x4  Data  Gb  usbh_core.o [1]
USBH_HandleControl      0x080333d3    0x29a  Code  Gb  usbh_core.o [1]
USBH_HandleEnum         0x080331bf    0x214  Code  Lc  usbh_core.o [1]
USBH_Init               0x08032f33     0x48  Code  Gb  usbh_core.o [1]
USBH_MSC_BOTReset       0x0803efe1     0x28  Code  Lc  usbh_msc_core.o [1]
USBH_MSC_BOTXferParam   0x2001ed70     0x10  Data  Gb  usbh_msc_bot.o [1]
USBH_MSC_BOT_Abort      0x0803dd91     0x5c  Code  Gb  usbh_msc_bot.o [1]
USBH_MSC_CBWData        0x2001ec28     0x20  Data  Gb  usbh_msc_bot.o [1]
USBH_MSC_CSWData        0x2001ed60     0x10  Data  Gb  usbh_msc_bot.o [1]
USBH_MSC_ClassRequest   0x0803edcf     0x12  Code  Lc  usbh_msc_core.o [1]
USBH_MSC_DecodeCSW      0x0803dded     0x7a  Code  Gb  usbh_msc_bot.o [1]
USBH_MSC_ErrorHandle    0x0803f031     0x3e  Code  Gb  usbh_msc_core.o [1]
USBH_MSC_GETMaxLUN      0x0803f009     0x28  Code  Lc  usbh_msc_core.o [1]
USBH_MSC_Handle         0x0803ede1    0x200  Code  Lc  usbh_msc_core.o [1]
USBH_MSC_HandleBOTXfer  0x0803d98d    0x404  Code  Gb  usbh_msc_bot.o [1]
USBH_MSC_Init           0x0803d949     0x44  Code  Gb  usbh_msc_bot.o [1]
USBH_MSC_InterfaceDeInit
                        0x0803ed83     0x4c  Code  Lc  usbh_msc_core.o [1]
USBH_MSC_InterfaceInit  0x0803ec9d     0xe6  Code  Lc  usbh_msc_core.o [1]
USBH_MSC_ModeSense6     0x0803d543    0x10c  Code  Gb  usbh_msc_scsi.o [1]
USBH_MSC_Param          0x2001ed80     0x10  Data  Gb  usbh_msc_scsi.o [1]
USBH_MSC_Read10         0x0803d829    0x106  Code  Gb  usbh_msc_scsi.o [1]
USBH_MSC_ReadCapacity10
                        0x0803d419    0x12a  Code  Gb  usbh_msc_scsi.o [1]
USBH_MSC_RequestSense   0x0803d64f     0xee  Code  Gb  usbh_msc_scsi.o [1]
USBH_MSC_TestUnitReady  0x0803d331     0xe8  Code  Gb  usbh_msc_scsi.o [1]
USBH_MSC_Write10        0x0803d73d     0xec  Code  Gb  usbh_msc_scsi.o [1]
USBH_MSC_cb             0x200001a0     0x10  Data  Gb  usbh_msc_core.o [1]
USBH_Modify_Channel     0x08039715     0x74  Code  Gb  usbh_hcs.o [1]
USBH_OTG_ISR_Handler    0x0803e01d     0xb8  Code  Gb  usb_hcd_int.o [1]
USBH_Open_Channel       0x0803966f     0xa6  Code  Gb  usbh_hcs.o [1]
USBH_ParseCfgDesc       0x08039a7b    0x13c  Code  Lc  usbh_stdreq.o [1]
USBH_ParseDevDesc       0x08039a1f     0x5c  Code  Lc  usbh_stdreq.o [1]
USBH_ParseEPDesc        0x08039beb     0x20  Code  Lc  usbh_stdreq.o [1]
USBH_ParseInterfaceDesc
                        0x08039bc5     0x26  Code  Lc  usbh_stdreq.o [1]
USBH_ParseStringDesc    0x08039c0b     0x3c  Code  Lc  usbh_stdreq.o [1]
USBH_Process            0x08032fb9    0x1d2  Code  Gb  usbh_core.o [1]
USBH_SOF                0x08032f2d      0x6  Code  Gb  usbh_core.o [1]
USBH_SetAddress         0x08039981     0x2a  Code  Gb  usbh_stdreq.o [1]
USBH_SetCfg             0x080399ab     0x28  Code  Gb  usbh_stdreq.o [1]
USBH_SubmitSetupRequest
                        0x08039e8f     0x16  Code  Lc  usbh_ioreq.o [1]
USBH_USR_Configuration_DescAvailable
                        0x08032e1d     0x26  Code  Gb  usbh_usr.o [1]
USBH_USR_DeInit         0x08032f11      0x2  Code  Gb  usbh_usr.o [1]
USBH_USR_DeviceAddressAssigned
                        0x08032e1b      0x2  Code  Gb  usbh_usr.o [1]
USBH_USR_DeviceAttached
                        0x08032d95      0xa  Code  Gb  usbh_usr.o [1]
USBH_USR_DeviceDisconnected
                        0x08032da9     0x1a  Code  Gb  usbh_usr.o [1]
USBH_USR_DeviceNotSupported
                        0x08032e87      0xa  Code  Gb  usbh_usr.o [1]
USBH_USR_DeviceSpeedDetected
                        0x08032dcd     0x36  Code  Gb  usbh_usr.o [1]
USBH_USR_Device_DescAvailable
                        0x08032e03     0x18  Code  Gb  usbh_usr.o [1]
USBH_USR_EnumerationDone
                        0x08032e6d     0x1a  Code  Gb  usbh_usr.o [1]
USBH_USR_Init           0x08032d71     0x24  Code  Gb  usbh_usr.o [1]
USBH_USR_MSC_Application
                        0x08032f0d      0x4  Code  Gb  usbh_usr.o [1]
USBH_USR_Manufacturer_String
                        0x08032e43      0xe  Code  Gb  usbh_usr.o [1]
USBH_USR_OverCurrentDetected
                        0x08032e95      0xa  Code  Gb  usbh_usr.o [1]
USBH_USR_Product_String
                        0x08032e51      0xe  Code  Gb  usbh_usr.o [1]
USBH_USR_ResetDevice    0x08032dc3      0xa  Code  Gb  usbh_usr.o [1]
USBH_USR_SerialNum_String
                        0x08032e5f      0xe  Code  Gb  usbh_usr.o [1]
USBH_USR_UnrecoveredError
                        0x08032d9f      0xa  Code  Gb  usbh_usr.o [1]
USBH_USR_UserInput      0x08032e91      0x4  Code  Gb  usbh_usr.o [1]
USB_Host                0x2001e840     0x94  Data  Gb  usbh_usr.o [1]
USB_OTG_BSP_DisableInterrupt
                        0x080394fd     0x22  Code  Gb  usb_bsp.o [1]
USB_OTG_BSP_EnableInterrupt
                        0x0803951f     0x54  Code  Gb  usb_bsp.o [1]
USB_OTG_BSP_Init        0x0803944d     0xb0  Code  Gb  usb_bsp.o [1]
USB_OTG_BSP_mDelay      0x0803958d      0xc  Code  Gb  usb_bsp.o [1]
USB_OTG_BSP_uDelay      0x08039581      0xc  Code  Gb  usb_bsp.o [1]
USB_OTG_Core            0x2001d3cc    0x5ac  Data  Gb  usbh_usr.o [1]
USB_OTG_CoreInit        0x0803b061     0xce  Code  Gb  usb_core.o [1]
USB_OTG_CoreInitHost    0x0803b26d     0xd0  Code  Gb  usb_core.o [1]
USB_OTG_CoreReset       0x0803aeab     0x60  Code  Lc  usb_core.o [1]
USB_OTG_DisableGlobalInt
                        0x0803b14d     0x1e  Code  Gb  usb_core.o [1]
USB_OTG_DriveVbus       0x0803b34d     0x54  Code  Gb  usb_core.o [1]
USB_OTG_EnableCommonInt
                        0x0803ae89     0x22  Code  Lc  usb_core.o [1]
USB_OTG_EnableGlobalInt
                        0x0803b12f     0x1e  Code  Gb  usb_core.o [1]
USB_OTG_EnableHostInt   0x0803b3a1     0x4e  Code  Gb  usb_core.o [1]
USB_OTG_FlushRxFifo     0x0803b1b3     0x40  Code  Gb  usb_core.o [1]
USB_OTG_FlushTxFifo     0x0803b16b     0x48  Code  Gb  usb_core.o [1]
USB_OTG_GetMode         0x0803b239      0xa  Code  Gb  usb_core.o [1]
USB_OTG_HC_DoPing       0x0803b891     0x48  Code  Gb  usb_core.o [1]
USB_OTG_HC_Halt         0x0803b81d     0x74  Code  Gb  usb_core.o [1]
USB_OTG_HC_Init         0x0803b44d    0x1d0  Code  Gb  usb_core.o [1]
USB_OTG_HC_StartXfer    0x0803b61d    0x200  Code  Gb  usb_core.o [1]
USB_OTG_InitFSLSPClkSel
                        0x0803b3ef     0x12  Code  Gb  usb_core.o [1]
USB_OTG_IsEvenFrame     0x0803b33d     0x10  Code  Gb  usb_core.o [1]
USB_OTG_IsHostMode      0x0803b243     0x18  Code  Gb  usb_core.o [1]
USB_OTG_ReadCoreItr     0x0803b25b     0x12  Code  Gb  usb_core.o [1]
USB_OTG_ReadHPRT0       0x0803b401     0x1c  Code  Gb  usb_core.o [1]
USB_OTG_ReadPacket      0x0803af53     0x2c  Code  Gb  usb_core.o [1]
USB_OTG_ResetPort       0x0803b41d     0x30  Code  Gb  usb_core.o [1]
USB_OTG_SelectCore      0x0803af7f     0xe2  Code  Gb  usb_core.o [1]
USB_OTG_SetCurrentMode  0x0803b1fd     0x3c  Code  Gb  usb_core.o [1]
USB_OTG_USBH_handle_Disconnect_ISR
                        0x0803e159     0x1e  Code  Lc  usb_hcd_int.o [1]
USB_OTG_USBH_handle_IncompletePeriodicXfer_ISR
                        0x0803ec73     0x28  Code  Lc  usb_hcd_int.o [1]
USB_OTG_USBH_handle_hc_ISR
                        0x0803e0d5     0x66  Code  Lc  usb_hcd_int.o [1]
USB_OTG_USBH_handle_hc_n_In_ISR
                        0x0803e7e5    0x378  Code  Lc  usb_hcd_int.o [1]
USB_OTG_USBH_handle_hc_n_Out_ISR
                        0x0803e4ad    0x338  Code  Lc  usb_hcd_int.o [1]
USB_OTG_USBH_handle_nptxfempty_ISR
                        0x0803e177    0x118  Code  Lc  usb_hcd_int.o [1]
USB_OTG_USBH_handle_port_ISR
                        0x0803e3a9     0xfe  Code  Lc  usb_hcd_int.o [1]
USB_OTG_USBH_handle_ptxfempty_ISR
                        0x0803e28f    0x11a  Code  Lc  usb_hcd_int.o [1]
USB_OTG_USBH_handle_rx_qlvl_ISR
                        0x0803eb5d    0x116  Code  Lc  usb_hcd_int.o [1]
USB_OTG_USBH_handle_sof_ISR
[...]
dir_sdi                 0x08033e83     0xb2  Code  Lc  ff.o [1]
disk_initialize         0x08039ea5     0x40  Code  Gb  diskio.o [1]
disk_ioctl              0x0803a0c9     0xa6  Code  Gb  diskio.o [1]
disk_read               0x08039f11     0xdc  Code  Gb  diskio.o [1]
disk_status             0x08039ee5     0x2c  Code  Gb  diskio.o [1]
disk_write              0x08039fed     0xdc  Code  Gb  diskio.o [1]
div                     0x0803ae05      0xe  Code  Gb  div.o [3]
download_num            0x2001eefc      0x1  Data  Gb  apptask.o [1]
enq_lock                0x08033773     0x28  Code  Lc  ff.o [1]
exit                    0x0804106b      0x4  Code  Gb  exit.o [3]
f_close                 0x08035769     0x38  Code  Gb  ff.o [1]
f_mount                 0x0803519d     0x66  Code  Gb  ff.o [1]
f_open                  0x08035203    0x20e  Code  Gb  ff.o [1]
f_opendir               0x080357a1     0xb2  Code  Gb  ff.o [1]
f_readdir               0x08035853     0x74  Code  Gb  ff.o [1]
f_sync                  0x080356b3     0xb6  Code  Gb  ff.o [1]
f_write                 0x08035421    0x292  Code  Gb  ff.o [1]
ff_convert              0x0803a189     0x80  Code  Gb  cc936.o [1]
ff_wtoupper             0x0803a209     0x64  Code  Gb  cc936.o [1]
file_select             0x2001edc0      0xc  Data  Gb  protocol.o [1]
final_per_meter         0x08031599     0x1a  Code  Gb  product_cal.o [1]
find_volume             0x08034d0d    0x45a  Code  Lc  ff.o [1]
fit_lfn                 0x08034247     0x88  Code  Lc  ff.o [1]
follow_path             0x08034ba7     0x90  Code  Lc  ff.o [1]
fputc                   0x08038171     0x22  Code  Gb  bsp_uart_fifo.o [1]
g_tUart3                0x2001ebb4     0x28  Data  Gb  bsp_uart_fifo.o [1]
gen_numname             0x080342d5     0xec  Code  Lc  ff.o [1]
get_card_type           0x0803170f     0xe4  Code  Gb  product_cal.o [1]
get_class_time          0x08031617     0x7a  Code  Gb  product_cal.o [1]
get_fat                 0x08033a9b    0x11c  Code  Gb  ff.o [1]
get_fattime             0x0803a16f      0x4  Code  Gb  diskio.o [1]
get_fileinfo            0x08034751    0x13c  Code  Lc  ff.o [1]
get_float_1bit          0x080315f5     0x22  Code  Gb  product_cal.o [1]
get_ldnumber            0x08034c37     0x50  Code  Lc  ff.o [1]
get_period_state        0x08031691     0x54  Code  Gb  product_cal.o [1]
get_valid_length        0x080313c5     0x26  Code  Gb  bsp_sdwe050c17.o [1]
get_weimi_para          0x08036981     0x4a  Code  Gb  page_weimi.o [1]
hex_to_decimal          0x080313eb     0x26  Code  Gb  bsp_sdwe050c17.o [1]
idwgEventGroup          0x2001ee2c      0x4  Data  Gb  apptask.o [1]
inc_card_type           0x080317fd    0x11c  Code  Gb  product_cal.o [1]
inc_lock                0x0803379b     0xe8  Code  Lc  ff.o [1]
init_peiliao_para       0x080314d1     0x50  Code  Gb  product_cal.o [1]
init_product_para       0x08031411     0xc0  Code  Gb  product_cal.o [1]
init_weimi_para         0x080368bf     0xa8  Code  Gb  page_weimi.o [1]
input_password_buf      0x2001edb4      0xc  Data  Gb  protocol.o [1]
input_password_len      0x2001ef0c      0x1  Data  Gb  protocol.o [1]
isDevicePeriod          0x2001ef03      0x1  Data  Gb  apptask.o [1]
isWork                  0x2001eefd      0x1  Data  Gb  apptask.o [1]
is_same_data            0x080316e5     0x2a  Code  Gb  product_cal.o [1]
lcd_busy                0x2001ef05      0x1  Data  Gb  bsp_sdwe050c17.o [1]
lcd_rev_buf             0x2001eb54     0x34  Data  Gb  bsp_sdwe050c17.o [1]
lcd_rev_len             0x2001eeec      0x2  Data  Gb  bsp_sdwe050c17.o [1]
ld_clust                0x080340c5     0x28  Code  Lc  ff.o [1]
localeconv              0x0803add3     0x16  Code  Gb  localeconv.o [3]
m_ctrl_dev              0x2001ede0      0x8  Data  Gb  modbus.o [1]
main                    0x08040bbd     0x2c  Code  Gb  main.o [1]
mallco_dev              0x20000160     0x1c  Data  Gb  malloc.o [1]
mb_init                 0x08035ccd     0x30  Code  Gb  modbus.o [1]
mb_packsend_frame       0x08035bdb     0xf2  Code  Gb  modbus.o [1]
mb_unpack_frame         0x08035a99    0x142  Code  Gb  modbus.o [1]
mc_check_crc16          0x0803a2e9     0x40  Code  Gb  mcheck.o [1]
mc_check_crc8           0x0803a2c5     0x24  Code  Gb  mcheck.o [1]
mc_check_sum            0x0803a27d     0x2e  Code  Gb  mcheck.o [1]
mc_check_xor            0x0803a2ab     0x1a  Code  Gb  mcheck.o [1]
mem1base                0x200119cc   0xa000  Data  Gb  malloc.o [1]
mem1mapbase             0x2001c9cc    0xa00  Data  Gb  malloc.o [1]
mem2base                0x68000000  0xf0000  Data  Gb  malloc.o [1]
mem2mapbase             0x680f0000   0xf000  Data  Gb  malloc.o [1]
mem_cmp                 0x080336a7     0x24  Code  Lc  ff.o [1]
mem_cpy                 0x08033675     0x1c  Code  Lc  ff.o [1]
mem_set                 0x08033691     0x16  Code  Lc  ff.o [1]
memblksize              0x080415c0      0x8  Data  Gb  malloc.o [1]
memchr                  0x0803aa9d           Code  Gb  memchr.o [5]
memsize                 0x080415c8      0x8  Data  Gb  malloc.o [1]
memtblsize              0x080415b8      0x8  Data  Gb  malloc.o [1]
modbus_send_frame       0x08035cfd     0xe6  Code  Gb  modbus.o [1]
move_window             0x08033969     0x40  Code  Lc  ff.o [1]
my_mem_free             0x08031fa7     0x6c  Code  Gb  malloc.o [1]
my_mem_init             0x08031e6b     0x42  Code  Gb  malloc.o [1]
my_mem_malloc           0x08031eeb     0xbc  Code  Gb  malloc.o [1]
my_mem_perused          0x08031ead     0x3e  Code  Gb  malloc.o [1]
myfree                  0x08032013     0x24  Code  Gb  malloc.o [1]
mymalloc                0x08032037     0x2a  Code  Gb  malloc.o [1]
mymemset                0x08031e55     0x16  Code  Gb  malloc.o [1]
obuf                    0x2001eab8     0x50  Data  Lc  xfiles.o [3]
oem2uni                 0x0801560c  0x15484  Data  Lc  cc936.o [1]
old_card_record         0x2001ef01      0x1  Data  Gb  apptask.o [1]
old_isWork              0x2001eefe      0x1  Data  Gb  apptask.o [1]
old_plan_complete       0x2001ef0a      0x1  Data  Gb  product_cal.o [1]
para_init               0x0803fa7b     0x80  Code  Gb  para.o [1]
pcInterruptPriorityRegisters
                        0x080415fc      0x4  Data  Lc  port.o [1]
peiliao_para            0x2001eb88     0x2c  Data  Gb  product_cal.o [1]
pick_lfn                0x080341bb     0x8c  Code  Lc  ff.o [1]
plan_complete           0x2001ef09      0x1  Data  Gb  product_cal.o [1]
pluse_count             0x2001eee6      0x2  Data  Gb  apptask.o [1]
printf                  0x08031ded     0x24  Code  Gb  printf.o [3]
product_complete_kilo   0x080315c5     0x30  Code  Gb  product_cal.o [1]
product_complete_meter  0x080315b3     0x12  Code  Gb  product_cal.o [1]
product_para            0x2001ebdc     0x28  Data  Gb  product_cal.o [1]
product_per_meter       0x08031521     0x78  Code  Gb  product_cal.o [1]
prvAddCurrentTaskToDelayedList
                        0x0802f869     0x48  Code  Lc  tasks.o [1]
prvAllocateTCBAndStack  0x0802f8b1     0x5a  Code  Lc  tasks.o [1]
prvCheckForValidListAndQueue
                        0x08037063     0x52  Code  Lc  timers.o [1]
prvCheckTasksWaitingTermination
                        0x0802f7ff     0x66  Code  Lc  tasks.o [1]
prvCopyDataFromQueue    0x08030099     0x30  Code  Lc  queue.o [1]
prvCopyDataToQueue      0x08030015     0x84  Code  Lc  queue.o [1]
prvDeleteTCB            0x0802f90b     0x12  Code  Lc  tasks.o [1]
prvGetNextExpireTime    0x08036e4f     0x2e  Code  Lc  timers.o [1]
prvHeapInit             0x08037551     0x6e  Code  Lc  heap_4.o [1]
prvIdleTask             0x0802f719     0x26  Code  Lc  tasks.o [1]
prvInitialiseTCBVariables
                        0x0802f73f     0x6a  Code  Lc  tasks.o [1]
prvInitialiseTaskLists  0x0802f7a9     0x56  Code  Lc  tasks.o [1]
prvInsertBlockIntoFreeList
                        0x080375bf     0x62  Code  Lc  heap_4.o [1]
prvInsertTimerInActiveList
                        0x08036ea5     0x50  Code  Lc  timers.o [1]
prvIsQueueEmpty         0x08030133     0x20  Code  Lc  queue.o [1]
prvIsQueueFull          0x08030153     0x22  Code  Lc  queue.o [1]
prvProcessExpiredTimer  0x08036d67     0x5c  Code  Lc  timers.o [1]
prvProcessReceivedCommands
                        0x08036ef5     0xde  Code  Lc  timers.o [1]
prvProcessTimerOrBlockTask
                        0x08036ddf     0x70  Code  Lc  timers.o [1]
prvResetNextTaskUnblockTime
                        0x0802f91d     0x26  Code  Lc  tasks.o [1]
prvSampleTimeNow        0x08036e7d     0x28  Code  Lc  timers.o [1]
prvSwitchTimerLists     0x08036fd3     0x90  Code  Lc  timers.o [1]
prvTaskExitError        0x08037101     0x2a  Code  Lc  port.o [1]
prvTestWaitCondition    0x08036c0b     0x24  Code  Lc  event_groups.o [1]
prvTimerTask            0x08036dc5     0x1a  Code  Lc  timers.o [1]
prvUnlockQueue          0x080300c9     0x6a  Code  Lc  queue.o [1]
put_fat                 0x08033bb7    0x16c  Code  Gb  ff.o [1]
putchar                 0x08041215      0xc  Code  Gb  putchar.o [3]
pvPortMalloc            0x080373c1    0x118  Code  Gb  heap_4.o [1]
pxCurrentTCB            0x2001ee84      0x4  Data  Gb  tasks.o [1]
pxCurrentTimerList      0x2001eec4      0x4  Data  Lc  timers.o [1]
pxDelayedTaskList       0x2001ee88      0x4  Data  Lc  tasks.o [1]
pxEnd                   0x2001ee64      0x4  Data  Lc  heap_4.o [1]
pxOverflowDelayedTaskList
                        0x2001ee8c      0x4  Data  Lc  tasks.o [1]
pxOverflowTimerList     0x2001eec8      0x4  Data  Lc  timers.o [1]
pxPortInitialiseStack   0x080370dd     0x24  Code  Gb  port.o [1]
pxReadyTasksLists       0x2001e63c     0xc8  Data  Lc  tasks.o [1]
rc522_cmd_anticoll      0x08035a3d     0x5a  Code  Gb  rc522.o [1]
rc522_cmd_request       0x080359e9     0x54  Code  Gb  rc522.o [1]
readSlave               0x2001ed9c      0xc  Data  Gb  apptask.o [1]
read_device_info        0x0803f83d    0x23e  Code  Gb  para.o [1]
read_file_select        0x2001edcc      0xc  Data  Gb  protocol.o [1]
remove_chain            0x08033d23     0x76  Code  Lc  ff.o [1]
rfid_rev_buf            0x2001eca0     0x14  Data  Gb  rc522.o [1]
rfid_rev_cnt            0x2001ef0e      0x1  Data  Gb  rc522.o [1]
rfid_rev_flag           0x2001ef0d      0x1  Data  Gb  rc522.o [1]
rtc_time                0x2001ede8      0x8  Data  Gb  protocol.o [1]
s_TIM_CallBack1         0x2001ee4c      0x4  Data  Lc  bsp_timer.o [1]
s_TIM_CallBack2         0x2001ee50      0x4  Data  Lc  bsp_timer.o [1]
s_TIM_CallBack3         0x2001ee54      0x4  Data  Lc  bsp_timer.o [1]
s_TIM_CallBack4         0x2001ee58      0x4  Data  Lc  bsp_timer.o [1]
sample_time             0x2001eee4      0x2  Data  Gb  apptask.o [1]
sdew_weimi_page1        0x08030e35    0x236  Code  Gb  bsp_sdwe050c17.o [1]
sdew_weimi_page2        0x0803106b    0x236  Code  Gb  bsp_sdwe050c17.o [1]
sdew_weisha_page1       0x080312a1     0x92  Code  Gb  bsp_sdwe050c17.o [1]
sdew_weisha_page2       0x08031333     0x92  Code  Gb  bsp_sdwe050c17.o [1]
slave_info              0x2001ed90      0xc  Data  Gb  apptask.o [1]
sprintf                 0x080358d9     0x34  Code  Gb  sprintf.o [3]
st_clust                0x080340ed     0x18  Code  Lc  ff.o [1]
strcat                  0x0803590d     0x1c  Code  Gb  strcat.o [3]
strchr                  0x0803aa85           Code  Gb  strchr.o [5]
strlen                  0x08032cc1           Code  Gb  strlen.o [5]
strstr                  0x08035e99     0x10  Code  Gb  apptask.o [1]
sum_sfn                 0x080343c1     0x20  Code  Lc  ff.o [1]
sync_fs                 0x080339a9     0xd8  Code  Lc  ff.o [1]
sync_window             0x0803390f     0x5a  Code  Lc  ff.o [1]
system_state_dis        0x08040048    0x190  Data  Gb  product_cal.o [1]
total_meter_gross       0x2001ee78      0x4  Data  Gb  product_cal.o [1]
total_weight_gross      0x2001ee7c      0x4  Data  Gb  product_cal.o [1]
ucHeap                  0x200001cc  0x11800  Data  Lc  heap_4.o [1]
ucMaxSysCallPriority    0x2001ef08      0x1  Data  Lc  port.o [1]
ulHighFrequencyTimerTicks
                        0x2001ee80      0x4  Data  Gb  SysInfoTest.o [1]
ulMaxPRIGROUPValue      0x2001ee74      0x4  Data  Lc  port.o [1]
ulTaskSwitchedInTime    0x2001eebc      0x4  Data  Lc  tasks.o [1]
ulTotalRunTime          0x2001eec0      0x4  Data  Lc  tasks.o [1]
uni2oem                 0x08000188  0x15484  Data  Lc  cc936.o [1]
usb_disk_flag           0x2001eeff      0x1  Data  Gb  apptask.o [1]
usbh_OpenMassStorage    0x08032d5d     0x14  Code  Gb  usbh_usr.o [1]
uxCriticalNesting       0x200001bc      0x4  Data  Lc  port.o [1]
uxCurrentNumberOfTasks  0x2001ee94      0x4  Data  Lc  tasks.o [1]
uxListRemove            0x08037399     0x28  Code  Gb  list.o [1]
uxPendedTicks           0x2001eea4      0x4  Data  Lc  tasks.o [1]
uxSchedulerSuspended    0x2001eeb8      0x4  Data  Lc  tasks.o [1]
uxTaskNumber            0x2001eeb0      0x4  Data  Lc  tasks.o [1]
uxTaskResetEventItemValue
                        0x0802f97d     0x20  Code  Gb  tasks.o [1]
uxTasksDeleted          0x2001ee90      0x4  Data  Lc  tasks.o [1]
uxTopReadyPriority      0x2001ee9c      0x4  Data  Lc  tasks.o [1]
vListInitialise         0x08037329     0x1e  Code  Gb  list.o [1]
vListInsert             0x0803735f     0x3a  Code  Gb  list.o [1]
vListInsertEnd          0x08037347     0x18  Code  Gb  list.o [1]
vPortEnableVFP          0x0803a7a1           Code  Gb  portasm.o [1]
vPortEnterCritical      0x080371f7     0x3a  Code  Gb  port.o [1]
vPortExitCritical       0x08037231     0x32  Code  Gb  port.o [1]
vPortFree               0x080374d9     0x78  Code  Gb  heap_4.o [1]
vPortSetupTimerInterrupt
                        0x0803728f      0xe  Code  Wk  port.o [1]
vPortStartFirstTask     0x0803a789           Code  Gb  portasm.o [1]
vPortValidateInterruptPriority
                        0x0803729d     0x4e  Code  Gb  port.o [1]
vQueueWaitForMessageRestricted
                        0x08030175     0x44  Code  Gb  queue.o [1]
vSetupSysInfoTest       0x080409d1     0x12  Code  Gb  SysInfoTest.o [1]
vTaskDelay              0x0802ef75     0x84  Code  Gb  tasks.o [1]
vTaskManageCapacity     0x0802deb9    0x5b0  Code  Gb  apptask.o [1]
vTaskMassStorage        0x0802d0fd    0x23c  Code  Lc  apptask.o [1]
vTaskMissedYield        0x0802f70f      0xa  Code  Gb  tasks.o [1]
vTaskMotorControl       0x0802e471    0x2be  Code  Lc  apptask.o [1]
vTaskMsgPro             0x0802d789    0x426  Code  Lc  apptask.o [1]
vTaskPlaceOnEventList   0x0802f375     0x74  Code  Gb  tasks.o [1]
vTaskPlaceOnEventListRestricted
                        0x0802f4ad     0x80  Code  Gb  tasks.o [1]
vTaskPlaceOnUnorderedEventList
                        0x0802f405     0xa8  Code  Gb  tasks.o [1]
vTaskReadDisk           0x0802dc85    0x1b6  Code  Lc  apptask.o [1]
vTaskRev485             0x0802dbb5     0xae  Code  Lc  apptask.o [1]
vTaskSetTimeOutState    0x0802f659     0x26  Code  Gb  tasks.o [1]
vTaskStartScheduler     0x0802eff9     0x7e  Code  Gb  tasks.o [1]
vTaskSuspendAll         0x0802f077     0x10  Code  Gb  tasks.o [1]
vTaskSwitchContext      0x0802f2c5     0xb0  Code  Gb  tasks.o [1]
vTaskTaskLCD            0x0802aa91   0x265a  Code  Gb  apptask.o [1]
vTaskTaskLED            0x0802d371     0x20  Code  Lc  apptask.o [1]
vTaskTaskRFID           0x0802d391    0x3c6  Code  Lc  apptask.o [1]
validate                0x08035167     0x36  Code  Lc  ff.o [1]
weimi_para              0x2001e524    0x118  Data  Gb  page_weimi.o [1]
work_idle               0x2001ef0b      0x1  Data  Gb  product_cal.o [1]
work_idle_time          0x2001eef6      0x2  Data  Gb  product_cal.o [1]
xActiveTimerList1       0x2001ed18     0x14  Data  Lc  timers.o [1]
xActiveTimerList2       0x2001ed2c     0x14  Data  Lc  timers.o [1]
xBlockAllocatedBit      0x2001ee70      0x4  Data  Lc  heap_4.o [1]
xDelayedTaskList1       0x2001ecb4     0x14  Data  Lc  tasks.o [1]
xDelayedTaskList2       0x2001ecc8     0x14  Data  Lc  tasks.o [1]
xEventGroupCreate       0x080369cd     0x1c  Code  Gb  event_groups.o [1]
xEventGroupSetBits      0x08036b35     0xd6  Code  Gb  event_groups.o [1]
xEventGroupWaitBits     0x080369e9    0x146  Code  Gb  event_groups.o [1]
xFreeBytesRemaining     0x2001ee68      0x4  Data  Lc  heap_4.o [1]
xHandleTaskLCD          0x2001edf0      0x4  Data  Gb  apptask.o [1]
xHandleTaskLED          0x2001edf4      0x4  Data  Gb  apptask.o [1]
xHandleTaskManageCapacity
                        0x2001ee0c      0x4  Data  Gb  apptask.o [1]
xHandleTaskMassStorage  0x2001edfc      0x4  Data  Gb  apptask.o [1]
xHandleTaskMotorControl
                        0x2001ee10      0x4  Data  Gb  apptask.o [1]
xHandleTaskMsgPro       0x2001ee04      0x4  Data  Gb  apptask.o [1]
xHandleTaskRFID         0x2001edf8      0x4  Data  Gb  apptask.o [1]
xHandleTaskReadDisk     0x2001ee00      0x4  Data  Gb  apptask.o [1]
xHandleTaskRev485       0x2001ee08      0x4  Data  Gb  apptask.o [1]
xHeapStructSize         0x080415f8      0x4  Data  Lc  heap_4.o [1]
xMinimumEverFreeBytesRemaining
                        0x2001ee6c      0x4  Data  Lc  heap_4.o [1]
xNextTaskUnblockTime    0x2001eeb4      0x4  Data  Lc  tasks.o [1]
xNumOfOverflows         0x2001eeac      0x4  Data  Lc  tasks.o [1]
xPendingReadyList       0x2001ecdc     0x14  Data  Lc  tasks.o [1]
xPortStartScheduler     0x0803712b     0xcc  Code  Gb  port.o [1]
xQueueGenericCreate     0x0802fa81     0x7e  Code  Gb  queue.o [1]
xQueueGenericReceive    0x0802fe75    0x19c  Code  Gb  queue.o [1]
xQueueGenericReset      0x0802f9f1     0x90  Code  Gb  queue.o [1]
xQueueGenericSend       0x0802faff    0x1b2  Code  Gb  queue.o [1]
xQueueGenericSendFromISR
                        0x0802fcb1     0xec  Code  Gb  queue.o [1]
xQueueGiveFromISR       0x0802fd9d     0xd8  Code  Gb  queue.o [1]
xQueue_message          0x2001ee34      0x4  Data  Gb  apptask.o [1]
xSchedulerRunning       0x2001eea0      0x4  Data  Lc  tasks.o [1]
xSemaphore_download     0x2001ee24      0x4  Data  Gb  apptask.o [1]
xSemaphore_encoder      0x2001ee20      0x4  Data  Gb  apptask.o [1]
xSemaphore_lcd          0x2001ee14      0x4  Data  Gb  apptask.o [1]
xSemaphore_pluse        0x2001ee1c      0x4  Data  Gb  apptask.o [1]
xSemaphore_readDisk     0x2001ee28      0x4  Data  Gb  apptask.o [1]
xSemaphore_rs485        0x2001ee18      0x4  Data  Gb  apptask.o [1]
xStart                  0x2001edd8      0x8  Data  Lc  heap_4.o [1]
xSuspendedTaskList      0x2001ed04     0x14  Data  Lc  tasks.o [1]
xTaskCheckForTimeOut    0x0802f685     0x8a  Code  Gb  tasks.o [1]
xTaskGenericCreate      0x0802edf1    0x184  Code  Gb  tasks.o [1]
xTaskGetSchedulerState  0x0802f943     0x26  Code  Gb  tasks.o [1]
xTaskGetTickCount       0x0802f187      0xa  Code  Gb  tasks.o [1]
xTaskIncrementTick      0x0802f191    0x134  Code  Gb  tasks.o [1]
xTaskRemoveFromEventList
                        0x0802f531     0x8e  Code  Gb  tasks.o [1]
xTaskRemoveFromUnorderedEventList
                        0x0802f5c5     0x94  Code  Gb  tasks.o [1]
xTaskResumeAll          0x0802f087    0x100  Code  Gb  tasks.o [1]
xTasksWaitingTermination
                        0x2001ecf0     0x14  Data  Lc  tasks.o [1]
xTickCount              0x2001ee98      0x4  Data  Lc  tasks.o [1]
xTimerCreate            0x08036c81     0x62  Code  Gb  timers.o [1]
xTimerCreateTimerTask   0x08036c31     0x50  Code  Gb  timers.o [1]
xTimerGenericCommand    0x08036ce3     0x84  Code  Gb  timers.o [1]
xTimerQueue             0x2001eecc      0x4  Data  Lc  timers.o [1]
xTimerUser              0x2001ee30      0x4  Data  Gb  apptask.o [1]
xYieldPending           0x2001eea8      0x4  Data  Lc  tasks.o [1]


[1] = F:\work\YarnControl_Driver\src\stm32f4_rtos\Project\EWARMv7\Flash\Obj
[2] = command line
[3] = dl7M_tlf.a
[4] = m7M_tls.a
[5] = rt7M_tl.a
[6] = shb_l.a

   87 296 bytes of readonly  code memory
  181 037 bytes of readonly  data memory
  128 788 bytes of readwrite data memory (+ 1 044 480 absolute)

Errors: none
Warnings: none
