###############################################################################
#
# IAR ELF Linker V7.40.7.9843/W32 for ARM                 10/Feb/2019  23:03:31
# Copyright 2007-2015 IAR Systems AB.
#
#    Output file  =  
#        E:\WORK\YarnControl_Driver\YarnControl_Driver\src\stm32f4_rtos\Project\EWARMv7\Flash\Exe\project.out
#    Map file     =  
#        E:\WORK\YarnControl_Driver\YarnControl_Driver\src\stm32f4_rtos\Project\EWARMv7\Flash\List\project.map
#    Command line =  
#        E:\WORK\YarnControl_Driver\YarnControl_Driver\src\stm32f4_rtos\Project\EWARMv7\Flash\Obj\apptask.o
#        E:\WORK\YarnControl_Driver\YarnControl_Driver\src\stm32f4_rtos\Project\EWARMv7\Flash\Obj\bsp.o
#        E:\WORK\YarnControl_Driver\YarnControl_Driver\src\stm32f4_rtos\Project\EWARMv7\Flash\Obj\bsp_closeSW.o
#        E:\WORK\YarnControl_Driver\YarnControl_Driver\src\stm32f4_rtos\Project\EWARMv7\Flash\Obj\bsp_dwt.o
#        E:\WORK\YarnControl_Driver\YarnControl_Driver\src\stm32f4_rtos\Project\EWARMv7\Flash\Obj\bsp_led.o
#        E:\WORK\YarnControl_Driver\YarnControl_Driver\src\stm32f4_rtos\Project\EWARMv7\Flash\Obj\bsp_relay.o
#        E:\WORK\YarnControl_Driver\YarnControl_Driver\src\stm32f4_rtos\Project\EWARMv7\Flash\Obj\bsp_sdio_sd.o
#        E:\WORK\YarnControl_Driver\YarnControl_Driver\src\stm32f4_rtos\Project\EWARMv7\Flash\Obj\bsp_sdwe050c17.o
#        E:\WORK\YarnControl_Driver\YarnControl_Driver\src\stm32f4_rtos\Project\EWARMv7\Flash\Obj\bsp_servomotor.o
#        E:\WORK\YarnControl_Driver\YarnControl_Driver\src\stm32f4_rtos\Project\EWARMv7\Flash\Obj\bsp_spi.o
#        E:\WORK\YarnControl_Driver\YarnControl_Driver\src\stm32f4_rtos\Project\EWARMv7\Flash\Obj\bsp_stepmotor.o
#        E:\WORK\YarnControl_Driver\YarnControl_Driver\src\stm32f4_rtos\Project\EWARMv7\Flash\Obj\bsp_sw_onoff.o
#        E:\WORK\YarnControl_Driver\YarnControl_Driver\src\stm32f4_rtos\Project\EWARMv7\Flash\Obj\bsp_tim_pwm.o
#        E:\WORK\YarnControl_Driver\YarnControl_Driver\src\stm32f4_rtos\Project\EWARMv7\Flash\Obj\bsp_timer.o
#        E:\WORK\YarnControl_Driver\YarnControl_Driver\src\stm32f4_rtos\Project\EWARMv7\Flash\Obj\bsp_uart_fifo.o
#        E:\WORK\YarnControl_Driver\YarnControl_Driver\src\stm32f4_rtos\Project\EWARMv7\Flash\Obj\bsp_w25qxx.o
#        E:\WORK\YarnControl_Driver\YarnControl_Driver\src\stm32f4_rtos\Project\EWARMv7\Flash\Obj\bsp_watchdog.o
#        E:\WORK\YarnControl_Driver\YarnControl_Driver\src\stm32f4_rtos\Project\EWARMv7\Flash\Obj\cc936.o
#        E:\WORK\YarnControl_Driver\YarnControl_Driver\src\stm32f4_rtos\Project\EWARMv7\Flash\Obj\croutine.o
#        E:\WORK\YarnControl_Driver\YarnControl_Driver\src\stm32f4_rtos\Project\EWARMv7\Flash\Obj\demo_fatfs.o
#        E:\WORK\YarnControl_Driver\YarnControl_Driver\src\stm32f4_rtos\Project\EWARMv7\Flash\Obj\diskio.o
#        E:\WORK\YarnControl_Driver\YarnControl_Driver\src\stm32f4_rtos\Project\EWARMv7\Flash\Obj\encoder.o
#        E:\WORK\YarnControl_Driver\YarnControl_Driver\src\stm32f4_rtos\Project\EWARMv7\Flash\Obj\event_groups.o
#        E:\WORK\YarnControl_Driver\YarnControl_Driver\src\stm32f4_rtos\Project\EWARMv7\Flash\Obj\ff.o
#        E:\WORK\YarnControl_Driver\YarnControl_Driver\src\stm32f4_rtos\Project\EWARMv7\Flash\Obj\heap_4.o
#        E:\WORK\YarnControl_Driver\YarnControl_Driver\src\stm32f4_rtos\Project\EWARMv7\Flash\Obj\list.o
#        E:\WORK\YarnControl_Driver\YarnControl_Driver\src\stm32f4_rtos\Project\EWARMv7\Flash\Obj\main.o
#        E:\WORK\YarnControl_Driver\YarnControl_Driver\src\stm32f4_rtos\Project\EWARMv7\Flash\Obj\malloc.o
#        E:\WORK\YarnControl_Driver\YarnControl_Driver\src\stm32f4_rtos\Project\EWARMv7\Flash\Obj\mcheck.o
#        E:\WORK\YarnControl_Driver\YarnControl_Driver\src\stm32f4_rtos\Project\EWARMv7\Flash\Obj\misc.o
#        E:\WORK\YarnControl_Driver\YarnControl_Driver\src\stm32f4_rtos\Project\EWARMv7\Flash\Obj\modbus.o
#        E:\WORK\YarnControl_Driver\YarnControl_Driver\src\stm32f4_rtos\Project\EWARMv7\Flash\Obj\page_weimi.o
#        E:\WORK\YarnControl_Driver\YarnControl_Driver\src\stm32f4_rtos\Project\EWARMv7\Flash\Obj\para.o
#        E:\WORK\YarnControl_Driver\YarnControl_Driver\src\stm32f4_rtos\Project\EWARMv7\Flash\Obj\port.o
#        E:\WORK\YarnControl_Driver\YarnControl_Driver\src\stm32f4_rtos\Project\EWARMv7\Flash\Obj\portasm.o
#        E:\WORK\YarnControl_Driver\YarnControl_Driver\src\stm32f4_rtos\Project\EWARMv7\Flash\Obj\product_cal.o
#        E:\WORK\YarnControl_Driver\YarnControl_Driver\src\stm32f4_rtos\Project\EWARMv7\Flash\Obj\protocol.o
#        E:\WORK\YarnControl_Driver\YarnControl_Driver\src\stm32f4_rtos\Project\EWARMv7\Flash\Obj\queue.o
#        E:\WORK\YarnControl_Driver\YarnControl_Driver\src\stm32f4_rtos\Project\EWARMv7\Flash\Obj\rc522.o
#        E:\WORK\YarnControl_Driver\YarnControl_Driver\src\stm32f4_rtos\Project\EWARMv7\Flash\Obj\startup_stm32f40_41xxx.o
#        E:\WORK\YarnControl_Driver\YarnControl_Driver\src\stm32f4_rtos\Project\EWARMv7\Flash\Obj\stm32f4xx_adc.o
#        E:\WORK\YarnControl_Driver\YarnControl_Driver\src\stm32f4_rtos\Project\EWARMv7\Flash\Obj\stm32f4xx_assert.o
#        E:\WORK\YarnControl_Driver\YarnControl_Driver\src\stm32f4_rtos\Project\EWARMv7\Flash\Obj\stm32f4xx_can.o
#        E:\WORK\YarnControl_Driver\YarnControl_Driver\src\stm32f4_rtos\Project\EWARMv7\Flash\Obj\stm32f4xx_crc.o
#        E:\WORK\YarnControl_Driver\YarnControl_Driver\src\stm32f4_rtos\Project\EWARMv7\Flash\Obj\stm32f4xx_cryp.o
#        E:\WORK\YarnControl_Driver\YarnControl_Driver\src\stm32f4_rtos\Project\EWARMv7\Flash\Obj\stm32f4xx_cryp_aes.o
#        E:\WORK\YarnControl_Driver\YarnControl_Driver\src\stm32f4_rtos\Project\EWARMv7\Flash\Obj\stm32f4xx_cryp_des.o
#        E:\WORK\YarnControl_Driver\YarnControl_Driver\src\stm32f4_rtos\Project\EWARMv7\Flash\Obj\stm32f4xx_cryp_tdes.o
#        E:\WORK\YarnControl_Driver\YarnControl_Driver\src\stm32f4_rtos\Project\EWARMv7\Flash\Obj\stm32f4xx_dac.o
#        E:\WORK\YarnControl_Driver\YarnControl_Driver\src\stm32f4_rtos\Project\EWARMv7\Flash\Obj\stm32f4xx_dbgmcu.o
#        E:\WORK\YarnControl_Driver\YarnControl_Driver\src\stm32f4_rtos\Project\EWARMv7\Flash\Obj\stm32f4xx_dcmi.o
#        E:\WORK\YarnControl_Driver\YarnControl_Driver\src\stm32f4_rtos\Project\EWARMv7\Flash\Obj\stm32f4xx_dma.o
#        E:\WORK\YarnControl_Driver\YarnControl_Driver\src\stm32f4_rtos\Project\EWARMv7\Flash\Obj\stm32f4xx_dma2d.o
#        E:\WORK\YarnControl_Driver\YarnControl_Driver\src\stm32f4_rtos\Project\EWARMv7\Flash\Obj\stm32f4xx_exti.o
#        E:\WORK\YarnControl_Driver\YarnControl_Driver\src\stm32f4_rtos\Project\EWARMv7\Flash\Obj\stm32f4xx_flash.o
#        E:\WORK\YarnControl_Driver\YarnControl_Driver\src\stm32f4_rtos\Project\EWARMv7\Flash\Obj\stm32f4xx_fsmc.o
#        E:\WORK\YarnControl_Driver\YarnControl_Driver\src\stm32f4_rtos\Project\EWARMv7\Flash\Obj\stm32f4xx_gpio.o
#        E:\WORK\YarnControl_Driver\YarnControl_Driver\src\stm32f4_rtos\Project\EWARMv7\Flash\Obj\stm32f4xx_hash.o
#        E:\WORK\YarnControl_Driver\YarnControl_Driver\src\stm32f4_rtos\Project\EWARMv7\Flash\Obj\stm32f4xx_hash_md5.o
#        E:\WORK\YarnControl_Driver\YarnControl_Driver\src\stm32f4_rtos\Project\EWARMv7\Flash\Obj\stm32f4xx_hash_sha1.o
#        E:\WORK\YarnControl_Driver\YarnControl_Driver\src\stm32f4_rtos\Project\EWARMv7\Flash\Obj\stm32f4xx_i2c.o
#        E:\WORK\YarnControl_Driver\YarnControl_Driver\src\stm32f4_rtos\Project\EWARMv7\Flash\Obj\stm32f4xx_it.o
#        E:\WORK\YarnControl_Driver\YarnControl_Driver\src\stm32f4_rtos\Project\EWARMv7\Flash\Obj\stm32f4xx_iwdg.o
#        E:\WORK\YarnControl_Driver\YarnControl_Driver\src\stm32f4_rtos\Project\EWARMv7\Flash\Obj\stm32f4xx_ltdc.o
#        E:\WORK\YarnControl_Driver\YarnControl_Driver\src\stm32f4_rtos\Project\EWARMv7\Flash\Obj\stm32f4xx_pwr.o
#        E:\WORK\YarnControl_Driver\YarnControl_Driver\src\stm32f4_rtos\Project\EWARMv7\Flash\Obj\stm32f4xx_rcc.o
#        E:\WORK\YarnControl_Driver\YarnControl_Driver\src\stm32f4_rtos\Project\EWARMv7\Flash\Obj\stm32f4xx_rng.o
#        E:\WORK\YarnControl_Driver\YarnControl_Driver\src\stm32f4_rtos\Project\EWARMv7\Flash\Obj\stm32f4xx_rtc.o
#        E:\WORK\YarnControl_Driver\YarnControl_Driver\src\stm32f4_rtos\Project\EWARMv7\Flash\Obj\stm32f4xx_sai.o
#        E:\WORK\YarnControl_Driver\YarnControl_Driver\src\stm32f4_rtos\Project\EWARMv7\Flash\Obj\stm32f4xx_sdio.o
#        E:\WORK\YarnControl_Driver\YarnControl_Driver\src\stm32f4_rtos\Project\EWARMv7\Flash\Obj\stm32f4xx_spi.o
#        E:\WORK\YarnControl_Driver\YarnControl_Driver\src\stm32f4_rtos\Project\EWARMv7\Flash\Obj\stm32f4xx_syscfg.o
#        E:\WORK\YarnControl_Driver\YarnControl_Driver\src\stm32f4_rtos\Project\EWARMv7\Flash\Obj\stm32f4xx_tim.o
#        E:\WORK\YarnControl_Driver\YarnControl_Driver\src\stm32f4_rtos\Project\EWARMv7\Flash\Obj\stm32f4xx_usart.o
#        E:\WORK\YarnControl_Driver\YarnControl_Driver\src\stm32f4_rtos\Project\EWARMv7\Flash\Obj\stm32f4xx_wwdg.o
#        E:\WORK\YarnControl_Driver\YarnControl_Driver\src\stm32f4_rtos\Project\EWARMv7\Flash\Obj\SysInfoTest.o
#        E:\WORK\YarnControl_Driver\YarnControl_Driver\src\stm32f4_rtos\Project\EWARMv7\Flash\Obj\system_stm32f4xx.o
#        E:\WORK\YarnControl_Driver\YarnControl_Driver\src\stm32f4_rtos\Project\EWARMv7\Flash\Obj\tasks.o
#        E:\WORK\YarnControl_Driver\YarnControl_Driver\src\stm32f4_rtos\Project\EWARMv7\Flash\Obj\timers.o
#        E:\WORK\YarnControl_Driver\YarnControl_Driver\src\stm32f4_rtos\Project\EWARMv7\Flash\Obj\usb_bsp.o
#        E:\WORK\YarnControl_Driver\YarnControl_Driver\src\stm32f4_rtos\Project\EWARMv7\Flash\Obj\usb_core.o
#        E:\WORK\YarnControl_Driver\YarnControl_Driver\src\stm32f4_rtos\Project\EWARMv7\Flash\Obj\usb_hcd.o
#        E:\WORK\YarnControl_Driver\YarnControl_Driver\src\stm32f4_rtos\Project\EWARMv7\Flash\Obj\usb_hcd_int.o
#        E:\WORK\YarnControl_Driver\YarnControl_Driver\src\stm32f4_rtos\Project\EWARMv7\Flash\Obj\usbh_core.o
#        E:\WORK\YarnControl_Driver\YarnControl_Driver\src\stm32f4_rtos\Project\EWARMv7\Flash\Obj\usbh_hcs.o
#        E:\WORK\YarnControl_Driver\YarnControl_Driver\src\stm32f4_rtos\Project\EWARMv7\Flash\Obj\usbh_ioreq.o
#        E:\WORK\YarnControl_Driver\YarnControl_Driver\src\stm32f4_rtos\Project\EWARMv7\Flash\Obj\usbh_it.o
#        E:\WORK\YarnControl_Driver\YarnControl_Driver\src\stm32f4_rtos\Project\EWARMv7\Flash\Obj\usbh_msc_bot.o
#        E:\WORK\YarnControl_Driver\YarnControl_Driver\src\stm32f4_rtos\Project\EWARMv7\Flash\Obj\usbh_msc_core.o
#        E:\WORK\YarnControl_Driver\YarnControl_Driver\src\stm32f4_rtos\Project\EWARMv7\Flash\Obj\usbh_msc_scsi.o
#        E:\WORK\YarnControl_Driver\YarnControl_Driver\src\stm32f4_rtos\Project\EWARMv7\Flash\Obj\usbh_stdreq.o
#        E:\WORK\YarnControl_Driver\YarnControl_Driver\src\stm32f4_rtos\Project\EWARMv7\Flash\Obj\usbh_usr.o
#        -o
#        E:\WORK\YarnControl_Driver\YarnControl_Driver\src\stm32f4_rtos\Project\EWARMv7\Flash\Exe\project.out
#        --map
#        E:\WORK\YarnControl_Driver\YarnControl_Driver\src\stm32f4_rtos\Project\EWARMv7\Flash\List\project.map
#        --config
#        E:\WORK\YarnControl_Driver\YarnControl_Driver\src\stm32f4_rtos\Project\EWARMv7\stm32f4xx_flash.icf
#        --semihosting --entry __iar_program_start --inline --vfe
#
###############################################################################

*******************************************************************************
*** RUNTIME MODEL ATTRIBUTES
***

CppFlavor       = *
__SystemLibrary = DLib


*******************************************************************************
*** PLACEMENT SUMMARY
***

"A1":  place at 0x08000000 { ro section .intvec };
"P1":  place in [from 0x08000000 to 0x080fffff] { ro };
"P2":  place in [from 0x20000000 to 0x2001ffff] { rw, block CSTACK, block HEAP };

  Section             Kind        Address     Size  Object
  -------             ----        -------     ----  ------
"A1":                                        0x188
  .intvec             ro code  0x08000000    0x188  startup_stm32f40_41xxx.o [1]
                             - 0x08000188    0x188

"P1":                                      0x41eba
  .rodata             const    0x08000188  0x15484  cc936.o [1]
  .rodata             const    0x0801560c  0x15484  cc936.o [1]
  .text               ro code  0x0802aa90   0x483c  apptask.o [1]
  .text               ro code  0x0802f2cc    0xc00  tasks.o [1]
  .text               ro code  0x0802fecc    0x7c8  queue.o [1]
  .text               ro code  0x08030694   0x1258  bsp_sdwe050c17.o [1]
  .text               ro code  0x080318ec    0x524  product_cal.o [1]
  .text               ro code  0x08031e10     0x66  ABImemset.o [5]
  .text               ro code  0x08031e76      0xa  xsprout.o [3]
  .text               ro code  0x08031e80    0x380  bsp_w25qxx.o [1]
  .text               ro code  0x08032200     0x76  ABImemcpy_unaligned.o [5]
  .text               ro code  0x08032278     0x4e  FltToDbl.o [4]
  .text               ro code  0x080322c8     0x24  printf.o [3]
  .text               ro code  0x080322ec     0x42  strcmp_unaligned.o [5]
  .text               ro code  0x08032330    0x21c  malloc.o [1]
  .text               ro code  0x0803254c     0x30  I32ToDbl.o [4]
  .text               ro code  0x0803257c    0x256  DblDiv.o [4]
  .text               ro code  0x080327d4     0xe8  DblAdd.o [4]
  .text               ro code  0x080328bc    0x1a2  DblMul.o [4]
  .text               ro code  0x08032a60     0x58  DblToI32.o [4]
  .text               ro code  0x08032ab8     0x90  DblToFlt.o [4]
  .text               ro code  0x08032b48     0x36  strlen.o [5]
  .text               ro code  0x08032b80     0x62  memcmp_unaligned.o [5]
  .text               ro code  0x08032be4    0x48c  bsp_servomotor.o [1]
  .text               ro code  0x08033070    0x1b6  usbh_usr.o [1]
  .text               ro code  0x08033228    0x760  usbh_core.o [1]
  .text               ro code  0x08033988   0x2264  ff.o [1]
  .text               ro code  0x08035bec     0x34  sprintf.o [3]
  .text               ro code  0x08035c20     0x1c  strcat.o [3]
  .text               ro code  0x08035c3c     0xc0  bsp_led.o [1]
  .text               ro code  0x08035cfc     0xae  rc522.o [1]
  .text               ro code  0x08035dac    0x354  modbus.o [1]
  .text               ro code  0x08036100     0x68  bsp_sw_onoff.o [1]
  .text               ro code  0x08036168     0x44  protocol.o [1]
  .text               ro code  0x080361ac     0x10  apptask.o [1]
  .text               ro code  0x080361bc    0x12c  stm32f4xx_gpio.o [1]
  .text               ro code  0x080362e8    0x670  stm32f4xx_tim.o [1]
  .text               ro code  0x08036958    0x26c  bsp_stepmotor.o [1]
  .text               ro code  0x08036bc4    0x374  encoder.o [1]
  .text               ro code  0x08036f38    0x254  page_weimi.o [1]
  .text               ro code  0x0803718c    0x262  event_groups.o [1]
  .text               ro code  0x080373f0    0x4a4  timers.o [1]
  .text               ro code  0x08037894      0x8  bsp_watchdog.o [1]
  .text               ro code  0x0803789c    0x24c  port.o [1]
  .text               ro code  0x08037ae8     0x98  list.o [1]
  .text               ro code  0x08037b80    0x280  heap_4.o [1]
  .text               ro code  0x08037e00    0x1e8  stm32f4xx_rcc.o [1]
  .text               ro code  0x08037fe8    0x9e4  bsp_uart_fifo.o [1]
  .text               ro code  0x080389cc    0x204  bsp_timer.o [1]
  .text               ro code  0x08038bd0    0x124  bsp_spi.o [1]
  .text               ro code  0x08038cf4    0xd96  xprintffull_nomb.o [3]
  .text               ro code  0x08039a8c    0x180  DblSub.o [4]
  .text               ro code  0x08039c0c    0x31c  stm32f4xx_dma.o [1]
  .text               ro code  0x08039f28     0x88  misc.o [1]
  .text               ro code  0x08039fb0    0x14c  usb_bsp.o [1]
  .text               ro code  0x0803a0fc     0xd6  usb_hcd.o [1]
  .text               ro code  0x0803a1d2    0x1ba  usbh_hcs.o [1]
  .text               ro code  0x0803a38c    0x436  usbh_stdreq.o [1]
  .text               ro code  0x0803a7c2    0x246  usbh_ioreq.o [1]
  .text               ro code  0x0803aa08    0x2e4  diskio.o [1]
  .text               ro code  0x0803acec     0xf4  cc936.o [1]
  .text               ro code  0x0803ade0     0xb8  mcheck.o [1]
  .text               ro code  0x0803ae98     0x2c  strstr.o [3]
  .text               ro code  0x0803aec4     0x10  stm32f4xx_iwdg.o [1]
  CODE                ro code  0x0803aed4     0xa8  portasm.o [1]
  .text               ro code  0x0803af7c    0x254  stm32f4xx_usart.o [1]
  .text               ro code  0x0803b1d0     0x74  stm32f4xx_spi.o [1]
  .text               ro code  0x0803b244     0x16  strchr.o [5]
  .text               ro code  0x0803b25c     0x58  memchr.o [5]
  .text               ro code  0x0803b2b4     0xee  I64DivMod.o [5]
  .text               ro code  0x0803b3a2     0x42  xdnorm.o [4]
  .text               ro code  0x0803b3e4     0x2e  DblCmpLe.o [4]
  .text               ro code  0x0803b414     0x2e  DblCmpGe.o [4]
  .text               ro code  0x0803b444    0x114  xdscale.o [4]
  .text               ro code  0x0803b558     0x6c  localeconv.o [3]
  .text               ro code  0x0803b5c4      0xe  div.o [3]
  .text               ro code  0x0803b5d4     0x74  bsp_dwt.o [1]
  .text               ro code  0x0803b648    0xa50  usb_core.o [1]
  .text               ro code  0x0803c098   0x1a58  bsp_sdio_sd.o [1]
  .text               ro code  0x0803daf0    0x618  usbh_msc_scsi.o [1]
  .text               ro code  0x0803e108    0x554  usbh_msc_bot.o [1]
  .text               ro code  0x0803e65c      0x2  I64DivZer.o [5]
  .text               ro code  0x0803e660    0x17c  stm32f4xx_sdio.o [1]
  .text               ro code  0x0803e7dc    0xc7e  usb_hcd_int.o [1]
  .text               ro code  0x0803f45c    0x3e8  usbh_msc_core.o [1]
  .rodata             const    0x0803f844    0x3dc  cc936.o [1]
  .rodata             const    0x0803fc20    0x3dc  cc936.o [1]
  .text               ro code  0x0803fffc    0x2f4  para.o [1]
  .text               ro code  0x080402f0     0x44  strcpy_unaligned.o [5]
  .text               ro code  0x08040334    0x2e0  bsp_tim_pwm.o [1]
  .rodata             const    0x08040614    0x1f4  apptask.o [1]
  .rodata             const    0x08040808    0x190  product_cal.o [1]
  .text               ro code  0x08040998    0x154  system_stm32f4xx.o [1]
  .rodata             const    0x08040aec    0x100  mcheck.o [1]
  .rodata             const    0x08040bec    0x100  mcheck.o [1]
  .rodata             const    0x08040cec    0x100  mcheck.o [1]
  .text               ro code  0x08040dec     0xd4  bsp_closeSW.o [1]
  .text               ro code  0x08040ec0     0x54  stm32f4xx_syscfg.o [1]
  .text               ro code  0x08040f14     0xc0  stm32f4xx_exti.o [1]
  .text               ro code  0x08040fd4     0xd0  packbits_init.o [5]
  .text               ro code  0x080410a4      0x6  abort.o [3]
  .text               ro code  0x080410ac     0x14  exit.o [6]
  .text               ro code  0x080410c0     0x4c  bsp.o [1]
  .text               ro code  0x0804110c     0x44  bsp_relay.o [1]
  .text               ro code  0x08041150     0x40  zero_init3.o [5]
  .text               ro code  0x08041190     0x3c  SysInfoTest.o [1]
  .rodata             const    0x080411cc     0x38  demo_fatfs.o [1]
  .text               ro code  0x08041204     0x38  stm32f4xx_it.o [1]
  .rodata             const    0x0804123c     0x30  apptask.o [1]
  .rodata             const    0x0804126c     0x30  demo_fatfs.o [1]
  .rodata             const    0x0804129c     0x30  demo_fatfs.o [1]
  .rodata             const    0x080412cc     0x2c  apptask.o [1]
  .rodata             const    0x080412f8     0x2c  demo_fatfs.o [1]
  .rodata             const    0x08041324     0x2c  demo_fatfs.o [1]
  .rodata             const    0x08041350     0x2c  stm32f4xx_it.o [1]
  .text               ro code  0x0804137c     0x2c  main.o [1]
  .rodata             const    0x080413a8     0x28  demo_fatfs.o [1]
  .rodata             const    0x080413d0     0x28  demo_fatfs.o [1]
  .rodata             const    0x080413f8     0x28  demo_fatfs.o [1]
  .text               ro code  0x08041420     0x28  data_init.o [5]
  .rodata             const    0x08041448     0x24  demo_fatfs.o [1]
  .rodata             const    0x0804146c     0x24  demo_fatfs.o [1]
  .rodata             const    0x08041490     0x24  usbh_usr.o [1]
  .text               ro code  0x080414b4     0x22  fpinit_M.o [4]
  .iar.init_table     const    0x080414d8     0x34  - Linker created -
  .rodata             const    0x0804150c     0x20  apptask.o [1]
  .rodata             const    0x0804152c     0x20  apptask.o [1]
  .rodata             const    0x0804154c     0x20  bsp_sdwe050c17.o [1]
  .rodata             const    0x0804156c     0x20  demo_fatfs.o [1]
  .rodata             const    0x0804158c     0x20  demo_fatfs.o [1]
  .rodata             const    0x080415ac     0x20  demo_fatfs.o [1]
  .rodata             const    0x080415cc     0x20  usbh_usr.o [1]
  .rodata             const    0x080415ec     0x20  usbh_usr.o [1]
  .rodata             const    0x0804160c     0x20  usbh_usr.o [1]
  .rodata             const    0x0804162c     0x20  usbh_usr.o [1]
  .rodata             const    0x0804164c     0x20  usbh_usr.o [1]
  .rodata             const    0x0804166c     0x1c  apptask.o [1]
  .rodata             const    0x08041688     0x1c  apptask.o [1]
  .rodata             const    0x080416a4     0x1c  apptask.o [1]
  .rodata             const    0x080416c0     0x1c  apptask.o [1]
  .rodata             const    0x080416dc     0x1c  apptask.o [1]
  .rodata             const    0x080416f8     0x1c  apptask.o [1]
  .rodata             const    0x08041714     0x1c  apptask.o [1]
  .rodata             const    0x08041730     0x1c  demo_fatfs.o [1]
  .rodata             const    0x0804174c     0x1c  demo_fatfs.o [1]
  .rodata             const    0x08041768     0x1c  usbh_usr.o [1]
  .rodata             const    0x08041784     0x1c  usbh_usr.o [1]
  .rodata             const    0x080417a0     0x1c  usbh_usr.o [1]
  .rodata             const    0x080417bc     0x1c  usbh_usr.o [1]
  .rodata             const    0x080417d8     0x1c  usbh_usr.o [1]
  .rodata             const    0x080417f4     0x1c  usbh_usr.o [1]
  .text               ro code  0x08041810     0x1a  cmain.o [5]
  .text               ro code  0x0804182a      0x4  exit.o [3]
  .text               ro code  0x08041830      0xa  cexit.o [5]
  .rodata             const    0x0804183c     0x18  apptask.o [1]
  .rodata             const    0x08041854     0x18  apptask.o [1]
  .rodata             const    0x0804186c     0x18  apptask.o [1]
  .rodata             const    0x08041884     0x18  apptask.o [1]
  .rodata             const    0x0804189c     0x18  apptask.o [1]
  .rodata             const    0x080418b4     0x18  apptask.o [1]
  .rodata             const    0x080418cc     0x18  apptask.o [1]
  .rodata             const    0x080418e4     0x18  apptask.o [1]
  .rodata             const    0x080418fc     0x18  demo_fatfs.o [1]
  .rodata             const    0x08041914     0x18  demo_fatfs.o [1]
  .rodata             const    0x0804192c     0x18  demo_fatfs.o [1]
  .rodata             const    0x08041944     0x18  demo_fatfs.o [1]
  .rodata             const    0x0804195c     0x18  usbh_usr.o [1]
  .rodata             const    0x08041974     0x18  usbh_usr.o [1]
  .rodata             const    0x0804198c     0x18  usbh_usr.o [1]
  .rodata             const    0x080419a4     0x18  usbh_usr.o [1]
  .rodata             const    0x080419bc     0x18  usbh_usr.o [1]
  .text               ro code  0x080419d4     0x16  xprout.o [3]
  .text               ro code  0x080419ec      0xc  putchar.o [3]
  .rodata             const    0x080419f8     0x14  apptask.o [1]
  .rodata             const    0x08041a0c     0x14  apptask.o [1]
  .rodata             const    0x08041a20     0x14  apptask.o [1]
  .rodata             const    0x08041a34     0x14  apptask.o [1]
  .rodata             const    0x08041a48     0x14  apptask.o [1]
  .rodata             const    0x08041a5c     0x14  apptask.o [1]
  .rodata             const    0x08041a70     0x14  apptask.o [1]
  .rodata             const    0x08041a84     0x14  usbh_usr.o [1]
  .rodata             const    0x08041a98     0x14  usbh_usr.o [1]
  .rodata             const    0x08041aac     0x10  apptask.o [1]
  .rodata             const    0x08041abc     0x10  apptask.o [1]
  .rodata             const    0x08041acc     0x10  apptask.o [1]
  .rodata             const    0x08041adc     0x10  apptask.o [1]
  .rodata             const    0x08041aec     0x10  apptask.o [1]
  .rodata             const    0x08041afc     0x10  apptask.o [1]
  .rodata             const    0x08041b0c     0x10  apptask.o [1]
  .rodata             const    0x08041b1c     0x10  apptask.o [1]
  .rodata             const    0x08041b2c     0x10  apptask.o [1]
  .rodata             const    0x08041b3c     0x10  apptask.o [1]
  .rodata             const    0x08041b4c     0x10  apptask.o [1]
  .rodata             const    0x08041b5c     0x10  ff.o [1]
  .rodata             const    0x08041b6c     0x10  main.o [1]
  .rodata             const    0x08041b7c     0x10  main.o [1]
  .rodata             const    0x08041b8c     0x10  usbh_usr.o [1]
  .rodata             const    0x08041b9c     0x10  usbh_usr.o [1]
  .text               ro code  0x08041bac     0x10  startup_stm32f40_41xxx.o [1]
  .text               ro code  0x08041bbc     0x10  usbh_it.o [1]
  .rodata             const    0x08041bcc      0xc  apptask.o [1]
  .rodata             const    0x08041bd8      0xc  apptask.o [1]
  .rodata             const    0x08041be4      0xc  apptask.o [1]
  .rodata             const    0x08041bf0      0xc  apptask.o [1]
  .rodata             const    0x08041bfc      0xc  apptask.o [1]
  .rodata             const    0x08041c08      0xc  apptask.o [1]
  .rodata             const    0x08041c14      0xc  apptask.o [1]
  .rodata             const    0x08041c20      0xc  apptask.o [1]
  .rodata             const    0x08041c2c      0xc  apptask.o [1]
  .rodata             const    0x08041c38      0xc  apptask.o [1]
  .rodata             const    0x08041c44      0xc  apptask.o [1]
  .rodata             const    0x08041c50      0xc  apptask.o [1]
  .rodata             const    0x08041c5c      0xc  apptask.o [1]
  .rodata             const    0x08041c68      0xc  apptask.o [1]
  .rodata             const    0x08041c74      0xc  apptask.o [1]
  .rodata             const    0x08041c80      0xc  apptask.o [1]
  .rodata             const    0x08041c8c      0xc  apptask.o [1]
  .rodata             const    0x08041c98      0xc  apptask.o [1]
  .rodata             const    0x08041ca4      0xc  apptask.o [1]
  .rodata             const    0x08041cb0      0xc  apptask.o [1]
  .rodata             const    0x08041cbc      0xc  apptask.o [1]
  .rodata             const    0x08041cc8      0xc  apptask.o [1]
  .rodata             const    0x08041cd4      0xc  apptask.o [1]
  .rodata             const    0x08041ce0      0xc  apptask.o [1]
  .rodata             const    0x08041cec      0xc  apptask.o [1]
  .rodata             const    0x08041cf8      0xc  apptask.o [1]
  .rodata             const    0x08041d04      0xc  apptask.o [1]
  .rodata             const    0x08041d10      0xc  apptask.o [1]
  .rodata             const    0x08041d1c      0xc  bsp_sdwe050c17.o [1]
  .rodata             const    0x08041d28      0xc  bsp_sdwe050c17.o [1]
  .rodata             const    0x08041d34      0xc  demo_fatfs.o [1]
  .rodata             const    0x08041d40      0xc  ff.o [1]
  .text               ro code  0x08041d4c      0xc  cstartup_M.o [5]
  .rodata             const    0x08041d58      0x8  apptask.o [1]
  .rodata             const    0x08041d60      0x8  apptask.o [1]
  .rodata             const    0x08041d68      0x8  apptask.o [1]
  .rodata             const    0x08041d70      0x8  apptask.o [1]
  .rodata             const    0x08041d78      0x8  apptask.o [1]
  .rodata             const    0x08041d80      0x8  apptask.o [1]
  .rodata             const    0x08041d88      0x8  apptask.o [1]
  .rodata             const    0x08041d90      0x8  apptask.o [1]
  .rodata             const    0x08041d98      0x8  apptask.o [1]
  .rodata             const    0x08041da0      0x8  apptask.o [1]
  .rodata             const    0x08041da8      0x8  apptask.o [1]
  .rodata             const    0x08041db0      0x8  apptask.o [1]
  .rodata             const    0x08041db8      0x8  apptask.o [1]
  .rodata             const    0x08041dc0      0x8  bsp_w25qxx.o [1]
  .rodata             const    0x08041dc8      0x8  ff.o [1]
  .rodata             const    0x08041dd0      0x8  malloc.o [1]
  .rodata             const    0x08041dd8      0x8  malloc.o [1]
  .rodata             const    0x08041de0      0x8  malloc.o [1]
  .rodata             const    0x08041de8      0x8  para.o [1]
  .rodata             const    0x08041df0      0x8  para.o [1]
  .rodata             const    0x08041df8      0x8  para.o [1]
  .rodata             const    0x08041e00      0x8  tasks.o [1]
  .rodata             const    0x08041e08      0x8  timers.o [1]
  .rodata             const    0x08041e10      0x4  heap_4.o [1]
  .rodata             const    0x08041e14      0x4  port.o [1]
  .text               ro code  0x08041e18      0x4  startup_stm32f40_41xxx.o [1]
  .text               ro code  0x08041e1c      0x4  startup_stm32f40_41xxx.o [1]
  .text               ro code  0x08041e20      0x4  startup_stm32f40_41xxx.o [1]
  .text               ro code  0x08041e24      0x4  startup_stm32f40_41xxx.o [1]
  .text               ro code  0x08041e28      0x4  startup_stm32f40_41xxx.o [1]
  .text               ro code  0x08041e2c      0x4  startup_stm32f40_41xxx.o [1]
  .text               ro code  0x08041e30      0x4  startup_stm32f40_41xxx.o [1]
  .text               ro code  0x08041e34      0x4  startup_stm32f40_41xxx.o [1]
  .text               ro code  0x08041e38      0x4  startup_stm32f40_41xxx.o [1]
  .text               ro code  0x08041e3c      0x4  startup_stm32f40_41xxx.o [1]
  .text               ro code  0x08041e40      0x4  startup_stm32f40_41xxx.o [1]
  .text               ro code  0x08041e44      0x4  startup_stm32f40_41xxx.o [1]
  .text               ro code  0x08041e48      0x4  startup_stm32f40_41xxx.o [1]
  .text               ro code  0x08041e4c      0x4  startup_stm32f40_41xxx.o [1]
  .text               ro code  0x08041e50      0x4  startup_stm32f40_41xxx.o [1]
  .text               ro code  0x08041e54      0x4  startup_stm32f40_41xxx.o [1]
  .text               ro code  0x08041e58      0x4  startup_stm32f40_41xxx.o [1]
  .text               ro code  0x08041e5c      0x4  startup_stm32f40_41xxx.o [1]
  .text               ro code  0x08041e60      0x4  startup_stm32f40_41xxx.o [1]
  .text               ro code  0x08041e64      0x4  startup_stm32f40_41xxx.o [1]
  .text               ro code  0x08041e68      0x4  startup_stm32f40_41xxx.o [1]
  .text               ro code  0x08041e6c      0x4  startup_stm32f40_41xxx.o [1]
  .text               ro code  0x08041e70      0x4  startup_stm32f40_41xxx.o [1]
  .text               ro code  0x08041e74      0x4  startup_stm32f40_41xxx.o [1]
  .text               ro code  0x08041e78      0x4  startup_stm32f40_41xxx.o [1]
  .text               ro code  0x08041e7c      0x4  startup_stm32f40_41xxx.o [1]
  .text               ro code  0x08041e80      0x4  startup_stm32f40_41xxx.o [1]
  .text               ro code  0x08041e84      0x4  startup_stm32f40_41xxx.o [1]
  .text               ro code  0x08041e88      0x4  startup_stm32f40_41xxx.o [1]
  .text               ro code  0x08041e8c      0x4  startup_stm32f40_41xxx.o [1]
  .text               ro code  0x08041e90      0x4  startup_stm32f40_41xxx.o [1]
  .text               ro code  0x08041e94      0x4  startup_stm32f40_41xxx.o [1]
  .text               ro code  0x08041e98      0x4  startup_stm32f40_41xxx.o [1]
  .text               ro code  0x08041e9c      0x4  startup_stm32f40_41xxx.o [1]
  .text               ro code  0x08041ea0      0x4  startup_stm32f40_41xxx.o [1]
  .text               ro code  0x08041ea4      0x4  startup_stm32f40_41xxx.o [1]
  .text               ro code  0x08041ea8      0x4  startup_stm32f40_41xxx.o [1]
  .text               ro code  0x08041eac      0x4  startup_stm32f40_41xxx.o [1]
  .text               ro code  0x08041eb0      0x4  startup_stm32f40_41xxx.o [1]
  .text               ro code  0x08041eb4      0x4  startup_stm32f40_41xxx.o [1]
  .text               ro code  0x08041eb8      0x4  startup_stm32f40_41xxx.o [1]
  .text               ro code  0x08041ebc      0x4  startup_stm32f40_41xxx.o [1]
  .text               ro code  0x08041ec0      0x4  startup_stm32f40_41xxx.o [1]
  .text               ro code  0x08041ec4      0x4  startup_stm32f40_41xxx.o [1]
  .text               ro code  0x08041ec8      0x4  startup_stm32f40_41xxx.o [1]
  .text               ro code  0x08041ecc      0x4  startup_stm32f40_41xxx.o [1]
  .text               ro code  0x08041ed0      0x4  startup_stm32f40_41xxx.o [1]
  .text               ro code  0x08041ed4      0x4  startup_stm32f40_41xxx.o [1]
  .text               ro code  0x08041ed8      0x4  startup_stm32f40_41xxx.o [1]
  .text               ro code  0x08041edc      0x4  startup_stm32f40_41xxx.o [1]
  .text               ro code  0x08041ee0      0x4  startup_stm32f40_41xxx.o [1]
  .text               ro code  0x08041ee4      0x4  startup_stm32f40_41xxx.o [1]
  .text               ro code  0x08041ee8      0x4  startup_stm32f40_41xxx.o [1]
  .text               ro code  0x08041eec      0x4  startup_stm32f40_41xxx.o [1]
  .text               ro code  0x08041ef0      0x4  startup_stm32f40_41xxx.o [1]
  .text               ro code  0x08041ef4      0x4  startup_stm32f40_41xxx.o [1]
  .text               ro code  0x08041ef8      0x4  startup_stm32f40_41xxx.o [1]
  .text               ro code  0x08041efc      0x4  startup_stm32f40_41xxx.o [1]
  .text               ro code  0x08041f00      0x4  startup_stm32f40_41xxx.o [1]
  .text               ro code  0x08041f04      0x4  startup_stm32f40_41xxx.o [1]
  .text               ro code  0x08041f08      0x4  startup_stm32f40_41xxx.o [1]
  .text               ro code  0x08041f0c      0x4  startup_stm32f40_41xxx.o [1]
  .text               ro code  0x08041f10      0x4  startup_stm32f40_41xxx.o [1]
  .text               ro code  0x08041f14      0x4  startup_stm32f40_41xxx.o [1]
  .text               ro code  0x08041f18      0x4  startup_stm32f40_41xxx.o [1]
  .text               ro code  0x08041f1c      0x4  startup_stm32f40_41xxx.o [1]
  .text               ro code  0x08041f20      0x4  startup_stm32f40_41xxx.o [1]
  .rodata             const    0x08041f24      0x0  zero_init3.o [5]
  .rodata             const    0x08041f24      0x0  packbits_init.o [5]
  Initializer bytes   const    0x08041f24    0x11e  <for P2 s0>
                             - 0x08042042  0x41eba

"P2":                                      0x1f750
  P2 s0                        0x20000000    0x1cc  <Init block>
    __DLIB_PERTHREAD  inited   0x20000000     0x88  localeconv.o [3]
    .data             inited   0x20000088     0x50  demo_fatfs.o [1]
    .data             inited   0x200000d8     0x48  usbh_usr.o [1]
    .data             inited   0x20000120     0x40  xfiles.o [3]
    .data             inited   0x20000160     0x1c  malloc.o [1]
    .data             inited   0x2000017c     0x14  bsp_servomotor.o [1]
    .data             inited   0x20000190     0x10  stm32f4xx_rcc.o [1]
    .data             inited   0x200001a0     0x10  usbh_msc_core.o [1]
    .data             inited   0x200001b0      0xc  usbh_core.o [1]
    .data             inited   0x200001bc      0x4  port.o [1]
    .data             inited   0x200001c0      0x4  system_stm32f4xx.o [1]
    .data             inited   0x200001c4      0x4  usbh_core.o [1]
    .data             inited   0x200001c8      0x2  bsp_w25qxx.o [1]
    .data             inited   0x200001ca      0x1  page_weimi.o [1]
    .data             inited   0x200001cb      0x1  usbh_msc_scsi.o [1]
  .bss                zero     0x200001cc  0x11800  heap_4.o [1]
  .bss                zero     0x200119cc   0xa000  malloc.o [1]
  .bss                zero     0x2001b9cc   0x1000  bsp_w25qxx.o [1]
  .bss                zero     0x2001c9cc    0xa00  malloc.o [1]
  .bss                zero     0x2001d3cc    0x5ac  usbh_usr.o [1]
  .bss                zero     0x2001d978    0x5ac  usbh_usr.o [1]
  .bss                zero     0x2001df24    0x200  ff.o [1]
  .bss                zero     0x2001e124    0x200  usbh_msc_scsi.o [1]
  .bss                zero     0x2001e324    0x200  usbh_stdreq.o [1]
  .bss                zero     0x2001e524    0x118  page_weimi.o [1]
  .bss                zero     0x2001e63c     0xc8  tasks.o [1]
  .bss                zero     0x2001e704     0xa4  protocol.o [1]
  .bss                zero     0x2001e7a8     0x98  para.o [1]
  .bss                zero     0x2001e840     0x94  usbh_usr.o [1]
  .bss                zero     0x2001e8d4     0x70  protocol.o [1]
  .bss                zero     0x2001e944     0x64  bsp_uart_fifo.o [1]
  .bss                zero     0x2001e9a8     0x64  bsp_uart_fifo.o [1]
  .bss                zero     0x2001ea10     0x58  bsp_sdio_sd.o [1]
  .bss                zero     0x2001ea68     0x50  protocol.o [1]
  .bss                zero     0x2001eab8     0x50  xfiles.o [3]
  .bss                zero     0x2001eb08     0x4c  usbh_msc_core.o [1]
  .bss                zero     0x2001eb54     0x34  bsp_sdwe050c17.o [1]
  .bss                zero     0x2001eb88     0x2c  product_cal.o [1]
  .bss                zero     0x2001ebb4     0x28  bsp_uart_fifo.o [1]
  .bss                zero     0x2001ebdc     0x28  encoder.o [1]
  .bss                zero     0x2001ec04     0x28  product_cal.o [1]
  .bss                zero     0x2001ec2c     0x24  ff.o [1]
  .bss                zero     0x2001ec50     0x20  usbh_msc_bot.o [1]
  .bss                zero     0x2001ec70     0x18  bsp_sdio_sd.o [1]
  .bss                zero     0x2001ec88     0x18  bsp_sdio_sd.o [1]
  .bss                zero     0x2001eca0     0x14  bsp_sdio_sd.o [1]
  .bss                zero     0x2001ecb4     0x14  page_weimi.o [1]
  .bss                zero     0x2001ecc8     0x14  rc522.o [1]
  .bss                zero     0x2001ecdc     0x14  tasks.o [1]
  .bss                zero     0x2001ecf0     0x14  tasks.o [1]
  .bss                zero     0x2001ed04     0x14  tasks.o [1]
  .bss                zero     0x2001ed18     0x14  tasks.o [1]
  .bss                zero     0x2001ed2c     0x14  tasks.o [1]
  .bss                zero     0x2001ed40     0x14  timers.o [1]
  .bss                zero     0x2001ed54     0x14  timers.o [1]
  .bss                zero     0x2001ed68     0x10  bsp_sdio_sd.o [1]
  .bss                zero     0x2001ed78     0x10  bsp_sdio_sd.o [1]
  .bss                zero     0x2001ed88     0x10  usbh_msc_bot.o [1]
  .bss                zero     0x2001ed98     0x10  usbh_msc_bot.o [1]
  .bss                zero     0x2001eda8     0x10  usbh_msc_scsi.o [1]
  .bss                zero     0x2001edb8      0xc  apptask.o [1]
  .bss                zero     0x2001edc4      0xc  apptask.o [1]
  .bss                zero     0x2001edd0      0xc  ff.o [1]
  .bss                zero     0x2001eddc      0xc  protocol.o [1]
  .bss                zero     0x2001ede8      0xc  protocol.o [1]
  .bss                zero     0x2001edf4      0xc  protocol.o [1]
  .bss                zero     0x2001ee00      0x8  heap_4.o [1]
  .bss                zero     0x2001ee08      0x8  modbus.o [1]
  .bss                zero     0x2001ee10      0x8  protocol.o [1]
  .bss                zero     0x2001ee18      0x4  apptask.o [1]
  .bss                zero     0x2001ee1c      0x4  apptask.o [1]
  .bss                zero     0x2001ee20      0x4  apptask.o [1]
  .bss                zero     0x2001ee24      0x4  apptask.o [1]
  .bss                zero     0x2001ee28      0x4  apptask.o [1]
  .bss                zero     0x2001ee2c      0x4  apptask.o [1]
  .bss                zero     0x2001ee30      0x4  apptask.o [1]
  .bss                zero     0x2001ee34      0x4  apptask.o [1]
  .bss                zero     0x2001ee38      0x4  apptask.o [1]
  .bss                zero     0x2001ee3c      0x4  apptask.o [1]
  .bss                zero     0x2001ee40      0x4  apptask.o [1]
  .bss                zero     0x2001ee44      0x4  apptask.o [1]
  .bss                zero     0x2001ee48      0x4  apptask.o [1]
  .bss                zero     0x2001ee4c      0x4  apptask.o [1]
  .bss                zero     0x2001ee50      0x4  apptask.o [1]
  .bss                zero     0x2001ee54      0x4  apptask.o [1]
  .bss                zero     0x2001ee58      0x4  apptask.o [1]
  .bss                zero     0x2001ee5c      0x4  apptask.o [1]
  .bss                zero     0x2001ee60      0x4  apptask.o [1]
  .bss                zero     0x2001ee64      0x4  apptask.o [1]
  .bss                zero     0x2001ee68      0x4  bsp_sdio_sd.o [1]
  .bss                zero     0x2001ee6c      0x4  bsp_sdio_sd.o [1]
  .bss                zero     0x2001ee70      0x4  bsp_sdio_sd.o [1]
  .bss                zero     0x2001ee74      0x4  bsp_sdio_sd.o [1]
  .bss                zero     0x2001ee78      0x4  bsp_sdio_sd.o [1]
  .bss                zero     0x2001ee7c      0x4  bsp_timer.o [1]
  .bss                zero     0x2001ee80      0x4  bsp_timer.o [1]
  .bss                zero     0x2001ee84      0x4  bsp_timer.o [1]
  .bss                zero     0x2001ee88      0x4  bsp_timer.o [1]
  .bss                zero     0x2001ee8c      0x4  encoder.o [1]
  .bss                zero     0x2001ee90      0x4  encoder.o [1]
  .bss                zero     0x2001ee94      0x4  heap_4.o [1]
  .bss                zero     0x2001ee98      0x4  heap_4.o [1]
  .bss                zero     0x2001ee9c      0x4  heap_4.o [1]
  .bss                zero     0x2001eea0      0x4  heap_4.o [1]
  .bss                zero     0x2001eea4      0x4  port.o [1]
  .bss                zero     0x2001eea8      0x4  product_cal.o [1]
  .bss                zero     0x2001eeac      0x4  product_cal.o [1]
  .bss                zero     0x2001eeb0      0x4  SysInfoTest.o [1]
  .bss                zero     0x2001eeb4      0x4  tasks.o [1]
  .bss                zero     0x2001eeb8      0x4  tasks.o [1]
  .bss                zero     0x2001eebc      0x4  tasks.o [1]
  .bss                zero     0x2001eec0      0x4  tasks.o [1]
  .bss                zero     0x2001eec4      0x4  tasks.o [1]
  .bss                zero     0x2001eec8      0x4  tasks.o [1]
  .bss                zero     0x2001eecc      0x4  tasks.o [1]
  .bss                zero     0x2001eed0      0x4  tasks.o [1]
  .bss                zero     0x2001eed4      0x4  tasks.o [1]
  .bss                zero     0x2001eed8      0x4  tasks.o [1]
  .bss                zero     0x2001eedc      0x4  tasks.o [1]
  .bss                zero     0x2001eee0      0x4  tasks.o [1]
  .bss                zero     0x2001eee4      0x4  tasks.o [1]
  .bss                zero     0x2001eee8      0x4  tasks.o [1]
  .bss                zero     0x2001eeec      0x4  tasks.o [1]
  .bss                zero     0x2001eef0      0x4  tasks.o [1]
  .bss                zero     0x2001eef4      0x4  timers.o [1]
  .bss                zero     0x2001eef8      0x4  timers.o [1]
  .bss                zero     0x2001eefc      0x4  timers.o [1]
  .bss                zero     0x2001ef00      0x4  timers.o [1]
  .bss                zero     0x2001ef04      0x4  usbh_msc_bot.o [1]
  .bss                zero     0x2001ef08      0x4  usbh_msc_bot.o [1]
  .bss                zero     0x2001ef0c      0x4  usbh_msc_bot.o [1]
  .bss                zero     0x2001ef10      0x4  usbh_msc_bot.o [1]
  .bss                zero     0x2001ef14      0x2  apptask.o [1]
  .bss                zero     0x2001ef16      0x2  apptask.o [1]
  .bss                zero     0x2001ef18      0x2  apptask.o [1]
  .bss                zero     0x2001ef1a      0x2  apptask.o [1]
  .bss                zero     0x2001ef1c      0x2  bsp_sdwe050c17.o [1]
  .bss                zero     0x2001ef1e      0x2  encoder.o [1]
  .bss                zero     0x2001ef20      0x2  encoder.o [1]
  .bss                zero     0x2001ef22      0x2  encoder.o [1]
  .bss                zero     0x2001ef24      0x2  encoder.o [1]
  .bss                zero     0x2001ef26      0x2  ff.o [1]
  .bss                zero     0x2001ef28      0x2  page_weimi.o [1]
  .bss                zero     0x2001ef2a      0x2  product_cal.o [1]
  .bss                zero     0x2001ef2c      0x2  usbh_core.o [1]
  .bss                zero     0x2001ef2e      0x2  usbh_stdreq.o [1]
  .bss                zero     0x2001ef30      0x1  apptask.o [1]
  .bss                zero     0x2001ef31      0x1  apptask.o [1]
  .bss                zero     0x2001ef32      0x1  apptask.o [1]
  .bss                zero     0x2001ef33      0x1  apptask.o [1]
  .bss                zero     0x2001ef34      0x1  apptask.o [1]
  .bss                zero     0x2001ef35      0x1  apptask.o [1]
  .bss                zero     0x2001ef36      0x1  apptask.o [1]
  .bss                zero     0x2001ef37      0x1  apptask.o [1]
  .bss                zero     0x2001ef38      0x1  apptask.o [1]
  .bss                zero     0x2001ef39      0x1  bsp_sdio_sd.o [1]
  .bss                zero     0x2001ef3a      0x1  bsp_sdwe050c17.o [1]
  .bss                zero     0x2001ef3b      0x1  bsp_uart_fifo.o [1]
  .bss                zero     0x2001ef3c      0x1  encoder.o [1]
  .bss                zero     0x2001ef3d      0x1  encoder.o [1]
  .bss                zero     0x2001ef3e      0x1  encoder.o [1]
  .bss                zero     0x2001ef3f      0x1  page_weimi.o [1]
  .bss                zero     0x2001ef40      0x1  page_weimi.o [1]
  .bss                zero     0x2001ef41      0x1  page_weimi.o [1]
  .bss                zero     0x2001ef42      0x1  page_weimi.o [1]
  .bss                zero     0x2001ef43      0x1  port.o [1]
  .bss                zero     0x2001ef44      0x1  product_cal.o [1]
  .bss                zero     0x2001ef45      0x1  product_cal.o [1]
  .bss                zero     0x2001ef46      0x1  product_cal.o [1]
  .bss                zero     0x2001ef47      0x1  protocol.o [1]
  .bss                zero     0x2001ef48      0x1  rc522.o [1]
  .bss                zero     0x2001ef49      0x1  rc522.o [1]
  .bss                zero     0x2001ef4a      0x1  usbh_msc_bot.o [1]
  .bss                zero     0x2001ef4b      0x1  usbh_msc_core.o [1]
  .bss                zero     0x2001ef4c      0x1  usbh_msc_core.o [1]
  .bss                zero     0x2001ef4d      0x1  usbh_stdreq.o [1]
  .bss                zero     0x2001ef4e      0x1  usbh_usr.o [1]
  CSTACK                       0x2001ef50    0x800  <Block>
    CSTACK            uninit   0x2001ef50    0x800  <Block tail>
                             - 0x2001f750  0x1f750

Absolute sections:                         0xff000
  .bss                zero     0x68000000  0xf0000  malloc.o [1]
  .bss                zero     0x680f0000   0xf000  malloc.o [1]
                             - 0x680ff000  0xff000


*******************************************************************************
*** INIT TABLE
***

          Address     Size
          -------     ----
Zero (__iar_zero_init3)
    2 destination ranges, total size 0x11dd83:
          0x200001cc  0x1ed83
          0x68000000  0xff000

Copy/packbits (__iar_packbits_init3)
    1 source range, total size 0x11e (62% of destination):
          0x08041f24    0x11e
    1 destination range, total size 0x1cc:
          0x20000000    0x1cc



*******************************************************************************
*** MODULE SUMMARY
***

    Module                    ro code  ro data  rw data    rw data
                                                            (abs)
    ------                    -------  -------  -------    -------
E:\WORK\YarnControl_Driver\YarnControl_Driver\src\stm32f4_rtos\Project\EWARMv7\Flash\Obj: [1]
    SysInfoTest.o                  60                 4
    apptask.o                  18 508    1 800      121
    bsp.o                          76
    bsp_closeSW.o                 212
    bsp_dwt.o                     116
    bsp_led.o                     192
    bsp_relay.o                    68
    bsp_sdio_sd.o               6 744               209
    bsp_sdwe050c17.o            4 696       56       55
    bsp_servomotor.o            1 164       12       20
    bsp_spi.o                     292
    bsp_stepmotor.o               620
    bsp_sw_onoff.o                104
    bsp_tim_pwm.o                 736
    bsp_timer.o                   516                16
    bsp_uart_fifo.o             2 532               241
    bsp_w25qxx.o                  896        9    4 098
    bsp_watchdog.o                  8
    cc936.o                       244  176 320
    demo_fatfs.o                           742       80
    diskio.o                      740
    encoder.o                     884                59
    event_groups.o                610
    ff.o                        8 804       36      562
    heap_4.o                      640        4   71 704
    list.o                        152
    main.o                         44       32
    malloc.o                      540       42   43 548  1 044 480
    mcheck.o                      184      768
    misc.o                        136
    modbus.o                      852                 8
    page_weimi.o                  596        1      307
    para.o                        756       24      152
    port.o                        588        6        9
    portasm.o                     168
    product_cal.o               1 316      400       97
    protocol.o                     68               401
    queue.o                     1 992
    rc522.o                       174                22
    startup_stm32f40_41xxx.o      676
    stm32f4xx_dma.o               796
    stm32f4xx_exti.o              192
    stm32f4xx_gpio.o              300
    stm32f4xx_it.o                 56       44
    stm32f4xx_iwdg.o               16
    stm32f4xx_rcc.o               488       10       16
    stm32f4xx_sdio.o              380
    stm32f4xx_spi.o               116
    stm32f4xx_syscfg.o             84
    stm32f4xx_tim.o             1 648
    stm32f4xx_usart.o             596
    system_stm32f4xx.o            340        3        4
    tasks.o                     3 072        8      364
    timers.o                    1 188        8       56
    usb_bsp.o                     332
    usb_core.o                  2 640
    usb_hcd.o                     214
    usb_hcd_int.o               3 198
    usbh_core.o                 1 888       10       18
    usbh_hcs.o                    442
    usbh_ioreq.o                  582
    usbh_it.o                      16
    usbh_msc_bot.o              1 364                81
    usbh_msc_core.o             1 000       10       94
    usbh_msc_scsi.o             1 560        1      529
    usbh_stdreq.o               1 078               515
    usbh_usr.o                    438      601    3 125
    --------------------------------------------------------------
    Total:                     81 728  180 947  126 515  1 044 480

command line: [2]
    --------------------------------------------------------------
    Total:

dl7M_tlf.a: [3]
    abort.o                         6
    div.o                          14
    exit.o                          4
    localeconv.o                  108       84      136
    printf.o                       36
    putchar.o                      12
    sprintf.o                      52
    strcat.o                       28
    strstr.o                       44
    xfiles.o                                39      144
    xprintffull_nomb.o          3 478
    xprout.o                       22
    xsprout.o                      10
    --------------------------------------------------------------
    Total:                      3 814      123      280

m7M_tls.a: [4]
    DblAdd.o                      232
    DblCmpGe.o                     46
    DblCmpLe.o                     46
    DblDiv.o                      598
    DblMul.o                      418
    DblSub.o                      384
    DblToFlt.o                    144
    DblToI32.o                     88
    FltToDbl.o                     78
    I32ToDbl.o                     48
    fpinit_M.o                     34
    xdnorm.o                       66
    xdscale.o                     276
    --------------------------------------------------------------
    Total:                      2 458

rt7M_tl.a: [5]
    ABImemcpy_unaligned.o         118
    ABImemset.o                   102
    I64DivMod.o                   238
    I64DivZer.o                     2
    cexit.o                        10
    cmain.o                        26
    cstartup_M.o                   12
    data_init.o                    40
    memchr.o                       88
    memcmp_unaligned.o             98
    packbits_init.o               208
    strchr.o                       22
    strcmp_unaligned.o             66
    strcpy_unaligned.o             68
    strlen.o                       54
    zero_init3.o                   64
    --------------------------------------------------------------
    Total:                      1 216

shb_l.a: [6]
    exit.o                         20
    --------------------------------------------------------------
    Total:                         20

    Gaps                           40        4        4
    Linker created                          52    2 048
------------------------------------------------------------------
    Grand Total:               89 276  181 126  128 847  1 044 480


*******************************************************************************
*** ENTRY LIST
***

Entry                      Address     Size  Type      Object
-----                      -------     ----  ----      ------
.iar.init_table$$Base   0x080414d8            --   Gb  - Linker created -
.iar.init_table$$Limit  0x0804150c            --   Gb  - Linker created -
?main                   0x08041811           Code  Gb  cmain.o [5]
APBAHBPrescTable        0x20000190     0x10  Data  Lc  stm32f4xx_rcc.o [1]
AppObjCreate            0x0802ed59    0x184  Code  Gb  apptask.o [1]
AppTaskCreate           0x0802ebbd    0x16c  Code  Gb  apptask.o [1]
BOTStallErrorCount      0x2001ef04      0x4  Data  Lc  usbh_msc_bot.o [1]
BusFault_Handler        0x08041237      0x2  Code  Gb  stm32f4xx_it.o [1]
CID_Tab                 0x2001ed78     0x10  Data  Lc  bsp_sdio_sd.o [1]
CRC16HiTable            0x08040aec    0x100  Data  Gb  mcheck.o [1]
CRC16LoTable            0x08040bec    0x100  Data  Gb  mcheck.o [1]
CRC8Table               0x08040cec    0x100  Data  Gb  mcheck.o [1]
CSD_Tab                 0x2001ed68     0x10  Data  Lc  bsp_sdio_sd.o [1]
CSTACK$$Base            0x2001ef50            --   Gb  - Linker created -
CSTACK$$Limit           0x2001f750            --   Gb  - Linker created -
CardType                0x2001ee68      0x4  Data  Lc  bsp_sdio_sd.o [1]
CmdError                0x0803d201     0x38  Code  Lc  bsp_sdio_sd.o [1]
CmdResp1Error           0x0803d2a5    0x112  Code  Lc  bsp_sdio_sd.o [1]
CmdResp2Error           0x0803d3f5     0x52  Code  Lc  bsp_sdio_sd.o [1]
CmdResp3Error           0x0803d3b7     0x3e  Code  Lc  bsp_sdio_sd.o [1]
CmdResp6Error           0x0803d447     0xa6  Code  Lc  bsp_sdio_sd.o [1]
CmdResp7Error           0x0803d239     0x58  Code  Lc  bsp_sdio_sd.o [1]
ConfigExitNVIC          0x08040e57     0x22  Code  Gb  bsp_closeSW.o [1]
ConfigUartNVIC          0x0803841b     0x7c  Code  Lc  bsp_uart_fifo.o [1]
DIFF_G_init             0x08032c9d     0x78  Code  Gb  bsp_servomotor.o [1]
DMA1_Stream0_IRQHandler
                        0x08033011     0x1c  Code  Gb  bsp_servomotor.o [1]
DMA1_Stream3_IRQHandler
                        0x0803302d     0x1c  Code  Gb  bsp_servomotor.o [1]
DMA2_Stream3_IRQHandler
                        0x0803dae9      0x8  Code  Gb  bsp_sdio_sd.o [1]
DMAEndOfTransfer        0x2001ee78      0x4  Data  Gb  bsp_sdio_sd.o [1]
DMA_ClearFlag           0x08039def     0x24  Code  Gb  stm32f4xx_dma.o [1]
DMA_Cmd                 0x08039da5     0x1a  Code  Gb  stm32f4xx_dma.o [1]
DMA_DeInit              0x08039c0d    0x140  Code  Gb  stm32f4xx_dma.o [1]
DMA_FlowControllerConfig
                        0x08039dbf     0x18  Code  Gb  stm32f4xx_dma.o [1]
DMA_GetCmdStatus        0x08039dd7     0x18  Code  Gb  stm32f4xx_dma.o [1]
DMA_GetITStatus         0x08039e55     0x62  Code  Gb  stm32f4xx_dma.o [1]
DMA_ITConfig            0x08039e13     0x42  Code  Gb  stm32f4xx_dma.o [1]
DMA_Init                0x08039d4d     0x58  Code  Gb  stm32f4xx_dma.o [1]
DebugMon_Handler        0x0804123b      0x2  Code  Gb  stm32f4xx_it.o [1]
DiskFile_init           0x08036169     0x40  Code  Gb  protocol.o [1]
Disk_File               0x2001e8d4     0x70  Data  Gb  protocol.o [1]
EXTI9_5_IRQHandler      0x08040e79     0x3c  Code  Gb  bsp_closeSW.o [1]
EXTI_ClearITPendingBit  0x08040fb7      0x6  Code  Gb  stm32f4xx_exti.o [1]
EXTI_GetITStatus        0x08040f9d     0x1a  Code  Gb  stm32f4xx_exti.o [1]
EXTI_Init               0x08040f15     0x88  Code  Gb  stm32f4xx_exti.o [1]
Encoder_Cap_Init        0x08036bc5     0xbc  Code  Gb  encoder.o [1]
FR_Table                0x20000088     0x50  Data  Gb  demo_fatfs.o [1]
FatFs                   0x2001edd0      0xc  Data  Lc  ff.o [1]
File_info               0x2001ea68     0x50  Data  Gb  protocol.o [1]
Files                   0x2001ec2c     0x24  Data  Lc  ff.o [1]
FindSCR                 0x0803d695    0x206  Code  Lc  bsp_sdio_sd.o [1]
Freq                    0x2001ebdc     0x28  Data  Gb  encoder.o [1]
Freq_Sample             0x08036c81     0xc2  Code  Gb  encoder.o [1]
Freq_ptr1               0x2001ef3d      0x1  Data  Gb  encoder.o [1]
Freq_ptr2               0x2001ef3e      0x1  Data  Gb  encoder.o [1]
Freq_value              0x2001ee90      0x4  Data  Gb  encoder.o [1]
Fsid                    0x2001ef26      0x2  Data  Lc  ff.o [1]
GPIO_Init               0x080361bd     0xaa  Code  Gb  stm32f4xx_gpio.o [1]
GPIO_PinAFConfig        0x0803628f     0x5a  Code  Gb  stm32f4xx_gpio.o [1]
GPIO_ReadInputDataBit   0x08036267     0x1a  Code  Gb  stm32f4xx_gpio.o [1]
GPIO_WriteBit           0x08036281      0xe  Code  Gb  stm32f4xx_gpio.o [1]
GetDeviceState          0x08036135     0x2e  Code  Gb  bsp_sw_onoff.o [1]
HCD_GetCurrentFrame     0x0803a18d      0x8  Code  Gb  usb_hcd.o [1]
HCD_GetCurrentSpeed     0x0803a16f     0x10  Code  Gb  usb_hcd.o [1]
HCD_GetURB_State        0x0803a195      0xa  Code  Gb  usb_hcd.o [1]
HCD_GetXferCnt          0x0803a19f      0xc  Code  Gb  usb_hcd.o [1]
HCD_Init                0x0803a0fd     0x72  Code  Gb  usb_hcd.o [1]
HCD_ResetPort           0x0803a17f      0xe  Code  Gb  usb_hcd.o [1]
HCD_SubmitRequest       0x0803a1ab     0x28  Code  Gb  usb_hcd.o [1]
HardFault_Handler       0x08041207     0x22  Code  Gb  stm32f4xx_it.o [1]
IWDG_Feed               0x08037895      0x8  Code  Gb  bsp_watchdog.o [1]
IWDG_ReloadCounter      0x0803aec5      0xa  Code  Gb  stm32f4xx_iwdg.o [1]
InStream_Read           0x08040fd5     0x22  Code  Lc  packbits_init.o [5]
InitHardUart            0x08038059    0x3c2  Code  Lc  bsp_uart_fifo.o [1]
Init_JINGSHA_GUI        0x080306d3    0x122  Code  Gb  bsp_sdwe050c17.o [1]
LfnBuf                  0x2001df24    0x200  Data  Lc  ff.o [1]
LfnOfs                  0x08041b5c     0x10  Data  Lc  ff.o [1]
LoadInt                 0x08039281     0x6e  Code  Lc  xprintffull_nomb.o [3]
MSCErrorCount           0x2001ef4b      0x1  Data  Gb  usbh_msc_core.o [1]
MSC_Machine             0x2001eb08     0x4c  Data  Gb  usbh_msc_core.o [1]
MSG_DEV_ATTACHED        0x080419a4     0x18  Data  Gb  usbh_usr.o [1]
MSG_DEV_DISCONNECTED    0x080419bc     0x18  Data  Gb  usbh_usr.o [1]
MSG_DEV_ENUMERATED      0x080417bc     0x1c  Data  Gb  usbh_usr.o [1]
MSG_DEV_ERROR           0x08041a98     0x14  Data  Gb  usbh_usr.o [1]
MSG_DEV_FULLSPEED       0x0804162c     0x20  Data  Gb  usbh_usr.o [1]
MSG_DEV_HIGHSPEED       0x0804160c     0x20  Data  Gb  usbh_usr.o [1]
MSG_DEV_LOWSPEED        0x0804164c     0x20  Data  Gb  usbh_usr.o [1]
MSG_HID_CLASS           0x080417d8     0x1c  Data  Gb  usbh_usr.o [1]
MSG_MSC_CLASS           0x08041490     0x24  Data  Gb  usbh_usr.o [1]
MSG_UNREC_ERROR         0x080417f4     0x1c  Data  Gb  usbh_usr.o [1]
MemManage_Handler       0x08041235      0x2  Code  Gb  stm32f4xx_it.o [1]
MotorProcess            0x2001ecb4     0x14  Data  Gb  page_weimi.o [1]
MotorStepCount          0x08036f39     0x62  Code  Gb  page_weimi.o [1]
NMI_Handler             0x08041205      0x2  Code  Gb  stm32f4xx_it.o [1]
NVIC_Init               0x08039f33     0x6a  Code  Gb  misc.o [1]
NVIC_PriorityGroupConfig
                        0x08039f29      0xa  Code  Gb  misc.o [1]
OTG_FS_IRQHandler       0x08041bbd     0x10  Code  Gb  usbh_it.o [1]
PendSV_Handler          0x0803aed5           Code  Gb  portasm.o [1]
RCA                     0x2001ee6c      0x4  Data  Lc  bsp_sdio_sd.o [1]
RCC_AHB1PeriphClockCmd  0x08037f03     0x22  Code  Gb  stm32f4xx_rcc.o [1]
RCC_AHB2PeriphClockCmd  0x08037f25     0x1e  Code  Gb  stm32f4xx_rcc.o [1]
RCC_APB1PeriphClockCmd  0x08037f43     0x1e  Code  Gb  stm32f4xx_rcc.o [1]
RCC_APB1PeriphResetCmd  0x08037f7f     0x1e  Code  Gb  stm32f4xx_rcc.o [1]
RCC_APB2PeriphClockCmd  0x08037f61     0x1e  Code  Gb  stm32f4xx_rcc.o [1]
RCC_APB2PeriphResetCmd  0x08037f9d     0x1e  Code  Gb  stm32f4xx_rcc.o [1]
RCC_GetClocksFreq       0x08037e01    0x102  Code  Gb  stm32f4xx_rcc.o [1]
RS485_InitTXE           0x08038025     0x34  Code  Gb  bsp_uart_fifo.o [1]
RS485_sendbuf           0x08038865     0x3c  Code  Gb  bsp_uart_fifo.o [1]
ReadValue1              0x2001ef1e      0x2  Data  Gb  encoder.o [1]
ReadValue2              0x2001ef20      0x2  Data  Gb  encoder.o [1]
Region$$Table$$Base     0x080414d8            --   Gb  - Linker created -
Region$$Table$$Limit    0x0804150c            --   Gb  - Linker created -
SDCardInfo              0x2001ea10     0x58  Data  Gb  bsp_sdio_sd.o [1]
SDEnWideBus             0x0803d4f9    0x198  Code  Lc  bsp_sdio_sd.o [1]
SDIO_ClearFlag          0x0803e775      0x6  Code  Gb  stm32f4xx_sdio.o [1]
SDIO_ClearITPendingBit  0x0803e795      0x6  Code  Gb  stm32f4xx_sdio.o [1]
SDIO_ClockCmd           0x0803e6a3      0x8  Code  Gb  stm32f4xx_sdio.o [1]
SDIO_CmdInitStructure   0x2001eca0     0x14  Data  Gb  bsp_sdio_sd.o [1]
SDIO_DMACmd             0x0803e735      0x8  Code  Gb  stm32f4xx_sdio.o [1]
SDIO_DataConfig         0x0803e701     0x2e  Code  Gb  stm32f4xx_sdio.o [1]
SDIO_DataInitStructure  0x2001ec88     0x18  Data  Gb  bsp_sdio_sd.o [1]
SDIO_DeInit             0x0803e661     0x18  Code  Gb  stm32f4xx_sdio.o [1]
SDIO_GetCommandResponse
                        0x0803e6e3      0x8  Code  Gb  stm32f4xx_sdio.o [1]
SDIO_GetFlagStatus      0x0803e75b     0x1a  Code  Gb  stm32f4xx_sdio.o [1]
SDIO_GetITStatus        0x0803e77b     0x1a  Code  Gb  stm32f4xx_sdio.o [1]
SDIO_GetPowerState      0x0803e6b1      0xa  Code  Gb  stm32f4xx_sdio.o [1]
SDIO_GetResponse        0x0803e6eb     0x16  Code  Gb  stm32f4xx_sdio.o [1]
SDIO_IRQHandler         0x0803dae1      0x8  Code  Gb  bsp_sdio_sd.o [1]
SDIO_ITConfig           0x0803e73d     0x1e  Code  Gb  stm32f4xx_sdio.o [1]
SDIO_Init               0x0803e679     0x2a  Code  Gb  stm32f4xx_sdio.o [1]
SDIO_InitStructure      0x2001ec70     0x18  Data  Gb  bsp_sdio_sd.o [1]
SDIO_Interrupts_Config  0x0803daa5     0x3c  Code  Gb  bsp_sdio_sd.o [1]
SDIO_ReadData           0x0803e72f      0x6  Code  Gb  stm32f4xx_sdio.o [1]
SDIO_SendCommand        0x0803e6bb     0x28  Code  Gb  stm32f4xx_sdio.o [1]
SDIO_SetPowerState      0x0803e6ab      0x6  Code  Gb  stm32f4xx_sdio.o [1]
SDWE_WARNNING           0x08030965     0x2a  Code  Gb  bsp_sdwe050c17.o [1]
SD_Detect               0x0803c19d     0x22  Code  Gb  bsp_sdio_sd.o [1]
SD_EnableWideBusOperation
                        0x0803c999     0xc8  Code  Gb  bsp_sdio_sd.o [1]
SD_GetCardInfo          0x0803c5ad    0x3ec  Code  Gb  bsp_sdio_sd.o [1]
SD_GetState             0x0803c173     0x2a  Code  Gb  bsp_sdio_sd.o [1]
SD_GetStatus            0x0803c151     0x22  Code  Gb  bsp_sdio_sd.o [1]
SD_Init                 0x0803c099     0xb8  Code  Gb  bsp_sdio_sd.o [1]
SD_InitializeCards      0x0803c40b    0x1a2  Code  Gb  bsp_sdio_sd.o [1]
SD_LowLevel_DMA_RxConfig
                        0x0803d9ef     0x8e  Code  Gb  bsp_sdio_sd.o [1]
SD_LowLevel_DMA_TxConfig
                        0x0803d961     0x8e  Code  Gb  bsp_sdio_sd.o [1]
SD_LowLevel_Init        0x0803d89d     0xbc  Code  Gb  bsp_sdio_sd.o [1]
SD_PowerON              0x0803c1bf    0x24c  Code  Gb  bsp_sdio_sd.o [1]
SD_ProcessDMAIRQ        0x0803d1dd     0x22  Code  Gb  bsp_sdio_sd.o [1]
SD_ProcessIRQSrc        0x0803d12f     0xae  Code  Gb  bsp_sdio_sd.o [1]
SD_ReadBlock            0x0803ca99    0x108  Code  Gb  bsp_sdio_sd.o [1]
SD_ReadMultiBlocks      0x0803cba1    0x134  Code  Gb  bsp_sdio_sd.o [1]
SD_SelectDeselect       0x0803ca61     0x38  Code  Gb  bsp_sdio_sd.o [1]
SD_SendStatus           0x0803d0c1     0x6e  Code  Gb  bsp_sdio_sd.o [1]
SD_StopTransfer         0x0803d079     0x44  Code  Gb  bsp_sdio_sd.o [1]
SD_WaitReadOperation    0x0803ccd9     0x96  Code  Gb  bsp_sdio_sd.o [1]
SD_WriteBlock           0x0803cd79    0x11e  Code  Gb  bsp_sdio_sd.o [1]
SD_WriteMultiBlocks     0x0803cea5    0x1cc  Code  Gb  bsp_sdio_sd.o [1]
SPI1_Init               0x08038bd1     0xc0  Code  Gb  bsp_spi.o [1]
SPI1_ReadWriteByte      0x08038cb9     0x32  Code  Gb  bsp_spi.o [1]
SPI1_SetSpeed           0x08038c91     0x28  Code  Gb  bsp_spi.o [1]
SPI_Cmd                 0x0803b211     0x1c  Code  Gb  stm32f4xx_spi.o [1]
SPI_I2S_GetFlagStatus   0x0803b22d     0x18  Code  Gb  stm32f4xx_spi.o [1]
SPI_Init                0x0803b1d1     0x40  Code  Gb  stm32f4xx_spi.o [1]
SRC_Buffer              0x2000017c     0x14  Data  Gb  bsp_servomotor.o [1]
SVC_Handler             0x0803af2d           Code  Gb  portasm.o [1]
SYSCFG_EXTILineConfig   0x08040ec1     0x50  Code  Gb  stm32f4xx_syscfg.o [1]
Sdwe_ClearReadDisk      0x08030a3b     0x1c  Code  Gb  bsp_sdwe050c17.o [1]
Sdwe_change_class_time  0x08030ea7     0x30  Code  Gb  bsp_sdwe050c17.o [1]
Sdwe_clearString        0x0803098f     0x54  Code  Gb  bsp_sdwe050c17.o [1]
Sdwe_clear_filename     0x08030a87     0x2a  Code  Gb  bsp_sdwe050c17.o [1]
Sdwe_disDigi            0x0803083f     0xa4  Code  Gb  bsp_sdwe050c17.o [1]
Sdwe_disPicture         0x080307f5     0x4a  Code  Gb  bsp_sdwe050c17.o [1]
Sdwe_disString          0x080308e3     0x82  Code  Gb  bsp_sdwe050c17.o [1]
Sdwe_hidden_page        0x08030f3f     0x30  Code  Gb  bsp_sdwe050c17.o [1]
Sdwe_peiliao_page       0x08030db1     0xf6  Code  Gb  bsp_sdwe050c17.o [1]
Sdwe_period_page        0x08030ed7     0x68  Code  Gb  bsp_sdwe050c17.o [1]
Sdwe_product_page       0x08030c2f    0x182  Code  Gb  bsp_sdwe050c17.o [1]
Sdwe_readRTC            0x08030a57     0x30  Code  Gb  bsp_sdwe050c17.o [1]
Sdwe_refresh_allname    0x08030be7     0x48  Code  Gb  bsp_sdwe050c17.o [1]
Sdwe_refresh_filename   0x08030ab1    0x136  Code  Gb  bsp_sdwe050c17.o [1]
Sdwe_stop_page          0x08030f6f    0x36a  Code  Gb  bsp_sdwe050c17.o [1]
Sdwe_writeIcon          0x080309e3     0x58  Code  Gb  bsp_sdwe050c17.o [1]
ServoMotorRunning       0x08032fef     0x22  Code  Gb  bsp_servomotor.o [1]
SetSysClock             0x080409eb     0xce  Code  Lc  system_stm32f4xx.o [1]
SlavePara               0x2001e704     0xa4  Data  Gb  protocol.o [1]
StepMotor_adjust_speed  0x08036b23     0x36  Code  Gb  bsp_stepmotor.o [1]
StepMotor_start         0x08036b85     0x2c  Code  Gb  bsp_stepmotor.o [1]
StepMotor_stop          0x08036b59     0x2c  Code  Gb  bsp_stepmotor.o [1]
StopCondition           0x2001ee70      0x4  Data  Gb  bsp_sdio_sd.o [1]
SysTick_Handler         0x08037a23     0x2c  Code  Gb  port.o [1]
SystemCoreClock         0x200001c0      0x4  Data  Gb  system_stm32f4xx.o [1]
SystemInit              0x08040999     0x52  Code  Gb  system_stm32f4xx.o [1]
TI1_Config              0x0803685d     0x38  Code  Lc  stm32f4xx_tim.o [1]
TI2_Config              0x08036895     0x42  Code  Lc  stm32f4xx_tim.o [1]
TI3_Config              0x080368d7     0x40  Code  Lc  stm32f4xx_tim.o [1]
TI4_Config              0x08036917     0x42  Code  Lc  stm32f4xx_tim.o [1]
TIM1_PWM_SETPMOTOR      0x08036ab5     0x6e  Code  Gb  bsp_stepmotor.o [1]
TIM2_IRQHandler         0x08038b0d     0xac  Code  Gb  bsp_timer.o [1]
TIM3CH2_CAPTURE_STA     0x2001ef3c      0x1  Data  Gb  encoder.o [1]
TIM3CH2_CAPTURE_VAL     0x2001ee8c      0x4  Data  Gb  encoder.o [1]
TIM3_IRQHandler         0x08036e31     0xc0  Code  Gb  encoder.o [1]
TIM3_PWM_SETPMOTOR      0x08036a4d     0x68  Code  Gb  bsp_stepmotor.o [1]
TIM4_CH1_ConfigPwmOut   0x08032be5     0x1c  Code  Gb  bsp_servomotor.o [1]
TIM4_CH1_GPIO_Configuration
                        0x08032c5b     0x42  Code  Gb  bsp_servomotor.o [1]
TIM4_CH1_PWMDMA_Config  0x08032ddb     0xb0  Code  Gb  bsp_servomotor.o [1]
TIM4_CH1_StartPwmOut    0x08032c01     0x2c  Code  Gb  bsp_servomotor.o [1]
TIM4_CH1_StopPwmOut     0x08032c2d     0x2e  Code  Gb  bsp_servomotor.o [1]
TIM4_CH2_ConfigPwmOut   0x08032e8b     0x1c  Code  Gb  bsp_servomotor.o [1]
TIM4_CH2_GPIO_Configuration
                        0x08032f01     0x3e  Code  Gb  bsp_servomotor.o [1]
TIM4_CH2_PWMDMA_Config  0x08032f3f     0xb0  Code  Gb  bsp_servomotor.o [1]
TIM4_CH2_StartPwmOut    0x08032ea7     0x2c  Code  Gb  bsp_servomotor.o [1]
TIM4_CH2_StopPwmOut     0x08032ed3     0x2e  Code  Gb  bsp_servomotor.o [1]
TIM4_PWM_Config         0x08032d15     0xc6  Code  Gb  bsp_servomotor.o [1]
TIM6_DAC_IRQHandler     0x080411a3     0x22  Code  Gb  SysInfoTest.o [1]
TIM8_CC_IRQHandler      0x08036d43     0xee  Code  Gb  encoder.o [1]
TIM_ARRPreloadConfig    0x080364cf     0x1c  Code  Gb  stm32f4xx_tim.o [1]
TIM_CallBack1           0x0802eeed     0x44  Code  Gb  apptask.o [1]
TIM_ClearITPendingBit   0x0803683f      0x8  Code  Gb  stm32f4xx_tim.o [1]
TIM_Cmd                 0x080364eb     0x1c  Code  Gb  stm32f4xx_tim.o [1]
TIM_CtrlPWMOutputs      0x080367d5     0x22  Code  Gb  stm32f4xx_tim.o [1]
TIM_DMACmd              0x08036847     0x16  Code  Gb  stm32f4xx_tim.o [1]
TIM_DeInit              0x080362e9    0x17c  Code  Gb  stm32f4xx_tim.o [1]
TIM_GetITStatus         0x0803680d     0x32  Code  Gb  stm32f4xx_tim.o [1]
TIM_ICInit              0x08036719     0x70  Code  Gb  stm32f4xx_tim.o [1]
TIM_ITConfig            0x080367f7     0x16  Code  Gb  stm32f4xx_tim.o [1]
TIM_OC1Init             0x08036507     0x7e  Code  Gb  stm32f4xx_tim.o [1]
TIM_OC2Init             0x08036585     0x8c  Code  Gb  stm32f4xx_tim.o [1]
TIM_OC2PreloadConfig    0x080366f3     0x14  Code  Gb  stm32f4xx_tim.o [1]
TIM_OC3Init             0x08036611     0x8a  Code  Gb  stm32f4xx_tim.o [1]
TIM_OC3PreloadConfig    0x08036707     0x12  Code  Gb  stm32f4xx_tim.o [1]
TIM_OCStructInit        0x080366d1     0x22  Code  Gb  stm32f4xx_tim.o [1]
TIM_SetIC1Prescaler     0x08036789     0x12  Code  Gb  stm32f4xx_tim.o [1]
TIM_SetIC2Prescaler     0x0803679b     0x14  Code  Gb  stm32f4xx_tim.o [1]
TIM_SetIC3Prescaler     0x080367af     0x12  Code  Gb  stm32f4xx_tim.o [1]
TIM_SetIC4Prescaler     0x080367c1     0x14  Code  Gb  stm32f4xx_tim.o [1]
TIM_TimeBaseInit        0x08036465     0x6a  Code  Gb  stm32f4xx_tim.o [1]
Task_iwdg_refresh       0x0802f143     0x56  Code  Gb  apptask.o [1]
TransferEnd             0x2001ee74      0x4  Data  Gb  bsp_sdio_sd.o [1]
TransferError           0x2001ef39      0x1  Data  Gb  bsp_sdio_sd.o [1]
UART1ToPC               0x08038805     0x30  Code  Gb  bsp_uart_fifo.o [1]
UART2ToPC               0x08038835     0x30  Code  Gb  bsp_uart_fifo.o [1]
UART2_RX_BUF            0x2001e9a8     0x64  Data  Gb  bsp_uart_fifo.o [1]
UART3ToPC               0x080388a1     0x30  Code  Gb  bsp_uart_fifo.o [1]
UART4ToPC               0x080388d1     0x30  Code  Gb  bsp_uart_fifo.o [1]
UART4_IRQHandler        0x08038717     0x84  Code  Gb  bsp_uart_fifo.o [1]
UART4_RX_BUF            0x2001e944     0x64  Data  Gb  bsp_uart_fifo.o [1]
UART5ToPC               0x08038901     0x30  Code  Gb  bsp_uart_fifo.o [1]
UART5_IRQHandler        0x0803879b     0x6a  Code  Gb  bsp_uart_fifo.o [1]
USART1_IRQHandler       0x08038687     0x1e  Code  Gb  bsp_uart_fifo.o [1]
USART2_IRQHandler       0x080386a5     0x68  Code  Gb  bsp_uart_fifo.o [1]
USART3_IRQHandler       0x0803870d      0xa  Code  Gb  bsp_uart_fifo.o [1]
USART_ClearFlag         0x0803b12f      0xc  Code  Gb  stm32f4xx_usart.o [1]
USART_ClearITPendingBit
                        0x0803b1ab     0x26  Code  Gb  stm32f4xx_usart.o [1]
USART_Cmd               0x0803b079     0x1c  Code  Gb  stm32f4xx_usart.o [1]
USART_DMACmd            0x0803b0a5     0x16  Code  Gb  stm32f4xx_usart.o [1]
USART_GetFlagStatus     0x0803b111     0x1e  Code  Gb  stm32f4xx_usart.o [1]
USART_GetITStatus       0x0803b13b     0x70  Code  Gb  stm32f4xx_usart.o [1]
USART_ITConfig          0x0803b0bb     0x56  Code  Gb  stm32f4xx_usart.o [1]
USART_Init              0x0803af7d     0xee  Code  Gb  stm32f4xx_usart.o [1]
USART_ReceiveData       0x0803b09d      0x8  Code  Gb  stm32f4xx_usart.o [1]
USART_SendData          0x0803b095      0x8  Code  Gb  stm32f4xx_usart.o [1]
USBH_Alloc_Channel      0x0803a2ed     0x2e  Code  Gb  usbh_hcs.o [1]
USBH_BulkReceiveData    0x0803a991     0x62  Code  Gb  usbh_ioreq.o [1]
USBH_BulkSendData       0x0803a92f     0x62  Code  Gb  usbh_ioreq.o [1]
USBH_CfgDesc            0x2001e324    0x200  Data  Gb  usbh_stdreq.o [1]
USBH_ClrFeature         0x0803a537     0x4c  Code  Gb  usbh_stdreq.o [1]
USBH_Connected          0x08033229      0xc  Code  Gb  usbh_core.o [1]
USBH_CtlReceiveData     0x0803a8e9     0x46  Code  Gb  usbh_ioreq.o [1]
USBH_CtlReq             0x0803a7c3     0x6e  Code  Gb  usbh_ioreq.o [1]
USBH_CtlSendData        0x0803a875     0x74  Code  Gb  usbh_ioreq.o [1]
USBH_CtlSendSetup       0x0803a831     0x44  Code  Gb  usbh_ioreq.o [1]
USBH_DataInBuffer       0x2001e124    0x200  Data  Gb  usbh_msc_scsi.o [1]
USBH_DeAllocate_AllChannel
                        0x0803a33f     0x20  Code  Gb  usbh_hcs.o [1]
USBH_DeInit             0x0803328f     0x3e  Code  Gb  usbh_core.o [1]
USBH_Disconnected       0x08033235      0xc  Code  Gb  usbh_core.o [1]
USBH_ErrorHandle        0x0803349f     0x34  Code  Gb  usbh_core.o [1]
USBH_Free_Channel       0x0803a31b     0x24  Code  Gb  usbh_hcs.o [1]
USBH_GetDescriptor      0x0803a497     0x4e  Code  Gb  usbh_stdreq.o [1]
USBH_GetFreeChannel     0x0803a35f     0x2e  Code  Lc  usbh_hcs.o [1]
USBH_GetNextDesc        0x0803a7ab     0x18  Code  Gb  usbh_stdreq.o [1]
USBH_Get_CfgDesc        0x0803a3d3     0x78  Code  Gb  usbh_stdreq.o [1]
USBH_Get_DevDesc        0x0803a38d     0x46  Code  Gb  usbh_stdreq.o [1]
USBH_Get_StringDesc     0x0803a44b     0x4c  Code  Gb  usbh_stdreq.o [1]
USBH_HCD_INT_cb         0x200001b0      0xc  Data  Gb  usbh_core.o [1]
USBH_HCD_INT_fops       0x200001c4      0x4  Data  Gb  usbh_core.o [1]
USBH_HandleControl      0x080336e7    0x29a  Code  Gb  usbh_core.o [1]
USBH_HandleEnum         0x080334d3    0x214  Code  Lc  usbh_core.o [1]
USBH_Init               0x08033247     0x48  Code  Gb  usbh_core.o [1]
USBH_MSC_BOTReset       0x0803f7a1     0x28  Code  Lc  usbh_msc_core.o [1]
USBH_MSC_BOTXferParam   0x2001ed98     0x10  Data  Gb  usbh_msc_bot.o [1]
USBH_MSC_BOT_Abort      0x0803e551     0x5c  Code  Gb  usbh_msc_bot.o [1]
USBH_MSC_CBWData        0x2001ec50     0x20  Data  Gb  usbh_msc_bot.o [1]
USBH_MSC_CSWData        0x2001ed88     0x10  Data  Gb  usbh_msc_bot.o [1]
USBH_MSC_ClassRequest   0x0803f58f     0x12  Code  Lc  usbh_msc_core.o [1]
USBH_MSC_DecodeCSW      0x0803e5ad     0x7a  Code  Gb  usbh_msc_bot.o [1]
USBH_MSC_ErrorHandle    0x0803f7f1     0x3e  Code  Gb  usbh_msc_core.o [1]
USBH_MSC_GETMaxLUN      0x0803f7c9     0x28  Code  Lc  usbh_msc_core.o [1]
USBH_MSC_Handle         0x0803f5a1    0x200  Code  Lc  usbh_msc_core.o [1]
USBH_MSC_HandleBOTXfer  0x0803e14d    0x404  Code  Gb  usbh_msc_bot.o [1]
USBH_MSC_Init           0x0803e109     0x44  Code  Gb  usbh_msc_bot.o [1]
USBH_MSC_InterfaceDeInit
                        0x0803f543     0x4c  Code  Lc  usbh_msc_core.o [1]
USBH_MSC_InterfaceInit  0x0803f45d     0xe6  Code  Lc  usbh_msc_core.o [1]
USBH_MSC_ModeSense6     0x0803dd03    0x10c  Code  Gb  usbh_msc_scsi.o [1]
USBH_MSC_Param          0x2001eda8     0x10  Data  Gb  usbh_msc_scsi.o [1]
USBH_MSC_Read10         0x0803dfe9    0x106  Code  Gb  usbh_msc_scsi.o [1]
USBH_MSC_ReadCapacity10
                        0x0803dbd9    0x12a  Code  Gb  usbh_msc_scsi.o [1]
USBH_MSC_RequestSense   0x0803de0f     0xee  Code  Gb  usbh_msc_scsi.o [1]
USBH_MSC_TestUnitReady  0x0803daf1     0xe8  Code  Gb  usbh_msc_scsi.o [1]
USBH_MSC_Write10        0x0803defd     0xec  Code  Gb  usbh_msc_scsi.o [1]
USBH_MSC_cb             0x200001a0     0x10  Data  Gb  usbh_msc_core.o [1]
USBH_Modify_Channel     0x0803a279     0x74  Code  Gb  usbh_hcs.o [1]
USBH_OTG_ISR_Handler    0x0803e7dd     0xb8  Code  Gb  usb_hcd_int.o [1]
USBH_Open_Channel       0x0803a1d3     0xa6  Code  Gb  usbh_hcs.o [1]
USBH_ParseCfgDesc       0x0803a5df    0x13c  Code  Lc  usbh_stdreq.o [1]
USBH_ParseDevDesc       0x0803a583     0x5c  Code  Lc  usbh_stdreq.o [1]
USBH_ParseEPDesc        0x0803a74f     0x20  Code  Lc  usbh_stdreq.o [1]
USBH_ParseInterfaceDesc
                        0x0803a729     0x26  Code  Lc  usbh_stdreq.o [1]
USBH_ParseStringDesc    0x0803a76f     0x3c  Code  Lc  usbh_stdreq.o [1]
USBH_Process            0x080332cd    0x1d2  Code  Gb  usbh_core.o [1]
USBH_SOF                0x08033241      0x6  Code  Gb  usbh_core.o [1]
USBH_SetAddress         0x0803a4e5     0x2a  Code  Gb  usbh_stdreq.o [1]
USBH_SetCfg             0x0803a50f     0x28  Code  Gb  usbh_stdreq.o [1]
USBH_SubmitSetupRequest
                        0x0803a9f3     0x16  Code  Lc  usbh_ioreq.o [1]
USBH_USR_Configuration_DescAvailable
                        0x08033131     0x26  Code  Gb  usbh_usr.o [1]
USBH_USR_DeInit         0x08033225      0x2  Code  Gb  usbh_usr.o [1]
USBH_USR_DeviceAddressAssigned
                        0x0803312f      0x2  Code  Gb  usbh_usr.o [1]
USBH_USR_DeviceAttached
                        0x080330a9      0xa  Code  Gb  usbh_usr.o [1]
USBH_USR_DeviceDisconnected
                        0x080330bd     0x1a  Code  Gb  usbh_usr.o [1]
USBH_USR_DeviceNotSupported
                        0x0803319b      0xa  Code  Gb  usbh_usr.o [1]
USBH_USR_DeviceSpeedDetected
                        0x080330e1     0x36  Code  Gb  usbh_usr.o [1]
USBH_USR_Device_DescAvailable
                        0x08033117     0x18  Code  Gb  usbh_usr.o [1]
USBH_USR_EnumerationDone
                        0x08033181     0x1a  Code  Gb  usbh_usr.o [1]
USBH_USR_Init           0x08033085     0x24  Code  Gb  usbh_usr.o [1]
USBH_USR_MSC_Application
                        0x08033221      0x4  Code  Gb  usbh_usr.o [1]
USBH_USR_Manufacturer_String
                        0x08033157      0xe  Code  Gb  usbh_usr.o [1]
USBH_USR_OverCurrentDetected
                        0x080331a9      0xa  Code  Gb  usbh_usr.o [1]
USBH_USR_Product_String
                        0x08033165      0xe  Code  Gb  usbh_usr.o [1]
USBH_USR_ResetDevice    0x080330d7      0xa  Code  Gb  usbh_usr.o [1]
USBH_USR_SerialNum_String
                        0x08033173      0xe  Code  Gb  usbh_usr.o [1]
USBH_USR_UnrecoveredError
[...]
f_opendir               0x08035ab5     0xb2  Code  Gb  ff.o [1]
f_readdir               0x08035b67     0x74  Code  Gb  ff.o [1]
f_sync                  0x080359c7     0xb6  Code  Gb  ff.o [1]
f_write                 0x08035735    0x292  Code  Gb  ff.o [1]
ff_convert              0x0803aced     0x80  Code  Gb  cc936.o [1]
ff_wtoupper             0x0803ad6d     0x64  Code  Gb  cc936.o [1]
file_select             0x2001ede8      0xc  Data  Gb  protocol.o [1]
final_per_meter         0x08031a75     0x1a  Code  Gb  product_cal.o [1]
find_volume             0x08035021    0x45a  Code  Lc  ff.o [1]
fit_lfn                 0x0803455b     0x88  Code  Lc  ff.o [1]
follow_path             0x08034ebb     0x90  Code  Lc  ff.o [1]
fputc                   0x08038931     0x22  Code  Gb  bsp_uart_fifo.o [1]
from_speed_step         0x080370bd     0x4a  Code  Gb  page_weimi.o [1]
g_tUart3                0x2001ebb4     0x28  Data  Gb  bsp_uart_fifo.o [1]
gen_numname             0x080345e9     0xec  Code  Lc  ff.o [1]
get_card_type           0x08031beb     0xe4  Code  Gb  product_cal.o [1]
get_class_time          0x08031af3     0x7a  Code  Gb  product_cal.o [1]
get_fat                 0x08033daf    0x11c  Code  Gb  ff.o [1]
get_fattime             0x0803acd3      0x4  Code  Gb  diskio.o [1]
get_fileinfo            0x08034a65    0x13c  Code  Lc  ff.o [1]
get_float_1bit          0x08031ad1     0x22  Code  Gb  product_cal.o [1]
get_ldnumber            0x08034f4b     0x50  Code  Lc  ff.o [1]
get_main_speed          0x0803708b     0x32  Code  Gb  page_weimi.o [1]
get_period_state        0x08031b6d     0x54  Code  Gb  product_cal.o [1]
get_valid_length        0x080318a1     0x26  Code  Gb  bsp_sdwe050c17.o [1]
get_valid_seg           0x08037107     0x48  Code  Gb  page_weimi.o [1]
get_weimi_para          0x08037041     0x4a  Code  Gb  page_weimi.o [1]
hex_to_decimal          0x080318c7     0x26  Code  Gb  bsp_sdwe050c17.o [1]
idwgEventGroup          0x2001ee5c      0x4  Data  Gb  apptask.o [1]
inc_card_type           0x08031cd9    0x11c  Code  Gb  product_cal.o [1]
inc_lock                0x08033aaf     0xe8  Code  Lc  ff.o [1]
init_peiliao_para       0x080319ad     0x50  Code  Gb  product_cal.o [1]
init_product_para       0x080318ed     0xc0  Code  Gb  product_cal.o [1]
init_weimi_para         0x08036f9b     0xa6  Code  Gb  page_weimi.o [1]
input_password_buf      0x2001eddc      0xc  Data  Gb  protocol.o [1]
input_password_len      0x2001ef47      0x1  Data  Gb  protocol.o [1]
isDevicePeriod          0x2001ef37      0x1  Data  Gb  apptask.o [1]
isWork                  0x2001ef31      0x1  Data  Gb  apptask.o [1]
is_same_data            0x08031bc1     0x2a  Code  Gb  product_cal.o [1]
is_stop                 0x2001ef41      0x1  Data  Gb  page_weimi.o [1]
lcd_busy                0x2001ef3a      0x1  Data  Gb  bsp_sdwe050c17.o [1]
lcd_rev_buf             0x2001eb54     0x34  Data  Gb  bsp_sdwe050c17.o [1]
lcd_rev_len             0x2001ef1c      0x2  Data  Gb  bsp_sdwe050c17.o [1]
ld_clust                0x080343d9     0x28  Code  Lc  ff.o [1]
localeconv              0x0803b593     0x16  Code  Gb  localeconv.o [3]
m_ctrl_dev              0x2001ee08      0x8  Data  Gb  modbus.o [1]
main                    0x0804137d     0x2c  Code  Gb  main.o [1]
mallco_dev              0x20000160     0x1c  Data  Gb  malloc.o [1]
mb_init                 0x08035fe1     0x30  Code  Gb  modbus.o [1]
mb_packsend_frame       0x08035eef     0xf2  Code  Gb  modbus.o [1]
mb_unpack_frame         0x08035dad    0x142  Code  Gb  modbus.o [1]
mc_check_crc16          0x0803ae4d     0x40  Code  Gb  mcheck.o [1]
mc_check_crc8           0x0803ae29     0x24  Code  Gb  mcheck.o [1]
mc_check_sum            0x0803ade1     0x2e  Code  Gb  mcheck.o [1]
mc_check_xor            0x0803ae0f     0x1a  Code  Gb  mcheck.o [1]
mem1base                0x200119cc   0xa000  Data  Gb  malloc.o [1]
mem1mapbase             0x2001c9cc    0xa00  Data  Gb  malloc.o [1]
mem2base                0x68000000  0xf0000  Data  Gb  malloc.o [1]
mem2mapbase             0x680f0000   0xf000  Data  Gb  malloc.o [1]
mem_cmp                 0x080339bb     0x24  Code  Lc  ff.o [1]
mem_cpy                 0x08033989     0x1c  Code  Lc  ff.o [1]
mem_set                 0x080339a5     0x16  Code  Lc  ff.o [1]
memblksize              0x08041dd8      0x8  Data  Gb  malloc.o [1]
memchr                  0x0803b25d           Code  Gb  memchr.o [5]
memsize                 0x08041de0      0x8  Data  Gb  malloc.o [1]
memtblsize              0x08041dd0      0x8  Data  Gb  malloc.o [1]
modbus_send_frame       0x08036011     0xe6  Code  Gb  modbus.o [1]
move_window             0x08033c7d     0x40  Code  Lc  ff.o [1]
my_mem_free             0x08032483     0x6c  Code  Gb  malloc.o [1]
my_mem_init             0x08032347     0x42  Code  Gb  malloc.o [1]
my_mem_malloc           0x080323c7     0xbc  Code  Gb  malloc.o [1]
my_mem_perused          0x08032389     0x3e  Code  Gb  malloc.o [1]
myfree                  0x080324ef     0x24  Code  Gb  malloc.o [1]
mymalloc                0x08032513     0x2a  Code  Gb  malloc.o [1]
mymemset                0x08032331     0x16  Code  Gb  malloc.o [1]
obuf                    0x2001eab8     0x50  Data  Lc  xfiles.o [3]
oem2uni                 0x0801560c  0x15484  Data  Lc  cc936.o [1]
old_card_record         0x2001ef35      0x1  Data  Gb  apptask.o [1]
old_isWork              0x2001ef32      0x1  Data  Gb  apptask.o [1]
old_is_stop             0x200001ca      0x1  Data  Gb  page_weimi.o [1]
old_plan_complete       0x2001ef45      0x1  Data  Gb  product_cal.o [1]
para_init               0x0804023b     0x80  Code  Gb  para.o [1]
pcInterruptPriorityRegisters
                        0x08041e14      0x4  Data  Lc  port.o [1]
peiliao_para            0x2001eb88     0x2c  Data  Gb  product_cal.o [1]
pick_lfn                0x080344cf     0x8c  Code  Lc  ff.o [1]
plan_complete           0x2001ef44      0x1  Data  Gb  product_cal.o [1]
pluse_count             0x2001ef16      0x2  Data  Gb  apptask.o [1]
printf                  0x080322c9     0x24  Code  Gb  printf.o [3]
product_complete_kilo   0x08031aa1     0x30  Code  Gb  product_cal.o [1]
product_complete_meter  0x08031a8f     0x12  Code  Gb  product_cal.o [1]
product_para            0x2001ec04     0x28  Data  Gb  product_cal.o [1]
product_per_meter       0x080319fd     0x78  Code  Gb  product_cal.o [1]
prvAddCurrentTaskToDelayedList
                        0x0802fd45     0x48  Code  Lc  tasks.o [1]
prvAllocateTCBAndStack  0x0802fd8d     0x5a  Code  Lc  tasks.o [1]
prvCheckForValidListAndQueue
                        0x08037823     0x52  Code  Lc  timers.o [1]
prvCheckTasksWaitingTermination
                        0x0802fcdb     0x66  Code  Lc  tasks.o [1]
prvCopyDataFromQueue    0x08030575     0x30  Code  Lc  queue.o [1]
prvCopyDataToQueue      0x080304f1     0x84  Code  Lc  queue.o [1]
prvDeleteTCB            0x0802fde7     0x12  Code  Lc  tasks.o [1]
prvGetNextExpireTime    0x0803760f     0x2e  Code  Lc  timers.o [1]
prvHeapInit             0x08037d11     0x6e  Code  Lc  heap_4.o [1]
prvIdleTask             0x0802fbf5     0x26  Code  Lc  tasks.o [1]
prvInitialiseTCBVariables
                        0x0802fc1b     0x6a  Code  Lc  tasks.o [1]
prvInitialiseTaskLists  0x0802fc85     0x56  Code  Lc  tasks.o [1]
prvInsertBlockIntoFreeList
                        0x08037d7f     0x62  Code  Lc  heap_4.o [1]
prvInsertTimerInActiveList
                        0x08037665     0x50  Code  Lc  timers.o [1]
prvIsQueueEmpty         0x0803060f     0x20  Code  Lc  queue.o [1]
prvIsQueueFull          0x0803062f     0x22  Code  Lc  queue.o [1]
prvProcessExpiredTimer  0x08037527     0x5c  Code  Lc  timers.o [1]
prvProcessReceivedCommands
                        0x080376b5     0xde  Code  Lc  timers.o [1]
prvProcessTimerOrBlockTask
                        0x0803759f     0x70  Code  Lc  timers.o [1]
prvResetNextTaskUnblockTime
                        0x0802fdf9     0x26  Code  Lc  tasks.o [1]
prvSampleTimeNow        0x0803763d     0x28  Code  Lc  timers.o [1]
prvSwitchTimerLists     0x08037793     0x90  Code  Lc  timers.o [1]
prvTaskExitError        0x080378c1     0x2a  Code  Lc  port.o [1]
prvTestWaitCondition    0x080373cb     0x24  Code  Lc  event_groups.o [1]
prvTimerTask            0x08037585     0x1a  Code  Lc  timers.o [1]
prvUnlockQueue          0x080305a5     0x6a  Code  Lc  queue.o [1]
put_fat                 0x08033ecb    0x16c  Code  Gb  ff.o [1]
putchar                 0x080419ed      0xc  Code  Gb  putchar.o [3]
pvPortMalloc            0x08037b81    0x118  Code  Gb  heap_4.o [1]
pxCurrentTCB            0x2001eeb4      0x4  Data  Gb  tasks.o [1]
pxCurrentTimerList      0x2001eef4      0x4  Data  Lc  timers.o [1]
pxDelayedTaskList       0x2001eeb8      0x4  Data  Lc  tasks.o [1]
pxEnd                   0x2001ee94      0x4  Data  Lc  heap_4.o [1]
pxOverflowDelayedTaskList
                        0x2001eebc      0x4  Data  Lc  tasks.o [1]
pxOverflowTimerList     0x2001eef8      0x4  Data  Lc  timers.o [1]
pxPortInitialiseStack   0x0803789d     0x24  Code  Gb  port.o [1]
pxReadyTasksLists       0x2001e63c     0xc8  Data  Lc  tasks.o [1]
rc522_cmd_anticoll      0x08035d51     0x5a  Code  Gb  rc522.o [1]
rc522_cmd_request       0x08035cfd     0x54  Code  Gb  rc522.o [1]
readSlave               0x2001edc4      0xc  Data  Gb  apptask.o [1]
read_device_info        0x0803fffd    0x23e  Code  Gb  para.o [1]
read_file_select        0x2001edf4      0xc  Data  Gb  protocol.o [1]
remove_chain            0x08034037     0x76  Code  Lc  ff.o [1]
rfid_rev_buf            0x2001ecc8     0x14  Data  Gb  rc522.o [1]
rfid_rev_cnt            0x2001ef49      0x1  Data  Gb  rc522.o [1]
rfid_rev_flag           0x2001ef48      0x1  Data  Gb  rc522.o [1]
rtc_time                0x2001ee10      0x8  Data  Gb  protocol.o [1]
s_TIM_CallBack1         0x2001ee7c      0x4  Data  Lc  bsp_timer.o [1]
s_TIM_CallBack2         0x2001ee80      0x4  Data  Lc  bsp_timer.o [1]
s_TIM_CallBack3         0x2001ee84      0x4  Data  Lc  bsp_timer.o [1]
s_TIM_CallBack4         0x2001ee88      0x4  Data  Lc  bsp_timer.o [1]
sample_time             0x2001ef14      0x2  Data  Gb  apptask.o [1]
sdew_weimi_page1        0x08031311    0x236  Code  Gb  bsp_sdwe050c17.o [1]
sdew_weimi_page2        0x08031547    0x236  Code  Gb  bsp_sdwe050c17.o [1]
sdew_weisha_page1       0x0803177d     0x92  Code  Gb  bsp_sdwe050c17.o [1]
sdew_weisha_page2       0x0803180f     0x92  Code  Gb  bsp_sdwe050c17.o [1]
servomotor_mode         0x2001ef40      0x1  Data  Gb  page_weimi.o [1]
slave_info              0x2001edb8      0xc  Data  Gb  apptask.o [1]
speed_zhu               0x2001ef28      0x2  Data  Gb  page_weimi.o [1]
sprintf                 0x08035bed     0x34  Code  Gb  sprintf.o [3]
st_clust                0x08034401     0x18  Code  Lc  ff.o [1]
step_motor_adjust       0x2001ef3f      0x1  Data  Gb  page_weimi.o [1]
strcat                  0x08035c21     0x1c  Code  Gb  strcat.o [3]
strchr                  0x0803b245           Code  Gb  strchr.o [5]
strlen                  0x08032b49           Code  Gb  strlen.o [5]
strstr                  0x080361ad     0x10  Code  Gb  apptask.o [1]
sum_sfn                 0x080346d5     0x20  Code  Lc  ff.o [1]
sync_fs                 0x08033cbd     0xd8  Code  Lc  ff.o [1]
sync_window             0x08033c23     0x5a  Code  Lc  ff.o [1]
system_state_dis        0x08040808    0x190  Data  Gb  product_cal.o [1]
total_meter_gross       0x2001eea8      0x4  Data  Gb  product_cal.o [1]
total_weight_gross      0x2001eeac      0x4  Data  Gb  product_cal.o [1]
ucHeap                  0x200001cc  0x11800  Data  Lc  heap_4.o [1]
ucMaxSysCallPriority    0x2001ef43      0x1  Data  Lc  port.o [1]
ulHighFrequencyTimerTicks
                        0x2001eeb0      0x4  Data  Gb  SysInfoTest.o [1]
ulMaxPRIGROUPValue      0x2001eea4      0x4  Data  Lc  port.o [1]
ulTaskSwitchedInTime    0x2001eeec      0x4  Data  Lc  tasks.o [1]
ulTotalRunTime          0x2001eef0      0x4  Data  Lc  tasks.o [1]
uni2oem                 0x08000188  0x15484  Data  Lc  cc936.o [1]
usb_disk_flag           0x2001ef33      0x1  Data  Gb  apptask.o [1]
usbh_OpenMassStorage    0x08033071     0x14  Code  Gb  usbh_usr.o [1]
uxCriticalNesting       0x200001bc      0x4  Data  Lc  port.o [1]
uxCurrentNumberOfTasks  0x2001eec4      0x4  Data  Lc  tasks.o [1]
uxListRemove            0x08037b59     0x28  Code  Gb  list.o [1]
uxPendedTicks           0x2001eed4      0x4  Data  Lc  tasks.o [1]
uxSchedulerSuspended    0x2001eee8      0x4  Data  Lc  tasks.o [1]
uxTaskNumber            0x2001eee0      0x4  Data  Lc  tasks.o [1]
uxTaskResetEventItemValue
                        0x0802fe59     0x20  Code  Gb  tasks.o [1]
uxTasksDeleted          0x2001eec0      0x4  Data  Lc  tasks.o [1]
uxTopReadyPriority      0x2001eecc      0x4  Data  Lc  tasks.o [1]
vListInitialise         0x08037ae9     0x1e  Code  Gb  list.o [1]
vListInsert             0x08037b1f     0x3a  Code  Gb  list.o [1]
vListInsertEnd          0x08037b07     0x18  Code  Gb  list.o [1]
vPortEnableVFP          0x0803af61           Code  Gb  portasm.o [1]
vPortEnterCritical      0x080379b7     0x3a  Code  Gb  port.o [1]
vPortExitCritical       0x080379f1     0x32  Code  Gb  port.o [1]
vPortFree               0x08037c99     0x78  Code  Gb  heap_4.o [1]
vPortSetupTimerInterrupt
                        0x08037a4f      0xe  Code  Wk  port.o [1]
vPortStartFirstTask     0x0803af49           Code  Gb  portasm.o [1]
vPortValidateInterruptPriority
                        0x08037a5d     0x4e  Code  Gb  port.o [1]
vQueueWaitForMessageRestricted
                        0x08030651     0x44  Code  Gb  queue.o [1]
vSetupSysInfoTest       0x08041191     0x12  Code  Gb  SysInfoTest.o [1]
vTaskDelay              0x0802f451     0x84  Code  Gb  tasks.o [1]
vTaskFreq               0x0802ea81    0x106  Code  Lc  apptask.o [1]
vTaskManageCapacity     0x0802e081    0x5ac  Code  Gb  apptask.o [1]
vTaskMassStorage        0x0802d2c5    0x23c  Code  Lc  apptask.o [1]
vTaskMissedYield        0x0802fbeb      0xa  Code  Gb  tasks.o [1]
vTaskMotorControl       0x0802e639    0x430  Code  Lc  apptask.o [1]
vTaskMsgPro             0x0802d935    0x434  Code  Lc  apptask.o [1]
vTaskPlaceOnEventList   0x0802f851     0x74  Code  Gb  tasks.o [1]
vTaskPlaceOnEventListRestricted
                        0x0802f989     0x80  Code  Gb  tasks.o [1]
vTaskPlaceOnUnorderedEventList
                        0x0802f8e1     0xa8  Code  Gb  tasks.o [1]
vTaskReadDisk           0x0802de4d    0x1b6  Code  Lc  apptask.o [1]
vTaskRev485             0x0802dd6d     0xb8  Code  Lc  apptask.o [1]
vTaskSetTimeOutState    0x0802fb35     0x26  Code  Gb  tasks.o [1]
vTaskStartScheduler     0x0802f4d5     0x7e  Code  Gb  tasks.o [1]
vTaskSuspendAll         0x0802f553     0x10  Code  Gb  tasks.o [1]
vTaskSwitchContext      0x0802f7a1     0xb0  Code  Gb  tasks.o [1]
vTaskTaskLCD            0x0802aa91   0x280c  Code  Gb  apptask.o [1]
vTaskTaskLED            0x0802d521     0x20  Code  Lc  apptask.o [1]
vTaskTaskRFID           0x0802d541    0x3c6  Code  Lc  apptask.o [1]
valid_seg               0x2001ef42      0x1  Data  Gb  page_weimi.o [1]
validate                0x0803547b     0x36  Code  Lc  ff.o [1]
weimi_para              0x2001e524    0x118  Data  Gb  page_weimi.o [1]
work_idle               0x2001ef46      0x1  Data  Gb  product_cal.o [1]
work_idle_time          0x2001ef2a      0x2  Data  Gb  product_cal.o [1]
xActiveTimerList1       0x2001ed40     0x14  Data  Lc  timers.o [1]
xActiveTimerList2       0x2001ed54     0x14  Data  Lc  timers.o [1]
xBlockAllocatedBit      0x2001eea0      0x4  Data  Lc  heap_4.o [1]
xDelayedTaskList1       0x2001ecdc     0x14  Data  Lc  tasks.o [1]
xDelayedTaskList2       0x2001ecf0     0x14  Data  Lc  tasks.o [1]
xEventGroupCreate       0x0803718d     0x1c  Code  Gb  event_groups.o [1]
xEventGroupSetBits      0x080372f5     0xd6  Code  Gb  event_groups.o [1]
xEventGroupWaitBits     0x080371a9    0x146  Code  Gb  event_groups.o [1]
xFreeBytesRemaining     0x2001ee98      0x4  Data  Lc  heap_4.o [1]
xHandleTaskFreq         0x2001ee3c      0x4  Data  Gb  apptask.o [1]
xHandleTaskLCD          0x2001ee18      0x4  Data  Gb  apptask.o [1]
xHandleTaskLED          0x2001ee1c      0x4  Data  Gb  apptask.o [1]
xHandleTaskManageCapacity
                        0x2001ee34      0x4  Data  Gb  apptask.o [1]
xHandleTaskMassStorage  0x2001ee24      0x4  Data  Gb  apptask.o [1]
xHandleTaskMotorControl
                        0x2001ee38      0x4  Data  Gb  apptask.o [1]
xHandleTaskMsgPro       0x2001ee2c      0x4  Data  Gb  apptask.o [1]
xHandleTaskRFID         0x2001ee20      0x4  Data  Gb  apptask.o [1]
xHandleTaskReadDisk     0x2001ee28      0x4  Data  Gb  apptask.o [1]
xHandleTaskRev485       0x2001ee30      0x4  Data  Gb  apptask.o [1]
xHeapStructSize         0x08041e10      0x4  Data  Lc  heap_4.o [1]
xMinimumEverFreeBytesRemaining
                        0x2001ee9c      0x4  Data  Lc  heap_4.o [1]
xNextTaskUnblockTime    0x2001eee4      0x4  Data  Lc  tasks.o [1]
xNumOfOverflows         0x2001eedc      0x4  Data  Lc  tasks.o [1]
xPendingReadyList       0x2001ed04     0x14  Data  Lc  tasks.o [1]
xPortStartScheduler     0x080378eb     0xcc  Code  Gb  port.o [1]
xQueueGenericCreate     0x0802ff5d     0x7e  Code  Gb  queue.o [1]
xQueueGenericReceive    0x08030351    0x19c  Code  Gb  queue.o [1]
xQueueGenericReset      0x0802fecd     0x90  Code  Gb  queue.o [1]
xQueueGenericSend       0x0802ffdb    0x1b2  Code  Gb  queue.o [1]
xQueueGenericSendFromISR
                        0x0803018d     0xec  Code  Gb  queue.o [1]
xQueueGiveFromISR       0x08030279     0xd8  Code  Gb  queue.o [1]
xQueue_message          0x2001ee64      0x4  Data  Gb  apptask.o [1]
xSchedulerRunning       0x2001eed0      0x4  Data  Lc  tasks.o [1]
xSemaphore_download     0x2001ee54      0x4  Data  Gb  apptask.o [1]
xSemaphore_encoder      0x2001ee4c      0x4  Data  Gb  apptask.o [1]
xSemaphore_freq         0x2001ee50      0x4  Data  Gb  apptask.o [1]
xSemaphore_lcd          0x2001ee40      0x4  Data  Gb  apptask.o [1]
xSemaphore_pluse        0x2001ee48      0x4  Data  Gb  apptask.o [1]
xSemaphore_readDisk     0x2001ee58      0x4  Data  Gb  apptask.o [1]
xSemaphore_rs485        0x2001ee44      0x4  Data  Gb  apptask.o [1]
xStart                  0x2001ee00      0x8  Data  Lc  heap_4.o [1]
xSuspendedTaskList      0x2001ed2c     0x14  Data  Lc  tasks.o [1]
xTaskCheckForTimeOut    0x0802fb61     0x8a  Code  Gb  tasks.o [1]
xTaskGenericCreate      0x0802f2cd    0x184  Code  Gb  tasks.o [1]
xTaskGetSchedulerState  0x0802fe1f     0x26  Code  Gb  tasks.o [1]
xTaskGetTickCount       0x0802f663      0xa  Code  Gb  tasks.o [1]
xTaskIncrementTick      0x0802f66d    0x134  Code  Gb  tasks.o [1]
xTaskRemoveFromEventList
                        0x0802fa0d     0x8e  Code  Gb  tasks.o [1]
xTaskRemoveFromUnorderedEventList
                        0x0802faa1     0x94  Code  Gb  tasks.o [1]
xTaskResumeAll          0x0802f563    0x100  Code  Gb  tasks.o [1]
xTasksWaitingTermination
                        0x2001ed18     0x14  Data  Lc  tasks.o [1]
xTickCount              0x2001eec8      0x4  Data  Lc  tasks.o [1]
xTimerCreate            0x08037441     0x62  Code  Gb  timers.o [1]
xTimerCreateTimerTask   0x080373f1     0x50  Code  Gb  timers.o [1]
xTimerGenericCommand    0x080374a3     0x84  Code  Gb  timers.o [1]
xTimerQueue             0x2001eefc      0x4  Data  Lc  timers.o [1]
xTimerUser              0x2001ee60      0x4  Data  Gb  apptask.o [1]
xYieldPending           0x2001eed8      0x4  Data  Lc  tasks.o [1]


[1] = E:\WORK\YarnControl_Driver\YarnControl_Driver\src\stm32f4_rtos\Project\EWARMv7\Flash\Obj
[2] = command line
[3] = dl7M_tlf.a
[4] = m7M_tls.a
[5] = rt7M_tl.a
[6] = shb_l.a

   89 276 bytes of readonly  code memory
  181 126 bytes of readonly  data memory
  128 847 bytes of readwrite data memory (+ 1 044 480 absolute)

Errors: none
Warnings: none
