###############################################################################
#
# IAR ELF Linker V7.40.7.9843/W32 for ARM                 16/Mar/2019  20:29:48
# Copyright 2007-2015 IAR Systems AB.
#
#    Output file  =  
#        E:\work\YarnControl_Driver\src\stm32f4_rtos\Project\EWARMv7\Flash\Exe\project.out
#    Map file     =  
#        E:\work\YarnControl_Driver\src\stm32f4_rtos\Project\EWARMv7\Flash\List\project.map
#    Command line =  
#        E:\work\YarnControl_Driver\src\stm32f4_rtos\Project\EWARMv7\Flash\Obj\apptask.o
#        E:\work\YarnControl_Driver\src\stm32f4_rtos\Project\EWARMv7\Flash\Obj\bsp.o
#        E:\work\YarnControl_Driver\src\stm32f4_rtos\Project\EWARMv7\Flash\Obj\bsp_closeSW.o
#        E:\work\YarnControl_Driver\src\stm32f4_rtos\Project\EWARMv7\Flash\Obj\bsp_dwt.o
#        E:\work\YarnControl_Driver\src\stm32f4_rtos\Project\EWARMv7\Flash\Obj\bsp_led.o
#        E:\work\YarnControl_Driver\src\stm32f4_rtos\Project\EWARMv7\Flash\Obj\bsp_relay.o
#        E:\work\YarnControl_Driver\src\stm32f4_rtos\Project\EWARMv7\Flash\Obj\bsp_sdio_sd.o
#        E:\work\YarnControl_Driver\src\stm32f4_rtos\Project\EWARMv7\Flash\Obj\bsp_sdwe050c17.o
#        E:\work\YarnControl_Driver\src\stm32f4_rtos\Project\EWARMv7\Flash\Obj\bsp_servomotor.o
#        E:\work\YarnControl_Driver\src\stm32f4_rtos\Project\EWARMv7\Flash\Obj\bsp_spi.o
#        E:\work\YarnControl_Driver\src\stm32f4_rtos\Project\EWARMv7\Flash\Obj\bsp_stepmotor.o
#        E:\work\YarnControl_Driver\src\stm32f4_rtos\Project\EWARMv7\Flash\Obj\bsp_sw_onoff.o
#        E:\work\YarnControl_Driver\src\stm32f4_rtos\Project\EWARMv7\Flash\Obj\bsp_tim_pwm.o
#        E:\work\YarnControl_Driver\src\stm32f4_rtos\Project\EWARMv7\Flash\Obj\bsp_timer.o
#        E:\work\YarnControl_Driver\src\stm32f4_rtos\Project\EWARMv7\Flash\Obj\bsp_uart_fifo.o
#        E:\work\YarnControl_Driver\src\stm32f4_rtos\Project\EWARMv7\Flash\Obj\bsp_w25qxx.o
#        E:\work\YarnControl_Driver\src\stm32f4_rtos\Project\EWARMv7\Flash\Obj\bsp_watchdog.o
#        E:\work\YarnControl_Driver\src\stm32f4_rtos\Project\EWARMv7\Flash\Obj\cc936.o
#        E:\work\YarnControl_Driver\src\stm32f4_rtos\Project\EWARMv7\Flash\Obj\cJSON.o
#        E:\work\YarnControl_Driver\src\stm32f4_rtos\Project\EWARMv7\Flash\Obj\croutine.o
#        E:\work\YarnControl_Driver\src\stm32f4_rtos\Project\EWARMv7\Flash\Obj\demo_fatfs.o
#        E:\work\YarnControl_Driver\src\stm32f4_rtos\Project\EWARMv7\Flash\Obj\diskio.o
#        E:\work\YarnControl_Driver\src\stm32f4_rtos\Project\EWARMv7\Flash\Obj\encoder_tim.o
#        E:\work\YarnControl_Driver\src\stm32f4_rtos\Project\EWARMv7\Flash\Obj\esp8266_handler.o
#        E:\work\YarnControl_Driver\src\stm32f4_rtos\Project\EWARMv7\Flash\Obj\esp8266_init.o
#        E:\work\YarnControl_Driver\src\stm32f4_rtos\Project\EWARMv7\Flash\Obj\event_groups.o
#        E:\work\YarnControl_Driver\src\stm32f4_rtos\Project\EWARMv7\Flash\Obj\ff.o
#        E:\work\YarnControl_Driver\src\stm32f4_rtos\Project\EWARMv7\Flash\Obj\heap_4.o
#        E:\work\YarnControl_Driver\src\stm32f4_rtos\Project\EWARMv7\Flash\Obj\list.o
#        E:\work\YarnControl_Driver\src\stm32f4_rtos\Project\EWARMv7\Flash\Obj\main.o
#        E:\work\YarnControl_Driver\src\stm32f4_rtos\Project\EWARMv7\Flash\Obj\malloc.o
#        E:\work\YarnControl_Driver\src\stm32f4_rtos\Project\EWARMv7\Flash\Obj\mcheck.o
#        E:\work\YarnControl_Driver\src\stm32f4_rtos\Project\EWARMv7\Flash\Obj\misc.o
#        E:\work\YarnControl_Driver\src\stm32f4_rtos\Project\EWARMv7\Flash\Obj\modbus.o
#        E:\work\YarnControl_Driver\src\stm32f4_rtos\Project\EWARMv7\Flash\Obj\MQTTConnectClient.o
#        E:\work\YarnControl_Driver\src\stm32f4_rtos\Project\EWARMv7\Flash\Obj\MQTTConnectServer.o
#        E:\work\YarnControl_Driver\src\stm32f4_rtos\Project\EWARMv7\Flash\Obj\MQTTDeserializePublish.o
#        E:\work\YarnControl_Driver\src\stm32f4_rtos\Project\EWARMv7\Flash\Obj\MQTTFormat.o
#        E:\work\YarnControl_Driver\src\stm32f4_rtos\Project\EWARMv7\Flash\Obj\MQTTPacket.o
#        E:\work\YarnControl_Driver\src\stm32f4_rtos\Project\EWARMv7\Flash\Obj\MQTTSerializePublish.o
#        E:\work\YarnControl_Driver\src\stm32f4_rtos\Project\EWARMv7\Flash\Obj\MQTTSubscribeClient.o
#        E:\work\YarnControl_Driver\src\stm32f4_rtos\Project\EWARMv7\Flash\Obj\MQTTSubscribeServer.o
#        E:\work\YarnControl_Driver\src\stm32f4_rtos\Project\EWARMv7\Flash\Obj\MQTTUnsubscribeClient.o
#        E:\work\YarnControl_Driver\src\stm32f4_rtos\Project\EWARMv7\Flash\Obj\MQTTUnsubscribeServer.o
#        E:\work\YarnControl_Driver\src\stm32f4_rtos\Project\EWARMv7\Flash\Obj\page_weimi.o
#        E:\work\YarnControl_Driver\src\stm32f4_rtos\Project\EWARMv7\Flash\Obj\para.o
#        E:\work\YarnControl_Driver\src\stm32f4_rtos\Project\EWARMv7\Flash\Obj\port.o
#        E:\work\YarnControl_Driver\src\stm32f4_rtos\Project\EWARMv7\Flash\Obj\portasm.o
#        E:\work\YarnControl_Driver\src\stm32f4_rtos\Project\EWARMv7\Flash\Obj\product_cal.o
#        E:\work\YarnControl_Driver\src\stm32f4_rtos\Project\EWARMv7\Flash\Obj\protocol.o
#        E:\work\YarnControl_Driver\src\stm32f4_rtos\Project\EWARMv7\Flash\Obj\pub0sub1.o
#        E:\work\YarnControl_Driver\src\stm32f4_rtos\Project\EWARMv7\Flash\Obj\queue.o
#        E:\work\YarnControl_Driver\src\stm32f4_rtos\Project\EWARMv7\Flash\Obj\rc522.o
#        E:\work\YarnControl_Driver\src\stm32f4_rtos\Project\EWARMv7\Flash\Obj\startup_stm32f40_41xxx.o
#        E:\work\YarnControl_Driver\src\stm32f4_rtos\Project\EWARMv7\Flash\Obj\stm32f4xx_adc.o
#        E:\work\YarnControl_Driver\src\stm32f4_rtos\Project\EWARMv7\Flash\Obj\stm32f4xx_assert.o
#        E:\work\YarnControl_Driver\src\stm32f4_rtos\Project\EWARMv7\Flash\Obj\stm32f4xx_can.o
#        E:\work\YarnControl_Driver\src\stm32f4_rtos\Project\EWARMv7\Flash\Obj\stm32f4xx_crc.o
#        E:\work\YarnControl_Driver\src\stm32f4_rtos\Project\EWARMv7\Flash\Obj\stm32f4xx_cryp.o
#        E:\work\YarnControl_Driver\src\stm32f4_rtos\Project\EWARMv7\Flash\Obj\stm32f4xx_cryp_aes.o
#        E:\work\YarnControl_Driver\src\stm32f4_rtos\Project\EWARMv7\Flash\Obj\stm32f4xx_cryp_des.o
#        E:\work\YarnControl_Driver\src\stm32f4_rtos\Project\EWARMv7\Flash\Obj\stm32f4xx_cryp_tdes.o
#        E:\work\YarnControl_Driver\src\stm32f4_rtos\Project\EWARMv7\Flash\Obj\stm32f4xx_dac.o
#        E:\work\YarnControl_Driver\src\stm32f4_rtos\Project\EWARMv7\Flash\Obj\stm32f4xx_dbgmcu.o
#        E:\work\YarnControl_Driver\src\stm32f4_rtos\Project\EWARMv7\Flash\Obj\stm32f4xx_dcmi.o
#        E:\work\YarnControl_Driver\src\stm32f4_rtos\Project\EWARMv7\Flash\Obj\stm32f4xx_dma.o
#        E:\work\YarnControl_Driver\src\stm32f4_rtos\Project\EWARMv7\Flash\Obj\stm32f4xx_dma2d.o
#        E:\work\YarnControl_Driver\src\stm32f4_rtos\Project\EWARMv7\Flash\Obj\stm32f4xx_exti.o
#        E:\work\YarnControl_Driver\src\stm32f4_rtos\Project\EWARMv7\Flash\Obj\stm32f4xx_flash.o
#        E:\work\YarnControl_Driver\src\stm32f4_rtos\Project\EWARMv7\Flash\Obj\stm32f4xx_fsmc.o
#        E:\work\YarnControl_Driver\src\stm32f4_rtos\Project\EWARMv7\Flash\Obj\stm32f4xx_gpio.o
#        E:\work\YarnControl_Driver\src\stm32f4_rtos\Project\EWARMv7\Flash\Obj\stm32f4xx_hash.o
#        E:\work\YarnControl_Driver\src\stm32f4_rtos\Project\EWARMv7\Flash\Obj\stm32f4xx_hash_md5.o
#        E:\work\YarnControl_Driver\src\stm32f4_rtos\Project\EWARMv7\Flash\Obj\stm32f4xx_hash_sha1.o
#        E:\work\YarnControl_Driver\src\stm32f4_rtos\Project\EWARMv7\Flash\Obj\stm32f4xx_i2c.o
#        E:\work\YarnControl_Driver\src\stm32f4_rtos\Project\EWARMv7\Flash\Obj\stm32f4xx_it.o
#        E:\work\YarnControl_Driver\src\stm32f4_rtos\Project\EWARMv7\Flash\Obj\stm32f4xx_iwdg.o
#        E:\work\YarnControl_Driver\src\stm32f4_rtos\Project\EWARMv7\Flash\Obj\stm32f4xx_ltdc.o
#        E:\work\YarnControl_Driver\src\stm32f4_rtos\Project\EWARMv7\Flash\Obj\stm32f4xx_pwr.o
#        E:\work\YarnControl_Driver\src\stm32f4_rtos\Project\EWARMv7\Flash\Obj\stm32f4xx_rcc.o
#        E:\work\YarnControl_Driver\src\stm32f4_rtos\Project\EWARMv7\Flash\Obj\stm32f4xx_rng.o
#        E:\work\YarnControl_Driver\src\stm32f4_rtos\Project\EWARMv7\Flash\Obj\stm32f4xx_rtc.o
#        E:\work\YarnControl_Driver\src\stm32f4_rtos\Project\EWARMv7\Flash\Obj\stm32f4xx_sai.o
#        E:\work\YarnControl_Driver\src\stm32f4_rtos\Project\EWARMv7\Flash\Obj\stm32f4xx_sdio.o
#        E:\work\YarnControl_Driver\src\stm32f4_rtos\Project\EWARMv7\Flash\Obj\stm32f4xx_spi.o
#        E:\work\YarnControl_Driver\src\stm32f4_rtos\Project\EWARMv7\Flash\Obj\stm32f4xx_syscfg.o
#        E:\work\YarnControl_Driver\src\stm32f4_rtos\Project\EWARMv7\Flash\Obj\stm32f4xx_tim.o
#        E:\work\YarnControl_Driver\src\stm32f4_rtos\Project\EWARMv7\Flash\Obj\stm32f4xx_usart.o
#        E:\work\YarnControl_Driver\src\stm32f4_rtos\Project\EWARMv7\Flash\Obj\stm32f4xx_wwdg.o
#        E:\work\YarnControl_Driver\src\stm32f4_rtos\Project\EWARMv7\Flash\Obj\SysInfoTest.o
#        E:\work\YarnControl_Driver\src\stm32f4_rtos\Project\EWARMv7\Flash\Obj\system_stm32f4xx.o
#        E:\work\YarnControl_Driver\src\stm32f4_rtos\Project\EWARMv7\Flash\Obj\tasks.o
#        E:\work\YarnControl_Driver\src\stm32f4_rtos\Project\EWARMv7\Flash\Obj\timer_platform.o
#        E:\work\YarnControl_Driver\src\stm32f4_rtos\Project\EWARMv7\Flash\Obj\timers.o
#        E:\work\YarnControl_Driver\src\stm32f4_rtos\Project\EWARMv7\Flash\Obj\transport.o
#        E:\work\YarnControl_Driver\src\stm32f4_rtos\Project\EWARMv7\Flash\Obj\usb_bsp.o
#        E:\work\YarnControl_Driver\src\stm32f4_rtos\Project\EWARMv7\Flash\Obj\usb_core.o
#        E:\work\YarnControl_Driver\src\stm32f4_rtos\Project\EWARMv7\Flash\Obj\usb_hcd.o
#        E:\work\YarnControl_Driver\src\stm32f4_rtos\Project\EWARMv7\Flash\Obj\usb_hcd_int.o
#        E:\work\YarnControl_Driver\src\stm32f4_rtos\Project\EWARMv7\Flash\Obj\usbh_core.o
#        E:\work\YarnControl_Driver\src\stm32f4_rtos\Project\EWARMv7\Flash\Obj\usbh_hcs.o
#        E:\work\YarnControl_Driver\src\stm32f4_rtos\Project\EWARMv7\Flash\Obj\usbh_ioreq.o
#        E:\work\YarnControl_Driver\src\stm32f4_rtos\Project\EWARMv7\Flash\Obj\usbh_it.o
#        E:\work\YarnControl_Driver\src\stm32f4_rtos\Project\EWARMv7\Flash\Obj\usbh_msc_bot.o
#        E:\work\YarnControl_Driver\src\stm32f4_rtos\Project\EWARMv7\Flash\Obj\usbh_msc_core.o
#        E:\work\YarnControl_Driver\src\stm32f4_rtos\Project\EWARMv7\Flash\Obj\usbh_msc_scsi.o
#        E:\work\YarnControl_Driver\src\stm32f4_rtos\Project\EWARMv7\Flash\Obj\usbh_stdreq.o
#        E:\work\YarnControl_Driver\src\stm32f4_rtos\Project\EWARMv7\Flash\Obj\usbh_usr.o
#        -o
#        E:\work\YarnControl_Driver\src\stm32f4_rtos\Project\EWARMv7\Flash\Exe\project.out
#        --map
#        E:\work\YarnControl_Driver\src\stm32f4_rtos\Project\EWARMv7\Flash\List\project.map
#        --config
#        E:\work\YarnControl_Driver\src\stm32f4_rtos\Project\EWARMv7\stm32f4xx_flash.icf
#        --semihosting --entry __iar_program_start --inline --vfe
#
###############################################################################

*******************************************************************************
*** RUNTIME MODEL ATTRIBUTES
***

CppFlavor                     = *
__Heap_Handler                = DLMalloc
__SystemLibrary               = DLib
__dlib_dynamic_initialization = normal


*******************************************************************************
*** PLACEMENT SUMMARY
***

"A1":  place at 0x08000000 { ro section .intvec };
"P1":  place in [from 0x08000000 to 0x080fffff] { ro };
"P2":  place in [from 0x20000000 to 0x2001ffff] { rw, block CSTACK, block HEAP };

  Section             Kind        Address     Size  Object
  -------             ----        -------     ----  ------
"A1":                                        0x188
  .intvec             ro code  0x08000000    0x188  startup_stm32f40_41xxx.o [1]
                             - 0x08000188    0x188

"P1":                                      0x46889
  .rodata             const    0x08000188  0x15484  cc936.o [1]
  .rodata             const    0x0801560c  0x15484  cc936.o [1]
  .text               ro code  0x0802aa90   0x5c70  apptask.o [1]
  .text               ro code  0x08030700    0x7c8  queue.o [1]
  .text               ro code  0x08030ec8   0x16cc  bsp_sdwe050c17.o [1]
  .text               ro code  0x08032594    0x528  product_cal.o [1]
  .text               ro code  0x08032abc     0x66  ABImemset.o [5]
  .text               ro code  0x08032b22     0x1e  xsscin.o [3]
  .text               ro code  0x08032b40    0xc00  tasks.o [1]
  .text               ro code  0x08033740    0x380  bsp_w25qxx.o [1]
  .text               ro code  0x08033ac0     0x4e  FltToDbl.o [4]
  .text               ro code  0x08033b0e      0xa  xsprout.o [3]
  .text               ro code  0x08033b18     0x24  printf.o [3]
  .text               ro code  0x08033b3c     0x76  ABImemcpy_unaligned.o [5]
  .text               ro code  0x08033bb4     0x42  strcmp_unaligned.o [5]
  .text               ro code  0x08033bf8    0x21c  malloc.o [1]
  .text               ro code  0x08033e14     0x30  I32ToDbl.o [4]
  .text               ro code  0x08033e44    0x256  DblDiv.o [4]
  .text               ro code  0x0803409c     0xe8  DblAdd.o [4]
  .text               ro code  0x08034184    0x1a2  DblMul.o [4]
  .text               ro code  0x08034328     0x58  DblToI32.o [4]
  .text               ro code  0x08034380     0x90  DblToFlt.o [4]
  .text               ro code  0x08034410     0x36  strlen.o [5]
  .text               ro code  0x08034448   0x13ee  para.o [1]
  .text               ro code  0x08035838    0x250  page_weimi.o [1]
  .text               ro code  0x08035a88     0x62  memcmp_unaligned.o [5]
  .text               ro code  0x08035aec    0x48c  bsp_servomotor.o [1]
  .text               ro code  0x08035f78    0x1a2  usbh_usr.o [1]
  .text               ro code  0x0803611c    0x760  usbh_core.o [1]
  .text               ro code  0x0803687c   0x2498  ff.o [1]
  .text               ro code  0x08038d14     0x34  sprintf.o [3]
  .text               ro code  0x08038d48     0x1c  strcat.o [3]
  .text               ro code  0x08038d64     0xc0  bsp_led.o [1]
  .text               ro code  0x08038e24     0xae  rc522.o [1]
  .text               ro code  0x08038ed4    0x354  modbus.o [1]
  .text               ro code  0x08039228     0x68  bsp_sw_onoff.o [1]
  .text               ro code  0x08039290     0x44  protocol.o [1]
  .text               ro code  0x080392d4     0x10  para.o [1]
  .text               ro code  0x080392e4     0xd4  bsp_closeSW.o [1]
  .text               ro code  0x080393b8    0x12c  stm32f4xx_gpio.o [1]
  .text               ro code  0x080394e4    0x33c  bsp_stepmotor.o [1]
  .text               ro code  0x08039820    0x25c  encoder_tim.o [1]
  .text               ro code  0x08039a7c    0x262  event_groups.o [1]
  .text               ro code  0x08039ce0    0x4a4  timers.o [1]
  .text               ro code  0x0803a184      0x8  bsp_watchdog.o [1]
  .text               ro code  0x0803a18c    0x24c  port.o [1]
  .text               ro code  0x0803a3d8     0x98  list.o [1]
  .text               ro code  0x0803a470    0x280  heap_4.o [1]
  .text               ro code  0x0803a6f0    0x1e8  stm32f4xx_rcc.o [1]
  .text               ro code  0x0803a8d8     0x74  bsp_dwt.o [1]
  .text               ro code  0x0803a94c    0xa98  bsp_uart_fifo.o [1]
  .text               ro code  0x0803b3e4    0x204  bsp_timer.o [1]
  .text               ro code  0x0803b5e8    0x124  bsp_spi.o [1]
  .text               ro code  0x0803b70c    0xd96  xprintffull_nomb.o [3]
  .text               ro code  0x0803c4a4    0x180  DblSub.o [4]
  .text               ro code  0x0803c624     0x44  strcpy_unaligned.o [5]
  .text               ro code  0x0803c668     0x24  sscanf.o [3]
  .text               ro code  0x0803c68c    0x6e4  stm32f4xx_tim.o [1]
  .text               ro code  0x0803cd70    0x31c  stm32f4xx_dma.o [1]
  .text               ro code  0x0803d08c     0x88  misc.o [1]
  .text               ro code  0x0803d114    0x14c  usb_bsp.o [1]
  .text               ro code  0x0803d260     0xd6  usb_hcd.o [1]
  .text               ro code  0x0803d336    0x1ba  usbh_hcs.o [1]
  .text               ro code  0x0803d4f0    0x436  usbh_stdreq.o [1]
  .text               ro code  0x0803d926    0x246  usbh_ioreq.o [1]
  .text               ro code  0x0803db6c    0x2e4  diskio.o [1]
  .text               ro code  0x0803de50     0xf4  cc936.o [1]
  .text               ro code  0x0803df44     0xb8  mcheck.o [1]
  .text               ro code  0x0803dffc     0x2c  strstr.o [3]
  .text               ro code  0x0803e028     0x54  stm32f4xx_syscfg.o [1]
  .text               ro code  0x0803e07c     0xc0  stm32f4xx_exti.o [1]
  .text               ro code  0x0803e13c    0x132  I64DivMod.o [5]
  .text               ro code  0x0803e270     0x10  stm32f4xx_iwdg.o [1]
  CODE                ro code  0x0803e280     0xa8  portasm.o [1]
  .text               ro code  0x0803e328    0x254  stm32f4xx_usart.o [1]
  .text               ro code  0x0803e57c     0x74  stm32f4xx_spi.o [1]
  .text               ro code  0x0803e5f0     0x16  strchr.o [5]
  .text               ro code  0x0803e608     0x58  memchr.o [5]
  .text               ro code  0x0803e660     0x42  xdnorm.o [4]
  .text               ro code  0x0803e6a4     0x2e  DblCmpLe.o [4]
  .text               ro code  0x0803e6d4     0x2e  DblCmpGe.o [4]
  .text               ro code  0x0803e704    0x114  xdscale.o [4]
  .text               ro code  0x0803e818     0x6c  localeconv.o [3]
  .text               ro code  0x0803e884      0xe  div.o [3]
  .text               ro code  0x0803e894    0xb64  xscanffull_nomb.o [3]
  .text               ro code  0x0803f3f8    0xa50  usb_core.o [1]
  .text               ro code  0x0803fe48   0x1a58  bsp_sdio_sd.o [1]
  .text               ro code  0x080418a0    0x618  usbh_msc_scsi.o [1]
  .text               ro code  0x08041eb8    0x554  usbh_msc_bot.o [1]
  .text               ro code  0x0804240c      0x2  I64DivZer.o [5]
  .text               ro code  0x0804240e     0x28  isxxx.o [3]
  .text               ro code  0x08042436     0xa4  xstoll.o [3]
  .text               ro code  0x080424dc    0x1b0  xstoull.o [3]
  .text               ro code  0x0804268c    0x168  xstold.o [4]
  .text               ro code  0x080427f4    0x17c  stm32f4xx_sdio.o [1]
  .text               ro code  0x08042970     0x18  setlocale.o [3]
  .text               ro code  0x08042988     0x16  xlocale_c.o [3]
  .text               ro code  0x0804299e     0x14  xlocale_c.o [3]
  .text               ro code  0x080429b4      0xc  errno.o [3]
  .text               ro code  0x080429c0     0x14  tolower.o [3]
  .text               ro code  0x080429d4    0x124  xstopfx.o [3]
  .text               ro code  0x08042af8    0x1b8  xstoflt.o [3]
  .text               ro code  0x08042cb0    0x200  xdtento.o [4]
  .text               ro code  0x08042eb0    0x218  xstoxflt.o [3]
  .text               ro code  0x080430c8      0x2  xtls.o [3]
  .text               ro code  0x080430ca      0xc  xlocale_c.o [3]
  .text               ro code  0x080430d8     0x20  DblCmpEq.o [4]
  .text               ro code  0x080430f8     0x52  xdunscal.o [4]
  .text               ro code  0x0804314c    0xc7e  usb_hcd_int.o [1]
  .rodata             const    0x08043dcc    0x400  apptask.o [1]
  .text               ro code  0x080441cc    0x3e8  usbh_msc_core.o [1]
  .rodata             const    0x080445b4    0x3dc  cc936.o [1]
  .rodata             const    0x08044990    0x3dc  cc936.o [1]
  .text               ro code  0x08044d6c    0x2e0  bsp_tim_pwm.o [1]
  .rodata             const    0x0804504c    0x190  product_cal.o [1]
  .text               ro code  0x080451dc    0x154  system_stm32f4xx.o [1]
  .rodata             const    0x08045330    0x100  mcheck.o [1]
  .rodata             const    0x08045430    0x100  mcheck.o [1]
  .rodata             const    0x08045530    0x100  mcheck.o [1]
  .text               ro code  0x08045630     0xd0  packbits_init.o [5]
  .text               ro code  0x08045700      0x6  abort.o [3]
  .text               ro code  0x08045708     0x14  exit.o [6]
  .text               ro code  0x0804571c     0x48  bsp.o [1]
  .text               ro code  0x08045764     0x44  bsp_relay.o [1]
  .text               ro code  0x080457a8     0x40  zero_init3.o [5]
  .text               ro code  0x080457e8     0x3c  SysInfoTest.o [1]
  .rodata             const    0x08045824     0x38  demo_fatfs.o [1]
  .text               ro code  0x0804585c     0x38  stm32f4xx_it.o [1]
  .text               ro code  0x08045894     0x34  main.o [1]
  .rodata             const    0x080458c8     0x30  apptask.o [1]
  .rodata             const    0x080458f8     0x30  apptask.o [1]
  .rodata             const    0x08045928     0x30  demo_fatfs.o [1]
  .rodata             const    0x08045958     0x30  demo_fatfs.o [1]
  .rodata             const    0x08045988     0x2c  apptask.o [1]
  .rodata             const    0x080459b4     0x2c  demo_fatfs.o [1]
  .rodata             const    0x080459e0     0x2c  demo_fatfs.o [1]
  .rodata             const    0x08045a0c     0x2c  stm32f4xx_it.o [1]
  .rodata             const    0x08045a38     0x28  demo_fatfs.o [1]
  .rodata             const    0x08045a60     0x28  demo_fatfs.o [1]
  .rodata             const    0x08045a88     0x28  demo_fatfs.o [1]
  .text               ro code  0x08045ab0     0x28  data_init.o [5]
  .rodata             const    0x08045ad8     0x24  apptask.o [1]
  .rodata             const    0x08045afc     0x24  apptask.o [1]
  .rodata             const    0x08045b20     0x24  apptask.o [1]
  .rodata             const    0x08045b44     0x24  apptask.o [1]
  .rodata             const    0x08045b68     0x24  apptask.o [1]
  .rodata             const    0x08045b8c     0x24  apptask.o [1]
  .rodata             const    0x08045bb0     0x24  apptask.o [1]
  .rodata             const    0x08045bd4     0x24  apptask.o [1]
  .rodata             const    0x08045bf8     0x24  apptask.o [1]
  .rodata             const    0x08045c1c     0x24  demo_fatfs.o [1]
  .rodata             const    0x08045c40     0x24  demo_fatfs.o [1]
  .rodata             const    0x08045c64     0x24  usbh_usr.o [1]
  .text               ro code  0x08045c88     0x22  fpinit_M.o [4]
  .iar.init_table     const    0x08045cac     0x34  - Linker created -
  .rodata             const    0x08045ce0     0x20  apptask.o [1]
  .rodata             const    0x08045d00     0x20  apptask.o [1]
  .rodata             const    0x08045d20     0x20  apptask.o [1]
  .rodata             const    0x08045d40     0x20  demo_fatfs.o [1]
  .rodata             const    0x08045d60     0x20  demo_fatfs.o [1]
  .rodata             const    0x08045d80     0x20  demo_fatfs.o [1]
  .rodata             const    0x08045da0     0x20  usbh_usr.o [1]
  .rodata             const    0x08045dc0     0x20  usbh_usr.o [1]
  .rodata             const    0x08045de0     0x20  usbh_usr.o [1]
  .rodata             const    0x08045e00     0x20  usbh_usr.o [1]
  .rodata             const    0x08045e20     0x20  usbh_usr.o [1]
  .rodata             const    0x08045e40     0x1c  apptask.o [1]
  .rodata             const    0x08045e5c     0x1c  apptask.o [1]
  .rodata             const    0x08045e78     0x1c  apptask.o [1]
  .rodata             const    0x08045e94     0x1c  apptask.o [1]
  .rodata             const    0x08045eb0     0x1c  apptask.o [1]
  .rodata             const    0x08045ecc     0x1c  apptask.o [1]
  .rodata             const    0x08045ee8     0x1c  apptask.o [1]
  .rodata             const    0x08045f04     0x1c  demo_fatfs.o [1]
  .rodata             const    0x08045f20     0x1c  demo_fatfs.o [1]
  .rodata             const    0x08045f3c     0x1c  usbh_usr.o [1]
  .rodata             const    0x08045f58     0x1c  usbh_usr.o [1]
  .rodata             const    0x08045f74     0x1c  usbh_usr.o [1]
  .rodata             const    0x08045f90     0x1c  usbh_usr.o [1]
  .rodata             const    0x08045fac     0x1c  usbh_usr.o [1]
  .rodata             const    0x08045fc8     0x1c  usbh_usr.o [1]
  .text               ro code  0x08045fe4     0x1a  cmain.o [5]
  .text               ro code  0x08045ffe      0x4  exit.o [3]
  .text               ro code  0x08046004      0xa  cexit.o [5]
  .rodata             const    0x08046010     0x18  apptask.o [1]
  .rodata             const    0x08046028     0x18  apptask.o [1]
  .rodata             const    0x08046040     0x18  apptask.o [1]
  .rodata             const    0x08046058     0x18  apptask.o [1]
  .rodata             const    0x08046070     0x18  apptask.o [1]
  .rodata             const    0x08046088     0x18  apptask.o [1]
  .rodata             const    0x080460a0     0x18  apptask.o [1]
  .rodata             const    0x080460b8     0x18  apptask.o [1]
  .rodata             const    0x080460d0     0x18  demo_fatfs.o [1]
  .rodata             const    0x080460e8     0x18  demo_fatfs.o [1]
  .rodata             const    0x08046100     0x18  demo_fatfs.o [1]
  .rodata             const    0x08046118     0x18  demo_fatfs.o [1]
  .rodata             const    0x08046130     0x18  para.o [1]
  .rodata             const    0x08046148     0x18  usbh_usr.o [1]
  .rodata             const    0x08046160     0x18  usbh_usr.o [1]
  .rodata             const    0x08046178     0x18  usbh_usr.o [1]
  .rodata             const    0x08046190     0x18  usbh_usr.o [1]
  .rodata             const    0x080461a8     0x18  usbh_usr.o [1]
  .text               ro code  0x080461c0     0x16  xprout.o [3]
  .text               ro code  0x080461d8      0xc  putchar.o [3]
  .rodata             const    0x080461e4     0x14  apptask.o [1]
  .rodata             const    0x080461f8     0x14  apptask.o [1]
  .rodata             const    0x0804620c     0x14  apptask.o [1]
  .rodata             const    0x08046220     0x14  apptask.o [1]
  .rodata             const    0x08046234     0x14  apptask.o [1]
  .rodata             const    0x08046248     0x14  apptask.o [1]
  .rodata             const    0x0804625c     0x14  apptask.o [1]
  .rodata             const    0x08046270     0x14  apptask.o [1]
  .rodata             const    0x08046284     0x14  usbh_usr.o [1]
  .rodata             const    0x08046298     0x14  usbh_usr.o [1]
  .rodata             const    0x080462ac     0x10  apptask.o [1]
  .rodata             const    0x080462bc     0x10  apptask.o [1]
  .rodata             const    0x080462cc     0x10  apptask.o [1]
  .rodata             const    0x080462dc     0x10  apptask.o [1]
  .rodata             const    0x080462ec     0x10  apptask.o [1]
  .rodata             const    0x080462fc     0x10  apptask.o [1]
  .rodata             const    0x0804630c     0x10  apptask.o [1]
  .rodata             const    0x0804631c     0x10  apptask.o [1]
  .rodata             const    0x0804632c     0x10  apptask.o [1]
  .rodata             const    0x0804633c     0x10  apptask.o [1]
  .rodata             const    0x0804634c     0x10  apptask.o [1]
  .rodata             const    0x0804635c     0x10  apptask.o [1]
  .rodata             const    0x0804636c     0x10  apptask.o [1]
  .rodata             const    0x0804637c     0x10  apptask.o [1]
  .rodata             const    0x0804638c     0x10  apptask.o [1]
  .rodata             const    0x0804639c     0x10  apptask.o [1]
  .rodata             const    0x080463ac     0x10  apptask.o [1]
  .rodata             const    0x080463bc     0x10  apptask.o [1]
  .rodata             const    0x080463cc     0x10  apptask.o [1]
  .rodata             const    0x080463dc     0x10  bsp_sdwe050c17.o [1]
  .rodata             const    0x080463ec     0x10  ff.o [1]
  .rodata             const    0x080463fc     0x10  main.o [1]
  .rodata             const    0x0804640c     0x10  main.o [1]
  .rodata             const    0x0804641c     0x10  para.o [1]
  .rodata             const    0x0804642c     0x10  para.o [1]
  .rodata             const    0x0804643c     0x10  usbh_usr.o [1]
  .rodata             const    0x0804644c     0x10  usbh_usr.o [1]
  .text               ro code  0x0804645c     0x10  startup_stm32f40_41xxx.o [1]
  .text               ro code  0x0804646c     0x10  usbh_it.o [1]
  .rodata             const    0x0804647c      0xc  apptask.o [1]
  .rodata             const    0x08046488      0xc  apptask.o [1]
  .rodata             const    0x08046494      0xc  apptask.o [1]
  .rodata             const    0x080464a0      0xc  apptask.o [1]
  .rodata             const    0x080464ac      0xc  apptask.o [1]
  .rodata             const    0x080464b8      0xc  apptask.o [1]
  .rodata             const    0x080464c4      0xc  apptask.o [1]
  .rodata             const    0x080464d0      0xc  apptask.o [1]
  .rodata             const    0x080464dc      0xc  apptask.o [1]
  .rodata             const    0x080464e8      0xc  apptask.o [1]
  .rodata             const    0x080464f4      0xc  apptask.o [1]
  .rodata             const    0x08046500      0xc  apptask.o [1]
  .rodata             const    0x0804650c      0xc  apptask.o [1]
  .rodata             const    0x08046518      0xc  apptask.o [1]
  .rodata             const    0x08046524      0xc  apptask.o [1]
  .rodata             const    0x08046530      0xc  apptask.o [1]
  .rodata             const    0x0804653c      0xc  apptask.o [1]
  .rodata             const    0x08046548      0xc  apptask.o [1]
  .rodata             const    0x08046554      0xc  apptask.o [1]
  .rodata             const    0x08046560      0xc  apptask.o [1]
  .rodata             const    0x0804656c      0xc  apptask.o [1]
  .rodata             const    0x08046578      0xc  apptask.o [1]
  .rodata             const    0x08046584      0xc  apptask.o [1]
  .rodata             const    0x08046590      0xc  apptask.o [1]
  .rodata             const    0x0804659c      0xc  apptask.o [1]
  .rodata             const    0x080465a8      0xc  apptask.o [1]
  .rodata             const    0x080465b4      0xc  apptask.o [1]
  .rodata             const    0x080465c0      0xc  apptask.o [1]
  .rodata             const    0x080465cc      0xc  apptask.o [1]
  .rodata             const    0x080465d8      0xc  apptask.o [1]
  .rodata             const    0x080465e4      0xc  apptask.o [1]
  .rodata             const    0x080465f0      0xc  apptask.o [1]
  .rodata             const    0x080465fc      0xc  apptask.o [1]
  .rodata             const    0x08046608      0xc  bsp_sdwe050c17.o [1]
  .rodata             const    0x08046614      0xc  demo_fatfs.o [1]
  .rodata             const    0x08046620      0xc  ff.o [1]
  .rodata             const    0x0804662c      0xc  para.o [1]
  .rodata             const    0x08046638      0xc  para.o [1]
  .rodata             const    0x08046644      0xc  para.o [1]
  .rodata             const    0x08046650      0xc  para.o [1]
  .rodata             const    0x0804665c      0xc  para.o [1]
  .text               ro code  0x08046668      0xc  cstartup_M.o [5]
  .rodata             const    0x08046674      0x8  apptask.o [1]
  .rodata             const    0x0804667c      0x8  apptask.o [1]
  .rodata             const    0x08046684      0x8  apptask.o [1]
  .rodata             const    0x0804668c      0x8  apptask.o [1]
  .rodata             const    0x08046694      0x8  apptask.o [1]
  .rodata             const    0x0804669c      0x8  apptask.o [1]
  .rodata             const    0x080466a4      0x8  apptask.o [1]
  .rodata             const    0x080466ac      0x8  apptask.o [1]
  .rodata             const    0x080466b4      0x8  apptask.o [1]
  .rodata             const    0x080466bc      0x8  apptask.o [1]
  .rodata             const    0x080466c4      0x8  apptask.o [1]
  .rodata             const    0x080466cc      0x8  apptask.o [1]
  .rodata             const    0x080466d4      0x8  apptask.o [1]
  .rodata             const    0x080466dc      0x8  apptask.o [1]
  .rodata             const    0x080466e4      0x8  bsp_sdwe050c17.o [1]
  .rodata             const    0x080466ec      0x8  bsp_w25qxx.o [1]
  .rodata             const    0x080466f4      0x8  ff.o [1]
  .rodata             const    0x080466fc      0x8  malloc.o [1]
  .rodata             const    0x08046704      0x8  malloc.o [1]
  .rodata             const    0x0804670c      0x8  malloc.o [1]
  .rodata             const    0x08046714      0x8  para.o [1]
  .rodata             const    0x0804671c      0x8  para.o [1]
  .rodata             const    0x08046724      0x8  para.o [1]
  .rodata             const    0x0804672c      0x8  para.o [1]
  .rodata             const    0x08046734      0x8  para.o [1]
  .rodata             const    0x0804673c      0x8  para.o [1]
  .rodata             const    0x08046744      0x8  para.o [1]
  .rodata             const    0x0804674c      0x8  para.o [1]
  .rodata             const    0x08046754      0x8  para.o [1]
  .rodata             const    0x0804675c      0x8  para.o [1]
  .rodata             const    0x08046764      0x8  para.o [1]
  .rodata             const    0x0804676c      0x8  para.o [1]
  .rodata             const    0x08046774      0x8  para.o [1]
  .rodata             const    0x0804677c      0x8  para.o [1]
  .rodata             const    0x08046784      0x8  para.o [1]
  .rodata             const    0x0804678c      0x8  para.o [1]
  .rodata             const    0x08046794      0x8  para.o [1]
  .rodata             const    0x0804679c      0x8  para.o [1]
  .rodata             const    0x080467a4      0x8  para.o [1]
  .rodata             const    0x080467ac      0x8  para.o [1]
  .rodata             const    0x080467b4      0x8  para.o [1]
  .rodata             const    0x080467bc      0x8  para.o [1]
  .rodata             const    0x080467c4      0x8  tasks.o [1]
  .rodata             const    0x080467cc      0x8  timers.o [1]
  .rodata             const    0x080467d4      0x4  heap_4.o [1]
  .rodata             const    0x080467d8      0x4  port.o [1]
  .text               ro code  0x080467dc      0x4  startup_stm32f40_41xxx.o [1]
  .text               ro code  0x080467e0      0x4  startup_stm32f40_41xxx.o [1]
  .text               ro code  0x080467e4      0x4  startup_stm32f40_41xxx.o [1]
  .text               ro code  0x080467e8      0x4  startup_stm32f40_41xxx.o [1]
  .text               ro code  0x080467ec      0x4  startup_stm32f40_41xxx.o [1]
  .text               ro code  0x080467f0      0x4  startup_stm32f40_41xxx.o [1]
  .text               ro code  0x080467f4      0x4  startup_stm32f40_41xxx.o [1]
  .text               ro code  0x080467f8      0x4  startup_stm32f40_41xxx.o [1]
  .text               ro code  0x080467fc      0x4  startup_stm32f40_41xxx.o [1]
  .text               ro code  0x08046800      0x4  startup_stm32f40_41xxx.o [1]
  .text               ro code  0x08046804      0x4  startup_stm32f40_41xxx.o [1]
  .text               ro code  0x08046808      0x4  startup_stm32f40_41xxx.o [1]
  .text               ro code  0x0804680c      0x4  startup_stm32f40_41xxx.o [1]
  .text               ro code  0x08046810      0x4  startup_stm32f40_41xxx.o [1]
  .text               ro code  0x08046814      0x4  startup_stm32f40_41xxx.o [1]
  .text               ro code  0x08046818      0x4  startup_stm32f40_41xxx.o [1]
  .text               ro code  0x0804681c      0x4  startup_stm32f40_41xxx.o [1]
  .text               ro code  0x08046820      0x4  startup_stm32f40_41xxx.o [1]
  .text               ro code  0x08046824      0x4  startup_stm32f40_41xxx.o [1]
  .text               ro code  0x08046828      0x4  startup_stm32f40_41xxx.o [1]
  .text               ro code  0x0804682c      0x4  startup_stm32f40_41xxx.o [1]
  .text               ro code  0x08046830      0x4  startup_stm32f40_41xxx.o [1]
  .text               ro code  0x08046834      0x4  startup_stm32f40_41xxx.o [1]
  .text               ro code  0x08046838      0x4  startup_stm32f40_41xxx.o [1]
  .text               ro code  0x0804683c      0x4  startup_stm32f40_41xxx.o [1]
  .text               ro code  0x08046840      0x4  startup_stm32f40_41xxx.o [1]
  .text               ro code  0x08046844      0x4  startup_stm32f40_41xxx.o [1]
  .text               ro code  0x08046848      0x4  startup_stm32f40_41xxx.o [1]
  .text               ro code  0x0804684c      0x4  startup_stm32f40_41xxx.o [1]
  .text               ro code  0x08046850      0x4  startup_stm32f40_41xxx.o [1]
  .text               ro code  0x08046854      0x4  startup_stm32f40_41xxx.o [1]
  .text               ro code  0x08046858      0x4  startup_stm32f40_41xxx.o [1]
  .text               ro code  0x0804685c      0x4  startup_stm32f40_41xxx.o [1]
  .text               ro code  0x08046860      0x4  startup_stm32f40_41xxx.o [1]
  .text               ro code  0x08046864      0x4  startup_stm32f40_41xxx.o [1]
  .text               ro code  0x08046868      0x4  startup_stm32f40_41xxx.o [1]
  .text               ro code  0x0804686c      0x4  startup_stm32f40_41xxx.o [1]
  .text               ro code  0x08046870      0x4  startup_stm32f40_41xxx.o [1]
  .text               ro code  0x08046874      0x4  startup_stm32f40_41xxx.o [1]
  .text               ro code  0x08046878      0x4  startup_stm32f40_41xxx.o [1]
  .text               ro code  0x0804687c      0x4  startup_stm32f40_41xxx.o [1]
  .text               ro code  0x08046880      0x4  startup_stm32f40_41xxx.o [1]
  .text               ro code  0x08046884      0x4  startup_stm32f40_41xxx.o [1]
  .text               ro code  0x08046888      0x4  startup_stm32f40_41xxx.o [1]
  .text               ro code  0x0804688c      0x4  startup_stm32f40_41xxx.o [1]
  .text               ro code  0x08046890      0x4  startup_stm32f40_41xxx.o [1]
  .text               ro code  0x08046894      0x4  startup_stm32f40_41xxx.o [1]
  .text               ro code  0x08046898      0x4  startup_stm32f40_41xxx.o [1]
  .text               ro code  0x0804689c      0x4  startup_stm32f40_41xxx.o [1]
  .text               ro code  0x080468a0      0x4  startup_stm32f40_41xxx.o [1]
  .text               ro code  0x080468a4      0x4  startup_stm32f40_41xxx.o [1]
  .text               ro code  0x080468a8      0x4  startup_stm32f40_41xxx.o [1]
  .text               ro code  0x080468ac      0x4  startup_stm32f40_41xxx.o [1]
  .text               ro code  0x080468b0      0x4  startup_stm32f40_41xxx.o [1]
  .text               ro code  0x080468b4      0x4  startup_stm32f40_41xxx.o [1]
  .text               ro code  0x080468b8      0x4  startup_stm32f40_41xxx.o [1]
  .text               ro code  0x080468bc      0x4  startup_stm32f40_41xxx.o [1]
  .text               ro code  0x080468c0      0x4  startup_stm32f40_41xxx.o [1]
  .text               ro code  0x080468c4      0x4  startup_stm32f40_41xxx.o [1]
  .text               ro code  0x080468c8      0x4  startup_stm32f40_41xxx.o [1]
  .text               ro code  0x080468cc      0x4  startup_stm32f40_41xxx.o [1]
  .text               ro code  0x080468d0      0x4  startup_stm32f40_41xxx.o [1]
  .text               ro code  0x080468d4      0x4  startup_stm32f40_41xxx.o [1]
  .text               ro code  0x080468d8      0x4  startup_stm32f40_41xxx.o [1]
  .text               ro code  0x080468dc      0x4  startup_stm32f40_41xxx.o [1]
  .text               ro code  0x080468e0      0x4  startup_stm32f40_41xxx.o [1]
  .text               ro code  0x080468e4      0x4  startup_stm32f40_41xxx.o [1]
  .text               ro code  0x080468e8      0x4  startup_stm32f40_41xxx.o [1]
  .rodata             const    0x080468ec      0x0  zero_init3.o [5]
  .rodata             const    0x080468ec      0x0  packbits_init.o [5]
  Initializer bytes   const    0x080468ec    0x125  <for P2 s0>
                             - 0x08046a11  0x46889

"P2":                                      0x1d478
  P2 s0                        0x20000000    0x246  <Init block>
    __DLIB_PERTHREAD  inited   0x20000000     0x88  localeconv.o [3]
    __DLIB_PERTHREAD  inited   0x20000088     0x74  setlocale.o [3]
    .data             inited   0x200000fc     0x50  demo_fatfs.o [1]
    .data             inited   0x2000014c     0x48  usbh_usr.o [1]
    .data             inited   0x20000194     0x40  xfiles.o [3]
    .data             inited   0x200001d4     0x1c  malloc.o [1]
    .data             inited   0x200001f0     0x14  bsp_servomotor.o [1]
    .data             inited   0x20000204     0x10  stm32f4xx_rcc.o [1]
    .data             inited   0x20000214     0x10  usbh_msc_core.o [1]
    .data             inited   0x20000224      0xc  usbh_core.o [1]
    .data             inited   0x20000230      0x4  port.o [1]
    .data             inited   0x20000234      0x4  system_stm32f4xx.o [1]
    .data             inited   0x20000238      0x4  usbh_core.o [1]
    __DLIB_PERTHREAD  inited   0x2000023c      0x4  errno.o [3]
    .data             inited   0x20000240      0x2  bsp_w25qxx.o [1]
    .data             inited   0x20000242      0x1  apptask.o [1]
    .data             inited   0x20000243      0x1  encoder_tim.o [1]
    .data             inited   0x20000244      0x1  page_weimi.o [1]
    .data             inited   0x20000245      0x1  usbh_msc_scsi.o [1]
  .bss                zero     0x20000248   0xf000  heap_4.o [1]
  .bss                zero     0x2000f248   0xa000  malloc.o [1]
  .bss                zero     0x20019248   0x1000  bsp_w25qxx.o [1]
  .bss                zero     0x2001a248    0xa00  malloc.o [1]
  .bss                zero     0x2001ac48    0x5ac  usbh_usr.o [1]
  .bss                zero     0x2001b1f4    0x5ac  usbh_usr.o [1]
  .bss                zero     0x2001b7a0    0x3e8  bsp_uart_fifo.o [1]
  .bss                zero     0x2001bb88    0x200  ff.o [1]
  .bss                zero     0x2001bd88    0x200  usbh_msc_scsi.o [1]
  .bss                zero     0x2001bf88    0x200  usbh_stdreq.o [1]
  .bss                zero     0x2001c188    0x140  tasks.o [1]
  .bss                zero     0x2001c2c8    0x12c  page_weimi.o [1]
  .bss                zero     0x2001c3f4     0xd4  protocol.o [1]
  .bss                zero     0x2001c4c8     0xa4  protocol.o [1]
  .bss                zero     0x2001c56c     0x98  para.o [1]
  .bss                zero     0x2001c604     0x94  usbh_usr.o [1]
  .bss                zero     0x2001c698     0x64  bsp_uart_fifo.o [1]
  .bss                zero     0x2001c6fc     0x64  bsp_uart_fifo.o [1]
  .bss                zero     0x2001c760     0x58  bsp_sdio_sd.o [1]
  .bss                zero     0x2001c7b8     0x58  protocol.o [1]
  .bss                zero     0x2001c810     0x50  xfiles.o [3]
  .bss                zero     0x2001c860     0x4c  usbh_msc_core.o [1]
  .bss                zero     0x2001c8ac     0x34  bsp_sdwe050c17.o [1]
  .bss                zero     0x2001c8e0     0x34  product_cal.o [1]
  .bss                zero     0x2001c914     0x28  product_cal.o [1]
  .bss                zero     0x2001c93c     0x24  ff.o [1]
  .bss                zero     0x2001c960     0x20  usbh_msc_bot.o [1]
  .bss                zero     0x2001c980     0x18  bsp_sdio_sd.o [1]
  .bss                zero     0x2001c998     0x18  bsp_sdio_sd.o [1]
  .bss                zero     0x2001c9b0     0x18  page_weimi.o [1]
  .bss                zero     0x2001c9c8     0x14  bsp_sdio_sd.o [1]
  .bss                zero     0x2001c9dc     0x14  rc522.o [1]
  .bss                zero     0x2001c9f0     0x14  tasks.o [1]
  .bss                zero     0x2001ca04     0x14  tasks.o [1]
  .bss                zero     0x2001ca18     0x14  tasks.o [1]
  .bss                zero     0x2001ca2c     0x14  tasks.o [1]
  .bss                zero     0x2001ca40     0x14  tasks.o [1]
  .bss                zero     0x2001ca54     0x14  timers.o [1]
  .bss                zero     0x2001ca68     0x14  timers.o [1]
  .bss                zero     0x2001ca7c     0x10  bsp_sdio_sd.o [1]
  .bss                zero     0x2001ca8c     0x10  bsp_sdio_sd.o [1]
  .bss                zero     0x2001ca9c     0x10  encoder_tim.o [1]
  .bss                zero     0x2001caac     0x10  usbh_msc_bot.o [1]
  .bss                zero     0x2001cabc     0x10  usbh_msc_bot.o [1]
  .bss                zero     0x2001cacc     0x10  usbh_msc_scsi.o [1]
  .bss                zero     0x2001cadc      0xc  apptask.o [1]
  .bss                zero     0x2001cae8      0xc  apptask.o [1]
  .bss                zero     0x2001caf4      0xc  ff.o [1]
  .bss                zero     0x2001cb00      0xc  protocol.o [1]
  .bss                zero     0x2001cb0c      0xc  protocol.o [1]
  .bss                zero     0x2001cb18      0xc  protocol.o [1]
  .bss                zero     0x2001cb24      0x8  heap_4.o [1]
  .bss                zero     0x2001cb2c      0x8  modbus.o [1]
  .bss                zero     0x2001cb34      0x8  protocol.o [1]
  .bss                zero     0x2001cb3c      0x4  apptask.o [1]
  .bss                zero     0x2001cb40      0x4  apptask.o [1]
  .bss                zero     0x2001cb44      0x4  apptask.o [1]
  .bss                zero     0x2001cb48      0x4  apptask.o [1]
  .bss                zero     0x2001cb4c      0x4  apptask.o [1]
  .bss                zero     0x2001cb50      0x4  apptask.o [1]
  .bss                zero     0x2001cb54      0x4  apptask.o [1]
  .bss                zero     0x2001cb58      0x4  apptask.o [1]
  .bss                zero     0x2001cb5c      0x4  apptask.o [1]
  .bss                zero     0x2001cb60      0x4  apptask.o [1]
  .bss                zero     0x2001cb64      0x4  apptask.o [1]
  .bss                zero     0x2001cb68      0x4  apptask.o [1]
  .bss                zero     0x2001cb6c      0x4  apptask.o [1]
  .bss                zero     0x2001cb70      0x4  apptask.o [1]
  .bss                zero     0x2001cb74      0x4  apptask.o [1]
  .bss                zero     0x2001cb78      0x4  apptask.o [1]
  .bss                zero     0x2001cb7c      0x4  apptask.o [1]
  .bss                zero     0x2001cb80      0x4  apptask.o [1]
  .bss                zero     0x2001cb84      0x4  apptask.o [1]
  .bss                zero     0x2001cb88      0x4  apptask.o [1]
  .bss                zero     0x2001cb8c      0x4  apptask.o [1]
  .bss                zero     0x2001cb90      0x4  apptask.o [1]
  .bss                zero     0x2001cb94      0x4  bsp_sdio_sd.o [1]
  .bss                zero     0x2001cb98      0x4  bsp_sdio_sd.o [1]
  .bss                zero     0x2001cb9c      0x4  bsp_sdio_sd.o [1]
  .bss                zero     0x2001cba0      0x4  bsp_sdio_sd.o [1]
  .bss                zero     0x2001cba4      0x4  bsp_sdio_sd.o [1]
  .bss                zero     0x2001cba8      0x4  bsp_timer.o [1]
  .bss                zero     0x2001cbac      0x4  bsp_timer.o [1]
  .bss                zero     0x2001cbb0      0x4  bsp_timer.o [1]
  .bss                zero     0x2001cbb4      0x4  bsp_timer.o [1]
  .bss                zero     0x2001cbb8      0x4  heap_4.o [1]
  .bss                zero     0x2001cbbc      0x4  heap_4.o [1]
  .bss                zero     0x2001cbc0      0x4  heap_4.o [1]
  .bss                zero     0x2001cbc4      0x4  heap_4.o [1]
  .bss                zero     0x2001cbc8      0x4  port.o [1]
  .bss                zero     0x2001cbcc      0x4  product_cal.o [1]
  .bss                zero     0x2001cbd0      0x4  product_cal.o [1]
  .bss                zero     0x2001cbd4      0x4  SysInfoTest.o [1]
  .bss                zero     0x2001cbd8      0x4  tasks.o [1]
  .bss                zero     0x2001cbdc      0x4  tasks.o [1]
  .bss                zero     0x2001cbe0      0x4  tasks.o [1]
  .bss                zero     0x2001cbe4      0x4  tasks.o [1]
  .bss                zero     0x2001cbe8      0x4  tasks.o [1]
  .bss                zero     0x2001cbec      0x4  tasks.o [1]
  .bss                zero     0x2001cbf0      0x4  tasks.o [1]
  .bss                zero     0x2001cbf4      0x4  tasks.o [1]
  .bss                zero     0x2001cbf8      0x4  tasks.o [1]
  .bss                zero     0x2001cbfc      0x4  tasks.o [1]
  .bss                zero     0x2001cc00      0x4  tasks.o [1]
  .bss                zero     0x2001cc04      0x4  tasks.o [1]
  .bss                zero     0x2001cc08      0x4  tasks.o [1]
  .bss                zero     0x2001cc0c      0x4  tasks.o [1]
  .bss                zero     0x2001cc10      0x4  tasks.o [1]
  .bss                zero     0x2001cc14      0x4  tasks.o [1]
  .bss                zero     0x2001cc18      0x4  timers.o [1]
  .bss                zero     0x2001cc1c      0x4  timers.o [1]
  .bss                zero     0x2001cc20      0x4  timers.o [1]
  .bss                zero     0x2001cc24      0x4  timers.o [1]
  .bss                zero     0x2001cc28      0x4  usbh_msc_bot.o [1]
  .bss                zero     0x2001cc2c      0x4  usbh_msc_bot.o [1]
  .bss                zero     0x2001cc30      0x4  usbh_msc_bot.o [1]
  .bss                zero     0x2001cc34      0x4  usbh_msc_bot.o [1]
  .bss                zero     0x2001cc38      0x2  apptask.o [1]
  .bss                zero     0x2001cc3a      0x2  apptask.o [1]
  .bss                zero     0x2001cc3c      0x2  apptask.o [1]
  .bss                zero     0x2001cc3e      0x2  apptask.o [1]
  .bss                zero     0x2001cc40      0x2  apptask.o [1]
  .bss                zero     0x2001cc42      0x2  bsp_sdwe050c17.o [1]
  .bss                zero     0x2001cc44      0x2  encoder_tim.o [1]
  .bss                zero     0x2001cc46      0x2  encoder_tim.o [1]
  .bss                zero     0x2001cc48      0x2  ff.o [1]
  .bss                zero     0x2001cc4a      0x2  page_weimi.o [1]
  .bss                zero     0x2001cc4c      0x2  page_weimi.o [1]
  .bss                zero     0x2001cc4e      0x2  product_cal.o [1]
  .bss                zero     0x2001cc50      0x2  usbh_core.o [1]
  .bss                zero     0x2001cc52      0x2  usbh_stdreq.o [1]
  .bss                zero     0x2001cc54      0x1  apptask.o [1]
  .bss                zero     0x2001cc55      0x1  apptask.o [1]
  .bss                zero     0x2001cc56      0x1  apptask.o [1]
  .bss                zero     0x2001cc57      0x1  apptask.o [1]
  .bss                zero     0x2001cc58      0x1  apptask.o [1]
  .bss                zero     0x2001cc59      0x1  apptask.o [1]
  .bss                zero     0x2001cc5a      0x1  apptask.o [1]
  .bss                zero     0x2001cc5b      0x1  apptask.o [1]
  .bss                zero     0x2001cc5c      0x1  apptask.o [1]
  .bss                zero     0x2001cc5d      0x1  apptask.o [1]
  .bss                zero     0x2001cc5e      0x1  apptask.o [1]
  .bss                zero     0x2001cc5f      0x1  apptask.o [1]
  .bss                zero     0x2001cc60      0x1  bsp_sdio_sd.o [1]
  .bss                zero     0x2001cc61      0x1  bsp_sdwe050c17.o [1]
  .bss                zero     0x2001cc62      0x1  bsp_uart_fifo.o [1]
  .bss                zero     0x2001cc63      0x1  page_weimi.o [1]
  .bss                zero     0x2001cc64      0x1  page_weimi.o [1]
  .bss                zero     0x2001cc65      0x1  page_weimi.o [1]
  .bss                zero     0x2001cc66      0x1  page_weimi.o [1]
  .bss                zero     0x2001cc67      0x1  port.o [1]
  .bss                zero     0x2001cc68      0x1  product_cal.o [1]
  .bss                zero     0x2001cc69      0x1  product_cal.o [1]
  .bss                zero     0x2001cc6a      0x1  product_cal.o [1]
  .bss                zero     0x2001cc6b      0x1  protocol.o [1]
  .bss                zero     0x2001cc6c      0x1  rc522.o [1]
  .bss                zero     0x2001cc6d      0x1  rc522.o [1]
  .bss                zero     0x2001cc6e      0x1  usbh_msc_bot.o [1]
  .bss                zero     0x2001cc6f      0x1  usbh_msc_core.o [1]
  .bss                zero     0x2001cc70      0x1  usbh_msc_core.o [1]
  .bss                zero     0x2001cc71      0x1  usbh_stdreq.o [1]
  .bss                zero     0x2001cc72      0x1  usbh_usr.o [1]
  CSTACK                       0x2001cc78    0x800  <Block>
    CSTACK            uninit   0x2001cc78    0x800  <Block tail>
                             - 0x2001d478  0x1d478

Absolute sections:                         0xff000
  .bss                zero     0x68000000  0xf0000  malloc.o [1]
  .bss                zero     0x680f0000   0xf000  malloc.o [1]
                             - 0x680ff000  0xff000


*******************************************************************************
*** INIT TABLE
***

          Address     Size
          -------     ----
Zero (__iar_zero_init3)
    2 destination ranges, total size 0x11ba2b:
          0x20000248  0x1ca2b
          0x68000000  0xff000

Copy/packbits (__iar_packbits_init3)
    1 source range, total size 0x125 (50% of destination):
          0x080468ec    0x125
    1 destination range, total size 0x246:
          0x20000000    0x246



*******************************************************************************
*** MODULE SUMMARY
***

    Module                    ro code  ro data  rw data    rw data
                                                            (abs)
    ------                    -------  -------  -------    -------
E:\work\YarnControl_Driver\src\stm32f4_rtos\Project\EWARMv7\Flash\Obj: [1]
    SysInfoTest.o                  60                 4
    apptask.o                  23 664    2 945      135
    bsp.o                          72
    bsp_closeSW.o                 212
    bsp_dwt.o                     116
    bsp_led.o                     192
    bsp_relay.o                    68
    bsp_sdio_sd.o               6 744               209
    bsp_sdwe050c17.o            5 836       36       55
    bsp_servomotor.o            1 164       10       20
    bsp_spi.o                     292
    bsp_stepmotor.o               828
    bsp_sw_onoff.o                104
    bsp_tim_pwm.o                 736
    bsp_timer.o                   516                16
    bsp_uart_fifo.o             2 712             1 201
    bsp_w25qxx.o                  896        9    4 098
    bsp_watchdog.o                  8
    cc936.o                       244  176 320
    demo_fatfs.o                           733       80
    diskio.o                      740
    encoder_tim.o                 604                21
    event_groups.o                610
    ff.o                        9 368       36      562
    heap_4.o                      640        4   61 464
    list.o                        152
    main.o                         52       32
    malloc.o                      540       38   43 548  1 044 480
    mcheck.o                      184      768
    misc.o                        136
    modbus.o                      852                 8
    page_weimi.o                  592        1      333
    para.o                      5 118      292      152
    port.o                        588        6        9
    portasm.o                     168
    product_cal.o               1 320      400      105
    protocol.o                     68               509
    queue.o                     1 992
    rc522.o                       174                22
    startup_stm32f40_41xxx.o      680
    stm32f4xx_dma.o               796
    stm32f4xx_exti.o              192
    stm32f4xx_gpio.o              300
    stm32f4xx_it.o                 56       44
    stm32f4xx_iwdg.o               16
    stm32f4xx_rcc.o               488        8       16
    stm32f4xx_sdio.o              380
    stm32f4xx_spi.o               116
    stm32f4xx_syscfg.o             84
    stm32f4xx_tim.o             1 764
    stm32f4xx_usart.o             596
    system_stm32f4xx.o            340        2        4
    tasks.o                     3 072        8      484
    timers.o                    1 188        8       56
    usb_bsp.o                     332
    usb_core.o                  2 640
    usb_hcd.o                     214
    usb_hcd_int.o               3 198
    usbh_core.o                 1 888        8       18
    usbh_hcs.o                    442
    usbh_ioreq.o                  582
    usbh_it.o                      16
    usbh_msc_bot.o              1 364                81
    usbh_msc_core.o             1 000        8       94
    usbh_msc_scsi.o             1 560        1      529
    usbh_stdreq.o               1 078               515
    usbh_usr.o                    418      592    3 125
    --------------------------------------------------------------
    Total:                     93 162  182 309  117 473  1 044 480

command line: [2]
    --------------------------------------------------------------
    Total:

dl7M_tlf.a: [3]
    abort.o                         6
    div.o                          14
    errno.o                        12        2        4
    exit.o                          4
    isxxx.o                        40
    localeconv.o                  108       68      136
    printf.o                       36
    putchar.o                      12
    setlocale.o                    24       58      116
    sprintf.o                      52
    sscanf.o                       36
    strcat.o                       28
    strstr.o                       44
    tolower.o                      20
    xfiles.o                                32      144
    xlocale_c.o                    54
    xprintffull_nomb.o          3 478
    xprout.o                       22
    xscanffull_nomb.o           2 916
    xsprout.o                      10
    xsscin.o                       30
    xstoflt.o                     440
    xstoll.o                      164
    xstopfx.o                     292
    xstoull.o                     432
    xstoxflt.o                    536
    xtls.o                          2
    --------------------------------------------------------------
    Total:                      8 812      160      400

m7M_tls.a: [4]
    DblAdd.o                      232
    DblCmpEq.o                     32
    DblCmpGe.o                     46
    DblCmpLe.o                     46
    DblDiv.o                      598
    DblMul.o                      418
    DblSub.o                      384
    DblToFlt.o                    144
    DblToI32.o                     88
    FltToDbl.o                     78
    I32ToDbl.o                     48
    fpinit_M.o                     34
    xdnorm.o                       66
    xdscale.o                     276
    xdtento.o                     512
    xdunscal.o                     82
    xstold.o                      360
    --------------------------------------------------------------
    Total:                      3 444

rt7M_tl.a: [5]
    ABImemcpy_unaligned.o         118
    ABImemset.o                   102
    I64DivMod.o                   306
    I64DivZer.o                     2
    cexit.o                        10
    cmain.o                        26
    cstartup_M.o                   12
    data_init.o                    40
    memchr.o                       88
    memcmp_unaligned.o             98
    packbits_init.o               208
    strchr.o                       22
    strcmp_unaligned.o             66
    strcpy_unaligned.o             68
    strlen.o                       54
    zero_init3.o                   64
    --------------------------------------------------------------
    Total:                      1 284

shb_l.a: [6]
    exit.o                         20
    --------------------------------------------------------------
    Total:                         20

    Gaps                           48        6        2
    Linker created                          52    2 048
------------------------------------------------------------------
    Grand Total:              106 770  182 527  119 923  1 044 480


*******************************************************************************
*** ENTRY LIST
***

Entry                      Address     Size  Type      Object
-----                      -------     ----  ----      ------
.iar.init_table$$Base   0x08045cac            --   Gb  - Linker created -
.iar.init_table$$Limit  0x08045ce0            --   Gb  - Linker created -
?main                   0x08045fe5           Code  Gb  cmain.o [5]
APBAHBPrescTable        0x20000204     0x10  Data  Lc  stm32f4xx_rcc.o [1]
AppObjCreate            0x0803007d    0x194  Code  Gb  apptask.o [1]
AppTaskCreate           0x0802ff09    0x16c  Code  Gb  apptask.o [1]
BOTStallErrorCount      0x2001cc28      0x4  Data  Lc  usbh_msc_bot.o [1]
BusFault_Handler        0x0804588f      0x2  Code  Gb  stm32f4xx_it.o [1]
CID_Tab                 0x2001ca8c     0x10  Data  Lc  bsp_sdio_sd.o [1]
CRC16HiTable            0x08045330    0x100  Data  Gb  mcheck.o [1]
CRC16LoTable            0x08045430    0x100  Data  Gb  mcheck.o [1]
CRC8Table               0x08045530    0x100  Data  Gb  mcheck.o [1]
CSD_Tab                 0x2001ca7c     0x10  Data  Lc  bsp_sdio_sd.o [1]
CSTACK$$Base            0x2001cc78            --   Gb  - Linker created -
CSTACK$$Limit           0x2001d478            --   Gb  - Linker created -
CardType                0x2001cb94      0x4  Data  Lc  bsp_sdio_sd.o [1]
CmdError                0x08040fb1     0x38  Code  Lc  bsp_sdio_sd.o [1]
CmdResp1Error           0x08041055    0x112  Code  Lc  bsp_sdio_sd.o [1]
CmdResp2Error           0x080411a5     0x52  Code  Lc  bsp_sdio_sd.o [1]
CmdResp3Error           0x08041167     0x3e  Code  Lc  bsp_sdio_sd.o [1]
CmdResp6Error           0x080411f7     0xa6  Code  Lc  bsp_sdio_sd.o [1]
CmdResp7Error           0x08040fe9     0x58  Code  Lc  bsp_sdio_sd.o [1]
ConfigExitNVIC          0x0803934f     0x22  Code  Gb  bsp_closeSW.o [1]
ConfigUartNVIC          0x0803adab     0x7c  Code  Lc  bsp_uart_fifo.o [1]
DIFF_G_init             0x08035ba5     0x78  Code  Gb  bsp_servomotor.o [1]
DMA1_Stream0_IRQHandler
                        0x08035f19     0x1c  Code  Gb  bsp_servomotor.o [1]
DMA1_Stream3_IRQHandler
                        0x08035f35     0x1c  Code  Gb  bsp_servomotor.o [1]
DMA2_Stream3_IRQHandler
                        0x08041899      0x8  Code  Gb  bsp_sdio_sd.o [1]
DMAEndOfTransfer        0x2001cba4      0x4  Data  Gb  bsp_sdio_sd.o [1]
DMA_ClearFlag           0x0803cf53     0x24  Code  Gb  stm32f4xx_dma.o [1]
DMA_Cmd                 0x0803cf09     0x1a  Code  Gb  stm32f4xx_dma.o [1]
DMA_DeInit              0x0803cd71    0x140  Code  Gb  stm32f4xx_dma.o [1]
DMA_FlowControllerConfig
                        0x0803cf23     0x18  Code  Gb  stm32f4xx_dma.o [1]
DMA_GetCmdStatus        0x0803cf3b     0x18  Code  Gb  stm32f4xx_dma.o [1]
DMA_GetITStatus         0x0803cfb9     0x62  Code  Gb  stm32f4xx_dma.o [1]
DMA_ITConfig            0x0803cf77     0x42  Code  Gb  stm32f4xx_dma.o [1]
DMA_Init                0x0803ceb1     0x58  Code  Gb  stm32f4xx_dma.o [1]
DebugMon_Handler        0x08045893      0x2  Code  Gb  stm32f4xx_it.o [1]
DiskFile_init           0x08039291     0x40  Code  Gb  protocol.o [1]
Disk_File               0x2001c3f4     0xd4  Data  Gb  protocol.o [1]
ENC_Calc_Average_Speed  0x08039a03      0xe  Code  Gb  encoder_tim.o [1]
ENC_Calc_Rot_Speed      0x08039929     0xda  Code  Gb  encoder_tim.o [1]
ENC_Clear_Speed_Buffer  0x0803990d     0x1c  Code  Gb  encoder_tim.o [1]
ENC_Init                0x08039821     0xec  Code  Gb  encoder_tim.o [1]
EXTI9_5_IRQHandler      0x08039371     0x3c  Code  Gb  bsp_closeSW.o [1]
EXTI_ClearITPendingBit  0x0803e11f      0x6  Code  Gb  stm32f4xx_exti.o [1]
EXTI_GetITStatus        0x0803e105     0x1a  Code  Gb  stm32f4xx_exti.o [1]
EXTI_Init               0x0803e07d     0x88  Code  Gb  stm32f4xx_exti.o [1]
FR_Table                0x200000fc     0x50  Data  Gb  demo_fatfs.o [1]
FatFs                   0x2001caf4      0xc  Data  Lc  ff.o [1]
Files                   0x2001c93c     0x24  Data  Lc  ff.o [1]
FindSCR                 0x08041445    0x206  Code  Lc  bsp_sdio_sd.o [1]
Fsid                    0x2001cc48      0x2  Data  Lc  ff.o [1]
GPIO_Init               0x080393b9     0xaa  Code  Gb  stm32f4xx_gpio.o [1]
GPIO_PinAFConfig        0x0803948b     0x5a  Code  Gb  stm32f4xx_gpio.o [1]
GPIO_ReadInputDataBit   0x08039463     0x1a  Code  Gb  stm32f4xx_gpio.o [1]
GPIO_WriteBit           0x0803947d      0xe  Code  Gb  stm32f4xx_gpio.o [1]
GetDeviceState          0x0803925d     0x2e  Code  Gb  bsp_sw_onoff.o [1]
HCD_GetCurrentFrame     0x0803d2f1      0x8  Code  Gb  usb_hcd.o [1]
HCD_GetCurrentSpeed     0x0803d2d3     0x10  Code  Gb  usb_hcd.o [1]
HCD_GetURB_State        0x0803d2f9      0xa  Code  Gb  usb_hcd.o [1]
HCD_GetXferCnt          0x0803d303      0xc  Code  Gb  usb_hcd.o [1]
HCD_Init                0x0803d261     0x72  Code  Gb  usb_hcd.o [1]
HCD_ResetPort           0x0803d2e3      0xe  Code  Gb  usb_hcd.o [1]
HCD_SubmitRequest       0x0803d30f     0x28  Code  Gb  usb_hcd.o [1]
HardFault_Handler       0x0804585f     0x22  Code  Gb  stm32f4xx_it.o [1]
IWDG_Feed               0x0803a185      0x8  Code  Gb  bsp_watchdog.o [1]
IWDG_ReloadCounter      0x0803e271      0xa  Code  Gb  stm32f4xx_iwdg.o [1]
InStream_Read           0x08045631     0x22  Code  Lc  packbits_init.o [5]
InitHardUart            0x0803a9bf    0x3ec  Code  Lc  bsp_uart_fifo.o [1]
Init_JINGSHA_GUI        0x08030f0f    0x122  Code  Gb  bsp_sdwe050c17.o [1]
JingSha_File            0x2001c7b8     0x58  Data  Gb  protocol.o [1]
LfnBuf                  0x2001bb88    0x200  Data  Lc  ff.o [1]
LfnOfs                  0x080463ec     0x10  Data  Lc  ff.o [1]
LoadInt                 0x0803bc99     0x6e  Code  Lc  xprintffull_nomb.o [3]
MSCErrorCount           0x2001cc6f      0x1  Data  Gb  usbh_msc_core.o [1]
MSC_Machine             0x2001c860     0x4c  Data  Gb  usbh_msc_core.o [1]
MSG_DEV_ATTACHED        0x08046190     0x18  Data  Gb  usbh_usr.o [1]
MSG_DEV_DISCONNECTED    0x080461a8     0x18  Data  Gb  usbh_usr.o [1]
MSG_DEV_ENUMERATED      0x08045f90     0x1c  Data  Gb  usbh_usr.o [1]
MSG_DEV_ERROR           0x08046298     0x14  Data  Gb  usbh_usr.o [1]
MSG_DEV_FULLSPEED       0x08045e00     0x20  Data  Gb  usbh_usr.o [1]
MSG_DEV_HIGHSPEED       0x08045de0     0x20  Data  Gb  usbh_usr.o [1]
MSG_DEV_LOWSPEED        0x08045e20     0x20  Data  Gb  usbh_usr.o [1]
MSG_HID_CLASS           0x08045fac     0x1c  Data  Gb  usbh_usr.o [1]
MSG_MSC_CLASS           0x08045c64     0x24  Data  Gb  usbh_usr.o [1]
MSG_UNREC_ERROR         0x08045fc8     0x1c  Data  Gb  usbh_usr.o [1]
MemManage_Handler       0x0804588d      0x2  Code  Gb  stm32f4xx_it.o [1]
MotorProcess            0x2001c9b0     0x18  Data  Gb  page_weimi.o [1]
MotorStepCount          0x08035839     0x68  Code  Gb  page_weimi.o [1]
NMI_Handler             0x0804585d      0x2  Code  Gb  stm32f4xx_it.o [1]
NVIC_Init               0x0803d097     0x6a  Code  Gb  misc.o [1]
NVIC_PriorityGroupConfig
                        0x0803d08d      0xa  Code  Gb  misc.o [1]
OTG_FS_IRQHandler       0x0804646d     0x10  Code  Gb  usbh_it.o [1]
PendSV_Handler          0x0803e281           Code  Gb  portasm.o [1]
RCA                     0x2001cb98      0x4  Data  Lc  bsp_sdio_sd.o [1]
RCC_AHB1PeriphClockCmd  0x0803a7f3     0x22  Code  Gb  stm32f4xx_rcc.o [1]
RCC_AHB2PeriphClockCmd  0x0803a815     0x1e  Code  Gb  stm32f4xx_rcc.o [1]
RCC_APB1PeriphClockCmd  0x0803a833     0x1e  Code  Gb  stm32f4xx_rcc.o [1]
RCC_APB1PeriphResetCmd  0x0803a86f     0x1e  Code  Gb  stm32f4xx_rcc.o [1]
RCC_APB2PeriphClockCmd  0x0803a851     0x1e  Code  Gb  stm32f4xx_rcc.o [1]
RCC_APB2PeriphResetCmd  0x0803a88d     0x1e  Code  Gb  stm32f4xx_rcc.o [1]
RCC_GetClocksFreq       0x0803a6f1    0x102  Code  Gb  stm32f4xx_rcc.o [1]
RS485_InitTXE           0x0803a989     0x36  Code  Gb  bsp_uart_fifo.o [1]
RS485_sendbuf           0x0803b261     0x40  Code  Gb  bsp_uart_fifo.o [1]
Region$$Table$$Base     0x08045cac            --   Gb  - Linker created -
Region$$Table$$Limit    0x08045ce0            --   Gb  - Linker created -
SDCardInfo              0x2001c760     0x58  Data  Gb  bsp_sdio_sd.o [1]
SDEnWideBus             0x080412a9    0x198  Code  Lc  bsp_sdio_sd.o [1]
SDIO_ClearFlag          0x08042909      0x6  Code  Gb  stm32f4xx_sdio.o [1]
SDIO_ClearITPendingBit  0x08042929      0x6  Code  Gb  stm32f4xx_sdio.o [1]
SDIO_ClockCmd           0x08042837      0x8  Code  Gb  stm32f4xx_sdio.o [1]
SDIO_CmdInitStructure   0x2001c9c8     0x14  Data  Gb  bsp_sdio_sd.o [1]
SDIO_DMACmd             0x080428c9      0x8  Code  Gb  stm32f4xx_sdio.o [1]
SDIO_DataConfig         0x08042895     0x2e  Code  Gb  stm32f4xx_sdio.o [1]
SDIO_DataInitStructure  0x2001c998     0x18  Data  Gb  bsp_sdio_sd.o [1]
SDIO_DeInit             0x080427f5     0x18  Code  Gb  stm32f4xx_sdio.o [1]
SDIO_GetCommandResponse
                        0x08042877      0x8  Code  Gb  stm32f4xx_sdio.o [1]
SDIO_GetFlagStatus      0x080428ef     0x1a  Code  Gb  stm32f4xx_sdio.o [1]
SDIO_GetITStatus        0x0804290f     0x1a  Code  Gb  stm32f4xx_sdio.o [1]
SDIO_GetPowerState      0x08042845      0xa  Code  Gb  stm32f4xx_sdio.o [1]
SDIO_GetResponse        0x0804287f     0x16  Code  Gb  stm32f4xx_sdio.o [1]
SDIO_IRQHandler         0x08041891      0x8  Code  Gb  bsp_sdio_sd.o [1]
SDIO_ITConfig           0x080428d1     0x1e  Code  Gb  stm32f4xx_sdio.o [1]
SDIO_Init               0x0804280d     0x2a  Code  Gb  stm32f4xx_sdio.o [1]
SDIO_InitStructure      0x2001c980     0x18  Data  Gb  bsp_sdio_sd.o [1]
SDIO_Interrupts_Config  0x08041855     0x3c  Code  Gb  bsp_sdio_sd.o [1]
SDIO_ReadData           0x080428c3      0x6  Code  Gb  stm32f4xx_sdio.o [1]
SDIO_SendCommand        0x0804284f     0x28  Code  Gb  stm32f4xx_sdio.o [1]
SDIO_SetPowerState      0x0804283f      0x6  Code  Gb  stm32f4xx_sdio.o [1]
SDWE_WARNNING           0x080311a1     0x2a  Code  Gb  bsp_sdwe050c17.o [1]
SD_Detect               0x0803ff4d     0x22  Code  Gb  bsp_sdio_sd.o [1]
SD_EnableWideBusOperation
                        0x08040749     0xc8  Code  Gb  bsp_sdio_sd.o [1]
SD_GetCardInfo          0x0804035d    0x3ec  Code  Gb  bsp_sdio_sd.o [1]
SD_GetState             0x0803ff23     0x2a  Code  Gb  bsp_sdio_sd.o [1]
SD_GetStatus            0x0803ff01     0x22  Code  Gb  bsp_sdio_sd.o [1]
SD_Init                 0x0803fe49     0xb8  Code  Gb  bsp_sdio_sd.o [1]
SD_InitializeCards      0x080401bb    0x1a2  Code  Gb  bsp_sdio_sd.o [1]
SD_LowLevel_DMA_RxConfig
                        0x0804179f     0x8e  Code  Gb  bsp_sdio_sd.o [1]
SD_LowLevel_DMA_TxConfig
                        0x08041711     0x8e  Code  Gb  bsp_sdio_sd.o [1]
SD_LowLevel_Init        0x0804164d     0xbc  Code  Gb  bsp_sdio_sd.o [1]
SD_PowerON              0x0803ff6f    0x24c  Code  Gb  bsp_sdio_sd.o [1]
SD_ProcessDMAIRQ        0x08040f8d     0x22  Code  Gb  bsp_sdio_sd.o [1]
SD_ProcessIRQSrc        0x08040edf     0xae  Code  Gb  bsp_sdio_sd.o [1]
SD_ReadBlock            0x08040849    0x108  Code  Gb  bsp_sdio_sd.o [1]
SD_ReadMultiBlocks      0x08040951    0x134  Code  Gb  bsp_sdio_sd.o [1]
SD_SelectDeselect       0x08040811     0x38  Code  Gb  bsp_sdio_sd.o [1]
SD_SendStatus           0x08040e71     0x6e  Code  Gb  bsp_sdio_sd.o [1]
SD_StopTransfer         0x08040e29     0x44  Code  Gb  bsp_sdio_sd.o [1]
SD_WaitReadOperation    0x08040a89     0x96  Code  Gb  bsp_sdio_sd.o [1]
SD_WriteBlock           0x08040b29    0x11e  Code  Gb  bsp_sdio_sd.o [1]
SD_WriteMultiBlocks     0x08040c55    0x1cc  Code  Gb  bsp_sdio_sd.o [1]
SPI1_Init               0x0803b5e9     0xc0  Code  Gb  bsp_spi.o [1]
SPI1_ReadWriteByte      0x0803b6d1     0x32  Code  Gb  bsp_spi.o [1]
SPI1_SetSpeed           0x0803b6a9     0x28  Code  Gb  bsp_spi.o [1]
SPI_Cmd                 0x0803e5bd     0x1c  Code  Gb  stm32f4xx_spi.o [1]
SPI_I2S_GetFlagStatus   0x0803e5d9     0x18  Code  Gb  stm32f4xx_spi.o [1]
SPI_Init                0x0803e57d     0x40  Code  Gb  stm32f4xx_spi.o [1]
SRC_Buffer              0x200001f0     0x14  Data  Gb  bsp_servomotor.o [1]
SVC_Handler             0x0803e2d9           Code  Gb  portasm.o [1]
SYSCFG_EXTILineConfig   0x0803e029     0x50  Code  Gb  stm32f4xx_syscfg.o [1]
Sdwe_ClearReadDisk      0x08031277     0x20  Code  Gb  bsp_sdwe050c17.o [1]
Sdwe_change_class_time  0x0803194f     0x30  Code  Gb  bsp_sdwe050c17.o [1]
Sdwe_clearString        0x080311cb     0x54  Code  Gb  bsp_sdwe050c17.o [1]
Sdwe_clear_filename     0x080312c7     0x60  Code  Gb  bsp_sdwe050c17.o [1]
Sdwe_disDigi            0x0803107b     0xa4  Code  Gb  bsp_sdwe050c17.o [1]
Sdwe_disPicture         0x08031031     0x4a  Code  Gb  bsp_sdwe050c17.o [1]
Sdwe_disString          0x0803111f     0x82  Code  Gb  bsp_sdwe050c17.o [1]
Sdwe_hidden_page        0x080319e7     0x30  Code  Gb  bsp_sdwe050c17.o [1]
Sdwe_peiliao_page       0x08031791    0x192  Code  Gb  bsp_sdwe050c17.o [1]
Sdwe_period_page        0x0803197f     0x68  Code  Gb  bsp_sdwe050c17.o [1]
Sdwe_product_page       0x08031563    0x226  Code  Gb  bsp_sdwe050c17.o [1]
Sdwe_ratio_display      0x0803192d     0x22  Code  Gb  bsp_sdwe050c17.o [1]
Sdwe_readRTC            0x08031297     0x30  Code  Gb  bsp_sdwe050c17.o [1]
Sdwe_refresh_allname    0x0803151b     0x48  Code  Gb  bsp_sdwe050c17.o [1]
Sdwe_refresh_filename   0x08031327    0x1f4  Code  Gb  bsp_sdwe050c17.o [1]
Sdwe_stop_page          0x08031a17    0x380  Code  Gb  bsp_sdwe050c17.o [1]
Sdwe_writeIcon          0x0803121f     0x58  Code  Gb  bsp_sdwe050c17.o [1]
ServoMotorRunning       0x08035ef7     0x22  Code  Gb  bsp_servomotor.o [1]
SetSysClock             0x0804522f     0xce  Code  Lc  system_stm32f4xx.o [1]
SlavePara               0x2001c4c8     0xa4  Data  Gb  protocol.o [1]
StepMotor_adjust_speed  0x08039725     0x62  Code  Gb  bsp_stepmotor.o [1]
StepMotor_start         0x080397c3     0x3c  Code  Gb  bsp_stepmotor.o [1]
StepMotor_stop          0x08039787     0x3c  Code  Gb  bsp_stepmotor.o [1]
StopCondition           0x2001cb9c      0x4  Data  Gb  bsp_sdio_sd.o [1]
SysTick_Handler         0x0803a313     0x2c  Code  Gb  port.o [1]
SystemCoreClock         0x20000234      0x4  Data  Gb  system_stm32f4xx.o [1]
SystemInit              0x080451dd     0x52  Code  Gb  system_stm32f4xx.o [1]
TI1_Config              0x0803cc75     0x38  Code  Lc  stm32f4xx_tim.o [1]
TI2_Config              0x0803ccad     0x42  Code  Lc  stm32f4xx_tim.o [1]
TI3_Config              0x0803ccef     0x40  Code  Lc  stm32f4xx_tim.o [1]
TI4_Config              0x0803cd2f     0x42  Code  Lc  stm32f4xx_tim.o [1]
TIM1_PWM_SETPMOTOR      0x08039651     0x6e  Code  Gb  bsp_stepmotor.o [1]
TIM2_IRQHandler         0x0803b525     0xac  Code  Gb  bsp_timer.o [1]
TIM3_PWM_SETPMOTOR      0x080395eb     0x66  Code  Gb  bsp_stepmotor.o [1]
TIM4_CH1_ConfigPwmOut   0x08035aed     0x1c  Code  Gb  bsp_servomotor.o [1]
TIM4_CH1_GPIO_Configuration
                        0x08035b63     0x42  Code  Gb  bsp_servomotor.o [1]
TIM4_CH1_PWMDMA_Config  0x08035ce3     0xb0  Code  Gb  bsp_servomotor.o [1]
TIM4_CH1_StartPwmOut    0x08035b09     0x2c  Code  Gb  bsp_servomotor.o [1]
TIM4_CH1_StopPwmOut     0x08035b35     0x2e  Code  Gb  bsp_servomotor.o [1]
TIM4_CH2_ConfigPwmOut   0x08035d93     0x1c  Code  Gb  bsp_servomotor.o [1]
TIM4_CH2_GPIO_Configuration
                        0x08035e09     0x3e  Code  Gb  bsp_servomotor.o [1]
TIM4_CH2_PWMDMA_Config  0x08035e47     0xb0  Code  Gb  bsp_servomotor.o [1]
TIM4_CH2_StartPwmOut    0x08035daf     0x2c  Code  Gb  bsp_servomotor.o [1]
TIM4_CH2_StopPwmOut     0x08035ddb     0x2e  Code  Gb  bsp_servomotor.o [1]
TIM4_PWM_Config         0x08035c1d     0xc6  Code  Gb  bsp_servomotor.o [1]
TIM5_PWM_SETPMOTOR      0x080396bf     0x66  Code  Gb  bsp_stepmotor.o [1]
TIM6_DAC_IRQHandler     0x080457fb     0x22  Code  Gb  SysInfoTest.o [1]
TIM8_UP_TIM13_IRQHandler
                        0x08039a11     0x46  Code  Gb  encoder_tim.o [1]
TIM_ARRPreloadConfig    0x0803c88b     0x1c  Code  Gb  stm32f4xx_tim.o [1]
TIM_CallBack1           0x08030221     0x44  Code  Gb  apptask.o [1]
TIM_ClearFlag           0x0803cbdf      0x8  Code  Gb  stm32f4xx_tim.o [1]
TIM_ClearITPendingBit   0x0803cc19      0x8  Code  Gb  stm32f4xx_tim.o [1]
TIM_Cmd                 0x0803c8a7     0x1c  Code  Gb  stm32f4xx_tim.o [1]
TIM_CtrlPWMOutputs      0x0803cba7     0x22  Code  Gb  stm32f4xx_tim.o [1]
TIM_DMACmd              0x0803cc21     0x16  Code  Gb  stm32f4xx_tim.o [1]
TIM_DeInit              0x0803c68d    0x17c  Code  Gb  stm32f4xx_tim.o [1]
TIM_EncoderInterfaceConfig
                        0x0803cc37     0x3e  Code  Gb  stm32f4xx_tim.o [1]
TIM_GetITStatus         0x0803cbe7     0x32  Code  Gb  stm32f4xx_tim.o [1]
TIM_ICInit              0x0803cad5     0x70  Code  Gb  stm32f4xx_tim.o [1]
TIM_ICStructInit        0x0803cb45     0x16  Code  Gb  stm32f4xx_tim.o [1]
TIM_ITConfig            0x0803cbc9     0x16  Code  Gb  stm32f4xx_tim.o [1]
TIM_OC1Init             0x0803c8c3     0x7e  Code  Gb  stm32f4xx_tim.o [1]
TIM_OC2Init             0x0803c941     0x8c  Code  Gb  stm32f4xx_tim.o [1]
TIM_OC2PreloadConfig    0x0803caaf     0x14  Code  Gb  stm32f4xx_tim.o [1]
TIM_OC3Init             0x0803c9cd     0x8a  Code  Gb  stm32f4xx_tim.o [1]
TIM_OC3PreloadConfig    0x0803cac3     0x12  Code  Gb  stm32f4xx_tim.o [1]
TIM_OCStructInit        0x0803ca8d     0x22  Code  Gb  stm32f4xx_tim.o [1]
TIM_SetIC1Prescaler     0x0803cb5b     0x12  Code  Gb  stm32f4xx_tim.o [1]
TIM_SetIC2Prescaler     0x0803cb6d     0x14  Code  Gb  stm32f4xx_tim.o [1]
TIM_SetIC3Prescaler     0x0803cb81     0x12  Code  Gb  stm32f4xx_tim.o [1]
TIM_SetIC4Prescaler     0x0803cb93     0x14  Code  Gb  stm32f4xx_tim.o [1]
TIM_TimeBaseInit        0x0803c809     0x6a  Code  Gb  stm32f4xx_tim.o [1]
TIM_TimeBaseStructInit  0x0803c873     0x18  Code  Gb  stm32f4xx_tim.o [1]
Task_iwdg_refresh       0x08030575     0x8a  Code  Gb  apptask.o [1]
TransferEnd             0x2001cba0      0x4  Data  Gb  bsp_sdio_sd.o [1]
TransferError           0x2001cc60      0x1  Data  Gb  bsp_sdio_sd.o [1]
UART1ToPC               0x0803b201     0x30  Code  Gb  bsp_uart_fifo.o [1]
UART2ToPC               0x0803b231     0x30  Code  Gb  bsp_uart_fifo.o [1]
UART2_RX_BUF            0x2001c6fc     0x64  Data  Gb  bsp_uart_fifo.o [1]
UART3ToPC               0x0803b2a1     0x30  Code  Gb  bsp_uart_fifo.o [1]
UART3_RX_BUF            0x2001b7a0    0x3e8  Data  Gb  bsp_uart_fifo.o [1]
UART4ToPC               0x0803b2d3     0x30  Code  Gb  bsp_uart_fifo.o [1]
UART4_IRQHandler        0x0803b113     0x84  Code  Gb  bsp_uart_fifo.o [1]
UART4_RX_BUF            0x2001c698     0x64  Data  Gb  bsp_uart_fifo.o [1]
UART5ToPC               0x0803b303     0x30  Code  Gb  bsp_uart_fifo.o [1]
UART5_IRQHandler        0x0803b197     0x6a  Code  Gb  bsp_uart_fifo.o [1]
USART1_IRQHandler       0x0803af8f     0x24  Code  Gb  bsp_uart_fifo.o [1]
USART2_IRQHandler       0x0803afb3     0x82  Code  Gb  bsp_uart_fifo.o [1]
USART3_IRQHandler       0x0803b035     0xde  Code  Gb  bsp_uart_fifo.o [1]
USART_ClearFlag         0x0803e4db      0xc  Code  Gb  stm32f4xx_usart.o [1]
USART_ClearITPendingBit
                        0x0803e557     0x26  Code  Gb  stm32f4xx_usart.o [1]
USART_Cmd               0x0803e425     0x1c  Code  Gb  stm32f4xx_usart.o [1]
USART_DMACmd            0x0803e451     0x16  Code  Gb  stm32f4xx_usart.o [1]
USART_GetFlagStatus     0x0803e4bd     0x1e  Code  Gb  stm32f4xx_usart.o [1]
USART_GetITStatus       0x0803e4e7     0x70  Code  Gb  stm32f4xx_usart.o [1]
USART_ITConfig          0x0803e467     0x56  Code  Gb  stm32f4xx_usart.o [1]
USART_Init              0x0803e329     0xee  Code  Gb  stm32f4xx_usart.o [1]
USART_ReceiveData       0x0803e449      0x8  Code  Gb  stm32f4xx_usart.o [1]
USART_SendData          0x0803e441      0x8  Code  Gb  stm32f4xx_usart.o [1]
USBH_Alloc_Channel      0x0803d451     0x2e  Code  Gb  usbh_hcs.o [1]
USBH_BulkReceiveData    0x0803daf5     0x62  Code  Gb  usbh_ioreq.o [1]
USBH_BulkSendData       0x0803da93     0x62  Code  Gb  usbh_ioreq.o [1]
USBH_CfgDesc            0x2001bf88    0x200  Data  Gb  usbh_stdreq.o [1]
USBH_ClrFeature         0x0803d69b     0x4c  Code  Gb  usbh_stdreq.o [1]
[...]
get_class_time          0x0803279b     0x80  Code  Gb  product_cal.o [1]
get_fat                 0x08036ca3    0x11c  Code  Gb  ff.o [1]
get_fattime             0x0803de37      0x4  Code  Gb  diskio.o [1]
get_fileinfo            0x08037959    0x13c  Code  Lc  ff.o [1]
get_float_1bit          0x08032779     0x22  Code  Gb  product_cal.o [1]
get_ldnumber            0x08037e3f     0x50  Code  Lc  ff.o [1]
get_period_state        0x0803281b     0x54  Code  Gb  product_cal.o [1]
get_valid_length        0x08032549     0x26  Code  Gb  bsp_sdwe050c17.o [1]
get_valid_seg           0x08035a0f     0x4a  Code  Gb  page_weimi.o [1]
get_weimi_para          0x08035967     0x5c  Code  Gb  page_weimi.o [1]
hEncoder_Timer_Overflow
                        0x2001cc46      0x2  Data  Gb  encoder_tim.o [1]
hPrevious_angle         0x2001cc44      0x2  Data  Gb  encoder_tim.o [1]
hSpeed_Buffer           0x2001ca9c     0x10  Data  Gb  encoder_tim.o [1]
hex_to_decimal          0x0803256f     0x26  Code  Gb  bsp_sdwe050c17.o [1]
idwgEventGroup          0x2001cb7c      0x4  Data  Gb  apptask.o [1]
inc_card_type           0x08032985    0x11c  Code  Gb  product_cal.o [1]
inc_lock                0x080369a3     0xe8  Code  Lc  ff.o [1]
init_peiliao_para       0x08032655     0x50  Code  Gb  product_cal.o [1]
init_product_para       0x08032595     0xc0  Code  Gb  product_cal.o [1]
init_weimi_para         0x080358a1     0xc6  Code  Gb  page_weimi.o [1]
input_password_buf      0x2001cb00      0xc  Data  Gb  protocol.o [1]
input_password_len      0x2001cc6b      0x1  Data  Gb  protocol.o [1]
isDevicePeriod          0x2001cc5c      0x1  Data  Gb  apptask.o [1]
isWork                  0x2001cc55      0x1  Data  Gb  apptask.o [1]
is_same_data            0x0803286f     0x2a  Code  Gb  product_cal.o [1]
is_stop                 0x2001cc65      0x1  Data  Gb  page_weimi.o [1]
isalpha                 0x0804240f     0x14  Code  Gb  isxxx.o [3]
isspace                 0x08042423     0x14  Code  Gb  isxxx.o [3]
lcd_busy                0x2001cc61      0x1  Data  Gb  bsp_sdwe050c17.o [1]
lcd_rev_buf             0x2001c8ac     0x34  Data  Gb  bsp_sdwe050c17.o [1]
lcd_rev_len             0x2001cc42      0x2  Data  Gb  bsp_sdwe050c17.o [1]
ld_clust                0x080372cd     0x28  Code  Lc  ff.o [1]
localeconv              0x0803e853     0x16  Code  Gb  localeconv.o [3]
m_ctrl_dev              0x2001cb2c      0x8  Data  Gb  modbus.o [1]
main                    0x08045895     0x34  Code  Gb  main.o [1]
mallco_dev              0x200001d4     0x1c  Data  Gb  malloc.o [1]
mb_init                 0x08039109     0x30  Code  Gb  modbus.o [1]
mb_packsend_frame       0x08039017     0xf2  Code  Gb  modbus.o [1]
mb_unpack_frame         0x08038ed5    0x142  Code  Gb  modbus.o [1]
mc_check_crc16          0x0803dfb1     0x40  Code  Gb  mcheck.o [1]
mc_check_crc8           0x0803df8d     0x24  Code  Gb  mcheck.o [1]
mc_check_sum            0x0803df45     0x2e  Code  Gb  mcheck.o [1]
mc_check_xor            0x0803df73     0x1a  Code  Gb  mcheck.o [1]
mem1base                0x2000f248   0xa000  Data  Gb  malloc.o [1]
mem1mapbase             0x2001a248    0xa00  Data  Gb  malloc.o [1]
mem2base                0x68000000  0xf0000  Data  Gb  malloc.o [1]
mem2mapbase             0x680f0000   0xf000  Data  Gb  malloc.o [1]
mem_cmp                 0x080368af     0x24  Code  Lc  ff.o [1]
mem_cpy                 0x0803687d     0x1c  Code  Lc  ff.o [1]
mem_set                 0x08036899     0x16  Code  Lc  ff.o [1]
memblksize              0x08046704      0x8  Data  Gb  malloc.o [1]
memchr                  0x0803e609           Code  Gb  memchr.o [5]
memsize                 0x0804670c      0x8  Data  Gb  malloc.o [1]
memtblsize              0x080466fc      0x8  Data  Gb  malloc.o [1]
modbus_send_frame       0x08039139     0xe6  Code  Gb  modbus.o [1]
move_window             0x08036b71     0x40  Code  Lc  ff.o [1]
my_mem_free             0x08033d4b     0x6c  Code  Gb  malloc.o [1]
my_mem_init             0x08033c0f     0x42  Code  Gb  malloc.o [1]
my_mem_malloc           0x08033c8f     0xbc  Code  Gb  malloc.o [1]
my_mem_perused          0x08033c51     0x3e  Code  Gb  malloc.o [1]
myfree                  0x08033db7     0x24  Code  Gb  malloc.o [1]
mymalloc                0x08033ddb     0x2a  Code  Gb  malloc.o [1]
mymemset                0x08033bf9     0x16  Code  Gb  malloc.o [1]
ndigs                   0x08042664     0x28  Data  Lc  xstoull.o [3]
obuf                    0x2001c810     0x50  Data  Lc  xfiles.o [3]
oem2uni                 0x0801560c  0x15484  Data  Lc  cc936.o [1]
old_card_record         0x2001cc5a      0x1  Data  Gb  apptask.o [1]
old_isWork              0x2001cc56      0x1  Data  Gb  apptask.o [1]
old_is_stop             0x20000244      0x1  Data  Gb  page_weimi.o [1]
old_plan_complete       0x2001cc69      0x1  Data  Gb  product_cal.o [1]
old_system_state        0x20000242      0x1  Data  Gb  apptask.o [1]
old_usb_disk_flag       0x2001cc58      0x1  Data  Gb  apptask.o [1]
para_init               0x080348d1     0x80  Code  Gb  para.o [1]
pcInterruptPriorityRegisters
                        0x080467d8      0x4  Data  Lc  port.o [1]
peiliao_para            0x2001c8e0     0x34  Data  Gb  product_cal.o [1]
pick_lfn                0x080373c3     0x8c  Code  Lc  ff.o [1]
plan_complete           0x2001cc68      0x1  Data  Gb  product_cal.o [1]
pluse_count             0x2001cc3a      0x2  Data  Gb  apptask.o [1]
pows                    0x08042e68     0x48  Data  Lc  xdtento.o [4]
printf                  0x08033b19     0x24  Code  Gb  printf.o [3]
product_complete_kilo   0x08032749     0x30  Code  Gb  product_cal.o [1]
product_complete_meter  0x08032737     0x12  Code  Gb  product_cal.o [1]
product_para            0x2001c914     0x28  Data  Gb  product_cal.o [1]
product_per_meter       0x080326a5     0x78  Code  Gb  product_cal.o [1]
prvAddCurrentTaskToDelayedList
                        0x080335b9     0x48  Code  Lc  tasks.o [1]
prvAllocateTCBAndStack  0x08033601     0x5a  Code  Lc  tasks.o [1]
prvCheckForValidListAndQueue
                        0x0803a113     0x52  Code  Lc  timers.o [1]
prvCheckTasksWaitingTermination
                        0x0803354f     0x66  Code  Lc  tasks.o [1]
prvCopyDataFromQueue    0x08030da9     0x30  Code  Lc  queue.o [1]
prvCopyDataToQueue      0x08030d25     0x84  Code  Lc  queue.o [1]
prvDeleteTCB            0x0803365b     0x12  Code  Lc  tasks.o [1]
prvGetNextExpireTime    0x08039eff     0x2e  Code  Lc  timers.o [1]
prvHeapInit             0x0803a601     0x6e  Code  Lc  heap_4.o [1]
prvIdleTask             0x08033469     0x26  Code  Lc  tasks.o [1]
prvInitialiseTCBVariables
                        0x0803348f     0x6a  Code  Lc  tasks.o [1]
prvInitialiseTaskLists  0x080334f9     0x56  Code  Lc  tasks.o [1]
prvInsertBlockIntoFreeList
                        0x0803a66f     0x62  Code  Lc  heap_4.o [1]
prvInsertTimerInActiveList
                        0x08039f55     0x50  Code  Lc  timers.o [1]
prvIsQueueEmpty         0x08030e43     0x20  Code  Lc  queue.o [1]
prvIsQueueFull          0x08030e63     0x22  Code  Lc  queue.o [1]
prvProcessExpiredTimer  0x08039e17     0x5c  Code  Lc  timers.o [1]
prvProcessReceivedCommands
                        0x08039fa5     0xde  Code  Lc  timers.o [1]
prvProcessTimerOrBlockTask
                        0x08039e8f     0x70  Code  Lc  timers.o [1]
prvResetNextTaskUnblockTime
                        0x0803366d     0x26  Code  Lc  tasks.o [1]
prvSampleTimeNow        0x08039f2d     0x28  Code  Lc  timers.o [1]
prvSwitchTimerLists     0x0803a083     0x90  Code  Lc  timers.o [1]
prvTaskExitError        0x0803a1b1     0x2a  Code  Lc  port.o [1]
prvTestWaitCondition    0x08039cbb     0x24  Code  Lc  event_groups.o [1]
prvTimerTask            0x08039e75     0x1a  Code  Lc  timers.o [1]
prvUnlockQueue          0x08030dd9     0x6a  Code  Lc  queue.o [1]
put_fat                 0x08036dbf    0x16c  Code  Gb  ff.o [1]
putchar                 0x080461d9      0xc  Code  Gb  putchar.o [3]
pvPortMalloc            0x0803a471    0x118  Code  Gb  heap_4.o [1]
pxCurrentTCB            0x2001cbd8      0x4  Data  Gb  tasks.o [1]
pxCurrentTimerList      0x2001cc18      0x4  Data  Lc  timers.o [1]
pxDelayedTaskList       0x2001cbdc      0x4  Data  Lc  tasks.o [1]
pxEnd                   0x2001cbb8      0x4  Data  Lc  heap_4.o [1]
pxOverflowDelayedTaskList
                        0x2001cbe0      0x4  Data  Lc  tasks.o [1]
pxOverflowTimerList     0x2001cc1c      0x4  Data  Lc  timers.o [1]
pxPortInitialiseStack   0x0803a18d     0x24  Code  Gb  port.o [1]
pxReadyTasksLists       0x2001c188    0x140  Data  Lc  tasks.o [1]
rc522_cmd_anticoll      0x08038e79     0x5a  Code  Gb  rc522.o [1]
rc522_cmd_request       0x08038e25     0x54  Code  Gb  rc522.o [1]
readDisk                0x2001cc5d      0x1  Data  Gb  apptask.o [1]
readFilenum             0x2001cc5e      0x1  Data  Gb  apptask.o [1]
readSlave               0x2001cae8      0xc  Data  Gb  apptask.o [1]
read_device_info        0x08034449    0x2ae  Code  Gb  para.o [1]
read_file_select        0x2001cb18      0xc  Data  Gb  protocol.o [1]
read_from_disk          0x08034991    0xd04  Code  Gb  para.o [1]
remove_chain            0x08036f2b     0x76  Code  Lc  ff.o [1]
rfid_rev_buf            0x2001c9dc     0x14  Data  Gb  rc522.o [1]
rfid_rev_cnt            0x2001cc6d      0x1  Data  Gb  rc522.o [1]
rfid_rev_flag           0x2001cc6c      0x1  Data  Gb  rc522.o [1]
rtc_time                0x2001cb34      0x8  Data  Gb  protocol.o [1]
s_TIM_CallBack1         0x2001cba8      0x4  Data  Lc  bsp_timer.o [1]
s_TIM_CallBack2         0x2001cbac      0x4  Data  Lc  bsp_timer.o [1]
s_TIM_CallBack3         0x2001cbb0      0x4  Data  Lc  bsp_timer.o [1]
s_TIM_CallBack4         0x2001cbb4      0x4  Data  Lc  bsp_timer.o [1]
sample_time             0x2001cc38      0x2  Data  Gb  apptask.o [1]
sdew_weimi_page1        0x08031db5    0x302  Code  Gb  bsp_sdwe050c17.o [1]
sdew_weimi_page2        0x080320c5    0x25e  Code  Gb  bsp_sdwe050c17.o [1]
sdew_weisha_page1       0x08032323    0x100  Code  Gb  bsp_sdwe050c17.o [1]
sdew_weisha_page2       0x08032431    0x100  Code  Gb  bsp_sdwe050c17.o [1]
servomotor_mode         0x2001cc64      0x1  Data  Gb  page_weimi.o [1]
servomotor_step         0x2001cc4c      0x2  Data  Gb  page_weimi.o [1]
slave_info              0x2001cadc      0xc  Data  Gb  apptask.o [1]
speed_zhu               0x2001cc4a      0x2  Data  Gb  page_weimi.o [1]
sprintf                 0x08038d15     0x34  Code  Gb  sprintf.o [3]
sscanf                  0x0803c669     0x24  Code  Gb  sscanf.o [3]
st_clust                0x080372f5     0x18  Code  Lc  ff.o [1]
step_motor_adjust       0x2001cc63      0x1  Data  Gb  page_weimi.o [1]
strcat                  0x08038d49     0x1c  Code  Gb  strcat.o [3]
strchr                  0x0803e5f1           Code  Gb  strchr.o [5]
strlen                  0x08034411           Code  Gb  strlen.o [5]
strstr                  0x080392d5     0x10  Code  Gb  para.o [1]
sum_sfn                 0x080375c9     0x20  Code  Lc  ff.o [1]
sync_fs                 0x08036bb1     0xd8  Code  Lc  ff.o [1]
sync_window             0x08036b17     0x5a  Code  Lc  ff.o [1]
system_state_dis        0x0804504c    0x190  Data  Gb  product_cal.o [1]
tolower                 0x080429c1     0x14  Code  Gb  tolower.o [3]
total_meter_gross       0x2001cbcc      0x4  Data  Gb  product_cal.o [1]
total_weight_gross      0x2001cbd0      0x4  Data  Gb  product_cal.o [1]
ucHeap                  0x20000248   0xf000  Data  Lc  heap_4.o [1]
ucMaxSysCallPriority    0x2001cc67      0x1  Data  Lc  port.o [1]
ulHighFrequencyTimerTicks
                        0x2001cbd4      0x4  Data  Gb  SysInfoTest.o [1]
ulMaxPRIGROUPValue      0x2001cbc8      0x4  Data  Lc  port.o [1]
ulTaskSwitchedInTime    0x2001cc10      0x4  Data  Lc  tasks.o [1]
ulTotalRunTime          0x2001cc14      0x4  Data  Lc  tasks.o [1]
uni2oem                 0x08000188  0x15484  Data  Lc  cc936.o [1]
usb_disk_flag           0x2001cc57      0x1  Data  Gb  apptask.o [1]
usbh_OpenMassStorage    0x08035f79     0x14  Code  Gb  usbh_usr.o [1]
uxCriticalNesting       0x20000230      0x4  Data  Lc  port.o [1]
uxCurrentNumberOfTasks  0x2001cbe8      0x4  Data  Lc  tasks.o [1]
uxListRemove            0x0803a449     0x28  Code  Gb  list.o [1]
uxPendedTicks           0x2001cbf8      0x4  Data  Lc  tasks.o [1]
uxSchedulerSuspended    0x2001cc0c      0x4  Data  Lc  tasks.o [1]
uxTaskNumber            0x2001cc04      0x4  Data  Lc  tasks.o [1]
uxTaskResetEventItemValue
                        0x080336cd     0x20  Code  Gb  tasks.o [1]
uxTasksDeleted          0x2001cbe4      0x4  Data  Lc  tasks.o [1]
uxTopReadyPriority      0x2001cbf0      0x4  Data  Lc  tasks.o [1]
vListInitialise         0x0803a3d9     0x1e  Code  Gb  list.o [1]
vListInsert             0x0803a40f     0x3a  Code  Gb  list.o [1]
vListInsertEnd          0x0803a3f7     0x18  Code  Gb  list.o [1]
vPortEnableVFP          0x0803e30d           Code  Gb  portasm.o [1]
vPortEnterCritical      0x0803a2a7     0x3a  Code  Gb  port.o [1]
vPortExitCritical       0x0803a2e1     0x32  Code  Gb  port.o [1]
vPortFree               0x0803a589     0x78  Code  Gb  heap_4.o [1]
vPortSetupTimerInterrupt
                        0x0803a33f      0xe  Code  Wk  port.o [1]
vPortStartFirstTask     0x0803e2f5           Code  Gb  portasm.o [1]
vPortValidateInterruptPriority
                        0x0803a34d     0x4e  Code  Gb  port.o [1]
vQueueWaitForMessageRestricted
                        0x08030e85     0x44  Code  Gb  queue.o [1]
vSetupSysInfoTest       0x080457e9     0x12  Code  Gb  SysInfoTest.o [1]
vTaskDelay              0x08032cc5     0x84  Code  Gb  tasks.o [1]
vTaskFreq               0x0802fc95    0x254  Code  Lc  apptask.o [1]
vTaskManageCapacity     0x0802ec45    0x5d2  Code  Gb  apptask.o [1]
vTaskMassStorage        0x0802d9d1    0x5e0  Code  Lc  apptask.o [1]
vTaskMissedYield        0x0803345f      0xa  Code  Gb  tasks.o [1]
vTaskMotorControl       0x0802f2b9    0x9d0  Code  Lc  apptask.o [1]
vTaskMsgPro             0x0802e421    0x434  Code  Lc  apptask.o [1]
vTaskPlaceOnEventList   0x080330c5     0x74  Code  Gb  tasks.o [1]
vTaskPlaceOnEventListRestricted
                        0x080331fd     0x80  Code  Gb  tasks.o [1]
vTaskPlaceOnUnorderedEventList
                        0x08033155     0xa8  Code  Gb  tasks.o [1]
vTaskReadDisk           0x0802e981    0x26a  Code  Lc  apptask.o [1]
vTaskRev485             0x0802e87d     0xba  Code  Lc  apptask.o [1]
vTaskSetTimeOutState    0x080333a9     0x26  Code  Gb  tasks.o [1]
vTaskStartScheduler     0x08032d49     0x7e  Code  Gb  tasks.o [1]
vTaskSuspendAll         0x08032dc7     0x10  Code  Gb  tasks.o [1]
vTaskSwitchContext      0x08033015     0xb0  Code  Gb  tasks.o [1]
vTaskTaskLCD            0x0802aa91   0x2f08  Code  Gb  apptask.o [1]
vTaskTaskLED            0x0802dfd9     0x20  Code  Lc  apptask.o [1]
vTaskTaskRFID           0x0802dff9    0x3cc  Code  Lc  apptask.o [1]
valid_seg               0x2001cc66      0x1  Data  Gb  page_weimi.o [1]
validate                0x0803836f     0x36  Code  Lc  ff.o [1]
weimi_para              0x2001c2c8    0x12c  Data  Gb  page_weimi.o [1]
work_idle               0x2001cc6a      0x1  Data  Gb  product_cal.o [1]
work_idle_time          0x2001cc4e      0x2  Data  Gb  product_cal.o [1]
xActiveTimerList1       0x2001ca54     0x14  Data  Lc  timers.o [1]
xActiveTimerList2       0x2001ca68     0x14  Data  Lc  timers.o [1]
xBlockAllocatedBit      0x2001cbc4      0x4  Data  Lc  heap_4.o [1]
xDelayedTaskList1       0x2001c9f0     0x14  Data  Lc  tasks.o [1]
xDelayedTaskList2       0x2001ca04     0x14  Data  Lc  tasks.o [1]
xEventGroupCreate       0x08039a7d     0x1c  Code  Gb  event_groups.o [1]
xEventGroupSetBits      0x08039be5     0xd6  Code  Gb  event_groups.o [1]
xEventGroupWaitBits     0x08039a99    0x146  Code  Gb  event_groups.o [1]
xFreeBytesRemaining     0x2001cbbc      0x4  Data  Lc  heap_4.o [1]
xHandleTaskFreq         0x2001cb60      0x4  Data  Gb  apptask.o [1]
xHandleTaskLCD          0x2001cb3c      0x4  Data  Gb  apptask.o [1]
xHandleTaskLED          0x2001cb40      0x4  Data  Gb  apptask.o [1]
xHandleTaskManageCapacity
                        0x2001cb58      0x4  Data  Gb  apptask.o [1]
xHandleTaskMassStorage  0x2001cb48      0x4  Data  Gb  apptask.o [1]
xHandleTaskMotorControl
                        0x2001cb5c      0x4  Data  Gb  apptask.o [1]
xHandleTaskMsgPro       0x2001cb50      0x4  Data  Gb  apptask.o [1]
xHandleTaskRFID         0x2001cb44      0x4  Data  Gb  apptask.o [1]
xHandleTaskReadDisk     0x2001cb4c      0x4  Data  Gb  apptask.o [1]
xHandleTaskRev485       0x2001cb54      0x4  Data  Gb  apptask.o [1]
xHeapStructSize         0x080467d4      0x4  Data  Lc  heap_4.o [1]
xMinimumEverFreeBytesRemaining
                        0x2001cbc0      0x4  Data  Lc  heap_4.o [1]
xNextTaskUnblockTime    0x2001cc08      0x4  Data  Lc  tasks.o [1]
xNumOfOverflows         0x2001cc00      0x4  Data  Lc  tasks.o [1]
xPendingReadyList       0x2001ca18     0x14  Data  Lc  tasks.o [1]
xPortStartScheduler     0x0803a1db     0xcc  Code  Gb  port.o [1]
xQueueGenericCreate     0x08030791     0x7e  Code  Gb  queue.o [1]
xQueueGenericReceive    0x08030b85    0x19c  Code  Gb  queue.o [1]
xQueueGenericReset      0x08030701     0x90  Code  Gb  queue.o [1]
xQueueGenericSend       0x0803080f    0x1b2  Code  Gb  queue.o [1]
xQueueGenericSendFromISR
                        0x080309c1     0xec  Code  Gb  queue.o [1]
xQueueGiveFromISR       0x08030aad     0xd8  Code  Gb  queue.o [1]
xQueue_MQTT_Recv        0x2001cb84      0x4  Data  Gb  apptask.o [1]
xQueue_MQTT_Transmit    0x2001cb88      0x4  Data  Gb  apptask.o [1]
xQueue_esp8266_Cmd      0x2001cb8c      0x4  Data  Gb  apptask.o [1]
xQueue_message          0x2001cb90      0x4  Data  Gb  apptask.o [1]
xSchedulerRunning       0x2001cbf4      0x4  Data  Lc  tasks.o [1]
xSemaphore_download     0x2001cb74      0x4  Data  Gb  apptask.o [1]
xSemaphore_encoder      0x2001cb70      0x4  Data  Gb  apptask.o [1]
xSemaphore_lcd          0x2001cb64      0x4  Data  Gb  apptask.o [1]
xSemaphore_pluse        0x2001cb6c      0x4  Data  Gb  apptask.o [1]
xSemaphore_readDisk     0x2001cb78      0x4  Data  Gb  apptask.o [1]
xSemaphore_rs485        0x2001cb68      0x4  Data  Gb  apptask.o [1]
xStart                  0x2001cb24      0x8  Data  Lc  heap_4.o [1]
xSuspendedTaskList      0x2001ca40     0x14  Data  Lc  tasks.o [1]
xTaskCheckForTimeOut    0x080333d5     0x8a  Code  Gb  tasks.o [1]
xTaskGenericCreate      0x08032b41    0x184  Code  Gb  tasks.o [1]
xTaskGetSchedulerState  0x08033693     0x26  Code  Gb  tasks.o [1]
xTaskGetTickCount       0x08032ed7      0xa  Code  Gb  tasks.o [1]
xTaskIncrementTick      0x08032ee1    0x134  Code  Gb  tasks.o [1]
xTaskRemoveFromEventList
                        0x08033281     0x8e  Code  Gb  tasks.o [1]
xTaskRemoveFromUnorderedEventList
                        0x08033315     0x94  Code  Gb  tasks.o [1]
xTaskResumeAll          0x08032dd7    0x100  Code  Gb  tasks.o [1]
xTasksWaitingTermination
                        0x2001ca2c     0x14  Data  Lc  tasks.o [1]
xTickCount              0x2001cbec      0x4  Data  Lc  tasks.o [1]
xTimerCreate            0x08039d31     0x62  Code  Gb  timers.o [1]
xTimerCreateTimerTask   0x08039ce1     0x50  Code  Gb  timers.o [1]
xTimerGenericCommand    0x08039d93     0x84  Code  Gb  timers.o [1]
xTimerQueue             0x2001cc20      0x4  Data  Lc  timers.o [1]
xTimerUser              0x2001cb80      0x4  Data  Gb  apptask.o [1]
xYieldPending           0x2001cbfc      0x4  Data  Lc  tasks.o [1]


[1] = E:\work\YarnControl_Driver\src\stm32f4_rtos\Project\EWARMv7\Flash\Obj
[2] = command line
[3] = dl7M_tlf.a
[4] = m7M_tls.a
[5] = rt7M_tl.a
[6] = shb_l.a

  106 770 bytes of readonly  code memory
  182 527 bytes of readonly  data memory
  119 923 bytes of readwrite data memory (+ 1 044 480 absolute)

Errors: none
Warnings: none
