###############################################################################
#
# IAR ELF Linker V7.40.7.9843/W32 for ARM                 10/Jan/2019  17:38:49
# Copyright 2007-2015 IAR Systems AB.
#
#    Output file  =  
#        F:\work\YarnControl_Driver\src\stm32f4_rtos\Project\EWARMv7\Flash\Exe\project.out
#    Map file     =  
#        F:\work\YarnControl_Driver\src\stm32f4_rtos\Project\EWARMv7\Flash\List\project.map
#    Command line =  
#        F:\work\YarnControl_Driver\src\stm32f4_rtos\Project\EWARMv7\Flash\Obj\apptask.o
#        F:\work\YarnControl_Driver\src\stm32f4_rtos\Project\EWARMv7\Flash\Obj\bsp.o
#        F:\work\YarnControl_Driver\src\stm32f4_rtos\Project\EWARMv7\Flash\Obj\bsp_closeSW.o
#        F:\work\YarnControl_Driver\src\stm32f4_rtos\Project\EWARMv7\Flash\Obj\bsp_dwt.o
#        F:\work\YarnControl_Driver\src\stm32f4_rtos\Project\EWARMv7\Flash\Obj\bsp_led.o
#        F:\work\YarnControl_Driver\src\stm32f4_rtos\Project\EWARMv7\Flash\Obj\bsp_relay.o
#        F:\work\YarnControl_Driver\src\stm32f4_rtos\Project\EWARMv7\Flash\Obj\bsp_sdio_sd.o
#        F:\work\YarnControl_Driver\src\stm32f4_rtos\Project\EWARMv7\Flash\Obj\bsp_sdwe050c17.o
#        F:\work\YarnControl_Driver\src\stm32f4_rtos\Project\EWARMv7\Flash\Obj\bsp_servomotor.o
#        F:\work\YarnControl_Driver\src\stm32f4_rtos\Project\EWARMv7\Flash\Obj\bsp_spi.o
#        F:\work\YarnControl_Driver\src\stm32f4_rtos\Project\EWARMv7\Flash\Obj\bsp_stepmotor.o
#        F:\work\YarnControl_Driver\src\stm32f4_rtos\Project\EWARMv7\Flash\Obj\bsp_sw_onoff.o
#        F:\work\YarnControl_Driver\src\stm32f4_rtos\Project\EWARMv7\Flash\Obj\bsp_tim_pwm.o
#        F:\work\YarnControl_Driver\src\stm32f4_rtos\Project\EWARMv7\Flash\Obj\bsp_timer.o
#        F:\work\YarnControl_Driver\src\stm32f4_rtos\Project\EWARMv7\Flash\Obj\bsp_uart_fifo.o
#        F:\work\YarnControl_Driver\src\stm32f4_rtos\Project\EWARMv7\Flash\Obj\bsp_w25qxx.o
#        F:\work\YarnControl_Driver\src\stm32f4_rtos\Project\EWARMv7\Flash\Obj\bsp_watchdog.o
#        F:\work\YarnControl_Driver\src\stm32f4_rtos\Project\EWARMv7\Flash\Obj\cc936.o
#        F:\work\YarnControl_Driver\src\stm32f4_rtos\Project\EWARMv7\Flash\Obj\croutine.o
#        F:\work\YarnControl_Driver\src\stm32f4_rtos\Project\EWARMv7\Flash\Obj\demo_fatfs.o
#        F:\work\YarnControl_Driver\src\stm32f4_rtos\Project\EWARMv7\Flash\Obj\diskio.o
#        F:\work\YarnControl_Driver\src\stm32f4_rtos\Project\EWARMv7\Flash\Obj\event_groups.o
#        F:\work\YarnControl_Driver\src\stm32f4_rtos\Project\EWARMv7\Flash\Obj\ff.o
#        F:\work\YarnControl_Driver\src\stm32f4_rtos\Project\EWARMv7\Flash\Obj\heap_4.o
#        F:\work\YarnControl_Driver\src\stm32f4_rtos\Project\EWARMv7\Flash\Obj\list.o
#        F:\work\YarnControl_Driver\src\stm32f4_rtos\Project\EWARMv7\Flash\Obj\main.o
#        F:\work\YarnControl_Driver\src\stm32f4_rtos\Project\EWARMv7\Flash\Obj\malloc.o
#        F:\work\YarnControl_Driver\src\stm32f4_rtos\Project\EWARMv7\Flash\Obj\mcheck.o
#        F:\work\YarnControl_Driver\src\stm32f4_rtos\Project\EWARMv7\Flash\Obj\misc.o
#        F:\work\YarnControl_Driver\src\stm32f4_rtos\Project\EWARMv7\Flash\Obj\modbus.o
#        F:\work\YarnControl_Driver\src\stm32f4_rtos\Project\EWARMv7\Flash\Obj\para.o
#        F:\work\YarnControl_Driver\src\stm32f4_rtos\Project\EWARMv7\Flash\Obj\port.o
#        F:\work\YarnControl_Driver\src\stm32f4_rtos\Project\EWARMv7\Flash\Obj\portasm.o
#        F:\work\YarnControl_Driver\src\stm32f4_rtos\Project\EWARMv7\Flash\Obj\product_cal.o
#        F:\work\YarnControl_Driver\src\stm32f4_rtos\Project\EWARMv7\Flash\Obj\protocol.o
#        F:\work\YarnControl_Driver\src\stm32f4_rtos\Project\EWARMv7\Flash\Obj\queue.o
#        F:\work\YarnControl_Driver\src\stm32f4_rtos\Project\EWARMv7\Flash\Obj\rc522.o
#        F:\work\YarnControl_Driver\src\stm32f4_rtos\Project\EWARMv7\Flash\Obj\startup_stm32f40_41xxx.o
#        F:\work\YarnControl_Driver\src\stm32f4_rtos\Project\EWARMv7\Flash\Obj\stm32f4xx_adc.o
#        F:\work\YarnControl_Driver\src\stm32f4_rtos\Project\EWARMv7\Flash\Obj\stm32f4xx_assert.o
#        F:\work\YarnControl_Driver\src\stm32f4_rtos\Project\EWARMv7\Flash\Obj\stm32f4xx_can.o
#        F:\work\YarnControl_Driver\src\stm32f4_rtos\Project\EWARMv7\Flash\Obj\stm32f4xx_crc.o
#        F:\work\YarnControl_Driver\src\stm32f4_rtos\Project\EWARMv7\Flash\Obj\stm32f4xx_cryp.o
#        F:\work\YarnControl_Driver\src\stm32f4_rtos\Project\EWARMv7\Flash\Obj\stm32f4xx_cryp_aes.o
#        F:\work\YarnControl_Driver\src\stm32f4_rtos\Project\EWARMv7\Flash\Obj\stm32f4xx_cryp_des.o
#        F:\work\YarnControl_Driver\src\stm32f4_rtos\Project\EWARMv7\Flash\Obj\stm32f4xx_cryp_tdes.o
#        F:\work\YarnControl_Driver\src\stm32f4_rtos\Project\EWARMv7\Flash\Obj\stm32f4xx_dac.o
#        F:\work\YarnControl_Driver\src\stm32f4_rtos\Project\EWARMv7\Flash\Obj\stm32f4xx_dbgmcu.o
#        F:\work\YarnControl_Driver\src\stm32f4_rtos\Project\EWARMv7\Flash\Obj\stm32f4xx_dcmi.o
#        F:\work\YarnControl_Driver\src\stm32f4_rtos\Project\EWARMv7\Flash\Obj\stm32f4xx_dma.o
#        F:\work\YarnControl_Driver\src\stm32f4_rtos\Project\EWARMv7\Flash\Obj\stm32f4xx_dma2d.o
#        F:\work\YarnControl_Driver\src\stm32f4_rtos\Project\EWARMv7\Flash\Obj\stm32f4xx_exti.o
#        F:\work\YarnControl_Driver\src\stm32f4_rtos\Project\EWARMv7\Flash\Obj\stm32f4xx_flash.o
#        F:\work\YarnControl_Driver\src\stm32f4_rtos\Project\EWARMv7\Flash\Obj\stm32f4xx_fsmc.o
#        F:\work\YarnControl_Driver\src\stm32f4_rtos\Project\EWARMv7\Flash\Obj\stm32f4xx_gpio.o
#        F:\work\YarnControl_Driver\src\stm32f4_rtos\Project\EWARMv7\Flash\Obj\stm32f4xx_hash.o
#        F:\work\YarnControl_Driver\src\stm32f4_rtos\Project\EWARMv7\Flash\Obj\stm32f4xx_hash_md5.o
#        F:\work\YarnControl_Driver\src\stm32f4_rtos\Project\EWARMv7\Flash\Obj\stm32f4xx_hash_sha1.o
#        F:\work\YarnControl_Driver\src\stm32f4_rtos\Project\EWARMv7\Flash\Obj\stm32f4xx_i2c.o
#        F:\work\YarnControl_Driver\src\stm32f4_rtos\Project\EWARMv7\Flash\Obj\stm32f4xx_it.o
#        F:\work\YarnControl_Driver\src\stm32f4_rtos\Project\EWARMv7\Flash\Obj\stm32f4xx_iwdg.o
#        F:\work\YarnControl_Driver\src\stm32f4_rtos\Project\EWARMv7\Flash\Obj\stm32f4xx_ltdc.o
#        F:\work\YarnControl_Driver\src\stm32f4_rtos\Project\EWARMv7\Flash\Obj\stm32f4xx_pwr.o
#        F:\work\YarnControl_Driver\src\stm32f4_rtos\Project\EWARMv7\Flash\Obj\stm32f4xx_rcc.o
#        F:\work\YarnControl_Driver\src\stm32f4_rtos\Project\EWARMv7\Flash\Obj\stm32f4xx_rng.o
#        F:\work\YarnControl_Driver\src\stm32f4_rtos\Project\EWARMv7\Flash\Obj\stm32f4xx_rtc.o
#        F:\work\YarnControl_Driver\src\stm32f4_rtos\Project\EWARMv7\Flash\Obj\stm32f4xx_sai.o
#        F:\work\YarnControl_Driver\src\stm32f4_rtos\Project\EWARMv7\Flash\Obj\stm32f4xx_sdio.o
#        F:\work\YarnControl_Driver\src\stm32f4_rtos\Project\EWARMv7\Flash\Obj\stm32f4xx_spi.o
#        F:\work\YarnControl_Driver\src\stm32f4_rtos\Project\EWARMv7\Flash\Obj\stm32f4xx_syscfg.o
#        F:\work\YarnControl_Driver\src\stm32f4_rtos\Project\EWARMv7\Flash\Obj\stm32f4xx_tim.o
#        F:\work\YarnControl_Driver\src\stm32f4_rtos\Project\EWARMv7\Flash\Obj\stm32f4xx_usart.o
#        F:\work\YarnControl_Driver\src\stm32f4_rtos\Project\EWARMv7\Flash\Obj\stm32f4xx_wwdg.o
#        F:\work\YarnControl_Driver\src\stm32f4_rtos\Project\EWARMv7\Flash\Obj\SysInfoTest.o
#        F:\work\YarnControl_Driver\src\stm32f4_rtos\Project\EWARMv7\Flash\Obj\system_stm32f4xx.o
#        F:\work\YarnControl_Driver\src\stm32f4_rtos\Project\EWARMv7\Flash\Obj\tasks.o
#        F:\work\YarnControl_Driver\src\stm32f4_rtos\Project\EWARMv7\Flash\Obj\timers.o
#        F:\work\YarnControl_Driver\src\stm32f4_rtos\Project\EWARMv7\Flash\Obj\usb_bsp.o
#        F:\work\YarnControl_Driver\src\stm32f4_rtos\Project\EWARMv7\Flash\Obj\usb_core.o
#        F:\work\YarnControl_Driver\src\stm32f4_rtos\Project\EWARMv7\Flash\Obj\usb_hcd.o
#        F:\work\YarnControl_Driver\src\stm32f4_rtos\Project\EWARMv7\Flash\Obj\usb_hcd_int.o
#        F:\work\YarnControl_Driver\src\stm32f4_rtos\Project\EWARMv7\Flash\Obj\usbh_core.o
#        F:\work\YarnControl_Driver\src\stm32f4_rtos\Project\EWARMv7\Flash\Obj\usbh_hcs.o
#        F:\work\YarnControl_Driver\src\stm32f4_rtos\Project\EWARMv7\Flash\Obj\usbh_ioreq.o
#        F:\work\YarnControl_Driver\src\stm32f4_rtos\Project\EWARMv7\Flash\Obj\usbh_it.o
#        F:\work\YarnControl_Driver\src\stm32f4_rtos\Project\EWARMv7\Flash\Obj\usbh_msc_bot.o
#        F:\work\YarnControl_Driver\src\stm32f4_rtos\Project\EWARMv7\Flash\Obj\usbh_msc_core.o
#        F:\work\YarnControl_Driver\src\stm32f4_rtos\Project\EWARMv7\Flash\Obj\usbh_msc_scsi.o
#        F:\work\YarnControl_Driver\src\stm32f4_rtos\Project\EWARMv7\Flash\Obj\usbh_stdreq.o
#        F:\work\YarnControl_Driver\src\stm32f4_rtos\Project\EWARMv7\Flash\Obj\usbh_usr.o
#        -o
#        F:\work\YarnControl_Driver\src\stm32f4_rtos\Project\EWARMv7\Flash\Exe\project.out
#        --map
#        F:\work\YarnControl_Driver\src\stm32f4_rtos\Project\EWARMv7\Flash\List\project.map
#        --config
#        F:\work\YarnControl_Driver\src\stm32f4_rtos\Project\EWARMv7\stm32f4xx_flash.icf
#        --semihosting --entry __iar_program_start --inline --vfe
#
###############################################################################

*******************************************************************************
*** RUNTIME MODEL ATTRIBUTES
***

CppFlavor       = *
__SystemLibrary = DLib


*******************************************************************************
*** PLACEMENT SUMMARY
***

"A1":  place at 0x08000000 { ro section .intvec };
"P1":  place in [from 0x08000000 to 0x080fffff] { ro };
"P2":  place in [from 0x20000000 to 0x2001ffff] { rw, block CSTACK, block HEAP };

  Section             Kind        Address     Size  Object
  -------             ----        -------     ----  ------
"A1":                                        0x188
  .intvec             ro code  0x08000000    0x188  startup_stm32f40_41xxx.o [1]
                             - 0x08000188    0x188

"P1":                                      0x3ee88
  .rodata             const    0x08000188  0x15484  cc936.o [1]
  .rodata             const    0x0801560c  0x15484  cc936.o [1]
  .text               ro code  0x0802aa90   0x3114  apptask.o [1]
  .text               ro code  0x0802dba4    0xc00  tasks.o [1]
  .text               ro code  0x0802e7a4    0x7c8  queue.o [1]
  .text               ro code  0x0802ef6c    0xbe8  bsp_sdwe050c17.o [1]
  .text               ro code  0x0802fb54     0x66  ABImemset.o [5]
  .text               ro code  0x0802fbba      0xa  xsprout.o [3]
  .text               ro code  0x0802fbc4    0x380  bsp_w25qxx.o [1]
  .text               ro code  0x0802ff44     0x76  ABImemcpy_unaligned.o [5]
  .text               ro code  0x0802ffbc     0x4e  FltToDbl.o [4]
  .text               ro code  0x0803000c     0x24  printf.o [3]
  .text               ro code  0x08030030     0x62  memcmp_unaligned.o [5]
  .text               ro code  0x08030094     0x42  strcmp_unaligned.o [5]
  .text               ro code  0x080300d8    0x21c  malloc.o [1]
  .text               ro code  0x080302f4    0x2ec  stm32f4xx_tim.o [1]
  .text               ro code  0x080305e0    0x12c  stm32f4xx_gpio.o [1]
  .text               ro code  0x0803070c    0x430  product_cal.o [1]
  .text               ro code  0x08030b3c    0x1b6  usbh_usr.o [1]
  .text               ro code  0x08030cf4    0x760  usbh_core.o [1]
  .text               ro code  0x08031454   0x2264  ff.o [1]
  .text               ro code  0x080336b8     0x34  sprintf.o [3]
  .text               ro code  0x080336ec    0x256  DblDiv.o [4]
  .text               ro code  0x08033942     0x1c  strcat.o [3]
  .text               ro code  0x08033960     0x36  strlen.o [5]
  .text               ro code  0x08033998     0xc0  bsp_led.o [1]
  .text               ro code  0x08033a58     0xae  rc522.o [1]
  .text               ro code  0x08033b08    0x354  modbus.o [1]
  .text               ro code  0x08033e5c     0x68  bsp_sw_onoff.o [1]
  .text               ro code  0x08033ec4     0x44  protocol.o [1]
  .text               ro code  0x08033f08     0x10  apptask.o [1]
  .text               ro code  0x08033f18    0x262  event_groups.o [1]
  .text               ro code  0x0803417c    0x4a4  timers.o [1]
  .text               ro code  0x08034620      0x8  bsp_watchdog.o [1]
  .text               ro code  0x08034628    0x24c  port.o [1]
  .text               ro code  0x08034874     0x98  list.o [1]
  .text               ro code  0x0803490c    0x280  heap_4.o [1]
  .text               ro code  0x08034b8c    0x1c4  stm32f4xx_rcc.o [1]
  .text               ro code  0x08034d50    0xa64  bsp_uart_fifo.o [1]
  .text               ro code  0x080357b4    0x204  bsp_timer.o [1]
  .text               ro code  0x080359b8    0x124  bsp_spi.o [1]
  .text               ro code  0x08035adc    0xd96  xprintffull_nomb.o [3]
  .text               ro code  0x08036874    0x14c  usb_bsp.o [1]
  .text               ro code  0x080369c0     0xd6  usb_hcd.o [1]
  .text               ro code  0x08036a96    0x1ba  usbh_hcs.o [1]
  .text               ro code  0x08036c50    0x436  usbh_stdreq.o [1]
  .text               ro code  0x08037086    0x246  usbh_ioreq.o [1]
  .text               ro code  0x080372cc    0x2e4  diskio.o [1]
  .text               ro code  0x080375b0     0xf4  cc936.o [1]
  .text               ro code  0x080376a4     0xb8  mcheck.o [1]
  .text               ro code  0x0803775c     0x2c  strstr.o [3]
  .text               ro code  0x08037788     0x10  stm32f4xx_iwdg.o [1]
  CODE                ro code  0x08037798     0xa8  portasm.o [1]
  .text               ro code  0x08037840    0x22e  stm32f4xx_usart.o [1]
  .text               ro code  0x08037a70     0x88  misc.o [1]
  .text               ro code  0x08037af8    0x2b4  stm32f4xx_dma.o [1]
  .text               ro code  0x08037dac     0x74  stm32f4xx_spi.o [1]
  .text               ro code  0x08037e20     0x16  strchr.o [5]
  .text               ro code  0x08037e38     0x58  memchr.o [5]
  .text               ro code  0x08037e90     0xee  I64DivMod.o [5]
  .text               ro code  0x08037f7e     0x42  xdnorm.o [4]
  .text               ro code  0x08037fc0     0x2e  DblCmpLe.o [4]
  .text               ro code  0x08037ff0     0x2e  DblCmpGe.o [4]
  .text               ro code  0x08038020    0x114  xdscale.o [4]
  .text               ro code  0x08038134     0x58  DblToI32.o [4]
  .text               ro code  0x0803818c     0x30  I32ToDbl.o [4]
  .text               ro code  0x080381bc    0x180  DblSub.o [4]
  .text               ro code  0x0803833c    0x1a2  DblMul.o [4]
  .text               ro code  0x080384e0     0x6c  localeconv.o [3]
  .text               ro code  0x0803854c      0xe  div.o [3]
  .text               ro code  0x0803855c     0x74  bsp_dwt.o [1]
  .text               ro code  0x080385d0    0xa50  usb_core.o [1]
  .text               ro code  0x08039020   0x1a58  bsp_sdio_sd.o [1]
  .text               ro code  0x0803aa78    0x618  usbh_msc_scsi.o [1]
  .text               ro code  0x0803b090    0x554  usbh_msc_bot.o [1]
  .text               ro code  0x0803b5e4      0x2  I64DivZer.o [5]
  .text               ro code  0x0803b5e8     0xd4  DblAdd.o [4]
  .text               ro code  0x0803b6bc    0x17c  stm32f4xx_sdio.o [1]
  .text               ro code  0x0803b838    0xc7e  usb_hcd_int.o [1]
  .text               ro code  0x0803c4b8    0x3e8  usbh_msc_core.o [1]
  .rodata             const    0x0803c8a0    0x3dc  cc936.o [1]
  .rodata             const    0x0803cc7c    0x3dc  cc936.o [1]
  .text               ro code  0x0803d058    0x2e0  bsp_tim_pwm.o [1]
  .text               ro code  0x0803d338    0x220  para.o [1]
  .text               ro code  0x0803d558    0x21c  bsp_stepmotor.o [1]
  .rodata             const    0x0803d774    0x1f4  apptask.o [1]
  .text               ro code  0x0803d968    0x154  system_stm32f4xx.o [1]
  .rodata             const    0x0803dabc    0x100  mcheck.o [1]
  .rodata             const    0x0803dbbc    0x100  mcheck.o [1]
  .rodata             const    0x0803dcbc    0x100  mcheck.o [1]
  .text               ro code  0x0803ddbc     0xd4  bsp_closeSW.o [1]
  .text               ro code  0x0803de90     0x54  stm32f4xx_syscfg.o [1]
  .text               ro code  0x0803dee4     0xc0  stm32f4xx_exti.o [1]
  .text               ro code  0x0803dfa4     0xc4  bsp_servomotor.o [1]
  .text               ro code  0x0803e068     0x54  bsp.o [1]
  .text               ro code  0x0803e0bc     0x44  bsp_relay.o [1]
  .text               ro code  0x0803e100     0x40  zero_init3.o [5]
  .text               ro code  0x0803e140     0x3c  SysInfoTest.o [1]
  .rodata             const    0x0803e17c     0x38  demo_fatfs.o [1]
  .text               ro code  0x0803e1b4     0x38  stm32f4xx_it.o [1]
  .text               ro code  0x0803e1ec     0x34  main.o [1]
  .rodata             const    0x0803e220     0x30  apptask.o [1]
  .rodata             const    0x0803e250     0x30  demo_fatfs.o [1]
  .rodata             const    0x0803e280     0x30  demo_fatfs.o [1]
  .rodata             const    0x0803e2b0     0x2c  apptask.o [1]
  .rodata             const    0x0803e2dc     0x2c  demo_fatfs.o [1]
  .rodata             const    0x0803e308     0x2c  demo_fatfs.o [1]
  .rodata             const    0x0803e334     0x2c  stm32f4xx_it.o [1]
  .text               ro code  0x0803e360     0x2c  copy_init3.o [5]
  .rodata             const    0x0803e38c     0x28  demo_fatfs.o [1]
  .rodata             const    0x0803e3b4     0x28  demo_fatfs.o [1]
  .rodata             const    0x0803e3dc     0x28  demo_fatfs.o [1]
  .text               ro code  0x0803e404     0x28  data_init.o [5]
  .rodata             const    0x0803e42c     0x24  demo_fatfs.o [1]
  .rodata             const    0x0803e450     0x24  demo_fatfs.o [1]
  .rodata             const    0x0803e474     0x24  usbh_usr.o [1]
  .text               ro code  0x0803e498     0x22  fpinit_M.o [4]
  .iar.init_table     const    0x0803e4bc     0x2c  - Linker created -
  .rodata             const    0x0803e4e8     0x20  apptask.o [1]
  .rodata             const    0x0803e508     0x20  apptask.o [1]
  .rodata             const    0x0803e528     0x20  bsp_sdwe050c17.o [1]
  .rodata             const    0x0803e548     0x20  demo_fatfs.o [1]
  .rodata             const    0x0803e568     0x20  demo_fatfs.o [1]
  .rodata             const    0x0803e588     0x20  demo_fatfs.o [1]
  .rodata             const    0x0803e5a8     0x20  usbh_usr.o [1]
  .rodata             const    0x0803e5c8     0x20  usbh_usr.o [1]
  .rodata             const    0x0803e5e8     0x20  usbh_usr.o [1]
  .rodata             const    0x0803e608     0x20  usbh_usr.o [1]
  .rodata             const    0x0803e628     0x20  usbh_usr.o [1]
  .rodata             const    0x0803e648     0x1c  apptask.o [1]
  .rodata             const    0x0803e664     0x1c  apptask.o [1]
  .rodata             const    0x0803e680     0x1c  apptask.o [1]
  .rodata             const    0x0803e69c     0x1c  apptask.o [1]
  .rodata             const    0x0803e6b8     0x1c  apptask.o [1]
  .rodata             const    0x0803e6d4     0x1c  apptask.o [1]
  .rodata             const    0x0803e6f0     0x1c  demo_fatfs.o [1]
  .rodata             const    0x0803e70c     0x1c  demo_fatfs.o [1]
  .rodata             const    0x0803e728     0x1c  usbh_usr.o [1]
  .rodata             const    0x0803e744     0x1c  usbh_usr.o [1]
  .rodata             const    0x0803e760     0x1c  usbh_usr.o [1]
  .rodata             const    0x0803e77c     0x1c  usbh_usr.o [1]
  .rodata             const    0x0803e798     0x1c  usbh_usr.o [1]
  .rodata             const    0x0803e7b4     0x1c  usbh_usr.o [1]
  .text               ro code  0x0803e7d0     0x1a  cmain.o [5]
  .text               ro code  0x0803e7ea      0x4  exit.o [3]
  .text               ro code  0x0803e7f0      0xa  cexit.o [5]
  .text               ro code  0x0803e7fc     0x14  exit.o [6]
  .rodata             const    0x0803e810     0x18  apptask.o [1]
  .rodata             const    0x0803e828     0x18  apptask.o [1]
  .rodata             const    0x0803e840     0x18  apptask.o [1]
  .rodata             const    0x0803e858     0x18  apptask.o [1]
  .rodata             const    0x0803e870     0x18  apptask.o [1]
  .rodata             const    0x0803e888     0x18  apptask.o [1]
  .rodata             const    0x0803e8a0     0x18  apptask.o [1]
  .rodata             const    0x0803e8b8     0x18  demo_fatfs.o [1]
  .rodata             const    0x0803e8d0     0x18  demo_fatfs.o [1]
  .rodata             const    0x0803e8e8     0x18  demo_fatfs.o [1]
  .rodata             const    0x0803e900     0x18  demo_fatfs.o [1]
  .rodata             const    0x0803e918     0x18  usbh_usr.o [1]
  .rodata             const    0x0803e930     0x18  usbh_usr.o [1]
  .rodata             const    0x0803e948     0x18  usbh_usr.o [1]
  .rodata             const    0x0803e960     0x18  usbh_usr.o [1]
  .rodata             const    0x0803e978     0x18  usbh_usr.o [1]
  .text               ro code  0x0803e990     0x16  xprout.o [3]
  .text               ro code  0x0803e9a8      0xc  putchar.o [3]
  .rodata             const    0x0803e9b4     0x14  apptask.o [1]
  .rodata             const    0x0803e9c8     0x14  apptask.o [1]
  .rodata             const    0x0803e9dc     0x14  apptask.o [1]
  .rodata             const    0x0803e9f0     0x14  apptask.o [1]
  .rodata             const    0x0803ea04     0x14  apptask.o [1]
  .rodata             const    0x0803ea18     0x14  usbh_usr.o [1]
  .rodata             const    0x0803ea2c     0x14  usbh_usr.o [1]
  .rodata             const    0x0803ea40     0x10  apptask.o [1]
  .rodata             const    0x0803ea50     0x10  apptask.o [1]
  .rodata             const    0x0803ea60     0x10  apptask.o [1]
  .rodata             const    0x0803ea70     0x10  apptask.o [1]
  .rodata             const    0x0803ea80     0x10  apptask.o [1]
  .rodata             const    0x0803ea90     0x10  apptask.o [1]
  .rodata             const    0x0803eaa0     0x10  apptask.o [1]
  .rodata             const    0x0803eab0     0x10  apptask.o [1]
  .rodata             const    0x0803eac0     0x10  apptask.o [1]
  .rodata             const    0x0803ead0     0x10  ff.o [1]
  .rodata             const    0x0803eae0     0x10  main.o [1]
  .rodata             const    0x0803eaf0     0x10  main.o [1]
  .rodata             const    0x0803eb00     0x10  usbh_usr.o [1]
  .rodata             const    0x0803eb10     0x10  usbh_usr.o [1]
  .text               ro code  0x0803eb20     0x10  startup_stm32f40_41xxx.o [1]
  .text               ro code  0x0803eb30     0x10  usbh_it.o [1]
  .rodata             const    0x0803eb40      0xc  apptask.o [1]
  .rodata             const    0x0803eb4c      0xc  apptask.o [1]
  .rodata             const    0x0803eb58      0xc  apptask.o [1]
  .rodata             const    0x0803eb64      0xc  apptask.o [1]
  .rodata             const    0x0803eb70      0xc  apptask.o [1]
  .rodata             const    0x0803eb7c      0xc  apptask.o [1]
  .rodata             const    0x0803eb88      0xc  apptask.o [1]
  .rodata             const    0x0803eb94      0xc  apptask.o [1]
  .rodata             const    0x0803eba0      0xc  apptask.o [1]
  .rodata             const    0x0803ebac      0xc  apptask.o [1]
  .rodata             const    0x0803ebb8      0xc  apptask.o [1]
  .rodata             const    0x0803ebc4      0xc  apptask.o [1]
  .rodata             const    0x0803ebd0      0xc  apptask.o [1]
  .rodata             const    0x0803ebdc      0xc  apptask.o [1]
  .rodata             const    0x0803ebe8      0xc  apptask.o [1]
  .rodata             const    0x0803ebf4      0xc  apptask.o [1]
  .rodata             const    0x0803ec00      0xc  apptask.o [1]
  .rodata             const    0x0803ec0c      0xc  apptask.o [1]
  .rodata             const    0x0803ec18      0xc  apptask.o [1]
  .rodata             const    0x0803ec24      0xc  apptask.o [1]
  .rodata             const    0x0803ec30      0xc  apptask.o [1]
  .rodata             const    0x0803ec3c      0xc  apptask.o [1]
  .rodata             const    0x0803ec48      0xc  apptask.o [1]
  .rodata             const    0x0803ec54      0xc  bsp_sdwe050c17.o [1]
  .rodata             const    0x0803ec60      0xc  bsp_sdwe050c17.o [1]
  .rodata             const    0x0803ec6c      0xc  bsp_sdwe050c17.o [1]
  .rodata             const    0x0803ec78      0xc  demo_fatfs.o [1]
  .rodata             const    0x0803ec84      0xc  ff.o [1]
  .text               ro code  0x0803ec90      0xc  cstartup_M.o [5]
  .rodata             const    0x0803ec9c      0x8  apptask.o [1]
  .rodata             const    0x0803eca4      0x8  apptask.o [1]
  .rodata             const    0x0803ecac      0x8  apptask.o [1]
  .rodata             const    0x0803ecb4      0x8  apptask.o [1]
  .rodata             const    0x0803ecbc      0x8  apptask.o [1]
  .rodata             const    0x0803ecc4      0x8  apptask.o [1]
  .rodata             const    0x0803eccc      0x8  apptask.o [1]
  .rodata             const    0x0803ecd4      0x8  apptask.o [1]
  .rodata             const    0x0803ecdc      0x8  apptask.o [1]
  .rodata             const    0x0803ece4      0x8  apptask.o [1]
  .rodata             const    0x0803ecec      0x8  apptask.o [1]
  .rodata             const    0x0803ecf4      0x8  bsp_w25qxx.o [1]
  .rodata             const    0x0803ecfc      0x8  ff.o [1]
  .rodata             const    0x0803ed04      0x8  malloc.o [1]
  .rodata             const    0x0803ed0c      0x8  malloc.o [1]
  .rodata             const    0x0803ed14      0x8  malloc.o [1]
  .rodata             const    0x0803ed1c      0x8  para.o [1]
  .rodata             const    0x0803ed24      0x8  tasks.o [1]
  .rodata             const    0x0803ed2c      0x8  timers.o [1]
  .rodata             const    0x0803ed34      0x4  heap_4.o [1]
  .rodata             const    0x0803ed38      0x4  port.o [1]
  .text               ro code  0x0803ed3c      0x4  startup_stm32f40_41xxx.o [1]
  .text               ro code  0x0803ed40      0x4  startup_stm32f40_41xxx.o [1]
  .text               ro code  0x0803ed44      0x4  startup_stm32f40_41xxx.o [1]
  .text               ro code  0x0803ed48      0x4  startup_stm32f40_41xxx.o [1]
  .text               ro code  0x0803ed4c      0x4  startup_stm32f40_41xxx.o [1]
  .text               ro code  0x0803ed50      0x4  startup_stm32f40_41xxx.o [1]
  .text               ro code  0x0803ed54      0x4  startup_stm32f40_41xxx.o [1]
  .text               ro code  0x0803ed58      0x4  startup_stm32f40_41xxx.o [1]
  .text               ro code  0x0803ed5c      0x4  startup_stm32f40_41xxx.o [1]
  .text               ro code  0x0803ed60      0x4  startup_stm32f40_41xxx.o [1]
  .text               ro code  0x0803ed64      0x4  startup_stm32f40_41xxx.o [1]
  .text               ro code  0x0803ed68      0x4  startup_stm32f40_41xxx.o [1]
  .text               ro code  0x0803ed6c      0x4  startup_stm32f40_41xxx.o [1]
  .text               ro code  0x0803ed70      0x4  startup_stm32f40_41xxx.o [1]
  .text               ro code  0x0803ed74      0x4  startup_stm32f40_41xxx.o [1]
  .text               ro code  0x0803ed78      0x4  startup_stm32f40_41xxx.o [1]
  .text               ro code  0x0803ed7c      0x4  startup_stm32f40_41xxx.o [1]
  .text               ro code  0x0803ed80      0x4  startup_stm32f40_41xxx.o [1]
  .text               ro code  0x0803ed84      0x4  startup_stm32f40_41xxx.o [1]
  .text               ro code  0x0803ed88      0x4  startup_stm32f40_41xxx.o [1]
  .text               ro code  0x0803ed8c      0x4  startup_stm32f40_41xxx.o [1]
  .text               ro code  0x0803ed90      0x4  startup_stm32f40_41xxx.o [1]
  .text               ro code  0x0803ed94      0x4  startup_stm32f40_41xxx.o [1]
  .text               ro code  0x0803ed98      0x4  startup_stm32f40_41xxx.o [1]
  .text               ro code  0x0803ed9c      0x4  startup_stm32f40_41xxx.o [1]
  .text               ro code  0x0803eda0      0x4  startup_stm32f40_41xxx.o [1]
  .text               ro code  0x0803eda4      0x4  startup_stm32f40_41xxx.o [1]
  .text               ro code  0x0803eda8      0x4  startup_stm32f40_41xxx.o [1]
  .text               ro code  0x0803edac      0x4  startup_stm32f40_41xxx.o [1]
  .text               ro code  0x0803edb0      0x4  startup_stm32f40_41xxx.o [1]
  .text               ro code  0x0803edb4      0x4  startup_stm32f40_41xxx.o [1]
  .text               ro code  0x0803edb8      0x4  startup_stm32f40_41xxx.o [1]
  .text               ro code  0x0803edbc      0x4  startup_stm32f40_41xxx.o [1]
  .text               ro code  0x0803edc0      0x4  startup_stm32f40_41xxx.o [1]
  .text               ro code  0x0803edc4      0x4  startup_stm32f40_41xxx.o [1]
  .text               ro code  0x0803edc8      0x4  startup_stm32f40_41xxx.o [1]
  .text               ro code  0x0803edcc      0x4  startup_stm32f40_41xxx.o [1]
  .text               ro code  0x0803edd0      0x4  startup_stm32f40_41xxx.o [1]
  .text               ro code  0x0803edd4      0x4  startup_stm32f40_41xxx.o [1]
  .text               ro code  0x0803edd8      0x4  startup_stm32f40_41xxx.o [1]
  .text               ro code  0x0803eddc      0x4  startup_stm32f40_41xxx.o [1]
  .text               ro code  0x0803ede0      0x4  startup_stm32f40_41xxx.o [1]
  .text               ro code  0x0803ede4      0x4  startup_stm32f40_41xxx.o [1]
  .text               ro code  0x0803ede8      0x4  startup_stm32f40_41xxx.o [1]
  .text               ro code  0x0803edec      0x4  startup_stm32f40_41xxx.o [1]
  .text               ro code  0x0803edf0      0x4  startup_stm32f40_41xxx.o [1]
  .text               ro code  0x0803edf4      0x4  startup_stm32f40_41xxx.o [1]
  .text               ro code  0x0803edf8      0x4  startup_stm32f40_41xxx.o [1]
  .text               ro code  0x0803edfc      0x4  startup_stm32f40_41xxx.o [1]
  .text               ro code  0x0803ee00      0x4  startup_stm32f40_41xxx.o [1]
  .text               ro code  0x0803ee04      0x4  startup_stm32f40_41xxx.o [1]
  .text               ro code  0x0803ee08      0x4  startup_stm32f40_41xxx.o [1]
  .text               ro code  0x0803ee0c      0x4  startup_stm32f40_41xxx.o [1]
  .text               ro code  0x0803ee10      0x4  startup_stm32f40_41xxx.o [1]
  .text               ro code  0x0803ee14      0x4  startup_stm32f40_41xxx.o [1]
  .text               ro code  0x0803ee18      0x4  startup_stm32f40_41xxx.o [1]
  .text               ro code  0x0803ee1c      0x4  startup_stm32f40_41xxx.o [1]
  .text               ro code  0x0803ee20      0x4  startup_stm32f40_41xxx.o [1]
  .text               ro code  0x0803ee24      0x4  startup_stm32f40_41xxx.o [1]
  .text               ro code  0x0803ee28      0x4  startup_stm32f40_41xxx.o [1]
  .text               ro code  0x0803ee2c      0x4  startup_stm32f40_41xxx.o [1]
  .text               ro code  0x0803ee30      0x4  startup_stm32f40_41xxx.o [1]
  .text               ro code  0x0803ee34      0x4  startup_stm32f40_41xxx.o [1]
  .text               ro code  0x0803ee38      0x4  startup_stm32f40_41xxx.o [1]
  .text               ro code  0x0803ee3c      0x4  startup_stm32f40_41xxx.o [1]
  .text               ro code  0x0803ee40      0x4  startup_stm32f40_41xxx.o [1]
  .text               ro code  0x0803ee44      0x4  startup_stm32f40_41xxx.o [1]
  .text               ro code  0x0803ee48      0x4  startup_stm32f40_41xxx.o [1]
  .text               ro code  0x0803ee4c      0x4  startup_stm32f40_41xxx.o [1]
  .text               ro code  0x0803ee50      0x4  startup_stm32f40_41xxx.o [1]
  .text               ro code  0x0803ee54      0x4  startup_stm32f40_41xxx.o [1]
  .rodata             const    0x0803ee58      0x0  zero_init3.o [5]
  .rodata             const    0x0803ee58      0x0  copy_init3.o [5]
  Initializer bytes   const    0x0803ee58    0x1b8  <for P2 s0>
                             - 0x0803f010  0x3ee88

"P2":                                      0x1f5e8
  P2 s0                        0x20000000    0x1b8  <Init block>
    __DLIB_PERTHREAD  inited   0x20000000     0x88  localeconv.o [3]
    .data             inited   0x20000088     0x50  demo_fatfs.o [1]
    .data             inited   0x200000d8     0x48  usbh_usr.o [1]
    .data             inited   0x20000120     0x40  xfiles.o [3]
    .data             inited   0x20000160     0x1c  malloc.o [1]
    .data             inited   0x2000017c     0x10  stm32f4xx_rcc.o [1]
    .data             inited   0x2000018c     0x10  usbh_msc_core.o [1]
    .data             inited   0x2000019c      0xc  usbh_core.o [1]
    .data             inited   0x200001a8      0x4  port.o [1]
    .data             inited   0x200001ac      0x4  system_stm32f4xx.o [1]
    .data             inited   0x200001b0      0x4  usbh_core.o [1]
    .data             inited   0x200001b4      0x2  bsp_w25qxx.o [1]
    .data             inited   0x200001b6      0x1  usbh_msc_scsi.o [1]
  .bss                zero     0x200001b8  0x11800  heap_4.o [1]
  .bss                zero     0x200119b8   0xa000  malloc.o [1]
  .bss                zero     0x2001b9b8   0x1000  bsp_w25qxx.o [1]
  .bss                zero     0x2001c9b8    0xa00  malloc.o [1]
  .bss                zero     0x2001d3b8    0x5ac  usbh_usr.o [1]
  .bss                zero     0x2001d964    0x5ac  usbh_usr.o [1]
  .bss                zero     0x2001df10    0x200  ff.o [1]
  .bss                zero     0x2001e110    0x200  usbh_msc_scsi.o [1]
  .bss                zero     0x2001e310    0x200  usbh_stdreq.o [1]
  .bss                zero     0x2001e510     0xc8  tasks.o [1]
  .bss                zero     0x2001e5d8     0xa4  protocol.o [1]
  .bss                zero     0x2001e67c     0x94  usbh_usr.o [1]
  .bss                zero     0x2001e710     0x70  para.o [1]
  .bss                zero     0x2001e780     0x70  protocol.o [1]
  .bss                zero     0x2001e7f0     0x64  bsp_uart_fifo.o [1]
  .bss                zero     0x2001e854     0x64  bsp_uart_fifo.o [1]
  .bss                zero     0x2001e8b8     0x64  bsp_uart_fifo.o [1]
  .bss                zero     0x2001e91c     0x4c  usbh_msc_core.o [1]
  .bss                zero     0x2001e968     0x58  bsp_sdio_sd.o [1]
  .bss                zero     0x2001e9c0     0x50  protocol.o [1]
  .bss                zero     0x2001ea10     0x50  xfiles.o [3]
  .bss                zero     0x2001ea60     0x34  bsp_sdwe050c17.o [1]
  .bss                zero     0x2001ea94     0x28  bsp_uart_fifo.o [1]
  .bss                zero     0x2001eabc     0x28  product_cal.o [1]
  .bss                zero     0x2001eae4     0x28  product_cal.o [1]
  .bss                zero     0x2001eb0c     0x24  ff.o [1]
  .bss                zero     0x2001eb30     0x20  usbh_msc_bot.o [1]
  .bss                zero     0x2001eb50     0x18  bsp_sdio_sd.o [1]
  .bss                zero     0x2001eb68     0x18  bsp_sdio_sd.o [1]
  .bss                zero     0x2001eb80     0x14  bsp_sdio_sd.o [1]
  .bss                zero     0x2001eb94     0x14  rc522.o [1]
  .bss                zero     0x2001eba8     0x14  tasks.o [1]
  .bss                zero     0x2001ebbc     0x14  tasks.o [1]
  .bss                zero     0x2001ebd0     0x14  tasks.o [1]
  .bss                zero     0x2001ebe4     0x14  tasks.o [1]
  .bss                zero     0x2001ebf8     0x14  tasks.o [1]
  .bss                zero     0x2001ec0c     0x14  timers.o [1]
  .bss                zero     0x2001ec20     0x14  timers.o [1]
  .bss                zero     0x2001ec34     0x10  bsp_sdio_sd.o [1]
  .bss                zero     0x2001ec44     0x10  bsp_sdio_sd.o [1]
  .bss                zero     0x2001ec54     0x10  usbh_msc_bot.o [1]
  .bss                zero     0x2001ec64     0x10  usbh_msc_bot.o [1]
  .bss                zero     0x2001ec74     0x10  usbh_msc_scsi.o [1]
  .bss                zero     0x2001ec84      0xc  apptask.o [1]
  .bss                zero     0x2001ec90      0xc  apptask.o [1]
  .bss                zero     0x2001ec9c      0xc  ff.o [1]
  .bss                zero     0x2001eca8      0xc  protocol.o [1]
  .bss                zero     0x2001ecb4      0xc  protocol.o [1]
  .bss                zero     0x2001ecc0      0xc  protocol.o [1]
  .bss                zero     0x2001eccc      0x8  heap_4.o [1]
  .bss                zero     0x2001ecd4      0x8  modbus.o [1]
  .bss                zero     0x2001ecdc      0x8  protocol.o [1]
  .bss                zero     0x2001ece4      0x4  apptask.o [1]
  .bss                zero     0x2001ece8      0x4  apptask.o [1]
  .bss                zero     0x2001ecec      0x4  apptask.o [1]
  .bss                zero     0x2001ecf0      0x4  apptask.o [1]
  .bss                zero     0x2001ecf4      0x4  apptask.o [1]
  .bss                zero     0x2001ecf8      0x4  apptask.o [1]
  .bss                zero     0x2001ecfc      0x4  apptask.o [1]
  .bss                zero     0x2001ed00      0x4  apptask.o [1]
  .bss                zero     0x2001ed04      0x4  apptask.o [1]
  .bss                zero     0x2001ed08      0x4  apptask.o [1]
  .bss                zero     0x2001ed0c      0x4  apptask.o [1]
  .bss                zero     0x2001ed10      0x4  apptask.o [1]
  .bss                zero     0x2001ed14      0x4  apptask.o [1]
  .bss                zero     0x2001ed18      0x4  apptask.o [1]
  .bss                zero     0x2001ed1c      0x4  apptask.o [1]
  .bss                zero     0x2001ed20      0x4  apptask.o [1]
  .bss                zero     0x2001ed24      0x4  bsp_sdio_sd.o [1]
  .bss                zero     0x2001ed28      0x4  bsp_sdio_sd.o [1]
  .bss                zero     0x2001ed2c      0x4  bsp_sdio_sd.o [1]
  .bss                zero     0x2001ed30      0x4  bsp_sdio_sd.o [1]
  .bss                zero     0x2001ed34      0x4  bsp_sdio_sd.o [1]
  .bss                zero     0x2001ed38      0x4  bsp_timer.o [1]
  .bss                zero     0x2001ed3c      0x4  bsp_timer.o [1]
  .bss                zero     0x2001ed40      0x4  bsp_timer.o [1]
  .bss                zero     0x2001ed44      0x4  bsp_timer.o [1]
  .bss                zero     0x2001ed48      0x4  heap_4.o [1]
  .bss                zero     0x2001ed4c      0x4  heap_4.o [1]
  .bss                zero     0x2001ed50      0x4  heap_4.o [1]
  .bss                zero     0x2001ed54      0x4  heap_4.o [1]
  .bss                zero     0x2001ed58      0x4  port.o [1]
  .bss                zero     0x2001ed5c      0x4  SysInfoTest.o [1]
  .bss                zero     0x2001ed60      0x4  tasks.o [1]
  .bss                zero     0x2001ed64      0x4  tasks.o [1]
  .bss                zero     0x2001ed68      0x4  tasks.o [1]
  .bss                zero     0x2001ed6c      0x4  tasks.o [1]
  .bss                zero     0x2001ed70      0x4  tasks.o [1]
  .bss                zero     0x2001ed74      0x4  tasks.o [1]
  .bss                zero     0x2001ed78      0x4  tasks.o [1]
  .bss                zero     0x2001ed7c      0x4  tasks.o [1]
  .bss                zero     0x2001ed80      0x4  tasks.o [1]
  .bss                zero     0x2001ed84      0x4  tasks.o [1]
  .bss                zero     0x2001ed88      0x4  tasks.o [1]
  .bss                zero     0x2001ed8c      0x4  tasks.o [1]
  .bss                zero     0x2001ed90      0x4  tasks.o [1]
  .bss                zero     0x2001ed94      0x4  tasks.o [1]
  .bss                zero     0x2001ed98      0x4  tasks.o [1]
  .bss                zero     0x2001ed9c      0x4  tasks.o [1]
  .bss                zero     0x2001eda0      0x4  timers.o [1]
  .bss                zero     0x2001eda4      0x4  timers.o [1]
  .bss                zero     0x2001eda8      0x4  timers.o [1]
  .bss                zero     0x2001edac      0x4  timers.o [1]
  .bss                zero     0x2001edb0      0x4  usbh_msc_bot.o [1]
  .bss                zero     0x2001edb4      0x4  usbh_msc_bot.o [1]
  .bss                zero     0x2001edb8      0x4  usbh_msc_bot.o [1]
  .bss                zero     0x2001edbc      0x4  usbh_msc_bot.o [1]
  .bss                zero     0x2001edc0      0x2  apptask.o [1]
  .bss                zero     0x2001edc2      0x2  apptask.o [1]
  .bss                zero     0x2001edc4      0x2  apptask.o [1]
  .bss                zero     0x2001edc6      0x2  apptask.o [1]
  .bss                zero     0x2001edc8      0x2  bsp_sdwe050c17.o [1]
  .bss                zero     0x2001edca      0x2  ff.o [1]
  .bss                zero     0x2001edcc      0x2  usbh_core.o [1]
  .bss                zero     0x2001edce      0x2  usbh_stdreq.o [1]
  .bss                zero     0x2001edd0      0x1  apptask.o [1]
  .bss                zero     0x2001edd1      0x1  apptask.o [1]
  .bss                zero     0x2001edd2      0x1  apptask.o [1]
  .bss                zero     0x2001edd3      0x1  apptask.o [1]
  .bss                zero     0x2001edd4      0x1  apptask.o [1]
  .bss                zero     0x2001edd5      0x1  apptask.o [1]
  .bss                zero     0x2001edd6      0x1  apptask.o [1]
  .bss                zero     0x2001edd7      0x1  bsp_sdio_sd.o [1]
  .bss                zero     0x2001edd8      0x1  bsp_sdwe050c17.o [1]
  .bss                zero     0x2001edd9      0x1  bsp_uart_fifo.o [1]
  .bss                zero     0x2001edda      0x1  port.o [1]
  .bss                zero     0x2001eddb      0x1  protocol.o [1]
  .bss                zero     0x2001eddc      0x1  rc522.o [1]
  .bss                zero     0x2001eddd      0x1  rc522.o [1]
  .bss                zero     0x2001edde      0x1  usbh_msc_bot.o [1]
  .bss                zero     0x2001eddf      0x1  usbh_msc_core.o [1]
  .bss                zero     0x2001ede0      0x1  usbh_msc_core.o [1]
  .bss                zero     0x2001ede1      0x1  usbh_stdreq.o [1]
  .bss                zero     0x2001ede2      0x1  usbh_usr.o [1]
  CSTACK                       0x2001ede8    0x800  <Block>
    CSTACK            uninit   0x2001ede8    0x800  <Block tail>
                             - 0x2001f5e8  0x1f5e8

Absolute sections:                         0xff000
  .bss                zero     0x68000000  0xf0000  malloc.o [1]
  .bss                zero     0x680f0000   0xf000  malloc.o [1]
                             - 0x680ff000  0xff000


*******************************************************************************
*** INIT TABLE
***

          Address     Size
          -------     ----
Zero (__iar_zero_init3)
    2 destination ranges, total size 0x11dc2b:
          0x200001b8  0x1ec2b
          0x68000000  0xff000

Copy (__iar_copy_init3)
    1 source range, total size 0x1b8 (100% of destination):
          0x0803ee58    0x1b8
    1 destination range, total size 0x1b7:
          0x20000000    0x1b7



*******************************************************************************
*** MODULE SUMMARY
***

    Module                    ro code  ro data  rw data    rw data
                                                            (abs)
    ------                    -------  -------  -------    -------
F:\work\YarnControl_Driver\src\stm32f4_rtos\Project\EWARMv7\Flash\Obj: [1]
    SysInfoTest.o                  60                 4
    apptask.o                  12 580    1 600      103
    bsp.o                          84
    bsp_closeSW.o                 212
    bsp_dwt.o                     116
    bsp_led.o                     192
    bsp_relay.o                    68
    bsp_sdio_sd.o               6 744               209
    bsp_sdwe050c17.o            3 048       68       55
    bsp_servomotor.o              196
    bsp_spi.o                     292
    bsp_stepmotor.o               540
    bsp_sw_onoff.o                104
    bsp_tim_pwm.o                 736
    bsp_timer.o                   516                16
    bsp_uart_fifo.o             2 660               341
    bsp_w25qxx.o                  896       10    4 098
    bsp_watchdog.o                  8
    cc936.o                       244  176 320
    demo_fatfs.o                           772       80
    diskio.o                      740
    event_groups.o                610
    ff.o                        8 804       36      562
    heap_4.o                      640        4   71 704
    list.o                        152
    main.o                         52       32
    malloc.o                      540       52   43 548  1 044 480
    mcheck.o                      184      768
    misc.o                        136
    modbus.o                      852                 8
    para.o                        544        8      112
    port.o                        588        8        9
    portasm.o                     168
    product_cal.o               1 072                80
    protocol.o                     68               401
    queue.o                     1 992
    rc522.o                       174                22
    startup_stm32f40_41xxx.o      692
    stm32f4xx_dma.o               692
    stm32f4xx_exti.o              192
    stm32f4xx_gpio.o              300
    stm32f4xx_it.o                 56       44
    stm32f4xx_iwdg.o               16
    stm32f4xx_rcc.o               452       16       16
    stm32f4xx_sdio.o              380
    stm32f4xx_spi.o               116
    stm32f4xx_syscfg.o             84
    stm32f4xx_tim.o               748
    stm32f4xx_usart.o             558
    system_stm32f4xx.o            340        4        4
    tasks.o                     3 072        8      364
    timers.o                    1 188        8       56
    usb_bsp.o                     332
    usb_core.o                  2 640
    usb_hcd.o                     214
    usb_hcd_int.o               3 198
    usbh_core.o                 1 888       16       18
    usbh_hcs.o                    442
    usbh_ioreq.o                  582
    usbh_it.o                      16
    usbh_msc_bot.o              1 364                81
    usbh_msc_core.o             1 000       16       94
    usbh_msc_scsi.o             1 560        1      529
    usbh_stdreq.o               1 078               515
    usbh_usr.o                    438      628    3 125
    --------------------------------------------------------------
    Total:                     70 250  180 419  126 154  1 044 480

command line: [2]
    --------------------------------------------------------------
    Total:

dl7M_tlf.a: [3]
    div.o                          14
    exit.o                          4
    localeconv.o                  108      136      136
    printf.o                       36
    putchar.o                      12
    sprintf.o                      52
    strcat.o                       28
    strstr.o                       44
    xfiles.o                                64      144
    xprintffull_nomb.o          3 478
    xprout.o                       22
    xsprout.o                      10
    --------------------------------------------------------------
    Total:                      3 808      200      280

m7M_tls.a: [4]
    DblAdd.o                      212
    DblCmpGe.o                     46
    DblCmpLe.o                     46
    DblDiv.o                      598
    DblMul.o                      418
    DblSub.o                      384
    DblToI32.o                     88
    FltToDbl.o                     78
    I32ToDbl.o                     48
    fpinit_M.o                     34
    xdnorm.o                       66
    xdscale.o                     276
    --------------------------------------------------------------
    Total:                      2 294

rt7M_tl.a: [5]
    ABImemcpy_unaligned.o         118
    ABImemset.o                   102
    I64DivMod.o                   238
    I64DivZer.o                     2
    cexit.o                        10
    cmain.o                        26
    copy_init3.o                   44
    cstartup_M.o                   12
    data_init.o                    40
    memchr.o                       88
    memcmp_unaligned.o             98
    strchr.o                       22
    strcmp_unaligned.o             66
    strlen.o                       54
    zero_init3.o                   64
    --------------------------------------------------------------
    Total:                        984

shb_l.a: [6]
    exit.o                         20
    --------------------------------------------------------------
    Total:                         20

    Gaps                           42        2
    Linker created                          45    2 048
------------------------------------------------------------------
    Grand Total:               77 398  180 666  128 482  1 044 480


*******************************************************************************
*** ENTRY LIST
***

Entry                      Address     Size  Type      Object
-----                      -------     ----  ----      ------
.iar.init_table$$Base   0x0803e4bc            --   Gb  - Linker created -
.iar.init_table$$Limit  0x0803e4e8            --   Gb  - Linker created -
?main                   0x0803e7d1           Code  Gb  cmain.o [5]
APBAHBPrescTable        0x2000017c     0x10  Data  Lc  stm32f4xx_rcc.o [1]
AppObjCreate            0x0802d769    0x124  Code  Gb  apptask.o [1]
AppTaskCreate           0x0802d631    0x126  Code  Gb  apptask.o [1]
BOTStallErrorCount      0x2001edb0      0x4  Data  Lc  usbh_msc_bot.o [1]
BusFault_Handler        0x0803e1e7      0x2  Code  Gb  stm32f4xx_it.o [1]
CID_Tab                 0x2001ec44     0x10  Data  Lc  bsp_sdio_sd.o [1]
CRC16HiTable            0x0803dabc    0x100  Data  Gb  mcheck.o [1]
CRC16LoTable            0x0803dbbc    0x100  Data  Gb  mcheck.o [1]
CRC8Table               0x0803dcbc    0x100  Data  Gb  mcheck.o [1]
CSD_Tab                 0x2001ec34     0x10  Data  Lc  bsp_sdio_sd.o [1]
CSTACK$$Base            0x2001ede8            --   Gb  - Linker created -
CSTACK$$Limit           0x2001f5e8            --   Gb  - Linker created -
CardType                0x2001ed24      0x4  Data  Lc  bsp_sdio_sd.o [1]
CmdError                0x0803a189     0x38  Code  Lc  bsp_sdio_sd.o [1]
CmdResp1Error           0x0803a22d    0x112  Code  Lc  bsp_sdio_sd.o [1]
CmdResp2Error           0x0803a37d     0x52  Code  Lc  bsp_sdio_sd.o [1]
CmdResp3Error           0x0803a33f     0x3e  Code  Lc  bsp_sdio_sd.o [1]
CmdResp6Error           0x0803a3cf     0xa6  Code  Lc  bsp_sdio_sd.o [1]
CmdResp7Error           0x0803a1c1     0x58  Code  Lc  bsp_sdio_sd.o [1]
ConfigExitNVIC          0x0803de27     0x22  Code  Gb  bsp_closeSW.o [1]
ConfigUartNVIC          0x08035181     0x7c  Code  Lc  bsp_uart_fifo.o [1]
DMA2_Stream3_IRQHandler
                        0x0803aa71      0x8  Code  Gb  bsp_sdio_sd.o [1]
DMAEndOfTransfer        0x2001ed34      0x4  Data  Gb  bsp_sdio_sd.o [1]
DMA_ClearFlag           0x08037cdb     0x24  Code  Gb  stm32f4xx_dma.o [1]
DMA_Cmd                 0x08037c91     0x1a  Code  Gb  stm32f4xx_dma.o [1]
DMA_DeInit              0x08037af9    0x140  Code  Gb  stm32f4xx_dma.o [1]
DMA_FlowControllerConfig
                        0x08037cab     0x18  Code  Gb  stm32f4xx_dma.o [1]
DMA_GetCmdStatus        0x08037cc3     0x18  Code  Gb  stm32f4xx_dma.o [1]
DMA_ITConfig            0x08037cff     0x42  Code  Gb  stm32f4xx_dma.o [1]
DMA_Init                0x08037c39     0x58  Code  Gb  stm32f4xx_dma.o [1]
DebugMon_Handler        0x0803e1eb      0x2  Code  Gb  stm32f4xx_it.o [1]
DiskFile_init           0x08033ec5     0x40  Code  Gb  protocol.o [1]
Disk_File               0x2001e780     0x70  Data  Gb  protocol.o [1]
EXTI9_5_IRQHandler      0x0803de49     0x3c  Code  Gb  bsp_closeSW.o [1]
EXTI_ClearITPendingBit  0x0803df87      0x6  Code  Gb  stm32f4xx_exti.o [1]
EXTI_GetITStatus        0x0803df6d     0x1a  Code  Gb  stm32f4xx_exti.o [1]
EXTI_Init               0x0803dee5     0x88  Code  Gb  stm32f4xx_exti.o [1]
FR_Table                0x20000088     0x50  Data  Gb  demo_fatfs.o [1]
FatFs                   0x2001ec9c      0xc  Data  Lc  ff.o [1]
File_info               0x2001e9c0     0x50  Data  Gb  protocol.o [1]
Files                   0x2001eb0c     0x24  Data  Lc  ff.o [1]
FindSCR                 0x0803a61d    0x206  Code  Lc  bsp_sdio_sd.o [1]
Fsid                    0x2001edca      0x2  Data  Lc  ff.o [1]
GPIO_Init               0x080305e1     0xaa  Code  Gb  stm32f4xx_gpio.o [1]
GPIO_PinAFConfig        0x080306b3     0x5a  Code  Gb  stm32f4xx_gpio.o [1]
GPIO_ReadInputDataBit   0x0803068b     0x1a  Code  Gb  stm32f4xx_gpio.o [1]
GPIO_WriteBit           0x080306a5      0xe  Code  Gb  stm32f4xx_gpio.o [1]
GetDeviceState          0x08033e91     0x2e  Code  Gb  bsp_sw_onoff.o [1]
HCD_GetCurrentFrame     0x08036a51      0x8  Code  Gb  usb_hcd.o [1]
HCD_GetCurrentSpeed     0x08036a33     0x10  Code  Gb  usb_hcd.o [1]
HCD_GetURB_State        0x08036a59      0xa  Code  Gb  usb_hcd.o [1]
HCD_GetXferCnt          0x08036a63      0xc  Code  Gb  usb_hcd.o [1]
HCD_Init                0x080369c1     0x72  Code  Gb  usb_hcd.o [1]
HCD_ResetPort           0x08036a43      0xe  Code  Gb  usb_hcd.o [1]
HCD_SubmitRequest       0x08036a6f     0x28  Code  Gb  usb_hcd.o [1]
HardFault_Handler       0x0803e1b7     0x22  Code  Gb  stm32f4xx_it.o [1]
IWDG_Feed               0x08034621      0x8  Code  Gb  bsp_watchdog.o [1]
IWDG_ReloadCounter      0x08037789      0xa  Code  Gb  stm32f4xx_iwdg.o [1]
InitHardUart            0x08034dc1    0x3c0  Code  Lc  bsp_uart_fifo.o [1]
Init_JINGSHA_GUI        0x0802efab    0x100  Code  Gb  bsp_sdwe050c17.o [1]
LfnBuf                  0x2001df10    0x200  Data  Lc  ff.o [1]
LfnOfs                  0x0803ead0     0x10  Data  Lc  ff.o [1]
LoadInt                 0x08036069     0x6e  Code  Lc  xprintffull_nomb.o [3]
MSCErrorCount           0x2001eddf      0x1  Data  Gb  usbh_msc_core.o [1]
MSC_Machine             0x2001e91c     0x4c  Data  Gb  usbh_msc_core.o [1]
MSG_DEV_ATTACHED        0x0803e960     0x18  Data  Gb  usbh_usr.o [1]
MSG_DEV_DISCONNECTED    0x0803e978     0x18  Data  Gb  usbh_usr.o [1]
MSG_DEV_ENUMERATED      0x0803e77c     0x1c  Data  Gb  usbh_usr.o [1]
MSG_DEV_ERROR           0x0803ea2c     0x14  Data  Gb  usbh_usr.o [1]
MSG_DEV_FULLSPEED       0x0803e608     0x20  Data  Gb  usbh_usr.o [1]
MSG_DEV_HIGHSPEED       0x0803e5e8     0x20  Data  Gb  usbh_usr.o [1]
MSG_DEV_LOWSPEED        0x0803e628     0x20  Data  Gb  usbh_usr.o [1]
MSG_HID_CLASS           0x0803e798     0x1c  Data  Gb  usbh_usr.o [1]
MSG_MSC_CLASS           0x0803e474     0x24  Data  Gb  usbh_usr.o [1]
MSG_UNREC_ERROR         0x0803e7b4     0x1c  Data  Gb  usbh_usr.o [1]
MemManage_Handler       0x0803e1e5      0x2  Code  Gb  stm32f4xx_it.o [1]
NMI_Handler             0x0803e1b5      0x2  Code  Gb  stm32f4xx_it.o [1]
NVIC_Init               0x08037a7b     0x6a  Code  Gb  misc.o [1]
NVIC_PriorityGroupConfig
                        0x08037a71      0xa  Code  Gb  misc.o [1]
OTG_FS_IRQHandler       0x0803eb31     0x10  Code  Gb  usbh_it.o [1]
PendSV_Handler          0x08037799           Code  Gb  portasm.o [1]
RCA                     0x2001ed28      0x4  Data  Lc  bsp_sdio_sd.o [1]
RCC_AHB1PeriphClockCmd  0x08034c8f     0x22  Code  Gb  stm32f4xx_rcc.o [1]
RCC_AHB2PeriphClockCmd  0x08034cb1     0x1e  Code  Gb  stm32f4xx_rcc.o [1]
RCC_APB1PeriphClockCmd  0x08034ccf     0x1e  Code  Gb  stm32f4xx_rcc.o [1]
RCC_APB2PeriphClockCmd  0x08034ced     0x1e  Code  Gb  stm32f4xx_rcc.o [1]
RCC_APB2PeriphResetCmd  0x08034d0b     0x1e  Code  Gb  stm32f4xx_rcc.o [1]
RCC_GetClocksFreq       0x08034b8d    0x102  Code  Gb  stm32f4xx_rcc.o [1]
RS485_InitTXE           0x08034d8d     0x34  Code  Gb  bsp_uart_fifo.o [1]
RS485_sendbuf           0x0803563d     0x3c  Code  Gb  bsp_uart_fifo.o [1]
Region$$Table$$Base     0x0803e4bc            --   Gb  - Linker created -
Region$$Table$$Limit    0x0803e4e8            --   Gb  - Linker created -
SDCardInfo              0x2001e968     0x58  Data  Gb  bsp_sdio_sd.o [1]
SDEnWideBus             0x0803a481    0x198  Code  Lc  bsp_sdio_sd.o [1]
SDIO_ClearFlag          0x0803b7d1      0x6  Code  Gb  stm32f4xx_sdio.o [1]
SDIO_ClearITPendingBit  0x0803b7f1      0x6  Code  Gb  stm32f4xx_sdio.o [1]
SDIO_ClockCmd           0x0803b6ff      0x8  Code  Gb  stm32f4xx_sdio.o [1]
SDIO_CmdInitStructure   0x2001eb80     0x14  Data  Gb  bsp_sdio_sd.o [1]
SDIO_DMACmd             0x0803b791      0x8  Code  Gb  stm32f4xx_sdio.o [1]
SDIO_DataConfig         0x0803b75d     0x2e  Code  Gb  stm32f4xx_sdio.o [1]
SDIO_DataInitStructure  0x2001eb68     0x18  Data  Gb  bsp_sdio_sd.o [1]
SDIO_DeInit             0x0803b6bd     0x18  Code  Gb  stm32f4xx_sdio.o [1]
SDIO_GetCommandResponse
                        0x0803b73f      0x8  Code  Gb  stm32f4xx_sdio.o [1]
SDIO_GetFlagStatus      0x0803b7b7     0x1a  Code  Gb  stm32f4xx_sdio.o [1]
SDIO_GetITStatus        0x0803b7d7     0x1a  Code  Gb  stm32f4xx_sdio.o [1]
SDIO_GetPowerState      0x0803b70d      0xa  Code  Gb  stm32f4xx_sdio.o [1]
SDIO_GetResponse        0x0803b747     0x16  Code  Gb  stm32f4xx_sdio.o [1]
SDIO_IRQHandler         0x0803aa69      0x8  Code  Gb  bsp_sdio_sd.o [1]
SDIO_ITConfig           0x0803b799     0x1e  Code  Gb  stm32f4xx_sdio.o [1]
SDIO_Init               0x0803b6d5     0x2a  Code  Gb  stm32f4xx_sdio.o [1]
SDIO_InitStructure      0x2001eb50     0x18  Data  Gb  bsp_sdio_sd.o [1]
SDIO_Interrupts_Config  0x0803aa2d     0x3c  Code  Gb  bsp_sdio_sd.o [1]
SDIO_ReadData           0x0803b78b      0x6  Code  Gb  stm32f4xx_sdio.o [1]
SDIO_SendCommand        0x0803b717     0x28  Code  Gb  stm32f4xx_sdio.o [1]
SDIO_SetPowerState      0x0803b707      0x6  Code  Gb  stm32f4xx_sdio.o [1]
SDWE_WARNNING           0x0802f21b     0x2a  Code  Gb  bsp_sdwe050c17.o [1]
SD_Detect               0x08039125     0x22  Code  Gb  bsp_sdio_sd.o [1]
SD_EnableWideBusOperation
                        0x08039921     0xc8  Code  Gb  bsp_sdio_sd.o [1]
SD_GetCardInfo          0x08039535    0x3ec  Code  Gb  bsp_sdio_sd.o [1]
SD_GetState             0x080390fb     0x2a  Code  Gb  bsp_sdio_sd.o [1]
SD_GetStatus            0x080390d9     0x22  Code  Gb  bsp_sdio_sd.o [1]
SD_Init                 0x08039021     0xb8  Code  Gb  bsp_sdio_sd.o [1]
SD_InitializeCards      0x08039393    0x1a2  Code  Gb  bsp_sdio_sd.o [1]
SD_LowLevel_DMA_RxConfig
                        0x0803a977     0x8e  Code  Gb  bsp_sdio_sd.o [1]
SD_LowLevel_DMA_TxConfig
                        0x0803a8e9     0x8e  Code  Gb  bsp_sdio_sd.o [1]
SD_LowLevel_Init        0x0803a825     0xbc  Code  Gb  bsp_sdio_sd.o [1]
SD_PowerON              0x08039147    0x24c  Code  Gb  bsp_sdio_sd.o [1]
SD_ProcessDMAIRQ        0x0803a165     0x22  Code  Gb  bsp_sdio_sd.o [1]
SD_ProcessIRQSrc        0x0803a0b7     0xae  Code  Gb  bsp_sdio_sd.o [1]
SD_ReadBlock            0x08039a21    0x108  Code  Gb  bsp_sdio_sd.o [1]
SD_ReadMultiBlocks      0x08039b29    0x134  Code  Gb  bsp_sdio_sd.o [1]
SD_SelectDeselect       0x080399e9     0x38  Code  Gb  bsp_sdio_sd.o [1]
SD_SendStatus           0x0803a049     0x6e  Code  Gb  bsp_sdio_sd.o [1]
SD_StopTransfer         0x0803a001     0x44  Code  Gb  bsp_sdio_sd.o [1]
SD_WaitReadOperation    0x08039c61     0x96  Code  Gb  bsp_sdio_sd.o [1]
SD_WriteBlock           0x08039d01    0x11e  Code  Gb  bsp_sdio_sd.o [1]
SD_WriteMultiBlocks     0x08039e2d    0x1cc  Code  Gb  bsp_sdio_sd.o [1]
SPI1_Init               0x080359b9     0xc0  Code  Gb  bsp_spi.o [1]
SPI1_ReadWriteByte      0x08035aa1     0x32  Code  Gb  bsp_spi.o [1]
SPI1_SetSpeed           0x08035a79     0x28  Code  Gb  bsp_spi.o [1]
SPI_Cmd                 0x08037ded     0x1c  Code  Gb  stm32f4xx_spi.o [1]
SPI_I2S_GetFlagStatus   0x08037e09     0x18  Code  Gb  stm32f4xx_spi.o [1]
SPI_Init                0x08037dad     0x40  Code  Gb  stm32f4xx_spi.o [1]
SVC_Handler             0x080377f1           Code  Gb  portasm.o [1]
SYSCFG_EXTILineConfig   0x0803de91     0x50  Code  Gb  stm32f4xx_syscfg.o [1]
Sdwe_ClearReadDisk      0x0802f2f1     0x1c  Code  Gb  bsp_sdwe050c17.o [1]
Sdwe_change_class_time  0x0802f747     0x30  Code  Gb  bsp_sdwe050c17.o [1]
Sdwe_clearString        0x0802f245     0x54  Code  Gb  bsp_sdwe050c17.o [1]
Sdwe_clear_filename     0x0802f33d     0x2a  Code  Gb  bsp_sdwe050c17.o [1]
Sdwe_disDigi            0x0802f0f5     0xa4  Code  Gb  bsp_sdwe050c17.o [1]
Sdwe_disPicture         0x0802f0ab     0x4a  Code  Gb  bsp_sdwe050c17.o [1]
Sdwe_disString          0x0802f199     0x82  Code  Gb  bsp_sdwe050c17.o [1]
Sdwe_peiliao_page       0x0802f659     0xee  Code  Gb  bsp_sdwe050c17.o [1]
Sdwe_product_page       0x0802f4e5    0x174  Code  Gb  bsp_sdwe050c17.o [1]
Sdwe_readRTC            0x0802f30d     0x30  Code  Gb  bsp_sdwe050c17.o [1]
Sdwe_refresh_allname    0x0802f49d     0x48  Code  Gb  bsp_sdwe050c17.o [1]
Sdwe_refresh_filename   0x0802f367    0x136  Code  Gb  bsp_sdwe050c17.o [1]
Sdwe_stop_page          0x0802f777    0x362  Code  Gb  bsp_sdwe050c17.o [1]
Sdwe_writeIcon          0x0802f299     0x58  Code  Gb  bsp_sdwe050c17.o [1]
SetSysClock             0x0803d9bb     0xce  Code  Lc  system_stm32f4xx.o [1]
SlavePara               0x2001e5d8     0xa4  Data  Gb  protocol.o [1]
StopCondition           0x2001ed2c      0x4  Data  Gb  bsp_sdio_sd.o [1]
SysTick_Handler         0x080347af     0x2c  Code  Gb  port.o [1]
SystemCoreClock         0x200001ac      0x4  Data  Gb  system_stm32f4xx.o [1]
SystemInit              0x0803d969     0x52  Code  Gb  system_stm32f4xx.o [1]
TIM1_PWM_SETPMOTOR      0x0803d6c1     0x9e  Code  Gb  bsp_stepmotor.o [1]
TIM2_IRQHandler         0x080358f5     0xac  Code  Gb  bsp_timer.o [1]
TIM3_PWM_SETPMOTOR      0x0803d659     0x68  Code  Gb  bsp_stepmotor.o [1]
TIM6_DAC_IRQHandler     0x0803e153     0x22  Code  Gb  SysInfoTest.o [1]
TIM_ARRPreloadConfig    0x0803035f     0x1c  Code  Gb  stm32f4xx_tim.o [1]
TIM_CallBack1           0x0802d895     0x2c  Code  Gb  apptask.o [1]
TIM_ClearITPendingBit   0x080305d9      0x8  Code  Gb  stm32f4xx_tim.o [1]
TIM_Cmd                 0x0803037b     0x1c  Code  Gb  stm32f4xx_tim.o [1]
TIM_CtrlPWMOutputs      0x0803056f     0x22  Code  Gb  stm32f4xx_tim.o [1]
TIM_GetITStatus         0x080305a7     0x32  Code  Gb  stm32f4xx_tim.o [1]
TIM_ITConfig            0x08030591     0x16  Code  Gb  stm32f4xx_tim.o [1]
TIM_OC2Init             0x08030397     0x8c  Code  Gb  stm32f4xx_tim.o [1]
TIM_OC2PreloadConfig    0x08030535     0x14  Code  Gb  stm32f4xx_tim.o [1]
TIM_OC3Init             0x08030423     0x8a  Code  Gb  stm32f4xx_tim.o [1]
TIM_OC3PreloadConfig    0x08030549     0x12  Code  Gb  stm32f4xx_tim.o [1]
TIM_OC4Init             0x080304ad     0x68  Code  Gb  stm32f4xx_tim.o [1]
TIM_OC4PreloadConfig    0x0803055b     0x14  Code  Gb  stm32f4xx_tim.o [1]
TIM_TimeBaseInit        0x080302f5     0x6a  Code  Gb  stm32f4xx_tim.o [1]
Task_iwdg_refresh       0x0802da4d     0x56  Code  Gb  apptask.o [1]
TransferEnd             0x2001ed30      0x4  Data  Gb  bsp_sdio_sd.o [1]
TransferError           0x2001edd7      0x1  Data  Gb  bsp_sdio_sd.o [1]
UART1ToPC               0x080355dd     0x30  Code  Gb  bsp_uart_fifo.o [1]
UART2ToPC               0x0803560d     0x30  Code  Gb  bsp_uart_fifo.o [1]
UART2_RX_BUF            0x2001e8b8     0x64  Data  Gb  bsp_uart_fifo.o [1]
UART3ToPC               0x08035679     0x30  Code  Gb  bsp_uart_fifo.o [1]
UART4ToPC               0x080356a9     0x30  Code  Gb  bsp_uart_fifo.o [1]
UART4_IRQHandler        0x080354eb     0x84  Code  Gb  bsp_uart_fifo.o [1]
UART4_RX_BUF            0x2001e854     0x64  Data  Gb  bsp_uart_fifo.o [1]
UART5ToPC               0x080356db     0x30  Code  Gb  bsp_uart_fifo.o [1]
UART5_IRQHandler        0x0803556f     0x6e  Code  Gb  bsp_uart_fifo.o [1]
UART5_RX_BUF            0x2001e7f0     0x64  Data  Gb  bsp_uart_fifo.o [1]
USART1_IRQHandler       0x0803545b     0x1e  Code  Gb  bsp_uart_fifo.o [1]
USART2_IRQHandler       0x08035479     0x68  Code  Gb  bsp_uart_fifo.o [1]
USART3_IRQHandler       0x080354e1      0xa  Code  Gb  bsp_uart_fifo.o [1]
USART_ClearFlag         0x080379f3      0xc  Code  Gb  stm32f4xx_usart.o [1]
USART_Cmd               0x0803793d     0x1c  Code  Gb  stm32f4xx_usart.o [1]
USART_DMACmd            0x08037969     0x16  Code  Gb  stm32f4xx_usart.o [1]
USART_GetFlagStatus     0x080379d5     0x1e  Code  Gb  stm32f4xx_usart.o [1]
USART_GetITStatus       0x080379ff     0x70  Code  Gb  stm32f4xx_usart.o [1]
USART_ITConfig          0x0803797f     0x56  Code  Gb  stm32f4xx_usart.o [1]
USART_Init              0x08037841     0xee  Code  Gb  stm32f4xx_usart.o [1]
USART_ReceiveData       0x08037961      0x8  Code  Gb  stm32f4xx_usart.o [1]
USART_SendData          0x08037959      0x8  Code  Gb  stm32f4xx_usart.o [1]
USBH_Alloc_Channel      0x08036bb1     0x2e  Code  Gb  usbh_hcs.o [1]
USBH_BulkReceiveData    0x08037255     0x62  Code  Gb  usbh_ioreq.o [1]
USBH_BulkSendData       0x080371f3     0x62  Code  Gb  usbh_ioreq.o [1]
USBH_CfgDesc            0x2001e310    0x200  Data  Gb  usbh_stdreq.o [1]
USBH_ClrFeature         0x08036dfb     0x4c  Code  Gb  usbh_stdreq.o [1]
USBH_Connected          0x08030cf5      0xc  Code  Gb  usbh_core.o [1]
USBH_CtlReceiveData     0x080371ad     0x46  Code  Gb  usbh_ioreq.o [1]
USBH_CtlReq             0x08037087     0x6e  Code  Gb  usbh_ioreq.o [1]
USBH_CtlSendData        0x08037139     0x74  Code  Gb  usbh_ioreq.o [1]
USBH_CtlSendSetup       0x080370f5     0x44  Code  Gb  usbh_ioreq.o [1]
USBH_DataInBuffer       0x2001e110    0x200  Data  Gb  usbh_msc_scsi.o [1]
USBH_DeAllocate_AllChannel
                        0x08036c03     0x20  Code  Gb  usbh_hcs.o [1]
USBH_DeInit             0x08030d5b     0x3e  Code  Gb  usbh_core.o [1]
USBH_Disconnected       0x08030d01      0xc  Code  Gb  usbh_core.o [1]
USBH_ErrorHandle        0x08030f6b     0x34  Code  Gb  usbh_core.o [1]
USBH_Free_Channel       0x08036bdf     0x24  Code  Gb  usbh_hcs.o [1]
USBH_GetDescriptor      0x08036d5b     0x4e  Code  Gb  usbh_stdreq.o [1]
USBH_GetFreeChannel     0x08036c23     0x2e  Code  Lc  usbh_hcs.o [1]
USBH_GetNextDesc        0x0803706f     0x18  Code  Gb  usbh_stdreq.o [1]
USBH_Get_CfgDesc        0x08036c97     0x78  Code  Gb  usbh_stdreq.o [1]
USBH_Get_DevDesc        0x08036c51     0x46  Code  Gb  usbh_stdreq.o [1]
USBH_Get_StringDesc     0x08036d0f     0x4c  Code  Gb  usbh_stdreq.o [1]
USBH_HCD_INT_cb         0x2000019c      0xc  Data  Gb  usbh_core.o [1]
USBH_HCD_INT_fops       0x200001b0      0x4  Data  Gb  usbh_core.o [1]
USBH_HandleControl      0x080311b3    0x29a  Code  Gb  usbh_core.o [1]
USBH_HandleEnum         0x08030f9f    0x214  Code  Lc  usbh_core.o [1]
USBH_Init               0x08030d13     0x48  Code  Gb  usbh_core.o [1]
USBH_MSC_BOTReset       0x0803c7fd     0x28  Code  Lc  usbh_msc_core.o [1]
USBH_MSC_BOTXferParam   0x2001ec64     0x10  Data  Gb  usbh_msc_bot.o [1]
USBH_MSC_BOT_Abort      0x0803b4d9     0x5c  Code  Gb  usbh_msc_bot.o [1]
USBH_MSC_CBWData        0x2001eb30     0x20  Data  Gb  usbh_msc_bot.o [1]
USBH_MSC_CSWData        0x2001ec54     0x10  Data  Gb  usbh_msc_bot.o [1]
USBH_MSC_ClassRequest   0x0803c5eb     0x12  Code  Lc  usbh_msc_core.o [1]
USBH_MSC_DecodeCSW      0x0803b535     0x7a  Code  Gb  usbh_msc_bot.o [1]
USBH_MSC_ErrorHandle    0x0803c84d     0x3e  Code  Gb  usbh_msc_core.o [1]
USBH_MSC_GETMaxLUN      0x0803c825     0x28  Code  Lc  usbh_msc_core.o [1]
USBH_MSC_Handle         0x0803c5fd    0x200  Code  Lc  usbh_msc_core.o [1]
USBH_MSC_HandleBOTXfer  0x0803b0d5    0x404  Code  Gb  usbh_msc_bot.o [1]
USBH_MSC_Init           0x0803b091     0x44  Code  Gb  usbh_msc_bot.o [1]
USBH_MSC_InterfaceDeInit
                        0x0803c59f     0x4c  Code  Lc  usbh_msc_core.o [1]
USBH_MSC_InterfaceInit  0x0803c4b9     0xe6  Code  Lc  usbh_msc_core.o [1]
USBH_MSC_ModeSense6     0x0803ac8b    0x10c  Code  Gb  usbh_msc_scsi.o [1]
USBH_MSC_Param          0x2001ec74     0x10  Data  Gb  usbh_msc_scsi.o [1]
USBH_MSC_Read10         0x0803af71    0x106  Code  Gb  usbh_msc_scsi.o [1]
USBH_MSC_ReadCapacity10
                        0x0803ab61    0x12a  Code  Gb  usbh_msc_scsi.o [1]
USBH_MSC_RequestSense   0x0803ad97     0xee  Code  Gb  usbh_msc_scsi.o [1]
USBH_MSC_TestUnitReady  0x0803aa79     0xe8  Code  Gb  usbh_msc_scsi.o [1]
USBH_MSC_Write10        0x0803ae85     0xec  Code  Gb  usbh_msc_scsi.o [1]
USBH_MSC_cb             0x2000018c     0x10  Data  Gb  usbh_msc_core.o [1]
USBH_Modify_Channel     0x08036b3d     0x74  Code  Gb  usbh_hcs.o [1]
USBH_OTG_ISR_Handler    0x0803b839     0xb8  Code  Gb  usb_hcd_int.o [1]
USBH_Open_Channel       0x08036a97     0xa6  Code  Gb  usbh_hcs.o [1]
USBH_ParseCfgDesc       0x08036ea3    0x13c  Code  Lc  usbh_stdreq.o [1]
USBH_ParseDevDesc       0x08036e47     0x5c  Code  Lc  usbh_stdreq.o [1]
USBH_ParseEPDesc        0x08037013     0x20  Code  Lc  usbh_stdreq.o [1]
USBH_ParseInterfaceDesc
                        0x08036fed     0x26  Code  Lc  usbh_stdreq.o [1]
USBH_ParseStringDesc    0x08037033     0x3c  Code  Lc  usbh_stdreq.o [1]
USBH_Process            0x08030d99    0x1d2  Code  Gb  usbh_core.o [1]
USBH_SOF                0x08030d0d      0x6  Code  Gb  usbh_core.o [1]
USBH_SetAddress         0x08036da9     0x2a  Code  Gb  usbh_stdreq.o [1]
USBH_SetCfg             0x08036dd3     0x28  Code  Gb  usbh_stdreq.o [1]
USBH_SubmitSetupRequest
                        0x080372b7     0x16  Code  Lc  usbh_ioreq.o [1]
USBH_USR_Configuration_DescAvailable
                        0x08030bfd     0x26  Code  Gb  usbh_usr.o [1]
USBH_USR_DeInit         0x08030cf1      0x2  Code  Gb  usbh_usr.o [1]
USBH_USR_DeviceAddressAssigned
                        0x08030bfb      0x2  Code  Gb  usbh_usr.o [1]
USBH_USR_DeviceAttached
                        0x08030b75      0xa  Code  Gb  usbh_usr.o [1]
USBH_USR_DeviceDisconnected
                        0x08030b89     0x1a  Code  Gb  usbh_usr.o [1]
USBH_USR_DeviceNotSupported
                        0x08030c67      0xa  Code  Gb  usbh_usr.o [1]
USBH_USR_DeviceSpeedDetected
                        0x08030bad     0x36  Code  Gb  usbh_usr.o [1]
USBH_USR_Device_DescAvailable
                        0x08030be3     0x18  Code  Gb  usbh_usr.o [1]
USBH_USR_EnumerationDone
                        0x08030c4d     0x1a  Code  Gb  usbh_usr.o [1]
USBH_USR_Init           0x08030b51     0x24  Code  Gb  usbh_usr.o [1]
USBH_USR_MSC_Application
                        0x08030ced      0x4  Code  Gb  usbh_usr.o [1]
USBH_USR_Manufacturer_String
                        0x08030c23      0xe  Code  Gb  usbh_usr.o [1]
USBH_USR_OverCurrentDetected
                        0x08030c75      0xa  Code  Gb  usbh_usr.o [1]
USBH_USR_Product_String
                        0x08030c31      0xe  Code  Gb  usbh_usr.o [1]
USBH_USR_ResetDevice    0x08030ba3      0xa  Code  Gb  usbh_usr.o [1]
USBH_USR_SerialNum_String
                        0x08030c3f      0xe  Code  Gb  usbh_usr.o [1]
USBH_USR_UnrecoveredError
                        0x08030b7f      0xa  Code  Gb  usbh_usr.o [1]
USBH_USR_UserInput      0x08030c71      0x4  Code  Gb  usbh_usr.o [1]
USB_Host                0x2001e67c     0x94  Data  Gb  usbh_usr.o [1]
USB_OTG_BSP_DisableInterrupt
                        0x08036925     0x22  Code  Gb  usb_bsp.o [1]
USB_OTG_BSP_EnableInterrupt
                        0x08036947     0x54  Code  Gb  usb_bsp.o [1]
USB_OTG_BSP_Init        0x08036875     0xb0  Code  Gb  usb_bsp.o [1]
USB_OTG_BSP_mDelay      0x080369b5      0xc  Code  Gb  usb_bsp.o [1]
USB_OTG_BSP_uDelay      0x080369a9      0xc  Code  Gb  usb_bsp.o [1]
USB_OTG_Core            0x2001d3b8    0x5ac  Data  Gb  usbh_usr.o [1]
USB_OTG_CoreInit        0x080387a9     0xce  Code  Gb  usb_core.o [1]
USB_OTG_CoreInitHost    0x080389b5     0xd0  Code  Gb  usb_core.o [1]
USB_OTG_CoreReset       0x080385f3     0x60  Code  Lc  usb_core.o [1]
USB_OTG_DisableGlobalInt
                        0x08038895     0x1e  Code  Gb  usb_core.o [1]
USB_OTG_DriveVbus       0x08038a95     0x54  Code  Gb  usb_core.o [1]
USB_OTG_EnableCommonInt
                        0x080385d1     0x22  Code  Lc  usb_core.o [1]
USB_OTG_EnableGlobalInt
                        0x08038877     0x1e  Code  Gb  usb_core.o [1]
USB_OTG_EnableHostInt   0x08038ae9     0x4e  Code  Gb  usb_core.o [1]
USB_OTG_FlushRxFifo     0x080388fb     0x40  Code  Gb  usb_core.o [1]
USB_OTG_FlushTxFifo     0x080388b3     0x48  Code  Gb  usb_core.o [1]
USB_OTG_GetMode         0x08038981      0xa  Code  Gb  usb_core.o [1]
USB_OTG_HC_DoPing       0x08038fd9     0x48  Code  Gb  usb_core.o [1]
USB_OTG_HC_Halt         0x08038f65     0x74  Code  Gb  usb_core.o [1]
USB_OTG_HC_Init         0x08038b95    0x1d0  Code  Gb  usb_core.o [1]
USB_OTG_HC_StartXfer    0x08038d65    0x200  Code  Gb  usb_core.o [1]
USB_OTG_InitFSLSPClkSel
                        0x08038b37     0x12  Code  Gb  usb_core.o [1]
USB_OTG_IsEvenFrame     0x08038a85     0x10  Code  Gb  usb_core.o [1]
USB_OTG_IsHostMode      0x0803898b     0x18  Code  Gb  usb_core.o [1]
USB_OTG_ReadCoreItr     0x080389a3     0x12  Code  Gb  usb_core.o [1]
USB_OTG_ReadHPRT0       0x08038b49     0x1c  Code  Gb  usb_core.o [1]
USB_OTG_ReadPacket      0x0803869b     0x2c  Code  Gb  usb_core.o [1]
USB_OTG_ResetPort       0x08038b65     0x30  Code  Gb  usb_core.o [1]
USB_OTG_SelectCore      0x080386c7     0xe2  Code  Gb  usb_core.o [1]
USB_OTG_SetCurrentMode  0x08038945     0x3c  Code  Gb  usb_core.o [1]
USB_OTG_USBH_handle_Disconnect_ISR
                        0x0803b975     0x1e  Code  Lc  usb_hcd_int.o [1]
USB_OTG_USBH_handle_IncompletePeriodicXfer_ISR
                        0x0803c48f     0x28  Code  Lc  usb_hcd_int.o [1]
USB_OTG_USBH_handle_hc_ISR
                        0x0803b8f1     0x66  Code  Lc  usb_hcd_int.o [1]
USB_OTG_USBH_handle_hc_n_In_ISR
                        0x0803c001    0x378  Code  Lc  usb_hcd_int.o [1]
USB_OTG_USBH_handle_hc_n_Out_ISR
                        0x0803bcc9    0x338  Code  Lc  usb_hcd_int.o [1]
USB_OTG_USBH_handle_nptxfempty_ISR
                        0x0803b993    0x118  Code  Lc  usb_hcd_int.o [1]
USB_OTG_USBH_handle_port_ISR
                        0x0803bbc5     0xfe  Code  Lc  usb_hcd_int.o [1]
USB_OTG_USBH_handle_ptxfempty_ISR
                        0x0803baab    0x11a  Code  Lc  usb_hcd_int.o [1]
USB_OTG_USBH_handle_rx_qlvl_ISR
                        0x0803c379    0x116  Code  Lc  usb_hcd_int.o [1]
USB_OTG_USBH_handle_sof_ISR
                        0x0803b957     0x1e  Code  Lc  usb_hcd_int.o [1]
USB_OTG_WritePacket     0x08038653     0x48  Code  Gb  usb_core.o [1]
USB_OTG_dev             0x2001d964    0x5ac  Data  Gb  usbh_usr.o [1]
USRH_cb                 0x200000d8     0x48  Data  Gb  usbh_usr.o [1]
UartDMAConfig           0x080351fd    0x166  Code  Gb  bsp_uart_fifo.o [1]
UartIRQ                 0x08035363     0xf8  Code  Lc  bsp_uart_fifo.o [1]
UsageFault_Handler      0x0803e1e9      0x2  Code  Gb  stm32f4xx_it.o [1]
UserTimerCallback       0x0802d8c1    0x18c  Code  Gb  apptask.o [1]
W25QXX_BUFFER           0x2001b9b8   0x1000  Data  Gb  bsp_w25qxx.o [1]
W25QXX_Erase_Sector     0x0802fed5     0x52  Code  Gb  bsp_w25qxx.o [1]
W25QXX_Init             0x0802fbc5     0x54  Code  Gb  bsp_w25qxx.o [1]
W25QXX_Read             0x0802fcb3     0x62  Code  Gb  bsp_w25qxx.o [1]
W25QXX_ReadID           0x0802fc67     0x4c  Code  Gb  bsp_w25qxx.o [1]
W25QXX_ReadSR           0x0802fc19     0x30  Code  Gb  bsp_w25qxx.o [1]
W25QXX_TYPE             0x200001b4      0x2  Data  Gb  bsp_w25qxx.o [1]
W25QXX_Wait_Busy        0x0802ff27      0xc  Code  Gb  bsp_w25qxx.o [1]
W25QXX_Write            0x0802fdc9    0x10c  Code  Gb  bsp_w25qxx.o [1]
W25QXX_Write_Enable     0x0802fc49     0x1e  Code  Gb  bsp_w25qxx.o [1]
W25QXX_Write_NoCheck    0x0802fd71     0x58  Code  Gb  bsp_w25qxx.o [1]
W25QXX_Write_Page       0x0802fd15     0x5c  Code  Gb  bsp_w25qxx.o [1]
_GenldFullNoMb          0x080365df    0x24c  Code  Lc  xprintffull_nomb.o [3]
_LdtobFullNoMb          0x080361dd    0x3fc  Code  Lc  xprintffull_nomb.o [3]
_LitobFullNoMb          0x080360d7    0x106  Code  Lc  xprintffull_nomb.o [3]
_Locale_aeabi_lconv     0x20000050     0x38  Data  Gb  localeconv.o [3]
_Locale_lconv           0x20000000     0x50  Data  Gb  localeconv.o [3]
_PrintfFullNoMb         0x08035add    0x586  Code  Gb  xprintffull_nomb.o [3]
_Prout                  0x0803e991     0x16  Code  Gb  xprout.o [3]
_PutcharsFullNoMb       0x0803682b     0x2e  Code  Lc  xprintffull_nomb.o [3]
_SProut                 0x0802fbbb      0xa  Code  Gb  xsprout.o [3]
__aeabi_cdcmple         0x08037fc1           Code  Gb  DblCmpLe.o [4]
__aeabi_cdrcmple        0x08037ff1           Code  Gb  DblCmpGe.o [4]
__aeabi_d2iz            0x08038135           Code  Gb  DblToI32.o [4]
__aeabi_d2uiz           0x08038161           Code  Gb  DblToI32.o [4]
__aeabi_ddiv            0x080336ed           Code  Gb  DblDiv.o [4]
__aeabi_dmul            0x0803833d           Code  Gb  DblMul.o [4]
__aeabi_dsub            0x080381bd           Code  Gb  DblSub.o [4]
__aeabi_f2d             0x0802ffbd           Code  Gb  FltToDbl.o [4]
__aeabi_i2d             0x0803818d           Code  Gb  I32ToDbl.o [4]
__aeabi_ldiv0           0x0803b5e5           Code  Gb  I64DivZer.o [5]
__aeabi_memset          0x0802fb55           Code  Gb  ABImemset.o [5]
__aeabi_ui2d            0x080381a1           Code  Gb  I32ToDbl.o [4]
__aeabi_uldivmod        0x08037e91           Code  Gb  I64DivMod.o [5]
__cmain                 0x0803e7d1           Code  Gb  cmain.o [5]
__exit                  0x0803e7fd     0x14  Code  Gb  exit.o [6]
__iar_Dnorm             0x08037f7f     0x42  Code  Gb  xdnorm.o [4]
__iar_Dscale            0x08038021    0x114  Code  Gb  xdscale.o [4]
__iar_Locale_lconv_init
                        0x080384e1     0x3a  Code  Gb  localeconv.o [3]
__iar_Memchr            0x08037e39           Code  Gb  memchr.o [5]
__iar_Memset            0x0802fb55           Code  Gb  ABImemset.o [5]
__iar_Memset_word       0x0802fb5d           Code  Gb  ABImemset.o [5]
__iar_Stdout            0x20000120     0x40  Data  Gb  xfiles.o [3]
__iar_Strchr            0x08037e21           Code  Gb  strchr.o [5]
__iar_Strstr            0x0803775d     0x2c  Code  Gb  strstr.o [3]
__iar_copy_init3        0x0803e361     0x2c  Code  Gb  copy_init3.o [5]
__iar_d2uiz             0x0803816d           Code  Gb  DblToI32.o [4]
__iar_dadd              0x0803b5e9           Code  Gb  DblAdd.o [4]
__iar_data_init3        0x0803e405     0x28  Code  Gb  data_init.o [5]
__iar_dsub              0x080381d1           Code  Gb  DblSub.o [4]
__iar_dsubStart         0x080381e3           Code  Gb  DblSub.o [4]
__iar_init_vfp          0x0803e499           Code  Gb  fpinit_M.o [4]
__iar_program_start     0x0803ec91           Code  Gb  cstartup_M.o [5]
__iar_ui2d              0x080381a5           Code  Gb  I32ToDbl.o [4]
__iar_unaligned___aeabi_memcpy
                        0x0802ff45           Code  Gb  ABImemcpy_unaligned.o [5]
__iar_unaligned___aeabi_memcpy4
                        0x0802ff65           Code  Gb  ABImemcpy_unaligned.o [5]
__iar_unaligned___aeabi_memcpy8
                        0x0802ff65           Code  Gb  ABImemcpy_unaligned.o [5]
__iar_unaligned_memcmp  0x08030031           Code  Gb  memcmp_unaligned.o [5]
__iar_unaligned_strcmp  0x08030095           Code  Gb  strcmp_unaligned.o [5]
__iar_zero_init3        0x0803e101     0x40  Code  Gb  zero_init3.o [5]
__vector_table          0x08000000           Data  Gb  startup_stm32f40_41xxx.o [1]
_call_main              0x0803e7dd           Code  Gb  cmain.o [5]
_exit                   0x0803e7f1           Code  Gb  cexit.o [5]
_main                   0x0803e7e7           Code  Gb  cmain.o [5]
bsp_DelayMS             0x0803857d     0x12  Code  Gb  bsp_dwt.o [1]
bsp_DelayUS             0x0803858f     0x2e  Code  Gb  bsp_dwt.o [1]
bsp_GetRCCofTIM         0x0803d059     0xce  Code  Gb  bsp_tim_pwm.o [1]
bsp_Init                0x0803e069     0x54  Code  Gb  bsp.o [1]
bsp_InitCloseSW         0x0803ddbd     0x6a  Code  Gb  bsp_closeSW.o [1]
[...]
bsp_StartHardTimer      0x0803581b     0xda  Code  Gb  bsp_timer.o [1]
card_config             0x2001edd6      0x1  Data  Gb  apptask.o [1]
card_record             0x2001edd4      0x1  Data  Gb  apptask.o [1]
check_fs                0x08032a67     0x7e  Code  Lc  ff.o [1]
chk_chr                 0x080314ab     0x14  Code  Lc  ff.o [1]
chk_lock                0x080314bf     0x94  Code  Lc  ff.o [1]
clear_lock              0x080316bf     0x30  Code  Lc  ff.o [1]
clust2sect              0x08031861     0x1a  Code  Gb  ff.o [1]
cmp_lfn                 0x08031ee5     0xb6  Code  Lc  ff.o [1]
create_chain            0x08031b79     0xea  Code  Lc  ff.o [1]
create_name             0x0803266d    0x31a  Code  Lc  ff.o [1]
debug_cmd               0x2001edd9      0x1  Data  Gb  bsp_uart_fifo.o [1]
dec_lock                0x08031663     0x5c  Code  Lc  ff.o [1]
device_info             0x2001e710     0x70  Data  Gb  para.o [1]
dir_alloc               0x08031e3f     0x66  Code  Lc  ff.o [1]
dir_find                0x080321c1    0x116  Code  Lc  ff.o [1]
dir_next                0x08031d15    0x12a  Code  Lc  ff.o [1]
dir_read                0x080322d7    0x10c  Code  Lc  ff.o [1]
dir_register            0x080323e3    0x14e  Code  Lc  ff.o [1]
dir_sdi                 0x08031c63     0xb2  Code  Lc  ff.o [1]
disk_initialize         0x080372cd     0x40  Code  Gb  diskio.o [1]
disk_ioctl              0x080374f1     0xa6  Code  Gb  diskio.o [1]
disk_read               0x08037339     0xdc  Code  Gb  diskio.o [1]
disk_status             0x0803730d     0x2c  Code  Gb  diskio.o [1]
disk_write              0x08037415     0xdc  Code  Gb  diskio.o [1]
div                     0x0803854d      0xe  Code  Gb  div.o [3]
download_num            0x2001edd0      0x1  Data  Gb  apptask.o [1]
enq_lock                0x08031553     0x28  Code  Lc  ff.o [1]
exit                    0x0803e7eb      0x4  Code  Gb  exit.o [3]
f_close                 0x08033549     0x38  Code  Gb  ff.o [1]
f_mount                 0x08032f7d     0x66  Code  Gb  ff.o [1]
f_open                  0x08032fe3    0x20e  Code  Gb  ff.o [1]
f_opendir               0x08033581     0xb2  Code  Gb  ff.o [1]
f_readdir               0x08033633     0x74  Code  Gb  ff.o [1]
f_sync                  0x08033493     0xb6  Code  Gb  ff.o [1]
f_write                 0x08033201    0x292  Code  Gb  ff.o [1]
ff_convert              0x080375b1     0x80  Code  Gb  cc936.o [1]
ff_wtoupper             0x08037631     0x64  Code  Gb  cc936.o [1]
file_select             0x2001ecb4      0xc  Data  Gb  protocol.o [1]
final_per_meter         0x080307e3     0x1a  Code  Gb  product_cal.o [1]
find_volume             0x08032aed    0x45a  Code  Lc  ff.o [1]
fit_lfn                 0x08032027     0x88  Code  Lc  ff.o [1]
follow_path             0x08032987     0x90  Code  Lc  ff.o [1]
fputc                   0x08035711     0x22  Code  Gb  bsp_uart_fifo.o [1]
g_tUart3                0x2001ea94     0x28  Data  Gb  bsp_uart_fifo.o [1]
gen_numname             0x080320b5     0xec  Code  Lc  ff.o [1]
get_card_type           0x0803095d     0xd0  Code  Gb  product_cal.o [1]
get_class_time          0x080308b9     0x7a  Code  Gb  product_cal.o [1]
get_fat                 0x0803187b    0x11c  Code  Gb  ff.o [1]
get_fattime             0x08037597      0x4  Code  Gb  diskio.o [1]
get_fileinfo            0x08032531    0x13c  Code  Lc  ff.o [1]
get_float_1bit          0x08030897     0x22  Code  Gb  product_cal.o [1]
get_ldnumber            0x08032a17     0x50  Code  Lc  ff.o [1]
get_valid_length        0x0802fb09     0x26  Code  Gb  bsp_sdwe050c17.o [1]
hex_to_decimal          0x0802fb2f     0x26  Code  Gb  bsp_sdwe050c17.o [1]
idwgEventGroup          0x2001ed18      0x4  Data  Gb  apptask.o [1]
inc_card_type           0x08030a2d     0xf4  Code  Gb  product_cal.o [1]
inc_lock                0x0803157b     0xe8  Code  Lc  ff.o [1]
init_peiliao_para       0x08030737     0x52  Code  Gb  product_cal.o [1]
init_product_para       0x0803070d     0x2a  Code  Gb  product_cal.o [1]
input_password_buf      0x2001eca8      0xc  Data  Gb  protocol.o [1]
input_password_len      0x2001eddb      0x1  Data  Gb  protocol.o [1]
isWork                  0x2001edd1      0x1  Data  Gb  apptask.o [1]
is_same_data            0x08030933     0x2a  Code  Gb  product_cal.o [1]
lcd_busy                0x2001edd8      0x1  Data  Gb  bsp_sdwe050c17.o [1]
lcd_rev_buf             0x2001ea60     0x34  Data  Gb  bsp_sdwe050c17.o [1]
lcd_rev_len             0x2001edc8      0x2  Data  Gb  bsp_sdwe050c17.o [1]
ld_clust                0x08031ea5     0x28  Code  Lc  ff.o [1]
localeconv              0x0803851b     0x16  Code  Gb  localeconv.o [3]
m_ctrl_dev              0x2001ecd4      0x8  Data  Gb  modbus.o [1]
main                    0x0803e1ed     0x34  Code  Gb  main.o [1]
mallco_dev              0x20000160     0x1c  Data  Gb  malloc.o [1]
mb_init                 0x08033d3d     0x30  Code  Gb  modbus.o [1]
mb_packsend_frame       0x08033c4b     0xf2  Code  Gb  modbus.o [1]
mb_unpack_frame         0x08033b09    0x142  Code  Gb  modbus.o [1]
mc_check_crc16          0x08037711     0x40  Code  Gb  mcheck.o [1]
mc_check_crc8           0x080376ed     0x24  Code  Gb  mcheck.o [1]
mc_check_sum            0x080376a5     0x2e  Code  Gb  mcheck.o [1]
mc_check_xor            0x080376d3     0x1a  Code  Gb  mcheck.o [1]
mem1base                0x200119b8   0xa000  Data  Gb  malloc.o [1]
mem1mapbase             0x2001c9b8    0xa00  Data  Gb  malloc.o [1]
mem2base                0x68000000  0xf0000  Data  Gb  malloc.o [1]
mem2mapbase             0x680f0000   0xf000  Data  Gb  malloc.o [1]
mem_cmp                 0x08031487     0x24  Code  Lc  ff.o [1]
mem_cpy                 0x08031455     0x1c  Code  Lc  ff.o [1]
mem_set                 0x08031471     0x16  Code  Lc  ff.o [1]
memblksize              0x0803ed0c      0x8  Data  Gb  malloc.o [1]
memchr                  0x08037e39           Code  Gb  memchr.o [5]
memsize                 0x0803ed14      0x8  Data  Gb  malloc.o [1]
memtblsize              0x0803ed04      0x8  Data  Gb  malloc.o [1]
modbus_send_frame       0x08033d6d     0xe6  Code  Gb  modbus.o [1]
move_window             0x08031749     0x40  Code  Lc  ff.o [1]
my_mem_free             0x0803022b     0x6c  Code  Gb  malloc.o [1]
my_mem_init             0x080300ef     0x42  Code  Gb  malloc.o [1]
my_mem_malloc           0x0803016f     0xbc  Code  Gb  malloc.o [1]
my_mem_perused          0x08030131     0x3e  Code  Gb  malloc.o [1]
myfree                  0x08030297     0x24  Code  Gb  malloc.o [1]
mymalloc                0x080302bb     0x2a  Code  Gb  malloc.o [1]
mymemset                0x080300d9     0x16  Code  Gb  malloc.o [1]
obuf                    0x2001ea10     0x50  Data  Lc  xfiles.o [3]
oem2uni                 0x0801560c  0x15484  Data  Lc  cc936.o [1]
old_card_record         0x2001edd5      0x1  Data  Gb  apptask.o [1]
old_isWork              0x2001edd2      0x1  Data  Gb  apptask.o [1]
para_init               0x0803d4b7     0x80  Code  Gb  para.o [1]
pcInterruptPriorityRegisters
                        0x0803ed38      0x4  Data  Lc  port.o [1]
peiliao_para            0x2001eae4     0x28  Data  Gb  product_cal.o [1]
pick_lfn                0x08031f9b     0x8c  Code  Lc  ff.o [1]
pluse_count             0x2001edc2      0x2  Data  Gb  apptask.o [1]
printf                  0x0803000d     0x24  Code  Gb  printf.o [3]
product_complete_kilo   0x08030831     0x3a  Code  Gb  product_cal.o [1]
product_complete_meter  0x080307fd     0x12  Code  Gb  product_cal.o [1]
product_para            0x2001eabc     0x28  Data  Gb  product_cal.o [1]
product_per_meter       0x08030789     0x5a  Code  Gb  product_cal.o [1]
product_uncomplete_kilo
                        0x0803086b     0x2c  Code  Gb  product_cal.o [1]
product_uncomplete_meter
                        0x0803080f     0x22  Code  Gb  product_cal.o [1]
prvAddCurrentTaskToDelayedList
                        0x0802e61d     0x48  Code  Lc  tasks.o [1]
prvAllocateTCBAndStack  0x0802e665     0x5a  Code  Lc  tasks.o [1]
prvCheckForValidListAndQueue
                        0x080345af     0x52  Code  Lc  timers.o [1]
prvCheckTasksWaitingTermination
                        0x0802e5b3     0x66  Code  Lc  tasks.o [1]
prvCopyDataFromQueue    0x0802ee4d     0x30  Code  Lc  queue.o [1]
prvCopyDataToQueue      0x0802edc9     0x84  Code  Lc  queue.o [1]
prvDeleteTCB            0x0802e6bf     0x12  Code  Lc  tasks.o [1]
prvGetNextExpireTime    0x0803439b     0x2e  Code  Lc  timers.o [1]
prvHeapInit             0x08034a9d     0x6e  Code  Lc  heap_4.o [1]
prvIdleTask             0x0802e4cd     0x26  Code  Lc  tasks.o [1]
prvInitialiseTCBVariables
                        0x0802e4f3     0x6a  Code  Lc  tasks.o [1]
prvInitialiseTaskLists  0x0802e55d     0x56  Code  Lc  tasks.o [1]
prvInsertBlockIntoFreeList
                        0x08034b0b     0x62  Code  Lc  heap_4.o [1]
prvInsertTimerInActiveList
                        0x080343f1     0x50  Code  Lc  timers.o [1]
prvIsQueueEmpty         0x0802eee7     0x20  Code  Lc  queue.o [1]
prvIsQueueFull          0x0802ef07     0x22  Code  Lc  queue.o [1]
prvProcessExpiredTimer  0x080342b3     0x5c  Code  Lc  timers.o [1]
prvProcessReceivedCommands
                        0x08034441     0xde  Code  Lc  timers.o [1]
prvProcessTimerOrBlockTask
                        0x0803432b     0x70  Code  Lc  timers.o [1]
prvResetNextTaskUnblockTime
                        0x0802e6d1     0x26  Code  Lc  tasks.o [1]
prvSampleTimeNow        0x080343c9     0x28  Code  Lc  timers.o [1]
prvSwitchTimerLists     0x0803451f     0x90  Code  Lc  timers.o [1]
prvTaskExitError        0x0803464d     0x2a  Code  Lc  port.o [1]
prvTestWaitCondition    0x08034157     0x24  Code  Lc  event_groups.o [1]
prvTimerTask            0x08034311     0x1a  Code  Lc  timers.o [1]
prvUnlockQueue          0x0802ee7d     0x6a  Code  Lc  queue.o [1]
put_fat                 0x08031997    0x16c  Code  Gb  ff.o [1]
putchar                 0x0803e9a9      0xc  Code  Gb  putchar.o [3]
pvPortMalloc            0x0803490d    0x118  Code  Gb  heap_4.o [1]
pxCurrentTCB            0x2001ed60      0x4  Data  Gb  tasks.o [1]
pxCurrentTimerList      0x2001eda0      0x4  Data  Lc  timers.o [1]
pxDelayedTaskList       0x2001ed64      0x4  Data  Lc  tasks.o [1]
pxEnd                   0x2001ed48      0x4  Data  Lc  heap_4.o [1]
pxOverflowDelayedTaskList
                        0x2001ed68      0x4  Data  Lc  tasks.o [1]
pxOverflowTimerList     0x2001eda4      0x4  Data  Lc  timers.o [1]
pxPortInitialiseStack   0x08034629     0x24  Code  Gb  port.o [1]
pxReadyTasksLists       0x2001e510     0xc8  Data  Lc  tasks.o [1]
rc522_cmd_anticoll      0x08033aad     0x5a  Code  Gb  rc522.o [1]
rc522_cmd_request       0x08033a59     0x54  Code  Gb  rc522.o [1]
readSlave               0x2001ec90      0xc  Data  Gb  apptask.o [1]
read_device_info        0x0803d339    0x17e  Code  Gb  para.o [1]
read_file_select        0x2001ecc0      0xc  Data  Gb  protocol.o [1]
remove_chain            0x08031b03     0x76  Code  Lc  ff.o [1]
rfid_rev_buf            0x2001eb94     0x14  Data  Gb  rc522.o [1]
rfid_rev_cnt            0x2001eddd      0x1  Data  Gb  rc522.o [1]
rfid_rev_flag           0x2001eddc      0x1  Data  Gb  rc522.o [1]
rtc_time                0x2001ecdc      0x8  Data  Gb  protocol.o [1]
s_TIM_CallBack1         0x2001ed38      0x4  Data  Lc  bsp_timer.o [1]
s_TIM_CallBack2         0x2001ed3c      0x4  Data  Lc  bsp_timer.o [1]
s_TIM_CallBack3         0x2001ed40      0x4  Data  Lc  bsp_timer.o [1]
s_TIM_CallBack4         0x2001ed44      0x4  Data  Lc  bsp_timer.o [1]
sample_time             0x2001edc0      0x2  Data  Gb  apptask.o [1]
slave_info              0x2001ec84      0xc  Data  Gb  apptask.o [1]
sprintf                 0x080336b9     0x34  Code  Gb  sprintf.o [3]
st_clust                0x08031ecd     0x18  Code  Lc  ff.o [1]
strcat                  0x08033943     0x1c  Code  Gb  strcat.o [3]
strchr                  0x08037e21           Code  Gb  strchr.o [5]
strlen                  0x08033961           Code  Gb  strlen.o [5]
strstr                  0x08033f09     0x10  Code  Gb  apptask.o [1]
sum_sfn                 0x080321a1     0x20  Code  Lc  ff.o [1]
sync_fs                 0x08031789     0xd8  Code  Lc  ff.o [1]
sync_window             0x080316ef     0x5a  Code  Lc  ff.o [1]
ucHeap                  0x200001b8  0x11800  Data  Lc  heap_4.o [1]
ucMaxSysCallPriority    0x2001edda      0x1  Data  Lc  port.o [1]
ulHighFrequencyTimerTicks
                        0x2001ed5c      0x4  Data  Gb  SysInfoTest.o [1]
ulMaxPRIGROUPValue      0x2001ed58      0x4  Data  Lc  port.o [1]
ulTaskSwitchedInTime    0x2001ed98      0x4  Data  Lc  tasks.o [1]
ulTotalRunTime          0x2001ed9c      0x4  Data  Lc  tasks.o [1]
uni2oem                 0x08000188  0x15484  Data  Lc  cc936.o [1]
usb_disk_flag           0x2001edd3      0x1  Data  Gb  apptask.o [1]
usbh_OpenMassStorage    0x08030b3d     0x14  Code  Gb  usbh_usr.o [1]
uxCriticalNesting       0x200001a8      0x4  Data  Lc  port.o [1]
uxCurrentNumberOfTasks  0x2001ed70      0x4  Data  Lc  tasks.o [1]
uxListRemove            0x080348e5     0x28  Code  Gb  list.o [1]
uxPendedTicks           0x2001ed80      0x4  Data  Lc  tasks.o [1]
uxSchedulerSuspended    0x2001ed94      0x4  Data  Lc  tasks.o [1]
uxTaskNumber            0x2001ed8c      0x4  Data  Lc  tasks.o [1]
uxTaskResetEventItemValue
                        0x0802e731     0x20  Code  Gb  tasks.o [1]
uxTasksDeleted          0x2001ed6c      0x4  Data  Lc  tasks.o [1]
uxTopReadyPriority      0x2001ed78      0x4  Data  Lc  tasks.o [1]
vListInitialise         0x08034875     0x1e  Code  Gb  list.o [1]
vListInsert             0x080348ab     0x3a  Code  Gb  list.o [1]
vListInsertEnd          0x08034893     0x18  Code  Gb  list.o [1]
vPortEnableVFP          0x08037825           Code  Gb  portasm.o [1]
vPortEnterCritical      0x08034743     0x3a  Code  Gb  port.o [1]
vPortExitCritical       0x0803477d     0x32  Code  Gb  port.o [1]
vPortFree               0x08034a25     0x78  Code  Gb  heap_4.o [1]
vPortSetupTimerInterrupt
                        0x080347db      0xe  Code  Wk  port.o [1]
vPortStartFirstTask     0x0803780d           Code  Gb  portasm.o [1]
vPortValidateInterruptPriority
                        0x080347e9     0x4e  Code  Gb  port.o [1]
vQueueWaitForMessageRestricted
                        0x0802ef29     0x44  Code  Gb  queue.o [1]
vSetupSysInfoTest       0x0803e141     0x12  Code  Gb  SysInfoTest.o [1]
vTaskDelay              0x0802dd29     0x84  Code  Gb  tasks.o [1]
vTaskManageCapacity     0x0802d351    0x2aa  Code  Gb  apptask.o [1]
vTaskMassStorage        0x0802c621    0x23a  Code  Lc  apptask.o [1]
vTaskMissedYield        0x0802e4c3      0xa  Code  Gb  tasks.o [1]
vTaskMsgPro             0x0802cc79    0x426  Code  Lc  apptask.o [1]
vTaskPlaceOnEventList   0x0802e129     0x74  Code  Gb  tasks.o [1]
vTaskPlaceOnEventListRestricted
                        0x0802e261     0x80  Code  Gb  tasks.o [1]
vTaskPlaceOnUnorderedEventList
                        0x0802e1b9     0xa8  Code  Gb  tasks.o [1]
vTaskReadDisk           0x0802d15d    0x1ae  Code  Lc  apptask.o [1]
vTaskRev485             0x0802d0b1     0x90  Code  Lc  apptask.o [1]
vTaskSetTimeOutState    0x0802e40d     0x26  Code  Gb  tasks.o [1]
vTaskStartScheduler     0x0802ddad     0x7e  Code  Gb  tasks.o [1]
vTaskSuspendAll         0x0802de2b     0x10  Code  Gb  tasks.o [1]
vTaskSwitchContext      0x0802e079     0xb0  Code  Gb  tasks.o [1]
vTaskTaskLCD            0x0802aa91   0x1b7a  Code  Gb  apptask.o [1]
vTaskTaskLED            0x0802c89d     0x20  Code  Lc  apptask.o [1]
vTaskTaskRFID           0x0802c8bd    0x3a2  Code  Lc  apptask.o [1]
validate                0x08032f47     0x36  Code  Lc  ff.o [1]
xActiveTimerList1       0x2001ec0c     0x14  Data  Lc  timers.o [1]
xActiveTimerList2       0x2001ec20     0x14  Data  Lc  timers.o [1]
xBlockAllocatedBit      0x2001ed54      0x4  Data  Lc  heap_4.o [1]
xDelayedTaskList1       0x2001eba8     0x14  Data  Lc  tasks.o [1]
xDelayedTaskList2       0x2001ebbc     0x14  Data  Lc  tasks.o [1]
xEventGroupCreate       0x08033f19     0x1c  Code  Gb  event_groups.o [1]
xEventGroupSetBits      0x08034081     0xd6  Code  Gb  event_groups.o [1]
xEventGroupWaitBits     0x08033f35    0x146  Code  Gb  event_groups.o [1]
xFreeBytesRemaining     0x2001ed4c      0x4  Data  Lc  heap_4.o [1]
xHandleTaskLCD          0x2001ece4      0x4  Data  Gb  apptask.o [1]
xHandleTaskLED          0x2001ece8      0x4  Data  Gb  apptask.o [1]
xHandleTaskManageCapacity
                        0x2001ed00      0x4  Data  Gb  apptask.o [1]
xHandleTaskMassStorage  0x2001ecf0      0x4  Data  Gb  apptask.o [1]
xHandleTaskMsgPro       0x2001ecf8      0x4  Data  Gb  apptask.o [1]
xHandleTaskRFID         0x2001ecec      0x4  Data  Gb  apptask.o [1]
xHandleTaskReadDisk     0x2001ecf4      0x4  Data  Gb  apptask.o [1]
xHandleTaskRev485       0x2001ecfc      0x4  Data  Gb  apptask.o [1]
xHeapStructSize         0x0803ed34      0x4  Data  Lc  heap_4.o [1]
xMinimumEverFreeBytesRemaining
                        0x2001ed50      0x4  Data  Lc  heap_4.o [1]
xNextTaskUnblockTime    0x2001ed90      0x4  Data  Lc  tasks.o [1]
xNumOfOverflows         0x2001ed88      0x4  Data  Lc  tasks.o [1]
xPendingReadyList       0x2001ebd0     0x14  Data  Lc  tasks.o [1]
xPortStartScheduler     0x08034677     0xcc  Code  Gb  port.o [1]
xQueueGenericCreate     0x0802e835     0x7e  Code  Gb  queue.o [1]
xQueueGenericReceive    0x0802ec29    0x19c  Code  Gb  queue.o [1]
xQueueGenericReset      0x0802e7a5     0x90  Code  Gb  queue.o [1]
xQueueGenericSend       0x0802e8b3    0x1b2  Code  Gb  queue.o [1]
xQueueGenericSendFromISR
                        0x0802ea65     0xec  Code  Gb  queue.o [1]
xQueueGiveFromISR       0x0802eb51     0xd8  Code  Gb  queue.o [1]
xQueue_message          0x2001ed20      0x4  Data  Gb  apptask.o [1]
xSchedulerRunning       0x2001ed7c      0x4  Data  Lc  tasks.o [1]
xSemaphore_download     0x2001ed10      0x4  Data  Gb  apptask.o [1]
xSemaphore_lcd          0x2001ed04      0x4  Data  Gb  apptask.o [1]
xSemaphore_pluse        0x2001ed0c      0x4  Data  Gb  apptask.o [1]
xSemaphore_readDisk     0x2001ed14      0x4  Data  Gb  apptask.o [1]
xSemaphore_rs485        0x2001ed08      0x4  Data  Gb  apptask.o [1]
xStart                  0x2001eccc      0x8  Data  Lc  heap_4.o [1]
xSuspendedTaskList      0x2001ebf8     0x14  Data  Lc  tasks.o [1]
xTaskCheckForTimeOut    0x0802e439     0x8a  Code  Gb  tasks.o [1]
xTaskGenericCreate      0x0802dba5    0x184  Code  Gb  tasks.o [1]
xTaskGetSchedulerState  0x0802e6f7     0x26  Code  Gb  tasks.o [1]
xTaskGetTickCount       0x0802df3b      0xa  Code  Gb  tasks.o [1]
xTaskIncrementTick      0x0802df45    0x134  Code  Gb  tasks.o [1]
xTaskRemoveFromEventList
                        0x0802e2e5     0x8e  Code  Gb  tasks.o [1]
xTaskRemoveFromUnorderedEventList
                        0x0802e379     0x94  Code  Gb  tasks.o [1]
xTaskResumeAll          0x0802de3b    0x100  Code  Gb  tasks.o [1]
xTasksWaitingTermination
                        0x2001ebe4     0x14  Data  Lc  tasks.o [1]
xTickCount              0x2001ed74      0x4  Data  Lc  tasks.o [1]
xTimerCreate            0x080341cd     0x62  Code  Gb  timers.o [1]
xTimerCreateTimerTask   0x0803417d     0x50  Code  Gb  timers.o [1]
xTimerGenericCommand    0x0803422f     0x84  Code  Gb  timers.o [1]
xTimerQueue             0x2001eda8      0x4  Data  Lc  timers.o [1]
xTimerUser              0x2001ed1c      0x4  Data  Gb  apptask.o [1]
xYieldPending           0x2001ed84      0x4  Data  Lc  tasks.o [1]


[1] = F:\work\YarnControl_Driver\src\stm32f4_rtos\Project\EWARMv7\Flash\Obj
[2] = command line
[3] = dl7M_tlf.a
[4] = m7M_tls.a
[5] = rt7M_tl.a
[6] = shb_l.a

   77 398 bytes of readonly  code memory
  180 666 bytes of readonly  data memory
  128 482 bytes of readwrite data memory (+ 1 044 480 absolute)

Errors: none
Warnings: none
