###############################################################################
#
# IAR ELF Linker V7.40.7.9843/W32 for ARM                 27/Feb/2019  23:46:11
# Copyright 2007-2015 IAR Systems AB.
#
#    Output file  =  
#        E:\WORK\YarnControl_Driver\YarnControl_Driver\src\stm32f4_rtos\Project\EWARMv7\Flash\Exe\project.out
#    Map file     =  
#        E:\WORK\YarnControl_Driver\YarnControl_Driver\src\stm32f4_rtos\Project\EWARMv7\Flash\List\project.map
#    Command line =  
#        E:\WORK\YarnControl_Driver\YarnControl_Driver\src\stm32f4_rtos\Project\EWARMv7\Flash\Obj\apptask.o
#        E:\WORK\YarnControl_Driver\YarnControl_Driver\src\stm32f4_rtos\Project\EWARMv7\Flash\Obj\bsp.o
#        E:\WORK\YarnControl_Driver\YarnControl_Driver\src\stm32f4_rtos\Project\EWARMv7\Flash\Obj\bsp_closeSW.o
#        E:\WORK\YarnControl_Driver\YarnControl_Driver\src\stm32f4_rtos\Project\EWARMv7\Flash\Obj\bsp_dwt.o
#        E:\WORK\YarnControl_Driver\YarnControl_Driver\src\stm32f4_rtos\Project\EWARMv7\Flash\Obj\bsp_led.o
#        E:\WORK\YarnControl_Driver\YarnControl_Driver\src\stm32f4_rtos\Project\EWARMv7\Flash\Obj\bsp_relay.o
#        E:\WORK\YarnControl_Driver\YarnControl_Driver\src\stm32f4_rtos\Project\EWARMv7\Flash\Obj\bsp_sdio_sd.o
#        E:\WORK\YarnControl_Driver\YarnControl_Driver\src\stm32f4_rtos\Project\EWARMv7\Flash\Obj\bsp_sdwe050c17.o
#        E:\WORK\YarnControl_Driver\YarnControl_Driver\src\stm32f4_rtos\Project\EWARMv7\Flash\Obj\bsp_servomotor.o
#        E:\WORK\YarnControl_Driver\YarnControl_Driver\src\stm32f4_rtos\Project\EWARMv7\Flash\Obj\bsp_spi.o
#        E:\WORK\YarnControl_Driver\YarnControl_Driver\src\stm32f4_rtos\Project\EWARMv7\Flash\Obj\bsp_stepmotor.o
#        E:\WORK\YarnControl_Driver\YarnControl_Driver\src\stm32f4_rtos\Project\EWARMv7\Flash\Obj\bsp_sw_onoff.o
#        E:\WORK\YarnControl_Driver\YarnControl_Driver\src\stm32f4_rtos\Project\EWARMv7\Flash\Obj\bsp_tim_pwm.o
#        E:\WORK\YarnControl_Driver\YarnControl_Driver\src\stm32f4_rtos\Project\EWARMv7\Flash\Obj\bsp_timer.o
#        E:\WORK\YarnControl_Driver\YarnControl_Driver\src\stm32f4_rtos\Project\EWARMv7\Flash\Obj\bsp_uart_fifo.o
#        E:\WORK\YarnControl_Driver\YarnControl_Driver\src\stm32f4_rtos\Project\EWARMv7\Flash\Obj\bsp_w25qxx.o
#        E:\WORK\YarnControl_Driver\YarnControl_Driver\src\stm32f4_rtos\Project\EWARMv7\Flash\Obj\bsp_watchdog.o
#        E:\WORK\YarnControl_Driver\YarnControl_Driver\src\stm32f4_rtos\Project\EWARMv7\Flash\Obj\cc936.o
#        E:\WORK\YarnControl_Driver\YarnControl_Driver\src\stm32f4_rtos\Project\EWARMv7\Flash\Obj\croutine.o
#        E:\WORK\YarnControl_Driver\YarnControl_Driver\src\stm32f4_rtos\Project\EWARMv7\Flash\Obj\demo_fatfs.o
#        E:\WORK\YarnControl_Driver\YarnControl_Driver\src\stm32f4_rtos\Project\EWARMv7\Flash\Obj\diskio.o
#        E:\WORK\YarnControl_Driver\YarnControl_Driver\src\stm32f4_rtos\Project\EWARMv7\Flash\Obj\encoder_tim.o
#        E:\WORK\YarnControl_Driver\YarnControl_Driver\src\stm32f4_rtos\Project\EWARMv7\Flash\Obj\event_groups.o
#        E:\WORK\YarnControl_Driver\YarnControl_Driver\src\stm32f4_rtos\Project\EWARMv7\Flash\Obj\ff.o
#        E:\WORK\YarnControl_Driver\YarnControl_Driver\src\stm32f4_rtos\Project\EWARMv7\Flash\Obj\heap_4.o
#        E:\WORK\YarnControl_Driver\YarnControl_Driver\src\stm32f4_rtos\Project\EWARMv7\Flash\Obj\list.o
#        E:\WORK\YarnControl_Driver\YarnControl_Driver\src\stm32f4_rtos\Project\EWARMv7\Flash\Obj\main.o
#        E:\WORK\YarnControl_Driver\YarnControl_Driver\src\stm32f4_rtos\Project\EWARMv7\Flash\Obj\malloc.o
#        E:\WORK\YarnControl_Driver\YarnControl_Driver\src\stm32f4_rtos\Project\EWARMv7\Flash\Obj\mcheck.o
#        E:\WORK\YarnControl_Driver\YarnControl_Driver\src\stm32f4_rtos\Project\EWARMv7\Flash\Obj\misc.o
#        E:\WORK\YarnControl_Driver\YarnControl_Driver\src\stm32f4_rtos\Project\EWARMv7\Flash\Obj\modbus.o
#        E:\WORK\YarnControl_Driver\YarnControl_Driver\src\stm32f4_rtos\Project\EWARMv7\Flash\Obj\page_weimi.o
#        E:\WORK\YarnControl_Driver\YarnControl_Driver\src\stm32f4_rtos\Project\EWARMv7\Flash\Obj\para.o
#        E:\WORK\YarnControl_Driver\YarnControl_Driver\src\stm32f4_rtos\Project\EWARMv7\Flash\Obj\port.o
#        E:\WORK\YarnControl_Driver\YarnControl_Driver\src\stm32f4_rtos\Project\EWARMv7\Flash\Obj\portasm.o
#        E:\WORK\YarnControl_Driver\YarnControl_Driver\src\stm32f4_rtos\Project\EWARMv7\Flash\Obj\product_cal.o
#        E:\WORK\YarnControl_Driver\YarnControl_Driver\src\stm32f4_rtos\Project\EWARMv7\Flash\Obj\protocol.o
#        E:\WORK\YarnControl_Driver\YarnControl_Driver\src\stm32f4_rtos\Project\EWARMv7\Flash\Obj\queue.o
#        E:\WORK\YarnControl_Driver\YarnControl_Driver\src\stm32f4_rtos\Project\EWARMv7\Flash\Obj\rc522.o
#        E:\WORK\YarnControl_Driver\YarnControl_Driver\src\stm32f4_rtos\Project\EWARMv7\Flash\Obj\startup_stm32f40_41xxx.o
#        E:\WORK\YarnControl_Driver\YarnControl_Driver\src\stm32f4_rtos\Project\EWARMv7\Flash\Obj\stm32f4xx_adc.o
#        E:\WORK\YarnControl_Driver\YarnControl_Driver\src\stm32f4_rtos\Project\EWARMv7\Flash\Obj\stm32f4xx_assert.o
#        E:\WORK\YarnControl_Driver\YarnControl_Driver\src\stm32f4_rtos\Project\EWARMv7\Flash\Obj\stm32f4xx_can.o
#        E:\WORK\YarnControl_Driver\YarnControl_Driver\src\stm32f4_rtos\Project\EWARMv7\Flash\Obj\stm32f4xx_crc.o
#        E:\WORK\YarnControl_Driver\YarnControl_Driver\src\stm32f4_rtos\Project\EWARMv7\Flash\Obj\stm32f4xx_cryp.o
#        E:\WORK\YarnControl_Driver\YarnControl_Driver\src\stm32f4_rtos\Project\EWARMv7\Flash\Obj\stm32f4xx_cryp_aes.o
#        E:\WORK\YarnControl_Driver\YarnControl_Driver\src\stm32f4_rtos\Project\EWARMv7\Flash\Obj\stm32f4xx_cryp_des.o
#        E:\WORK\YarnControl_Driver\YarnControl_Driver\src\stm32f4_rtos\Project\EWARMv7\Flash\Obj\stm32f4xx_cryp_tdes.o
#        E:\WORK\YarnControl_Driver\YarnControl_Driver\src\stm32f4_rtos\Project\EWARMv7\Flash\Obj\stm32f4xx_dac.o
#        E:\WORK\YarnControl_Driver\YarnControl_Driver\src\stm32f4_rtos\Project\EWARMv7\Flash\Obj\stm32f4xx_dbgmcu.o
#        E:\WORK\YarnControl_Driver\YarnControl_Driver\src\stm32f4_rtos\Project\EWARMv7\Flash\Obj\stm32f4xx_dcmi.o
#        E:\WORK\YarnControl_Driver\YarnControl_Driver\src\stm32f4_rtos\Project\EWARMv7\Flash\Obj\stm32f4xx_dma.o
#        E:\WORK\YarnControl_Driver\YarnControl_Driver\src\stm32f4_rtos\Project\EWARMv7\Flash\Obj\stm32f4xx_dma2d.o
#        E:\WORK\YarnControl_Driver\YarnControl_Driver\src\stm32f4_rtos\Project\EWARMv7\Flash\Obj\stm32f4xx_exti.o
#        E:\WORK\YarnControl_Driver\YarnControl_Driver\src\stm32f4_rtos\Project\EWARMv7\Flash\Obj\stm32f4xx_flash.o
#        E:\WORK\YarnControl_Driver\YarnControl_Driver\src\stm32f4_rtos\Project\EWARMv7\Flash\Obj\stm32f4xx_fsmc.o
#        E:\WORK\YarnControl_Driver\YarnControl_Driver\src\stm32f4_rtos\Project\EWARMv7\Flash\Obj\stm32f4xx_gpio.o
#        E:\WORK\YarnControl_Driver\YarnControl_Driver\src\stm32f4_rtos\Project\EWARMv7\Flash\Obj\stm32f4xx_hash.o
#        E:\WORK\YarnControl_Driver\YarnControl_Driver\src\stm32f4_rtos\Project\EWARMv7\Flash\Obj\stm32f4xx_hash_md5.o
#        E:\WORK\YarnControl_Driver\YarnControl_Driver\src\stm32f4_rtos\Project\EWARMv7\Flash\Obj\stm32f4xx_hash_sha1.o
#        E:\WORK\YarnControl_Driver\YarnControl_Driver\src\stm32f4_rtos\Project\EWARMv7\Flash\Obj\stm32f4xx_i2c.o
#        E:\WORK\YarnControl_Driver\YarnControl_Driver\src\stm32f4_rtos\Project\EWARMv7\Flash\Obj\stm32f4xx_it.o
#        E:\WORK\YarnControl_Driver\YarnControl_Driver\src\stm32f4_rtos\Project\EWARMv7\Flash\Obj\stm32f4xx_iwdg.o
#        E:\WORK\YarnControl_Driver\YarnControl_Driver\src\stm32f4_rtos\Project\EWARMv7\Flash\Obj\stm32f4xx_ltdc.o
#        E:\WORK\YarnControl_Driver\YarnControl_Driver\src\stm32f4_rtos\Project\EWARMv7\Flash\Obj\stm32f4xx_pwr.o
#        E:\WORK\YarnControl_Driver\YarnControl_Driver\src\stm32f4_rtos\Project\EWARMv7\Flash\Obj\stm32f4xx_rcc.o
#        E:\WORK\YarnControl_Driver\YarnControl_Driver\src\stm32f4_rtos\Project\EWARMv7\Flash\Obj\stm32f4xx_rng.o
#        E:\WORK\YarnControl_Driver\YarnControl_Driver\src\stm32f4_rtos\Project\EWARMv7\Flash\Obj\stm32f4xx_rtc.o
#        E:\WORK\YarnControl_Driver\YarnControl_Driver\src\stm32f4_rtos\Project\EWARMv7\Flash\Obj\stm32f4xx_sai.o
#        E:\WORK\YarnControl_Driver\YarnControl_Driver\src\stm32f4_rtos\Project\EWARMv7\Flash\Obj\stm32f4xx_sdio.o
#        E:\WORK\YarnControl_Driver\YarnControl_Driver\src\stm32f4_rtos\Project\EWARMv7\Flash\Obj\stm32f4xx_spi.o
#        E:\WORK\YarnControl_Driver\YarnControl_Driver\src\stm32f4_rtos\Project\EWARMv7\Flash\Obj\stm32f4xx_syscfg.o
#        E:\WORK\YarnControl_Driver\YarnControl_Driver\src\stm32f4_rtos\Project\EWARMv7\Flash\Obj\stm32f4xx_tim.o
#        E:\WORK\YarnControl_Driver\YarnControl_Driver\src\stm32f4_rtos\Project\EWARMv7\Flash\Obj\stm32f4xx_usart.o
#        E:\WORK\YarnControl_Driver\YarnControl_Driver\src\stm32f4_rtos\Project\EWARMv7\Flash\Obj\stm32f4xx_wwdg.o
#        E:\WORK\YarnControl_Driver\YarnControl_Driver\src\stm32f4_rtos\Project\EWARMv7\Flash\Obj\SysInfoTest.o
#        E:\WORK\YarnControl_Driver\YarnControl_Driver\src\stm32f4_rtos\Project\EWARMv7\Flash\Obj\system_stm32f4xx.o
#        E:\WORK\YarnControl_Driver\YarnControl_Driver\src\stm32f4_rtos\Project\EWARMv7\Flash\Obj\tasks.o
#        E:\WORK\YarnControl_Driver\YarnControl_Driver\src\stm32f4_rtos\Project\EWARMv7\Flash\Obj\timers.o
#        E:\WORK\YarnControl_Driver\YarnControl_Driver\src\stm32f4_rtos\Project\EWARMv7\Flash\Obj\usb_bsp.o
#        E:\WORK\YarnControl_Driver\YarnControl_Driver\src\stm32f4_rtos\Project\EWARMv7\Flash\Obj\usb_core.o
#        E:\WORK\YarnControl_Driver\YarnControl_Driver\src\stm32f4_rtos\Project\EWARMv7\Flash\Obj\usb_hcd.o
#        E:\WORK\YarnControl_Driver\YarnControl_Driver\src\stm32f4_rtos\Project\EWARMv7\Flash\Obj\usb_hcd_int.o
#        E:\WORK\YarnControl_Driver\YarnControl_Driver\src\stm32f4_rtos\Project\EWARMv7\Flash\Obj\usbh_core.o
#        E:\WORK\YarnControl_Driver\YarnControl_Driver\src\stm32f4_rtos\Project\EWARMv7\Flash\Obj\usbh_hcs.o
#        E:\WORK\YarnControl_Driver\YarnControl_Driver\src\stm32f4_rtos\Project\EWARMv7\Flash\Obj\usbh_ioreq.o
#        E:\WORK\YarnControl_Driver\YarnControl_Driver\src\stm32f4_rtos\Project\EWARMv7\Flash\Obj\usbh_it.o
#        E:\WORK\YarnControl_Driver\YarnControl_Driver\src\stm32f4_rtos\Project\EWARMv7\Flash\Obj\usbh_msc_bot.o
#        E:\WORK\YarnControl_Driver\YarnControl_Driver\src\stm32f4_rtos\Project\EWARMv7\Flash\Obj\usbh_msc_core.o
#        E:\WORK\YarnControl_Driver\YarnControl_Driver\src\stm32f4_rtos\Project\EWARMv7\Flash\Obj\usbh_msc_scsi.o
#        E:\WORK\YarnControl_Driver\YarnControl_Driver\src\stm32f4_rtos\Project\EWARMv7\Flash\Obj\usbh_stdreq.o
#        E:\WORK\YarnControl_Driver\YarnControl_Driver\src\stm32f4_rtos\Project\EWARMv7\Flash\Obj\usbh_usr.o
#        -o
#        E:\WORK\YarnControl_Driver\YarnControl_Driver\src\stm32f4_rtos\Project\EWARMv7\Flash\Exe\project.out
#        --map
#        E:\WORK\YarnControl_Driver\YarnControl_Driver\src\stm32f4_rtos\Project\EWARMv7\Flash\List\project.map
#        --config
#        E:\WORK\YarnControl_Driver\YarnControl_Driver\src\stm32f4_rtos\Project\EWARMv7\stm32f4xx_flash.icf
#        --semihosting --entry __iar_program_start --inline --vfe
#
###############################################################################

*******************************************************************************
*** RUNTIME MODEL ATTRIBUTES
***

CppFlavor       = *
__SystemLibrary = DLib


*******************************************************************************
*** PLACEMENT SUMMARY
***

"A1":  place at 0x08000000 { ro section .intvec };
"P1":  place in [from 0x08000000 to 0x080fffff] { ro };
"P2":  place in [from 0x20000000 to 0x2001ffff] { rw, block CSTACK, block HEAP };

  Section             Kind        Address     Size  Object
  -------             ----        -------     ----  ------
"A1":                                        0x188
  .intvec             ro code  0x08000000    0x188  startup_stm32f40_41xxx.o [1]
                             - 0x08000188    0x188

"P1":                                      0x45cf5
  .rodata             const    0x08000188  0x15484  cc936.o [1]
  .rodata             const    0x0801560c  0x15484  cc936.o [1]
  .text               ro code  0x0802aa90   0x53e4  apptask.o [1]
  .text               ro code  0x0802fe74    0x7c8  queue.o [1]
  .text               ro code  0x0803063c   0x1640  bsp_sdwe050c17.o [1]
  .text               ro code  0x08031c7c    0x524  product_cal.o [1]
  .text               ro code  0x080321a0     0x66  ABImemset.o [5]
  .text               ro code  0x08032206     0x1e  xsscin.o [3]
  .text               ro code  0x08032224    0xc00  tasks.o [1]
  .text               ro code  0x08032e24    0x380  bsp_w25qxx.o [1]
  .text               ro code  0x080331a4     0x4e  FltToDbl.o [4]
  .text               ro code  0x080331f2      0xa  xsprout.o [3]
  .text               ro code  0x080331fc     0x24  printf.o [3]
  .text               ro code  0x08033220     0x76  ABImemcpy_unaligned.o [5]
  .text               ro code  0x08033298     0x42  strcmp_unaligned.o [5]
  .text               ro code  0x080332dc    0x21c  malloc.o [1]
  .text               ro code  0x080334f8     0x30  I32ToDbl.o [4]
  .text               ro code  0x08033528    0x256  DblDiv.o [4]
  .text               ro code  0x08033780     0xe8  DblAdd.o [4]
  .text               ro code  0x08033868    0x1a2  DblMul.o [4]
  .text               ro code  0x08033a0c     0x58  DblToI32.o [4]
  .text               ro code  0x08033a64     0x90  DblToFlt.o [4]
  .text               ro code  0x08033af4     0x36  strlen.o [5]
  .text               ro code  0x08033b2c   0x130e  para.o [1]
  .text               ro code  0x08034e3c    0x230  page_weimi.o [1]
  .text               ro code  0x0803506c     0x62  memcmp_unaligned.o [5]
  .text               ro code  0x080350d0    0x48c  bsp_servomotor.o [1]
  .text               ro code  0x0803555c    0x1a2  usbh_usr.o [1]
  .text               ro code  0x08035700    0x760  usbh_core.o [1]
  .text               ro code  0x08035e60   0x2498  ff.o [1]
  .text               ro code  0x080382f8     0x34  sprintf.o [3]
  .text               ro code  0x0803832c     0x1c  strcat.o [3]
  .text               ro code  0x08038348     0xc0  bsp_led.o [1]
  .text               ro code  0x08038408     0xae  rc522.o [1]
  .text               ro code  0x080384b8    0x354  modbus.o [1]
  .text               ro code  0x0803880c     0x68  bsp_sw_onoff.o [1]
  .text               ro code  0x08038874     0x44  protocol.o [1]
  .text               ro code  0x080388b8     0x10  para.o [1]
  .text               ro code  0x080388c8     0xd4  bsp_closeSW.o [1]
  .text               ro code  0x0803899c    0x12c  stm32f4xx_gpio.o [1]
  .text               ro code  0x08038ac8    0x26c  bsp_stepmotor.o [1]
  .text               ro code  0x08038d34    0x2a0  encoder_tim.o [1]
  .text               ro code  0x08038fd4    0x262  event_groups.o [1]
  .text               ro code  0x08039238    0x4a4  timers.o [1]
  .text               ro code  0x080396dc      0x8  bsp_watchdog.o [1]
  .text               ro code  0x080396e4    0x24c  port.o [1]
  .text               ro code  0x08039930     0x98  list.o [1]
  .text               ro code  0x080399c8    0x280  heap_4.o [1]
  .text               ro code  0x08039c48    0x1e8  stm32f4xx_rcc.o [1]
  .text               ro code  0x08039e30     0x74  bsp_dwt.o [1]
  .text               ro code  0x08039ea4    0x9e4  bsp_uart_fifo.o [1]
  .text               ro code  0x0803a888    0x204  bsp_timer.o [1]
  .text               ro code  0x0803aa8c    0x124  bsp_spi.o [1]
  .text               ro code  0x0803abb0    0xd96  xprintffull_nomb.o [3]
  .text               ro code  0x0803b948    0x180  DblSub.o [4]
  .text               ro code  0x0803bac8     0x44  strcpy_unaligned.o [5]
  .text               ro code  0x0803bb0c     0x24  sscanf.o [3]
  .text               ro code  0x0803bb30    0x6e4  stm32f4xx_tim.o [1]
  .text               ro code  0x0803c214    0x31c  stm32f4xx_dma.o [1]
  .text               ro code  0x0803c530     0x88  misc.o [1]
  .text               ro code  0x0803c5b8    0x14c  usb_bsp.o [1]
  .text               ro code  0x0803c704     0xd6  usb_hcd.o [1]
  .text               ro code  0x0803c7da    0x1ba  usbh_hcs.o [1]
  .text               ro code  0x0803c994    0x436  usbh_stdreq.o [1]
  .text               ro code  0x0803cdca    0x246  usbh_ioreq.o [1]
  .text               ro code  0x0803d010    0x2e4  diskio.o [1]
  .text               ro code  0x0803d2f4     0xf4  cc936.o [1]
  .text               ro code  0x0803d3e8     0xb8  mcheck.o [1]
  .text               ro code  0x0803d4a0     0x2c  strstr.o [3]
  .text               ro code  0x0803d4cc     0x54  stm32f4xx_syscfg.o [1]
  .text               ro code  0x0803d520     0xc0  stm32f4xx_exti.o [1]
  .text               ro code  0x0803d5e0    0x132  I64DivMod.o [5]
  .text               ro code  0x0803d714     0x10  stm32f4xx_iwdg.o [1]
  CODE                ro code  0x0803d724     0xa8  portasm.o [1]
  .text               ro code  0x0803d7cc    0x254  stm32f4xx_usart.o [1]
  .text               ro code  0x0803da20     0x74  stm32f4xx_spi.o [1]
  .text               ro code  0x0803da94     0x16  strchr.o [5]
  .text               ro code  0x0803daac     0x58  memchr.o [5]
  .text               ro code  0x0803db04     0x42  xdnorm.o [4]
  .text               ro code  0x0803db48     0x2e  DblCmpLe.o [4]
  .text               ro code  0x0803db78     0x2e  DblCmpGe.o [4]
  .text               ro code  0x0803dba8    0x114  xdscale.o [4]
  .text               ro code  0x0803dcbc     0x6c  localeconv.o [3]
  .text               ro code  0x0803dd28      0xe  div.o [3]
  .text               ro code  0x0803dd38    0xb64  xscanffull_nomb.o [3]
  .text               ro code  0x0803e89c    0xa50  usb_core.o [1]
  .text               ro code  0x0803f2ec   0x1a58  bsp_sdio_sd.o [1]
  .text               ro code  0x08040d44    0x618  usbh_msc_scsi.o [1]
  .text               ro code  0x0804135c    0x554  usbh_msc_bot.o [1]
  .text               ro code  0x080418b0      0x2  I64DivZer.o [5]
  .text               ro code  0x080418b2     0x28  isxxx.o [3]
  .text               ro code  0x080418da     0xa4  xstoll.o [3]
  .text               ro code  0x08041980    0x1b0  xstoull.o [3]
  .text               ro code  0x08041b30    0x168  xstold.o [4]
  .text               ro code  0x08041c98    0x17c  stm32f4xx_sdio.o [1]
  .text               ro code  0x08041e14     0x18  setlocale.o [3]
  .text               ro code  0x08041e2c     0x16  xlocale_c.o [3]
  .text               ro code  0x08041e42     0x14  xlocale_c.o [3]
  .text               ro code  0x08041e58      0xc  errno.o [3]
  .text               ro code  0x08041e64     0x14  tolower.o [3]
  .text               ro code  0x08041e78    0x124  xstopfx.o [3]
  .text               ro code  0x08041f9c    0x1b8  xstoflt.o [3]
  .rodata             const    0x08042154     0x2c  apptask.o [1]
  .text               ro code  0x08042180    0x200  xdtento.o [4]
  .text               ro code  0x08042380    0x218  xstoxflt.o [3]
  .text               ro code  0x08042598      0x2  xtls.o [3]
  .text               ro code  0x0804259a      0xc  xlocale_c.o [3]
  .text               ro code  0x080425a8     0x20  DblCmpEq.o [4]
  .text               ro code  0x080425c8     0x52  xdunscal.o [4]
  .text               ro code  0x0804261c    0xc7e  usb_hcd_int.o [1]
  .rodata             const    0x0804329c    0x400  apptask.o [1]
  .text               ro code  0x0804369c    0x3e8  usbh_msc_core.o [1]
  .rodata             const    0x08043a84    0x3dc  cc936.o [1]
  .rodata             const    0x08043e60    0x3dc  cc936.o [1]
  .text               ro code  0x0804423c    0x2e0  bsp_tim_pwm.o [1]
  .rodata             const    0x0804451c    0x190  product_cal.o [1]
  .text               ro code  0x080446ac    0x154  system_stm32f4xx.o [1]
  .rodata             const    0x08044800    0x100  mcheck.o [1]
  .rodata             const    0x08044900    0x100  mcheck.o [1]
  .rodata             const    0x08044a00    0x100  mcheck.o [1]
  .text               ro code  0x08044b00     0xd0  packbits_init.o [5]
  .text               ro code  0x08044bd0      0x6  abort.o [3]
  .text               ro code  0x08044bd8     0x14  exit.o [6]
  .text               ro code  0x08044bec     0x48  bsp.o [1]
  .text               ro code  0x08044c34     0x44  bsp_relay.o [1]
  .text               ro code  0x08044c78     0x40  zero_init3.o [5]
  .text               ro code  0x08044cb8     0x3c  SysInfoTest.o [1]
  .rodata             const    0x08044cf4     0x38  demo_fatfs.o [1]
  .text               ro code  0x08044d2c     0x38  stm32f4xx_it.o [1]
  .text               ro code  0x08044d64     0x34  main.o [1]
  .rodata             const    0x08044d98     0x30  apptask.o [1]
  .rodata             const    0x08044dc8     0x30  apptask.o [1]
  .rodata             const    0x08044df8     0x30  demo_fatfs.o [1]
  .rodata             const    0x08044e28     0x30  demo_fatfs.o [1]
  .rodata             const    0x08044e58     0x2c  demo_fatfs.o [1]
  .rodata             const    0x08044e84     0x2c  demo_fatfs.o [1]
  .rodata             const    0x08044eb0     0x2c  stm32f4xx_it.o [1]
  .rodata             const    0x08044edc     0x28  demo_fatfs.o [1]
  .rodata             const    0x08044f04     0x28  demo_fatfs.o [1]
  .rodata             const    0x08044f2c     0x28  demo_fatfs.o [1]
  .text               ro code  0x08044f54     0x28  data_init.o [5]
  .rodata             const    0x08044f7c     0x24  demo_fatfs.o [1]
  .rodata             const    0x08044fa0     0x24  demo_fatfs.o [1]
  .rodata             const    0x08044fc4     0x24  usbh_usr.o [1]
  .text               ro code  0x08044fe8     0x22  fpinit_M.o [4]
  .iar.init_table     const    0x0804500c     0x34  - Linker created -
  .rodata             const    0x08045040     0x20  apptask.o [1]
  .rodata             const    0x08045060     0x20  apptask.o [1]
  .rodata             const    0x08045080     0x20  apptask.o [1]
  .rodata             const    0x080450a0     0x20  apptask.o [1]
  .rodata             const    0x080450c0     0x20  apptask.o [1]
  .rodata             const    0x080450e0     0x20  apptask.o [1]
  .rodata             const    0x08045100     0x20  apptask.o [1]
  .rodata             const    0x08045120     0x20  apptask.o [1]
  .rodata             const    0x08045140     0x20  apptask.o [1]
  .rodata             const    0x08045160     0x20  apptask.o [1]
  .rodata             const    0x08045180     0x20  apptask.o [1]
  .rodata             const    0x080451a0     0x20  apptask.o [1]
  .rodata             const    0x080451c0     0x20  demo_fatfs.o [1]
  .rodata             const    0x080451e0     0x20  demo_fatfs.o [1]
  .rodata             const    0x08045200     0x20  demo_fatfs.o [1]
  .rodata             const    0x08045220     0x20  usbh_usr.o [1]
  .rodata             const    0x08045240     0x20  usbh_usr.o [1]
  .rodata             const    0x08045260     0x20  usbh_usr.o [1]
  .rodata             const    0x08045280     0x20  usbh_usr.o [1]
  .rodata             const    0x080452a0     0x20  usbh_usr.o [1]
  .rodata             const    0x080452c0     0x1c  apptask.o [1]
  .rodata             const    0x080452dc     0x1c  apptask.o [1]
  .rodata             const    0x080452f8     0x1c  apptask.o [1]
  .rodata             const    0x08045314     0x1c  apptask.o [1]
  .rodata             const    0x08045330     0x1c  apptask.o [1]
  .rodata             const    0x0804534c     0x1c  apptask.o [1]
  .rodata             const    0x08045368     0x1c  apptask.o [1]
  .rodata             const    0x08045384     0x1c  demo_fatfs.o [1]
  .rodata             const    0x080453a0     0x1c  demo_fatfs.o [1]
  .rodata             const    0x080453bc     0x1c  usbh_usr.o [1]
  .rodata             const    0x080453d8     0x1c  usbh_usr.o [1]
  .rodata             const    0x080453f4     0x1c  usbh_usr.o [1]
  .rodata             const    0x08045410     0x1c  usbh_usr.o [1]
  .rodata             const    0x0804542c     0x1c  usbh_usr.o [1]
  .rodata             const    0x08045448     0x1c  usbh_usr.o [1]
  .text               ro code  0x08045464     0x1a  cmain.o [5]
  .text               ro code  0x0804547e      0x4  exit.o [3]
  .text               ro code  0x08045484      0xa  cexit.o [5]
  .rodata             const    0x08045490     0x18  apptask.o [1]
  .rodata             const    0x080454a8     0x18  apptask.o [1]
  .rodata             const    0x080454c0     0x18  apptask.o [1]
  .rodata             const    0x080454d8     0x18  apptask.o [1]
  .rodata             const    0x080454f0     0x18  apptask.o [1]
  .rodata             const    0x08045508     0x18  apptask.o [1]
  .rodata             const    0x08045520     0x18  apptask.o [1]
  .rodata             const    0x08045538     0x18  apptask.o [1]
  .rodata             const    0x08045550     0x18  demo_fatfs.o [1]
  .rodata             const    0x08045568     0x18  demo_fatfs.o [1]
  .rodata             const    0x08045580     0x18  demo_fatfs.o [1]
  .rodata             const    0x08045598     0x18  demo_fatfs.o [1]
  .rodata             const    0x080455b0     0x18  usbh_usr.o [1]
  .rodata             const    0x080455c8     0x18  usbh_usr.o [1]
  .rodata             const    0x080455e0     0x18  usbh_usr.o [1]
  .rodata             const    0x080455f8     0x18  usbh_usr.o [1]
  .rodata             const    0x08045610     0x18  usbh_usr.o [1]
  .text               ro code  0x08045628     0x16  xprout.o [3]
  .text               ro code  0x08045640      0xc  putchar.o [3]
  .rodata             const    0x0804564c     0x14  apptask.o [1]
  .rodata             const    0x08045660     0x14  apptask.o [1]
  .rodata             const    0x08045674     0x14  apptask.o [1]
  .rodata             const    0x08045688     0x14  apptask.o [1]
  .rodata             const    0x0804569c     0x14  apptask.o [1]
  .rodata             const    0x080456b0     0x14  apptask.o [1]
  .rodata             const    0x080456c4     0x14  apptask.o [1]
  .rodata             const    0x080456d8     0x14  apptask.o [1]
  .rodata             const    0x080456ec     0x14  para.o [1]
  .rodata             const    0x08045700     0x14  usbh_usr.o [1]
  .rodata             const    0x08045714     0x14  usbh_usr.o [1]
  .rodata             const    0x08045728     0x10  apptask.o [1]
  .rodata             const    0x08045738     0x10  apptask.o [1]
  .rodata             const    0x08045748     0x10  apptask.o [1]
  .rodata             const    0x08045758     0x10  apptask.o [1]
  .rodata             const    0x08045768     0x10  apptask.o [1]
  .rodata             const    0x08045778     0x10  apptask.o [1]
  .rodata             const    0x08045788     0x10  apptask.o [1]
  .rodata             const    0x08045798     0x10  apptask.o [1]
  .rodata             const    0x080457a8     0x10  apptask.o [1]
  .rodata             const    0x080457b8     0x10  apptask.o [1]
  .rodata             const    0x080457c8     0x10  apptask.o [1]
  .rodata             const    0x080457d8     0x10  apptask.o [1]
  .rodata             const    0x080457e8     0x10  apptask.o [1]
  .rodata             const    0x080457f8     0x10  apptask.o [1]
  .rodata             const    0x08045808     0x10  apptask.o [1]
  .rodata             const    0x08045818     0x10  apptask.o [1]
  .rodata             const    0x08045828     0x10  apptask.o [1]
  .rodata             const    0x08045838     0x10  apptask.o [1]
  .rodata             const    0x08045848     0x10  apptask.o [1]
  .rodata             const    0x08045858     0x10  bsp_sdwe050c17.o [1]
  .rodata             const    0x08045868     0x10  ff.o [1]
  .rodata             const    0x08045878     0x10  main.o [1]
  .rodata             const    0x08045888     0x10  main.o [1]
  .rodata             const    0x08045898     0x10  para.o [1]
  .rodata             const    0x080458a8     0x10  para.o [1]
  .rodata             const    0x080458b8     0x10  usbh_usr.o [1]
  .rodata             const    0x080458c8     0x10  usbh_usr.o [1]
  .text               ro code  0x080458d8     0x10  startup_stm32f40_41xxx.o [1]
  .text               ro code  0x080458e8     0x10  usbh_it.o [1]
  .rodata             const    0x080458f8      0xc  apptask.o [1]
  .rodata             const    0x08045904      0xc  apptask.o [1]
  .rodata             const    0x08045910      0xc  apptask.o [1]
  .rodata             const    0x0804591c      0xc  apptask.o [1]
  .rodata             const    0x08045928      0xc  apptask.o [1]
  .rodata             const    0x08045934      0xc  apptask.o [1]
  .rodata             const    0x08045940      0xc  apptask.o [1]
  .rodata             const    0x0804594c      0xc  apptask.o [1]
  .rodata             const    0x08045958      0xc  apptask.o [1]
  .rodata             const    0x08045964      0xc  apptask.o [1]
  .rodata             const    0x08045970      0xc  apptask.o [1]
  .rodata             const    0x0804597c      0xc  apptask.o [1]
  .rodata             const    0x08045988      0xc  apptask.o [1]
  .rodata             const    0x08045994      0xc  apptask.o [1]
  .rodata             const    0x080459a0      0xc  apptask.o [1]
  .rodata             const    0x080459ac      0xc  apptask.o [1]
  .rodata             const    0x080459b8      0xc  apptask.o [1]
  .rodata             const    0x080459c4      0xc  apptask.o [1]
  .rodata             const    0x080459d0      0xc  apptask.o [1]
  .rodata             const    0x080459dc      0xc  apptask.o [1]
  .rodata             const    0x080459e8      0xc  apptask.o [1]
  .rodata             const    0x080459f4      0xc  apptask.o [1]
  .rodata             const    0x08045a00      0xc  apptask.o [1]
  .rodata             const    0x08045a0c      0xc  apptask.o [1]
  .rodata             const    0x08045a18      0xc  apptask.o [1]
  .rodata             const    0x08045a24      0xc  apptask.o [1]
  .rodata             const    0x08045a30      0xc  apptask.o [1]
  .rodata             const    0x08045a3c      0xc  apptask.o [1]
  .rodata             const    0x08045a48      0xc  apptask.o [1]
  .rodata             const    0x08045a54      0xc  apptask.o [1]
  .rodata             const    0x08045a60      0xc  apptask.o [1]
  .rodata             const    0x08045a6c      0xc  apptask.o [1]
  .rodata             const    0x08045a78      0xc  apptask.o [1]
  .rodata             const    0x08045a84      0xc  bsp_sdwe050c17.o [1]
  .rodata             const    0x08045a90      0xc  demo_fatfs.o [1]
  .rodata             const    0x08045a9c      0xc  ff.o [1]
  .rodata             const    0x08045aa8      0xc  para.o [1]
  .rodata             const    0x08045ab4      0xc  para.o [1]
  .rodata             const    0x08045ac0      0xc  para.o [1]
  .rodata             const    0x08045acc      0xc  para.o [1]
  .rodata             const    0x08045ad8      0xc  para.o [1]
  .text               ro code  0x08045ae4      0xc  cstartup_M.o [5]
  .rodata             const    0x08045af0      0x8  apptask.o [1]
  .rodata             const    0x08045af8      0x8  apptask.o [1]
  .rodata             const    0x08045b00      0x8  apptask.o [1]
  .rodata             const    0x08045b08      0x8  apptask.o [1]
  .rodata             const    0x08045b10      0x8  apptask.o [1]
  .rodata             const    0x08045b18      0x8  apptask.o [1]
  .rodata             const    0x08045b20      0x8  apptask.o [1]
  .rodata             const    0x08045b28      0x8  apptask.o [1]
  .rodata             const    0x08045b30      0x8  apptask.o [1]
  .rodata             const    0x08045b38      0x8  apptask.o [1]
  .rodata             const    0x08045b40      0x8  apptask.o [1]
  .rodata             const    0x08045b48      0x8  apptask.o [1]
  .rodata             const    0x08045b50      0x8  apptask.o [1]
  .rodata             const    0x08045b58      0x8  apptask.o [1]
  .rodata             const    0x08045b60      0x8  bsp_sdwe050c17.o [1]
  .rodata             const    0x08045b68      0x8  bsp_w25qxx.o [1]
  .rodata             const    0x08045b70      0x8  ff.o [1]
  .rodata             const    0x08045b78      0x8  malloc.o [1]
  .rodata             const    0x08045b80      0x8  malloc.o [1]
  .rodata             const    0x08045b88      0x8  malloc.o [1]
  .rodata             const    0x08045b90      0x8  para.o [1]
  .rodata             const    0x08045b98      0x8  para.o [1]
  .rodata             const    0x08045ba0      0x8  para.o [1]
  .rodata             const    0x08045ba8      0x8  para.o [1]
  .rodata             const    0x08045bb0      0x8  para.o [1]
  .rodata             const    0x08045bb8      0x8  para.o [1]
  .rodata             const    0x08045bc0      0x8  para.o [1]
  .rodata             const    0x08045bc8      0x8  para.o [1]
  .rodata             const    0x08045bd0      0x8  para.o [1]
  .rodata             const    0x08045bd8      0x8  para.o [1]
  .rodata             const    0x08045be0      0x8  para.o [1]
  .rodata             const    0x08045be8      0x8  para.o [1]
  .rodata             const    0x08045bf0      0x8  para.o [1]
  .rodata             const    0x08045bf8      0x8  para.o [1]
  .rodata             const    0x08045c00      0x8  para.o [1]
  .rodata             const    0x08045c08      0x8  para.o [1]
  .rodata             const    0x08045c10      0x8  para.o [1]
  .rodata             const    0x08045c18      0x8  para.o [1]
  .rodata             const    0x08045c20      0x8  para.o [1]
  .rodata             const    0x08045c28      0x8  para.o [1]
  .rodata             const    0x08045c30      0x8  tasks.o [1]
  .rodata             const    0x08045c38      0x8  timers.o [1]
  .rodata             const    0x08045c40      0x4  heap_4.o [1]
  .rodata             const    0x08045c44      0x4  port.o [1]
  .text               ro code  0x08045c48      0x4  startup_stm32f40_41xxx.o [1]
  .text               ro code  0x08045c4c      0x4  startup_stm32f40_41xxx.o [1]
  .text               ro code  0x08045c50      0x4  startup_stm32f40_41xxx.o [1]
  .text               ro code  0x08045c54      0x4  startup_stm32f40_41xxx.o [1]
  .text               ro code  0x08045c58      0x4  startup_stm32f40_41xxx.o [1]
  .text               ro code  0x08045c5c      0x4  startup_stm32f40_41xxx.o [1]
  .text               ro code  0x08045c60      0x4  startup_stm32f40_41xxx.o [1]
  .text               ro code  0x08045c64      0x4  startup_stm32f40_41xxx.o [1]
  .text               ro code  0x08045c68      0x4  startup_stm32f40_41xxx.o [1]
  .text               ro code  0x08045c6c      0x4  startup_stm32f40_41xxx.o [1]
  .text               ro code  0x08045c70      0x4  startup_stm32f40_41xxx.o [1]
  .text               ro code  0x08045c74      0x4  startup_stm32f40_41xxx.o [1]
  .text               ro code  0x08045c78      0x4  startup_stm32f40_41xxx.o [1]
  .text               ro code  0x08045c7c      0x4  startup_stm32f40_41xxx.o [1]
  .text               ro code  0x08045c80      0x4  startup_stm32f40_41xxx.o [1]
  .text               ro code  0x08045c84      0x4  startup_stm32f40_41xxx.o [1]
  .text               ro code  0x08045c88      0x4  startup_stm32f40_41xxx.o [1]
  .text               ro code  0x08045c8c      0x4  startup_stm32f40_41xxx.o [1]
  .text               ro code  0x08045c90      0x4  startup_stm32f40_41xxx.o [1]
  .text               ro code  0x08045c94      0x4  startup_stm32f40_41xxx.o [1]
  .text               ro code  0x08045c98      0x4  startup_stm32f40_41xxx.o [1]
  .text               ro code  0x08045c9c      0x4  startup_stm32f40_41xxx.o [1]
  .text               ro code  0x08045ca0      0x4  startup_stm32f40_41xxx.o [1]
  .text               ro code  0x08045ca4      0x4  startup_stm32f40_41xxx.o [1]
  .text               ro code  0x08045ca8      0x4  startup_stm32f40_41xxx.o [1]
  .text               ro code  0x08045cac      0x4  startup_stm32f40_41xxx.o [1]
  .text               ro code  0x08045cb0      0x4  startup_stm32f40_41xxx.o [1]
  .text               ro code  0x08045cb4      0x4  startup_stm32f40_41xxx.o [1]
  .text               ro code  0x08045cb8      0x4  startup_stm32f40_41xxx.o [1]
  .text               ro code  0x08045cbc      0x4  startup_stm32f40_41xxx.o [1]
  .text               ro code  0x08045cc0      0x4  startup_stm32f40_41xxx.o [1]
  .text               ro code  0x08045cc4      0x4  startup_stm32f40_41xxx.o [1]
  .text               ro code  0x08045cc8      0x4  startup_stm32f40_41xxx.o [1]
  .text               ro code  0x08045ccc      0x4  startup_stm32f40_41xxx.o [1]
  .text               ro code  0x08045cd0      0x4  startup_stm32f40_41xxx.o [1]
  .text               ro code  0x08045cd4      0x4  startup_stm32f40_41xxx.o [1]
  .text               ro code  0x08045cd8      0x4  startup_stm32f40_41xxx.o [1]
  .text               ro code  0x08045cdc      0x4  startup_stm32f40_41xxx.o [1]
  .text               ro code  0x08045ce0      0x4  startup_stm32f40_41xxx.o [1]
  .text               ro code  0x08045ce4      0x4  startup_stm32f40_41xxx.o [1]
  .text               ro code  0x08045ce8      0x4  startup_stm32f40_41xxx.o [1]
  .text               ro code  0x08045cec      0x4  startup_stm32f40_41xxx.o [1]
  .text               ro code  0x08045cf0      0x4  startup_stm32f40_41xxx.o [1]
  .text               ro code  0x08045cf4      0x4  startup_stm32f40_41xxx.o [1]
  .text               ro code  0x08045cf8      0x4  startup_stm32f40_41xxx.o [1]
  .text               ro code  0x08045cfc      0x4  startup_stm32f40_41xxx.o [1]
  .text               ro code  0x08045d00      0x4  startup_stm32f40_41xxx.o [1]
  .text               ro code  0x08045d04      0x4  startup_stm32f40_41xxx.o [1]
  .text               ro code  0x08045d08      0x4  startup_stm32f40_41xxx.o [1]
  .text               ro code  0x08045d0c      0x4  startup_stm32f40_41xxx.o [1]
  .text               ro code  0x08045d10      0x4  startup_stm32f40_41xxx.o [1]
  .text               ro code  0x08045d14      0x4  startup_stm32f40_41xxx.o [1]
  .text               ro code  0x08045d18      0x4  startup_stm32f40_41xxx.o [1]
  .text               ro code  0x08045d1c      0x4  startup_stm32f40_41xxx.o [1]
  .text               ro code  0x08045d20      0x4  startup_stm32f40_41xxx.o [1]
  .text               ro code  0x08045d24      0x4  startup_stm32f40_41xxx.o [1]
  .text               ro code  0x08045d28      0x4  startup_stm32f40_41xxx.o [1]
  .text               ro code  0x08045d2c      0x4  startup_stm32f40_41xxx.o [1]
  .text               ro code  0x08045d30      0x4  startup_stm32f40_41xxx.o [1]
  .text               ro code  0x08045d34      0x4  startup_stm32f40_41xxx.o [1]
  .text               ro code  0x08045d38      0x4  startup_stm32f40_41xxx.o [1]
  .text               ro code  0x08045d3c      0x4  startup_stm32f40_41xxx.o [1]
  .text               ro code  0x08045d40      0x4  startup_stm32f40_41xxx.o [1]
  .text               ro code  0x08045d44      0x4  startup_stm32f40_41xxx.o [1]
  .text               ro code  0x08045d48      0x4  startup_stm32f40_41xxx.o [1]
  .text               ro code  0x08045d4c      0x4  startup_stm32f40_41xxx.o [1]
  .text               ro code  0x08045d50      0x4  startup_stm32f40_41xxx.o [1]
  .text               ro code  0x08045d54      0x4  startup_stm32f40_41xxx.o [1]
  .rodata             const    0x08045d58      0x0  zero_init3.o [5]
  .rodata             const    0x08045d58      0x0  packbits_init.o [5]
  Initializer bytes   const    0x08045d58    0x125  <for P2 s0>
                             - 0x08045e7d  0x45cf5

"P2":                                      0x1f840
  P2 s0                        0x20000000    0x246  <Init block>
    __DLIB_PERTHREAD  inited   0x20000000     0x88  localeconv.o [3]
    __DLIB_PERTHREAD  inited   0x20000088     0x74  setlocale.o [3]
    .data             inited   0x200000fc     0x50  demo_fatfs.o [1]
    .data             inited   0x2000014c     0x48  usbh_usr.o [1]
    .data             inited   0x20000194     0x40  xfiles.o [3]
    .data             inited   0x200001d4     0x1c  malloc.o [1]
    .data             inited   0x200001f0     0x14  bsp_servomotor.o [1]
    .data             inited   0x20000204     0x10  stm32f4xx_rcc.o [1]
    .data             inited   0x20000214     0x10  usbh_msc_core.o [1]
    .data             inited   0x20000224      0xc  usbh_core.o [1]
    .data             inited   0x20000230      0x4  port.o [1]
    .data             inited   0x20000234      0x4  system_stm32f4xx.o [1]
    .data             inited   0x20000238      0x4  usbh_core.o [1]
    __DLIB_PERTHREAD  inited   0x2000023c      0x4  errno.o [3]
    .data             inited   0x20000240      0x2  bsp_w25qxx.o [1]
    .data             inited   0x20000242      0x1  apptask.o [1]
    .data             inited   0x20000243      0x1  encoder_tim.o [1]
    .data             inited   0x20000244      0x1  page_weimi.o [1]
    .data             inited   0x20000245      0x1  usbh_msc_scsi.o [1]
  .bss                zero     0x20000248  0x11800  heap_4.o [1]
  .bss                zero     0x20011a48   0xa000  malloc.o [1]
  .bss                zero     0x2001ba48   0x1000  bsp_w25qxx.o [1]
  .bss                zero     0x2001ca48    0xa00  malloc.o [1]
  .bss                zero     0x2001d448    0x5ac  usbh_usr.o [1]
  .bss                zero     0x2001d9f4    0x5ac  usbh_usr.o [1]
  .bss                zero     0x2001dfa0    0x200  ff.o [1]
  .bss                zero     0x2001e1a0    0x200  usbh_msc_scsi.o [1]
  .bss                zero     0x2001e3a0    0x200  usbh_stdreq.o [1]
  .bss                zero     0x2001e5a0    0x118  page_weimi.o [1]
  .bss                zero     0x2001e6b8     0xf0  tasks.o [1]
  .bss                zero     0x2001e7a8     0xd4  protocol.o [1]
  .bss                zero     0x2001e87c     0xa4  protocol.o [1]
  .bss                zero     0x2001e920     0x98  para.o [1]
  .bss                zero     0x2001e9b8     0x94  usbh_usr.o [1]
  .bss                zero     0x2001ea4c     0x64  bsp_uart_fifo.o [1]
  .bss                zero     0x2001eab0     0x64  bsp_uart_fifo.o [1]
  .bss                zero     0x2001eb14     0x4c  usbh_msc_core.o [1]
  .bss                zero     0x2001eb60     0x58  bsp_sdio_sd.o [1]
  .bss                zero     0x2001ebb8     0x58  protocol.o [1]
  .bss                zero     0x2001ec10     0x50  xfiles.o [3]
  .bss                zero     0x2001ec60     0x34  bsp_sdwe050c17.o [1]
  .bss                zero     0x2001ec94     0x34  product_cal.o [1]
  .bss                zero     0x2001ecc8     0x28  bsp_uart_fifo.o [1]
  .bss                zero     0x2001ecf0     0x28  product_cal.o [1]
  .bss                zero     0x2001ed18     0x24  ff.o [1]
  .bss                zero     0x2001ed3c     0x20  usbh_msc_bot.o [1]
  .bss                zero     0x2001ed5c     0x18  bsp_sdio_sd.o [1]
  .bss                zero     0x2001ed74     0x18  bsp_sdio_sd.o [1]
  .bss                zero     0x2001ed8c     0x14  bsp_sdio_sd.o [1]
  .bss                zero     0x2001eda0     0x14  page_weimi.o [1]
  .bss                zero     0x2001edb4     0x14  rc522.o [1]
  .bss                zero     0x2001edc8     0x14  tasks.o [1]
  .bss                zero     0x2001eddc     0x14  tasks.o [1]
  .bss                zero     0x2001edf0     0x14  tasks.o [1]
  .bss                zero     0x2001ee04     0x14  tasks.o [1]
  .bss                zero     0x2001ee18     0x14  tasks.o [1]
  .bss                zero     0x2001ee2c     0x14  timers.o [1]
  .bss                zero     0x2001ee40     0x14  timers.o [1]
  .bss                zero     0x2001ee54     0x10  bsp_sdio_sd.o [1]
  .bss                zero     0x2001ee64     0x10  bsp_sdio_sd.o [1]
  .bss                zero     0x2001ee74     0x10  encoder_tim.o [1]
  .bss                zero     0x2001ee84     0x10  usbh_msc_bot.o [1]
  .bss                zero     0x2001ee94     0x10  usbh_msc_bot.o [1]
  .bss                zero     0x2001eea4     0x10  usbh_msc_scsi.o [1]
  .bss                zero     0x2001eeb4      0xc  apptask.o [1]
  .bss                zero     0x2001eec0      0xc  apptask.o [1]
  .bss                zero     0x2001eecc      0xc  ff.o [1]
  .bss                zero     0x2001eed8      0xc  protocol.o [1]
  .bss                zero     0x2001eee4      0xc  protocol.o [1]
  .bss                zero     0x2001eef0      0xc  protocol.o [1]
  .bss                zero     0x2001eefc      0x8  heap_4.o [1]
  .bss                zero     0x2001ef04      0x8  modbus.o [1]
  .bss                zero     0x2001ef0c      0x8  protocol.o [1]
  .bss                zero     0x2001ef14      0x4  apptask.o [1]
  .bss                zero     0x2001ef18      0x4  apptask.o [1]
  .bss                zero     0x2001ef1c      0x4  apptask.o [1]
  .bss                zero     0x2001ef20      0x4  apptask.o [1]
  .bss                zero     0x2001ef24      0x4  apptask.o [1]
  .bss                zero     0x2001ef28      0x4  apptask.o [1]
  .bss                zero     0x2001ef2c      0x4  apptask.o [1]
  .bss                zero     0x2001ef30      0x4  apptask.o [1]
  .bss                zero     0x2001ef34      0x4  apptask.o [1]
  .bss                zero     0x2001ef38      0x4  apptask.o [1]
  .bss                zero     0x2001ef3c      0x4  apptask.o [1]
  .bss                zero     0x2001ef40      0x4  apptask.o [1]
  .bss                zero     0x2001ef44      0x4  apptask.o [1]
  .bss                zero     0x2001ef48      0x4  apptask.o [1]
  .bss                zero     0x2001ef4c      0x4  apptask.o [1]
  .bss                zero     0x2001ef50      0x4  apptask.o [1]
  .bss                zero     0x2001ef54      0x4  apptask.o [1]
  .bss                zero     0x2001ef58      0x4  apptask.o [1]
  .bss                zero     0x2001ef5c      0x4  apptask.o [1]
  .bss                zero     0x2001ef60      0x4  bsp_sdio_sd.o [1]
  .bss                zero     0x2001ef64      0x4  bsp_sdio_sd.o [1]
  .bss                zero     0x2001ef68      0x4  bsp_sdio_sd.o [1]
  .bss                zero     0x2001ef6c      0x4  bsp_sdio_sd.o [1]
  .bss                zero     0x2001ef70      0x4  bsp_sdio_sd.o [1]
  .bss                zero     0x2001ef74      0x4  bsp_timer.o [1]
  .bss                zero     0x2001ef78      0x4  bsp_timer.o [1]
  .bss                zero     0x2001ef7c      0x4  bsp_timer.o [1]
  .bss                zero     0x2001ef80      0x4  bsp_timer.o [1]
  .bss                zero     0x2001ef84      0x4  heap_4.o [1]
  .bss                zero     0x2001ef88      0x4  heap_4.o [1]
  .bss                zero     0x2001ef8c      0x4  heap_4.o [1]
  .bss                zero     0x2001ef90      0x4  heap_4.o [1]
  .bss                zero     0x2001ef94      0x4  port.o [1]
  .bss                zero     0x2001ef98      0x4  product_cal.o [1]
  .bss                zero     0x2001ef9c      0x4  product_cal.o [1]
  .bss                zero     0x2001efa0      0x4  SysInfoTest.o [1]
  .bss                zero     0x2001efa4      0x4  tasks.o [1]
  .bss                zero     0x2001efa8      0x4  tasks.o [1]
  .bss                zero     0x2001efac      0x4  tasks.o [1]
  .bss                zero     0x2001efb0      0x4  tasks.o [1]
  .bss                zero     0x2001efb4      0x4  tasks.o [1]
  .bss                zero     0x2001efb8      0x4  tasks.o [1]
  .bss                zero     0x2001efbc      0x4  tasks.o [1]
  .bss                zero     0x2001efc0      0x4  tasks.o [1]
  .bss                zero     0x2001efc4      0x4  tasks.o [1]
  .bss                zero     0x2001efc8      0x4  tasks.o [1]
  .bss                zero     0x2001efcc      0x4  tasks.o [1]
  .bss                zero     0x2001efd0      0x4  tasks.o [1]
  .bss                zero     0x2001efd4      0x4  tasks.o [1]
  .bss                zero     0x2001efd8      0x4  tasks.o [1]
  .bss                zero     0x2001efdc      0x4  tasks.o [1]
  .bss                zero     0x2001efe0      0x4  tasks.o [1]
  .bss                zero     0x2001efe4      0x4  timers.o [1]
  .bss                zero     0x2001efe8      0x4  timers.o [1]
  .bss                zero     0x2001efec      0x4  timers.o [1]
  .bss                zero     0x2001eff0      0x4  timers.o [1]
  .bss                zero     0x2001eff4      0x4  usbh_msc_bot.o [1]
  .bss                zero     0x2001eff8      0x4  usbh_msc_bot.o [1]
  .bss                zero     0x2001effc      0x4  usbh_msc_bot.o [1]
  .bss                zero     0x2001f000      0x4  usbh_msc_bot.o [1]
  .bss                zero     0x2001f004      0x2  apptask.o [1]
  .bss                zero     0x2001f006      0x2  apptask.o [1]
  .bss                zero     0x2001f008      0x2  apptask.o [1]
  .bss                zero     0x2001f00a      0x2  apptask.o [1]
  .bss                zero     0x2001f00c      0x2  bsp_sdwe050c17.o [1]
  .bss                zero     0x2001f00e      0x2  encoder_tim.o [1]
  .bss                zero     0x2001f010      0x2  encoder_tim.o [1]
  .bss                zero     0x2001f012      0x2  ff.o [1]
  .bss                zero     0x2001f014      0x2  page_weimi.o [1]
  .bss                zero     0x2001f016      0x2  page_weimi.o [1]
  .bss                zero     0x2001f018      0x2  product_cal.o [1]
  .bss                zero     0x2001f01a      0x2  usbh_core.o [1]
  .bss                zero     0x2001f01c      0x2  usbh_stdreq.o [1]
  .bss                zero     0x2001f01e      0x1  apptask.o [1]
  .bss                zero     0x2001f01f      0x1  apptask.o [1]
  .bss                zero     0x2001f020      0x1  apptask.o [1]
  .bss                zero     0x2001f021      0x1  apptask.o [1]
  .bss                zero     0x2001f022      0x1  apptask.o [1]
  .bss                zero     0x2001f023      0x1  apptask.o [1]
  .bss                zero     0x2001f024      0x1  apptask.o [1]
  .bss                zero     0x2001f025      0x1  apptask.o [1]
  .bss                zero     0x2001f026      0x1  apptask.o [1]
  .bss                zero     0x2001f027      0x1  apptask.o [1]
  .bss                zero     0x2001f028      0x1  apptask.o [1]
  .bss                zero     0x2001f029      0x1  apptask.o [1]
  .bss                zero     0x2001f02a      0x1  bsp_sdio_sd.o [1]
  .bss                zero     0x2001f02b      0x1  bsp_sdwe050c17.o [1]
  .bss                zero     0x2001f02c      0x1  bsp_uart_fifo.o [1]
  .bss                zero     0x2001f02d      0x1  encoder_tim.o [1]
  .bss                zero     0x2001f02e      0x1  page_weimi.o [1]
  .bss                zero     0x2001f02f      0x1  page_weimi.o [1]
  .bss                zero     0x2001f030      0x1  page_weimi.o [1]
  .bss                zero     0x2001f031      0x1  page_weimi.o [1]
  .bss                zero     0x2001f032      0x1  port.o [1]
  .bss                zero     0x2001f033      0x1  product_cal.o [1]
  .bss                zero     0x2001f034      0x1  product_cal.o [1]
  .bss                zero     0x2001f035      0x1  product_cal.o [1]
  .bss                zero     0x2001f036      0x1  protocol.o [1]
  .bss                zero     0x2001f037      0x1  rc522.o [1]
  .bss                zero     0x2001f038      0x1  rc522.o [1]
  .bss                zero     0x2001f039      0x1  usbh_msc_bot.o [1]
  .bss                zero     0x2001f03a      0x1  usbh_msc_core.o [1]
  .bss                zero     0x2001f03b      0x1  usbh_msc_core.o [1]
  .bss                zero     0x2001f03c      0x1  usbh_stdreq.o [1]
  .bss                zero     0x2001f03d      0x1  usbh_usr.o [1]
  CSTACK                       0x2001f040    0x800  <Block>
    CSTACK            uninit   0x2001f040    0x800  <Block tail>
                             - 0x2001f840  0x1f840

Absolute sections:                         0xff000
  .bss                zero     0x68000000  0xf0000  malloc.o [1]
  .bss                zero     0x680f0000   0xf000  malloc.o [1]
                             - 0x680ff000  0xff000


*******************************************************************************
*** INIT TABLE
***

          Address     Size
          -------     ----
Zero (__iar_zero_init3)
    2 destination ranges, total size 0x11ddf6:
          0x20000248  0x1edf6
          0x68000000  0xff000

Copy/packbits (__iar_packbits_init3)
    1 source range, total size 0x125 (50% of destination):
          0x08045d58    0x125
    1 destination range, total size 0x246:
          0x20000000    0x246



*******************************************************************************
*** MODULE SUMMARY
***

    Module                    ro code  ro data  rw data    rw data
                                                            (abs)
    ------                    -------  -------  -------    -------
E:\WORK\YarnControl_Driver\YarnControl_Driver\src\stm32f4_rtos\Project\EWARMv7\Flash\Obj: [1]
    SysInfoTest.o                  60                 4
    apptask.o                  21 476    2 909      121
    bsp.o                          72
    bsp_closeSW.o                 212
    bsp_dwt.o                     116
    bsp_led.o                     192
    bsp_relay.o                    68
    bsp_sdio_sd.o               6 744               209
    bsp_sdwe050c17.o            5 696       36       55
    bsp_servomotor.o            1 164       10       20
    bsp_spi.o                     292
    bsp_stepmotor.o               620
    bsp_sw_onoff.o                104
    bsp_tim_pwm.o                 736
    bsp_timer.o                   516                16
    bsp_uart_fifo.o             2 532               241
    bsp_w25qxx.o                  896        9    4 098
    bsp_watchdog.o                  8
    cc936.o                       244  176 320
    demo_fatfs.o                           733       80
    diskio.o                      740
    encoder_tim.o                 672                22
    event_groups.o                610
    ff.o                        9 368       36      562
    heap_4.o                      640        4   71 704
    list.o                        152
    main.o                         52       32
    malloc.o                      540       38   43 548  1 044 480
    mcheck.o                      184      768
    misc.o                        136
    modbus.o                      852                 8
    page_weimi.o                  560        1      309
    para.o                      4 894      272      152
    port.o                        588        6        9
    portasm.o                     168
    product_cal.o               1 316      400      105
    protocol.o                     68               509
    queue.o                     1 992
    rc522.o                       174                22
    startup_stm32f40_41xxx.o      680
    stm32f4xx_dma.o               796
    stm32f4xx_exti.o              192
    stm32f4xx_gpio.o              300
    stm32f4xx_it.o                 56       44
    stm32f4xx_iwdg.o               16
    stm32f4xx_rcc.o               488        8       16
    stm32f4xx_sdio.o              380
    stm32f4xx_spi.o               116
    stm32f4xx_syscfg.o             84
    stm32f4xx_tim.o             1 764
    stm32f4xx_usart.o             596
    system_stm32f4xx.o            340        2        4
    tasks.o                     3 072        8      404
    timers.o                    1 188        8       56
    usb_bsp.o                     332
    usb_core.o                  2 640
    usb_hcd.o                     214
    usb_hcd_int.o               3 198
    usbh_core.o                 1 888        8       18
    usbh_hcs.o                    442
    usbh_ioreq.o                  582
    usbh_it.o                      16
    usbh_msc_bot.o              1 364                81
    usbh_msc_core.o             1 000        8       94
    usbh_msc_scsi.o             1 560        1      529
    usbh_stdreq.o               1 078               515
    usbh_usr.o                    418      592    3 125
    --------------------------------------------------------------
    Total:                     90 254  182 253  126 636  1 044 480

command line: [2]
    --------------------------------------------------------------
    Total:

dl7M_tlf.a: [3]
    abort.o                         6
    div.o                          14
    errno.o                        12        2        4
    exit.o                          4
    isxxx.o                        40
    localeconv.o                  108       68      136
    printf.o                       36
    putchar.o                      12
    setlocale.o                    24       58      116
    sprintf.o                      52
    sscanf.o                       36
    strcat.o                       28
    strstr.o                       44
    tolower.o                      20
    xfiles.o                                32      144
    xlocale_c.o                    54
    xprintffull_nomb.o          3 478
    xprout.o                       22
    xscanffull_nomb.o           2 916
    xsprout.o                      10
    xsscin.o                       30
    xstoflt.o                     440
    xstoll.o                      164
    xstopfx.o                     292
    xstoull.o                     432
    xstoxflt.o                    536
    xtls.o                          2
    --------------------------------------------------------------
    Total:                      8 812      160      400

m7M_tls.a: [4]
    DblAdd.o                      232
    DblCmpEq.o                     32
    DblCmpGe.o                     46
    DblCmpLe.o                     46
    DblDiv.o                      598
    DblMul.o                      418
    DblSub.o                      384
    DblToFlt.o                    144
    DblToI32.o                     88
    FltToDbl.o                     78
    I32ToDbl.o                     48
    fpinit_M.o                     34
    xdnorm.o                       66
    xdscale.o                     276
    xdtento.o                     512
    xdunscal.o                     82
    xstold.o                      360
    --------------------------------------------------------------
    Total:                      3 444

rt7M_tl.a: [5]
    ABImemcpy_unaligned.o         118
    ABImemset.o                   102
    I64DivMod.o                   306
    I64DivZer.o                     2
    cexit.o                        10
    cmain.o                        26
    cstartup_M.o                   12
    data_init.o                    40
    memchr.o                       88
    memcmp_unaligned.o             98
    packbits_init.o               208
    strchr.o                       22
    strcmp_unaligned.o             66
    strcpy_unaligned.o             68
    strlen.o                       54
    zero_init3.o                   64
    --------------------------------------------------------------
    Total:                      1 284

shb_l.a: [6]
    exit.o                         20
    --------------------------------------------------------------
    Total:                         20

    Gaps                           48        6        2
    Linker created                          52    2 048
------------------------------------------------------------------
    Grand Total:              103 862  182 471  129 086  1 044 480


*******************************************************************************
*** ENTRY LIST
***

Entry                      Address     Size  Type      Object
-----                      -------     ----  ----      ------
.iar.init_table$$Base   0x0804500c            --   Gb  - Linker created -
.iar.init_table$$Limit  0x08045040            --   Gb  - Linker created -
?main                   0x08045465           Code  Gb  cmain.o [5]
APBAHBPrescTable        0x20000204     0x10  Data  Lc  stm32f4xx_rcc.o [1]
AppObjCreate            0x0802f891    0x15e  Code  Gb  apptask.o [1]
AppTaskCreate           0x0802f725    0x16c  Code  Gb  apptask.o [1]
BOTStallErrorCount      0x2001eff4      0x4  Data  Lc  usbh_msc_bot.o [1]
BusFault_Handler        0x08044d5f      0x2  Code  Gb  stm32f4xx_it.o [1]
CID_Tab                 0x2001ee64     0x10  Data  Lc  bsp_sdio_sd.o [1]
CRC16HiTable            0x08044800    0x100  Data  Gb  mcheck.o [1]
CRC16LoTable            0x08044900    0x100  Data  Gb  mcheck.o [1]
CRC8Table               0x08044a00    0x100  Data  Gb  mcheck.o [1]
CSD_Tab                 0x2001ee54     0x10  Data  Lc  bsp_sdio_sd.o [1]
CSTACK$$Base            0x2001f040            --   Gb  - Linker created -
CSTACK$$Limit           0x2001f840            --   Gb  - Linker created -
CardType                0x2001ef60      0x4  Data  Lc  bsp_sdio_sd.o [1]
CmdError                0x08040455     0x38  Code  Lc  bsp_sdio_sd.o [1]
CmdResp1Error           0x080404f9    0x112  Code  Lc  bsp_sdio_sd.o [1]
CmdResp2Error           0x08040649     0x52  Code  Lc  bsp_sdio_sd.o [1]
CmdResp3Error           0x0804060b     0x3e  Code  Lc  bsp_sdio_sd.o [1]
CmdResp6Error           0x0804069b     0xa6  Code  Lc  bsp_sdio_sd.o [1]
CmdResp7Error           0x0804048d     0x58  Code  Lc  bsp_sdio_sd.o [1]
ConfigExitNVIC          0x08038933     0x22  Code  Gb  bsp_closeSW.o [1]
ConfigUartNVIC          0x0803a2d7     0x7c  Code  Lc  bsp_uart_fifo.o [1]
DIFF_G_init             0x08035189     0x78  Code  Gb  bsp_servomotor.o [1]
DMA1_Stream0_IRQHandler
                        0x080354fd     0x1c  Code  Gb  bsp_servomotor.o [1]
DMA1_Stream3_IRQHandler
                        0x08035519     0x1c  Code  Gb  bsp_servomotor.o [1]
DMA2_Stream3_IRQHandler
                        0x08040d3d      0x8  Code  Gb  bsp_sdio_sd.o [1]
DMAEndOfTransfer        0x2001ef70      0x4  Data  Gb  bsp_sdio_sd.o [1]
DMA_ClearFlag           0x0803c3f7     0x24  Code  Gb  stm32f4xx_dma.o [1]
DMA_Cmd                 0x0803c3ad     0x1a  Code  Gb  stm32f4xx_dma.o [1]
DMA_DeInit              0x0803c215    0x140  Code  Gb  stm32f4xx_dma.o [1]
DMA_FlowControllerConfig
                        0x0803c3c7     0x18  Code  Gb  stm32f4xx_dma.o [1]
DMA_GetCmdStatus        0x0803c3df     0x18  Code  Gb  stm32f4xx_dma.o [1]
DMA_GetITStatus         0x0803c45d     0x62  Code  Gb  stm32f4xx_dma.o [1]
DMA_ITConfig            0x0803c41b     0x42  Code  Gb  stm32f4xx_dma.o [1]
DMA_Init                0x0803c355     0x58  Code  Gb  stm32f4xx_dma.o [1]
DebugMon_Handler        0x08044d63      0x2  Code  Gb  stm32f4xx_it.o [1]
DiskFile_init           0x08038875     0x40  Code  Gb  protocol.o [1]
Disk_File               0x2001e7a8     0xd4  Data  Gb  protocol.o [1]
ENC_Calc_Average_Speed  0x08038f17     0x50  Code  Gb  encoder_tim.o [1]
ENC_Calc_Rot_Speed      0x08038e3d     0xda  Code  Gb  encoder_tim.o [1]
ENC_Clear_Speed_Buffer  0x08038e21     0x1c  Code  Gb  encoder_tim.o [1]
ENC_Init                0x08038d35     0xec  Code  Gb  encoder_tim.o [1]
EXTI9_5_IRQHandler      0x08038955     0x3c  Code  Gb  bsp_closeSW.o [1]
EXTI_ClearITPendingBit  0x0803d5c3      0x6  Code  Gb  stm32f4xx_exti.o [1]
EXTI_GetITStatus        0x0803d5a9     0x1a  Code  Gb  stm32f4xx_exti.o [1]
EXTI_Init               0x0803d521     0x88  Code  Gb  stm32f4xx_exti.o [1]
FR_Table                0x200000fc     0x50  Data  Gb  demo_fatfs.o [1]
FatFs                   0x2001eecc      0xc  Data  Lc  ff.o [1]
Files                   0x2001ed18     0x24  Data  Lc  ff.o [1]
FindSCR                 0x080408e9    0x206  Code  Lc  bsp_sdio_sd.o [1]
Fsid                    0x2001f012      0x2  Data  Lc  ff.o [1]
GPIO_Init               0x0803899d     0xaa  Code  Gb  stm32f4xx_gpio.o [1]
GPIO_PinAFConfig        0x08038a6f     0x5a  Code  Gb  stm32f4xx_gpio.o [1]
GPIO_ReadInputDataBit   0x08038a47     0x1a  Code  Gb  stm32f4xx_gpio.o [1]
GPIO_WriteBit           0x08038a61      0xe  Code  Gb  stm32f4xx_gpio.o [1]
GetDeviceState          0x08038841     0x2e  Code  Gb  bsp_sw_onoff.o [1]
HCD_GetCurrentFrame     0x0803c795      0x8  Code  Gb  usb_hcd.o [1]
HCD_GetCurrentSpeed     0x0803c777     0x10  Code  Gb  usb_hcd.o [1]
HCD_GetURB_State        0x0803c79d      0xa  Code  Gb  usb_hcd.o [1]
HCD_GetXferCnt          0x0803c7a7      0xc  Code  Gb  usb_hcd.o [1]
HCD_Init                0x0803c705     0x72  Code  Gb  usb_hcd.o [1]
HCD_ResetPort           0x0803c787      0xe  Code  Gb  usb_hcd.o [1]
HCD_SubmitRequest       0x0803c7b3     0x28  Code  Gb  usb_hcd.o [1]
HardFault_Handler       0x08044d2f     0x22  Code  Gb  stm32f4xx_it.o [1]
IWDG_Feed               0x080396dd      0x8  Code  Gb  bsp_watchdog.o [1]
IWDG_ReloadCounter      0x0803d715      0xa  Code  Gb  stm32f4xx_iwdg.o [1]
InStream_Read           0x08044b01     0x22  Code  Lc  packbits_init.o [5]
InitHardUart            0x08039f15    0x3c2  Code  Lc  bsp_uart_fifo.o [1]
Init_JINGSHA_GUI        0x08030683    0x122  Code  Gb  bsp_sdwe050c17.o [1]
JingSha_File            0x2001ebb8     0x58  Data  Gb  protocol.o [1]
LfnBuf                  0x2001dfa0    0x200  Data  Lc  ff.o [1]
LfnOfs                  0x08045868     0x10  Data  Lc  ff.o [1]
LoadInt                 0x0803b13d     0x6e  Code  Lc  xprintffull_nomb.o [3]
MSCErrorCount           0x2001f03a      0x1  Data  Gb  usbh_msc_core.o [1]
MSC_Machine             0x2001eb14     0x4c  Data  Gb  usbh_msc_core.o [1]
MSG_DEV_ATTACHED        0x080455f8     0x18  Data  Gb  usbh_usr.o [1]
MSG_DEV_DISCONNECTED    0x08045610     0x18  Data  Gb  usbh_usr.o [1]
MSG_DEV_ENUMERATED      0x08045410     0x1c  Data  Gb  usbh_usr.o [1]
MSG_DEV_ERROR           0x08045714     0x14  Data  Gb  usbh_usr.o [1]
MSG_DEV_FULLSPEED       0x08045280     0x20  Data  Gb  usbh_usr.o [1]
MSG_DEV_HIGHSPEED       0x08045260     0x20  Data  Gb  usbh_usr.o [1]
MSG_DEV_LOWSPEED        0x080452a0     0x20  Data  Gb  usbh_usr.o [1]
MSG_HID_CLASS           0x0804542c     0x1c  Data  Gb  usbh_usr.o [1]
MSG_MSC_CLASS           0x08044fc4     0x24  Data  Gb  usbh_usr.o [1]
MSG_UNREC_ERROR         0x08045448     0x1c  Data  Gb  usbh_usr.o [1]
MemManage_Handler       0x08044d5d      0x2  Code  Gb  stm32f4xx_it.o [1]
MotorProcess            0x2001eda0     0x14  Data  Gb  page_weimi.o [1]
MotorStepCount          0x08034e3d     0x62  Code  Gb  page_weimi.o [1]
NMI_Handler             0x08044d2d      0x2  Code  Gb  stm32f4xx_it.o [1]
NVIC_Init               0x0803c53b     0x6a  Code  Gb  misc.o [1]
NVIC_PriorityGroupConfig
                        0x0803c531      0xa  Code  Gb  misc.o [1]
OTG_FS_IRQHandler       0x080458e9     0x10  Code  Gb  usbh_it.o [1]
PendSV_Handler          0x0803d725           Code  Gb  portasm.o [1]
RCA                     0x2001ef64      0x4  Data  Lc  bsp_sdio_sd.o [1]
RCC_AHB1PeriphClockCmd  0x08039d4b     0x22  Code  Gb  stm32f4xx_rcc.o [1]
RCC_AHB2PeriphClockCmd  0x08039d6d     0x1e  Code  Gb  stm32f4xx_rcc.o [1]
RCC_APB1PeriphClockCmd  0x08039d8b     0x1e  Code  Gb  stm32f4xx_rcc.o [1]
RCC_APB1PeriphResetCmd  0x08039dc7     0x1e  Code  Gb  stm32f4xx_rcc.o [1]
RCC_APB2PeriphClockCmd  0x08039da9     0x1e  Code  Gb  stm32f4xx_rcc.o [1]
RCC_APB2PeriphResetCmd  0x08039de5     0x1e  Code  Gb  stm32f4xx_rcc.o [1]
RCC_GetClocksFreq       0x08039c49    0x102  Code  Gb  stm32f4xx_rcc.o [1]
RS485_InitTXE           0x08039ee1     0x34  Code  Gb  bsp_uart_fifo.o [1]
RS485_sendbuf           0x0803a721     0x3c  Code  Gb  bsp_uart_fifo.o [1]
Region$$Table$$Base     0x0804500c            --   Gb  - Linker created -
Region$$Table$$Limit    0x08045040            --   Gb  - Linker created -
SDCardInfo              0x2001eb60     0x58  Data  Gb  bsp_sdio_sd.o [1]
SDEnWideBus             0x0804074d    0x198  Code  Lc  bsp_sdio_sd.o [1]
SDIO_ClearFlag          0x08041dad      0x6  Code  Gb  stm32f4xx_sdio.o [1]
SDIO_ClearITPendingBit  0x08041dcd      0x6  Code  Gb  stm32f4xx_sdio.o [1]
SDIO_ClockCmd           0x08041cdb      0x8  Code  Gb  stm32f4xx_sdio.o [1]
SDIO_CmdInitStructure   0x2001ed8c     0x14  Data  Gb  bsp_sdio_sd.o [1]
SDIO_DMACmd             0x08041d6d      0x8  Code  Gb  stm32f4xx_sdio.o [1]
SDIO_DataConfig         0x08041d39     0x2e  Code  Gb  stm32f4xx_sdio.o [1]
SDIO_DataInitStructure  0x2001ed74     0x18  Data  Gb  bsp_sdio_sd.o [1]
SDIO_DeInit             0x08041c99     0x18  Code  Gb  stm32f4xx_sdio.o [1]
SDIO_GetCommandResponse
                        0x08041d1b      0x8  Code  Gb  stm32f4xx_sdio.o [1]
SDIO_GetFlagStatus      0x08041d93     0x1a  Code  Gb  stm32f4xx_sdio.o [1]
SDIO_GetITStatus        0x08041db3     0x1a  Code  Gb  stm32f4xx_sdio.o [1]
SDIO_GetPowerState      0x08041ce9      0xa  Code  Gb  stm32f4xx_sdio.o [1]
SDIO_GetResponse        0x08041d23     0x16  Code  Gb  stm32f4xx_sdio.o [1]
SDIO_IRQHandler         0x08040d35      0x8  Code  Gb  bsp_sdio_sd.o [1]
SDIO_ITConfig           0x08041d75     0x1e  Code  Gb  stm32f4xx_sdio.o [1]
SDIO_Init               0x08041cb1     0x2a  Code  Gb  stm32f4xx_sdio.o [1]
SDIO_InitStructure      0x2001ed5c     0x18  Data  Gb  bsp_sdio_sd.o [1]
SDIO_Interrupts_Config  0x08040cf9     0x3c  Code  Gb  bsp_sdio_sd.o [1]
SDIO_ReadData           0x08041d67      0x6  Code  Gb  stm32f4xx_sdio.o [1]
SDIO_SendCommand        0x08041cf3     0x28  Code  Gb  stm32f4xx_sdio.o [1]
SDIO_SetPowerState      0x08041ce3      0x6  Code  Gb  stm32f4xx_sdio.o [1]
SDWE_WARNNING           0x08030915     0x2a  Code  Gb  bsp_sdwe050c17.o [1]
SD_Detect               0x0803f3f1     0x22  Code  Gb  bsp_sdio_sd.o [1]
SD_EnableWideBusOperation
                        0x0803fbed     0xc8  Code  Gb  bsp_sdio_sd.o [1]
SD_GetCardInfo          0x0803f801    0x3ec  Code  Gb  bsp_sdio_sd.o [1]
SD_GetState             0x0803f3c7     0x2a  Code  Gb  bsp_sdio_sd.o [1]
SD_GetStatus            0x0803f3a5     0x22  Code  Gb  bsp_sdio_sd.o [1]
SD_Init                 0x0803f2ed     0xb8  Code  Gb  bsp_sdio_sd.o [1]
SD_InitializeCards      0x0803f65f    0x1a2  Code  Gb  bsp_sdio_sd.o [1]
SD_LowLevel_DMA_RxConfig
                        0x08040c43     0x8e  Code  Gb  bsp_sdio_sd.o [1]
SD_LowLevel_DMA_TxConfig
                        0x08040bb5     0x8e  Code  Gb  bsp_sdio_sd.o [1]
SD_LowLevel_Init        0x08040af1     0xbc  Code  Gb  bsp_sdio_sd.o [1]
SD_PowerON              0x0803f413    0x24c  Code  Gb  bsp_sdio_sd.o [1]
SD_ProcessDMAIRQ        0x08040431     0x22  Code  Gb  bsp_sdio_sd.o [1]
SD_ProcessIRQSrc        0x08040383     0xae  Code  Gb  bsp_sdio_sd.o [1]
SD_ReadBlock            0x0803fced    0x108  Code  Gb  bsp_sdio_sd.o [1]
SD_ReadMultiBlocks      0x0803fdf5    0x134  Code  Gb  bsp_sdio_sd.o [1]
SD_SelectDeselect       0x0803fcb5     0x38  Code  Gb  bsp_sdio_sd.o [1]
SD_SendStatus           0x08040315     0x6e  Code  Gb  bsp_sdio_sd.o [1]
SD_StopTransfer         0x080402cd     0x44  Code  Gb  bsp_sdio_sd.o [1]
SD_WaitReadOperation    0x0803ff2d     0x96  Code  Gb  bsp_sdio_sd.o [1]
SD_WriteBlock           0x0803ffcd    0x11e  Code  Gb  bsp_sdio_sd.o [1]
SD_WriteMultiBlocks     0x080400f9    0x1cc  Code  Gb  bsp_sdio_sd.o [1]
SPI1_Init               0x0803aa8d     0xc0  Code  Gb  bsp_spi.o [1]
SPI1_ReadWriteByte      0x0803ab75     0x32  Code  Gb  bsp_spi.o [1]
SPI1_SetSpeed           0x0803ab4d     0x28  Code  Gb  bsp_spi.o [1]
SPI_Cmd                 0x0803da61     0x1c  Code  Gb  stm32f4xx_spi.o [1]
SPI_I2S_GetFlagStatus   0x0803da7d     0x18  Code  Gb  stm32f4xx_spi.o [1]
SPI_Init                0x0803da21     0x40  Code  Gb  stm32f4xx_spi.o [1]
SRC_Buffer              0x200001f0     0x14  Data  Gb  bsp_servomotor.o [1]
SVC_Handler             0x0803d77d           Code  Gb  portasm.o [1]
SYSCFG_EXTILineConfig   0x0803d4cd     0x50  Code  Gb  stm32f4xx_syscfg.o [1]
Sdwe_ClearReadDisk      0x080309eb     0x20  Code  Gb  bsp_sdwe050c17.o [1]
Sdwe_change_class_time  0x080310c3     0x30  Code  Gb  bsp_sdwe050c17.o [1]
Sdwe_clearString        0x0803093f     0x54  Code  Gb  bsp_sdwe050c17.o [1]
Sdwe_clear_filename     0x08030a3b     0x60  Code  Gb  bsp_sdwe050c17.o [1]
Sdwe_disDigi            0x080307ef     0xa4  Code  Gb  bsp_sdwe050c17.o [1]
Sdwe_disPicture         0x080307a5     0x4a  Code  Gb  bsp_sdwe050c17.o [1]
Sdwe_disString          0x08030893     0x82  Code  Gb  bsp_sdwe050c17.o [1]
Sdwe_hidden_page        0x0803115b     0x30  Code  Gb  bsp_sdwe050c17.o [1]
Sdwe_peiliao_page       0x08030f05    0x192  Code  Gb  bsp_sdwe050c17.o [1]
Sdwe_period_page        0x080310f3     0x68  Code  Gb  bsp_sdwe050c17.o [1]
Sdwe_product_page       0x08030cd7    0x226  Code  Gb  bsp_sdwe050c17.o [1]
Sdwe_ratio_display      0x080310a1     0x22  Code  Gb  bsp_sdwe050c17.o [1]
Sdwe_readRTC            0x08030a0b     0x30  Code  Gb  bsp_sdwe050c17.o [1]
Sdwe_refresh_allname    0x08030c8f     0x48  Code  Gb  bsp_sdwe050c17.o [1]
Sdwe_refresh_filename   0x08030a9b    0x1f4  Code  Gb  bsp_sdwe050c17.o [1]
Sdwe_stop_page          0x0803118b    0x380  Code  Gb  bsp_sdwe050c17.o [1]
Sdwe_writeIcon          0x08030993     0x58  Code  Gb  bsp_sdwe050c17.o [1]
ServoMotorRunning       0x080354db     0x22  Code  Gb  bsp_servomotor.o [1]
SetSysClock             0x080446ff     0xce  Code  Lc  system_stm32f4xx.o [1]
SlavePara               0x2001e87c     0xa4  Data  Gb  protocol.o [1]
StepMotor_adjust_speed  0x08038c91     0x36  Code  Gb  bsp_stepmotor.o [1]
StepMotor_start         0x08038cf3     0x2c  Code  Gb  bsp_stepmotor.o [1]
StepMotor_stop          0x08038cc7     0x2c  Code  Gb  bsp_stepmotor.o [1]
StopCondition           0x2001ef68      0x4  Data  Gb  bsp_sdio_sd.o [1]
SysTick_Handler         0x0803986b     0x2c  Code  Gb  port.o [1]
SystemCoreClock         0x20000234      0x4  Data  Gb  system_stm32f4xx.o [1]
SystemInit              0x080446ad     0x52  Code  Gb  system_stm32f4xx.o [1]
TI1_Config              0x0803c119     0x38  Code  Lc  stm32f4xx_tim.o [1]
TI2_Config              0x0803c151     0x42  Code  Lc  stm32f4xx_tim.o [1]
TI3_Config              0x0803c193     0x40  Code  Lc  stm32f4xx_tim.o [1]
TI4_Config              0x0803c1d3     0x42  Code  Lc  stm32f4xx_tim.o [1]
TIM1_PWM_SETPMOTOR      0x08038c23     0x6e  Code  Gb  bsp_stepmotor.o [1]
TIM2_IRQHandler         0x0803a9c9     0xac  Code  Gb  bsp_timer.o [1]
TIM3_PWM_SETPMOTOR      0x08038bbd     0x66  Code  Gb  bsp_stepmotor.o [1]
TIM4_CH1_ConfigPwmOut   0x080350d1     0x1c  Code  Gb  bsp_servomotor.o [1]
TIM4_CH1_GPIO_Configuration
                        0x08035147     0x42  Code  Gb  bsp_servomotor.o [1]
TIM4_CH1_PWMDMA_Config  0x080352c7     0xb0  Code  Gb  bsp_servomotor.o [1]
TIM4_CH1_StartPwmOut    0x080350ed     0x2c  Code  Gb  bsp_servomotor.o [1]
TIM4_CH1_StopPwmOut     0x08035119     0x2e  Code  Gb  bsp_servomotor.o [1]
TIM4_CH2_ConfigPwmOut   0x08035377     0x1c  Code  Gb  bsp_servomotor.o [1]
TIM4_CH2_GPIO_Configuration
                        0x080353ed     0x3e  Code  Gb  bsp_servomotor.o [1]
TIM4_CH2_PWMDMA_Config  0x0803542b     0xb0  Code  Gb  bsp_servomotor.o [1]
TIM4_CH2_StartPwmOut    0x08035393     0x2c  Code  Gb  bsp_servomotor.o [1]
TIM4_CH2_StopPwmOut     0x080353bf     0x2e  Code  Gb  bsp_servomotor.o [1]
TIM4_PWM_Config         0x08035201     0xc6  Code  Gb  bsp_servomotor.o [1]
TIM6_DAC_IRQHandler     0x08044ccb     0x22  Code  Gb  SysInfoTest.o [1]
TIM8_UP_TIM13_IRQHandler
                        0x08038f67     0x46  Code  Gb  encoder_tim.o [1]
TIM_ARRPreloadConfig    0x0803bd2f     0x1c  Code  Gb  stm32f4xx_tim.o [1]
TIM_CallBack1           0x0802fa0d     0x44  Code  Gb  apptask.o [1]
TIM_ClearFlag           0x0803c083      0x8  Code  Gb  stm32f4xx_tim.o [1]
TIM_ClearITPendingBit   0x0803c0bd      0x8  Code  Gb  stm32f4xx_tim.o [1]
TIM_Cmd                 0x0803bd4b     0x1c  Code  Gb  stm32f4xx_tim.o [1]
TIM_CtrlPWMOutputs      0x0803c04b     0x22  Code  Gb  stm32f4xx_tim.o [1]
TIM_DMACmd              0x0803c0c5     0x16  Code  Gb  stm32f4xx_tim.o [1]
TIM_DeInit              0x0803bb31    0x17c  Code  Gb  stm32f4xx_tim.o [1]
TIM_EncoderInterfaceConfig
                        0x0803c0db     0x3e  Code  Gb  stm32f4xx_tim.o [1]
TIM_GetITStatus         0x0803c08b     0x32  Code  Gb  stm32f4xx_tim.o [1]
TIM_ICInit              0x0803bf79     0x70  Code  Gb  stm32f4xx_tim.o [1]
TIM_ICStructInit        0x0803bfe9     0x16  Code  Gb  stm32f4xx_tim.o [1]
TIM_ITConfig            0x0803c06d     0x16  Code  Gb  stm32f4xx_tim.o [1]
TIM_OC1Init             0x0803bd67     0x7e  Code  Gb  stm32f4xx_tim.o [1]
TIM_OC2Init             0x0803bde5     0x8c  Code  Gb  stm32f4xx_tim.o [1]
TIM_OC2PreloadConfig    0x0803bf53     0x14  Code  Gb  stm32f4xx_tim.o [1]
TIM_OC3Init             0x0803be71     0x8a  Code  Gb  stm32f4xx_tim.o [1]
TIM_OC3PreloadConfig    0x0803bf67     0x12  Code  Gb  stm32f4xx_tim.o [1]
TIM_OCStructInit        0x0803bf31     0x22  Code  Gb  stm32f4xx_tim.o [1]
TIM_SetIC1Prescaler     0x0803bfff     0x12  Code  Gb  stm32f4xx_tim.o [1]
TIM_SetIC2Prescaler     0x0803c011     0x14  Code  Gb  stm32f4xx_tim.o [1]
TIM_SetIC3Prescaler     0x0803c025     0x12  Code  Gb  stm32f4xx_tim.o [1]
TIM_SetIC4Prescaler     0x0803c037     0x14  Code  Gb  stm32f4xx_tim.o [1]
TIM_TimeBaseInit        0x0803bcad     0x6a  Code  Gb  stm32f4xx_tim.o [1]
TIM_TimeBaseStructInit  0x0803bd17     0x18  Code  Gb  stm32f4xx_tim.o [1]
Task_iwdg_refresh       0x0802fce5     0x8a  Code  Gb  apptask.o [1]
TransferEnd             0x2001ef6c      0x4  Data  Gb  bsp_sdio_sd.o [1]
TransferError           0x2001f02a      0x1  Data  Gb  bsp_sdio_sd.o [1]
UART1ToPC               0x0803a6c1     0x30  Code  Gb  bsp_uart_fifo.o [1]
UART2ToPC               0x0803a6f1     0x30  Code  Gb  bsp_uart_fifo.o [1]
UART2_RX_BUF            0x2001eab0     0x64  Data  Gb  bsp_uart_fifo.o [1]
UART3ToPC               0x0803a75d     0x30  Code  Gb  bsp_uart_fifo.o [1]
UART4ToPC               0x0803a78d     0x30  Code  Gb  bsp_uart_fifo.o [1]
UART4_IRQHandler        0x0803a5d3     0x84  Code  Gb  bsp_uart_fifo.o [1]
UART4_RX_BUF            0x2001ea4c     0x64  Data  Gb  bsp_uart_fifo.o [1]
UART5ToPC               0x0803a7bd     0x30  Code  Gb  bsp_uart_fifo.o [1]
UART5_IRQHandler        0x0803a657     0x6a  Code  Gb  bsp_uart_fifo.o [1]
USART1_IRQHandler       0x0803a543     0x1e  Code  Gb  bsp_uart_fifo.o [1]
USART2_IRQHandler       0x0803a561     0x68  Code  Gb  bsp_uart_fifo.o [1]
USART3_IRQHandler       0x0803a5c9      0xa  Code  Gb  bsp_uart_fifo.o [1]
USART_ClearFlag         0x0803d97f      0xc  Code  Gb  stm32f4xx_usart.o [1]
USART_ClearITPendingBit
                        0x0803d9fb     0x26  Code  Gb  stm32f4xx_usart.o [1]
USART_Cmd               0x0803d8c9     0x1c  Code  Gb  stm32f4xx_usart.o [1]
USART_DMACmd            0x0803d8f5     0x16  Code  Gb  stm32f4xx_usart.o [1]
USART_GetFlagStatus     0x0803d961     0x1e  Code  Gb  stm32f4xx_usart.o [1]
USART_GetITStatus       0x0803d98b     0x70  Code  Gb  stm32f4xx_usart.o [1]
USART_ITConfig          0x0803d90b     0x56  Code  Gb  stm32f4xx_usart.o [1]
USART_Init              0x0803d7cd     0xee  Code  Gb  stm32f4xx_usart.o [1]
USART_ReceiveData       0x0803d8ed      0x8  Code  Gb  stm32f4xx_usart.o [1]
USART_SendData          0x0803d8e5      0x8  Code  Gb  stm32f4xx_usart.o [1]
USBH_Alloc_Channel      0x0803c8f5     0x2e  Code  Gb  usbh_hcs.o [1]
USBH_BulkReceiveData    0x0803cf99     0x62  Code  Gb  usbh_ioreq.o [1]
USBH_BulkSendData       0x0803cf37     0x62  Code  Gb  usbh_ioreq.o [1]
USBH_CfgDesc            0x2001e3a0    0x200  Data  Gb  usbh_stdreq.o [1]
USBH_ClrFeature         0x0803cb3f     0x4c  Code  Gb  usbh_stdreq.o [1]
USBH_Connected          0x08035701      0xc  Code  Gb  usbh_core.o [1]
USBH_CtlReceiveData     0x0803cef1     0x46  Code  Gb  usbh_ioreq.o [1]
USBH_CtlReq             0x0803cdcb     0x6e  Code  Gb  usbh_ioreq.o [1]
USBH_CtlSendData        0x0803ce7d     0x74  Code  Gb  usbh_ioreq.o [1]
[...]
gen_numname             0x08036ac1     0xec  Code  Lc  ff.o [1]
get_card_type           0x08031f7b     0xe4  Code  Gb  product_cal.o [1]
get_class_time          0x08031e83     0x7a  Code  Gb  product_cal.o [1]
get_fat                 0x08036287    0x11c  Code  Gb  ff.o [1]
get_fattime             0x0803d2db      0x4  Code  Gb  diskio.o [1]
get_fileinfo            0x08036f3d    0x13c  Code  Lc  ff.o [1]
get_float_1bit          0x08031e61     0x22  Code  Gb  product_cal.o [1]
get_ldnumber            0x08037423     0x50  Code  Lc  ff.o [1]
get_period_state        0x08031efd     0x54  Code  Gb  product_cal.o [1]
get_valid_length        0x08031c31     0x26  Code  Gb  bsp_sdwe050c17.o [1]
get_valid_seg           0x08034ff3     0x4a  Code  Gb  page_weimi.o [1]
get_weimi_para          0x08034f5f     0x4a  Code  Gb  page_weimi.o [1]
hEncoder_Timer_Overflow
                        0x2001f010      0x2  Data  Gb  encoder_tim.o [1]
hPrevious_angle         0x2001f00e      0x2  Data  Gb  encoder_tim.o [1]
hSpeed_Buffer           0x2001ee74     0x10  Data  Gb  encoder_tim.o [1]
hex_to_decimal          0x08031c57     0x26  Code  Gb  bsp_sdwe050c17.o [1]
idwgEventGroup          0x2001ef54      0x4  Data  Gb  apptask.o [1]
inc_card_type           0x08032069    0x11c  Code  Gb  product_cal.o [1]
inc_lock                0x08035f87     0xe8  Code  Lc  ff.o [1]
init_peiliao_para       0x08031d3d     0x50  Code  Gb  product_cal.o [1]
init_product_para       0x08031c7d     0xc0  Code  Gb  product_cal.o [1]
init_weimi_para         0x08034e9f     0xc0  Code  Gb  page_weimi.o [1]
input_password_buf      0x2001eed8      0xc  Data  Gb  protocol.o [1]
input_password_len      0x2001f036      0x1  Data  Gb  protocol.o [1]
isDevicePeriod          0x2001f026      0x1  Data  Gb  apptask.o [1]
isWork                  0x2001f01f      0x1  Data  Gb  apptask.o [1]
is_same_data            0x08031f51     0x2a  Code  Gb  product_cal.o [1]
is_stop                 0x2001f030      0x1  Data  Gb  page_weimi.o [1]
isalpha                 0x080418b3     0x14  Code  Gb  isxxx.o [3]
isspace                 0x080418c7     0x14  Code  Gb  isxxx.o [3]
lcd_busy                0x2001f02b      0x1  Data  Gb  bsp_sdwe050c17.o [1]
lcd_rev_buf             0x2001ec60     0x34  Data  Gb  bsp_sdwe050c17.o [1]
lcd_rev_len             0x2001f00c      0x2  Data  Gb  bsp_sdwe050c17.o [1]
ld_clust                0x080368b1     0x28  Code  Lc  ff.o [1]
localeconv              0x0803dcf7     0x16  Code  Gb  localeconv.o [3]
m_ctrl_dev              0x2001ef04      0x8  Data  Gb  modbus.o [1]
main                    0x08044d65     0x34  Code  Gb  main.o [1]
mallco_dev              0x200001d4     0x1c  Data  Gb  malloc.o [1]
mb_init                 0x080386ed     0x30  Code  Gb  modbus.o [1]
mb_packsend_frame       0x080385fb     0xf2  Code  Gb  modbus.o [1]
mb_unpack_frame         0x080384b9    0x142  Code  Gb  modbus.o [1]
mc_check_crc16          0x0803d455     0x40  Code  Gb  mcheck.o [1]
mc_check_crc8           0x0803d431     0x24  Code  Gb  mcheck.o [1]
mc_check_sum            0x0803d3e9     0x2e  Code  Gb  mcheck.o [1]
mc_check_xor            0x0803d417     0x1a  Code  Gb  mcheck.o [1]
mem1base                0x20011a48   0xa000  Data  Gb  malloc.o [1]
mem1mapbase             0x2001ca48    0xa00  Data  Gb  malloc.o [1]
mem2base                0x68000000  0xf0000  Data  Gb  malloc.o [1]
mem2mapbase             0x680f0000   0xf000  Data  Gb  malloc.o [1]
mem_cmp                 0x08035e93     0x24  Code  Lc  ff.o [1]
mem_cpy                 0x08035e61     0x1c  Code  Lc  ff.o [1]
mem_set                 0x08035e7d     0x16  Code  Lc  ff.o [1]
memblksize              0x08045b80      0x8  Data  Gb  malloc.o [1]
memchr                  0x0803daad           Code  Gb  memchr.o [5]
memsize                 0x08045b88      0x8  Data  Gb  malloc.o [1]
memtblsize              0x08045b78      0x8  Data  Gb  malloc.o [1]
modbus_send_frame       0x0803871d     0xe6  Code  Gb  modbus.o [1]
move_window             0x08036155     0x40  Code  Lc  ff.o [1]
my_mem_free             0x0803342f     0x6c  Code  Gb  malloc.o [1]
my_mem_init             0x080332f3     0x42  Code  Gb  malloc.o [1]
my_mem_malloc           0x08033373     0xbc  Code  Gb  malloc.o [1]
my_mem_perused          0x08033335     0x3e  Code  Gb  malloc.o [1]
myfree                  0x0803349b     0x24  Code  Gb  malloc.o [1]
mymalloc                0x080334bf     0x2a  Code  Gb  malloc.o [1]
mymemset                0x080332dd     0x16  Code  Gb  malloc.o [1]
ndigs                   0x08041b08     0x28  Data  Lc  xstoull.o [3]
obuf                    0x2001ec10     0x50  Data  Lc  xfiles.o [3]
oem2uni                 0x0801560c  0x15484  Data  Lc  cc936.o [1]
old_card_record         0x2001f024      0x1  Data  Gb  apptask.o [1]
old_isWork              0x2001f020      0x1  Data  Gb  apptask.o [1]
old_is_stop             0x20000244      0x1  Data  Gb  page_weimi.o [1]
old_plan_complete       0x2001f034      0x1  Data  Gb  product_cal.o [1]
old_system_state        0x20000242      0x1  Data  Gb  apptask.o [1]
old_usb_disk_flag       0x2001f022      0x1  Data  Gb  apptask.o [1]
para_init               0x08033fcb     0x82  Code  Gb  para.o [1]
pcInterruptPriorityRegisters
                        0x08045c44      0x4  Data  Lc  port.o [1]
peiliao_para            0x2001ec94     0x34  Data  Gb  product_cal.o [1]
pick_lfn                0x080369a7     0x8c  Code  Lc  ff.o [1]
plan_complete           0x2001f033      0x1  Data  Gb  product_cal.o [1]
pluse_count             0x2001f006      0x2  Data  Gb  apptask.o [1]
pows                    0x08042338     0x48  Data  Lc  xdtento.o [4]
printf                  0x080331fd     0x24  Code  Gb  printf.o [3]
product_complete_kilo   0x08031e31     0x30  Code  Gb  product_cal.o [1]
product_complete_meter  0x08031e1f     0x12  Code  Gb  product_cal.o [1]
product_para            0x2001ecf0     0x28  Data  Gb  product_cal.o [1]
product_per_meter       0x08031d8d     0x78  Code  Gb  product_cal.o [1]
prvAddCurrentTaskToDelayedList
                        0x08032c9d     0x48  Code  Lc  tasks.o [1]
prvAllocateTCBAndStack  0x08032ce5     0x5a  Code  Lc  tasks.o [1]
prvCheckForValidListAndQueue
                        0x0803966b     0x52  Code  Lc  timers.o [1]
prvCheckTasksWaitingTermination
                        0x08032c33     0x66  Code  Lc  tasks.o [1]
prvCopyDataFromQueue    0x0803051d     0x30  Code  Lc  queue.o [1]
prvCopyDataToQueue      0x08030499     0x84  Code  Lc  queue.o [1]
prvDeleteTCB            0x08032d3f     0x12  Code  Lc  tasks.o [1]
prvGetNextExpireTime    0x08039457     0x2e  Code  Lc  timers.o [1]
prvHeapInit             0x08039b59     0x6e  Code  Lc  heap_4.o [1]
prvIdleTask             0x08032b4d     0x26  Code  Lc  tasks.o [1]
prvInitialiseTCBVariables
                        0x08032b73     0x6a  Code  Lc  tasks.o [1]
prvInitialiseTaskLists  0x08032bdd     0x56  Code  Lc  tasks.o [1]
prvInsertBlockIntoFreeList
                        0x08039bc7     0x62  Code  Lc  heap_4.o [1]
prvInsertTimerInActiveList
                        0x080394ad     0x50  Code  Lc  timers.o [1]
prvIsQueueEmpty         0x080305b7     0x20  Code  Lc  queue.o [1]
prvIsQueueFull          0x080305d7     0x22  Code  Lc  queue.o [1]
prvProcessExpiredTimer  0x0803936f     0x5c  Code  Lc  timers.o [1]
prvProcessReceivedCommands
                        0x080394fd     0xde  Code  Lc  timers.o [1]
prvProcessTimerOrBlockTask
                        0x080393e7     0x70  Code  Lc  timers.o [1]
prvResetNextTaskUnblockTime
                        0x08032d51     0x26  Code  Lc  tasks.o [1]
prvSampleTimeNow        0x08039485     0x28  Code  Lc  timers.o [1]
prvSwitchTimerLists     0x080395db     0x90  Code  Lc  timers.o [1]
prvTaskExitError        0x08039709     0x2a  Code  Lc  port.o [1]
prvTestWaitCondition    0x08039213     0x24  Code  Lc  event_groups.o [1]
prvTimerTask            0x080393cd     0x1a  Code  Lc  timers.o [1]
prvUnlockQueue          0x0803054d     0x6a  Code  Lc  queue.o [1]
put_fat                 0x080363a3    0x16c  Code  Gb  ff.o [1]
putchar                 0x08045641      0xc  Code  Gb  putchar.o [3]
pvPortMalloc            0x080399c9    0x118  Code  Gb  heap_4.o [1]
pxCurrentTCB            0x2001efa4      0x4  Data  Gb  tasks.o [1]
pxCurrentTimerList      0x2001efe4      0x4  Data  Lc  timers.o [1]
pxDelayedTaskList       0x2001efa8      0x4  Data  Lc  tasks.o [1]
pxEnd                   0x2001ef84      0x4  Data  Lc  heap_4.o [1]
pxOverflowDelayedTaskList
                        0x2001efac      0x4  Data  Lc  tasks.o [1]
pxOverflowTimerList     0x2001efe8      0x4  Data  Lc  timers.o [1]
pxPortInitialiseStack   0x080396e5     0x24  Code  Gb  port.o [1]
pxReadyTasksLists       0x2001e6b8     0xf0  Data  Lc  tasks.o [1]
rc522_cmd_anticoll      0x0803845d     0x5a  Code  Gb  rc522.o [1]
rc522_cmd_request       0x08038409     0x54  Code  Gb  rc522.o [1]
readDisk                0x2001f027      0x1  Data  Gb  apptask.o [1]
readFilenum             0x2001f028      0x1  Data  Gb  apptask.o [1]
readSlave               0x2001eec0      0xc  Data  Gb  apptask.o [1]
read_device_info        0x08033b2d    0x2c2  Code  Gb  para.o [1]
read_file_select        0x2001eef0      0xc  Data  Gb  protocol.o [1]
read_from_disk          0x0803407d    0xc34  Code  Gb  para.o [1]
remove_chain            0x0803650f     0x76  Code  Lc  ff.o [1]
rfid_rev_buf            0x2001edb4     0x14  Data  Gb  rc522.o [1]
rfid_rev_cnt            0x2001f038      0x1  Data  Gb  rc522.o [1]
rfid_rev_flag           0x2001f037      0x1  Data  Gb  rc522.o [1]
rtc_time                0x2001ef0c      0x8  Data  Gb  protocol.o [1]
s_TIM_CallBack1         0x2001ef74      0x4  Data  Lc  bsp_timer.o [1]
s_TIM_CallBack2         0x2001ef78      0x4  Data  Lc  bsp_timer.o [1]
s_TIM_CallBack3         0x2001ef7c      0x4  Data  Lc  bsp_timer.o [1]
s_TIM_CallBack4         0x2001ef80      0x4  Data  Lc  bsp_timer.o [1]
sample_time             0x2001f004      0x2  Data  Gb  apptask.o [1]
sdew_weimi_page1        0x08031529    0x302  Code  Gb  bsp_sdwe050c17.o [1]
sdew_weimi_page2        0x08031839    0x25e  Code  Gb  bsp_sdwe050c17.o [1]
sdew_weisha_page1       0x08031a97     0xba  Code  Gb  bsp_sdwe050c17.o [1]
sdew_weisha_page2       0x08031b59     0xba  Code  Gb  bsp_sdwe050c17.o [1]
servomotor_mode         0x2001f02f      0x1  Data  Gb  page_weimi.o [1]
servomotor_step         0x2001f016      0x2  Data  Gb  page_weimi.o [1]
slave_info              0x2001eeb4      0xc  Data  Gb  apptask.o [1]
speed_zhu               0x2001f014      0x2  Data  Gb  page_weimi.o [1]
sprintf                 0x080382f9     0x34  Code  Gb  sprintf.o [3]
sscanf                  0x0803bb0d     0x24  Code  Gb  sscanf.o [3]
st_clust                0x080368d9     0x18  Code  Lc  ff.o [1]
step_motor_adjust       0x2001f02e      0x1  Data  Gb  page_weimi.o [1]
strcat                  0x0803832d     0x1c  Code  Gb  strcat.o [3]
strchr                  0x0803da95           Code  Gb  strchr.o [5]
strlen                  0x08033af5           Code  Gb  strlen.o [5]
strstr                  0x080388b9     0x10  Code  Gb  para.o [1]
sum_sfn                 0x08036bad     0x20  Code  Lc  ff.o [1]
sync_fs                 0x08036195     0xd8  Code  Lc  ff.o [1]
sync_window             0x080360fb     0x5a  Code  Lc  ff.o [1]
system_state_dis        0x0804451c    0x190  Data  Gb  product_cal.o [1]
tolower                 0x08041e65     0x14  Code  Gb  tolower.o [3]
total_meter_gross       0x2001ef98      0x4  Data  Gb  product_cal.o [1]
total_weight_gross      0x2001ef9c      0x4  Data  Gb  product_cal.o [1]
ucHeap                  0x20000248  0x11800  Data  Lc  heap_4.o [1]
ucMaxSysCallPriority    0x2001f032      0x1  Data  Lc  port.o [1]
ulHighFrequencyTimerTicks
                        0x2001efa0      0x4  Data  Gb  SysInfoTest.o [1]
ulMaxPRIGROUPValue      0x2001ef94      0x4  Data  Lc  port.o [1]
ulTaskSwitchedInTime    0x2001efdc      0x4  Data  Lc  tasks.o [1]
ulTotalRunTime          0x2001efe0      0x4  Data  Lc  tasks.o [1]
uni2oem                 0x08000188  0x15484  Data  Lc  cc936.o [1]
usb_disk_flag           0x2001f021      0x1  Data  Gb  apptask.o [1]
usbh_OpenMassStorage    0x0803555d     0x14  Code  Gb  usbh_usr.o [1]
uxCriticalNesting       0x20000230      0x4  Data  Lc  port.o [1]
uxCurrentNumberOfTasks  0x2001efb4      0x4  Data  Lc  tasks.o [1]
uxListRemove            0x080399a1     0x28  Code  Gb  list.o [1]
uxPendedTicks           0x2001efc4      0x4  Data  Lc  tasks.o [1]
uxSchedulerSuspended    0x2001efd8      0x4  Data  Lc  tasks.o [1]
uxTaskNumber            0x2001efd0      0x4  Data  Lc  tasks.o [1]
uxTaskResetEventItemValue
                        0x08032db1     0x20  Code  Gb  tasks.o [1]
uxTasksDeleted          0x2001efb0      0x4  Data  Lc  tasks.o [1]
uxTopReadyPriority      0x2001efbc      0x4  Data  Lc  tasks.o [1]
vListInitialise         0x08039931     0x1e  Code  Gb  list.o [1]
vListInsert             0x08039967     0x3a  Code  Gb  list.o [1]
vListInsertEnd          0x0803994f     0x18  Code  Gb  list.o [1]
vPortEnableVFP          0x0803d7b1           Code  Gb  portasm.o [1]
vPortEnterCritical      0x080397ff     0x3a  Code  Gb  port.o [1]
vPortExitCritical       0x08039839     0x32  Code  Gb  port.o [1]
vPortFree               0x08039ae1     0x78  Code  Gb  heap_4.o [1]
vPortSetupTimerInterrupt
                        0x08039897      0xe  Code  Wk  port.o [1]
vPortStartFirstTask     0x0803d799           Code  Gb  portasm.o [1]
vPortValidateInterruptPriority
                        0x080398a5     0x4e  Code  Gb  port.o [1]
vQueueWaitForMessageRestricted
                        0x080305f9     0x44  Code  Gb  queue.o [1]
vSetupSysInfoTest       0x08044cb9     0x12  Code  Gb  SysInfoTest.o [1]
vTaskDelay              0x080323a9     0x84  Code  Gb  tasks.o [1]
vTaskFreq               0x0802f575    0x1a0  Code  Lc  apptask.o [1]
vTaskManageCapacity     0x0802e719    0x622  Code  Gb  apptask.o [1]
vTaskMassStorage        0x0802d4d9    0x5a4  Code  Lc  apptask.o [1]
vTaskMissedYield        0x08032b43      0xa  Code  Gb  tasks.o [1]
vTaskMotorControl       0x0802edad    0x79a  Code  Lc  apptask.o [1]
vTaskMsgPro             0x0802deed    0x434  Code  Lc  apptask.o [1]
vTaskPlaceOnEventList   0x080327a9     0x74  Code  Gb  tasks.o [1]
vTaskPlaceOnEventListRestricted
                        0x080328e1     0x80  Code  Gb  tasks.o [1]
vTaskPlaceOnUnorderedEventList
                        0x08032839     0xa8  Code  Gb  tasks.o [1]
vTaskReadDisk           0x0802e455    0x26a  Code  Lc  apptask.o [1]
vTaskRev485             0x0802e345     0xba  Code  Lc  apptask.o [1]
vTaskSetTimeOutState    0x08032a8d     0x26  Code  Gb  tasks.o [1]
vTaskStartScheduler     0x0803242d     0x7e  Code  Gb  tasks.o [1]
vTaskSuspendAll         0x080324ab     0x10  Code  Gb  tasks.o [1]
vTaskSwitchContext      0x080326f9     0xb0  Code  Gb  tasks.o [1]
vTaskTaskLCD            0x0802aa91   0x2a02  Code  Gb  apptask.o [1]
vTaskTaskLED            0x0802dab1     0x20  Code  Lc  apptask.o [1]
vTaskTaskRFID           0x0802dad1    0x3cc  Code  Lc  apptask.o [1]
valid_seg               0x2001f031      0x1  Data  Gb  page_weimi.o [1]
validate                0x08037953     0x36  Code  Lc  ff.o [1]
weimi_para              0x2001e5a0    0x118  Data  Gb  page_weimi.o [1]
work_idle               0x2001f035      0x1  Data  Gb  product_cal.o [1]
work_idle_time          0x2001f018      0x2  Data  Gb  product_cal.o [1]
xActiveTimerList1       0x2001ee2c     0x14  Data  Lc  timers.o [1]
xActiveTimerList2       0x2001ee40     0x14  Data  Lc  timers.o [1]
xBlockAllocatedBit      0x2001ef90      0x4  Data  Lc  heap_4.o [1]
xDelayedTaskList1       0x2001edc8     0x14  Data  Lc  tasks.o [1]
xDelayedTaskList2       0x2001eddc     0x14  Data  Lc  tasks.o [1]
xEventGroupCreate       0x08038fd5     0x1c  Code  Gb  event_groups.o [1]
xEventGroupSetBits      0x0803913d     0xd6  Code  Gb  event_groups.o [1]
xEventGroupWaitBits     0x08038ff1    0x146  Code  Gb  event_groups.o [1]
xFreeBytesRemaining     0x2001ef88      0x4  Data  Lc  heap_4.o [1]
xHandleTaskFreq         0x2001ef38      0x4  Data  Gb  apptask.o [1]
xHandleTaskLCD          0x2001ef14      0x4  Data  Gb  apptask.o [1]
xHandleTaskLED          0x2001ef18      0x4  Data  Gb  apptask.o [1]
xHandleTaskManageCapacity
                        0x2001ef30      0x4  Data  Gb  apptask.o [1]
xHandleTaskMassStorage  0x2001ef20      0x4  Data  Gb  apptask.o [1]
xHandleTaskMotorControl
                        0x2001ef34      0x4  Data  Gb  apptask.o [1]
xHandleTaskMsgPro       0x2001ef28      0x4  Data  Gb  apptask.o [1]
xHandleTaskRFID         0x2001ef1c      0x4  Data  Gb  apptask.o [1]
xHandleTaskReadDisk     0x2001ef24      0x4  Data  Gb  apptask.o [1]
xHandleTaskRev485       0x2001ef2c      0x4  Data  Gb  apptask.o [1]
xHeapStructSize         0x08045c40      0x4  Data  Lc  heap_4.o [1]
xMinimumEverFreeBytesRemaining
                        0x2001ef8c      0x4  Data  Lc  heap_4.o [1]
xNextTaskUnblockTime    0x2001efd4      0x4  Data  Lc  tasks.o [1]
xNumOfOverflows         0x2001efcc      0x4  Data  Lc  tasks.o [1]
xPendingReadyList       0x2001edf0     0x14  Data  Lc  tasks.o [1]
xPortStartScheduler     0x08039733     0xcc  Code  Gb  port.o [1]
xQueueGenericCreate     0x0802ff05     0x7e  Code  Gb  queue.o [1]
xQueueGenericReceive    0x080302f9    0x19c  Code  Gb  queue.o [1]
xQueueGenericReset      0x0802fe75     0x90  Code  Gb  queue.o [1]
xQueueGenericSend       0x0802ff83    0x1b2  Code  Gb  queue.o [1]
xQueueGenericSendFromISR
                        0x08030135     0xec  Code  Gb  queue.o [1]
xQueueGiveFromISR       0x08030221     0xd8  Code  Gb  queue.o [1]
xQueue_message          0x2001ef5c      0x4  Data  Gb  apptask.o [1]
xSchedulerRunning       0x2001efc0      0x4  Data  Lc  tasks.o [1]
xSemaphore_download     0x2001ef4c      0x4  Data  Gb  apptask.o [1]
xSemaphore_encoder      0x2001ef48      0x4  Data  Gb  apptask.o [1]
xSemaphore_lcd          0x2001ef3c      0x4  Data  Gb  apptask.o [1]
xSemaphore_pluse        0x2001ef44      0x4  Data  Gb  apptask.o [1]
xSemaphore_readDisk     0x2001ef50      0x4  Data  Gb  apptask.o [1]
xSemaphore_rs485        0x2001ef40      0x4  Data  Gb  apptask.o [1]
xStart                  0x2001eefc      0x8  Data  Lc  heap_4.o [1]
xSuspendedTaskList      0x2001ee18     0x14  Data  Lc  tasks.o [1]
xTaskCheckForTimeOut    0x08032ab9     0x8a  Code  Gb  tasks.o [1]
xTaskGenericCreate      0x08032225    0x184  Code  Gb  tasks.o [1]
xTaskGetSchedulerState  0x08032d77     0x26  Code  Gb  tasks.o [1]
xTaskGetTickCount       0x080325bb      0xa  Code  Gb  tasks.o [1]
xTaskIncrementTick      0x080325c5    0x134  Code  Gb  tasks.o [1]
xTaskRemoveFromEventList
                        0x08032965     0x8e  Code  Gb  tasks.o [1]
xTaskRemoveFromUnorderedEventList
                        0x080329f9     0x94  Code  Gb  tasks.o [1]
xTaskResumeAll          0x080324bb    0x100  Code  Gb  tasks.o [1]
xTasksWaitingTermination
                        0x2001ee04     0x14  Data  Lc  tasks.o [1]
xTickCount              0x2001efb8      0x4  Data  Lc  tasks.o [1]
xTimerCreate            0x08039289     0x62  Code  Gb  timers.o [1]
xTimerCreateTimerTask   0x08039239     0x50  Code  Gb  timers.o [1]
xTimerGenericCommand    0x080392eb     0x84  Code  Gb  timers.o [1]
xTimerQueue             0x2001efec      0x4  Data  Lc  timers.o [1]
xTimerUser              0x2001ef58      0x4  Data  Gb  apptask.o [1]
xYieldPending           0x2001efc8      0x4  Data  Lc  tasks.o [1]


[1] = E:\WORK\YarnControl_Driver\YarnControl_Driver\src\stm32f4_rtos\Project\EWARMv7\Flash\Obj
[2] = command line
[3] = dl7M_tlf.a
[4] = m7M_tls.a
[5] = rt7M_tl.a
[6] = shb_l.a

  103 862 bytes of readonly  code memory
  182 471 bytes of readonly  data memory
  129 086 bytes of readwrite data memory (+ 1 044 480 absolute)

Errors: none
Warnings: none
