###############################################################################
#
# IAR ELF Linker V7.40.7.9843/W32 for ARM                 11/Jan/2019  15:29:07
# Copyright 2007-2015 IAR Systems AB.
#
#    Output file  =  
#        F:\work\YarnControl_Driver\src\stm32f4_rtos\Project\EWARMv7\Flash\Exe\project.out
#    Map file     =  
#        F:\work\YarnControl_Driver\src\stm32f4_rtos\Project\EWARMv7\Flash\List\project.map
#    Command line =  
#        F:\work\YarnControl_Driver\src\stm32f4_rtos\Project\EWARMv7\Flash\Obj\apptask.o
#        F:\work\YarnControl_Driver\src\stm32f4_rtos\Project\EWARMv7\Flash\Obj\bsp.o
#        F:\work\YarnControl_Driver\src\stm32f4_rtos\Project\EWARMv7\Flash\Obj\bsp_closeSW.o
#        F:\work\YarnControl_Driver\src\stm32f4_rtos\Project\EWARMv7\Flash\Obj\bsp_dwt.o
#        F:\work\YarnControl_Driver\src\stm32f4_rtos\Project\EWARMv7\Flash\Obj\bsp_led.o
#        F:\work\YarnControl_Driver\src\stm32f4_rtos\Project\EWARMv7\Flash\Obj\bsp_relay.o
#        F:\work\YarnControl_Driver\src\stm32f4_rtos\Project\EWARMv7\Flash\Obj\bsp_sdio_sd.o
#        F:\work\YarnControl_Driver\src\stm32f4_rtos\Project\EWARMv7\Flash\Obj\bsp_sdwe050c17.o
#        F:\work\YarnControl_Driver\src\stm32f4_rtos\Project\EWARMv7\Flash\Obj\bsp_servomotor.o
#        F:\work\YarnControl_Driver\src\stm32f4_rtos\Project\EWARMv7\Flash\Obj\bsp_spi.o
#        F:\work\YarnControl_Driver\src\stm32f4_rtos\Project\EWARMv7\Flash\Obj\bsp_stepmotor.o
#        F:\work\YarnControl_Driver\src\stm32f4_rtos\Project\EWARMv7\Flash\Obj\bsp_sw_onoff.o
#        F:\work\YarnControl_Driver\src\stm32f4_rtos\Project\EWARMv7\Flash\Obj\bsp_tim_pwm.o
#        F:\work\YarnControl_Driver\src\stm32f4_rtos\Project\EWARMv7\Flash\Obj\bsp_timer.o
#        F:\work\YarnControl_Driver\src\stm32f4_rtos\Project\EWARMv7\Flash\Obj\bsp_uart_fifo.o
#        F:\work\YarnControl_Driver\src\stm32f4_rtos\Project\EWARMv7\Flash\Obj\bsp_w25qxx.o
#        F:\work\YarnControl_Driver\src\stm32f4_rtos\Project\EWARMv7\Flash\Obj\bsp_watchdog.o
#        F:\work\YarnControl_Driver\src\stm32f4_rtos\Project\EWARMv7\Flash\Obj\cc936.o
#        F:\work\YarnControl_Driver\src\stm32f4_rtos\Project\EWARMv7\Flash\Obj\croutine.o
#        F:\work\YarnControl_Driver\src\stm32f4_rtos\Project\EWARMv7\Flash\Obj\demo_fatfs.o
#        F:\work\YarnControl_Driver\src\stm32f4_rtos\Project\EWARMv7\Flash\Obj\diskio.o
#        F:\work\YarnControl_Driver\src\stm32f4_rtos\Project\EWARMv7\Flash\Obj\event_groups.o
#        F:\work\YarnControl_Driver\src\stm32f4_rtos\Project\EWARMv7\Flash\Obj\ff.o
#        F:\work\YarnControl_Driver\src\stm32f4_rtos\Project\EWARMv7\Flash\Obj\heap_4.o
#        F:\work\YarnControl_Driver\src\stm32f4_rtos\Project\EWARMv7\Flash\Obj\list.o
#        F:\work\YarnControl_Driver\src\stm32f4_rtos\Project\EWARMv7\Flash\Obj\main.o
#        F:\work\YarnControl_Driver\src\stm32f4_rtos\Project\EWARMv7\Flash\Obj\malloc.o
#        F:\work\YarnControl_Driver\src\stm32f4_rtos\Project\EWARMv7\Flash\Obj\mcheck.o
#        F:\work\YarnControl_Driver\src\stm32f4_rtos\Project\EWARMv7\Flash\Obj\misc.o
#        F:\work\YarnControl_Driver\src\stm32f4_rtos\Project\EWARMv7\Flash\Obj\modbus.o
#        F:\work\YarnControl_Driver\src\stm32f4_rtos\Project\EWARMv7\Flash\Obj\para.o
#        F:\work\YarnControl_Driver\src\stm32f4_rtos\Project\EWARMv7\Flash\Obj\port.o
#        F:\work\YarnControl_Driver\src\stm32f4_rtos\Project\EWARMv7\Flash\Obj\portasm.o
#        F:\work\YarnControl_Driver\src\stm32f4_rtos\Project\EWARMv7\Flash\Obj\product_cal.o
#        F:\work\YarnControl_Driver\src\stm32f4_rtos\Project\EWARMv7\Flash\Obj\protocol.o
#        F:\work\YarnControl_Driver\src\stm32f4_rtos\Project\EWARMv7\Flash\Obj\queue.o
#        F:\work\YarnControl_Driver\src\stm32f4_rtos\Project\EWARMv7\Flash\Obj\rc522.o
#        F:\work\YarnControl_Driver\src\stm32f4_rtos\Project\EWARMv7\Flash\Obj\startup_stm32f40_41xxx.o
#        F:\work\YarnControl_Driver\src\stm32f4_rtos\Project\EWARMv7\Flash\Obj\stm32f4xx_adc.o
#        F:\work\YarnControl_Driver\src\stm32f4_rtos\Project\EWARMv7\Flash\Obj\stm32f4xx_assert.o
#        F:\work\YarnControl_Driver\src\stm32f4_rtos\Project\EWARMv7\Flash\Obj\stm32f4xx_can.o
#        F:\work\YarnControl_Driver\src\stm32f4_rtos\Project\EWARMv7\Flash\Obj\stm32f4xx_crc.o
#        F:\work\YarnControl_Driver\src\stm32f4_rtos\Project\EWARMv7\Flash\Obj\stm32f4xx_cryp.o
#        F:\work\YarnControl_Driver\src\stm32f4_rtos\Project\EWARMv7\Flash\Obj\stm32f4xx_cryp_aes.o
#        F:\work\YarnControl_Driver\src\stm32f4_rtos\Project\EWARMv7\Flash\Obj\stm32f4xx_cryp_des.o
#        F:\work\YarnControl_Driver\src\stm32f4_rtos\Project\EWARMv7\Flash\Obj\stm32f4xx_cryp_tdes.o
#        F:\work\YarnControl_Driver\src\stm32f4_rtos\Project\EWARMv7\Flash\Obj\stm32f4xx_dac.o
#        F:\work\YarnControl_Driver\src\stm32f4_rtos\Project\EWARMv7\Flash\Obj\stm32f4xx_dbgmcu.o
#        F:\work\YarnControl_Driver\src\stm32f4_rtos\Project\EWARMv7\Flash\Obj\stm32f4xx_dcmi.o
#        F:\work\YarnControl_Driver\src\stm32f4_rtos\Project\EWARMv7\Flash\Obj\stm32f4xx_dma.o
#        F:\work\YarnControl_Driver\src\stm32f4_rtos\Project\EWARMv7\Flash\Obj\stm32f4xx_dma2d.o
#        F:\work\YarnControl_Driver\src\stm32f4_rtos\Project\EWARMv7\Flash\Obj\stm32f4xx_exti.o
#        F:\work\YarnControl_Driver\src\stm32f4_rtos\Project\EWARMv7\Flash\Obj\stm32f4xx_flash.o
#        F:\work\YarnControl_Driver\src\stm32f4_rtos\Project\EWARMv7\Flash\Obj\stm32f4xx_fsmc.o
#        F:\work\YarnControl_Driver\src\stm32f4_rtos\Project\EWARMv7\Flash\Obj\stm32f4xx_gpio.o
#        F:\work\YarnControl_Driver\src\stm32f4_rtos\Project\EWARMv7\Flash\Obj\stm32f4xx_hash.o
#        F:\work\YarnControl_Driver\src\stm32f4_rtos\Project\EWARMv7\Flash\Obj\stm32f4xx_hash_md5.o
#        F:\work\YarnControl_Driver\src\stm32f4_rtos\Project\EWARMv7\Flash\Obj\stm32f4xx_hash_sha1.o
#        F:\work\YarnControl_Driver\src\stm32f4_rtos\Project\EWARMv7\Flash\Obj\stm32f4xx_i2c.o
#        F:\work\YarnControl_Driver\src\stm32f4_rtos\Project\EWARMv7\Flash\Obj\stm32f4xx_it.o
#        F:\work\YarnControl_Driver\src\stm32f4_rtos\Project\EWARMv7\Flash\Obj\stm32f4xx_iwdg.o
#        F:\work\YarnControl_Driver\src\stm32f4_rtos\Project\EWARMv7\Flash\Obj\stm32f4xx_ltdc.o
#        F:\work\YarnControl_Driver\src\stm32f4_rtos\Project\EWARMv7\Flash\Obj\stm32f4xx_pwr.o
#        F:\work\YarnControl_Driver\src\stm32f4_rtos\Project\EWARMv7\Flash\Obj\stm32f4xx_rcc.o
#        F:\work\YarnControl_Driver\src\stm32f4_rtos\Project\EWARMv7\Flash\Obj\stm32f4xx_rng.o
#        F:\work\YarnControl_Driver\src\stm32f4_rtos\Project\EWARMv7\Flash\Obj\stm32f4xx_rtc.o
#        F:\work\YarnControl_Driver\src\stm32f4_rtos\Project\EWARMv7\Flash\Obj\stm32f4xx_sai.o
#        F:\work\YarnControl_Driver\src\stm32f4_rtos\Project\EWARMv7\Flash\Obj\stm32f4xx_sdio.o
#        F:\work\YarnControl_Driver\src\stm32f4_rtos\Project\EWARMv7\Flash\Obj\stm32f4xx_spi.o
#        F:\work\YarnControl_Driver\src\stm32f4_rtos\Project\EWARMv7\Flash\Obj\stm32f4xx_syscfg.o
#        F:\work\YarnControl_Driver\src\stm32f4_rtos\Project\EWARMv7\Flash\Obj\stm32f4xx_tim.o
#        F:\work\YarnControl_Driver\src\stm32f4_rtos\Project\EWARMv7\Flash\Obj\stm32f4xx_usart.o
#        F:\work\YarnControl_Driver\src\stm32f4_rtos\Project\EWARMv7\Flash\Obj\stm32f4xx_wwdg.o
#        F:\work\YarnControl_Driver\src\stm32f4_rtos\Project\EWARMv7\Flash\Obj\SysInfoTest.o
#        F:\work\YarnControl_Driver\src\stm32f4_rtos\Project\EWARMv7\Flash\Obj\system_stm32f4xx.o
#        F:\work\YarnControl_Driver\src\stm32f4_rtos\Project\EWARMv7\Flash\Obj\tasks.o
#        F:\work\YarnControl_Driver\src\stm32f4_rtos\Project\EWARMv7\Flash\Obj\timers.o
#        F:\work\YarnControl_Driver\src\stm32f4_rtos\Project\EWARMv7\Flash\Obj\usb_bsp.o
#        F:\work\YarnControl_Driver\src\stm32f4_rtos\Project\EWARMv7\Flash\Obj\usb_core.o
#        F:\work\YarnControl_Driver\src\stm32f4_rtos\Project\EWARMv7\Flash\Obj\usb_hcd.o
#        F:\work\YarnControl_Driver\src\stm32f4_rtos\Project\EWARMv7\Flash\Obj\usb_hcd_int.o
#        F:\work\YarnControl_Driver\src\stm32f4_rtos\Project\EWARMv7\Flash\Obj\usbh_core.o
#        F:\work\YarnControl_Driver\src\stm32f4_rtos\Project\EWARMv7\Flash\Obj\usbh_hcs.o
#        F:\work\YarnControl_Driver\src\stm32f4_rtos\Project\EWARMv7\Flash\Obj\usbh_ioreq.o
#        F:\work\YarnControl_Driver\src\stm32f4_rtos\Project\EWARMv7\Flash\Obj\usbh_it.o
#        F:\work\YarnControl_Driver\src\stm32f4_rtos\Project\EWARMv7\Flash\Obj\usbh_msc_bot.o
#        F:\work\YarnControl_Driver\src\stm32f4_rtos\Project\EWARMv7\Flash\Obj\usbh_msc_core.o
#        F:\work\YarnControl_Driver\src\stm32f4_rtos\Project\EWARMv7\Flash\Obj\usbh_msc_scsi.o
#        F:\work\YarnControl_Driver\src\stm32f4_rtos\Project\EWARMv7\Flash\Obj\usbh_stdreq.o
#        F:\work\YarnControl_Driver\src\stm32f4_rtos\Project\EWARMv7\Flash\Obj\usbh_usr.o
#        -o
#        F:\work\YarnControl_Driver\src\stm32f4_rtos\Project\EWARMv7\Flash\Exe\project.out
#        --map
#        F:\work\YarnControl_Driver\src\stm32f4_rtos\Project\EWARMv7\Flash\List\project.map
#        --config
#        F:\work\YarnControl_Driver\src\stm32f4_rtos\Project\EWARMv7\stm32f4xx_flash.icf
#        --semihosting --entry __iar_program_start --inline --vfe
#
###############################################################################

*******************************************************************************
*** RUNTIME MODEL ATTRIBUTES
***

CppFlavor       = *
__SystemLibrary = DLib


*******************************************************************************
*** PLACEMENT SUMMARY
***

"A1":  place at 0x08000000 { ro section .intvec };
"P1":  place in [from 0x08000000 to 0x080fffff] { ro };
"P2":  place in [from 0x20000000 to 0x2001ffff] { rw, block CSTACK, block HEAP };

  Section             Kind        Address     Size  Object
  -------             ----        -------     ----  ------
"A1":                                        0x188
  .intvec             ro code  0x08000000    0x188  startup_stm32f40_41xxx.o [1]
                             - 0x08000188    0x188

"P1":                                      0x3f3f4
  .rodata             const    0x08000188  0x15484  cc936.o [1]
  .rodata             const    0x0801560c  0x15484  cc936.o [1]
  .text               ro code  0x0802aa90   0x34a0  apptask.o [1]
  .text               ro code  0x0802df30    0xc00  tasks.o [1]
  .text               ro code  0x0802eb30    0x7c8  queue.o [1]
  .text               ro code  0x0802f2f8    0xc78  bsp_sdwe050c17.o [1]
  .text               ro code  0x0802ff70    0x4b8  product_cal.o [1]
  .text               ro code  0x08030428     0x66  ABImemset.o [5]
  .text               ro code  0x0803048e      0xa  xsprout.o [3]
  .text               ro code  0x08030498    0x380  bsp_w25qxx.o [1]
  .text               ro code  0x08030818     0x76  ABImemcpy_unaligned.o [5]
  .text               ro code  0x08030890     0x4e  FltToDbl.o [4]
  .text               ro code  0x080308e0     0x24  printf.o [3]
  .text               ro code  0x08030904     0x62  memcmp_unaligned.o [5]
  .text               ro code  0x08030968     0x42  strcmp_unaligned.o [5]
  .text               ro code  0x080309ac    0x21c  malloc.o [1]
  .text               ro code  0x08030bc8    0x2ec  stm32f4xx_tim.o [1]
  .text               ro code  0x08030eb4    0x12c  stm32f4xx_gpio.o [1]
  .text               ro code  0x08030fe0    0x1b6  usbh_usr.o [1]
  .text               ro code  0x08031198    0x760  usbh_core.o [1]
  .text               ro code  0x080318f8   0x2264  ff.o [1]
  .text               ro code  0x08033b5c     0x34  sprintf.o [3]
  .text               ro code  0x08033b90    0x256  DblDiv.o [4]
  .text               ro code  0x08033de6     0x1c  strcat.o [3]
  .text               ro code  0x08033e04     0x36  strlen.o [5]
  .text               ro code  0x08033e3c     0xc0  bsp_led.o [1]
  .text               ro code  0x08033efc     0xae  rc522.o [1]
  .text               ro code  0x08033fac    0x354  modbus.o [1]
  .text               ro code  0x08034300     0x68  bsp_sw_onoff.o [1]
  .text               ro code  0x08034368     0x44  protocol.o [1]
  .text               ro code  0x080343ac     0x10  apptask.o [1]
  .text               ro code  0x080343bc    0x262  event_groups.o [1]
  .text               ro code  0x08034620    0x4a4  timers.o [1]
  .text               ro code  0x08034ac4      0x8  bsp_watchdog.o [1]
  .text               ro code  0x08034acc    0x24c  port.o [1]
  .text               ro code  0x08034d18     0x98  list.o [1]
  .text               ro code  0x08034db0    0x280  heap_4.o [1]
  .text               ro code  0x08035030    0x1c4  stm32f4xx_rcc.o [1]
  .text               ro code  0x080351f4    0xa64  bsp_uart_fifo.o [1]
  .text               ro code  0x08035c58    0x204  bsp_timer.o [1]
  .text               ro code  0x08035e5c    0x124  bsp_spi.o [1]
  .text               ro code  0x08035f80    0xd96  xprintffull_nomb.o [3]
  .text               ro code  0x08036d18    0x14c  usb_bsp.o [1]
  .text               ro code  0x08036e64     0xd6  usb_hcd.o [1]
  .text               ro code  0x08036f3a    0x1ba  usbh_hcs.o [1]
  .text               ro code  0x080370f4    0x436  usbh_stdreq.o [1]
  .text               ro code  0x0803752a    0x246  usbh_ioreq.o [1]
  .text               ro code  0x08037770    0x2e4  diskio.o [1]
  .text               ro code  0x08037a54     0xf4  cc936.o [1]
  .text               ro code  0x08037b48     0xb8  mcheck.o [1]
  .text               ro code  0x08037c00     0x2c  strstr.o [3]
  .text               ro code  0x08037c2c     0x10  stm32f4xx_iwdg.o [1]
  CODE                ro code  0x08037c3c     0xa8  portasm.o [1]
  .text               ro code  0x08037ce4    0x22e  stm32f4xx_usart.o [1]
  .text               ro code  0x08037f14     0x88  misc.o [1]
  .text               ro code  0x08037f9c    0x2b4  stm32f4xx_dma.o [1]
  .text               ro code  0x08038250     0x74  stm32f4xx_spi.o [1]
  .text               ro code  0x080382c4     0x16  strchr.o [5]
  .text               ro code  0x080382dc     0x58  memchr.o [5]
  .text               ro code  0x08038334     0xee  I64DivMod.o [5]
  .text               ro code  0x08038422     0x42  xdnorm.o [4]
  .text               ro code  0x08038464     0x2e  DblCmpLe.o [4]
  .text               ro code  0x08038494     0x2e  DblCmpGe.o [4]
  .text               ro code  0x080384c4    0x114  xdscale.o [4]
  .text               ro code  0x080385d8     0x58  DblToI32.o [4]
  .text               ro code  0x08038630     0x30  I32ToDbl.o [4]
  .text               ro code  0x08038660    0x180  DblSub.o [4]
  .text               ro code  0x080387e0    0x1a2  DblMul.o [4]
  .text               ro code  0x08038984     0x6c  localeconv.o [3]
  .text               ro code  0x080389f0      0xe  div.o [3]
  .text               ro code  0x08038a00     0x74  bsp_dwt.o [1]
  .text               ro code  0x08038a74    0xa50  usb_core.o [1]
  .text               ro code  0x080394c4   0x1a58  bsp_sdio_sd.o [1]
  .text               ro code  0x0803af1c    0x618  usbh_msc_scsi.o [1]
  .text               ro code  0x0803b534    0x554  usbh_msc_bot.o [1]
  .text               ro code  0x0803ba88      0x2  I64DivZer.o [5]
  .text               ro code  0x0803ba8c     0xd4  DblAdd.o [4]
  .text               ro code  0x0803bb60    0x17c  stm32f4xx_sdio.o [1]
  .text               ro code  0x0803bcdc    0xc7e  usb_hcd_int.o [1]
  .text               ro code  0x0803c95c    0x3e8  usbh_msc_core.o [1]
  .rodata             const    0x0803cd44    0x3dc  cc936.o [1]
  .rodata             const    0x0803d120    0x3dc  cc936.o [1]
  .text               ro code  0x0803d4fc    0x2e0  bsp_tim_pwm.o [1]
  .text               ro code  0x0803d7dc    0x284  para.o [1]
  .text               ro code  0x0803da60     0x44  strcpy_unaligned.o [5]
  .text               ro code  0x0803daa4    0x21c  bsp_stepmotor.o [1]
  .rodata             const    0x0803dcc0    0x1f4  apptask.o [1]
  .text               ro code  0x0803deb4    0x154  system_stm32f4xx.o [1]
  .rodata             const    0x0803e008    0x100  mcheck.o [1]
  .rodata             const    0x0803e108    0x100  mcheck.o [1]
  .rodata             const    0x0803e208    0x100  mcheck.o [1]
  .text               ro code  0x0803e308     0xd4  bsp_closeSW.o [1]
  .text               ro code  0x0803e3dc     0x54  stm32f4xx_syscfg.o [1]
  .text               ro code  0x0803e430     0xc0  stm32f4xx_exti.o [1]
  .text               ro code  0x0803e4f0     0xc4  bsp_servomotor.o [1]
  .text               ro code  0x0803e5b4     0x54  bsp.o [1]
  .text               ro code  0x0803e608     0x44  bsp_relay.o [1]
  .text               ro code  0x0803e64c     0x40  zero_init3.o [5]
  .text               ro code  0x0803e68c     0x3c  SysInfoTest.o [1]
  .rodata             const    0x0803e6c8     0x38  demo_fatfs.o [1]
  .text               ro code  0x0803e700     0x38  stm32f4xx_it.o [1]
  .text               ro code  0x0803e738     0x34  main.o [1]
  .rodata             const    0x0803e76c     0x30  apptask.o [1]
  .rodata             const    0x0803e79c     0x30  demo_fatfs.o [1]
  .rodata             const    0x0803e7cc     0x30  demo_fatfs.o [1]
  .rodata             const    0x0803e7fc     0x2c  apptask.o [1]
  .rodata             const    0x0803e828     0x2c  demo_fatfs.o [1]
  .rodata             const    0x0803e854     0x2c  demo_fatfs.o [1]
  .rodata             const    0x0803e880     0x2c  stm32f4xx_it.o [1]
  .text               ro code  0x0803e8ac     0x2c  copy_init3.o [5]
  .rodata             const    0x0803e8d8     0x28  demo_fatfs.o [1]
  .rodata             const    0x0803e900     0x28  demo_fatfs.o [1]
  .rodata             const    0x0803e928     0x28  demo_fatfs.o [1]
  .text               ro code  0x0803e950     0x28  data_init.o [5]
  .rodata             const    0x0803e978     0x24  demo_fatfs.o [1]
  .rodata             const    0x0803e99c     0x24  demo_fatfs.o [1]
  .rodata             const    0x0803e9c0     0x24  usbh_usr.o [1]
  .text               ro code  0x0803e9e4     0x22  fpinit_M.o [4]
  .iar.init_table     const    0x0803ea08     0x2c  - Linker created -
  .rodata             const    0x0803ea34     0x20  apptask.o [1]
  .rodata             const    0x0803ea54     0x20  apptask.o [1]
  .rodata             const    0x0803ea74     0x20  bsp_sdwe050c17.o [1]
  .rodata             const    0x0803ea94     0x20  demo_fatfs.o [1]
  .rodata             const    0x0803eab4     0x20  demo_fatfs.o [1]
  .rodata             const    0x0803ead4     0x20  demo_fatfs.o [1]
  .rodata             const    0x0803eaf4     0x20  usbh_usr.o [1]
  .rodata             const    0x0803eb14     0x20  usbh_usr.o [1]
  .rodata             const    0x0803eb34     0x20  usbh_usr.o [1]
  .rodata             const    0x0803eb54     0x20  usbh_usr.o [1]
  .rodata             const    0x0803eb74     0x20  usbh_usr.o [1]
  .rodata             const    0x0803eb94     0x1c  apptask.o [1]
  .rodata             const    0x0803ebb0     0x1c  apptask.o [1]
  .rodata             const    0x0803ebcc     0x1c  apptask.o [1]
  .rodata             const    0x0803ebe8     0x1c  apptask.o [1]
  .rodata             const    0x0803ec04     0x1c  apptask.o [1]
  .rodata             const    0x0803ec20     0x1c  apptask.o [1]
  .rodata             const    0x0803ec3c     0x1c  demo_fatfs.o [1]
  .rodata             const    0x0803ec58     0x1c  demo_fatfs.o [1]
  .rodata             const    0x0803ec74     0x1c  usbh_usr.o [1]
  .rodata             const    0x0803ec90     0x1c  usbh_usr.o [1]
  .rodata             const    0x0803ecac     0x1c  usbh_usr.o [1]
  .rodata             const    0x0803ecc8     0x1c  usbh_usr.o [1]
  .rodata             const    0x0803ece4     0x1c  usbh_usr.o [1]
  .rodata             const    0x0803ed00     0x1c  usbh_usr.o [1]
  .text               ro code  0x0803ed1c     0x1a  cmain.o [5]
  .text               ro code  0x0803ed36      0x4  exit.o [3]
  .text               ro code  0x0803ed3c      0xa  cexit.o [5]
  .text               ro code  0x0803ed48     0x14  exit.o [6]
  .rodata             const    0x0803ed5c     0x18  apptask.o [1]
  .rodata             const    0x0803ed74     0x18  apptask.o [1]
  .rodata             const    0x0803ed8c     0x18  apptask.o [1]
  .rodata             const    0x0803eda4     0x18  apptask.o [1]
  .rodata             const    0x0803edbc     0x18  apptask.o [1]
  .rodata             const    0x0803edd4     0x18  apptask.o [1]
  .rodata             const    0x0803edec     0x18  apptask.o [1]
  .rodata             const    0x0803ee04     0x18  demo_fatfs.o [1]
  .rodata             const    0x0803ee1c     0x18  demo_fatfs.o [1]
  .rodata             const    0x0803ee34     0x18  demo_fatfs.o [1]
  .rodata             const    0x0803ee4c     0x18  demo_fatfs.o [1]
  .rodata             const    0x0803ee64     0x18  usbh_usr.o [1]
  .rodata             const    0x0803ee7c     0x18  usbh_usr.o [1]
  .rodata             const    0x0803ee94     0x18  usbh_usr.o [1]
  .rodata             const    0x0803eeac     0x18  usbh_usr.o [1]
  .rodata             const    0x0803eec4     0x18  usbh_usr.o [1]
  .text               ro code  0x0803eedc     0x16  xprout.o [3]
  .text               ro code  0x0803eef4      0xc  putchar.o [3]
  .rodata             const    0x0803ef00     0x14  apptask.o [1]
  .rodata             const    0x0803ef14     0x14  apptask.o [1]
  .rodata             const    0x0803ef28     0x14  apptask.o [1]
  .rodata             const    0x0803ef3c     0x14  apptask.o [1]
  .rodata             const    0x0803ef50     0x14  apptask.o [1]
  .rodata             const    0x0803ef64     0x14  usbh_usr.o [1]
  .rodata             const    0x0803ef78     0x14  usbh_usr.o [1]
  .rodata             const    0x0803ef8c     0x10  apptask.o [1]
  .rodata             const    0x0803ef9c     0x10  apptask.o [1]
  .rodata             const    0x0803efac     0x10  apptask.o [1]
  .rodata             const    0x0803efbc     0x10  apptask.o [1]
  .rodata             const    0x0803efcc     0x10  apptask.o [1]
  .rodata             const    0x0803efdc     0x10  apptask.o [1]
  .rodata             const    0x0803efec     0x10  apptask.o [1]
  .rodata             const    0x0803effc     0x10  apptask.o [1]
  .rodata             const    0x0803f00c     0x10  apptask.o [1]
  .rodata             const    0x0803f01c     0x10  ff.o [1]
  .rodata             const    0x0803f02c     0x10  main.o [1]
  .rodata             const    0x0803f03c     0x10  main.o [1]
  .rodata             const    0x0803f04c     0x10  usbh_usr.o [1]
  .rodata             const    0x0803f05c     0x10  usbh_usr.o [1]
  .text               ro code  0x0803f06c     0x10  startup_stm32f40_41xxx.o [1]
  .text               ro code  0x0803f07c     0x10  usbh_it.o [1]
  .rodata             const    0x0803f08c      0xc  apptask.o [1]
  .rodata             const    0x0803f098      0xc  apptask.o [1]
  .rodata             const    0x0803f0a4      0xc  apptask.o [1]
  .rodata             const    0x0803f0b0      0xc  apptask.o [1]
  .rodata             const    0x0803f0bc      0xc  apptask.o [1]
  .rodata             const    0x0803f0c8      0xc  apptask.o [1]
  .rodata             const    0x0803f0d4      0xc  apptask.o [1]
  .rodata             const    0x0803f0e0      0xc  apptask.o [1]
  .rodata             const    0x0803f0ec      0xc  apptask.o [1]
  .rodata             const    0x0803f0f8      0xc  apptask.o [1]
  .rodata             const    0x0803f104      0xc  apptask.o [1]
  .rodata             const    0x0803f110      0xc  apptask.o [1]
  .rodata             const    0x0803f11c      0xc  apptask.o [1]
  .rodata             const    0x0803f128      0xc  apptask.o [1]
  .rodata             const    0x0803f134      0xc  apptask.o [1]
  .rodata             const    0x0803f140      0xc  apptask.o [1]
  .rodata             const    0x0803f14c      0xc  apptask.o [1]
  .rodata             const    0x0803f158      0xc  apptask.o [1]
  .rodata             const    0x0803f164      0xc  apptask.o [1]
  .rodata             const    0x0803f170      0xc  apptask.o [1]
  .rodata             const    0x0803f17c      0xc  apptask.o [1]
  .rodata             const    0x0803f188      0xc  apptask.o [1]
  .rodata             const    0x0803f194      0xc  apptask.o [1]
  .rodata             const    0x0803f1a0      0xc  apptask.o [1]
  .rodata             const    0x0803f1ac      0xc  apptask.o [1]
  .rodata             const    0x0803f1b8      0xc  bsp_sdwe050c17.o [1]
  .rodata             const    0x0803f1c4      0xc  bsp_sdwe050c17.o [1]
  .rodata             const    0x0803f1d0      0xc  bsp_sdwe050c17.o [1]
  .rodata             const    0x0803f1dc      0xc  demo_fatfs.o [1]
  .rodata             const    0x0803f1e8      0xc  ff.o [1]
  .text               ro code  0x0803f1f4      0xc  cstartup_M.o [5]
  .rodata             const    0x0803f200      0x8  apptask.o [1]
  .rodata             const    0x0803f208      0x8  apptask.o [1]
  .rodata             const    0x0803f210      0x8  apptask.o [1]
  .rodata             const    0x0803f218      0x8  apptask.o [1]
  .rodata             const    0x0803f220      0x8  apptask.o [1]
  .rodata             const    0x0803f228      0x8  apptask.o [1]
  .rodata             const    0x0803f230      0x8  apptask.o [1]
  .rodata             const    0x0803f238      0x8  apptask.o [1]
  .rodata             const    0x0803f240      0x8  apptask.o [1]
  .rodata             const    0x0803f248      0x8  apptask.o [1]
  .rodata             const    0x0803f250      0x8  apptask.o [1]
  .rodata             const    0x0803f258      0x8  bsp_w25qxx.o [1]
  .rodata             const    0x0803f260      0x8  ff.o [1]
  .rodata             const    0x0803f268      0x8  malloc.o [1]
  .rodata             const    0x0803f270      0x8  malloc.o [1]
  .rodata             const    0x0803f278      0x8  malloc.o [1]
  .rodata             const    0x0803f280      0x8  para.o [1]
  .rodata             const    0x0803f288      0x8  para.o [1]
  .rodata             const    0x0803f290      0x8  tasks.o [1]
  .rodata             const    0x0803f298      0x8  timers.o [1]
  .rodata             const    0x0803f2a0      0x4  heap_4.o [1]
  .rodata             const    0x0803f2a4      0x4  port.o [1]
  .text               ro code  0x0803f2a8      0x4  startup_stm32f40_41xxx.o [1]
  .text               ro code  0x0803f2ac      0x4  startup_stm32f40_41xxx.o [1]
  .text               ro code  0x0803f2b0      0x4  startup_stm32f40_41xxx.o [1]
  .text               ro code  0x0803f2b4      0x4  startup_stm32f40_41xxx.o [1]
  .text               ro code  0x0803f2b8      0x4  startup_stm32f40_41xxx.o [1]
  .text               ro code  0x0803f2bc      0x4  startup_stm32f40_41xxx.o [1]
  .text               ro code  0x0803f2c0      0x4  startup_stm32f40_41xxx.o [1]
  .text               ro code  0x0803f2c4      0x4  startup_stm32f40_41xxx.o [1]
  .text               ro code  0x0803f2c8      0x4  startup_stm32f40_41xxx.o [1]
  .text               ro code  0x0803f2cc      0x4  startup_stm32f40_41xxx.o [1]
  .text               ro code  0x0803f2d0      0x4  startup_stm32f40_41xxx.o [1]
  .text               ro code  0x0803f2d4      0x4  startup_stm32f40_41xxx.o [1]
  .text               ro code  0x0803f2d8      0x4  startup_stm32f40_41xxx.o [1]
  .text               ro code  0x0803f2dc      0x4  startup_stm32f40_41xxx.o [1]
  .text               ro code  0x0803f2e0      0x4  startup_stm32f40_41xxx.o [1]
  .text               ro code  0x0803f2e4      0x4  startup_stm32f40_41xxx.o [1]
  .text               ro code  0x0803f2e8      0x4  startup_stm32f40_41xxx.o [1]
  .text               ro code  0x0803f2ec      0x4  startup_stm32f40_41xxx.o [1]
  .text               ro code  0x0803f2f0      0x4  startup_stm32f40_41xxx.o [1]
  .text               ro code  0x0803f2f4      0x4  startup_stm32f40_41xxx.o [1]
  .text               ro code  0x0803f2f8      0x4  startup_stm32f40_41xxx.o [1]
  .text               ro code  0x0803f2fc      0x4  startup_stm32f40_41xxx.o [1]
  .text               ro code  0x0803f300      0x4  startup_stm32f40_41xxx.o [1]
  .text               ro code  0x0803f304      0x4  startup_stm32f40_41xxx.o [1]
  .text               ro code  0x0803f308      0x4  startup_stm32f40_41xxx.o [1]
  .text               ro code  0x0803f30c      0x4  startup_stm32f40_41xxx.o [1]
  .text               ro code  0x0803f310      0x4  startup_stm32f40_41xxx.o [1]
  .text               ro code  0x0803f314      0x4  startup_stm32f40_41xxx.o [1]
  .text               ro code  0x0803f318      0x4  startup_stm32f40_41xxx.o [1]
  .text               ro code  0x0803f31c      0x4  startup_stm32f40_41xxx.o [1]
  .text               ro code  0x0803f320      0x4  startup_stm32f40_41xxx.o [1]
  .text               ro code  0x0803f324      0x4  startup_stm32f40_41xxx.o [1]
  .text               ro code  0x0803f328      0x4  startup_stm32f40_41xxx.o [1]
  .text               ro code  0x0803f32c      0x4  startup_stm32f40_41xxx.o [1]
  .text               ro code  0x0803f330      0x4  startup_stm32f40_41xxx.o [1]
  .text               ro code  0x0803f334      0x4  startup_stm32f40_41xxx.o [1]
  .text               ro code  0x0803f338      0x4  startup_stm32f40_41xxx.o [1]
  .text               ro code  0x0803f33c      0x4  startup_stm32f40_41xxx.o [1]
  .text               ro code  0x0803f340      0x4  startup_stm32f40_41xxx.o [1]
  .text               ro code  0x0803f344      0x4  startup_stm32f40_41xxx.o [1]
  .text               ro code  0x0803f348      0x4  startup_stm32f40_41xxx.o [1]
  .text               ro code  0x0803f34c      0x4  startup_stm32f40_41xxx.o [1]
  .text               ro code  0x0803f350      0x4  startup_stm32f40_41xxx.o [1]
  .text               ro code  0x0803f354      0x4  startup_stm32f40_41xxx.o [1]
  .text               ro code  0x0803f358      0x4  startup_stm32f40_41xxx.o [1]
  .text               ro code  0x0803f35c      0x4  startup_stm32f40_41xxx.o [1]
  .text               ro code  0x0803f360      0x4  startup_stm32f40_41xxx.o [1]
  .text               ro code  0x0803f364      0x4  startup_stm32f40_41xxx.o [1]
  .text               ro code  0x0803f368      0x4  startup_stm32f40_41xxx.o [1]
  .text               ro code  0x0803f36c      0x4  startup_stm32f40_41xxx.o [1]
  .text               ro code  0x0803f370      0x4  startup_stm32f40_41xxx.o [1]
  .text               ro code  0x0803f374      0x4  startup_stm32f40_41xxx.o [1]
  .text               ro code  0x0803f378      0x4  startup_stm32f40_41xxx.o [1]
  .text               ro code  0x0803f37c      0x4  startup_stm32f40_41xxx.o [1]
  .text               ro code  0x0803f380      0x4  startup_stm32f40_41xxx.o [1]
  .text               ro code  0x0803f384      0x4  startup_stm32f40_41xxx.o [1]
  .text               ro code  0x0803f388      0x4  startup_stm32f40_41xxx.o [1]
  .text               ro code  0x0803f38c      0x4  startup_stm32f40_41xxx.o [1]
  .text               ro code  0x0803f390      0x4  startup_stm32f40_41xxx.o [1]
  .text               ro code  0x0803f394      0x4  startup_stm32f40_41xxx.o [1]
  .text               ro code  0x0803f398      0x4  startup_stm32f40_41xxx.o [1]
  .text               ro code  0x0803f39c      0x4  startup_stm32f40_41xxx.o [1]
  .text               ro code  0x0803f3a0      0x4  startup_stm32f40_41xxx.o [1]
  .text               ro code  0x0803f3a4      0x4  startup_stm32f40_41xxx.o [1]
  .text               ro code  0x0803f3a8      0x4  startup_stm32f40_41xxx.o [1]
  .text               ro code  0x0803f3ac      0x4  startup_stm32f40_41xxx.o [1]
  .text               ro code  0x0803f3b0      0x4  startup_stm32f40_41xxx.o [1]
  .text               ro code  0x0803f3b4      0x4  startup_stm32f40_41xxx.o [1]
  .text               ro code  0x0803f3b8      0x4  startup_stm32f40_41xxx.o [1]
  .text               ro code  0x0803f3bc      0x4  startup_stm32f40_41xxx.o [1]
  .text               ro code  0x0803f3c0      0x4  startup_stm32f40_41xxx.o [1]
  .rodata             const    0x0803f3c4      0x0  zero_init3.o [5]
  .rodata             const    0x0803f3c4      0x0  copy_init3.o [5]
  Initializer bytes   const    0x0803f3c4    0x1b8  <for P2 s0>
                             - 0x0803f57c  0x3f3f4

"P2":                                      0x1f5f8
  P2 s0                        0x20000000    0x1b8  <Init block>
    __DLIB_PERTHREAD  inited   0x20000000     0x88  localeconv.o [3]
    .data             inited   0x20000088     0x50  demo_fatfs.o [1]
    .data             inited   0x200000d8     0x48  usbh_usr.o [1]
    .data             inited   0x20000120     0x40  xfiles.o [3]
    .data             inited   0x20000160     0x1c  malloc.o [1]
    .data             inited   0x2000017c     0x10  stm32f4xx_rcc.o [1]
    .data             inited   0x2000018c     0x10  usbh_msc_core.o [1]
    .data             inited   0x2000019c      0xc  usbh_core.o [1]
    .data             inited   0x200001a8      0x4  port.o [1]
    .data             inited   0x200001ac      0x4  system_stm32f4xx.o [1]
    .data             inited   0x200001b0      0x4  usbh_core.o [1]
    .data             inited   0x200001b4      0x2  bsp_w25qxx.o [1]
    .data             inited   0x200001b6      0x1  usbh_msc_scsi.o [1]
  .bss                zero     0x200001b8  0x11800  heap_4.o [1]
  .bss                zero     0x200119b8   0xa000  malloc.o [1]
  .bss                zero     0x2001b9b8   0x1000  bsp_w25qxx.o [1]
  .bss                zero     0x2001c9b8    0xa00  malloc.o [1]
  .bss                zero     0x2001d3b8    0x5ac  usbh_usr.o [1]
  .bss                zero     0x2001d964    0x5ac  usbh_usr.o [1]
  .bss                zero     0x2001df10    0x200  ff.o [1]
  .bss                zero     0x2001e110    0x200  usbh_msc_scsi.o [1]
  .bss                zero     0x2001e310    0x200  usbh_stdreq.o [1]
  .bss                zero     0x2001e510     0xc8  tasks.o [1]
  .bss                zero     0x2001e5d8     0xa4  protocol.o [1]
  .bss                zero     0x2001e67c     0x94  usbh_usr.o [1]
  .bss                zero     0x2001e710     0x84  para.o [1]
  .bss                zero     0x2001e794     0x70  protocol.o [1]
  .bss                zero     0x2001e804     0x64  bsp_uart_fifo.o [1]
  .bss                zero     0x2001e868     0x64  bsp_uart_fifo.o [1]
  .bss                zero     0x2001e8cc     0x64  bsp_uart_fifo.o [1]
  .bss                zero     0x2001e930     0x58  bsp_sdio_sd.o [1]
  .bss                zero     0x2001e988     0x50  protocol.o [1]
  .bss                zero     0x2001e9d8     0x50  xfiles.o [3]
  .bss                zero     0x2001ea28     0x4c  usbh_msc_core.o [1]
  .bss                zero     0x2001ea74     0x34  bsp_sdwe050c17.o [1]
  .bss                zero     0x2001eaa8     0x28  bsp_uart_fifo.o [1]
  .bss                zero     0x2001ead0     0x28  product_cal.o [1]
  .bss                zero     0x2001eaf8     0x28  product_cal.o [1]
  .bss                zero     0x2001eb20     0x24  ff.o [1]
  .bss                zero     0x2001eb44     0x20  usbh_msc_bot.o [1]
  .bss                zero     0x2001eb64     0x18  bsp_sdio_sd.o [1]
  .bss                zero     0x2001eb7c     0x18  bsp_sdio_sd.o [1]
  .bss                zero     0x2001eb94     0x14  bsp_sdio_sd.o [1]
  .bss                zero     0x2001eba8     0x14  rc522.o [1]
  .bss                zero     0x2001ebbc     0x14  tasks.o [1]
  .bss                zero     0x2001ebd0     0x14  tasks.o [1]
  .bss                zero     0x2001ebe4     0x14  tasks.o [1]
  .bss                zero     0x2001ebf8     0x14  tasks.o [1]
  .bss                zero     0x2001ec0c     0x14  tasks.o [1]
  .bss                zero     0x2001ec20     0x14  timers.o [1]
  .bss                zero     0x2001ec34     0x14  timers.o [1]
  .bss                zero     0x2001ec48     0x10  bsp_sdio_sd.o [1]
  .bss                zero     0x2001ec58     0x10  bsp_sdio_sd.o [1]
  .bss                zero     0x2001ec68     0x10  usbh_msc_bot.o [1]
  .bss                zero     0x2001ec78     0x10  usbh_msc_bot.o [1]
  .bss                zero     0x2001ec88     0x10  usbh_msc_scsi.o [1]
  .bss                zero     0x2001ec98      0xc  apptask.o [1]
  .bss                zero     0x2001eca4      0xc  apptask.o [1]
  .bss                zero     0x2001ecb0      0xc  ff.o [1]
  .bss                zero     0x2001ecbc      0xc  protocol.o [1]
  .bss                zero     0x2001ecc8      0xc  protocol.o [1]
  .bss                zero     0x2001ecd4      0xc  protocol.o [1]
  .bss                zero     0x2001ece0      0x8  heap_4.o [1]
  .bss                zero     0x2001ece8      0x8  modbus.o [1]
  .bss                zero     0x2001ecf0      0x8  protocol.o [1]
  .bss                zero     0x2001ecf8      0x4  apptask.o [1]
  .bss                zero     0x2001ecfc      0x4  apptask.o [1]
  .bss                zero     0x2001ed00      0x4  apptask.o [1]
  .bss                zero     0x2001ed04      0x4  apptask.o [1]
  .bss                zero     0x2001ed08      0x4  apptask.o [1]
  .bss                zero     0x2001ed0c      0x4  apptask.o [1]
  .bss                zero     0x2001ed10      0x4  apptask.o [1]
  .bss                zero     0x2001ed14      0x4  apptask.o [1]
  .bss                zero     0x2001ed18      0x4  apptask.o [1]
  .bss                zero     0x2001ed1c      0x4  apptask.o [1]
  .bss                zero     0x2001ed20      0x4  apptask.o [1]
  .bss                zero     0x2001ed24      0x4  apptask.o [1]
  .bss                zero     0x2001ed28      0x4  apptask.o [1]
  .bss                zero     0x2001ed2c      0x4  apptask.o [1]
  .bss                zero     0x2001ed30      0x4  apptask.o [1]
  .bss                zero     0x2001ed34      0x4  apptask.o [1]
  .bss                zero     0x2001ed38      0x4  bsp_sdio_sd.o [1]
  .bss                zero     0x2001ed3c      0x4  bsp_sdio_sd.o [1]
  .bss                zero     0x2001ed40      0x4  bsp_sdio_sd.o [1]
  .bss                zero     0x2001ed44      0x4  bsp_sdio_sd.o [1]
  .bss                zero     0x2001ed48      0x4  bsp_sdio_sd.o [1]
  .bss                zero     0x2001ed4c      0x4  bsp_timer.o [1]
  .bss                zero     0x2001ed50      0x4  bsp_timer.o [1]
  .bss                zero     0x2001ed54      0x4  bsp_timer.o [1]
  .bss                zero     0x2001ed58      0x4  bsp_timer.o [1]
  .bss                zero     0x2001ed5c      0x4  heap_4.o [1]
  .bss                zero     0x2001ed60      0x4  heap_4.o [1]
  .bss                zero     0x2001ed64      0x4  heap_4.o [1]
  .bss                zero     0x2001ed68      0x4  heap_4.o [1]
  .bss                zero     0x2001ed6c      0x4  port.o [1]
  .bss                zero     0x2001ed70      0x4  SysInfoTest.o [1]
  .bss                zero     0x2001ed74      0x4  tasks.o [1]
  .bss                zero     0x2001ed78      0x4  tasks.o [1]
  .bss                zero     0x2001ed7c      0x4  tasks.o [1]
  .bss                zero     0x2001ed80      0x4  tasks.o [1]
  .bss                zero     0x2001ed84      0x4  tasks.o [1]
  .bss                zero     0x2001ed88      0x4  tasks.o [1]
  .bss                zero     0x2001ed8c      0x4  tasks.o [1]
  .bss                zero     0x2001ed90      0x4  tasks.o [1]
  .bss                zero     0x2001ed94      0x4  tasks.o [1]
  .bss                zero     0x2001ed98      0x4  tasks.o [1]
  .bss                zero     0x2001ed9c      0x4  tasks.o [1]
  .bss                zero     0x2001eda0      0x4  tasks.o [1]
  .bss                zero     0x2001eda4      0x4  tasks.o [1]
  .bss                zero     0x2001eda8      0x4  tasks.o [1]
  .bss                zero     0x2001edac      0x4  tasks.o [1]
  .bss                zero     0x2001edb0      0x4  tasks.o [1]
  .bss                zero     0x2001edb4      0x4  timers.o [1]
  .bss                zero     0x2001edb8      0x4  timers.o [1]
  .bss                zero     0x2001edbc      0x4  timers.o [1]
  .bss                zero     0x2001edc0      0x4  timers.o [1]
  .bss                zero     0x2001edc4      0x4  usbh_msc_bot.o [1]
  .bss                zero     0x2001edc8      0x4  usbh_msc_bot.o [1]
  .bss                zero     0x2001edcc      0x4  usbh_msc_bot.o [1]
  .bss                zero     0x2001edd0      0x4  usbh_msc_bot.o [1]
  .bss                zero     0x2001edd4      0x2  apptask.o [1]
  .bss                zero     0x2001edd6      0x2  apptask.o [1]
  .bss                zero     0x2001edd8      0x2  apptask.o [1]
  .bss                zero     0x2001edda      0x2  apptask.o [1]
  .bss                zero     0x2001eddc      0x2  bsp_sdwe050c17.o [1]
  .bss                zero     0x2001edde      0x2  ff.o [1]
  .bss                zero     0x2001ede0      0x2  usbh_core.o [1]
  .bss                zero     0x2001ede2      0x2  usbh_stdreq.o [1]
  .bss                zero     0x2001ede4      0x1  apptask.o [1]
  .bss                zero     0x2001ede5      0x1  apptask.o [1]
  .bss                zero     0x2001ede6      0x1  apptask.o [1]
  .bss                zero     0x2001ede7      0x1  apptask.o [1]
  .bss                zero     0x2001ede8      0x1  apptask.o [1]
  .bss                zero     0x2001ede9      0x1  apptask.o [1]
  .bss                zero     0x2001edea      0x1  apptask.o [1]
  .bss                zero     0x2001edeb      0x1  apptask.o [1]
  .bss                zero     0x2001edec      0x1  bsp_sdio_sd.o [1]
  .bss                zero     0x2001eded      0x1  bsp_sdwe050c17.o [1]
  .bss                zero     0x2001edee      0x1  bsp_uart_fifo.o [1]
  .bss                zero     0x2001edef      0x1  port.o [1]
  .bss                zero     0x2001edf0      0x1  protocol.o [1]
  .bss                zero     0x2001edf1      0x1  rc522.o [1]
  .bss                zero     0x2001edf2      0x1  rc522.o [1]
  .bss                zero     0x2001edf3      0x1  usbh_msc_bot.o [1]
  .bss                zero     0x2001edf4      0x1  usbh_msc_core.o [1]
  .bss                zero     0x2001edf5      0x1  usbh_msc_core.o [1]
  .bss                zero     0x2001edf6      0x1  usbh_stdreq.o [1]
  .bss                zero     0x2001edf7      0x1  usbh_usr.o [1]
  CSTACK                       0x2001edf8    0x800  <Block>
    CSTACK            uninit   0x2001edf8    0x800  <Block tail>
                             - 0x2001f5f8  0x1f5f8

Absolute sections:                         0xff000
  .bss                zero     0x68000000  0xf0000  malloc.o [1]
  .bss                zero     0x680f0000   0xf000  malloc.o [1]
                             - 0x680ff000  0xff000


*******************************************************************************
*** INIT TABLE
***

          Address     Size
          -------     ----
Zero (__iar_zero_init3)
    2 destination ranges, total size 0x11dc40:
          0x200001b8  0x1ec40
          0x68000000  0xff000

Copy (__iar_copy_init3)
    1 source range, total size 0x1b8 (100% of destination):
          0x0803f3c4    0x1b8
    1 destination range, total size 0x1b7:
          0x20000000    0x1b7



*******************************************************************************
*** MODULE SUMMARY
***

    Module                    ro code  ro data  rw data    rw data
                                                            (abs)
    ------                    -------  -------  -------    -------
F:\work\YarnControl_Driver\src\stm32f4_rtos\Project\EWARMv7\Flash\Obj: [1]
    SysInfoTest.o                  60                 4
    apptask.o                  13 488    1 624      104
    bsp.o                          84
    bsp_closeSW.o                 212
    bsp_dwt.o                     116
    bsp_led.o                     192
    bsp_relay.o                    68
    bsp_sdio_sd.o               6 744               209
    bsp_sdwe050c17.o            3 192       68       55
    bsp_servomotor.o              196
    bsp_spi.o                     292
    bsp_stepmotor.o               540
    bsp_sw_onoff.o                104
    bsp_tim_pwm.o                 736
    bsp_timer.o                   516                16
    bsp_uart_fifo.o             2 660               341
    bsp_w25qxx.o                  896       10    4 098
    bsp_watchdog.o                  8
    cc936.o                       244  176 320
    demo_fatfs.o                           772       80
    diskio.o                      740
    event_groups.o                610
    ff.o                        8 804       36      562
    heap_4.o                      640        4   71 704
    list.o                        152
    main.o                         52       32
    malloc.o                      540       52   43 548  1 044 480
    mcheck.o                      184      768
    misc.o                        136
    modbus.o                      852                 8
    para.o                        644       16      132
    port.o                        588        8        9
    portasm.o                     168
    product_cal.o               1 208                80
    protocol.o                     68               401
    queue.o                     1 992
    rc522.o                       174                22
    startup_stm32f40_41xxx.o      692
    stm32f4xx_dma.o               692
    stm32f4xx_exti.o              192
    stm32f4xx_gpio.o              300
    stm32f4xx_it.o                 56       44
    stm32f4xx_iwdg.o               16
    stm32f4xx_rcc.o               452       16       16
    stm32f4xx_sdio.o              380
    stm32f4xx_spi.o               116
    stm32f4xx_syscfg.o             84
    stm32f4xx_tim.o               748
    stm32f4xx_usart.o             558
    system_stm32f4xx.o            340        4        4
    tasks.o                     3 072        8      364
    timers.o                    1 188        8       56
    usb_bsp.o                     332
    usb_core.o                  2 640
    usb_hcd.o                     214
    usb_hcd_int.o               3 198
    usbh_core.o                 1 888       16       18
    usbh_hcs.o                    442
    usbh_ioreq.o                  582
    usbh_it.o                      16
    usbh_msc_bot.o              1 364                81
    usbh_msc_core.o             1 000       16       94
    usbh_msc_scsi.o             1 560        1      529
    usbh_stdreq.o               1 078               515
    usbh_usr.o                    438      628    3 125
    --------------------------------------------------------------
    Total:                     71 538  180 451  126 175  1 044 480

command line: [2]
    --------------------------------------------------------------
    Total:

dl7M_tlf.a: [3]
    div.o                          14
    exit.o                          4
    localeconv.o                  108      136      136
    printf.o                       36
    putchar.o                      12
    sprintf.o                      52
    strcat.o                       28
    strstr.o                       44
    xfiles.o                                64      144
    xprintffull_nomb.o          3 478
    xprout.o                       22
    xsprout.o                      10
    --------------------------------------------------------------
    Total:                      3 808      200      280

m7M_tls.a: [4]
    DblAdd.o                      212
    DblCmpGe.o                     46
    DblCmpLe.o                     46
    DblDiv.o                      598
    DblMul.o                      418
    DblSub.o                      384
    DblToI32.o                     88
    FltToDbl.o                     78
    I32ToDbl.o                     48
    fpinit_M.o                     34
    xdnorm.o                       66
    xdscale.o                     276
    --------------------------------------------------------------
    Total:                      2 294

rt7M_tl.a: [5]
    ABImemcpy_unaligned.o         118
    ABImemset.o                   102
    I64DivMod.o                   238
    I64DivZer.o                     2
    cexit.o                        10
    cmain.o                        26
    copy_init3.o                   44
    cstartup_M.o                   12
    data_init.o                    40
    memchr.o                       88
    memcmp_unaligned.o             98
    strchr.o                       22
    strcmp_unaligned.o             66
    strcpy_unaligned.o             68
    strlen.o                       54
    zero_init3.o                   64
    --------------------------------------------------------------
    Total:                      1 052

shb_l.a: [6]
    exit.o                         20
    --------------------------------------------------------------
    Total:                         20

    Gaps                           42        2
    Linker created                          45    2 048
------------------------------------------------------------------
    Grand Total:               78 754  180 698  128 503  1 044 480


*******************************************************************************
*** ENTRY LIST
***

Entry                      Address     Size  Type      Object
-----                      -------     ----  ----      ------
.iar.init_table$$Base   0x0803ea08            --   Gb  - Linker created -
.iar.init_table$$Limit  0x0803ea34            --   Gb  - Linker created -
?main                   0x0803ed1d           Code  Gb  cmain.o [5]
APBAHBPrescTable        0x2000017c     0x10  Data  Lc  stm32f4xx_rcc.o [1]
AppObjCreate            0x0802dadd    0x126  Code  Gb  apptask.o [1]
AppTaskCreate           0x0802d9a9    0x126  Code  Gb  apptask.o [1]
BOTStallErrorCount      0x2001edc4      0x4  Data  Lc  usbh_msc_bot.o [1]
BusFault_Handler        0x0803e733      0x2  Code  Gb  stm32f4xx_it.o [1]
CID_Tab                 0x2001ec58     0x10  Data  Lc  bsp_sdio_sd.o [1]
CRC16HiTable            0x0803e008    0x100  Data  Gb  mcheck.o [1]
CRC16LoTable            0x0803e108    0x100  Data  Gb  mcheck.o [1]
CRC8Table               0x0803e208    0x100  Data  Gb  mcheck.o [1]
CSD_Tab                 0x2001ec48     0x10  Data  Lc  bsp_sdio_sd.o [1]
CSTACK$$Base            0x2001edf8            --   Gb  - Linker created -
CSTACK$$Limit           0x2001f5f8            --   Gb  - Linker created -
CardType                0x2001ed38      0x4  Data  Lc  bsp_sdio_sd.o [1]
CmdError                0x0803a62d     0x38  Code  Lc  bsp_sdio_sd.o [1]
CmdResp1Error           0x0803a6d1    0x112  Code  Lc  bsp_sdio_sd.o [1]
CmdResp2Error           0x0803a821     0x52  Code  Lc  bsp_sdio_sd.o [1]
CmdResp3Error           0x0803a7e3     0x3e  Code  Lc  bsp_sdio_sd.o [1]
CmdResp6Error           0x0803a873     0xa6  Code  Lc  bsp_sdio_sd.o [1]
CmdResp7Error           0x0803a665     0x58  Code  Lc  bsp_sdio_sd.o [1]
ConfigExitNVIC          0x0803e373     0x22  Code  Gb  bsp_closeSW.o [1]
ConfigUartNVIC          0x08035625     0x7c  Code  Lc  bsp_uart_fifo.o [1]
DMA2_Stream3_IRQHandler
                        0x0803af15      0x8  Code  Gb  bsp_sdio_sd.o [1]
DMAEndOfTransfer        0x2001ed48      0x4  Data  Gb  bsp_sdio_sd.o [1]
DMA_ClearFlag           0x0803817f     0x24  Code  Gb  stm32f4xx_dma.o [1]
DMA_Cmd                 0x08038135     0x1a  Code  Gb  stm32f4xx_dma.o [1]
DMA_DeInit              0x08037f9d    0x140  Code  Gb  stm32f4xx_dma.o [1]
DMA_FlowControllerConfig
                        0x0803814f     0x18  Code  Gb  stm32f4xx_dma.o [1]
DMA_GetCmdStatus        0x08038167     0x18  Code  Gb  stm32f4xx_dma.o [1]
DMA_ITConfig            0x080381a3     0x42  Code  Gb  stm32f4xx_dma.o [1]
DMA_Init                0x080380dd     0x58  Code  Gb  stm32f4xx_dma.o [1]
DebugMon_Handler        0x0803e737      0x2  Code  Gb  stm32f4xx_it.o [1]
DiskFile_init           0x08034369     0x40  Code  Gb  protocol.o [1]
Disk_File               0x2001e794     0x70  Data  Gb  protocol.o [1]
EXTI9_5_IRQHandler      0x0803e395     0x3c  Code  Gb  bsp_closeSW.o [1]
EXTI_ClearITPendingBit  0x0803e4d3      0x6  Code  Gb  stm32f4xx_exti.o [1]
EXTI_GetITStatus        0x0803e4b9     0x1a  Code  Gb  stm32f4xx_exti.o [1]
EXTI_Init               0x0803e431     0x88  Code  Gb  stm32f4xx_exti.o [1]
FR_Table                0x20000088     0x50  Data  Gb  demo_fatfs.o [1]
FatFs                   0x2001ecb0      0xc  Data  Lc  ff.o [1]
File_info               0x2001e988     0x50  Data  Gb  protocol.o [1]
Files                   0x2001eb20     0x24  Data  Lc  ff.o [1]
FindSCR                 0x0803aac1    0x206  Code  Lc  bsp_sdio_sd.o [1]
Fsid                    0x2001edde      0x2  Data  Lc  ff.o [1]
GPIO_Init               0x08030eb5     0xaa  Code  Gb  stm32f4xx_gpio.o [1]
GPIO_PinAFConfig        0x08030f87     0x5a  Code  Gb  stm32f4xx_gpio.o [1]
GPIO_ReadInputDataBit   0x08030f5f     0x1a  Code  Gb  stm32f4xx_gpio.o [1]
GPIO_WriteBit           0x08030f79      0xe  Code  Gb  stm32f4xx_gpio.o [1]
GetDeviceState          0x08034335     0x2e  Code  Gb  bsp_sw_onoff.o [1]
HCD_GetCurrentFrame     0x08036ef5      0x8  Code  Gb  usb_hcd.o [1]
HCD_GetCurrentSpeed     0x08036ed7     0x10  Code  Gb  usb_hcd.o [1]
HCD_GetURB_State        0x08036efd      0xa  Code  Gb  usb_hcd.o [1]
HCD_GetXferCnt          0x08036f07      0xc  Code  Gb  usb_hcd.o [1]
HCD_Init                0x08036e65     0x72  Code  Gb  usb_hcd.o [1]
HCD_ResetPort           0x08036ee7      0xe  Code  Gb  usb_hcd.o [1]
HCD_SubmitRequest       0x08036f13     0x28  Code  Gb  usb_hcd.o [1]
HardFault_Handler       0x0803e703     0x22  Code  Gb  stm32f4xx_it.o [1]
IWDG_Feed               0x08034ac5      0x8  Code  Gb  bsp_watchdog.o [1]
IWDG_ReloadCounter      0x08037c2d      0xa  Code  Gb  stm32f4xx_iwdg.o [1]
InitHardUart            0x08035265    0x3c0  Code  Lc  bsp_uart_fifo.o [1]
Init_JINGSHA_GUI        0x0802f337    0x100  Code  Gb  bsp_sdwe050c17.o [1]
LfnBuf                  0x2001df10    0x200  Data  Lc  ff.o [1]
LfnOfs                  0x0803f01c     0x10  Data  Lc  ff.o [1]
LoadInt                 0x0803650d     0x6e  Code  Lc  xprintffull_nomb.o [3]
MSCErrorCount           0x2001edf4      0x1  Data  Gb  usbh_msc_core.o [1]
MSC_Machine             0x2001ea28     0x4c  Data  Gb  usbh_msc_core.o [1]
MSG_DEV_ATTACHED        0x0803eeac     0x18  Data  Gb  usbh_usr.o [1]
MSG_DEV_DISCONNECTED    0x0803eec4     0x18  Data  Gb  usbh_usr.o [1]
MSG_DEV_ENUMERATED      0x0803ecc8     0x1c  Data  Gb  usbh_usr.o [1]
MSG_DEV_ERROR           0x0803ef78     0x14  Data  Gb  usbh_usr.o [1]
MSG_DEV_FULLSPEED       0x0803eb54     0x20  Data  Gb  usbh_usr.o [1]
MSG_DEV_HIGHSPEED       0x0803eb34     0x20  Data  Gb  usbh_usr.o [1]
MSG_DEV_LOWSPEED        0x0803eb74     0x20  Data  Gb  usbh_usr.o [1]
MSG_HID_CLASS           0x0803ece4     0x1c  Data  Gb  usbh_usr.o [1]
MSG_MSC_CLASS           0x0803e9c0     0x24  Data  Gb  usbh_usr.o [1]
MSG_UNREC_ERROR         0x0803ed00     0x1c  Data  Gb  usbh_usr.o [1]
MemManage_Handler       0x0803e731      0x2  Code  Gb  stm32f4xx_it.o [1]
NMI_Handler             0x0803e701      0x2  Code  Gb  stm32f4xx_it.o [1]
NVIC_Init               0x08037f1f     0x6a  Code  Gb  misc.o [1]
NVIC_PriorityGroupConfig
                        0x08037f15      0xa  Code  Gb  misc.o [1]
OTG_FS_IRQHandler       0x0803f07d     0x10  Code  Gb  usbh_it.o [1]
PendSV_Handler          0x08037c3d           Code  Gb  portasm.o [1]
RCA                     0x2001ed3c      0x4  Data  Lc  bsp_sdio_sd.o [1]
RCC_AHB1PeriphClockCmd  0x08035133     0x22  Code  Gb  stm32f4xx_rcc.o [1]
RCC_AHB2PeriphClockCmd  0x08035155     0x1e  Code  Gb  stm32f4xx_rcc.o [1]
RCC_APB1PeriphClockCmd  0x08035173     0x1e  Code  Gb  stm32f4xx_rcc.o [1]
RCC_APB2PeriphClockCmd  0x08035191     0x1e  Code  Gb  stm32f4xx_rcc.o [1]
RCC_APB2PeriphResetCmd  0x080351af     0x1e  Code  Gb  stm32f4xx_rcc.o [1]
RCC_GetClocksFreq       0x08035031    0x102  Code  Gb  stm32f4xx_rcc.o [1]
RS485_InitTXE           0x08035231     0x34  Code  Gb  bsp_uart_fifo.o [1]
RS485_sendbuf           0x08035ae1     0x3c  Code  Gb  bsp_uart_fifo.o [1]
Region$$Table$$Base     0x0803ea08            --   Gb  - Linker created -
Region$$Table$$Limit    0x0803ea34            --   Gb  - Linker created -
SDCardInfo              0x2001e930     0x58  Data  Gb  bsp_sdio_sd.o [1]
SDEnWideBus             0x0803a925    0x198  Code  Lc  bsp_sdio_sd.o [1]
SDIO_ClearFlag          0x0803bc75      0x6  Code  Gb  stm32f4xx_sdio.o [1]
SDIO_ClearITPendingBit  0x0803bc95      0x6  Code  Gb  stm32f4xx_sdio.o [1]
SDIO_ClockCmd           0x0803bba3      0x8  Code  Gb  stm32f4xx_sdio.o [1]
SDIO_CmdInitStructure   0x2001eb94     0x14  Data  Gb  bsp_sdio_sd.o [1]
SDIO_DMACmd             0x0803bc35      0x8  Code  Gb  stm32f4xx_sdio.o [1]
SDIO_DataConfig         0x0803bc01     0x2e  Code  Gb  stm32f4xx_sdio.o [1]
SDIO_DataInitStructure  0x2001eb7c     0x18  Data  Gb  bsp_sdio_sd.o [1]
SDIO_DeInit             0x0803bb61     0x18  Code  Gb  stm32f4xx_sdio.o [1]
SDIO_GetCommandResponse
                        0x0803bbe3      0x8  Code  Gb  stm32f4xx_sdio.o [1]
SDIO_GetFlagStatus      0x0803bc5b     0x1a  Code  Gb  stm32f4xx_sdio.o [1]
SDIO_GetITStatus        0x0803bc7b     0x1a  Code  Gb  stm32f4xx_sdio.o [1]
SDIO_GetPowerState      0x0803bbb1      0xa  Code  Gb  stm32f4xx_sdio.o [1]
SDIO_GetResponse        0x0803bbeb     0x16  Code  Gb  stm32f4xx_sdio.o [1]
SDIO_IRQHandler         0x0803af0d      0x8  Code  Gb  bsp_sdio_sd.o [1]
SDIO_ITConfig           0x0803bc3d     0x1e  Code  Gb  stm32f4xx_sdio.o [1]
SDIO_Init               0x0803bb79     0x2a  Code  Gb  stm32f4xx_sdio.o [1]
SDIO_InitStructure      0x2001eb64     0x18  Data  Gb  bsp_sdio_sd.o [1]
SDIO_Interrupts_Config  0x0803aed1     0x3c  Code  Gb  bsp_sdio_sd.o [1]
SDIO_ReadData           0x0803bc2f      0x6  Code  Gb  stm32f4xx_sdio.o [1]
SDIO_SendCommand        0x0803bbbb     0x28  Code  Gb  stm32f4xx_sdio.o [1]
SDIO_SetPowerState      0x0803bbab      0x6  Code  Gb  stm32f4xx_sdio.o [1]
SDWE_WARNNING           0x0802f5a7     0x2a  Code  Gb  bsp_sdwe050c17.o [1]
SD_Detect               0x080395c9     0x22  Code  Gb  bsp_sdio_sd.o [1]
SD_EnableWideBusOperation
                        0x08039dc5     0xc8  Code  Gb  bsp_sdio_sd.o [1]
SD_GetCardInfo          0x080399d9    0x3ec  Code  Gb  bsp_sdio_sd.o [1]
SD_GetState             0x0803959f     0x2a  Code  Gb  bsp_sdio_sd.o [1]
SD_GetStatus            0x0803957d     0x22  Code  Gb  bsp_sdio_sd.o [1]
SD_Init                 0x080394c5     0xb8  Code  Gb  bsp_sdio_sd.o [1]
SD_InitializeCards      0x08039837    0x1a2  Code  Gb  bsp_sdio_sd.o [1]
SD_LowLevel_DMA_RxConfig
                        0x0803ae1b     0x8e  Code  Gb  bsp_sdio_sd.o [1]
SD_LowLevel_DMA_TxConfig
                        0x0803ad8d     0x8e  Code  Gb  bsp_sdio_sd.o [1]
SD_LowLevel_Init        0x0803acc9     0xbc  Code  Gb  bsp_sdio_sd.o [1]
SD_PowerON              0x080395eb    0x24c  Code  Gb  bsp_sdio_sd.o [1]
SD_ProcessDMAIRQ        0x0803a609     0x22  Code  Gb  bsp_sdio_sd.o [1]
SD_ProcessIRQSrc        0x0803a55b     0xae  Code  Gb  bsp_sdio_sd.o [1]
SD_ReadBlock            0x08039ec5    0x108  Code  Gb  bsp_sdio_sd.o [1]
SD_ReadMultiBlocks      0x08039fcd    0x134  Code  Gb  bsp_sdio_sd.o [1]
SD_SelectDeselect       0x08039e8d     0x38  Code  Gb  bsp_sdio_sd.o [1]
SD_SendStatus           0x0803a4ed     0x6e  Code  Gb  bsp_sdio_sd.o [1]
SD_StopTransfer         0x0803a4a5     0x44  Code  Gb  bsp_sdio_sd.o [1]
SD_WaitReadOperation    0x0803a105     0x96  Code  Gb  bsp_sdio_sd.o [1]
SD_WriteBlock           0x0803a1a5    0x11e  Code  Gb  bsp_sdio_sd.o [1]
SD_WriteMultiBlocks     0x0803a2d1    0x1cc  Code  Gb  bsp_sdio_sd.o [1]
SPI1_Init               0x08035e5d     0xc0  Code  Gb  bsp_spi.o [1]
SPI1_ReadWriteByte      0x08035f45     0x32  Code  Gb  bsp_spi.o [1]
SPI1_SetSpeed           0x08035f1d     0x28  Code  Gb  bsp_spi.o [1]
SPI_Cmd                 0x08038291     0x1c  Code  Gb  stm32f4xx_spi.o [1]
SPI_I2S_GetFlagStatus   0x080382ad     0x18  Code  Gb  stm32f4xx_spi.o [1]
SPI_Init                0x08038251     0x40  Code  Gb  stm32f4xx_spi.o [1]
SVC_Handler             0x08037c95           Code  Gb  portasm.o [1]
SYSCFG_EXTILineConfig   0x0803e3dd     0x50  Code  Gb  stm32f4xx_syscfg.o [1]
Sdwe_ClearReadDisk      0x0802f67d     0x1c  Code  Gb  bsp_sdwe050c17.o [1]
Sdwe_change_class_time  0x0802fad3     0x30  Code  Gb  bsp_sdwe050c17.o [1]
Sdwe_clearString        0x0802f5d1     0x54  Code  Gb  bsp_sdwe050c17.o [1]
Sdwe_clear_filename     0x0802f6c9     0x2a  Code  Gb  bsp_sdwe050c17.o [1]
Sdwe_disDigi            0x0802f481     0xa4  Code  Gb  bsp_sdwe050c17.o [1]
Sdwe_disPicture         0x0802f437     0x4a  Code  Gb  bsp_sdwe050c17.o [1]
Sdwe_disString          0x0802f525     0x82  Code  Gb  bsp_sdwe050c17.o [1]
Sdwe_hidden_page        0x0802fb5f     0x30  Code  Gb  bsp_sdwe050c17.o [1]
Sdwe_peiliao_page       0x0802f9e5     0xee  Code  Gb  bsp_sdwe050c17.o [1]
Sdwe_period_page        0x0802fb03     0x5c  Code  Gb  bsp_sdwe050c17.o [1]
Sdwe_product_page       0x0802f871    0x174  Code  Gb  bsp_sdwe050c17.o [1]
Sdwe_readRTC            0x0802f699     0x30  Code  Gb  bsp_sdwe050c17.o [1]
Sdwe_refresh_allname    0x0802f829     0x48  Code  Gb  bsp_sdwe050c17.o [1]
Sdwe_refresh_filename   0x0802f6f3    0x136  Code  Gb  bsp_sdwe050c17.o [1]
Sdwe_stop_page          0x0802fb8f    0x366  Code  Gb  bsp_sdwe050c17.o [1]
Sdwe_writeIcon          0x0802f625     0x58  Code  Gb  bsp_sdwe050c17.o [1]
SetSysClock             0x0803df07     0xce  Code  Lc  system_stm32f4xx.o [1]
SlavePara               0x2001e5d8     0xa4  Data  Gb  protocol.o [1]
StopCondition           0x2001ed40      0x4  Data  Gb  bsp_sdio_sd.o [1]
SysTick_Handler         0x08034c53     0x2c  Code  Gb  port.o [1]
SystemCoreClock         0x200001ac      0x4  Data  Gb  system_stm32f4xx.o [1]
SystemInit              0x0803deb5     0x52  Code  Gb  system_stm32f4xx.o [1]
TIM1_PWM_SETPMOTOR      0x0803dc0d     0x9e  Code  Gb  bsp_stepmotor.o [1]
TIM2_IRQHandler         0x08035d99     0xac  Code  Gb  bsp_timer.o [1]
TIM3_PWM_SETPMOTOR      0x0803dba5     0x68  Code  Gb  bsp_stepmotor.o [1]
TIM6_DAC_IRQHandler     0x0803e69f     0x22  Code  Gb  SysInfoTest.o [1]
TIM_ARRPreloadConfig    0x08030c33     0x1c  Code  Gb  stm32f4xx_tim.o [1]
TIM_CallBack1           0x0802dc09     0x34  Code  Gb  apptask.o [1]
TIM_ClearITPendingBit   0x08030ead      0x8  Code  Gb  stm32f4xx_tim.o [1]
TIM_Cmd                 0x08030c4f     0x1c  Code  Gb  stm32f4xx_tim.o [1]
TIM_CtrlPWMOutputs      0x08030e43     0x22  Code  Gb  stm32f4xx_tim.o [1]
TIM_GetITStatus         0x08030e7b     0x32  Code  Gb  stm32f4xx_tim.o [1]
TIM_ITConfig            0x08030e65     0x16  Code  Gb  stm32f4xx_tim.o [1]
TIM_OC2Init             0x08030c6b     0x8c  Code  Gb  stm32f4xx_tim.o [1]
TIM_OC2PreloadConfig    0x08030e09     0x14  Code  Gb  stm32f4xx_tim.o [1]
TIM_OC3Init             0x08030cf7     0x8a  Code  Gb  stm32f4xx_tim.o [1]
TIM_OC3PreloadConfig    0x08030e1d     0x12  Code  Gb  stm32f4xx_tim.o [1]
TIM_OC4Init             0x08030d81     0x68  Code  Gb  stm32f4xx_tim.o [1]
TIM_OC4PreloadConfig    0x08030e2f     0x14  Code  Gb  stm32f4xx_tim.o [1]
TIM_TimeBaseInit        0x08030bc9     0x6a  Code  Gb  stm32f4xx_tim.o [1]
Task_iwdg_refresh       0x0802ddc9     0x56  Code  Gb  apptask.o [1]
TransferEnd             0x2001ed44      0x4  Data  Gb  bsp_sdio_sd.o [1]
TransferError           0x2001edec      0x1  Data  Gb  bsp_sdio_sd.o [1]
UART1ToPC               0x08035a81     0x30  Code  Gb  bsp_uart_fifo.o [1]
UART2ToPC               0x08035ab1     0x30  Code  Gb  bsp_uart_fifo.o [1]
UART2_RX_BUF            0x2001e8cc     0x64  Data  Gb  bsp_uart_fifo.o [1]
UART3ToPC               0x08035b1d     0x30  Code  Gb  bsp_uart_fifo.o [1]
UART4ToPC               0x08035b4d     0x30  Code  Gb  bsp_uart_fifo.o [1]
UART4_IRQHandler        0x0803598f     0x84  Code  Gb  bsp_uart_fifo.o [1]
UART4_RX_BUF            0x2001e868     0x64  Data  Gb  bsp_uart_fifo.o [1]
UART5ToPC               0x08035b7f     0x30  Code  Gb  bsp_uart_fifo.o [1]
UART5_IRQHandler        0x08035a13     0x6e  Code  Gb  bsp_uart_fifo.o [1]
UART5_RX_BUF            0x2001e804     0x64  Data  Gb  bsp_uart_fifo.o [1]
USART1_IRQHandler       0x080358ff     0x1e  Code  Gb  bsp_uart_fifo.o [1]
USART2_IRQHandler       0x0803591d     0x68  Code  Gb  bsp_uart_fifo.o [1]
USART3_IRQHandler       0x08035985      0xa  Code  Gb  bsp_uart_fifo.o [1]
USART_ClearFlag         0x08037e97      0xc  Code  Gb  stm32f4xx_usart.o [1]
USART_Cmd               0x08037de1     0x1c  Code  Gb  stm32f4xx_usart.o [1]
USART_DMACmd            0x08037e0d     0x16  Code  Gb  stm32f4xx_usart.o [1]
USART_GetFlagStatus     0x08037e79     0x1e  Code  Gb  stm32f4xx_usart.o [1]
USART_GetITStatus       0x08037ea3     0x70  Code  Gb  stm32f4xx_usart.o [1]
USART_ITConfig          0x08037e23     0x56  Code  Gb  stm32f4xx_usart.o [1]
USART_Init              0x08037ce5     0xee  Code  Gb  stm32f4xx_usart.o [1]
USART_ReceiveData       0x08037e05      0x8  Code  Gb  stm32f4xx_usart.o [1]
USART_SendData          0x08037dfd      0x8  Code  Gb  stm32f4xx_usart.o [1]
USBH_Alloc_Channel      0x08037055     0x2e  Code  Gb  usbh_hcs.o [1]
USBH_BulkReceiveData    0x080376f9     0x62  Code  Gb  usbh_ioreq.o [1]
USBH_BulkSendData       0x08037697     0x62  Code  Gb  usbh_ioreq.o [1]
USBH_CfgDesc            0x2001e310    0x200  Data  Gb  usbh_stdreq.o [1]
USBH_ClrFeature         0x0803729f     0x4c  Code  Gb  usbh_stdreq.o [1]
USBH_Connected          0x08031199      0xc  Code  Gb  usbh_core.o [1]
USBH_CtlReceiveData     0x08037651     0x46  Code  Gb  usbh_ioreq.o [1]
USBH_CtlReq             0x0803752b     0x6e  Code  Gb  usbh_ioreq.o [1]
USBH_CtlSendData        0x080375dd     0x74  Code  Gb  usbh_ioreq.o [1]
USBH_CtlSendSetup       0x08037599     0x44  Code  Gb  usbh_ioreq.o [1]
USBH_DataInBuffer       0x2001e110    0x200  Data  Gb  usbh_msc_scsi.o [1]
USBH_DeAllocate_AllChannel
                        0x080370a7     0x20  Code  Gb  usbh_hcs.o [1]
USBH_DeInit             0x080311ff     0x3e  Code  Gb  usbh_core.o [1]
USBH_Disconnected       0x080311a5      0xc  Code  Gb  usbh_core.o [1]
USBH_ErrorHandle        0x0803140f     0x34  Code  Gb  usbh_core.o [1]
USBH_Free_Channel       0x08037083     0x24  Code  Gb  usbh_hcs.o [1]
USBH_GetDescriptor      0x080371ff     0x4e  Code  Gb  usbh_stdreq.o [1]
USBH_GetFreeChannel     0x080370c7     0x2e  Code  Lc  usbh_hcs.o [1]
USBH_GetNextDesc        0x08037513     0x18  Code  Gb  usbh_stdreq.o [1]
USBH_Get_CfgDesc        0x0803713b     0x78  Code  Gb  usbh_stdreq.o [1]
USBH_Get_DevDesc        0x080370f5     0x46  Code  Gb  usbh_stdreq.o [1]
USBH_Get_StringDesc     0x080371b3     0x4c  Code  Gb  usbh_stdreq.o [1]
USBH_HCD_INT_cb         0x2000019c      0xc  Data  Gb  usbh_core.o [1]
USBH_HCD_INT_fops       0x200001b0      0x4  Data  Gb  usbh_core.o [1]
USBH_HandleControl      0x08031657    0x29a  Code  Gb  usbh_core.o [1]
USBH_HandleEnum         0x08031443    0x214  Code  Lc  usbh_core.o [1]
USBH_Init               0x080311b7     0x48  Code  Gb  usbh_core.o [1]
USBH_MSC_BOTReset       0x0803cca1     0x28  Code  Lc  usbh_msc_core.o [1]
USBH_MSC_BOTXferParam   0x2001ec78     0x10  Data  Gb  usbh_msc_bot.o [1]
USBH_MSC_BOT_Abort      0x0803b97d     0x5c  Code  Gb  usbh_msc_bot.o [1]
USBH_MSC_CBWData        0x2001eb44     0x20  Data  Gb  usbh_msc_bot.o [1]
USBH_MSC_CSWData        0x2001ec68     0x10  Data  Gb  usbh_msc_bot.o [1]
USBH_MSC_ClassRequest   0x0803ca8f     0x12  Code  Lc  usbh_msc_core.o [1]
USBH_MSC_DecodeCSW      0x0803b9d9     0x7a  Code  Gb  usbh_msc_bot.o [1]
USBH_MSC_ErrorHandle    0x0803ccf1     0x3e  Code  Gb  usbh_msc_core.o [1]
USBH_MSC_GETMaxLUN      0x0803ccc9     0x28  Code  Lc  usbh_msc_core.o [1]
USBH_MSC_Handle         0x0803caa1    0x200  Code  Lc  usbh_msc_core.o [1]
USBH_MSC_HandleBOTXfer  0x0803b579    0x404  Code  Gb  usbh_msc_bot.o [1]
USBH_MSC_Init           0x0803b535     0x44  Code  Gb  usbh_msc_bot.o [1]
USBH_MSC_InterfaceDeInit
                        0x0803ca43     0x4c  Code  Lc  usbh_msc_core.o [1]
USBH_MSC_InterfaceInit  0x0803c95d     0xe6  Code  Lc  usbh_msc_core.o [1]
USBH_MSC_ModeSense6     0x0803b12f    0x10c  Code  Gb  usbh_msc_scsi.o [1]
USBH_MSC_Param          0x2001ec88     0x10  Data  Gb  usbh_msc_scsi.o [1]
USBH_MSC_Read10         0x0803b415    0x106  Code  Gb  usbh_msc_scsi.o [1]
USBH_MSC_ReadCapacity10
                        0x0803b005    0x12a  Code  Gb  usbh_msc_scsi.o [1]
USBH_MSC_RequestSense   0x0803b23b     0xee  Code  Gb  usbh_msc_scsi.o [1]
USBH_MSC_TestUnitReady  0x0803af1d     0xe8  Code  Gb  usbh_msc_scsi.o [1]
USBH_MSC_Write10        0x0803b329     0xec  Code  Gb  usbh_msc_scsi.o [1]
USBH_MSC_cb             0x2000018c     0x10  Data  Gb  usbh_msc_core.o [1]
USBH_Modify_Channel     0x08036fe1     0x74  Code  Gb  usbh_hcs.o [1]
USBH_OTG_ISR_Handler    0x0803bcdd     0xb8  Code  Gb  usb_hcd_int.o [1]
USBH_Open_Channel       0x08036f3b     0xa6  Code  Gb  usbh_hcs.o [1]
USBH_ParseCfgDesc       0x08037347    0x13c  Code  Lc  usbh_stdreq.o [1]
USBH_ParseDevDesc       0x080372eb     0x5c  Code  Lc  usbh_stdreq.o [1]
USBH_ParseEPDesc        0x080374b7     0x20  Code  Lc  usbh_stdreq.o [1]
USBH_ParseInterfaceDesc
                        0x08037491     0x26  Code  Lc  usbh_stdreq.o [1]
USBH_ParseStringDesc    0x080374d7     0x3c  Code  Lc  usbh_stdreq.o [1]
USBH_Process            0x0803123d    0x1d2  Code  Gb  usbh_core.o [1]
USBH_SOF                0x080311b1      0x6  Code  Gb  usbh_core.o [1]
USBH_SetAddress         0x0803724d     0x2a  Code  Gb  usbh_stdreq.o [1]
USBH_SetCfg             0x08037277     0x28  Code  Gb  usbh_stdreq.o [1]
USBH_SubmitSetupRequest
                        0x0803775b     0x16  Code  Lc  usbh_ioreq.o [1]
USBH_USR_Configuration_DescAvailable
                        0x080310a1     0x26  Code  Gb  usbh_usr.o [1]
USBH_USR_DeInit         0x08031195      0x2  Code  Gb  usbh_usr.o [1]
USBH_USR_DeviceAddressAssigned
                        0x0803109f      0x2  Code  Gb  usbh_usr.o [1]
USBH_USR_DeviceAttached
                        0x08031019      0xa  Code  Gb  usbh_usr.o [1]
USBH_USR_DeviceDisconnected
                        0x0803102d     0x1a  Code  Gb  usbh_usr.o [1]
USBH_USR_DeviceNotSupported
                        0x0803110b      0xa  Code  Gb  usbh_usr.o [1]
USBH_USR_DeviceSpeedDetected
                        0x08031051     0x36  Code  Gb  usbh_usr.o [1]
USBH_USR_Device_DescAvailable
                        0x08031087     0x18  Code  Gb  usbh_usr.o [1]
USBH_USR_EnumerationDone
                        0x080310f1     0x1a  Code  Gb  usbh_usr.o [1]
USBH_USR_Init           0x08030ff5     0x24  Code  Gb  usbh_usr.o [1]
USBH_USR_MSC_Application
                        0x08031191      0x4  Code  Gb  usbh_usr.o [1]
USBH_USR_Manufacturer_String
                        0x080310c7      0xe  Code  Gb  usbh_usr.o [1]
USBH_USR_OverCurrentDetected
                        0x08031119      0xa  Code  Gb  usbh_usr.o [1]
USBH_USR_Product_String
                        0x080310d5      0xe  Code  Gb  usbh_usr.o [1]
USBH_USR_ResetDevice    0x08031047      0xa  Code  Gb  usbh_usr.o [1]
USBH_USR_SerialNum_String
                        0x080310e3      0xe  Code  Gb  usbh_usr.o [1]
USBH_USR_UnrecoveredError
                        0x08031023      0xa  Code  Gb  usbh_usr.o [1]
USBH_USR_UserInput      0x08031115      0x4  Code  Gb  usbh_usr.o [1]
USB_Host                0x2001e67c     0x94  Data  Gb  usbh_usr.o [1]
USB_OTG_BSP_DisableInterrupt
                        0x08036dc9     0x22  Code  Gb  usb_bsp.o [1]
USB_OTG_BSP_EnableInterrupt
                        0x08036deb     0x54  Code  Gb  usb_bsp.o [1]
USB_OTG_BSP_Init        0x08036d19     0xb0  Code  Gb  usb_bsp.o [1]
USB_OTG_BSP_mDelay      0x08036e59      0xc  Code  Gb  usb_bsp.o [1]
USB_OTG_BSP_uDelay      0x08036e4d      0xc  Code  Gb  usb_bsp.o [1]
USB_OTG_Core            0x2001d3b8    0x5ac  Data  Gb  usbh_usr.o [1]
USB_OTG_CoreInit        0x08038c4d     0xce  Code  Gb  usb_core.o [1]
USB_OTG_CoreInitHost    0x08038e59     0xd0  Code  Gb  usb_core.o [1]
USB_OTG_CoreReset       0x08038a97     0x60  Code  Lc  usb_core.o [1]
USB_OTG_DisableGlobalInt
                        0x08038d39     0x1e  Code  Gb  usb_core.o [1]
USB_OTG_DriveVbus       0x08038f39     0x54  Code  Gb  usb_core.o [1]
USB_OTG_EnableCommonInt
                        0x08038a75     0x22  Code  Lc  usb_core.o [1]
USB_OTG_EnableGlobalInt
                        0x08038d1b     0x1e  Code  Gb  usb_core.o [1]
USB_OTG_EnableHostInt   0x08038f8d     0x4e  Code  Gb  usb_core.o [1]
USB_OTG_FlushRxFifo     0x08038d9f     0x40  Code  Gb  usb_core.o [1]
USB_OTG_FlushTxFifo     0x08038d57     0x48  Code  Gb  usb_core.o [1]
USB_OTG_GetMode         0x08038e25      0xa  Code  Gb  usb_core.o [1]
USB_OTG_HC_DoPing       0x0803947d     0x48  Code  Gb  usb_core.o [1]
USB_OTG_HC_Halt         0x08039409     0x74  Code  Gb  usb_core.o [1]
USB_OTG_HC_Init         0x08039039    0x1d0  Code  Gb  usb_core.o [1]
USB_OTG_HC_StartXfer    0x08039209    0x200  Code  Gb  usb_core.o [1]
USB_OTG_InitFSLSPClkSel
                        0x08038fdb     0x12  Code  Gb  usb_core.o [1]
USB_OTG_IsEvenFrame     0x08038f29     0x10  Code  Gb  usb_core.o [1]
USB_OTG_IsHostMode      0x08038e2f     0x18  Code  Gb  usb_core.o [1]
USB_OTG_ReadCoreItr     0x08038e47     0x12  Code  Gb  usb_core.o [1]
USB_OTG_ReadHPRT0       0x08038fed     0x1c  Code  Gb  usb_core.o [1]
USB_OTG_ReadPacket      0x08038b3f     0x2c  Code  Gb  usb_core.o [1]
USB_OTG_ResetPort       0x08039009     0x30  Code  Gb  usb_core.o [1]
USB_OTG_SelectCore      0x08038b6b     0xe2  Code  Gb  usb_core.o [1]
USB_OTG_SetCurrentMode  0x08038de9     0x3c  Code  Gb  usb_core.o [1]
USB_OTG_USBH_handle_Disconnect_ISR
                        0x0803be19     0x1e  Code  Lc  usb_hcd_int.o [1]
USB_OTG_USBH_handle_IncompletePeriodicXfer_ISR
                        0x0803c933     0x28  Code  Lc  usb_hcd_int.o [1]
USB_OTG_USBH_handle_hc_ISR
                        0x0803bd95     0x66  Code  Lc  usb_hcd_int.o [1]
USB_OTG_USBH_handle_hc_n_In_ISR
                        0x0803c4a5    0x378  Code  Lc  usb_hcd_int.o [1]
USB_OTG_USBH_handle_hc_n_Out_ISR
                        0x0803c16d    0x338  Code  Lc  usb_hcd_int.o [1]
USB_OTG_USBH_handle_nptxfempty_ISR
                        0x0803be37    0x118  Code  Lc  usb_hcd_int.o [1]
USB_OTG_USBH_handle_port_ISR
                        0x0803c069     0xfe  Code  Lc  usb_hcd_int.o [1]
USB_OTG_USBH_handle_ptxfempty_ISR
                        0x0803bf4f    0x11a  Code  Lc  usb_hcd_int.o [1]
USB_OTG_USBH_handle_rx_qlvl_ISR
                        0x0803c81d    0x116  Code  Lc  usb_hcd_int.o [1]
USB_OTG_USBH_handle_sof_ISR
                        0x0803bdfb     0x1e  Code  Lc  usb_hcd_int.o [1]
USB_OTG_WritePacket     0x08038af7     0x48  Code  Gb  usb_core.o [1]
USB_OTG_dev             0x2001d964    0x5ac  Data  Gb  usbh_usr.o [1]
USRH_cb                 0x200000d8     0x48  Data  Gb  usbh_usr.o [1]
UartDMAConfig           0x080356a1    0x166  Code  Gb  bsp_uart_fifo.o [1]
UartIRQ                 0x08035807     0xf8  Code  Lc  bsp_uart_fifo.o [1]
UsageFault_Handler      0x0803e735      0x2  Code  Gb  stm32f4xx_it.o [1]
UserTimerCallback       0x0802dc3d    0x18c  Code  Gb  apptask.o [1]
W25QXX_BUFFER           0x2001b9b8   0x1000  Data  Gb  bsp_w25qxx.o [1]
W25QXX_Erase_Sector     0x080307a9     0x52  Code  Gb  bsp_w25qxx.o [1]
W25QXX_Init             0x08030499     0x54  Code  Gb  bsp_w25qxx.o [1]
W25QXX_Read             0x08030587     0x62  Code  Gb  bsp_w25qxx.o [1]
W25QXX_ReadID           0x0803053b     0x4c  Code  Gb  bsp_w25qxx.o [1]
W25QXX_ReadSR           0x080304ed     0x30  Code  Gb  bsp_w25qxx.o [1]
W25QXX_TYPE             0x200001b4      0x2  Data  Gb  bsp_w25qxx.o [1]
W25QXX_Wait_Busy        0x080307fb      0xc  Code  Gb  bsp_w25qxx.o [1]
W25QXX_Write            0x0803069d    0x10c  Code  Gb  bsp_w25qxx.o [1]
W25QXX_Write_Enable     0x0803051d     0x1e  Code  Gb  bsp_w25qxx.o [1]
W25QXX_Write_NoCheck    0x08030645     0x58  Code  Gb  bsp_w25qxx.o [1]
W25QXX_Write_Page       0x080305e9     0x5c  Code  Gb  bsp_w25qxx.o [1]
_GenldFullNoMb          0x08036a83    0x24c  Code  Lc  xprintffull_nomb.o [3]
_LdtobFullNoMb          0x08036681    0x3fc  Code  Lc  xprintffull_nomb.o [3]
_LitobFullNoMb          0x0803657b    0x106  Code  Lc  xprintffull_nomb.o [3]
_Locale_aeabi_lconv     0x20000050     0x38  Data  Gb  localeconv.o [3]
_Locale_lconv           0x20000000     0x50  Data  Gb  localeconv.o [3]
_PrintfFullNoMb         0x08035f81    0x586  Code  Gb  xprintffull_nomb.o [3]
_Prout                  0x0803eedd     0x16  Code  Gb  xprout.o [3]
_PutcharsFullNoMb       0x08036ccf     0x2e  Code  Lc  xprintffull_nomb.o [3]
_SProut                 0x0803048f      0xa  Code  Gb  xsprout.o [3]
__aeabi_cdcmple         0x08038465           Code  Gb  DblCmpLe.o [4]
__aeabi_cdrcmple        0x08038495           Code  Gb  DblCmpGe.o [4]
__aeabi_d2iz            0x080385d9           Code  Gb  DblToI32.o [4]
__aeabi_d2uiz           0x08038605           Code  Gb  DblToI32.o [4]
__aeabi_ddiv            0x08033b91           Code  Gb  DblDiv.o [4]
__aeabi_dmul            0x080387e1           Code  Gb  DblMul.o [4]
__aeabi_dsub            0x08038661           Code  Gb  DblSub.o [4]
__aeabi_f2d             0x08030891           Code  Gb  FltToDbl.o [4]
__aeabi_i2d             0x08038631           Code  Gb  I32ToDbl.o [4]
__aeabi_ldiv0           0x0803ba89           Code  Gb  I64DivZer.o [5]
__aeabi_memset          0x08030429           Code  Gb  ABImemset.o [5]
__aeabi_ui2d            0x08038645           Code  Gb  I32ToDbl.o [4]
__aeabi_uldivmod        0x08038335           Code  Gb  I64DivMod.o [5]
__cmain                 0x0803ed1d           Code  Gb  cmain.o [5]
__exit                  0x0803ed49     0x14  Code  Gb  exit.o [6]
__iar_Dnorm             0x08038423     0x42  Code  Gb  xdnorm.o [4]
__iar_Dscale            0x080384c5    0x114  Code  Gb  xdscale.o [4]
__iar_Locale_lconv_init
                        0x08038985     0x3a  Code  Gb  localeconv.o [3]
__iar_Memchr            0x080382dd           Code  Gb  memchr.o [5]
__iar_Memset            0x08030429           Code  Gb  ABImemset.o [5]
__iar_Memset_word       0x08030431           Code  Gb  ABImemset.o [5]
__iar_Stdout            0x20000120     0x40  Data  Gb  xfiles.o [3]
__iar_Strchr            0x080382c5           Code  Gb  strchr.o [5]
__iar_Strstr            0x08037c01     0x2c  Code  Gb  strstr.o [3]
__iar_copy_init3        0x0803e8ad     0x2c  Code  Gb  copy_init3.o [5]
__iar_d2uiz             0x08038611           Code  Gb  DblToI32.o [4]
__iar_dadd              0x0803ba8d           Code  Gb  DblAdd.o [4]
__iar_data_init3        0x0803e951     0x28  Code  Gb  data_init.o [5]
__iar_dsub              0x08038675           Code  Gb  DblSub.o [4]
__iar_dsubStart         0x08038687           Code  Gb  DblSub.o [4]
__iar_init_vfp          0x0803e9e5           Code  Gb  fpinit_M.o [4]
__iar_program_start     0x0803f1f5           Code  Gb  cstartup_M.o [5]
__iar_ui2d              0x08038649           Code  Gb  I32ToDbl.o [4]
__iar_unaligned___aeabi_memcpy
                        0x08030819           Code  Gb  ABImemcpy_unaligned.o [5]
__iar_unaligned___aeabi_memcpy4
                        0x08030839           Code  Gb  ABImemcpy_unaligned.o [5]
__iar_unaligned___aeabi_memcpy8
                        0x08030839           Code  Gb  ABImemcpy_unaligned.o [5]
__iar_unaligned_memcmp  0x08030905           Code  Gb  memcmp_unaligned.o [5]
__iar_unaligned_strcmp  0x08030969           Code  Gb  strcmp_unaligned.o [5]
__iar_unaligned_strcpy  0x0803da61           Code  Gb  strcpy_unaligned.o [5]
__iar_zero_init3        0x0803e64d     0x40  Code  Gb  zero_init3.o [5]
[...]
card_record             0x2001ede8      0x1  Data  Gb  apptask.o [1]
check_fs                0x08032f0b     0x7e  Code  Lc  ff.o [1]
chk_chr                 0x0803194f     0x14  Code  Lc  ff.o [1]
chk_lock                0x08031963     0x94  Code  Lc  ff.o [1]
clear_lock              0x08031b63     0x30  Code  Lc  ff.o [1]
clust2sect              0x08031d05     0x1a  Code  Gb  ff.o [1]
cmp_lfn                 0x08032389     0xb6  Code  Lc  ff.o [1]
create_chain            0x0803201d     0xea  Code  Lc  ff.o [1]
create_name             0x08032b11    0x31a  Code  Lc  ff.o [1]
debug_cmd               0x2001edee      0x1  Data  Gb  bsp_uart_fifo.o [1]
dec_lock                0x08031b07     0x5c  Code  Lc  ff.o [1]
device_info             0x2001e710     0x84  Data  Gb  para.o [1]
dir_alloc               0x080322e3     0x66  Code  Lc  ff.o [1]
dir_find                0x08032665    0x116  Code  Lc  ff.o [1]
dir_next                0x080321b9    0x12a  Code  Lc  ff.o [1]
dir_read                0x0803277b    0x10c  Code  Lc  ff.o [1]
dir_register            0x08032887    0x14e  Code  Lc  ff.o [1]
dir_sdi                 0x08032107     0xb2  Code  Lc  ff.o [1]
disk_initialize         0x08037771     0x40  Code  Gb  diskio.o [1]
disk_ioctl              0x08037995     0xa6  Code  Gb  diskio.o [1]
disk_read               0x080377dd     0xdc  Code  Gb  diskio.o [1]
disk_status             0x080377b1     0x2c  Code  Gb  diskio.o [1]
disk_write              0x080378b9     0xdc  Code  Gb  diskio.o [1]
div                     0x080389f1      0xe  Code  Gb  div.o [3]
download_num            0x2001ede4      0x1  Data  Gb  apptask.o [1]
enq_lock                0x080319f7     0x28  Code  Lc  ff.o [1]
exit                    0x0803ed37      0x4  Code  Gb  exit.o [3]
f_close                 0x080339ed     0x38  Code  Gb  ff.o [1]
f_mount                 0x08033421     0x66  Code  Gb  ff.o [1]
f_open                  0x08033487    0x20e  Code  Gb  ff.o [1]
f_opendir               0x08033a25     0xb2  Code  Gb  ff.o [1]
f_readdir               0x08033ad7     0x74  Code  Gb  ff.o [1]
f_sync                  0x08033937     0xb6  Code  Gb  ff.o [1]
f_write                 0x080336a5    0x292  Code  Gb  ff.o [1]
ff_convert              0x08037a55     0x80  Code  Gb  cc936.o [1]
ff_wtoupper             0x08037ad5     0x64  Code  Gb  cc936.o [1]
file_select             0x2001ecc8      0xc  Data  Gb  protocol.o [1]
final_per_meter         0x08030047     0x1a  Code  Gb  product_cal.o [1]
find_volume             0x08032f91    0x45a  Code  Lc  ff.o [1]
fit_lfn                 0x080324cb     0x88  Code  Lc  ff.o [1]
follow_path             0x08032e2b     0x90  Code  Lc  ff.o [1]
fputc                   0x08035bb5     0x22  Code  Gb  bsp_uart_fifo.o [1]
g_tUart3                0x2001eaa8     0x28  Data  Gb  bsp_uart_fifo.o [1]
gen_numname             0x08032559     0xec  Code  Lc  ff.o [1]
get_card_type           0x0803020f     0xe4  Code  Gb  product_cal.o [1]
get_class_time          0x0803011d     0x7a  Code  Gb  product_cal.o [1]
get_fat                 0x08031d1f    0x11c  Code  Gb  ff.o [1]
get_fattime             0x08037a3b      0x4  Code  Gb  diskio.o [1]
get_fileinfo            0x080329d5    0x13c  Code  Lc  ff.o [1]
get_float_1bit          0x080300fb     0x22  Code  Gb  product_cal.o [1]
get_ldnumber            0x08032ebb     0x50  Code  Lc  ff.o [1]
get_period_state        0x08030197     0x4e  Code  Gb  product_cal.o [1]
get_valid_length        0x0802ff25     0x26  Code  Gb  bsp_sdwe050c17.o [1]
hex_to_decimal          0x0802ff4b     0x26  Code  Gb  bsp_sdwe050c17.o [1]
idwgEventGroup          0x2001ed2c      0x4  Data  Gb  apptask.o [1]
inc_card_type           0x080302f3    0x11c  Code  Gb  product_cal.o [1]
inc_lock                0x08031a1f     0xe8  Code  Lc  ff.o [1]
init_peiliao_para       0x0802ff9b     0x52  Code  Gb  product_cal.o [1]
init_product_para       0x0802ff71     0x2a  Code  Gb  product_cal.o [1]
input_password_buf      0x2001ecbc      0xc  Data  Gb  protocol.o [1]
input_password_len      0x2001edf0      0x1  Data  Gb  protocol.o [1]
isDevicePeriod          0x2001edeb      0x1  Data  Gb  apptask.o [1]
isWork                  0x2001ede5      0x1  Data  Gb  apptask.o [1]
is_same_data            0x080301e5     0x2a  Code  Gb  product_cal.o [1]
lcd_busy                0x2001eded      0x1  Data  Gb  bsp_sdwe050c17.o [1]
lcd_rev_buf             0x2001ea74     0x34  Data  Gb  bsp_sdwe050c17.o [1]
lcd_rev_len             0x2001eddc      0x2  Data  Gb  bsp_sdwe050c17.o [1]
ld_clust                0x08032349     0x28  Code  Lc  ff.o [1]
localeconv              0x080389bf     0x16  Code  Gb  localeconv.o [3]
m_ctrl_dev              0x2001ece8      0x8  Data  Gb  modbus.o [1]
main                    0x0803e739     0x34  Code  Gb  main.o [1]
mallco_dev              0x20000160     0x1c  Data  Gb  malloc.o [1]
mb_init                 0x080341e1     0x30  Code  Gb  modbus.o [1]
mb_packsend_frame       0x080340ef     0xf2  Code  Gb  modbus.o [1]
mb_unpack_frame         0x08033fad    0x142  Code  Gb  modbus.o [1]
mc_check_crc16          0x08037bb5     0x40  Code  Gb  mcheck.o [1]
mc_check_crc8           0x08037b91     0x24  Code  Gb  mcheck.o [1]
mc_check_sum            0x08037b49     0x2e  Code  Gb  mcheck.o [1]
mc_check_xor            0x08037b77     0x1a  Code  Gb  mcheck.o [1]
mem1base                0x200119b8   0xa000  Data  Gb  malloc.o [1]
mem1mapbase             0x2001c9b8    0xa00  Data  Gb  malloc.o [1]
mem2base                0x68000000  0xf0000  Data  Gb  malloc.o [1]
mem2mapbase             0x680f0000   0xf000  Data  Gb  malloc.o [1]
mem_cmp                 0x0803192b     0x24  Code  Lc  ff.o [1]
mem_cpy                 0x080318f9     0x1c  Code  Lc  ff.o [1]
mem_set                 0x08031915     0x16  Code  Lc  ff.o [1]
memblksize              0x0803f270      0x8  Data  Gb  malloc.o [1]
memchr                  0x080382dd           Code  Gb  memchr.o [5]
memsize                 0x0803f278      0x8  Data  Gb  malloc.o [1]
memtblsize              0x0803f268      0x8  Data  Gb  malloc.o [1]
modbus_send_frame       0x08034211     0xe6  Code  Gb  modbus.o [1]
move_window             0x08031bed     0x40  Code  Lc  ff.o [1]
my_mem_free             0x08030aff     0x6c  Code  Gb  malloc.o [1]
my_mem_init             0x080309c3     0x42  Code  Gb  malloc.o [1]
my_mem_malloc           0x08030a43     0xbc  Code  Gb  malloc.o [1]
my_mem_perused          0x08030a05     0x3e  Code  Gb  malloc.o [1]
myfree                  0x08030b6b     0x24  Code  Gb  malloc.o [1]
mymalloc                0x08030b8f     0x2a  Code  Gb  malloc.o [1]
mymemset                0x080309ad     0x16  Code  Gb  malloc.o [1]
obuf                    0x2001e9d8     0x50  Data  Lc  xfiles.o [3]
oem2uni                 0x0801560c  0x15484  Data  Lc  cc936.o [1]
old_card_record         0x2001ede9      0x1  Data  Gb  apptask.o [1]
old_isWork              0x2001ede6      0x1  Data  Gb  apptask.o [1]
para_init               0x0803d9b7     0x82  Code  Gb  para.o [1]
pcInterruptPriorityRegisters
                        0x0803f2a4      0x4  Data  Lc  port.o [1]
peiliao_para            0x2001eaf8     0x28  Data  Gb  product_cal.o [1]
pick_lfn                0x0803243f     0x8c  Code  Lc  ff.o [1]
pluse_count             0x2001edd6      0x2  Data  Gb  apptask.o [1]
printf                  0x080308e1     0x24  Code  Gb  printf.o [3]
product_complete_kilo   0x08030095     0x3a  Code  Gb  product_cal.o [1]
product_complete_meter  0x08030061     0x12  Code  Gb  product_cal.o [1]
product_para            0x2001ead0     0x28  Data  Gb  product_cal.o [1]
product_per_meter       0x0802ffed     0x5a  Code  Gb  product_cal.o [1]
product_uncomplete_kilo
                        0x080300cf     0x2c  Code  Gb  product_cal.o [1]
product_uncomplete_meter
                        0x08030073     0x22  Code  Gb  product_cal.o [1]
prvAddCurrentTaskToDelayedList
                        0x0802e9a9     0x48  Code  Lc  tasks.o [1]
prvAllocateTCBAndStack  0x0802e9f1     0x5a  Code  Lc  tasks.o [1]
prvCheckForValidListAndQueue
                        0x08034a53     0x52  Code  Lc  timers.o [1]
prvCheckTasksWaitingTermination
                        0x0802e93f     0x66  Code  Lc  tasks.o [1]
prvCopyDataFromQueue    0x0802f1d9     0x30  Code  Lc  queue.o [1]
prvCopyDataToQueue      0x0802f155     0x84  Code  Lc  queue.o [1]
prvDeleteTCB            0x0802ea4b     0x12  Code  Lc  tasks.o [1]
prvGetNextExpireTime    0x0803483f     0x2e  Code  Lc  timers.o [1]
prvHeapInit             0x08034f41     0x6e  Code  Lc  heap_4.o [1]
prvIdleTask             0x0802e859     0x26  Code  Lc  tasks.o [1]
prvInitialiseTCBVariables
                        0x0802e87f     0x6a  Code  Lc  tasks.o [1]
prvInitialiseTaskLists  0x0802e8e9     0x56  Code  Lc  tasks.o [1]
prvInsertBlockIntoFreeList
                        0x08034faf     0x62  Code  Lc  heap_4.o [1]
prvInsertTimerInActiveList
                        0x08034895     0x50  Code  Lc  timers.o [1]
prvIsQueueEmpty         0x0802f273     0x20  Code  Lc  queue.o [1]
prvIsQueueFull          0x0802f293     0x22  Code  Lc  queue.o [1]
prvProcessExpiredTimer  0x08034757     0x5c  Code  Lc  timers.o [1]
prvProcessReceivedCommands
                        0x080348e5     0xde  Code  Lc  timers.o [1]
prvProcessTimerOrBlockTask
                        0x080347cf     0x70  Code  Lc  timers.o [1]
prvResetNextTaskUnblockTime
                        0x0802ea5d     0x26  Code  Lc  tasks.o [1]
prvSampleTimeNow        0x0803486d     0x28  Code  Lc  timers.o [1]
prvSwitchTimerLists     0x080349c3     0x90  Code  Lc  timers.o [1]
prvTaskExitError        0x08034af1     0x2a  Code  Lc  port.o [1]
prvTestWaitCondition    0x080345fb     0x24  Code  Lc  event_groups.o [1]
prvTimerTask            0x080347b5     0x1a  Code  Lc  timers.o [1]
prvUnlockQueue          0x0802f209     0x6a  Code  Lc  queue.o [1]
put_fat                 0x08031e3b    0x16c  Code  Gb  ff.o [1]
putchar                 0x0803eef5      0xc  Code  Gb  putchar.o [3]
pvPortMalloc            0x08034db1    0x118  Code  Gb  heap_4.o [1]
pxCurrentTCB            0x2001ed74      0x4  Data  Gb  tasks.o [1]
pxCurrentTimerList      0x2001edb4      0x4  Data  Lc  timers.o [1]
pxDelayedTaskList       0x2001ed78      0x4  Data  Lc  tasks.o [1]
pxEnd                   0x2001ed5c      0x4  Data  Lc  heap_4.o [1]
pxOverflowDelayedTaskList
                        0x2001ed7c      0x4  Data  Lc  tasks.o [1]
pxOverflowTimerList     0x2001edb8      0x4  Data  Lc  timers.o [1]
pxPortInitialiseStack   0x08034acd     0x24  Code  Gb  port.o [1]
pxReadyTasksLists       0x2001e510     0xc8  Data  Lc  tasks.o [1]
rc522_cmd_anticoll      0x08033f51     0x5a  Code  Gb  rc522.o [1]
rc522_cmd_request       0x08033efd     0x54  Code  Gb  rc522.o [1]
readSlave               0x2001eca4      0xc  Data  Gb  apptask.o [1]
read_device_info        0x0803d7dd    0x1da  Code  Gb  para.o [1]
read_file_select        0x2001ecd4      0xc  Data  Gb  protocol.o [1]
remove_chain            0x08031fa7     0x76  Code  Lc  ff.o [1]
rfid_rev_buf            0x2001eba8     0x14  Data  Gb  rc522.o [1]
rfid_rev_cnt            0x2001edf2      0x1  Data  Gb  rc522.o [1]
rfid_rev_flag           0x2001edf1      0x1  Data  Gb  rc522.o [1]
rtc_time                0x2001ecf0      0x8  Data  Gb  protocol.o [1]
s_TIM_CallBack1         0x2001ed4c      0x4  Data  Lc  bsp_timer.o [1]
s_TIM_CallBack2         0x2001ed50      0x4  Data  Lc  bsp_timer.o [1]
s_TIM_CallBack3         0x2001ed54      0x4  Data  Lc  bsp_timer.o [1]
s_TIM_CallBack4         0x2001ed58      0x4  Data  Lc  bsp_timer.o [1]
sample_time             0x2001edd4      0x2  Data  Gb  apptask.o [1]
slave_info              0x2001ec98      0xc  Data  Gb  apptask.o [1]
sprintf                 0x08033b5d     0x34  Code  Gb  sprintf.o [3]
st_clust                0x08032371     0x18  Code  Lc  ff.o [1]
strcat                  0x08033de7     0x1c  Code  Gb  strcat.o [3]
strchr                  0x080382c5           Code  Gb  strchr.o [5]
strlen                  0x08033e05           Code  Gb  strlen.o [5]
strstr                  0x080343ad     0x10  Code  Gb  apptask.o [1]
sum_sfn                 0x08032645     0x20  Code  Lc  ff.o [1]
sync_fs                 0x08031c2d     0xd8  Code  Lc  ff.o [1]
sync_window             0x08031b93     0x5a  Code  Lc  ff.o [1]
ucHeap                  0x200001b8  0x11800  Data  Lc  heap_4.o [1]
ucMaxSysCallPriority    0x2001edef      0x1  Data  Lc  port.o [1]
ulHighFrequencyTimerTicks
                        0x2001ed70      0x4  Data  Gb  SysInfoTest.o [1]
ulMaxPRIGROUPValue      0x2001ed6c      0x4  Data  Lc  port.o [1]
ulTaskSwitchedInTime    0x2001edac      0x4  Data  Lc  tasks.o [1]
ulTotalRunTime          0x2001edb0      0x4  Data  Lc  tasks.o [1]
uni2oem                 0x08000188  0x15484  Data  Lc  cc936.o [1]
usb_disk_flag           0x2001ede7      0x1  Data  Gb  apptask.o [1]
usbh_OpenMassStorage    0x08030fe1     0x14  Code  Gb  usbh_usr.o [1]
uxCriticalNesting       0x200001a8      0x4  Data  Lc  port.o [1]
uxCurrentNumberOfTasks  0x2001ed84      0x4  Data  Lc  tasks.o [1]
uxListRemove            0x08034d89     0x28  Code  Gb  list.o [1]
uxPendedTicks           0x2001ed94      0x4  Data  Lc  tasks.o [1]
uxSchedulerSuspended    0x2001eda8      0x4  Data  Lc  tasks.o [1]
uxTaskNumber            0x2001eda0      0x4  Data  Lc  tasks.o [1]
uxTaskResetEventItemValue
                        0x0802eabd     0x20  Code  Gb  tasks.o [1]
uxTasksDeleted          0x2001ed80      0x4  Data  Lc  tasks.o [1]
uxTopReadyPriority      0x2001ed8c      0x4  Data  Lc  tasks.o [1]
vListInitialise         0x08034d19     0x1e  Code  Gb  list.o [1]
vListInsert             0x08034d4f     0x3a  Code  Gb  list.o [1]
vListInsertEnd          0x08034d37     0x18  Code  Gb  list.o [1]
vPortEnableVFP          0x08037cc9           Code  Gb  portasm.o [1]
vPortEnterCritical      0x08034be7     0x3a  Code  Gb  port.o [1]
vPortExitCritical       0x08034c21     0x32  Code  Gb  port.o [1]
vPortFree               0x08034ec9     0x78  Code  Gb  heap_4.o [1]
vPortSetupTimerInterrupt
                        0x08034c7f      0xe  Code  Wk  port.o [1]
vPortStartFirstTask     0x08037cb1           Code  Gb  portasm.o [1]
vPortValidateInterruptPriority
                        0x08034c8d     0x4e  Code  Gb  port.o [1]
vQueueWaitForMessageRestricted
                        0x0802f2b5     0x44  Code  Gb  queue.o [1]
vSetupSysInfoTest       0x0803e68d     0x12  Code  Gb  SysInfoTest.o [1]
vTaskDelay              0x0802e0b5     0x84  Code  Gb  tasks.o [1]
vTaskManageCapacity     0x0802d6a1    0x2d6  Code  Gb  apptask.o [1]
vTaskMassStorage        0x0802c955    0x23e  Code  Lc  apptask.o [1]
vTaskMissedYield        0x0802e84f      0xa  Code  Gb  tasks.o [1]
vTaskMsgPro             0x0802cfb5    0x426  Code  Lc  apptask.o [1]
vTaskPlaceOnEventList   0x0802e4b5     0x74  Code  Gb  tasks.o [1]
vTaskPlaceOnEventListRestricted
                        0x0802e5ed     0x80  Code  Gb  tasks.o [1]
vTaskPlaceOnUnorderedEventList
                        0x0802e545     0xa8  Code  Gb  tasks.o [1]
vTaskReadDisk           0x0802d4a1    0x1b4  Code  Lc  apptask.o [1]
vTaskRev485             0x0802d3db     0xae  Code  Lc  apptask.o [1]
vTaskSetTimeOutState    0x0802e799     0x26  Code  Gb  tasks.o [1]
vTaskStartScheduler     0x0802e139     0x7e  Code  Gb  tasks.o [1]
vTaskSuspendAll         0x0802e1b7     0x10  Code  Gb  tasks.o [1]
vTaskSwitchContext      0x0802e405     0xb0  Code  Gb  tasks.o [1]
vTaskTaskLCD            0x0802aa91   0x1e88  Code  Gb  apptask.o [1]
vTaskTaskLED            0x0802cbbd     0x20  Code  Lc  apptask.o [1]
vTaskTaskRFID           0x0802cbdd    0x3a6  Code  Lc  apptask.o [1]
validate                0x080333eb     0x36  Code  Lc  ff.o [1]
xActiveTimerList1       0x2001ec20     0x14  Data  Lc  timers.o [1]
xActiveTimerList2       0x2001ec34     0x14  Data  Lc  timers.o [1]
xBlockAllocatedBit      0x2001ed68      0x4  Data  Lc  heap_4.o [1]
xDelayedTaskList1       0x2001ebbc     0x14  Data  Lc  tasks.o [1]
xDelayedTaskList2       0x2001ebd0     0x14  Data  Lc  tasks.o [1]
xEventGroupCreate       0x080343bd     0x1c  Code  Gb  event_groups.o [1]
xEventGroupSetBits      0x08034525     0xd6  Code  Gb  event_groups.o [1]
xEventGroupWaitBits     0x080343d9    0x146  Code  Gb  event_groups.o [1]
xFreeBytesRemaining     0x2001ed60      0x4  Data  Lc  heap_4.o [1]
xHandleTaskLCD          0x2001ecf8      0x4  Data  Gb  apptask.o [1]
xHandleTaskLED          0x2001ecfc      0x4  Data  Gb  apptask.o [1]
xHandleTaskManageCapacity
                        0x2001ed14      0x4  Data  Gb  apptask.o [1]
xHandleTaskMassStorage  0x2001ed04      0x4  Data  Gb  apptask.o [1]
xHandleTaskMsgPro       0x2001ed0c      0x4  Data  Gb  apptask.o [1]
xHandleTaskRFID         0x2001ed00      0x4  Data  Gb  apptask.o [1]
xHandleTaskReadDisk     0x2001ed08      0x4  Data  Gb  apptask.o [1]
xHandleTaskRev485       0x2001ed10      0x4  Data  Gb  apptask.o [1]
xHeapStructSize         0x0803f2a0      0x4  Data  Lc  heap_4.o [1]
xMinimumEverFreeBytesRemaining
                        0x2001ed64      0x4  Data  Lc  heap_4.o [1]
xNextTaskUnblockTime    0x2001eda4      0x4  Data  Lc  tasks.o [1]
xNumOfOverflows         0x2001ed9c      0x4  Data  Lc  tasks.o [1]
xPendingReadyList       0x2001ebe4     0x14  Data  Lc  tasks.o [1]
xPortStartScheduler     0x08034b1b     0xcc  Code  Gb  port.o [1]
xQueueGenericCreate     0x0802ebc1     0x7e  Code  Gb  queue.o [1]
xQueueGenericReceive    0x0802efb5    0x19c  Code  Gb  queue.o [1]
xQueueGenericReset      0x0802eb31     0x90  Code  Gb  queue.o [1]
xQueueGenericSend       0x0802ec3f    0x1b2  Code  Gb  queue.o [1]
xQueueGenericSendFromISR
                        0x0802edf1     0xec  Code  Gb  queue.o [1]
xQueueGiveFromISR       0x0802eedd     0xd8  Code  Gb  queue.o [1]
xQueue_message          0x2001ed34      0x4  Data  Gb  apptask.o [1]
xSchedulerRunning       0x2001ed90      0x4  Data  Lc  tasks.o [1]
xSemaphore_download     0x2001ed24      0x4  Data  Gb  apptask.o [1]
xSemaphore_lcd          0x2001ed18      0x4  Data  Gb  apptask.o [1]
xSemaphore_pluse        0x2001ed20      0x4  Data  Gb  apptask.o [1]
xSemaphore_readDisk     0x2001ed28      0x4  Data  Gb  apptask.o [1]
xSemaphore_rs485        0x2001ed1c      0x4  Data  Gb  apptask.o [1]
xStart                  0x2001ece0      0x8  Data  Lc  heap_4.o [1]
xSuspendedTaskList      0x2001ec0c     0x14  Data  Lc  tasks.o [1]
xTaskCheckForTimeOut    0x0802e7c5     0x8a  Code  Gb  tasks.o [1]
xTaskGenericCreate      0x0802df31    0x184  Code  Gb  tasks.o [1]
xTaskGetSchedulerState  0x0802ea83     0x26  Code  Gb  tasks.o [1]
xTaskGetTickCount       0x0802e2c7      0xa  Code  Gb  tasks.o [1]
xTaskIncrementTick      0x0802e2d1    0x134  Code  Gb  tasks.o [1]
xTaskRemoveFromEventList
                        0x0802e671     0x8e  Code  Gb  tasks.o [1]
xTaskRemoveFromUnorderedEventList
                        0x0802e705     0x94  Code  Gb  tasks.o [1]
xTaskResumeAll          0x0802e1c7    0x100  Code  Gb  tasks.o [1]
xTasksWaitingTermination
                        0x2001ebf8     0x14  Data  Lc  tasks.o [1]
xTickCount              0x2001ed88      0x4  Data  Lc  tasks.o [1]
xTimerCreate            0x08034671     0x62  Code  Gb  timers.o [1]
xTimerCreateTimerTask   0x08034621     0x50  Code  Gb  timers.o [1]
xTimerGenericCommand    0x080346d3     0x84  Code  Gb  timers.o [1]
xTimerQueue             0x2001edbc      0x4  Data  Lc  timers.o [1]
xTimerUser              0x2001ed30      0x4  Data  Gb  apptask.o [1]
xYieldPending           0x2001ed98      0x4  Data  Lc  tasks.o [1]


[1] = F:\work\YarnControl_Driver\src\stm32f4_rtos\Project\EWARMv7\Flash\Obj
[2] = command line
[3] = dl7M_tlf.a
[4] = m7M_tls.a
[5] = rt7M_tl.a
[6] = shb_l.a

   78 754 bytes of readonly  code memory
  180 698 bytes of readonly  data memory
  128 503 bytes of readwrite data memory (+ 1 044 480 absolute)

Errors: none
Warnings: none
