###############################################################################
#
# IAR ELF Linker V7.40.7.9843/W32 for ARM                 20/Jan/2019  22:29:35
# Copyright 2007-2015 IAR Systems AB.
#
#    Output file  =  
#        E:\WORK\YarnControl_Driver\YarnControl_Driver\src\stm32f4_rtos\Project\EWARMv7\Flash\Exe\project.out
#    Map file     =  
#        E:\WORK\YarnControl_Driver\YarnControl_Driver\src\stm32f4_rtos\Project\EWARMv7\Flash\List\project.map
#    Command line =  
#        E:\WORK\YarnControl_Driver\YarnControl_Driver\src\stm32f4_rtos\Project\EWARMv7\Flash\Obj\apptask.o
#        E:\WORK\YarnControl_Driver\YarnControl_Driver\src\stm32f4_rtos\Project\EWARMv7\Flash\Obj\bsp.o
#        E:\WORK\YarnControl_Driver\YarnControl_Driver\src\stm32f4_rtos\Project\EWARMv7\Flash\Obj\bsp_closeSW.o
#        E:\WORK\YarnControl_Driver\YarnControl_Driver\src\stm32f4_rtos\Project\EWARMv7\Flash\Obj\bsp_dwt.o
#        E:\WORK\YarnControl_Driver\YarnControl_Driver\src\stm32f4_rtos\Project\EWARMv7\Flash\Obj\bsp_led.o
#        E:\WORK\YarnControl_Driver\YarnControl_Driver\src\stm32f4_rtos\Project\EWARMv7\Flash\Obj\bsp_relay.o
#        E:\WORK\YarnControl_Driver\YarnControl_Driver\src\stm32f4_rtos\Project\EWARMv7\Flash\Obj\bsp_sdio_sd.o
#        E:\WORK\YarnControl_Driver\YarnControl_Driver\src\stm32f4_rtos\Project\EWARMv7\Flash\Obj\bsp_sdwe050c17.o
#        E:\WORK\YarnControl_Driver\YarnControl_Driver\src\stm32f4_rtos\Project\EWARMv7\Flash\Obj\bsp_servomotor.o
#        E:\WORK\YarnControl_Driver\YarnControl_Driver\src\stm32f4_rtos\Project\EWARMv7\Flash\Obj\bsp_spi.o
#        E:\WORK\YarnControl_Driver\YarnControl_Driver\src\stm32f4_rtos\Project\EWARMv7\Flash\Obj\bsp_stepmotor.o
#        E:\WORK\YarnControl_Driver\YarnControl_Driver\src\stm32f4_rtos\Project\EWARMv7\Flash\Obj\bsp_sw_onoff.o
#        E:\WORK\YarnControl_Driver\YarnControl_Driver\src\stm32f4_rtos\Project\EWARMv7\Flash\Obj\bsp_tim_pwm.o
#        E:\WORK\YarnControl_Driver\YarnControl_Driver\src\stm32f4_rtos\Project\EWARMv7\Flash\Obj\bsp_timer.o
#        E:\WORK\YarnControl_Driver\YarnControl_Driver\src\stm32f4_rtos\Project\EWARMv7\Flash\Obj\bsp_uart_fifo.o
#        E:\WORK\YarnControl_Driver\YarnControl_Driver\src\stm32f4_rtos\Project\EWARMv7\Flash\Obj\bsp_w25qxx.o
#        E:\WORK\YarnControl_Driver\YarnControl_Driver\src\stm32f4_rtos\Project\EWARMv7\Flash\Obj\bsp_watchdog.o
#        E:\WORK\YarnControl_Driver\YarnControl_Driver\src\stm32f4_rtos\Project\EWARMv7\Flash\Obj\cc936.o
#        E:\WORK\YarnControl_Driver\YarnControl_Driver\src\stm32f4_rtos\Project\EWARMv7\Flash\Obj\croutine.o
#        E:\WORK\YarnControl_Driver\YarnControl_Driver\src\stm32f4_rtos\Project\EWARMv7\Flash\Obj\demo_fatfs.o
#        E:\WORK\YarnControl_Driver\YarnControl_Driver\src\stm32f4_rtos\Project\EWARMv7\Flash\Obj\diskio.o
#        E:\WORK\YarnControl_Driver\YarnControl_Driver\src\stm32f4_rtos\Project\EWARMv7\Flash\Obj\encoder.o
#        E:\WORK\YarnControl_Driver\YarnControl_Driver\src\stm32f4_rtos\Project\EWARMv7\Flash\Obj\event_groups.o
#        E:\WORK\YarnControl_Driver\YarnControl_Driver\src\stm32f4_rtos\Project\EWARMv7\Flash\Obj\ff.o
#        E:\WORK\YarnControl_Driver\YarnControl_Driver\src\stm32f4_rtos\Project\EWARMv7\Flash\Obj\heap_4.o
#        E:\WORK\YarnControl_Driver\YarnControl_Driver\src\stm32f4_rtos\Project\EWARMv7\Flash\Obj\list.o
#        E:\WORK\YarnControl_Driver\YarnControl_Driver\src\stm32f4_rtos\Project\EWARMv7\Flash\Obj\main.o
#        E:\WORK\YarnControl_Driver\YarnControl_Driver\src\stm32f4_rtos\Project\EWARMv7\Flash\Obj\malloc.o
#        E:\WORK\YarnControl_Driver\YarnControl_Driver\src\stm32f4_rtos\Project\EWARMv7\Flash\Obj\mcheck.o
#        E:\WORK\YarnControl_Driver\YarnControl_Driver\src\stm32f4_rtos\Project\EWARMv7\Flash\Obj\misc.o
#        E:\WORK\YarnControl_Driver\YarnControl_Driver\src\stm32f4_rtos\Project\EWARMv7\Flash\Obj\modbus.o
#        E:\WORK\YarnControl_Driver\YarnControl_Driver\src\stm32f4_rtos\Project\EWARMv7\Flash\Obj\page_weimi.o
#        E:\WORK\YarnControl_Driver\YarnControl_Driver\src\stm32f4_rtos\Project\EWARMv7\Flash\Obj\para.o
#        E:\WORK\YarnControl_Driver\YarnControl_Driver\src\stm32f4_rtos\Project\EWARMv7\Flash\Obj\port.o
#        E:\WORK\YarnControl_Driver\YarnControl_Driver\src\stm32f4_rtos\Project\EWARMv7\Flash\Obj\portasm.o
#        E:\WORK\YarnControl_Driver\YarnControl_Driver\src\stm32f4_rtos\Project\EWARMv7\Flash\Obj\product_cal.o
#        E:\WORK\YarnControl_Driver\YarnControl_Driver\src\stm32f4_rtos\Project\EWARMv7\Flash\Obj\protocol.o
#        E:\WORK\YarnControl_Driver\YarnControl_Driver\src\stm32f4_rtos\Project\EWARMv7\Flash\Obj\queue.o
#        E:\WORK\YarnControl_Driver\YarnControl_Driver\src\stm32f4_rtos\Project\EWARMv7\Flash\Obj\rc522.o
#        E:\WORK\YarnControl_Driver\YarnControl_Driver\src\stm32f4_rtos\Project\EWARMv7\Flash\Obj\startup_stm32f40_41xxx.o
#        E:\WORK\YarnControl_Driver\YarnControl_Driver\src\stm32f4_rtos\Project\EWARMv7\Flash\Obj\stm32f4xx_adc.o
#        E:\WORK\YarnControl_Driver\YarnControl_Driver\src\stm32f4_rtos\Project\EWARMv7\Flash\Obj\stm32f4xx_assert.o
#        E:\WORK\YarnControl_Driver\YarnControl_Driver\src\stm32f4_rtos\Project\EWARMv7\Flash\Obj\stm32f4xx_can.o
#        E:\WORK\YarnControl_Driver\YarnControl_Driver\src\stm32f4_rtos\Project\EWARMv7\Flash\Obj\stm32f4xx_crc.o
#        E:\WORK\YarnControl_Driver\YarnControl_Driver\src\stm32f4_rtos\Project\EWARMv7\Flash\Obj\stm32f4xx_cryp.o
#        E:\WORK\YarnControl_Driver\YarnControl_Driver\src\stm32f4_rtos\Project\EWARMv7\Flash\Obj\stm32f4xx_cryp_aes.o
#        E:\WORK\YarnControl_Driver\YarnControl_Driver\src\stm32f4_rtos\Project\EWARMv7\Flash\Obj\stm32f4xx_cryp_des.o
#        E:\WORK\YarnControl_Driver\YarnControl_Driver\src\stm32f4_rtos\Project\EWARMv7\Flash\Obj\stm32f4xx_cryp_tdes.o
#        E:\WORK\YarnControl_Driver\YarnControl_Driver\src\stm32f4_rtos\Project\EWARMv7\Flash\Obj\stm32f4xx_dac.o
#        E:\WORK\YarnControl_Driver\YarnControl_Driver\src\stm32f4_rtos\Project\EWARMv7\Flash\Obj\stm32f4xx_dbgmcu.o
#        E:\WORK\YarnControl_Driver\YarnControl_Driver\src\stm32f4_rtos\Project\EWARMv7\Flash\Obj\stm32f4xx_dcmi.o
#        E:\WORK\YarnControl_Driver\YarnControl_Driver\src\stm32f4_rtos\Project\EWARMv7\Flash\Obj\stm32f4xx_dma.o
#        E:\WORK\YarnControl_Driver\YarnControl_Driver\src\stm32f4_rtos\Project\EWARMv7\Flash\Obj\stm32f4xx_dma2d.o
#        E:\WORK\YarnControl_Driver\YarnControl_Driver\src\stm32f4_rtos\Project\EWARMv7\Flash\Obj\stm32f4xx_exti.o
#        E:\WORK\YarnControl_Driver\YarnControl_Driver\src\stm32f4_rtos\Project\EWARMv7\Flash\Obj\stm32f4xx_flash.o
#        E:\WORK\YarnControl_Driver\YarnControl_Driver\src\stm32f4_rtos\Project\EWARMv7\Flash\Obj\stm32f4xx_fsmc.o
#        E:\WORK\YarnControl_Driver\YarnControl_Driver\src\stm32f4_rtos\Project\EWARMv7\Flash\Obj\stm32f4xx_gpio.o
#        E:\WORK\YarnControl_Driver\YarnControl_Driver\src\stm32f4_rtos\Project\EWARMv7\Flash\Obj\stm32f4xx_hash.o
#        E:\WORK\YarnControl_Driver\YarnControl_Driver\src\stm32f4_rtos\Project\EWARMv7\Flash\Obj\stm32f4xx_hash_md5.o
#        E:\WORK\YarnControl_Driver\YarnControl_Driver\src\stm32f4_rtos\Project\EWARMv7\Flash\Obj\stm32f4xx_hash_sha1.o
#        E:\WORK\YarnControl_Driver\YarnControl_Driver\src\stm32f4_rtos\Project\EWARMv7\Flash\Obj\stm32f4xx_i2c.o
#        E:\WORK\YarnControl_Driver\YarnControl_Driver\src\stm32f4_rtos\Project\EWARMv7\Flash\Obj\stm32f4xx_it.o
#        E:\WORK\YarnControl_Driver\YarnControl_Driver\src\stm32f4_rtos\Project\EWARMv7\Flash\Obj\stm32f4xx_iwdg.o
#        E:\WORK\YarnControl_Driver\YarnControl_Driver\src\stm32f4_rtos\Project\EWARMv7\Flash\Obj\stm32f4xx_ltdc.o
#        E:\WORK\YarnControl_Driver\YarnControl_Driver\src\stm32f4_rtos\Project\EWARMv7\Flash\Obj\stm32f4xx_pwr.o
#        E:\WORK\YarnControl_Driver\YarnControl_Driver\src\stm32f4_rtos\Project\EWARMv7\Flash\Obj\stm32f4xx_rcc.o
#        E:\WORK\YarnControl_Driver\YarnControl_Driver\src\stm32f4_rtos\Project\EWARMv7\Flash\Obj\stm32f4xx_rng.o
#        E:\WORK\YarnControl_Driver\YarnControl_Driver\src\stm32f4_rtos\Project\EWARMv7\Flash\Obj\stm32f4xx_rtc.o
#        E:\WORK\YarnControl_Driver\YarnControl_Driver\src\stm32f4_rtos\Project\EWARMv7\Flash\Obj\stm32f4xx_sai.o
#        E:\WORK\YarnControl_Driver\YarnControl_Driver\src\stm32f4_rtos\Project\EWARMv7\Flash\Obj\stm32f4xx_sdio.o
#        E:\WORK\YarnControl_Driver\YarnControl_Driver\src\stm32f4_rtos\Project\EWARMv7\Flash\Obj\stm32f4xx_spi.o
#        E:\WORK\YarnControl_Driver\YarnControl_Driver\src\stm32f4_rtos\Project\EWARMv7\Flash\Obj\stm32f4xx_syscfg.o
#        E:\WORK\YarnControl_Driver\YarnControl_Driver\src\stm32f4_rtos\Project\EWARMv7\Flash\Obj\stm32f4xx_tim.o
#        E:\WORK\YarnControl_Driver\YarnControl_Driver\src\stm32f4_rtos\Project\EWARMv7\Flash\Obj\stm32f4xx_usart.o
#        E:\WORK\YarnControl_Driver\YarnControl_Driver\src\stm32f4_rtos\Project\EWARMv7\Flash\Obj\stm32f4xx_wwdg.o
#        E:\WORK\YarnControl_Driver\YarnControl_Driver\src\stm32f4_rtos\Project\EWARMv7\Flash\Obj\SysInfoTest.o
#        E:\WORK\YarnControl_Driver\YarnControl_Driver\src\stm32f4_rtos\Project\EWARMv7\Flash\Obj\system_stm32f4xx.o
#        E:\WORK\YarnControl_Driver\YarnControl_Driver\src\stm32f4_rtos\Project\EWARMv7\Flash\Obj\tasks.o
#        E:\WORK\YarnControl_Driver\YarnControl_Driver\src\stm32f4_rtos\Project\EWARMv7\Flash\Obj\timers.o
#        E:\WORK\YarnControl_Driver\YarnControl_Driver\src\stm32f4_rtos\Project\EWARMv7\Flash\Obj\usb_bsp.o
#        E:\WORK\YarnControl_Driver\YarnControl_Driver\src\stm32f4_rtos\Project\EWARMv7\Flash\Obj\usb_core.o
#        E:\WORK\YarnControl_Driver\YarnControl_Driver\src\stm32f4_rtos\Project\EWARMv7\Flash\Obj\usb_hcd.o
#        E:\WORK\YarnControl_Driver\YarnControl_Driver\src\stm32f4_rtos\Project\EWARMv7\Flash\Obj\usb_hcd_int.o
#        E:\WORK\YarnControl_Driver\YarnControl_Driver\src\stm32f4_rtos\Project\EWARMv7\Flash\Obj\usbh_core.o
#        E:\WORK\YarnControl_Driver\YarnControl_Driver\src\stm32f4_rtos\Project\EWARMv7\Flash\Obj\usbh_hcs.o
#        E:\WORK\YarnControl_Driver\YarnControl_Driver\src\stm32f4_rtos\Project\EWARMv7\Flash\Obj\usbh_ioreq.o
#        E:\WORK\YarnControl_Driver\YarnControl_Driver\src\stm32f4_rtos\Project\EWARMv7\Flash\Obj\usbh_it.o
#        E:\WORK\YarnControl_Driver\YarnControl_Driver\src\stm32f4_rtos\Project\EWARMv7\Flash\Obj\usbh_msc_bot.o
#        E:\WORK\YarnControl_Driver\YarnControl_Driver\src\stm32f4_rtos\Project\EWARMv7\Flash\Obj\usbh_msc_core.o
#        E:\WORK\YarnControl_Driver\YarnControl_Driver\src\stm32f4_rtos\Project\EWARMv7\Flash\Obj\usbh_msc_scsi.o
#        E:\WORK\YarnControl_Driver\YarnControl_Driver\src\stm32f4_rtos\Project\EWARMv7\Flash\Obj\usbh_stdreq.o
#        E:\WORK\YarnControl_Driver\YarnControl_Driver\src\stm32f4_rtos\Project\EWARMv7\Flash\Obj\usbh_usr.o
#        -o
#        E:\WORK\YarnControl_Driver\YarnControl_Driver\src\stm32f4_rtos\Project\EWARMv7\Flash\Exe\project.out
#        --map
#        E:\WORK\YarnControl_Driver\YarnControl_Driver\src\stm32f4_rtos\Project\EWARMv7\Flash\List\project.map
#        --config
#        E:\WORK\YarnControl_Driver\YarnControl_Driver\src\stm32f4_rtos\Project\EWARMv7\stm32f4xx_flash.icf
#        --semihosting --entry __iar_program_start --inline --vfe
#
###############################################################################

*******************************************************************************
*** RUNTIME MODEL ATTRIBUTES
***

CppFlavor       = *
__SystemLibrary = DLib


*******************************************************************************
*** PLACEMENT SUMMARY
***

"A1":  place at 0x08000000 { ro section .intvec };
"P1":  place in [from 0x08000000 to 0x080fffff] { ro };
"P2":  place in [from 0x20000000 to 0x2001ffff] { rw, block CSTACK, block HEAP };

  Section             Kind        Address     Size  Object
  -------             ----        -------     ----  ------
"A1":                                        0x188
  .intvec             ro code  0x08000000    0x188  startup_stm32f40_41xxx.o [1]
                             - 0x08000188    0x188

"P1":                                      0x40ea9
  .rodata             const    0x08000188  0x15484  cc936.o [1]
  .rodata             const    0x0801560c  0x15484  cc936.o [1]
  .text               ro code  0x0802aa90   0x4038  apptask.o [1]
  .text               ro code  0x0802eac8    0xc00  tasks.o [1]
  .text               ro code  0x0802f6c8    0x7c8  queue.o [1]
  .text               ro code  0x0802fe90   0x1258  bsp_sdwe050c17.o [1]
  .text               ro code  0x080310e8    0x524  product_cal.o [1]
  .text               ro code  0x0803160c     0x66  ABImemset.o [5]
  .text               ro code  0x08031672      0xa  xsprout.o [3]
  .text               ro code  0x0803167c    0x380  bsp_w25qxx.o [1]
  .text               ro code  0x080319fc     0x76  ABImemcpy_unaligned.o [5]
  .text               ro code  0x08031a74     0x4e  FltToDbl.o [4]
  .text               ro code  0x08031ac4     0x24  printf.o [3]
  .text               ro code  0x08031ae8     0x42  strcmp_unaligned.o [5]
  .text               ro code  0x08031b2c    0x21c  malloc.o [1]
  .text               ro code  0x08031d48    0x534  stm32f4xx_tim.o [1]
  .text               ro code  0x0803227c     0x30  I32ToDbl.o [4]
  .text               ro code  0x080322ac    0x256  DblDiv.o [4]
  .text               ro code  0x08032504     0xe8  DblAdd.o [4]
  .text               ro code  0x080325ec    0x1a2  DblMul.o [4]
  .text               ro code  0x08032790     0x58  DblToI32.o [4]
  .text               ro code  0x080327e8     0x90  DblToFlt.o [4]
  .text               ro code  0x08032878     0x36  strlen.o [5]
  .text               ro code  0x080328b0     0x62  memcmp_unaligned.o [5]
  .text               ro code  0x08032914    0x1b6  usbh_usr.o [1]
  .text               ro code  0x08032acc    0x760  usbh_core.o [1]
  .text               ro code  0x0803322c   0x2264  ff.o [1]
  .text               ro code  0x08035490     0x34  sprintf.o [3]
  .text               ro code  0x080354c4     0x1c  strcat.o [3]
  .text               ro code  0x080354e0     0xc0  bsp_led.o [1]
  .text               ro code  0x080355a0     0xae  rc522.o [1]
  .text               ro code  0x08035650    0x354  modbus.o [1]
  .text               ro code  0x080359a4     0x68  bsp_sw_onoff.o [1]
  .text               ro code  0x08035a0c     0x44  protocol.o [1]
  .text               ro code  0x08035a50     0x10  apptask.o [1]
  .text               ro code  0x08035a60    0x224  bsp_stepmotor.o [1]
  .text               ro code  0x08035c84    0x12c  stm32f4xx_gpio.o [1]
  .text               ro code  0x08035db0    0x468  bsp_servomotor.o [1]
  .text               ro code  0x08036218    0x262  event_groups.o [1]
  .text               ro code  0x0803647c    0x4a4  timers.o [1]
  .text               ro code  0x08036920      0x8  bsp_watchdog.o [1]
  .text               ro code  0x08036928    0x24c  port.o [1]
  .text               ro code  0x08036b74     0x98  list.o [1]
  .text               ro code  0x08036c0c    0x280  heap_4.o [1]
  .text               ro code  0x08036e8c    0x1e8  stm32f4xx_rcc.o [1]
  .text               ro code  0x08037074    0x9e4  bsp_uart_fifo.o [1]
  .text               ro code  0x08037a58    0x204  bsp_timer.o [1]
  .text               ro code  0x08037c5c    0x124  bsp_spi.o [1]
  .text               ro code  0x08037d80    0xd96  xprintffull_nomb.o [3]
  .text               ro code  0x08038b18    0x180  DblSub.o [4]
  .text               ro code  0x08038c98    0x14c  usb_bsp.o [1]
  .text               ro code  0x08038de4     0xd6  usb_hcd.o [1]
  .text               ro code  0x08038eba    0x1ba  usbh_hcs.o [1]
  .text               ro code  0x08039074    0x436  usbh_stdreq.o [1]
  .text               ro code  0x080394aa    0x246  usbh_ioreq.o [1]
  .text               ro code  0x080396f0    0x2e4  diskio.o [1]
  .text               ro code  0x080399d4     0xf4  cc936.o [1]
  .text               ro code  0x08039ac8     0xb8  mcheck.o [1]
  .text               ro code  0x08039b80     0x2c  strstr.o [3]
  .text               ro code  0x08039bac    0x31c  stm32f4xx_dma.o [1]
  .text               ro code  0x08039ec8     0x88  misc.o [1]
  .text               ro code  0x08039f50     0x10  stm32f4xx_iwdg.o [1]
  CODE                ro code  0x08039f60     0xa8  portasm.o [1]
  .text               ro code  0x0803a008    0x254  stm32f4xx_usart.o [1]
  .text               ro code  0x0803a25c     0x74  stm32f4xx_spi.o [1]
  .text               ro code  0x0803a2d0     0x16  strchr.o [5]
  .text               ro code  0x0803a2e8     0x58  memchr.o [5]
  .text               ro code  0x0803a340     0xee  I64DivMod.o [5]
  .text               ro code  0x0803a42e     0x42  xdnorm.o [4]
  .text               ro code  0x0803a470     0x2e  DblCmpLe.o [4]
  .text               ro code  0x0803a4a0     0x2e  DblCmpGe.o [4]
  .text               ro code  0x0803a4d0    0x114  xdscale.o [4]
  .text               ro code  0x0803a5e4     0x6c  localeconv.o [3]
  .text               ro code  0x0803a650      0xe  div.o [3]
  .text               ro code  0x0803a660     0x74  bsp_dwt.o [1]
  .text               ro code  0x0803a6d4    0xa50  usb_core.o [1]
  .text               ro code  0x0803b124   0x1a58  bsp_sdio_sd.o [1]
  .text               ro code  0x0803cb7c    0x618  usbh_msc_scsi.o [1]
  .text               ro code  0x0803d194    0x554  usbh_msc_bot.o [1]
  .text               ro code  0x0803d6e8      0x2  I64DivZer.o [5]
  .text               ro code  0x0803d6ec    0x17c  stm32f4xx_sdio.o [1]
  .text               ro code  0x0803d868    0xc7e  usb_hcd_int.o [1]
  .text               ro code  0x0803e4e8    0x3e8  usbh_msc_core.o [1]
  .rodata             const    0x0803e8d0    0x3dc  cc936.o [1]
  .rodata             const    0x0803ecac    0x3dc  cc936.o [1]
  .text               ro code  0x0803f088    0x2e0  bsp_tim_pwm.o [1]
  .text               ro code  0x0803f368    0x2bc  para.o [1]
  .text               ro code  0x0803f624     0x44  strcpy_unaligned.o [5]
  .rodata             const    0x0803f668    0x1f4  apptask.o [1]
  .rodata             const    0x0803f85c    0x190  product_cal.o [1]
  .text               ro code  0x0803f9ec    0x154  system_stm32f4xx.o [1]
  .rodata             const    0x0803fb40    0x100  mcheck.o [1]
  .rodata             const    0x0803fc40    0x100  mcheck.o [1]
  .rodata             const    0x0803fd40    0x100  mcheck.o [1]
  .text               ro code  0x0803fe40     0xe8  bsp_closeSW.o [1]
  .text               ro code  0x0803ff28     0x54  stm32f4xx_syscfg.o [1]
  .text               ro code  0x0803ff7c     0xc0  stm32f4xx_exti.o [1]
  .text               ro code  0x0804003c     0xd0  packbits_init.o [5]
  .text               ro code  0x0804010c      0x6  abort.o [3]
  .text               ro code  0x08040114     0x14  exit.o [6]
  .text               ro code  0x08040128     0x4c  bsp.o [1]
  .text               ro code  0x08040174     0x44  bsp_relay.o [1]
  .text               ro code  0x080401b8     0x40  zero_init3.o [5]
  .text               ro code  0x080401f8     0x3c  SysInfoTest.o [1]
  .rodata             const    0x08040234     0x38  demo_fatfs.o [1]
  .text               ro code  0x0804026c     0x38  stm32f4xx_it.o [1]
  .text               ro code  0x080402a4     0x34  main.o [1]
  .rodata             const    0x080402d8     0x30  apptask.o [1]
  .rodata             const    0x08040308     0x30  demo_fatfs.o [1]
  .rodata             const    0x08040338     0x30  demo_fatfs.o [1]
  .rodata             const    0x08040368     0x2c  apptask.o [1]
  .rodata             const    0x08040394     0x2c  demo_fatfs.o [1]
  .rodata             const    0x080403c0     0x2c  demo_fatfs.o [1]
  .rodata             const    0x080403ec     0x2c  stm32f4xx_it.o [1]
  .rodata             const    0x08040418     0x28  demo_fatfs.o [1]
  .rodata             const    0x08040440     0x28  demo_fatfs.o [1]
  .rodata             const    0x08040468     0x28  demo_fatfs.o [1]
  .text               ro code  0x08040490     0x28  data_init.o [5]
  .rodata             const    0x080404b8     0x24  demo_fatfs.o [1]
  .rodata             const    0x080404dc     0x24  demo_fatfs.o [1]
  .rodata             const    0x08040500     0x24  usbh_usr.o [1]
  .text               ro code  0x08040524     0x22  fpinit_M.o [4]
  .iar.init_table     const    0x08040548     0x34  - Linker created -
  .rodata             const    0x0804057c     0x20  apptask.o [1]
  .rodata             const    0x0804059c     0x20  apptask.o [1]
  .rodata             const    0x080405bc     0x20  bsp_sdwe050c17.o [1]
  .rodata             const    0x080405dc     0x20  demo_fatfs.o [1]
  .rodata             const    0x080405fc     0x20  demo_fatfs.o [1]
  .rodata             const    0x0804061c     0x20  demo_fatfs.o [1]
  .rodata             const    0x0804063c     0x20  usbh_usr.o [1]
  .rodata             const    0x0804065c     0x20  usbh_usr.o [1]
  .rodata             const    0x0804067c     0x20  usbh_usr.o [1]
  .rodata             const    0x0804069c     0x20  usbh_usr.o [1]
  .rodata             const    0x080406bc     0x20  usbh_usr.o [1]
  .rodata             const    0x080406dc     0x1c  apptask.o [1]
  .rodata             const    0x080406f8     0x1c  apptask.o [1]
  .rodata             const    0x08040714     0x1c  apptask.o [1]
  .rodata             const    0x08040730     0x1c  apptask.o [1]
  .rodata             const    0x0804074c     0x1c  apptask.o [1]
  .rodata             const    0x08040768     0x1c  apptask.o [1]
  .rodata             const    0x08040784     0x1c  demo_fatfs.o [1]
  .rodata             const    0x080407a0     0x1c  demo_fatfs.o [1]
  .rodata             const    0x080407bc     0x1c  usbh_usr.o [1]
  .rodata             const    0x080407d8     0x1c  usbh_usr.o [1]
  .rodata             const    0x080407f4     0x1c  usbh_usr.o [1]
  .rodata             const    0x08040810     0x1c  usbh_usr.o [1]
  .rodata             const    0x0804082c     0x1c  usbh_usr.o [1]
  .rodata             const    0x08040848     0x1c  usbh_usr.o [1]
  .text               ro code  0x08040864     0x1a  cmain.o [5]
  .text               ro code  0x0804087e      0x4  exit.o [3]
  .text               ro code  0x08040884      0xa  cexit.o [5]
  .rodata             const    0x08040890     0x18  apptask.o [1]
  .rodata             const    0x080408a8     0x18  apptask.o [1]
  .rodata             const    0x080408c0     0x18  apptask.o [1]
  .rodata             const    0x080408d8     0x18  apptask.o [1]
  .rodata             const    0x080408f0     0x18  apptask.o [1]
  .rodata             const    0x08040908     0x18  apptask.o [1]
  .rodata             const    0x08040920     0x18  apptask.o [1]
  .rodata             const    0x08040938     0x18  demo_fatfs.o [1]
  .rodata             const    0x08040950     0x18  demo_fatfs.o [1]
  .rodata             const    0x08040968     0x18  demo_fatfs.o [1]
  .rodata             const    0x08040980     0x18  demo_fatfs.o [1]
  .rodata             const    0x08040998     0x18  usbh_usr.o [1]
  .rodata             const    0x080409b0     0x18  usbh_usr.o [1]
  .rodata             const    0x080409c8     0x18  usbh_usr.o [1]
  .rodata             const    0x080409e0     0x18  usbh_usr.o [1]
  .rodata             const    0x080409f8     0x18  usbh_usr.o [1]
  .text               ro code  0x08040a10     0x16  xprout.o [3]
  .text               ro code  0x08040a28      0xc  putchar.o [3]
  .rodata             const    0x08040a34     0x14  apptask.o [1]
  .rodata             const    0x08040a48     0x14  apptask.o [1]
  .rodata             const    0x08040a5c     0x14  apptask.o [1]
  .rodata             const    0x08040a70     0x14  apptask.o [1]
  .rodata             const    0x08040a84     0x14  apptask.o [1]
  .rodata             const    0x08040a98     0x14  apptask.o [1]
  .rodata             const    0x08040aac     0x14  usbh_usr.o [1]
  .rodata             const    0x08040ac0     0x14  usbh_usr.o [1]
  .rodata             const    0x08040ad4     0x10  apptask.o [1]
  .rodata             const    0x08040ae4     0x10  apptask.o [1]
  .rodata             const    0x08040af4     0x10  apptask.o [1]
  .rodata             const    0x08040b04     0x10  apptask.o [1]
  .rodata             const    0x08040b14     0x10  apptask.o [1]
  .rodata             const    0x08040b24     0x10  apptask.o [1]
  .rodata             const    0x08040b34     0x10  apptask.o [1]
  .rodata             const    0x08040b44     0x10  apptask.o [1]
  .rodata             const    0x08040b54     0x10  apptask.o [1]
  .rodata             const    0x08040b64     0x10  ff.o [1]
  .rodata             const    0x08040b74     0x10  main.o [1]
  .rodata             const    0x08040b84     0x10  main.o [1]
  .rodata             const    0x08040b94     0x10  usbh_usr.o [1]
  .rodata             const    0x08040ba4     0x10  usbh_usr.o [1]
  .text               ro code  0x08040bb4     0x10  startup_stm32f40_41xxx.o [1]
  .text               ro code  0x08040bc4     0x10  usbh_it.o [1]
  .rodata             const    0x08040bd4      0xc  apptask.o [1]
  .rodata             const    0x08040be0      0xc  apptask.o [1]
  .rodata             const    0x08040bec      0xc  apptask.o [1]
  .rodata             const    0x08040bf8      0xc  apptask.o [1]
  .rodata             const    0x08040c04      0xc  apptask.o [1]
  .rodata             const    0x08040c10      0xc  apptask.o [1]
  .rodata             const    0x08040c1c      0xc  apptask.o [1]
  .rodata             const    0x08040c28      0xc  apptask.o [1]
  .rodata             const    0x08040c34      0xc  apptask.o [1]
  .rodata             const    0x08040c40      0xc  apptask.o [1]
  .rodata             const    0x08040c4c      0xc  apptask.o [1]
  .rodata             const    0x08040c58      0xc  apptask.o [1]
  .rodata             const    0x08040c64      0xc  apptask.o [1]
  .rodata             const    0x08040c70      0xc  apptask.o [1]
  .rodata             const    0x08040c7c      0xc  apptask.o [1]
  .rodata             const    0x08040c88      0xc  apptask.o [1]
  .rodata             const    0x08040c94      0xc  apptask.o [1]
  .rodata             const    0x08040ca0      0xc  apptask.o [1]
  .rodata             const    0x08040cac      0xc  apptask.o [1]
  .rodata             const    0x08040cb8      0xc  apptask.o [1]
  .rodata             const    0x08040cc4      0xc  apptask.o [1]
  .rodata             const    0x08040cd0      0xc  apptask.o [1]
  .rodata             const    0x08040cdc      0xc  apptask.o [1]
  .rodata             const    0x08040ce8      0xc  apptask.o [1]
  .rodata             const    0x08040cf4      0xc  apptask.o [1]
  .rodata             const    0x08040d00      0xc  apptask.o [1]
  .rodata             const    0x08040d0c      0xc  bsp_sdwe050c17.o [1]
  .rodata             const    0x08040d18      0xc  bsp_sdwe050c17.o [1]
  .rodata             const    0x08040d24      0xc  demo_fatfs.o [1]
  .rodata             const    0x08040d30      0xc  ff.o [1]
  .text               ro code  0x08040d3c      0xc  cstartup_M.o [5]
  .rodata             const    0x08040d48      0x8  apptask.o [1]
  .rodata             const    0x08040d50      0x8  apptask.o [1]
  .rodata             const    0x08040d58      0x8  apptask.o [1]
  .rodata             const    0x08040d60      0x8  apptask.o [1]
  .rodata             const    0x08040d68      0x8  apptask.o [1]
  .rodata             const    0x08040d70      0x8  apptask.o [1]
  .rodata             const    0x08040d78      0x8  apptask.o [1]
  .rodata             const    0x08040d80      0x8  apptask.o [1]
  .rodata             const    0x08040d88      0x8  apptask.o [1]
  .rodata             const    0x08040d90      0x8  apptask.o [1]
  .rodata             const    0x08040d98      0x8  apptask.o [1]
  .rodata             const    0x08040da0      0x8  apptask.o [1]
  .rodata             const    0x08040da8      0x8  bsp_w25qxx.o [1]
  .rodata             const    0x08040db0      0x8  ff.o [1]
  .rodata             const    0x08040db8      0x8  malloc.o [1]
  .rodata             const    0x08040dc0      0x8  malloc.o [1]
  .rodata             const    0x08040dc8      0x8  malloc.o [1]
  .rodata             const    0x08040dd0      0x8  para.o [1]
  .rodata             const    0x08040dd8      0x8  para.o [1]
  .rodata             const    0x08040de0      0x8  para.o [1]
  .rodata             const    0x08040de8      0x8  tasks.o [1]
  .rodata             const    0x08040df0      0x8  timers.o [1]
  .rodata             const    0x08040df8      0x4  heap_4.o [1]
  .rodata             const    0x08040dfc      0x4  port.o [1]
  .text               ro code  0x08040e00      0x4  startup_stm32f40_41xxx.o [1]
  .text               ro code  0x08040e04      0x4  startup_stm32f40_41xxx.o [1]
  .text               ro code  0x08040e08      0x4  startup_stm32f40_41xxx.o [1]
  .text               ro code  0x08040e0c      0x4  startup_stm32f40_41xxx.o [1]
  .text               ro code  0x08040e10      0x4  startup_stm32f40_41xxx.o [1]
  .text               ro code  0x08040e14      0x4  startup_stm32f40_41xxx.o [1]
  .text               ro code  0x08040e18      0x4  startup_stm32f40_41xxx.o [1]
  .text               ro code  0x08040e1c      0x4  startup_stm32f40_41xxx.o [1]
  .text               ro code  0x08040e20      0x4  startup_stm32f40_41xxx.o [1]
  .text               ro code  0x08040e24      0x4  startup_stm32f40_41xxx.o [1]
  .text               ro code  0x08040e28      0x4  startup_stm32f40_41xxx.o [1]
  .text               ro code  0x08040e2c      0x4  startup_stm32f40_41xxx.o [1]
  .text               ro code  0x08040e30      0x4  startup_stm32f40_41xxx.o [1]
  .text               ro code  0x08040e34      0x4  startup_stm32f40_41xxx.o [1]
  .text               ro code  0x08040e38      0x4  startup_stm32f40_41xxx.o [1]
  .text               ro code  0x08040e3c      0x4  startup_stm32f40_41xxx.o [1]
  .text               ro code  0x08040e40      0x4  startup_stm32f40_41xxx.o [1]
  .text               ro code  0x08040e44      0x4  startup_stm32f40_41xxx.o [1]
  .text               ro code  0x08040e48      0x4  startup_stm32f40_41xxx.o [1]
  .text               ro code  0x08040e4c      0x4  startup_stm32f40_41xxx.o [1]
  .text               ro code  0x08040e50      0x4  startup_stm32f40_41xxx.o [1]
  .text               ro code  0x08040e54      0x4  startup_stm32f40_41xxx.o [1]
  .text               ro code  0x08040e58      0x4  startup_stm32f40_41xxx.o [1]
  .text               ro code  0x08040e5c      0x4  startup_stm32f40_41xxx.o [1]
  .text               ro code  0x08040e60      0x4  startup_stm32f40_41xxx.o [1]
  .text               ro code  0x08040e64      0x4  startup_stm32f40_41xxx.o [1]
  .text               ro code  0x08040e68      0x4  startup_stm32f40_41xxx.o [1]
  .text               ro code  0x08040e6c      0x4  startup_stm32f40_41xxx.o [1]
  .text               ro code  0x08040e70      0x4  startup_stm32f40_41xxx.o [1]
  .text               ro code  0x08040e74      0x4  startup_stm32f40_41xxx.o [1]
  .text               ro code  0x08040e78      0x4  startup_stm32f40_41xxx.o [1]
  .text               ro code  0x08040e7c      0x4  startup_stm32f40_41xxx.o [1]
  .text               ro code  0x08040e80      0x4  startup_stm32f40_41xxx.o [1]
  .text               ro code  0x08040e84      0x4  startup_stm32f40_41xxx.o [1]
  .text               ro code  0x08040e88      0x4  startup_stm32f40_41xxx.o [1]
  .text               ro code  0x08040e8c      0x4  startup_stm32f40_41xxx.o [1]
  .text               ro code  0x08040e90      0x4  startup_stm32f40_41xxx.o [1]
  .text               ro code  0x08040e94      0x4  startup_stm32f40_41xxx.o [1]
  .text               ro code  0x08040e98      0x4  startup_stm32f40_41xxx.o [1]
  .text               ro code  0x08040e9c      0x4  startup_stm32f40_41xxx.o [1]
  .text               ro code  0x08040ea0      0x4  startup_stm32f40_41xxx.o [1]
  .text               ro code  0x08040ea4      0x4  startup_stm32f40_41xxx.o [1]
  .text               ro code  0x08040ea8      0x4  startup_stm32f40_41xxx.o [1]
  .text               ro code  0x08040eac      0x4  startup_stm32f40_41xxx.o [1]
  .text               ro code  0x08040eb0      0x4  startup_stm32f40_41xxx.o [1]
  .text               ro code  0x08040eb4      0x4  startup_stm32f40_41xxx.o [1]
  .text               ro code  0x08040eb8      0x4  startup_stm32f40_41xxx.o [1]
  .text               ro code  0x08040ebc      0x4  startup_stm32f40_41xxx.o [1]
  .text               ro code  0x08040ec0      0x4  startup_stm32f40_41xxx.o [1]
  .text               ro code  0x08040ec4      0x4  startup_stm32f40_41xxx.o [1]
  .text               ro code  0x08040ec8      0x4  startup_stm32f40_41xxx.o [1]
  .text               ro code  0x08040ecc      0x4  startup_stm32f40_41xxx.o [1]
  .text               ro code  0x08040ed0      0x4  startup_stm32f40_41xxx.o [1]
  .text               ro code  0x08040ed4      0x4  startup_stm32f40_41xxx.o [1]
  .text               ro code  0x08040ed8      0x4  startup_stm32f40_41xxx.o [1]
  .text               ro code  0x08040edc      0x4  startup_stm32f40_41xxx.o [1]
  .text               ro code  0x08040ee0      0x4  startup_stm32f40_41xxx.o [1]
  .text               ro code  0x08040ee4      0x4  startup_stm32f40_41xxx.o [1]
  .text               ro code  0x08040ee8      0x4  startup_stm32f40_41xxx.o [1]
  .text               ro code  0x08040eec      0x4  startup_stm32f40_41xxx.o [1]
  .text               ro code  0x08040ef0      0x4  startup_stm32f40_41xxx.o [1]
  .text               ro code  0x08040ef4      0x4  startup_stm32f40_41xxx.o [1]
  .text               ro code  0x08040ef8      0x4  startup_stm32f40_41xxx.o [1]
  .text               ro code  0x08040efc      0x4  startup_stm32f40_41xxx.o [1]
  .text               ro code  0x08040f00      0x4  startup_stm32f40_41xxx.o [1]
  .text               ro code  0x08040f04      0x4  startup_stm32f40_41xxx.o [1]
  .text               ro code  0x08040f08      0x4  startup_stm32f40_41xxx.o [1]
  .text               ro code  0x08040f0c      0x4  startup_stm32f40_41xxx.o [1]
  .text               ro code  0x08040f10      0x4  startup_stm32f40_41xxx.o [1]
  .rodata             const    0x08040f14      0x0  zero_init3.o [5]
  .rodata             const    0x08040f14      0x0  packbits_init.o [5]
  Initializer bytes   const    0x08040f14    0x11d  <for P2 s0>
                             - 0x08041031  0x40ea9

"P2":                                      0x1f6e8
  P2 s0                        0x20000000    0x1cb  <Init block>
    __DLIB_PERTHREAD  inited   0x20000000     0x88  localeconv.o [3]
    .data             inited   0x20000088     0x50  demo_fatfs.o [1]
    .data             inited   0x200000d8     0x48  usbh_usr.o [1]
    .data             inited   0x20000120     0x40  xfiles.o [3]
    .data             inited   0x20000160     0x1c  malloc.o [1]
    .data             inited   0x2000017c     0x14  bsp_servomotor.o [1]
    .data             inited   0x20000190     0x10  stm32f4xx_rcc.o [1]
    .data             inited   0x200001a0     0x10  usbh_msc_core.o [1]
    .data             inited   0x200001b0      0xc  usbh_core.o [1]
    .data             inited   0x200001bc      0x4  port.o [1]
    .data             inited   0x200001c0      0x4  system_stm32f4xx.o [1]
    .data             inited   0x200001c4      0x4  usbh_core.o [1]
    .data             inited   0x200001c8      0x2  bsp_w25qxx.o [1]
    .data             inited   0x200001ca      0x1  usbh_msc_scsi.o [1]
  .bss                zero     0x200001cc  0x11800  heap_4.o [1]
  .bss                zero     0x200119cc   0xa000  malloc.o [1]
  .bss                zero     0x2001b9cc   0x1000  bsp_w25qxx.o [1]
  .bss                zero     0x2001c9cc    0xa00  malloc.o [1]
  .bss                zero     0x2001d3cc    0x5ac  usbh_usr.o [1]
  .bss                zero     0x2001d978    0x5ac  usbh_usr.o [1]
  .bss                zero     0x2001df24    0x200  ff.o [1]
  .bss                zero     0x2001e124    0x200  usbh_msc_scsi.o [1]
  .bss                zero     0x2001e324    0x200  usbh_stdreq.o [1]
  .bss                zero     0x2001e524    0x118  page_weimi.o [1]
  .bss                zero     0x2001e63c     0xc8  tasks.o [1]
  .bss                zero     0x2001e704     0xa4  protocol.o [1]
  .bss                zero     0x2001e7a8     0x94  usbh_usr.o [1]
  .bss                zero     0x2001e83c     0x90  para.o [1]
  .bss                zero     0x2001e8cc     0x70  protocol.o [1]
  .bss                zero     0x2001e93c     0x64  bsp_uart_fifo.o [1]
  .bss                zero     0x2001e9a0     0x64  bsp_uart_fifo.o [1]
  .bss                zero     0x2001ea08     0x58  bsp_sdio_sd.o [1]
  .bss                zero     0x2001ea60     0x50  protocol.o [1]
  .bss                zero     0x2001eab0     0x50  xfiles.o [3]
  .bss                zero     0x2001eb00     0x4c  usbh_msc_core.o [1]
  .bss                zero     0x2001eb4c     0x34  bsp_sdwe050c17.o [1]
  .bss                zero     0x2001eb80     0x2c  product_cal.o [1]
  .bss                zero     0x2001ebac     0x28  bsp_uart_fifo.o [1]
  .bss                zero     0x2001ebd4     0x28  product_cal.o [1]
  .bss                zero     0x2001ebfc     0x24  ff.o [1]
  .bss                zero     0x2001ec20     0x20  usbh_msc_bot.o [1]
  .bss                zero     0x2001ec40     0x18  bsp_sdio_sd.o [1]
  .bss                zero     0x2001ec58     0x18  bsp_sdio_sd.o [1]
  .bss                zero     0x2001ec70     0x14  bsp_sdio_sd.o [1]
  .bss                zero     0x2001ec84     0x14  rc522.o [1]
  .bss                zero     0x2001ec98     0x14  tasks.o [1]
  .bss                zero     0x2001ecac     0x14  tasks.o [1]
  .bss                zero     0x2001ecc0     0x14  tasks.o [1]
  .bss                zero     0x2001ecd4     0x14  tasks.o [1]
  .bss                zero     0x2001ece8     0x14  tasks.o [1]
  .bss                zero     0x2001ecfc     0x14  timers.o [1]
  .bss                zero     0x2001ed10     0x14  timers.o [1]
  .bss                zero     0x2001ed24     0x10  bsp_sdio_sd.o [1]
  .bss                zero     0x2001ed34     0x10  bsp_sdio_sd.o [1]
  .bss                zero     0x2001ed44     0x10  usbh_msc_bot.o [1]
  .bss                zero     0x2001ed54     0x10  usbh_msc_bot.o [1]
  .bss                zero     0x2001ed64     0x10  usbh_msc_scsi.o [1]
  .bss                zero     0x2001ed74      0xc  apptask.o [1]
  .bss                zero     0x2001ed80      0xc  apptask.o [1]
  .bss                zero     0x2001ed8c      0xc  ff.o [1]
  .bss                zero     0x2001ed98      0xc  protocol.o [1]
  .bss                zero     0x2001eda4      0xc  protocol.o [1]
  .bss                zero     0x2001edb0      0xc  protocol.o [1]
  .bss                zero     0x2001edbc      0x8  heap_4.o [1]
  .bss                zero     0x2001edc4      0x8  modbus.o [1]
  .bss                zero     0x2001edcc      0x8  protocol.o [1]
  .bss                zero     0x2001edd4      0x4  apptask.o [1]
  .bss                zero     0x2001edd8      0x4  apptask.o [1]
  .bss                zero     0x2001eddc      0x4  apptask.o [1]
  .bss                zero     0x2001ede0      0x4  apptask.o [1]
  .bss                zero     0x2001ede4      0x4  apptask.o [1]
  .bss                zero     0x2001ede8      0x4  apptask.o [1]
  .bss                zero     0x2001edec      0x4  apptask.o [1]
  .bss                zero     0x2001edf0      0x4  apptask.o [1]
  .bss                zero     0x2001edf4      0x4  apptask.o [1]
  .bss                zero     0x2001edf8      0x4  apptask.o [1]
  .bss                zero     0x2001edfc      0x4  apptask.o [1]
  .bss                zero     0x2001ee00      0x4  apptask.o [1]
  .bss                zero     0x2001ee04      0x4  apptask.o [1]
  .bss                zero     0x2001ee08      0x4  apptask.o [1]
  .bss                zero     0x2001ee0c      0x4  apptask.o [1]
  .bss                zero     0x2001ee10      0x4  apptask.o [1]
  .bss                zero     0x2001ee14      0x4  apptask.o [1]
  .bss                zero     0x2001ee18      0x4  bsp_sdio_sd.o [1]
  .bss                zero     0x2001ee1c      0x4  bsp_sdio_sd.o [1]
  .bss                zero     0x2001ee20      0x4  bsp_sdio_sd.o [1]
  .bss                zero     0x2001ee24      0x4  bsp_sdio_sd.o [1]
  .bss                zero     0x2001ee28      0x4  bsp_sdio_sd.o [1]
  .bss                zero     0x2001ee2c      0x4  bsp_timer.o [1]
  .bss                zero     0x2001ee30      0x4  bsp_timer.o [1]
  .bss                zero     0x2001ee34      0x4  bsp_timer.o [1]
  .bss                zero     0x2001ee38      0x4  bsp_timer.o [1]
  .bss                zero     0x2001ee3c      0x4  heap_4.o [1]
  .bss                zero     0x2001ee40      0x4  heap_4.o [1]
  .bss                zero     0x2001ee44      0x4  heap_4.o [1]
  .bss                zero     0x2001ee48      0x4  heap_4.o [1]
  .bss                zero     0x2001ee4c      0x4  port.o [1]
  .bss                zero     0x2001ee50      0x4  product_cal.o [1]
  .bss                zero     0x2001ee54      0x4  product_cal.o [1]
  .bss                zero     0x2001ee58      0x4  SysInfoTest.o [1]
  .bss                zero     0x2001ee5c      0x4  tasks.o [1]
  .bss                zero     0x2001ee60      0x4  tasks.o [1]
  .bss                zero     0x2001ee64      0x4  tasks.o [1]
  .bss                zero     0x2001ee68      0x4  tasks.o [1]
  .bss                zero     0x2001ee6c      0x4  tasks.o [1]
  .bss                zero     0x2001ee70      0x4  tasks.o [1]
  .bss                zero     0x2001ee74      0x4  tasks.o [1]
  .bss                zero     0x2001ee78      0x4  tasks.o [1]
  .bss                zero     0x2001ee7c      0x4  tasks.o [1]
  .bss                zero     0x2001ee80      0x4  tasks.o [1]
  .bss                zero     0x2001ee84      0x4  tasks.o [1]
  .bss                zero     0x2001ee88      0x4  tasks.o [1]
  .bss                zero     0x2001ee8c      0x4  tasks.o [1]
  .bss                zero     0x2001ee90      0x4  tasks.o [1]
  .bss                zero     0x2001ee94      0x4  tasks.o [1]
  .bss                zero     0x2001ee98      0x4  tasks.o [1]
  .bss                zero     0x2001ee9c      0x4  timers.o [1]
  .bss                zero     0x2001eea0      0x4  timers.o [1]
  .bss                zero     0x2001eea4      0x4  timers.o [1]
  .bss                zero     0x2001eea8      0x4  timers.o [1]
  .bss                zero     0x2001eeac      0x4  usbh_msc_bot.o [1]
  .bss                zero     0x2001eeb0      0x4  usbh_msc_bot.o [1]
  .bss                zero     0x2001eeb4      0x4  usbh_msc_bot.o [1]
  .bss                zero     0x2001eeb8      0x4  usbh_msc_bot.o [1]
  .bss                zero     0x2001eebc      0x2  apptask.o [1]
  .bss                zero     0x2001eebe      0x2  apptask.o [1]
  .bss                zero     0x2001eec0      0x2  apptask.o [1]
  .bss                zero     0x2001eec2      0x2  apptask.o [1]
  .bss                zero     0x2001eec4      0x2  bsp_sdwe050c17.o [1]
  .bss                zero     0x2001eec6      0x2  ff.o [1]
  .bss                zero     0x2001eec8      0x2  product_cal.o [1]
  .bss                zero     0x2001eeca      0x2  usbh_core.o [1]
  .bss                zero     0x2001eecc      0x2  usbh_stdreq.o [1]
  .bss                zero     0x2001eece      0x1  apptask.o [1]
  .bss                zero     0x2001eecf      0x1  apptask.o [1]
  .bss                zero     0x2001eed0      0x1  apptask.o [1]
  .bss                zero     0x2001eed1      0x1  apptask.o [1]
  .bss                zero     0x2001eed2      0x1  apptask.o [1]
  .bss                zero     0x2001eed3      0x1  apptask.o [1]
  .bss                zero     0x2001eed4      0x1  apptask.o [1]
  .bss                zero     0x2001eed5      0x1  apptask.o [1]
  .bss                zero     0x2001eed6      0x1  apptask.o [1]
  .bss                zero     0x2001eed7      0x1  bsp_sdio_sd.o [1]
  .bss                zero     0x2001eed8      0x1  bsp_sdwe050c17.o [1]
  .bss                zero     0x2001eed9      0x1  bsp_uart_fifo.o [1]
  .bss                zero     0x2001eeda      0x1  port.o [1]
  .bss                zero     0x2001eedb      0x1  product_cal.o [1]
  .bss                zero     0x2001eedc      0x1  product_cal.o [1]
  .bss                zero     0x2001eedd      0x1  product_cal.o [1]
  .bss                zero     0x2001eede      0x1  protocol.o [1]
  .bss                zero     0x2001eedf      0x1  rc522.o [1]
  .bss                zero     0x2001eee0      0x1  rc522.o [1]
  .bss                zero     0x2001eee1      0x1  usbh_msc_bot.o [1]
  .bss                zero     0x2001eee2      0x1  usbh_msc_core.o [1]
  .bss                zero     0x2001eee3      0x1  usbh_msc_core.o [1]
  .bss                zero     0x2001eee4      0x1  usbh_stdreq.o [1]
  .bss                zero     0x2001eee5      0x1  usbh_usr.o [1]
  CSTACK                       0x2001eee8    0x800  <Block>
    CSTACK            uninit   0x2001eee8    0x800  <Block tail>
                             - 0x2001f6e8  0x1f6e8

Absolute sections:                         0xff000
  .bss                zero     0x68000000  0xf0000  malloc.o [1]
  .bss                zero     0x680f0000   0xf000  malloc.o [1]
                             - 0x680ff000  0xff000


*******************************************************************************
*** INIT TABLE
***

          Address     Size
          -------     ----
Zero (__iar_zero_init3)
    2 destination ranges, total size 0x11dd1a:
          0x200001cc  0x1ed1a
          0x68000000  0xff000

Copy/packbits (__iar_packbits_init3)
    1 source range, total size 0x11d (62% of destination):
          0x08040f14    0x11d
    1 destination range, total size 0x1cb:
          0x20000000    0x1cb



*******************************************************************************
*** MODULE SUMMARY
***

    Module                    ro code  ro data  rw data    rw data
                                                            (abs)
    ------                    -------  -------  -------    -------
E:\WORK\YarnControl_Driver\YarnControl_Driver\src\stm32f4_rtos\Project\EWARMv7\Flash\Obj: [1]
    SysInfoTest.o                  60                 4
    apptask.o                  16 456    1 664      109
    bsp.o                          76
    bsp_closeSW.o                 232
    bsp_dwt.o                     116
    bsp_led.o                     192
    bsp_relay.o                    68
    bsp_sdio_sd.o               6 744               209
    bsp_sdwe050c17.o            4 696       56       55
    bsp_servomotor.o            1 128       13       20
    bsp_spi.o                     292
    bsp_stepmotor.o               548
    bsp_sw_onoff.o                104
    bsp_tim_pwm.o                 736
    bsp_timer.o                   516                16
    bsp_uart_fifo.o             2 532               241
    bsp_w25qxx.o                  896        9    4 098
    bsp_watchdog.o                  8
    cc936.o                       244  176 320
    demo_fatfs.o                           742       80
    diskio.o                      740
    event_groups.o                610
    ff.o                        8 804       36      562
    heap_4.o                      640        4   71 704
    list.o                        152
    main.o                         52       32
    malloc.o                      540       41   43 548  1 044 480
    mcheck.o                      184      768
    misc.o                        136
    modbus.o                      852                 8
    page_weimi.o                                    280
    para.o                        700       24      144
    port.o                        588        7        9
    portasm.o                     168
    product_cal.o               1 316      400       97
    protocol.o                     68               401
    queue.o                     1 992
    rc522.o                       174                22
    startup_stm32f40_41xxx.o      684
    stm32f4xx_dma.o               796
    stm32f4xx_exti.o              192
    stm32f4xx_gpio.o              300
    stm32f4xx_it.o                 56       44
    stm32f4xx_iwdg.o               16
    stm32f4xx_rcc.o               488       10       16
    stm32f4xx_sdio.o              380
    stm32f4xx_spi.o               116
    stm32f4xx_syscfg.o             84
    stm32f4xx_tim.o             1 332
    stm32f4xx_usart.o             596
    system_stm32f4xx.o            340        2        4
    tasks.o                     3 072        8      364
    timers.o                    1 188        8       56
    usb_bsp.o                     332
    usb_core.o                  2 640
    usb_hcd.o                     214
    usb_hcd_int.o               3 198
    usbh_core.o                 1 888       10       18
    usbh_hcs.o                    442
    usbh_ioreq.o                  582
    usbh_it.o                      16
    usbh_msc_bot.o              1 364                81
    usbh_msc_core.o             1 000       10       94
    usbh_msc_scsi.o             1 560        1      529
    usbh_stdreq.o               1 078               515
    usbh_usr.o                    438      600    3 125
    --------------------------------------------------------------
    Total:                     77 752  180 809  126 409  1 044 480

command line: [2]
    --------------------------------------------------------------
    Total:

dl7M_tlf.a: [3]
    abort.o                         6
    div.o                          14
    exit.o                          4
    localeconv.o                  108       84      136
    printf.o                       36
    putchar.o                      12
    sprintf.o                      52
    strcat.o                       28
    strstr.o                       44
    xfiles.o                                40      144
    xprintffull_nomb.o          3 478
    xprout.o                       22
    xsprout.o                      10
    --------------------------------------------------------------
    Total:                      3 814      124      280

m7M_tls.a: [4]
    DblAdd.o                      232
    DblCmpGe.o                     46
    DblCmpLe.o                     46
    DblDiv.o                      598
    DblMul.o                      418
    DblSub.o                      384
    DblToFlt.o                    144
    DblToI32.o                     88
    FltToDbl.o                     78
    I32ToDbl.o                     48
    fpinit_M.o                     34
    xdnorm.o                       66
    xdscale.o                     276
    --------------------------------------------------------------
    Total:                      2 458

rt7M_tl.a: [5]
    ABImemcpy_unaligned.o         118
    ABImemset.o                   102
    I64DivMod.o                   238
    I64DivZer.o                     2
    cexit.o                        10
    cmain.o                        26
    cstartup_M.o                   12
    data_init.o                    40
    memchr.o                       88
    memcmp_unaligned.o             98
    packbits_init.o               208
    strchr.o                       22
    strcmp_unaligned.o             66
    strcpy_unaligned.o             68
    strlen.o                       54
    zero_init3.o                   64
    --------------------------------------------------------------
    Total:                      1 216

shb_l.a: [6]
    exit.o                         20
    --------------------------------------------------------------
    Total:                         20

    Gaps                           40        4        5
    Linker created                          52    2 048
------------------------------------------------------------------
    Grand Total:               85 300  180 989  128 742  1 044 480


*******************************************************************************
*** ENTRY LIST
***

Entry                      Address     Size  Type      Object
-----                      -------     ----  ----      ------
.iar.init_table$$Base   0x08040548            --   Gb  - Linker created -
.iar.init_table$$Limit  0x0804057c            --   Gb  - Linker created -
?main                   0x08040865           Code  Gb  cmain.o [5]
APBAHBPrescTable        0x20000190     0x10  Data  Lc  stm32f4xx_rcc.o [1]
AppObjCreate            0x0802e5cd    0x13c  Code  Gb  apptask.o [1]
AppTaskCreate           0x0802e481    0x148  Code  Gb  apptask.o [1]
BOTStallErrorCount      0x2001eeac      0x4  Data  Lc  usbh_msc_bot.o [1]
BusFault_Handler        0x0804029f      0x2  Code  Gb  stm32f4xx_it.o [1]
CID_Tab                 0x2001ed34     0x10  Data  Lc  bsp_sdio_sd.o [1]
CRC16HiTable            0x0803fb40    0x100  Data  Gb  mcheck.o [1]
CRC16LoTable            0x0803fc40    0x100  Data  Gb  mcheck.o [1]
CRC8Table               0x0803fd40    0x100  Data  Gb  mcheck.o [1]
CSD_Tab                 0x2001ed24     0x10  Data  Lc  bsp_sdio_sd.o [1]
CSTACK$$Base            0x2001eee8            --   Gb  - Linker created -
CSTACK$$Limit           0x2001f6e8            --   Gb  - Linker created -
CardType                0x2001ee18      0x4  Data  Lc  bsp_sdio_sd.o [1]
CmdError                0x0803c28d     0x38  Code  Lc  bsp_sdio_sd.o [1]
CmdResp1Error           0x0803c331    0x112  Code  Lc  bsp_sdio_sd.o [1]
CmdResp2Error           0x0803c481     0x52  Code  Lc  bsp_sdio_sd.o [1]
CmdResp3Error           0x0803c443     0x3e  Code  Lc  bsp_sdio_sd.o [1]
CmdResp6Error           0x0803c4d3     0xa6  Code  Lc  bsp_sdio_sd.o [1]
CmdResp7Error           0x0803c2c5     0x58  Code  Lc  bsp_sdio_sd.o [1]
ConfigExitNVIC          0x0803feab     0x22  Code  Gb  bsp_closeSW.o [1]
ConfigUartNVIC          0x080374a7     0x7c  Code  Lc  bsp_uart_fifo.o [1]
DIFF_G_init             0x08035e69     0x76  Code  Gb  bsp_servomotor.o [1]
DMA1_Stream0_IRQHandler
                        0x080361b7     0x1c  Code  Gb  bsp_servomotor.o [1]
DMA1_Stream3_IRQHandler
                        0x080361d3     0x1c  Code  Gb  bsp_servomotor.o [1]
DMA2_Stream3_IRQHandler
                        0x0803cb75      0x8  Code  Gb  bsp_sdio_sd.o [1]
DMAEndOfTransfer        0x2001ee28      0x4  Data  Gb  bsp_sdio_sd.o [1]
DMA_ClearFlag           0x08039d8f     0x24  Code  Gb  stm32f4xx_dma.o [1]
DMA_Cmd                 0x08039d45     0x1a  Code  Gb  stm32f4xx_dma.o [1]
DMA_DeInit              0x08039bad    0x140  Code  Gb  stm32f4xx_dma.o [1]
DMA_FlowControllerConfig
                        0x08039d5f     0x18  Code  Gb  stm32f4xx_dma.o [1]
DMA_GetCmdStatus        0x08039d77     0x18  Code  Gb  stm32f4xx_dma.o [1]
DMA_GetITStatus         0x08039df5     0x62  Code  Gb  stm32f4xx_dma.o [1]
DMA_ITConfig            0x08039db3     0x42  Code  Gb  stm32f4xx_dma.o [1]
DMA_Init                0x08039ced     0x58  Code  Gb  stm32f4xx_dma.o [1]
DebugMon_Handler        0x080402a3      0x2  Code  Gb  stm32f4xx_it.o [1]
DiskFile_init           0x08035a0d     0x40  Code  Gb  protocol.o [1]
Disk_File               0x2001e8cc     0x70  Data  Gb  protocol.o [1]
EXTI9_5_IRQHandler      0x0803fecd     0x4e  Code  Gb  bsp_closeSW.o [1]
EXTI_ClearITPendingBit  0x0804001f      0x6  Code  Gb  stm32f4xx_exti.o [1]
EXTI_GetITStatus        0x08040005     0x1a  Code  Gb  stm32f4xx_exti.o [1]
EXTI_Init               0x0803ff7d     0x88  Code  Gb  stm32f4xx_exti.o [1]
FR_Table                0x20000088     0x50  Data  Gb  demo_fatfs.o [1]
FatFs                   0x2001ed8c      0xc  Data  Lc  ff.o [1]
File_info               0x2001ea60     0x50  Data  Gb  protocol.o [1]
Files                   0x2001ebfc     0x24  Data  Lc  ff.o [1]
FindSCR                 0x0803c721    0x206  Code  Lc  bsp_sdio_sd.o [1]
Fsid                    0x2001eec6      0x2  Data  Lc  ff.o [1]
GPIO_Init               0x08035c85     0xaa  Code  Gb  stm32f4xx_gpio.o [1]
GPIO_PinAFConfig        0x08035d57     0x5a  Code  Gb  stm32f4xx_gpio.o [1]
GPIO_ReadInputDataBit   0x08035d2f     0x1a  Code  Gb  stm32f4xx_gpio.o [1]
GPIO_WriteBit           0x08035d49      0xe  Code  Gb  stm32f4xx_gpio.o [1]
GetDeviceState          0x080359d9     0x2e  Code  Gb  bsp_sw_onoff.o [1]
HCD_GetCurrentFrame     0x08038e75      0x8  Code  Gb  usb_hcd.o [1]
HCD_GetCurrentSpeed     0x08038e57     0x10  Code  Gb  usb_hcd.o [1]
HCD_GetURB_State        0x08038e7d      0xa  Code  Gb  usb_hcd.o [1]
HCD_GetXferCnt          0x08038e87      0xc  Code  Gb  usb_hcd.o [1]
HCD_Init                0x08038de5     0x72  Code  Gb  usb_hcd.o [1]
HCD_ResetPort           0x08038e67      0xe  Code  Gb  usb_hcd.o [1]
HCD_SubmitRequest       0x08038e93     0x28  Code  Gb  usb_hcd.o [1]
HardFault_Handler       0x0804026f     0x22  Code  Gb  stm32f4xx_it.o [1]
IWDG_Feed               0x08036921      0x8  Code  Gb  bsp_watchdog.o [1]
IWDG_ReloadCounter      0x08039f51      0xa  Code  Gb  stm32f4xx_iwdg.o [1]
InStream_Read           0x0804003d     0x22  Code  Lc  packbits_init.o [5]
InitHardUart            0x080370e5    0x3c2  Code  Lc  bsp_uart_fifo.o [1]
Init_JINGSHA_GUI        0x0802fecf    0x122  Code  Gb  bsp_sdwe050c17.o [1]
LfnBuf                  0x2001df24    0x200  Data  Lc  ff.o [1]
LfnOfs                  0x08040b64     0x10  Data  Lc  ff.o [1]
LoadInt                 0x0803830d     0x6e  Code  Lc  xprintffull_nomb.o [3]
MSCErrorCount           0x2001eee2      0x1  Data  Gb  usbh_msc_core.o [1]
MSC_Machine             0x2001eb00     0x4c  Data  Gb  usbh_msc_core.o [1]
MSG_DEV_ATTACHED        0x080409e0     0x18  Data  Gb  usbh_usr.o [1]
MSG_DEV_DISCONNECTED    0x080409f8     0x18  Data  Gb  usbh_usr.o [1]
MSG_DEV_ENUMERATED      0x08040810     0x1c  Data  Gb  usbh_usr.o [1]
MSG_DEV_ERROR           0x08040ac0     0x14  Data  Gb  usbh_usr.o [1]
MSG_DEV_FULLSPEED       0x0804069c     0x20  Data  Gb  usbh_usr.o [1]
MSG_DEV_HIGHSPEED       0x0804067c     0x20  Data  Gb  usbh_usr.o [1]
MSG_DEV_LOWSPEED        0x080406bc     0x20  Data  Gb  usbh_usr.o [1]
MSG_HID_CLASS           0x0804082c     0x1c  Data  Gb  usbh_usr.o [1]
MSG_MSC_CLASS           0x08040500     0x24  Data  Gb  usbh_usr.o [1]
MSG_UNREC_ERROR         0x08040848     0x1c  Data  Gb  usbh_usr.o [1]
MemManage_Handler       0x0804029d      0x2  Code  Gb  stm32f4xx_it.o [1]
NMI_Handler             0x0804026d      0x2  Code  Gb  stm32f4xx_it.o [1]
NVIC_Init               0x08039ed3     0x6a  Code  Gb  misc.o [1]
NVIC_PriorityGroupConfig
                        0x08039ec9      0xa  Code  Gb  misc.o [1]
OTG_FS_IRQHandler       0x08040bc5     0x10  Code  Gb  usbh_it.o [1]
PendSV_Handler          0x08039f61           Code  Gb  portasm.o [1]
RCA                     0x2001ee1c      0x4  Data  Lc  bsp_sdio_sd.o [1]
RCC_AHB1PeriphClockCmd  0x08036f8f     0x22  Code  Gb  stm32f4xx_rcc.o [1]
RCC_AHB2PeriphClockCmd  0x08036fb1     0x1e  Code  Gb  stm32f4xx_rcc.o [1]
RCC_APB1PeriphClockCmd  0x08036fcf     0x1e  Code  Gb  stm32f4xx_rcc.o [1]
RCC_APB1PeriphResetCmd  0x0803700b     0x1e  Code  Gb  stm32f4xx_rcc.o [1]
RCC_APB2PeriphClockCmd  0x08036fed     0x1e  Code  Gb  stm32f4xx_rcc.o [1]
RCC_APB2PeriphResetCmd  0x08037029     0x1e  Code  Gb  stm32f4xx_rcc.o [1]
RCC_GetClocksFreq       0x08036e8d    0x102  Code  Gb  stm32f4xx_rcc.o [1]
RS485_InitTXE           0x080370b1     0x34  Code  Gb  bsp_uart_fifo.o [1]
RS485_sendbuf           0x080378f1     0x3c  Code  Gb  bsp_uart_fifo.o [1]
Region$$Table$$Base     0x08040548            --   Gb  - Linker created -
Region$$Table$$Limit    0x0804057c            --   Gb  - Linker created -
SDCardInfo              0x2001ea08     0x58  Data  Gb  bsp_sdio_sd.o [1]
SDEnWideBus             0x0803c585    0x198  Code  Lc  bsp_sdio_sd.o [1]
SDIO_ClearFlag          0x0803d801      0x6  Code  Gb  stm32f4xx_sdio.o [1]
SDIO_ClearITPendingBit  0x0803d821      0x6  Code  Gb  stm32f4xx_sdio.o [1]
SDIO_ClockCmd           0x0803d72f      0x8  Code  Gb  stm32f4xx_sdio.o [1]
SDIO_CmdInitStructure   0x2001ec70     0x14  Data  Gb  bsp_sdio_sd.o [1]
SDIO_DMACmd             0x0803d7c1      0x8  Code  Gb  stm32f4xx_sdio.o [1]
SDIO_DataConfig         0x0803d78d     0x2e  Code  Gb  stm32f4xx_sdio.o [1]
SDIO_DataInitStructure  0x2001ec58     0x18  Data  Gb  bsp_sdio_sd.o [1]
SDIO_DeInit             0x0803d6ed     0x18  Code  Gb  stm32f4xx_sdio.o [1]
SDIO_GetCommandResponse
                        0x0803d76f      0x8  Code  Gb  stm32f4xx_sdio.o [1]
SDIO_GetFlagStatus      0x0803d7e7     0x1a  Code  Gb  stm32f4xx_sdio.o [1]
SDIO_GetITStatus        0x0803d807     0x1a  Code  Gb  stm32f4xx_sdio.o [1]
SDIO_GetPowerState      0x0803d73d      0xa  Code  Gb  stm32f4xx_sdio.o [1]
SDIO_GetResponse        0x0803d777     0x16  Code  Gb  stm32f4xx_sdio.o [1]
SDIO_IRQHandler         0x0803cb6d      0x8  Code  Gb  bsp_sdio_sd.o [1]
SDIO_ITConfig           0x0803d7c9     0x1e  Code  Gb  stm32f4xx_sdio.o [1]
SDIO_Init               0x0803d705     0x2a  Code  Gb  stm32f4xx_sdio.o [1]
SDIO_InitStructure      0x2001ec40     0x18  Data  Gb  bsp_sdio_sd.o [1]
SDIO_Interrupts_Config  0x0803cb31     0x3c  Code  Gb  bsp_sdio_sd.o [1]
SDIO_ReadData           0x0803d7bb      0x6  Code  Gb  stm32f4xx_sdio.o [1]
SDIO_SendCommand        0x0803d747     0x28  Code  Gb  stm32f4xx_sdio.o [1]
SDIO_SetPowerState      0x0803d737      0x6  Code  Gb  stm32f4xx_sdio.o [1]
SDWE_WARNNING           0x08030161     0x2a  Code  Gb  bsp_sdwe050c17.o [1]
SD_Detect               0x0803b229     0x22  Code  Gb  bsp_sdio_sd.o [1]
SD_EnableWideBusOperation
                        0x0803ba25     0xc8  Code  Gb  bsp_sdio_sd.o [1]
SD_GetCardInfo          0x0803b639    0x3ec  Code  Gb  bsp_sdio_sd.o [1]
SD_GetState             0x0803b1ff     0x2a  Code  Gb  bsp_sdio_sd.o [1]
SD_GetStatus            0x0803b1dd     0x22  Code  Gb  bsp_sdio_sd.o [1]
SD_Init                 0x0803b125     0xb8  Code  Gb  bsp_sdio_sd.o [1]
SD_InitializeCards      0x0803b497    0x1a2  Code  Gb  bsp_sdio_sd.o [1]
SD_LowLevel_DMA_RxConfig
                        0x0803ca7b     0x8e  Code  Gb  bsp_sdio_sd.o [1]
SD_LowLevel_DMA_TxConfig
                        0x0803c9ed     0x8e  Code  Gb  bsp_sdio_sd.o [1]
SD_LowLevel_Init        0x0803c929     0xbc  Code  Gb  bsp_sdio_sd.o [1]
SD_PowerON              0x0803b24b    0x24c  Code  Gb  bsp_sdio_sd.o [1]
SD_ProcessDMAIRQ        0x0803c269     0x22  Code  Gb  bsp_sdio_sd.o [1]
SD_ProcessIRQSrc        0x0803c1bb     0xae  Code  Gb  bsp_sdio_sd.o [1]
SD_ReadBlock            0x0803bb25    0x108  Code  Gb  bsp_sdio_sd.o [1]
SD_ReadMultiBlocks      0x0803bc2d    0x134  Code  Gb  bsp_sdio_sd.o [1]
SD_SelectDeselect       0x0803baed     0x38  Code  Gb  bsp_sdio_sd.o [1]
SD_SendStatus           0x0803c14d     0x6e  Code  Gb  bsp_sdio_sd.o [1]
SD_StopTransfer         0x0803c105     0x44  Code  Gb  bsp_sdio_sd.o [1]
SD_WaitReadOperation    0x0803bd65     0x96  Code  Gb  bsp_sdio_sd.o [1]
SD_WriteBlock           0x0803be05    0x11e  Code  Gb  bsp_sdio_sd.o [1]
SD_WriteMultiBlocks     0x0803bf31    0x1cc  Code  Gb  bsp_sdio_sd.o [1]
SPI1_Init               0x08037c5d     0xc0  Code  Gb  bsp_spi.o [1]
SPI1_ReadWriteByte      0x08037d45     0x32  Code  Gb  bsp_spi.o [1]
SPI1_SetSpeed           0x08037d1d     0x28  Code  Gb  bsp_spi.o [1]
SPI_Cmd                 0x0803a29d     0x1c  Code  Gb  stm32f4xx_spi.o [1]
SPI_I2S_GetFlagStatus   0x0803a2b9     0x18  Code  Gb  stm32f4xx_spi.o [1]
SPI_Init                0x0803a25d     0x40  Code  Gb  stm32f4xx_spi.o [1]
SRC_Buffer              0x2000017c     0x14  Data  Gb  bsp_servomotor.o [1]
SVC_Handler             0x08039fb9           Code  Gb  portasm.o [1]
SYSCFG_EXTILineConfig   0x0803ff29     0x50  Code  Gb  stm32f4xx_syscfg.o [1]
Sdwe_ClearReadDisk      0x08030237     0x1c  Code  Gb  bsp_sdwe050c17.o [1]
Sdwe_change_class_time  0x080306a3     0x30  Code  Gb  bsp_sdwe050c17.o [1]
Sdwe_clearString        0x0803018b     0x54  Code  Gb  bsp_sdwe050c17.o [1]
Sdwe_clear_filename     0x08030283     0x2a  Code  Gb  bsp_sdwe050c17.o [1]
Sdwe_disDigi            0x0803003b     0xa4  Code  Gb  bsp_sdwe050c17.o [1]
Sdwe_disPicture         0x0802fff1     0x4a  Code  Gb  bsp_sdwe050c17.o [1]
Sdwe_disString          0x080300df     0x82  Code  Gb  bsp_sdwe050c17.o [1]
Sdwe_hidden_page        0x0803073b     0x30  Code  Gb  bsp_sdwe050c17.o [1]
Sdwe_peiliao_page       0x080305ad     0xf6  Code  Gb  bsp_sdwe050c17.o [1]
Sdwe_period_page        0x080306d3     0x68  Code  Gb  bsp_sdwe050c17.o [1]
Sdwe_product_page       0x0803042b    0x182  Code  Gb  bsp_sdwe050c17.o [1]
Sdwe_readRTC            0x08030253     0x30  Code  Gb  bsp_sdwe050c17.o [1]
Sdwe_refresh_allname    0x080303e3     0x48  Code  Gb  bsp_sdwe050c17.o [1]
Sdwe_refresh_filename   0x080302ad    0x136  Code  Gb  bsp_sdwe050c17.o [1]
Sdwe_stop_page          0x0803076b    0x36a  Code  Gb  bsp_sdwe050c17.o [1]
Sdwe_writeIcon          0x080301df     0x58  Code  Gb  bsp_sdwe050c17.o [1]
SetSysClock             0x0803fa3f     0xce  Code  Lc  system_stm32f4xx.o [1]
SlavePara               0x2001e704     0xa4  Data  Gb  protocol.o [1]
StopCondition           0x2001ee20      0x4  Data  Gb  bsp_sdio_sd.o [1]
SysTick_Handler         0x08036aaf     0x2c  Code  Gb  port.o [1]
SystemCoreClock         0x200001c0      0x4  Data  Gb  system_stm32f4xx.o [1]
SystemInit              0x0803f9ed     0x52  Code  Gb  system_stm32f4xx.o [1]
TIM1_PWM_SETPMOTOR      0x08035bd1     0x9e  Code  Gb  bsp_stepmotor.o [1]
TIM2_IRQHandler         0x08037b99     0xac  Code  Gb  bsp_timer.o [1]
TIM3_PWM_SETPMOTOR      0x08035b69     0x68  Code  Gb  bsp_stepmotor.o [1]
TIM4_CH1_ConfigPwmOut   0x08035db1     0x1c  Code  Gb  bsp_servomotor.o [1]
TIM4_CH1_GPIO_Configuration
                        0x08035e27     0x42  Code  Gb  bsp_servomotor.o [1]
TIM4_CH1_PWMDMA_Config  0x08035fa3     0xb0  Code  Gb  bsp_servomotor.o [1]
TIM4_CH1_StartPwmOut    0x08035dcd     0x2c  Code  Gb  bsp_servomotor.o [1]
TIM4_CH1_StopPwmOut     0x08035df9     0x2e  Code  Gb  bsp_servomotor.o [1]
TIM4_CH2_ConfigPwmOut   0x08036053     0x1c  Code  Gb  bsp_servomotor.o [1]
TIM4_CH2_GPIO_Configuration
                        0x080360c9     0x3e  Code  Gb  bsp_servomotor.o [1]
TIM4_CH2_PWMDMA_Config  0x08036107     0xb0  Code  Gb  bsp_servomotor.o [1]
TIM4_CH2_StartPwmOut    0x0803606f     0x2c  Code  Gb  bsp_servomotor.o [1]
TIM4_CH2_StopPwmOut     0x0803609b     0x2e  Code  Gb  bsp_servomotor.o [1]
TIM4_PWM_Config         0x08035edf     0xc4  Code  Gb  bsp_servomotor.o [1]
TIM6_DAC_IRQHandler     0x0804020b     0x22  Code  Gb  SysInfoTest.o [1]
TIM_ARRPreloadConfig    0x08031f2f     0x1c  Code  Gb  stm32f4xx_tim.o [1]
TIM_CallBack1           0x0802e749     0x34  Code  Gb  apptask.o [1]
TIM_ClearITPendingBit   0x0803225f      0x8  Code  Gb  stm32f4xx_tim.o [1]
TIM_Cmd                 0x08031f4b     0x1c  Code  Gb  stm32f4xx_tim.o [1]
TIM_CtrlPWMOutputs      0x080321f5     0x22  Code  Gb  stm32f4xx_tim.o [1]
TIM_DMACmd              0x08032267     0x16  Code  Gb  stm32f4xx_tim.o [1]
TIM_DeInit              0x08031d49    0x17c  Code  Gb  stm32f4xx_tim.o [1]
TIM_GetITStatus         0x0803222d     0x32  Code  Gb  stm32f4xx_tim.o [1]
TIM_ITConfig            0x08032217     0x16  Code  Gb  stm32f4xx_tim.o [1]
TIM_OC1Init             0x08031f67     0x7e  Code  Gb  stm32f4xx_tim.o [1]
TIM_OC2Init             0x08031fe5     0x8c  Code  Gb  stm32f4xx_tim.o [1]
TIM_OC2PreloadConfig    0x080321bb     0x14  Code  Gb  stm32f4xx_tim.o [1]
TIM_OC3Init             0x08032071     0x8a  Code  Gb  stm32f4xx_tim.o [1]
TIM_OC3PreloadConfig    0x080321cf     0x12  Code  Gb  stm32f4xx_tim.o [1]
TIM_OC4Init             0x080320fb     0x68  Code  Gb  stm32f4xx_tim.o [1]
TIM_OC4PreloadConfig    0x080321e1     0x14  Code  Gb  stm32f4xx_tim.o [1]
TIM_OCStructInit        0x08032199     0x22  Code  Gb  stm32f4xx_tim.o [1]
TIM_TimeBaseInit        0x08031ec5     0x6a  Code  Gb  stm32f4xx_tim.o [1]
Task_iwdg_refresh       0x0802e971     0x56  Code  Gb  apptask.o [1]
TransferEnd             0x2001ee24      0x4  Data  Gb  bsp_sdio_sd.o [1]
TransferError           0x2001eed7      0x1  Data  Gb  bsp_sdio_sd.o [1]
UART1ToPC               0x08037891     0x30  Code  Gb  bsp_uart_fifo.o [1]
UART2ToPC               0x080378c1     0x30  Code  Gb  bsp_uart_fifo.o [1]
UART2_RX_BUF            0x2001e9a0     0x64  Data  Gb  bsp_uart_fifo.o [1]
UART3ToPC               0x0803792d     0x30  Code  Gb  bsp_uart_fifo.o [1]
UART4ToPC               0x0803795d     0x30  Code  Gb  bsp_uart_fifo.o [1]
UART4_IRQHandler        0x080377a3     0x84  Code  Gb  bsp_uart_fifo.o [1]
UART4_RX_BUF            0x2001e93c     0x64  Data  Gb  bsp_uart_fifo.o [1]
UART5ToPC               0x0803798d     0x30  Code  Gb  bsp_uart_fifo.o [1]
UART5_IRQHandler        0x08037827     0x6a  Code  Gb  bsp_uart_fifo.o [1]
USART1_IRQHandler       0x08037713     0x1e  Code  Gb  bsp_uart_fifo.o [1]
USART2_IRQHandler       0x08037731     0x68  Code  Gb  bsp_uart_fifo.o [1]
USART3_IRQHandler       0x08037799      0xa  Code  Gb  bsp_uart_fifo.o [1]
USART_ClearFlag         0x0803a1bb      0xc  Code  Gb  stm32f4xx_usart.o [1]
USART_ClearITPendingBit
                        0x0803a237     0x26  Code  Gb  stm32f4xx_usart.o [1]
USART_Cmd               0x0803a105     0x1c  Code  Gb  stm32f4xx_usart.o [1]
USART_DMACmd            0x0803a131     0x16  Code  Gb  stm32f4xx_usart.o [1]
USART_GetFlagStatus     0x0803a19d     0x1e  Code  Gb  stm32f4xx_usart.o [1]
USART_GetITStatus       0x0803a1c7     0x70  Code  Gb  stm32f4xx_usart.o [1]
USART_ITConfig          0x0803a147     0x56  Code  Gb  stm32f4xx_usart.o [1]
USART_Init              0x0803a009     0xee  Code  Gb  stm32f4xx_usart.o [1]
USART_ReceiveData       0x0803a129      0x8  Code  Gb  stm32f4xx_usart.o [1]
USART_SendData          0x0803a121      0x8  Code  Gb  stm32f4xx_usart.o [1]
USBH_Alloc_Channel      0x08038fd5     0x2e  Code  Gb  usbh_hcs.o [1]
USBH_BulkReceiveData    0x08039679     0x62  Code  Gb  usbh_ioreq.o [1]
USBH_BulkSendData       0x08039617     0x62  Code  Gb  usbh_ioreq.o [1]
USBH_CfgDesc            0x2001e324    0x200  Data  Gb  usbh_stdreq.o [1]
USBH_ClrFeature         0x0803921f     0x4c  Code  Gb  usbh_stdreq.o [1]
USBH_Connected          0x08032acd      0xc  Code  Gb  usbh_core.o [1]
USBH_CtlReceiveData     0x080395d1     0x46  Code  Gb  usbh_ioreq.o [1]
USBH_CtlReq             0x080394ab     0x6e  Code  Gb  usbh_ioreq.o [1]
USBH_CtlSendData        0x0803955d     0x74  Code  Gb  usbh_ioreq.o [1]
USBH_CtlSendSetup       0x08039519     0x44  Code  Gb  usbh_ioreq.o [1]
USBH_DataInBuffer       0x2001e124    0x200  Data  Gb  usbh_msc_scsi.o [1]
USBH_DeAllocate_AllChannel
                        0x08039027     0x20  Code  Gb  usbh_hcs.o [1]
USBH_DeInit             0x08032b33     0x3e  Code  Gb  usbh_core.o [1]
USBH_Disconnected       0x08032ad9      0xc  Code  Gb  usbh_core.o [1]
USBH_ErrorHandle        0x08032d43     0x34  Code  Gb  usbh_core.o [1]
USBH_Free_Channel       0x08039003     0x24  Code  Gb  usbh_hcs.o [1]
USBH_GetDescriptor      0x0803917f     0x4e  Code  Gb  usbh_stdreq.o [1]
USBH_GetFreeChannel     0x08039047     0x2e  Code  Lc  usbh_hcs.o [1]
USBH_GetNextDesc        0x08039493     0x18  Code  Gb  usbh_stdreq.o [1]
USBH_Get_CfgDesc        0x080390bb     0x78  Code  Gb  usbh_stdreq.o [1]
USBH_Get_DevDesc        0x08039075     0x46  Code  Gb  usbh_stdreq.o [1]
USBH_Get_StringDesc     0x08039133     0x4c  Code  Gb  usbh_stdreq.o [1]
USBH_HCD_INT_cb         0x200001b0      0xc  Data  Gb  usbh_core.o [1]
USBH_HCD_INT_fops       0x200001c4      0x4  Data  Gb  usbh_core.o [1]
USBH_HandleControl      0x08032f8b    0x29a  Code  Gb  usbh_core.o [1]
USBH_HandleEnum         0x08032d77    0x214  Code  Lc  usbh_core.o [1]
USBH_Init               0x08032aeb     0x48  Code  Gb  usbh_core.o [1]
USBH_MSC_BOTReset       0x0803e82d     0x28  Code  Lc  usbh_msc_core.o [1]
USBH_MSC_BOTXferParam   0x2001ed54     0x10  Data  Gb  usbh_msc_bot.o [1]
USBH_MSC_BOT_Abort      0x0803d5dd     0x5c  Code  Gb  usbh_msc_bot.o [1]
USBH_MSC_CBWData        0x2001ec20     0x20  Data  Gb  usbh_msc_bot.o [1]
USBH_MSC_CSWData        0x2001ed44     0x10  Data  Gb  usbh_msc_bot.o [1]
USBH_MSC_ClassRequest   0x0803e61b     0x12  Code  Lc  usbh_msc_core.o [1]
USBH_MSC_DecodeCSW      0x0803d639     0x7a  Code  Gb  usbh_msc_bot.o [1]
USBH_MSC_ErrorHandle    0x0803e87d     0x3e  Code  Gb  usbh_msc_core.o [1]
USBH_MSC_GETMaxLUN      0x0803e855     0x28  Code  Lc  usbh_msc_core.o [1]
USBH_MSC_Handle         0x0803e62d    0x200  Code  Lc  usbh_msc_core.o [1]
USBH_MSC_HandleBOTXfer  0x0803d1d9    0x404  Code  Gb  usbh_msc_bot.o [1]
USBH_MSC_Init           0x0803d195     0x44  Code  Gb  usbh_msc_bot.o [1]
USBH_MSC_InterfaceDeInit
                        0x0803e5cf     0x4c  Code  Lc  usbh_msc_core.o [1]
USBH_MSC_InterfaceInit  0x0803e4e9     0xe6  Code  Lc  usbh_msc_core.o [1]
USBH_MSC_ModeSense6     0x0803cd8f    0x10c  Code  Gb  usbh_msc_scsi.o [1]
USBH_MSC_Param          0x2001ed64     0x10  Data  Gb  usbh_msc_scsi.o [1]
USBH_MSC_Read10         0x0803d075    0x106  Code  Gb  usbh_msc_scsi.o [1]
USBH_MSC_ReadCapacity10
                        0x0803cc65    0x12a  Code  Gb  usbh_msc_scsi.o [1]
USBH_MSC_RequestSense   0x0803ce9b     0xee  Code  Gb  usbh_msc_scsi.o [1]
USBH_MSC_TestUnitReady  0x0803cb7d     0xe8  Code  Gb  usbh_msc_scsi.o [1]
USBH_MSC_Write10        0x0803cf89     0xec  Code  Gb  usbh_msc_scsi.o [1]
USBH_MSC_cb             0x200001a0     0x10  Data  Gb  usbh_msc_core.o [1]
USBH_Modify_Channel     0x08038f61     0x74  Code  Gb  usbh_hcs.o [1]
USBH_OTG_ISR_Handler    0x0803d869     0xb8  Code  Gb  usb_hcd_int.o [1]
USBH_Open_Channel       0x08038ebb     0xa6  Code  Gb  usbh_hcs.o [1]
USBH_ParseCfgDesc       0x080392c7    0x13c  Code  Lc  usbh_stdreq.o [1]
USBH_ParseDevDesc       0x0803926b     0x5c  Code  Lc  usbh_stdreq.o [1]
USBH_ParseEPDesc        0x08039437     0x20  Code  Lc  usbh_stdreq.o [1]
USBH_ParseInterfaceDesc
                        0x08039411     0x26  Code  Lc  usbh_stdreq.o [1]
USBH_ParseStringDesc    0x08039457     0x3c  Code  Lc  usbh_stdreq.o [1]
USBH_Process            0x08032b71    0x1d2  Code  Gb  usbh_core.o [1]
USBH_SOF                0x08032ae5      0x6  Code  Gb  usbh_core.o [1]
USBH_SetAddress         0x080391cd     0x2a  Code  Gb  usbh_stdreq.o [1]
USBH_SetCfg             0x080391f7     0x28  Code  Gb  usbh_stdreq.o [1]
USBH_SubmitSetupRequest
                        0x080396db     0x16  Code  Lc  usbh_ioreq.o [1]
USBH_USR_Configuration_DescAvailable
                        0x080329d5     0x26  Code  Gb  usbh_usr.o [1]
USBH_USR_DeInit         0x08032ac9      0x2  Code  Gb  usbh_usr.o [1]
USBH_USR_DeviceAddressAssigned
                        0x080329d3      0x2  Code  Gb  usbh_usr.o [1]
USBH_USR_DeviceAttached
                        0x0803294d      0xa  Code  Gb  usbh_usr.o [1]
USBH_USR_DeviceDisconnected
                        0x08032961     0x1a  Code  Gb  usbh_usr.o [1]
USBH_USR_DeviceNotSupported
                        0x08032a3f      0xa  Code  Gb  usbh_usr.o [1]
USBH_USR_DeviceSpeedDetected
                        0x08032985     0x36  Code  Gb  usbh_usr.o [1]
USBH_USR_Device_DescAvailable
                        0x080329bb     0x18  Code  Gb  usbh_usr.o [1]
USBH_USR_EnumerationDone
                        0x08032a25     0x1a  Code  Gb  usbh_usr.o [1]
USBH_USR_Init           0x08032929     0x24  Code  Gb  usbh_usr.o [1]
USBH_USR_MSC_Application
                        0x08032ac5      0x4  Code  Gb  usbh_usr.o [1]
USBH_USR_Manufacturer_String
                        0x080329fb      0xe  Code  Gb  usbh_usr.o [1]
USBH_USR_OverCurrentDetected
                        0x08032a4d      0xa  Code  Gb  usbh_usr.o [1]
USBH_USR_Product_String
                        0x08032a09      0xe  Code  Gb  usbh_usr.o [1]
USBH_USR_ResetDevice    0x0803297b      0xa  Code  Gb  usbh_usr.o [1]
USBH_USR_SerialNum_String
                        0x08032a17      0xe  Code  Gb  usbh_usr.o [1]
USBH_USR_UnrecoveredError
                        0x08032957      0xa  Code  Gb  usbh_usr.o [1]
USBH_USR_UserInput      0x08032a49      0x4  Code  Gb  usbh_usr.o [1]
USB_Host                0x2001e7a8     0x94  Data  Gb  usbh_usr.o [1]
USB_OTG_BSP_DisableInterrupt
                        0x08038d49     0x22  Code  Gb  usb_bsp.o [1]
USB_OTG_BSP_EnableInterrupt
                        0x08038d6b     0x54  Code  Gb  usb_bsp.o [1]
USB_OTG_BSP_Init        0x08038c99     0xb0  Code  Gb  usb_bsp.o [1]
USB_OTG_BSP_mDelay      0x08038dd9      0xc  Code  Gb  usb_bsp.o [1]
USB_OTG_BSP_uDelay      0x08038dcd      0xc  Code  Gb  usb_bsp.o [1]
USB_OTG_Core            0x2001d3cc    0x5ac  Data  Gb  usbh_usr.o [1]
USB_OTG_CoreInit        0x0803a8ad     0xce  Code  Gb  usb_core.o [1]
USB_OTG_CoreInitHost    0x0803aab9     0xd0  Code  Gb  usb_core.o [1]
USB_OTG_CoreReset       0x0803a6f7     0x60  Code  Lc  usb_core.o [1]
USB_OTG_DisableGlobalInt
                        0x0803a999     0x1e  Code  Gb  usb_core.o [1]
USB_OTG_DriveVbus       0x0803ab99     0x54  Code  Gb  usb_core.o [1]
USB_OTG_EnableCommonInt
                        0x0803a6d5     0x22  Code  Lc  usb_core.o [1]
USB_OTG_EnableGlobalInt
                        0x0803a97b     0x1e  Code  Gb  usb_core.o [1]
USB_OTG_EnableHostInt   0x0803abed     0x4e  Code  Gb  usb_core.o [1]
USB_OTG_FlushRxFifo     0x0803a9ff     0x40  Code  Gb  usb_core.o [1]
USB_OTG_FlushTxFifo     0x0803a9b7     0x48  Code  Gb  usb_core.o [1]
USB_OTG_GetMode         0x0803aa85      0xa  Code  Gb  usb_core.o [1]
USB_OTG_HC_DoPing       0x0803b0dd     0x48  Code  Gb  usb_core.o [1]
USB_OTG_HC_Halt         0x0803b069     0x74  Code  Gb  usb_core.o [1]
USB_OTG_HC_Init         0x0803ac99    0x1d0  Code  Gb  usb_core.o [1]
USB_OTG_HC_StartXfer    0x0803ae69    0x200  Code  Gb  usb_core.o [1]
USB_OTG_InitFSLSPClkSel
                        0x0803ac3b     0x12  Code  Gb  usb_core.o [1]
USB_OTG_IsEvenFrame     0x0803ab89     0x10  Code  Gb  usb_core.o [1]
USB_OTG_IsHostMode      0x0803aa8f     0x18  Code  Gb  usb_core.o [1]
USB_OTG_ReadCoreItr     0x0803aaa7     0x12  Code  Gb  usb_core.o [1]
USB_OTG_ReadHPRT0       0x0803ac4d     0x1c  Code  Gb  usb_core.o [1]
USB_OTG_ReadPacket      0x0803a79f     0x2c  Code  Gb  usb_core.o [1]
USB_OTG_ResetPort       0x0803ac69     0x30  Code  Gb  usb_core.o [1]
USB_OTG_SelectCore      0x0803a7cb     0xe2  Code  Gb  usb_core.o [1]
USB_OTG_SetCurrentMode  0x0803aa49     0x3c  Code  Gb  usb_core.o [1]
USB_OTG_USBH_handle_Disconnect_ISR
                        0x0803d9a5     0x1e  Code  Lc  usb_hcd_int.o [1]
USB_OTG_USBH_handle_IncompletePeriodicXfer_ISR
                        0x0803e4bf     0x28  Code  Lc  usb_hcd_int.o [1]
USB_OTG_USBH_handle_hc_ISR
                        0x0803d921     0x66  Code  Lc  usb_hcd_int.o [1]
USB_OTG_USBH_handle_hc_n_In_ISR
                        0x0803e031    0x378  Code  Lc  usb_hcd_int.o [1]
USB_OTG_USBH_handle_hc_n_Out_ISR
                        0x0803dcf9    0x338  Code  Lc  usb_hcd_int.o [1]
USB_OTG_USBH_handle_nptxfempty_ISR
                        0x0803d9c3    0x118  Code  Lc  usb_hcd_int.o [1]
USB_OTG_USBH_handle_port_ISR
                        0x0803dbf5     0xfe  Code  Lc  usb_hcd_int.o [1]
USB_OTG_USBH_handle_ptxfempty_ISR
                        0x0803dadb    0x11a  Code  Lc  usb_hcd_int.o [1]
USB_OTG_USBH_handle_rx_qlvl_ISR
                        0x0803e3a9    0x116  Code  Lc  usb_hcd_int.o [1]
USB_OTG_USBH_handle_sof_ISR
                        0x0803d987     0x1e  Code  Lc  usb_hcd_int.o [1]
USB_OTG_WritePacket     0x0803a757     0x48  Code  Gb  usb_core.o [1]
USB_OTG_dev             0x2001d978    0x5ac  Data  Gb  usbh_usr.o [1]
[...]
dir_read                0x080340af    0x10c  Code  Lc  ff.o [1]
dir_register            0x080341bb    0x14e  Code  Lc  ff.o [1]
dir_sdi                 0x08033a3b     0xb2  Code  Lc  ff.o [1]
disk_initialize         0x080396f1     0x40  Code  Gb  diskio.o [1]
disk_ioctl              0x08039915     0xa6  Code  Gb  diskio.o [1]
disk_read               0x0803975d     0xdc  Code  Gb  diskio.o [1]
disk_status             0x08039731     0x2c  Code  Gb  diskio.o [1]
disk_write              0x08039839     0xdc  Code  Gb  diskio.o [1]
div                     0x0803a651      0xe  Code  Gb  div.o [3]
download_num            0x2001eece      0x1  Data  Gb  apptask.o [1]
enq_lock                0x0803332b     0x28  Code  Lc  ff.o [1]
exit                    0x0804087f      0x4  Code  Gb  exit.o [3]
f_close                 0x08035321     0x38  Code  Gb  ff.o [1]
f_mount                 0x08034d55     0x66  Code  Gb  ff.o [1]
f_open                  0x08034dbb    0x20e  Code  Gb  ff.o [1]
f_opendir               0x08035359     0xb2  Code  Gb  ff.o [1]
f_readdir               0x0803540b     0x74  Code  Gb  ff.o [1]
f_sync                  0x0803526b     0xb6  Code  Gb  ff.o [1]
f_write                 0x08034fd9    0x292  Code  Gb  ff.o [1]
ff_convert              0x080399d5     0x80  Code  Gb  cc936.o [1]
ff_wtoupper             0x08039a55     0x64  Code  Gb  cc936.o [1]
file_select             0x2001eda4      0xc  Data  Gb  protocol.o [1]
final_per_meter         0x08031271     0x1a  Code  Gb  product_cal.o [1]
find_volume             0x080348c5    0x45a  Code  Lc  ff.o [1]
fit_lfn                 0x08033dff     0x88  Code  Lc  ff.o [1]
follow_path             0x0803475f     0x90  Code  Lc  ff.o [1]
fputc                   0x080379bd     0x22  Code  Gb  bsp_uart_fifo.o [1]
g_tUart3                0x2001ebac     0x28  Data  Gb  bsp_uart_fifo.o [1]
gen_numname             0x08033e8d     0xec  Code  Lc  ff.o [1]
get_card_type           0x080313e7     0xe4  Code  Gb  product_cal.o [1]
get_class_time          0x080312ef     0x7a  Code  Gb  product_cal.o [1]
get_fat                 0x08033653    0x11c  Code  Gb  ff.o [1]
get_fattime             0x080399bb      0x4  Code  Gb  diskio.o [1]
get_fileinfo            0x08034309    0x13c  Code  Lc  ff.o [1]
get_float_1bit          0x080312cd     0x22  Code  Gb  product_cal.o [1]
get_ldnumber            0x080347ef     0x50  Code  Lc  ff.o [1]
get_period_state        0x08031369     0x54  Code  Gb  product_cal.o [1]
get_valid_length        0x0803109d     0x26  Code  Gb  bsp_sdwe050c17.o [1]
hex_to_decimal          0x080310c3     0x26  Code  Gb  bsp_sdwe050c17.o [1]
idwgEventGroup          0x2001ee0c      0x4  Data  Gb  apptask.o [1]
inc_card_type           0x080314d5    0x11c  Code  Gb  product_cal.o [1]
inc_lock                0x08033353     0xe8  Code  Lc  ff.o [1]
init_peiliao_para       0x080311a9     0x50  Code  Gb  product_cal.o [1]
init_product_para       0x080310e9     0xc0  Code  Gb  product_cal.o [1]
input_password_buf      0x2001ed98      0xc  Data  Gb  protocol.o [1]
input_password_len      0x2001eede      0x1  Data  Gb  protocol.o [1]
isDevicePeriod          0x2001eed5      0x1  Data  Gb  apptask.o [1]
isWork                  0x2001eecf      0x1  Data  Gb  apptask.o [1]
is_same_data            0x080313bd     0x2a  Code  Gb  product_cal.o [1]
lcd_busy                0x2001eed8      0x1  Data  Gb  bsp_sdwe050c17.o [1]
lcd_rev_buf             0x2001eb4c     0x34  Data  Gb  bsp_sdwe050c17.o [1]
lcd_rev_len             0x2001eec4      0x2  Data  Gb  bsp_sdwe050c17.o [1]
ld_clust                0x08033c7d     0x28  Code  Lc  ff.o [1]
localeconv              0x0803a61f     0x16  Code  Gb  localeconv.o [3]
m_ctrl_dev              0x2001edc4      0x8  Data  Gb  modbus.o [1]
main                    0x080402a5     0x34  Code  Gb  main.o [1]
mallco_dev              0x20000160     0x1c  Data  Gb  malloc.o [1]
mb_init                 0x08035885     0x30  Code  Gb  modbus.o [1]
mb_packsend_frame       0x08035793     0xf2  Code  Gb  modbus.o [1]
mb_unpack_frame         0x08035651    0x142  Code  Gb  modbus.o [1]
mc_check_crc16          0x08039b35     0x40  Code  Gb  mcheck.o [1]
mc_check_crc8           0x08039b11     0x24  Code  Gb  mcheck.o [1]
mc_check_sum            0x08039ac9     0x2e  Code  Gb  mcheck.o [1]
mc_check_xor            0x08039af7     0x1a  Code  Gb  mcheck.o [1]
mem1base                0x200119cc   0xa000  Data  Gb  malloc.o [1]
mem1mapbase             0x2001c9cc    0xa00  Data  Gb  malloc.o [1]
mem2base                0x68000000  0xf0000  Data  Gb  malloc.o [1]
mem2mapbase             0x680f0000   0xf000  Data  Gb  malloc.o [1]
mem_cmp                 0x0803325f     0x24  Code  Lc  ff.o [1]
mem_cpy                 0x0803322d     0x1c  Code  Lc  ff.o [1]
mem_set                 0x08033249     0x16  Code  Lc  ff.o [1]
memblksize              0x08040dc0      0x8  Data  Gb  malloc.o [1]
memchr                  0x0803a2e9           Code  Gb  memchr.o [5]
memsize                 0x08040dc8      0x8  Data  Gb  malloc.o [1]
memtblsize              0x08040db8      0x8  Data  Gb  malloc.o [1]
modbus_send_frame       0x080358b5     0xe6  Code  Gb  modbus.o [1]
move_window             0x08033521     0x40  Code  Lc  ff.o [1]
my_mem_free             0x08031c7f     0x6c  Code  Gb  malloc.o [1]
my_mem_init             0x08031b43     0x42  Code  Gb  malloc.o [1]
my_mem_malloc           0x08031bc3     0xbc  Code  Gb  malloc.o [1]
my_mem_perused          0x08031b85     0x3e  Code  Gb  malloc.o [1]
myfree                  0x08031ceb     0x24  Code  Gb  malloc.o [1]
mymalloc                0x08031d0f     0x2a  Code  Gb  malloc.o [1]
mymemset                0x08031b2d     0x16  Code  Gb  malloc.o [1]
obuf                    0x2001eab0     0x50  Data  Lc  xfiles.o [3]
oem2uni                 0x0801560c  0x15484  Data  Lc  cc936.o [1]
old_card_record         0x2001eed3      0x1  Data  Gb  apptask.o [1]
old_isWork              0x2001eed0      0x1  Data  Gb  apptask.o [1]
old_plan_complete       0x2001eedc      0x1  Data  Gb  product_cal.o [1]
para_init               0x0803f575     0x80  Code  Gb  para.o [1]
pcInterruptPriorityRegisters
                        0x08040dfc      0x4  Data  Lc  port.o [1]
peiliao_para            0x2001eb80     0x2c  Data  Gb  product_cal.o [1]
pick_lfn                0x08033d73     0x8c  Code  Lc  ff.o [1]
plan_complete           0x2001eedb      0x1  Data  Gb  product_cal.o [1]
pluse_count             0x2001eebe      0x2  Data  Gb  apptask.o [1]
printf                  0x08031ac5     0x24  Code  Gb  printf.o [3]
product_complete_kilo   0x0803129d     0x30  Code  Gb  product_cal.o [1]
product_complete_meter  0x0803128b     0x12  Code  Gb  product_cal.o [1]
product_para            0x2001ebd4     0x28  Data  Gb  product_cal.o [1]
product_per_meter       0x080311f9     0x78  Code  Gb  product_cal.o [1]
prvAddCurrentTaskToDelayedList
                        0x0802f541     0x48  Code  Lc  tasks.o [1]
prvAllocateTCBAndStack  0x0802f589     0x5a  Code  Lc  tasks.o [1]
prvCheckForValidListAndQueue
                        0x080368af     0x52  Code  Lc  timers.o [1]
prvCheckTasksWaitingTermination
                        0x0802f4d7     0x66  Code  Lc  tasks.o [1]
prvCopyDataFromQueue    0x0802fd71     0x30  Code  Lc  queue.o [1]
prvCopyDataToQueue      0x0802fced     0x84  Code  Lc  queue.o [1]
prvDeleteTCB            0x0802f5e3     0x12  Code  Lc  tasks.o [1]
prvGetNextExpireTime    0x0803669b     0x2e  Code  Lc  timers.o [1]
prvHeapInit             0x08036d9d     0x6e  Code  Lc  heap_4.o [1]
prvIdleTask             0x0802f3f1     0x26  Code  Lc  tasks.o [1]
prvInitialiseTCBVariables
                        0x0802f417     0x6a  Code  Lc  tasks.o [1]
prvInitialiseTaskLists  0x0802f481     0x56  Code  Lc  tasks.o [1]
prvInsertBlockIntoFreeList
                        0x08036e0b     0x62  Code  Lc  heap_4.o [1]
prvInsertTimerInActiveList
                        0x080366f1     0x50  Code  Lc  timers.o [1]
prvIsQueueEmpty         0x0802fe0b     0x20  Code  Lc  queue.o [1]
prvIsQueueFull          0x0802fe2b     0x22  Code  Lc  queue.o [1]
prvProcessExpiredTimer  0x080365b3     0x5c  Code  Lc  timers.o [1]
prvProcessReceivedCommands
                        0x08036741     0xde  Code  Lc  timers.o [1]
prvProcessTimerOrBlockTask
                        0x0803662b     0x70  Code  Lc  timers.o [1]
prvResetNextTaskUnblockTime
                        0x0802f5f5     0x26  Code  Lc  tasks.o [1]
prvSampleTimeNow        0x080366c9     0x28  Code  Lc  timers.o [1]
prvSwitchTimerLists     0x0803681f     0x90  Code  Lc  timers.o [1]
prvTaskExitError        0x0803694d     0x2a  Code  Lc  port.o [1]
prvTestWaitCondition    0x08036457     0x24  Code  Lc  event_groups.o [1]
prvTimerTask            0x08036611     0x1a  Code  Lc  timers.o [1]
prvUnlockQueue          0x0802fda1     0x6a  Code  Lc  queue.o [1]
put_fat                 0x0803376f    0x16c  Code  Gb  ff.o [1]
putchar                 0x08040a29      0xc  Code  Gb  putchar.o [3]
pvPortMalloc            0x08036c0d    0x118  Code  Gb  heap_4.o [1]
pwm_flag                0x2001eed6      0x1  Data  Gb  apptask.o [1]
pxCurrentTCB            0x2001ee5c      0x4  Data  Gb  tasks.o [1]
pxCurrentTimerList      0x2001ee9c      0x4  Data  Lc  timers.o [1]
pxDelayedTaskList       0x2001ee60      0x4  Data  Lc  tasks.o [1]
pxEnd                   0x2001ee3c      0x4  Data  Lc  heap_4.o [1]
pxOverflowDelayedTaskList
                        0x2001ee64      0x4  Data  Lc  tasks.o [1]
pxOverflowTimerList     0x2001eea0      0x4  Data  Lc  timers.o [1]
pxPortInitialiseStack   0x08036929     0x24  Code  Gb  port.o [1]
pxReadyTasksLists       0x2001e63c     0xc8  Data  Lc  tasks.o [1]
rc522_cmd_anticoll      0x080355f5     0x5a  Code  Gb  rc522.o [1]
rc522_cmd_request       0x080355a1     0x54  Code  Gb  rc522.o [1]
readSlave               0x2001ed80      0xc  Data  Gb  apptask.o [1]
read_device_info        0x0803f369    0x20c  Code  Gb  para.o [1]
read_file_select        0x2001edb0      0xc  Data  Gb  protocol.o [1]
remove_chain            0x080338db     0x76  Code  Lc  ff.o [1]
rfid_rev_buf            0x2001ec84     0x14  Data  Gb  rc522.o [1]
rfid_rev_cnt            0x2001eee0      0x1  Data  Gb  rc522.o [1]
rfid_rev_flag           0x2001eedf      0x1  Data  Gb  rc522.o [1]
rtc_time                0x2001edcc      0x8  Data  Gb  protocol.o [1]
s_TIM_CallBack1         0x2001ee2c      0x4  Data  Lc  bsp_timer.o [1]
s_TIM_CallBack2         0x2001ee30      0x4  Data  Lc  bsp_timer.o [1]
s_TIM_CallBack3         0x2001ee34      0x4  Data  Lc  bsp_timer.o [1]
s_TIM_CallBack4         0x2001ee38      0x4  Data  Lc  bsp_timer.o [1]
sample_time             0x2001eebc      0x2  Data  Gb  apptask.o [1]
sdew_weimi_page1        0x08030b0d    0x236  Code  Gb  bsp_sdwe050c17.o [1]
sdew_weimi_page2        0x08030d43    0x236  Code  Gb  bsp_sdwe050c17.o [1]
sdew_weisha_page1       0x08030f79     0x92  Code  Gb  bsp_sdwe050c17.o [1]
sdew_weisha_page2       0x0803100b     0x92  Code  Gb  bsp_sdwe050c17.o [1]
slave_info              0x2001ed74      0xc  Data  Gb  apptask.o [1]
sprintf                 0x08035491     0x34  Code  Gb  sprintf.o [3]
st_clust                0x08033ca5     0x18  Code  Lc  ff.o [1]
strcat                  0x080354c5     0x1c  Code  Gb  strcat.o [3]
strchr                  0x0803a2d1           Code  Gb  strchr.o [5]
strlen                  0x08032879           Code  Gb  strlen.o [5]
strstr                  0x08035a51     0x10  Code  Gb  apptask.o [1]
sum_sfn                 0x08033f79     0x20  Code  Lc  ff.o [1]
sync_fs                 0x08033561     0xd8  Code  Lc  ff.o [1]
sync_window             0x080334c7     0x5a  Code  Lc  ff.o [1]
system_state_dis        0x0803f85c    0x190  Data  Gb  product_cal.o [1]
total_meter_gross       0x2001ee50      0x4  Data  Gb  product_cal.o [1]
total_weight_gross      0x2001ee54      0x4  Data  Gb  product_cal.o [1]
ucHeap                  0x200001cc  0x11800  Data  Lc  heap_4.o [1]
ucMaxSysCallPriority    0x2001eeda      0x1  Data  Lc  port.o [1]
ulHighFrequencyTimerTicks
                        0x2001ee58      0x4  Data  Gb  SysInfoTest.o [1]
ulMaxPRIGROUPValue      0x2001ee4c      0x4  Data  Lc  port.o [1]
ulTaskSwitchedInTime    0x2001ee94      0x4  Data  Lc  tasks.o [1]
ulTotalRunTime          0x2001ee98      0x4  Data  Lc  tasks.o [1]
uni2oem                 0x08000188  0x15484  Data  Lc  cc936.o [1]
usb_disk_flag           0x2001eed1      0x1  Data  Gb  apptask.o [1]
usbh_OpenMassStorage    0x08032915     0x14  Code  Gb  usbh_usr.o [1]
uxCriticalNesting       0x200001bc      0x4  Data  Lc  port.o [1]
uxCurrentNumberOfTasks  0x2001ee6c      0x4  Data  Lc  tasks.o [1]
uxListRemove            0x08036be5     0x28  Code  Gb  list.o [1]
uxPendedTicks           0x2001ee7c      0x4  Data  Lc  tasks.o [1]
uxSchedulerSuspended    0x2001ee90      0x4  Data  Lc  tasks.o [1]
uxTaskNumber            0x2001ee88      0x4  Data  Lc  tasks.o [1]
uxTaskResetEventItemValue
                        0x0802f655     0x20  Code  Gb  tasks.o [1]
uxTasksDeleted          0x2001ee68      0x4  Data  Lc  tasks.o [1]
uxTopReadyPriority      0x2001ee74      0x4  Data  Lc  tasks.o [1]
vListInitialise         0x08036b75     0x1e  Code  Gb  list.o [1]
vListInsert             0x08036bab     0x3a  Code  Gb  list.o [1]
vListInsertEnd          0x08036b93     0x18  Code  Gb  list.o [1]
vPortEnableVFP          0x08039fed           Code  Gb  portasm.o [1]
vPortEnterCritical      0x08036a43     0x3a  Code  Gb  port.o [1]
vPortExitCritical       0x08036a7d     0x32  Code  Gb  port.o [1]
vPortFree               0x08036d25     0x78  Code  Gb  heap_4.o [1]
vPortSetupTimerInterrupt
                        0x08036adb      0xe  Code  Wk  port.o [1]
vPortStartFirstTask     0x08039fd5           Code  Gb  portasm.o [1]
vPortValidateInterruptPriority
                        0x08036ae9     0x4e  Code  Gb  port.o [1]
vQueueWaitForMessageRestricted
                        0x0802fe4d     0x44  Code  Gb  queue.o [1]
vSetupSysInfoTest       0x080401f9     0x12  Code  Gb  SysInfoTest.o [1]
vTaskDelay              0x0802ec4d     0x84  Code  Gb  tasks.o [1]
vTaskManageCapacity     0x0802de6d    0x5b0  Code  Gb  apptask.o [1]
vTaskMassStorage        0x0802d0b9    0x23c  Code  Lc  apptask.o [1]
vTaskMissedYield        0x0802f3e7      0xa  Code  Gb  tasks.o [1]
vTaskMotorControl       0x0802e41d     0x5c  Code  Lc  apptask.o [1]
vTaskMsgPro             0x0802d73d    0x426  Code  Lc  apptask.o [1]
vTaskPlaceOnEventList   0x0802f04d     0x74  Code  Gb  tasks.o [1]
vTaskPlaceOnEventListRestricted
                        0x0802f185     0x80  Code  Gb  tasks.o [1]
vTaskPlaceOnUnorderedEventList
                        0x0802f0dd     0xa8  Code  Gb  tasks.o [1]
vTaskReadDisk           0x0802dc39    0x1b6  Code  Lc  apptask.o [1]
vTaskRev485             0x0802db69     0xae  Code  Lc  apptask.o [1]
vTaskSetTimeOutState    0x0802f331     0x26  Code  Gb  tasks.o [1]
vTaskStartScheduler     0x0802ecd1     0x7e  Code  Gb  tasks.o [1]
vTaskSuspendAll         0x0802ed4f     0x10  Code  Gb  tasks.o [1]
vTaskSwitchContext      0x0802ef9d     0xb0  Code  Gb  tasks.o [1]
vTaskTaskLCD            0x0802aa91   0x2618  Code  Gb  apptask.o [1]
vTaskTaskLED            0x0802d32d     0x20  Code  Lc  apptask.o [1]
vTaskTaskRFID           0x0802d34d    0x3c6  Code  Lc  apptask.o [1]
validate                0x08034d1f     0x36  Code  Lc  ff.o [1]
weimi_para              0x2001e524    0x118  Data  Gb  page_weimi.o [1]
work_idle               0x2001eedd      0x1  Data  Gb  product_cal.o [1]
work_idle_time          0x2001eec8      0x2  Data  Gb  product_cal.o [1]
xActiveTimerList1       0x2001ecfc     0x14  Data  Lc  timers.o [1]
xActiveTimerList2       0x2001ed10     0x14  Data  Lc  timers.o [1]
xBlockAllocatedBit      0x2001ee48      0x4  Data  Lc  heap_4.o [1]
xDelayedTaskList1       0x2001ec98     0x14  Data  Lc  tasks.o [1]
xDelayedTaskList2       0x2001ecac     0x14  Data  Lc  tasks.o [1]
xEventGroupCreate       0x08036219     0x1c  Code  Gb  event_groups.o [1]
xEventGroupSetBits      0x08036381     0xd6  Code  Gb  event_groups.o [1]
xEventGroupWaitBits     0x08036235    0x146  Code  Gb  event_groups.o [1]
xFreeBytesRemaining     0x2001ee40      0x4  Data  Lc  heap_4.o [1]
xHandleTaskLCD          0x2001edd4      0x4  Data  Gb  apptask.o [1]
xHandleTaskLED          0x2001edd8      0x4  Data  Gb  apptask.o [1]
xHandleTaskManageCapacity
                        0x2001edf0      0x4  Data  Gb  apptask.o [1]
xHandleTaskMassStorage  0x2001ede0      0x4  Data  Gb  apptask.o [1]
xHandleTaskMotorControl
                        0x2001edf4      0x4  Data  Gb  apptask.o [1]
xHandleTaskMsgPro       0x2001ede8      0x4  Data  Gb  apptask.o [1]
xHandleTaskRFID         0x2001eddc      0x4  Data  Gb  apptask.o [1]
xHandleTaskReadDisk     0x2001ede4      0x4  Data  Gb  apptask.o [1]
xHandleTaskRev485       0x2001edec      0x4  Data  Gb  apptask.o [1]
xHeapStructSize         0x08040df8      0x4  Data  Lc  heap_4.o [1]
xMinimumEverFreeBytesRemaining
                        0x2001ee44      0x4  Data  Lc  heap_4.o [1]
xNextTaskUnblockTime    0x2001ee8c      0x4  Data  Lc  tasks.o [1]
xNumOfOverflows         0x2001ee84      0x4  Data  Lc  tasks.o [1]
xPendingReadyList       0x2001ecc0     0x14  Data  Lc  tasks.o [1]
xPortStartScheduler     0x08036977     0xcc  Code  Gb  port.o [1]
xQueueGenericCreate     0x0802f759     0x7e  Code  Gb  queue.o [1]
xQueueGenericReceive    0x0802fb4d    0x19c  Code  Gb  queue.o [1]
xQueueGenericReset      0x0802f6c9     0x90  Code  Gb  queue.o [1]
xQueueGenericSend       0x0802f7d7    0x1b2  Code  Gb  queue.o [1]
xQueueGenericSendFromISR
                        0x0802f989     0xec  Code  Gb  queue.o [1]
xQueueGiveFromISR       0x0802fa75     0xd8  Code  Gb  queue.o [1]
xQueue_message          0x2001ee14      0x4  Data  Gb  apptask.o [1]
xSchedulerRunning       0x2001ee78      0x4  Data  Lc  tasks.o [1]
xSemaphore_download     0x2001ee04      0x4  Data  Gb  apptask.o [1]
xSemaphore_lcd          0x2001edf8      0x4  Data  Gb  apptask.o [1]
xSemaphore_pluse        0x2001ee00      0x4  Data  Gb  apptask.o [1]
xSemaphore_readDisk     0x2001ee08      0x4  Data  Gb  apptask.o [1]
xSemaphore_rs485        0x2001edfc      0x4  Data  Gb  apptask.o [1]
xStart                  0x2001edbc      0x8  Data  Lc  heap_4.o [1]
xSuspendedTaskList      0x2001ece8     0x14  Data  Lc  tasks.o [1]
xTaskCheckForTimeOut    0x0802f35d     0x8a  Code  Gb  tasks.o [1]
xTaskGenericCreate      0x0802eac9    0x184  Code  Gb  tasks.o [1]
xTaskGetSchedulerState  0x0802f61b     0x26  Code  Gb  tasks.o [1]
xTaskGetTickCount       0x0802ee5f      0xa  Code  Gb  tasks.o [1]
xTaskIncrementTick      0x0802ee69    0x134  Code  Gb  tasks.o [1]
xTaskRemoveFromEventList
                        0x0802f209     0x8e  Code  Gb  tasks.o [1]
xTaskRemoveFromUnorderedEventList
                        0x0802f29d     0x94  Code  Gb  tasks.o [1]
xTaskResumeAll          0x0802ed5f    0x100  Code  Gb  tasks.o [1]
xTasksWaitingTermination
                        0x2001ecd4     0x14  Data  Lc  tasks.o [1]
xTickCount              0x2001ee70      0x4  Data  Lc  tasks.o [1]
xTimerCreate            0x080364cd     0x62  Code  Gb  timers.o [1]
xTimerCreateTimerTask   0x0803647d     0x50  Code  Gb  timers.o [1]
xTimerGenericCommand    0x0803652f     0x84  Code  Gb  timers.o [1]
xTimerQueue             0x2001eea4      0x4  Data  Lc  timers.o [1]
xTimerUser              0x2001ee10      0x4  Data  Gb  apptask.o [1]
xYieldPending           0x2001ee80      0x4  Data  Lc  tasks.o [1]


[1] = E:\WORK\YarnControl_Driver\YarnControl_Driver\src\stm32f4_rtos\Project\EWARMv7\Flash\Obj
[2] = command line
[3] = dl7M_tlf.a
[4] = m7M_tls.a
[5] = rt7M_tl.a
[6] = shb_l.a

   85 300 bytes of readonly  code memory
  180 989 bytes of readonly  data memory
  128 742 bytes of readwrite data memory (+ 1 044 480 absolute)

Errors: none
Warnings: none
