###############################################################################
#
# IAR ELF Linker V7.40.7.9843/W32 for ARM                 02/Feb/2019  00:01:43
# Copyright 2007-2015 IAR Systems AB.
#
#    Output file  =  
#        E:\WORK\YarnControl_Driver\YarnControl_Driver\src\stm32f4_rtos\Project\EWARMv7\Flash\Exe\project.out
#    Map file     =  
#        E:\WORK\YarnControl_Driver\YarnControl_Driver\src\stm32f4_rtos\Project\EWARMv7\Flash\List\project.map
#    Command line =  
#        E:\WORK\YarnControl_Driver\YarnControl_Driver\src\stm32f4_rtos\Project\EWARMv7\Flash\Obj\apptask.o
#        E:\WORK\YarnControl_Driver\YarnControl_Driver\src\stm32f4_rtos\Project\EWARMv7\Flash\Obj\bsp.o
#        E:\WORK\YarnControl_Driver\YarnControl_Driver\src\stm32f4_rtos\Project\EWARMv7\Flash\Obj\bsp_closeSW.o
#        E:\WORK\YarnControl_Driver\YarnControl_Driver\src\stm32f4_rtos\Project\EWARMv7\Flash\Obj\bsp_dwt.o
#        E:\WORK\YarnControl_Driver\YarnControl_Driver\src\stm32f4_rtos\Project\EWARMv7\Flash\Obj\bsp_led.o
#        E:\WORK\YarnControl_Driver\YarnControl_Driver\src\stm32f4_rtos\Project\EWARMv7\Flash\Obj\bsp_relay.o
#        E:\WORK\YarnControl_Driver\YarnControl_Driver\src\stm32f4_rtos\Project\EWARMv7\Flash\Obj\bsp_sdio_sd.o
#        E:\WORK\YarnControl_Driver\YarnControl_Driver\src\stm32f4_rtos\Project\EWARMv7\Flash\Obj\bsp_sdwe050c17.o
#        E:\WORK\YarnControl_Driver\YarnControl_Driver\src\stm32f4_rtos\Project\EWARMv7\Flash\Obj\bsp_servomotor.o
#        E:\WORK\YarnControl_Driver\YarnControl_Driver\src\stm32f4_rtos\Project\EWARMv7\Flash\Obj\bsp_spi.o
#        E:\WORK\YarnControl_Driver\YarnControl_Driver\src\stm32f4_rtos\Project\EWARMv7\Flash\Obj\bsp_stepmotor.o
#        E:\WORK\YarnControl_Driver\YarnControl_Driver\src\stm32f4_rtos\Project\EWARMv7\Flash\Obj\bsp_sw_onoff.o
#        E:\WORK\YarnControl_Driver\YarnControl_Driver\src\stm32f4_rtos\Project\EWARMv7\Flash\Obj\bsp_tim_pwm.o
#        E:\WORK\YarnControl_Driver\YarnControl_Driver\src\stm32f4_rtos\Project\EWARMv7\Flash\Obj\bsp_timer.o
#        E:\WORK\YarnControl_Driver\YarnControl_Driver\src\stm32f4_rtos\Project\EWARMv7\Flash\Obj\bsp_uart_fifo.o
#        E:\WORK\YarnControl_Driver\YarnControl_Driver\src\stm32f4_rtos\Project\EWARMv7\Flash\Obj\bsp_w25qxx.o
#        E:\WORK\YarnControl_Driver\YarnControl_Driver\src\stm32f4_rtos\Project\EWARMv7\Flash\Obj\bsp_watchdog.o
#        E:\WORK\YarnControl_Driver\YarnControl_Driver\src\stm32f4_rtos\Project\EWARMv7\Flash\Obj\cc936.o
#        E:\WORK\YarnControl_Driver\YarnControl_Driver\src\stm32f4_rtos\Project\EWARMv7\Flash\Obj\croutine.o
#        E:\WORK\YarnControl_Driver\YarnControl_Driver\src\stm32f4_rtos\Project\EWARMv7\Flash\Obj\demo_fatfs.o
#        E:\WORK\YarnControl_Driver\YarnControl_Driver\src\stm32f4_rtos\Project\EWARMv7\Flash\Obj\diskio.o
#        E:\WORK\YarnControl_Driver\YarnControl_Driver\src\stm32f4_rtos\Project\EWARMv7\Flash\Obj\encoder.o
#        E:\WORK\YarnControl_Driver\YarnControl_Driver\src\stm32f4_rtos\Project\EWARMv7\Flash\Obj\event_groups.o
#        E:\WORK\YarnControl_Driver\YarnControl_Driver\src\stm32f4_rtos\Project\EWARMv7\Flash\Obj\ff.o
#        E:\WORK\YarnControl_Driver\YarnControl_Driver\src\stm32f4_rtos\Project\EWARMv7\Flash\Obj\heap_4.o
#        E:\WORK\YarnControl_Driver\YarnControl_Driver\src\stm32f4_rtos\Project\EWARMv7\Flash\Obj\list.o
#        E:\WORK\YarnControl_Driver\YarnControl_Driver\src\stm32f4_rtos\Project\EWARMv7\Flash\Obj\main.o
#        E:\WORK\YarnControl_Driver\YarnControl_Driver\src\stm32f4_rtos\Project\EWARMv7\Flash\Obj\malloc.o
#        E:\WORK\YarnControl_Driver\YarnControl_Driver\src\stm32f4_rtos\Project\EWARMv7\Flash\Obj\mcheck.o
#        E:\WORK\YarnControl_Driver\YarnControl_Driver\src\stm32f4_rtos\Project\EWARMv7\Flash\Obj\misc.o
#        E:\WORK\YarnControl_Driver\YarnControl_Driver\src\stm32f4_rtos\Project\EWARMv7\Flash\Obj\modbus.o
#        E:\WORK\YarnControl_Driver\YarnControl_Driver\src\stm32f4_rtos\Project\EWARMv7\Flash\Obj\page_weimi.o
#        E:\WORK\YarnControl_Driver\YarnControl_Driver\src\stm32f4_rtos\Project\EWARMv7\Flash\Obj\para.o
#        E:\WORK\YarnControl_Driver\YarnControl_Driver\src\stm32f4_rtos\Project\EWARMv7\Flash\Obj\port.o
#        E:\WORK\YarnControl_Driver\YarnControl_Driver\src\stm32f4_rtos\Project\EWARMv7\Flash\Obj\portasm.o
#        E:\WORK\YarnControl_Driver\YarnControl_Driver\src\stm32f4_rtos\Project\EWARMv7\Flash\Obj\product_cal.o
#        E:\WORK\YarnControl_Driver\YarnControl_Driver\src\stm32f4_rtos\Project\EWARMv7\Flash\Obj\protocol.o
#        E:\WORK\YarnControl_Driver\YarnControl_Driver\src\stm32f4_rtos\Project\EWARMv7\Flash\Obj\queue.o
#        E:\WORK\YarnControl_Driver\YarnControl_Driver\src\stm32f4_rtos\Project\EWARMv7\Flash\Obj\rc522.o
#        E:\WORK\YarnControl_Driver\YarnControl_Driver\src\stm32f4_rtos\Project\EWARMv7\Flash\Obj\startup_stm32f40_41xxx.o
#        E:\WORK\YarnControl_Driver\YarnControl_Driver\src\stm32f4_rtos\Project\EWARMv7\Flash\Obj\stm32f4xx_adc.o
#        E:\WORK\YarnControl_Driver\YarnControl_Driver\src\stm32f4_rtos\Project\EWARMv7\Flash\Obj\stm32f4xx_assert.o
#        E:\WORK\YarnControl_Driver\YarnControl_Driver\src\stm32f4_rtos\Project\EWARMv7\Flash\Obj\stm32f4xx_can.o
#        E:\WORK\YarnControl_Driver\YarnControl_Driver\src\stm32f4_rtos\Project\EWARMv7\Flash\Obj\stm32f4xx_crc.o
#        E:\WORK\YarnControl_Driver\YarnControl_Driver\src\stm32f4_rtos\Project\EWARMv7\Flash\Obj\stm32f4xx_cryp.o
#        E:\WORK\YarnControl_Driver\YarnControl_Driver\src\stm32f4_rtos\Project\EWARMv7\Flash\Obj\stm32f4xx_cryp_aes.o
#        E:\WORK\YarnControl_Driver\YarnControl_Driver\src\stm32f4_rtos\Project\EWARMv7\Flash\Obj\stm32f4xx_cryp_des.o
#        E:\WORK\YarnControl_Driver\YarnControl_Driver\src\stm32f4_rtos\Project\EWARMv7\Flash\Obj\stm32f4xx_cryp_tdes.o
#        E:\WORK\YarnControl_Driver\YarnControl_Driver\src\stm32f4_rtos\Project\EWARMv7\Flash\Obj\stm32f4xx_dac.o
#        E:\WORK\YarnControl_Driver\YarnControl_Driver\src\stm32f4_rtos\Project\EWARMv7\Flash\Obj\stm32f4xx_dbgmcu.o
#        E:\WORK\YarnControl_Driver\YarnControl_Driver\src\stm32f4_rtos\Project\EWARMv7\Flash\Obj\stm32f4xx_dcmi.o
#        E:\WORK\YarnControl_Driver\YarnControl_Driver\src\stm32f4_rtos\Project\EWARMv7\Flash\Obj\stm32f4xx_dma.o
#        E:\WORK\YarnControl_Driver\YarnControl_Driver\src\stm32f4_rtos\Project\EWARMv7\Flash\Obj\stm32f4xx_dma2d.o
#        E:\WORK\YarnControl_Driver\YarnControl_Driver\src\stm32f4_rtos\Project\EWARMv7\Flash\Obj\stm32f4xx_exti.o
#        E:\WORK\YarnControl_Driver\YarnControl_Driver\src\stm32f4_rtos\Project\EWARMv7\Flash\Obj\stm32f4xx_flash.o
#        E:\WORK\YarnControl_Driver\YarnControl_Driver\src\stm32f4_rtos\Project\EWARMv7\Flash\Obj\stm32f4xx_fsmc.o
#        E:\WORK\YarnControl_Driver\YarnControl_Driver\src\stm32f4_rtos\Project\EWARMv7\Flash\Obj\stm32f4xx_gpio.o
#        E:\WORK\YarnControl_Driver\YarnControl_Driver\src\stm32f4_rtos\Project\EWARMv7\Flash\Obj\stm32f4xx_hash.o
#        E:\WORK\YarnControl_Driver\YarnControl_Driver\src\stm32f4_rtos\Project\EWARMv7\Flash\Obj\stm32f4xx_hash_md5.o
#        E:\WORK\YarnControl_Driver\YarnControl_Driver\src\stm32f4_rtos\Project\EWARMv7\Flash\Obj\stm32f4xx_hash_sha1.o
#        E:\WORK\YarnControl_Driver\YarnControl_Driver\src\stm32f4_rtos\Project\EWARMv7\Flash\Obj\stm32f4xx_i2c.o
#        E:\WORK\YarnControl_Driver\YarnControl_Driver\src\stm32f4_rtos\Project\EWARMv7\Flash\Obj\stm32f4xx_it.o
#        E:\WORK\YarnControl_Driver\YarnControl_Driver\src\stm32f4_rtos\Project\EWARMv7\Flash\Obj\stm32f4xx_iwdg.o
#        E:\WORK\YarnControl_Driver\YarnControl_Driver\src\stm32f4_rtos\Project\EWARMv7\Flash\Obj\stm32f4xx_ltdc.o
#        E:\WORK\YarnControl_Driver\YarnControl_Driver\src\stm32f4_rtos\Project\EWARMv7\Flash\Obj\stm32f4xx_pwr.o
#        E:\WORK\YarnControl_Driver\YarnControl_Driver\src\stm32f4_rtos\Project\EWARMv7\Flash\Obj\stm32f4xx_rcc.o
#        E:\WORK\YarnControl_Driver\YarnControl_Driver\src\stm32f4_rtos\Project\EWARMv7\Flash\Obj\stm32f4xx_rng.o
#        E:\WORK\YarnControl_Driver\YarnControl_Driver\src\stm32f4_rtos\Project\EWARMv7\Flash\Obj\stm32f4xx_rtc.o
#        E:\WORK\YarnControl_Driver\YarnControl_Driver\src\stm32f4_rtos\Project\EWARMv7\Flash\Obj\stm32f4xx_sai.o
#        E:\WORK\YarnControl_Driver\YarnControl_Driver\src\stm32f4_rtos\Project\EWARMv7\Flash\Obj\stm32f4xx_sdio.o
#        E:\WORK\YarnControl_Driver\YarnControl_Driver\src\stm32f4_rtos\Project\EWARMv7\Flash\Obj\stm32f4xx_spi.o
#        E:\WORK\YarnControl_Driver\YarnControl_Driver\src\stm32f4_rtos\Project\EWARMv7\Flash\Obj\stm32f4xx_syscfg.o
#        E:\WORK\YarnControl_Driver\YarnControl_Driver\src\stm32f4_rtos\Project\EWARMv7\Flash\Obj\stm32f4xx_tim.o
#        E:\WORK\YarnControl_Driver\YarnControl_Driver\src\stm32f4_rtos\Project\EWARMv7\Flash\Obj\stm32f4xx_usart.o
#        E:\WORK\YarnControl_Driver\YarnControl_Driver\src\stm32f4_rtos\Project\EWARMv7\Flash\Obj\stm32f4xx_wwdg.o
#        E:\WORK\YarnControl_Driver\YarnControl_Driver\src\stm32f4_rtos\Project\EWARMv7\Flash\Obj\SysInfoTest.o
#        E:\WORK\YarnControl_Driver\YarnControl_Driver\src\stm32f4_rtos\Project\EWARMv7\Flash\Obj\system_stm32f4xx.o
#        E:\WORK\YarnControl_Driver\YarnControl_Driver\src\stm32f4_rtos\Project\EWARMv7\Flash\Obj\tasks.o
#        E:\WORK\YarnControl_Driver\YarnControl_Driver\src\stm32f4_rtos\Project\EWARMv7\Flash\Obj\timers.o
#        E:\WORK\YarnControl_Driver\YarnControl_Driver\src\stm32f4_rtos\Project\EWARMv7\Flash\Obj\usb_bsp.o
#        E:\WORK\YarnControl_Driver\YarnControl_Driver\src\stm32f4_rtos\Project\EWARMv7\Flash\Obj\usb_core.o
#        E:\WORK\YarnControl_Driver\YarnControl_Driver\src\stm32f4_rtos\Project\EWARMv7\Flash\Obj\usb_hcd.o
#        E:\WORK\YarnControl_Driver\YarnControl_Driver\src\stm32f4_rtos\Project\EWARMv7\Flash\Obj\usb_hcd_int.o
#        E:\WORK\YarnControl_Driver\YarnControl_Driver\src\stm32f4_rtos\Project\EWARMv7\Flash\Obj\usbh_core.o
#        E:\WORK\YarnControl_Driver\YarnControl_Driver\src\stm32f4_rtos\Project\EWARMv7\Flash\Obj\usbh_hcs.o
#        E:\WORK\YarnControl_Driver\YarnControl_Driver\src\stm32f4_rtos\Project\EWARMv7\Flash\Obj\usbh_ioreq.o
#        E:\WORK\YarnControl_Driver\YarnControl_Driver\src\stm32f4_rtos\Project\EWARMv7\Flash\Obj\usbh_it.o
#        E:\WORK\YarnControl_Driver\YarnControl_Driver\src\stm32f4_rtos\Project\EWARMv7\Flash\Obj\usbh_msc_bot.o
#        E:\WORK\YarnControl_Driver\YarnControl_Driver\src\stm32f4_rtos\Project\EWARMv7\Flash\Obj\usbh_msc_core.o
#        E:\WORK\YarnControl_Driver\YarnControl_Driver\src\stm32f4_rtos\Project\EWARMv7\Flash\Obj\usbh_msc_scsi.o
#        E:\WORK\YarnControl_Driver\YarnControl_Driver\src\stm32f4_rtos\Project\EWARMv7\Flash\Obj\usbh_stdreq.o
#        E:\WORK\YarnControl_Driver\YarnControl_Driver\src\stm32f4_rtos\Project\EWARMv7\Flash\Obj\usbh_usr.o
#        -o
#        E:\WORK\YarnControl_Driver\YarnControl_Driver\src\stm32f4_rtos\Project\EWARMv7\Flash\Exe\project.out
#        --map
#        E:\WORK\YarnControl_Driver\YarnControl_Driver\src\stm32f4_rtos\Project\EWARMv7\Flash\List\project.map
#        --config
#        E:\WORK\YarnControl_Driver\YarnControl_Driver\src\stm32f4_rtos\Project\EWARMv7\stm32f4xx_flash.icf
#        --semihosting --entry __iar_program_start --inline --vfe
#
###############################################################################

*******************************************************************************
*** RUNTIME MODEL ATTRIBUTES
***

CppFlavor       = *
__SystemLibrary = DLib


*******************************************************************************
*** PLACEMENT SUMMARY
***

"A1":  place at 0x08000000 { ro section .intvec };
"P1":  place in [from 0x08000000 to 0x080fffff] { ro };
"P2":  place in [from 0x20000000 to 0x2001ffff] { rw, block CSTACK, block HEAP };

  Section             Kind        Address     Size  Object
  -------             ----        -------     ----  ------
"A1":                                        0x188
  .intvec             ro code  0x08000000    0x188  startup_stm32f40_41xxx.o [1]
                             - 0x08000188    0x188

"P1":                                      0x41e6a
  .rodata             const    0x08000188  0x15484  cc936.o [1]
  .rodata             const    0x0801560c  0x15484  cc936.o [1]
  .text               ro code  0x0802aa90   0x47ec  apptask.o [1]
  .text               ro code  0x0802f27c    0xc00  tasks.o [1]
  .text               ro code  0x0802fe7c    0x7c8  queue.o [1]
  .text               ro code  0x08030644   0x1258  bsp_sdwe050c17.o [1]
  .text               ro code  0x0803189c    0x524  product_cal.o [1]
  .text               ro code  0x08031dc0     0x66  ABImemset.o [5]
  .text               ro code  0x08031e26      0xa  xsprout.o [3]
  .text               ro code  0x08031e30    0x380  bsp_w25qxx.o [1]
  .text               ro code  0x080321b0     0x76  ABImemcpy_unaligned.o [5]
  .text               ro code  0x08032228     0x4e  FltToDbl.o [4]
  .text               ro code  0x08032278     0x24  printf.o [3]
  .text               ro code  0x0803229c     0x42  strcmp_unaligned.o [5]
  .text               ro code  0x080322e0    0x21c  malloc.o [1]
  .text               ro code  0x080324fc     0x30  I32ToDbl.o [4]
  .text               ro code  0x0803252c    0x256  DblDiv.o [4]
  .text               ro code  0x08032784     0xe8  DblAdd.o [4]
  .text               ro code  0x0803286c    0x1a2  DblMul.o [4]
  .text               ro code  0x08032a10     0x58  DblToI32.o [4]
  .text               ro code  0x08032a68     0x90  DblToFlt.o [4]
  .text               ro code  0x08032af8     0x36  strlen.o [5]
  .text               ro code  0x08032b30     0x62  memcmp_unaligned.o [5]
  .text               ro code  0x08032b94    0x48c  bsp_servomotor.o [1]
  .text               ro code  0x08033020    0x1b6  usbh_usr.o [1]
  .text               ro code  0x080331d8    0x760  usbh_core.o [1]
  .text               ro code  0x08033938   0x2264  ff.o [1]
  .text               ro code  0x08035b9c     0x34  sprintf.o [3]
  .text               ro code  0x08035bd0     0x1c  strcat.o [3]
  .text               ro code  0x08035bec     0xc0  bsp_led.o [1]
  .text               ro code  0x08035cac     0xae  rc522.o [1]
  .text               ro code  0x08035d5c    0x354  modbus.o [1]
  .text               ro code  0x080360b0     0x68  bsp_sw_onoff.o [1]
  .text               ro code  0x08036118     0x44  protocol.o [1]
  .text               ro code  0x0803615c     0x10  apptask.o [1]
  .text               ro code  0x0803616c    0x12c  stm32f4xx_gpio.o [1]
  .text               ro code  0x08036298    0x670  stm32f4xx_tim.o [1]
  .text               ro code  0x08036908    0x26c  bsp_stepmotor.o [1]
  .text               ro code  0x08036b74    0x374  encoder.o [1]
  .text               ro code  0x08036ee8    0x254  page_weimi.o [1]
  .text               ro code  0x0803713c    0x262  event_groups.o [1]
  .text               ro code  0x080373a0    0x4a4  timers.o [1]
  .text               ro code  0x08037844      0x8  bsp_watchdog.o [1]
  .text               ro code  0x0803784c    0x24c  port.o [1]
  .text               ro code  0x08037a98     0x98  list.o [1]
  .text               ro code  0x08037b30    0x280  heap_4.o [1]
  .text               ro code  0x08037db0    0x1e8  stm32f4xx_rcc.o [1]
  .text               ro code  0x08037f98    0x9e4  bsp_uart_fifo.o [1]
  .text               ro code  0x0803897c    0x204  bsp_timer.o [1]
  .text               ro code  0x08038b80    0x124  bsp_spi.o [1]
  .text               ro code  0x08038ca4    0xd96  xprintffull_nomb.o [3]
  .text               ro code  0x08039a3c    0x180  DblSub.o [4]
  .text               ro code  0x08039bbc    0x31c  stm32f4xx_dma.o [1]
  .text               ro code  0x08039ed8     0x88  misc.o [1]
  .text               ro code  0x08039f60    0x14c  usb_bsp.o [1]
  .text               ro code  0x0803a0ac     0xd6  usb_hcd.o [1]
  .text               ro code  0x0803a182    0x1ba  usbh_hcs.o [1]
  .text               ro code  0x0803a33c    0x436  usbh_stdreq.o [1]
  .text               ro code  0x0803a772    0x246  usbh_ioreq.o [1]
  .text               ro code  0x0803a9b8    0x2e4  diskio.o [1]
  .text               ro code  0x0803ac9c     0xf4  cc936.o [1]
  .text               ro code  0x0803ad90     0xb8  mcheck.o [1]
  .text               ro code  0x0803ae48     0x2c  strstr.o [3]
  .text               ro code  0x0803ae74     0x10  stm32f4xx_iwdg.o [1]
  CODE                ro code  0x0803ae84     0xa8  portasm.o [1]
  .text               ro code  0x0803af2c    0x254  stm32f4xx_usart.o [1]
  .text               ro code  0x0803b180     0x74  stm32f4xx_spi.o [1]
  .text               ro code  0x0803b1f4     0x16  strchr.o [5]
  .text               ro code  0x0803b20c     0x58  memchr.o [5]
  .text               ro code  0x0803b264     0xee  I64DivMod.o [5]
  .text               ro code  0x0803b352     0x42  xdnorm.o [4]
  .text               ro code  0x0803b394     0x2e  DblCmpLe.o [4]
  .text               ro code  0x0803b3c4     0x2e  DblCmpGe.o [4]
  .text               ro code  0x0803b3f4    0x114  xdscale.o [4]
  .text               ro code  0x0803b508     0x6c  localeconv.o [3]
  .text               ro code  0x0803b574      0xe  div.o [3]
  .text               ro code  0x0803b584     0x74  bsp_dwt.o [1]
  .text               ro code  0x0803b5f8    0xa50  usb_core.o [1]
  .text               ro code  0x0803c048   0x1a58  bsp_sdio_sd.o [1]
  .text               ro code  0x0803daa0    0x618  usbh_msc_scsi.o [1]
  .text               ro code  0x0803e0b8    0x554  usbh_msc_bot.o [1]
  .text               ro code  0x0803e60c      0x2  I64DivZer.o [5]
  .text               ro code  0x0803e610    0x17c  stm32f4xx_sdio.o [1]
  .text               ro code  0x0803e78c    0xc7e  usb_hcd_int.o [1]
  .text               ro code  0x0803f40c    0x3e8  usbh_msc_core.o [1]
  .rodata             const    0x0803f7f4    0x3dc  cc936.o [1]
  .rodata             const    0x0803fbd0    0x3dc  cc936.o [1]
  .text               ro code  0x0803ffac    0x2f4  para.o [1]
  .text               ro code  0x080402a0     0x44  strcpy_unaligned.o [5]
  .text               ro code  0x080402e4    0x2e0  bsp_tim_pwm.o [1]
  .rodata             const    0x080405c4    0x1f4  apptask.o [1]
  .rodata             const    0x080407b8    0x190  product_cal.o [1]
  .text               ro code  0x08040948    0x154  system_stm32f4xx.o [1]
  .rodata             const    0x08040a9c    0x100  mcheck.o [1]
  .rodata             const    0x08040b9c    0x100  mcheck.o [1]
  .rodata             const    0x08040c9c    0x100  mcheck.o [1]
  .text               ro code  0x08040d9c     0xd4  bsp_closeSW.o [1]
  .text               ro code  0x08040e70     0x54  stm32f4xx_syscfg.o [1]
  .text               ro code  0x08040ec4     0xc0  stm32f4xx_exti.o [1]
  .text               ro code  0x08040f84     0xd0  packbits_init.o [5]
  .text               ro code  0x08041054      0x6  abort.o [3]
  .text               ro code  0x0804105c     0x14  exit.o [6]
  .text               ro code  0x08041070     0x4c  bsp.o [1]
  .text               ro code  0x080410bc     0x44  bsp_relay.o [1]
  .text               ro code  0x08041100     0x40  zero_init3.o [5]
  .text               ro code  0x08041140     0x3c  SysInfoTest.o [1]
  .rodata             const    0x0804117c     0x38  demo_fatfs.o [1]
  .text               ro code  0x080411b4     0x38  stm32f4xx_it.o [1]
  .rodata             const    0x080411ec     0x30  apptask.o [1]
  .rodata             const    0x0804121c     0x30  demo_fatfs.o [1]
  .rodata             const    0x0804124c     0x30  demo_fatfs.o [1]
  .rodata             const    0x0804127c     0x2c  apptask.o [1]
  .rodata             const    0x080412a8     0x2c  demo_fatfs.o [1]
  .rodata             const    0x080412d4     0x2c  demo_fatfs.o [1]
  .rodata             const    0x08041300     0x2c  stm32f4xx_it.o [1]
  .text               ro code  0x0804132c     0x2c  main.o [1]
  .rodata             const    0x08041358     0x28  demo_fatfs.o [1]
  .rodata             const    0x08041380     0x28  demo_fatfs.o [1]
  .rodata             const    0x080413a8     0x28  demo_fatfs.o [1]
  .text               ro code  0x080413d0     0x28  data_init.o [5]
  .rodata             const    0x080413f8     0x24  demo_fatfs.o [1]
  .rodata             const    0x0804141c     0x24  demo_fatfs.o [1]
  .rodata             const    0x08041440     0x24  usbh_usr.o [1]
  .text               ro code  0x08041464     0x22  fpinit_M.o [4]
  .iar.init_table     const    0x08041488     0x34  - Linker created -
  .rodata             const    0x080414bc     0x20  apptask.o [1]
  .rodata             const    0x080414dc     0x20  apptask.o [1]
  .rodata             const    0x080414fc     0x20  bsp_sdwe050c17.o [1]
  .rodata             const    0x0804151c     0x20  demo_fatfs.o [1]
  .rodata             const    0x0804153c     0x20  demo_fatfs.o [1]
  .rodata             const    0x0804155c     0x20  demo_fatfs.o [1]
  .rodata             const    0x0804157c     0x20  usbh_usr.o [1]
  .rodata             const    0x0804159c     0x20  usbh_usr.o [1]
  .rodata             const    0x080415bc     0x20  usbh_usr.o [1]
  .rodata             const    0x080415dc     0x20  usbh_usr.o [1]
  .rodata             const    0x080415fc     0x20  usbh_usr.o [1]
  .rodata             const    0x0804161c     0x1c  apptask.o [1]
  .rodata             const    0x08041638     0x1c  apptask.o [1]
  .rodata             const    0x08041654     0x1c  apptask.o [1]
  .rodata             const    0x08041670     0x1c  apptask.o [1]
  .rodata             const    0x0804168c     0x1c  apptask.o [1]
  .rodata             const    0x080416a8     0x1c  apptask.o [1]
  .rodata             const    0x080416c4     0x1c  apptask.o [1]
  .rodata             const    0x080416e0     0x1c  demo_fatfs.o [1]
  .rodata             const    0x080416fc     0x1c  demo_fatfs.o [1]
  .rodata             const    0x08041718     0x1c  usbh_usr.o [1]
  .rodata             const    0x08041734     0x1c  usbh_usr.o [1]
  .rodata             const    0x08041750     0x1c  usbh_usr.o [1]
  .rodata             const    0x0804176c     0x1c  usbh_usr.o [1]
  .rodata             const    0x08041788     0x1c  usbh_usr.o [1]
  .rodata             const    0x080417a4     0x1c  usbh_usr.o [1]
  .text               ro code  0x080417c0     0x1a  cmain.o [5]
  .text               ro code  0x080417da      0x4  exit.o [3]
  .text               ro code  0x080417e0      0xa  cexit.o [5]
  .rodata             const    0x080417ec     0x18  apptask.o [1]
  .rodata             const    0x08041804     0x18  apptask.o [1]
  .rodata             const    0x0804181c     0x18  apptask.o [1]
  .rodata             const    0x08041834     0x18  apptask.o [1]
  .rodata             const    0x0804184c     0x18  apptask.o [1]
  .rodata             const    0x08041864     0x18  apptask.o [1]
  .rodata             const    0x0804187c     0x18  apptask.o [1]
  .rodata             const    0x08041894     0x18  apptask.o [1]
  .rodata             const    0x080418ac     0x18  demo_fatfs.o [1]
  .rodata             const    0x080418c4     0x18  demo_fatfs.o [1]
  .rodata             const    0x080418dc     0x18  demo_fatfs.o [1]
  .rodata             const    0x080418f4     0x18  demo_fatfs.o [1]
  .rodata             const    0x0804190c     0x18  usbh_usr.o [1]
  .rodata             const    0x08041924     0x18  usbh_usr.o [1]
  .rodata             const    0x0804193c     0x18  usbh_usr.o [1]
  .rodata             const    0x08041954     0x18  usbh_usr.o [1]
  .rodata             const    0x0804196c     0x18  usbh_usr.o [1]
  .text               ro code  0x08041984     0x16  xprout.o [3]
  .text               ro code  0x0804199c      0xc  putchar.o [3]
  .rodata             const    0x080419a8     0x14  apptask.o [1]
  .rodata             const    0x080419bc     0x14  apptask.o [1]
  .rodata             const    0x080419d0     0x14  apptask.o [1]
  .rodata             const    0x080419e4     0x14  apptask.o [1]
  .rodata             const    0x080419f8     0x14  apptask.o [1]
  .rodata             const    0x08041a0c     0x14  apptask.o [1]
  .rodata             const    0x08041a20     0x14  apptask.o [1]
  .rodata             const    0x08041a34     0x14  usbh_usr.o [1]
  .rodata             const    0x08041a48     0x14  usbh_usr.o [1]
  .rodata             const    0x08041a5c     0x10  apptask.o [1]
  .rodata             const    0x08041a6c     0x10  apptask.o [1]
  .rodata             const    0x08041a7c     0x10  apptask.o [1]
  .rodata             const    0x08041a8c     0x10  apptask.o [1]
  .rodata             const    0x08041a9c     0x10  apptask.o [1]
  .rodata             const    0x08041aac     0x10  apptask.o [1]
  .rodata             const    0x08041abc     0x10  apptask.o [1]
  .rodata             const    0x08041acc     0x10  apptask.o [1]
  .rodata             const    0x08041adc     0x10  apptask.o [1]
  .rodata             const    0x08041aec     0x10  apptask.o [1]
  .rodata             const    0x08041afc     0x10  apptask.o [1]
  .rodata             const    0x08041b0c     0x10  ff.o [1]
  .rodata             const    0x08041b1c     0x10  main.o [1]
  .rodata             const    0x08041b2c     0x10  main.o [1]
  .rodata             const    0x08041b3c     0x10  usbh_usr.o [1]
  .rodata             const    0x08041b4c     0x10  usbh_usr.o [1]
  .text               ro code  0x08041b5c     0x10  startup_stm32f40_41xxx.o [1]
  .text               ro code  0x08041b6c     0x10  usbh_it.o [1]
  .rodata             const    0x08041b7c      0xc  apptask.o [1]
  .rodata             const    0x08041b88      0xc  apptask.o [1]
  .rodata             const    0x08041b94      0xc  apptask.o [1]
  .rodata             const    0x08041ba0      0xc  apptask.o [1]
  .rodata             const    0x08041bac      0xc  apptask.o [1]
  .rodata             const    0x08041bb8      0xc  apptask.o [1]
  .rodata             const    0x08041bc4      0xc  apptask.o [1]
  .rodata             const    0x08041bd0      0xc  apptask.o [1]
  .rodata             const    0x08041bdc      0xc  apptask.o [1]
  .rodata             const    0x08041be8      0xc  apptask.o [1]
  .rodata             const    0x08041bf4      0xc  apptask.o [1]
  .rodata             const    0x08041c00      0xc  apptask.o [1]
  .rodata             const    0x08041c0c      0xc  apptask.o [1]
  .rodata             const    0x08041c18      0xc  apptask.o [1]
  .rodata             const    0x08041c24      0xc  apptask.o [1]
  .rodata             const    0x08041c30      0xc  apptask.o [1]
  .rodata             const    0x08041c3c      0xc  apptask.o [1]
  .rodata             const    0x08041c48      0xc  apptask.o [1]
  .rodata             const    0x08041c54      0xc  apptask.o [1]
  .rodata             const    0x08041c60      0xc  apptask.o [1]
  .rodata             const    0x08041c6c      0xc  apptask.o [1]
  .rodata             const    0x08041c78      0xc  apptask.o [1]
  .rodata             const    0x08041c84      0xc  apptask.o [1]
  .rodata             const    0x08041c90      0xc  apptask.o [1]
  .rodata             const    0x08041c9c      0xc  apptask.o [1]
  .rodata             const    0x08041ca8      0xc  apptask.o [1]
  .rodata             const    0x08041cb4      0xc  apptask.o [1]
  .rodata             const    0x08041cc0      0xc  apptask.o [1]
  .rodata             const    0x08041ccc      0xc  bsp_sdwe050c17.o [1]
  .rodata             const    0x08041cd8      0xc  bsp_sdwe050c17.o [1]
  .rodata             const    0x08041ce4      0xc  demo_fatfs.o [1]
  .rodata             const    0x08041cf0      0xc  ff.o [1]
  .text               ro code  0x08041cfc      0xc  cstartup_M.o [5]
  .rodata             const    0x08041d08      0x8  apptask.o [1]
  .rodata             const    0x08041d10      0x8  apptask.o [1]
  .rodata             const    0x08041d18      0x8  apptask.o [1]
  .rodata             const    0x08041d20      0x8  apptask.o [1]
  .rodata             const    0x08041d28      0x8  apptask.o [1]
  .rodata             const    0x08041d30      0x8  apptask.o [1]
  .rodata             const    0x08041d38      0x8  apptask.o [1]
  .rodata             const    0x08041d40      0x8  apptask.o [1]
  .rodata             const    0x08041d48      0x8  apptask.o [1]
  .rodata             const    0x08041d50      0x8  apptask.o [1]
  .rodata             const    0x08041d58      0x8  apptask.o [1]
  .rodata             const    0x08041d60      0x8  apptask.o [1]
  .rodata             const    0x08041d68      0x8  apptask.o [1]
  .rodata             const    0x08041d70      0x8  bsp_w25qxx.o [1]
  .rodata             const    0x08041d78      0x8  ff.o [1]
  .rodata             const    0x08041d80      0x8  malloc.o [1]
  .rodata             const    0x08041d88      0x8  malloc.o [1]
  .rodata             const    0x08041d90      0x8  malloc.o [1]
  .rodata             const    0x08041d98      0x8  para.o [1]
  .rodata             const    0x08041da0      0x8  para.o [1]
  .rodata             const    0x08041da8      0x8  para.o [1]
  .rodata             const    0x08041db0      0x8  tasks.o [1]
  .rodata             const    0x08041db8      0x8  timers.o [1]
  .rodata             const    0x08041dc0      0x4  heap_4.o [1]
  .rodata             const    0x08041dc4      0x4  port.o [1]
  .text               ro code  0x08041dc8      0x4  startup_stm32f40_41xxx.o [1]
  .text               ro code  0x08041dcc      0x4  startup_stm32f40_41xxx.o [1]
  .text               ro code  0x08041dd0      0x4  startup_stm32f40_41xxx.o [1]
  .text               ro code  0x08041dd4      0x4  startup_stm32f40_41xxx.o [1]
  .text               ro code  0x08041dd8      0x4  startup_stm32f40_41xxx.o [1]
  .text               ro code  0x08041ddc      0x4  startup_stm32f40_41xxx.o [1]
  .text               ro code  0x08041de0      0x4  startup_stm32f40_41xxx.o [1]
  .text               ro code  0x08041de4      0x4  startup_stm32f40_41xxx.o [1]
  .text               ro code  0x08041de8      0x4  startup_stm32f40_41xxx.o [1]
  .text               ro code  0x08041dec      0x4  startup_stm32f40_41xxx.o [1]
  .text               ro code  0x08041df0      0x4  startup_stm32f40_41xxx.o [1]
  .text               ro code  0x08041df4      0x4  startup_stm32f40_41xxx.o [1]
  .text               ro code  0x08041df8      0x4  startup_stm32f40_41xxx.o [1]
  .text               ro code  0x08041dfc      0x4  startup_stm32f40_41xxx.o [1]
  .text               ro code  0x08041e00      0x4  startup_stm32f40_41xxx.o [1]
  .text               ro code  0x08041e04      0x4  startup_stm32f40_41xxx.o [1]
  .text               ro code  0x08041e08      0x4  startup_stm32f40_41xxx.o [1]
  .text               ro code  0x08041e0c      0x4  startup_stm32f40_41xxx.o [1]
  .text               ro code  0x08041e10      0x4  startup_stm32f40_41xxx.o [1]
  .text               ro code  0x08041e14      0x4  startup_stm32f40_41xxx.o [1]
  .text               ro code  0x08041e18      0x4  startup_stm32f40_41xxx.o [1]
  .text               ro code  0x08041e1c      0x4  startup_stm32f40_41xxx.o [1]
  .text               ro code  0x08041e20      0x4  startup_stm32f40_41xxx.o [1]
  .text               ro code  0x08041e24      0x4  startup_stm32f40_41xxx.o [1]
  .text               ro code  0x08041e28      0x4  startup_stm32f40_41xxx.o [1]
  .text               ro code  0x08041e2c      0x4  startup_stm32f40_41xxx.o [1]
  .text               ro code  0x08041e30      0x4  startup_stm32f40_41xxx.o [1]
  .text               ro code  0x08041e34      0x4  startup_stm32f40_41xxx.o [1]
  .text               ro code  0x08041e38      0x4  startup_stm32f40_41xxx.o [1]
  .text               ro code  0x08041e3c      0x4  startup_stm32f40_41xxx.o [1]
  .text               ro code  0x08041e40      0x4  startup_stm32f40_41xxx.o [1]
  .text               ro code  0x08041e44      0x4  startup_stm32f40_41xxx.o [1]
  .text               ro code  0x08041e48      0x4  startup_stm32f40_41xxx.o [1]
  .text               ro code  0x08041e4c      0x4  startup_stm32f40_41xxx.o [1]
  .text               ro code  0x08041e50      0x4  startup_stm32f40_41xxx.o [1]
  .text               ro code  0x08041e54      0x4  startup_stm32f40_41xxx.o [1]
  .text               ro code  0x08041e58      0x4  startup_stm32f40_41xxx.o [1]
  .text               ro code  0x08041e5c      0x4  startup_stm32f40_41xxx.o [1]
  .text               ro code  0x08041e60      0x4  startup_stm32f40_41xxx.o [1]
  .text               ro code  0x08041e64      0x4  startup_stm32f40_41xxx.o [1]
  .text               ro code  0x08041e68      0x4  startup_stm32f40_41xxx.o [1]
  .text               ro code  0x08041e6c      0x4  startup_stm32f40_41xxx.o [1]
  .text               ro code  0x08041e70      0x4  startup_stm32f40_41xxx.o [1]
  .text               ro code  0x08041e74      0x4  startup_stm32f40_41xxx.o [1]
  .text               ro code  0x08041e78      0x4  startup_stm32f40_41xxx.o [1]
  .text               ro code  0x08041e7c      0x4  startup_stm32f40_41xxx.o [1]
  .text               ro code  0x08041e80      0x4  startup_stm32f40_41xxx.o [1]
  .text               ro code  0x08041e84      0x4  startup_stm32f40_41xxx.o [1]
  .text               ro code  0x08041e88      0x4  startup_stm32f40_41xxx.o [1]
  .text               ro code  0x08041e8c      0x4  startup_stm32f40_41xxx.o [1]
  .text               ro code  0x08041e90      0x4  startup_stm32f40_41xxx.o [1]
  .text               ro code  0x08041e94      0x4  startup_stm32f40_41xxx.o [1]
  .text               ro code  0x08041e98      0x4  startup_stm32f40_41xxx.o [1]
  .text               ro code  0x08041e9c      0x4  startup_stm32f40_41xxx.o [1]
  .text               ro code  0x08041ea0      0x4  startup_stm32f40_41xxx.o [1]
  .text               ro code  0x08041ea4      0x4  startup_stm32f40_41xxx.o [1]
  .text               ro code  0x08041ea8      0x4  startup_stm32f40_41xxx.o [1]
  .text               ro code  0x08041eac      0x4  startup_stm32f40_41xxx.o [1]
  .text               ro code  0x08041eb0      0x4  startup_stm32f40_41xxx.o [1]
  .text               ro code  0x08041eb4      0x4  startup_stm32f40_41xxx.o [1]
  .text               ro code  0x08041eb8      0x4  startup_stm32f40_41xxx.o [1]
  .text               ro code  0x08041ebc      0x4  startup_stm32f40_41xxx.o [1]
  .text               ro code  0x08041ec0      0x4  startup_stm32f40_41xxx.o [1]
  .text               ro code  0x08041ec4      0x4  startup_stm32f40_41xxx.o [1]
  .text               ro code  0x08041ec8      0x4  startup_stm32f40_41xxx.o [1]
  .text               ro code  0x08041ecc      0x4  startup_stm32f40_41xxx.o [1]
  .text               ro code  0x08041ed0      0x4  startup_stm32f40_41xxx.o [1]
  .rodata             const    0x08041ed4      0x0  zero_init3.o [5]
  .rodata             const    0x08041ed4      0x0  packbits_init.o [5]
  Initializer bytes   const    0x08041ed4    0x11e  <for P2 s0>
                             - 0x08041ff2  0x41e6a

"P2":                                      0x1f750
  P2 s0                        0x20000000    0x1cc  <Init block>
    __DLIB_PERTHREAD  inited   0x20000000     0x88  localeconv.o [3]
    .data             inited   0x20000088     0x50  demo_fatfs.o [1]
    .data             inited   0x200000d8     0x48  usbh_usr.o [1]
    .data             inited   0x20000120     0x40  xfiles.o [3]
    .data             inited   0x20000160     0x1c  malloc.o [1]
    .data             inited   0x2000017c     0x14  bsp_servomotor.o [1]
    .data             inited   0x20000190     0x10  stm32f4xx_rcc.o [1]
    .data             inited   0x200001a0     0x10  usbh_msc_core.o [1]
    .data             inited   0x200001b0      0xc  usbh_core.o [1]
    .data             inited   0x200001bc      0x4  port.o [1]
    .data             inited   0x200001c0      0x4  system_stm32f4xx.o [1]
    .data             inited   0x200001c4      0x4  usbh_core.o [1]
    .data             inited   0x200001c8      0x2  bsp_w25qxx.o [1]
    .data             inited   0x200001ca      0x1  page_weimi.o [1]
    .data             inited   0x200001cb      0x1  usbh_msc_scsi.o [1]
  .bss                zero     0x200001cc  0x11800  heap_4.o [1]
  .bss                zero     0x200119cc   0xa000  malloc.o [1]
  .bss                zero     0x2001b9cc   0x1000  bsp_w25qxx.o [1]
  .bss                zero     0x2001c9cc    0xa00  malloc.o [1]
  .bss                zero     0x2001d3cc    0x5ac  usbh_usr.o [1]
  .bss                zero     0x2001d978    0x5ac  usbh_usr.o [1]
  .bss                zero     0x2001df24    0x200  ff.o [1]
  .bss                zero     0x2001e124    0x200  usbh_msc_scsi.o [1]
  .bss                zero     0x2001e324    0x200  usbh_stdreq.o [1]
  .bss                zero     0x2001e524    0x118  page_weimi.o [1]
  .bss                zero     0x2001e63c     0xc8  tasks.o [1]
  .bss                zero     0x2001e704     0xa4  protocol.o [1]
  .bss                zero     0x2001e7a8     0x98  para.o [1]
  .bss                zero     0x2001e840     0x94  usbh_usr.o [1]
  .bss                zero     0x2001e8d4     0x70  protocol.o [1]
  .bss                zero     0x2001e944     0x64  bsp_uart_fifo.o [1]
  .bss                zero     0x2001e9a8     0x64  bsp_uart_fifo.o [1]
  .bss                zero     0x2001ea10     0x58  bsp_sdio_sd.o [1]
  .bss                zero     0x2001ea68     0x50  protocol.o [1]
  .bss                zero     0x2001eab8     0x50  xfiles.o [3]
  .bss                zero     0x2001eb08     0x4c  usbh_msc_core.o [1]
  .bss                zero     0x2001eb54     0x34  bsp_sdwe050c17.o [1]
  .bss                zero     0x2001eb88     0x2c  product_cal.o [1]
  .bss                zero     0x2001ebb4     0x28  bsp_uart_fifo.o [1]
  .bss                zero     0x2001ebdc     0x28  encoder.o [1]
  .bss                zero     0x2001ec04     0x28  product_cal.o [1]
  .bss                zero     0x2001ec2c     0x24  ff.o [1]
  .bss                zero     0x2001ec50     0x20  usbh_msc_bot.o [1]
  .bss                zero     0x2001ec70     0x18  bsp_sdio_sd.o [1]
  .bss                zero     0x2001ec88     0x18  bsp_sdio_sd.o [1]
  .bss                zero     0x2001eca0     0x14  bsp_sdio_sd.o [1]
  .bss                zero     0x2001ecb4     0x14  page_weimi.o [1]
  .bss                zero     0x2001ecc8     0x14  rc522.o [1]
  .bss                zero     0x2001ecdc     0x14  tasks.o [1]
  .bss                zero     0x2001ecf0     0x14  tasks.o [1]
  .bss                zero     0x2001ed04     0x14  tasks.o [1]
  .bss                zero     0x2001ed18     0x14  tasks.o [1]
  .bss                zero     0x2001ed2c     0x14  tasks.o [1]
  .bss                zero     0x2001ed40     0x14  timers.o [1]
  .bss                zero     0x2001ed54     0x14  timers.o [1]
  .bss                zero     0x2001ed68     0x10  bsp_sdio_sd.o [1]
  .bss                zero     0x2001ed78     0x10  bsp_sdio_sd.o [1]
  .bss                zero     0x2001ed88     0x10  usbh_msc_bot.o [1]
  .bss                zero     0x2001ed98     0x10  usbh_msc_bot.o [1]
  .bss                zero     0x2001eda8     0x10  usbh_msc_scsi.o [1]
  .bss                zero     0x2001edb8      0xc  apptask.o [1]
  .bss                zero     0x2001edc4      0xc  apptask.o [1]
  .bss                zero     0x2001edd0      0xc  ff.o [1]
  .bss                zero     0x2001eddc      0xc  protocol.o [1]
  .bss                zero     0x2001ede8      0xc  protocol.o [1]
  .bss                zero     0x2001edf4      0xc  protocol.o [1]
  .bss                zero     0x2001ee00      0x8  heap_4.o [1]
  .bss                zero     0x2001ee08      0x8  modbus.o [1]
  .bss                zero     0x2001ee10      0x8  protocol.o [1]
  .bss                zero     0x2001ee18      0x4  apptask.o [1]
  .bss                zero     0x2001ee1c      0x4  apptask.o [1]
  .bss                zero     0x2001ee20      0x4  apptask.o [1]
  .bss                zero     0x2001ee24      0x4  apptask.o [1]
  .bss                zero     0x2001ee28      0x4  apptask.o [1]
  .bss                zero     0x2001ee2c      0x4  apptask.o [1]
  .bss                zero     0x2001ee30      0x4  apptask.o [1]
  .bss                zero     0x2001ee34      0x4  apptask.o [1]
  .bss                zero     0x2001ee38      0x4  apptask.o [1]
  .bss                zero     0x2001ee3c      0x4  apptask.o [1]
  .bss                zero     0x2001ee40      0x4  apptask.o [1]
  .bss                zero     0x2001ee44      0x4  apptask.o [1]
  .bss                zero     0x2001ee48      0x4  apptask.o [1]
  .bss                zero     0x2001ee4c      0x4  apptask.o [1]
  .bss                zero     0x2001ee50      0x4  apptask.o [1]
  .bss                zero     0x2001ee54      0x4  apptask.o [1]
  .bss                zero     0x2001ee58      0x4  apptask.o [1]
  .bss                zero     0x2001ee5c      0x4  apptask.o [1]
  .bss                zero     0x2001ee60      0x4  apptask.o [1]
  .bss                zero     0x2001ee64      0x4  apptask.o [1]
  .bss                zero     0x2001ee68      0x4  bsp_sdio_sd.o [1]
  .bss                zero     0x2001ee6c      0x4  bsp_sdio_sd.o [1]
  .bss                zero     0x2001ee70      0x4  bsp_sdio_sd.o [1]
  .bss                zero     0x2001ee74      0x4  bsp_sdio_sd.o [1]
  .bss                zero     0x2001ee78      0x4  bsp_sdio_sd.o [1]
  .bss                zero     0x2001ee7c      0x4  bsp_timer.o [1]
  .bss                zero     0x2001ee80      0x4  bsp_timer.o [1]
  .bss                zero     0x2001ee84      0x4  bsp_timer.o [1]
  .bss                zero     0x2001ee88      0x4  bsp_timer.o [1]
  .bss                zero     0x2001ee8c      0x4  encoder.o [1]
  .bss                zero     0x2001ee90      0x4  encoder.o [1]
  .bss                zero     0x2001ee94      0x4  heap_4.o [1]
  .bss                zero     0x2001ee98      0x4  heap_4.o [1]
  .bss                zero     0x2001ee9c      0x4  heap_4.o [1]
  .bss                zero     0x2001eea0      0x4  heap_4.o [1]
  .bss                zero     0x2001eea4      0x4  port.o [1]
  .bss                zero     0x2001eea8      0x4  product_cal.o [1]
  .bss                zero     0x2001eeac      0x4  product_cal.o [1]
  .bss                zero     0x2001eeb0      0x4  SysInfoTest.o [1]
  .bss                zero     0x2001eeb4      0x4  tasks.o [1]
  .bss                zero     0x2001eeb8      0x4  tasks.o [1]
  .bss                zero     0x2001eebc      0x4  tasks.o [1]
  .bss                zero     0x2001eec0      0x4  tasks.o [1]
  .bss                zero     0x2001eec4      0x4  tasks.o [1]
  .bss                zero     0x2001eec8      0x4  tasks.o [1]
  .bss                zero     0x2001eecc      0x4  tasks.o [1]
  .bss                zero     0x2001eed0      0x4  tasks.o [1]
  .bss                zero     0x2001eed4      0x4  tasks.o [1]
  .bss                zero     0x2001eed8      0x4  tasks.o [1]
  .bss                zero     0x2001eedc      0x4  tasks.o [1]
  .bss                zero     0x2001eee0      0x4  tasks.o [1]
  .bss                zero     0x2001eee4      0x4  tasks.o [1]
  .bss                zero     0x2001eee8      0x4  tasks.o [1]
  .bss                zero     0x2001eeec      0x4  tasks.o [1]
  .bss                zero     0x2001eef0      0x4  tasks.o [1]
  .bss                zero     0x2001eef4      0x4  timers.o [1]
  .bss                zero     0x2001eef8      0x4  timers.o [1]
  .bss                zero     0x2001eefc      0x4  timers.o [1]
  .bss                zero     0x2001ef00      0x4  timers.o [1]
  .bss                zero     0x2001ef04      0x4  usbh_msc_bot.o [1]
  .bss                zero     0x2001ef08      0x4  usbh_msc_bot.o [1]
  .bss                zero     0x2001ef0c      0x4  usbh_msc_bot.o [1]
  .bss                zero     0x2001ef10      0x4  usbh_msc_bot.o [1]
  .bss                zero     0x2001ef14      0x2  apptask.o [1]
  .bss                zero     0x2001ef16      0x2  apptask.o [1]
  .bss                zero     0x2001ef18      0x2  apptask.o [1]
  .bss                zero     0x2001ef1a      0x2  apptask.o [1]
  .bss                zero     0x2001ef1c      0x2  bsp_sdwe050c17.o [1]
  .bss                zero     0x2001ef1e      0x2  encoder.o [1]
  .bss                zero     0x2001ef20      0x2  encoder.o [1]
  .bss                zero     0x2001ef22      0x2  encoder.o [1]
  .bss                zero     0x2001ef24      0x2  encoder.o [1]
  .bss                zero     0x2001ef26      0x2  ff.o [1]
  .bss                zero     0x2001ef28      0x2  page_weimi.o [1]
  .bss                zero     0x2001ef2a      0x2  product_cal.o [1]
  .bss                zero     0x2001ef2c      0x2  usbh_core.o [1]
  .bss                zero     0x2001ef2e      0x2  usbh_stdreq.o [1]
  .bss                zero     0x2001ef30      0x1  apptask.o [1]
  .bss                zero     0x2001ef31      0x1  apptask.o [1]
  .bss                zero     0x2001ef32      0x1  apptask.o [1]
  .bss                zero     0x2001ef33      0x1  apptask.o [1]
  .bss                zero     0x2001ef34      0x1  apptask.o [1]
  .bss                zero     0x2001ef35      0x1  apptask.o [1]
  .bss                zero     0x2001ef36      0x1  apptask.o [1]
  .bss                zero     0x2001ef37      0x1  apptask.o [1]
  .bss                zero     0x2001ef38      0x1  apptask.o [1]
  .bss                zero     0x2001ef39      0x1  bsp_sdio_sd.o [1]
  .bss                zero     0x2001ef3a      0x1  bsp_sdwe050c17.o [1]
  .bss                zero     0x2001ef3b      0x1  bsp_uart_fifo.o [1]
  .bss                zero     0x2001ef3c      0x1  encoder.o [1]
  .bss                zero     0x2001ef3d      0x1  encoder.o [1]
  .bss                zero     0x2001ef3e      0x1  encoder.o [1]
  .bss                zero     0x2001ef3f      0x1  page_weimi.o [1]
  .bss                zero     0x2001ef40      0x1  page_weimi.o [1]
  .bss                zero     0x2001ef41      0x1  page_weimi.o [1]
  .bss                zero     0x2001ef42      0x1  page_weimi.o [1]
  .bss                zero     0x2001ef43      0x1  port.o [1]
  .bss                zero     0x2001ef44      0x1  product_cal.o [1]
  .bss                zero     0x2001ef45      0x1  product_cal.o [1]
  .bss                zero     0x2001ef46      0x1  product_cal.o [1]
  .bss                zero     0x2001ef47      0x1  protocol.o [1]
  .bss                zero     0x2001ef48      0x1  rc522.o [1]
  .bss                zero     0x2001ef49      0x1  rc522.o [1]
  .bss                zero     0x2001ef4a      0x1  usbh_msc_bot.o [1]
  .bss                zero     0x2001ef4b      0x1  usbh_msc_core.o [1]
  .bss                zero     0x2001ef4c      0x1  usbh_msc_core.o [1]
  .bss                zero     0x2001ef4d      0x1  usbh_stdreq.o [1]
  .bss                zero     0x2001ef4e      0x1  usbh_usr.o [1]
  CSTACK                       0x2001ef50    0x800  <Block>
    CSTACK            uninit   0x2001ef50    0x800  <Block tail>
                             - 0x2001f750  0x1f750

Absolute sections:                         0xff000
  .bss                zero     0x68000000  0xf0000  malloc.o [1]
  .bss                zero     0x680f0000   0xf000  malloc.o [1]
                             - 0x680ff000  0xff000


*******************************************************************************
*** INIT TABLE
***

          Address     Size
          -------     ----
Zero (__iar_zero_init3)
    2 destination ranges, total size 0x11dd83:
          0x200001cc  0x1ed83
          0x68000000  0xff000

Copy/packbits (__iar_packbits_init3)
    1 source range, total size 0x11e (62% of destination):
          0x08041ed4    0x11e
    1 destination range, total size 0x1cc:
          0x20000000    0x1cc



*******************************************************************************
*** MODULE SUMMARY
***

    Module                    ro code  ro data  rw data    rw data
                                                            (abs)
    ------                    -------  -------  -------    -------
E:\WORK\YarnControl_Driver\YarnControl_Driver\src\stm32f4_rtos\Project\EWARMv7\Flash\Obj: [1]
    SysInfoTest.o                  60                 4
    apptask.o                  18 428    1 800      121
    bsp.o                          76
    bsp_closeSW.o                 212
    bsp_dwt.o                     116
    bsp_led.o                     192
    bsp_relay.o                    68
    bsp_sdio_sd.o               6 744               209
    bsp_sdwe050c17.o            4 696       56       55
    bsp_servomotor.o            1 164       12       20
    bsp_spi.o                     292
    bsp_stepmotor.o               620
    bsp_sw_onoff.o                104
    bsp_tim_pwm.o                 736
    bsp_timer.o                   516                16
    bsp_uart_fifo.o             2 532               241
    bsp_w25qxx.o                  896        9    4 098
    bsp_watchdog.o                  8
    cc936.o                       244  176 320
    demo_fatfs.o                           742       80
    diskio.o                      740
    encoder.o                     884                59
    event_groups.o                610
    ff.o                        8 804       36      562
    heap_4.o                      640        4   71 704
    list.o                        152
    main.o                         44       32
    malloc.o                      540       42   43 548  1 044 480
    mcheck.o                      184      768
    misc.o                        136
    modbus.o                      852                 8
    page_weimi.o                  596        1      307
    para.o                        756       24      152
    port.o                        588        6        9
    portasm.o                     168
    product_cal.o               1 316      400       97
    protocol.o                     68               401
    queue.o                     1 992
    rc522.o                       174                22
    startup_stm32f40_41xxx.o      676
    stm32f4xx_dma.o               796
    stm32f4xx_exti.o              192
    stm32f4xx_gpio.o              300
    stm32f4xx_it.o                 56       44
    stm32f4xx_iwdg.o               16
    stm32f4xx_rcc.o               488       10       16
    stm32f4xx_sdio.o              380
    stm32f4xx_spi.o               116
    stm32f4xx_syscfg.o             84
    stm32f4xx_tim.o             1 648
    stm32f4xx_usart.o             596
    system_stm32f4xx.o            340        3        4
    tasks.o                     3 072        8      364
    timers.o                    1 188        8       56
    usb_bsp.o                     332
    usb_core.o                  2 640
    usb_hcd.o                     214
    usb_hcd_int.o               3 198
    usbh_core.o                 1 888       10       18
    usbh_hcs.o                    442
    usbh_ioreq.o                  582
    usbh_it.o                      16
    usbh_msc_bot.o              1 364                81
    usbh_msc_core.o             1 000       10       94
    usbh_msc_scsi.o             1 560        1      529
    usbh_stdreq.o               1 078               515
    usbh_usr.o                    438      601    3 125
    --------------------------------------------------------------
    Total:                     81 648  180 947  126 515  1 044 480

command line: [2]
    --------------------------------------------------------------
    Total:

dl7M_tlf.a: [3]
    abort.o                         6
    div.o                          14
    exit.o                          4
    localeconv.o                  108       84      136
    printf.o                       36
    putchar.o                      12
    sprintf.o                      52
    strcat.o                       28
    strstr.o                       44
    xfiles.o                                39      144
    xprintffull_nomb.o          3 478
    xprout.o                       22
    xsprout.o                      10
    --------------------------------------------------------------
    Total:                      3 814      123      280

m7M_tls.a: [4]
    DblAdd.o                      232
    DblCmpGe.o                     46
    DblCmpLe.o                     46
    DblDiv.o                      598
    DblMul.o                      418
    DblSub.o                      384
    DblToFlt.o                    144
    DblToI32.o                     88
    FltToDbl.o                     78
    I32ToDbl.o                     48
    fpinit_M.o                     34
    xdnorm.o                       66
    xdscale.o                     276
    --------------------------------------------------------------
    Total:                      2 458

rt7M_tl.a: [5]
    ABImemcpy_unaligned.o         118
    ABImemset.o                   102
    I64DivMod.o                   238
    I64DivZer.o                     2
    cexit.o                        10
    cmain.o                        26
    cstartup_M.o                   12
    data_init.o                    40
    memchr.o                       88
    memcmp_unaligned.o             98
    packbits_init.o               208
    strchr.o                       22
    strcmp_unaligned.o             66
    strcpy_unaligned.o             68
    strlen.o                       54
    zero_init3.o                   64
    --------------------------------------------------------------
    Total:                      1 216

shb_l.a: [6]
    exit.o                         20
    --------------------------------------------------------------
    Total:                         20

    Gaps                           40        4        4
    Linker created                          52    2 048
------------------------------------------------------------------
    Grand Total:               89 196  181 126  128 847  1 044 480


*******************************************************************************
*** ENTRY LIST
***

Entry                      Address     Size  Type      Object
-----                      -------     ----  ----      ------
.iar.init_table$$Base   0x08041488            --   Gb  - Linker created -
.iar.init_table$$Limit  0x080414bc            --   Gb  - Linker created -
?main                   0x080417c1           Code  Gb  cmain.o [5]
APBAHBPrescTable        0x20000190     0x10  Data  Lc  stm32f4xx_rcc.o [1]
AppObjCreate            0x0802ed11    0x184  Code  Gb  apptask.o [1]
AppTaskCreate           0x0802eb75    0x16c  Code  Gb  apptask.o [1]
BOTStallErrorCount      0x2001ef04      0x4  Data  Lc  usbh_msc_bot.o [1]
BusFault_Handler        0x080411e7      0x2  Code  Gb  stm32f4xx_it.o [1]
CID_Tab                 0x2001ed78     0x10  Data  Lc  bsp_sdio_sd.o [1]
CRC16HiTable            0x08040a9c    0x100  Data  Gb  mcheck.o [1]
CRC16LoTable            0x08040b9c    0x100  Data  Gb  mcheck.o [1]
CRC8Table               0x08040c9c    0x100  Data  Gb  mcheck.o [1]
CSD_Tab                 0x2001ed68     0x10  Data  Lc  bsp_sdio_sd.o [1]
CSTACK$$Base            0x2001ef50            --   Gb  - Linker created -
CSTACK$$Limit           0x2001f750            --   Gb  - Linker created -
CardType                0x2001ee68      0x4  Data  Lc  bsp_sdio_sd.o [1]
CmdError                0x0803d1b1     0x38  Code  Lc  bsp_sdio_sd.o [1]
CmdResp1Error           0x0803d255    0x112  Code  Lc  bsp_sdio_sd.o [1]
CmdResp2Error           0x0803d3a5     0x52  Code  Lc  bsp_sdio_sd.o [1]
CmdResp3Error           0x0803d367     0x3e  Code  Lc  bsp_sdio_sd.o [1]
CmdResp6Error           0x0803d3f7     0xa6  Code  Lc  bsp_sdio_sd.o [1]
CmdResp7Error           0x0803d1e9     0x58  Code  Lc  bsp_sdio_sd.o [1]
ConfigExitNVIC          0x08040e07     0x22  Code  Gb  bsp_closeSW.o [1]
ConfigUartNVIC          0x080383cb     0x7c  Code  Lc  bsp_uart_fifo.o [1]
DIFF_G_init             0x08032c4d     0x78  Code  Gb  bsp_servomotor.o [1]
DMA1_Stream0_IRQHandler
                        0x08032fc1     0x1c  Code  Gb  bsp_servomotor.o [1]
DMA1_Stream3_IRQHandler
                        0x08032fdd     0x1c  Code  Gb  bsp_servomotor.o [1]
DMA2_Stream3_IRQHandler
                        0x0803da99      0x8  Code  Gb  bsp_sdio_sd.o [1]
DMAEndOfTransfer        0x2001ee78      0x4  Data  Gb  bsp_sdio_sd.o [1]
DMA_ClearFlag           0x08039d9f     0x24  Code  Gb  stm32f4xx_dma.o [1]
DMA_Cmd                 0x08039d55     0x1a  Code  Gb  stm32f4xx_dma.o [1]
DMA_DeInit              0x08039bbd    0x140  Code  Gb  stm32f4xx_dma.o [1]
DMA_FlowControllerConfig
                        0x08039d6f     0x18  Code  Gb  stm32f4xx_dma.o [1]
DMA_GetCmdStatus        0x08039d87     0x18  Code  Gb  stm32f4xx_dma.o [1]
DMA_GetITStatus         0x08039e05     0x62  Code  Gb  stm32f4xx_dma.o [1]
DMA_ITConfig            0x08039dc3     0x42  Code  Gb  stm32f4xx_dma.o [1]
DMA_Init                0x08039cfd     0x58  Code  Gb  stm32f4xx_dma.o [1]
DebugMon_Handler        0x080411eb      0x2  Code  Gb  stm32f4xx_it.o [1]
DiskFile_init           0x08036119     0x40  Code  Gb  protocol.o [1]
Disk_File               0x2001e8d4     0x70  Data  Gb  protocol.o [1]
EXTI9_5_IRQHandler      0x08040e29     0x3c  Code  Gb  bsp_closeSW.o [1]
EXTI_ClearITPendingBit  0x08040f67      0x6  Code  Gb  stm32f4xx_exti.o [1]
EXTI_GetITStatus        0x08040f4d     0x1a  Code  Gb  stm32f4xx_exti.o [1]
EXTI_Init               0x08040ec5     0x88  Code  Gb  stm32f4xx_exti.o [1]
Encoder_Cap_Init        0x08036b75     0xbc  Code  Gb  encoder.o [1]
FR_Table                0x20000088     0x50  Data  Gb  demo_fatfs.o [1]
FatFs                   0x2001edd0      0xc  Data  Lc  ff.o [1]
File_info               0x2001ea68     0x50  Data  Gb  protocol.o [1]
Files                   0x2001ec2c     0x24  Data  Lc  ff.o [1]
FindSCR                 0x0803d645    0x206  Code  Lc  bsp_sdio_sd.o [1]
Freq                    0x2001ebdc     0x28  Data  Gb  encoder.o [1]
Freq_Sample             0x08036c31     0xc2  Code  Gb  encoder.o [1]
Freq_ptr1               0x2001ef3d      0x1  Data  Gb  encoder.o [1]
Freq_ptr2               0x2001ef3e      0x1  Data  Gb  encoder.o [1]
Freq_value              0x2001ee90      0x4  Data  Gb  encoder.o [1]
Fsid                    0x2001ef26      0x2  Data  Lc  ff.o [1]
GPIO_Init               0x0803616d     0xaa  Code  Gb  stm32f4xx_gpio.o [1]
GPIO_PinAFConfig        0x0803623f     0x5a  Code  Gb  stm32f4xx_gpio.o [1]
GPIO_ReadInputDataBit   0x08036217     0x1a  Code  Gb  stm32f4xx_gpio.o [1]
GPIO_WriteBit           0x08036231      0xe  Code  Gb  stm32f4xx_gpio.o [1]
GetDeviceState          0x080360e5     0x2e  Code  Gb  bsp_sw_onoff.o [1]
HCD_GetCurrentFrame     0x0803a13d      0x8  Code  Gb  usb_hcd.o [1]
HCD_GetCurrentSpeed     0x0803a11f     0x10  Code  Gb  usb_hcd.o [1]
HCD_GetURB_State        0x0803a145      0xa  Code  Gb  usb_hcd.o [1]
HCD_GetXferCnt          0x0803a14f      0xc  Code  Gb  usb_hcd.o [1]
HCD_Init                0x0803a0ad     0x72  Code  Gb  usb_hcd.o [1]
HCD_ResetPort           0x0803a12f      0xe  Code  Gb  usb_hcd.o [1]
HCD_SubmitRequest       0x0803a15b     0x28  Code  Gb  usb_hcd.o [1]
HardFault_Handler       0x080411b7     0x22  Code  Gb  stm32f4xx_it.o [1]
IWDG_Feed               0x08037845      0x8  Code  Gb  bsp_watchdog.o [1]
IWDG_ReloadCounter      0x0803ae75      0xa  Code  Gb  stm32f4xx_iwdg.o [1]
InStream_Read           0x08040f85     0x22  Code  Lc  packbits_init.o [5]
InitHardUart            0x08038009    0x3c2  Code  Lc  bsp_uart_fifo.o [1]
Init_JINGSHA_GUI        0x08030683    0x122  Code  Gb  bsp_sdwe050c17.o [1]
LfnBuf                  0x2001df24    0x200  Data  Lc  ff.o [1]
LfnOfs                  0x08041b0c     0x10  Data  Lc  ff.o [1]
LoadInt                 0x08039231     0x6e  Code  Lc  xprintffull_nomb.o [3]
MSCErrorCount           0x2001ef4b      0x1  Data  Gb  usbh_msc_core.o [1]
MSC_Machine             0x2001eb08     0x4c  Data  Gb  usbh_msc_core.o [1]
MSG_DEV_ATTACHED        0x08041954     0x18  Data  Gb  usbh_usr.o [1]
MSG_DEV_DISCONNECTED    0x0804196c     0x18  Data  Gb  usbh_usr.o [1]
MSG_DEV_ENUMERATED      0x0804176c     0x1c  Data  Gb  usbh_usr.o [1]
MSG_DEV_ERROR           0x08041a48     0x14  Data  Gb  usbh_usr.o [1]
MSG_DEV_FULLSPEED       0x080415dc     0x20  Data  Gb  usbh_usr.o [1]
MSG_DEV_HIGHSPEED       0x080415bc     0x20  Data  Gb  usbh_usr.o [1]
MSG_DEV_LOWSPEED        0x080415fc     0x20  Data  Gb  usbh_usr.o [1]
MSG_HID_CLASS           0x08041788     0x1c  Data  Gb  usbh_usr.o [1]
MSG_MSC_CLASS           0x08041440     0x24  Data  Gb  usbh_usr.o [1]
MSG_UNREC_ERROR         0x080417a4     0x1c  Data  Gb  usbh_usr.o [1]
MemManage_Handler       0x080411e5      0x2  Code  Gb  stm32f4xx_it.o [1]
MotorProcess            0x2001ecb4     0x14  Data  Gb  page_weimi.o [1]
MotorStepCount          0x08036ee9     0x62  Code  Gb  page_weimi.o [1]
NMI_Handler             0x080411b5      0x2  Code  Gb  stm32f4xx_it.o [1]
NVIC_Init               0x08039ee3     0x6a  Code  Gb  misc.o [1]
NVIC_PriorityGroupConfig
                        0x08039ed9      0xa  Code  Gb  misc.o [1]
OTG_FS_IRQHandler       0x08041b6d     0x10  Code  Gb  usbh_it.o [1]
PendSV_Handler          0x0803ae85           Code  Gb  portasm.o [1]
RCA                     0x2001ee6c      0x4  Data  Lc  bsp_sdio_sd.o [1]
RCC_AHB1PeriphClockCmd  0x08037eb3     0x22  Code  Gb  stm32f4xx_rcc.o [1]
RCC_AHB2PeriphClockCmd  0x08037ed5     0x1e  Code  Gb  stm32f4xx_rcc.o [1]
RCC_APB1PeriphClockCmd  0x08037ef3     0x1e  Code  Gb  stm32f4xx_rcc.o [1]
RCC_APB1PeriphResetCmd  0x08037f2f     0x1e  Code  Gb  stm32f4xx_rcc.o [1]
RCC_APB2PeriphClockCmd  0x08037f11     0x1e  Code  Gb  stm32f4xx_rcc.o [1]
RCC_APB2PeriphResetCmd  0x08037f4d     0x1e  Code  Gb  stm32f4xx_rcc.o [1]
RCC_GetClocksFreq       0x08037db1    0x102  Code  Gb  stm32f4xx_rcc.o [1]
RS485_InitTXE           0x08037fd5     0x34  Code  Gb  bsp_uart_fifo.o [1]
RS485_sendbuf           0x08038815     0x3c  Code  Gb  bsp_uart_fifo.o [1]
ReadValue1              0x2001ef1e      0x2  Data  Gb  encoder.o [1]
ReadValue2              0x2001ef20      0x2  Data  Gb  encoder.o [1]
Region$$Table$$Base     0x08041488            --   Gb  - Linker created -
Region$$Table$$Limit    0x080414bc            --   Gb  - Linker created -
SDCardInfo              0x2001ea10     0x58  Data  Gb  bsp_sdio_sd.o [1]
SDEnWideBus             0x0803d4a9    0x198  Code  Lc  bsp_sdio_sd.o [1]
SDIO_ClearFlag          0x0803e725      0x6  Code  Gb  stm32f4xx_sdio.o [1]
SDIO_ClearITPendingBit  0x0803e745      0x6  Code  Gb  stm32f4xx_sdio.o [1]
SDIO_ClockCmd           0x0803e653      0x8  Code  Gb  stm32f4xx_sdio.o [1]
SDIO_CmdInitStructure   0x2001eca0     0x14  Data  Gb  bsp_sdio_sd.o [1]
SDIO_DMACmd             0x0803e6e5      0x8  Code  Gb  stm32f4xx_sdio.o [1]
SDIO_DataConfig         0x0803e6b1     0x2e  Code  Gb  stm32f4xx_sdio.o [1]
SDIO_DataInitStructure  0x2001ec88     0x18  Data  Gb  bsp_sdio_sd.o [1]
SDIO_DeInit             0x0803e611     0x18  Code  Gb  stm32f4xx_sdio.o [1]
SDIO_GetCommandResponse
                        0x0803e693      0x8  Code  Gb  stm32f4xx_sdio.o [1]
SDIO_GetFlagStatus      0x0803e70b     0x1a  Code  Gb  stm32f4xx_sdio.o [1]
SDIO_GetITStatus        0x0803e72b     0x1a  Code  Gb  stm32f4xx_sdio.o [1]
SDIO_GetPowerState      0x0803e661      0xa  Code  Gb  stm32f4xx_sdio.o [1]
SDIO_GetResponse        0x0803e69b     0x16  Code  Gb  stm32f4xx_sdio.o [1]
SDIO_IRQHandler         0x0803da91      0x8  Code  Gb  bsp_sdio_sd.o [1]
SDIO_ITConfig           0x0803e6ed     0x1e  Code  Gb  stm32f4xx_sdio.o [1]
SDIO_Init               0x0803e629     0x2a  Code  Gb  stm32f4xx_sdio.o [1]
SDIO_InitStructure      0x2001ec70     0x18  Data  Gb  bsp_sdio_sd.o [1]
SDIO_Interrupts_Config  0x0803da55     0x3c  Code  Gb  bsp_sdio_sd.o [1]
SDIO_ReadData           0x0803e6df      0x6  Code  Gb  stm32f4xx_sdio.o [1]
SDIO_SendCommand        0x0803e66b     0x28  Code  Gb  stm32f4xx_sdio.o [1]
SDIO_SetPowerState      0x0803e65b      0x6  Code  Gb  stm32f4xx_sdio.o [1]
SDWE_WARNNING           0x08030915     0x2a  Code  Gb  bsp_sdwe050c17.o [1]
SD_Detect               0x0803c14d     0x22  Code  Gb  bsp_sdio_sd.o [1]
SD_EnableWideBusOperation
                        0x0803c949     0xc8  Code  Gb  bsp_sdio_sd.o [1]
SD_GetCardInfo          0x0803c55d    0x3ec  Code  Gb  bsp_sdio_sd.o [1]
SD_GetState             0x0803c123     0x2a  Code  Gb  bsp_sdio_sd.o [1]
SD_GetStatus            0x0803c101     0x22  Code  Gb  bsp_sdio_sd.o [1]
SD_Init                 0x0803c049     0xb8  Code  Gb  bsp_sdio_sd.o [1]
SD_InitializeCards      0x0803c3bb    0x1a2  Code  Gb  bsp_sdio_sd.o [1]
SD_LowLevel_DMA_RxConfig
                        0x0803d99f     0x8e  Code  Gb  bsp_sdio_sd.o [1]
SD_LowLevel_DMA_TxConfig
                        0x0803d911     0x8e  Code  Gb  bsp_sdio_sd.o [1]
SD_LowLevel_Init        0x0803d84d     0xbc  Code  Gb  bsp_sdio_sd.o [1]
SD_PowerON              0x0803c16f    0x24c  Code  Gb  bsp_sdio_sd.o [1]
SD_ProcessDMAIRQ        0x0803d18d     0x22  Code  Gb  bsp_sdio_sd.o [1]
SD_ProcessIRQSrc        0x0803d0df     0xae  Code  Gb  bsp_sdio_sd.o [1]
SD_ReadBlock            0x0803ca49    0x108  Code  Gb  bsp_sdio_sd.o [1]
SD_ReadMultiBlocks      0x0803cb51    0x134  Code  Gb  bsp_sdio_sd.o [1]
SD_SelectDeselect       0x0803ca11     0x38  Code  Gb  bsp_sdio_sd.o [1]
SD_SendStatus           0x0803d071     0x6e  Code  Gb  bsp_sdio_sd.o [1]
SD_StopTransfer         0x0803d029     0x44  Code  Gb  bsp_sdio_sd.o [1]
SD_WaitReadOperation    0x0803cc89     0x96  Code  Gb  bsp_sdio_sd.o [1]
SD_WriteBlock           0x0803cd29    0x11e  Code  Gb  bsp_sdio_sd.o [1]
SD_WriteMultiBlocks     0x0803ce55    0x1cc  Code  Gb  bsp_sdio_sd.o [1]
SPI1_Init               0x08038b81     0xc0  Code  Gb  bsp_spi.o [1]
SPI1_ReadWriteByte      0x08038c69     0x32  Code  Gb  bsp_spi.o [1]
SPI1_SetSpeed           0x08038c41     0x28  Code  Gb  bsp_spi.o [1]
SPI_Cmd                 0x0803b1c1     0x1c  Code  Gb  stm32f4xx_spi.o [1]
SPI_I2S_GetFlagStatus   0x0803b1dd     0x18  Code  Gb  stm32f4xx_spi.o [1]
SPI_Init                0x0803b181     0x40  Code  Gb  stm32f4xx_spi.o [1]
SRC_Buffer              0x2000017c     0x14  Data  Gb  bsp_servomotor.o [1]
SVC_Handler             0x0803aedd           Code  Gb  portasm.o [1]
SYSCFG_EXTILineConfig   0x08040e71     0x50  Code  Gb  stm32f4xx_syscfg.o [1]
Sdwe_ClearReadDisk      0x080309eb     0x1c  Code  Gb  bsp_sdwe050c17.o [1]
Sdwe_change_class_time  0x08030e57     0x30  Code  Gb  bsp_sdwe050c17.o [1]
Sdwe_clearString        0x0803093f     0x54  Code  Gb  bsp_sdwe050c17.o [1]
Sdwe_clear_filename     0x08030a37     0x2a  Code  Gb  bsp_sdwe050c17.o [1]
Sdwe_disDigi            0x080307ef     0xa4  Code  Gb  bsp_sdwe050c17.o [1]
Sdwe_disPicture         0x080307a5     0x4a  Code  Gb  bsp_sdwe050c17.o [1]
Sdwe_disString          0x08030893     0x82  Code  Gb  bsp_sdwe050c17.o [1]
Sdwe_hidden_page        0x08030eef     0x30  Code  Gb  bsp_sdwe050c17.o [1]
Sdwe_peiliao_page       0x08030d61     0xf6  Code  Gb  bsp_sdwe050c17.o [1]
Sdwe_period_page        0x08030e87     0x68  Code  Gb  bsp_sdwe050c17.o [1]
Sdwe_product_page       0x08030bdf    0x182  Code  Gb  bsp_sdwe050c17.o [1]
Sdwe_readRTC            0x08030a07     0x30  Code  Gb  bsp_sdwe050c17.o [1]
Sdwe_refresh_allname    0x08030b97     0x48  Code  Gb  bsp_sdwe050c17.o [1]
Sdwe_refresh_filename   0x08030a61    0x136  Code  Gb  bsp_sdwe050c17.o [1]
Sdwe_stop_page          0x08030f1f    0x36a  Code  Gb  bsp_sdwe050c17.o [1]
Sdwe_writeIcon          0x08030993     0x58  Code  Gb  bsp_sdwe050c17.o [1]
ServoMotorRunning       0x08032f9f     0x22  Code  Gb  bsp_servomotor.o [1]
SetSysClock             0x0804099b     0xce  Code  Lc  system_stm32f4xx.o [1]
SlavePara               0x2001e704     0xa4  Data  Gb  protocol.o [1]
StepMotor_adjust_speed  0x08036ad3     0x36  Code  Gb  bsp_stepmotor.o [1]
StepMotor_start         0x08036b35     0x2c  Code  Gb  bsp_stepmotor.o [1]
StepMotor_stop          0x08036b09     0x2c  Code  Gb  bsp_stepmotor.o [1]
StopCondition           0x2001ee70      0x4  Data  Gb  bsp_sdio_sd.o [1]
SysTick_Handler         0x080379d3     0x2c  Code  Gb  port.o [1]
SystemCoreClock         0x200001c0      0x4  Data  Gb  system_stm32f4xx.o [1]
SystemInit              0x08040949     0x52  Code  Gb  system_stm32f4xx.o [1]
TI1_Config              0x0803680d     0x38  Code  Lc  stm32f4xx_tim.o [1]
TI2_Config              0x08036845     0x42  Code  Lc  stm32f4xx_tim.o [1]
TI3_Config              0x08036887     0x40  Code  Lc  stm32f4xx_tim.o [1]
TI4_Config              0x080368c7     0x42  Code  Lc  stm32f4xx_tim.o [1]
TIM1_PWM_SETPMOTOR      0x08036a65     0x6e  Code  Gb  bsp_stepmotor.o [1]
TIM2_IRQHandler         0x08038abd     0xac  Code  Gb  bsp_timer.o [1]
TIM3CH2_CAPTURE_STA     0x2001ef3c      0x1  Data  Gb  encoder.o [1]
TIM3CH2_CAPTURE_VAL     0x2001ee8c      0x4  Data  Gb  encoder.o [1]
TIM3_IRQHandler         0x08036de1     0xc0  Code  Gb  encoder.o [1]
TIM3_PWM_SETPMOTOR      0x080369fd     0x68  Code  Gb  bsp_stepmotor.o [1]
TIM4_CH1_ConfigPwmOut   0x08032b95     0x1c  Code  Gb  bsp_servomotor.o [1]
TIM4_CH1_GPIO_Configuration
                        0x08032c0b     0x42  Code  Gb  bsp_servomotor.o [1]
TIM4_CH1_PWMDMA_Config  0x08032d8b     0xb0  Code  Gb  bsp_servomotor.o [1]
TIM4_CH1_StartPwmOut    0x08032bb1     0x2c  Code  Gb  bsp_servomotor.o [1]
TIM4_CH1_StopPwmOut     0x08032bdd     0x2e  Code  Gb  bsp_servomotor.o [1]
TIM4_CH2_ConfigPwmOut   0x08032e3b     0x1c  Code  Gb  bsp_servomotor.o [1]
TIM4_CH2_GPIO_Configuration
                        0x08032eb1     0x3e  Code  Gb  bsp_servomotor.o [1]
TIM4_CH2_PWMDMA_Config  0x08032eef     0xb0  Code  Gb  bsp_servomotor.o [1]
TIM4_CH2_StartPwmOut    0x08032e57     0x2c  Code  Gb  bsp_servomotor.o [1]
TIM4_CH2_StopPwmOut     0x08032e83     0x2e  Code  Gb  bsp_servomotor.o [1]
TIM4_PWM_Config         0x08032cc5     0xc6  Code  Gb  bsp_servomotor.o [1]
TIM6_DAC_IRQHandler     0x08041153     0x22  Code  Gb  SysInfoTest.o [1]
TIM8_CC_IRQHandler      0x08036cf3     0xee  Code  Gb  encoder.o [1]
TIM_ARRPreloadConfig    0x0803647f     0x1c  Code  Gb  stm32f4xx_tim.o [1]
TIM_CallBack1           0x0802eea5     0x3c  Code  Gb  apptask.o [1]
TIM_ClearITPendingBit   0x080367ef      0x8  Code  Gb  stm32f4xx_tim.o [1]
TIM_Cmd                 0x0803649b     0x1c  Code  Gb  stm32f4xx_tim.o [1]
TIM_CtrlPWMOutputs      0x08036785     0x22  Code  Gb  stm32f4xx_tim.o [1]
TIM_DMACmd              0x080367f7     0x16  Code  Gb  stm32f4xx_tim.o [1]
TIM_DeInit              0x08036299    0x17c  Code  Gb  stm32f4xx_tim.o [1]
TIM_GetITStatus         0x080367bd     0x32  Code  Gb  stm32f4xx_tim.o [1]
TIM_ICInit              0x080366c9     0x70  Code  Gb  stm32f4xx_tim.o [1]
TIM_ITConfig            0x080367a7     0x16  Code  Gb  stm32f4xx_tim.o [1]
TIM_OC1Init             0x080364b7     0x7e  Code  Gb  stm32f4xx_tim.o [1]
TIM_OC2Init             0x08036535     0x8c  Code  Gb  stm32f4xx_tim.o [1]
TIM_OC2PreloadConfig    0x080366a3     0x14  Code  Gb  stm32f4xx_tim.o [1]
TIM_OC3Init             0x080365c1     0x8a  Code  Gb  stm32f4xx_tim.o [1]
TIM_OC3PreloadConfig    0x080366b7     0x12  Code  Gb  stm32f4xx_tim.o [1]
TIM_OCStructInit        0x08036681     0x22  Code  Gb  stm32f4xx_tim.o [1]
TIM_SetIC1Prescaler     0x08036739     0x12  Code  Gb  stm32f4xx_tim.o [1]
TIM_SetIC2Prescaler     0x0803674b     0x14  Code  Gb  stm32f4xx_tim.o [1]
TIM_SetIC3Prescaler     0x0803675f     0x12  Code  Gb  stm32f4xx_tim.o [1]
TIM_SetIC4Prescaler     0x08036771     0x14  Code  Gb  stm32f4xx_tim.o [1]
TIM_TimeBaseInit        0x08036415     0x6a  Code  Gb  stm32f4xx_tim.o [1]
Task_iwdg_refresh       0x0802f0f3     0x56  Code  Gb  apptask.o [1]
TransferEnd             0x2001ee74      0x4  Data  Gb  bsp_sdio_sd.o [1]
TransferError           0x2001ef39      0x1  Data  Gb  bsp_sdio_sd.o [1]
UART1ToPC               0x080387b5     0x30  Code  Gb  bsp_uart_fifo.o [1]
UART2ToPC               0x080387e5     0x30  Code  Gb  bsp_uart_fifo.o [1]
UART2_RX_BUF            0x2001e9a8     0x64  Data  Gb  bsp_uart_fifo.o [1]
UART3ToPC               0x08038851     0x30  Code  Gb  bsp_uart_fifo.o [1]
UART4ToPC               0x08038881     0x30  Code  Gb  bsp_uart_fifo.o [1]
UART4_IRQHandler        0x080386c7     0x84  Code  Gb  bsp_uart_fifo.o [1]
UART4_RX_BUF            0x2001e944     0x64  Data  Gb  bsp_uart_fifo.o [1]
UART5ToPC               0x080388b1     0x30  Code  Gb  bsp_uart_fifo.o [1]
UART5_IRQHandler        0x0803874b     0x6a  Code  Gb  bsp_uart_fifo.o [1]
USART1_IRQHandler       0x08038637     0x1e  Code  Gb  bsp_uart_fifo.o [1]
USART2_IRQHandler       0x08038655     0x68  Code  Gb  bsp_uart_fifo.o [1]
USART3_IRQHandler       0x080386bd      0xa  Code  Gb  bsp_uart_fifo.o [1]
USART_ClearFlag         0x0803b0df      0xc  Code  Gb  stm32f4xx_usart.o [1]
USART_ClearITPendingBit
                        0x0803b15b     0x26  Code  Gb  stm32f4xx_usart.o [1]
USART_Cmd               0x0803b029     0x1c  Code  Gb  stm32f4xx_usart.o [1]
USART_DMACmd            0x0803b055     0x16  Code  Gb  stm32f4xx_usart.o [1]
USART_GetFlagStatus     0x0803b0c1     0x1e  Code  Gb  stm32f4xx_usart.o [1]
USART_GetITStatus       0x0803b0eb     0x70  Code  Gb  stm32f4xx_usart.o [1]
USART_ITConfig          0x0803b06b     0x56  Code  Gb  stm32f4xx_usart.o [1]
USART_Init              0x0803af2d     0xee  Code  Gb  stm32f4xx_usart.o [1]
USART_ReceiveData       0x0803b04d      0x8  Code  Gb  stm32f4xx_usart.o [1]
USART_SendData          0x0803b045      0x8  Code  Gb  stm32f4xx_usart.o [1]
USBH_Alloc_Channel      0x0803a29d     0x2e  Code  Gb  usbh_hcs.o [1]
USBH_BulkReceiveData    0x0803a941     0x62  Code  Gb  usbh_ioreq.o [1]
USBH_BulkSendData       0x0803a8df     0x62  Code  Gb  usbh_ioreq.o [1]
USBH_CfgDesc            0x2001e324    0x200  Data  Gb  usbh_stdreq.o [1]
USBH_ClrFeature         0x0803a4e7     0x4c  Code  Gb  usbh_stdreq.o [1]
USBH_Connected          0x080331d9      0xc  Code  Gb  usbh_core.o [1]
USBH_CtlReceiveData     0x0803a899     0x46  Code  Gb  usbh_ioreq.o [1]
USBH_CtlReq             0x0803a773     0x6e  Code  Gb  usbh_ioreq.o [1]
USBH_CtlSendData        0x0803a825     0x74  Code  Gb  usbh_ioreq.o [1]
USBH_CtlSendSetup       0x0803a7e1     0x44  Code  Gb  usbh_ioreq.o [1]
USBH_DataInBuffer       0x2001e124    0x200  Data  Gb  usbh_msc_scsi.o [1]
USBH_DeAllocate_AllChannel
                        0x0803a2ef     0x20  Code  Gb  usbh_hcs.o [1]
USBH_DeInit             0x0803323f     0x3e  Code  Gb  usbh_core.o [1]
USBH_Disconnected       0x080331e5      0xc  Code  Gb  usbh_core.o [1]
USBH_ErrorHandle        0x0803344f     0x34  Code  Gb  usbh_core.o [1]
USBH_Free_Channel       0x0803a2cb     0x24  Code  Gb  usbh_hcs.o [1]
USBH_GetDescriptor      0x0803a447     0x4e  Code  Gb  usbh_stdreq.o [1]
USBH_GetFreeChannel     0x0803a30f     0x2e  Code  Lc  usbh_hcs.o [1]
USBH_GetNextDesc        0x0803a75b     0x18  Code  Gb  usbh_stdreq.o [1]
USBH_Get_CfgDesc        0x0803a383     0x78  Code  Gb  usbh_stdreq.o [1]
USBH_Get_DevDesc        0x0803a33d     0x46  Code  Gb  usbh_stdreq.o [1]
USBH_Get_StringDesc     0x0803a3fb     0x4c  Code  Gb  usbh_stdreq.o [1]
USBH_HCD_INT_cb         0x200001b0      0xc  Data  Gb  usbh_core.o [1]
USBH_HCD_INT_fops       0x200001c4      0x4  Data  Gb  usbh_core.o [1]
USBH_HandleControl      0x08033697    0x29a  Code  Gb  usbh_core.o [1]
USBH_HandleEnum         0x08033483    0x214  Code  Lc  usbh_core.o [1]
USBH_Init               0x080331f7     0x48  Code  Gb  usbh_core.o [1]
USBH_MSC_BOTReset       0x0803f751     0x28  Code  Lc  usbh_msc_core.o [1]
USBH_MSC_BOTXferParam   0x2001ed98     0x10  Data  Gb  usbh_msc_bot.o [1]
USBH_MSC_BOT_Abort      0x0803e501     0x5c  Code  Gb  usbh_msc_bot.o [1]
USBH_MSC_CBWData        0x2001ec50     0x20  Data  Gb  usbh_msc_bot.o [1]
USBH_MSC_CSWData        0x2001ed88     0x10  Data  Gb  usbh_msc_bot.o [1]
USBH_MSC_ClassRequest   0x0803f53f     0x12  Code  Lc  usbh_msc_core.o [1]
USBH_MSC_DecodeCSW      0x0803e55d     0x7a  Code  Gb  usbh_msc_bot.o [1]
USBH_MSC_ErrorHandle    0x0803f7a1     0x3e  Code  Gb  usbh_msc_core.o [1]
USBH_MSC_GETMaxLUN      0x0803f779     0x28  Code  Lc  usbh_msc_core.o [1]
USBH_MSC_Handle         0x0803f551    0x200  Code  Lc  usbh_msc_core.o [1]
USBH_MSC_HandleBOTXfer  0x0803e0fd    0x404  Code  Gb  usbh_msc_bot.o [1]
USBH_MSC_Init           0x0803e0b9     0x44  Code  Gb  usbh_msc_bot.o [1]
USBH_MSC_InterfaceDeInit
                        0x0803f4f3     0x4c  Code  Lc  usbh_msc_core.o [1]
USBH_MSC_InterfaceInit  0x0803f40d     0xe6  Code  Lc  usbh_msc_core.o [1]
USBH_MSC_ModeSense6     0x0803dcb3    0x10c  Code  Gb  usbh_msc_scsi.o [1]
USBH_MSC_Param          0x2001eda8     0x10  Data  Gb  usbh_msc_scsi.o [1]
USBH_MSC_Read10         0x0803df99    0x106  Code  Gb  usbh_msc_scsi.o [1]
USBH_MSC_ReadCapacity10
                        0x0803db89    0x12a  Code  Gb  usbh_msc_scsi.o [1]
USBH_MSC_RequestSense   0x0803ddbf     0xee  Code  Gb  usbh_msc_scsi.o [1]
USBH_MSC_TestUnitReady  0x0803daa1     0xe8  Code  Gb  usbh_msc_scsi.o [1]
USBH_MSC_Write10        0x0803dead     0xec  Code  Gb  usbh_msc_scsi.o [1]
USBH_MSC_cb             0x200001a0     0x10  Data  Gb  usbh_msc_core.o [1]
USBH_Modify_Channel     0x0803a229     0x74  Code  Gb  usbh_hcs.o [1]
USBH_OTG_ISR_Handler    0x0803e78d     0xb8  Code  Gb  usb_hcd_int.o [1]
USBH_Open_Channel       0x0803a183     0xa6  Code  Gb  usbh_hcs.o [1]
USBH_ParseCfgDesc       0x0803a58f    0x13c  Code  Lc  usbh_stdreq.o [1]
USBH_ParseDevDesc       0x0803a533     0x5c  Code  Lc  usbh_stdreq.o [1]
USBH_ParseEPDesc        0x0803a6ff     0x20  Code  Lc  usbh_stdreq.o [1]
USBH_ParseInterfaceDesc
                        0x0803a6d9     0x26  Code  Lc  usbh_stdreq.o [1]
USBH_ParseStringDesc    0x0803a71f     0x3c  Code  Lc  usbh_stdreq.o [1]
USBH_Process            0x0803327d    0x1d2  Code  Gb  usbh_core.o [1]
USBH_SOF                0x080331f1      0x6  Code  Gb  usbh_core.o [1]
USBH_SetAddress         0x0803a495     0x2a  Code  Gb  usbh_stdreq.o [1]
USBH_SetCfg             0x0803a4bf     0x28  Code  Gb  usbh_stdreq.o [1]
USBH_SubmitSetupRequest
                        0x0803a9a3     0x16  Code  Lc  usbh_ioreq.o [1]
USBH_USR_Configuration_DescAvailable
                        0x080330e1     0x26  Code  Gb  usbh_usr.o [1]
USBH_USR_DeInit         0x080331d5      0x2  Code  Gb  usbh_usr.o [1]
USBH_USR_DeviceAddressAssigned
                        0x080330df      0x2  Code  Gb  usbh_usr.o [1]
USBH_USR_DeviceAttached
                        0x08033059      0xa  Code  Gb  usbh_usr.o [1]
USBH_USR_DeviceDisconnected
                        0x0803306d     0x1a  Code  Gb  usbh_usr.o [1]
USBH_USR_DeviceNotSupported
                        0x0803314b      0xa  Code  Gb  usbh_usr.o [1]
USBH_USR_DeviceSpeedDetected
                        0x08033091     0x36  Code  Gb  usbh_usr.o [1]
USBH_USR_Device_DescAvailable
                        0x080330c7     0x18  Code  Gb  usbh_usr.o [1]
USBH_USR_EnumerationDone
                        0x08033131     0x1a  Code  Gb  usbh_usr.o [1]
USBH_USR_Init           0x08033035     0x24  Code  Gb  usbh_usr.o [1]
USBH_USR_MSC_Application
                        0x080331d1      0x4  Code  Gb  usbh_usr.o [1]
USBH_USR_Manufacturer_String
                        0x08033107      0xe  Code  Gb  usbh_usr.o [1]
USBH_USR_OverCurrentDetected
                        0x08033159      0xa  Code  Gb  usbh_usr.o [1]
USBH_USR_Product_String
                        0x08033115      0xe  Code  Gb  usbh_usr.o [1]
USBH_USR_ResetDevice    0x08033087      0xa  Code  Gb  usbh_usr.o [1]
USBH_USR_SerialNum_String
                        0x08033123      0xe  Code  Gb  usbh_usr.o [1]
USBH_USR_UnrecoveredError
[...]
f_opendir               0x08035a65     0xb2  Code  Gb  ff.o [1]
f_readdir               0x08035b17     0x74  Code  Gb  ff.o [1]
f_sync                  0x08035977     0xb6  Code  Gb  ff.o [1]
f_write                 0x080356e5    0x292  Code  Gb  ff.o [1]
ff_convert              0x0803ac9d     0x80  Code  Gb  cc936.o [1]
ff_wtoupper             0x0803ad1d     0x64  Code  Gb  cc936.o [1]
file_select             0x2001ede8      0xc  Data  Gb  protocol.o [1]
final_per_meter         0x08031a25     0x1a  Code  Gb  product_cal.o [1]
find_volume             0x08034fd1    0x45a  Code  Lc  ff.o [1]
fit_lfn                 0x0803450b     0x88  Code  Lc  ff.o [1]
follow_path             0x08034e6b     0x90  Code  Lc  ff.o [1]
fputc                   0x080388e1     0x22  Code  Gb  bsp_uart_fifo.o [1]
from_speed_step         0x0803706d     0x4a  Code  Gb  page_weimi.o [1]
g_tUart3                0x2001ebb4     0x28  Data  Gb  bsp_uart_fifo.o [1]
gen_numname             0x08034599     0xec  Code  Lc  ff.o [1]
get_card_type           0x08031b9b     0xe4  Code  Gb  product_cal.o [1]
get_class_time          0x08031aa3     0x7a  Code  Gb  product_cal.o [1]
get_fat                 0x08033d5f    0x11c  Code  Gb  ff.o [1]
get_fattime             0x0803ac83      0x4  Code  Gb  diskio.o [1]
get_fileinfo            0x08034a15    0x13c  Code  Lc  ff.o [1]
get_float_1bit          0x08031a81     0x22  Code  Gb  product_cal.o [1]
get_ldnumber            0x08034efb     0x50  Code  Lc  ff.o [1]
get_main_speed          0x0803703b     0x32  Code  Gb  page_weimi.o [1]
get_period_state        0x08031b1d     0x54  Code  Gb  product_cal.o [1]
get_valid_length        0x08031851     0x26  Code  Gb  bsp_sdwe050c17.o [1]
get_valid_seg           0x080370b7     0x48  Code  Gb  page_weimi.o [1]
get_weimi_para          0x08036ff1     0x4a  Code  Gb  page_weimi.o [1]
hex_to_decimal          0x08031877     0x26  Code  Gb  bsp_sdwe050c17.o [1]
idwgEventGroup          0x2001ee5c      0x4  Data  Gb  apptask.o [1]
inc_card_type           0x08031c89    0x11c  Code  Gb  product_cal.o [1]
inc_lock                0x08033a5f     0xe8  Code  Lc  ff.o [1]
init_peiliao_para       0x0803195d     0x50  Code  Gb  product_cal.o [1]
init_product_para       0x0803189d     0xc0  Code  Gb  product_cal.o [1]
init_weimi_para         0x08036f4b     0xa6  Code  Gb  page_weimi.o [1]
input_password_buf      0x2001eddc      0xc  Data  Gb  protocol.o [1]
input_password_len      0x2001ef47      0x1  Data  Gb  protocol.o [1]
isDevicePeriod          0x2001ef37      0x1  Data  Gb  apptask.o [1]
isWork                  0x2001ef31      0x1  Data  Gb  apptask.o [1]
is_same_data            0x08031b71     0x2a  Code  Gb  product_cal.o [1]
is_stop                 0x2001ef41      0x1  Data  Gb  page_weimi.o [1]
lcd_busy                0x2001ef3a      0x1  Data  Gb  bsp_sdwe050c17.o [1]
lcd_rev_buf             0x2001eb54     0x34  Data  Gb  bsp_sdwe050c17.o [1]
lcd_rev_len             0x2001ef1c      0x2  Data  Gb  bsp_sdwe050c17.o [1]
ld_clust                0x08034389     0x28  Code  Lc  ff.o [1]
localeconv              0x0803b543     0x16  Code  Gb  localeconv.o [3]
m_ctrl_dev              0x2001ee08      0x8  Data  Gb  modbus.o [1]
main                    0x0804132d     0x2c  Code  Gb  main.o [1]
mallco_dev              0x20000160     0x1c  Data  Gb  malloc.o [1]
mb_init                 0x08035f91     0x30  Code  Gb  modbus.o [1]
mb_packsend_frame       0x08035e9f     0xf2  Code  Gb  modbus.o [1]
mb_unpack_frame         0x08035d5d    0x142  Code  Gb  modbus.o [1]
mc_check_crc16          0x0803adfd     0x40  Code  Gb  mcheck.o [1]
mc_check_crc8           0x0803add9     0x24  Code  Gb  mcheck.o [1]
mc_check_sum            0x0803ad91     0x2e  Code  Gb  mcheck.o [1]
mc_check_xor            0x0803adbf     0x1a  Code  Gb  mcheck.o [1]
mem1base                0x200119cc   0xa000  Data  Gb  malloc.o [1]
mem1mapbase             0x2001c9cc    0xa00  Data  Gb  malloc.o [1]
mem2base                0x68000000  0xf0000  Data  Gb  malloc.o [1]
mem2mapbase             0x680f0000   0xf000  Data  Gb  malloc.o [1]
mem_cmp                 0x0803396b     0x24  Code  Lc  ff.o [1]
mem_cpy                 0x08033939     0x1c  Code  Lc  ff.o [1]
mem_set                 0x08033955     0x16  Code  Lc  ff.o [1]
memblksize              0x08041d88      0x8  Data  Gb  malloc.o [1]
memchr                  0x0803b20d           Code  Gb  memchr.o [5]
memsize                 0x08041d90      0x8  Data  Gb  malloc.o [1]
memtblsize              0x08041d80      0x8  Data  Gb  malloc.o [1]
modbus_send_frame       0x08035fc1     0xe6  Code  Gb  modbus.o [1]
move_window             0x08033c2d     0x40  Code  Lc  ff.o [1]
my_mem_free             0x08032433     0x6c  Code  Gb  malloc.o [1]
my_mem_init             0x080322f7     0x42  Code  Gb  malloc.o [1]
my_mem_malloc           0x08032377     0xbc  Code  Gb  malloc.o [1]
my_mem_perused          0x08032339     0x3e  Code  Gb  malloc.o [1]
myfree                  0x0803249f     0x24  Code  Gb  malloc.o [1]
mymalloc                0x080324c3     0x2a  Code  Gb  malloc.o [1]
mymemset                0x080322e1     0x16  Code  Gb  malloc.o [1]
obuf                    0x2001eab8     0x50  Data  Lc  xfiles.o [3]
oem2uni                 0x0801560c  0x15484  Data  Lc  cc936.o [1]
old_card_record         0x2001ef35      0x1  Data  Gb  apptask.o [1]
old_isWork              0x2001ef32      0x1  Data  Gb  apptask.o [1]
old_is_stop             0x200001ca      0x1  Data  Gb  page_weimi.o [1]
old_plan_complete       0x2001ef45      0x1  Data  Gb  product_cal.o [1]
para_init               0x080401eb     0x80  Code  Gb  para.o [1]
pcInterruptPriorityRegisters
                        0x08041dc4      0x4  Data  Lc  port.o [1]
peiliao_para            0x2001eb88     0x2c  Data  Gb  product_cal.o [1]
pick_lfn                0x0803447f     0x8c  Code  Lc  ff.o [1]
plan_complete           0x2001ef44      0x1  Data  Gb  product_cal.o [1]
pluse_count             0x2001ef16      0x2  Data  Gb  apptask.o [1]
printf                  0x08032279     0x24  Code  Gb  printf.o [3]
product_complete_kilo   0x08031a51     0x30  Code  Gb  product_cal.o [1]
product_complete_meter  0x08031a3f     0x12  Code  Gb  product_cal.o [1]
product_para            0x2001ec04     0x28  Data  Gb  product_cal.o [1]
product_per_meter       0x080319ad     0x78  Code  Gb  product_cal.o [1]
prvAddCurrentTaskToDelayedList
                        0x0802fcf5     0x48  Code  Lc  tasks.o [1]
prvAllocateTCBAndStack  0x0802fd3d     0x5a  Code  Lc  tasks.o [1]
prvCheckForValidListAndQueue
                        0x080377d3     0x52  Code  Lc  timers.o [1]
prvCheckTasksWaitingTermination
                        0x0802fc8b     0x66  Code  Lc  tasks.o [1]
prvCopyDataFromQueue    0x08030525     0x30  Code  Lc  queue.o [1]
prvCopyDataToQueue      0x080304a1     0x84  Code  Lc  queue.o [1]
prvDeleteTCB            0x0802fd97     0x12  Code  Lc  tasks.o [1]
prvGetNextExpireTime    0x080375bf     0x2e  Code  Lc  timers.o [1]
prvHeapInit             0x08037cc1     0x6e  Code  Lc  heap_4.o [1]
prvIdleTask             0x0802fba5     0x26  Code  Lc  tasks.o [1]
prvInitialiseTCBVariables
                        0x0802fbcb     0x6a  Code  Lc  tasks.o [1]
prvInitialiseTaskLists  0x0802fc35     0x56  Code  Lc  tasks.o [1]
prvInsertBlockIntoFreeList
                        0x08037d2f     0x62  Code  Lc  heap_4.o [1]
prvInsertTimerInActiveList
                        0x08037615     0x50  Code  Lc  timers.o [1]
prvIsQueueEmpty         0x080305bf     0x20  Code  Lc  queue.o [1]
prvIsQueueFull          0x080305df     0x22  Code  Lc  queue.o [1]
prvProcessExpiredTimer  0x080374d7     0x5c  Code  Lc  timers.o [1]
prvProcessReceivedCommands
                        0x08037665     0xde  Code  Lc  timers.o [1]
prvProcessTimerOrBlockTask
                        0x0803754f     0x70  Code  Lc  timers.o [1]
prvResetNextTaskUnblockTime
                        0x0802fda9     0x26  Code  Lc  tasks.o [1]
prvSampleTimeNow        0x080375ed     0x28  Code  Lc  timers.o [1]
prvSwitchTimerLists     0x08037743     0x90  Code  Lc  timers.o [1]
prvTaskExitError        0x08037871     0x2a  Code  Lc  port.o [1]
prvTestWaitCondition    0x0803737b     0x24  Code  Lc  event_groups.o [1]
prvTimerTask            0x08037535     0x1a  Code  Lc  timers.o [1]
prvUnlockQueue          0x08030555     0x6a  Code  Lc  queue.o [1]
put_fat                 0x08033e7b    0x16c  Code  Gb  ff.o [1]
putchar                 0x0804199d      0xc  Code  Gb  putchar.o [3]
pvPortMalloc            0x08037b31    0x118  Code  Gb  heap_4.o [1]
pxCurrentTCB            0x2001eeb4      0x4  Data  Gb  tasks.o [1]
pxCurrentTimerList      0x2001eef4      0x4  Data  Lc  timers.o [1]
pxDelayedTaskList       0x2001eeb8      0x4  Data  Lc  tasks.o [1]
pxEnd                   0x2001ee94      0x4  Data  Lc  heap_4.o [1]
pxOverflowDelayedTaskList
                        0x2001eebc      0x4  Data  Lc  tasks.o [1]
pxOverflowTimerList     0x2001eef8      0x4  Data  Lc  timers.o [1]
pxPortInitialiseStack   0x0803784d     0x24  Code  Gb  port.o [1]
pxReadyTasksLists       0x2001e63c     0xc8  Data  Lc  tasks.o [1]
rc522_cmd_anticoll      0x08035d01     0x5a  Code  Gb  rc522.o [1]
rc522_cmd_request       0x08035cad     0x54  Code  Gb  rc522.o [1]
readSlave               0x2001edc4      0xc  Data  Gb  apptask.o [1]
read_device_info        0x0803ffad    0x23e  Code  Gb  para.o [1]
read_file_select        0x2001edf4      0xc  Data  Gb  protocol.o [1]
remove_chain            0x08033fe7     0x76  Code  Lc  ff.o [1]
rfid_rev_buf            0x2001ecc8     0x14  Data  Gb  rc522.o [1]
rfid_rev_cnt            0x2001ef49      0x1  Data  Gb  rc522.o [1]
rfid_rev_flag           0x2001ef48      0x1  Data  Gb  rc522.o [1]
rtc_time                0x2001ee10      0x8  Data  Gb  protocol.o [1]
s_TIM_CallBack1         0x2001ee7c      0x4  Data  Lc  bsp_timer.o [1]
s_TIM_CallBack2         0x2001ee80      0x4  Data  Lc  bsp_timer.o [1]
s_TIM_CallBack3         0x2001ee84      0x4  Data  Lc  bsp_timer.o [1]
s_TIM_CallBack4         0x2001ee88      0x4  Data  Lc  bsp_timer.o [1]
sample_time             0x2001ef14      0x2  Data  Gb  apptask.o [1]
sdew_weimi_page1        0x080312c1    0x236  Code  Gb  bsp_sdwe050c17.o [1]
sdew_weimi_page2        0x080314f7    0x236  Code  Gb  bsp_sdwe050c17.o [1]
sdew_weisha_page1       0x0803172d     0x92  Code  Gb  bsp_sdwe050c17.o [1]
sdew_weisha_page2       0x080317bf     0x92  Code  Gb  bsp_sdwe050c17.o [1]
servomotor_mode         0x2001ef40      0x1  Data  Gb  page_weimi.o [1]
slave_info              0x2001edb8      0xc  Data  Gb  apptask.o [1]
speed_zhu               0x2001ef28      0x2  Data  Gb  page_weimi.o [1]
sprintf                 0x08035b9d     0x34  Code  Gb  sprintf.o [3]
st_clust                0x080343b1     0x18  Code  Lc  ff.o [1]
step_motor_adjust       0x2001ef3f      0x1  Data  Gb  page_weimi.o [1]
strcat                  0x08035bd1     0x1c  Code  Gb  strcat.o [3]
strchr                  0x0803b1f5           Code  Gb  strchr.o [5]
strlen                  0x08032af9           Code  Gb  strlen.o [5]
strstr                  0x0803615d     0x10  Code  Gb  apptask.o [1]
sum_sfn                 0x08034685     0x20  Code  Lc  ff.o [1]
sync_fs                 0x08033c6d     0xd8  Code  Lc  ff.o [1]
sync_window             0x08033bd3     0x5a  Code  Lc  ff.o [1]
system_state_dis        0x080407b8    0x190  Data  Gb  product_cal.o [1]
total_meter_gross       0x2001eea8      0x4  Data  Gb  product_cal.o [1]
total_weight_gross      0x2001eeac      0x4  Data  Gb  product_cal.o [1]
ucHeap                  0x200001cc  0x11800  Data  Lc  heap_4.o [1]
ucMaxSysCallPriority    0x2001ef43      0x1  Data  Lc  port.o [1]
ulHighFrequencyTimerTicks
                        0x2001eeb0      0x4  Data  Gb  SysInfoTest.o [1]
ulMaxPRIGROUPValue      0x2001eea4      0x4  Data  Lc  port.o [1]
ulTaskSwitchedInTime    0x2001eeec      0x4  Data  Lc  tasks.o [1]
ulTotalRunTime          0x2001eef0      0x4  Data  Lc  tasks.o [1]
uni2oem                 0x08000188  0x15484  Data  Lc  cc936.o [1]
usb_disk_flag           0x2001ef33      0x1  Data  Gb  apptask.o [1]
usbh_OpenMassStorage    0x08033021     0x14  Code  Gb  usbh_usr.o [1]
uxCriticalNesting       0x200001bc      0x4  Data  Lc  port.o [1]
uxCurrentNumberOfTasks  0x2001eec4      0x4  Data  Lc  tasks.o [1]
uxListRemove            0x08037b09     0x28  Code  Gb  list.o [1]
uxPendedTicks           0x2001eed4      0x4  Data  Lc  tasks.o [1]
uxSchedulerSuspended    0x2001eee8      0x4  Data  Lc  tasks.o [1]
uxTaskNumber            0x2001eee0      0x4  Data  Lc  tasks.o [1]
uxTaskResetEventItemValue
                        0x0802fe09     0x20  Code  Gb  tasks.o [1]
uxTasksDeleted          0x2001eec0      0x4  Data  Lc  tasks.o [1]
uxTopReadyPriority      0x2001eecc      0x4  Data  Lc  tasks.o [1]
vListInitialise         0x08037a99     0x1e  Code  Gb  list.o [1]
vListInsert             0x08037acf     0x3a  Code  Gb  list.o [1]
vListInsertEnd          0x08037ab7     0x18  Code  Gb  list.o [1]
vPortEnableVFP          0x0803af11           Code  Gb  portasm.o [1]
vPortEnterCritical      0x08037967     0x3a  Code  Gb  port.o [1]
vPortExitCritical       0x080379a1     0x32  Code  Gb  port.o [1]
vPortFree               0x08037c49     0x78  Code  Gb  heap_4.o [1]
vPortSetupTimerInterrupt
                        0x080379ff      0xe  Code  Wk  port.o [1]
vPortStartFirstTask     0x0803aef9           Code  Gb  portasm.o [1]
vPortValidateInterruptPriority
                        0x08037a0d     0x4e  Code  Gb  port.o [1]
vQueueWaitForMessageRestricted
                        0x08030601     0x44  Code  Gb  queue.o [1]
vSetupSysInfoTest       0x08041141     0x12  Code  Gb  SysInfoTest.o [1]
vTaskDelay              0x0802f401     0x84  Code  Gb  tasks.o [1]
vTaskFreq               0x0802ea45     0xfc  Code  Lc  apptask.o [1]
vTaskManageCapacity     0x0802e069    0x5ac  Code  Gb  apptask.o [1]
vTaskMassStorage        0x0802d2c5    0x23c  Code  Lc  apptask.o [1]
vTaskMissedYield        0x0802fb9b      0xa  Code  Gb  tasks.o [1]
vTaskMotorControl       0x0802e621    0x410  Code  Lc  apptask.o [1]
vTaskMsgPro             0x0802d935    0x426  Code  Lc  apptask.o [1]
vTaskPlaceOnEventList   0x0802f801     0x74  Code  Gb  tasks.o [1]
vTaskPlaceOnEventListRestricted
                        0x0802f939     0x80  Code  Gb  tasks.o [1]
vTaskPlaceOnUnorderedEventList
                        0x0802f891     0xa8  Code  Gb  tasks.o [1]
vTaskReadDisk           0x0802de31    0x1b4  Code  Lc  apptask.o [1]
vTaskRev485             0x0802dd61     0xae  Code  Lc  apptask.o [1]
vTaskSetTimeOutState    0x0802fae5     0x26  Code  Gb  tasks.o [1]
vTaskStartScheduler     0x0802f485     0x7e  Code  Gb  tasks.o [1]
vTaskSuspendAll         0x0802f503     0x10  Code  Gb  tasks.o [1]
vTaskSwitchContext      0x0802f751     0xb0  Code  Gb  tasks.o [1]
vTaskTaskLCD            0x0802aa91   0x280c  Code  Gb  apptask.o [1]
vTaskTaskLED            0x0802d521     0x20  Code  Lc  apptask.o [1]
vTaskTaskRFID           0x0802d541    0x3c6  Code  Lc  apptask.o [1]
valid_seg               0x2001ef42      0x1  Data  Gb  page_weimi.o [1]
validate                0x0803542b     0x36  Code  Lc  ff.o [1]
weimi_para              0x2001e524    0x118  Data  Gb  page_weimi.o [1]
work_idle               0x2001ef46      0x1  Data  Gb  product_cal.o [1]
work_idle_time          0x2001ef2a      0x2  Data  Gb  product_cal.o [1]
xActiveTimerList1       0x2001ed40     0x14  Data  Lc  timers.o [1]
xActiveTimerList2       0x2001ed54     0x14  Data  Lc  timers.o [1]
xBlockAllocatedBit      0x2001eea0      0x4  Data  Lc  heap_4.o [1]
xDelayedTaskList1       0x2001ecdc     0x14  Data  Lc  tasks.o [1]
xDelayedTaskList2       0x2001ecf0     0x14  Data  Lc  tasks.o [1]
xEventGroupCreate       0x0803713d     0x1c  Code  Gb  event_groups.o [1]
xEventGroupSetBits      0x080372a5     0xd6  Code  Gb  event_groups.o [1]
xEventGroupWaitBits     0x08037159    0x146  Code  Gb  event_groups.o [1]
xFreeBytesRemaining     0x2001ee98      0x4  Data  Lc  heap_4.o [1]
xHandleTaskFreq         0x2001ee3c      0x4  Data  Gb  apptask.o [1]
xHandleTaskLCD          0x2001ee18      0x4  Data  Gb  apptask.o [1]
xHandleTaskLED          0x2001ee1c      0x4  Data  Gb  apptask.o [1]
xHandleTaskManageCapacity
                        0x2001ee34      0x4  Data  Gb  apptask.o [1]
xHandleTaskMassStorage  0x2001ee24      0x4  Data  Gb  apptask.o [1]
xHandleTaskMotorControl
                        0x2001ee38      0x4  Data  Gb  apptask.o [1]
xHandleTaskMsgPro       0x2001ee2c      0x4  Data  Gb  apptask.o [1]
xHandleTaskRFID         0x2001ee20      0x4  Data  Gb  apptask.o [1]
xHandleTaskReadDisk     0x2001ee28      0x4  Data  Gb  apptask.o [1]
xHandleTaskRev485       0x2001ee30      0x4  Data  Gb  apptask.o [1]
xHeapStructSize         0x08041dc0      0x4  Data  Lc  heap_4.o [1]
xMinimumEverFreeBytesRemaining
                        0x2001ee9c      0x4  Data  Lc  heap_4.o [1]
xNextTaskUnblockTime    0x2001eee4      0x4  Data  Lc  tasks.o [1]
xNumOfOverflows         0x2001eedc      0x4  Data  Lc  tasks.o [1]
xPendingReadyList       0x2001ed04     0x14  Data  Lc  tasks.o [1]
xPortStartScheduler     0x0803789b     0xcc  Code  Gb  port.o [1]
xQueueGenericCreate     0x0802ff0d     0x7e  Code  Gb  queue.o [1]
xQueueGenericReceive    0x08030301    0x19c  Code  Gb  queue.o [1]
xQueueGenericReset      0x0802fe7d     0x90  Code  Gb  queue.o [1]
xQueueGenericSend       0x0802ff8b    0x1b2  Code  Gb  queue.o [1]
xQueueGenericSendFromISR
                        0x0803013d     0xec  Code  Gb  queue.o [1]
xQueueGiveFromISR       0x08030229     0xd8  Code  Gb  queue.o [1]
xQueue_message          0x2001ee64      0x4  Data  Gb  apptask.o [1]
xSchedulerRunning       0x2001eed0      0x4  Data  Lc  tasks.o [1]
xSemaphore_download     0x2001ee54      0x4  Data  Gb  apptask.o [1]
xSemaphore_encoder      0x2001ee4c      0x4  Data  Gb  apptask.o [1]
xSemaphore_freq         0x2001ee50      0x4  Data  Gb  apptask.o [1]
xSemaphore_lcd          0x2001ee40      0x4  Data  Gb  apptask.o [1]
xSemaphore_pluse        0x2001ee48      0x4  Data  Gb  apptask.o [1]
xSemaphore_readDisk     0x2001ee58      0x4  Data  Gb  apptask.o [1]
xSemaphore_rs485        0x2001ee44      0x4  Data  Gb  apptask.o [1]
xStart                  0x2001ee00      0x8  Data  Lc  heap_4.o [1]
xSuspendedTaskList      0x2001ed2c     0x14  Data  Lc  tasks.o [1]
xTaskCheckForTimeOut    0x0802fb11     0x8a  Code  Gb  tasks.o [1]
xTaskGenericCreate      0x0802f27d    0x184  Code  Gb  tasks.o [1]
xTaskGetSchedulerState  0x0802fdcf     0x26  Code  Gb  tasks.o [1]
xTaskGetTickCount       0x0802f613      0xa  Code  Gb  tasks.o [1]
xTaskIncrementTick      0x0802f61d    0x134  Code  Gb  tasks.o [1]
xTaskRemoveFromEventList
                        0x0802f9bd     0x8e  Code  Gb  tasks.o [1]
xTaskRemoveFromUnorderedEventList
                        0x0802fa51     0x94  Code  Gb  tasks.o [1]
xTaskResumeAll          0x0802f513    0x100  Code  Gb  tasks.o [1]
xTasksWaitingTermination
                        0x2001ed18     0x14  Data  Lc  tasks.o [1]
xTickCount              0x2001eec8      0x4  Data  Lc  tasks.o [1]
xTimerCreate            0x080373f1     0x62  Code  Gb  timers.o [1]
xTimerCreateTimerTask   0x080373a1     0x50  Code  Gb  timers.o [1]
xTimerGenericCommand    0x08037453     0x84  Code  Gb  timers.o [1]
xTimerQueue             0x2001eefc      0x4  Data  Lc  timers.o [1]
xTimerUser              0x2001ee60      0x4  Data  Gb  apptask.o [1]
xYieldPending           0x2001eed8      0x4  Data  Lc  tasks.o [1]


[1] = E:\WORK\YarnControl_Driver\YarnControl_Driver\src\stm32f4_rtos\Project\EWARMv7\Flash\Obj
[2] = command line
[3] = dl7M_tlf.a
[4] = m7M_tls.a
[5] = rt7M_tl.a
[6] = shb_l.a

   89 196 bytes of readonly  code memory
  181 126 bytes of readonly  data memory
  128 847 bytes of readwrite data memory (+ 1 044 480 absolute)

Errors: none
Warnings: none
