###############################################################################
#
# IAR ELF Linker V7.40.7.9843/W32 for ARM                 12/Dec/2019  18:58:45
# Copyright 2007-2015 IAR Systems AB.
#
#    Output file  =  
#        F:\work\YarnControl_Driver\src\stm32f4_rtos\Project\EWARMv7\Flash\Exe\project.out
#    Map file     =  
#        F:\work\YarnControl_Driver\src\stm32f4_rtos\Project\EWARMv7\Flash\List\project.map
#    Command line =  
#        F:\work\YarnControl_Driver\src\stm32f4_rtos\Project\EWARMv7\Flash\Obj\apptask.o
#        F:\work\YarnControl_Driver\src\stm32f4_rtos\Project\EWARMv7\Flash\Obj\bkp_pwr.o
#        F:\work\YarnControl_Driver\src\stm32f4_rtos\Project\EWARMv7\Flash\Obj\bsp.o
#        F:\work\YarnControl_Driver\src\stm32f4_rtos\Project\EWARMv7\Flash\Obj\bsp_adc.o
#        F:\work\YarnControl_Driver\src\stm32f4_rtos\Project\EWARMv7\Flash\Obj\bsp_closeSW.o
#        F:\work\YarnControl_Driver\src\stm32f4_rtos\Project\EWARMv7\Flash\Obj\bsp_dac.o
#        F:\work\YarnControl_Driver\src\stm32f4_rtos\Project\EWARMv7\Flash\Obj\bsp_dwt.o
#        F:\work\YarnControl_Driver\src\stm32f4_rtos\Project\EWARMv7\Flash\Obj\bsp_key.o
#        F:\work\YarnControl_Driver\src\stm32f4_rtos\Project\EWARMv7\Flash\Obj\bsp_led.o
#        F:\work\YarnControl_Driver\src\stm32f4_rtos\Project\EWARMv7\Flash\Obj\bsp_relay.o
#        F:\work\YarnControl_Driver\src\stm32f4_rtos\Project\EWARMv7\Flash\Obj\bsp_sdio_sd.o
#        F:\work\YarnControl_Driver\src\stm32f4_rtos\Project\EWARMv7\Flash\Obj\bsp_sdwe050c17.o
#        F:\work\YarnControl_Driver\src\stm32f4_rtos\Project\EWARMv7\Flash\Obj\bsp_servomotor.o
#        F:\work\YarnControl_Driver\src\stm32f4_rtos\Project\EWARMv7\Flash\Obj\bsp_spi.o
#        F:\work\YarnControl_Driver\src\stm32f4_rtos\Project\EWARMv7\Flash\Obj\bsp_stepmotor.o
#        F:\work\YarnControl_Driver\src\stm32f4_rtos\Project\EWARMv7\Flash\Obj\bsp_sw_onoff.o
#        F:\work\YarnControl_Driver\src\stm32f4_rtos\Project\EWARMv7\Flash\Obj\bsp_tim_pwm.o
#        F:\work\YarnControl_Driver\src\stm32f4_rtos\Project\EWARMv7\Flash\Obj\bsp_timer.o
#        F:\work\YarnControl_Driver\src\stm32f4_rtos\Project\EWARMv7\Flash\Obj\bsp_uart_fifo.o
#        F:\work\YarnControl_Driver\src\stm32f4_rtos\Project\EWARMv7\Flash\Obj\bsp_w25qxx.o
#        F:\work\YarnControl_Driver\src\stm32f4_rtos\Project\EWARMv7\Flash\Obj\bsp_watchdog.o
#        F:\work\YarnControl_Driver\src\stm32f4_rtos\Project\EWARMv7\Flash\Obj\cc936.o
#        F:\work\YarnControl_Driver\src\stm32f4_rtos\Project\EWARMv7\Flash\Obj\cJSON.o
#        F:\work\YarnControl_Driver\src\stm32f4_rtos\Project\EWARMv7\Flash\Obj\croutine.o
#        F:\work\YarnControl_Driver\src\stm32f4_rtos\Project\EWARMv7\Flash\Obj\demo_fatfs.o
#        F:\work\YarnControl_Driver\src\stm32f4_rtos\Project\EWARMv7\Flash\Obj\des.o
#        F:\work\YarnControl_Driver\src\stm32f4_rtos\Project\EWARMv7\Flash\Obj\diskio.o
#        F:\work\YarnControl_Driver\src\stm32f4_rtos\Project\EWARMv7\Flash\Obj\encoder_tim.o
#        F:\work\YarnControl_Driver\src\stm32f4_rtos\Project\EWARMv7\Flash\Obj\esp8266_handler.o
#        F:\work\YarnControl_Driver\src\stm32f4_rtos\Project\EWARMv7\Flash\Obj\esp8266_init.o
#        F:\work\YarnControl_Driver\src\stm32f4_rtos\Project\EWARMv7\Flash\Obj\event_groups.o
#        F:\work\YarnControl_Driver\src\stm32f4_rtos\Project\EWARMv7\Flash\Obj\ff.o
#        F:\work\YarnControl_Driver\src\stm32f4_rtos\Project\EWARMv7\Flash\Obj\heap_4.o
#        F:\work\YarnControl_Driver\src\stm32f4_rtos\Project\EWARMv7\Flash\Obj\iic_smec98sp.o
#        F:\work\YarnControl_Driver\src\stm32f4_rtos\Project\EWARMv7\Flash\Obj\list.o
#        F:\work\YarnControl_Driver\src\stm32f4_rtos\Project\EWARMv7\Flash\Obj\main.o
#        F:\work\YarnControl_Driver\src\stm32f4_rtos\Project\EWARMv7\Flash\Obj\malloc.o
#        F:\work\YarnControl_Driver\src\stm32f4_rtos\Project\EWARMv7\Flash\Obj\mcheck.o
#        F:\work\YarnControl_Driver\src\stm32f4_rtos\Project\EWARMv7\Flash\Obj\misc.o
#        F:\work\YarnControl_Driver\src\stm32f4_rtos\Project\EWARMv7\Flash\Obj\modbus.o
#        F:\work\YarnControl_Driver\src\stm32f4_rtos\Project\EWARMv7\Flash\Obj\MQTTConnectClient.o
#        F:\work\YarnControl_Driver\src\stm32f4_rtos\Project\EWARMv7\Flash\Obj\MQTTConnectServer.o
#        F:\work\YarnControl_Driver\src\stm32f4_rtos\Project\EWARMv7\Flash\Obj\MQTTDeserializePublish.o
#        F:\work\YarnControl_Driver\src\stm32f4_rtos\Project\EWARMv7\Flash\Obj\MQTTFormat.o
#        F:\work\YarnControl_Driver\src\stm32f4_rtos\Project\EWARMv7\Flash\Obj\MQTTPacket.o
#        F:\work\YarnControl_Driver\src\stm32f4_rtos\Project\EWARMv7\Flash\Obj\MQTTSerializePublish.o
#        F:\work\YarnControl_Driver\src\stm32f4_rtos\Project\EWARMv7\Flash\Obj\MQTTSubscribeClient.o
#        F:\work\YarnControl_Driver\src\stm32f4_rtos\Project\EWARMv7\Flash\Obj\MQTTSubscribeServer.o
#        F:\work\YarnControl_Driver\src\stm32f4_rtos\Project\EWARMv7\Flash\Obj\MQTTUnsubscribeClient.o
#        F:\work\YarnControl_Driver\src\stm32f4_rtos\Project\EWARMv7\Flash\Obj\MQTTUnsubscribeServer.o
#        F:\work\YarnControl_Driver\src\stm32f4_rtos\Project\EWARMv7\Flash\Obj\page_weimi.o
#        F:\work\YarnControl_Driver\src\stm32f4_rtos\Project\EWARMv7\Flash\Obj\para.o
#        F:\work\YarnControl_Driver\src\stm32f4_rtos\Project\EWARMv7\Flash\Obj\port.o
#        F:\work\YarnControl_Driver\src\stm32f4_rtos\Project\EWARMv7\Flash\Obj\portasm.o
#        F:\work\YarnControl_Driver\src\stm32f4_rtos\Project\EWARMv7\Flash\Obj\product_cal.o
#        F:\work\YarnControl_Driver\src\stm32f4_rtos\Project\EWARMv7\Flash\Obj\protocol.o
#        F:\work\YarnControl_Driver\src\stm32f4_rtos\Project\EWARMv7\Flash\Obj\pub0sub1.o
#        F:\work\YarnControl_Driver\src\stm32f4_rtos\Project\EWARMv7\Flash\Obj\queue.o
#        F:\work\YarnControl_Driver\src\stm32f4_rtos\Project\EWARMv7\Flash\Obj\rc522.o
#        F:\work\YarnControl_Driver\src\stm32f4_rtos\Project\EWARMv7\Flash\Obj\sha1.o
#        F:\work\YarnControl_Driver\src\stm32f4_rtos\Project\EWARMv7\Flash\Obj\smec98sp.o
#        F:\work\YarnControl_Driver\src\stm32f4_rtos\Project\EWARMv7\Flash\Obj\startup_stm32f40_41xxx.o
#        F:\work\YarnControl_Driver\src\stm32f4_rtos\Project\EWARMv7\Flash\Obj\stm32f4xx_adc.o
#        F:\work\YarnControl_Driver\src\stm32f4_rtos\Project\EWARMv7\Flash\Obj\stm32f4xx_assert.o
#        F:\work\YarnControl_Driver\src\stm32f4_rtos\Project\EWARMv7\Flash\Obj\stm32f4xx_can.o
#        F:\work\YarnControl_Driver\src\stm32f4_rtos\Project\EWARMv7\Flash\Obj\stm32f4xx_crc.o
#        F:\work\YarnControl_Driver\src\stm32f4_rtos\Project\EWARMv7\Flash\Obj\stm32f4xx_cryp.o
#        F:\work\YarnControl_Driver\src\stm32f4_rtos\Project\EWARMv7\Flash\Obj\stm32f4xx_cryp_aes.o
#        F:\work\YarnControl_Driver\src\stm32f4_rtos\Project\EWARMv7\Flash\Obj\stm32f4xx_cryp_des.o
#        F:\work\YarnControl_Driver\src\stm32f4_rtos\Project\EWARMv7\Flash\Obj\stm32f4xx_cryp_tdes.o
#        F:\work\YarnControl_Driver\src\stm32f4_rtos\Project\EWARMv7\Flash\Obj\stm32f4xx_dac.o
#        F:\work\YarnControl_Driver\src\stm32f4_rtos\Project\EWARMv7\Flash\Obj\stm32f4xx_dbgmcu.o
#        F:\work\YarnControl_Driver\src\stm32f4_rtos\Project\EWARMv7\Flash\Obj\stm32f4xx_dcmi.o
#        F:\work\YarnControl_Driver\src\stm32f4_rtos\Project\EWARMv7\Flash\Obj\stm32f4xx_dma.o
#        F:\work\YarnControl_Driver\src\stm32f4_rtos\Project\EWARMv7\Flash\Obj\stm32f4xx_dma2d.o
#        F:\work\YarnControl_Driver\src\stm32f4_rtos\Project\EWARMv7\Flash\Obj\stm32f4xx_exti.o
#        F:\work\YarnControl_Driver\src\stm32f4_rtos\Project\EWARMv7\Flash\Obj\stm32f4xx_flash.o
#        F:\work\YarnControl_Driver\src\stm32f4_rtos\Project\EWARMv7\Flash\Obj\stm32f4xx_fsmc.o
#        F:\work\YarnControl_Driver\src\stm32f4_rtos\Project\EWARMv7\Flash\Obj\stm32f4xx_gpio.o
#        F:\work\YarnControl_Driver\src\stm32f4_rtos\Project\EWARMv7\Flash\Obj\stm32f4xx_hash.o
#        F:\work\YarnControl_Driver\src\stm32f4_rtos\Project\EWARMv7\Flash\Obj\stm32f4xx_hash_md5.o
#        F:\work\YarnControl_Driver\src\stm32f4_rtos\Project\EWARMv7\Flash\Obj\stm32f4xx_hash_sha1.o
#        F:\work\YarnControl_Driver\src\stm32f4_rtos\Project\EWARMv7\Flash\Obj\stm32f4xx_i2c.o
#        F:\work\YarnControl_Driver\src\stm32f4_rtos\Project\EWARMv7\Flash\Obj\stm32f4xx_it.o
#        F:\work\YarnControl_Driver\src\stm32f4_rtos\Project\EWARMv7\Flash\Obj\stm32f4xx_iwdg.o
#        F:\work\YarnControl_Driver\src\stm32f4_rtos\Project\EWARMv7\Flash\Obj\stm32f4xx_ltdc.o
#        F:\work\YarnControl_Driver\src\stm32f4_rtos\Project\EWARMv7\Flash\Obj\stm32f4xx_pwr.o
#        F:\work\YarnControl_Driver\src\stm32f4_rtos\Project\EWARMv7\Flash\Obj\stm32f4xx_rcc.o
#        F:\work\YarnControl_Driver\src\stm32f4_rtos\Project\EWARMv7\Flash\Obj\stm32f4xx_rng.o
#        F:\work\YarnControl_Driver\src\stm32f4_rtos\Project\EWARMv7\Flash\Obj\stm32f4xx_rtc.o
#        F:\work\YarnControl_Driver\src\stm32f4_rtos\Project\EWARMv7\Flash\Obj\stm32f4xx_sai.o
#        F:\work\YarnControl_Driver\src\stm32f4_rtos\Project\EWARMv7\Flash\Obj\stm32f4xx_sdio.o
#        F:\work\YarnControl_Driver\src\stm32f4_rtos\Project\EWARMv7\Flash\Obj\stm32f4xx_spi.o
#        F:\work\YarnControl_Driver\src\stm32f4_rtos\Project\EWARMv7\Flash\Obj\stm32f4xx_syscfg.o
#        F:\work\YarnControl_Driver\src\stm32f4_rtos\Project\EWARMv7\Flash\Obj\stm32f4xx_tim.o
#        F:\work\YarnControl_Driver\src\stm32f4_rtos\Project\EWARMv7\Flash\Obj\stm32f4xx_usart.o
#        F:\work\YarnControl_Driver\src\stm32f4_rtos\Project\EWARMv7\Flash\Obj\stm32f4xx_wwdg.o
#        F:\work\YarnControl_Driver\src\stm32f4_rtos\Project\EWARMv7\Flash\Obj\SysInfoTest.o
#        F:\work\YarnControl_Driver\src\stm32f4_rtos\Project\EWARMv7\Flash\Obj\system_stm32f4xx.o
#        F:\work\YarnControl_Driver\src\stm32f4_rtos\Project\EWARMv7\Flash\Obj\tasks.o
#        F:\work\YarnControl_Driver\src\stm32f4_rtos\Project\EWARMv7\Flash\Obj\timer_platform.o
#        F:\work\YarnControl_Driver\src\stm32f4_rtos\Project\EWARMv7\Flash\Obj\timers.o
#        F:\work\YarnControl_Driver\src\stm32f4_rtos\Project\EWARMv7\Flash\Obj\transport.o
#        F:\work\YarnControl_Driver\src\stm32f4_rtos\Project\EWARMv7\Flash\Obj\usb_bsp.o
#        F:\work\YarnControl_Driver\src\stm32f4_rtos\Project\EWARMv7\Flash\Obj\usb_core.o
#        F:\work\YarnControl_Driver\src\stm32f4_rtos\Project\EWARMv7\Flash\Obj\usb_hcd.o
#        F:\work\YarnControl_Driver\src\stm32f4_rtos\Project\EWARMv7\Flash\Obj\usb_hcd_int.o
#        F:\work\YarnControl_Driver\src\stm32f4_rtos\Project\EWARMv7\Flash\Obj\usbh_core.o
#        F:\work\YarnControl_Driver\src\stm32f4_rtos\Project\EWARMv7\Flash\Obj\usbh_hcs.o
#        F:\work\YarnControl_Driver\src\stm32f4_rtos\Project\EWARMv7\Flash\Obj\usbh_ioreq.o
#        F:\work\YarnControl_Driver\src\stm32f4_rtos\Project\EWARMv7\Flash\Obj\usbh_it.o
#        F:\work\YarnControl_Driver\src\stm32f4_rtos\Project\EWARMv7\Flash\Obj\usbh_msc_bot.o
#        F:\work\YarnControl_Driver\src\stm32f4_rtos\Project\EWARMv7\Flash\Obj\usbh_msc_core.o
#        F:\work\YarnControl_Driver\src\stm32f4_rtos\Project\EWARMv7\Flash\Obj\usbh_msc_scsi.o
#        F:\work\YarnControl_Driver\src\stm32f4_rtos\Project\EWARMv7\Flash\Obj\usbh_stdreq.o
#        F:\work\YarnControl_Driver\src\stm32f4_rtos\Project\EWARMv7\Flash\Obj\usbh_usr.o
#        -o
#        F:\work\YarnControl_Driver\src\stm32f4_rtos\Project\EWARMv7\Flash\Exe\project.out
#        --map
#        F:\work\YarnControl_Driver\src\stm32f4_rtos\Project\EWARMv7\Flash\List\project.map
#        --config
#        F:\work\YarnControl_Driver\src\stm32f4_rtos\Project\EWARMv7\stm32f4xx_flash.icf
#        --semihosting --entry __iar_program_start --inline --vfe
#
###############################################################################

*******************************************************************************
*** RUNTIME MODEL ATTRIBUTES
***

CppFlavor                     = *
__Heap_Handler                = DLMalloc
__SystemLibrary               = DLib
__dlib_dynamic_initialization = normal


*******************************************************************************
*** PLACEMENT SUMMARY
***

"A1":  place at 0x08000000 { ro section .intvec };
"P1":  place in [from 0x08000000 to 0x080fffff] { ro };
"P2":  place in [from 0x20000000 to 0x2001ffff] { rw, block CSTACK, block HEAP };

  Section             Kind        Address     Size  Object
  -------             ----        -------     ----  ------
"A1":                                        0x188
  .intvec             ro code  0x08000000    0x188  startup_stm32f40_41xxx.o [1]
                             - 0x08000188    0x188

"P1":                                      0x4bf56
  .rodata             const    0x08000188  0x15484  cc936.o [1]
  .rodata             const    0x0801560c  0x15484  cc936.o [1]
  .text               ro code  0x0802aa90   0x7c20  apptask.o [1]
  .text               ro code  0x080326b0   0x164c  bsp_sdwe050c17.o [1]
  .text               ro code  0x08033cfc    0x7c8  queue.o [1]
  .text               ro code  0x080344c4    0x6b0  product_cal.o [1]
  .text               ro code  0x08034b74     0x66  ABImemset.o [5]
  .text               ro code  0x08034bda     0x1e  xsscin.o [3]
  .text               ro code  0x08034bf8    0xce0  tasks.o [1]
  .text               ro code  0x080358d8    0x380  bsp_w25qxx.o [1]
  .text               ro code  0x08035c58   0x1562  para.o [1]
  .text               ro code  0x080371ba     0x1a  xsnprout.o [3]
  .text               ro code  0x080371d4     0x4e  FltToDbl.o [4]
  .text               ro code  0x08037222      0xa  xsprout.o [3]
  .text               ro code  0x0803722c     0x24  printf.o [3]
  .text               ro code  0x08037250     0x76  ABImemcpy_unaligned.o [5]
  .text               ro code  0x080372c8     0x42  strcmp_unaligned.o [5]
  .text               ro code  0x0803730c    0x21c  malloc.o [1]
  .text               ro code  0x08037528     0x62  memcmp_unaligned.o [5]
  .text               ro code  0x0803758c     0x30  I32ToDbl.o [4]
  .text               ro code  0x080375bc    0x256  DblDiv.o [4]
  .text               ro code  0x08037814     0xe8  DblAdd.o [4]
  .text               ro code  0x080378fc    0x1a2  DblMul.o [4]
  .text               ro code  0x08037aa0     0x58  DblToI32.o [4]
  .text               ro code  0x08037af8     0x90  DblToFlt.o [4]
  .text               ro code  0x08037b88     0x36  strlen.o [5]
  .text               ro code  0x08037bc0    0x12c  stm32f4xx_gpio.o [1]
  .text               ro code  0x08037cec    0x2c0  encoder_tim.o [1]
  .text               ro code  0x08037fac     0xc8  bsp_dac.o [1]
  .text               ro code  0x08038074     0x3c  stm32f4xx_rtc.o [1]
  .text               ro code  0x080380b0    0x62c  page_weimi.o [1]
  .text               ro code  0x080386dc    0x284  bsp_servomotor.o [1]
  .text               ro code  0x08038960    0x1a2  usbh_usr.o [1]
  .text               ro code  0x08038b04    0x760  usbh_core.o [1]
  .text               ro code  0x08039264   0x2498  ff.o [1]
  .text               ro code  0x0803b6fc     0x34  sprintf.o [3]
  .text               ro code  0x0803b730     0x1c  strcat.o [3]
  .text               ro code  0x0803b74c     0xc0  bsp_led.o [1]
  .text               ro code  0x0803b80c     0xee  rc522.o [1]
  .text               ro code  0x0803b8fc    0x370  modbus.o [1]
  .text               ro code  0x0803bc6c     0x9c  protocol.o [1]
  .text               ro code  0x0803bd08     0x10  para.o [1]
  .text               ro code  0x0803bd18     0xdc  bsp_closeSW.o [1]
  .text               ro code  0x0803bdf4    0x188  bkp_pwr.o [1]
  .text               ro code  0x0803bf7c    0x180  DblSub.o [4]
  .text               ro code  0x0803c0fc    0x4fc  bsp_stepmotor.o [1]
  .text               ro code  0x0803c5f8     0x7c  esp8266_init.o [1]
  .text               ro code  0x0803c674    0x414  esp8266_handler.o [1]
  .text               ro code  0x0803ca88    0x434  pub0sub1.o [1]
  .text               ro code  0x0803cebc    0x21a  bsp_key.o [1]
  .text               ro code  0x0803d0d8    0x262  event_groups.o [1]
  .text               ro code  0x0803d33c    0x4a4  timers.o [1]
  .text               ro code  0x0803d7e0      0x8  bsp_watchdog.o [1]
  .text               ro code  0x0803d7e8    0x1e8  stm32f4xx_rcc.o [1]
  .text               ro code  0x0803d9d0     0x74  bsp_dwt.o [1]
  .text               ro code  0x0803da44    0xaa4  bsp_uart_fifo.o [1]
  .text               ro code  0x0803e4e8    0x204  bsp_timer.o [1]
  .text               ro code  0x0803e6ec    0x24c  port.o [1]
  .text               ro code  0x0803e938     0x98  list.o [1]
  .text               ro code  0x0803e9d0    0x280  heap_4.o [1]
  .text               ro code  0x0803ec50    0x124  bsp_spi.o [1]
  .text               ro code  0x0803ed74     0x44  strcpy_unaligned.o [5]
  .text               ro code  0x0803edb8     0x24  sscanf.o [3]
  .text               ro code  0x0803eddc    0xd96  xprintffull_nomb.o [3]
  .text               ro code  0x0803fb74     0x88  misc.o [1]
  .text               ro code  0x0803fbfc    0x6f6  stm32f4xx_tim.o [1]
  .text               ro code  0x080402f4    0x132  I64DivMod.o [5]
  .text               ro code  0x08040428     0x7c  stm32f4xx_dac.o [1]
  .text               ro code  0x080404a4    0x31c  stm32f4xx_dma.o [1]
  .text               ro code  0x080407c0    0x14c  usb_bsp.o [1]
  .text               ro code  0x0804090c     0xd6  usb_hcd.o [1]
  .text               ro code  0x080409e2    0x1ba  usbh_hcs.o [1]
  .text               ro code  0x08040b9c    0x436  usbh_stdreq.o [1]
  .text               ro code  0x08040fd2    0x246  usbh_ioreq.o [1]
  .text               ro code  0x08041218    0x2e4  diskio.o [1]
  .text               ro code  0x080414fc     0xf4  cc936.o [1]
  .text               ro code  0x080415f0     0xb8  mcheck.o [1]
  .text               ro code  0x080416a8     0x2c  strstr.o [3]
  .text               ro code  0x080416d4     0x54  stm32f4xx_syscfg.o [1]
  .text               ro code  0x08041728     0xc0  stm32f4xx_exti.o [1]
  .text               ro code  0x080417e8      0xc  stm32f4xx_pwr.o [1]
  .text               ro code  0x080417f4      0x6  ABImemclr4.o [5]
  .text               ro code  0x080417fc     0x44  snprintf.o [3]
  .text               ro code  0x08041840    0x306  MQTTConnectClient.o [1]
  .text               ro code  0x08041b48     0x6c  transport.o [1]
  .text               ro code  0x08041bb4    0x290  MQTTPacket.o [1]
  .text               ro code  0x08041e44     0x40  timer_platform.o [1]
  .text               ro code  0x08041e84    0x190  MQTTSubscribeClient.o [1]
  .text               ro code  0x08042014     0xbc  MQTTDeserializePublish.o [1]
  .text               ro code  0x080420d0     0xec  MQTTSerializePublish.o [1]
  .text               ro code  0x080421bc     0x10  stm32f4xx_iwdg.o [1]
  .text               ro code  0x080421cc    0x254  stm32f4xx_usart.o [1]
  CODE                ro code  0x08042420     0xa8  portasm.o [1]
  .text               ro code  0x080424c8     0x74  stm32f4xx_spi.o [1]
  .text               ro code  0x0804253c    0xb64  xscanffull_nomb.o [3]
  .text               ro code  0x080430a0     0x16  strchr.o [5]
  .text               ro code  0x080430b8     0x58  memchr.o [5]
  .text               ro code  0x08043110     0x42  xdnorm.o [4]
  .text               ro code  0x08043154     0x2e  DblCmpLe.o [4]
  .text               ro code  0x08043184     0x2e  DblCmpGe.o [4]
  .text               ro code  0x080431b4    0x114  xdscale.o [4]
  .text               ro code  0x080432c8     0x6c  localeconv.o [3]
  .text               ro code  0x08043334      0xe  div.o [3]
  .text               ro code  0x08043344      0x2  I64DivZer.o [5]
  .text               ro code  0x08043348    0xa50  usb_core.o [1]
  .text               ro code  0x08043d98   0x1a58  bsp_sdio_sd.o [1]
  .text               ro code  0x080457f0    0x618  usbh_msc_scsi.o [1]
  .text               ro code  0x08045e08    0x554  usbh_msc_bot.o [1]
  .text               ro code  0x0804635c     0x32  ABImemset48.o [5]
  .text               ro code  0x0804638e     0x28  isxxx.o [3]
  .text               ro code  0x080463b6     0xa4  xstoll.o [3]
  .text               ro code  0x0804645c    0x1b0  xstoull.o [3]
  .text               ro code  0x0804660c    0x168  xstold.o [4]
  .text               ro code  0x08046774    0x17c  stm32f4xx_sdio.o [1]
  .text               ro code  0x080468f0     0x18  setlocale.o [3]
  .text               ro code  0x08046908     0x16  xlocale_c.o [3]
  .text               ro code  0x0804691e     0x14  xlocale_c.o [3]
  .text               ro code  0x08046934      0xc  errno.o [3]
  .text               ro code  0x08046940     0x14  tolower.o [3]
  .text               ro code  0x08046954    0x124  xstopfx.o [3]
  .text               ro code  0x08046a78    0x1b8  xstoflt.o [3]
  .text               ro code  0x08046c30    0x200  xdtento.o [4]
  .text               ro code  0x08046e30    0x218  xstoxflt.o [3]
  .text               ro code  0x08047048      0x2  xtls.o [3]
  .text               ro code  0x0804704a      0xc  xlocale_c.o [3]
  .text               ro code  0x08047058     0x20  DblCmpEq.o [4]
  .text               ro code  0x08047078     0x52  xdunscal.o [4]
  .text               ro code  0x080470cc    0xc7e  usb_hcd_int.o [1]
  .text               ro code  0x08047d4c    0x4fa  des.o [1]
  .text               ro code  0x08048248    0x4ae  smec98sp.o [1]
  .text               ro code  0x080486f8    0x1b6  stm32f4xx_adc.o [1]
  .text               ro code  0x080488b0    0x38e  iic_smec98sp.o [1]
  .text               ro code  0x08048c40     0x20  srand.o [3]
  .text               ro code  0x08048c60     0xe0  rand.o [3]
  .rodata             const    0x08048d40    0x400  apptask.o [1]
  .text               ro code  0x08049140    0x3e8  usbh_msc_core.o [1]
  .rodata             const    0x08049528    0x3dc  cc936.o [1]
  .rodata             const    0x08049904    0x3dc  cc936.o [1]
  .rodata             const    0x08049ce0    0x200  des.o [1]
  .rodata             const    0x08049ee0    0x190  product_cal.o [1]
  .text               ro code  0x0804a070    0x154  system_stm32f4xx.o [1]
  .rodata             const    0x0804a1c4    0x100  mcheck.o [1]
  .rodata             const    0x0804a2c4    0x100  mcheck.o [1]
  .rodata             const    0x0804a3c4    0x100  mcheck.o [1]
  .text               ro code  0x0804a4c4     0xd0  packbits_init.o [5]
  .text               ro code  0x0804a594      0x6  abort.o [3]
  .text               ro code  0x0804a59c     0x14  exit.o [6]
  .text               ro code  0x0804a5b0     0x5c  bsp.o [1]
  .text               ro code  0x0804a60c     0x44  bsp_relay.o [1]
  .text               ro code  0x0804a650     0x44  bsp_sw_onoff.o [1]
  .rodata             const    0x0804a694     0x58  pub0sub1.o [1]
  .rodata             const    0x0804a6ec     0x40  des.o [1]
  .rodata             const    0x0804a72c     0x40  des.o [1]
  .text               ro code  0x0804a76c     0x40  zero_init3.o [5]
  .rodata             const    0x0804a7ac     0x38  demo_fatfs.o [1]
  .rodata             const    0x0804a7e4     0x38  des.o [1]
  .text               ro code  0x0804a81c     0x38  stm32f4xx_it.o [1]
  .rodata             const    0x0804a854     0x34  apptask.o [1]
  .rodata             const    0x0804a888     0x30  apptask.o [1]
  .rodata             const    0x0804a8b8     0x30  demo_fatfs.o [1]
  .rodata             const    0x0804a8e8     0x30  demo_fatfs.o [1]
  .rodata             const    0x0804a918     0x30  des.o [1]
  .rodata             const    0x0804a948     0x30  des.o [1]
  .text               ro code  0x0804a978     0x30  main.o [1]
  .rodata             const    0x0804a9a8     0x2c  apptask.o [1]
  .rodata             const    0x0804a9d4     0x2c  demo_fatfs.o [1]
  .rodata             const    0x0804aa00     0x2c  demo_fatfs.o [1]
  .rodata             const    0x0804aa2c     0x2c  stm32f4xx_it.o [1]
  .text               ro code  0x0804aa58     0x2c  SysInfoTest.o [1]
  .rodata             const    0x0804aa84     0x28  apptask.o [1]
  .rodata             const    0x0804aaac     0x28  demo_fatfs.o [1]
  .rodata             const    0x0804aad4     0x28  demo_fatfs.o [1]
  .rodata             const    0x0804aafc     0x28  demo_fatfs.o [1]
  .text               ro code  0x0804ab24     0x28  data_init.o [5]
  .rodata             const    0x0804ab4c     0x24  apptask.o [1]
  .rodata             const    0x0804ab70     0x24  apptask.o [1]
  .rodata             const    0x0804ab94     0x24  apptask.o [1]
  .rodata             const    0x0804abb8     0x24  apptask.o [1]
  .rodata             const    0x0804abdc     0x24  apptask.o [1]
  .rodata             const    0x0804ac00     0x24  apptask.o [1]
  .rodata             const    0x0804ac24     0x24  apptask.o [1]
  .rodata             const    0x0804ac48     0x24  apptask.o [1]
  .rodata             const    0x0804ac6c     0x24  apptask.o [1]
  .rodata             const    0x0804ac90     0x24  apptask.o [1]
  .rodata             const    0x0804acb4     0x24  demo_fatfs.o [1]
  .rodata             const    0x0804acd8     0x24  demo_fatfs.o [1]
  .rodata             const    0x0804acfc     0x24  pub0sub1.o [1]
  .rodata             const    0x0804ad20     0x24  pub0sub1.o [1]
  .rodata             const    0x0804ad44     0x24  usbh_usr.o [1]
  .text               ro code  0x0804ad68     0x22  fpinit_M.o [4]
  .iar.init_table     const    0x0804ad8c     0x34  - Linker created -
  .rodata             const    0x0804adc0     0x20  apptask.o [1]
  .rodata             const    0x0804ade0     0x20  apptask.o [1]
  .rodata             const    0x0804ae00     0x20  apptask.o [1]
  .rodata             const    0x0804ae20     0x20  demo_fatfs.o [1]
  .rodata             const    0x0804ae40     0x20  demo_fatfs.o [1]
  .rodata             const    0x0804ae60     0x20  demo_fatfs.o [1]
  .rodata             const    0x0804ae80     0x20  des.o [1]
  .rodata             const    0x0804aea0     0x20  pub0sub1.o [1]
  .rodata             const    0x0804aec0     0x20  usbh_usr.o [1]
  .rodata             const    0x0804aee0     0x20  usbh_usr.o [1]
  .rodata             const    0x0804af00     0x20  usbh_usr.o [1]
  .rodata             const    0x0804af20     0x20  usbh_usr.o [1]
  .rodata             const    0x0804af40     0x20  usbh_usr.o [1]
  .rodata             const    0x0804af60     0x1c  apptask.o [1]
  .rodata             const    0x0804af7c     0x1c  apptask.o [1]
  .rodata             const    0x0804af98     0x1c  apptask.o [1]
  .rodata             const    0x0804afb4     0x1c  apptask.o [1]
  .rodata             const    0x0804afd0     0x1c  apptask.o [1]
  .rodata             const    0x0804afec     0x1c  apptask.o [1]
  .rodata             const    0x0804b008     0x1c  apptask.o [1]
  .rodata             const    0x0804b024     0x1c  apptask.o [1]
  .rodata             const    0x0804b040     0x1c  demo_fatfs.o [1]
  .rodata             const    0x0804b05c     0x1c  demo_fatfs.o [1]
  .rodata             const    0x0804b078     0x1c  esp8266_handler.o [1]
  .rodata             const    0x0804b094     0x1c  esp8266_handler.o [1]
  .rodata             const    0x0804b0b0     0x1c  pub0sub1.o [1]
  .rodata             const    0x0804b0cc     0x1c  pub0sub1.o [1]
  .rodata             const    0x0804b0e8     0x1c  pub0sub1.o [1]
  .rodata             const    0x0804b104     0x1c  smec98sp.o [1]
  .rodata             const    0x0804b120     0x1c  smec98sp.o [1]
  .rodata             const    0x0804b13c     0x1c  smec98sp.o [1]
  .rodata             const    0x0804b158     0x1c  usbh_usr.o [1]
  .rodata             const    0x0804b174     0x1c  usbh_usr.o [1]
  .rodata             const    0x0804b190     0x1c  usbh_usr.o [1]
  .rodata             const    0x0804b1ac     0x1c  usbh_usr.o [1]
  .rodata             const    0x0804b1c8     0x1c  usbh_usr.o [1]
  .rodata             const    0x0804b1e4     0x1c  usbh_usr.o [1]
  .text               ro code  0x0804b200     0x1a  cmain.o [5]
  .text               ro code  0x0804b21a      0x4  exit.o [3]
  .text               ro code  0x0804b220      0xa  cexit.o [5]
  .rodata             const    0x0804b22c     0x18  apptask.o [1]
  .rodata             const    0x0804b244     0x18  apptask.o [1]
  .rodata             const    0x0804b25c     0x18  apptask.o [1]
  .rodata             const    0x0804b274     0x18  apptask.o [1]
  .rodata             const    0x0804b28c     0x18  apptask.o [1]
  .rodata             const    0x0804b2a4     0x18  apptask.o [1]
  .rodata             const    0x0804b2bc     0x18  apptask.o [1]
  .rodata             const    0x0804b2d4     0x18  apptask.o [1]
  .rodata             const    0x0804b2ec     0x18  apptask.o [1]
  .rodata             const    0x0804b304     0x18  apptask.o [1]
  .rodata             const    0x0804b31c     0x18  apptask.o [1]
  .rodata             const    0x0804b334     0x18  apptask.o [1]
  .rodata             const    0x0804b34c     0x18  demo_fatfs.o [1]
  .rodata             const    0x0804b364     0x18  demo_fatfs.o [1]
  .rodata             const    0x0804b37c     0x18  demo_fatfs.o [1]
  .rodata             const    0x0804b394     0x18  demo_fatfs.o [1]
  .rodata             const    0x0804b3ac     0x18  esp8266_handler.o [1]
  .rodata             const    0x0804b3c4     0x18  esp8266_handler.o [1]
  .rodata             const    0x0804b3dc     0x18  esp8266_handler.o [1]
  .rodata             const    0x0804b3f4     0x18  para.o [1]
  .rodata             const    0x0804b40c     0x18  pub0sub1.o [1]
  .rodata             const    0x0804b424     0x18  pub0sub1.o [1]
  .rodata             const    0x0804b43c     0x18  smec98sp.o [1]
  .rodata             const    0x0804b454     0x18  smec98sp.o [1]
  .rodata             const    0x0804b46c     0x18  usbh_usr.o [1]
  .rodata             const    0x0804b484     0x18  usbh_usr.o [1]
  .rodata             const    0x0804b49c     0x18  usbh_usr.o [1]
  .rodata             const    0x0804b4b4     0x18  usbh_usr.o [1]
  .rodata             const    0x0804b4cc     0x18  usbh_usr.o [1]
  .text               ro code  0x0804b4e4     0x16  xprout.o [3]
  .text               ro code  0x0804b4fc      0xc  putchar.o [3]
  .rodata             const    0x0804b508     0x14  apptask.o [1]
  .rodata             const    0x0804b51c     0x14  apptask.o [1]
  .rodata             const    0x0804b530     0x14  apptask.o [1]
  .rodata             const    0x0804b544     0x14  apptask.o [1]
  .rodata             const    0x0804b558     0x14  apptask.o [1]
  .rodata             const    0x0804b56c     0x14  apptask.o [1]
  .rodata             const    0x0804b580     0x14  apptask.o [1]
  .rodata             const    0x0804b594     0x14  apptask.o [1]
  .rodata             const    0x0804b5a8     0x14  apptask.o [1]
  .rodata             const    0x0804b5bc     0x14  apptask.o [1]
  .rodata             const    0x0804b5d0     0x14  apptask.o [1]
  .rodata             const    0x0804b5e4     0x14  apptask.o [1]
  .rodata             const    0x0804b5f8     0x14  apptask.o [1]
  .rodata             const    0x0804b60c     0x14  apptask.o [1]
  .rodata             const    0x0804b620     0x14  apptask.o [1]
  .rodata             const    0x0804b634     0x14  des.o [1]
  .rodata             const    0x0804b648     0x14  esp8266_handler.o [1]
  .rodata             const    0x0804b65c     0x14  pub0sub1.o [1]
  .rodata             const    0x0804b670     0x14  pub0sub1.o [1]
  .rodata             const    0x0804b684     0x14  pub0sub1.o [1]
  .rodata             const    0x0804b698     0x14  pub0sub1.o [1]
  .rodata             const    0x0804b6ac     0x14  pub0sub1.o [1]
  .rodata             const    0x0804b6c0     0x14  smec98sp.o [1]
  .rodata             const    0x0804b6d4     0x14  usbh_usr.o [1]
  .rodata             const    0x0804b6e8     0x14  usbh_usr.o [1]
  .rodata             const    0x0804b6fc     0x10  apptask.o [1]
  .rodata             const    0x0804b70c     0x10  apptask.o [1]
  .rodata             const    0x0804b71c     0x10  apptask.o [1]
  .rodata             const    0x0804b72c     0x10  apptask.o [1]
  .rodata             const    0x0804b73c     0x10  apptask.o [1]
  .rodata             const    0x0804b74c     0x10  apptask.o [1]
  .rodata             const    0x0804b75c     0x10  apptask.o [1]
  .rodata             const    0x0804b76c     0x10  apptask.o [1]
  .rodata             const    0x0804b77c     0x10  apptask.o [1]
  .rodata             const    0x0804b78c     0x10  apptask.o [1]
  .rodata             const    0x0804b79c     0x10  apptask.o [1]
  .rodata             const    0x0804b7ac     0x10  apptask.o [1]
  .rodata             const    0x0804b7bc     0x10  apptask.o [1]
  .rodata             const    0x0804b7cc     0x10  apptask.o [1]
  .rodata             const    0x0804b7dc     0x10  apptask.o [1]
  .rodata             const    0x0804b7ec     0x10  apptask.o [1]
  .rodata             const    0x0804b7fc     0x10  apptask.o [1]
  .rodata             const    0x0804b80c     0x10  apptask.o [1]
  .rodata             const    0x0804b81c     0x10  apptask.o [1]
  .rodata             const    0x0804b82c     0x10  apptask.o [1]
  .rodata             const    0x0804b83c     0x10  apptask.o [1]
  .rodata             const    0x0804b84c     0x10  apptask.o [1]
  .rodata             const    0x0804b85c     0x10  apptask.o [1]
  .rodata             const    0x0804b86c     0x10  apptask.o [1]
  .rodata             const    0x0804b87c     0x10  apptask.o [1]
  .rodata             const    0x0804b88c     0x10  apptask.o [1]
  .rodata             const    0x0804b89c     0x10  apptask.o [1]
  .rodata             const    0x0804b8ac     0x10  apptask.o [1]
  .rodata             const    0x0804b8bc     0x10  bsp_sdwe050c17.o [1]
  .rodata             const    0x0804b8cc     0x10  esp8266_handler.o [1]
  .rodata             const    0x0804b8dc     0x10  esp8266_handler.o [1]
  .rodata             const    0x0804b8ec     0x10  esp8266_handler.o [1]
  .rodata             const    0x0804b8fc     0x10  esp8266_handler.o [1]
  .rodata             const    0x0804b90c     0x10  esp8266_handler.o [1]
  .rodata             const    0x0804b91c     0x10  esp8266_handler.o [1]
  .rodata             const    0x0804b92c     0x10  ff.o [1]
  .rodata             const    0x0804b93c     0x10  main.o [1]
  .rodata             const    0x0804b94c     0x10  main.o [1]
  .rodata             const    0x0804b95c     0x10  para.o [1]
  .rodata             const    0x0804b96c     0x10  para.o [1]
  .rodata             const    0x0804b97c     0x10  pub0sub1.o [1]
  .rodata             const    0x0804b98c     0x10  smec98sp.o [1]
  .rodata             const    0x0804b99c     0x10  smec98sp.o [1]
  .rodata             const    0x0804b9ac     0x10  smec98sp.o [1]
  .rodata             const    0x0804b9bc     0x10  smec98sp.o [1]
  .rodata             const    0x0804b9cc     0x10  smec98sp.o [1]
  .rodata             const    0x0804b9dc     0x10  smec98sp.o [1]
  .rodata             const    0x0804b9ec     0x10  usbh_usr.o [1]
  .rodata             const    0x0804b9fc     0x10  usbh_usr.o [1]
  .text               ro code  0x0804ba0c     0x10  startup_stm32f40_41xxx.o [1]
  .text               ro code  0x0804ba1c     0x10  usbh_it.o [1]
  .rodata             const    0x0804ba2c      0xc  apptask.o [1]
  .rodata             const    0x0804ba38      0xc  apptask.o [1]
  .rodata             const    0x0804ba44      0xc  apptask.o [1]
  .rodata             const    0x0804ba50      0xc  apptask.o [1]
  .rodata             const    0x0804ba5c      0xc  apptask.o [1]
  .rodata             const    0x0804ba68      0xc  apptask.o [1]
  .rodata             const    0x0804ba74      0xc  apptask.o [1]
  .rodata             const    0x0804ba80      0xc  apptask.o [1]
  .rodata             const    0x0804ba8c      0xc  apptask.o [1]
  .rodata             const    0x0804ba98      0xc  apptask.o [1]
  .rodata             const    0x0804baa4      0xc  apptask.o [1]
  .rodata             const    0x0804bab0      0xc  apptask.o [1]
  .rodata             const    0x0804babc      0xc  apptask.o [1]
  .rodata             const    0x0804bac8      0xc  apptask.o [1]
  .rodata             const    0x0804bad4      0xc  apptask.o [1]
  .rodata             const    0x0804bae0      0xc  apptask.o [1]
  .rodata             const    0x0804baec      0xc  apptask.o [1]
  .rodata             const    0x0804baf8      0xc  apptask.o [1]
  .rodata             const    0x0804bb04      0xc  apptask.o [1]
  .rodata             const    0x0804bb10      0xc  apptask.o [1]
  .rodata             const    0x0804bb1c      0xc  apptask.o [1]
  .rodata             const    0x0804bb28      0xc  apptask.o [1]
  .rodata             const    0x0804bb34      0xc  apptask.o [1]
  .rodata             const    0x0804bb40      0xc  apptask.o [1]
  .rodata             const    0x0804bb4c      0xc  apptask.o [1]
  .rodata             const    0x0804bb58      0xc  apptask.o [1]
  .rodata             const    0x0804bb64      0xc  apptask.o [1]
  .rodata             const    0x0804bb70      0xc  apptask.o [1]
  .rodata             const    0x0804bb7c      0xc  apptask.o [1]
  .rodata             const    0x0804bb88      0xc  apptask.o [1]
  .rodata             const    0x0804bb94      0xc  apptask.o [1]
  .rodata             const    0x0804bba0      0xc  apptask.o [1]
  .rodata             const    0x0804bbac      0xc  apptask.o [1]
  .rodata             const    0x0804bbb8      0xc  apptask.o [1]
  .rodata             const    0x0804bbc4      0xc  apptask.o [1]
  .rodata             const    0x0804bbd0      0xc  bsp_sdwe050c17.o [1]
  .rodata             const    0x0804bbdc      0xc  demo_fatfs.o [1]
  .rodata             const    0x0804bbe8      0xc  esp8266_handler.o [1]
  .rodata             const    0x0804bbf4      0xc  esp8266_handler.o [1]
  .rodata             const    0x0804bc00      0xc  esp8266_handler.o [1]
  .rodata             const    0x0804bc0c      0xc  esp8266_handler.o [1]
  .rodata             const    0x0804bc18      0xc  esp8266_handler.o [1]
  .rodata             const    0x0804bc24      0xc  esp8266_handler.o [1]
  .rodata             const    0x0804bc30      0xc  ff.o [1]
  .rodata             const    0x0804bc3c      0xc  page_weimi.o [1]
  .rodata             const    0x0804bc48      0xc  para.o [1]
  .rodata             const    0x0804bc54      0xc  para.o [1]
  .rodata             const    0x0804bc60      0xc  para.o [1]
  .rodata             const    0x0804bc6c      0xc  para.o [1]
  .rodata             const    0x0804bc78      0xc  para.o [1]
  .rodata             const    0x0804bc84      0xc  pub0sub1.o [1]
  .rodata             const    0x0804bc90      0xc  pub0sub1.o [1]
  .text               ro code  0x0804bc9c      0xc  cstartup_M.o [5]
  .rodata             const    0x0804bca8      0x8  apptask.o [1]
  .rodata             const    0x0804bcb0      0x8  apptask.o [1]
  .rodata             const    0x0804bcb8      0x8  apptask.o [1]
  .rodata             const    0x0804bcc0      0x8  apptask.o [1]
  .rodata             const    0x0804bcc8      0x8  apptask.o [1]
  .rodata             const    0x0804bcd0      0x8  apptask.o [1]
  .rodata             const    0x0804bcd8      0x8  apptask.o [1]
  .rodata             const    0x0804bce0      0x8  apptask.o [1]
  .rodata             const    0x0804bce8      0x8  apptask.o [1]
  .rodata             const    0x0804bcf0      0x8  apptask.o [1]
  .rodata             const    0x0804bcf8      0x8  apptask.o [1]
  .rodata             const    0x0804bd00      0x8  apptask.o [1]
  .rodata             const    0x0804bd08      0x8  apptask.o [1]
  .rodata             const    0x0804bd10      0x8  apptask.o [1]
  .rodata             const    0x0804bd18      0x8  apptask.o [1]
  .rodata             const    0x0804bd20      0x8  apptask.o [1]
  .rodata             const    0x0804bd28      0x8  apptask.o [1]
  .rodata             const    0x0804bd30      0x8  apptask.o [1]
  .rodata             const    0x0804bd38      0x8  apptask.o [1]
  .rodata             const    0x0804bd40      0x8  apptask.o [1]
  .rodata             const    0x0804bd48      0x8  apptask.o [1]
  .rodata             const    0x0804bd50      0x8  apptask.o [1]
  .rodata             const    0x0804bd58      0x8  apptask.o [1]
  .rodata             const    0x0804bd60      0x8  apptask.o [1]
  .rodata             const    0x0804bd68      0x8  bsp_sdwe050c17.o [1]
  .rodata             const    0x0804bd70      0x8  bsp_w25qxx.o [1]
  .rodata             const    0x0804bd78      0x8  esp8266_handler.o [1]
  .rodata             const    0x0804bd80      0x8  ff.o [1]
  .rodata             const    0x0804bd88      0x8  malloc.o [1]
  .rodata             const    0x0804bd90      0x8  malloc.o [1]
  .rodata             const    0x0804bd98      0x8  malloc.o [1]
  .rodata             const    0x0804bda0      0x8  MQTTConnectClient.o [1]
  .rodata             const    0x0804bda8      0x8  MQTTConnectClient.o [1]
  .rodata             const    0x0804bdb0      0x8  para.o [1]
  .rodata             const    0x0804bdb8      0x8  para.o [1]
  .rodata             const    0x0804bdc0      0x8  para.o [1]
  .rodata             const    0x0804bdc8      0x8  para.o [1]
  .rodata             const    0x0804bdd0      0x8  para.o [1]
  .rodata             const    0x0804bdd8      0x8  para.o [1]
  .rodata             const    0x0804bde0      0x8  para.o [1]
  .rodata             const    0x0804bde8      0x8  para.o [1]
  .rodata             const    0x0804bdf0      0x8  para.o [1]
  .rodata             const    0x0804bdf8      0x8  para.o [1]
  .rodata             const    0x0804be00      0x8  para.o [1]
  .rodata             const    0x0804be08      0x8  para.o [1]
  .rodata             const    0x0804be10      0x8  para.o [1]
  .rodata             const    0x0804be18      0x8  para.o [1]
  .rodata             const    0x0804be20      0x8  para.o [1]
  .rodata             const    0x0804be28      0x8  para.o [1]
  .rodata             const    0x0804be30      0x8  para.o [1]
  .rodata             const    0x0804be38      0x8  para.o [1]
  .rodata             const    0x0804be40      0x8  para.o [1]
  .rodata             const    0x0804be48      0x8  para.o [1]
  .rodata             const    0x0804be50      0x8  para.o [1]
  .rodata             const    0x0804be58      0x8  pub0sub1.o [1]
  .rodata             const    0x0804be60      0x8  smec98sp.o [1]
  .rodata             const    0x0804be68      0x8  tasks.o [1]
  .rodata             const    0x0804be70      0x8  timers.o [1]
  .rodata             const    0x0804be78      0x4  heap_4.o [1]
  .rodata             const    0x0804be7c      0x4  MQTTConnectClient.o [1]
  .rodata             const    0x0804be80      0x4  MQTTConnectClient.o [1]
  .rodata             const    0x0804be84      0x4  MQTTConnectClient.o [1]
  .rodata             const    0x0804be88      0x4  MQTTConnectClient.o [1]
  .rodata             const    0x0804be8c      0x4  MQTTConnectClient.o [1]
  .rodata             const    0x0804be90      0x4  MQTTDeserializePublish.o [1]
  .rodata             const    0x0804be94      0x4  MQTTPacket.o [1]
  .rodata             const    0x0804be98      0x4  MQTTSerializePublish.o [1]
  .rodata             const    0x0804be9c      0x4  MQTTSubscribeClient.o [1]
  .rodata             const    0x0804bea0      0x4  MQTTSubscribeClient.o [1]
  .rodata             const    0x0804bea4      0x4  port.o [1]
  .text               ro code  0x0804bea8      0x4  startup_stm32f40_41xxx.o [1]
  .text               ro code  0x0804beac      0x4  startup_stm32f40_41xxx.o [1]
  .text               ro code  0x0804beb0      0x4  startup_stm32f40_41xxx.o [1]
  .text               ro code  0x0804beb4      0x4  startup_stm32f40_41xxx.o [1]
  .text               ro code  0x0804beb8      0x4  startup_stm32f40_41xxx.o [1]
  .text               ro code  0x0804bebc      0x4  startup_stm32f40_41xxx.o [1]
  .text               ro code  0x0804bec0      0x4  startup_stm32f40_41xxx.o [1]
  .text               ro code  0x0804bec4      0x4  startup_stm32f40_41xxx.o [1]
  .text               ro code  0x0804bec8      0x4  startup_stm32f40_41xxx.o [1]
  .text               ro code  0x0804becc      0x4  startup_stm32f40_41xxx.o [1]
  .text               ro code  0x0804bed0      0x4  startup_stm32f40_41xxx.o [1]
  .text               ro code  0x0804bed4      0x4  startup_stm32f40_41xxx.o [1]
  .text               ro code  0x0804bed8      0x4  startup_stm32f40_41xxx.o [1]
  .text               ro code  0x0804bedc      0x4  startup_stm32f40_41xxx.o [1]
  .text               ro code  0x0804bee0      0x4  startup_stm32f40_41xxx.o [1]
  .text               ro code  0x0804bee4      0x4  startup_stm32f40_41xxx.o [1]
  .text               ro code  0x0804bee8      0x4  startup_stm32f40_41xxx.o [1]
  .text               ro code  0x0804beec      0x4  startup_stm32f40_41xxx.o [1]
  .text               ro code  0x0804bef0      0x4  startup_stm32f40_41xxx.o [1]
  .text               ro code  0x0804bef4      0x4  startup_stm32f40_41xxx.o [1]
  .text               ro code  0x0804bef8      0x4  startup_stm32f40_41xxx.o [1]
  .text               ro code  0x0804befc      0x4  startup_stm32f40_41xxx.o [1]
  .text               ro code  0x0804bf00      0x4  startup_stm32f40_41xxx.o [1]
  .text               ro code  0x0804bf04      0x4  startup_stm32f40_41xxx.o [1]
  .text               ro code  0x0804bf08      0x4  startup_stm32f40_41xxx.o [1]
  .text               ro code  0x0804bf0c      0x4  startup_stm32f40_41xxx.o [1]
  .text               ro code  0x0804bf10      0x4  startup_stm32f40_41xxx.o [1]
  .text               ro code  0x0804bf14      0x4  startup_stm32f40_41xxx.o [1]
  .text               ro code  0x0804bf18      0x4  startup_stm32f40_41xxx.o [1]
  .text               ro code  0x0804bf1c      0x4  startup_stm32f40_41xxx.o [1]
  .text               ro code  0x0804bf20      0x4  startup_stm32f40_41xxx.o [1]
  .text               ro code  0x0804bf24      0x4  startup_stm32f40_41xxx.o [1]
  .text               ro code  0x0804bf28      0x4  startup_stm32f40_41xxx.o [1]
  .text               ro code  0x0804bf2c      0x4  startup_stm32f40_41xxx.o [1]
  .text               ro code  0x0804bf30      0x4  startup_stm32f40_41xxx.o [1]
  .text               ro code  0x0804bf34      0x4  startup_stm32f40_41xxx.o [1]
  .text               ro code  0x0804bf38      0x4  startup_stm32f40_41xxx.o [1]
  .text               ro code  0x0804bf3c      0x4  startup_stm32f40_41xxx.o [1]
  .text               ro code  0x0804bf40      0x4  startup_stm32f40_41xxx.o [1]
  .text               ro code  0x0804bf44      0x4  startup_stm32f40_41xxx.o [1]
  .text               ro code  0x0804bf48      0x4  startup_stm32f40_41xxx.o [1]
  .text               ro code  0x0804bf4c      0x4  startup_stm32f40_41xxx.o [1]
  .text               ro code  0x0804bf50      0x4  startup_stm32f40_41xxx.o [1]
  .text               ro code  0x0804bf54      0x4  startup_stm32f40_41xxx.o [1]
  .text               ro code  0x0804bf58      0x4  startup_stm32f40_41xxx.o [1]
  .text               ro code  0x0804bf5c      0x4  startup_stm32f40_41xxx.o [1]
  .text               ro code  0x0804bf60      0x4  startup_stm32f40_41xxx.o [1]
  .text               ro code  0x0804bf64      0x4  startup_stm32f40_41xxx.o [1]
  .text               ro code  0x0804bf68      0x4  startup_stm32f40_41xxx.o [1]
  .text               ro code  0x0804bf6c      0x4  startup_stm32f40_41xxx.o [1]
  .text               ro code  0x0804bf70      0x4  startup_stm32f40_41xxx.o [1]
  .text               ro code  0x0804bf74      0x4  startup_stm32f40_41xxx.o [1]
  .text               ro code  0x0804bf78      0x4  startup_stm32f40_41xxx.o [1]
  .text               ro code  0x0804bf7c      0x4  startup_stm32f40_41xxx.o [1]
  .text               ro code  0x0804bf80      0x4  startup_stm32f40_41xxx.o [1]
  .text               ro code  0x0804bf84      0x4  startup_stm32f40_41xxx.o [1]
  .text               ro code  0x0804bf88      0x4  startup_stm32f40_41xxx.o [1]
  .text               ro code  0x0804bf8c      0x4  startup_stm32f40_41xxx.o [1]
  .text               ro code  0x0804bf90      0x4  startup_stm32f40_41xxx.o [1]
  .text               ro code  0x0804bf94      0x4  startup_stm32f40_41xxx.o [1]
  .text               ro code  0x0804bf98      0x4  startup_stm32f40_41xxx.o [1]
  .text               ro code  0x0804bf9c      0x4  startup_stm32f40_41xxx.o [1]
  .text               ro code  0x0804bfa0      0x4  startup_stm32f40_41xxx.o [1]
  .text               ro code  0x0804bfa4      0x4  startup_stm32f40_41xxx.o [1]
  .text               ro code  0x0804bfa8      0x4  startup_stm32f40_41xxx.o [1]
  .text               ro code  0x0804bfac      0x4  startup_stm32f40_41xxx.o [1]
  .text               ro code  0x0804bfb0      0x4  startup_stm32f40_41xxx.o [1]
  .text               ro code  0x0804bfb4      0x4  startup_stm32f40_41xxx.o [1]
  .rodata             const    0x0804bfb8      0x0  zero_init3.o [5]
  .rodata             const    0x0804bfb8      0x0  packbits_init.o [5]
  Initializer bytes   const    0x0804bfb8    0x126  <for P2 s0>
                             - 0x0804c0de  0x4bf56

"P2":                                      0x1ff60
  P2 s0                        0x20000000    0x2be  <Init block>
    __DLIB_PERTHREAD  inited   0x20000000     0x8c  rand.o [3]
    __DLIB_PERTHREAD  inited   0x2000008c     0x88  localeconv.o [3]
    __DLIB_PERTHREAD  inited   0x20000114     0x74  setlocale.o [3]
    .data             inited   0x20000188     0x50  demo_fatfs.o [1]
    .data             inited   0x200001d8     0x48  usbh_usr.o [1]
    .data             inited   0x20000220     0x40  xfiles.o [3]
    .data             inited   0x20000260     0x1c  malloc.o [1]
    .data             inited   0x2000027c     0x10  stm32f4xx_rcc.o [1]
    .data             inited   0x2000028c     0x10  usbh_msc_core.o [1]
    .data             inited   0x2000029c      0xc  usbh_core.o [1]
    .data             inited   0x200002a8      0x4  port.o [1]
    .data             inited   0x200002ac      0x4  system_stm32f4xx.o [1]
    .data             inited   0x200002b0      0x4  usbh_core.o [1]
    __DLIB_PERTHREAD  inited   0x200002b4      0x4  errno.o [3]
    .data             inited   0x200002b8      0x2  bsp_w25qxx.o [1]
    .data             inited   0x200002ba      0x1  apptask.o [1]
    .data             inited   0x200002bb      0x1  encoder_tim.o [1]
    .data             inited   0x200002bc      0x1  page_weimi.o [1]
    .data             inited   0x200002bd      0x1  usbh_msc_scsi.o [1]
  .bss                zero     0x200002c0  0x10c00  heap_4.o [1]
  .bss                zero     0x20010ec0   0xa000  malloc.o [1]
  .bss                zero     0x2001aec0   0x1000  bsp_w25qxx.o [1]
  .bss                zero     0x2001bec0    0xa00  malloc.o [1]
  .bss                zero     0x2001c8c0    0x5ac  usbh_usr.o [1]
  .bss                zero     0x2001ce6c    0x5ac  usbh_usr.o [1]
  .bss                zero     0x2001d418    0x3e8  bsp_uart_fifo.o [1]
  .bss                zero     0x2001d800    0x3e8  esp8266_handler.o [1]
  .bss                zero     0x2001dbe8    0x3e8  esp8266_handler.o [1]
  .bss                zero     0x2001dfd0    0x3e8  pub0sub1.o [1]
  .bss                zero     0x2001e3b8    0x200  ff.o [1]
  .bss                zero     0x2001e5b8    0x200  usbh_msc_scsi.o [1]
  .bss                zero     0x2001e7b8    0x200  usbh_stdreq.o [1]
  .bss                zero     0x2001e9b8    0x168  tasks.o [1]
  .bss                zero     0x2001eb20    0x12c  page_weimi.o [1]
  .bss                zero     0x2001ec4c    0x11c  protocol.o [1]
  .bss                zero     0x2001ed68     0xd4  protocol.o [1]
  .bss                zero     0x2001ee3c     0xd0  protocol.o [1]
  .bss                zero     0x2001ef0c     0xb0  para.o [1]
  .bss                zero     0x2001efbc     0x94  usbh_usr.o [1]
  .bss                zero     0x2001f050     0x68  esp8266_handler.o [1]
  .bss                zero     0x2001f0b8     0x64  bsp_uart_fifo.o [1]
  .bss                zero     0x2001f11c     0x64  bsp_uart_fifo.o [1]
  .bss                zero     0x2001f180     0x58  bsp_sdio_sd.o [1]
  .bss                zero     0x2001f1d8     0x50  xfiles.o [3]
  .bss                zero     0x2001f228     0x4c  usbh_msc_core.o [1]
  .bss                zero     0x2001f274     0x40  page_weimi.o [1]
  .bss                zero     0x2001f2b4     0x40  pub0sub1.o [1]
  .bss                zero     0x2001f2f4     0x34  bsp_sdwe050c17.o [1]
  .bss                zero     0x2001f328     0x30  product_cal.o [1]
  .bss                zero     0x2001f358     0x28  product_cal.o [1]
  .bss                zero     0x2001f380     0x24  ff.o [1]
  .bss                zero     0x2001f3a4     0x20  pub0sub1.o [1]
  .bss                zero     0x2001f3c4     0x20  usbh_msc_bot.o [1]
  .bss                zero     0x2001f3e4     0x1c  encoder_tim.o [1]
  .bss                zero     0x2001f400     0x18  bsp_sdio_sd.o [1]
  .bss                zero     0x2001f418     0x18  bsp_sdio_sd.o [1]
  .bss                zero     0x2001f430     0x14  bsp_sdio_sd.o [1]
  .bss                zero     0x2001f444     0x14  rc522.o [1]
  .bss                zero     0x2001f458     0x14  tasks.o [1]
  .bss                zero     0x2001f46c     0x14  tasks.o [1]
  .bss                zero     0x2001f480     0x14  tasks.o [1]
  .bss                zero     0x2001f494     0x14  tasks.o [1]
  .bss                zero     0x2001f4a8     0x14  tasks.o [1]
  .bss                zero     0x2001f4bc     0x14  timers.o [1]
  .bss                zero     0x2001f4d0     0x14  timers.o [1]
  .bss                zero     0x2001f4e4     0x10  bsp_key.o [1]
  .bss                zero     0x2001f4f4     0x10  bsp_key.o [1]
  .bss                zero     0x2001f504     0x10  bsp_sdio_sd.o [1]
  .bss                zero     0x2001f514     0x10  bsp_sdio_sd.o [1]
  .bss                zero     0x2001f524     0x10  usbh_msc_bot.o [1]
  .bss                zero     0x2001f534     0x10  usbh_msc_bot.o [1]
  .bss                zero     0x2001f544     0x10  usbh_msc_scsi.o [1]
  .bss                zero     0x2001f554      0xc  apptask.o [1]
  .bss                zero     0x2001f560      0xc  apptask.o [1]
  .bss                zero     0x2001f56c      0xc  apptask.o [1]
  .bss                zero     0x2001f578      0xc  apptask.o [1]
  .bss                zero     0x2001f584      0xc  ff.o [1]
  .bss                zero     0x2001f590      0xc  protocol.o [1]
  .bss                zero     0x2001f59c      0xc  protocol.o [1]
  .bss                zero     0x2001f5a8      0xc  protocol.o [1]
  .bss                zero     0x2001f5b4      0xc  pub0sub1.o [1]
  .bss                zero     0x2001f5c0      0x8  heap_4.o [1]
  .bss                zero     0x2001f5c8      0x8  modbus.o [1]
  .bss                zero     0x2001f5d0      0x8  protocol.o [1]
  .bss                zero     0x2001f5d8      0x8  pub0sub1.o [1]
  .bss                zero     0x2001f5e0      0x4  apptask.o [1]
  .bss                zero     0x2001f5e4      0x4  apptask.o [1]
  .bss                zero     0x2001f5e8      0x4  apptask.o [1]
  .bss                zero     0x2001f5ec      0x4  apptask.o [1]
  .bss                zero     0x2001f5f0      0x4  apptask.o [1]
  .bss                zero     0x2001f5f4      0x4  apptask.o [1]
  .bss                zero     0x2001f5f8      0x4  apptask.o [1]
  .bss                zero     0x2001f5fc      0x4  apptask.o [1]
  .bss                zero     0x2001f600      0x4  apptask.o [1]
  .bss                zero     0x2001f604      0x4  apptask.o [1]
  .bss                zero     0x2001f608      0x4  apptask.o [1]
  .bss                zero     0x2001f60c      0x4  apptask.o [1]
  .bss                zero     0x2001f610      0x4  apptask.o [1]
  .bss                zero     0x2001f614      0x4  apptask.o [1]
  .bss                zero     0x2001f618      0x4  apptask.o [1]
  .bss                zero     0x2001f61c      0x4  apptask.o [1]
  .bss                zero     0x2001f620      0x4  apptask.o [1]
  .bss                zero     0x2001f624      0x4  apptask.o [1]
  .bss                zero     0x2001f628      0x4  apptask.o [1]
  .bss                zero     0x2001f62c      0x4  apptask.o [1]
  .bss                zero     0x2001f630      0x4  apptask.o [1]
  .bss                zero     0x2001f634      0x4  apptask.o [1]
  .bss                zero     0x2001f638      0x4  apptask.o [1]
  .bss                zero     0x2001f63c      0x4  apptask.o [1]
  .bss                zero     0x2001f640      0x4  apptask.o [1]
  .bss                zero     0x2001f644      0x4  apptask.o [1]
  .bss                zero     0x2001f648      0x4  apptask.o [1]
  .bss                zero     0x2001f64c      0x4  apptask.o [1]
  .bss                zero     0x2001f650      0x4  bsp_sdio_sd.o [1]
  .bss                zero     0x2001f654      0x4  bsp_sdio_sd.o [1]
  .bss                zero     0x2001f658      0x4  bsp_sdio_sd.o [1]
  .bss                zero     0x2001f65c      0x4  bsp_sdio_sd.o [1]
  .bss                zero     0x2001f660      0x4  bsp_sdio_sd.o [1]
  .bss                zero     0x2001f664      0x4  bsp_timer.o [1]
  .bss                zero     0x2001f668      0x4  bsp_timer.o [1]
  .bss                zero     0x2001f66c      0x4  bsp_timer.o [1]
  .bss                zero     0x2001f670      0x4  bsp_timer.o [1]
  .bss                zero     0x2001f674      0x4  esp8266_handler.o [1]
  .bss                zero     0x2001f678      0x4  esp8266_handler.o [1]
  .bss                zero     0x2001f67c      0x4  esp8266_handler.o [1]
  .bss                zero     0x2001f680      0x4  heap_4.o [1]
  .bss                zero     0x2001f684      0x4  heap_4.o [1]
  .bss                zero     0x2001f688      0x4  heap_4.o [1]
  .bss                zero     0x2001f68c      0x4  heap_4.o [1]
  .bss                zero     0x2001f690      0x4  MQTTPacket.o [1]
  .bss                zero     0x2001f694      0x4  page_weimi.o [1]
  .bss                zero     0x2001f698      0x4  page_weimi.o [1]
  .bss                zero     0x2001f69c      0x4  port.o [1]
  .bss                zero     0x2001f6a0      0x4  product_cal.o [1]
  .bss                zero     0x2001f6a4      0x4  product_cal.o [1]
  .bss                zero     0x2001f6a8      0x4  pub0sub1.o [1]
  .bss                zero     0x2001f6ac      0x4  SysInfoTest.o [1]
  .bss                zero     0x2001f6b0      0x4  tasks.o [1]
  .bss                zero     0x2001f6b4      0x4  tasks.o [1]
  .bss                zero     0x2001f6b8      0x4  tasks.o [1]
  .bss                zero     0x2001f6bc      0x4  tasks.o [1]
  .bss                zero     0x2001f6c0      0x4  tasks.o [1]
  .bss                zero     0x2001f6c4      0x4  tasks.o [1]
  .bss                zero     0x2001f6c8      0x4  tasks.o [1]
  .bss                zero     0x2001f6cc      0x4  tasks.o [1]
  .bss                zero     0x2001f6d0      0x4  tasks.o [1]
  .bss                zero     0x2001f6d4      0x4  tasks.o [1]
  .bss                zero     0x2001f6d8      0x4  tasks.o [1]
  .bss                zero     0x2001f6dc      0x4  tasks.o [1]
  .bss                zero     0x2001f6e0      0x4  tasks.o [1]
  .bss                zero     0x2001f6e4      0x4  tasks.o [1]
  .bss                zero     0x2001f6e8      0x4  tasks.o [1]
  .bss                zero     0x2001f6ec      0x4  tasks.o [1]
  .bss                zero     0x2001f6f0      0x4  timer_platform.o [1]
  .bss                zero     0x2001f6f4      0x4  timers.o [1]
  .bss                zero     0x2001f6f8      0x4  timers.o [1]
  .bss                zero     0x2001f6fc      0x4  timers.o [1]
  .bss                zero     0x2001f700      0x4  timers.o [1]
  .bss                zero     0x2001f704      0x4  usbh_msc_bot.o [1]
  .bss                zero     0x2001f708      0x4  usbh_msc_bot.o [1]
  .bss                zero     0x2001f70c      0x4  usbh_msc_bot.o [1]
  .bss                zero     0x2001f710      0x4  usbh_msc_bot.o [1]
  .bss                zero     0x2001f714      0x2  apptask.o [1]
  .bss                zero     0x2001f716      0x2  apptask.o [1]
  .bss                zero     0x2001f718      0x2  apptask.o [1]
  .bss                zero     0x2001f71a      0x2  apptask.o [1]
  .bss                zero     0x2001f71c      0x2  apptask.o [1]
  .bss                zero     0x2001f71e      0x2  apptask.o [1]
  .bss                zero     0x2001f720      0x2  apptask.o [1]
  .bss                zero     0x2001f722      0x2  apptask.o [1]
  .bss                zero     0x2001f724      0x2  bsp_sdwe050c17.o [1]
  .bss                zero     0x2001f726      0x2  encoder_tim.o [1]
  .bss                zero     0x2001f728      0x2  encoder_tim.o [1]
  .bss                zero     0x2001f72a      0x2  ff.o [1]
  .bss                zero     0x2001f72c      0x2  page_weimi.o [1]
  .bss                zero     0x2001f72e      0x2  page_weimi.o [1]
  .bss                zero     0x2001f730      0x2  product_cal.o [1]
  .bss                zero     0x2001f732      0x2  usbh_core.o [1]
  .bss                zero     0x2001f734      0x2  usbh_stdreq.o [1]
  .bss                zero     0x2001f736      0x1  apptask.o [1]
  .bss                zero     0x2001f737      0x1  apptask.o [1]
  .bss                zero     0x2001f738      0x1  apptask.o [1]
  .bss                zero     0x2001f739      0x1  apptask.o [1]
  .bss                zero     0x2001f73a      0x1  apptask.o [1]
  .bss                zero     0x2001f73b      0x1  apptask.o [1]
  .bss                zero     0x2001f73c      0x1  apptask.o [1]
  .bss                zero     0x2001f73d      0x1  apptask.o [1]
  .bss                zero     0x2001f73e      0x1  apptask.o [1]
  .bss                zero     0x2001f73f      0x1  apptask.o [1]
  .bss                zero     0x2001f740      0x1  apptask.o [1]
  .bss                zero     0x2001f741      0x1  apptask.o [1]
  .bss                zero     0x2001f742      0x1  apptask.o [1]
  .bss                zero     0x2001f743      0x1  apptask.o [1]
  .bss                zero     0x2001f744      0x1  bsp_sdio_sd.o [1]
  .bss                zero     0x2001f745      0x1  bsp_sdwe050c17.o [1]
  .bss                zero     0x2001f746      0x1  bsp_uart_fifo.o [1]
  .bss                zero     0x2001f747      0x1  esp8266_handler.o [1]
  .bss                zero     0x2001f748      0x1  esp8266_handler.o [1]
  .bss                zero     0x2001f749      0x1  esp8266_handler.o [1]
  .bss                zero     0x2001f74a      0x1  page_weimi.o [1]
  .bss                zero     0x2001f74b      0x1  page_weimi.o [1]
  .bss                zero     0x2001f74c      0x1  page_weimi.o [1]
  .bss                zero     0x2001f74d      0x1  page_weimi.o [1]
  .bss                zero     0x2001f74e      0x1  page_weimi.o [1]
  .bss                zero     0x2001f74f      0x1  port.o [1]
  .bss                zero     0x2001f750      0x1  product_cal.o [1]
  .bss                zero     0x2001f751      0x1  product_cal.o [1]
  .bss                zero     0x2001f752      0x1  protocol.o [1]
  .bss                zero     0x2001f753      0x1  pub0sub1.o [1]
  .bss                zero     0x2001f754      0x1  pub0sub1.o [1]
  .bss                zero     0x2001f755      0x1  rc522.o [1]
  .bss                zero     0x2001f756      0x1  rc522.o [1]
  .bss                zero     0x2001f757      0x1  usbh_msc_bot.o [1]
  .bss                zero     0x2001f758      0x1  usbh_msc_core.o [1]
  .bss                zero     0x2001f759      0x1  usbh_msc_core.o [1]
  .bss                zero     0x2001f75a      0x1  usbh_stdreq.o [1]
  .bss                zero     0x2001f75b      0x1  usbh_usr.o [1]
  CSTACK                       0x2001f760    0x800  <Block>
    CSTACK            uninit   0x2001f760    0x800  <Block tail>
                             - 0x2001ff60  0x1ff60

Absolute sections:                         0xff000
  .bss                zero     0x68000000  0xf0000  malloc.o [1]
  .bss                zero     0x680f0000   0xf000  malloc.o [1]
                             - 0x680ff000  0xff000


*******************************************************************************
*** INIT TABLE
***

          Address     Size
          -------     ----
Zero (__iar_zero_init3)
    2 destination ranges, total size 0x11e49c:
          0x200002c0  0x1f49c
          0x68000000  0xff000

Copy/packbits (__iar_packbits_init3)
    1 source range, total size 0x126 (41% of destination):
          0x0804bfb8    0x126
    1 destination range, total size 0x2be:
          0x20000000    0x2be



*******************************************************************************
*** MODULE SUMMARY
***

    Module                    ro code  ro data  rw data    rw data
                                                            (abs)
    ------                    -------  -------  -------    -------
F:\work\YarnControl_Driver\src\stm32f4_rtos\Project\EWARMv7\Flash\Obj: [1]
    MQTTConnectClient.o           774       36
    MQTTDeserializePublish.o      188        4
    MQTTPacket.o                  656        4        4
    MQTTSerializePublish.o        236        4
    MQTTSubscribeClient.o         400        8
    SysInfoTest.o                  44                 4
    apptask.o                  31 776    3 536      191
    bkp_pwr.o                     392
    bsp.o                          92
    bsp_closeSW.o                 220
    bsp_dac.o                     200
    bsp_dwt.o                     116
    bsp_key.o                     538                32
    bsp_led.o                     192
    bsp_relay.o                    68
    bsp_sdio_sd.o               6 744               209
    bsp_sdwe050c17.o            5 708       36       55
    bsp_servomotor.o              644
    bsp_spi.o                     292
    bsp_stepmotor.o             1 276
    bsp_sw_onoff.o                 68
    bsp_timer.o                   516                16
    bsp_uart_fifo.o             2 724             1 201
    bsp_w25qxx.o                  896        9    4 098
    bsp_watchdog.o                  8
    cc936.o                       244  176 320
    demo_fatfs.o                           725       80
    des.o                       1 274      844
    diskio.o                      740
    encoder_tim.o                 704        1       33
    esp8266_handler.o           1 044      324    2 119
    esp8266_init.o                124
    event_groups.o                610
    ff.o                        9 368       36      562
    heap_4.o                      640        4   68 632
    iic_smec98sp.o                910
    list.o                        152
    main.o                         48       32
    malloc.o                      540       36   43 548  1 044 480
    mcheck.o                      184      768
    misc.o                        136
    modbus.o                      880                 8
    page_weimi.o                1 580       12      382
    para.o                      5 490      284      176
    port.o                        588        6        9
    portasm.o                     168
    product_cal.o               1 712      400      100
    protocol.o                    156               749
    pub0sub1.o                  1 076      472    1 122
    queue.o                     1 992
    rc522.o                       238                22
    smec98sp.o                  1 198      256
    startup_stm32f40_41xxx.o      680
    stm32f4xx_adc.o               438
    stm32f4xx_dac.o               124
    stm32f4xx_dma.o               796
    stm32f4xx_exti.o              192
    stm32f4xx_gpio.o              300
    stm32f4xx_it.o                 56       44
    stm32f4xx_iwdg.o               16
    stm32f4xx_pwr.o                12
    stm32f4xx_rcc.o               488        7       16
    stm32f4xx_rtc.o                60
    stm32f4xx_sdio.o              380
    stm32f4xx_spi.o               116
    stm32f4xx_syscfg.o             84
    stm32f4xx_tim.o             1 782
    stm32f4xx_usart.o             596
    system_stm32f4xx.o            340        2        4
    tasks.o                     3 296        8      524
    timer_platform.o               64                 4
    timers.o                    1 188        8       56
    transport.o                   108
    usb_bsp.o                     332
    usb_core.o                  2 640
    usb_hcd.o                     214
    usb_hcd_int.o               3 198
    usbh_core.o                 1 888        6       18
    usbh_hcs.o                    442
    usbh_ioreq.o                  582
    usbh_it.o                      16
    usbh_msc_bot.o              1 364                81
    usbh_msc_core.o             1 000        6       94
    usbh_msc_scsi.o             1 560        1      529
    usbh_stdreq.o               1 078               515
    usbh_usr.o                    418      586    3 125
    --------------------------------------------------------------
    Total:                    112 412  184 825  128 318  1 044 480

command line: [2]
    --------------------------------------------------------------
    Total:

dl7M_tlf.a: [3]
    abort.o                         6
    div.o                          14
    errno.o                        12        2        4
    exit.o                          4
    isxxx.o                        40
    localeconv.o                  108       57      136
    printf.o                       36
    putchar.o                      12
    rand.o                        224       58      140
    setlocale.o                    24       49      116
    snprintf.o                     68
    sprintf.o                      52
    srand.o                        32
    sscanf.o                       36
    strcat.o                       28
    strstr.o                       44
    tolower.o                      20
    xfiles.o                                27      144
    xlocale_c.o                    54
    xprintffull_nomb.o          3 478
    xprout.o                       22
    xscanffull_nomb.o           2 916
    xsnprout.o                     26
    xsprout.o                      10
    xsscin.o                       30
    xstoflt.o                     440
    xstoll.o                      164
    xstopfx.o                     292
    xstoull.o                     432
    xstoxflt.o                    536
    xtls.o                          2
    --------------------------------------------------------------
    Total:                      9 162      193      540

m7M_tls.a: [4]
    DblAdd.o                      232
    DblCmpEq.o                     32
    DblCmpGe.o                     46
    DblCmpLe.o                     46
    DblDiv.o                      598
    DblMul.o                      418
    DblSub.o                      384
    DblToFlt.o                    144
    DblToI32.o                     88
    FltToDbl.o                     78
    I32ToDbl.o                     48
    fpinit_M.o                     34
    xdnorm.o                       66
    xdscale.o                     276
    xdtento.o                     512
    xdunscal.o                     82
    xstold.o                      360
    --------------------------------------------------------------
    Total:                      3 444

rt7M_tl.a: [5]
    ABImemclr4.o                    6
    ABImemcpy_unaligned.o         118
    ABImemset.o                   102
    ABImemset48.o                  50
    I64DivMod.o                   306
    I64DivZer.o                     2
    cexit.o                        10
    cmain.o                        26
    cstartup_M.o                   12
    data_init.o                    40
    memchr.o                       88
    memcmp_unaligned.o             98
    packbits_init.o               208
    strchr.o                       22
    strcmp_unaligned.o             66
    strcpy_unaligned.o             68
    strlen.o                       54
    zero_init3.o                   64
    --------------------------------------------------------------
    Total:                      1 340

shb_l.a: [6]
    exit.o                         20
    --------------------------------------------------------------
    Total:                         20

    Gaps                           66        4        2
    Linker created                          52    2 048
------------------------------------------------------------------
    Grand Total:              126 444  185 074  130 908  1 044 480


*******************************************************************************
*** ENTRY LIST
***

Entry                      Address     Size  Type      Object
-----                      -------     ----  ----      ------
.iar.init_table$$Base   0x0804ad8c            --   Gb  - Linker created -
.iar.init_table$$Limit  0x0804adc0            --   Gb  - Linker created -
?main                   0x0804b201           Code  Gb  cmain.o [5]
ADC_Cmd                 0x0804876b     0x1a  Code  Gb  stm32f4xx_adc.o [1]
ADC_CommonInit          0x08048749     0x22  Code  Gb  stm32f4xx_adc.o [1]
ADC_GetFlagStatus       0x08048895     0x1a  Code  Gb  stm32f4xx_adc.o [1]
ADC_Init                0x080486f9     0x50  Code  Gb  stm32f4xx_adc.o [1]
ADC_RegularChannelConfig
                        0x08048785     0xf6  Code  Gb  stm32f4xx_adc.o [1]
ADC_SoftwareStartConv   0x0804887b      0xa  Code  Gb  stm32f4xx_adc.o [1]
APBAHBPrescTable        0x2000027c     0x10  Data  Lc  stm32f4xx_rcc.o [1]
AppObjCreate            0x08031da5    0x190  Code  Gb  apptask.o [1]
AppTaskCreate           0x08031b61    0x232  Code  Gb  apptask.o [1]
BOTStallErrorCount      0x2001f704      0x4  Data  Lc  usbh_msc_bot.o [1]
BusFault_Handler        0x0804a84f      0x2  Code  Gb  stm32f4xx_it.o [1]
CID_Tab                 0x2001f514     0x10  Data  Lc  bsp_sdio_sd.o [1]
CLIENT_ID               0x2001f3a4     0x20  Data  Gb  pub0sub1.o [1]
CRC16HiTable            0x0804a1c4    0x100  Data  Gb  mcheck.o [1]
CRC16LoTable            0x0804a2c4    0x100  Data  Gb  mcheck.o [1]
CRC8Table               0x0804a3c4    0x100  Data  Gb  mcheck.o [1]
CSD_Tab                 0x2001f504     0x10  Data  Lc  bsp_sdio_sd.o [1]
CSTACK$$Base            0x2001f760            --   Gb  - Linker created -
CSTACK$$Limit           0x2001ff60            --   Gb  - Linker created -
CardType                0x2001f650      0x4  Data  Lc  bsp_sdio_sd.o [1]
ChannengMQTTPackage     0x080349cd     0x7e  Code  Gb  product_cal.o [1]
CmdError                0x08044f01     0x38  Code  Lc  bsp_sdio_sd.o [1]
CmdResp1Error           0x08044fa5    0x112  Code  Lc  bsp_sdio_sd.o [1]
CmdResp2Error           0x080450f5     0x52  Code  Lc  bsp_sdio_sd.o [1]
CmdResp3Error           0x080450b7     0x3e  Code  Lc  bsp_sdio_sd.o [1]
CmdResp6Error           0x08045147     0xa6  Code  Lc  bsp_sdio_sd.o [1]
CmdResp7Error           0x08044f39     0x58  Code  Lc  bsp_sdio_sd.o [1]
ConfigExitNVIC          0x0803bd8b     0x22  Code  Gb  bsp_closeSW.o [1]
ConfigUartNVIC          0x0803de93     0x7c  Code  Lc  bsp_uart_fifo.o [1]
ConnectTcp              0x0803c797     0x48  Code  Gb  esp8266_handler.o [1]
DAC_Cmd                 0x0804045b     0x26  Code  Gb  stm32f4xx_dac.o [1]
DAC_Init                0x08040429     0x32  Code  Gb  stm32f4xx_dac.o [1]
DAC_SetChannel1Data     0x08040481     0x1e  Code  Gb  stm32f4xx_dac.o [1]
DMA1_Stream0_IRQHandler
                        0x08038905     0x1c  Code  Gb  bsp_servomotor.o [1]
DMA1_Stream3_IRQHandler
                        0x08038921     0x1c  Code  Gb  bsp_servomotor.o [1]
DMA2_Stream3_IRQHandler
                        0x080457e9      0x8  Code  Gb  bsp_sdio_sd.o [1]
DMAEndOfTransfer        0x2001f660      0x4  Data  Gb  bsp_sdio_sd.o [1]
DMA_ClearFlag           0x08040687     0x24  Code  Gb  stm32f4xx_dma.o [1]
DMA_Cmd                 0x0804063d     0x1a  Code  Gb  stm32f4xx_dma.o [1]
DMA_DeInit              0x080404a5    0x140  Code  Gb  stm32f4xx_dma.o [1]
DMA_FlowControllerConfig
                        0x08040657     0x18  Code  Gb  stm32f4xx_dma.o [1]
DMA_GetCmdStatus        0x0804066f     0x18  Code  Gb  stm32f4xx_dma.o [1]
DMA_GetITStatus         0x080406ed     0x62  Code  Gb  stm32f4xx_dma.o [1]
DMA_ITConfig            0x080406ab     0x42  Code  Gb  stm32f4xx_dma.o [1]
DMA_Init                0x080405e5     0x58  Code  Gb  stm32f4xx_dma.o [1]
Dac1_Init               0x08037fad     0x5a  Code  Gb  bsp_dac.o [1]
Dac1_Set_Vol            0x08038009     0x58  Code  Gb  bsp_dac.o [1]
DebugMon_Handler        0x0804a853      0x2  Code  Gb  stm32f4xx_it.o [1]
DesE                    0x0804a918     0x30  Data  Gb  des.o [1]
DesIp                   0x0804a6ec     0x40  Data  Gb  des.o [1]
DesIp_1                 0x0804a72c     0x40  Data  Gb  des.o [1]
DesP                    0x0804ae80     0x20  Data  Gb  des.o [1]
DesPc_1                 0x0804a7e4     0x38  Data  Gb  des.o [1]
DesPc_2                 0x0804a948     0x30  Data  Gb  des.o [1]
DesRots                 0x0804b634     0x14  Data  Gb  des.o [1]
DesS                    0x08049ce0    0x200  Data  Gb  des.o [1]
DiskFile_init           0x0803bc6d     0x40  Code  Gb  protocol.o [1]
Disk_File               0x2001ed68     0xd4  Data  Gb  protocol.o [1]
ENC_Calc_Average_Speed  0x08037ee5     0x4c  Code  Gb  encoder_tim.o [1]
ENC_Calc_Rot_Speed      0x08037dfb     0xea  Code  Gb  encoder_tim.o [1]
ENC_Clear_Speed_Buffer  0x08037ddf     0x1c  Code  Gb  encoder_tim.o [1]
ENC_Init                0x08037ced     0xf2  Code  Gb  encoder_tim.o [1]
ESP8266_Enable_MultipleId
                        0x0803c6c3     0x40  Code  Gb  esp8266_handler.o [1]
ESP8266_JoinAP          0x0803c75f     0x38  Code  Gb  esp8266_handler.o [1]
ESP8266_Net_Mode_Choose
                        0x0803c703     0x5c  Code  Gb  esp8266_handler.o [1]
EXTI9_5_IRQHandler      0x0803bdad     0x3c  Code  Gb  bsp_closeSW.o [1]
EXTI_ClearITPendingBit  0x080417cb      0x6  Code  Gb  stm32f4xx_exti.o [1]
EXTI_GetITStatus        0x080417b1     0x1a  Code  Gb  stm32f4xx_exti.o [1]
EXTI_Init               0x08041729     0x88  Code  Gb  stm32f4xx_exti.o [1]
Esp8266_GetTcpStatus    0x0803ca05     0x12  Code  Gb  esp8266_handler.o [1]
Esp8266_Tcp_Send        0x0803c9bf     0x46  Code  Gb  esp8266_handler.o [1]
FR_Table                0x20000188     0x50  Data  Gb  demo_fatfs.o [1]
FatFs                   0x2001f584      0xc  Data  Lc  ff.o [1]
Files                   0x2001f380     0x24  Data  Lc  ff.o [1]
FindSCR                 0x08045395    0x206  Code  Lc  bsp_sdio_sd.o [1]
Fsid                    0x2001f72a      0x2  Data  Lc  ff.o [1]
GPIO_Init               0x08037bc1     0xaa  Code  Gb  stm32f4xx_gpio.o [1]
GPIO_PinAFConfig        0x08037c93     0x5a  Code  Gb  stm32f4xx_gpio.o [1]
GPIO_ReadInputDataBit   0x08037c6b     0x1a  Code  Gb  stm32f4xx_gpio.o [1]
GPIO_WriteBit           0x08037c85      0xe  Code  Gb  stm32f4xx_gpio.o [1]
GetStm32Uid             0x08048329     0x62  Code  Gb  smec98sp.o [1]
Get_Adc_RandomSeek      0x08048249     0x4e  Code  Gb  smec98sp.o [1]
HCD_GetCurrentFrame     0x0804099d      0x8  Code  Gb  usb_hcd.o [1]
HCD_GetCurrentSpeed     0x0804097f     0x10  Code  Gb  usb_hcd.o [1]
HCD_GetURB_State        0x080409a5      0xa  Code  Gb  usb_hcd.o [1]
HCD_GetXferCnt          0x080409af      0xc  Code  Gb  usb_hcd.o [1]
HCD_Init                0x0804090d     0x72  Code  Gb  usb_hcd.o [1]
[...]
mem_cpy                 0x08039265     0x1c  Code  Lc  ff.o [1]
mem_set                 0x08039281     0x16  Code  Lc  ff.o [1]
memblksize              0x0804bd90      0x8  Data  Gb  malloc.o [1]
memchr                  0x080430b9           Code  Gb  memchr.o [5]
memsize                 0x0804bd98      0x8  Data  Gb  malloc.o [1]
memtblsize              0x0804bd88      0x8  Data  Gb  malloc.o [1]
modbus_send_frame       0x0803bb65     0xfe  Code  Gb  modbus.o [1]
move_window             0x08039559     0x40  Code  Lc  ff.o [1]
movram                  0x08047d4d     0x1e  Code  Gb  des.o [1]
mqttSubscribeData       0x2001d800    0x3e8  Data  Gb  esp8266_handler.o [1]
mqtt_status             0x2001f5d8      0x8  Data  Gb  pub0sub1.o [1]
my_mem_free             0x0803745f     0x6c  Code  Gb  malloc.o [1]
my_mem_init             0x08037323     0x42  Code  Gb  malloc.o [1]
my_mem_malloc           0x080373a3     0xbc  Code  Gb  malloc.o [1]
my_mem_perused          0x08037365     0x3e  Code  Gb  malloc.o [1]
myfree                  0x080374cb     0x24  Code  Gb  malloc.o [1]
mymalloc                0x080374ef     0x2a  Code  Gb  malloc.o [1]
mymemset                0x0803730d     0x16  Code  Gb  malloc.o [1]
ndigs                   0x080465e4     0x28  Data  Lc  xstoull.o [3]
netDeviceInfo_t         0x2001f050     0x68  Data  Gb  esp8266_handler.o [1]
net_device_send_cmd     0x0803c675     0x4e  Code  Gb  esp8266_handler.o [1]
obuf                    0x2001f1d8     0x50  Data  Lc  xfiles.o [3]
oem2uni                 0x0801560c  0x15484  Data  Lc  cc936.o [1]
old_card_record         0x2001f73c      0x1  Data  Gb  apptask.o [1]
old_isWork              0x2001f738      0x1  Data  Gb  apptask.o [1]
old_is_stop             0x200002bc      0x1  Data  Gb  page_weimi.o [1]
old_plan_complete       0x2001f751      0x1  Data  Gb  product_cal.o [1]
old_system_state        0x200002ba      0x1  Data  Gb  apptask.o [1]
old_usb_disk_flag       0x2001f73a      0x1  Data  Gb  apptask.o [1]
old_wifi_flag           0x2001f748      0x1  Data  Gb  esp8266_handler.o [1]
para_init               0x0803619d     0xae  Code  Gb  para.o [1]
pcInterruptPriorityRegisters
                        0x0804bea4      0x4  Data  Lc  port.o [1]
peiliao_para            0x2001f328     0x30  Data  Gb  product_cal.o [1]
pick_lfn                0x08039dab     0x8c  Code  Lc  ff.o [1]
plan_complete           0x2001f750      0x1  Data  Gb  product_cal.o [1]
pluse_count             0x2001f716      0x2  Data  Gb  apptask.o [1]
pluse_step_src          0x2001f56c      0xc  Data  Gb  apptask.o [1]
pows                    0x08046de8     0x48  Data  Lc  xdtento.o [4]
printf                  0x0803722d     0x24  Code  Gb  printf.o [3]
product_complete_kilo   0x0803465f     0x62  Code  Gb  product_cal.o [1]
product_complete_meter  0x08034643     0x1c  Code  Gb  product_cal.o [1]
product_para            0x2001f358     0x28  Data  Gb  product_cal.o [1]
product_per_meter       0x080345bd     0x74  Code  Gb  product_cal.o [1]
prvAddCurrentTaskToDelayedList
                        0x08035751     0x48  Code  Lc  tasks.o [1]
prvAllocateTCBAndStack  0x08035799     0x5a  Code  Lc  tasks.o [1]
prvCheckForValidListAndQueue
                        0x0803d76f     0x52  Code  Lc  timers.o [1]
prvCheckTasksWaitingTermination
                        0x080356e7     0x66  Code  Lc  tasks.o [1]
prvCopyDataFromQueue    0x080343a5     0x30  Code  Lc  queue.o [1]
prvCopyDataToQueue      0x08034321     0x84  Code  Lc  queue.o [1]
prvDeleteTCB            0x080357f3     0x12  Code  Lc  tasks.o [1]
prvGetNextExpireTime    0x0803d55b     0x2e  Code  Lc  timers.o [1]
prvHeapInit             0x0803eb61     0x6e  Code  Lc  heap_4.o [1]
prvIdleTask             0x08035601     0x26  Code  Lc  tasks.o [1]
prvInitialiseTCBVariables
                        0x08035627     0x6a  Code  Lc  tasks.o [1]
prvInitialiseTaskLists  0x08035691     0x56  Code  Lc  tasks.o [1]
prvInsertBlockIntoFreeList
                        0x0803ebcf     0x62  Code  Lc  heap_4.o [1]
prvInsertTimerInActiveList
                        0x0803d5b1     0x50  Code  Lc  timers.o [1]
prvIsQueueEmpty         0x0803443f     0x20  Code  Lc  queue.o [1]
prvIsQueueFull          0x0803445f     0x22  Code  Lc  queue.o [1]
prvProcessExpiredTimer  0x0803d473     0x5c  Code  Lc  timers.o [1]
prvProcessReceivedCommands
                        0x0803d601     0xde  Code  Lc  timers.o [1]
prvProcessTimerOrBlockTask
                        0x0803d4eb     0x70  Code  Lc  timers.o [1]
prvResetNextTaskUnblockTime
                        0x08035805     0x26  Code  Lc  tasks.o [1]
prvSampleTimeNow        0x0803d589     0x28  Code  Lc  timers.o [1]
prvSwitchTimerLists     0x0803d6df     0x90  Code  Lc  timers.o [1]
prvTaskExitError        0x0803e711     0x2a  Code  Lc  port.o [1]
prvTestWaitCondition    0x0803d317     0x24  Code  Lc  event_groups.o [1]
prvTimerTask            0x0803d4d1     0x1a  Code  Lc  timers.o [1]
prvUnlockQueue          0x080343d5     0x6a  Code  Lc  queue.o [1]
pub_topicString         0x2001f5b4      0xc  Data  Gb  pub0sub1.o [1]
put_fat                 0x080397a7    0x16c  Code  Gb  ff.o [1]
putchar                 0x0804b4fd      0xc  Code  Gb  putchar.o [3]
pvPortMalloc            0x0803e9d1    0x118  Code  Gb  heap_4.o [1]
pxCurrentTCB            0x2001f6b0      0x4  Data  Gb  tasks.o [1]
pxCurrentTimerList      0x2001f6f4      0x4  Data  Lc  timers.o [1]
pxDelayedTaskList       0x2001f6b4      0x4  Data  Lc  tasks.o [1]
pxEnd                   0x2001f680      0x4  Data  Lc  heap_4.o [1]
pxOverflowDelayedTaskList
                        0x2001f6b8      0x4  Data  Lc  tasks.o [1]
pxOverflowTimerList     0x2001f6f8      0x4  Data  Lc  timers.o [1]
pxPortInitialiseStack   0x0803e6ed     0x24  Code  Gb  port.o [1]
pxReadyTasksLists       0x2001e9b8    0x168  Data  Lc  tasks.o [1]
rand                    0x08048c61     0xe0  Code  Gb  rand.o [3]
rc522_cmd_anticoll      0x0803b8a1     0x5a  Code  Gb  rc522.o [1]
rc522_cmd_request       0x0803b84d     0x54  Code  Gb  rc522.o [1]
readChar                0x08041caf     0x10  Code  Gb  MQTTPacket.o [1]
readDisk                0x2001f73f      0x1  Data  Gb  apptask.o [1]
readFilenum             0x2001f740      0x1  Data  Gb  apptask.o [1]
readInt                 0x08041c93     0x1c  Code  Gb  MQTTPacket.o [1]
readMQTTLenString       0x08041d65     0x3c  Code  Gb  MQTTPacket.o [1]
readSlave               0x2001f560      0xc  Data  Gb  apptask.o [1]
read_bkp_para           0x0803be87     0x78  Code  Gb  bkp_pwr.o [1]
read_device_info        0x08035c59    0x30a  Code  Gb  para.o [1]
read_file_select        0x2001f5a8      0xc  Data  Gb  protocol.o [1]
read_from_disk          0x0803627d    0xd74  Code  Gb  para.o [1]
remove_chain            0x08039913     0x76  Code  Lc  ff.o [1]
reset_seg_to_1          0x08038287     0xba  Code  Gb  page_weimi.o [1]
rfid_rev_buf            0x2001f444     0x14  Data  Gb  rc522.o [1]
rfid_rev_cnt            0x2001f756      0x1  Data  Gb  rc522.o [1]
rfid_rev_flag           0x2001f755      0x1  Data  Gb  rc522.o [1]
rtc_time                0x2001f5d0      0x8  Data  Gb  protocol.o [1]
s_TIM_CallBack1         0x2001f664      0x4  Data  Lc  bsp_timer.o [1]
s_TIM_CallBack2         0x2001f668      0x4  Data  Lc  bsp_timer.o [1]
s_TIM_CallBack3         0x2001f66c      0x4  Data  Lc  bsp_timer.o [1]
s_TIM_CallBack4         0x2001f670      0x4  Data  Lc  bsp_timer.o [1]
s_tBtn                  0x2001f4e4     0x10  Data  Lc  bsp_key.o [1]
s_tKey                  0x2001f4f4     0x10  Data  Lc  bsp_key.o [1]
sample_time             0x2001f714      0x2  Data  Gb  apptask.o [1]
sdew_weimi_page1        0x08033605    0x28a  Code  Gb  bsp_sdwe050c17.o [1]
sdew_weimi_page2        0x080338a1    0x1e6  Code  Gb  bsp_sdwe050c17.o [1]
sdew_weisha_page1       0x08033a8d    0x100  Code  Gb  bsp_sdwe050c17.o [1]
sdew_weisha_page2       0x08033b91    0x100  Code  Gb  bsp_sdwe050c17.o [1]
selectbits              0x08047e17     0x42  Code  Gb  des.o [1]
semc_adc_Init           0x08048297     0x92  Code  Gb  smec98sp.o [1]
servo_diff              0x2001f644      0x4  Data  Gb  apptask.o [1]
servo_per_wei_src       0x2001f640      0x4  Data  Gb  apptask.o [1]
servo_speed_diff        0x2001f648      0x4  Data  Gb  apptask.o [1]
servomotor_guodu        0x2001f74a      0x1  Data  Gb  page_weimi.o [1]
servomotor_mode         0x2001f74b      0x1  Data  Gb  page_weimi.o [1]
setbit                  0x08047d8f     0x4c  Code  Gb  des.o [1]
shlc                    0x08047e59     0x68  Code  Gb  des.o [1]
shrc                    0x08047ec1     0x5e  Code  Gb  des.o [1]
slave_info              0x2001f554      0xc  Data  Gb  apptask.o [1]
snprintf                0x080417fd     0x44  Code  Gb  snprintf.o [3]
speed_diff              0x2001f578      0xc  Data  Gb  apptask.o [1]
speed_zhu               0x2001f72c      0x2  Data  Gb  page_weimi.o [1]
speed_zhu1              0x2001f72e      0x2  Data  Gb  page_weimi.o [1]
sprintf                 0x0803b6fd     0x34  Code  Gb  sprintf.o [3]
srand                   0x08048c41     0x20  Code  Gb  srand.o [3]
sscanf                  0x0803edb9     0x24  Code  Gb  sscanf.o [3]
st_clust                0x08039cdd     0x18  Code  Lc  ff.o [1]
stepmotor_guodu         0x2001f694      0x4  Data  Gb  page_weimi.o [1]
strans                  0x08047f1f    0x168  Code  Gb  des.o [1]
strcat                  0x0803b731     0x1c  Code  Gb  strcat.o [3]
strchr                  0x080430a1           Code  Gb  strchr.o [5]
strlen                  0x08037b89           Code  Gb  strlen.o [5]
strstr                  0x0803bd09     0x10  Code  Gb  para.o [1]
sum_sfn                 0x08039fb1     0x20  Code  Lc  ff.o [1]
symbol                  0x2001f63c      0x4  Data  Gb  apptask.o [1]
symbol_servo            0x2001f741      0x1  Data  Gb  apptask.o [1]
sync_fs                 0x08039599     0xd8  Code  Lc  ff.o [1]
sync_window             0x080394ff     0x5a  Code  Lc  ff.o [1]
system_state_dis        0x08049ee0    0x190  Data  Gb  product_cal.o [1]
toStop                  0x2001f6a8      0x4  Data  Gb  pub0sub1.o [1]
tolower                 0x08046941     0x14  Code  Gb  tolower.o [3]
total_meter_gross       0x2001f6a0      0x4  Data  Gb  product_cal.o [1]
total_weight_gross      0x2001f6a4      0x4  Data  Gb  product_cal.o [1]
transport_close         0x08041b99     0x12  Code  Gb  transport.o [1]
transport_getdata       0x08041b85     0x14  Code  Gb  transport.o [1]
transport_sendPacketBuffer
                        0x08041b49     0x3c  Code  Gb  transport.o [1]
ucHeap                  0x200002c0  0x10c00  Data  Lc  heap_4.o [1]
ucMaxSysCallPriority    0x2001f74f      0x1  Data  Lc  port.o [1]
ulHighFrequencyTimerTicks
                        0x2001f6ac      0x4  Data  Gb  SysInfoTest.o [1]
ulMaxPRIGROUPValue      0x2001f69c      0x4  Data  Lc  port.o [1]
ulTaskSwitchedInTime    0x2001f6e8      0x4  Data  Lc  tasks.o [1]
ulTotalRunTime          0x2001f6ec      0x4  Data  Lc  tasks.o [1]
uni2oem                 0x08000188  0x15484  Data  Lc  cc936.o [1]
usb_disk_flag           0x2001f739      0x1  Data  Gb  apptask.o [1]
usbh_OpenMassStorage    0x08038961     0x14  Code  Gb  usbh_usr.o [1]
uxCriticalNesting       0x200002a8      0x4  Data  Lc  port.o [1]
uxCurrentNumberOfTasks  0x2001f6c0      0x4  Data  Lc  tasks.o [1]
uxListRemove            0x0803e9a9     0x28  Code  Gb  list.o [1]
uxPendedTicks           0x2001f6d0      0x4  Data  Lc  tasks.o [1]
uxSchedulerSuspended    0x2001f6e4      0x4  Data  Lc  tasks.o [1]
uxTaskNumber            0x2001f6dc      0x4  Data  Lc  tasks.o [1]
uxTaskResetEventItemValue
                        0x08035865     0x20  Code  Gb  tasks.o [1]
uxTasksDeleted          0x2001f6bc      0x4  Data  Lc  tasks.o [1]
uxTopReadyPriority      0x2001f6c8      0x4  Data  Lc  tasks.o [1]
vAnalysisUartData       0x08031895     0xca  Code  Gb  apptask.o [1]
vEsp8266_Main_Task      0x08031535    0x21e  Code  Gb  apptask.o [1]
vListInitialise         0x0803e939     0x1e  Code  Gb  list.o [1]
vListInsert             0x0803e96f     0x3a  Code  Gb  list.o [1]
vListInsertEnd          0x0803e957     0x18  Code  Gb  list.o [1]
vMQTT_Handler_Task      0x08031759    0x138  Code  Gb  apptask.o [1]
vMQTT_Recive_Task       0x08031965     0x7e  Code  Gb  apptask.o [1]
vMQTT_Tranmit_Task      0x080319e9     0xd0  Code  Gb  apptask.o [1]
vPortEnableVFP          0x080424ad           Code  Gb  portasm.o [1]
vPortEnterCritical      0x0803e807     0x3a  Code  Gb  port.o [1]
vPortExitCritical       0x0803e841     0x32  Code  Gb  port.o [1]
vPortFree               0x0803eae9     0x78  Code  Gb  heap_4.o [1]
vPortSetupTimerInterrupt
                        0x0803e89f      0xe  Code  Wk  port.o [1]
vPortStartFirstTask     0x08042495           Code  Gb  portasm.o [1]
vPortValidateInterruptPriority
                        0x0803e8ad     0x4e  Code  Gb  port.o [1]
vQueueWaitForMessageRestricted
                        0x08034481     0x44  Code  Gb  queue.o [1]
vTaskDelay              0x08034e5d     0x84  Code  Gb  tasks.o [1]
vTaskDelayUntil         0x08034d7d     0xe0  Code  Gb  tasks.o [1]
vTaskFreq               0x08030f11    0x618  Code  Lc  apptask.o [1]
vTaskManageCapacity     0x0802f961    0x520  Code  Gb  apptask.o [1]
vTaskMassStorage        0x0802e561    0x652  Code  Lc  apptask.o [1]
vTaskMissedYield        0x080355f7      0xa  Code  Gb  tasks.o [1]
vTaskMotorControl       0x0802ff35    0xfb8  Code  Lc  apptask.o [1]
vTaskMsgPro             0x0802f08d    0x4e8  Code  Lc  apptask.o [1]
vTaskPlaceOnEventList   0x0803525d     0x74  Code  Gb  tasks.o [1]
vTaskPlaceOnEventListRestricted
                        0x08035395     0x80  Code  Gb  tasks.o [1]
vTaskPlaceOnUnorderedEventList
                        0x080352ed     0xa8  Code  Gb  tasks.o [1]
vTaskReadDisk           0x0802f6a5    0x272  Code  Lc  apptask.o [1]
vTaskRev485             0x0802f591     0xd4  Code  Lc  apptask.o [1]
vTaskSetTimeOutState    0x08035541     0x26  Code  Gb  tasks.o [1]
vTaskStartScheduler     0x08034ee1     0x7e  Code  Gb  tasks.o [1]
vTaskSuspendAll         0x08034f5f     0x10  Code  Gb  tasks.o [1]
vTaskSwitchContext      0x080351ad     0xb0  Code  Gb  tasks.o [1]
vTaskTaskKey            0x08031abd     0x82  Code  Gb  apptask.o [1]
vTaskTaskLCD            0x0802aa91   0x3aa2  Code  Gb  apptask.o [1]
vTaskTaskLED            0x0802ebf9     0x20  Code  Lc  apptask.o [1]
vTaskTaskRFID           0x0802ec19    0x410  Code  Lc  apptask.o [1]
valid_seg               0x2001f698      0x4  Data  Gb  page_weimi.o [1]
validate                0x0803ad57     0x36  Code  Lc  ff.o [1]
weimi_para              0x2001eb20    0x12c  Data  Gb  page_weimi.o [1]
weisha_reset_to_seg1    0x08038341     0x30  Code  Gb  page_weimi.o [1]
wifi_flag               0x2001f747      0x1  Data  Gb  esp8266_handler.o [1]
work_idle_time          0x2001f730      0x2  Data  Gb  product_cal.o [1]
writeCString            0x08041cf5     0x2a  Code  Gb  MQTTPacket.o [1]
writeChar               0x08041cbf      0xc  Code  Gb  MQTTPacket.o [1]
writeInt                0x08041ccb     0x2a  Code  Gb  MQTTPacket.o [1]
writeMQTTString         0x08041d1f     0x46  Code  Gb  MQTTPacket.o [1]
write_bkp_para          0x0803beff     0x6e  Code  Gb  bkp_pwr.o [1]
xActiveTimerList1       0x2001f4bc     0x14  Data  Lc  timers.o [1]
xActiveTimerList2       0x2001f4d0     0x14  Data  Lc  timers.o [1]
xBlockAllocatedBit      0x2001f68c      0x4  Data  Lc  heap_4.o [1]
xDelayedTaskList1       0x2001f458     0x14  Data  Lc  tasks.o [1]
xDelayedTaskList2       0x2001f46c     0x14  Data  Lc  tasks.o [1]
xEventGroupCreate       0x0803d0d9     0x1c  Code  Gb  event_groups.o [1]
xEventGroupSetBits      0x0803d241     0xd6  Code  Gb  event_groups.o [1]
xEventGroupWaitBits     0x0803d0f5    0x146  Code  Gb  event_groups.o [1]
xFreeBytesRemaining     0x2001f684      0x4  Data  Lc  heap_4.o [1]
xHandleTaskFreq         0x2001f604      0x4  Data  Gb  apptask.o [1]
xHandleTaskKey          0x2001f608      0x4  Data  Gb  apptask.o [1]
xHandleTaskLCD          0x2001f5e0      0x4  Data  Gb  apptask.o [1]
xHandleTaskLED          0x2001f5e4      0x4  Data  Gb  apptask.o [1]
xHandleTaskManageCapacity
                        0x2001f5fc      0x4  Data  Gb  apptask.o [1]
xHandleTaskMassStorage  0x2001f5ec      0x4  Data  Gb  apptask.o [1]
xHandleTaskMotorControl
                        0x2001f600      0x4  Data  Gb  apptask.o [1]
xHandleTaskMsgPro       0x2001f5f4      0x4  Data  Gb  apptask.o [1]
xHandleTaskRFID         0x2001f5e8      0x4  Data  Gb  apptask.o [1]
xHandleTaskReadDisk     0x2001f5f0      0x4  Data  Gb  apptask.o [1]
xHandleTaskRev485       0x2001f5f8      0x4  Data  Gb  apptask.o [1]
xHeapStructSize         0x0804be78      0x4  Data  Lc  heap_4.o [1]
xMinimumEverFreeBytesRemaining
                        0x2001f688      0x4  Data  Lc  heap_4.o [1]
xNextTaskUnblockTime    0x2001f6e0      0x4  Data  Lc  tasks.o [1]
xNumOfOverflows         0x2001f6d8      0x4  Data  Lc  tasks.o [1]
xPendingReadyList       0x2001f480     0x14  Data  Lc  tasks.o [1]
xPortStartScheduler     0x0803e73b     0xcc  Code  Gb  port.o [1]
xQueueGenericCreate     0x08033d8d     0x7e  Code  Gb  queue.o [1]
xQueueGenericReceive    0x08034181    0x19c  Code  Gb  queue.o [1]
xQueueGenericReset      0x08033cfd     0x90  Code  Gb  queue.o [1]
xQueueGenericSend       0x08033e0b    0x1b2  Code  Gb  queue.o [1]
xQueueGenericSendFromISR
                        0x08033fbd     0xec  Code  Gb  queue.o [1]
xQueueGiveFromISR       0x080340a9     0xd8  Code  Gb  queue.o [1]
xQueue_MQTT_Recv        0x2001f62c      0x4  Data  Gb  apptask.o [1]
xQueue_MQTT_Transmit    0x2001f630      0x4  Data  Gb  apptask.o [1]
xQueue_esp8266_Cmd      0x2001f634      0x4  Data  Gb  apptask.o [1]
xQueue_message          0x2001f638      0x4  Data  Gb  apptask.o [1]
xSchedulerRunning       0x2001f6cc      0x4  Data  Lc  tasks.o [1]
xSemaphore_download     0x2001f61c      0x4  Data  Gb  apptask.o [1]
xSemaphore_encoder      0x2001f618      0x4  Data  Gb  apptask.o [1]
xSemaphore_lcd          0x2001f60c      0x4  Data  Gb  apptask.o [1]
xSemaphore_pluse        0x2001f614      0x4  Data  Gb  apptask.o [1]
xSemaphore_readDisk     0x2001f620      0x4  Data  Gb  apptask.o [1]
xSemaphore_rs485        0x2001f610      0x4  Data  Gb  apptask.o [1]
xStart                  0x2001f5c0      0x8  Data  Lc  heap_4.o [1]
xSuspendedTaskList      0x2001f4a8     0x14  Data  Lc  tasks.o [1]
xTaskCheckForTimeOut    0x0803556d     0x8a  Code  Gb  tasks.o [1]
xTaskGenericCreate      0x08034bf9    0x184  Code  Gb  tasks.o [1]
xTaskGetSchedulerState  0x0803582b     0x26  Code  Gb  tasks.o [1]
xTaskGetTickCount       0x0803506f      0xa  Code  Gb  tasks.o [1]
xTaskIncrementTick      0x08035079    0x134  Code  Gb  tasks.o [1]
xTaskRemoveFromEventList
                        0x08035419     0x8e  Code  Gb  tasks.o [1]
xTaskRemoveFromUnorderedEventList
                        0x080354ad     0x94  Code  Gb  tasks.o [1]
xTaskResumeAll          0x08034f6f    0x100  Code  Gb  tasks.o [1]
xTasksWaitingTermination
                        0x2001f494     0x14  Data  Lc  tasks.o [1]
xTickCount              0x2001f6c4      0x4  Data  Lc  tasks.o [1]
xTimerCreate            0x0803d38d     0x62  Code  Gb  timers.o [1]
xTimerCreateTimerTask   0x0803d33d     0x50  Code  Gb  timers.o [1]
xTimerGenericCommand    0x0803d3ef     0x84  Code  Gb  timers.o [1]
xTimerQueue             0x2001f6fc      0x4  Data  Lc  timers.o [1]
xTimerUser              0x2001f628      0x4  Data  Gb  apptask.o [1]
xYieldPending           0x2001f6d4      0x4  Data  Lc  tasks.o [1]


[1] = F:\work\YarnControl_Driver\src\stm32f4_rtos\Project\EWARMv7\Flash\Obj
[2] = command line
[3] = dl7M_tlf.a
[4] = m7M_tls.a
[5] = rt7M_tl.a
[6] = shb_l.a

  126 444 bytes of readonly  code memory
  185 074 bytes of readonly  data memory
  130 908 bytes of readwrite data memory (+ 1 044 480 absolute)

Errors: none
Warnings: none
