###############################################################################
#
# IAR ELF Linker V7.40.7.9843/W32 for ARM                 03/Jan/2019  17:46:31
# Copyright 2007-2015 IAR Systems AB.
#
#    Output file  =  
#        F:\work\YarnControl_Driver\src\stm32f4_rtos\Project\EWARMv7\Flash\Exe\project.out
#    Map file     =  
#        F:\work\YarnControl_Driver\src\stm32f4_rtos\Project\EWARMv7\Flash\List\project.map
#    Command line =  
#        F:\work\YarnControl_Driver\src\stm32f4_rtos\Project\EWARMv7\Flash\Obj\apptask.o
#        F:\work\YarnControl_Driver\src\stm32f4_rtos\Project\EWARMv7\Flash\Obj\bsp.o
#        F:\work\YarnControl_Driver\src\stm32f4_rtos\Project\EWARMv7\Flash\Obj\bsp_closeSW.o
#        F:\work\YarnControl_Driver\src\stm32f4_rtos\Project\EWARMv7\Flash\Obj\bsp_dwt.o
#        F:\work\YarnControl_Driver\src\stm32f4_rtos\Project\EWARMv7\Flash\Obj\bsp_led.o
#        F:\work\YarnControl_Driver\src\stm32f4_rtos\Project\EWARMv7\Flash\Obj\bsp_sdio_sd.o
#        F:\work\YarnControl_Driver\src\stm32f4_rtos\Project\EWARMv7\Flash\Obj\bsp_sdwe050c17.o
#        F:\work\YarnControl_Driver\src\stm32f4_rtos\Project\EWARMv7\Flash\Obj\bsp_servomotor.o
#        F:\work\YarnControl_Driver\src\stm32f4_rtos\Project\EWARMv7\Flash\Obj\bsp_spi.o
#        F:\work\YarnControl_Driver\src\stm32f4_rtos\Project\EWARMv7\Flash\Obj\bsp_stepmotor.o
#        F:\work\YarnControl_Driver\src\stm32f4_rtos\Project\EWARMv7\Flash\Obj\bsp_sw_onoff.o
#        F:\work\YarnControl_Driver\src\stm32f4_rtos\Project\EWARMv7\Flash\Obj\bsp_tim_pwm.o
#        F:\work\YarnControl_Driver\src\stm32f4_rtos\Project\EWARMv7\Flash\Obj\bsp_timer.o
#        F:\work\YarnControl_Driver\src\stm32f4_rtos\Project\EWARMv7\Flash\Obj\bsp_uart_fifo.o
#        F:\work\YarnControl_Driver\src\stm32f4_rtos\Project\EWARMv7\Flash\Obj\bsp_w25qxx.o
#        F:\work\YarnControl_Driver\src\stm32f4_rtos\Project\EWARMv7\Flash\Obj\bsp_watchdog.o
#        F:\work\YarnControl_Driver\src\stm32f4_rtos\Project\EWARMv7\Flash\Obj\cc936.o
#        F:\work\YarnControl_Driver\src\stm32f4_rtos\Project\EWARMv7\Flash\Obj\cJSON.o
#        F:\work\YarnControl_Driver\src\stm32f4_rtos\Project\EWARMv7\Flash\Obj\croutine.o
#        F:\work\YarnControl_Driver\src\stm32f4_rtos\Project\EWARMv7\Flash\Obj\demo_fatfs.o
#        F:\work\YarnControl_Driver\src\stm32f4_rtos\Project\EWARMv7\Flash\Obj\diskio.o
#        F:\work\YarnControl_Driver\src\stm32f4_rtos\Project\EWARMv7\Flash\Obj\esp8266_handler.o
#        F:\work\YarnControl_Driver\src\stm32f4_rtos\Project\EWARMv7\Flash\Obj\esp8266_init.o
#        F:\work\YarnControl_Driver\src\stm32f4_rtos\Project\EWARMv7\Flash\Obj\event_groups.o
#        F:\work\YarnControl_Driver\src\stm32f4_rtos\Project\EWARMv7\Flash\Obj\ff.o
#        F:\work\YarnControl_Driver\src\stm32f4_rtos\Project\EWARMv7\Flash\Obj\heap_4.o
#        F:\work\YarnControl_Driver\src\stm32f4_rtos\Project\EWARMv7\Flash\Obj\list.o
#        F:\work\YarnControl_Driver\src\stm32f4_rtos\Project\EWARMv7\Flash\Obj\main.o
#        F:\work\YarnControl_Driver\src\stm32f4_rtos\Project\EWARMv7\Flash\Obj\malloc.o
#        F:\work\YarnControl_Driver\src\stm32f4_rtos\Project\EWARMv7\Flash\Obj\mcheck.o
#        F:\work\YarnControl_Driver\src\stm32f4_rtos\Project\EWARMv7\Flash\Obj\misc.o
#        F:\work\YarnControl_Driver\src\stm32f4_rtos\Project\EWARMv7\Flash\Obj\modbus.o
#        F:\work\YarnControl_Driver\src\stm32f4_rtos\Project\EWARMv7\Flash\Obj\MQTTConnectClient.o
#        F:\work\YarnControl_Driver\src\stm32f4_rtos\Project\EWARMv7\Flash\Obj\MQTTConnectServer.o
#        F:\work\YarnControl_Driver\src\stm32f4_rtos\Project\EWARMv7\Flash\Obj\MQTTDeserializePublish.o
#        F:\work\YarnControl_Driver\src\stm32f4_rtos\Project\EWARMv7\Flash\Obj\MQTTFormat.o
#        F:\work\YarnControl_Driver\src\stm32f4_rtos\Project\EWARMv7\Flash\Obj\MQTTPacket.o
#        F:\work\YarnControl_Driver\src\stm32f4_rtos\Project\EWARMv7\Flash\Obj\MQTTSerializePublish.o
#        F:\work\YarnControl_Driver\src\stm32f4_rtos\Project\EWARMv7\Flash\Obj\MQTTSubscribeClient.o
#        F:\work\YarnControl_Driver\src\stm32f4_rtos\Project\EWARMv7\Flash\Obj\MQTTSubscribeServer.o
#        F:\work\YarnControl_Driver\src\stm32f4_rtos\Project\EWARMv7\Flash\Obj\MQTTUnsubscribeClient.o
#        F:\work\YarnControl_Driver\src\stm32f4_rtos\Project\EWARMv7\Flash\Obj\MQTTUnsubscribeServer.o
#        F:\work\YarnControl_Driver\src\stm32f4_rtos\Project\EWARMv7\Flash\Obj\para.o
#        F:\work\YarnControl_Driver\src\stm32f4_rtos\Project\EWARMv7\Flash\Obj\port.o
#        F:\work\YarnControl_Driver\src\stm32f4_rtos\Project\EWARMv7\Flash\Obj\portasm.o
#        F:\work\YarnControl_Driver\src\stm32f4_rtos\Project\EWARMv7\Flash\Obj\product_cal.o
#        F:\work\YarnControl_Driver\src\stm32f4_rtos\Project\EWARMv7\Flash\Obj\protocol.o
#        F:\work\YarnControl_Driver\src\stm32f4_rtos\Project\EWARMv7\Flash\Obj\pub0sub1.o
#        F:\work\YarnControl_Driver\src\stm32f4_rtos\Project\EWARMv7\Flash\Obj\queue.o
#        F:\work\YarnControl_Driver\src\stm32f4_rtos\Project\EWARMv7\Flash\Obj\rc522.o
#        F:\work\YarnControl_Driver\src\stm32f4_rtos\Project\EWARMv7\Flash\Obj\startup_stm32f40_41xxx.o
#        F:\work\YarnControl_Driver\src\stm32f4_rtos\Project\EWARMv7\Flash\Obj\stm32f4xx_adc.o
#        F:\work\YarnControl_Driver\src\stm32f4_rtos\Project\EWARMv7\Flash\Obj\stm32f4xx_assert.o
#        F:\work\YarnControl_Driver\src\stm32f4_rtos\Project\EWARMv7\Flash\Obj\stm32f4xx_can.o
#        F:\work\YarnControl_Driver\src\stm32f4_rtos\Project\EWARMv7\Flash\Obj\stm32f4xx_crc.o
#        F:\work\YarnControl_Driver\src\stm32f4_rtos\Project\EWARMv7\Flash\Obj\stm32f4xx_cryp.o
#        F:\work\YarnControl_Driver\src\stm32f4_rtos\Project\EWARMv7\Flash\Obj\stm32f4xx_cryp_aes.o
#        F:\work\YarnControl_Driver\src\stm32f4_rtos\Project\EWARMv7\Flash\Obj\stm32f4xx_cryp_des.o
#        F:\work\YarnControl_Driver\src\stm32f4_rtos\Project\EWARMv7\Flash\Obj\stm32f4xx_cryp_tdes.o
#        F:\work\YarnControl_Driver\src\stm32f4_rtos\Project\EWARMv7\Flash\Obj\stm32f4xx_dac.o
#        F:\work\YarnControl_Driver\src\stm32f4_rtos\Project\EWARMv7\Flash\Obj\stm32f4xx_dbgmcu.o
#        F:\work\YarnControl_Driver\src\stm32f4_rtos\Project\EWARMv7\Flash\Obj\stm32f4xx_dcmi.o
#        F:\work\YarnControl_Driver\src\stm32f4_rtos\Project\EWARMv7\Flash\Obj\stm32f4xx_dma.o
#        F:\work\YarnControl_Driver\src\stm32f4_rtos\Project\EWARMv7\Flash\Obj\stm32f4xx_dma2d.o
#        F:\work\YarnControl_Driver\src\stm32f4_rtos\Project\EWARMv7\Flash\Obj\stm32f4xx_exti.o
#        F:\work\YarnControl_Driver\src\stm32f4_rtos\Project\EWARMv7\Flash\Obj\stm32f4xx_flash.o
#        F:\work\YarnControl_Driver\src\stm32f4_rtos\Project\EWARMv7\Flash\Obj\stm32f4xx_fsmc.o
#        F:\work\YarnControl_Driver\src\stm32f4_rtos\Project\EWARMv7\Flash\Obj\stm32f4xx_gpio.o
#        F:\work\YarnControl_Driver\src\stm32f4_rtos\Project\EWARMv7\Flash\Obj\stm32f4xx_hash.o
#        F:\work\YarnControl_Driver\src\stm32f4_rtos\Project\EWARMv7\Flash\Obj\stm32f4xx_hash_md5.o
#        F:\work\YarnControl_Driver\src\stm32f4_rtos\Project\EWARMv7\Flash\Obj\stm32f4xx_hash_sha1.o
#        F:\work\YarnControl_Driver\src\stm32f4_rtos\Project\EWARMv7\Flash\Obj\stm32f4xx_i2c.o
#        F:\work\YarnControl_Driver\src\stm32f4_rtos\Project\EWARMv7\Flash\Obj\stm32f4xx_it.o
#        F:\work\YarnControl_Driver\src\stm32f4_rtos\Project\EWARMv7\Flash\Obj\stm32f4xx_iwdg.o
#        F:\work\YarnControl_Driver\src\stm32f4_rtos\Project\EWARMv7\Flash\Obj\stm32f4xx_ltdc.o
#        F:\work\YarnControl_Driver\src\stm32f4_rtos\Project\EWARMv7\Flash\Obj\stm32f4xx_pwr.o
#        F:\work\YarnControl_Driver\src\stm32f4_rtos\Project\EWARMv7\Flash\Obj\stm32f4xx_rcc.o
#        F:\work\YarnControl_Driver\src\stm32f4_rtos\Project\EWARMv7\Flash\Obj\stm32f4xx_rng.o
#        F:\work\YarnControl_Driver\src\stm32f4_rtos\Project\EWARMv7\Flash\Obj\stm32f4xx_rtc.o
#        F:\work\YarnControl_Driver\src\stm32f4_rtos\Project\EWARMv7\Flash\Obj\stm32f4xx_sai.o
#        F:\work\YarnControl_Driver\src\stm32f4_rtos\Project\EWARMv7\Flash\Obj\stm32f4xx_sdio.o
#        F:\work\YarnControl_Driver\src\stm32f4_rtos\Project\EWARMv7\Flash\Obj\stm32f4xx_spi.o
#        F:\work\YarnControl_Driver\src\stm32f4_rtos\Project\EWARMv7\Flash\Obj\stm32f4xx_syscfg.o
#        F:\work\YarnControl_Driver\src\stm32f4_rtos\Project\EWARMv7\Flash\Obj\stm32f4xx_tim.o
#        F:\work\YarnControl_Driver\src\stm32f4_rtos\Project\EWARMv7\Flash\Obj\stm32f4xx_usart.o
#        F:\work\YarnControl_Driver\src\stm32f4_rtos\Project\EWARMv7\Flash\Obj\stm32f4xx_wwdg.o
#        F:\work\YarnControl_Driver\src\stm32f4_rtos\Project\EWARMv7\Flash\Obj\SysInfoTest.o
#        F:\work\YarnControl_Driver\src\stm32f4_rtos\Project\EWARMv7\Flash\Obj\system_stm32f4xx.o
#        F:\work\YarnControl_Driver\src\stm32f4_rtos\Project\EWARMv7\Flash\Obj\tasks.o
#        F:\work\YarnControl_Driver\src\stm32f4_rtos\Project\EWARMv7\Flash\Obj\timers.o
#        F:\work\YarnControl_Driver\src\stm32f4_rtos\Project\EWARMv7\Flash\Obj\transport.o
#        F:\work\YarnControl_Driver\src\stm32f4_rtos\Project\EWARMv7\Flash\Obj\usb_bsp.o
#        F:\work\YarnControl_Driver\src\stm32f4_rtos\Project\EWARMv7\Flash\Obj\usb_core.o
#        F:\work\YarnControl_Driver\src\stm32f4_rtos\Project\EWARMv7\Flash\Obj\usb_hcd.o
#        F:\work\YarnControl_Driver\src\stm32f4_rtos\Project\EWARMv7\Flash\Obj\usb_hcd_int.o
#        F:\work\YarnControl_Driver\src\stm32f4_rtos\Project\EWARMv7\Flash\Obj\usbh_core.o
#        F:\work\YarnControl_Driver\src\stm32f4_rtos\Project\EWARMv7\Flash\Obj\usbh_hcs.o
#        F:\work\YarnControl_Driver\src\stm32f4_rtos\Project\EWARMv7\Flash\Obj\usbh_ioreq.o
#        F:\work\YarnControl_Driver\src\stm32f4_rtos\Project\EWARMv7\Flash\Obj\usbh_it.o
#        F:\work\YarnControl_Driver\src\stm32f4_rtos\Project\EWARMv7\Flash\Obj\usbh_msc_bot.o
#        F:\work\YarnControl_Driver\src\stm32f4_rtos\Project\EWARMv7\Flash\Obj\usbh_msc_core.o
#        F:\work\YarnControl_Driver\src\stm32f4_rtos\Project\EWARMv7\Flash\Obj\usbh_msc_scsi.o
#        F:\work\YarnControl_Driver\src\stm32f4_rtos\Project\EWARMv7\Flash\Obj\usbh_stdreq.o
#        F:\work\YarnControl_Driver\src\stm32f4_rtos\Project\EWARMv7\Flash\Obj\usbh_usr.o
#        -o
#        F:\work\YarnControl_Driver\src\stm32f4_rtos\Project\EWARMv7\Flash\Exe\project.out
#        --map
#        F:\work\YarnControl_Driver\src\stm32f4_rtos\Project\EWARMv7\Flash\List\project.map
#        --config
#        F:\work\YarnControl_Driver\src\stm32f4_rtos\Project\EWARMv7\stm32f4xx_flash.icf
#        --semihosting --entry __iar_program_start --inline --vfe
#
###############################################################################

*******************************************************************************
*** RUNTIME MODEL ATTRIBUTES
***

CppFlavor                     = *
__Heap_Handler                = DLMalloc
__SystemLibrary               = DLib
__dlib_dynamic_initialization = normal


*******************************************************************************
*** PLACEMENT SUMMARY
***

"A1":  place at 0x08000000 { ro section .intvec };
"P1":  place in [from 0x08000000 to 0x080fffff] { ro };
"P2":  place in [from 0x20000000 to 0x2001ffff] { rw, block CSTACK, block HEAP };

  Section             Kind        Address     Size  Object
  -------             ----        -------     ----  ------
"A1":                                        0x188
  .intvec             ro code  0x08000000    0x188  startup_stm32f40_41xxx.o [1]
                             - 0x08000188    0x188

"P1":                                      0x3d364
  .rodata             const    0x08000188  0x15484  cc936.o [1]
  .rodata             const    0x0801560c  0x15484  cc936.o [1]
  .text               ro code  0x0802aa90   0x2314  apptask.o [1]
  .text               ro code  0x0802cda4    0xc00  tasks.o [1]
  .text               ro code  0x0802d9a4    0x7c8  queue.o [1]
  .text               ro code  0x0802e16c    0x4cc  bsp_sdwe050c17.o [1]
  .text               ro code  0x0802e638     0x66  ABImemset.o [5]
  .text               ro code  0x0802e69e      0xa  xsprout.o [3]
  .text               ro code  0x0802e6a8    0x370  bsp_w25qxx.o [1]
  .text               ro code  0x0802ea18     0x76  ABImemcpy_unaligned.o [5]
  .text               ro code  0x0802ea90     0x4e  FltToDbl.o [4]
  .text               ro code  0x0802eae0     0x24  printf.o [3]
  .text               ro code  0x0802eb04     0x42  strcmp_unaligned.o [5]
  .text               ro code  0x0802eb48    0x204  bsp_timer.o [1]
  .text               ro code  0x0802ed4c    0x1b6  usbh_usr.o [1]
  .text               ro code  0x0802ef04    0x760  usbh_core.o [1]
  .text               ro code  0x0802f664   0x2264  ff.o [1]
  .text               ro code  0x080318c8     0x34  sprintf.o [3]
  .text               ro code  0x080318fc    0x256  DblDiv.o [4]
  .text               ro code  0x08031b52     0x1c  strcat.o [3]
  .text               ro code  0x08031b70     0x36  strlen.o [5]
  .text               ro code  0x08031ba8     0xc0  bsp_led.o [1]
  .text               ro code  0x08031c68    0x354  modbus.o [1]
  .text               ro code  0x08031fbc     0x68  bsp_sw_onoff.o [1]
  .text               ro code  0x08032024     0x44  protocol.o [1]
  .text               ro code  0x08032068     0x10  esp8266_handler.o [1]
  .text               ro code  0x08032078    0x176  product_cal.o [1]
  .text               ro code  0x080321f0    0x262  event_groups.o [1]
  .text               ro code  0x08032454    0x4a4  timers.o [1]
  .text               ro code  0x080328f8      0x8  bsp_watchdog.o [1]
  .text               ro code  0x08032900    0x24c  port.o [1]
  .text               ro code  0x08032b4c     0x98  list.o [1]
  .text               ro code  0x08032be4    0x280  heap_4.o [1]
  .text               ro code  0x08032e64    0x1c4  stm32f4xx_rcc.o [1]
  .text               ro code  0x08033028    0x12c  stm32f4xx_gpio.o [1]
  .text               ro code  0x08033154    0x9b8  bsp_uart_fifo.o [1]
  .text               ro code  0x08033b0c    0x124  bsp_spi.o [1]
  .text               ro code  0x08033c30    0xd96  xprintffull_nomb.o [3]
  .text               ro code  0x080349c8    0x2ec  stm32f4xx_tim.o [1]
  .text               ro code  0x08034cb4     0x88  misc.o [1]
  .text               ro code  0x08034d3c    0x14c  usb_bsp.o [1]
  .text               ro code  0x08034e88     0xd6  usb_hcd.o [1]
  .text               ro code  0x08034f5e    0x1ba  usbh_hcs.o [1]
  .text               ro code  0x08035118    0x436  usbh_stdreq.o [1]
  .text               ro code  0x0803554e    0x246  usbh_ioreq.o [1]
  .text               ro code  0x08035794    0x2e4  diskio.o [1]
  .text               ro code  0x08035a78     0xf4  cc936.o [1]
  .text               ro code  0x08035b6c     0xb8  mcheck.o [1]
  .text               ro code  0x08035c24    0x21c  malloc.o [1]
  .text               ro code  0x08035e40     0x2c  strstr.o [3]
  .text               ro code  0x08035e6c     0x10  stm32f4xx_iwdg.o [1]
  CODE                ro code  0x08035e7c     0xa8  portasm.o [1]
  .text               ro code  0x08035f24    0x22e  stm32f4xx_usart.o [1]
  .text               ro code  0x08036154    0x2b4  stm32f4xx_dma.o [1]
  .text               ro code  0x08036408     0x74  stm32f4xx_spi.o [1]
  .text               ro code  0x0803647c     0x16  strchr.o [5]
  .text               ro code  0x08036494     0x58  memchr.o [5]
  .text               ro code  0x080364ec     0xee  I64DivMod.o [5]
  .text               ro code  0x080365da     0x42  xdnorm.o [4]
  .text               ro code  0x0803661c     0x2e  DblCmpLe.o [4]
  .text               ro code  0x0803664c     0x2e  DblCmpGe.o [4]
  .text               ro code  0x0803667c    0x114  xdscale.o [4]
  .text               ro code  0x08036790     0x58  DblToI32.o [4]
  .text               ro code  0x080367e8     0x30  I32ToDbl.o [4]
  .text               ro code  0x08036818    0x180  DblSub.o [4]
  .text               ro code  0x08036998    0x1a2  DblMul.o [4]
  .text               ro code  0x08036b3c     0x6c  localeconv.o [3]
  .text               ro code  0x08036ba8      0xe  div.o [3]
  .text               ro code  0x08036bb8     0x74  bsp_dwt.o [1]
  .text               ro code  0x08036c2c    0xa50  usb_core.o [1]
  .text               ro code  0x0803767c   0x1a58  bsp_sdio_sd.o [1]
  .text               ro code  0x080390d4    0x618  usbh_msc_scsi.o [1]
  .text               ro code  0x080396ec    0x554  usbh_msc_bot.o [1]
  .text               ro code  0x08039c40      0x2  I64DivZer.o [5]
  .text               ro code  0x08039c44     0xd4  DblAdd.o [4]
  .text               ro code  0x08039d18    0x17c  stm32f4xx_sdio.o [1]
  .text               ro code  0x08039e94    0xc7e  usb_hcd_int.o [1]
  .text               ro code  0x0803ab14    0x3e8  usbh_msc_core.o [1]
  .rodata             const    0x0803aefc    0x3dc  cc936.o [1]
  .rodata             const    0x0803b2d8    0x3dc  cc936.o [1]
  .text               ro code  0x0803b6b4    0x2e0  bsp_tim_pwm.o [1]
  .text               ro code  0x0803b994    0x21c  bsp_stepmotor.o [1]
  .rodata             const    0x0803bbb0    0x1f4  apptask.o [1]
  .text               ro code  0x0803bda4    0x19c  para.o [1]
  .text               ro code  0x0803bf40    0x154  system_stm32f4xx.o [1]
  .rodata             const    0x0803c094    0x100  mcheck.o [1]
  .rodata             const    0x0803c194    0x100  mcheck.o [1]
  .rodata             const    0x0803c294    0x100  mcheck.o [1]
  .text               ro code  0x0803c394     0xd4  bsp_closeSW.o [1]
  .text               ro code  0x0803c468     0x54  stm32f4xx_syscfg.o [1]
  .text               ro code  0x0803c4bc     0xc0  stm32f4xx_exti.o [1]
  .text               ro code  0x0803c57c     0xc4  bsp_servomotor.o [1]
  .text               ro code  0x0803c640     0x50  bsp.o [1]
  .text               ro code  0x0803c690     0x40  zero_init3.o [5]
  .text               ro code  0x0803c6d0     0x3c  SysInfoTest.o [1]
  .rodata             const    0x0803c70c     0x38  demo_fatfs.o [1]
  .text               ro code  0x0803c744     0x38  stm32f4xx_it.o [1]
  .text               ro code  0x0803c77c     0x34  main.o [1]
  .rodata             const    0x0803c7b0     0x30  apptask.o [1]
  .rodata             const    0x0803c7e0     0x30  demo_fatfs.o [1]
  .rodata             const    0x0803c810     0x30  demo_fatfs.o [1]
  .rodata             const    0x0803c840     0x2c  apptask.o [1]
  .rodata             const    0x0803c86c     0x2c  demo_fatfs.o [1]
  .rodata             const    0x0803c898     0x2c  demo_fatfs.o [1]
  .rodata             const    0x0803c8c4     0x2c  stm32f4xx_it.o [1]
  .text               ro code  0x0803c8f0     0x2c  copy_init3.o [5]
  .rodata             const    0x0803c91c     0x28  demo_fatfs.o [1]
  .rodata             const    0x0803c944     0x28  demo_fatfs.o [1]
  .rodata             const    0x0803c96c     0x28  demo_fatfs.o [1]
  .text               ro code  0x0803c994     0x28  data_init.o [5]
  .rodata             const    0x0803c9bc     0x24  demo_fatfs.o [1]
  .rodata             const    0x0803c9e0     0x24  demo_fatfs.o [1]
  .rodata             const    0x0803ca04     0x24  usbh_usr.o [1]
  .text               ro code  0x0803ca28     0x22  fpinit_M.o [4]
  .iar.init_table     const    0x0803ca4c     0x2c  - Linker created -
  .rodata             const    0x0803ca78     0x20  apptask.o [1]
  .rodata             const    0x0803ca98     0x20  apptask.o [1]
  .rodata             const    0x0803cab8     0x20  bsp_sdwe050c17.o [1]
  .rodata             const    0x0803cad8     0x20  demo_fatfs.o [1]
  .rodata             const    0x0803caf8     0x20  demo_fatfs.o [1]
  .rodata             const    0x0803cb18     0x20  demo_fatfs.o [1]
  .rodata             const    0x0803cb38     0x20  usbh_usr.o [1]
  .rodata             const    0x0803cb58     0x20  usbh_usr.o [1]
  .rodata             const    0x0803cb78     0x20  usbh_usr.o [1]
  .rodata             const    0x0803cb98     0x20  usbh_usr.o [1]
  .rodata             const    0x0803cbb8     0x20  usbh_usr.o [1]
  .rodata             const    0x0803cbd8     0x1c  apptask.o [1]
  .rodata             const    0x0803cbf4     0x1c  apptask.o [1]
  .rodata             const    0x0803cc10     0x1c  apptask.o [1]
  .rodata             const    0x0803cc2c     0x1c  apptask.o [1]
  .rodata             const    0x0803cc48     0x1c  apptask.o [1]
  .rodata             const    0x0803cc64     0x1c  apptask.o [1]
  .rodata             const    0x0803cc80     0x1c  demo_fatfs.o [1]
  .rodata             const    0x0803cc9c     0x1c  demo_fatfs.o [1]
  .rodata             const    0x0803ccb8     0x1c  usbh_usr.o [1]
  .rodata             const    0x0803ccd4     0x1c  usbh_usr.o [1]
  .rodata             const    0x0803ccf0     0x1c  usbh_usr.o [1]
  .rodata             const    0x0803cd0c     0x1c  usbh_usr.o [1]
  .rodata             const    0x0803cd28     0x1c  usbh_usr.o [1]
  .rodata             const    0x0803cd44     0x1c  usbh_usr.o [1]
  .text               ro code  0x0803cd60     0x1a  cmain.o [5]
  .text               ro code  0x0803cd7a      0x4  exit.o [3]
  .text               ro code  0x0803cd80      0xa  cexit.o [5]
  .text               ro code  0x0803cd8c     0x14  exit.o [6]
  .rodata             const    0x0803cda0     0x18  apptask.o [1]
  .rodata             const    0x0803cdb8     0x18  apptask.o [1]
  .rodata             const    0x0803cdd0     0x18  apptask.o [1]
  .rodata             const    0x0803cde8     0x18  apptask.o [1]
  .rodata             const    0x0803ce00     0x18  apptask.o [1]
  .rodata             const    0x0803ce18     0x18  apptask.o [1]
  .rodata             const    0x0803ce30     0x18  apptask.o [1]
  .rodata             const    0x0803ce48     0x18  demo_fatfs.o [1]
  .rodata             const    0x0803ce60     0x18  demo_fatfs.o [1]
  .rodata             const    0x0803ce78     0x18  demo_fatfs.o [1]
  .rodata             const    0x0803ce90     0x18  demo_fatfs.o [1]
  .rodata             const    0x0803cea8     0x18  usbh_usr.o [1]
  .rodata             const    0x0803cec0     0x18  usbh_usr.o [1]
  .rodata             const    0x0803ced8     0x18  usbh_usr.o [1]
  .rodata             const    0x0803cef0     0x18  usbh_usr.o [1]
  .rodata             const    0x0803cf08     0x18  usbh_usr.o [1]
  .text               ro code  0x0803cf20     0x16  xprout.o [3]
  .text               ro code  0x0803cf38      0xc  putchar.o [3]
  .rodata             const    0x0803cf44     0x14  apptask.o [1]
  .rodata             const    0x0803cf58     0x14  apptask.o [1]
  .rodata             const    0x0803cf6c     0x14  apptask.o [1]
  .rodata             const    0x0803cf80     0x14  apptask.o [1]
  .rodata             const    0x0803cf94     0x14  apptask.o [1]
  .rodata             const    0x0803cfa8     0x14  usbh_usr.o [1]
  .rodata             const    0x0803cfbc     0x14  usbh_usr.o [1]
  .rodata             const    0x0803cfd0     0x10  apptask.o [1]
  .rodata             const    0x0803cfe0     0x10  apptask.o [1]
  .rodata             const    0x0803cff0     0x10  apptask.o [1]
  .rodata             const    0x0803d000     0x10  apptask.o [1]
  .rodata             const    0x0803d010     0x10  apptask.o [1]
  .rodata             const    0x0803d020     0x10  apptask.o [1]
  .rodata             const    0x0803d030     0x10  apptask.o [1]
  .rodata             const    0x0803d040     0x10  apptask.o [1]
  .rodata             const    0x0803d050     0x10  ff.o [1]
  .rodata             const    0x0803d060     0x10  main.o [1]
  .rodata             const    0x0803d070     0x10  main.o [1]
  .rodata             const    0x0803d080     0x10  usbh_usr.o [1]
  .rodata             const    0x0803d090     0x10  usbh_usr.o [1]
  .text               ro code  0x0803d0a0     0x10  startup_stm32f40_41xxx.o [1]
  .text               ro code  0x0803d0b0     0x10  usbh_it.o [1]
  .rodata             const    0x0803d0c0      0xc  apptask.o [1]
  .rodata             const    0x0803d0cc      0xc  apptask.o [1]
  .rodata             const    0x0803d0d8      0xc  apptask.o [1]
  .rodata             const    0x0803d0e4      0xc  apptask.o [1]
  .rodata             const    0x0803d0f0      0xc  apptask.o [1]
  .rodata             const    0x0803d0fc      0xc  apptask.o [1]
  .rodata             const    0x0803d108      0xc  apptask.o [1]
  .rodata             const    0x0803d114      0xc  apptask.o [1]
  .rodata             const    0x0803d120      0xc  apptask.o [1]
  .rodata             const    0x0803d12c      0xc  apptask.o [1]
  .rodata             const    0x0803d138      0xc  apptask.o [1]
  .rodata             const    0x0803d144      0xc  apptask.o [1]
  .rodata             const    0x0803d150      0xc  apptask.o [1]
  .rodata             const    0x0803d15c      0xc  bsp_sdwe050c17.o [1]
  .rodata             const    0x0803d168      0xc  bsp_sdwe050c17.o [1]
  .rodata             const    0x0803d174      0xc  demo_fatfs.o [1]
  .rodata             const    0x0803d180      0xc  ff.o [1]
  .text               ro code  0x0803d18c      0xc  cstartup_M.o [5]
  .rodata             const    0x0803d198      0x8  apptask.o [1]
  .rodata             const    0x0803d1a0      0x8  apptask.o [1]
  .rodata             const    0x0803d1a8      0x8  apptask.o [1]
  .rodata             const    0x0803d1b0      0x8  apptask.o [1]
  .rodata             const    0x0803d1b8      0x8  apptask.o [1]
  .rodata             const    0x0803d1c0      0x8  apptask.o [1]
  .rodata             const    0x0803d1c8      0x8  apptask.o [1]
  .rodata             const    0x0803d1d0      0x8  apptask.o [1]
  .rodata             const    0x0803d1d8      0x8  bsp_w25qxx.o [1]
  .rodata             const    0x0803d1e0      0x8  ff.o [1]
  .rodata             const    0x0803d1e8      0x8  malloc.o [1]
  .rodata             const    0x0803d1f0      0x8  malloc.o [1]
  .rodata             const    0x0803d1f8      0x8  malloc.o [1]
  .rodata             const    0x0803d200      0x8  tasks.o [1]
  .rodata             const    0x0803d208      0x8  timers.o [1]
  .rodata             const    0x0803d210      0x4  heap_4.o [1]
  .rodata             const    0x0803d214      0x4  port.o [1]
  .text               ro code  0x0803d218      0x4  startup_stm32f40_41xxx.o [1]
  .text               ro code  0x0803d21c      0x4  startup_stm32f40_41xxx.o [1]
  .text               ro code  0x0803d220      0x4  startup_stm32f40_41xxx.o [1]
  .text               ro code  0x0803d224      0x4  startup_stm32f40_41xxx.o [1]
  .text               ro code  0x0803d228      0x4  startup_stm32f40_41xxx.o [1]
  .text               ro code  0x0803d22c      0x4  startup_stm32f40_41xxx.o [1]
  .text               ro code  0x0803d230      0x4  startup_stm32f40_41xxx.o [1]
  .text               ro code  0x0803d234      0x4  startup_stm32f40_41xxx.o [1]
  .text               ro code  0x0803d238      0x4  startup_stm32f40_41xxx.o [1]
  .text               ro code  0x0803d23c      0x4  startup_stm32f40_41xxx.o [1]
  .text               ro code  0x0803d240      0x4  startup_stm32f40_41xxx.o [1]
  .text               ro code  0x0803d244      0x4  startup_stm32f40_41xxx.o [1]
  .text               ro code  0x0803d248      0x4  startup_stm32f40_41xxx.o [1]
  .text               ro code  0x0803d24c      0x4  startup_stm32f40_41xxx.o [1]
  .text               ro code  0x0803d250      0x4  startup_stm32f40_41xxx.o [1]
  .text               ro code  0x0803d254      0x4  startup_stm32f40_41xxx.o [1]
  .text               ro code  0x0803d258      0x4  startup_stm32f40_41xxx.o [1]
  .text               ro code  0x0803d25c      0x4  startup_stm32f40_41xxx.o [1]
  .text               ro code  0x0803d260      0x4  startup_stm32f40_41xxx.o [1]
  .text               ro code  0x0803d264      0x4  startup_stm32f40_41xxx.o [1]
  .text               ro code  0x0803d268      0x4  startup_stm32f40_41xxx.o [1]
  .text               ro code  0x0803d26c      0x4  startup_stm32f40_41xxx.o [1]
  .text               ro code  0x0803d270      0x4  startup_stm32f40_41xxx.o [1]
  .text               ro code  0x0803d274      0x4  startup_stm32f40_41xxx.o [1]
  .text               ro code  0x0803d278      0x4  startup_stm32f40_41xxx.o [1]
  .text               ro code  0x0803d27c      0x4  startup_stm32f40_41xxx.o [1]
  .text               ro code  0x0803d280      0x4  startup_stm32f40_41xxx.o [1]
  .text               ro code  0x0803d284      0x4  startup_stm32f40_41xxx.o [1]
  .text               ro code  0x0803d288      0x4  startup_stm32f40_41xxx.o [1]
  .text               ro code  0x0803d28c      0x4  startup_stm32f40_41xxx.o [1]
  .text               ro code  0x0803d290      0x4  startup_stm32f40_41xxx.o [1]
  .text               ro code  0x0803d294      0x4  startup_stm32f40_41xxx.o [1]
  .text               ro code  0x0803d298      0x4  startup_stm32f40_41xxx.o [1]
  .text               ro code  0x0803d29c      0x4  startup_stm32f40_41xxx.o [1]
  .text               ro code  0x0803d2a0      0x4  startup_stm32f40_41xxx.o [1]
  .text               ro code  0x0803d2a4      0x4  startup_stm32f40_41xxx.o [1]
  .text               ro code  0x0803d2a8      0x4  startup_stm32f40_41xxx.o [1]
  .text               ro code  0x0803d2ac      0x4  startup_stm32f40_41xxx.o [1]
  .text               ro code  0x0803d2b0      0x4  startup_stm32f40_41xxx.o [1]
  .text               ro code  0x0803d2b4      0x4  startup_stm32f40_41xxx.o [1]
  .text               ro code  0x0803d2b8      0x4  startup_stm32f40_41xxx.o [1]
  .text               ro code  0x0803d2bc      0x4  startup_stm32f40_41xxx.o [1]
  .text               ro code  0x0803d2c0      0x4  startup_stm32f40_41xxx.o [1]
  .text               ro code  0x0803d2c4      0x4  startup_stm32f40_41xxx.o [1]
  .text               ro code  0x0803d2c8      0x4  startup_stm32f40_41xxx.o [1]
  .text               ro code  0x0803d2cc      0x4  startup_stm32f40_41xxx.o [1]
  .text               ro code  0x0803d2d0      0x4  startup_stm32f40_41xxx.o [1]
  .text               ro code  0x0803d2d4      0x4  startup_stm32f40_41xxx.o [1]
  .text               ro code  0x0803d2d8      0x4  startup_stm32f40_41xxx.o [1]
  .text               ro code  0x0803d2dc      0x4  startup_stm32f40_41xxx.o [1]
  .text               ro code  0x0803d2e0      0x4  startup_stm32f40_41xxx.o [1]
  .text               ro code  0x0803d2e4      0x4  startup_stm32f40_41xxx.o [1]
  .text               ro code  0x0803d2e8      0x4  startup_stm32f40_41xxx.o [1]
  .text               ro code  0x0803d2ec      0x4  startup_stm32f40_41xxx.o [1]
  .text               ro code  0x0803d2f0      0x4  startup_stm32f40_41xxx.o [1]
  .text               ro code  0x0803d2f4      0x4  startup_stm32f40_41xxx.o [1]
  .text               ro code  0x0803d2f8      0x4  startup_stm32f40_41xxx.o [1]
  .text               ro code  0x0803d2fc      0x4  startup_stm32f40_41xxx.o [1]
  .text               ro code  0x0803d300      0x4  startup_stm32f40_41xxx.o [1]
  .text               ro code  0x0803d304      0x4  startup_stm32f40_41xxx.o [1]
  .text               ro code  0x0803d308      0x4  startup_stm32f40_41xxx.o [1]
  .text               ro code  0x0803d30c      0x4  startup_stm32f40_41xxx.o [1]
  .text               ro code  0x0803d310      0x4  startup_stm32f40_41xxx.o [1]
  .text               ro code  0x0803d314      0x4  startup_stm32f40_41xxx.o [1]
  .text               ro code  0x0803d318      0x4  startup_stm32f40_41xxx.o [1]
  .text               ro code  0x0803d31c      0x4  startup_stm32f40_41xxx.o [1]
  .text               ro code  0x0803d320      0x4  startup_stm32f40_41xxx.o [1]
  .text               ro code  0x0803d324      0x4  startup_stm32f40_41xxx.o [1]
  .text               ro code  0x0803d328      0x4  startup_stm32f40_41xxx.o [1]
  .text               ro code  0x0803d32c      0x4  startup_stm32f40_41xxx.o [1]
  .text               ro code  0x0803d330      0x4  startup_stm32f40_41xxx.o [1]
  .rodata             const    0x0803d334      0x0  zero_init3.o [5]
  .rodata             const    0x0803d334      0x0  copy_init3.o [5]
  Initializer bytes   const    0x0803d334    0x1b8  <for P2 s0>
                             - 0x0803d4ec  0x3d364

"P2":                                      0x1cd18
  P2 s0                        0x20000000    0x1b8  <Init block>
    __DLIB_PERTHREAD  inited   0x20000000     0x88  localeconv.o [3]
    .data             inited   0x20000088     0x50  demo_fatfs.o [1]
    .data             inited   0x200000d8     0x48  usbh_usr.o [1]
    .data             inited   0x20000120     0x40  xfiles.o [3]
    .data             inited   0x20000160     0x1c  malloc.o [1]
    .data             inited   0x2000017c     0x10  stm32f4xx_rcc.o [1]
    .data             inited   0x2000018c     0x10  usbh_msc_core.o [1]
    .data             inited   0x2000019c      0xc  usbh_core.o [1]
    .data             inited   0x200001a8      0x4  port.o [1]
    .data             inited   0x200001ac      0x4  system_stm32f4xx.o [1]
    .data             inited   0x200001b0      0x4  usbh_core.o [1]
    .data             inited   0x200001b4      0x2  bsp_w25qxx.o [1]
    .data             inited   0x200001b6      0x1  usbh_msc_scsi.o [1]
  .bss                zero     0x200001b8   0xf000  heap_4.o [1]
  .bss                zero     0x2000f1b8   0xa000  malloc.o [1]
  .bss                zero     0x200191b8   0x1000  bsp_w25qxx.o [1]
  .bss                zero     0x2001a1b8    0xa00  malloc.o [1]
  .bss                zero     0x2001abb8    0x5ac  usbh_usr.o [1]
  .bss                zero     0x2001b164    0x5ac  usbh_usr.o [1]
  .bss                zero     0x2001b710    0x200  ff.o [1]
  .bss                zero     0x2001b910    0x200  usbh_msc_scsi.o [1]
  .bss                zero     0x2001bb10    0x200  usbh_stdreq.o [1]
  .bss                zero     0x2001bd10     0xa4  protocol.o [1]
  .bss                zero     0x2001bdb4     0xa0  tasks.o [1]
  .bss                zero     0x2001be54     0x94  usbh_usr.o [1]
  .bss                zero     0x2001bee8     0x70  protocol.o [1]
  .bss                zero     0x2001bf58     0x64  bsp_uart_fifo.o [1]
  .bss                zero     0x2001bfbc     0x64  bsp_uart_fifo.o [1]
  .bss                zero     0x2001c020     0x58  bsp_sdio_sd.o [1]
  .bss                zero     0x2001c078     0x50  protocol.o [1]
  .bss                zero     0x2001c0c8     0x50  xfiles.o [3]
  .bss                zero     0x2001c118     0x4c  usbh_msc_core.o [1]
  .bss                zero     0x2001c164     0x3c  product_cal.o [1]
  .bss                zero     0x2001c1a0     0x34  bsp_sdwe050c17.o [1]
  .bss                zero     0x2001c1d4     0x34  para.o [1]
  .bss                zero     0x2001c208     0x28  bsp_uart_fifo.o [1]
  .bss                zero     0x2001c230     0x28  bsp_uart_fifo.o [1]
  .bss                zero     0x2001c258     0x24  ff.o [1]
  .bss                zero     0x2001c27c     0x20  usbh_msc_bot.o [1]
  .bss                zero     0x2001c29c     0x18  bsp_sdio_sd.o [1]
  .bss                zero     0x2001c2b4     0x18  bsp_sdio_sd.o [1]
  .bss                zero     0x2001c2cc     0x14  bsp_sdio_sd.o [1]
  .bss                zero     0x2001c2e0     0x14  tasks.o [1]
  .bss                zero     0x2001c2f4     0x14  tasks.o [1]
  .bss                zero     0x2001c308     0x14  tasks.o [1]
  .bss                zero     0x2001c31c     0x14  tasks.o [1]
  .bss                zero     0x2001c330     0x14  tasks.o [1]
  .bss                zero     0x2001c344     0x14  timers.o [1]
  .bss                zero     0x2001c358     0x14  timers.o [1]
  .bss                zero     0x2001c36c     0x10  bsp_sdio_sd.o [1]
  .bss                zero     0x2001c37c     0x10  bsp_sdio_sd.o [1]
  .bss                zero     0x2001c38c     0x10  usbh_msc_bot.o [1]
  .bss                zero     0x2001c39c     0x10  usbh_msc_bot.o [1]
  .bss                zero     0x2001c3ac     0x10  usbh_msc_scsi.o [1]
  .bss                zero     0x2001c3bc      0xc  apptask.o [1]
  .bss                zero     0x2001c3c8      0xc  apptask.o [1]
  .bss                zero     0x2001c3d4      0xc  ff.o [1]
  .bss                zero     0x2001c3e0      0xc  protocol.o [1]
  .bss                zero     0x2001c3ec      0xc  protocol.o [1]
  .bss                zero     0x2001c3f8      0xc  protocol.o [1]
  .bss                zero     0x2001c404      0x8  heap_4.o [1]
  .bss                zero     0x2001c40c      0x8  modbus.o [1]
  .bss                zero     0x2001c414      0x8  protocol.o [1]
  .bss                zero     0x2001c41c      0x4  apptask.o [1]
  .bss                zero     0x2001c420      0x4  apptask.o [1]
  .bss                zero     0x2001c424      0x4  apptask.o [1]
  .bss                zero     0x2001c428      0x4  apptask.o [1]
  .bss                zero     0x2001c42c      0x4  apptask.o [1]
  .bss                zero     0x2001c430      0x4  apptask.o [1]
  .bss                zero     0x2001c434      0x4  apptask.o [1]
  .bss                zero     0x2001c438      0x4  apptask.o [1]
  .bss                zero     0x2001c43c      0x4  apptask.o [1]
  .bss                zero     0x2001c440      0x4  apptask.o [1]
  .bss                zero     0x2001c444      0x4  apptask.o [1]
  .bss                zero     0x2001c448      0x4  apptask.o [1]
  .bss                zero     0x2001c44c      0x4  apptask.o [1]
  .bss                zero     0x2001c450      0x4  apptask.o [1]
  .bss                zero     0x2001c454      0x4  apptask.o [1]
  .bss                zero     0x2001c458      0x4  apptask.o [1]
  .bss                zero     0x2001c45c      0x4  apptask.o [1]
  .bss                zero     0x2001c460      0x4  bsp_sdio_sd.o [1]
  .bss                zero     0x2001c464      0x4  bsp_sdio_sd.o [1]
  .bss                zero     0x2001c468      0x4  bsp_sdio_sd.o [1]
  .bss                zero     0x2001c46c      0x4  bsp_sdio_sd.o [1]
  .bss                zero     0x2001c470      0x4  bsp_sdio_sd.o [1]
  .bss                zero     0x2001c474      0x4  bsp_timer.o [1]
  .bss                zero     0x2001c478      0x4  bsp_timer.o [1]
  .bss                zero     0x2001c47c      0x4  bsp_timer.o [1]
  .bss                zero     0x2001c480      0x4  bsp_timer.o [1]
  .bss                zero     0x2001c484      0x4  heap_4.o [1]
  .bss                zero     0x2001c488      0x4  heap_4.o [1]
  .bss                zero     0x2001c48c      0x4  heap_4.o [1]
  .bss                zero     0x2001c490      0x4  heap_4.o [1]
  .bss                zero     0x2001c494      0x4  port.o [1]
  .bss                zero     0x2001c498      0x4  SysInfoTest.o [1]
  .bss                zero     0x2001c49c      0x4  tasks.o [1]
  .bss                zero     0x2001c4a0      0x4  tasks.o [1]
  .bss                zero     0x2001c4a4      0x4  tasks.o [1]
  .bss                zero     0x2001c4a8      0x4  tasks.o [1]
  .bss                zero     0x2001c4ac      0x4  tasks.o [1]
  .bss                zero     0x2001c4b0      0x4  tasks.o [1]
  .bss                zero     0x2001c4b4      0x4  tasks.o [1]
  .bss                zero     0x2001c4b8      0x4  tasks.o [1]
  .bss                zero     0x2001c4bc      0x4  tasks.o [1]
  .bss                zero     0x2001c4c0      0x4  tasks.o [1]
  .bss                zero     0x2001c4c4      0x4  tasks.o [1]
  .bss                zero     0x2001c4c8      0x4  tasks.o [1]
  .bss                zero     0x2001c4cc      0x4  tasks.o [1]
  .bss                zero     0x2001c4d0      0x4  tasks.o [1]
  .bss                zero     0x2001c4d4      0x4  tasks.o [1]
  .bss                zero     0x2001c4d8      0x4  tasks.o [1]
  .bss                zero     0x2001c4dc      0x4  timers.o [1]
  .bss                zero     0x2001c4e0      0x4  timers.o [1]
  .bss                zero     0x2001c4e4      0x4  timers.o [1]
  .bss                zero     0x2001c4e8      0x4  timers.o [1]
  .bss                zero     0x2001c4ec      0x4  usbh_msc_bot.o [1]
  .bss                zero     0x2001c4f0      0x4  usbh_msc_bot.o [1]
  .bss                zero     0x2001c4f4      0x4  usbh_msc_bot.o [1]
  .bss                zero     0x2001c4f8      0x4  usbh_msc_bot.o [1]
  .bss                zero     0x2001c4fc      0x2  bsp_sdwe050c17.o [1]
  .bss                zero     0x2001c4fe      0x2  ff.o [1]
  .bss                zero     0x2001c500      0x2  usbh_core.o [1]
  .bss                zero     0x2001c502      0x2  usbh_stdreq.o [1]
  .bss                zero     0x2001c504      0x1  apptask.o [1]
  .bss                zero     0x2001c505      0x1  apptask.o [1]
  .bss                zero     0x2001c506      0x1  apptask.o [1]
  .bss                zero     0x2001c507      0x1  apptask.o [1]
  .bss                zero     0x2001c508      0x1  apptask.o [1]
  .bss                zero     0x2001c509      0x1  bsp_sdio_sd.o [1]
  .bss                zero     0x2001c50a      0x1  bsp_uart_fifo.o [1]
  .bss                zero     0x2001c50b      0x1  port.o [1]
  .bss                zero     0x2001c50c      0x1  protocol.o [1]
  .bss                zero     0x2001c50d      0x1  usbh_msc_bot.o [1]
  .bss                zero     0x2001c50e      0x1  usbh_msc_core.o [1]
  .bss                zero     0x2001c50f      0x1  usbh_msc_core.o [1]
  .bss                zero     0x2001c510      0x1  usbh_stdreq.o [1]
  .bss                zero     0x2001c511      0x1  usbh_usr.o [1]
  CSTACK                       0x2001c518    0x800  <Block>
    CSTACK            uninit   0x2001c518    0x800  <Block tail>
                             - 0x2001cd18  0x1cd18

Absolute sections:                         0xff000
  .bss                zero     0x68000000  0xf0000  malloc.o [1]
  .bss                zero     0x680f0000   0xf000  malloc.o [1]
                             - 0x680ff000  0xff000


*******************************************************************************
*** INIT TABLE
***

          Address     Size
          -------     ----
Zero (__iar_zero_init3)
    2 destination ranges, total size 0x11b35a:
          0x200001b8  0x1c35a
          0x68000000  0xff000

Copy (__iar_copy_init3)
    1 source range, total size 0x1b8 (100% of destination):
          0x0803d334    0x1b8
    1 destination range, total size 0x1b7:
          0x20000000    0x1b7



*******************************************************************************
*** MODULE SUMMARY
***

    Module                    ro code  ro data  rw data    rw data
                                                            (abs)
    ------                    -------  -------  -------    -------
F:\work\YarnControl_Driver\src\stm32f4_rtos\Project\EWARMv7\Flash\Obj: [1]
    SysInfoTest.o                  60                 4
    apptask.o                   8 980    1 440       97
    bsp.o                          80
    bsp_closeSW.o                 212
    bsp_dwt.o                     116
    bsp_led.o                     192
    bsp_sdio_sd.o               6 744               209
    bsp_sdwe050c17.o            1 228       56       54
    bsp_servomotor.o              196
    bsp_spi.o                     292
    bsp_stepmotor.o               540
    bsp_sw_onoff.o                104
    bsp_tim_pwm.o                 736
    bsp_timer.o                   516                16
    bsp_uart_fifo.o             2 488               281
    bsp_w25qxx.o                  880       10    4 098
    bsp_watchdog.o                  8
    cc936.o                       244  176 320
    demo_fatfs.o                           772       80
    diskio.o                      740
    esp8266_handler.o              16
    event_groups.o                610
    ff.o                        8 804       36      562
    heap_4.o                      640        4   61 464
    list.o                        152
    main.o                         52       32
    malloc.o                      540       52   43 548  1 044 480
    mcheck.o                      184      768
    misc.o                        136
    modbus.o                      852                 8
    para.o                        412                52
    port.o                        588        8        9
    portasm.o                     168
    product_cal.o                 374                60
    protocol.o                     68               401
    queue.o                     1 992
    startup_stm32f40_41xxx.o      692
    stm32f4xx_dma.o               692
    stm32f4xx_exti.o              192
    stm32f4xx_gpio.o              300
    stm32f4xx_it.o                 56       44
    stm32f4xx_iwdg.o               16
    stm32f4xx_rcc.o               452       16       16
    stm32f4xx_sdio.o              380
    stm32f4xx_spi.o               116
    stm32f4xx_syscfg.o             84
    stm32f4xx_tim.o               748
    stm32f4xx_usart.o             558
    system_stm32f4xx.o            340        4        4
    tasks.o                     3 072        8      324
    timers.o                    1 188        8       56
    usb_bsp.o                     332
    usb_core.o                  2 640
    usb_hcd.o                     214
    usb_hcd_int.o               3 198
    usbh_core.o                 1 888       16       18
    usbh_hcs.o                    442
    usbh_ioreq.o                  582
    usbh_it.o                      16
    usbh_msc_bot.o              1 364                81
    usbh_msc_core.o             1 000       16       94
    usbh_msc_scsi.o             1 560        1      529
    usbh_stdreq.o               1 078               515
    usbh_usr.o                    438      628    3 125
    --------------------------------------------------------------
    Total:                     63 582  180 239  115 705  1 044 480

command line: [2]
    --------------------------------------------------------------
    Total:

dl7M_tlf.a: [3]
    div.o                          14
    exit.o                          4
    localeconv.o                  108      136      136
    printf.o                       36
    putchar.o                      12
    sprintf.o                      52
    strcat.o                       28
    strstr.o                       44
    xfiles.o                                64      144
    xprintffull_nomb.o          3 478
    xprout.o                       22
    xsprout.o                      10
    --------------------------------------------------------------
    Total:                      3 808      200      280

m7M_tls.a: [4]
    DblAdd.o                      212
    DblCmpGe.o                     46
    DblCmpLe.o                     46
    DblDiv.o                      598
    DblMul.o                      418
    DblSub.o                      384
    DblToI32.o                     88
    FltToDbl.o                     78
    I32ToDbl.o                     48
    fpinit_M.o                     34
    xdnorm.o                       66
    xdscale.o                     276
    --------------------------------------------------------------
    Total:                      2 294

rt7M_tl.a: [5]
    ABImemcpy_unaligned.o         118
    ABImemset.o                   102
    I64DivMod.o                   238
    I64DivZer.o                     2
    cexit.o                        10
    cmain.o                        26
    copy_init3.o                   44
    cstartup_M.o                   12
    data_init.o                    40
    memchr.o                       88
    strchr.o                       22
    strcmp_unaligned.o             66
    strlen.o                       54
    zero_init3.o                   64
    --------------------------------------------------------------
    Total:                        886

shb_l.a: [6]
    exit.o                         20
    --------------------------------------------------------------
    Total:                         20

    Gaps                           40        2
    Linker created                          45    2 048
------------------------------------------------------------------
    Grand Total:               70 630  180 486  118 033  1 044 480


*******************************************************************************
*** ENTRY LIST
***

Entry                      Address     Size  Type      Object
-----                      -------     ----  ----      ------
.iar.init_table$$Base   0x0803ca4c            --   Gb  - Linker created -
.iar.init_table$$Limit  0x0803ca78            --   Gb  - Linker created -
?main                   0x0803cd61           Code  Gb  cmain.o [5]
APBAHBPrescTable        0x2000017c     0x10  Data  Lc  stm32f4xx_rcc.o [1]
AppObjCreate            0x0802caf5    0x10a  Code  Gb  apptask.o [1]
AppTaskCreate           0x0802c9d5     0xf4  Code  Gb  apptask.o [1]
BOTStallErrorCount      0x2001c4ec      0x4  Data  Lc  usbh_msc_bot.o [1]
BusFault_Handler        0x0803c777      0x2  Code  Gb  stm32f4xx_it.o [1]
CID_Tab                 0x2001c37c     0x10  Data  Lc  bsp_sdio_sd.o [1]
CRC16HiTable            0x0803c094    0x100  Data  Gb  mcheck.o [1]
CRC16LoTable            0x0803c194    0x100  Data  Gb  mcheck.o [1]
CRC8Table               0x0803c294    0x100  Data  Gb  mcheck.o [1]
CSD_Tab                 0x2001c36c     0x10  Data  Lc  bsp_sdio_sd.o [1]
CSTACK$$Base            0x2001c518            --   Gb  - Linker created -
CSTACK$$Limit           0x2001cd18            --   Gb  - Linker created -
CardType                0x2001c460      0x4  Data  Lc  bsp_sdio_sd.o [1]
CmdError                0x080387e5     0x38  Code  Lc  bsp_sdio_sd.o [1]
CmdResp1Error           0x08038889    0x112  Code  Lc  bsp_sdio_sd.o [1]
CmdResp2Error           0x080389d9     0x52  Code  Lc  bsp_sdio_sd.o [1]
CmdResp3Error           0x0803899b     0x3e  Code  Lc  bsp_sdio_sd.o [1]
CmdResp6Error           0x08038a2b     0xa6  Code  Lc  bsp_sdio_sd.o [1]
CmdResp7Error           0x0803881d     0x58  Code  Lc  bsp_sdio_sd.o [1]
ConfigExitNVIC          0x0803c3ff     0x22  Code  Gb  bsp_closeSW.o [1]
ConfigUartNVIC          0x080335a9     0x9a  Code  Lc  bsp_uart_fifo.o [1]
DMA2_Stream3_IRQHandler
                        0x080390cd      0x8  Code  Gb  bsp_sdio_sd.o [1]
DMAEndOfTransfer        0x2001c470      0x4  Data  Gb  bsp_sdio_sd.o [1]
DMA_ClearFlag           0x08036337     0x24  Code  Gb  stm32f4xx_dma.o [1]
DMA_Cmd                 0x080362ed     0x1a  Code  Gb  stm32f4xx_dma.o [1]
DMA_DeInit              0x08036155    0x140  Code  Gb  stm32f4xx_dma.o [1]
DMA_FlowControllerConfig
                        0x08036307     0x18  Code  Gb  stm32f4xx_dma.o [1]
DMA_GetCmdStatus        0x0803631f     0x18  Code  Gb  stm32f4xx_dma.o [1]
DMA_ITConfig            0x0803635b     0x42  Code  Gb  stm32f4xx_dma.o [1]
DMA_Init                0x08036295     0x58  Code  Gb  stm32f4xx_dma.o [1]
DebugMon_Handler        0x0803c77b      0x2  Code  Gb  stm32f4xx_it.o [1]
DiskFile_init           0x08032025     0x40  Code  Gb  protocol.o [1]
Disk_File               0x2001bee8     0x70  Data  Gb  protocol.o [1]
EXTI9_5_IRQHandler      0x0803c421     0x3c  Code  Gb  bsp_closeSW.o [1]
EXTI_ClearITPendingBit  0x0803c55f      0x6  Code  Gb  stm32f4xx_exti.o [1]
EXTI_GetITStatus        0x0803c545     0x1a  Code  Gb  stm32f4xx_exti.o [1]
EXTI_Init               0x0803c4bd     0x88  Code  Gb  stm32f4xx_exti.o [1]
FR_Table                0x20000088     0x50  Data  Gb  demo_fatfs.o [1]
FatFs                   0x2001c3d4      0xc  Data  Lc  ff.o [1]
File_info               0x2001c078     0x50  Data  Gb  protocol.o [1]
Files                   0x2001c258     0x24  Data  Lc  ff.o [1]
FindSCR                 0x08038c79    0x206  Code  Lc  bsp_sdio_sd.o [1]
Fsid                    0x2001c4fe      0x2  Data  Lc  ff.o [1]
GPIO_Init               0x08033029     0xaa  Code  Gb  stm32f4xx_gpio.o [1]
GPIO_PinAFConfig        0x080330fb     0x5a  Code  Gb  stm32f4xx_gpio.o [1]
GPIO_ReadInputDataBit   0x080330d3     0x1a  Code  Gb  stm32f4xx_gpio.o [1]
GPIO_WriteBit           0x080330ed      0xe  Code  Gb  stm32f4xx_gpio.o [1]
GetDeviceState          0x08031ff1     0x2e  Code  Gb  bsp_sw_onoff.o [1]
HCD_GetCurrentFrame     0x08034f19      0x8  Code  Gb  usb_hcd.o [1]
HCD_GetCurrentSpeed     0x08034efb     0x10  Code  Gb  usb_hcd.o [1]
HCD_GetURB_State        0x08034f21      0xa  Code  Gb  usb_hcd.o [1]
HCD_GetXferCnt          0x08034f2b      0xc  Code  Gb  usb_hcd.o [1]
HCD_Init                0x08034e89     0x72  Code  Gb  usb_hcd.o [1]
HCD_ResetPort           0x08034f0b      0xe  Code  Gb  usb_hcd.o [1]
HCD_SubmitRequest       0x08034f37     0x28  Code  Gb  usb_hcd.o [1]
HardFault_Handler       0x0803c747     0x22  Code  Gb  stm32f4xx_it.o [1]
IWDG_Feed               0x080328f9      0x8  Code  Gb  bsp_watchdog.o [1]
IWDG_ReloadCounter      0x08035e6d      0xa  Code  Gb  stm32f4xx_iwdg.o [1]
InitHardUart            0x080331c5    0x3e4  Code  Lc  bsp_uart_fifo.o [1]
Init_JINGSHA_GUI        0x0802e1ab     0xd2  Code  Gb  bsp_sdwe050c17.o [1]
LfnBuf                  0x2001b710    0x200  Data  Lc  ff.o [1]
LfnOfs                  0x0803d050     0x10  Data  Lc  ff.o [1]
LoadInt                 0x080341bd     0x6e  Code  Lc  xprintffull_nomb.o [3]
MSCErrorCount           0x2001c50e      0x1  Data  Gb  usbh_msc_core.o [1]
MSC_Machine             0x2001c118     0x4c  Data  Gb  usbh_msc_core.o [1]
MSG_DEV_ATTACHED        0x0803cef0     0x18  Data  Gb  usbh_usr.o [1]
MSG_DEV_DISCONNECTED    0x0803cf08     0x18  Data  Gb  usbh_usr.o [1]
MSG_DEV_ENUMERATED      0x0803cd0c     0x1c  Data  Gb  usbh_usr.o [1]
MSG_DEV_ERROR           0x0803cfbc     0x14  Data  Gb  usbh_usr.o [1]
MSG_DEV_FULLSPEED       0x0803cb98     0x20  Data  Gb  usbh_usr.o [1]
MSG_DEV_HIGHSPEED       0x0803cb78     0x20  Data  Gb  usbh_usr.o [1]
MSG_DEV_LOWSPEED        0x0803cbb8     0x20  Data  Gb  usbh_usr.o [1]
MSG_HID_CLASS           0x0803cd28     0x1c  Data  Gb  usbh_usr.o [1]
MSG_MSC_CLASS           0x0803ca04     0x24  Data  Gb  usbh_usr.o [1]
MSG_UNREC_ERROR         0x0803cd44     0x1c  Data  Gb  usbh_usr.o [1]
MemManage_Handler       0x0803c775      0x2  Code  Gb  stm32f4xx_it.o [1]
NMI_Handler             0x0803c745      0x2  Code  Gb  stm32f4xx_it.o [1]
NVIC_Init               0x08034cbf     0x6a  Code  Gb  misc.o [1]
NVIC_PriorityGroupConfig
                        0x08034cb5      0xa  Code  Gb  misc.o [1]
OTG_FS_IRQHandler       0x0803d0b1     0x10  Code  Gb  usbh_it.o [1]
PendSV_Handler          0x08035e7d           Code  Gb  portasm.o [1]
RCA                     0x2001c464      0x4  Data  Lc  bsp_sdio_sd.o [1]
RCC_AHB1PeriphClockCmd  0x08032f67     0x22  Code  Gb  stm32f4xx_rcc.o [1]
RCC_AHB2PeriphClockCmd  0x08032f89     0x1e  Code  Gb  stm32f4xx_rcc.o [1]
RCC_APB1PeriphClockCmd  0x08032fa7     0x1e  Code  Gb  stm32f4xx_rcc.o [1]
RCC_APB2PeriphClockCmd  0x08032fc5     0x1e  Code  Gb  stm32f4xx_rcc.o [1]
RCC_APB2PeriphResetCmd  0x08032fe3     0x1e  Code  Gb  stm32f4xx_rcc.o [1]
RCC_GetClocksFreq       0x08032e65    0x102  Code  Gb  stm32f4xx_rcc.o [1]
RS485_InitTXE           0x08033191     0x34  Code  Gb  bsp_uart_fifo.o [1]
RS485_sendbuf           0x080339b1     0x3c  Code  Gb  bsp_uart_fifo.o [1]
Region$$Table$$Base     0x0803ca4c            --   Gb  - Linker created -
Region$$Table$$Limit    0x0803ca78            --   Gb  - Linker created -
SDCardInfo              0x2001c020     0x58  Data  Gb  bsp_sdio_sd.o [1]
SDEnWideBus             0x08038add    0x198  Code  Lc  bsp_sdio_sd.o [1]
SDIO_ClearFlag          0x08039e2d      0x6  Code  Gb  stm32f4xx_sdio.o [1]
SDIO_ClearITPendingBit  0x08039e4d      0x6  Code  Gb  stm32f4xx_sdio.o [1]
SDIO_ClockCmd           0x08039d5b      0x8  Code  Gb  stm32f4xx_sdio.o [1]
SDIO_CmdInitStructure   0x2001c2cc     0x14  Data  Gb  bsp_sdio_sd.o [1]
SDIO_DMACmd             0x08039ded      0x8  Code  Gb  stm32f4xx_sdio.o [1]
SDIO_DataConfig         0x08039db9     0x2e  Code  Gb  stm32f4xx_sdio.o [1]
SDIO_DataInitStructure  0x2001c2b4     0x18  Data  Gb  bsp_sdio_sd.o [1]
SDIO_DeInit             0x08039d19     0x18  Code  Gb  stm32f4xx_sdio.o [1]
SDIO_GetCommandResponse
                        0x08039d9b      0x8  Code  Gb  stm32f4xx_sdio.o [1]
SDIO_GetFlagStatus      0x08039e13     0x1a  Code  Gb  stm32f4xx_sdio.o [1]
SDIO_GetITStatus        0x08039e33     0x1a  Code  Gb  stm32f4xx_sdio.o [1]
SDIO_GetPowerState      0x08039d69      0xa  Code  Gb  stm32f4xx_sdio.o [1]
SDIO_GetResponse        0x08039da3     0x16  Code  Gb  stm32f4xx_sdio.o [1]
SDIO_IRQHandler         0x080390c5      0x8  Code  Gb  bsp_sdio_sd.o [1]
SDIO_ITConfig           0x08039df5     0x1e  Code  Gb  stm32f4xx_sdio.o [1]
SDIO_Init               0x08039d31     0x2a  Code  Gb  stm32f4xx_sdio.o [1]
SDIO_InitStructure      0x2001c29c     0x18  Data  Gb  bsp_sdio_sd.o [1]
SDIO_Interrupts_Config  0x08039089     0x3c  Code  Gb  bsp_sdio_sd.o [1]
SDIO_ReadData           0x08039de7      0x6  Code  Gb  stm32f4xx_sdio.o [1]
SDIO_SendCommand        0x08039d73     0x28  Code  Gb  stm32f4xx_sdio.o [1]
SDIO_SetPowerState      0x08039d63      0x6  Code  Gb  stm32f4xx_sdio.o [1]
SD_Detect               0x08037781     0x22  Code  Gb  bsp_sdio_sd.o [1]
SD_EnableWideBusOperation
                        0x08037f7d     0xc8  Code  Gb  bsp_sdio_sd.o [1]
SD_GetCardInfo          0x08037b91    0x3ec  Code  Gb  bsp_sdio_sd.o [1]
SD_GetState             0x08037757     0x2a  Code  Gb  bsp_sdio_sd.o [1]
SD_GetStatus            0x08037735     0x22  Code  Gb  bsp_sdio_sd.o [1]
SD_Init                 0x0803767d     0xb8  Code  Gb  bsp_sdio_sd.o [1]
SD_InitializeCards      0x080379ef    0x1a2  Code  Gb  bsp_sdio_sd.o [1]
SD_LowLevel_DMA_RxConfig
                        0x08038fd3     0x8e  Code  Gb  bsp_sdio_sd.o [1]
SD_LowLevel_DMA_TxConfig
                        0x08038f45     0x8e  Code  Gb  bsp_sdio_sd.o [1]
SD_LowLevel_Init        0x08038e81     0xbc  Code  Gb  bsp_sdio_sd.o [1]
SD_PowerON              0x080377a3    0x24c  Code  Gb  bsp_sdio_sd.o [1]
SD_ProcessDMAIRQ        0x080387c1     0x22  Code  Gb  bsp_sdio_sd.o [1]
SD_ProcessIRQSrc        0x08038713     0xae  Code  Gb  bsp_sdio_sd.o [1]
SD_ReadBlock            0x0803807d    0x108  Code  Gb  bsp_sdio_sd.o [1]
SD_ReadMultiBlocks      0x08038185    0x134  Code  Gb  bsp_sdio_sd.o [1]
SD_SelectDeselect       0x08038045     0x38  Code  Gb  bsp_sdio_sd.o [1]
SD_SendStatus           0x080386a5     0x6e  Code  Gb  bsp_sdio_sd.o [1]
SD_StopTransfer         0x0803865d     0x44  Code  Gb  bsp_sdio_sd.o [1]
SD_WaitReadOperation    0x080382bd     0x96  Code  Gb  bsp_sdio_sd.o [1]
SD_WriteBlock           0x0803835d    0x11e  Code  Gb  bsp_sdio_sd.o [1]
SD_WriteMultiBlocks     0x08038489    0x1cc  Code  Gb  bsp_sdio_sd.o [1]
SPI1_Init               0x08033b0d     0xc0  Code  Gb  bsp_spi.o [1]
SPI1_ReadWriteByte      0x08033bf5     0x32  Code  Gb  bsp_spi.o [1]
SPI1_SetSpeed           0x08033bcd     0x28  Code  Gb  bsp_spi.o [1]
SPI_Cmd                 0x08036449     0x1c  Code  Gb  stm32f4xx_spi.o [1]
SPI_I2S_GetFlagStatus   0x08036465     0x18  Code  Gb  stm32f4xx_spi.o [1]
SPI_Init                0x08036409     0x40  Code  Gb  stm32f4xx_spi.o [1]
SVC_Handler             0x08035ed5           Code  Gb  portasm.o [1]
SYSCFG_EXTILineConfig   0x0803c469     0x50  Code  Gb  stm32f4xx_syscfg.o [1]
Sdwe_ClearReadDisk      0x0802e401     0x1c  Code  Gb  bsp_sdwe050c17.o [1]
Sdwe_clearString        0x0802e375     0x44  Code  Gb  bsp_sdwe050c17.o [1]
Sdwe_clear_filename     0x0802e44d     0x2a  Code  Gb  bsp_sdwe050c17.o [1]
Sdwe_disDigi            0x0802e2b7     0x4c  Code  Gb  bsp_sdwe050c17.o [1]
Sdwe_disPicture         0x0802e27d     0x3a  Code  Gb  bsp_sdwe050c17.o [1]
Sdwe_disString          0x0802e303     0x72  Code  Gb  bsp_sdwe050c17.o [1]
Sdwe_readRTC            0x0802e41d     0x30  Code  Gb  bsp_sdwe050c17.o [1]
Sdwe_refresh_allname    0x0802e5a5     0x48  Code  Gb  bsp_sdwe050c17.o [1]
Sdwe_refresh_filename   0x0802e477    0x112  Code  Gb  bsp_sdwe050c17.o [1]
Sdwe_writeIcon          0x0802e3b9     0x48  Code  Gb  bsp_sdwe050c17.o [1]
SetSysClock             0x0803bf93     0xce  Code  Lc  system_stm32f4xx.o [1]
SlavePara               0x2001bd10     0xa4  Data  Gb  protocol.o [1]
StopCondition           0x2001c468      0x4  Data  Gb  bsp_sdio_sd.o [1]
SysTick_Handler         0x08032a87     0x2c  Code  Gb  port.o [1]
SystemCoreClock         0x200001ac      0x4  Data  Gb  system_stm32f4xx.o [1]
SystemInit              0x0803bf41     0x52  Code  Gb  system_stm32f4xx.o [1]
TIM1_PWM_SETPMOTOR      0x0803bafd     0x9e  Code  Gb  bsp_stepmotor.o [1]
TIM2_IRQHandler         0x0802ec89     0xac  Code  Gb  bsp_timer.o [1]
TIM3_PWM_SETPMOTOR      0x0803ba95     0x68  Code  Gb  bsp_stepmotor.o [1]
TIM6_DAC_IRQHandler     0x0803c6e3     0x22  Code  Gb  SysInfoTest.o [1]
TIM_ARRPreloadConfig    0x08034a33     0x1c  Code  Gb  stm32f4xx_tim.o [1]
TIM_CallBack1           0x0802cc09     0x14  Code  Gb  apptask.o [1]
TIM_ClearITPendingBit   0x08034cad      0x8  Code  Gb  stm32f4xx_tim.o [1]
TIM_Cmd                 0x08034a4f     0x1c  Code  Gb  stm32f4xx_tim.o [1]
TIM_CtrlPWMOutputs      0x08034c43     0x22  Code  Gb  stm32f4xx_tim.o [1]
TIM_GetITStatus         0x08034c7b     0x32  Code  Gb  stm32f4xx_tim.o [1]
TIM_ITConfig            0x08034c65     0x16  Code  Gb  stm32f4xx_tim.o [1]
TIM_OC2Init             0x08034a6b     0x8c  Code  Gb  stm32f4xx_tim.o [1]
TIM_OC2PreloadConfig    0x08034c09     0x14  Code  Gb  stm32f4xx_tim.o [1]
TIM_OC3Init             0x08034af7     0x8a  Code  Gb  stm32f4xx_tim.o [1]
TIM_OC3PreloadConfig    0x08034c1d     0x12  Code  Gb  stm32f4xx_tim.o [1]
TIM_OC4Init             0x08034b81     0x68  Code  Gb  stm32f4xx_tim.o [1]
TIM_OC4PreloadConfig    0x08034c2f     0x14  Code  Gb  stm32f4xx_tim.o [1]
TIM_TimeBaseInit        0x080349c9     0x6a  Code  Gb  stm32f4xx_tim.o [1]
Task_iwdg_refresh       0x0802cc5d     0x56  Code  Gb  apptask.o [1]
TransferEnd             0x2001c46c      0x4  Data  Gb  bsp_sdio_sd.o [1]
TransferError           0x2001c509      0x1  Data  Gb  bsp_sdio_sd.o [1]
UART1ToPC               0x08033951     0x30  Code  Gb  bsp_uart_fifo.o [1]
UART2ToPC               0x08033981     0x30  Code  Gb  bsp_uart_fifo.o [1]
UART2_RX_BUF            0x2001bfbc     0x64  Data  Gb  bsp_uart_fifo.o [1]
UART3ToPC               0x080339ed     0x30  Code  Gb  bsp_uart_fifo.o [1]
UART4ToPC               0x08033a1d     0x30  Code  Gb  bsp_uart_fifo.o [1]
UART4_IRQHandler        0x080338c3     0x84  Code  Gb  bsp_uart_fifo.o [1]
UART4_RX_BUF            0x2001bf58     0x64  Data  Gb  bsp_uart_fifo.o [1]
UART5ToPC               0x08033a4d     0x30  Code  Gb  bsp_uart_fifo.o [1]
UART5_IRQHandler        0x08033947      0xa  Code  Gb  bsp_uart_fifo.o [1]
USART1_IRQHandler       0x08033833     0x1e  Code  Gb  bsp_uart_fifo.o [1]
USART2_IRQHandler       0x08033851     0x68  Code  Gb  bsp_uart_fifo.o [1]
USART3_IRQHandler       0x080338b9      0xa  Code  Gb  bsp_uart_fifo.o [1]
USART_ClearFlag         0x080360d7      0xc  Code  Gb  stm32f4xx_usart.o [1]
USART_Cmd               0x08036021     0x1c  Code  Gb  stm32f4xx_usart.o [1]
USART_DMACmd            0x0803604d     0x16  Code  Gb  stm32f4xx_usart.o [1]
USART_GetFlagStatus     0x080360b9     0x1e  Code  Gb  stm32f4xx_usart.o [1]
USART_GetITStatus       0x080360e3     0x70  Code  Gb  stm32f4xx_usart.o [1]
USART_ITConfig          0x08036063     0x56  Code  Gb  stm32f4xx_usart.o [1]
USART_Init              0x08035f25     0xee  Code  Gb  stm32f4xx_usart.o [1]
USART_ReceiveData       0x08036045      0x8  Code  Gb  stm32f4xx_usart.o [1]
USART_SendData          0x0803603d      0x8  Code  Gb  stm32f4xx_usart.o [1]
USBH_Alloc_Channel      0x08035079     0x2e  Code  Gb  usbh_hcs.o [1]
USBH_BulkReceiveData    0x0803571d     0x62  Code  Gb  usbh_ioreq.o [1]
USBH_BulkSendData       0x080356bb     0x62  Code  Gb  usbh_ioreq.o [1]
USBH_CfgDesc            0x2001bb10    0x200  Data  Gb  usbh_stdreq.o [1]
USBH_ClrFeature         0x080352c3     0x4c  Code  Gb  usbh_stdreq.o [1]
USBH_Connected          0x0802ef05      0xc  Code  Gb  usbh_core.o [1]
USBH_CtlReceiveData     0x08035675     0x46  Code  Gb  usbh_ioreq.o [1]
USBH_CtlReq             0x0803554f     0x6e  Code  Gb  usbh_ioreq.o [1]
USBH_CtlSendData        0x08035601     0x74  Code  Gb  usbh_ioreq.o [1]
USBH_CtlSendSetup       0x080355bd     0x44  Code  Gb  usbh_ioreq.o [1]
USBH_DataInBuffer       0x2001b910    0x200  Data  Gb  usbh_msc_scsi.o [1]
USBH_DeAllocate_AllChannel
                        0x080350cb     0x20  Code  Gb  usbh_hcs.o [1]
USBH_DeInit             0x0802ef6b     0x3e  Code  Gb  usbh_core.o [1]
USBH_Disconnected       0x0802ef11      0xc  Code  Gb  usbh_core.o [1]
USBH_ErrorHandle        0x0802f17b     0x34  Code  Gb  usbh_core.o [1]
USBH_Free_Channel       0x080350a7     0x24  Code  Gb  usbh_hcs.o [1]
USBH_GetDescriptor      0x08035223     0x4e  Code  Gb  usbh_stdreq.o [1]
USBH_GetFreeChannel     0x080350eb     0x2e  Code  Lc  usbh_hcs.o [1]
USBH_GetNextDesc        0x08035537     0x18  Code  Gb  usbh_stdreq.o [1]
USBH_Get_CfgDesc        0x0803515f     0x78  Code  Gb  usbh_stdreq.o [1]
USBH_Get_DevDesc        0x08035119     0x46  Code  Gb  usbh_stdreq.o [1]
USBH_Get_StringDesc     0x080351d7     0x4c  Code  Gb  usbh_stdreq.o [1]
USBH_HCD_INT_cb         0x2000019c      0xc  Data  Gb  usbh_core.o [1]
USBH_HCD_INT_fops       0x200001b0      0x4  Data  Gb  usbh_core.o [1]
USBH_HandleControl      0x0802f3c3    0x29a  Code  Gb  usbh_core.o [1]
USBH_HandleEnum         0x0802f1af    0x214  Code  Lc  usbh_core.o [1]
USBH_Init               0x0802ef23     0x48  Code  Gb  usbh_core.o [1]
USBH_MSC_BOTReset       0x0803ae59     0x28  Code  Lc  usbh_msc_core.o [1]
USBH_MSC_BOTXferParam   0x2001c39c     0x10  Data  Gb  usbh_msc_bot.o [1]
USBH_MSC_BOT_Abort      0x08039b35     0x5c  Code  Gb  usbh_msc_bot.o [1]
USBH_MSC_CBWData        0x2001c27c     0x20  Data  Gb  usbh_msc_bot.o [1]
USBH_MSC_CSWData        0x2001c38c     0x10  Data  Gb  usbh_msc_bot.o [1]
USBH_MSC_ClassRequest   0x0803ac47     0x12  Code  Lc  usbh_msc_core.o [1]
USBH_MSC_DecodeCSW      0x08039b91     0x7a  Code  Gb  usbh_msc_bot.o [1]
USBH_MSC_ErrorHandle    0x0803aea9     0x3e  Code  Gb  usbh_msc_core.o [1]
USBH_MSC_GETMaxLUN      0x0803ae81     0x28  Code  Lc  usbh_msc_core.o [1]
USBH_MSC_Handle         0x0803ac59    0x200  Code  Lc  usbh_msc_core.o [1]
USBH_MSC_HandleBOTXfer  0x08039731    0x404  Code  Gb  usbh_msc_bot.o [1]
USBH_MSC_Init           0x080396ed     0x44  Code  Gb  usbh_msc_bot.o [1]
USBH_MSC_InterfaceDeInit
                        0x0803abfb     0x4c  Code  Lc  usbh_msc_core.o [1]
USBH_MSC_InterfaceInit  0x0803ab15     0xe6  Code  Lc  usbh_msc_core.o [1]
USBH_MSC_ModeSense6     0x080392e7    0x10c  Code  Gb  usbh_msc_scsi.o [1]
USBH_MSC_Param          0x2001c3ac     0x10  Data  Gb  usbh_msc_scsi.o [1]
USBH_MSC_Read10         0x080395cd    0x106  Code  Gb  usbh_msc_scsi.o [1]
USBH_MSC_ReadCapacity10
                        0x080391bd    0x12a  Code  Gb  usbh_msc_scsi.o [1]
USBH_MSC_RequestSense   0x080393f3     0xee  Code  Gb  usbh_msc_scsi.o [1]
USBH_MSC_TestUnitReady  0x080390d5     0xe8  Code  Gb  usbh_msc_scsi.o [1]
USBH_MSC_Write10        0x080394e1     0xec  Code  Gb  usbh_msc_scsi.o [1]
USBH_MSC_cb             0x2000018c     0x10  Data  Gb  usbh_msc_core.o [1]
USBH_Modify_Channel     0x08035005     0x74  Code  Gb  usbh_hcs.o [1]
USBH_OTG_ISR_Handler    0x08039e95     0xb8  Code  Gb  usb_hcd_int.o [1]
USBH_Open_Channel       0x08034f5f     0xa6  Code  Gb  usbh_hcs.o [1]
USBH_ParseCfgDesc       0x0803536b    0x13c  Code  Lc  usbh_stdreq.o [1]
USBH_ParseDevDesc       0x0803530f     0x5c  Code  Lc  usbh_stdreq.o [1]
USBH_ParseEPDesc        0x080354db     0x20  Code  Lc  usbh_stdreq.o [1]
USBH_ParseInterfaceDesc
                        0x080354b5     0x26  Code  Lc  usbh_stdreq.o [1]
USBH_ParseStringDesc    0x080354fb     0x3c  Code  Lc  usbh_stdreq.o [1]
USBH_Process            0x0802efa9    0x1d2  Code  Gb  usbh_core.o [1]
USBH_SOF                0x0802ef1d      0x6  Code  Gb  usbh_core.o [1]
USBH_SetAddress         0x08035271     0x2a  Code  Gb  usbh_stdreq.o [1]
USBH_SetCfg             0x0803529b     0x28  Code  Gb  usbh_stdreq.o [1]
USBH_SubmitSetupRequest
                        0x0803577f     0x16  Code  Lc  usbh_ioreq.o [1]
USBH_USR_Configuration_DescAvailable
                        0x0802ee0d     0x26  Code  Gb  usbh_usr.o [1]
USBH_USR_DeInit         0x0802ef01      0x2  Code  Gb  usbh_usr.o [1]
USBH_USR_DeviceAddressAssigned
                        0x0802ee0b      0x2  Code  Gb  usbh_usr.o [1]
USBH_USR_DeviceAttached
                        0x0802ed85      0xa  Code  Gb  usbh_usr.o [1]
USBH_USR_DeviceDisconnected
                        0x0802ed99     0x1a  Code  Gb  usbh_usr.o [1]
USBH_USR_DeviceNotSupported
                        0x0802ee77      0xa  Code  Gb  usbh_usr.o [1]
USBH_USR_DeviceSpeedDetected
                        0x0802edbd     0x36  Code  Gb  usbh_usr.o [1]
USBH_USR_Device_DescAvailable
                        0x0802edf3     0x18  Code  Gb  usbh_usr.o [1]
USBH_USR_EnumerationDone
                        0x0802ee5d     0x1a  Code  Gb  usbh_usr.o [1]
USBH_USR_Init           0x0802ed61     0x24  Code  Gb  usbh_usr.o [1]
USBH_USR_MSC_Application
                        0x0802eefd      0x4  Code  Gb  usbh_usr.o [1]
USBH_USR_Manufacturer_String
                        0x0802ee33      0xe  Code  Gb  usbh_usr.o [1]
USBH_USR_OverCurrentDetected
                        0x0802ee85      0xa  Code  Gb  usbh_usr.o [1]
USBH_USR_Product_String
                        0x0802ee41      0xe  Code  Gb  usbh_usr.o [1]
USBH_USR_ResetDevice    0x0802edb3      0xa  Code  Gb  usbh_usr.o [1]
USBH_USR_SerialNum_String
                        0x0802ee4f      0xe  Code  Gb  usbh_usr.o [1]
USBH_USR_UnrecoveredError
                        0x0802ed8f      0xa  Code  Gb  usbh_usr.o [1]
USBH_USR_UserInput      0x0802ee81      0x4  Code  Gb  usbh_usr.o [1]
USB_Host                0x2001be54     0x94  Data  Gb  usbh_usr.o [1]
USB_OTG_BSP_DisableInterrupt
                        0x08034ded     0x22  Code  Gb  usb_bsp.o [1]
USB_OTG_BSP_EnableInterrupt
                        0x08034e0f     0x54  Code  Gb  usb_bsp.o [1]
USB_OTG_BSP_Init        0x08034d3d     0xb0  Code  Gb  usb_bsp.o [1]
USB_OTG_BSP_mDelay      0x08034e7d      0xc  Code  Gb  usb_bsp.o [1]
USB_OTG_BSP_uDelay      0x08034e71      0xc  Code  Gb  usb_bsp.o [1]
USB_OTG_Core            0x2001abb8    0x5ac  Data  Gb  usbh_usr.o [1]
USB_OTG_CoreInit        0x08036e05     0xce  Code  Gb  usb_core.o [1]
USB_OTG_CoreInitHost    0x08037011     0xd0  Code  Gb  usb_core.o [1]
USB_OTG_CoreReset       0x08036c4f     0x60  Code  Lc  usb_core.o [1]
USB_OTG_DisableGlobalInt
                        0x08036ef1     0x1e  Code  Gb  usb_core.o [1]
USB_OTG_DriveVbus       0x080370f1     0x54  Code  Gb  usb_core.o [1]
USB_OTG_EnableCommonInt
                        0x08036c2d     0x22  Code  Lc  usb_core.o [1]
USB_OTG_EnableGlobalInt
                        0x08036ed3     0x1e  Code  Gb  usb_core.o [1]
USB_OTG_EnableHostInt   0x08037145     0x4e  Code  Gb  usb_core.o [1]
USB_OTG_FlushRxFifo     0x08036f57     0x40  Code  Gb  usb_core.o [1]
USB_OTG_FlushTxFifo     0x08036f0f     0x48  Code  Gb  usb_core.o [1]
USB_OTG_GetMode         0x08036fdd      0xa  Code  Gb  usb_core.o [1]
USB_OTG_HC_DoPing       0x08037635     0x48  Code  Gb  usb_core.o [1]
USB_OTG_HC_Halt         0x080375c1     0x74  Code  Gb  usb_core.o [1]
USB_OTG_HC_Init         0x080371f1    0x1d0  Code  Gb  usb_core.o [1]
USB_OTG_HC_StartXfer    0x080373c1    0x200  Code  Gb  usb_core.o [1]
USB_OTG_InitFSLSPClkSel
                        0x08037193     0x12  Code  Gb  usb_core.o [1]
USB_OTG_IsEvenFrame     0x080370e1     0x10  Code  Gb  usb_core.o [1]
USB_OTG_IsHostMode      0x08036fe7     0x18  Code  Gb  usb_core.o [1]
USB_OTG_ReadCoreItr     0x08036fff     0x12  Code  Gb  usb_core.o [1]
USB_OTG_ReadHPRT0       0x080371a5     0x1c  Code  Gb  usb_core.o [1]
USB_OTG_ReadPacket      0x08036cf7     0x2c  Code  Gb  usb_core.o [1]
USB_OTG_ResetPort       0x080371c1     0x30  Code  Gb  usb_core.o [1]
USB_OTG_SelectCore      0x08036d23     0xe2  Code  Gb  usb_core.o [1]
USB_OTG_SetCurrentMode  0x08036fa1     0x3c  Code  Gb  usb_core.o [1]
USB_OTG_USBH_handle_Disconnect_ISR
                        0x08039fd1     0x1e  Code  Lc  usb_hcd_int.o [1]
USB_OTG_USBH_handle_IncompletePeriodicXfer_ISR
                        0x0803aaeb     0x28  Code  Lc  usb_hcd_int.o [1]
USB_OTG_USBH_handle_hc_ISR
                        0x08039f4d     0x66  Code  Lc  usb_hcd_int.o [1]
USB_OTG_USBH_handle_hc_n_In_ISR
                        0x0803a65d    0x378  Code  Lc  usb_hcd_int.o [1]
USB_OTG_USBH_handle_hc_n_Out_ISR
                        0x0803a325    0x338  Code  Lc  usb_hcd_int.o [1]
USB_OTG_USBH_handle_nptxfempty_ISR
                        0x08039fef    0x118  Code  Lc  usb_hcd_int.o [1]
USB_OTG_USBH_handle_port_ISR
                        0x0803a221     0xfe  Code  Lc  usb_hcd_int.o [1]
USB_OTG_USBH_handle_ptxfempty_ISR
                        0x0803a107    0x11a  Code  Lc  usb_hcd_int.o [1]
USB_OTG_USBH_handle_rx_qlvl_ISR
                        0x0803a9d5    0x116  Code  Lc  usb_hcd_int.o [1]
USB_OTG_USBH_handle_sof_ISR
                        0x08039fb3     0x1e  Code  Lc  usb_hcd_int.o [1]
USB_OTG_WritePacket     0x08036caf     0x48  Code  Gb  usb_core.o [1]
USB_OTG_dev             0x2001b164    0x5ac  Data  Gb  usbh_usr.o [1]
USRH_cb                 0x200000d8     0x48  Data  Gb  usbh_usr.o [1]
UartDMAConfig           0x08033643     0xf8  Code  Gb  bsp_uart_fifo.o [1]
UartIRQ                 0x0803373b     0xf8  Code  Lc  bsp_uart_fifo.o [1]
UsageFault_Handler      0x0803c779      0x2  Code  Gb  stm32f4xx_it.o [1]
UserTimerCallback       0x0802cc1d     0x26  Code  Gb  apptask.o [1]
W25QXX_BUFFER           0x200191b8   0x1000  Data  Gb  bsp_w25qxx.o [1]
W25QXX_Erase_Sector     0x0802e9ab     0x52  Code  Gb  bsp_w25qxx.o [1]
W25QXX_Init             0x0802e6a9     0x54  Code  Gb  bsp_w25qxx.o [1]
W25QXX_Read             0x0802e797     0x56  Code  Gb  bsp_w25qxx.o [1]
W25QXX_ReadID           0x0802e74b     0x4c  Code  Gb  bsp_w25qxx.o [1]
W25QXX_ReadSR           0x0802e6fd     0x30  Code  Gb  bsp_w25qxx.o [1]
W25QXX_TYPE             0x200001b4      0x2  Data  Gb  bsp_w25qxx.o [1]
W25QXX_Wait_Busy        0x0802e9fd      0xc  Code  Gb  bsp_w25qxx.o [1]
W25QXX_Write            0x0802e8a1    0x10a  Code  Gb  bsp_w25qxx.o [1]
W25QXX_Write_Enable     0x0802e72d     0x1e  Code  Gb  bsp_w25qxx.o [1]
W25QXX_Write_NoCheck    0x0802e849     0x58  Code  Gb  bsp_w25qxx.o [1]
W25QXX_Write_Page       0x0802e7ed     0x5c  Code  Gb  bsp_w25qxx.o [1]
_GenldFullNoMb          0x08034733    0x24c  Code  Lc  xprintffull_nomb.o [3]
_LdtobFullNoMb          0x08034331    0x3fc  Code  Lc  xprintffull_nomb.o [3]
_LitobFullNoMb          0x0803422b    0x106  Code  Lc  xprintffull_nomb.o [3]
_Locale_aeabi_lconv     0x20000050     0x38  Data  Gb  localeconv.o [3]
_Locale_lconv           0x20000000     0x50  Data  Gb  localeconv.o [3]
_PrintfFullNoMb         0x08033c31    0x586  Code  Gb  xprintffull_nomb.o [3]
_Prout                  0x0803cf21     0x16  Code  Gb  xprout.o [3]
_PutcharsFullNoMb       0x0803497f     0x2e  Code  Lc  xprintffull_nomb.o [3]
_SProut                 0x0802e69f      0xa  Code  Gb  xsprout.o [3]
__aeabi_cdcmple         0x0803661d           Code  Gb  DblCmpLe.o [4]
__aeabi_cdrcmple        0x0803664d           Code  Gb  DblCmpGe.o [4]
__aeabi_d2iz            0x08036791           Code  Gb  DblToI32.o [4]
__aeabi_d2uiz           0x080367bd           Code  Gb  DblToI32.o [4]
__aeabi_ddiv            0x080318fd           Code  Gb  DblDiv.o [4]
__aeabi_dmul            0x08036999           Code  Gb  DblMul.o [4]
__aeabi_dsub            0x08036819           Code  Gb  DblSub.o [4]
__aeabi_f2d             0x0802ea91           Code  Gb  FltToDbl.o [4]
__aeabi_i2d             0x080367e9           Code  Gb  I32ToDbl.o [4]
__aeabi_ldiv0           0x08039c41           Code  Gb  I64DivZer.o [5]
__aeabi_memset          0x0802e639           Code  Gb  ABImemset.o [5]
__aeabi_ui2d            0x080367fd           Code  Gb  I32ToDbl.o [4]
__aeabi_uldivmod        0x080364ed           Code  Gb  I64DivMod.o [5]
__cmain                 0x0803cd61           Code  Gb  cmain.o [5]
__exit                  0x0803cd8d     0x14  Code  Gb  exit.o [6]
__iar_Dnorm             0x080365db     0x42  Code  Gb  xdnorm.o [4]
__iar_Dscale            0x0803667d    0x114  Code  Gb  xdscale.o [4]
__iar_Locale_lconv_init
                        0x08036b3d     0x3a  Code  Gb  localeconv.o [3]
__iar_Memchr            0x08036495           Code  Gb  memchr.o [5]
__iar_Memset            0x0802e639           Code  Gb  ABImemset.o [5]
__iar_Memset_word       0x0802e641           Code  Gb  ABImemset.o [5]
__iar_Stdout            0x20000120     0x40  Data  Gb  xfiles.o [3]
__iar_Strchr            0x0803647d           Code  Gb  strchr.o [5]
__iar_Strstr            0x08035e41     0x2c  Code  Gb  strstr.o [3]
__iar_copy_init3        0x0803c8f1     0x2c  Code  Gb  copy_init3.o [5]
__iar_d2uiz             0x080367c9           Code  Gb  DblToI32.o [4]
__iar_dadd              0x08039c45           Code  Gb  DblAdd.o [4]
__iar_data_init3        0x0803c995     0x28  Code  Gb  data_init.o [5]
__iar_dsub              0x0803682d           Code  Gb  DblSub.o [4]
__iar_dsubStart         0x0803683f           Code  Gb  DblSub.o [4]
__iar_init_vfp          0x0803ca29           Code  Gb  fpinit_M.o [4]
__iar_program_start     0x0803d18d           Code  Gb  cstartup_M.o [5]
__iar_ui2d              0x08036801           Code  Gb  I32ToDbl.o [4]
__iar_unaligned___aeabi_memcpy
                        0x0802ea19           Code  Gb  ABImemcpy_unaligned.o [5]
__iar_unaligned___aeabi_memcpy4
                        0x0802ea39           Code  Gb  ABImemcpy_unaligned.o [5]
__iar_unaligned___aeabi_memcpy8
                        0x0802ea39           Code  Gb  ABImemcpy_unaligned.o [5]
__iar_unaligned_strcmp  0x0802eb05           Code  Gb  strcmp_unaligned.o [5]
__iar_zero_init3        0x0803c691     0x40  Code  Gb  zero_init3.o [5]
__vector_table          0x08000000           Data  Gb  startup_stm32f40_41xxx.o [1]
_call_main              0x0803cd6d           Code  Gb  cmain.o [5]
_exit                   0x0803cd81           Code  Gb  cexit.o [5]
_main                   0x0803cd77           Code  Gb  cmain.o [5]
bsp_DelayMS             0x08036bd9     0x12  Code  Gb  bsp_dwt.o [1]
bsp_DelayUS             0x08036beb     0x2e  Code  Gb  bsp_dwt.o [1]
bsp_GetRCCofTIM         0x0803b6b5     0xce  Code  Gb  bsp_tim_pwm.o [1]
bsp_Init                0x0803c641     0x50  Code  Gb  bsp.o [1]
bsp_InitCloseSW         0x0803c395     0x6a  Code  Gb  bsp_closeSW.o [1]
bsp_InitDWT             0x08036bb9     0x20  Code  Gb  bsp_dwt.o [1]
bsp_InitHardTimer       0x0802eb49     0x66  Code  Gb  bsp_timer.o [1]
bsp_InitLed             0x08031ba9     0x4a  Code  Gb  bsp_led.o [1]
bsp_InitSdwe050c17      0x0802e16d     0x3e  Code  Gb  bsp_sdwe050c17.o [1]
bsp_InitServoMotor      0x0803c57d     0xba  Code  Gb  bsp_servomotor.o [1]
bsp_InitStepMotor       0x0803b995    0x100  Code  Gb  bsp_stepmotor.o [1]
bsp_InitUart            0x08033155     0x3c  Code  Gb  bsp_uart_fifo.o [1]
bsp_Init_SW_ONOFF       0x08031fbd     0x34  Code  Gb  bsp_sw_onoff.o [1]
bsp_LedOff              0x08031c11     0x1e  Code  Gb  bsp_led.o [1]
bsp_LedOn               0x08031bf3     0x1e  Code  Gb  bsp_led.o [1]
bsp_LedToggle           0x08031c2f     0x28  Code  Gb  bsp_led.o [1]
bsp_SetTIMforInt        0x0803b783    0x1da  Code  Gb  bsp_tim_pwm.o [1]
bsp_StartHardTimer      0x0802ebaf     0xda  Code  Gb  bsp_timer.o [1]
check_fs                0x08030c77     0x7e  Code  Lc  ff.o [1]
chk_chr                 0x0802f6bb     0x14  Code  Lc  ff.o [1]
chk_lock                0x0802f6cf     0x94  Code  Lc  ff.o [1]
clear_lock              0x0802f8cf     0x30  Code  Lc  ff.o [1]
clust2sect              0x0802fa71     0x1a  Code  Gb  ff.o [1]
cmp_lfn                 0x080300f5     0xb6  Code  Lc  ff.o [1]
create_chain            0x0802fd89     0xea  Code  Lc  ff.o [1]
create_name             0x0803087d    0x31a  Code  Lc  ff.o [1]
debug_cmd               0x2001c50a      0x1  Data  Gb  bsp_uart_fifo.o [1]
dec_lock                0x0802f873     0x5c  Code  Lc  ff.o [1]
device_info             0x2001c1d4     0x34  Data  Gb  para.o [1]
dir_alloc               0x0803004f     0x66  Code  Lc  ff.o [1]
dir_find                0x080303d1    0x116  Code  Lc  ff.o [1]
dir_next                0x0802ff25    0x12a  Code  Lc  ff.o [1]
dir_read                0x080304e7    0x10c  Code  Lc  ff.o [1]
dir_register            0x080305f3    0x14e  Code  Lc  ff.o [1]
dir_sdi                 0x0802fe73     0xb2  Code  Lc  ff.o [1]
disk_initialize         0x08035795     0x40  Code  Gb  diskio.o [1]
disk_ioctl              0x080359b9     0xa6  Code  Gb  diskio.o [1]
disk_read               0x08035801     0xdc  Code  Gb  diskio.o [1]
disk_status             0x080357d5     0x2c  Code  Gb  diskio.o [1]
disk_write              0x080358dd     0xdc  Code  Gb  diskio.o [1]
div                     0x08036ba9      0xe  Code  Gb  div.o [3]
download_num            0x2001c504      0x1  Data  Gb  apptask.o [1]
enq_lock                0x0802f763     0x28  Code  Lc  ff.o [1]
exit                    0x0803cd7b      0x4  Code  Gb  exit.o [3]
f_close                 0x08031759     0x38  Code  Gb  ff.o [1]
f_mount                 0x0803118d     0x66  Code  Gb  ff.o [1]
f_open                  0x080311f3    0x20e  Code  Gb  ff.o [1]
f_opendir               0x08031791     0xb2  Code  Gb  ff.o [1]
f_readdir               0x08031843     0x74  Code  Gb  ff.o [1]
f_sync                  0x080316a3     0xb6  Code  Gb  ff.o [1]
f_write                 0x08031411    0x292  Code  Gb  ff.o [1]
ff_convert              0x08035a79     0x80  Code  Gb  cc936.o [1]
ff_wtoupper             0x08035af9     0x64  Code  Gb  cc936.o [1]
file_select             0x2001c3ec      0xc  Data  Gb  protocol.o [1]
final_per_meter         0x0803211f     0x1a  Code  Gb  product_cal.o [1]
find_volume             0x08030cfd    0x45a  Code  Lc  ff.o [1]
fit_lfn                 0x08030237     0x88  Code  Lc  ff.o [1]
follow_path             0x08030b97     0x90  Code  Lc  ff.o [1]
fputc                   0x08033a7d     0x22  Code  Gb  bsp_uart_fifo.o [1]
g_tUart3                0x2001c208     0x28  Data  Gb  bsp_uart_fifo.o [1]
g_tUart5                0x2001c230     0x28  Data  Gb  bsp_uart_fifo.o [1]
gen_numname             0x080302c5     0xec  Code  Lc  ff.o [1]
get_fat                 0x0802fa8b    0x11c  Code  Gb  ff.o [1]
get_fattime             0x08035a5f      0x4  Code  Gb  diskio.o [1]
get_fileinfo            0x08030741    0x13c  Code  Lc  ff.o [1]
get_float_1bit          0x080321cd     0x22  Code  Gb  product_cal.o [1]
get_ldnumber            0x08030c27     0x50  Code  Lc  ff.o [1]
get_valid_length        0x0802e5ed     0x26  Code  Gb  bsp_sdwe050c17.o [1]
grade                   0x2001c508      0x1  Data  Gb  apptask.o [1]
hex_to_decimal          0x0802e613     0x26  Code  Gb  bsp_sdwe050c17.o [1]
idwgEventGroup          0x2001c450      0x4  Data  Gb  apptask.o [1]
inc_lock                0x0802f78b     0xe8  Code  Lc  ff.o [1]
init_product_para       0x08032079     0x4a  Code  Gb  product_cal.o [1]
input_password_buf      0x2001c3e0      0xc  Data  Gb  protocol.o [1]
input_password_len      0x2001c50c      0x1  Data  Gb  protocol.o [1]
isWork                  0x2001c505      0x1  Data  Gb  apptask.o [1]
lcd_rev_buf             0x2001c1a0     0x34  Data  Gb  bsp_sdwe050c17.o [1]
lcd_rev_len             0x2001c4fc      0x2  Data  Gb  bsp_sdwe050c17.o [1]
ld_clust                0x080300b5     0x28  Code  Lc  ff.o [1]
localeconv              0x08036b77     0x16  Code  Gb  localeconv.o [3]
m_ctrl_dev              0x2001c40c      0x8  Data  Gb  modbus.o [1]
main                    0x0803c77d     0x34  Code  Gb  main.o [1]
mallco_dev              0x20000160     0x1c  Data  Gb  malloc.o [1]
mb_init                 0x08031e9d     0x30  Code  Gb  modbus.o [1]
mb_packsend_frame       0x08031dab     0xf2  Code  Gb  modbus.o [1]
mb_unpack_frame         0x08031c69    0x142  Code  Gb  modbus.o [1]
mc_check_crc16          0x08035bd9     0x40  Code  Gb  mcheck.o [1]
mc_check_crc8           0x08035bb5     0x24  Code  Gb  mcheck.o [1]
mc_check_sum            0x08035b6d     0x2e  Code  Gb  mcheck.o [1]
mc_check_xor            0x08035b9b     0x1a  Code  Gb  mcheck.o [1]
mem1base                0x2000f1b8   0xa000  Data  Gb  malloc.o [1]
mem1mapbase             0x2001a1b8    0xa00  Data  Gb  malloc.o [1]
mem2base                0x68000000  0xf0000  Data  Gb  malloc.o [1]
mem2mapbase             0x680f0000   0xf000  Data  Gb  malloc.o [1]
mem_cmp                 0x0802f697     0x24  Code  Lc  ff.o [1]
mem_cpy                 0x0802f665     0x1c  Code  Lc  ff.o [1]
mem_set                 0x0802f681     0x16  Code  Lc  ff.o [1]
memblksize              0x0803d1f0      0x8  Data  Gb  malloc.o [1]
memchr                  0x08036495           Code  Gb  memchr.o [5]
memsize                 0x0803d1f8      0x8  Data  Gb  malloc.o [1]
memtblsize              0x0803d1e8      0x8  Data  Gb  malloc.o [1]
modbus_send_frame       0x08031ecd     0xe6  Code  Gb  modbus.o [1]
move_window             0x0802f959     0x40  Code  Lc  ff.o [1]
my_mem_free             0x08035d77     0x6c  Code  Gb  malloc.o [1]
my_mem_init             0x08035c3b     0x42  Code  Gb  malloc.o [1]
my_mem_malloc           0x08035cbb     0xbc  Code  Gb  malloc.o [1]
my_mem_perused          0x08035c7d     0x3e  Code  Gb  malloc.o [1]
myfree                  0x08035de3     0x24  Code  Gb  malloc.o [1]
mymalloc                0x08035e07     0x2a  Code  Gb  malloc.o [1]
mymemset                0x08035c25     0x16  Code  Gb  malloc.o [1]
obuf                    0x2001c0c8     0x50  Data  Lc  xfiles.o [3]
oem2uni                 0x0801560c  0x15484  Data  Lc  cc936.o [1]
old_isWork              0x2001c506      0x1  Data  Gb  apptask.o [1]
para_init               0x0803beb3     0x80  Code  Gb  para.o [1]
pcInterruptPriorityRegisters
                        0x0803d214      0x4  Data  Lc  port.o [1]
pick_lfn                0x080301ab     0x8c  Code  Lc  ff.o [1]
pluse_count             0x2001c45c      0x4  Data  Gb  apptask.o [1]
printf                  0x0802eae1     0x24  Code  Gb  printf.o [3]
product_complete_kilo   0x0803216d     0x38  Code  Gb  product_cal.o [1]
product_complete_meter  0x08032139     0x12  Code  Gb  product_cal.o [1]
product_para            0x2001c164     0x3c  Data  Gb  product_cal.o [1]
product_per_meter       0x080320c3     0x5c  Code  Gb  product_cal.o [1]
product_uncomplete_kilo
                        0x080321a5     0x28  Code  Gb  product_cal.o [1]
product_uncomplete_meter
                        0x0803214b     0x22  Code  Gb  product_cal.o [1]
prvAddCurrentTaskToDelayedList
                        0x0802d81d     0x48  Code  Lc  tasks.o [1]
prvAllocateTCBAndStack  0x0802d865     0x5a  Code  Lc  tasks.o [1]
prvCheckForValidListAndQueue
                        0x08032887     0x52  Code  Lc  timers.o [1]
prvCheckTasksWaitingTermination
                        0x0802d7b3     0x66  Code  Lc  tasks.o [1]
prvCopyDataFromQueue    0x0802e04d     0x30  Code  Lc  queue.o [1]
prvCopyDataToQueue      0x0802dfc9     0x84  Code  Lc  queue.o [1]
prvDeleteTCB            0x0802d8bf     0x12  Code  Lc  tasks.o [1]
prvGetNextExpireTime    0x08032673     0x2e  Code  Lc  timers.o [1]
prvHeapInit             0x08032d75     0x6e  Code  Lc  heap_4.o [1]
prvIdleTask             0x0802d6cd     0x26  Code  Lc  tasks.o [1]
prvInitialiseTCBVariables
                        0x0802d6f3     0x6a  Code  Lc  tasks.o [1]
prvInitialiseTaskLists  0x0802d75d     0x56  Code  Lc  tasks.o [1]
prvInsertBlockIntoFreeList
                        0x08032de3     0x62  Code  Lc  heap_4.o [1]
prvInsertTimerInActiveList
                        0x080326c9     0x50  Code  Lc  timers.o [1]
prvIsQueueEmpty         0x0802e0e7     0x20  Code  Lc  queue.o [1]
prvIsQueueFull          0x0802e107     0x22  Code  Lc  queue.o [1]
prvProcessExpiredTimer  0x0803258b     0x5c  Code  Lc  timers.o [1]
prvProcessReceivedCommands
                        0x08032719     0xde  Code  Lc  timers.o [1]
prvProcessTimerOrBlockTask
                        0x08032603     0x70  Code  Lc  timers.o [1]
prvResetNextTaskUnblockTime
                        0x0802d8d1     0x26  Code  Lc  tasks.o [1]
prvSampleTimeNow        0x080326a1     0x28  Code  Lc  timers.o [1]
prvSwitchTimerLists     0x080327f7     0x90  Code  Lc  timers.o [1]
prvTaskExitError        0x08032925     0x2a  Code  Lc  port.o [1]
prvTestWaitCondition    0x0803242f     0x24  Code  Lc  event_groups.o [1]
prvTimerTask            0x080325e9     0x1a  Code  Lc  timers.o [1]
prvUnlockQueue          0x0802e07d     0x6a  Code  Lc  queue.o [1]
put_fat                 0x0802fba7    0x16c  Code  Gb  ff.o [1]
putchar                 0x0803cf39      0xc  Code  Gb  putchar.o [3]
pvPortMalloc            0x08032be5    0x118  Code  Gb  heap_4.o [1]
pxCurrentTCB            0x2001c49c      0x4  Data  Gb  tasks.o [1]
pxCurrentTimerList      0x2001c4dc      0x4  Data  Lc  timers.o [1]
pxDelayedTaskList       0x2001c4a0      0x4  Data  Lc  tasks.o [1]
pxEnd                   0x2001c484      0x4  Data  Lc  heap_4.o [1]
pxOverflowDelayedTaskList
                        0x2001c4a4      0x4  Data  Lc  tasks.o [1]
pxOverflowTimerList     0x2001c4e0      0x4  Data  Lc  timers.o [1]
pxPortInitialiseStack   0x08032901     0x24  Code  Gb  port.o [1]
pxReadyTasksLists       0x2001bdb4     0xa0  Data  Lc  tasks.o [1]
readSlave               0x2001c3c8      0xc  Data  Gb  apptask.o [1]
read_device_info        0x0803bda5    0x10e  Code  Gb  para.o [1]
read_file_select        0x2001c3f8      0xc  Data  Gb  protocol.o [1]
remove_chain            0x0802fd13     0x76  Code  Lc  ff.o [1]
rtc_time                0x2001c414      0x8  Data  Gb  protocol.o [1]
s_TIM_CallBack1         0x2001c474      0x4  Data  Lc  bsp_timer.o [1]
s_TIM_CallBack2         0x2001c478      0x4  Data  Lc  bsp_timer.o [1]
s_TIM_CallBack3         0x2001c47c      0x4  Data  Lc  bsp_timer.o [1]
s_TIM_CallBack4         0x2001c480      0x4  Data  Lc  bsp_timer.o [1]
slave_info              0x2001c3bc      0xc  Data  Gb  apptask.o [1]
sprintf                 0x080318c9     0x34  Code  Gb  sprintf.o [3]
st_clust                0x080300dd     0x18  Code  Lc  ff.o [1]
strcat                  0x08031b53     0x1c  Code  Gb  strcat.o [3]
strchr                  0x0803647d           Code  Gb  strchr.o [5]
strlen                  0x08031b71           Code  Gb  strlen.o [5]
strstr                  0x08032069     0x10  Code  Gb  esp8266_handler.o [1]
sum_sfn                 0x080303b1     0x20  Code  Lc  ff.o [1]
sync_fs                 0x0802f999     0xd8  Code  Lc  ff.o [1]
sync_window             0x0802f8ff     0x5a  Code  Lc  ff.o [1]
ucHeap                  0x200001b8   0xf000  Data  Lc  heap_4.o [1]
ucMaxSysCallPriority    0x2001c50b      0x1  Data  Lc  port.o [1]
ulHighFrequencyTimerTicks
                        0x2001c498      0x4  Data  Gb  SysInfoTest.o [1]
ulMaxPRIGROUPValue      0x2001c494      0x4  Data  Lc  port.o [1]
ulTaskSwitchedInTime    0x2001c4d4      0x4  Data  Lc  tasks.o [1]
ulTotalRunTime          0x2001c4d8      0x4  Data  Lc  tasks.o [1]
uni2oem                 0x08000188  0x15484  Data  Lc  cc936.o [1]
usb_disk_flag           0x2001c507      0x1  Data  Gb  apptask.o [1]
usbh_OpenMassStorage    0x0802ed4d     0x14  Code  Gb  usbh_usr.o [1]
uxCriticalNesting       0x200001a8      0x4  Data  Lc  port.o [1]
uxCurrentNumberOfTasks  0x2001c4ac      0x4  Data  Lc  tasks.o [1]
uxListRemove            0x08032bbd     0x28  Code  Gb  list.o [1]
uxPendedTicks           0x2001c4bc      0x4  Data  Lc  tasks.o [1]
uxSchedulerSuspended    0x2001c4d0      0x4  Data  Lc  tasks.o [1]
uxTaskNumber            0x2001c4c8      0x4  Data  Lc  tasks.o [1]
uxTaskResetEventItemValue
                        0x0802d931     0x20  Code  Gb  tasks.o [1]
uxTasksDeleted          0x2001c4a8      0x4  Data  Lc  tasks.o [1]
uxTopReadyPriority      0x2001c4b4      0x4  Data  Lc  tasks.o [1]
vListInitialise         0x08032b4d     0x1e  Code  Gb  list.o [1]
vListInsert             0x08032b83     0x3a  Code  Gb  list.o [1]
vListInsertEnd          0x08032b6b     0x18  Code  Gb  list.o [1]
vPortEnableVFP          0x08035f09           Code  Gb  portasm.o [1]
vPortEnterCritical      0x08032a1b     0x3a  Code  Gb  port.o [1]
vPortExitCritical       0x08032a55     0x32  Code  Gb  port.o [1]
vPortFree               0x08032cfd     0x78  Code  Gb  heap_4.o [1]
vPortSetupTimerInterrupt
                        0x08032ab3      0xe  Code  Wk  port.o [1]
vPortStartFirstTask     0x08035ef1           Code  Gb  portasm.o [1]
vPortValidateInterruptPriority
                        0x08032ac1     0x4e  Code  Gb  port.o [1]
vQueueWaitForMessageRestricted
                        0x0802e129     0x44  Code  Gb  queue.o [1]
vSetupSysInfoTest       0x0803c6d1     0x12  Code  Gb  SysInfoTest.o [1]
vTaskDelay              0x0802cf29     0x84  Code  Gb  tasks.o [1]
vTaskManageCapacity     0x0802c81d    0x19e  Code  Gb  apptask.o [1]
vTaskMassStorage        0x0802bee1    0x250  Code  Lc  apptask.o [1]
vTaskMissedYield        0x0802d6c3      0xa  Code  Gb  tasks.o [1]
vTaskMsgPro             0x0802c173    0x428  Code  Lc  apptask.o [1]
vTaskPlaceOnEventList   0x0802d329     0x74  Code  Gb  tasks.o [1]
vTaskPlaceOnEventListRestricted
                        0x0802d461     0x80  Code  Gb  tasks.o [1]
vTaskPlaceOnUnorderedEventList
                        0x0802d3b9     0xa8  Code  Gb  tasks.o [1]
vTaskReadDisk           0x0802c649    0x1ba  Code  Lc  apptask.o [1]
vTaskRev485             0x0802c59b     0x90  Code  Lc  apptask.o [1]
vTaskSetTimeOutState    0x0802d60d     0x26  Code  Gb  tasks.o [1]
vTaskStartScheduler     0x0802cfad     0x7e  Code  Gb  tasks.o [1]
vTaskSuspendAll         0x0802d02b     0x10  Code  Gb  tasks.o [1]
vTaskSwitchContext      0x0802d279     0xb0  Code  Gb  tasks.o [1]
vTaskTaskLCD            0x0802aa91   0x143c  Code  Gb  apptask.o [1]
vTaskTaskLED            0x0802c145     0x20  Code  Lc  apptask.o [1]
vTaskTaskRFID           0x0802c165      0xe  Code  Lc  apptask.o [1]
validate                0x08031157     0x36  Code  Lc  ff.o [1]
xActiveTimerList1       0x2001c344     0x14  Data  Lc  timers.o [1]
xActiveTimerList2       0x2001c358     0x14  Data  Lc  timers.o [1]
xBlockAllocatedBit      0x2001c490      0x4  Data  Lc  heap_4.o [1]
xDelayedTaskList1       0x2001c2e0     0x14  Data  Lc  tasks.o [1]
xDelayedTaskList2       0x2001c2f4     0x14  Data  Lc  tasks.o [1]
xEventGroupCreate       0x080321f1     0x1c  Code  Gb  event_groups.o [1]
xEventGroupSetBits      0x08032359     0xd6  Code  Gb  event_groups.o [1]
xEventGroupWaitBits     0x0803220d    0x146  Code  Gb  event_groups.o [1]
xFreeBytesRemaining     0x2001c488      0x4  Data  Lc  heap_4.o [1]
xHandleTaskLCD          0x2001c41c      0x4  Data  Gb  apptask.o [1]
xHandleTaskLED          0x2001c420      0x4  Data  Gb  apptask.o [1]
xHandleTaskManageCapacity
                        0x2001c438      0x4  Data  Gb  apptask.o [1]
xHandleTaskMassStorage  0x2001c428      0x4  Data  Gb  apptask.o [1]
xHandleTaskMsgPro       0x2001c430      0x4  Data  Gb  apptask.o [1]
xHandleTaskRFID         0x2001c424      0x4  Data  Gb  apptask.o [1]
xHandleTaskReadDisk     0x2001c42c      0x4  Data  Gb  apptask.o [1]
xHandleTaskRev485       0x2001c434      0x4  Data  Gb  apptask.o [1]
xHeapStructSize         0x0803d210      0x4  Data  Lc  heap_4.o [1]
xMinimumEverFreeBytesRemaining
                        0x2001c48c      0x4  Data  Lc  heap_4.o [1]
xNextTaskUnblockTime    0x2001c4cc      0x4  Data  Lc  tasks.o [1]
xNumOfOverflows         0x2001c4c4      0x4  Data  Lc  tasks.o [1]
xPendingReadyList       0x2001c308     0x14  Data  Lc  tasks.o [1]
xPortStartScheduler     0x0803294f     0xcc  Code  Gb  port.o [1]
xQueueGenericCreate     0x0802da35     0x7e  Code  Gb  queue.o [1]
xQueueGenericReceive    0x0802de29    0x19c  Code  Gb  queue.o [1]
xQueueGenericReset      0x0802d9a5     0x90  Code  Gb  queue.o [1]
xQueueGenericSend       0x0802dab3    0x1b2  Code  Gb  queue.o [1]
xQueueGenericSendFromISR
                        0x0802dc65     0xec  Code  Gb  queue.o [1]
xQueueGiveFromISR       0x0802dd51     0xd8  Code  Gb  queue.o [1]
xQueue_message          0x2001c458      0x4  Data  Gb  apptask.o [1]
xSchedulerRunning       0x2001c4b8      0x4  Data  Lc  tasks.o [1]
xSemaphore_download     0x2001c448      0x4  Data  Gb  apptask.o [1]
xSemaphore_lcd          0x2001c43c      0x4  Data  Gb  apptask.o [1]
xSemaphore_pluse        0x2001c444      0x4  Data  Gb  apptask.o [1]
xSemaphore_readDisk     0x2001c44c      0x4  Data  Gb  apptask.o [1]
xSemaphore_rs485        0x2001c440      0x4  Data  Gb  apptask.o [1]
xStart                  0x2001c404      0x8  Data  Lc  heap_4.o [1]
xSuspendedTaskList      0x2001c330     0x14  Data  Lc  tasks.o [1]
xTaskCheckForTimeOut    0x0802d639     0x8a  Code  Gb  tasks.o [1]
xTaskGenericCreate      0x0802cda5    0x184  Code  Gb  tasks.o [1]
xTaskGetSchedulerState  0x0802d8f7     0x26  Code  Gb  tasks.o [1]
xTaskGetTickCount       0x0802d13b      0xa  Code  Gb  tasks.o [1]
xTaskIncrementTick      0x0802d145    0x134  Code  Gb  tasks.o [1]
xTaskRemoveFromEventList
                        0x0802d4e5     0x8e  Code  Gb  tasks.o [1]
xTaskRemoveFromUnorderedEventList
                        0x0802d579     0x94  Code  Gb  tasks.o [1]
xTaskResumeAll          0x0802d03b    0x100  Code  Gb  tasks.o [1]
xTasksWaitingTermination
                        0x2001c31c     0x14  Data  Lc  tasks.o [1]
xTickCount              0x2001c4b0      0x4  Data  Lc  tasks.o [1]
xTimerCreate            0x080324a5     0x62  Code  Gb  timers.o [1]
xTimerCreateTimerTask   0x08032455     0x50  Code  Gb  timers.o [1]
xTimerGenericCommand    0x08032507     0x84  Code  Gb  timers.o [1]
xTimerQueue             0x2001c4e4      0x4  Data  Lc  timers.o [1]
xTimerUser              0x2001c454      0x4  Data  Gb  apptask.o [1]
xYieldPending           0x2001c4c0      0x4  Data  Lc  tasks.o [1]


[1] = F:\work\YarnControl_Driver\src\stm32f4_rtos\Project\EWARMv7\Flash\Obj
[2] = command line
[3] = dl7M_tlf.a
[4] = m7M_tls.a
[5] = rt7M_tl.a
[6] = shb_l.a

   70 630 bytes of readonly  code memory
  180 486 bytes of readonly  data memory
  118 033 bytes of readwrite data memory (+ 1 044 480 absolute)

Errors: none
Warnings: none
