###############################################################################
#
# IAR ELF Linker V7.40.7.9843/W32 for ARM                 13/Feb/2019  23:23:21
# Copyright 2007-2015 IAR Systems AB.
#
#    Output file  =  
#        E:\WORK\YarnControl_Driver\YarnControl_Driver\src\stm32f4_rtos\Project\EWARMv7\Flash\Exe\project.out
#    Map file     =  
#        E:\WORK\YarnControl_Driver\YarnControl_Driver\src\stm32f4_rtos\Project\EWARMv7\Flash\List\project.map
#    Command line =  
#        E:\WORK\YarnControl_Driver\YarnControl_Driver\src\stm32f4_rtos\Project\EWARMv7\Flash\Obj\apptask.o
#        E:\WORK\YarnControl_Driver\YarnControl_Driver\src\stm32f4_rtos\Project\EWARMv7\Flash\Obj\bsp.o
#        E:\WORK\YarnControl_Driver\YarnControl_Driver\src\stm32f4_rtos\Project\EWARMv7\Flash\Obj\bsp_closeSW.o
#        E:\WORK\YarnControl_Driver\YarnControl_Driver\src\stm32f4_rtos\Project\EWARMv7\Flash\Obj\bsp_dwt.o
#        E:\WORK\YarnControl_Driver\YarnControl_Driver\src\stm32f4_rtos\Project\EWARMv7\Flash\Obj\bsp_led.o
#        E:\WORK\YarnControl_Driver\YarnControl_Driver\src\stm32f4_rtos\Project\EWARMv7\Flash\Obj\bsp_relay.o
#        E:\WORK\YarnControl_Driver\YarnControl_Driver\src\stm32f4_rtos\Project\EWARMv7\Flash\Obj\bsp_sdio_sd.o
#        E:\WORK\YarnControl_Driver\YarnControl_Driver\src\stm32f4_rtos\Project\EWARMv7\Flash\Obj\bsp_sdwe050c17.o
#        E:\WORK\YarnControl_Driver\YarnControl_Driver\src\stm32f4_rtos\Project\EWARMv7\Flash\Obj\bsp_servomotor.o
#        E:\WORK\YarnControl_Driver\YarnControl_Driver\src\stm32f4_rtos\Project\EWARMv7\Flash\Obj\bsp_spi.o
#        E:\WORK\YarnControl_Driver\YarnControl_Driver\src\stm32f4_rtos\Project\EWARMv7\Flash\Obj\bsp_stepmotor.o
#        E:\WORK\YarnControl_Driver\YarnControl_Driver\src\stm32f4_rtos\Project\EWARMv7\Flash\Obj\bsp_sw_onoff.o
#        E:\WORK\YarnControl_Driver\YarnControl_Driver\src\stm32f4_rtos\Project\EWARMv7\Flash\Obj\bsp_tim_pwm.o
#        E:\WORK\YarnControl_Driver\YarnControl_Driver\src\stm32f4_rtos\Project\EWARMv7\Flash\Obj\bsp_timer.o
#        E:\WORK\YarnControl_Driver\YarnControl_Driver\src\stm32f4_rtos\Project\EWARMv7\Flash\Obj\bsp_uart_fifo.o
#        E:\WORK\YarnControl_Driver\YarnControl_Driver\src\stm32f4_rtos\Project\EWARMv7\Flash\Obj\bsp_w25qxx.o
#        E:\WORK\YarnControl_Driver\YarnControl_Driver\src\stm32f4_rtos\Project\EWARMv7\Flash\Obj\bsp_watchdog.o
#        E:\WORK\YarnControl_Driver\YarnControl_Driver\src\stm32f4_rtos\Project\EWARMv7\Flash\Obj\cc936.o
#        E:\WORK\YarnControl_Driver\YarnControl_Driver\src\stm32f4_rtos\Project\EWARMv7\Flash\Obj\croutine.o
#        E:\WORK\YarnControl_Driver\YarnControl_Driver\src\stm32f4_rtos\Project\EWARMv7\Flash\Obj\demo_fatfs.o
#        E:\WORK\YarnControl_Driver\YarnControl_Driver\src\stm32f4_rtos\Project\EWARMv7\Flash\Obj\diskio.o
#        E:\WORK\YarnControl_Driver\YarnControl_Driver\src\stm32f4_rtos\Project\EWARMv7\Flash\Obj\encoder.o
#        E:\WORK\YarnControl_Driver\YarnControl_Driver\src\stm32f4_rtos\Project\EWARMv7\Flash\Obj\event_groups.o
#        E:\WORK\YarnControl_Driver\YarnControl_Driver\src\stm32f4_rtos\Project\EWARMv7\Flash\Obj\ff.o
#        E:\WORK\YarnControl_Driver\YarnControl_Driver\src\stm32f4_rtos\Project\EWARMv7\Flash\Obj\heap_4.o
#        E:\WORK\YarnControl_Driver\YarnControl_Driver\src\stm32f4_rtos\Project\EWARMv7\Flash\Obj\list.o
#        E:\WORK\YarnControl_Driver\YarnControl_Driver\src\stm32f4_rtos\Project\EWARMv7\Flash\Obj\main.o
#        E:\WORK\YarnControl_Driver\YarnControl_Driver\src\stm32f4_rtos\Project\EWARMv7\Flash\Obj\malloc.o
#        E:\WORK\YarnControl_Driver\YarnControl_Driver\src\stm32f4_rtos\Project\EWARMv7\Flash\Obj\mcheck.o
#        E:\WORK\YarnControl_Driver\YarnControl_Driver\src\stm32f4_rtos\Project\EWARMv7\Flash\Obj\misc.o
#        E:\WORK\YarnControl_Driver\YarnControl_Driver\src\stm32f4_rtos\Project\EWARMv7\Flash\Obj\modbus.o
#        E:\WORK\YarnControl_Driver\YarnControl_Driver\src\stm32f4_rtos\Project\EWARMv7\Flash\Obj\page_weimi.o
#        E:\WORK\YarnControl_Driver\YarnControl_Driver\src\stm32f4_rtos\Project\EWARMv7\Flash\Obj\para.o
#        E:\WORK\YarnControl_Driver\YarnControl_Driver\src\stm32f4_rtos\Project\EWARMv7\Flash\Obj\port.o
#        E:\WORK\YarnControl_Driver\YarnControl_Driver\src\stm32f4_rtos\Project\EWARMv7\Flash\Obj\portasm.o
#        E:\WORK\YarnControl_Driver\YarnControl_Driver\src\stm32f4_rtos\Project\EWARMv7\Flash\Obj\product_cal.o
#        E:\WORK\YarnControl_Driver\YarnControl_Driver\src\stm32f4_rtos\Project\EWARMv7\Flash\Obj\protocol.o
#        E:\WORK\YarnControl_Driver\YarnControl_Driver\src\stm32f4_rtos\Project\EWARMv7\Flash\Obj\queue.o
#        E:\WORK\YarnControl_Driver\YarnControl_Driver\src\stm32f4_rtos\Project\EWARMv7\Flash\Obj\rc522.o
#        E:\WORK\YarnControl_Driver\YarnControl_Driver\src\stm32f4_rtos\Project\EWARMv7\Flash\Obj\startup_stm32f40_41xxx.o
#        E:\WORK\YarnControl_Driver\YarnControl_Driver\src\stm32f4_rtos\Project\EWARMv7\Flash\Obj\stm32f4xx_adc.o
#        E:\WORK\YarnControl_Driver\YarnControl_Driver\src\stm32f4_rtos\Project\EWARMv7\Flash\Obj\stm32f4xx_assert.o
#        E:\WORK\YarnControl_Driver\YarnControl_Driver\src\stm32f4_rtos\Project\EWARMv7\Flash\Obj\stm32f4xx_can.o
#        E:\WORK\YarnControl_Driver\YarnControl_Driver\src\stm32f4_rtos\Project\EWARMv7\Flash\Obj\stm32f4xx_crc.o
#        E:\WORK\YarnControl_Driver\YarnControl_Driver\src\stm32f4_rtos\Project\EWARMv7\Flash\Obj\stm32f4xx_cryp.o
#        E:\WORK\YarnControl_Driver\YarnControl_Driver\src\stm32f4_rtos\Project\EWARMv7\Flash\Obj\stm32f4xx_cryp_aes.o
#        E:\WORK\YarnControl_Driver\YarnControl_Driver\src\stm32f4_rtos\Project\EWARMv7\Flash\Obj\stm32f4xx_cryp_des.o
#        E:\WORK\YarnControl_Driver\YarnControl_Driver\src\stm32f4_rtos\Project\EWARMv7\Flash\Obj\stm32f4xx_cryp_tdes.o
#        E:\WORK\YarnControl_Driver\YarnControl_Driver\src\stm32f4_rtos\Project\EWARMv7\Flash\Obj\stm32f4xx_dac.o
#        E:\WORK\YarnControl_Driver\YarnControl_Driver\src\stm32f4_rtos\Project\EWARMv7\Flash\Obj\stm32f4xx_dbgmcu.o
#        E:\WORK\YarnControl_Driver\YarnControl_Driver\src\stm32f4_rtos\Project\EWARMv7\Flash\Obj\stm32f4xx_dcmi.o
#        E:\WORK\YarnControl_Driver\YarnControl_Driver\src\stm32f4_rtos\Project\EWARMv7\Flash\Obj\stm32f4xx_dma.o
#        E:\WORK\YarnControl_Driver\YarnControl_Driver\src\stm32f4_rtos\Project\EWARMv7\Flash\Obj\stm32f4xx_dma2d.o
#        E:\WORK\YarnControl_Driver\YarnControl_Driver\src\stm32f4_rtos\Project\EWARMv7\Flash\Obj\stm32f4xx_exti.o
#        E:\WORK\YarnControl_Driver\YarnControl_Driver\src\stm32f4_rtos\Project\EWARMv7\Flash\Obj\stm32f4xx_flash.o
#        E:\WORK\YarnControl_Driver\YarnControl_Driver\src\stm32f4_rtos\Project\EWARMv7\Flash\Obj\stm32f4xx_fsmc.o
#        E:\WORK\YarnControl_Driver\YarnControl_Driver\src\stm32f4_rtos\Project\EWARMv7\Flash\Obj\stm32f4xx_gpio.o
#        E:\WORK\YarnControl_Driver\YarnControl_Driver\src\stm32f4_rtos\Project\EWARMv7\Flash\Obj\stm32f4xx_hash.o
#        E:\WORK\YarnControl_Driver\YarnControl_Driver\src\stm32f4_rtos\Project\EWARMv7\Flash\Obj\stm32f4xx_hash_md5.o
#        E:\WORK\YarnControl_Driver\YarnControl_Driver\src\stm32f4_rtos\Project\EWARMv7\Flash\Obj\stm32f4xx_hash_sha1.o
#        E:\WORK\YarnControl_Driver\YarnControl_Driver\src\stm32f4_rtos\Project\EWARMv7\Flash\Obj\stm32f4xx_i2c.o
#        E:\WORK\YarnControl_Driver\YarnControl_Driver\src\stm32f4_rtos\Project\EWARMv7\Flash\Obj\stm32f4xx_it.o
#        E:\WORK\YarnControl_Driver\YarnControl_Driver\src\stm32f4_rtos\Project\EWARMv7\Flash\Obj\stm32f4xx_iwdg.o
#        E:\WORK\YarnControl_Driver\YarnControl_Driver\src\stm32f4_rtos\Project\EWARMv7\Flash\Obj\stm32f4xx_ltdc.o
#        E:\WORK\YarnControl_Driver\YarnControl_Driver\src\stm32f4_rtos\Project\EWARMv7\Flash\Obj\stm32f4xx_pwr.o
#        E:\WORK\YarnControl_Driver\YarnControl_Driver\src\stm32f4_rtos\Project\EWARMv7\Flash\Obj\stm32f4xx_rcc.o
#        E:\WORK\YarnControl_Driver\YarnControl_Driver\src\stm32f4_rtos\Project\EWARMv7\Flash\Obj\stm32f4xx_rng.o
#        E:\WORK\YarnControl_Driver\YarnControl_Driver\src\stm32f4_rtos\Project\EWARMv7\Flash\Obj\stm32f4xx_rtc.o
#        E:\WORK\YarnControl_Driver\YarnControl_Driver\src\stm32f4_rtos\Project\EWARMv7\Flash\Obj\stm32f4xx_sai.o
#        E:\WORK\YarnControl_Driver\YarnControl_Driver\src\stm32f4_rtos\Project\EWARMv7\Flash\Obj\stm32f4xx_sdio.o
#        E:\WORK\YarnControl_Driver\YarnControl_Driver\src\stm32f4_rtos\Project\EWARMv7\Flash\Obj\stm32f4xx_spi.o
#        E:\WORK\YarnControl_Driver\YarnControl_Driver\src\stm32f4_rtos\Project\EWARMv7\Flash\Obj\stm32f4xx_syscfg.o
#        E:\WORK\YarnControl_Driver\YarnControl_Driver\src\stm32f4_rtos\Project\EWARMv7\Flash\Obj\stm32f4xx_tim.o
#        E:\WORK\YarnControl_Driver\YarnControl_Driver\src\stm32f4_rtos\Project\EWARMv7\Flash\Obj\stm32f4xx_usart.o
#        E:\WORK\YarnControl_Driver\YarnControl_Driver\src\stm32f4_rtos\Project\EWARMv7\Flash\Obj\stm32f4xx_wwdg.o
#        E:\WORK\YarnControl_Driver\YarnControl_Driver\src\stm32f4_rtos\Project\EWARMv7\Flash\Obj\SysInfoTest.o
#        E:\WORK\YarnControl_Driver\YarnControl_Driver\src\stm32f4_rtos\Project\EWARMv7\Flash\Obj\system_stm32f4xx.o
#        E:\WORK\YarnControl_Driver\YarnControl_Driver\src\stm32f4_rtos\Project\EWARMv7\Flash\Obj\tasks.o
#        E:\WORK\YarnControl_Driver\YarnControl_Driver\src\stm32f4_rtos\Project\EWARMv7\Flash\Obj\timers.o
#        E:\WORK\YarnControl_Driver\YarnControl_Driver\src\stm32f4_rtos\Project\EWARMv7\Flash\Obj\usb_bsp.o
#        E:\WORK\YarnControl_Driver\YarnControl_Driver\src\stm32f4_rtos\Project\EWARMv7\Flash\Obj\usb_core.o
#        E:\WORK\YarnControl_Driver\YarnControl_Driver\src\stm32f4_rtos\Project\EWARMv7\Flash\Obj\usb_hcd.o
#        E:\WORK\YarnControl_Driver\YarnControl_Driver\src\stm32f4_rtos\Project\EWARMv7\Flash\Obj\usb_hcd_int.o
#        E:\WORK\YarnControl_Driver\YarnControl_Driver\src\stm32f4_rtos\Project\EWARMv7\Flash\Obj\usbh_core.o
#        E:\WORK\YarnControl_Driver\YarnControl_Driver\src\stm32f4_rtos\Project\EWARMv7\Flash\Obj\usbh_hcs.o
#        E:\WORK\YarnControl_Driver\YarnControl_Driver\src\stm32f4_rtos\Project\EWARMv7\Flash\Obj\usbh_ioreq.o
#        E:\WORK\YarnControl_Driver\YarnControl_Driver\src\stm32f4_rtos\Project\EWARMv7\Flash\Obj\usbh_it.o
#        E:\WORK\YarnControl_Driver\YarnControl_Driver\src\stm32f4_rtos\Project\EWARMv7\Flash\Obj\usbh_msc_bot.o
#        E:\WORK\YarnControl_Driver\YarnControl_Driver\src\stm32f4_rtos\Project\EWARMv7\Flash\Obj\usbh_msc_core.o
#        E:\WORK\YarnControl_Driver\YarnControl_Driver\src\stm32f4_rtos\Project\EWARMv7\Flash\Obj\usbh_msc_scsi.o
#        E:\WORK\YarnControl_Driver\YarnControl_Driver\src\stm32f4_rtos\Project\EWARMv7\Flash\Obj\usbh_stdreq.o
#        E:\WORK\YarnControl_Driver\YarnControl_Driver\src\stm32f4_rtos\Project\EWARMv7\Flash\Obj\usbh_usr.o
#        -o
#        E:\WORK\YarnControl_Driver\YarnControl_Driver\src\stm32f4_rtos\Project\EWARMv7\Flash\Exe\project.out
#        --map
#        E:\WORK\YarnControl_Driver\YarnControl_Driver\src\stm32f4_rtos\Project\EWARMv7\Flash\List\project.map
#        --config
#        E:\WORK\YarnControl_Driver\YarnControl_Driver\src\stm32f4_rtos\Project\EWARMv7\stm32f4xx_flash.icf
#        --semihosting --entry __iar_program_start --inline --vfe
#
###############################################################################

*******************************************************************************
*** RUNTIME MODEL ATTRIBUTES
***

CppFlavor       = *
__SystemLibrary = DLib


*******************************************************************************
*** PLACEMENT SUMMARY
***

"A1":  place at 0x08000000 { ro section .intvec };
"P1":  place in [from 0x08000000 to 0x080fffff] { ro };
"P2":  place in [from 0x20000000 to 0x2001ffff] { rw, block CSTACK, block HEAP };

  Section             Kind        Address     Size  Object
  -------             ----        -------     ----  ------
"A1":                                        0x188
  .intvec             ro code  0x08000000    0x188  startup_stm32f40_41xxx.o [1]
                             - 0x08000188    0x188

"P1":                                      0x41fe2
  .rodata             const    0x08000188  0x15484  cc936.o [1]
  .rodata             const    0x0801560c  0x15484  cc936.o [1]
  .text               ro code  0x0802aa90   0x48dc  apptask.o [1]
  .text               ro code  0x0802f36c    0xc00  tasks.o [1]
  .text               ro code  0x0802ff6c    0x7c8  queue.o [1]
  .text               ro code  0x08030734   0x12a8  bsp_sdwe050c17.o [1]
  .text               ro code  0x080319dc    0x524  product_cal.o [1]
  .text               ro code  0x08031f00     0x66  ABImemset.o [5]
  .text               ro code  0x08031f66      0xa  xsprout.o [3]
  .text               ro code  0x08031f70    0x380  bsp_w25qxx.o [1]
  .text               ro code  0x080322f0     0x76  ABImemcpy_unaligned.o [5]
  .text               ro code  0x08032368     0x4e  FltToDbl.o [4]
  .text               ro code  0x080323b8     0x24  printf.o [3]
  .text               ro code  0x080323dc     0x42  strcmp_unaligned.o [5]
  .text               ro code  0x08032420    0x21c  malloc.o [1]
  .text               ro code  0x0803263c     0x30  I32ToDbl.o [4]
  .text               ro code  0x0803266c    0x256  DblDiv.o [4]
  .text               ro code  0x080328c4     0xe8  DblAdd.o [4]
  .text               ro code  0x080329ac    0x1a2  DblMul.o [4]
  .text               ro code  0x08032b50     0x58  DblToI32.o [4]
  .text               ro code  0x08032ba8     0x90  DblToFlt.o [4]
  .text               ro code  0x08032c38     0x36  strlen.o [5]
  .text               ro code  0x08032c70     0x62  memcmp_unaligned.o [5]
  .text               ro code  0x08032cd4    0x48c  bsp_servomotor.o [1]
  .text               ro code  0x08033160    0x1b6  usbh_usr.o [1]
  .text               ro code  0x08033318    0x760  usbh_core.o [1]
  .text               ro code  0x08033a78   0x2264  ff.o [1]
  .text               ro code  0x08035cdc     0x34  sprintf.o [3]
  .text               ro code  0x08035d10     0x1c  strcat.o [3]
  .text               ro code  0x08035d2c     0xc0  bsp_led.o [1]
  .text               ro code  0x08035dec     0xae  rc522.o [1]
  .text               ro code  0x08035e9c    0x354  modbus.o [1]
  .text               ro code  0x080361f0     0x68  bsp_sw_onoff.o [1]
  .text               ro code  0x08036258     0x44  protocol.o [1]
  .text               ro code  0x0803629c     0x10  apptask.o [1]
  .text               ro code  0x080362ac    0x12c  stm32f4xx_gpio.o [1]
  .text               ro code  0x080363d8    0x670  stm32f4xx_tim.o [1]
  .text               ro code  0x08036a48    0x26c  bsp_stepmotor.o [1]
  .text               ro code  0x08036cb4    0x374  encoder.o [1]
  .text               ro code  0x08037028    0x254  page_weimi.o [1]
  .text               ro code  0x0803727c    0x262  event_groups.o [1]
  .text               ro code  0x080374e0    0x4a4  timers.o [1]
  .text               ro code  0x08037984      0x8  bsp_watchdog.o [1]
  .text               ro code  0x0803798c    0x24c  port.o [1]
  .text               ro code  0x08037bd8     0x98  list.o [1]
  .text               ro code  0x08037c70    0x280  heap_4.o [1]
  .text               ro code  0x08037ef0    0x1e8  stm32f4xx_rcc.o [1]
  .text               ro code  0x080380d8    0x9e4  bsp_uart_fifo.o [1]
  .text               ro code  0x08038abc    0x204  bsp_timer.o [1]
  .text               ro code  0x08038cc0    0x124  bsp_spi.o [1]
  .text               ro code  0x08038de4    0xd96  xprintffull_nomb.o [3]
  .text               ro code  0x08039b7c    0x180  DblSub.o [4]
  .text               ro code  0x08039cfc    0x31c  stm32f4xx_dma.o [1]
  .text               ro code  0x0803a018     0x88  misc.o [1]
  .text               ro code  0x0803a0a0    0x14c  usb_bsp.o [1]
  .text               ro code  0x0803a1ec     0xd6  usb_hcd.o [1]
  .text               ro code  0x0803a2c2    0x1ba  usbh_hcs.o [1]
  .text               ro code  0x0803a47c    0x436  usbh_stdreq.o [1]
  .text               ro code  0x0803a8b2    0x246  usbh_ioreq.o [1]
  .text               ro code  0x0803aaf8    0x2e4  diskio.o [1]
  .text               ro code  0x0803addc     0xf4  cc936.o [1]
  .text               ro code  0x0803aed0     0xb8  mcheck.o [1]
  .text               ro code  0x0803af88     0x2c  strstr.o [3]
  .text               ro code  0x0803afb4     0x10  stm32f4xx_iwdg.o [1]
  CODE                ro code  0x0803afc4     0xa8  portasm.o [1]
  .text               ro code  0x0803b06c    0x254  stm32f4xx_usart.o [1]
  .text               ro code  0x0803b2c0     0x74  stm32f4xx_spi.o [1]
  .text               ro code  0x0803b334     0x16  strchr.o [5]
  .text               ro code  0x0803b34c     0x58  memchr.o [5]
  .text               ro code  0x0803b3a4     0xee  I64DivMod.o [5]
  .text               ro code  0x0803b492     0x42  xdnorm.o [4]
  .text               ro code  0x0803b4d4     0x2e  DblCmpLe.o [4]
  .text               ro code  0x0803b504     0x2e  DblCmpGe.o [4]
  .text               ro code  0x0803b534    0x114  xdscale.o [4]
  .text               ro code  0x0803b648     0x6c  localeconv.o [3]
  .text               ro code  0x0803b6b4      0xe  div.o [3]
  .text               ro code  0x0803b6c4     0x74  bsp_dwt.o [1]
  .text               ro code  0x0803b738    0xa50  usb_core.o [1]
  .text               ro code  0x0803c188   0x1a58  bsp_sdio_sd.o [1]
  .text               ro code  0x0803dbe0    0x618  usbh_msc_scsi.o [1]
  .text               ro code  0x0803e1f8    0x554  usbh_msc_bot.o [1]
  .text               ro code  0x0803e74c      0x2  I64DivZer.o [5]
  .text               ro code  0x0803e750    0x17c  stm32f4xx_sdio.o [1]
  .text               ro code  0x0803e8cc    0xc7e  usb_hcd_int.o [1]
  .text               ro code  0x0803f54c    0x3e8  usbh_msc_core.o [1]
  .rodata             const    0x0803f934    0x3dc  cc936.o [1]
  .rodata             const    0x0803fd10    0x3dc  cc936.o [1]
  .text               ro code  0x080400ec    0x32c  para.o [1]
  .text               ro code  0x08040418     0x44  strcpy_unaligned.o [5]
  .text               ro code  0x0804045c    0x2e0  bsp_tim_pwm.o [1]
  .rodata             const    0x0804073c    0x1f4  apptask.o [1]
  .rodata             const    0x08040930    0x190  product_cal.o [1]
  .text               ro code  0x08040ac0    0x154  system_stm32f4xx.o [1]
  .rodata             const    0x08040c14    0x100  mcheck.o [1]
  .rodata             const    0x08040d14    0x100  mcheck.o [1]
  .rodata             const    0x08040e14    0x100  mcheck.o [1]
  .text               ro code  0x08040f14     0xd4  bsp_closeSW.o [1]
  .text               ro code  0x08040fe8     0x54  stm32f4xx_syscfg.o [1]
  .text               ro code  0x0804103c     0xc0  stm32f4xx_exti.o [1]
  .text               ro code  0x080410fc     0xd0  packbits_init.o [5]
  .text               ro code  0x080411cc      0x6  abort.o [3]
  .text               ro code  0x080411d4     0x14  exit.o [6]
  .text               ro code  0x080411e8     0x4c  bsp.o [1]
  .text               ro code  0x08041234     0x44  bsp_relay.o [1]
  .text               ro code  0x08041278     0x40  zero_init3.o [5]
  .text               ro code  0x080412b8     0x3c  SysInfoTest.o [1]
  .rodata             const    0x080412f4     0x38  demo_fatfs.o [1]
  .text               ro code  0x0804132c     0x38  stm32f4xx_it.o [1]
  .rodata             const    0x08041364     0x30  apptask.o [1]
  .rodata             const    0x08041394     0x30  demo_fatfs.o [1]
  .rodata             const    0x080413c4     0x30  demo_fatfs.o [1]
  .rodata             const    0x080413f4     0x2c  apptask.o [1]
  .rodata             const    0x08041420     0x2c  demo_fatfs.o [1]
  .rodata             const    0x0804144c     0x2c  demo_fatfs.o [1]
  .rodata             const    0x08041478     0x2c  stm32f4xx_it.o [1]
  .text               ro code  0x080414a4     0x2c  main.o [1]
  .rodata             const    0x080414d0     0x28  demo_fatfs.o [1]
  .rodata             const    0x080414f8     0x28  demo_fatfs.o [1]
  .rodata             const    0x08041520     0x28  demo_fatfs.o [1]
  .text               ro code  0x08041548     0x28  data_init.o [5]
  .rodata             const    0x08041570     0x24  demo_fatfs.o [1]
  .rodata             const    0x08041594     0x24  demo_fatfs.o [1]
  .rodata             const    0x080415b8     0x24  usbh_usr.o [1]
  .text               ro code  0x080415dc     0x22  fpinit_M.o [4]
  .iar.init_table     const    0x08041600     0x34  - Linker created -
  .rodata             const    0x08041634     0x20  apptask.o [1]
  .rodata             const    0x08041654     0x20  apptask.o [1]
  .rodata             const    0x08041674     0x20  bsp_sdwe050c17.o [1]
  .rodata             const    0x08041694     0x20  demo_fatfs.o [1]
  .rodata             const    0x080416b4     0x20  demo_fatfs.o [1]
  .rodata             const    0x080416d4     0x20  demo_fatfs.o [1]
  .rodata             const    0x080416f4     0x20  usbh_usr.o [1]
  .rodata             const    0x08041714     0x20  usbh_usr.o [1]
  .rodata             const    0x08041734     0x20  usbh_usr.o [1]
  .rodata             const    0x08041754     0x20  usbh_usr.o [1]
  .rodata             const    0x08041774     0x20  usbh_usr.o [1]
  .rodata             const    0x08041794     0x1c  apptask.o [1]
  .rodata             const    0x080417b0     0x1c  apptask.o [1]
  .rodata             const    0x080417cc     0x1c  apptask.o [1]
  .rodata             const    0x080417e8     0x1c  apptask.o [1]
  .rodata             const    0x08041804     0x1c  apptask.o [1]
  .rodata             const    0x08041820     0x1c  apptask.o [1]
  .rodata             const    0x0804183c     0x1c  apptask.o [1]
  .rodata             const    0x08041858     0x1c  demo_fatfs.o [1]
  .rodata             const    0x08041874     0x1c  demo_fatfs.o [1]
  .rodata             const    0x08041890     0x1c  usbh_usr.o [1]
  .rodata             const    0x080418ac     0x1c  usbh_usr.o [1]
  .rodata             const    0x080418c8     0x1c  usbh_usr.o [1]
  .rodata             const    0x080418e4     0x1c  usbh_usr.o [1]
  .rodata             const    0x08041900     0x1c  usbh_usr.o [1]
  .rodata             const    0x0804191c     0x1c  usbh_usr.o [1]
  .text               ro code  0x08041938     0x1a  cmain.o [5]
  .text               ro code  0x08041952      0x4  exit.o [3]
  .text               ro code  0x08041958      0xa  cexit.o [5]
  .rodata             const    0x08041964     0x18  apptask.o [1]
  .rodata             const    0x0804197c     0x18  apptask.o [1]
  .rodata             const    0x08041994     0x18  apptask.o [1]
  .rodata             const    0x080419ac     0x18  apptask.o [1]
  .rodata             const    0x080419c4     0x18  apptask.o [1]
  .rodata             const    0x080419dc     0x18  apptask.o [1]
  .rodata             const    0x080419f4     0x18  apptask.o [1]
  .rodata             const    0x08041a0c     0x18  apptask.o [1]
  .rodata             const    0x08041a24     0x18  demo_fatfs.o [1]
  .rodata             const    0x08041a3c     0x18  demo_fatfs.o [1]
  .rodata             const    0x08041a54     0x18  demo_fatfs.o [1]
  .rodata             const    0x08041a6c     0x18  demo_fatfs.o [1]
  .rodata             const    0x08041a84     0x18  usbh_usr.o [1]
  .rodata             const    0x08041a9c     0x18  usbh_usr.o [1]
  .rodata             const    0x08041ab4     0x18  usbh_usr.o [1]
  .rodata             const    0x08041acc     0x18  usbh_usr.o [1]
  .rodata             const    0x08041ae4     0x18  usbh_usr.o [1]
  .text               ro code  0x08041afc     0x16  xprout.o [3]
  .text               ro code  0x08041b14      0xc  putchar.o [3]
  .rodata             const    0x08041b20     0x14  apptask.o [1]
  .rodata             const    0x08041b34     0x14  apptask.o [1]
  .rodata             const    0x08041b48     0x14  apptask.o [1]
  .rodata             const    0x08041b5c     0x14  apptask.o [1]
  .rodata             const    0x08041b70     0x14  apptask.o [1]
  .rodata             const    0x08041b84     0x14  apptask.o [1]
  .rodata             const    0x08041b98     0x14  apptask.o [1]
  .rodata             const    0x08041bac     0x14  usbh_usr.o [1]
  .rodata             const    0x08041bc0     0x14  usbh_usr.o [1]
  .rodata             const    0x08041bd4     0x10  apptask.o [1]
  .rodata             const    0x08041be4     0x10  apptask.o [1]
  .rodata             const    0x08041bf4     0x10  apptask.o [1]
  .rodata             const    0x08041c04     0x10  apptask.o [1]
  .rodata             const    0x08041c14     0x10  apptask.o [1]
  .rodata             const    0x08041c24     0x10  apptask.o [1]
  .rodata             const    0x08041c34     0x10  apptask.o [1]
  .rodata             const    0x08041c44     0x10  apptask.o [1]
  .rodata             const    0x08041c54     0x10  apptask.o [1]
  .rodata             const    0x08041c64     0x10  apptask.o [1]
  .rodata             const    0x08041c74     0x10  apptask.o [1]
  .rodata             const    0x08041c84     0x10  ff.o [1]
  .rodata             const    0x08041c94     0x10  main.o [1]
  .rodata             const    0x08041ca4     0x10  main.o [1]
  .rodata             const    0x08041cb4     0x10  usbh_usr.o [1]
  .rodata             const    0x08041cc4     0x10  usbh_usr.o [1]
  .text               ro code  0x08041cd4     0x10  startup_stm32f40_41xxx.o [1]
  .text               ro code  0x08041ce4     0x10  usbh_it.o [1]
  .rodata             const    0x08041cf4      0xc  apptask.o [1]
  .rodata             const    0x08041d00      0xc  apptask.o [1]
  .rodata             const    0x08041d0c      0xc  apptask.o [1]
  .rodata             const    0x08041d18      0xc  apptask.o [1]
  .rodata             const    0x08041d24      0xc  apptask.o [1]
  .rodata             const    0x08041d30      0xc  apptask.o [1]
  .rodata             const    0x08041d3c      0xc  apptask.o [1]
  .rodata             const    0x08041d48      0xc  apptask.o [1]
  .rodata             const    0x08041d54      0xc  apptask.o [1]
  .rodata             const    0x08041d60      0xc  apptask.o [1]
  .rodata             const    0x08041d6c      0xc  apptask.o [1]
  .rodata             const    0x08041d78      0xc  apptask.o [1]
  .rodata             const    0x08041d84      0xc  apptask.o [1]
  .rodata             const    0x08041d90      0xc  apptask.o [1]
  .rodata             const    0x08041d9c      0xc  apptask.o [1]
  .rodata             const    0x08041da8      0xc  apptask.o [1]
  .rodata             const    0x08041db4      0xc  apptask.o [1]
  .rodata             const    0x08041dc0      0xc  apptask.o [1]
  .rodata             const    0x08041dcc      0xc  apptask.o [1]
  .rodata             const    0x08041dd8      0xc  apptask.o [1]
  .rodata             const    0x08041de4      0xc  apptask.o [1]
  .rodata             const    0x08041df0      0xc  apptask.o [1]
  .rodata             const    0x08041dfc      0xc  apptask.o [1]
  .rodata             const    0x08041e08      0xc  apptask.o [1]
  .rodata             const    0x08041e14      0xc  apptask.o [1]
  .rodata             const    0x08041e20      0xc  apptask.o [1]
  .rodata             const    0x08041e2c      0xc  apptask.o [1]
  .rodata             const    0x08041e38      0xc  apptask.o [1]
  .rodata             const    0x08041e44      0xc  bsp_sdwe050c17.o [1]
  .rodata             const    0x08041e50      0xc  bsp_sdwe050c17.o [1]
  .rodata             const    0x08041e5c      0xc  demo_fatfs.o [1]
  .rodata             const    0x08041e68      0xc  ff.o [1]
  .text               ro code  0x08041e74      0xc  cstartup_M.o [5]
  .rodata             const    0x08041e80      0x8  apptask.o [1]
  .rodata             const    0x08041e88      0x8  apptask.o [1]
  .rodata             const    0x08041e90      0x8  apptask.o [1]
  .rodata             const    0x08041e98      0x8  apptask.o [1]
  .rodata             const    0x08041ea0      0x8  apptask.o [1]
  .rodata             const    0x08041ea8      0x8  apptask.o [1]
  .rodata             const    0x08041eb0      0x8  apptask.o [1]
  .rodata             const    0x08041eb8      0x8  apptask.o [1]
  .rodata             const    0x08041ec0      0x8  apptask.o [1]
  .rodata             const    0x08041ec8      0x8  apptask.o [1]
  .rodata             const    0x08041ed0      0x8  apptask.o [1]
  .rodata             const    0x08041ed8      0x8  apptask.o [1]
  .rodata             const    0x08041ee0      0x8  apptask.o [1]
  .rodata             const    0x08041ee8      0x8  bsp_w25qxx.o [1]
  .rodata             const    0x08041ef0      0x8  ff.o [1]
  .rodata             const    0x08041ef8      0x8  malloc.o [1]
  .rodata             const    0x08041f00      0x8  malloc.o [1]
  .rodata             const    0x08041f08      0x8  malloc.o [1]
  .rodata             const    0x08041f10      0x8  para.o [1]
  .rodata             const    0x08041f18      0x8  para.o [1]
  .rodata             const    0x08041f20      0x8  para.o [1]
  .rodata             const    0x08041f28      0x8  tasks.o [1]
  .rodata             const    0x08041f30      0x8  timers.o [1]
  .rodata             const    0x08041f38      0x4  heap_4.o [1]
  .rodata             const    0x08041f3c      0x4  port.o [1]
  .text               ro code  0x08041f40      0x4  startup_stm32f40_41xxx.o [1]
  .text               ro code  0x08041f44      0x4  startup_stm32f40_41xxx.o [1]
  .text               ro code  0x08041f48      0x4  startup_stm32f40_41xxx.o [1]
  .text               ro code  0x08041f4c      0x4  startup_stm32f40_41xxx.o [1]
  .text               ro code  0x08041f50      0x4  startup_stm32f40_41xxx.o [1]
  .text               ro code  0x08041f54      0x4  startup_stm32f40_41xxx.o [1]
  .text               ro code  0x08041f58      0x4  startup_stm32f40_41xxx.o [1]
  .text               ro code  0x08041f5c      0x4  startup_stm32f40_41xxx.o [1]
  .text               ro code  0x08041f60      0x4  startup_stm32f40_41xxx.o [1]
  .text               ro code  0x08041f64      0x4  startup_stm32f40_41xxx.o [1]
  .text               ro code  0x08041f68      0x4  startup_stm32f40_41xxx.o [1]
  .text               ro code  0x08041f6c      0x4  startup_stm32f40_41xxx.o [1]
  .text               ro code  0x08041f70      0x4  startup_stm32f40_41xxx.o [1]
  .text               ro code  0x08041f74      0x4  startup_stm32f40_41xxx.o [1]
  .text               ro code  0x08041f78      0x4  startup_stm32f40_41xxx.o [1]
  .text               ro code  0x08041f7c      0x4  startup_stm32f40_41xxx.o [1]
  .text               ro code  0x08041f80      0x4  startup_stm32f40_41xxx.o [1]
  .text               ro code  0x08041f84      0x4  startup_stm32f40_41xxx.o [1]
  .text               ro code  0x08041f88      0x4  startup_stm32f40_41xxx.o [1]
  .text               ro code  0x08041f8c      0x4  startup_stm32f40_41xxx.o [1]
  .text               ro code  0x08041f90      0x4  startup_stm32f40_41xxx.o [1]
  .text               ro code  0x08041f94      0x4  startup_stm32f40_41xxx.o [1]
  .text               ro code  0x08041f98      0x4  startup_stm32f40_41xxx.o [1]
  .text               ro code  0x08041f9c      0x4  startup_stm32f40_41xxx.o [1]
  .text               ro code  0x08041fa0      0x4  startup_stm32f40_41xxx.o [1]
  .text               ro code  0x08041fa4      0x4  startup_stm32f40_41xxx.o [1]
  .text               ro code  0x08041fa8      0x4  startup_stm32f40_41xxx.o [1]
  .text               ro code  0x08041fac      0x4  startup_stm32f40_41xxx.o [1]
  .text               ro code  0x08041fb0      0x4  startup_stm32f40_41xxx.o [1]
  .text               ro code  0x08041fb4      0x4  startup_stm32f40_41xxx.o [1]
  .text               ro code  0x08041fb8      0x4  startup_stm32f40_41xxx.o [1]
  .text               ro code  0x08041fbc      0x4  startup_stm32f40_41xxx.o [1]
  .text               ro code  0x08041fc0      0x4  startup_stm32f40_41xxx.o [1]
  .text               ro code  0x08041fc4      0x4  startup_stm32f40_41xxx.o [1]
  .text               ro code  0x08041fc8      0x4  startup_stm32f40_41xxx.o [1]
  .text               ro code  0x08041fcc      0x4  startup_stm32f40_41xxx.o [1]
  .text               ro code  0x08041fd0      0x4  startup_stm32f40_41xxx.o [1]
  .text               ro code  0x08041fd4      0x4  startup_stm32f40_41xxx.o [1]
  .text               ro code  0x08041fd8      0x4  startup_stm32f40_41xxx.o [1]
  .text               ro code  0x08041fdc      0x4  startup_stm32f40_41xxx.o [1]
  .text               ro code  0x08041fe0      0x4  startup_stm32f40_41xxx.o [1]
  .text               ro code  0x08041fe4      0x4  startup_stm32f40_41xxx.o [1]
  .text               ro code  0x08041fe8      0x4  startup_stm32f40_41xxx.o [1]
  .text               ro code  0x08041fec      0x4  startup_stm32f40_41xxx.o [1]
  .text               ro code  0x08041ff0      0x4  startup_stm32f40_41xxx.o [1]
  .text               ro code  0x08041ff4      0x4  startup_stm32f40_41xxx.o [1]
  .text               ro code  0x08041ff8      0x4  startup_stm32f40_41xxx.o [1]
  .text               ro code  0x08041ffc      0x4  startup_stm32f40_41xxx.o [1]
  .text               ro code  0x08042000      0x4  startup_stm32f40_41xxx.o [1]
  .text               ro code  0x08042004      0x4  startup_stm32f40_41xxx.o [1]
  .text               ro code  0x08042008      0x4  startup_stm32f40_41xxx.o [1]
  .text               ro code  0x0804200c      0x4  startup_stm32f40_41xxx.o [1]
  .text               ro code  0x08042010      0x4  startup_stm32f40_41xxx.o [1]
  .text               ro code  0x08042014      0x4  startup_stm32f40_41xxx.o [1]
  .text               ro code  0x08042018      0x4  startup_stm32f40_41xxx.o [1]
  .text               ro code  0x0804201c      0x4  startup_stm32f40_41xxx.o [1]
  .text               ro code  0x08042020      0x4  startup_stm32f40_41xxx.o [1]
  .text               ro code  0x08042024      0x4  startup_stm32f40_41xxx.o [1]
  .text               ro code  0x08042028      0x4  startup_stm32f40_41xxx.o [1]
  .text               ro code  0x0804202c      0x4  startup_stm32f40_41xxx.o [1]
  .text               ro code  0x08042030      0x4  startup_stm32f40_41xxx.o [1]
  .text               ro code  0x08042034      0x4  startup_stm32f40_41xxx.o [1]
  .text               ro code  0x08042038      0x4  startup_stm32f40_41xxx.o [1]
  .text               ro code  0x0804203c      0x4  startup_stm32f40_41xxx.o [1]
  .text               ro code  0x08042040      0x4  startup_stm32f40_41xxx.o [1]
  .text               ro code  0x08042044      0x4  startup_stm32f40_41xxx.o [1]
  .text               ro code  0x08042048      0x4  startup_stm32f40_41xxx.o [1]
  .rodata             const    0x0804204c      0x0  zero_init3.o [5]
  .rodata             const    0x0804204c      0x0  packbits_init.o [5]
  Initializer bytes   const    0x0804204c    0x11e  <for P2 s0>
                             - 0x0804216a  0x41fe2

"P2":                                      0x1f778
  P2 s0                        0x20000000    0x1cc  <Init block>
    __DLIB_PERTHREAD  inited   0x20000000     0x88  localeconv.o [3]
    .data             inited   0x20000088     0x50  demo_fatfs.o [1]
    .data             inited   0x200000d8     0x48  usbh_usr.o [1]
    .data             inited   0x20000120     0x40  xfiles.o [3]
    .data             inited   0x20000160     0x1c  malloc.o [1]
    .data             inited   0x2000017c     0x14  bsp_servomotor.o [1]
    .data             inited   0x20000190     0x10  stm32f4xx_rcc.o [1]
    .data             inited   0x200001a0     0x10  usbh_msc_core.o [1]
    .data             inited   0x200001b0      0xc  usbh_core.o [1]
    .data             inited   0x200001bc      0x4  port.o [1]
    .data             inited   0x200001c0      0x4  system_stm32f4xx.o [1]
    .data             inited   0x200001c4      0x4  usbh_core.o [1]
    .data             inited   0x200001c8      0x2  bsp_w25qxx.o [1]
    .data             inited   0x200001ca      0x1  page_weimi.o [1]
    .data             inited   0x200001cb      0x1  usbh_msc_scsi.o [1]
  .bss                zero     0x200001cc  0x11800  heap_4.o [1]
  .bss                zero     0x200119cc   0xa000  malloc.o [1]
  .bss                zero     0x2001b9cc   0x1000  bsp_w25qxx.o [1]
  .bss                zero     0x2001c9cc    0xa00  malloc.o [1]
  .bss                zero     0x2001d3cc    0x5ac  usbh_usr.o [1]
  .bss                zero     0x2001d978    0x5ac  usbh_usr.o [1]
  .bss                zero     0x2001df24    0x200  ff.o [1]
  .bss                zero     0x2001e124    0x200  usbh_msc_scsi.o [1]
  .bss                zero     0x2001e324    0x200  usbh_stdreq.o [1]
  .bss                zero     0x2001e524    0x118  page_weimi.o [1]
  .bss                zero     0x2001e63c     0xf0  tasks.o [1]
  .bss                zero     0x2001e72c     0xa4  protocol.o [1]
  .bss                zero     0x2001e7d0     0x98  para.o [1]
  .bss                zero     0x2001e868     0x94  usbh_usr.o [1]
  .bss                zero     0x2001e8fc     0x70  protocol.o [1]
  .bss                zero     0x2001e96c     0x64  bsp_uart_fifo.o [1]
  .bss                zero     0x2001e9d0     0x64  bsp_uart_fifo.o [1]
  .bss                zero     0x2001ea38     0x58  bsp_sdio_sd.o [1]
  .bss                zero     0x2001ea90     0x50  protocol.o [1]
  .bss                zero     0x2001eae0     0x50  xfiles.o [3]
  .bss                zero     0x2001eb30     0x4c  usbh_msc_core.o [1]
  .bss                zero     0x2001eb7c     0x34  bsp_sdwe050c17.o [1]
  .bss                zero     0x2001ebb0     0x2c  product_cal.o [1]
  .bss                zero     0x2001ebdc     0x28  bsp_uart_fifo.o [1]
  .bss                zero     0x2001ec04     0x28  encoder.o [1]
  .bss                zero     0x2001ec2c     0x28  product_cal.o [1]
  .bss                zero     0x2001ec54     0x24  ff.o [1]
  .bss                zero     0x2001ec78     0x20  usbh_msc_bot.o [1]
  .bss                zero     0x2001ec98     0x18  bsp_sdio_sd.o [1]
  .bss                zero     0x2001ecb0     0x18  bsp_sdio_sd.o [1]
  .bss                zero     0x2001ecc8     0x14  bsp_sdio_sd.o [1]
  .bss                zero     0x2001ecdc     0x14  page_weimi.o [1]
  .bss                zero     0x2001ecf0     0x14  rc522.o [1]
  .bss                zero     0x2001ed04     0x14  tasks.o [1]
  .bss                zero     0x2001ed18     0x14  tasks.o [1]
  .bss                zero     0x2001ed2c     0x14  tasks.o [1]
  .bss                zero     0x2001ed40     0x14  tasks.o [1]
  .bss                zero     0x2001ed54     0x14  tasks.o [1]
  .bss                zero     0x2001ed68     0x14  timers.o [1]
  .bss                zero     0x2001ed7c     0x14  timers.o [1]
  .bss                zero     0x2001ed90     0x10  bsp_sdio_sd.o [1]
  .bss                zero     0x2001eda0     0x10  bsp_sdio_sd.o [1]
  .bss                zero     0x2001edb0     0x10  usbh_msc_bot.o [1]
  .bss                zero     0x2001edc0     0x10  usbh_msc_bot.o [1]
  .bss                zero     0x2001edd0     0x10  usbh_msc_scsi.o [1]
  .bss                zero     0x2001ede0      0xc  apptask.o [1]
  .bss                zero     0x2001edec      0xc  apptask.o [1]
  .bss                zero     0x2001edf8      0xc  ff.o [1]
  .bss                zero     0x2001ee04      0xc  protocol.o [1]
  .bss                zero     0x2001ee10      0xc  protocol.o [1]
  .bss                zero     0x2001ee1c      0xc  protocol.o [1]
  .bss                zero     0x2001ee28      0x8  heap_4.o [1]
  .bss                zero     0x2001ee30      0x8  modbus.o [1]
  .bss                zero     0x2001ee38      0x8  protocol.o [1]
  .bss                zero     0x2001ee40      0x4  apptask.o [1]
  .bss                zero     0x2001ee44      0x4  apptask.o [1]
  .bss                zero     0x2001ee48      0x4  apptask.o [1]
  .bss                zero     0x2001ee4c      0x4  apptask.o [1]
  .bss                zero     0x2001ee50      0x4  apptask.o [1]
  .bss                zero     0x2001ee54      0x4  apptask.o [1]
  .bss                zero     0x2001ee58      0x4  apptask.o [1]
  .bss                zero     0x2001ee5c      0x4  apptask.o [1]
  .bss                zero     0x2001ee60      0x4  apptask.o [1]
  .bss                zero     0x2001ee64      0x4  apptask.o [1]
  .bss                zero     0x2001ee68      0x4  apptask.o [1]
  .bss                zero     0x2001ee6c      0x4  apptask.o [1]
  .bss                zero     0x2001ee70      0x4  apptask.o [1]
  .bss                zero     0x2001ee74      0x4  apptask.o [1]
  .bss                zero     0x2001ee78      0x4  apptask.o [1]
  .bss                zero     0x2001ee7c      0x4  apptask.o [1]
  .bss                zero     0x2001ee80      0x4  apptask.o [1]
  .bss                zero     0x2001ee84      0x4  apptask.o [1]
  .bss                zero     0x2001ee88      0x4  apptask.o [1]
  .bss                zero     0x2001ee8c      0x4  apptask.o [1]
  .bss                zero     0x2001ee90      0x4  bsp_sdio_sd.o [1]
  .bss                zero     0x2001ee94      0x4  bsp_sdio_sd.o [1]
  .bss                zero     0x2001ee98      0x4  bsp_sdio_sd.o [1]
  .bss                zero     0x2001ee9c      0x4  bsp_sdio_sd.o [1]
  .bss                zero     0x2001eea0      0x4  bsp_sdio_sd.o [1]
  .bss                zero     0x2001eea4      0x4  bsp_timer.o [1]
  .bss                zero     0x2001eea8      0x4  bsp_timer.o [1]
  .bss                zero     0x2001eeac      0x4  bsp_timer.o [1]
  .bss                zero     0x2001eeb0      0x4  bsp_timer.o [1]
  .bss                zero     0x2001eeb4      0x4  encoder.o [1]
  .bss                zero     0x2001eeb8      0x4  encoder.o [1]
  .bss                zero     0x2001eebc      0x4  heap_4.o [1]
  .bss                zero     0x2001eec0      0x4  heap_4.o [1]
  .bss                zero     0x2001eec4      0x4  heap_4.o [1]
  .bss                zero     0x2001eec8      0x4  heap_4.o [1]
  .bss                zero     0x2001eecc      0x4  port.o [1]
  .bss                zero     0x2001eed0      0x4  product_cal.o [1]
  .bss                zero     0x2001eed4      0x4  product_cal.o [1]
  .bss                zero     0x2001eed8      0x4  SysInfoTest.o [1]
  .bss                zero     0x2001eedc      0x4  tasks.o [1]
  .bss                zero     0x2001eee0      0x4  tasks.o [1]
  .bss                zero     0x2001eee4      0x4  tasks.o [1]
  .bss                zero     0x2001eee8      0x4  tasks.o [1]
  .bss                zero     0x2001eeec      0x4  tasks.o [1]
  .bss                zero     0x2001eef0      0x4  tasks.o [1]
  .bss                zero     0x2001eef4      0x4  tasks.o [1]
  .bss                zero     0x2001eef8      0x4  tasks.o [1]
  .bss                zero     0x2001eefc      0x4  tasks.o [1]
  .bss                zero     0x2001ef00      0x4  tasks.o [1]
  .bss                zero     0x2001ef04      0x4  tasks.o [1]
  .bss                zero     0x2001ef08      0x4  tasks.o [1]
  .bss                zero     0x2001ef0c      0x4  tasks.o [1]
  .bss                zero     0x2001ef10      0x4  tasks.o [1]
  .bss                zero     0x2001ef14      0x4  tasks.o [1]
  .bss                zero     0x2001ef18      0x4  tasks.o [1]
  .bss                zero     0x2001ef1c      0x4  timers.o [1]
  .bss                zero     0x2001ef20      0x4  timers.o [1]
  .bss                zero     0x2001ef24      0x4  timers.o [1]
  .bss                zero     0x2001ef28      0x4  timers.o [1]
  .bss                zero     0x2001ef2c      0x4  usbh_msc_bot.o [1]
  .bss                zero     0x2001ef30      0x4  usbh_msc_bot.o [1]
  .bss                zero     0x2001ef34      0x4  usbh_msc_bot.o [1]
  .bss                zero     0x2001ef38      0x4  usbh_msc_bot.o [1]
  .bss                zero     0x2001ef3c      0x2  apptask.o [1]
  .bss                zero     0x2001ef3e      0x2  apptask.o [1]
  .bss                zero     0x2001ef40      0x2  apptask.o [1]
  .bss                zero     0x2001ef42      0x2  apptask.o [1]
  .bss                zero     0x2001ef44      0x2  bsp_sdwe050c17.o [1]
  .bss                zero     0x2001ef46      0x2  encoder.o [1]
  .bss                zero     0x2001ef48      0x2  encoder.o [1]
  .bss                zero     0x2001ef4a      0x2  encoder.o [1]
  .bss                zero     0x2001ef4c      0x2  encoder.o [1]
  .bss                zero     0x2001ef4e      0x2  ff.o [1]
  .bss                zero     0x2001ef50      0x2  page_weimi.o [1]
  .bss                zero     0x2001ef52      0x2  product_cal.o [1]
  .bss                zero     0x2001ef54      0x2  usbh_core.o [1]
  .bss                zero     0x2001ef56      0x2  usbh_stdreq.o [1]
  .bss                zero     0x2001ef58      0x1  apptask.o [1]
  .bss                zero     0x2001ef59      0x1  apptask.o [1]
  .bss                zero     0x2001ef5a      0x1  apptask.o [1]
  .bss                zero     0x2001ef5b      0x1  apptask.o [1]
  .bss                zero     0x2001ef5c      0x1  apptask.o [1]
  .bss                zero     0x2001ef5d      0x1  apptask.o [1]
  .bss                zero     0x2001ef5e      0x1  apptask.o [1]
  .bss                zero     0x2001ef5f      0x1  apptask.o [1]
  .bss                zero     0x2001ef60      0x1  apptask.o [1]
  .bss                zero     0x2001ef61      0x1  bsp_sdio_sd.o [1]
  .bss                zero     0x2001ef62      0x1  bsp_sdwe050c17.o [1]
  .bss                zero     0x2001ef63      0x1  bsp_uart_fifo.o [1]
  .bss                zero     0x2001ef64      0x1  encoder.o [1]
  .bss                zero     0x2001ef65      0x1  encoder.o [1]
  .bss                zero     0x2001ef66      0x1  encoder.o [1]
  .bss                zero     0x2001ef67      0x1  page_weimi.o [1]
  .bss                zero     0x2001ef68      0x1  page_weimi.o [1]
  .bss                zero     0x2001ef69      0x1  page_weimi.o [1]
  .bss                zero     0x2001ef6a      0x1  page_weimi.o [1]
  .bss                zero     0x2001ef6b      0x1  port.o [1]
  .bss                zero     0x2001ef6c      0x1  product_cal.o [1]
  .bss                zero     0x2001ef6d      0x1  product_cal.o [1]
  .bss                zero     0x2001ef6e      0x1  product_cal.o [1]
  .bss                zero     0x2001ef6f      0x1  protocol.o [1]
  .bss                zero     0x2001ef70      0x1  rc522.o [1]
  .bss                zero     0x2001ef71      0x1  rc522.o [1]
  .bss                zero     0x2001ef72      0x1  usbh_msc_bot.o [1]
  .bss                zero     0x2001ef73      0x1  usbh_msc_core.o [1]
  .bss                zero     0x2001ef74      0x1  usbh_msc_core.o [1]
  .bss                zero     0x2001ef75      0x1  usbh_stdreq.o [1]
  .bss                zero     0x2001ef76      0x1  usbh_usr.o [1]
  CSTACK                       0x2001ef78    0x800  <Block>
    CSTACK            uninit   0x2001ef78    0x800  <Block tail>
                             - 0x2001f778  0x1f778

Absolute sections:                         0xff000
  .bss                zero     0x68000000  0xf0000  malloc.o [1]
  .bss                zero     0x680f0000   0xf000  malloc.o [1]
                             - 0x680ff000  0xff000


*******************************************************************************
*** INIT TABLE
***

          Address     Size
          -------     ----
Zero (__iar_zero_init3)
    2 destination ranges, total size 0x11ddab:
          0x200001cc  0x1edab
          0x68000000  0xff000

Copy/packbits (__iar_packbits_init3)
    1 source range, total size 0x11e (62% of destination):
          0x0804204c    0x11e
    1 destination range, total size 0x1cc:
          0x20000000    0x1cc



*******************************************************************************
*** MODULE SUMMARY
***

    Module                    ro code  ro data  rw data    rw data
                                                            (abs)
    ------                    -------  -------  -------    -------
E:\WORK\YarnControl_Driver\YarnControl_Driver\src\stm32f4_rtos\Project\EWARMv7\Flash\Obj: [1]
    SysInfoTest.o                  60                 4
    apptask.o                  18 668    1 800      121
    bsp.o                          76
    bsp_closeSW.o                 212
    bsp_dwt.o                     116
    bsp_led.o                     192
    bsp_relay.o                    68
    bsp_sdio_sd.o               6 744               209
    bsp_sdwe050c17.o            4 776       56       55
    bsp_servomotor.o            1 164       12       20
    bsp_spi.o                     292
    bsp_stepmotor.o               620
    bsp_sw_onoff.o                104
    bsp_tim_pwm.o                 736
    bsp_timer.o                   516                16
    bsp_uart_fifo.o             2 532               241
    bsp_w25qxx.o                  896        9    4 098
    bsp_watchdog.o                  8
    cc936.o                       244  176 320
    demo_fatfs.o                           742       80
    diskio.o                      740
    encoder.o                     884                59
    event_groups.o                610
    ff.o                        8 804       36      562
    heap_4.o                      640        4   71 704
    list.o                        152
    main.o                         44       32
    malloc.o                      540       42   43 548  1 044 480
    mcheck.o                      184      768
    misc.o                        136
    modbus.o                      852                 8
    page_weimi.o                  596        1      307
    para.o                        812       24      152
    port.o                        588        6        9
    portasm.o                     168
    product_cal.o               1 316      400       97
    protocol.o                     68               401
    queue.o                     1 992
    rc522.o                       174                22
    startup_stm32f40_41xxx.o      676
    stm32f4xx_dma.o               796
    stm32f4xx_exti.o              192
    stm32f4xx_gpio.o              300
    stm32f4xx_it.o                 56       44
    stm32f4xx_iwdg.o               16
    stm32f4xx_rcc.o               488       10       16
    stm32f4xx_sdio.o              380
    stm32f4xx_spi.o               116
    stm32f4xx_syscfg.o             84
    stm32f4xx_tim.o             1 648
    stm32f4xx_usart.o             596
    system_stm32f4xx.o            340        3        4
    tasks.o                     3 072        8      404
    timers.o                    1 188        8       56
    usb_bsp.o                     332
    usb_core.o                  2 640
    usb_hcd.o                     214
    usb_hcd_int.o               3 198
    usbh_core.o                 1 888       10       18
    usbh_hcs.o                    442
    usbh_ioreq.o                  582
    usbh_it.o                      16
    usbh_msc_bot.o              1 364                81
    usbh_msc_core.o             1 000       10       94
    usbh_msc_scsi.o             1 560        1      529
    usbh_stdreq.o               1 078               515
    usbh_usr.o                    438      601    3 125
    --------------------------------------------------------------
    Total:                     82 024  180 947  126 555  1 044 480

command line: [2]
    --------------------------------------------------------------
    Total:

dl7M_tlf.a: [3]
    abort.o                         6
    div.o                          14
    exit.o                          4
    localeconv.o                  108       84      136
    printf.o                       36
    putchar.o                      12
    sprintf.o                      52
    strcat.o                       28
    strstr.o                       44
    xfiles.o                                39      144
    xprintffull_nomb.o          3 478
    xprout.o                       22
    xsprout.o                      10
    --------------------------------------------------------------
    Total:                      3 814      123      280

m7M_tls.a: [4]
    DblAdd.o                      232
    DblCmpGe.o                     46
    DblCmpLe.o                     46
    DblDiv.o                      598
    DblMul.o                      418
    DblSub.o                      384
    DblToFlt.o                    144
    DblToI32.o                     88
    FltToDbl.o                     78
    I32ToDbl.o                     48
    fpinit_M.o                     34
    xdnorm.o                       66
    xdscale.o                     276
    --------------------------------------------------------------
    Total:                      2 458

rt7M_tl.a: [5]
    ABImemcpy_unaligned.o         118
    ABImemset.o                   102
    I64DivMod.o                   238
    I64DivZer.o                     2
    cexit.o                        10
    cmain.o                        26
    cstartup_M.o                   12
    data_init.o                    40
    memchr.o                       88
    memcmp_unaligned.o             98
    packbits_init.o               208
    strchr.o                       22
    strcmp_unaligned.o             66
    strcpy_unaligned.o             68
    strlen.o                       54
    zero_init3.o                   64
    --------------------------------------------------------------
    Total:                      1 216

shb_l.a: [6]
    exit.o                         20
    --------------------------------------------------------------
    Total:                         20

    Gaps                           40        4        4
    Linker created                          52    2 048
------------------------------------------------------------------
    Grand Total:               89 572  181 126  128 887  1 044 480


*******************************************************************************
*** ENTRY LIST
***

Entry                      Address     Size  Type      Object
-----                      -------     ----  ----      ------
.iar.init_table$$Base   0x08041600            --   Gb  - Linker created -
.iar.init_table$$Limit  0x08041634            --   Gb  - Linker created -
?main                   0x08041939           Code  Gb  cmain.o [5]
APBAHBPrescTable        0x20000190     0x10  Data  Lc  stm32f4xx_rcc.o [1]
AppObjCreate            0x0802eda9    0x184  Code  Gb  apptask.o [1]
AppTaskCreate           0x0802ec0d    0x16c  Code  Gb  apptask.o [1]
BOTStallErrorCount      0x2001ef2c      0x4  Data  Lc  usbh_msc_bot.o [1]
BusFault_Handler        0x0804135f      0x2  Code  Gb  stm32f4xx_it.o [1]
CID_Tab                 0x2001eda0     0x10  Data  Lc  bsp_sdio_sd.o [1]
CRC16HiTable            0x08040c14    0x100  Data  Gb  mcheck.o [1]
CRC16LoTable            0x08040d14    0x100  Data  Gb  mcheck.o [1]
CRC8Table               0x08040e14    0x100  Data  Gb  mcheck.o [1]
CSD_Tab                 0x2001ed90     0x10  Data  Lc  bsp_sdio_sd.o [1]
CSTACK$$Base            0x2001ef78            --   Gb  - Linker created -
CSTACK$$Limit           0x2001f778            --   Gb  - Linker created -
CardType                0x2001ee90      0x4  Data  Lc  bsp_sdio_sd.o [1]
CmdError                0x0803d2f1     0x38  Code  Lc  bsp_sdio_sd.o [1]
CmdResp1Error           0x0803d395    0x112  Code  Lc  bsp_sdio_sd.o [1]
CmdResp2Error           0x0803d4e5     0x52  Code  Lc  bsp_sdio_sd.o [1]
CmdResp3Error           0x0803d4a7     0x3e  Code  Lc  bsp_sdio_sd.o [1]
CmdResp6Error           0x0803d537     0xa6  Code  Lc  bsp_sdio_sd.o [1]
CmdResp7Error           0x0803d329     0x58  Code  Lc  bsp_sdio_sd.o [1]
ConfigExitNVIC          0x08040f7f     0x22  Code  Gb  bsp_closeSW.o [1]
ConfigUartNVIC          0x0803850b     0x7c  Code  Lc  bsp_uart_fifo.o [1]
DIFF_G_init             0x08032d8d     0x78  Code  Gb  bsp_servomotor.o [1]
DMA1_Stream0_IRQHandler
                        0x08033101     0x1c  Code  Gb  bsp_servomotor.o [1]
DMA1_Stream3_IRQHandler
                        0x0803311d     0x1c  Code  Gb  bsp_servomotor.o [1]
DMA2_Stream3_IRQHandler
                        0x0803dbd9      0x8  Code  Gb  bsp_sdio_sd.o [1]
DMAEndOfTransfer        0x2001eea0      0x4  Data  Gb  bsp_sdio_sd.o [1]
DMA_ClearFlag           0x08039edf     0x24  Code  Gb  stm32f4xx_dma.o [1]
DMA_Cmd                 0x08039e95     0x1a  Code  Gb  stm32f4xx_dma.o [1]
DMA_DeInit              0x08039cfd    0x140  Code  Gb  stm32f4xx_dma.o [1]
DMA_FlowControllerConfig
                        0x08039eaf     0x18  Code  Gb  stm32f4xx_dma.o [1]
DMA_GetCmdStatus        0x08039ec7     0x18  Code  Gb  stm32f4xx_dma.o [1]
DMA_GetITStatus         0x08039f45     0x62  Code  Gb  stm32f4xx_dma.o [1]
DMA_ITConfig            0x08039f03     0x42  Code  Gb  stm32f4xx_dma.o [1]
DMA_Init                0x08039e3d     0x58  Code  Gb  stm32f4xx_dma.o [1]
DebugMon_Handler        0x08041363      0x2  Code  Gb  stm32f4xx_it.o [1]
DiskFile_init           0x08036259     0x40  Code  Gb  protocol.o [1]
Disk_File               0x2001e8fc     0x70  Data  Gb  protocol.o [1]
EXTI9_5_IRQHandler      0x08040fa1     0x3c  Code  Gb  bsp_closeSW.o [1]
EXTI_ClearITPendingBit  0x080410df      0x6  Code  Gb  stm32f4xx_exti.o [1]
EXTI_GetITStatus        0x080410c5     0x1a  Code  Gb  stm32f4xx_exti.o [1]
EXTI_Init               0x0804103d     0x88  Code  Gb  stm32f4xx_exti.o [1]
Encoder_Cap_Init        0x08036cb5     0xbc  Code  Gb  encoder.o [1]
FR_Table                0x20000088     0x50  Data  Gb  demo_fatfs.o [1]
FatFs                   0x2001edf8      0xc  Data  Lc  ff.o [1]
Files                   0x2001ec54     0x24  Data  Lc  ff.o [1]
FindSCR                 0x0803d785    0x206  Code  Lc  bsp_sdio_sd.o [1]
Freq                    0x2001ec04     0x28  Data  Gb  encoder.o [1]
Freq_Sample             0x08036d71     0xc2  Code  Gb  encoder.o [1]
Freq_ptr1               0x2001ef65      0x1  Data  Gb  encoder.o [1]
Freq_ptr2               0x2001ef66      0x1  Data  Gb  encoder.o [1]
Freq_value              0x2001eeb8      0x4  Data  Gb  encoder.o [1]
Fsid                    0x2001ef4e      0x2  Data  Lc  ff.o [1]
GPIO_Init               0x080362ad     0xaa  Code  Gb  stm32f4xx_gpio.o [1]
GPIO_PinAFConfig        0x0803637f     0x5a  Code  Gb  stm32f4xx_gpio.o [1]
GPIO_ReadInputDataBit   0x08036357     0x1a  Code  Gb  stm32f4xx_gpio.o [1]
GPIO_WriteBit           0x08036371      0xe  Code  Gb  stm32f4xx_gpio.o [1]
GetDeviceState          0x08036225     0x2e  Code  Gb  bsp_sw_onoff.o [1]
HCD_GetCurrentFrame     0x0803a27d      0x8  Code  Gb  usb_hcd.o [1]
HCD_GetCurrentSpeed     0x0803a25f     0x10  Code  Gb  usb_hcd.o [1]
HCD_GetURB_State        0x0803a285      0xa  Code  Gb  usb_hcd.o [1]
HCD_GetXferCnt          0x0803a28f      0xc  Code  Gb  usb_hcd.o [1]
HCD_Init                0x0803a1ed     0x72  Code  Gb  usb_hcd.o [1]
HCD_ResetPort           0x0803a26f      0xe  Code  Gb  usb_hcd.o [1]
HCD_SubmitRequest       0x0803a29b     0x28  Code  Gb  usb_hcd.o [1]
HardFault_Handler       0x0804132f     0x22  Code  Gb  stm32f4xx_it.o [1]
IWDG_Feed               0x08037985      0x8  Code  Gb  bsp_watchdog.o [1]
IWDG_ReloadCounter      0x0803afb5      0xa  Code  Gb  stm32f4xx_iwdg.o [1]
InStream_Read           0x080410fd     0x22  Code  Lc  packbits_init.o [5]
InitHardUart            0x08038149    0x3c2  Code  Lc  bsp_uart_fifo.o [1]
Init_JINGSHA_GUI        0x08030773    0x122  Code  Gb  bsp_sdwe050c17.o [1]
JingSha_File            0x2001ea90     0x50  Data  Gb  protocol.o [1]
LfnBuf                  0x2001df24    0x200  Data  Lc  ff.o [1]
LfnOfs                  0x08041c84     0x10  Data  Lc  ff.o [1]
LoadInt                 0x08039371     0x6e  Code  Lc  xprintffull_nomb.o [3]
MSCErrorCount           0x2001ef73      0x1  Data  Gb  usbh_msc_core.o [1]
MSC_Machine             0x2001eb30     0x4c  Data  Gb  usbh_msc_core.o [1]
MSG_DEV_ATTACHED        0x08041acc     0x18  Data  Gb  usbh_usr.o [1]
MSG_DEV_DISCONNECTED    0x08041ae4     0x18  Data  Gb  usbh_usr.o [1]
MSG_DEV_ENUMERATED      0x080418e4     0x1c  Data  Gb  usbh_usr.o [1]
MSG_DEV_ERROR           0x08041bc0     0x14  Data  Gb  usbh_usr.o [1]
MSG_DEV_FULLSPEED       0x08041754     0x20  Data  Gb  usbh_usr.o [1]
MSG_DEV_HIGHSPEED       0x08041734     0x20  Data  Gb  usbh_usr.o [1]
MSG_DEV_LOWSPEED        0x08041774     0x20  Data  Gb  usbh_usr.o [1]
MSG_HID_CLASS           0x08041900     0x1c  Data  Gb  usbh_usr.o [1]
MSG_MSC_CLASS           0x080415b8     0x24  Data  Gb  usbh_usr.o [1]
MSG_UNREC_ERROR         0x0804191c     0x1c  Data  Gb  usbh_usr.o [1]
MemManage_Handler       0x0804135d      0x2  Code  Gb  stm32f4xx_it.o [1]
MotorProcess            0x2001ecdc     0x14  Data  Gb  page_weimi.o [1]
MotorStepCount          0x08037029     0x62  Code  Gb  page_weimi.o [1]
NMI_Handler             0x0804132d      0x2  Code  Gb  stm32f4xx_it.o [1]
NVIC_Init               0x0803a023     0x6a  Code  Gb  misc.o [1]
NVIC_PriorityGroupConfig
                        0x0803a019      0xa  Code  Gb  misc.o [1]
OTG_FS_IRQHandler       0x08041ce5     0x10  Code  Gb  usbh_it.o [1]
PendSV_Handler          0x0803afc5           Code  Gb  portasm.o [1]
RCA                     0x2001ee94      0x4  Data  Lc  bsp_sdio_sd.o [1]
RCC_AHB1PeriphClockCmd  0x08037ff3     0x22  Code  Gb  stm32f4xx_rcc.o [1]
RCC_AHB2PeriphClockCmd  0x08038015     0x1e  Code  Gb  stm32f4xx_rcc.o [1]
RCC_APB1PeriphClockCmd  0x08038033     0x1e  Code  Gb  stm32f4xx_rcc.o [1]
RCC_APB1PeriphResetCmd  0x0803806f     0x1e  Code  Gb  stm32f4xx_rcc.o [1]
RCC_APB2PeriphClockCmd  0x08038051     0x1e  Code  Gb  stm32f4xx_rcc.o [1]
RCC_APB2PeriphResetCmd  0x0803808d     0x1e  Code  Gb  stm32f4xx_rcc.o [1]
RCC_GetClocksFreq       0x08037ef1    0x102  Code  Gb  stm32f4xx_rcc.o [1]
RS485_InitTXE           0x08038115     0x34  Code  Gb  bsp_uart_fifo.o [1]
RS485_sendbuf           0x08038955     0x3c  Code  Gb  bsp_uart_fifo.o [1]
ReadValue1              0x2001ef46      0x2  Data  Gb  encoder.o [1]
ReadValue2              0x2001ef48      0x2  Data  Gb  encoder.o [1]
Region$$Table$$Base     0x08041600            --   Gb  - Linker created -
Region$$Table$$Limit    0x08041634            --   Gb  - Linker created -
SDCardInfo              0x2001ea38     0x58  Data  Gb  bsp_sdio_sd.o [1]
SDEnWideBus             0x0803d5e9    0x198  Code  Lc  bsp_sdio_sd.o [1]
SDIO_ClearFlag          0x0803e865      0x6  Code  Gb  stm32f4xx_sdio.o [1]
SDIO_ClearITPendingBit  0x0803e885      0x6  Code  Gb  stm32f4xx_sdio.o [1]
SDIO_ClockCmd           0x0803e793      0x8  Code  Gb  stm32f4xx_sdio.o [1]
SDIO_CmdInitStructure   0x2001ecc8     0x14  Data  Gb  bsp_sdio_sd.o [1]
SDIO_DMACmd             0x0803e825      0x8  Code  Gb  stm32f4xx_sdio.o [1]
SDIO_DataConfig         0x0803e7f1     0x2e  Code  Gb  stm32f4xx_sdio.o [1]
SDIO_DataInitStructure  0x2001ecb0     0x18  Data  Gb  bsp_sdio_sd.o [1]
SDIO_DeInit             0x0803e751     0x18  Code  Gb  stm32f4xx_sdio.o [1]
SDIO_GetCommandResponse
                        0x0803e7d3      0x8  Code  Gb  stm32f4xx_sdio.o [1]
SDIO_GetFlagStatus      0x0803e84b     0x1a  Code  Gb  stm32f4xx_sdio.o [1]
SDIO_GetITStatus        0x0803e86b     0x1a  Code  Gb  stm32f4xx_sdio.o [1]
SDIO_GetPowerState      0x0803e7a1      0xa  Code  Gb  stm32f4xx_sdio.o [1]
SDIO_GetResponse        0x0803e7db     0x16  Code  Gb  stm32f4xx_sdio.o [1]
SDIO_IRQHandler         0x0803dbd1      0x8  Code  Gb  bsp_sdio_sd.o [1]
SDIO_ITConfig           0x0803e82d     0x1e  Code  Gb  stm32f4xx_sdio.o [1]
SDIO_Init               0x0803e769     0x2a  Code  Gb  stm32f4xx_sdio.o [1]
SDIO_InitStructure      0x2001ec98     0x18  Data  Gb  bsp_sdio_sd.o [1]
SDIO_Interrupts_Config  0x0803db95     0x3c  Code  Gb  bsp_sdio_sd.o [1]
SDIO_ReadData           0x0803e81f      0x6  Code  Gb  stm32f4xx_sdio.o [1]
SDIO_SendCommand        0x0803e7ab     0x28  Code  Gb  stm32f4xx_sdio.o [1]
SDIO_SetPowerState      0x0803e79b      0x6  Code  Gb  stm32f4xx_sdio.o [1]
SDWE_WARNNING           0x08030a05     0x2a  Code  Gb  bsp_sdwe050c17.o [1]
SD_Detect               0x0803c28d     0x22  Code  Gb  bsp_sdio_sd.o [1]
SD_EnableWideBusOperation
                        0x0803ca89     0xc8  Code  Gb  bsp_sdio_sd.o [1]
SD_GetCardInfo          0x0803c69d    0x3ec  Code  Gb  bsp_sdio_sd.o [1]
SD_GetState             0x0803c263     0x2a  Code  Gb  bsp_sdio_sd.o [1]
SD_GetStatus            0x0803c241     0x22  Code  Gb  bsp_sdio_sd.o [1]
SD_Init                 0x0803c189     0xb8  Code  Gb  bsp_sdio_sd.o [1]
SD_InitializeCards      0x0803c4fb    0x1a2  Code  Gb  bsp_sdio_sd.o [1]
SD_LowLevel_DMA_RxConfig
                        0x0803dadf     0x8e  Code  Gb  bsp_sdio_sd.o [1]
SD_LowLevel_DMA_TxConfig
                        0x0803da51     0x8e  Code  Gb  bsp_sdio_sd.o [1]
SD_LowLevel_Init        0x0803d98d     0xbc  Code  Gb  bsp_sdio_sd.o [1]
SD_PowerON              0x0803c2af    0x24c  Code  Gb  bsp_sdio_sd.o [1]
SD_ProcessDMAIRQ        0x0803d2cd     0x22  Code  Gb  bsp_sdio_sd.o [1]
SD_ProcessIRQSrc        0x0803d21f     0xae  Code  Gb  bsp_sdio_sd.o [1]
SD_ReadBlock            0x0803cb89    0x108  Code  Gb  bsp_sdio_sd.o [1]
SD_ReadMultiBlocks      0x0803cc91    0x134  Code  Gb  bsp_sdio_sd.o [1]
SD_SelectDeselect       0x0803cb51     0x38  Code  Gb  bsp_sdio_sd.o [1]
SD_SendStatus           0x0803d1b1     0x6e  Code  Gb  bsp_sdio_sd.o [1]
SD_StopTransfer         0x0803d169     0x44  Code  Gb  bsp_sdio_sd.o [1]
SD_WaitReadOperation    0x0803cdc9     0x96  Code  Gb  bsp_sdio_sd.o [1]
SD_WriteBlock           0x0803ce69    0x11e  Code  Gb  bsp_sdio_sd.o [1]
SD_WriteMultiBlocks     0x0803cf95    0x1cc  Code  Gb  bsp_sdio_sd.o [1]
SPI1_Init               0x08038cc1     0xc0  Code  Gb  bsp_spi.o [1]
SPI1_ReadWriteByte      0x08038da9     0x32  Code  Gb  bsp_spi.o [1]
SPI1_SetSpeed           0x08038d81     0x28  Code  Gb  bsp_spi.o [1]
SPI_Cmd                 0x0803b301     0x1c  Code  Gb  stm32f4xx_spi.o [1]
SPI_I2S_GetFlagStatus   0x0803b31d     0x18  Code  Gb  stm32f4xx_spi.o [1]
SPI_Init                0x0803b2c1     0x40  Code  Gb  stm32f4xx_spi.o [1]
SRC_Buffer              0x2000017c     0x14  Data  Gb  bsp_servomotor.o [1]
SVC_Handler             0x0803b01d           Code  Gb  portasm.o [1]
SYSCFG_EXTILineConfig   0x08040fe9     0x50  Code  Gb  stm32f4xx_syscfg.o [1]
Sdwe_ClearReadDisk      0x08030adb     0x1c  Code  Gb  bsp_sdwe050c17.o [1]
Sdwe_change_class_time  0x08030f95     0x30  Code  Gb  bsp_sdwe050c17.o [1]
Sdwe_clearString        0x08030a2f     0x54  Code  Gb  bsp_sdwe050c17.o [1]
Sdwe_clear_filename     0x08030b27     0x2a  Code  Gb  bsp_sdwe050c17.o [1]
Sdwe_disDigi            0x080308df     0xa4  Code  Gb  bsp_sdwe050c17.o [1]
Sdwe_disPicture         0x08030895     0x4a  Code  Gb  bsp_sdwe050c17.o [1]
Sdwe_disString          0x08030983     0x82  Code  Gb  bsp_sdwe050c17.o [1]
Sdwe_hidden_page        0x0803102d     0x30  Code  Gb  bsp_sdwe050c17.o [1]
Sdwe_peiliao_page       0x08030e9f     0xf6  Code  Gb  bsp_sdwe050c17.o [1]
Sdwe_period_page        0x08030fc5     0x68  Code  Gb  bsp_sdwe050c17.o [1]
Sdwe_product_page       0x08030d1d    0x182  Code  Gb  bsp_sdwe050c17.o [1]
Sdwe_readRTC            0x08030af7     0x30  Code  Gb  bsp_sdwe050c17.o [1]
Sdwe_refresh_allname    0x08030cd5     0x48  Code  Gb  bsp_sdwe050c17.o [1]
Sdwe_refresh_filename   0x08030b51    0x184  Code  Gb  bsp_sdwe050c17.o [1]
Sdwe_stop_page          0x0803105d    0x36a  Code  Gb  bsp_sdwe050c17.o [1]
Sdwe_writeIcon          0x08030a83     0x58  Code  Gb  bsp_sdwe050c17.o [1]
ServoMotorRunning       0x080330df     0x22  Code  Gb  bsp_servomotor.o [1]
SetSysClock             0x08040b13     0xce  Code  Lc  system_stm32f4xx.o [1]
SlavePara               0x2001e72c     0xa4  Data  Gb  protocol.o [1]
StepMotor_adjust_speed  0x08036c13     0x36  Code  Gb  bsp_stepmotor.o [1]
StepMotor_start         0x08036c75     0x2c  Code  Gb  bsp_stepmotor.o [1]
StepMotor_stop          0x08036c49     0x2c  Code  Gb  bsp_stepmotor.o [1]
StopCondition           0x2001ee98      0x4  Data  Gb  bsp_sdio_sd.o [1]
SysTick_Handler         0x08037b13     0x2c  Code  Gb  port.o [1]
SystemCoreClock         0x200001c0      0x4  Data  Gb  system_stm32f4xx.o [1]
SystemInit              0x08040ac1     0x52  Code  Gb  system_stm32f4xx.o [1]
TI1_Config              0x0803694d     0x38  Code  Lc  stm32f4xx_tim.o [1]
TI2_Config              0x08036985     0x42  Code  Lc  stm32f4xx_tim.o [1]
TI3_Config              0x080369c7     0x40  Code  Lc  stm32f4xx_tim.o [1]
TI4_Config              0x08036a07     0x42  Code  Lc  stm32f4xx_tim.o [1]
TIM1_PWM_SETPMOTOR      0x08036ba5     0x6e  Code  Gb  bsp_stepmotor.o [1]
TIM2_IRQHandler         0x08038bfd     0xac  Code  Gb  bsp_timer.o [1]
TIM3CH2_CAPTURE_STA     0x2001ef64      0x1  Data  Gb  encoder.o [1]
TIM3CH2_CAPTURE_VAL     0x2001eeb4      0x4  Data  Gb  encoder.o [1]
TIM3_IRQHandler         0x08036f21     0xc0  Code  Gb  encoder.o [1]
TIM3_PWM_SETPMOTOR      0x08036b3d     0x68  Code  Gb  bsp_stepmotor.o [1]
TIM4_CH1_ConfigPwmOut   0x08032cd5     0x1c  Code  Gb  bsp_servomotor.o [1]
TIM4_CH1_GPIO_Configuration
                        0x08032d4b     0x42  Code  Gb  bsp_servomotor.o [1]
TIM4_CH1_PWMDMA_Config  0x08032ecb     0xb0  Code  Gb  bsp_servomotor.o [1]
TIM4_CH1_StartPwmOut    0x08032cf1     0x2c  Code  Gb  bsp_servomotor.o [1]
TIM4_CH1_StopPwmOut     0x08032d1d     0x2e  Code  Gb  bsp_servomotor.o [1]
TIM4_CH2_ConfigPwmOut   0x08032f7b     0x1c  Code  Gb  bsp_servomotor.o [1]
TIM4_CH2_GPIO_Configuration
                        0x08032ff1     0x3e  Code  Gb  bsp_servomotor.o [1]
TIM4_CH2_PWMDMA_Config  0x0803302f     0xb0  Code  Gb  bsp_servomotor.o [1]
TIM4_CH2_StartPwmOut    0x08032f97     0x2c  Code  Gb  bsp_servomotor.o [1]
TIM4_CH2_StopPwmOut     0x08032fc3     0x2e  Code  Gb  bsp_servomotor.o [1]
TIM4_PWM_Config         0x08032e05     0xc6  Code  Gb  bsp_servomotor.o [1]
TIM6_DAC_IRQHandler     0x080412cb     0x22  Code  Gb  SysInfoTest.o [1]
TIM8_CC_IRQHandler      0x08036e33     0xee  Code  Gb  encoder.o [1]
TIM_ARRPreloadConfig    0x080365bf     0x1c  Code  Gb  stm32f4xx_tim.o [1]
TIM_CallBack1           0x0802ef3d     0x44  Code  Gb  apptask.o [1]
TIM_ClearITPendingBit   0x0803692f      0x8  Code  Gb  stm32f4xx_tim.o [1]
TIM_Cmd                 0x080365db     0x1c  Code  Gb  stm32f4xx_tim.o [1]
TIM_CtrlPWMOutputs      0x080368c5     0x22  Code  Gb  stm32f4xx_tim.o [1]
TIM_DMACmd              0x08036937     0x16  Code  Gb  stm32f4xx_tim.o [1]
TIM_DeInit              0x080363d9    0x17c  Code  Gb  stm32f4xx_tim.o [1]
TIM_GetITStatus         0x080368fd     0x32  Code  Gb  stm32f4xx_tim.o [1]
TIM_ICInit              0x08036809     0x70  Code  Gb  stm32f4xx_tim.o [1]
TIM_ITConfig            0x080368e7     0x16  Code  Gb  stm32f4xx_tim.o [1]
TIM_OC1Init             0x080365f7     0x7e  Code  Gb  stm32f4xx_tim.o [1]
TIM_OC2Init             0x08036675     0x8c  Code  Gb  stm32f4xx_tim.o [1]
TIM_OC2PreloadConfig    0x080367e3     0x14  Code  Gb  stm32f4xx_tim.o [1]
TIM_OC3Init             0x08036701     0x8a  Code  Gb  stm32f4xx_tim.o [1]
TIM_OC3PreloadConfig    0x080367f7     0x12  Code  Gb  stm32f4xx_tim.o [1]
TIM_OCStructInit        0x080367c1     0x22  Code  Gb  stm32f4xx_tim.o [1]
TIM_SetIC1Prescaler     0x08036879     0x12  Code  Gb  stm32f4xx_tim.o [1]
TIM_SetIC2Prescaler     0x0803688b     0x14  Code  Gb  stm32f4xx_tim.o [1]
TIM_SetIC3Prescaler     0x0803689f     0x12  Code  Gb  stm32f4xx_tim.o [1]
TIM_SetIC4Prescaler     0x080368b1     0x14  Code  Gb  stm32f4xx_tim.o [1]
TIM_TimeBaseInit        0x08036555     0x6a  Code  Gb  stm32f4xx_tim.o [1]
Task_iwdg_refresh       0x0802f1bd     0x8a  Code  Gb  apptask.o [1]
TransferEnd             0x2001ee9c      0x4  Data  Gb  bsp_sdio_sd.o [1]
TransferError           0x2001ef61      0x1  Data  Gb  bsp_sdio_sd.o [1]
UART1ToPC               0x080388f5     0x30  Code  Gb  bsp_uart_fifo.o [1]
UART2ToPC               0x08038925     0x30  Code  Gb  bsp_uart_fifo.o [1]
UART2_RX_BUF            0x2001e9d0     0x64  Data  Gb  bsp_uart_fifo.o [1]
UART3ToPC               0x08038991     0x30  Code  Gb  bsp_uart_fifo.o [1]
UART4ToPC               0x080389c1     0x30  Code  Gb  bsp_uart_fifo.o [1]
UART4_IRQHandler        0x08038807     0x84  Code  Gb  bsp_uart_fifo.o [1]
UART4_RX_BUF            0x2001e96c     0x64  Data  Gb  bsp_uart_fifo.o [1]
UART5ToPC               0x080389f1     0x30  Code  Gb  bsp_uart_fifo.o [1]
UART5_IRQHandler        0x0803888b     0x6a  Code  Gb  bsp_uart_fifo.o [1]
USART1_IRQHandler       0x08038777     0x1e  Code  Gb  bsp_uart_fifo.o [1]
USART2_IRQHandler       0x08038795     0x68  Code  Gb  bsp_uart_fifo.o [1]
USART3_IRQHandler       0x080387fd      0xa  Code  Gb  bsp_uart_fifo.o [1]
USART_ClearFlag         0x0803b21f      0xc  Code  Gb  stm32f4xx_usart.o [1]
USART_ClearITPendingBit
                        0x0803b29b     0x26  Code  Gb  stm32f4xx_usart.o [1]
USART_Cmd               0x0803b169     0x1c  Code  Gb  stm32f4xx_usart.o [1]
USART_DMACmd            0x0803b195     0x16  Code  Gb  stm32f4xx_usart.o [1]
USART_GetFlagStatus     0x0803b201     0x1e  Code  Gb  stm32f4xx_usart.o [1]
USART_GetITStatus       0x0803b22b     0x70  Code  Gb  stm32f4xx_usart.o [1]
USART_ITConfig          0x0803b1ab     0x56  Code  Gb  stm32f4xx_usart.o [1]
USART_Init              0x0803b06d     0xee  Code  Gb  stm32f4xx_usart.o [1]
USART_ReceiveData       0x0803b18d      0x8  Code  Gb  stm32f4xx_usart.o [1]
USART_SendData          0x0803b185      0x8  Code  Gb  stm32f4xx_usart.o [1]
USBH_Alloc_Channel      0x0803a3dd     0x2e  Code  Gb  usbh_hcs.o [1]
USBH_BulkReceiveData    0x0803aa81     0x62  Code  Gb  usbh_ioreq.o [1]
USBH_BulkSendData       0x0803aa1f     0x62  Code  Gb  usbh_ioreq.o [1]
USBH_CfgDesc            0x2001e324    0x200  Data  Gb  usbh_stdreq.o [1]
USBH_ClrFeature         0x0803a627     0x4c  Code  Gb  usbh_stdreq.o [1]
USBH_Connected          0x08033319      0xc  Code  Gb  usbh_core.o [1]
USBH_CtlReceiveData     0x0803a9d9     0x46  Code  Gb  usbh_ioreq.o [1]
USBH_CtlReq             0x0803a8b3     0x6e  Code  Gb  usbh_ioreq.o [1]
USBH_CtlSendData        0x0803a965     0x74  Code  Gb  usbh_ioreq.o [1]
USBH_CtlSendSetup       0x0803a921     0x44  Code  Gb  usbh_ioreq.o [1]
USBH_DataInBuffer       0x2001e124    0x200  Data  Gb  usbh_msc_scsi.o [1]
USBH_DeAllocate_AllChannel
                        0x0803a42f     0x20  Code  Gb  usbh_hcs.o [1]
USBH_DeInit             0x0803337f     0x3e  Code  Gb  usbh_core.o [1]
USBH_Disconnected       0x08033325      0xc  Code  Gb  usbh_core.o [1]
USBH_ErrorHandle        0x0803358f     0x34  Code  Gb  usbh_core.o [1]
USBH_Free_Channel       0x0803a40b     0x24  Code  Gb  usbh_hcs.o [1]
USBH_GetDescriptor      0x0803a587     0x4e  Code  Gb  usbh_stdreq.o [1]
USBH_GetFreeChannel     0x0803a44f     0x2e  Code  Lc  usbh_hcs.o [1]
USBH_GetNextDesc        0x0803a89b     0x18  Code  Gb  usbh_stdreq.o [1]
USBH_Get_CfgDesc        0x0803a4c3     0x78  Code  Gb  usbh_stdreq.o [1]
USBH_Get_DevDesc        0x0803a47d     0x46  Code  Gb  usbh_stdreq.o [1]
USBH_Get_StringDesc     0x0803a53b     0x4c  Code  Gb  usbh_stdreq.o [1]
USBH_HCD_INT_cb         0x200001b0      0xc  Data  Gb  usbh_core.o [1]
USBH_HCD_INT_fops       0x200001c4      0x4  Data  Gb  usbh_core.o [1]
USBH_HandleControl      0x080337d7    0x29a  Code  Gb  usbh_core.o [1]
USBH_HandleEnum         0x080335c3    0x214  Code  Lc  usbh_core.o [1]
USBH_Init               0x08033337     0x48  Code  Gb  usbh_core.o [1]
USBH_MSC_BOTReset       0x0803f891     0x28  Code  Lc  usbh_msc_core.o [1]
USBH_MSC_BOTXferParam   0x2001edc0     0x10  Data  Gb  usbh_msc_bot.o [1]
USBH_MSC_BOT_Abort      0x0803e641     0x5c  Code  Gb  usbh_msc_bot.o [1]
USBH_MSC_CBWData        0x2001ec78     0x20  Data  Gb  usbh_msc_bot.o [1]
USBH_MSC_CSWData        0x2001edb0     0x10  Data  Gb  usbh_msc_bot.o [1]
USBH_MSC_ClassRequest   0x0803f67f     0x12  Code  Lc  usbh_msc_core.o [1]
USBH_MSC_DecodeCSW      0x0803e69d     0x7a  Code  Gb  usbh_msc_bot.o [1]
USBH_MSC_ErrorHandle    0x0803f8e1     0x3e  Code  Gb  usbh_msc_core.o [1]
USBH_MSC_GETMaxLUN      0x0803f8b9     0x28  Code  Lc  usbh_msc_core.o [1]
USBH_MSC_Handle         0x0803f691    0x200  Code  Lc  usbh_msc_core.o [1]
USBH_MSC_HandleBOTXfer  0x0803e23d    0x404  Code  Gb  usbh_msc_bot.o [1]
USBH_MSC_Init           0x0803e1f9     0x44  Code  Gb  usbh_msc_bot.o [1]
USBH_MSC_InterfaceDeInit
                        0x0803f633     0x4c  Code  Lc  usbh_msc_core.o [1]
USBH_MSC_InterfaceInit  0x0803f54d     0xe6  Code  Lc  usbh_msc_core.o [1]
USBH_MSC_ModeSense6     0x0803ddf3    0x10c  Code  Gb  usbh_msc_scsi.o [1]
USBH_MSC_Param          0x2001edd0     0x10  Data  Gb  usbh_msc_scsi.o [1]
USBH_MSC_Read10         0x0803e0d9    0x106  Code  Gb  usbh_msc_scsi.o [1]
USBH_MSC_ReadCapacity10
                        0x0803dcc9    0x12a  Code  Gb  usbh_msc_scsi.o [1]
USBH_MSC_RequestSense   0x0803deff     0xee  Code  Gb  usbh_msc_scsi.o [1]
USBH_MSC_TestUnitReady  0x0803dbe1     0xe8  Code  Gb  usbh_msc_scsi.o [1]
USBH_MSC_Write10        0x0803dfed     0xec  Code  Gb  usbh_msc_scsi.o [1]
USBH_MSC_cb             0x200001a0     0x10  Data  Gb  usbh_msc_core.o [1]
USBH_Modify_Channel     0x0803a369     0x74  Code  Gb  usbh_hcs.o [1]
USBH_OTG_ISR_Handler    0x0803e8cd     0xb8  Code  Gb  usb_hcd_int.o [1]
USBH_Open_Channel       0x0803a2c3     0xa6  Code  Gb  usbh_hcs.o [1]
USBH_ParseCfgDesc       0x0803a6cf    0x13c  Code  Lc  usbh_stdreq.o [1]
USBH_ParseDevDesc       0x0803a673     0x5c  Code  Lc  usbh_stdreq.o [1]
USBH_ParseEPDesc        0x0803a83f     0x20  Code  Lc  usbh_stdreq.o [1]
USBH_ParseInterfaceDesc
                        0x0803a819     0x26  Code  Lc  usbh_stdreq.o [1]
USBH_ParseStringDesc    0x0803a85f     0x3c  Code  Lc  usbh_stdreq.o [1]
USBH_Process            0x080333bd    0x1d2  Code  Gb  usbh_core.o [1]
USBH_SOF                0x08033331      0x6  Code  Gb  usbh_core.o [1]
USBH_SetAddress         0x0803a5d5     0x2a  Code  Gb  usbh_stdreq.o [1]
USBH_SetCfg             0x0803a5ff     0x28  Code  Gb  usbh_stdreq.o [1]
USBH_SubmitSetupRequest
                        0x0803aae3     0x16  Code  Lc  usbh_ioreq.o [1]
USBH_USR_Configuration_DescAvailable
                        0x08033221     0x26  Code  Gb  usbh_usr.o [1]
USBH_USR_DeInit         0x08033315      0x2  Code  Gb  usbh_usr.o [1]
USBH_USR_DeviceAddressAssigned
                        0x0803321f      0x2  Code  Gb  usbh_usr.o [1]
USBH_USR_DeviceAttached
                        0x08033199      0xa  Code  Gb  usbh_usr.o [1]
USBH_USR_DeviceDisconnected
                        0x080331ad     0x1a  Code  Gb  usbh_usr.o [1]
USBH_USR_DeviceNotSupported
                        0x0803328b      0xa  Code  Gb  usbh_usr.o [1]
USBH_USR_DeviceSpeedDetected
                        0x080331d1     0x36  Code  Gb  usbh_usr.o [1]
USBH_USR_Device_DescAvailable
                        0x08033207     0x18  Code  Gb  usbh_usr.o [1]
USBH_USR_EnumerationDone
                        0x08033271     0x1a  Code  Gb  usbh_usr.o [1]
USBH_USR_Init           0x08033175     0x24  Code  Gb  usbh_usr.o [1]
USBH_USR_MSC_Application
                        0x08033311      0x4  Code  Gb  usbh_usr.o [1]
USBH_USR_Manufacturer_String
                        0x08033247      0xe  Code  Gb  usbh_usr.o [1]
USBH_USR_OverCurrentDetected
                        0x08033299      0xa  Code  Gb  usbh_usr.o [1]
USBH_USR_Product_String
                        0x08033255      0xe  Code  Gb  usbh_usr.o [1]
USBH_USR_ResetDevice    0x080331c7      0xa  Code  Gb  usbh_usr.o [1]
USBH_USR_SerialNum_String
                        0x08033263      0xe  Code  Gb  usbh_usr.o [1]
USBH_USR_UnrecoveredError
[...]
f_opendir               0x08035ba5     0xb2  Code  Gb  ff.o [1]
f_readdir               0x08035c57     0x74  Code  Gb  ff.o [1]
f_sync                  0x08035ab7     0xb6  Code  Gb  ff.o [1]
f_write                 0x08035825    0x292  Code  Gb  ff.o [1]
ff_convert              0x0803addd     0x80  Code  Gb  cc936.o [1]
ff_wtoupper             0x0803ae5d     0x64  Code  Gb  cc936.o [1]
file_select             0x2001ee10      0xc  Data  Gb  protocol.o [1]
final_per_meter         0x08031b65     0x1a  Code  Gb  product_cal.o [1]
find_volume             0x08035111    0x45a  Code  Lc  ff.o [1]
fit_lfn                 0x0803464b     0x88  Code  Lc  ff.o [1]
follow_path             0x08034fab     0x90  Code  Lc  ff.o [1]
fputc                   0x08038a21     0x22  Code  Gb  bsp_uart_fifo.o [1]
from_speed_step         0x080371ad     0x4a  Code  Gb  page_weimi.o [1]
g_tUart3                0x2001ebdc     0x28  Data  Gb  bsp_uart_fifo.o [1]
gen_numname             0x080346d9     0xec  Code  Lc  ff.o [1]
get_card_type           0x08031cdb     0xe4  Code  Gb  product_cal.o [1]
get_class_time          0x08031be3     0x7a  Code  Gb  product_cal.o [1]
get_fat                 0x08033e9f    0x11c  Code  Gb  ff.o [1]
get_fattime             0x0803adc3      0x4  Code  Gb  diskio.o [1]
get_fileinfo            0x08034b55    0x13c  Code  Lc  ff.o [1]
get_float_1bit          0x08031bc1     0x22  Code  Gb  product_cal.o [1]
get_ldnumber            0x0803503b     0x50  Code  Lc  ff.o [1]
get_main_speed          0x0803717b     0x32  Code  Gb  page_weimi.o [1]
get_period_state        0x08031c5d     0x54  Code  Gb  product_cal.o [1]
get_valid_length        0x08031991     0x26  Code  Gb  bsp_sdwe050c17.o [1]
get_valid_seg           0x080371f7     0x48  Code  Gb  page_weimi.o [1]
get_weimi_para          0x08037131     0x4a  Code  Gb  page_weimi.o [1]
hex_to_decimal          0x080319b7     0x26  Code  Gb  bsp_sdwe050c17.o [1]
idwgEventGroup          0x2001ee84      0x4  Data  Gb  apptask.o [1]
inc_card_type           0x08031dc9    0x11c  Code  Gb  product_cal.o [1]
inc_lock                0x08033b9f     0xe8  Code  Lc  ff.o [1]
init_peiliao_para       0x08031a9d     0x50  Code  Gb  product_cal.o [1]
init_product_para       0x080319dd     0xc0  Code  Gb  product_cal.o [1]
init_weimi_para         0x0803708b     0xa6  Code  Gb  page_weimi.o [1]
input_password_buf      0x2001ee04      0xc  Data  Gb  protocol.o [1]
input_password_len      0x2001ef6f      0x1  Data  Gb  protocol.o [1]
isDevicePeriod          0x2001ef5f      0x1  Data  Gb  apptask.o [1]
isWork                  0x2001ef59      0x1  Data  Gb  apptask.o [1]
is_same_data            0x08031cb1     0x2a  Code  Gb  product_cal.o [1]
is_stop                 0x2001ef69      0x1  Data  Gb  page_weimi.o [1]
lcd_busy                0x2001ef62      0x1  Data  Gb  bsp_sdwe050c17.o [1]
lcd_rev_buf             0x2001eb7c     0x34  Data  Gb  bsp_sdwe050c17.o [1]
lcd_rev_len             0x2001ef44      0x2  Data  Gb  bsp_sdwe050c17.o [1]
ld_clust                0x080344c9     0x28  Code  Lc  ff.o [1]
localeconv              0x0803b683     0x16  Code  Gb  localeconv.o [3]
m_ctrl_dev              0x2001ee30      0x8  Data  Gb  modbus.o [1]
main                    0x080414a5     0x2c  Code  Gb  main.o [1]
mallco_dev              0x20000160     0x1c  Data  Gb  malloc.o [1]
mb_init                 0x080360d1     0x30  Code  Gb  modbus.o [1]
mb_packsend_frame       0x08035fdf     0xf2  Code  Gb  modbus.o [1]
mb_unpack_frame         0x08035e9d    0x142  Code  Gb  modbus.o [1]
mc_check_crc16          0x0803af3d     0x40  Code  Gb  mcheck.o [1]
mc_check_crc8           0x0803af19     0x24  Code  Gb  mcheck.o [1]
mc_check_sum            0x0803aed1     0x2e  Code  Gb  mcheck.o [1]
mc_check_xor            0x0803aeff     0x1a  Code  Gb  mcheck.o [1]
mem1base                0x200119cc   0xa000  Data  Gb  malloc.o [1]
mem1mapbase             0x2001c9cc    0xa00  Data  Gb  malloc.o [1]
mem2base                0x68000000  0xf0000  Data  Gb  malloc.o [1]
mem2mapbase             0x680f0000   0xf000  Data  Gb  malloc.o [1]
mem_cmp                 0x08033aab     0x24  Code  Lc  ff.o [1]
mem_cpy                 0x08033a79     0x1c  Code  Lc  ff.o [1]
mem_set                 0x08033a95     0x16  Code  Lc  ff.o [1]
memblksize              0x08041f00      0x8  Data  Gb  malloc.o [1]
memchr                  0x0803b34d           Code  Gb  memchr.o [5]
memsize                 0x08041f08      0x8  Data  Gb  malloc.o [1]
memtblsize              0x08041ef8      0x8  Data  Gb  malloc.o [1]
modbus_send_frame       0x08036101     0xe6  Code  Gb  modbus.o [1]
move_window             0x08033d6d     0x40  Code  Lc  ff.o [1]
my_mem_free             0x08032573     0x6c  Code  Gb  malloc.o [1]
my_mem_init             0x08032437     0x42  Code  Gb  malloc.o [1]
my_mem_malloc           0x080324b7     0xbc  Code  Gb  malloc.o [1]
my_mem_perused          0x08032479     0x3e  Code  Gb  malloc.o [1]
myfree                  0x080325df     0x24  Code  Gb  malloc.o [1]
mymalloc                0x08032603     0x2a  Code  Gb  malloc.o [1]
mymemset                0x08032421     0x16  Code  Gb  malloc.o [1]
obuf                    0x2001eae0     0x50  Data  Lc  xfiles.o [3]
oem2uni                 0x0801560c  0x15484  Data  Lc  cc936.o [1]
old_card_record         0x2001ef5d      0x1  Data  Gb  apptask.o [1]
old_isWork              0x2001ef5a      0x1  Data  Gb  apptask.o [1]
old_is_stop             0x200001ca      0x1  Data  Gb  page_weimi.o [1]
old_plan_complete       0x2001ef6d      0x1  Data  Gb  product_cal.o [1]
para_init               0x08040369     0x80  Code  Gb  para.o [1]
pcInterruptPriorityRegisters
                        0x08041f3c      0x4  Data  Lc  port.o [1]
peiliao_para            0x2001ebb0     0x2c  Data  Gb  product_cal.o [1]
pick_lfn                0x080345bf     0x8c  Code  Lc  ff.o [1]
plan_complete           0x2001ef6c      0x1  Data  Gb  product_cal.o [1]
pluse_count             0x2001ef3e      0x2  Data  Gb  apptask.o [1]
printf                  0x080323b9     0x24  Code  Gb  printf.o [3]
product_complete_kilo   0x08031b91     0x30  Code  Gb  product_cal.o [1]
product_complete_meter  0x08031b7f     0x12  Code  Gb  product_cal.o [1]
product_para            0x2001ec2c     0x28  Data  Gb  product_cal.o [1]
product_per_meter       0x08031aed     0x78  Code  Gb  product_cal.o [1]
prvAddCurrentTaskToDelayedList
                        0x0802fde5     0x48  Code  Lc  tasks.o [1]
prvAllocateTCBAndStack  0x0802fe2d     0x5a  Code  Lc  tasks.o [1]
prvCheckForValidListAndQueue
                        0x08037913     0x52  Code  Lc  timers.o [1]
prvCheckTasksWaitingTermination
                        0x0802fd7b     0x66  Code  Lc  tasks.o [1]
prvCopyDataFromQueue    0x08030615     0x30  Code  Lc  queue.o [1]
prvCopyDataToQueue      0x08030591     0x84  Code  Lc  queue.o [1]
prvDeleteTCB            0x0802fe87     0x12  Code  Lc  tasks.o [1]
prvGetNextExpireTime    0x080376ff     0x2e  Code  Lc  timers.o [1]
prvHeapInit             0x08037e01     0x6e  Code  Lc  heap_4.o [1]
prvIdleTask             0x0802fc95     0x26  Code  Lc  tasks.o [1]
prvInitialiseTCBVariables
                        0x0802fcbb     0x6a  Code  Lc  tasks.o [1]
prvInitialiseTaskLists  0x0802fd25     0x56  Code  Lc  tasks.o [1]
prvInsertBlockIntoFreeList
                        0x08037e6f     0x62  Code  Lc  heap_4.o [1]
prvInsertTimerInActiveList
                        0x08037755     0x50  Code  Lc  timers.o [1]
prvIsQueueEmpty         0x080306af     0x20  Code  Lc  queue.o [1]
prvIsQueueFull          0x080306cf     0x22  Code  Lc  queue.o [1]
prvProcessExpiredTimer  0x08037617     0x5c  Code  Lc  timers.o [1]
prvProcessReceivedCommands
                        0x080377a5     0xde  Code  Lc  timers.o [1]
prvProcessTimerOrBlockTask
                        0x0803768f     0x70  Code  Lc  timers.o [1]
prvResetNextTaskUnblockTime
                        0x0802fe99     0x26  Code  Lc  tasks.o [1]
prvSampleTimeNow        0x0803772d     0x28  Code  Lc  timers.o [1]
prvSwitchTimerLists     0x08037883     0x90  Code  Lc  timers.o [1]
prvTaskExitError        0x080379b1     0x2a  Code  Lc  port.o [1]
prvTestWaitCondition    0x080374bb     0x24  Code  Lc  event_groups.o [1]
prvTimerTask            0x08037675     0x1a  Code  Lc  timers.o [1]
prvUnlockQueue          0x08030645     0x6a  Code  Lc  queue.o [1]
put_fat                 0x08033fbb    0x16c  Code  Gb  ff.o [1]
putchar                 0x08041b15      0xc  Code  Gb  putchar.o [3]
pvPortMalloc            0x08037c71    0x118  Code  Gb  heap_4.o [1]
pxCurrentTCB            0x2001eedc      0x4  Data  Gb  tasks.o [1]
pxCurrentTimerList      0x2001ef1c      0x4  Data  Lc  timers.o [1]
pxDelayedTaskList       0x2001eee0      0x4  Data  Lc  tasks.o [1]
pxEnd                   0x2001eebc      0x4  Data  Lc  heap_4.o [1]
pxOverflowDelayedTaskList
                        0x2001eee4      0x4  Data  Lc  tasks.o [1]
pxOverflowTimerList     0x2001ef20      0x4  Data  Lc  timers.o [1]
pxPortInitialiseStack   0x0803798d     0x24  Code  Gb  port.o [1]
pxReadyTasksLists       0x2001e63c     0xf0  Data  Lc  tasks.o [1]
rc522_cmd_anticoll      0x08035e41     0x5a  Code  Gb  rc522.o [1]
rc522_cmd_request       0x08035ded     0x54  Code  Gb  rc522.o [1]
readSlave               0x2001edec      0xc  Data  Gb  apptask.o [1]
read_device_info        0x080400ed    0x276  Code  Gb  para.o [1]
read_file_select        0x2001ee1c      0xc  Data  Gb  protocol.o [1]
remove_chain            0x08034127     0x76  Code  Lc  ff.o [1]
rfid_rev_buf            0x2001ecf0     0x14  Data  Gb  rc522.o [1]
rfid_rev_cnt            0x2001ef71      0x1  Data  Gb  rc522.o [1]
rfid_rev_flag           0x2001ef70      0x1  Data  Gb  rc522.o [1]
rtc_time                0x2001ee38      0x8  Data  Gb  protocol.o [1]
s_TIM_CallBack1         0x2001eea4      0x4  Data  Lc  bsp_timer.o [1]
s_TIM_CallBack2         0x2001eea8      0x4  Data  Lc  bsp_timer.o [1]
s_TIM_CallBack3         0x2001eeac      0x4  Data  Lc  bsp_timer.o [1]
s_TIM_CallBack4         0x2001eeb0      0x4  Data  Lc  bsp_timer.o [1]
sample_time             0x2001ef3c      0x2  Data  Gb  apptask.o [1]
sdew_weimi_page1        0x08031401    0x236  Code  Gb  bsp_sdwe050c17.o [1]
sdew_weimi_page2        0x08031637    0x236  Code  Gb  bsp_sdwe050c17.o [1]
sdew_weisha_page1       0x0803186d     0x92  Code  Gb  bsp_sdwe050c17.o [1]
sdew_weisha_page2       0x080318ff     0x92  Code  Gb  bsp_sdwe050c17.o [1]
servomotor_mode         0x2001ef68      0x1  Data  Gb  page_weimi.o [1]
slave_info              0x2001ede0      0xc  Data  Gb  apptask.o [1]
speed_zhu               0x2001ef50      0x2  Data  Gb  page_weimi.o [1]
sprintf                 0x08035cdd     0x34  Code  Gb  sprintf.o [3]
st_clust                0x080344f1     0x18  Code  Lc  ff.o [1]
step_motor_adjust       0x2001ef67      0x1  Data  Gb  page_weimi.o [1]
strcat                  0x08035d11     0x1c  Code  Gb  strcat.o [3]
strchr                  0x0803b335           Code  Gb  strchr.o [5]
strlen                  0x08032c39           Code  Gb  strlen.o [5]
strstr                  0x0803629d     0x10  Code  Gb  apptask.o [1]
sum_sfn                 0x080347c5     0x20  Code  Lc  ff.o [1]
sync_fs                 0x08033dad     0xd8  Code  Lc  ff.o [1]
sync_window             0x08033d13     0x5a  Code  Lc  ff.o [1]
system_state_dis        0x08040930    0x190  Data  Gb  product_cal.o [1]
total_meter_gross       0x2001eed0      0x4  Data  Gb  product_cal.o [1]
total_weight_gross      0x2001eed4      0x4  Data  Gb  product_cal.o [1]
ucHeap                  0x200001cc  0x11800  Data  Lc  heap_4.o [1]
ucMaxSysCallPriority    0x2001ef6b      0x1  Data  Lc  port.o [1]
ulHighFrequencyTimerTicks
                        0x2001eed8      0x4  Data  Gb  SysInfoTest.o [1]
ulMaxPRIGROUPValue      0x2001eecc      0x4  Data  Lc  port.o [1]
ulTaskSwitchedInTime    0x2001ef14      0x4  Data  Lc  tasks.o [1]
ulTotalRunTime          0x2001ef18      0x4  Data  Lc  tasks.o [1]
uni2oem                 0x08000188  0x15484  Data  Lc  cc936.o [1]
usb_disk_flag           0x2001ef5b      0x1  Data  Gb  apptask.o [1]
usbh_OpenMassStorage    0x08033161     0x14  Code  Gb  usbh_usr.o [1]
uxCriticalNesting       0x200001bc      0x4  Data  Lc  port.o [1]
uxCurrentNumberOfTasks  0x2001eeec      0x4  Data  Lc  tasks.o [1]
uxListRemove            0x08037c49     0x28  Code  Gb  list.o [1]
uxPendedTicks           0x2001eefc      0x4  Data  Lc  tasks.o [1]
uxSchedulerSuspended    0x2001ef10      0x4  Data  Lc  tasks.o [1]
uxTaskNumber            0x2001ef08      0x4  Data  Lc  tasks.o [1]
uxTaskResetEventItemValue
                        0x0802fef9     0x20  Code  Gb  tasks.o [1]
uxTasksDeleted          0x2001eee8      0x4  Data  Lc  tasks.o [1]
uxTopReadyPriority      0x2001eef4      0x4  Data  Lc  tasks.o [1]
vListInitialise         0x08037bd9     0x1e  Code  Gb  list.o [1]
vListInsert             0x08037c0f     0x3a  Code  Gb  list.o [1]
vListInsertEnd          0x08037bf7     0x18  Code  Gb  list.o [1]
vPortEnableVFP          0x0803b051           Code  Gb  portasm.o [1]
vPortEnterCritical      0x08037aa7     0x3a  Code  Gb  port.o [1]
vPortExitCritical       0x08037ae1     0x32  Code  Gb  port.o [1]
vPortFree               0x08037d89     0x78  Code  Gb  heap_4.o [1]
vPortSetupTimerInterrupt
                        0x08037b3f      0xe  Code  Wk  port.o [1]
vPortStartFirstTask     0x0803b039           Code  Gb  portasm.o [1]
vPortValidateInterruptPriority
                        0x08037b4d     0x4e  Code  Gb  port.o [1]
vQueueWaitForMessageRestricted
                        0x080306f1     0x44  Code  Gb  queue.o [1]
vSetupSysInfoTest       0x080412b9     0x12  Code  Gb  SysInfoTest.o [1]
vTaskDelay              0x0802f4f1     0x84  Code  Gb  tasks.o [1]
vTaskFreq               0x0802ead1    0x10c  Code  Lc  apptask.o [1]
vTaskManageCapacity     0x0802e0b9    0x5b2  Code  Gb  apptask.o [1]
vTaskMassStorage        0x0802d2ed    0x23c  Code  Lc  apptask.o [1]
vTaskMissedYield        0x0802fc8b      0xa  Code  Gb  tasks.o [1]
vTaskMotorControl       0x0802e679    0x43c  Code  Lc  apptask.o [1]
vTaskMsgPro             0x0802d969    0x434  Code  Lc  apptask.o [1]
vTaskPlaceOnEventList   0x0802f8f1     0x74  Code  Gb  tasks.o [1]
vTaskPlaceOnEventListRestricted
                        0x0802fa29     0x80  Code  Gb  tasks.o [1]
vTaskPlaceOnUnorderedEventList
                        0x0802f981     0xa8  Code  Gb  tasks.o [1]
vTaskReadDisk           0x0802de81    0x1b6  Code  Lc  apptask.o [1]
vTaskRev485             0x0802dda1     0xb8  Code  Lc  apptask.o [1]
vTaskSetTimeOutState    0x0802fbd5     0x26  Code  Gb  tasks.o [1]
vTaskStartScheduler     0x0802f575     0x7e  Code  Gb  tasks.o [1]
vTaskSuspendAll         0x0802f5f3     0x10  Code  Gb  tasks.o [1]
vTaskSwitchContext      0x0802f841     0xb0  Code  Gb  tasks.o [1]
vTaskTaskLCD            0x0802aa91   0x2830  Code  Gb  apptask.o [1]
vTaskTaskLED            0x0802d545     0x20  Code  Lc  apptask.o [1]
vTaskTaskRFID           0x0802d565    0x3d6  Code  Lc  apptask.o [1]
valid_seg               0x2001ef6a      0x1  Data  Gb  page_weimi.o [1]
validate                0x0803556b     0x36  Code  Lc  ff.o [1]
weimi_para              0x2001e524    0x118  Data  Gb  page_weimi.o [1]
work_idle               0x2001ef6e      0x1  Data  Gb  product_cal.o [1]
work_idle_time          0x2001ef52      0x2  Data  Gb  product_cal.o [1]
xActiveTimerList1       0x2001ed68     0x14  Data  Lc  timers.o [1]
xActiveTimerList2       0x2001ed7c     0x14  Data  Lc  timers.o [1]
xBlockAllocatedBit      0x2001eec8      0x4  Data  Lc  heap_4.o [1]
xDelayedTaskList1       0x2001ed04     0x14  Data  Lc  tasks.o [1]
xDelayedTaskList2       0x2001ed18     0x14  Data  Lc  tasks.o [1]
xEventGroupCreate       0x0803727d     0x1c  Code  Gb  event_groups.o [1]
xEventGroupSetBits      0x080373e5     0xd6  Code  Gb  event_groups.o [1]
xEventGroupWaitBits     0x08037299    0x146  Code  Gb  event_groups.o [1]
xFreeBytesRemaining     0x2001eec0      0x4  Data  Lc  heap_4.o [1]
xHandleTaskFreq         0x2001ee64      0x4  Data  Gb  apptask.o [1]
xHandleTaskLCD          0x2001ee40      0x4  Data  Gb  apptask.o [1]
xHandleTaskLED          0x2001ee44      0x4  Data  Gb  apptask.o [1]
xHandleTaskManageCapacity
                        0x2001ee5c      0x4  Data  Gb  apptask.o [1]
xHandleTaskMassStorage  0x2001ee4c      0x4  Data  Gb  apptask.o [1]
xHandleTaskMotorControl
                        0x2001ee60      0x4  Data  Gb  apptask.o [1]
xHandleTaskMsgPro       0x2001ee54      0x4  Data  Gb  apptask.o [1]
xHandleTaskRFID         0x2001ee48      0x4  Data  Gb  apptask.o [1]
xHandleTaskReadDisk     0x2001ee50      0x4  Data  Gb  apptask.o [1]
xHandleTaskRev485       0x2001ee58      0x4  Data  Gb  apptask.o [1]
xHeapStructSize         0x08041f38      0x4  Data  Lc  heap_4.o [1]
xMinimumEverFreeBytesRemaining
                        0x2001eec4      0x4  Data  Lc  heap_4.o [1]
xNextTaskUnblockTime    0x2001ef0c      0x4  Data  Lc  tasks.o [1]
xNumOfOverflows         0x2001ef04      0x4  Data  Lc  tasks.o [1]
xPendingReadyList       0x2001ed2c     0x14  Data  Lc  tasks.o [1]
xPortStartScheduler     0x080379db     0xcc  Code  Gb  port.o [1]
xQueueGenericCreate     0x0802fffd     0x7e  Code  Gb  queue.o [1]
xQueueGenericReceive    0x080303f1    0x19c  Code  Gb  queue.o [1]
xQueueGenericReset      0x0802ff6d     0x90  Code  Gb  queue.o [1]
xQueueGenericSend       0x0803007b    0x1b2  Code  Gb  queue.o [1]
xQueueGenericSendFromISR
                        0x0803022d     0xec  Code  Gb  queue.o [1]
xQueueGiveFromISR       0x08030319     0xd8  Code  Gb  queue.o [1]
xQueue_message          0x2001ee8c      0x4  Data  Gb  apptask.o [1]
xSchedulerRunning       0x2001eef8      0x4  Data  Lc  tasks.o [1]
xSemaphore_download     0x2001ee7c      0x4  Data  Gb  apptask.o [1]
xSemaphore_encoder      0x2001ee74      0x4  Data  Gb  apptask.o [1]
xSemaphore_freq         0x2001ee78      0x4  Data  Gb  apptask.o [1]
xSemaphore_lcd          0x2001ee68      0x4  Data  Gb  apptask.o [1]
xSemaphore_pluse        0x2001ee70      0x4  Data  Gb  apptask.o [1]
xSemaphore_readDisk     0x2001ee80      0x4  Data  Gb  apptask.o [1]
xSemaphore_rs485        0x2001ee6c      0x4  Data  Gb  apptask.o [1]
xStart                  0x2001ee28      0x8  Data  Lc  heap_4.o [1]
xSuspendedTaskList      0x2001ed54     0x14  Data  Lc  tasks.o [1]
xTaskCheckForTimeOut    0x0802fc01     0x8a  Code  Gb  tasks.o [1]
xTaskGenericCreate      0x0802f36d    0x184  Code  Gb  tasks.o [1]
xTaskGetSchedulerState  0x0802febf     0x26  Code  Gb  tasks.o [1]
xTaskGetTickCount       0x0802f703      0xa  Code  Gb  tasks.o [1]
xTaskIncrementTick      0x0802f70d    0x134  Code  Gb  tasks.o [1]
xTaskRemoveFromEventList
                        0x0802faad     0x8e  Code  Gb  tasks.o [1]
xTaskRemoveFromUnorderedEventList
                        0x0802fb41     0x94  Code  Gb  tasks.o [1]
xTaskResumeAll          0x0802f603    0x100  Code  Gb  tasks.o [1]
xTasksWaitingTermination
                        0x2001ed40     0x14  Data  Lc  tasks.o [1]
xTickCount              0x2001eef0      0x4  Data  Lc  tasks.o [1]
xTimerCreate            0x08037531     0x62  Code  Gb  timers.o [1]
xTimerCreateTimerTask   0x080374e1     0x50  Code  Gb  timers.o [1]
xTimerGenericCommand    0x08037593     0x84  Code  Gb  timers.o [1]
xTimerQueue             0x2001ef24      0x4  Data  Lc  timers.o [1]
xTimerUser              0x2001ee88      0x4  Data  Gb  apptask.o [1]
xYieldPending           0x2001ef00      0x4  Data  Lc  tasks.o [1]


[1] = E:\WORK\YarnControl_Driver\YarnControl_Driver\src\stm32f4_rtos\Project\EWARMv7\Flash\Obj
[2] = command line
[3] = dl7M_tlf.a
[4] = m7M_tls.a
[5] = rt7M_tl.a
[6] = shb_l.a

   89 572 bytes of readonly  code memory
  181 126 bytes of readonly  data memory
  128 887 bytes of readwrite data memory (+ 1 044 480 absolute)

Errors: none
Warnings: none
