###############################################################################
#
# IAR ELF Linker V7.40.7.9843/W32 for ARM                 03/Apr/2019  15:55:52
# Copyright 2007-2015 IAR Systems AB.
#
#    Output file  =  
#        E:\work\YarnControl_Driver\src\stm32f4_rtos\Project\EWARMv7\Flash\Exe\project.out
#    Map file     =  
#        E:\work\YarnControl_Driver\src\stm32f4_rtos\Project\EWARMv7\Flash\List\project.map
#    Command line =  
#        E:\work\YarnControl_Driver\src\stm32f4_rtos\Project\EWARMv7\Flash\Obj\apptask.o
#        E:\work\YarnControl_Driver\src\stm32f4_rtos\Project\EWARMv7\Flash\Obj\bsp.o
#        E:\work\YarnControl_Driver\src\stm32f4_rtos\Project\EWARMv7\Flash\Obj\bsp_adc.o
#        E:\work\YarnControl_Driver\src\stm32f4_rtos\Project\EWARMv7\Flash\Obj\bsp_closeSW.o
#        E:\work\YarnControl_Driver\src\stm32f4_rtos\Project\EWARMv7\Flash\Obj\bsp_dac.o
#        E:\work\YarnControl_Driver\src\stm32f4_rtos\Project\EWARMv7\Flash\Obj\bsp_dwt.o
#        E:\work\YarnControl_Driver\src\stm32f4_rtos\Project\EWARMv7\Flash\Obj\bsp_led.o
#        E:\work\YarnControl_Driver\src\stm32f4_rtos\Project\EWARMv7\Flash\Obj\bsp_relay.o
#        E:\work\YarnControl_Driver\src\stm32f4_rtos\Project\EWARMv7\Flash\Obj\bsp_sdio_sd.o
#        E:\work\YarnControl_Driver\src\stm32f4_rtos\Project\EWARMv7\Flash\Obj\bsp_sdwe050c17.o
#        E:\work\YarnControl_Driver\src\stm32f4_rtos\Project\EWARMv7\Flash\Obj\bsp_servomotor.o
#        E:\work\YarnControl_Driver\src\stm32f4_rtos\Project\EWARMv7\Flash\Obj\bsp_spi.o
#        E:\work\YarnControl_Driver\src\stm32f4_rtos\Project\EWARMv7\Flash\Obj\bsp_stepmotor.o
#        E:\work\YarnControl_Driver\src\stm32f4_rtos\Project\EWARMv7\Flash\Obj\bsp_sw_onoff.o
#        E:\work\YarnControl_Driver\src\stm32f4_rtos\Project\EWARMv7\Flash\Obj\bsp_tim_pwm.o
#        E:\work\YarnControl_Driver\src\stm32f4_rtos\Project\EWARMv7\Flash\Obj\bsp_timer.o
#        E:\work\YarnControl_Driver\src\stm32f4_rtos\Project\EWARMv7\Flash\Obj\bsp_uart_fifo.o
#        E:\work\YarnControl_Driver\src\stm32f4_rtos\Project\EWARMv7\Flash\Obj\bsp_w25qxx.o
#        E:\work\YarnControl_Driver\src\stm32f4_rtos\Project\EWARMv7\Flash\Obj\bsp_watchdog.o
#        E:\work\YarnControl_Driver\src\stm32f4_rtos\Project\EWARMv7\Flash\Obj\cc936.o
#        E:\work\YarnControl_Driver\src\stm32f4_rtos\Project\EWARMv7\Flash\Obj\cJSON.o
#        E:\work\YarnControl_Driver\src\stm32f4_rtos\Project\EWARMv7\Flash\Obj\croutine.o
#        E:\work\YarnControl_Driver\src\stm32f4_rtos\Project\EWARMv7\Flash\Obj\demo_fatfs.o
#        E:\work\YarnControl_Driver\src\stm32f4_rtos\Project\EWARMv7\Flash\Obj\diskio.o
#        E:\work\YarnControl_Driver\src\stm32f4_rtos\Project\EWARMv7\Flash\Obj\encoder_tim.o
#        E:\work\YarnControl_Driver\src\stm32f4_rtos\Project\EWARMv7\Flash\Obj\esp8266_handler.o
#        E:\work\YarnControl_Driver\src\stm32f4_rtos\Project\EWARMv7\Flash\Obj\esp8266_init.o
#        E:\work\YarnControl_Driver\src\stm32f4_rtos\Project\EWARMv7\Flash\Obj\event_groups.o
#        E:\work\YarnControl_Driver\src\stm32f4_rtos\Project\EWARMv7\Flash\Obj\ff.o
#        E:\work\YarnControl_Driver\src\stm32f4_rtos\Project\EWARMv7\Flash\Obj\heap_4.o
#        E:\work\YarnControl_Driver\src\stm32f4_rtos\Project\EWARMv7\Flash\Obj\list.o
#        E:\work\YarnControl_Driver\src\stm32f4_rtos\Project\EWARMv7\Flash\Obj\main.o
#        E:\work\YarnControl_Driver\src\stm32f4_rtos\Project\EWARMv7\Flash\Obj\malloc.o
#        E:\work\YarnControl_Driver\src\stm32f4_rtos\Project\EWARMv7\Flash\Obj\mcheck.o
#        E:\work\YarnControl_Driver\src\stm32f4_rtos\Project\EWARMv7\Flash\Obj\misc.o
#        E:\work\YarnControl_Driver\src\stm32f4_rtos\Project\EWARMv7\Flash\Obj\modbus.o
#        E:\work\YarnControl_Driver\src\stm32f4_rtos\Project\EWARMv7\Flash\Obj\MQTTConnectClient.o
#        E:\work\YarnControl_Driver\src\stm32f4_rtos\Project\EWARMv7\Flash\Obj\MQTTConnectServer.o
#        E:\work\YarnControl_Driver\src\stm32f4_rtos\Project\EWARMv7\Flash\Obj\MQTTDeserializePublish.o
#        E:\work\YarnControl_Driver\src\stm32f4_rtos\Project\EWARMv7\Flash\Obj\MQTTFormat.o
#        E:\work\YarnControl_Driver\src\stm32f4_rtos\Project\EWARMv7\Flash\Obj\MQTTPacket.o
#        E:\work\YarnControl_Driver\src\stm32f4_rtos\Project\EWARMv7\Flash\Obj\MQTTSerializePublish.o
#        E:\work\YarnControl_Driver\src\stm32f4_rtos\Project\EWARMv7\Flash\Obj\MQTTSubscribeClient.o
#        E:\work\YarnControl_Driver\src\stm32f4_rtos\Project\EWARMv7\Flash\Obj\MQTTSubscribeServer.o
#        E:\work\YarnControl_Driver\src\stm32f4_rtos\Project\EWARMv7\Flash\Obj\MQTTUnsubscribeClient.o
#        E:\work\YarnControl_Driver\src\stm32f4_rtos\Project\EWARMv7\Flash\Obj\MQTTUnsubscribeServer.o
#        E:\work\YarnControl_Driver\src\stm32f4_rtos\Project\EWARMv7\Flash\Obj\page_weimi.o
#        E:\work\YarnControl_Driver\src\stm32f4_rtos\Project\EWARMv7\Flash\Obj\para.o
#        E:\work\YarnControl_Driver\src\stm32f4_rtos\Project\EWARMv7\Flash\Obj\port.o
#        E:\work\YarnControl_Driver\src\stm32f4_rtos\Project\EWARMv7\Flash\Obj\portasm.o
#        E:\work\YarnControl_Driver\src\stm32f4_rtos\Project\EWARMv7\Flash\Obj\product_cal.o
#        E:\work\YarnControl_Driver\src\stm32f4_rtos\Project\EWARMv7\Flash\Obj\protocol.o
#        E:\work\YarnControl_Driver\src\stm32f4_rtos\Project\EWARMv7\Flash\Obj\pub0sub1.o
#        E:\work\YarnControl_Driver\src\stm32f4_rtos\Project\EWARMv7\Flash\Obj\queue.o
#        E:\work\YarnControl_Driver\src\stm32f4_rtos\Project\EWARMv7\Flash\Obj\rc522.o
#        E:\work\YarnControl_Driver\src\stm32f4_rtos\Project\EWARMv7\Flash\Obj\startup_stm32f40_41xxx.o
#        E:\work\YarnControl_Driver\src\stm32f4_rtos\Project\EWARMv7\Flash\Obj\stm32f4xx_adc.o
#        E:\work\YarnControl_Driver\src\stm32f4_rtos\Project\EWARMv7\Flash\Obj\stm32f4xx_assert.o
#        E:\work\YarnControl_Driver\src\stm32f4_rtos\Project\EWARMv7\Flash\Obj\stm32f4xx_can.o
#        E:\work\YarnControl_Driver\src\stm32f4_rtos\Project\EWARMv7\Flash\Obj\stm32f4xx_crc.o
#        E:\work\YarnControl_Driver\src\stm32f4_rtos\Project\EWARMv7\Flash\Obj\stm32f4xx_cryp.o
#        E:\work\YarnControl_Driver\src\stm32f4_rtos\Project\EWARMv7\Flash\Obj\stm32f4xx_cryp_aes.o
#        E:\work\YarnControl_Driver\src\stm32f4_rtos\Project\EWARMv7\Flash\Obj\stm32f4xx_cryp_des.o
#        E:\work\YarnControl_Driver\src\stm32f4_rtos\Project\EWARMv7\Flash\Obj\stm32f4xx_cryp_tdes.o
#        E:\work\YarnControl_Driver\src\stm32f4_rtos\Project\EWARMv7\Flash\Obj\stm32f4xx_dac.o
#        E:\work\YarnControl_Driver\src\stm32f4_rtos\Project\EWARMv7\Flash\Obj\stm32f4xx_dbgmcu.o
#        E:\work\YarnControl_Driver\src\stm32f4_rtos\Project\EWARMv7\Flash\Obj\stm32f4xx_dcmi.o
#        E:\work\YarnControl_Driver\src\stm32f4_rtos\Project\EWARMv7\Flash\Obj\stm32f4xx_dma.o
#        E:\work\YarnControl_Driver\src\stm32f4_rtos\Project\EWARMv7\Flash\Obj\stm32f4xx_dma2d.o
#        E:\work\YarnControl_Driver\src\stm32f4_rtos\Project\EWARMv7\Flash\Obj\stm32f4xx_exti.o
#        E:\work\YarnControl_Driver\src\stm32f4_rtos\Project\EWARMv7\Flash\Obj\stm32f4xx_flash.o
#        E:\work\YarnControl_Driver\src\stm32f4_rtos\Project\EWARMv7\Flash\Obj\stm32f4xx_fsmc.o
#        E:\work\YarnControl_Driver\src\stm32f4_rtos\Project\EWARMv7\Flash\Obj\stm32f4xx_gpio.o
#        E:\work\YarnControl_Driver\src\stm32f4_rtos\Project\EWARMv7\Flash\Obj\stm32f4xx_hash.o
#        E:\work\YarnControl_Driver\src\stm32f4_rtos\Project\EWARMv7\Flash\Obj\stm32f4xx_hash_md5.o
#        E:\work\YarnControl_Driver\src\stm32f4_rtos\Project\EWARMv7\Flash\Obj\stm32f4xx_hash_sha1.o
#        E:\work\YarnControl_Driver\src\stm32f4_rtos\Project\EWARMv7\Flash\Obj\stm32f4xx_i2c.o
#        E:\work\YarnControl_Driver\src\stm32f4_rtos\Project\EWARMv7\Flash\Obj\stm32f4xx_it.o
#        E:\work\YarnControl_Driver\src\stm32f4_rtos\Project\EWARMv7\Flash\Obj\stm32f4xx_iwdg.o
#        E:\work\YarnControl_Driver\src\stm32f4_rtos\Project\EWARMv7\Flash\Obj\stm32f4xx_ltdc.o
#        E:\work\YarnControl_Driver\src\stm32f4_rtos\Project\EWARMv7\Flash\Obj\stm32f4xx_pwr.o
#        E:\work\YarnControl_Driver\src\stm32f4_rtos\Project\EWARMv7\Flash\Obj\stm32f4xx_rcc.o
#        E:\work\YarnControl_Driver\src\stm32f4_rtos\Project\EWARMv7\Flash\Obj\stm32f4xx_rng.o
#        E:\work\YarnControl_Driver\src\stm32f4_rtos\Project\EWARMv7\Flash\Obj\stm32f4xx_rtc.o
#        E:\work\YarnControl_Driver\src\stm32f4_rtos\Project\EWARMv7\Flash\Obj\stm32f4xx_sai.o
#        E:\work\YarnControl_Driver\src\stm32f4_rtos\Project\EWARMv7\Flash\Obj\stm32f4xx_sdio.o
#        E:\work\YarnControl_Driver\src\stm32f4_rtos\Project\EWARMv7\Flash\Obj\stm32f4xx_spi.o
#        E:\work\YarnControl_Driver\src\stm32f4_rtos\Project\EWARMv7\Flash\Obj\stm32f4xx_syscfg.o
#        E:\work\YarnControl_Driver\src\stm32f4_rtos\Project\EWARMv7\Flash\Obj\stm32f4xx_tim.o
#        E:\work\YarnControl_Driver\src\stm32f4_rtos\Project\EWARMv7\Flash\Obj\stm32f4xx_usart.o
#        E:\work\YarnControl_Driver\src\stm32f4_rtos\Project\EWARMv7\Flash\Obj\stm32f4xx_wwdg.o
#        E:\work\YarnControl_Driver\src\stm32f4_rtos\Project\EWARMv7\Flash\Obj\SysInfoTest.o
#        E:\work\YarnControl_Driver\src\stm32f4_rtos\Project\EWARMv7\Flash\Obj\system_stm32f4xx.o
#        E:\work\YarnControl_Driver\src\stm32f4_rtos\Project\EWARMv7\Flash\Obj\tasks.o
#        E:\work\YarnControl_Driver\src\stm32f4_rtos\Project\EWARMv7\Flash\Obj\timer_platform.o
#        E:\work\YarnControl_Driver\src\stm32f4_rtos\Project\EWARMv7\Flash\Obj\timers.o
#        E:\work\YarnControl_Driver\src\stm32f4_rtos\Project\EWARMv7\Flash\Obj\transport.o
#        E:\work\YarnControl_Driver\src\stm32f4_rtos\Project\EWARMv7\Flash\Obj\usb_bsp.o
#        E:\work\YarnControl_Driver\src\stm32f4_rtos\Project\EWARMv7\Flash\Obj\usb_core.o
#        E:\work\YarnControl_Driver\src\stm32f4_rtos\Project\EWARMv7\Flash\Obj\usb_hcd.o
#        E:\work\YarnControl_Driver\src\stm32f4_rtos\Project\EWARMv7\Flash\Obj\usb_hcd_int.o
#        E:\work\YarnControl_Driver\src\stm32f4_rtos\Project\EWARMv7\Flash\Obj\usbh_core.o
#        E:\work\YarnControl_Driver\src\stm32f4_rtos\Project\EWARMv7\Flash\Obj\usbh_hcs.o
#        E:\work\YarnControl_Driver\src\stm32f4_rtos\Project\EWARMv7\Flash\Obj\usbh_ioreq.o
#        E:\work\YarnControl_Driver\src\stm32f4_rtos\Project\EWARMv7\Flash\Obj\usbh_it.o
#        E:\work\YarnControl_Driver\src\stm32f4_rtos\Project\EWARMv7\Flash\Obj\usbh_msc_bot.o
#        E:\work\YarnControl_Driver\src\stm32f4_rtos\Project\EWARMv7\Flash\Obj\usbh_msc_core.o
#        E:\work\YarnControl_Driver\src\stm32f4_rtos\Project\EWARMv7\Flash\Obj\usbh_msc_scsi.o
#        E:\work\YarnControl_Driver\src\stm32f4_rtos\Project\EWARMv7\Flash\Obj\usbh_stdreq.o
#        E:\work\YarnControl_Driver\src\stm32f4_rtos\Project\EWARMv7\Flash\Obj\usbh_usr.o
#        -o
#        E:\work\YarnControl_Driver\src\stm32f4_rtos\Project\EWARMv7\Flash\Exe\project.out
#        --map
#        E:\work\YarnControl_Driver\src\stm32f4_rtos\Project\EWARMv7\Flash\List\project.map
#        --config
#        E:\work\YarnControl_Driver\src\stm32f4_rtos\Project\EWARMv7\stm32f4xx_flash.icf
#        --semihosting --entry __iar_program_start --inline --vfe
#
###############################################################################

*******************************************************************************
*** RUNTIME MODEL ATTRIBUTES
***

CppFlavor                     = *
__Heap_Handler                = DLMalloc
__SystemLibrary               = DLib
__dlib_dynamic_initialization = normal


*******************************************************************************
*** PLACEMENT SUMMARY
***

"A1":  place at 0x08000000 { ro section .intvec };
"P1":  place in [from 0x08000000 to 0x080fffff] { ro };
"P2":  place in [from 0x20000000 to 0x2001ffff] { rw, block CSTACK, block HEAP };

  Section             Kind        Address     Size  Object
  -------             ----        -------     ----  ------
"A1":                                        0x188
  .intvec             ro code  0x08000000    0x188  startup_stm32f40_41xxx.o [1]
                             - 0x08000188    0x188

"P1":                                      0x49970
  .rodata             const    0x08000188  0x15484  cc936.o [1]
  .rodata             const    0x0801560c  0x15484  cc936.o [1]
  .text               ro code  0x0802aa90   0x7258  apptask.o [1]
  .text               ro code  0x08031ce8    0x7c8  queue.o [1]
  .text               ro code  0x080324b0   0x1524  bsp_sdwe050c17.o [1]
  .text               ro code  0x080339d4    0x6c0  product_cal.o [1]
  .text               ro code  0x08034094     0x66  ABImemset.o [5]
  .text               ro code  0x080340fa     0x1e  xsscin.o [3]
  .text               ro code  0x08034118    0xce0  tasks.o [1]
  .text               ro code  0x08034df8    0x380  bsp_w25qxx.o [1]
  .text               ro code  0x08035178     0x4e  FltToDbl.o [4]
  .text               ro code  0x080351c6     0x1a  xsnprout.o [3]
  .text               ro code  0x080351e0     0x24  printf.o [3]
  .text               ro code  0x08035204     0x76  ABImemcpy_unaligned.o [5]
  .text               ro code  0x0803527a      0xa  xsprout.o [3]
  .text               ro code  0x08035284     0x42  strcmp_unaligned.o [5]
  .text               ro code  0x080352c8    0x21c  malloc.o [1]
  .text               ro code  0x080354e4     0x30  I32ToDbl.o [4]
  .text               ro code  0x08035514    0x256  DblDiv.o [4]
  .text               ro code  0x0803576c     0xe8  DblAdd.o [4]
  .text               ro code  0x08035854    0x1a2  DblMul.o [4]
  .text               ro code  0x080359f8     0x58  DblToI32.o [4]
  .text               ro code  0x08035a50     0x90  DblToFlt.o [4]
  .text               ro code  0x08035ae0     0x36  strlen.o [5]
  .text               ro code  0x08035b18    0x12c  stm32f4xx_gpio.o [1]
  .text               ro code  0x08035c44   0x14ae  para.o [1]
  .text               ro code  0x080370f4     0x62  memcmp_unaligned.o [5]
  .text               ro code  0x08037158     0x70  bsp_dac.o [1]
  .text               ro code  0x080371c8    0x518  page_weimi.o [1]
  .text               ro code  0x080376e0    0x280  bsp_servomotor.o [1]
  .text               ro code  0x08037960    0x1a2  usbh_usr.o [1]
  .text               ro code  0x08037b04    0x760  usbh_core.o [1]
  .text               ro code  0x08038264   0x2498  ff.o [1]
  .text               ro code  0x0803a6fc     0x34  sprintf.o [3]
  .text               ro code  0x0803a730     0x1c  strcat.o [3]
  .text               ro code  0x0803a74c     0xc0  bsp_led.o [1]
  .text               ro code  0x0803a80c     0xee  rc522.o [1]
  .text               ro code  0x0803a8fc    0x354  modbus.o [1]
  .text               ro code  0x0803ac50     0x80  protocol.o [1]
  .text               ro code  0x0803acd0     0x10  para.o [1]
  .text               ro code  0x0803ace0     0xd4  bsp_closeSW.o [1]
  .text               ro code  0x0803adb4    0x180  DblSub.o [4]
  .text               ro code  0x0803af34    0x4f4  bsp_stepmotor.o [1]
  .text               ro code  0x0803b428    0x2c0  encoder_tim.o [1]
  .text               ro code  0x0803b6e8     0x7c  esp8266_init.o [1]
  .text               ro code  0x0803b764    0x414  esp8266_handler.o [1]
  .text               ro code  0x0803bb78    0x434  pub0sub1.o [1]
  .text               ro code  0x0803bfac    0x262  event_groups.o [1]
  .text               ro code  0x0803c210    0x4a4  timers.o [1]
  .text               ro code  0x0803c6b4      0x8  bsp_watchdog.o [1]
  .text               ro code  0x0803c6bc    0x24c  port.o [1]
  .text               ro code  0x0803c908     0x98  list.o [1]
  .text               ro code  0x0803c9a0    0x280  heap_4.o [1]
  .text               ro code  0x0803cc20    0x1e8  stm32f4xx_rcc.o [1]
  .text               ro code  0x0803ce08     0x74  bsp_dwt.o [1]
  .text               ro code  0x0803ce7c    0xaa4  bsp_uart_fifo.o [1]
  .text               ro code  0x0803d920    0x204  bsp_timer.o [1]
  .text               ro code  0x0803db24    0x124  bsp_spi.o [1]
  .text               ro code  0x0803dc48    0xd96  xprintffull_nomb.o [3]
  .text               ro code  0x0803e9e0     0x44  strcpy_unaligned.o [5]
  .text               ro code  0x0803ea24     0x24  sscanf.o [3]
  .text               ro code  0x0803ea48     0x24  stm32f4xx_dac.o [1]
  .text               ro code  0x0803ea6c    0x6f6  stm32f4xx_tim.o [1]
  .text               ro code  0x0803f164    0x31c  stm32f4xx_dma.o [1]
  .text               ro code  0x0803f480    0x14c  usb_bsp.o [1]
  .text               ro code  0x0803f5cc     0xd6  usb_hcd.o [1]
  .text               ro code  0x0803f6a2    0x1ba  usbh_hcs.o [1]
  .text               ro code  0x0803f85c    0x436  usbh_stdreq.o [1]
  .text               ro code  0x0803fc92    0x246  usbh_ioreq.o [1]
  .text               ro code  0x0803fed8    0x2e4  diskio.o [1]
  .text               ro code  0x080401bc     0xf4  cc936.o [1]
  .text               ro code  0x080402b0     0xb8  mcheck.o [1]
  .text               ro code  0x08040368     0x2c  strstr.o [3]
  .text               ro code  0x08040394     0x54  stm32f4xx_syscfg.o [1]
  .text               ro code  0x080403e8     0xc0  stm32f4xx_exti.o [1]
  .text               ro code  0x080404a8     0x88  misc.o [1]
  .text               ro code  0x08040530    0x132  I64DivMod.o [5]
  .text               ro code  0x08040664      0x6  ABImemclr4.o [5]
  .text               ro code  0x0804066c     0x44  snprintf.o [3]
  .text               ro code  0x080406b0    0x306  MQTTConnectClient.o [1]
  .text               ro code  0x080409b8     0x6c  transport.o [1]
  .text               ro code  0x08040a24    0x290  MQTTPacket.o [1]
  .text               ro code  0x08040cb4     0x40  timer_platform.o [1]
  .text               ro code  0x08040cf4    0x190  MQTTSubscribeClient.o [1]
  .text               ro code  0x08040e84     0xbc  MQTTDeserializePublish.o [1]
  .text               ro code  0x08040f40     0xec  MQTTSerializePublish.o [1]
  .text               ro code  0x0804102c     0x10  stm32f4xx_iwdg.o [1]
  CODE                ro code  0x0804103c     0xa8  portasm.o [1]
  .text               ro code  0x080410e4    0x254  stm32f4xx_usart.o [1]
  .text               ro code  0x08041338     0x74  stm32f4xx_spi.o [1]
  .text               ro code  0x080413ac     0x16  strchr.o [5]
  .text               ro code  0x080413c4     0x58  memchr.o [5]
  .text               ro code  0x0804141c     0x42  xdnorm.o [4]
  .text               ro code  0x08041460     0x2e  DblCmpLe.o [4]
  .text               ro code  0x08041490     0x2e  DblCmpGe.o [4]
  .text               ro code  0x080414c0    0x114  xdscale.o [4]
  .text               ro code  0x080415d4     0x6c  localeconv.o [3]
  .text               ro code  0x08041640      0xe  div.o [3]
  .text               ro code  0x08041650    0xb64  xscanffull_nomb.o [3]
  .text               ro code  0x080421b4    0xa50  usb_core.o [1]
  .text               ro code  0x08042c04   0x1a58  bsp_sdio_sd.o [1]
  .text               ro code  0x0804465c    0x618  usbh_msc_scsi.o [1]
  .text               ro code  0x08044c74    0x554  usbh_msc_bot.o [1]
  .text               ro code  0x080451c8      0x2  I64DivZer.o [5]
  .text               ro code  0x080451cc     0x32  ABImemset48.o [5]
  .text               ro code  0x080451fe     0x28  isxxx.o [3]
  .text               ro code  0x08045226     0xa4  xstoll.o [3]
  .text               ro code  0x080452cc    0x1b0  xstoull.o [3]
  .text               ro code  0x0804547c    0x168  xstold.o [4]
  .text               ro code  0x080455e4    0x17c  stm32f4xx_sdio.o [1]
  .text               ro code  0x08045760     0x18  setlocale.o [3]
  .text               ro code  0x08045778     0x16  xlocale_c.o [3]
  .text               ro code  0x0804578e     0x14  xlocale_c.o [3]
  .text               ro code  0x080457a4      0xc  errno.o [3]
  .text               ro code  0x080457b0     0x14  tolower.o [3]
  .text               ro code  0x080457c4    0x124  xstopfx.o [3]
  .text               ro code  0x080458e8    0x1b8  xstoflt.o [3]
  .text               ro code  0x08045aa0    0x200  xdtento.o [4]
  .text               ro code  0x08045ca0    0x218  xstoxflt.o [3]
  .text               ro code  0x08045eb8      0x2  xtls.o [3]
  .text               ro code  0x08045eba      0xc  xlocale_c.o [3]
  .text               ro code  0x08045ec8     0x20  DblCmpEq.o [4]
  .text               ro code  0x08045ee8     0x52  xdunscal.o [4]
  .text               ro code  0x08045f3c    0xc7e  usb_hcd_int.o [1]
  .rodata             const    0x08046bbc    0x400  apptask.o [1]
  .text               ro code  0x08046fbc    0x3e8  usbh_msc_core.o [1]
  .rodata             const    0x080473a4    0x3dc  cc936.o [1]
  .rodata             const    0x08047780    0x3dc  cc936.o [1]
  .rodata             const    0x08047b5c    0x190  product_cal.o [1]
  .text               ro code  0x08047cec    0x154  system_stm32f4xx.o [1]
  .rodata             const    0x08047e40    0x100  mcheck.o [1]
  .rodata             const    0x08047f40    0x100  mcheck.o [1]
  .rodata             const    0x08048040    0x100  mcheck.o [1]
  .text               ro code  0x08048140     0xd0  packbits_init.o [5]
  .text               ro code  0x08048210      0x6  abort.o [3]
  .text               ro code  0x08048218     0x14  exit.o [6]
  .rodata             const    0x0804822c     0x58  pub0sub1.o [1]
  .text               ro code  0x08048284     0x4c  bsp.o [1]
  .text               ro code  0x080482d0     0x44  bsp_relay.o [1]
  .text               ro code  0x08048314     0x44  bsp_sw_onoff.o [1]
  .text               ro code  0x08048358     0x40  zero_init3.o [5]
  .rodata             const    0x08048398     0x38  demo_fatfs.o [1]
  .text               ro code  0x080483d0     0x38  stm32f4xx_it.o [1]
  .rodata             const    0x08048408     0x30  apptask.o [1]
  .rodata             const    0x08048438     0x30  apptask.o [1]
  .rodata             const    0x08048468     0x30  demo_fatfs.o [1]
  .rodata             const    0x08048498     0x30  demo_fatfs.o [1]
  .text               ro code  0x080484c8     0x30  main.o [1]
  .rodata             const    0x080484f8     0x2c  apptask.o [1]
  .rodata             const    0x08048524     0x2c  demo_fatfs.o [1]
  .rodata             const    0x08048550     0x2c  demo_fatfs.o [1]
  .rodata             const    0x0804857c     0x2c  stm32f4xx_it.o [1]
  .text               ro code  0x080485a8     0x2c  SysInfoTest.o [1]
  .rodata             const    0x080485d4     0x28  apptask.o [1]
  .rodata             const    0x080485fc     0x28  demo_fatfs.o [1]
  .rodata             const    0x08048624     0x28  demo_fatfs.o [1]
  .rodata             const    0x0804864c     0x28  demo_fatfs.o [1]
  .text               ro code  0x08048674     0x28  data_init.o [5]
  .rodata             const    0x0804869c     0x24  apptask.o [1]
  .rodata             const    0x080486c0     0x24  apptask.o [1]
  .rodata             const    0x080486e4     0x24  apptask.o [1]
  .rodata             const    0x08048708     0x24  apptask.o [1]
  .rodata             const    0x0804872c     0x24  apptask.o [1]
  .rodata             const    0x08048750     0x24  apptask.o [1]
  .rodata             const    0x08048774     0x24  apptask.o [1]
  .rodata             const    0x08048798     0x24  apptask.o [1]
  .rodata             const    0x080487bc     0x24  apptask.o [1]
  .rodata             const    0x080487e0     0x24  demo_fatfs.o [1]
  .rodata             const    0x08048804     0x24  demo_fatfs.o [1]
  .rodata             const    0x08048828     0x24  pub0sub1.o [1]
  .rodata             const    0x0804884c     0x24  pub0sub1.o [1]
  .rodata             const    0x08048870     0x24  usbh_usr.o [1]
  .text               ro code  0x08048894     0x22  fpinit_M.o [4]
  .iar.init_table     const    0x080488b8     0x34  - Linker created -
  .rodata             const    0x080488ec     0x20  apptask.o [1]
  .rodata             const    0x0804890c     0x20  apptask.o [1]
  .rodata             const    0x0804892c     0x20  apptask.o [1]
  .rodata             const    0x0804894c     0x20  apptask.o [1]
  .rodata             const    0x0804896c     0x20  demo_fatfs.o [1]
  .rodata             const    0x0804898c     0x20  demo_fatfs.o [1]
  .rodata             const    0x080489ac     0x20  demo_fatfs.o [1]
  .rodata             const    0x080489cc     0x20  pub0sub1.o [1]
  .rodata             const    0x080489ec     0x20  usbh_usr.o [1]
  .rodata             const    0x08048a0c     0x20  usbh_usr.o [1]
  .rodata             const    0x08048a2c     0x20  usbh_usr.o [1]
  .rodata             const    0x08048a4c     0x20  usbh_usr.o [1]
  .rodata             const    0x08048a6c     0x20  usbh_usr.o [1]
  .rodata             const    0x08048a8c     0x1c  apptask.o [1]
  .rodata             const    0x08048aa8     0x1c  apptask.o [1]
  .rodata             const    0x08048ac4     0x1c  apptask.o [1]
  .rodata             const    0x08048ae0     0x1c  apptask.o [1]
  .rodata             const    0x08048afc     0x1c  apptask.o [1]
  .rodata             const    0x08048b18     0x1c  apptask.o [1]
  .rodata             const    0x08048b34     0x1c  apptask.o [1]
  .rodata             const    0x08048b50     0x1c  apptask.o [1]
  .rodata             const    0x08048b6c     0x1c  demo_fatfs.o [1]
  .rodata             const    0x08048b88     0x1c  demo_fatfs.o [1]
  .rodata             const    0x08048ba4     0x1c  esp8266_handler.o [1]
  .rodata             const    0x08048bc0     0x1c  esp8266_handler.o [1]
  .rodata             const    0x08048bdc     0x1c  pub0sub1.o [1]
  .rodata             const    0x08048bf8     0x1c  pub0sub1.o [1]
  .rodata             const    0x08048c14     0x1c  pub0sub1.o [1]
  .rodata             const    0x08048c30     0x1c  usbh_usr.o [1]
  .rodata             const    0x08048c4c     0x1c  usbh_usr.o [1]
  .rodata             const    0x08048c68     0x1c  usbh_usr.o [1]
  .rodata             const    0x08048c84     0x1c  usbh_usr.o [1]
  .rodata             const    0x08048ca0     0x1c  usbh_usr.o [1]
  .rodata             const    0x08048cbc     0x1c  usbh_usr.o [1]
  .text               ro code  0x08048cd8     0x1a  cmain.o [5]
  .text               ro code  0x08048cf2      0x4  exit.o [3]
  .text               ro code  0x08048cf8      0xa  cexit.o [5]
  .rodata             const    0x08048d04     0x18  apptask.o [1]
  .rodata             const    0x08048d1c     0x18  apptask.o [1]
  .rodata             const    0x08048d34     0x18  apptask.o [1]
  .rodata             const    0x08048d4c     0x18  apptask.o [1]
  .rodata             const    0x08048d64     0x18  apptask.o [1]
  .rodata             const    0x08048d7c     0x18  apptask.o [1]
  .rodata             const    0x08048d94     0x18  apptask.o [1]
  .rodata             const    0x08048dac     0x18  apptask.o [1]
  .rodata             const    0x08048dc4     0x18  apptask.o [1]
  .rodata             const    0x08048ddc     0x18  apptask.o [1]
  .rodata             const    0x08048df4     0x18  apptask.o [1]
  .rodata             const    0x08048e0c     0x18  apptask.o [1]
  .rodata             const    0x08048e24     0x18  demo_fatfs.o [1]
  .rodata             const    0x08048e3c     0x18  demo_fatfs.o [1]
  .rodata             const    0x08048e54     0x18  demo_fatfs.o [1]
  .rodata             const    0x08048e6c     0x18  demo_fatfs.o [1]
  .rodata             const    0x08048e84     0x18  esp8266_handler.o [1]
  .rodata             const    0x08048e9c     0x18  esp8266_handler.o [1]
  .rodata             const    0x08048eb4     0x18  esp8266_handler.o [1]
  .rodata             const    0x08048ecc     0x18  para.o [1]
  .rodata             const    0x08048ee4     0x18  pub0sub1.o [1]
  .rodata             const    0x08048efc     0x18  pub0sub1.o [1]
  .rodata             const    0x08048f14     0x18  usbh_usr.o [1]
  .rodata             const    0x08048f2c     0x18  usbh_usr.o [1]
  .rodata             const    0x08048f44     0x18  usbh_usr.o [1]
  .rodata             const    0x08048f5c     0x18  usbh_usr.o [1]
  .rodata             const    0x08048f74     0x18  usbh_usr.o [1]
  .text               ro code  0x08048f8c     0x16  xprout.o [3]
  .text               ro code  0x08048fa4      0xc  putchar.o [3]
  .rodata             const    0x08048fb0     0x14  apptask.o [1]
  .rodata             const    0x08048fc4     0x14  apptask.o [1]
  .rodata             const    0x08048fd8     0x14  apptask.o [1]
  .rodata             const    0x08048fec     0x14  apptask.o [1]
  .rodata             const    0x08049000     0x14  apptask.o [1]
  .rodata             const    0x08049014     0x14  apptask.o [1]
  .rodata             const    0x08049028     0x14  apptask.o [1]
  .rodata             const    0x0804903c     0x14  apptask.o [1]
  .rodata             const    0x08049050     0x14  apptask.o [1]
  .rodata             const    0x08049064     0x14  apptask.o [1]
  .rodata             const    0x08049078     0x14  apptask.o [1]
  .rodata             const    0x0804908c     0x14  apptask.o [1]
  .rodata             const    0x080490a0     0x14  apptask.o [1]
  .rodata             const    0x080490b4     0x14  apptask.o [1]
  .rodata             const    0x080490c8     0x14  apptask.o [1]
  .rodata             const    0x080490dc     0x14  apptask.o [1]
  .rodata             const    0x080490f0     0x14  apptask.o [1]
  .rodata             const    0x08049104     0x14  esp8266_handler.o [1]
  .rodata             const    0x08049118     0x14  pub0sub1.o [1]
  .rodata             const    0x0804912c     0x14  pub0sub1.o [1]
  .rodata             const    0x08049140     0x14  pub0sub1.o [1]
  .rodata             const    0x08049154     0x14  pub0sub1.o [1]
  .rodata             const    0x08049168     0x14  pub0sub1.o [1]
  .rodata             const    0x0804917c     0x14  usbh_usr.o [1]
  .rodata             const    0x08049190     0x14  usbh_usr.o [1]
  .rodata             const    0x080491a4     0x10  apptask.o [1]
  .rodata             const    0x080491b4     0x10  apptask.o [1]
  .rodata             const    0x080491c4     0x10  apptask.o [1]
  .rodata             const    0x080491d4     0x10  apptask.o [1]
  .rodata             const    0x080491e4     0x10  apptask.o [1]
  .rodata             const    0x080491f4     0x10  apptask.o [1]
  .rodata             const    0x08049204     0x10  apptask.o [1]
  .rodata             const    0x08049214     0x10  apptask.o [1]
  .rodata             const    0x08049224     0x10  apptask.o [1]
  .rodata             const    0x08049234     0x10  apptask.o [1]
  .rodata             const    0x08049244     0x10  apptask.o [1]
  .rodata             const    0x08049254     0x10  apptask.o [1]
  .rodata             const    0x08049264     0x10  apptask.o [1]
  .rodata             const    0x08049274     0x10  apptask.o [1]
  .rodata             const    0x08049284     0x10  apptask.o [1]
  .rodata             const    0x08049294     0x10  apptask.o [1]
  .rodata             const    0x080492a4     0x10  apptask.o [1]
  .rodata             const    0x080492b4     0x10  apptask.o [1]
  .rodata             const    0x080492c4     0x10  apptask.o [1]
  .rodata             const    0x080492d4     0x10  apptask.o [1]
  .rodata             const    0x080492e4     0x10  apptask.o [1]
  .rodata             const    0x080492f4     0x10  apptask.o [1]
  .rodata             const    0x08049304     0x10  apptask.o [1]
  .rodata             const    0x08049314     0x10  apptask.o [1]
  .rodata             const    0x08049324     0x10  apptask.o [1]
  .rodata             const    0x08049334     0x10  apptask.o [1]
  .rodata             const    0x08049344     0x10  apptask.o [1]
  .rodata             const    0x08049354     0x10  apptask.o [1]
  .rodata             const    0x08049364     0x10  bsp_sdwe050c17.o [1]
  .rodata             const    0x08049374     0x10  esp8266_handler.o [1]
  .rodata             const    0x08049384     0x10  esp8266_handler.o [1]
  .rodata             const    0x08049394     0x10  esp8266_handler.o [1]
  .rodata             const    0x080493a4     0x10  esp8266_handler.o [1]
  .rodata             const    0x080493b4     0x10  esp8266_handler.o [1]
  .rodata             const    0x080493c4     0x10  esp8266_handler.o [1]
  .rodata             const    0x080493d4     0x10  ff.o [1]
  .rodata             const    0x080493e4     0x10  main.o [1]
  .rodata             const    0x080493f4     0x10  main.o [1]
  .rodata             const    0x08049404     0x10  para.o [1]
  .rodata             const    0x08049414     0x10  para.o [1]
  .rodata             const    0x08049424     0x10  pub0sub1.o [1]
  .rodata             const    0x08049434     0x10  usbh_usr.o [1]
  .rodata             const    0x08049444     0x10  usbh_usr.o [1]
  .text               ro code  0x08049454     0x10  startup_stm32f40_41xxx.o [1]
  .text               ro code  0x08049464     0x10  usbh_it.o [1]
  .rodata             const    0x08049474      0xc  apptask.o [1]
  .rodata             const    0x08049480      0xc  apptask.o [1]
  .rodata             const    0x0804948c      0xc  apptask.o [1]
  .rodata             const    0x08049498      0xc  apptask.o [1]
  .rodata             const    0x080494a4      0xc  apptask.o [1]
  .rodata             const    0x080494b0      0xc  apptask.o [1]
  .rodata             const    0x080494bc      0xc  apptask.o [1]
  .rodata             const    0x080494c8      0xc  apptask.o [1]
  .rodata             const    0x080494d4      0xc  apptask.o [1]
  .rodata             const    0x080494e0      0xc  apptask.o [1]
  .rodata             const    0x080494ec      0xc  apptask.o [1]
  .rodata             const    0x080494f8      0xc  apptask.o [1]
  .rodata             const    0x08049504      0xc  apptask.o [1]
  .rodata             const    0x08049510      0xc  apptask.o [1]
  .rodata             const    0x0804951c      0xc  apptask.o [1]
  .rodata             const    0x08049528      0xc  apptask.o [1]
  .rodata             const    0x08049534      0xc  apptask.o [1]
  .rodata             const    0x08049540      0xc  apptask.o [1]
  .rodata             const    0x0804954c      0xc  apptask.o [1]
  .rodata             const    0x08049558      0xc  apptask.o [1]
  .rodata             const    0x08049564      0xc  apptask.o [1]
  .rodata             const    0x08049570      0xc  apptask.o [1]
  .rodata             const    0x0804957c      0xc  apptask.o [1]
  .rodata             const    0x08049588      0xc  apptask.o [1]
  .rodata             const    0x08049594      0xc  apptask.o [1]
  .rodata             const    0x080495a0      0xc  apptask.o [1]
  .rodata             const    0x080495ac      0xc  apptask.o [1]
  .rodata             const    0x080495b8      0xc  apptask.o [1]
  .rodata             const    0x080495c4      0xc  apptask.o [1]
  .rodata             const    0x080495d0      0xc  apptask.o [1]
  .rodata             const    0x080495dc      0xc  apptask.o [1]
  .rodata             const    0x080495e8      0xc  apptask.o [1]
  .rodata             const    0x080495f4      0xc  apptask.o [1]
  .rodata             const    0x08049600      0xc  apptask.o [1]
  .rodata             const    0x0804960c      0xc  apptask.o [1]
  .rodata             const    0x08049618      0xc  bsp_sdwe050c17.o [1]
  .rodata             const    0x08049624      0xc  demo_fatfs.o [1]
  .rodata             const    0x08049630      0xc  esp8266_handler.o [1]
  .rodata             const    0x0804963c      0xc  esp8266_handler.o [1]
  .rodata             const    0x08049648      0xc  esp8266_handler.o [1]
  .rodata             const    0x08049654      0xc  esp8266_handler.o [1]
  .rodata             const    0x08049660      0xc  esp8266_handler.o [1]
  .rodata             const    0x0804966c      0xc  esp8266_handler.o [1]
  .rodata             const    0x08049678      0xc  ff.o [1]
  .rodata             const    0x08049684      0xc  page_weimi.o [1]
  .rodata             const    0x08049690      0xc  para.o [1]
  .rodata             const    0x0804969c      0xc  para.o [1]
  .rodata             const    0x080496a8      0xc  para.o [1]
  .rodata             const    0x080496b4      0xc  para.o [1]
  .rodata             const    0x080496c0      0xc  para.o [1]
  .rodata             const    0x080496cc      0xc  pub0sub1.o [1]
  .rodata             const    0x080496d8      0xc  pub0sub1.o [1]
  .text               ro code  0x080496e4      0xc  cstartup_M.o [5]
  .rodata             const    0x080496f0      0x8  apptask.o [1]
  .rodata             const    0x080496f8      0x8  apptask.o [1]
  .rodata             const    0x08049700      0x8  apptask.o [1]
  .rodata             const    0x08049708      0x8  apptask.o [1]
  .rodata             const    0x08049710      0x8  apptask.o [1]
  .rodata             const    0x08049718      0x8  apptask.o [1]
  .rodata             const    0x08049720      0x8  apptask.o [1]
  .rodata             const    0x08049728      0x8  apptask.o [1]
  .rodata             const    0x08049730      0x8  apptask.o [1]
  .rodata             const    0x08049738      0x8  apptask.o [1]
  .rodata             const    0x08049740      0x8  apptask.o [1]
  .rodata             const    0x08049748      0x8  apptask.o [1]
  .rodata             const    0x08049750      0x8  apptask.o [1]
  .rodata             const    0x08049758      0x8  apptask.o [1]
  .rodata             const    0x08049760      0x8  apptask.o [1]
  .rodata             const    0x08049768      0x8  apptask.o [1]
  .rodata             const    0x08049770      0x8  apptask.o [1]
  .rodata             const    0x08049778      0x8  apptask.o [1]
  .rodata             const    0x08049780      0x8  apptask.o [1]
  .rodata             const    0x08049788      0x8  apptask.o [1]
  .rodata             const    0x08049790      0x8  bsp_sdwe050c17.o [1]
  .rodata             const    0x08049798      0x8  bsp_w25qxx.o [1]
  .rodata             const    0x080497a0      0x8  esp8266_handler.o [1]
  .rodata             const    0x080497a8      0x8  ff.o [1]
  .rodata             const    0x080497b0      0x8  malloc.o [1]
  .rodata             const    0x080497b8      0x8  malloc.o [1]
  .rodata             const    0x080497c0      0x8  malloc.o [1]
  .rodata             const    0x080497c8      0x8  MQTTConnectClient.o [1]
  .rodata             const    0x080497d0      0x8  MQTTConnectClient.o [1]
  .rodata             const    0x080497d8      0x8  para.o [1]
  .rodata             const    0x080497e0      0x8  para.o [1]
  .rodata             const    0x080497e8      0x8  para.o [1]
  .rodata             const    0x080497f0      0x8  para.o [1]
  .rodata             const    0x080497f8      0x8  para.o [1]
  .rodata             const    0x08049800      0x8  para.o [1]
  .rodata             const    0x08049808      0x8  para.o [1]
  .rodata             const    0x08049810      0x8  para.o [1]
  .rodata             const    0x08049818      0x8  para.o [1]
  .rodata             const    0x08049820      0x8  para.o [1]
  .rodata             const    0x08049828      0x8  para.o [1]
  .rodata             const    0x08049830      0x8  para.o [1]
  .rodata             const    0x08049838      0x8  para.o [1]
  .rodata             const    0x08049840      0x8  para.o [1]
  .rodata             const    0x08049848      0x8  para.o [1]
  .rodata             const    0x08049850      0x8  para.o [1]
  .rodata             const    0x08049858      0x8  para.o [1]
  .rodata             const    0x08049860      0x8  para.o [1]
  .rodata             const    0x08049868      0x8  para.o [1]
  .rodata             const    0x08049870      0x8  para.o [1]
  .rodata             const    0x08049878      0x8  para.o [1]
  .rodata             const    0x08049880      0x8  pub0sub1.o [1]
  .rodata             const    0x08049888      0x8  tasks.o [1]
  .rodata             const    0x08049890      0x8  timers.o [1]
  .rodata             const    0x08049898      0x4  heap_4.o [1]
  .rodata             const    0x0804989c      0x4  MQTTConnectClient.o [1]
  .rodata             const    0x080498a0      0x4  MQTTConnectClient.o [1]
  .rodata             const    0x080498a4      0x4  MQTTConnectClient.o [1]
  .rodata             const    0x080498a8      0x4  MQTTConnectClient.o [1]
  .rodata             const    0x080498ac      0x4  MQTTConnectClient.o [1]
  .rodata             const    0x080498b0      0x4  MQTTDeserializePublish.o [1]
  .rodata             const    0x080498b4      0x4  MQTTPacket.o [1]
  .rodata             const    0x080498b8      0x4  MQTTSerializePublish.o [1]
  .rodata             const    0x080498bc      0x4  MQTTSubscribeClient.o [1]
  .rodata             const    0x080498c0      0x4  MQTTSubscribeClient.o [1]
  .rodata             const    0x080498c4      0x4  port.o [1]
  .text               ro code  0x080498c8      0x4  startup_stm32f40_41xxx.o [1]
  .text               ro code  0x080498cc      0x4  startup_stm32f40_41xxx.o [1]
  .text               ro code  0x080498d0      0x4  startup_stm32f40_41xxx.o [1]
  .text               ro code  0x080498d4      0x4  startup_stm32f40_41xxx.o [1]
  .text               ro code  0x080498d8      0x4  startup_stm32f40_41xxx.o [1]
  .text               ro code  0x080498dc      0x4  startup_stm32f40_41xxx.o [1]
  .text               ro code  0x080498e0      0x4  startup_stm32f40_41xxx.o [1]
  .text               ro code  0x080498e4      0x4  startup_stm32f40_41xxx.o [1]
  .text               ro code  0x080498e8      0x4  startup_stm32f40_41xxx.o [1]
  .text               ro code  0x080498ec      0x4  startup_stm32f40_41xxx.o [1]
  .text               ro code  0x080498f0      0x4  startup_stm32f40_41xxx.o [1]
  .text               ro code  0x080498f4      0x4  startup_stm32f40_41xxx.o [1]
  .text               ro code  0x080498f8      0x4  startup_stm32f40_41xxx.o [1]
  .text               ro code  0x080498fc      0x4  startup_stm32f40_41xxx.o [1]
  .text               ro code  0x08049900      0x4  startup_stm32f40_41xxx.o [1]
  .text               ro code  0x08049904      0x4  startup_stm32f40_41xxx.o [1]
  .text               ro code  0x08049908      0x4  startup_stm32f40_41xxx.o [1]
  .text               ro code  0x0804990c      0x4  startup_stm32f40_41xxx.o [1]
  .text               ro code  0x08049910      0x4  startup_stm32f40_41xxx.o [1]
  .text               ro code  0x08049914      0x4  startup_stm32f40_41xxx.o [1]
  .text               ro code  0x08049918      0x4  startup_stm32f40_41xxx.o [1]
  .text               ro code  0x0804991c      0x4  startup_stm32f40_41xxx.o [1]
  .text               ro code  0x08049920      0x4  startup_stm32f40_41xxx.o [1]
  .text               ro code  0x08049924      0x4  startup_stm32f40_41xxx.o [1]
  .text               ro code  0x08049928      0x4  startup_stm32f40_41xxx.o [1]
  .text               ro code  0x0804992c      0x4  startup_stm32f40_41xxx.o [1]
  .text               ro code  0x08049930      0x4  startup_stm32f40_41xxx.o [1]
  .text               ro code  0x08049934      0x4  startup_stm32f40_41xxx.o [1]
  .text               ro code  0x08049938      0x4  startup_stm32f40_41xxx.o [1]
  .text               ro code  0x0804993c      0x4  startup_stm32f40_41xxx.o [1]
  .text               ro code  0x08049940      0x4  startup_stm32f40_41xxx.o [1]
  .text               ro code  0x08049944      0x4  startup_stm32f40_41xxx.o [1]
  .text               ro code  0x08049948      0x4  startup_stm32f40_41xxx.o [1]
  .text               ro code  0x0804994c      0x4  startup_stm32f40_41xxx.o [1]
  .text               ro code  0x08049950      0x4  startup_stm32f40_41xxx.o [1]
  .text               ro code  0x08049954      0x4  startup_stm32f40_41xxx.o [1]
  .text               ro code  0x08049958      0x4  startup_stm32f40_41xxx.o [1]
  .text               ro code  0x0804995c      0x4  startup_stm32f40_41xxx.o [1]
  .text               ro code  0x08049960      0x4  startup_stm32f40_41xxx.o [1]
  .text               ro code  0x08049964      0x4  startup_stm32f40_41xxx.o [1]
  .text               ro code  0x08049968      0x4  startup_stm32f40_41xxx.o [1]
  .text               ro code  0x0804996c      0x4  startup_stm32f40_41xxx.o [1]
  .text               ro code  0x08049970      0x4  startup_stm32f40_41xxx.o [1]
  .text               ro code  0x08049974      0x4  startup_stm32f40_41xxx.o [1]
  .text               ro code  0x08049978      0x4  startup_stm32f40_41xxx.o [1]
  .text               ro code  0x0804997c      0x4  startup_stm32f40_41xxx.o [1]
  .text               ro code  0x08049980      0x4  startup_stm32f40_41xxx.o [1]
  .text               ro code  0x08049984      0x4  startup_stm32f40_41xxx.o [1]
  .text               ro code  0x08049988      0x4  startup_stm32f40_41xxx.o [1]
  .text               ro code  0x0804998c      0x4  startup_stm32f40_41xxx.o [1]
  .text               ro code  0x08049990      0x4  startup_stm32f40_41xxx.o [1]
  .text               ro code  0x08049994      0x4  startup_stm32f40_41xxx.o [1]
  .text               ro code  0x08049998      0x4  startup_stm32f40_41xxx.o [1]
  .text               ro code  0x0804999c      0x4  startup_stm32f40_41xxx.o [1]
  .text               ro code  0x080499a0      0x4  startup_stm32f40_41xxx.o [1]
  .text               ro code  0x080499a4      0x4  startup_stm32f40_41xxx.o [1]
  .text               ro code  0x080499a8      0x4  startup_stm32f40_41xxx.o [1]
  .text               ro code  0x080499ac      0x4  startup_stm32f40_41xxx.o [1]
  .text               ro code  0x080499b0      0x4  startup_stm32f40_41xxx.o [1]
  .text               ro code  0x080499b4      0x4  startup_stm32f40_41xxx.o [1]
  .text               ro code  0x080499b8      0x4  startup_stm32f40_41xxx.o [1]
  .text               ro code  0x080499bc      0x4  startup_stm32f40_41xxx.o [1]
  .text               ro code  0x080499c0      0x4  startup_stm32f40_41xxx.o [1]
  .text               ro code  0x080499c4      0x4  startup_stm32f40_41xxx.o [1]
  .text               ro code  0x080499c8      0x4  startup_stm32f40_41xxx.o [1]
  .text               ro code  0x080499cc      0x4  startup_stm32f40_41xxx.o [1]
  .text               ro code  0x080499d0      0x4  startup_stm32f40_41xxx.o [1]
  .text               ro code  0x080499d4      0x4  startup_stm32f40_41xxx.o [1]
  .rodata             const    0x080499d8      0x0  zero_init3.o [5]
  .rodata             const    0x080499d8      0x0  packbits_init.o [5]
  Initializer bytes   const    0x080499d8    0x120  <for P2 s0>
                             - 0x08049af8  0x49970

"P2":                                      0x1f790
  P2 s0                        0x20000000    0x232  <Init block>
    __DLIB_PERTHREAD  inited   0x20000000     0x88  localeconv.o [3]
    __DLIB_PERTHREAD  inited   0x20000088     0x74  setlocale.o [3]
    .data             inited   0x200000fc     0x50  demo_fatfs.o [1]
    .data             inited   0x2000014c     0x48  usbh_usr.o [1]
    .data             inited   0x20000194     0x40  xfiles.o [3]
    .data             inited   0x200001d4     0x1c  malloc.o [1]
    .data             inited   0x200001f0     0x10  stm32f4xx_rcc.o [1]
    .data             inited   0x20000200     0x10  usbh_msc_core.o [1]
    .data             inited   0x20000210      0xc  usbh_core.o [1]
    .data             inited   0x2000021c      0x4  port.o [1]
    .data             inited   0x20000220      0x4  system_stm32f4xx.o [1]
    .data             inited   0x20000224      0x4  usbh_core.o [1]
    __DLIB_PERTHREAD  inited   0x20000228      0x4  errno.o [3]
    .data             inited   0x2000022c      0x2  bsp_w25qxx.o [1]
    .data             inited   0x2000022e      0x1  apptask.o [1]
    .data             inited   0x2000022f      0x1  encoder_tim.o [1]
    .data             inited   0x20000230      0x1  page_weimi.o [1]
    .data             inited   0x20000231      0x1  usbh_msc_scsi.o [1]
  .bss                zero     0x20000234  0x10400  heap_4.o [1]
  .bss                zero     0x20010634   0xa000  malloc.o [1]
  .bss                zero     0x2001a634   0x1000  bsp_w25qxx.o [1]
  .bss                zero     0x2001b634    0xa00  malloc.o [1]
  .bss                zero     0x2001c034    0x5ac  usbh_usr.o [1]
  .bss                zero     0x2001c5e0    0x5ac  usbh_usr.o [1]
  .bss                zero     0x2001cb8c    0x3e8  bsp_uart_fifo.o [1]
  .bss                zero     0x2001cf74    0x3e8  esp8266_handler.o [1]
  .bss                zero     0x2001d35c    0x3e8  esp8266_handler.o [1]
  .bss                zero     0x2001d744    0x3e8  pub0sub1.o [1]
  .bss                zero     0x2001db2c    0x200  ff.o [1]
  .bss                zero     0x2001dd2c    0x200  usbh_msc_scsi.o [1]
  .bss                zero     0x2001df2c    0x200  usbh_stdreq.o [1]
  .bss                zero     0x2001e12c    0x140  tasks.o [1]
  .bss                zero     0x2001e26c    0x12c  page_weimi.o [1]
  .bss                zero     0x2001e398     0xd4  protocol.o [1]
  .bss                zero     0x2001e46c     0xac  para.o [1]
  .bss                zero     0x2001e518     0xa4  protocol.o [1]
  .bss                zero     0x2001e5bc     0x94  usbh_usr.o [1]
  .bss                zero     0x2001e650     0x68  esp8266_handler.o [1]
  .bss                zero     0x2001e6b8     0x64  bsp_uart_fifo.o [1]
  .bss                zero     0x2001e71c     0x64  bsp_uart_fifo.o [1]
  .bss                zero     0x2001e780     0x4c  usbh_msc_core.o [1]
  .bss                zero     0x2001e7d0     0x58  bsp_sdio_sd.o [1]
  .bss                zero     0x2001e828     0x58  protocol.o [1]
  .bss                zero     0x2001e880     0x50  xfiles.o [3]
  .bss                zero     0x2001e8d0     0x40  page_weimi.o [1]
  .bss                zero     0x2001e910     0x40  pub0sub1.o [1]
  .bss                zero     0x2001e950     0x34  bsp_sdwe050c17.o [1]
  .bss                zero     0x2001e984     0x30  product_cal.o [1]
  .bss                zero     0x2001e9b4     0x28  product_cal.o [1]
  .bss                zero     0x2001e9dc     0x24  ff.o [1]
  .bss                zero     0x2001ea00     0x20  pub0sub1.o [1]
  .bss                zero     0x2001ea20     0x20  usbh_msc_bot.o [1]
  .bss                zero     0x2001ea40     0x18  bsp_sdio_sd.o [1]
  .bss                zero     0x2001ea58     0x18  bsp_sdio_sd.o [1]
  .bss                zero     0x2001ea70     0x18  encoder_tim.o [1]
  .bss                zero     0x2001ea88     0x14  bsp_sdio_sd.o [1]
  .bss                zero     0x2001ea9c     0x14  rc522.o [1]
  .bss                zero     0x2001eab0     0x14  tasks.o [1]
  .bss                zero     0x2001eac4     0x14  tasks.o [1]
  .bss                zero     0x2001ead8     0x14  tasks.o [1]
  .bss                zero     0x2001eaec     0x14  tasks.o [1]
  .bss                zero     0x2001eb00     0x14  tasks.o [1]
  .bss                zero     0x2001eb14     0x14  timers.o [1]
  .bss                zero     0x2001eb28     0x14  timers.o [1]
  .bss                zero     0x2001eb3c     0x10  bsp_sdio_sd.o [1]
  .bss                zero     0x2001eb4c     0x10  bsp_sdio_sd.o [1]
  .bss                zero     0x2001eb5c     0x10  usbh_msc_bot.o [1]
  .bss                zero     0x2001eb6c     0x10  usbh_msc_bot.o [1]
  .bss                zero     0x2001eb7c     0x10  usbh_msc_scsi.o [1]
  .bss                zero     0x2001eb8c      0xc  apptask.o [1]
  .bss                zero     0x2001eb98      0xc  apptask.o [1]
  .bss                zero     0x2001eba4      0xc  apptask.o [1]
  .bss                zero     0x2001ebb0      0xc  apptask.o [1]
  .bss                zero     0x2001ebbc      0xc  ff.o [1]
  .bss                zero     0x2001ebc8      0xc  protocol.o [1]
  .bss                zero     0x2001ebd4      0xc  protocol.o [1]
  .bss                zero     0x2001ebe0      0xc  protocol.o [1]
  .bss                zero     0x2001ebec      0xc  pub0sub1.o [1]
  .bss                zero     0x2001ebf8      0x8  heap_4.o [1]
  .bss                zero     0x2001ec00      0x8  modbus.o [1]
  .bss                zero     0x2001ec08      0x8  protocol.o [1]
  .bss                zero     0x2001ec10      0x8  pub0sub1.o [1]
  .bss                zero     0x2001ec18      0x4  apptask.o [1]
  .bss                zero     0x2001ec1c      0x4  apptask.o [1]
  .bss                zero     0x2001ec20      0x4  apptask.o [1]
  .bss                zero     0x2001ec24      0x4  apptask.o [1]
  .bss                zero     0x2001ec28      0x4  apptask.o [1]
  .bss                zero     0x2001ec2c      0x4  apptask.o [1]
  .bss                zero     0x2001ec30      0x4  apptask.o [1]
  .bss                zero     0x2001ec34      0x4  apptask.o [1]
  .bss                zero     0x2001ec38      0x4  apptask.o [1]
  .bss                zero     0x2001ec3c      0x4  apptask.o [1]
  .bss                zero     0x2001ec40      0x4  apptask.o [1]
  .bss                zero     0x2001ec44      0x4  apptask.o [1]
  .bss                zero     0x2001ec48      0x4  apptask.o [1]
  .bss                zero     0x2001ec4c      0x4  apptask.o [1]
  .bss                zero     0x2001ec50      0x4  apptask.o [1]
  .bss                zero     0x2001ec54      0x4  apptask.o [1]
  .bss                zero     0x2001ec58      0x4  apptask.o [1]
  .bss                zero     0x2001ec5c      0x4  apptask.o [1]
  .bss                zero     0x2001ec60      0x4  apptask.o [1]
  .bss                zero     0x2001ec64      0x4  apptask.o [1]
  .bss                zero     0x2001ec68      0x4  apptask.o [1]
  .bss                zero     0x2001ec6c      0x4  apptask.o [1]
  .bss                zero     0x2001ec70      0x4  apptask.o [1]
  .bss                zero     0x2001ec74      0x4  apptask.o [1]
  .bss                zero     0x2001ec78      0x4  apptask.o [1]
  .bss                zero     0x2001ec7c      0x4  apptask.o [1]
  .bss                zero     0x2001ec80      0x4  apptask.o [1]
  .bss                zero     0x2001ec84      0x4  apptask.o [1]
  .bss                zero     0x2001ec88      0x4  bsp_sdio_sd.o [1]
  .bss                zero     0x2001ec8c      0x4  bsp_sdio_sd.o [1]
  .bss                zero     0x2001ec90      0x4  bsp_sdio_sd.o [1]
  .bss                zero     0x2001ec94      0x4  bsp_sdio_sd.o [1]
  .bss                zero     0x2001ec98      0x4  bsp_sdio_sd.o [1]
  .bss                zero     0x2001ec9c      0x4  bsp_timer.o [1]
  .bss                zero     0x2001eca0      0x4  bsp_timer.o [1]
  .bss                zero     0x2001eca4      0x4  bsp_timer.o [1]
  .bss                zero     0x2001eca8      0x4  bsp_timer.o [1]
  .bss                zero     0x2001ecac      0x4  esp8266_handler.o [1]
  .bss                zero     0x2001ecb0      0x4  esp8266_handler.o [1]
  .bss                zero     0x2001ecb4      0x4  esp8266_handler.o [1]
  .bss                zero     0x2001ecb8      0x4  heap_4.o [1]
  .bss                zero     0x2001ecbc      0x4  heap_4.o [1]
  .bss                zero     0x2001ecc0      0x4  heap_4.o [1]
  .bss                zero     0x2001ecc4      0x4  heap_4.o [1]
  .bss                zero     0x2001ecc8      0x4  MQTTPacket.o [1]
  .bss                zero     0x2001eccc      0x4  page_weimi.o [1]
  .bss                zero     0x2001ecd0      0x4  page_weimi.o [1]
  .bss                zero     0x2001ecd4      0x4  port.o [1]
  .bss                zero     0x2001ecd8      0x4  product_cal.o [1]
  .bss                zero     0x2001ecdc      0x4  product_cal.o [1]
  .bss                zero     0x2001ece0      0x4  pub0sub1.o [1]
  .bss                zero     0x2001ece4      0x4  SysInfoTest.o [1]
  .bss                zero     0x2001ece8      0x4  tasks.o [1]
  .bss                zero     0x2001ecec      0x4  tasks.o [1]
  .bss                zero     0x2001ecf0      0x4  tasks.o [1]
  .bss                zero     0x2001ecf4      0x4  tasks.o [1]
  .bss                zero     0x2001ecf8      0x4  tasks.o [1]
  .bss                zero     0x2001ecfc      0x4  tasks.o [1]
  .bss                zero     0x2001ed00      0x4  tasks.o [1]
  .bss                zero     0x2001ed04      0x4  tasks.o [1]
  .bss                zero     0x2001ed08      0x4  tasks.o [1]
  .bss                zero     0x2001ed0c      0x4  tasks.o [1]
  .bss                zero     0x2001ed10      0x4  tasks.o [1]
  .bss                zero     0x2001ed14      0x4  tasks.o [1]
  .bss                zero     0x2001ed18      0x4  tasks.o [1]
  .bss                zero     0x2001ed1c      0x4  tasks.o [1]
  .bss                zero     0x2001ed20      0x4  tasks.o [1]
  .bss                zero     0x2001ed24      0x4  tasks.o [1]
  .bss                zero     0x2001ed28      0x4  timer_platform.o [1]
  .bss                zero     0x2001ed2c      0x4  timers.o [1]
  .bss                zero     0x2001ed30      0x4  timers.o [1]
  .bss                zero     0x2001ed34      0x4  timers.o [1]
  .bss                zero     0x2001ed38      0x4  timers.o [1]
  .bss                zero     0x2001ed3c      0x4  usbh_msc_bot.o [1]
  .bss                zero     0x2001ed40      0x4  usbh_msc_bot.o [1]
  .bss                zero     0x2001ed44      0x4  usbh_msc_bot.o [1]
  .bss                zero     0x2001ed48      0x4  usbh_msc_bot.o [1]
  .bss                zero     0x2001ed4c      0x2  apptask.o [1]
  .bss                zero     0x2001ed4e      0x2  apptask.o [1]
  .bss                zero     0x2001ed50      0x2  apptask.o [1]
  .bss                zero     0x2001ed52      0x2  apptask.o [1]
  .bss                zero     0x2001ed54      0x2  apptask.o [1]
  .bss                zero     0x2001ed56      0x2  bsp_sdwe050c17.o [1]
  .bss                zero     0x2001ed58      0x2  encoder_tim.o [1]
  .bss                zero     0x2001ed5a      0x2  encoder_tim.o [1]
  .bss                zero     0x2001ed5c      0x2  ff.o [1]
  .bss                zero     0x2001ed5e      0x2  page_weimi.o [1]
  .bss                zero     0x2001ed60      0x2  page_weimi.o [1]
  .bss                zero     0x2001ed62      0x2  product_cal.o [1]
  .bss                zero     0x2001ed64      0x2  usbh_core.o [1]
  .bss                zero     0x2001ed66      0x2  usbh_stdreq.o [1]
  .bss                zero     0x2001ed68      0x1  apptask.o [1]
  .bss                zero     0x2001ed69      0x1  apptask.o [1]
  .bss                zero     0x2001ed6a      0x1  apptask.o [1]
  .bss                zero     0x2001ed6b      0x1  apptask.o [1]
  .bss                zero     0x2001ed6c      0x1  apptask.o [1]
  .bss                zero     0x2001ed6d      0x1  apptask.o [1]
  .bss                zero     0x2001ed6e      0x1  apptask.o [1]
  .bss                zero     0x2001ed6f      0x1  apptask.o [1]
  .bss                zero     0x2001ed70      0x1  apptask.o [1]
  .bss                zero     0x2001ed71      0x1  apptask.o [1]
  .bss                zero     0x2001ed72      0x1  apptask.o [1]
  .bss                zero     0x2001ed73      0x1  apptask.o [1]
  .bss                zero     0x2001ed74      0x1  apptask.o [1]
  .bss                zero     0x2001ed75      0x1  apptask.o [1]
  .bss                zero     0x2001ed76      0x1  bsp_sdio_sd.o [1]
  .bss                zero     0x2001ed77      0x1  bsp_sdwe050c17.o [1]
  .bss                zero     0x2001ed78      0x1  bsp_uart_fifo.o [1]
  .bss                zero     0x2001ed79      0x1  encoder_tim.o [1]
  .bss                zero     0x2001ed7a      0x1  esp8266_handler.o [1]
  .bss                zero     0x2001ed7b      0x1  esp8266_handler.o [1]
  .bss                zero     0x2001ed7c      0x1  esp8266_handler.o [1]
  .bss                zero     0x2001ed7d      0x1  page_weimi.o [1]
  .bss                zero     0x2001ed7e      0x1  page_weimi.o [1]
  .bss                zero     0x2001ed7f      0x1  page_weimi.o [1]
  .bss                zero     0x2001ed80      0x1  page_weimi.o [1]
  .bss                zero     0x2001ed81      0x1  page_weimi.o [1]
  .bss                zero     0x2001ed82      0x1  page_weimi.o [1]
  .bss                zero     0x2001ed83      0x1  port.o [1]
  .bss                zero     0x2001ed84      0x1  product_cal.o [1]
  .bss                zero     0x2001ed85      0x1  product_cal.o [1]
  .bss                zero     0x2001ed86      0x1  protocol.o [1]
  .bss                zero     0x2001ed87      0x1  pub0sub1.o [1]
  .bss                zero     0x2001ed88      0x1  pub0sub1.o [1]
  .bss                zero     0x2001ed89      0x1  rc522.o [1]
  .bss                zero     0x2001ed8a      0x1  rc522.o [1]
  .bss                zero     0x2001ed8b      0x1  usbh_msc_bot.o [1]
  .bss                zero     0x2001ed8c      0x1  usbh_msc_core.o [1]
  .bss                zero     0x2001ed8d      0x1  usbh_msc_core.o [1]
  .bss                zero     0x2001ed8e      0x1  usbh_stdreq.o [1]
  .bss                zero     0x2001ed8f      0x1  usbh_usr.o [1]
  CSTACK                       0x2001ed90    0xa00  <Block>
    CSTACK            uninit   0x2001ed90    0xa00  <Block tail>
                             - 0x2001f790  0x1f790

Absolute sections:                         0xff000
  .bss                zero     0x68000000  0xf0000  malloc.o [1]
  .bss                zero     0x680f0000   0xf000  malloc.o [1]
                             - 0x680ff000  0xff000


*******************************************************************************
*** INIT TABLE
***

          Address     Size
          -------     ----
Zero (__iar_zero_init3)
    2 destination ranges, total size 0x11db5c:
          0x20000234  0x1eb5c
          0x68000000  0xff000

Copy/packbits (__iar_packbits_init3)
    1 source range, total size 0x120 (51% of destination):
          0x080499d8    0x120
    1 destination range, total size 0x232:
          0x20000000    0x232



*******************************************************************************
*** MODULE SUMMARY
***

    Module                    ro code  ro data  rw data    rw data
                                                            (abs)
    ------                    -------  -------  -------    -------
E:\work\YarnControl_Driver\src\stm32f4_rtos\Project\EWARMv7\Flash\Obj: [1]
    MQTTConnectClient.o           774       36
    MQTTDeserializePublish.o      188        4
    MQTTPacket.o                  656        4        4
    MQTTSerializePublish.o        236        4
    MQTTSubscribeClient.o         400        8
    SysInfoTest.o                  44                 4
    apptask.o                  29 272    3 537      185
    bsp.o                          76
    bsp_closeSW.o                 212
    bsp_dac.o                     112
    bsp_dwt.o                     116
    bsp_led.o                     192
    bsp_relay.o                    68
    bsp_sdio_sd.o               6 744               209
    bsp_sdwe050c17.o            5 412       36       55
    bsp_servomotor.o              640
    bsp_spi.o                     292
    bsp_stepmotor.o             1 268
    bsp_sw_onoff.o                 68
    bsp_timer.o                   516                16
    bsp_uart_fifo.o             2 724             1 201
    bsp_w25qxx.o                  896        9    4 098
    bsp_watchdog.o                  8
    cc936.o                       244  176 320
    demo_fatfs.o                           733       80
    diskio.o                      740
    encoder_tim.o                 704                30
    esp8266_handler.o           1 044      324    2 119
    esp8266_init.o                124
    event_groups.o                610
    ff.o                        9 368       36      562
    heap_4.o                      640        4   66 584
    list.o                        152
    main.o                         48       32
    malloc.o                      540       39   43 548  1 044 480
    mcheck.o                      184      768
    misc.o                        136
    modbus.o                      852                 8
    page_weimi.o                1 304       13      383
    para.o                      5 310      284      172
    port.o                        588        6        9
    portasm.o                     168
    product_cal.o               1 728      400      100
    protocol.o                    128               509
    pub0sub1.o                  1 076      472    1 122
    queue.o                     1 992
    rc522.o                       238                22
    startup_stm32f40_41xxx.o      680
    stm32f4xx_dac.o                36
    stm32f4xx_dma.o               796
    stm32f4xx_exti.o              192
    stm32f4xx_gpio.o              300
    stm32f4xx_it.o                 56       44
    stm32f4xx_iwdg.o               16
    stm32f4xx_rcc.o               488        8       16
    stm32f4xx_sdio.o              380
    stm32f4xx_spi.o               116
    stm32f4xx_syscfg.o             84
    stm32f4xx_tim.o             1 782
    stm32f4xx_usart.o             596
    system_stm32f4xx.o            340        2        4
    tasks.o                     3 296        8      484
    timer_platform.o               64                 4
    timers.o                    1 188        8       56
    transport.o                   108
    usb_bsp.o                     332
    usb_core.o                  2 640
    usb_hcd.o                     214
    usb_hcd_int.o               3 198
    usbh_core.o                 1 888        8       18
    usbh_hcs.o                    442
    usbh_ioreq.o                  582
    usbh_it.o                      16
    usbh_msc_bot.o              1 364                81
    usbh_msc_core.o             1 000        8       94
    usbh_msc_scsi.o             1 560        1      529
    usbh_stdreq.o               1 078               515
    usbh_usr.o                    418      593    3 125
    --------------------------------------------------------------
    Total:                    104 082  183 749  125 946  1 044 480

command line: [2]
    --------------------------------------------------------------
    Total:

dl7M_tlf.a: [3]
    abort.o                         6
    div.o                          14
    errno.o                        12        2        4
    exit.o                          4
    isxxx.o                        40
    localeconv.o                  108       69      136
    printf.o                       36
    putchar.o                      12
    setlocale.o                    24       60      116
    snprintf.o                     68
    sprintf.o                      52
    sscanf.o                       36
    strcat.o                       28
    strstr.o                       44
    tolower.o                      20
    xfiles.o                                32      144
    xlocale_c.o                    54
    xprintffull_nomb.o          3 478
    xprout.o                       22
    xscanffull_nomb.o           2 916
    xsnprout.o                     26
    xsprout.o                      10
    xsscin.o                       30
    xstoflt.o                     440
    xstoll.o                      164
    xstopfx.o                     292
    xstoull.o                     432
    xstoxflt.o                    536
    xtls.o                          2
    --------------------------------------------------------------
    Total:                      8 906      163      400

m7M_tls.a: [4]
    DblAdd.o                      232
    DblCmpEq.o                     32
    DblCmpGe.o                     46
    DblCmpLe.o                     46
    DblDiv.o                      598
    DblMul.o                      418
    DblSub.o                      384
    DblToFlt.o                    144
    DblToI32.o                     88
    FltToDbl.o                     78
    I32ToDbl.o                     48
    fpinit_M.o                     34
    xdnorm.o                       66
    xdscale.o                     276
    xdtento.o                     512
    xdunscal.o                     82
    xstold.o                      360
    --------------------------------------------------------------
    Total:                      3 444

rt7M_tl.a: [5]
    ABImemclr4.o                    6
    ABImemcpy_unaligned.o         118
    ABImemset.o                   102
    ABImemset48.o                  50
    I64DivMod.o                   306
    I64DivZer.o                     2
    cexit.o                        10
    cmain.o                        26
    cstartup_M.o                   12
    data_init.o                    40
    memchr.o                       88
    memcmp_unaligned.o             98
    packbits_init.o               208
    strchr.o                       22
    strcmp_unaligned.o             66
    strcpy_unaligned.o             68
    strlen.o                       54
    zero_init3.o                   64
    --------------------------------------------------------------
    Total:                      1 340

shb_l.a: [6]
    exit.o                         20
    --------------------------------------------------------------
    Total:                         20

    Gaps                           54        6        6
    Linker created                          52    2 560
------------------------------------------------------------------
    Grand Total:              117 846  183 970  128 912  1 044 480


*******************************************************************************
*** ENTRY LIST
***

Entry                      Address     Size  Type      Object
-----                      -------     ----  ----      ------
.iar.init_table$$Base   0x080488b8            --   Gb  - Linker created -
.iar.init_table$$Limit  0x080488ec            --   Gb  - Linker created -
?main                   0x08048cd9           Code  Gb  cmain.o [5]
APBAHBPrescTable        0x200001f0     0x10  Data  Lc  stm32f4xx_rcc.o [1]
AppObjCreate            0x08031465    0x194  Code  Gb  apptask.o [1]
AppTaskCreate           0x08031219    0x238  Code  Gb  apptask.o [1]
BOTStallErrorCount      0x2001ed3c      0x4  Data  Lc  usbh_msc_bot.o [1]
BusFault_Handler        0x08048403      0x2  Code  Gb  stm32f4xx_it.o [1]
CID_Tab                 0x2001eb4c     0x10  Data  Lc  bsp_sdio_sd.o [1]
CLIENT_ID               0x2001ea00     0x20  Data  Gb  pub0sub1.o [1]
CRC16HiTable            0x08047e40    0x100  Data  Gb  mcheck.o [1]
CRC16LoTable            0x08047f40    0x100  Data  Gb  mcheck.o [1]
CRC8Table               0x08048040    0x100  Data  Gb  mcheck.o [1]
CSD_Tab                 0x2001eb3c     0x10  Data  Lc  bsp_sdio_sd.o [1]
CSTACK$$Base            0x2001ed90            --   Gb  - Linker created -
CSTACK$$Limit           0x2001f790            --   Gb  - Linker created -
CardType                0x2001ec88      0x4  Data  Lc  bsp_sdio_sd.o [1]
ChannengMQTTPackage     0x08033eef     0x7e  Code  Gb  product_cal.o [1]
CmdError                0x08043d6d     0x38  Code  Lc  bsp_sdio_sd.o [1]
CmdResp1Error           0x08043e11    0x112  Code  Lc  bsp_sdio_sd.o [1]
CmdResp2Error           0x08043f61     0x52  Code  Lc  bsp_sdio_sd.o [1]
CmdResp3Error           0x08043f23     0x3e  Code  Lc  bsp_sdio_sd.o [1]
CmdResp6Error           0x08043fb3     0xa6  Code  Lc  bsp_sdio_sd.o [1]
CmdResp7Error           0x08043da5     0x58  Code  Lc  bsp_sdio_sd.o [1]
ConfigExitNVIC          0x0803ad4b     0x22  Code  Gb  bsp_closeSW.o [1]
ConfigUartNVIC          0x0803d2cb     0x7c  Code  Lc  bsp_uart_fifo.o [1]
ConnectTcp              0x0803b887     0x48  Code  Gb  esp8266_handler.o [1]
DAC_SetChannel1Data     0x0803ea49     0x1e  Code  Gb  stm32f4xx_dac.o [1]
DMA1_Stream0_IRQHandler
                        0x08037909     0x1c  Code  Gb  bsp_servomotor.o [1]
DMA1_Stream3_IRQHandler
                        0x08037925     0x1c  Code  Gb  bsp_servomotor.o [1]
DMA2_Stream3_IRQHandler
                        0x08044655      0x8  Code  Gb  bsp_sdio_sd.o [1]
DMAEndOfTransfer        0x2001ec98      0x4  Data  Gb  bsp_sdio_sd.o [1]
DMA_ClearFlag           0x0803f347     0x24  Code  Gb  stm32f4xx_dma.o [1]
DMA_Cmd                 0x0803f2fd     0x1a  Code  Gb  stm32f4xx_dma.o [1]
DMA_DeInit              0x0803f165    0x140  Code  Gb  stm32f4xx_dma.o [1]
DMA_FlowControllerConfig
                        0x0803f317     0x18  Code  Gb  stm32f4xx_dma.o [1]
DMA_GetCmdStatus        0x0803f32f     0x18  Code  Gb  stm32f4xx_dma.o [1]
DMA_GetITStatus         0x0803f3ad     0x62  Code  Gb  stm32f4xx_dma.o [1]
DMA_ITConfig            0x0803f36b     0x42  Code  Gb  stm32f4xx_dma.o [1]
DMA_Init                0x0803f2a5     0x58  Code  Gb  stm32f4xx_dma.o [1]
Dac1_Set_Vol            0x08037159     0x64  Code  Gb  bsp_dac.o [1]
DebugMon_Handler        0x08048407      0x2  Code  Gb  stm32f4xx_it.o [1]
DiskFile_init           0x0803ac51     0x40  Code  Gb  protocol.o [1]
Disk_File               0x2001e398     0xd4  Data  Gb  protocol.o [1]
ENC_Calc_Average_Speed  0x0803b60b     0x58  Code  Gb  encoder_tim.o [1]
ENC_Calc_Rot_Speed      0x0803b531     0xda  Code  Gb  encoder_tim.o [1]
ENC_Clear_Speed_Buffer  0x0803b515     0x1c  Code  Gb  encoder_tim.o [1]
ENC_Init                0x0803b429     0xec  Code  Gb  encoder_tim.o [1]
ESP8266_Enable_MultipleId
                        0x0803b7b3     0x40  Code  Gb  esp8266_handler.o [1]
ESP8266_JoinAP          0x0803b84f     0x38  Code  Gb  esp8266_handler.o [1]
ESP8266_Net_Mode_Choose
                        0x0803b7f3     0x5c  Code  Gb  esp8266_handler.o [1]
EXTI9_5_IRQHandler      0x0803ad6d     0x3c  Code  Gb  bsp_closeSW.o [1]
EXTI_ClearITPendingBit  0x0804048b      0x6  Code  Gb  stm32f4xx_exti.o [1]
EXTI_GetITStatus        0x08040471     0x1a  Code  Gb  stm32f4xx_exti.o [1]
EXTI_Init               0x080403e9     0x88  Code  Gb  stm32f4xx_exti.o [1]
Esp8266_GetTcpStatus    0x0803baf5     0x12  Code  Gb  esp8266_handler.o [1]
Esp8266_Tcp_Send        0x0803baaf     0x46  Code  Gb  esp8266_handler.o [1]
FR_Table                0x200000fc     0x50  Data  Gb  demo_fatfs.o [1]
FatFs                   0x2001ebbc      0xc  Data  Lc  ff.o [1]
Files                   0x2001e9dc     0x24  Data  Lc  ff.o [1]
FindSCR                 0x08044201    0x206  Code  Lc  bsp_sdio_sd.o [1]
Fsid                    0x2001ed5c      0x2  Data  Lc  ff.o [1]
GPIO_Init               0x08035b19     0xaa  Code  Gb  stm32f4xx_gpio.o [1]
GPIO_PinAFConfig        0x08035beb     0x5a  Code  Gb  stm32f4xx_gpio.o [1]
GPIO_ReadInputDataBit   0x08035bc3     0x1a  Code  Gb  stm32f4xx_gpio.o [1]
GPIO_WriteBit           0x08035bdd      0xe  Code  Gb  stm32f4xx_gpio.o [1]
HCD_GetCurrentFrame     0x0803f65d      0x8  Code  Gb  usb_hcd.o [1]
HCD_GetCurrentSpeed     0x0803f63f     0x10  Code  Gb  usb_hcd.o [1]
HCD_GetURB_State        0x0803f665      0xa  Code  Gb  usb_hcd.o [1]
HCD_GetXferCnt          0x0803f66f      0xc  Code  Gb  usb_hcd.o [1]
HCD_Init                0x0803f5cd     0x72  Code  Gb  usb_hcd.o [1]
HCD_ResetPort           0x0803f64f      0xe  Code  Gb  usb_hcd.o [1]
HCD_SubmitRequest       0x0803f67b     0x28  Code  Gb  usb_hcd.o [1]
Handle_Internet_Data    0x0803ba17     0x60  Code  Gb  esp8266_handler.o [1]
HardFault_Handler       0x080483d3     0x22  Code  Gb  stm32f4xx_it.o [1]
IWDG_Feed               0x0803c6b5      0x8  Code  Gb  bsp_watchdog.o [1]
IWDG_ReloadCounter      0x0804102d      0xa  Code  Gb  stm32f4xx_iwdg.o [1]
InStream_Read           0x08048141     0x22  Code  Lc  packbits_init.o [5]
InitHardUart            0x0803cedf    0x3ec  Code  Lc  bsp_uart_fifo.o [1]
Init_JINGSHA_GUI        0x080324f7    0x116  Code  Gb  bsp_sdwe050c17.o [1]
JingSha_File            0x2001e828     0x58  Data  Gb  protocol.o [1]
LfnBuf                  0x2001db2c    0x200  Data  Lc  ff.o [1]
LfnOfs                  0x080493d4     0x10  Data  Lc  ff.o [1]
LoadInt                 0x0803e1d5     0x6e  Code  Lc  xprintffull_nomb.o [3]
MQTTDeserialize_connack
                        0x080408b3     0x80  Code  Gb  MQTTConnectClient.o [1]
MQTTDeserialize_publish
                        0x08040e85     0xb6  Code  Gb  MQTTDeserializePublish.o [1]
MQTTDeserialize_suback  0x08040de3     0x98  Code  Gb  MQTTSubscribeClient.o [1]
MQTTPacket_decode       0x08040a4f     0x54  Code  Gb  MQTTPacket.o [1]
MQTTPacket_decodeBuf    0x08040aef     0x14  Code  Gb  MQTTPacket.o [1]
MQTTPacket_encode       0x08040a25     0x2a  Code  Gb  MQTTPacket.o [1]
MQTTPacket_len          0x08040aa3     0x24  Code  Gb  MQTTPacket.o [1]
MQTTPacket_read         0x08040c31     0x72  Code  Gb  MQTTPacket.o [1]
MQTTSerialize_connect   0x0804073d    0x176  Code  Gb  MQTTConnectClient.o [1]
MQTTSerialize_connectLength
                        0x080406b1     0x8c  Code  Gb  MQTTConnectClient.o [1]
MQTTSerialize_pingreq   0x080409a5     0x12  Code  Gb  MQTTConnectClient.o [1]
MQTTSerialize_publish   0x08040f65     0xc4  Code  Gb  MQTTSerializePublish.o [1]
MQTTSerialize_publishLength
                        0x08040f41     0x24  Code  Gb  MQTTSerializePublish.o [1]
MQTTSerialize_subscribe
                        0x08040d1f     0xc4  Code  Gb  MQTTSubscribeClient.o [1]
MQTTSerialize_subscribeLength
                        0x08040cf5     0x2a  Code  Gb  MQTTSubscribeClient.o [1]
MQTTSerialize_zero      0x08040933     0x54  Code  Gb  MQTTConnectClient.o [1]
MQTT_Connect            0x0803bbeb     0xae  Code  Gb  pub0sub1.o [1]
MQTT_GetConnected       0x0803befb     0x1e  Code  Gb  pub0sub1.o [1]
MQTT_Init               0x0803bbbf     0x2c  Code  Gb  pub0sub1.o [1]
MQTT_Package_Publish    0x0803bde7     0x50  Code  Gb  pub0sub1.o [1]
MQTT_Publish            0x0803be83     0x78  Code  Gb  pub0sub1.o [1]
MQTT_RB_Read            0x0803b999     0x7e  Code  Gb  esp8266_handler.o [1]
MQTT_Read               0x0803bd2d     0xba  Code  Gb  pub0sub1.o [1]
MQTT_Subscribe          0x0803bc99     0x94  Code  Gb  pub0sub1.o [1]
MQTT_TOPIC              0x2001e910     0x40  Data  Gb  pub0sub1.o [1]
MQTTstrlen              0x08040c11     0x20  Code  Gb  MQTTPacket.o [1]
MSCErrorCount           0x2001ed8c      0x1  Data  Gb  usbh_msc_core.o [1]
MSC_Machine             0x2001e780     0x4c  Data  Gb  usbh_msc_core.o [1]
MSG_DEV_ATTACHED        0x08048f5c     0x18  Data  Gb  usbh_usr.o [1]
MSG_DEV_DISCONNECTED    0x08048f74     0x18  Data  Gb  usbh_usr.o [1]
MSG_DEV_ENUMERATED      0x08048c84     0x1c  Data  Gb  usbh_usr.o [1]
MSG_DEV_ERROR           0x08049190     0x14  Data  Gb  usbh_usr.o [1]
MSG_DEV_FULLSPEED       0x08048a4c     0x20  Data  Gb  usbh_usr.o [1]
MSG_DEV_HIGHSPEED       0x08048a2c     0x20  Data  Gb  usbh_usr.o [1]
MSG_DEV_LOWSPEED        0x08048a6c     0x20  Data  Gb  usbh_usr.o [1]
MSG_HID_CLASS           0x08048ca0     0x1c  Data  Gb  usbh_usr.o [1]
MSG_MSC_CLASS           0x08048870     0x24  Data  Gb  usbh_usr.o [1]
MSG_UNREC_ERROR         0x08048cbc     0x1c  Data  Gb  usbh_usr.o [1]
MemManage_Handler       0x08048401      0x2  Code  Gb  stm32f4xx_it.o [1]
MotorProcess            0x2001e8d0     0x40  Data  Gb  page_weimi.o [1]
MqttHandle              0x0803bf19      0xe  Code  Gb  pub0sub1.o [1]
Mqtt_status_step        0x2001ed88      0x1  Data  Gb  pub0sub1.o [1]
NMI_Handler             0x080483d1      0x2  Code  Gb  stm32f4xx_it.o [1]
NVIC_Init               0x080404b3     0x6a  Code  Gb  misc.o [1]
NVIC_PriorityGroupConfig
                        0x080404a9      0xa  Code  Gb  misc.o [1]
OTG_FS_IRQHandler       0x08049465     0x10  Code  Gb  usbh_it.o [1]
PeiliaoMQTTPackage      0x08033f6d     0x7e  Code  Gb  product_cal.o [1]
PendSV_Handler          0x0804103d           Code  Gb  portasm.o [1]
RCA                     0x2001ec8c      0x4  Data  Lc  bsp_sdio_sd.o [1]
RCC_AHB1PeriphClockCmd  0x0803cd23     0x22  Code  Gb  stm32f4xx_rcc.o [1]
[...]
main                    0x080484c9     0x30  Code  Gb  main.o [1]
mallco_dev              0x200001d4     0x1c  Data  Gb  malloc.o [1]
max_seg                 0x2001ed80      0x1  Data  Gb  page_weimi.o [1]
mb_init                 0x0803ab31     0x30  Code  Gb  modbus.o [1]
mb_packsend_frame       0x0803aa3f     0xf2  Code  Gb  modbus.o [1]
mb_unpack_frame         0x0803a8fd    0x142  Code  Gb  modbus.o [1]
mc_check_crc16          0x0804031d     0x40  Code  Gb  mcheck.o [1]
mc_check_crc8           0x080402f9     0x24  Code  Gb  mcheck.o [1]
mc_check_sum            0x080402b1     0x2e  Code  Gb  mcheck.o [1]
mc_check_xor            0x080402df     0x1a  Code  Gb  mcheck.o [1]
mem1base                0x20010634   0xa000  Data  Gb  malloc.o [1]
mem1mapbase             0x2001b634    0xa00  Data  Gb  malloc.o [1]
mem2base                0x68000000  0xf0000  Data  Gb  malloc.o [1]
mem2mapbase             0x680f0000   0xf000  Data  Gb  malloc.o [1]
mem_cmp                 0x08038297     0x24  Code  Lc  ff.o [1]
mem_cpy                 0x08038265     0x1c  Code  Lc  ff.o [1]
mem_set                 0x08038281     0x16  Code  Lc  ff.o [1]
memblksize              0x080497b8      0x8  Data  Gb  malloc.o [1]
memchr                  0x080413c5           Code  Gb  memchr.o [5]
memsize                 0x080497c0      0x8  Data  Gb  malloc.o [1]
memtblsize              0x080497b0      0x8  Data  Gb  malloc.o [1]
modbus_send_frame       0x0803ab61     0xe6  Code  Gb  modbus.o [1]
move_window             0x08038559     0x40  Code  Lc  ff.o [1]
mqttSubscribeData       0x2001cf74    0x3e8  Data  Gb  esp8266_handler.o [1]
mqtt_status             0x2001ec10      0x8  Data  Gb  pub0sub1.o [1]
my_mem_free             0x0803541b     0x6c  Code  Gb  malloc.o [1]
my_mem_init             0x080352df     0x42  Code  Gb  malloc.o [1]
my_mem_malloc           0x0803535f     0xbc  Code  Gb  malloc.o [1]
my_mem_perused          0x08035321     0x3e  Code  Gb  malloc.o [1]
myfree                  0x08035487     0x24  Code  Gb  malloc.o [1]
mymalloc                0x080354ab     0x2a  Code  Gb  malloc.o [1]
mymemset                0x080352c9     0x16  Code  Gb  malloc.o [1]
ndigs                   0x08045454     0x28  Data  Lc  xstoull.o [3]
netDeviceInfo_t         0x2001e650     0x68  Data  Gb  esp8266_handler.o [1]
net_device_send_cmd     0x0803b765     0x4e  Code  Gb  esp8266_handler.o [1]
obuf                    0x2001e880     0x50  Data  Lc  xfiles.o [3]
oem2uni                 0x0801560c  0x15484  Data  Lc  cc936.o [1]
old_card_record         0x2001ed6e      0x1  Data  Gb  apptask.o [1]
old_isWork              0x2001ed6a      0x1  Data  Gb  apptask.o [1]
old_is_stop             0x20000230      0x1  Data  Gb  page_weimi.o [1]
old_plan_complete       0x2001ed85      0x1  Data  Gb  product_cal.o [1]
old_system_state        0x2000022e      0x1  Data  Gb  apptask.o [1]
old_usb_disk_flag       0x2001ed6c      0x1  Data  Gb  apptask.o [1]
old_wifi_flag           0x2001ed7b      0x1  Data  Gb  esp8266_handler.o [1]
para_init               0x08036199     0x80  Code  Gb  para.o [1]
pcInterruptPriorityRegisters
                        0x080498c4      0x4  Data  Lc  port.o [1]
peiliao_para            0x2001e984     0x30  Data  Gb  product_cal.o [1]
pick_lfn                0x08038dab     0x8c  Code  Lc  ff.o [1]
plan_complete           0x2001ed84      0x1  Data  Gb  product_cal.o [1]
pluse_count             0x2001ed4e      0x2  Data  Gb  apptask.o [1]
pluse_step_src          0x2001eba4      0xc  Data  Gb  apptask.o [1]
pows                    0x08045c58     0x48  Data  Lc  xdtento.o [4]
printf                  0x080351e1     0x24  Code  Gb  printf.o [3]
product_complete_kilo   0x08033b6f     0x74  Code  Gb  product_cal.o [1]
product_complete_meter  0x08033b53     0x1c  Code  Gb  product_cal.o [1]
product_para            0x2001e9b4     0x28  Data  Gb  product_cal.o [1]
product_per_meter       0x08033acd     0x74  Code  Gb  product_cal.o [1]
prvAddCurrentTaskToDelayedList
                        0x08034c71     0x48  Code  Lc  tasks.o [1]
prvAllocateTCBAndStack  0x08034cb9     0x5a  Code  Lc  tasks.o [1]
prvCheckForValidListAndQueue
                        0x0803c643     0x52  Code  Lc  timers.o [1]
prvCheckTasksWaitingTermination
                        0x08034c07     0x66  Code  Lc  tasks.o [1]
prvCopyDataFromQueue    0x08032391     0x30  Code  Lc  queue.o [1]
prvCopyDataToQueue      0x0803230d     0x84  Code  Lc  queue.o [1]
prvDeleteTCB            0x08034d13     0x12  Code  Lc  tasks.o [1]
prvGetNextExpireTime    0x0803c42f     0x2e  Code  Lc  timers.o [1]
prvHeapInit             0x0803cb31     0x6e  Code  Lc  heap_4.o [1]
prvIdleTask             0x08034b21     0x26  Code  Lc  tasks.o [1]
prvInitialiseTCBVariables
                        0x08034b47     0x6a  Code  Lc  tasks.o [1]
prvInitialiseTaskLists  0x08034bb1     0x56  Code  Lc  tasks.o [1]
prvInsertBlockIntoFreeList
                        0x0803cb9f     0x62  Code  Lc  heap_4.o [1]
prvInsertTimerInActiveList
                        0x0803c485     0x50  Code  Lc  timers.o [1]
prvIsQueueEmpty         0x0803242b     0x20  Code  Lc  queue.o [1]
prvIsQueueFull          0x0803244b     0x22  Code  Lc  queue.o [1]
prvProcessExpiredTimer  0x0803c347     0x5c  Code  Lc  timers.o [1]
prvProcessReceivedCommands
                        0x0803c4d5     0xde  Code  Lc  timers.o [1]
prvProcessTimerOrBlockTask
                        0x0803c3bf     0x70  Code  Lc  timers.o [1]
prvResetNextTaskUnblockTime
                        0x08034d25     0x26  Code  Lc  tasks.o [1]
prvSampleTimeNow        0x0803c45d     0x28  Code  Lc  timers.o [1]
prvSwitchTimerLists     0x0803c5b3     0x90  Code  Lc  timers.o [1]
prvTaskExitError        0x0803c6e1     0x2a  Code  Lc  port.o [1]
prvTestWaitCondition    0x0803c1eb     0x24  Code  Lc  event_groups.o [1]
prvTimerTask            0x0803c3a5     0x1a  Code  Lc  timers.o [1]
prvUnlockQueue          0x080323c1     0x6a  Code  Lc  queue.o [1]
pub_topicString         0x2001ebec      0xc  Data  Gb  pub0sub1.o [1]
put_fat                 0x080387a7    0x16c  Code  Gb  ff.o [1]
putchar                 0x08048fa5      0xc  Code  Gb  putchar.o [3]
pvPortMalloc            0x0803c9a1    0x118  Code  Gb  heap_4.o [1]
pxCurrentTCB            0x2001ece8      0x4  Data  Gb  tasks.o [1]
pxCurrentTimerList      0x2001ed2c      0x4  Data  Lc  timers.o [1]
pxDelayedTaskList       0x2001ecec      0x4  Data  Lc  tasks.o [1]
pxEnd                   0x2001ecb8      0x4  Data  Lc  heap_4.o [1]
pxOverflowDelayedTaskList
                        0x2001ecf0      0x4  Data  Lc  tasks.o [1]
pxOverflowTimerList     0x2001ed30      0x4  Data  Lc  timers.o [1]
pxPortInitialiseStack   0x0803c6bd     0x24  Code  Gb  port.o [1]
pxReadyTasksLists       0x2001e12c    0x140  Data  Lc  tasks.o [1]
rc522_cmd_anticoll      0x0803a8a1     0x5a  Code  Gb  rc522.o [1]
rc522_cmd_request       0x0803a84d     0x54  Code  Gb  rc522.o [1]
readChar                0x08040b1f     0x10  Code  Gb  MQTTPacket.o [1]
readDisk                0x2001ed71      0x1  Data  Gb  apptask.o [1]
readFilenum             0x2001ed72      0x1  Data  Gb  apptask.o [1]
readInt                 0x08040b03     0x1c  Code  Gb  MQTTPacket.o [1]
readMQTTLenString       0x08040bd5     0x3c  Code  Gb  MQTTPacket.o [1]
readSlave               0x2001eb98      0xc  Data  Gb  apptask.o [1]
read_device_info        0x08035c45    0x2f4  Code  Gb  para.o [1]
read_file_select        0x2001ebe0      0xc  Data  Gb  protocol.o [1]
read_from_disk          0x0803624d    0xd04  Code  Gb  para.o [1]
remove_chain            0x08038913     0x76  Code  Lc  ff.o [1]
rfid_rev_buf            0x2001ea9c     0x14  Data  Gb  rc522.o [1]
rfid_rev_cnt            0x2001ed8a      0x1  Data  Gb  rc522.o [1]
rfid_rev_flag           0x2001ed89      0x1  Data  Gb  rc522.o [1]
rtc_time                0x2001ec08      0x8  Data  Gb  protocol.o [1]
s_TIM_CallBack1         0x2001ec9c      0x4  Data  Lc  bsp_timer.o [1]
s_TIM_CallBack2         0x2001eca0      0x4  Data  Lc  bsp_timer.o [1]
s_TIM_CallBack3         0x2001eca4      0x4  Data  Lc  bsp_timer.o [1]
s_TIM_CallBack4         0x2001eca8      0x4  Data  Lc  bsp_timer.o [1]
sample_time             0x2001ed4c      0x2  Data  Gb  apptask.o [1]
sdew_weimi_page1        0x080332e1    0x28a  Code  Gb  bsp_sdwe050c17.o [1]
sdew_weimi_page2        0x0803357d    0x1e6  Code  Gb  bsp_sdwe050c17.o [1]
sdew_weisha_page1       0x08033763    0x100  Code  Gb  bsp_sdwe050c17.o [1]
sdew_weisha_page2       0x0803386d    0x100  Code  Gb  bsp_sdwe050c17.o [1]
servo_diff              0x2001ec7c      0x4  Data  Gb  apptask.o [1]
servo_per_wei_src       0x2001ec78      0x4  Data  Gb  apptask.o [1]
servo_speed_diff        0x2001ec80      0x4  Data  Gb  apptask.o [1]
servomotor_guodu        0x2001ed7d      0x1  Data  Gb  page_weimi.o [1]
servomotor_mode         0x2001ed7e      0x1  Data  Gb  page_weimi.o [1]
slave_info              0x2001eb8c      0xc  Data  Gb  apptask.o [1]
snprintf                0x0804066d     0x44  Code  Gb  snprintf.o [3]
speed_diff              0x2001ebb0      0xc  Data  Gb  apptask.o [1]
speed_zhu               0x2001ed5e      0x2  Data  Gb  page_weimi.o [1]
speed_zhu1              0x2001ed60      0x2  Data  Gb  page_weimi.o [1]
sprintf                 0x0803a6fd     0x34  Code  Gb  sprintf.o [3]
sscanf                  0x0803ea25     0x24  Code  Gb  sscanf.o [3]
st_clust                0x08038cdd     0x18  Code  Lc  ff.o [1]
stepmotor_guodu         0x2001eccc      0x4  Data  Gb  page_weimi.o [1]
strcat                  0x0803a731     0x1c  Code  Gb  strcat.o [3]
strchr                  0x080413ad           Code  Gb  strchr.o [5]
strlen                  0x08035ae1           Code  Gb  strlen.o [5]
strstr                  0x0803acd1     0x10  Code  Gb  para.o [1]
sum_sfn                 0x08038fb1     0x20  Code  Lc  ff.o [1]
symbol                  0x2001ec74      0x4  Data  Gb  apptask.o [1]
symbol_servo            0x2001ed73      0x1  Data  Gb  apptask.o [1]
sync_fs                 0x08038599     0xd8  Code  Lc  ff.o [1]
sync_window             0x080384ff     0x5a  Code  Lc  ff.o [1]
system_state_dis        0x08047b5c    0x190  Data  Gb  product_cal.o [1]
toStop                  0x2001ece0      0x4  Data  Gb  pub0sub1.o [1]
tolower                 0x080457b1     0x14  Code  Gb  tolower.o [3]
total_meter_gross       0x2001ecd8      0x4  Data  Gb  product_cal.o [1]
total_weight_gross      0x2001ecdc      0x4  Data  Gb  product_cal.o [1]
transport_close         0x08040a09     0x12  Code  Gb  transport.o [1]
transport_getdata       0x080409f5     0x14  Code  Gb  transport.o [1]
transport_sendPacketBuffer
                        0x080409b9     0x3c  Code  Gb  transport.o [1]
ucHeap                  0x20000234  0x10400  Data  Lc  heap_4.o [1]
ucMaxSysCallPriority    0x2001ed83      0x1  Data  Lc  port.o [1]
ulHighFrequencyTimerTicks
                        0x2001ece4      0x4  Data  Gb  SysInfoTest.o [1]
ulMaxPRIGROUPValue      0x2001ecd4      0x4  Data  Lc  port.o [1]
ulTaskSwitchedInTime    0x2001ed20      0x4  Data  Lc  tasks.o [1]
ulTotalRunTime          0x2001ed24      0x4  Data  Lc  tasks.o [1]
uni2oem                 0x08000188  0x15484  Data  Lc  cc936.o [1]
usb_disk_flag           0x2001ed6b      0x1  Data  Gb  apptask.o [1]
usbh_OpenMassStorage    0x08037961     0x14  Code  Gb  usbh_usr.o [1]
uxCriticalNesting       0x2000021c      0x4  Data  Lc  port.o [1]
uxCurrentNumberOfTasks  0x2001ecf8      0x4  Data  Lc  tasks.o [1]
uxListRemove            0x0803c979     0x28  Code  Gb  list.o [1]
uxPendedTicks           0x2001ed08      0x4  Data  Lc  tasks.o [1]
uxSchedulerSuspended    0x2001ed1c      0x4  Data  Lc  tasks.o [1]
uxTaskNumber            0x2001ed14      0x4  Data  Lc  tasks.o [1]
uxTaskResetEventItemValue
                        0x08034d85     0x20  Code  Gb  tasks.o [1]
uxTasksDeleted          0x2001ecf4      0x4  Data  Lc  tasks.o [1]
uxTopReadyPriority      0x2001ed00      0x4  Data  Lc  tasks.o [1]
vAnalysisUartData       0x08030fe5     0xca  Code  Gb  apptask.o [1]
vEsp8266_Main_Task      0x08030c71    0x226  Code  Gb  apptask.o [1]
vListInitialise         0x0803c909     0x1e  Code  Gb  list.o [1]
vListInsert             0x0803c93f     0x3a  Code  Gb  list.o [1]
vListInsertEnd          0x0803c927     0x18  Code  Gb  list.o [1]
vMQTT_Handler_Task      0x08030ea9    0x138  Code  Gb  apptask.o [1]
vMQTT_Recive_Task       0x080310af     0x7e  Code  Gb  apptask.o [1]
vMQTT_Tranmit_Task      0x08031131     0xd0  Code  Gb  apptask.o [1]
vPortEnableVFP          0x080410c9           Code  Gb  portasm.o [1]
vPortEnterCritical      0x0803c7d7     0x3a  Code  Gb  port.o [1]
vPortExitCritical       0x0803c811     0x32  Code  Gb  port.o [1]
vPortFree               0x0803cab9     0x78  Code  Gb  heap_4.o [1]
vPortSetupTimerInterrupt
                        0x0803c86f      0xe  Code  Wk  port.o [1]
vPortStartFirstTask     0x080410b1           Code  Gb  portasm.o [1]
vPortValidateInterruptPriority
                        0x0803c87d     0x4e  Code  Gb  port.o [1]
vQueueWaitForMessageRestricted
                        0x0803246d     0x44  Code  Gb  queue.o [1]
vTaskDelay              0x0803437d     0x84  Code  Gb  tasks.o [1]
vTaskDelayUntil         0x0803429d     0xe0  Code  Gb  tasks.o [1]
vTaskFreq               0x08030645    0x61e  Code  Lc  apptask.o [1]
vTaskManageCapacity     0x0802ef59    0x518  Code  Gb  apptask.o [1]
vTaskMassStorage        0x0802dcad    0x5ae  Code  Lc  apptask.o [1]
vTaskMissedYield        0x08034b17      0xa  Code  Gb  tasks.o [1]
vTaskMotorControl       0x0802f529   0x1102  Code  Lc  apptask.o [1]
vTaskMsgPro             0x0802e711    0x434  Code  Lc  apptask.o [1]
vTaskPlaceOnEventList   0x0803477d     0x74  Code  Gb  tasks.o [1]
vTaskPlaceOnEventListRestricted
                        0x080348b5     0x80  Code  Gb  tasks.o [1]
vTaskPlaceOnUnorderedEventList
                        0x0803480d     0xa8  Code  Gb  tasks.o [1]
vTaskReadDisk           0x0802ec9d    0x272  Code  Lc  apptask.o [1]
vTaskRev485             0x0802eb7d     0xd6  Code  Lc  apptask.o [1]
vTaskSetTimeOutState    0x08034a61     0x26  Code  Gb  tasks.o [1]
vTaskStartScheduler     0x08034401     0x7e  Code  Gb  tasks.o [1]
vTaskSuspendAll         0x0803447f     0x10  Code  Gb  tasks.o [1]
vTaskSwitchContext      0x080346cd     0xb0  Code  Gb  tasks.o [1]
vTaskTaskADC            0x0802e2a9     0x16  Code  Lc  apptask.o [1]
vTaskTaskLCD            0x0802aa91   0x31dc  Code  Gb  apptask.o [1]
vTaskTaskLED            0x0802e289     0x20  Code  Lc  apptask.o [1]
vTaskTaskRFID           0x0802e2bf    0x3f6  Code  Lc  apptask.o [1]
valid_seg               0x2001ecd0      0x4  Data  Gb  page_weimi.o [1]
validate                0x08039d57     0x36  Code  Lc  ff.o [1]
weimi_para              0x2001e26c    0x12c  Data  Gb  page_weimi.o [1]
wifi_flag               0x2001ed7a      0x1  Data  Gb  esp8266_handler.o [1]
work_idle_time          0x2001ed62      0x2  Data  Gb  product_cal.o [1]
writeCString            0x08040b65     0x2a  Code  Gb  MQTTPacket.o [1]
writeChar               0x08040b2f      0xc  Code  Gb  MQTTPacket.o [1]
writeInt                0x08040b3b     0x2a  Code  Gb  MQTTPacket.o [1]
writeMQTTString         0x08040b8f     0x46  Code  Gb  MQTTPacket.o [1]
xActiveTimerList1       0x2001eb14     0x14  Data  Lc  timers.o [1]
xActiveTimerList2       0x2001eb28     0x14  Data  Lc  timers.o [1]
xBlockAllocatedBit      0x2001ecc4      0x4  Data  Lc  heap_4.o [1]
xDelayedTaskList1       0x2001eab0     0x14  Data  Lc  tasks.o [1]
xDelayedTaskList2       0x2001eac4     0x14  Data  Lc  tasks.o [1]
xEventGroupCreate       0x0803bfad     0x1c  Code  Gb  event_groups.o [1]
xEventGroupSetBits      0x0803c115     0xd6  Code  Gb  event_groups.o [1]
xEventGroupWaitBits     0x0803bfc9    0x146  Code  Gb  event_groups.o [1]
xFreeBytesRemaining     0x2001ecbc      0x4  Data  Lc  heap_4.o [1]
xHandleTaskADC          0x2001ec1c      0x4  Data  Gb  apptask.o [1]
xHandleTaskFreq         0x2001ec40      0x4  Data  Gb  apptask.o [1]
xHandleTaskLCD          0x2001ec18      0x4  Data  Gb  apptask.o [1]
xHandleTaskLED          0x2001ec20      0x4  Data  Gb  apptask.o [1]
xHandleTaskManageCapacity
                        0x2001ec38      0x4  Data  Gb  apptask.o [1]
xHandleTaskMassStorage  0x2001ec28      0x4  Data  Gb  apptask.o [1]
xHandleTaskMotorControl
                        0x2001ec3c      0x4  Data  Gb  apptask.o [1]
xHandleTaskMsgPro       0x2001ec30      0x4  Data  Gb  apptask.o [1]
xHandleTaskRFID         0x2001ec24      0x4  Data  Gb  apptask.o [1]
xHandleTaskReadDisk     0x2001ec2c      0x4  Data  Gb  apptask.o [1]
xHandleTaskRev485       0x2001ec34      0x4  Data  Gb  apptask.o [1]
xHeapStructSize         0x08049898      0x4  Data  Lc  heap_4.o [1]
xMinimumEverFreeBytesRemaining
                        0x2001ecc0      0x4  Data  Lc  heap_4.o [1]
xNextTaskUnblockTime    0x2001ed18      0x4  Data  Lc  tasks.o [1]
xNumOfOverflows         0x2001ed10      0x4  Data  Lc  tasks.o [1]
xPendingReadyList       0x2001ead8     0x14  Data  Lc  tasks.o [1]
xPortStartScheduler     0x0803c70b     0xcc  Code  Gb  port.o [1]
xQueueGenericCreate     0x08031d79     0x7e  Code  Gb  queue.o [1]
xQueueGenericReceive    0x0803216d    0x19c  Code  Gb  queue.o [1]
xQueueGenericReset      0x08031ce9     0x90  Code  Gb  queue.o [1]
xQueueGenericSend       0x08031df7    0x1b2  Code  Gb  queue.o [1]
xQueueGenericSendFromISR
                        0x08031fa9     0xec  Code  Gb  queue.o [1]
xQueueGiveFromISR       0x08032095     0xd8  Code  Gb  queue.o [1]
xQueue_MQTT_Recv        0x2001ec64      0x4  Data  Gb  apptask.o [1]
xQueue_MQTT_Transmit    0x2001ec68      0x4  Data  Gb  apptask.o [1]
xQueue_esp8266_Cmd      0x2001ec6c      0x4  Data  Gb  apptask.o [1]
xQueue_message          0x2001ec70      0x4  Data  Gb  apptask.o [1]
xSchedulerRunning       0x2001ed04      0x4  Data  Lc  tasks.o [1]
xSemaphore_download     0x2001ec54      0x4  Data  Gb  apptask.o [1]
xSemaphore_encoder      0x2001ec50      0x4  Data  Gb  apptask.o [1]
xSemaphore_lcd          0x2001ec44      0x4  Data  Gb  apptask.o [1]
xSemaphore_pluse        0x2001ec4c      0x4  Data  Gb  apptask.o [1]
xSemaphore_readDisk     0x2001ec58      0x4  Data  Gb  apptask.o [1]
xSemaphore_rs485        0x2001ec48      0x4  Data  Gb  apptask.o [1]
xStart                  0x2001ebf8      0x8  Data  Lc  heap_4.o [1]
xSuspendedTaskList      0x2001eb00     0x14  Data  Lc  tasks.o [1]
xTaskCheckForTimeOut    0x08034a8d     0x8a  Code  Gb  tasks.o [1]
xTaskGenericCreate      0x08034119    0x184  Code  Gb  tasks.o [1]
xTaskGetSchedulerState  0x08034d4b     0x26  Code  Gb  tasks.o [1]
xTaskGetTickCount       0x0803458f      0xa  Code  Gb  tasks.o [1]
xTaskIncrementTick      0x08034599    0x134  Code  Gb  tasks.o [1]
xTaskRemoveFromEventList
                        0x08034939     0x8e  Code  Gb  tasks.o [1]
xTaskRemoveFromUnorderedEventList
                        0x080349cd     0x94  Code  Gb  tasks.o [1]
xTaskResumeAll          0x0803448f    0x100  Code  Gb  tasks.o [1]
xTasksWaitingTermination
                        0x2001eaec     0x14  Data  Lc  tasks.o [1]
xTickCount              0x2001ecfc      0x4  Data  Lc  tasks.o [1]
xTimerCreate            0x0803c261     0x62  Code  Gb  timers.o [1]
xTimerCreateTimerTask   0x0803c211     0x50  Code  Gb  timers.o [1]
xTimerGenericCommand    0x0803c2c3     0x84  Code  Gb  timers.o [1]
xTimerQueue             0x2001ed34      0x4  Data  Lc  timers.o [1]
xTimerUser              0x2001ec60      0x4  Data  Gb  apptask.o [1]
xYieldPending           0x2001ed0c      0x4  Data  Lc  tasks.o [1]


[1] = E:\work\YarnControl_Driver\src\stm32f4_rtos\Project\EWARMv7\Flash\Obj
[2] = command line
[3] = dl7M_tlf.a
[4] = m7M_tls.a
[5] = rt7M_tl.a
[6] = shb_l.a

  117 846 bytes of readonly  code memory
  183 970 bytes of readonly  data memory
  128 912 bytes of readwrite data memory (+ 1 044 480 absolute)

Errors: none
Warnings: none
