###############################################################################
#
# IAR ELF Linker V7.40.7.9843/W32 for ARM                 12/Jan/2019  17:54:14
# Copyright 2007-2015 IAR Systems AB.
#
#    Output file  =  
#        E:\WORK\YarnControl_Driver\YarnControl_Driver\src\stm32f4_rtos\Project\EWARMv7\Flash\Exe\project.out
#    Map file     =  
#        E:\WORK\YarnControl_Driver\YarnControl_Driver\src\stm32f4_rtos\Project\EWARMv7\Flash\List\project.map
#    Command line =  
#        E:\WORK\YarnControl_Driver\YarnControl_Driver\src\stm32f4_rtos\Project\EWARMv7\Flash\Obj\apptask.o
#        E:\WORK\YarnControl_Driver\YarnControl_Driver\src\stm32f4_rtos\Project\EWARMv7\Flash\Obj\bsp.o
#        E:\WORK\YarnControl_Driver\YarnControl_Driver\src\stm32f4_rtos\Project\EWARMv7\Flash\Obj\bsp_closeSW.o
#        E:\WORK\YarnControl_Driver\YarnControl_Driver\src\stm32f4_rtos\Project\EWARMv7\Flash\Obj\bsp_dwt.o
#        E:\WORK\YarnControl_Driver\YarnControl_Driver\src\stm32f4_rtos\Project\EWARMv7\Flash\Obj\bsp_led.o
#        E:\WORK\YarnControl_Driver\YarnControl_Driver\src\stm32f4_rtos\Project\EWARMv7\Flash\Obj\bsp_relay.o
#        E:\WORK\YarnControl_Driver\YarnControl_Driver\src\stm32f4_rtos\Project\EWARMv7\Flash\Obj\bsp_sdio_sd.o
#        E:\WORK\YarnControl_Driver\YarnControl_Driver\src\stm32f4_rtos\Project\EWARMv7\Flash\Obj\bsp_sdwe050c17.o
#        E:\WORK\YarnControl_Driver\YarnControl_Driver\src\stm32f4_rtos\Project\EWARMv7\Flash\Obj\bsp_servomotor.o
#        E:\WORK\YarnControl_Driver\YarnControl_Driver\src\stm32f4_rtos\Project\EWARMv7\Flash\Obj\bsp_spi.o
#        E:\WORK\YarnControl_Driver\YarnControl_Driver\src\stm32f4_rtos\Project\EWARMv7\Flash\Obj\bsp_stepmotor.o
#        E:\WORK\YarnControl_Driver\YarnControl_Driver\src\stm32f4_rtos\Project\EWARMv7\Flash\Obj\bsp_sw_onoff.o
#        E:\WORK\YarnControl_Driver\YarnControl_Driver\src\stm32f4_rtos\Project\EWARMv7\Flash\Obj\bsp_tim_pwm.o
#        E:\WORK\YarnControl_Driver\YarnControl_Driver\src\stm32f4_rtos\Project\EWARMv7\Flash\Obj\bsp_timer.o
#        E:\WORK\YarnControl_Driver\YarnControl_Driver\src\stm32f4_rtos\Project\EWARMv7\Flash\Obj\bsp_uart_fifo.o
#        E:\WORK\YarnControl_Driver\YarnControl_Driver\src\stm32f4_rtos\Project\EWARMv7\Flash\Obj\bsp_w25qxx.o
#        E:\WORK\YarnControl_Driver\YarnControl_Driver\src\stm32f4_rtos\Project\EWARMv7\Flash\Obj\bsp_watchdog.o
#        E:\WORK\YarnControl_Driver\YarnControl_Driver\src\stm32f4_rtos\Project\EWARMv7\Flash\Obj\cc936.o
#        E:\WORK\YarnControl_Driver\YarnControl_Driver\src\stm32f4_rtos\Project\EWARMv7\Flash\Obj\croutine.o
#        E:\WORK\YarnControl_Driver\YarnControl_Driver\src\stm32f4_rtos\Project\EWARMv7\Flash\Obj\demo_fatfs.o
#        E:\WORK\YarnControl_Driver\YarnControl_Driver\src\stm32f4_rtos\Project\EWARMv7\Flash\Obj\diskio.o
#        E:\WORK\YarnControl_Driver\YarnControl_Driver\src\stm32f4_rtos\Project\EWARMv7\Flash\Obj\event_groups.o
#        E:\WORK\YarnControl_Driver\YarnControl_Driver\src\stm32f4_rtos\Project\EWARMv7\Flash\Obj\ff.o
#        E:\WORK\YarnControl_Driver\YarnControl_Driver\src\stm32f4_rtos\Project\EWARMv7\Flash\Obj\heap_4.o
#        E:\WORK\YarnControl_Driver\YarnControl_Driver\src\stm32f4_rtos\Project\EWARMv7\Flash\Obj\list.o
#        E:\WORK\YarnControl_Driver\YarnControl_Driver\src\stm32f4_rtos\Project\EWARMv7\Flash\Obj\main.o
#        E:\WORK\YarnControl_Driver\YarnControl_Driver\src\stm32f4_rtos\Project\EWARMv7\Flash\Obj\malloc.o
#        E:\WORK\YarnControl_Driver\YarnControl_Driver\src\stm32f4_rtos\Project\EWARMv7\Flash\Obj\mcheck.o
#        E:\WORK\YarnControl_Driver\YarnControl_Driver\src\stm32f4_rtos\Project\EWARMv7\Flash\Obj\misc.o
#        E:\WORK\YarnControl_Driver\YarnControl_Driver\src\stm32f4_rtos\Project\EWARMv7\Flash\Obj\modbus.o
#        E:\WORK\YarnControl_Driver\YarnControl_Driver\src\stm32f4_rtos\Project\EWARMv7\Flash\Obj\para.o
#        E:\WORK\YarnControl_Driver\YarnControl_Driver\src\stm32f4_rtos\Project\EWARMv7\Flash\Obj\port.o
#        E:\WORK\YarnControl_Driver\YarnControl_Driver\src\stm32f4_rtos\Project\EWARMv7\Flash\Obj\portasm.o
#        E:\WORK\YarnControl_Driver\YarnControl_Driver\src\stm32f4_rtos\Project\EWARMv7\Flash\Obj\product_cal.o
#        E:\WORK\YarnControl_Driver\YarnControl_Driver\src\stm32f4_rtos\Project\EWARMv7\Flash\Obj\protocol.o
#        E:\WORK\YarnControl_Driver\YarnControl_Driver\src\stm32f4_rtos\Project\EWARMv7\Flash\Obj\queue.o
#        E:\WORK\YarnControl_Driver\YarnControl_Driver\src\stm32f4_rtos\Project\EWARMv7\Flash\Obj\rc522.o
#        E:\WORK\YarnControl_Driver\YarnControl_Driver\src\stm32f4_rtos\Project\EWARMv7\Flash\Obj\startup_stm32f40_41xxx.o
#        E:\WORK\YarnControl_Driver\YarnControl_Driver\src\stm32f4_rtos\Project\EWARMv7\Flash\Obj\stm32f4xx_adc.o
#        E:\WORK\YarnControl_Driver\YarnControl_Driver\src\stm32f4_rtos\Project\EWARMv7\Flash\Obj\stm32f4xx_assert.o
#        E:\WORK\YarnControl_Driver\YarnControl_Driver\src\stm32f4_rtos\Project\EWARMv7\Flash\Obj\stm32f4xx_can.o
#        E:\WORK\YarnControl_Driver\YarnControl_Driver\src\stm32f4_rtos\Project\EWARMv7\Flash\Obj\stm32f4xx_crc.o
#        E:\WORK\YarnControl_Driver\YarnControl_Driver\src\stm32f4_rtos\Project\EWARMv7\Flash\Obj\stm32f4xx_cryp.o
#        E:\WORK\YarnControl_Driver\YarnControl_Driver\src\stm32f4_rtos\Project\EWARMv7\Flash\Obj\stm32f4xx_cryp_aes.o
#        E:\WORK\YarnControl_Driver\YarnControl_Driver\src\stm32f4_rtos\Project\EWARMv7\Flash\Obj\stm32f4xx_cryp_des.o
#        E:\WORK\YarnControl_Driver\YarnControl_Driver\src\stm32f4_rtos\Project\EWARMv7\Flash\Obj\stm32f4xx_cryp_tdes.o
#        E:\WORK\YarnControl_Driver\YarnControl_Driver\src\stm32f4_rtos\Project\EWARMv7\Flash\Obj\stm32f4xx_dac.o
#        E:\WORK\YarnControl_Driver\YarnControl_Driver\src\stm32f4_rtos\Project\EWARMv7\Flash\Obj\stm32f4xx_dbgmcu.o
#        E:\WORK\YarnControl_Driver\YarnControl_Driver\src\stm32f4_rtos\Project\EWARMv7\Flash\Obj\stm32f4xx_dcmi.o
#        E:\WORK\YarnControl_Driver\YarnControl_Driver\src\stm32f4_rtos\Project\EWARMv7\Flash\Obj\stm32f4xx_dma.o
#        E:\WORK\YarnControl_Driver\YarnControl_Driver\src\stm32f4_rtos\Project\EWARMv7\Flash\Obj\stm32f4xx_dma2d.o
#        E:\WORK\YarnControl_Driver\YarnControl_Driver\src\stm32f4_rtos\Project\EWARMv7\Flash\Obj\stm32f4xx_exti.o
#        E:\WORK\YarnControl_Driver\YarnControl_Driver\src\stm32f4_rtos\Project\EWARMv7\Flash\Obj\stm32f4xx_flash.o
#        E:\WORK\YarnControl_Driver\YarnControl_Driver\src\stm32f4_rtos\Project\EWARMv7\Flash\Obj\stm32f4xx_fsmc.o
#        E:\WORK\YarnControl_Driver\YarnControl_Driver\src\stm32f4_rtos\Project\EWARMv7\Flash\Obj\stm32f4xx_gpio.o
#        E:\WORK\YarnControl_Driver\YarnControl_Driver\src\stm32f4_rtos\Project\EWARMv7\Flash\Obj\stm32f4xx_hash.o
#        E:\WORK\YarnControl_Driver\YarnControl_Driver\src\stm32f4_rtos\Project\EWARMv7\Flash\Obj\stm32f4xx_hash_md5.o
#        E:\WORK\YarnControl_Driver\YarnControl_Driver\src\stm32f4_rtos\Project\EWARMv7\Flash\Obj\stm32f4xx_hash_sha1.o
#        E:\WORK\YarnControl_Driver\YarnControl_Driver\src\stm32f4_rtos\Project\EWARMv7\Flash\Obj\stm32f4xx_i2c.o
#        E:\WORK\YarnControl_Driver\YarnControl_Driver\src\stm32f4_rtos\Project\EWARMv7\Flash\Obj\stm32f4xx_it.o
#        E:\WORK\YarnControl_Driver\YarnControl_Driver\src\stm32f4_rtos\Project\EWARMv7\Flash\Obj\stm32f4xx_iwdg.o
#        E:\WORK\YarnControl_Driver\YarnControl_Driver\src\stm32f4_rtos\Project\EWARMv7\Flash\Obj\stm32f4xx_ltdc.o
#        E:\WORK\YarnControl_Driver\YarnControl_Driver\src\stm32f4_rtos\Project\EWARMv7\Flash\Obj\stm32f4xx_pwr.o
#        E:\WORK\YarnControl_Driver\YarnControl_Driver\src\stm32f4_rtos\Project\EWARMv7\Flash\Obj\stm32f4xx_rcc.o
#        E:\WORK\YarnControl_Driver\YarnControl_Driver\src\stm32f4_rtos\Project\EWARMv7\Flash\Obj\stm32f4xx_rng.o
#        E:\WORK\YarnControl_Driver\YarnControl_Driver\src\stm32f4_rtos\Project\EWARMv7\Flash\Obj\stm32f4xx_rtc.o
#        E:\WORK\YarnControl_Driver\YarnControl_Driver\src\stm32f4_rtos\Project\EWARMv7\Flash\Obj\stm32f4xx_sai.o
#        E:\WORK\YarnControl_Driver\YarnControl_Driver\src\stm32f4_rtos\Project\EWARMv7\Flash\Obj\stm32f4xx_sdio.o
#        E:\WORK\YarnControl_Driver\YarnControl_Driver\src\stm32f4_rtos\Project\EWARMv7\Flash\Obj\stm32f4xx_spi.o
#        E:\WORK\YarnControl_Driver\YarnControl_Driver\src\stm32f4_rtos\Project\EWARMv7\Flash\Obj\stm32f4xx_syscfg.o
#        E:\WORK\YarnControl_Driver\YarnControl_Driver\src\stm32f4_rtos\Project\EWARMv7\Flash\Obj\stm32f4xx_tim.o
#        E:\WORK\YarnControl_Driver\YarnControl_Driver\src\stm32f4_rtos\Project\EWARMv7\Flash\Obj\stm32f4xx_usart.o
#        E:\WORK\YarnControl_Driver\YarnControl_Driver\src\stm32f4_rtos\Project\EWARMv7\Flash\Obj\stm32f4xx_wwdg.o
#        E:\WORK\YarnControl_Driver\YarnControl_Driver\src\stm32f4_rtos\Project\EWARMv7\Flash\Obj\SysInfoTest.o
#        E:\WORK\YarnControl_Driver\YarnControl_Driver\src\stm32f4_rtos\Project\EWARMv7\Flash\Obj\system_stm32f4xx.o
#        E:\WORK\YarnControl_Driver\YarnControl_Driver\src\stm32f4_rtos\Project\EWARMv7\Flash\Obj\tasks.o
#        E:\WORK\YarnControl_Driver\YarnControl_Driver\src\stm32f4_rtos\Project\EWARMv7\Flash\Obj\timers.o
#        E:\WORK\YarnControl_Driver\YarnControl_Driver\src\stm32f4_rtos\Project\EWARMv7\Flash\Obj\usb_bsp.o
#        E:\WORK\YarnControl_Driver\YarnControl_Driver\src\stm32f4_rtos\Project\EWARMv7\Flash\Obj\usb_core.o
#        E:\WORK\YarnControl_Driver\YarnControl_Driver\src\stm32f4_rtos\Project\EWARMv7\Flash\Obj\usb_hcd.o
#        E:\WORK\YarnControl_Driver\YarnControl_Driver\src\stm32f4_rtos\Project\EWARMv7\Flash\Obj\usb_hcd_int.o
#        E:\WORK\YarnControl_Driver\YarnControl_Driver\src\stm32f4_rtos\Project\EWARMv7\Flash\Obj\usbh_core.o
#        E:\WORK\YarnControl_Driver\YarnControl_Driver\src\stm32f4_rtos\Project\EWARMv7\Flash\Obj\usbh_hcs.o
#        E:\WORK\YarnControl_Driver\YarnControl_Driver\src\stm32f4_rtos\Project\EWARMv7\Flash\Obj\usbh_ioreq.o
#        E:\WORK\YarnControl_Driver\YarnControl_Driver\src\stm32f4_rtos\Project\EWARMv7\Flash\Obj\usbh_it.o
#        E:\WORK\YarnControl_Driver\YarnControl_Driver\src\stm32f4_rtos\Project\EWARMv7\Flash\Obj\usbh_msc_bot.o
#        E:\WORK\YarnControl_Driver\YarnControl_Driver\src\stm32f4_rtos\Project\EWARMv7\Flash\Obj\usbh_msc_core.o
#        E:\WORK\YarnControl_Driver\YarnControl_Driver\src\stm32f4_rtos\Project\EWARMv7\Flash\Obj\usbh_msc_scsi.o
#        E:\WORK\YarnControl_Driver\YarnControl_Driver\src\stm32f4_rtos\Project\EWARMv7\Flash\Obj\usbh_stdreq.o
#        E:\WORK\YarnControl_Driver\YarnControl_Driver\src\stm32f4_rtos\Project\EWARMv7\Flash\Obj\usbh_usr.o
#        -o
#        E:\WORK\YarnControl_Driver\YarnControl_Driver\src\stm32f4_rtos\Project\EWARMv7\Flash\Exe\project.out
#        --map
#        E:\WORK\YarnControl_Driver\YarnControl_Driver\src\stm32f4_rtos\Project\EWARMv7\Flash\List\project.map
#        --config
#        E:\WORK\YarnControl_Driver\YarnControl_Driver\src\stm32f4_rtos\Project\EWARMv7\stm32f4xx_flash.icf
#        --semihosting --entry __iar_program_start --inline --vfe
#
###############################################################################

*******************************************************************************
*** RUNTIME MODEL ATTRIBUTES
***

CppFlavor       = *
__SystemLibrary = DLib


*******************************************************************************
*** PLACEMENT SUMMARY
***

"A1":  place at 0x08000000 { ro section .intvec };
"P1":  place in [from 0x08000000 to 0x080fffff] { ro };
"P2":  place in [from 0x20000000 to 0x2001ffff] { rw, block CSTACK, block HEAP };

  Section             Kind        Address     Size  Object
  -------             ----        -------     ----  ------
"A1":                                        0x188
  .intvec             ro code  0x08000000    0x188  startup_stm32f40_41xxx.o [1]
                             - 0x08000188    0x188

"P1":                                      0x3f440
  .rodata             const    0x08000188  0x15484  cc936.o [1]
  .rodata             const    0x0801560c  0x15484  cc936.o [1]
  .text               ro code  0x0802aa90   0x34b8  apptask.o [1]
  .text               ro code  0x0802df48    0xc00  tasks.o [1]
  .text               ro code  0x0802eb48    0x7c8  queue.o [1]
  .text               ro code  0x0802f310    0xc84  bsp_sdwe050c17.o [1]
  .text               ro code  0x0802ff94    0x4e0  product_cal.o [1]
  .text               ro code  0x08030474     0x66  ABImemset.o [5]
  .text               ro code  0x080304da      0xa  xsprout.o [3]
  .text               ro code  0x080304e4    0x380  bsp_w25qxx.o [1]
  .text               ro code  0x08030864     0x76  ABImemcpy_unaligned.o [5]
  .text               ro code  0x080308dc     0x4e  FltToDbl.o [4]
  .text               ro code  0x0803092c     0x24  printf.o [3]
  .text               ro code  0x08030950     0x62  memcmp_unaligned.o [5]
  .text               ro code  0x080309b4     0x42  strcmp_unaligned.o [5]
  .text               ro code  0x080309f8    0x21c  malloc.o [1]
  .text               ro code  0x08030c14    0x2ec  stm32f4xx_tim.o [1]
  .text               ro code  0x08030f00    0x12c  stm32f4xx_gpio.o [1]
  .text               ro code  0x0803102c    0x1b6  usbh_usr.o [1]
  .text               ro code  0x080311e4    0x760  usbh_core.o [1]
  .text               ro code  0x08031944   0x2264  ff.o [1]
  .text               ro code  0x08033ba8     0x34  sprintf.o [3]
  .text               ro code  0x08033bdc    0x256  DblDiv.o [4]
  .text               ro code  0x08033e32     0x1c  strcat.o [3]
  .text               ro code  0x08033e50     0x36  strlen.o [5]
  .text               ro code  0x08033e88     0xc0  bsp_led.o [1]
  .text               ro code  0x08033f48     0xae  rc522.o [1]
  .text               ro code  0x08033ff8    0x354  modbus.o [1]
  .text               ro code  0x0803434c     0x68  bsp_sw_onoff.o [1]
  .text               ro code  0x080343b4     0x44  protocol.o [1]
  .text               ro code  0x080343f8     0x10  apptask.o [1]
  .text               ro code  0x08034408    0x262  event_groups.o [1]
  .text               ro code  0x0803466c    0x4a4  timers.o [1]
  .text               ro code  0x08034b10      0x8  bsp_watchdog.o [1]
  .text               ro code  0x08034b18    0x24c  port.o [1]
  .text               ro code  0x08034d64     0x98  list.o [1]
  .text               ro code  0x08034dfc    0x280  heap_4.o [1]
  .text               ro code  0x0803507c    0x1c4  stm32f4xx_rcc.o [1]
  .text               ro code  0x08035240    0xa64  bsp_uart_fifo.o [1]
  .text               ro code  0x08035ca4    0x204  bsp_timer.o [1]
  .text               ro code  0x08035ea8    0x124  bsp_spi.o [1]
  .text               ro code  0x08035fcc    0xd96  xprintffull_nomb.o [3]
  .text               ro code  0x08036d64    0x14c  usb_bsp.o [1]
  .text               ro code  0x08036eb0     0xd6  usb_hcd.o [1]
  .text               ro code  0x08036f86    0x1ba  usbh_hcs.o [1]
  .text               ro code  0x08037140    0x436  usbh_stdreq.o [1]
  .text               ro code  0x08037576    0x246  usbh_ioreq.o [1]
  .text               ro code  0x080377bc    0x2e4  diskio.o [1]
  .text               ro code  0x08037aa0     0xf4  cc936.o [1]
  .text               ro code  0x08037b94     0xb8  mcheck.o [1]
  .text               ro code  0x08037c4c     0x2c  strstr.o [3]
  .text               ro code  0x08037c78     0x10  stm32f4xx_iwdg.o [1]
  CODE                ro code  0x08037c88     0xa8  portasm.o [1]
  .text               ro code  0x08037d30    0x22e  stm32f4xx_usart.o [1]
  .text               ro code  0x08037f60     0x88  misc.o [1]
  .text               ro code  0x08037fe8    0x2b4  stm32f4xx_dma.o [1]
  .text               ro code  0x0803829c     0x74  stm32f4xx_spi.o [1]
  .text               ro code  0x08038310     0x16  strchr.o [5]
  .text               ro code  0x08038328     0x58  memchr.o [5]
  .text               ro code  0x08038380     0xee  I64DivMod.o [5]
  .text               ro code  0x0803846e     0x42  xdnorm.o [4]
  .text               ro code  0x080384b0     0x2e  DblCmpLe.o [4]
  .text               ro code  0x080384e0     0x2e  DblCmpGe.o [4]
  .text               ro code  0x08038510    0x114  xdscale.o [4]
  .text               ro code  0x08038624     0x58  DblToI32.o [4]
  .text               ro code  0x0803867c     0x30  I32ToDbl.o [4]
  .text               ro code  0x080386ac    0x180  DblSub.o [4]
  .text               ro code  0x0803882c    0x1a2  DblMul.o [4]
  .text               ro code  0x080389d0     0x6c  localeconv.o [3]
  .text               ro code  0x08038a3c      0xe  div.o [3]
  .text               ro code  0x08038a4c     0x74  bsp_dwt.o [1]
  .text               ro code  0x08038ac0    0xa50  usb_core.o [1]
  .text               ro code  0x08039510   0x1a58  bsp_sdio_sd.o [1]
  .text               ro code  0x0803af68    0x618  usbh_msc_scsi.o [1]
  .text               ro code  0x0803b580    0x554  usbh_msc_bot.o [1]
  .text               ro code  0x0803bad4      0x2  I64DivZer.o [5]
  .text               ro code  0x0803bad8     0xd4  DblAdd.o [4]
  .text               ro code  0x0803bbac    0x17c  stm32f4xx_sdio.o [1]
  .text               ro code  0x0803bd28    0xc7e  usb_hcd_int.o [1]
  .text               ro code  0x0803c9a8    0x3e8  usbh_msc_core.o [1]
  .rodata             const    0x0803cd90    0x3dc  cc936.o [1]
  .rodata             const    0x0803d16c    0x3dc  cc936.o [1]
  .text               ro code  0x0803d548    0x2e0  bsp_tim_pwm.o [1]
  .text               ro code  0x0803d828    0x284  para.o [1]
  .text               ro code  0x0803daac     0x44  strcpy_unaligned.o [5]
  .text               ro code  0x0803daf0    0x21c  bsp_stepmotor.o [1]
  .rodata             const    0x0803dd0c    0x1f4  apptask.o [1]
  .text               ro code  0x0803df00    0x154  system_stm32f4xx.o [1]
  .rodata             const    0x0803e054    0x100  mcheck.o [1]
  .rodata             const    0x0803e154    0x100  mcheck.o [1]
  .rodata             const    0x0803e254    0x100  mcheck.o [1]
  .text               ro code  0x0803e354     0xd4  bsp_closeSW.o [1]
  .text               ro code  0x0803e428     0x54  stm32f4xx_syscfg.o [1]
  .text               ro code  0x0803e47c     0xc0  stm32f4xx_exti.o [1]
  .text               ro code  0x0803e53c     0xc4  bsp_servomotor.o [1]
  .text               ro code  0x0803e600     0x54  bsp.o [1]
  .text               ro code  0x0803e654     0x44  bsp_relay.o [1]
  .text               ro code  0x0803e698     0x40  zero_init3.o [5]
  .text               ro code  0x0803e6d8     0x3c  SysInfoTest.o [1]
  .rodata             const    0x0803e714     0x38  demo_fatfs.o [1]
  .text               ro code  0x0803e74c     0x38  stm32f4xx_it.o [1]
  .text               ro code  0x0803e784     0x34  main.o [1]
  .rodata             const    0x0803e7b8     0x30  apptask.o [1]
  .rodata             const    0x0803e7e8     0x30  demo_fatfs.o [1]
  .rodata             const    0x0803e818     0x30  demo_fatfs.o [1]
  .rodata             const    0x0803e848     0x2c  apptask.o [1]
  .rodata             const    0x0803e874     0x2c  demo_fatfs.o [1]
  .rodata             const    0x0803e8a0     0x2c  demo_fatfs.o [1]
  .rodata             const    0x0803e8cc     0x2c  stm32f4xx_it.o [1]
  .text               ro code  0x0803e8f8     0x2c  copy_init3.o [5]
  .rodata             const    0x0803e924     0x28  demo_fatfs.o [1]
  .rodata             const    0x0803e94c     0x28  demo_fatfs.o [1]
  .rodata             const    0x0803e974     0x28  demo_fatfs.o [1]
  .text               ro code  0x0803e99c     0x28  data_init.o [5]
  .rodata             const    0x0803e9c4     0x24  demo_fatfs.o [1]
  .rodata             const    0x0803e9e8     0x24  demo_fatfs.o [1]
  .rodata             const    0x0803ea0c     0x24  usbh_usr.o [1]
  .text               ro code  0x0803ea30     0x22  fpinit_M.o [4]
  .iar.init_table     const    0x0803ea54     0x2c  - Linker created -
  .rodata             const    0x0803ea80     0x20  apptask.o [1]
  .rodata             const    0x0803eaa0     0x20  apptask.o [1]
  .rodata             const    0x0803eac0     0x20  bsp_sdwe050c17.o [1]
  .rodata             const    0x0803eae0     0x20  demo_fatfs.o [1]
  .rodata             const    0x0803eb00     0x20  demo_fatfs.o [1]
  .rodata             const    0x0803eb20     0x20  demo_fatfs.o [1]
  .rodata             const    0x0803eb40     0x20  usbh_usr.o [1]
  .rodata             const    0x0803eb60     0x20  usbh_usr.o [1]
  .rodata             const    0x0803eb80     0x20  usbh_usr.o [1]
  .rodata             const    0x0803eba0     0x20  usbh_usr.o [1]
  .rodata             const    0x0803ebc0     0x20  usbh_usr.o [1]
  .rodata             const    0x0803ebe0     0x1c  apptask.o [1]
  .rodata             const    0x0803ebfc     0x1c  apptask.o [1]
  .rodata             const    0x0803ec18     0x1c  apptask.o [1]
  .rodata             const    0x0803ec34     0x1c  apptask.o [1]
  .rodata             const    0x0803ec50     0x1c  apptask.o [1]
  .rodata             const    0x0803ec6c     0x1c  apptask.o [1]
  .rodata             const    0x0803ec88     0x1c  demo_fatfs.o [1]
  .rodata             const    0x0803eca4     0x1c  demo_fatfs.o [1]
  .rodata             const    0x0803ecc0     0x1c  usbh_usr.o [1]
  .rodata             const    0x0803ecdc     0x1c  usbh_usr.o [1]
  .rodata             const    0x0803ecf8     0x1c  usbh_usr.o [1]
  .rodata             const    0x0803ed14     0x1c  usbh_usr.o [1]
  .rodata             const    0x0803ed30     0x1c  usbh_usr.o [1]
  .rodata             const    0x0803ed4c     0x1c  usbh_usr.o [1]
  .text               ro code  0x0803ed68     0x1a  cmain.o [5]
  .text               ro code  0x0803ed82      0x4  exit.o [3]
  .text               ro code  0x0803ed88      0xa  cexit.o [5]
  .text               ro code  0x0803ed94     0x14  exit.o [6]
  .rodata             const    0x0803eda8     0x18  apptask.o [1]
  .rodata             const    0x0803edc0     0x18  apptask.o [1]
  .rodata             const    0x0803edd8     0x18  apptask.o [1]
  .rodata             const    0x0803edf0     0x18  apptask.o [1]
  .rodata             const    0x0803ee08     0x18  apptask.o [1]
  .rodata             const    0x0803ee20     0x18  apptask.o [1]
  .rodata             const    0x0803ee38     0x18  apptask.o [1]
  .rodata             const    0x0803ee50     0x18  demo_fatfs.o [1]
  .rodata             const    0x0803ee68     0x18  demo_fatfs.o [1]
  .rodata             const    0x0803ee80     0x18  demo_fatfs.o [1]
  .rodata             const    0x0803ee98     0x18  demo_fatfs.o [1]
  .rodata             const    0x0803eeb0     0x18  usbh_usr.o [1]
  .rodata             const    0x0803eec8     0x18  usbh_usr.o [1]
  .rodata             const    0x0803eee0     0x18  usbh_usr.o [1]
  .rodata             const    0x0803eef8     0x18  usbh_usr.o [1]
  .rodata             const    0x0803ef10     0x18  usbh_usr.o [1]
  .text               ro code  0x0803ef28     0x16  xprout.o [3]
  .text               ro code  0x0803ef40      0xc  putchar.o [3]
  .rodata             const    0x0803ef4c     0x14  apptask.o [1]
  .rodata             const    0x0803ef60     0x14  apptask.o [1]
  .rodata             const    0x0803ef74     0x14  apptask.o [1]
  .rodata             const    0x0803ef88     0x14  apptask.o [1]
  .rodata             const    0x0803ef9c     0x14  apptask.o [1]
  .rodata             const    0x0803efb0     0x14  usbh_usr.o [1]
  .rodata             const    0x0803efc4     0x14  usbh_usr.o [1]
  .rodata             const    0x0803efd8     0x10  apptask.o [1]
  .rodata             const    0x0803efe8     0x10  apptask.o [1]
  .rodata             const    0x0803eff8     0x10  apptask.o [1]
  .rodata             const    0x0803f008     0x10  apptask.o [1]
  .rodata             const    0x0803f018     0x10  apptask.o [1]
  .rodata             const    0x0803f028     0x10  apptask.o [1]
  .rodata             const    0x0803f038     0x10  apptask.o [1]
  .rodata             const    0x0803f048     0x10  apptask.o [1]
  .rodata             const    0x0803f058     0x10  apptask.o [1]
  .rodata             const    0x0803f068     0x10  ff.o [1]
  .rodata             const    0x0803f078     0x10  main.o [1]
  .rodata             const    0x0803f088     0x10  main.o [1]
  .rodata             const    0x0803f098     0x10  usbh_usr.o [1]
  .rodata             const    0x0803f0a8     0x10  usbh_usr.o [1]
  .text               ro code  0x0803f0b8     0x10  startup_stm32f40_41xxx.o [1]
  .text               ro code  0x0803f0c8     0x10  usbh_it.o [1]
  .rodata             const    0x0803f0d8      0xc  apptask.o [1]
  .rodata             const    0x0803f0e4      0xc  apptask.o [1]
  .rodata             const    0x0803f0f0      0xc  apptask.o [1]
  .rodata             const    0x0803f0fc      0xc  apptask.o [1]
  .rodata             const    0x0803f108      0xc  apptask.o [1]
  .rodata             const    0x0803f114      0xc  apptask.o [1]
  .rodata             const    0x0803f120      0xc  apptask.o [1]
  .rodata             const    0x0803f12c      0xc  apptask.o [1]
  .rodata             const    0x0803f138      0xc  apptask.o [1]
  .rodata             const    0x0803f144      0xc  apptask.o [1]
  .rodata             const    0x0803f150      0xc  apptask.o [1]
  .rodata             const    0x0803f15c      0xc  apptask.o [1]
  .rodata             const    0x0803f168      0xc  apptask.o [1]
  .rodata             const    0x0803f174      0xc  apptask.o [1]
  .rodata             const    0x0803f180      0xc  apptask.o [1]
  .rodata             const    0x0803f18c      0xc  apptask.o [1]
  .rodata             const    0x0803f198      0xc  apptask.o [1]
  .rodata             const    0x0803f1a4      0xc  apptask.o [1]
  .rodata             const    0x0803f1b0      0xc  apptask.o [1]
  .rodata             const    0x0803f1bc      0xc  apptask.o [1]
  .rodata             const    0x0803f1c8      0xc  apptask.o [1]
  .rodata             const    0x0803f1d4      0xc  apptask.o [1]
  .rodata             const    0x0803f1e0      0xc  apptask.o [1]
  .rodata             const    0x0803f1ec      0xc  apptask.o [1]
  .rodata             const    0x0803f1f8      0xc  apptask.o [1]
  .rodata             const    0x0803f204      0xc  bsp_sdwe050c17.o [1]
  .rodata             const    0x0803f210      0xc  bsp_sdwe050c17.o [1]
  .rodata             const    0x0803f21c      0xc  bsp_sdwe050c17.o [1]
  .rodata             const    0x0803f228      0xc  demo_fatfs.o [1]
  .rodata             const    0x0803f234      0xc  ff.o [1]
  .text               ro code  0x0803f240      0xc  cstartup_M.o [5]
  .rodata             const    0x0803f24c      0x8  apptask.o [1]
  .rodata             const    0x0803f254      0x8  apptask.o [1]
  .rodata             const    0x0803f25c      0x8  apptask.o [1]
  .rodata             const    0x0803f264      0x8  apptask.o [1]
  .rodata             const    0x0803f26c      0x8  apptask.o [1]
  .rodata             const    0x0803f274      0x8  apptask.o [1]
  .rodata             const    0x0803f27c      0x8  apptask.o [1]
  .rodata             const    0x0803f284      0x8  apptask.o [1]
  .rodata             const    0x0803f28c      0x8  apptask.o [1]
  .rodata             const    0x0803f294      0x8  apptask.o [1]
  .rodata             const    0x0803f29c      0x8  apptask.o [1]
  .rodata             const    0x0803f2a4      0x8  bsp_w25qxx.o [1]
  .rodata             const    0x0803f2ac      0x8  ff.o [1]
  .rodata             const    0x0803f2b4      0x8  malloc.o [1]
  .rodata             const    0x0803f2bc      0x8  malloc.o [1]
  .rodata             const    0x0803f2c4      0x8  malloc.o [1]
  .rodata             const    0x0803f2cc      0x8  para.o [1]
  .rodata             const    0x0803f2d4      0x8  para.o [1]
  .rodata             const    0x0803f2dc      0x8  tasks.o [1]
  .rodata             const    0x0803f2e4      0x8  timers.o [1]
  .rodata             const    0x0803f2ec      0x4  heap_4.o [1]
  .rodata             const    0x0803f2f0      0x4  port.o [1]
  .text               ro code  0x0803f2f4      0x4  startup_stm32f40_41xxx.o [1]
  .text               ro code  0x0803f2f8      0x4  startup_stm32f40_41xxx.o [1]
  .text               ro code  0x0803f2fc      0x4  startup_stm32f40_41xxx.o [1]
  .text               ro code  0x0803f300      0x4  startup_stm32f40_41xxx.o [1]
  .text               ro code  0x0803f304      0x4  startup_stm32f40_41xxx.o [1]
  .text               ro code  0x0803f308      0x4  startup_stm32f40_41xxx.o [1]
  .text               ro code  0x0803f30c      0x4  startup_stm32f40_41xxx.o [1]
  .text               ro code  0x0803f310      0x4  startup_stm32f40_41xxx.o [1]
  .text               ro code  0x0803f314      0x4  startup_stm32f40_41xxx.o [1]
  .text               ro code  0x0803f318      0x4  startup_stm32f40_41xxx.o [1]
  .text               ro code  0x0803f31c      0x4  startup_stm32f40_41xxx.o [1]
  .text               ro code  0x0803f320      0x4  startup_stm32f40_41xxx.o [1]
  .text               ro code  0x0803f324      0x4  startup_stm32f40_41xxx.o [1]
  .text               ro code  0x0803f328      0x4  startup_stm32f40_41xxx.o [1]
  .text               ro code  0x0803f32c      0x4  startup_stm32f40_41xxx.o [1]
  .text               ro code  0x0803f330      0x4  startup_stm32f40_41xxx.o [1]
  .text               ro code  0x0803f334      0x4  startup_stm32f40_41xxx.o [1]
  .text               ro code  0x0803f338      0x4  startup_stm32f40_41xxx.o [1]
  .text               ro code  0x0803f33c      0x4  startup_stm32f40_41xxx.o [1]
  .text               ro code  0x0803f340      0x4  startup_stm32f40_41xxx.o [1]
  .text               ro code  0x0803f344      0x4  startup_stm32f40_41xxx.o [1]
  .text               ro code  0x0803f348      0x4  startup_stm32f40_41xxx.o [1]
  .text               ro code  0x0803f34c      0x4  startup_stm32f40_41xxx.o [1]
  .text               ro code  0x0803f350      0x4  startup_stm32f40_41xxx.o [1]
  .text               ro code  0x0803f354      0x4  startup_stm32f40_41xxx.o [1]
  .text               ro code  0x0803f358      0x4  startup_stm32f40_41xxx.o [1]
  .text               ro code  0x0803f35c      0x4  startup_stm32f40_41xxx.o [1]
  .text               ro code  0x0803f360      0x4  startup_stm32f40_41xxx.o [1]
  .text               ro code  0x0803f364      0x4  startup_stm32f40_41xxx.o [1]
  .text               ro code  0x0803f368      0x4  startup_stm32f40_41xxx.o [1]
  .text               ro code  0x0803f36c      0x4  startup_stm32f40_41xxx.o [1]
  .text               ro code  0x0803f370      0x4  startup_stm32f40_41xxx.o [1]
  .text               ro code  0x0803f374      0x4  startup_stm32f40_41xxx.o [1]
  .text               ro code  0x0803f378      0x4  startup_stm32f40_41xxx.o [1]
  .text               ro code  0x0803f37c      0x4  startup_stm32f40_41xxx.o [1]
  .text               ro code  0x0803f380      0x4  startup_stm32f40_41xxx.o [1]
  .text               ro code  0x0803f384      0x4  startup_stm32f40_41xxx.o [1]
  .text               ro code  0x0803f388      0x4  startup_stm32f40_41xxx.o [1]
  .text               ro code  0x0803f38c      0x4  startup_stm32f40_41xxx.o [1]
  .text               ro code  0x0803f390      0x4  startup_stm32f40_41xxx.o [1]
  .text               ro code  0x0803f394      0x4  startup_stm32f40_41xxx.o [1]
  .text               ro code  0x0803f398      0x4  startup_stm32f40_41xxx.o [1]
  .text               ro code  0x0803f39c      0x4  startup_stm32f40_41xxx.o [1]
  .text               ro code  0x0803f3a0      0x4  startup_stm32f40_41xxx.o [1]
  .text               ro code  0x0803f3a4      0x4  startup_stm32f40_41xxx.o [1]
  .text               ro code  0x0803f3a8      0x4  startup_stm32f40_41xxx.o [1]
  .text               ro code  0x0803f3ac      0x4  startup_stm32f40_41xxx.o [1]
  .text               ro code  0x0803f3b0      0x4  startup_stm32f40_41xxx.o [1]
  .text               ro code  0x0803f3b4      0x4  startup_stm32f40_41xxx.o [1]
  .text               ro code  0x0803f3b8      0x4  startup_stm32f40_41xxx.o [1]
  .text               ro code  0x0803f3bc      0x4  startup_stm32f40_41xxx.o [1]
  .text               ro code  0x0803f3c0      0x4  startup_stm32f40_41xxx.o [1]
  .text               ro code  0x0803f3c4      0x4  startup_stm32f40_41xxx.o [1]
  .text               ro code  0x0803f3c8      0x4  startup_stm32f40_41xxx.o [1]
  .text               ro code  0x0803f3cc      0x4  startup_stm32f40_41xxx.o [1]
  .text               ro code  0x0803f3d0      0x4  startup_stm32f40_41xxx.o [1]
  .text               ro code  0x0803f3d4      0x4  startup_stm32f40_41xxx.o [1]
  .text               ro code  0x0803f3d8      0x4  startup_stm32f40_41xxx.o [1]
  .text               ro code  0x0803f3dc      0x4  startup_stm32f40_41xxx.o [1]
  .text               ro code  0x0803f3e0      0x4  startup_stm32f40_41xxx.o [1]
  .text               ro code  0x0803f3e4      0x4  startup_stm32f40_41xxx.o [1]
  .text               ro code  0x0803f3e8      0x4  startup_stm32f40_41xxx.o [1]
  .text               ro code  0x0803f3ec      0x4  startup_stm32f40_41xxx.o [1]
  .text               ro code  0x0803f3f0      0x4  startup_stm32f40_41xxx.o [1]
  .text               ro code  0x0803f3f4      0x4  startup_stm32f40_41xxx.o [1]
  .text               ro code  0x0803f3f8      0x4  startup_stm32f40_41xxx.o [1]
  .text               ro code  0x0803f3fc      0x4  startup_stm32f40_41xxx.o [1]
  .text               ro code  0x0803f400      0x4  startup_stm32f40_41xxx.o [1]
  .text               ro code  0x0803f404      0x4  startup_stm32f40_41xxx.o [1]
  .text               ro code  0x0803f408      0x4  startup_stm32f40_41xxx.o [1]
  .text               ro code  0x0803f40c      0x4  startup_stm32f40_41xxx.o [1]
  .rodata             const    0x0803f410      0x0  zero_init3.o [5]
  .rodata             const    0x0803f410      0x0  copy_init3.o [5]
  Initializer bytes   const    0x0803f410    0x1b8  <for P2 s0>
                             - 0x0803f5c8  0x3f440

"P2":                                      0x1f5f8
  P2 s0                        0x20000000    0x1b8  <Init block>
    __DLIB_PERTHREAD  inited   0x20000000     0x88  localeconv.o [3]
    .data             inited   0x20000088     0x50  demo_fatfs.o [1]
    .data             inited   0x200000d8     0x48  usbh_usr.o [1]
    .data             inited   0x20000120     0x40  xfiles.o [3]
    .data             inited   0x20000160     0x1c  malloc.o [1]
    .data             inited   0x2000017c     0x10  stm32f4xx_rcc.o [1]
    .data             inited   0x2000018c     0x10  usbh_msc_core.o [1]
    .data             inited   0x2000019c      0xc  usbh_core.o [1]
    .data             inited   0x200001a8      0x4  port.o [1]
    .data             inited   0x200001ac      0x4  system_stm32f4xx.o [1]
    .data             inited   0x200001b0      0x4  usbh_core.o [1]
    .data             inited   0x200001b4      0x2  bsp_w25qxx.o [1]
    .data             inited   0x200001b6      0x1  usbh_msc_scsi.o [1]
  .bss                zero     0x200001b8  0x11800  heap_4.o [1]
  .bss                zero     0x200119b8   0xa000  malloc.o [1]
  .bss                zero     0x2001b9b8   0x1000  bsp_w25qxx.o [1]
  .bss                zero     0x2001c9b8    0xa00  malloc.o [1]
  .bss                zero     0x2001d3b8    0x5ac  usbh_usr.o [1]
  .bss                zero     0x2001d964    0x5ac  usbh_usr.o [1]
  .bss                zero     0x2001df10    0x200  ff.o [1]
  .bss                zero     0x2001e110    0x200  usbh_msc_scsi.o [1]
  .bss                zero     0x2001e310    0x200  usbh_stdreq.o [1]
  .bss                zero     0x2001e510     0xc8  tasks.o [1]
  .bss                zero     0x2001e5d8     0xa4  protocol.o [1]
  .bss                zero     0x2001e67c     0x94  usbh_usr.o [1]
  .bss                zero     0x2001e710     0x84  para.o [1]
  .bss                zero     0x2001e794     0x70  protocol.o [1]
  .bss                zero     0x2001e804     0x64  bsp_uart_fifo.o [1]
  .bss                zero     0x2001e868     0x64  bsp_uart_fifo.o [1]
  .bss                zero     0x2001e8cc     0x64  bsp_uart_fifo.o [1]
  .bss                zero     0x2001e930     0x58  bsp_sdio_sd.o [1]
  .bss                zero     0x2001e988     0x50  protocol.o [1]
  .bss                zero     0x2001e9d8     0x50  xfiles.o [3]
  .bss                zero     0x2001ea28     0x4c  usbh_msc_core.o [1]
  .bss                zero     0x2001ea74     0x34  bsp_sdwe050c17.o [1]
  .bss                zero     0x2001eaa8     0x28  bsp_uart_fifo.o [1]
  .bss                zero     0x2001ead0     0x28  product_cal.o [1]
  .bss                zero     0x2001eaf8     0x28  product_cal.o [1]
  .bss                zero     0x2001eb20     0x24  ff.o [1]
  .bss                zero     0x2001eb44     0x20  usbh_msc_bot.o [1]
  .bss                zero     0x2001eb64     0x18  bsp_sdio_sd.o [1]
  .bss                zero     0x2001eb7c     0x18  bsp_sdio_sd.o [1]
  .bss                zero     0x2001eb94     0x14  bsp_sdio_sd.o [1]
  .bss                zero     0x2001eba8     0x14  rc522.o [1]
  .bss                zero     0x2001ebbc     0x14  tasks.o [1]
  .bss                zero     0x2001ebd0     0x14  tasks.o [1]
  .bss                zero     0x2001ebe4     0x14  tasks.o [1]
  .bss                zero     0x2001ebf8     0x14  tasks.o [1]
  .bss                zero     0x2001ec0c     0x14  tasks.o [1]
  .bss                zero     0x2001ec20     0x14  timers.o [1]
  .bss                zero     0x2001ec34     0x14  timers.o [1]
  .bss                zero     0x2001ec48     0x10  bsp_sdio_sd.o [1]
  .bss                zero     0x2001ec58     0x10  bsp_sdio_sd.o [1]
  .bss                zero     0x2001ec68     0x10  usbh_msc_bot.o [1]
  .bss                zero     0x2001ec78     0x10  usbh_msc_bot.o [1]
  .bss                zero     0x2001ec88     0x10  usbh_msc_scsi.o [1]
  .bss                zero     0x2001ec98      0xc  apptask.o [1]
  .bss                zero     0x2001eca4      0xc  apptask.o [1]
  .bss                zero     0x2001ecb0      0xc  ff.o [1]
  .bss                zero     0x2001ecbc      0xc  protocol.o [1]
  .bss                zero     0x2001ecc8      0xc  protocol.o [1]
  .bss                zero     0x2001ecd4      0xc  protocol.o [1]
  .bss                zero     0x2001ece0      0x8  heap_4.o [1]
  .bss                zero     0x2001ece8      0x8  modbus.o [1]
  .bss                zero     0x2001ecf0      0x8  protocol.o [1]
  .bss                zero     0x2001ecf8      0x4  apptask.o [1]
  .bss                zero     0x2001ecfc      0x4  apptask.o [1]
  .bss                zero     0x2001ed00      0x4  apptask.o [1]
  .bss                zero     0x2001ed04      0x4  apptask.o [1]
  .bss                zero     0x2001ed08      0x4  apptask.o [1]
  .bss                zero     0x2001ed0c      0x4  apptask.o [1]
  .bss                zero     0x2001ed10      0x4  apptask.o [1]
  .bss                zero     0x2001ed14      0x4  apptask.o [1]
  .bss                zero     0x2001ed18      0x4  apptask.o [1]
  .bss                zero     0x2001ed1c      0x4  apptask.o [1]
  .bss                zero     0x2001ed20      0x4  apptask.o [1]
  .bss                zero     0x2001ed24      0x4  apptask.o [1]
  .bss                zero     0x2001ed28      0x4  apptask.o [1]
  .bss                zero     0x2001ed2c      0x4  apptask.o [1]
  .bss                zero     0x2001ed30      0x4  apptask.o [1]
  .bss                zero     0x2001ed34      0x4  apptask.o [1]
  .bss                zero     0x2001ed38      0x4  bsp_sdio_sd.o [1]
  .bss                zero     0x2001ed3c      0x4  bsp_sdio_sd.o [1]
  .bss                zero     0x2001ed40      0x4  bsp_sdio_sd.o [1]
  .bss                zero     0x2001ed44      0x4  bsp_sdio_sd.o [1]
  .bss                zero     0x2001ed48      0x4  bsp_sdio_sd.o [1]
  .bss                zero     0x2001ed4c      0x4  bsp_timer.o [1]
  .bss                zero     0x2001ed50      0x4  bsp_timer.o [1]
  .bss                zero     0x2001ed54      0x4  bsp_timer.o [1]
  .bss                zero     0x2001ed58      0x4  bsp_timer.o [1]
  .bss                zero     0x2001ed5c      0x4  heap_4.o [1]
  .bss                zero     0x2001ed60      0x4  heap_4.o [1]
  .bss                zero     0x2001ed64      0x4  heap_4.o [1]
  .bss                zero     0x2001ed68      0x4  heap_4.o [1]
  .bss                zero     0x2001ed6c      0x4  port.o [1]
  .bss                zero     0x2001ed70      0x4  SysInfoTest.o [1]
  .bss                zero     0x2001ed74      0x4  tasks.o [1]
  .bss                zero     0x2001ed78      0x4  tasks.o [1]
  .bss                zero     0x2001ed7c      0x4  tasks.o [1]
  .bss                zero     0x2001ed80      0x4  tasks.o [1]
  .bss                zero     0x2001ed84      0x4  tasks.o [1]
  .bss                zero     0x2001ed88      0x4  tasks.o [1]
  .bss                zero     0x2001ed8c      0x4  tasks.o [1]
  .bss                zero     0x2001ed90      0x4  tasks.o [1]
  .bss                zero     0x2001ed94      0x4  tasks.o [1]
  .bss                zero     0x2001ed98      0x4  tasks.o [1]
  .bss                zero     0x2001ed9c      0x4  tasks.o [1]
  .bss                zero     0x2001eda0      0x4  tasks.o [1]
  .bss                zero     0x2001eda4      0x4  tasks.o [1]
  .bss                zero     0x2001eda8      0x4  tasks.o [1]
  .bss                zero     0x2001edac      0x4  tasks.o [1]
  .bss                zero     0x2001edb0      0x4  tasks.o [1]
  .bss                zero     0x2001edb4      0x4  timers.o [1]
  .bss                zero     0x2001edb8      0x4  timers.o [1]
  .bss                zero     0x2001edbc      0x4  timers.o [1]
  .bss                zero     0x2001edc0      0x4  timers.o [1]
  .bss                zero     0x2001edc4      0x4  usbh_msc_bot.o [1]
  .bss                zero     0x2001edc8      0x4  usbh_msc_bot.o [1]
  .bss                zero     0x2001edcc      0x4  usbh_msc_bot.o [1]
  .bss                zero     0x2001edd0      0x4  usbh_msc_bot.o [1]
  .bss                zero     0x2001edd4      0x2  apptask.o [1]
  .bss                zero     0x2001edd6      0x2  apptask.o [1]
  .bss                zero     0x2001edd8      0x2  apptask.o [1]
  .bss                zero     0x2001edda      0x2  apptask.o [1]
  .bss                zero     0x2001eddc      0x2  bsp_sdwe050c17.o [1]
  .bss                zero     0x2001edde      0x2  ff.o [1]
  .bss                zero     0x2001ede0      0x2  usbh_core.o [1]
  .bss                zero     0x2001ede2      0x2  usbh_stdreq.o [1]
  .bss                zero     0x2001ede4      0x1  apptask.o [1]
  .bss                zero     0x2001ede5      0x1  apptask.o [1]
  .bss                zero     0x2001ede6      0x1  apptask.o [1]
  .bss                zero     0x2001ede7      0x1  apptask.o [1]
  .bss                zero     0x2001ede8      0x1  apptask.o [1]
  .bss                zero     0x2001ede9      0x1  apptask.o [1]
  .bss                zero     0x2001edea      0x1  apptask.o [1]
  .bss                zero     0x2001edeb      0x1  apptask.o [1]
  .bss                zero     0x2001edec      0x1  bsp_sdio_sd.o [1]
  .bss                zero     0x2001eded      0x1  bsp_sdwe050c17.o [1]
  .bss                zero     0x2001edee      0x1  bsp_uart_fifo.o [1]
  .bss                zero     0x2001edef      0x1  port.o [1]
  .bss                zero     0x2001edf0      0x1  protocol.o [1]
  .bss                zero     0x2001edf1      0x1  rc522.o [1]
  .bss                zero     0x2001edf2      0x1  rc522.o [1]
  .bss                zero     0x2001edf3      0x1  usbh_msc_bot.o [1]
  .bss                zero     0x2001edf4      0x1  usbh_msc_core.o [1]
  .bss                zero     0x2001edf5      0x1  usbh_msc_core.o [1]
  .bss                zero     0x2001edf6      0x1  usbh_stdreq.o [1]
  .bss                zero     0x2001edf7      0x1  usbh_usr.o [1]
  CSTACK                       0x2001edf8    0x800  <Block>
    CSTACK            uninit   0x2001edf8    0x800  <Block tail>
                             - 0x2001f5f8  0x1f5f8

Absolute sections:                         0xff000
  .bss                zero     0x68000000  0xf0000  malloc.o [1]
  .bss                zero     0x680f0000   0xf000  malloc.o [1]
                             - 0x680ff000  0xff000


*******************************************************************************
*** INIT TABLE
***

          Address     Size
          -------     ----
Zero (__iar_zero_init3)
    2 destination ranges, total size 0x11dc40:
          0x200001b8  0x1ec40
          0x68000000  0xff000

Copy (__iar_copy_init3)
    1 source range, total size 0x1b8 (100% of destination):
          0x0803f410    0x1b8
    1 destination range, total size 0x1b7:
          0x20000000    0x1b7



*******************************************************************************
*** MODULE SUMMARY
***

    Module                    ro code  ro data  rw data    rw data
                                                            (abs)
    ------                    -------  -------  -------    -------
E:\WORK\YarnControl_Driver\YarnControl_Driver\src\stm32f4_rtos\Project\EWARMv7\Flash\Obj: [1]
    SysInfoTest.o                  60                 4
    apptask.o                  13 512    1 624      104
    bsp.o                          84
    bsp_closeSW.o                 212
    bsp_dwt.o                     116
    bsp_led.o                     192
    bsp_relay.o                    68
    bsp_sdio_sd.o               6 744               209
    bsp_sdwe050c17.o            3 204       68       55
    bsp_servomotor.o              196
    bsp_spi.o                     292
    bsp_stepmotor.o               540
    bsp_sw_onoff.o                104
    bsp_tim_pwm.o                 736
    bsp_timer.o                   516                16
    bsp_uart_fifo.o             2 660               341
    bsp_w25qxx.o                  896       10    4 098
    bsp_watchdog.o                  8
    cc936.o                       244  176 320
    demo_fatfs.o                           772       80
    diskio.o                      740
    event_groups.o                610
    ff.o                        8 804       36      562
    heap_4.o                      640        4   71 704
    list.o                        152
    main.o                         52       32
    malloc.o                      540       52   43 548  1 044 480
    mcheck.o                      184      768
    misc.o                        136
    modbus.o                      852                 8
    para.o                        644       16      132
    port.o                        588        8        9
    portasm.o                     168
    product_cal.o               1 248                80
    protocol.o                     68               401
    queue.o                     1 992
    rc522.o                       174                22
    startup_stm32f40_41xxx.o      692
    stm32f4xx_dma.o               692
    stm32f4xx_exti.o              192
    stm32f4xx_gpio.o              300
    stm32f4xx_it.o                 56       44
    stm32f4xx_iwdg.o               16
    stm32f4xx_rcc.o               452       16       16
    stm32f4xx_sdio.o              380
    stm32f4xx_spi.o               116
    stm32f4xx_syscfg.o             84
    stm32f4xx_tim.o               748
    stm32f4xx_usart.o             558
    system_stm32f4xx.o            340        4        4
    tasks.o                     3 072        8      364
    timers.o                    1 188        8       56
    usb_bsp.o                     332
    usb_core.o                  2 640
    usb_hcd.o                     214
    usb_hcd_int.o               3 198
    usbh_core.o                 1 888       16       18
    usbh_hcs.o                    442
    usbh_ioreq.o                  582
    usbh_it.o                      16
    usbh_msc_bot.o              1 364                81
    usbh_msc_core.o             1 000       16       94
    usbh_msc_scsi.o             1 560        1      529
    usbh_stdreq.o               1 078               515
    usbh_usr.o                    438      628    3 125
    --------------------------------------------------------------
    Total:                     71 614  180 451  126 175  1 044 480

command line: [2]
    --------------------------------------------------------------
    Total:

dl7M_tlf.a: [3]
    div.o                          14
    exit.o                          4
    localeconv.o                  108      136      136
    printf.o                       36
    putchar.o                      12
    sprintf.o                      52
    strcat.o                       28
    strstr.o                       44
    xfiles.o                                64      144
    xprintffull_nomb.o          3 478
    xprout.o                       22
    xsprout.o                      10
    --------------------------------------------------------------
    Total:                      3 808      200      280

m7M_tls.a: [4]
    DblAdd.o                      212
    DblCmpGe.o                     46
    DblCmpLe.o                     46
    DblDiv.o                      598
    DblMul.o                      418
    DblSub.o                      384
    DblToI32.o                     88
    FltToDbl.o                     78
    I32ToDbl.o                     48
    fpinit_M.o                     34
    xdnorm.o                       66
    xdscale.o                     276
    --------------------------------------------------------------
    Total:                      2 294

rt7M_tl.a: [5]
    ABImemcpy_unaligned.o         118
    ABImemset.o                   102
    I64DivMod.o                   238
    I64DivZer.o                     2
    cexit.o                        10
    cmain.o                        26
    copy_init3.o                   44
    cstartup_M.o                   12
    data_init.o                    40
    memchr.o                       88
    memcmp_unaligned.o             98
    strchr.o                       22
    strcmp_unaligned.o             66
    strcpy_unaligned.o             68
    strlen.o                       54
    zero_init3.o                   64
    --------------------------------------------------------------
    Total:                      1 052

shb_l.a: [6]
    exit.o                         20
    --------------------------------------------------------------
    Total:                         20

    Gaps                           42        2
    Linker created                          45    2 048
------------------------------------------------------------------
    Grand Total:               78 830  180 698  128 503  1 044 480


*******************************************************************************
*** ENTRY LIST
***

Entry                      Address     Size  Type      Object
-----                      -------     ----  ----      ------
.iar.init_table$$Base   0x0803ea54            --   Gb  - Linker created -
.iar.init_table$$Limit  0x0803ea80            --   Gb  - Linker created -
?main                   0x0803ed69           Code  Gb  cmain.o [5]
APBAHBPrescTable        0x2000017c     0x10  Data  Lc  stm32f4xx_rcc.o [1]
AppObjCreate            0x0802daf5    0x126  Code  Gb  apptask.o [1]
AppTaskCreate           0x0802d9bd    0x126  Code  Gb  apptask.o [1]
BOTStallErrorCount      0x2001edc4      0x4  Data  Lc  usbh_msc_bot.o [1]
BusFault_Handler        0x0803e77f      0x2  Code  Gb  stm32f4xx_it.o [1]
CID_Tab                 0x2001ec58     0x10  Data  Lc  bsp_sdio_sd.o [1]
CRC16HiTable            0x0803e054    0x100  Data  Gb  mcheck.o [1]
CRC16LoTable            0x0803e154    0x100  Data  Gb  mcheck.o [1]
CRC8Table               0x0803e254    0x100  Data  Gb  mcheck.o [1]
CSD_Tab                 0x2001ec48     0x10  Data  Lc  bsp_sdio_sd.o [1]
CSTACK$$Base            0x2001edf8            --   Gb  - Linker created -
CSTACK$$Limit           0x2001f5f8            --   Gb  - Linker created -
CardType                0x2001ed38      0x4  Data  Lc  bsp_sdio_sd.o [1]
CmdError                0x0803a679     0x38  Code  Lc  bsp_sdio_sd.o [1]
CmdResp1Error           0x0803a71d    0x112  Code  Lc  bsp_sdio_sd.o [1]
CmdResp2Error           0x0803a86d     0x52  Code  Lc  bsp_sdio_sd.o [1]
CmdResp3Error           0x0803a82f     0x3e  Code  Lc  bsp_sdio_sd.o [1]
CmdResp6Error           0x0803a8bf     0xa6  Code  Lc  bsp_sdio_sd.o [1]
CmdResp7Error           0x0803a6b1     0x58  Code  Lc  bsp_sdio_sd.o [1]
ConfigExitNVIC          0x0803e3bf     0x22  Code  Gb  bsp_closeSW.o [1]
ConfigUartNVIC          0x08035671     0x7c  Code  Lc  bsp_uart_fifo.o [1]
DMA2_Stream3_IRQHandler
                        0x0803af61      0x8  Code  Gb  bsp_sdio_sd.o [1]
DMAEndOfTransfer        0x2001ed48      0x4  Data  Gb  bsp_sdio_sd.o [1]
DMA_ClearFlag           0x080381cb     0x24  Code  Gb  stm32f4xx_dma.o [1]
DMA_Cmd                 0x08038181     0x1a  Code  Gb  stm32f4xx_dma.o [1]
DMA_DeInit              0x08037fe9    0x140  Code  Gb  stm32f4xx_dma.o [1]
DMA_FlowControllerConfig
                        0x0803819b     0x18  Code  Gb  stm32f4xx_dma.o [1]
DMA_GetCmdStatus        0x080381b3     0x18  Code  Gb  stm32f4xx_dma.o [1]
DMA_ITConfig            0x080381ef     0x42  Code  Gb  stm32f4xx_dma.o [1]
DMA_Init                0x08038129     0x58  Code  Gb  stm32f4xx_dma.o [1]
DebugMon_Handler        0x0803e783      0x2  Code  Gb  stm32f4xx_it.o [1]
DiskFile_init           0x080343b5     0x40  Code  Gb  protocol.o [1]
Disk_File               0x2001e794     0x70  Data  Gb  protocol.o [1]
EXTI9_5_IRQHandler      0x0803e3e1     0x3c  Code  Gb  bsp_closeSW.o [1]
EXTI_ClearITPendingBit  0x0803e51f      0x6  Code  Gb  stm32f4xx_exti.o [1]
EXTI_GetITStatus        0x0803e505     0x1a  Code  Gb  stm32f4xx_exti.o [1]
EXTI_Init               0x0803e47d     0x88  Code  Gb  stm32f4xx_exti.o [1]
FR_Table                0x20000088     0x50  Data  Gb  demo_fatfs.o [1]
FatFs                   0x2001ecb0      0xc  Data  Lc  ff.o [1]
File_info               0x2001e988     0x50  Data  Gb  protocol.o [1]
Files                   0x2001eb20     0x24  Data  Lc  ff.o [1]
FindSCR                 0x0803ab0d    0x206  Code  Lc  bsp_sdio_sd.o [1]
Fsid                    0x2001edde      0x2  Data  Lc  ff.o [1]
GPIO_Init               0x08030f01     0xaa  Code  Gb  stm32f4xx_gpio.o [1]
GPIO_PinAFConfig        0x08030fd3     0x5a  Code  Gb  stm32f4xx_gpio.o [1]
GPIO_ReadInputDataBit   0x08030fab     0x1a  Code  Gb  stm32f4xx_gpio.o [1]
GPIO_WriteBit           0x08030fc5      0xe  Code  Gb  stm32f4xx_gpio.o [1]
GetDeviceState          0x08034381     0x2e  Code  Gb  bsp_sw_onoff.o [1]
HCD_GetCurrentFrame     0x08036f41      0x8  Code  Gb  usb_hcd.o [1]
HCD_GetCurrentSpeed     0x08036f23     0x10  Code  Gb  usb_hcd.o [1]
HCD_GetURB_State        0x08036f49      0xa  Code  Gb  usb_hcd.o [1]
HCD_GetXferCnt          0x08036f53      0xc  Code  Gb  usb_hcd.o [1]
HCD_Init                0x08036eb1     0x72  Code  Gb  usb_hcd.o [1]
HCD_ResetPort           0x08036f33      0xe  Code  Gb  usb_hcd.o [1]
HCD_SubmitRequest       0x08036f5f     0x28  Code  Gb  usb_hcd.o [1]
HardFault_Handler       0x0803e74f     0x22  Code  Gb  stm32f4xx_it.o [1]
IWDG_Feed               0x08034b11      0x8  Code  Gb  bsp_watchdog.o [1]
IWDG_ReloadCounter      0x08037c79      0xa  Code  Gb  stm32f4xx_iwdg.o [1]
InitHardUart            0x080352b1    0x3c0  Code  Lc  bsp_uart_fifo.o [1]
Init_JINGSHA_GUI        0x0802f34f    0x100  Code  Gb  bsp_sdwe050c17.o [1]
LfnBuf                  0x2001df10    0x200  Data  Lc  ff.o [1]
LfnOfs                  0x0803f068     0x10  Data  Lc  ff.o [1]
LoadInt                 0x08036559     0x6e  Code  Lc  xprintffull_nomb.o [3]
MSCErrorCount           0x2001edf4      0x1  Data  Gb  usbh_msc_core.o [1]
MSC_Machine             0x2001ea28     0x4c  Data  Gb  usbh_msc_core.o [1]
MSG_DEV_ATTACHED        0x0803eef8     0x18  Data  Gb  usbh_usr.o [1]
MSG_DEV_DISCONNECTED    0x0803ef10     0x18  Data  Gb  usbh_usr.o [1]
MSG_DEV_ENUMERATED      0x0803ed14     0x1c  Data  Gb  usbh_usr.o [1]
MSG_DEV_ERROR           0x0803efc4     0x14  Data  Gb  usbh_usr.o [1]
MSG_DEV_FULLSPEED       0x0803eba0     0x20  Data  Gb  usbh_usr.o [1]
MSG_DEV_HIGHSPEED       0x0803eb80     0x20  Data  Gb  usbh_usr.o [1]
MSG_DEV_LOWSPEED        0x0803ebc0     0x20  Data  Gb  usbh_usr.o [1]
MSG_HID_CLASS           0x0803ed30     0x1c  Data  Gb  usbh_usr.o [1]
MSG_MSC_CLASS           0x0803ea0c     0x24  Data  Gb  usbh_usr.o [1]
MSG_UNREC_ERROR         0x0803ed4c     0x1c  Data  Gb  usbh_usr.o [1]
MemManage_Handler       0x0803e77d      0x2  Code  Gb  stm32f4xx_it.o [1]
NMI_Handler             0x0803e74d      0x2  Code  Gb  stm32f4xx_it.o [1]
NVIC_Init               0x08037f6b     0x6a  Code  Gb  misc.o [1]
NVIC_PriorityGroupConfig
                        0x08037f61      0xa  Code  Gb  misc.o [1]
OTG_FS_IRQHandler       0x0803f0c9     0x10  Code  Gb  usbh_it.o [1]
PendSV_Handler          0x08037c89           Code  Gb  portasm.o [1]
RCA                     0x2001ed3c      0x4  Data  Lc  bsp_sdio_sd.o [1]
RCC_AHB1PeriphClockCmd  0x0803517f     0x22  Code  Gb  stm32f4xx_rcc.o [1]
RCC_AHB2PeriphClockCmd  0x080351a1     0x1e  Code  Gb  stm32f4xx_rcc.o [1]
RCC_APB1PeriphClockCmd  0x080351bf     0x1e  Code  Gb  stm32f4xx_rcc.o [1]
RCC_APB2PeriphClockCmd  0x080351dd     0x1e  Code  Gb  stm32f4xx_rcc.o [1]
RCC_APB2PeriphResetCmd  0x080351fb     0x1e  Code  Gb  stm32f4xx_rcc.o [1]
RCC_GetClocksFreq       0x0803507d    0x102  Code  Gb  stm32f4xx_rcc.o [1]
RS485_InitTXE           0x0803527d     0x34  Code  Gb  bsp_uart_fifo.o [1]
RS485_sendbuf           0x08035b2d     0x3c  Code  Gb  bsp_uart_fifo.o [1]
Region$$Table$$Base     0x0803ea54            --   Gb  - Linker created -
Region$$Table$$Limit    0x0803ea80            --   Gb  - Linker created -
SDCardInfo              0x2001e930     0x58  Data  Gb  bsp_sdio_sd.o [1]
SDEnWideBus             0x0803a971    0x198  Code  Lc  bsp_sdio_sd.o [1]
SDIO_ClearFlag          0x0803bcc1      0x6  Code  Gb  stm32f4xx_sdio.o [1]
SDIO_ClearITPendingBit  0x0803bce1      0x6  Code  Gb  stm32f4xx_sdio.o [1]
SDIO_ClockCmd           0x0803bbef      0x8  Code  Gb  stm32f4xx_sdio.o [1]
SDIO_CmdInitStructure   0x2001eb94     0x14  Data  Gb  bsp_sdio_sd.o [1]
SDIO_DMACmd             0x0803bc81      0x8  Code  Gb  stm32f4xx_sdio.o [1]
SDIO_DataConfig         0x0803bc4d     0x2e  Code  Gb  stm32f4xx_sdio.o [1]
SDIO_DataInitStructure  0x2001eb7c     0x18  Data  Gb  bsp_sdio_sd.o [1]
SDIO_DeInit             0x0803bbad     0x18  Code  Gb  stm32f4xx_sdio.o [1]
SDIO_GetCommandResponse
                        0x0803bc2f      0x8  Code  Gb  stm32f4xx_sdio.o [1]
SDIO_GetFlagStatus      0x0803bca7     0x1a  Code  Gb  stm32f4xx_sdio.o [1]
SDIO_GetITStatus        0x0803bcc7     0x1a  Code  Gb  stm32f4xx_sdio.o [1]
SDIO_GetPowerState      0x0803bbfd      0xa  Code  Gb  stm32f4xx_sdio.o [1]
SDIO_GetResponse        0x0803bc37     0x16  Code  Gb  stm32f4xx_sdio.o [1]
SDIO_IRQHandler         0x0803af59      0x8  Code  Gb  bsp_sdio_sd.o [1]
SDIO_ITConfig           0x0803bc89     0x1e  Code  Gb  stm32f4xx_sdio.o [1]
SDIO_Init               0x0803bbc5     0x2a  Code  Gb  stm32f4xx_sdio.o [1]
SDIO_InitStructure      0x2001eb64     0x18  Data  Gb  bsp_sdio_sd.o [1]
SDIO_Interrupts_Config  0x0803af1d     0x3c  Code  Gb  bsp_sdio_sd.o [1]
SDIO_ReadData           0x0803bc7b      0x6  Code  Gb  stm32f4xx_sdio.o [1]
SDIO_SendCommand        0x0803bc07     0x28  Code  Gb  stm32f4xx_sdio.o [1]
SDIO_SetPowerState      0x0803bbf7      0x6  Code  Gb  stm32f4xx_sdio.o [1]
SDWE_WARNNING           0x0802f5bf     0x2a  Code  Gb  bsp_sdwe050c17.o [1]
SD_Detect               0x08039615     0x22  Code  Gb  bsp_sdio_sd.o [1]
SD_EnableWideBusOperation
                        0x08039e11     0xc8  Code  Gb  bsp_sdio_sd.o [1]
SD_GetCardInfo          0x08039a25    0x3ec  Code  Gb  bsp_sdio_sd.o [1]
SD_GetState             0x080395eb     0x2a  Code  Gb  bsp_sdio_sd.o [1]
SD_GetStatus            0x080395c9     0x22  Code  Gb  bsp_sdio_sd.o [1]
SD_Init                 0x08039511     0xb8  Code  Gb  bsp_sdio_sd.o [1]
SD_InitializeCards      0x08039883    0x1a2  Code  Gb  bsp_sdio_sd.o [1]
SD_LowLevel_DMA_RxConfig
                        0x0803ae67     0x8e  Code  Gb  bsp_sdio_sd.o [1]
SD_LowLevel_DMA_TxConfig
                        0x0803add9     0x8e  Code  Gb  bsp_sdio_sd.o [1]
SD_LowLevel_Init        0x0803ad15     0xbc  Code  Gb  bsp_sdio_sd.o [1]
SD_PowerON              0x08039637    0x24c  Code  Gb  bsp_sdio_sd.o [1]
SD_ProcessDMAIRQ        0x0803a655     0x22  Code  Gb  bsp_sdio_sd.o [1]
SD_ProcessIRQSrc        0x0803a5a7     0xae  Code  Gb  bsp_sdio_sd.o [1]
SD_ReadBlock            0x08039f11    0x108  Code  Gb  bsp_sdio_sd.o [1]
SD_ReadMultiBlocks      0x0803a019    0x134  Code  Gb  bsp_sdio_sd.o [1]
SD_SelectDeselect       0x08039ed9     0x38  Code  Gb  bsp_sdio_sd.o [1]
SD_SendStatus           0x0803a539     0x6e  Code  Gb  bsp_sdio_sd.o [1]
SD_StopTransfer         0x0803a4f1     0x44  Code  Gb  bsp_sdio_sd.o [1]
SD_WaitReadOperation    0x0803a151     0x96  Code  Gb  bsp_sdio_sd.o [1]
SD_WriteBlock           0x0803a1f1    0x11e  Code  Gb  bsp_sdio_sd.o [1]
SD_WriteMultiBlocks     0x0803a31d    0x1cc  Code  Gb  bsp_sdio_sd.o [1]
SPI1_Init               0x08035ea9     0xc0  Code  Gb  bsp_spi.o [1]
SPI1_ReadWriteByte      0x08035f91     0x32  Code  Gb  bsp_spi.o [1]
SPI1_SetSpeed           0x08035f69     0x28  Code  Gb  bsp_spi.o [1]
SPI_Cmd                 0x080382dd     0x1c  Code  Gb  stm32f4xx_spi.o [1]
SPI_I2S_GetFlagStatus   0x080382f9     0x18  Code  Gb  stm32f4xx_spi.o [1]
SPI_Init                0x0803829d     0x40  Code  Gb  stm32f4xx_spi.o [1]
SVC_Handler             0x08037ce1           Code  Gb  portasm.o [1]
SYSCFG_EXTILineConfig   0x0803e429     0x50  Code  Gb  stm32f4xx_syscfg.o [1]
Sdwe_ClearReadDisk      0x0802f695     0x1c  Code  Gb  bsp_sdwe050c17.o [1]
Sdwe_change_class_time  0x0802faf7     0x30  Code  Gb  bsp_sdwe050c17.o [1]
Sdwe_clearString        0x0802f5e9     0x54  Code  Gb  bsp_sdwe050c17.o [1]
Sdwe_clear_filename     0x0802f6e1     0x2a  Code  Gb  bsp_sdwe050c17.o [1]
Sdwe_disDigi            0x0802f499     0xa4  Code  Gb  bsp_sdwe050c17.o [1]
Sdwe_disPicture         0x0802f44f     0x4a  Code  Gb  bsp_sdwe050c17.o [1]
Sdwe_disString          0x0802f53d     0x82  Code  Gb  bsp_sdwe050c17.o [1]
Sdwe_hidden_page        0x0802fb83     0x30  Code  Gb  bsp_sdwe050c17.o [1]
Sdwe_peiliao_page       0x0802fa01     0xf6  Code  Gb  bsp_sdwe050c17.o [1]
Sdwe_period_page        0x0802fb27     0x5c  Code  Gb  bsp_sdwe050c17.o [1]
Sdwe_product_page       0x0802f889    0x174  Code  Gb  bsp_sdwe050c17.o [1]
Sdwe_readRTC            0x0802f6b1     0x30  Code  Gb  bsp_sdwe050c17.o [1]
Sdwe_refresh_allname    0x0802f841     0x48  Code  Gb  bsp_sdwe050c17.o [1]
Sdwe_refresh_filename   0x0802f70b    0x136  Code  Gb  bsp_sdwe050c17.o [1]
Sdwe_stop_page          0x0802fbb3    0x366  Code  Gb  bsp_sdwe050c17.o [1]
Sdwe_writeIcon          0x0802f63d     0x58  Code  Gb  bsp_sdwe050c17.o [1]
SetSysClock             0x0803df53     0xce  Code  Lc  system_stm32f4xx.o [1]
SlavePara               0x2001e5d8     0xa4  Data  Gb  protocol.o [1]
StopCondition           0x2001ed40      0x4  Data  Gb  bsp_sdio_sd.o [1]
SysTick_Handler         0x08034c9f     0x2c  Code  Gb  port.o [1]
SystemCoreClock         0x200001ac      0x4  Data  Gb  system_stm32f4xx.o [1]
SystemInit              0x0803df01     0x52  Code  Gb  system_stm32f4xx.o [1]
TIM1_PWM_SETPMOTOR      0x0803dc59     0x9e  Code  Gb  bsp_stepmotor.o [1]
TIM2_IRQHandler         0x08035de5     0xac  Code  Gb  bsp_timer.o [1]
TIM3_PWM_SETPMOTOR      0x0803dbf1     0x68  Code  Gb  bsp_stepmotor.o [1]
TIM6_DAC_IRQHandler     0x0803e6eb     0x22  Code  Gb  SysInfoTest.o [1]
TIM_ARRPreloadConfig    0x08030c7f     0x1c  Code  Gb  stm32f4xx_tim.o [1]
TIM_CallBack1           0x0802dc21     0x34  Code  Gb  apptask.o [1]
TIM_ClearITPendingBit   0x08030ef9      0x8  Code  Gb  stm32f4xx_tim.o [1]
TIM_Cmd                 0x08030c9b     0x1c  Code  Gb  stm32f4xx_tim.o [1]
TIM_CtrlPWMOutputs      0x08030e8f     0x22  Code  Gb  stm32f4xx_tim.o [1]
TIM_GetITStatus         0x08030ec7     0x32  Code  Gb  stm32f4xx_tim.o [1]
TIM_ITConfig            0x08030eb1     0x16  Code  Gb  stm32f4xx_tim.o [1]
TIM_OC2Init             0x08030cb7     0x8c  Code  Gb  stm32f4xx_tim.o [1]
TIM_OC2PreloadConfig    0x08030e55     0x14  Code  Gb  stm32f4xx_tim.o [1]
TIM_OC3Init             0x08030d43     0x8a  Code  Gb  stm32f4xx_tim.o [1]
TIM_OC3PreloadConfig    0x08030e69     0x12  Code  Gb  stm32f4xx_tim.o [1]
TIM_OC4Init             0x08030dcd     0x68  Code  Gb  stm32f4xx_tim.o [1]
TIM_OC4PreloadConfig    0x08030e7b     0x14  Code  Gb  stm32f4xx_tim.o [1]
TIM_TimeBaseInit        0x08030c15     0x6a  Code  Gb  stm32f4xx_tim.o [1]
Task_iwdg_refresh       0x0802dde1     0x56  Code  Gb  apptask.o [1]
TransferEnd             0x2001ed44      0x4  Data  Gb  bsp_sdio_sd.o [1]
TransferError           0x2001edec      0x1  Data  Gb  bsp_sdio_sd.o [1]
UART1ToPC               0x08035acd     0x30  Code  Gb  bsp_uart_fifo.o [1]
UART2ToPC               0x08035afd     0x30  Code  Gb  bsp_uart_fifo.o [1]
UART2_RX_BUF            0x2001e8cc     0x64  Data  Gb  bsp_uart_fifo.o [1]
UART3ToPC               0x08035b69     0x30  Code  Gb  bsp_uart_fifo.o [1]
UART4ToPC               0x08035b99     0x30  Code  Gb  bsp_uart_fifo.o [1]
UART4_IRQHandler        0x080359db     0x84  Code  Gb  bsp_uart_fifo.o [1]
UART4_RX_BUF            0x2001e868     0x64  Data  Gb  bsp_uart_fifo.o [1]
UART5ToPC               0x08035bcb     0x30  Code  Gb  bsp_uart_fifo.o [1]
UART5_IRQHandler        0x08035a5f     0x6e  Code  Gb  bsp_uart_fifo.o [1]
UART5_RX_BUF            0x2001e804     0x64  Data  Gb  bsp_uart_fifo.o [1]
USART1_IRQHandler       0x0803594b     0x1e  Code  Gb  bsp_uart_fifo.o [1]
USART2_IRQHandler       0x08035969     0x68  Code  Gb  bsp_uart_fifo.o [1]
USART3_IRQHandler       0x080359d1      0xa  Code  Gb  bsp_uart_fifo.o [1]
USART_ClearFlag         0x08037ee3      0xc  Code  Gb  stm32f4xx_usart.o [1]
USART_Cmd               0x08037e2d     0x1c  Code  Gb  stm32f4xx_usart.o [1]
USART_DMACmd            0x08037e59     0x16  Code  Gb  stm32f4xx_usart.o [1]
USART_GetFlagStatus     0x08037ec5     0x1e  Code  Gb  stm32f4xx_usart.o [1]
USART_GetITStatus       0x08037eef     0x70  Code  Gb  stm32f4xx_usart.o [1]
USART_ITConfig          0x08037e6f     0x56  Code  Gb  stm32f4xx_usart.o [1]
USART_Init              0x08037d31     0xee  Code  Gb  stm32f4xx_usart.o [1]
USART_ReceiveData       0x08037e51      0x8  Code  Gb  stm32f4xx_usart.o [1]
USART_SendData          0x08037e49      0x8  Code  Gb  stm32f4xx_usart.o [1]
USBH_Alloc_Channel      0x080370a1     0x2e  Code  Gb  usbh_hcs.o [1]
USBH_BulkReceiveData    0x08037745     0x62  Code  Gb  usbh_ioreq.o [1]
USBH_BulkSendData       0x080376e3     0x62  Code  Gb  usbh_ioreq.o [1]
USBH_CfgDesc            0x2001e310    0x200  Data  Gb  usbh_stdreq.o [1]
USBH_ClrFeature         0x080372eb     0x4c  Code  Gb  usbh_stdreq.o [1]
USBH_Connected          0x080311e5      0xc  Code  Gb  usbh_core.o [1]
USBH_CtlReceiveData     0x0803769d     0x46  Code  Gb  usbh_ioreq.o [1]
USBH_CtlReq             0x08037577     0x6e  Code  Gb  usbh_ioreq.o [1]
USBH_CtlSendData        0x08037629     0x74  Code  Gb  usbh_ioreq.o [1]
USBH_CtlSendSetup       0x080375e5     0x44  Code  Gb  usbh_ioreq.o [1]
USBH_DataInBuffer       0x2001e110    0x200  Data  Gb  usbh_msc_scsi.o [1]
USBH_DeAllocate_AllChannel
                        0x080370f3     0x20  Code  Gb  usbh_hcs.o [1]
USBH_DeInit             0x0803124b     0x3e  Code  Gb  usbh_core.o [1]
USBH_Disconnected       0x080311f1      0xc  Code  Gb  usbh_core.o [1]
USBH_ErrorHandle        0x0803145b     0x34  Code  Gb  usbh_core.o [1]
USBH_Free_Channel       0x080370cf     0x24  Code  Gb  usbh_hcs.o [1]
USBH_GetDescriptor      0x0803724b     0x4e  Code  Gb  usbh_stdreq.o [1]
USBH_GetFreeChannel     0x08037113     0x2e  Code  Lc  usbh_hcs.o [1]
USBH_GetNextDesc        0x0803755f     0x18  Code  Gb  usbh_stdreq.o [1]
USBH_Get_CfgDesc        0x08037187     0x78  Code  Gb  usbh_stdreq.o [1]
USBH_Get_DevDesc        0x08037141     0x46  Code  Gb  usbh_stdreq.o [1]
USBH_Get_StringDesc     0x080371ff     0x4c  Code  Gb  usbh_stdreq.o [1]
USBH_HCD_INT_cb         0x2000019c      0xc  Data  Gb  usbh_core.o [1]
USBH_HCD_INT_fops       0x200001b0      0x4  Data  Gb  usbh_core.o [1]
USBH_HandleControl      0x080316a3    0x29a  Code  Gb  usbh_core.o [1]
USBH_HandleEnum         0x0803148f    0x214  Code  Lc  usbh_core.o [1]
USBH_Init               0x08031203     0x48  Code  Gb  usbh_core.o [1]
USBH_MSC_BOTReset       0x0803cced     0x28  Code  Lc  usbh_msc_core.o [1]
USBH_MSC_BOTXferParam   0x2001ec78     0x10  Data  Gb  usbh_msc_bot.o [1]
USBH_MSC_BOT_Abort      0x0803b9c9     0x5c  Code  Gb  usbh_msc_bot.o [1]
USBH_MSC_CBWData        0x2001eb44     0x20  Data  Gb  usbh_msc_bot.o [1]
USBH_MSC_CSWData        0x2001ec68     0x10  Data  Gb  usbh_msc_bot.o [1]
USBH_MSC_ClassRequest   0x0803cadb     0x12  Code  Lc  usbh_msc_core.o [1]
USBH_MSC_DecodeCSW      0x0803ba25     0x7a  Code  Gb  usbh_msc_bot.o [1]
USBH_MSC_ErrorHandle    0x0803cd3d     0x3e  Code  Gb  usbh_msc_core.o [1]
USBH_MSC_GETMaxLUN      0x0803cd15     0x28  Code  Lc  usbh_msc_core.o [1]
USBH_MSC_Handle         0x0803caed    0x200  Code  Lc  usbh_msc_core.o [1]
USBH_MSC_HandleBOTXfer  0x0803b5c5    0x404  Code  Gb  usbh_msc_bot.o [1]
USBH_MSC_Init           0x0803b581     0x44  Code  Gb  usbh_msc_bot.o [1]
USBH_MSC_InterfaceDeInit
                        0x0803ca8f     0x4c  Code  Lc  usbh_msc_core.o [1]
USBH_MSC_InterfaceInit  0x0803c9a9     0xe6  Code  Lc  usbh_msc_core.o [1]
USBH_MSC_ModeSense6     0x0803b17b    0x10c  Code  Gb  usbh_msc_scsi.o [1]
USBH_MSC_Param          0x2001ec88     0x10  Data  Gb  usbh_msc_scsi.o [1]
USBH_MSC_Read10         0x0803b461    0x106  Code  Gb  usbh_msc_scsi.o [1]
USBH_MSC_ReadCapacity10
                        0x0803b051    0x12a  Code  Gb  usbh_msc_scsi.o [1]
USBH_MSC_RequestSense   0x0803b287     0xee  Code  Gb  usbh_msc_scsi.o [1]
USBH_MSC_TestUnitReady  0x0803af69     0xe8  Code  Gb  usbh_msc_scsi.o [1]
USBH_MSC_Write10        0x0803b375     0xec  Code  Gb  usbh_msc_scsi.o [1]
USBH_MSC_cb             0x2000018c     0x10  Data  Gb  usbh_msc_core.o [1]
USBH_Modify_Channel     0x0803702d     0x74  Code  Gb  usbh_hcs.o [1]
USBH_OTG_ISR_Handler    0x0803bd29     0xb8  Code  Gb  usb_hcd_int.o [1]
USBH_Open_Channel       0x08036f87     0xa6  Code  Gb  usbh_hcs.o [1]
USBH_ParseCfgDesc       0x08037393    0x13c  Code  Lc  usbh_stdreq.o [1]
USBH_ParseDevDesc       0x08037337     0x5c  Code  Lc  usbh_stdreq.o [1]
USBH_ParseEPDesc        0x08037503     0x20  Code  Lc  usbh_stdreq.o [1]
USBH_ParseInterfaceDesc
                        0x080374dd     0x26  Code  Lc  usbh_stdreq.o [1]
USBH_ParseStringDesc    0x08037523     0x3c  Code  Lc  usbh_stdreq.o [1]
USBH_Process            0x08031289    0x1d2  Code  Gb  usbh_core.o [1]
USBH_SOF                0x080311fd      0x6  Code  Gb  usbh_core.o [1]
USBH_SetAddress         0x08037299     0x2a  Code  Gb  usbh_stdreq.o [1]
USBH_SetCfg             0x080372c3     0x28  Code  Gb  usbh_stdreq.o [1]
USBH_SubmitSetupRequest
                        0x080377a7     0x16  Code  Lc  usbh_ioreq.o [1]
USBH_USR_Configuration_DescAvailable
                        0x080310ed     0x26  Code  Gb  usbh_usr.o [1]
USBH_USR_DeInit         0x080311e1      0x2  Code  Gb  usbh_usr.o [1]
USBH_USR_DeviceAddressAssigned
                        0x080310eb      0x2  Code  Gb  usbh_usr.o [1]
USBH_USR_DeviceAttached
                        0x08031065      0xa  Code  Gb  usbh_usr.o [1]
USBH_USR_DeviceDisconnected
                        0x08031079     0x1a  Code  Gb  usbh_usr.o [1]
USBH_USR_DeviceNotSupported
                        0x08031157      0xa  Code  Gb  usbh_usr.o [1]
USBH_USR_DeviceSpeedDetected
                        0x0803109d     0x36  Code  Gb  usbh_usr.o [1]
USBH_USR_Device_DescAvailable
                        0x080310d3     0x18  Code  Gb  usbh_usr.o [1]
USBH_USR_EnumerationDone
                        0x0803113d     0x1a  Code  Gb  usbh_usr.o [1]
USBH_USR_Init           0x08031041     0x24  Code  Gb  usbh_usr.o [1]
USBH_USR_MSC_Application
                        0x080311dd      0x4  Code  Gb  usbh_usr.o [1]
USBH_USR_Manufacturer_String
                        0x08031113      0xe  Code  Gb  usbh_usr.o [1]
USBH_USR_OverCurrentDetected
                        0x08031165      0xa  Code  Gb  usbh_usr.o [1]
USBH_USR_Product_String
                        0x08031121      0xe  Code  Gb  usbh_usr.o [1]
USBH_USR_ResetDevice    0x08031093      0xa  Code  Gb  usbh_usr.o [1]
USBH_USR_SerialNum_String
                        0x0803112f      0xe  Code  Gb  usbh_usr.o [1]
USBH_USR_UnrecoveredError
                        0x0803106f      0xa  Code  Gb  usbh_usr.o [1]
USBH_USR_UserInput      0x08031161      0x4  Code  Gb  usbh_usr.o [1]
USB_Host                0x2001e67c     0x94  Data  Gb  usbh_usr.o [1]
USB_OTG_BSP_DisableInterrupt
                        0x08036e15     0x22  Code  Gb  usb_bsp.o [1]
USB_OTG_BSP_EnableInterrupt
                        0x08036e37     0x54  Code  Gb  usb_bsp.o [1]
USB_OTG_BSP_Init        0x08036d65     0xb0  Code  Gb  usb_bsp.o [1]
USB_OTG_BSP_mDelay      0x08036ea5      0xc  Code  Gb  usb_bsp.o [1]
USB_OTG_BSP_uDelay      0x08036e99      0xc  Code  Gb  usb_bsp.o [1]
USB_OTG_Core            0x2001d3b8    0x5ac  Data  Gb  usbh_usr.o [1]
USB_OTG_CoreInit        0x08038c99     0xce  Code  Gb  usb_core.o [1]
USB_OTG_CoreInitHost    0x08038ea5     0xd0  Code  Gb  usb_core.o [1]
USB_OTG_CoreReset       0x08038ae3     0x60  Code  Lc  usb_core.o [1]
USB_OTG_DisableGlobalInt
                        0x08038d85     0x1e  Code  Gb  usb_core.o [1]
USB_OTG_DriveVbus       0x08038f85     0x54  Code  Gb  usb_core.o [1]
USB_OTG_EnableCommonInt
                        0x08038ac1     0x22  Code  Lc  usb_core.o [1]
USB_OTG_EnableGlobalInt
                        0x08038d67     0x1e  Code  Gb  usb_core.o [1]
USB_OTG_EnableHostInt   0x08038fd9     0x4e  Code  Gb  usb_core.o [1]
USB_OTG_FlushRxFifo     0x08038deb     0x40  Code  Gb  usb_core.o [1]
USB_OTG_FlushTxFifo     0x08038da3     0x48  Code  Gb  usb_core.o [1]
USB_OTG_GetMode         0x08038e71      0xa  Code  Gb  usb_core.o [1]
USB_OTG_HC_DoPing       0x080394c9     0x48  Code  Gb  usb_core.o [1]
USB_OTG_HC_Halt         0x08039455     0x74  Code  Gb  usb_core.o [1]
USB_OTG_HC_Init         0x08039085    0x1d0  Code  Gb  usb_core.o [1]
USB_OTG_HC_StartXfer    0x08039255    0x200  Code  Gb  usb_core.o [1]
USB_OTG_InitFSLSPClkSel
                        0x08039027     0x12  Code  Gb  usb_core.o [1]
USB_OTG_IsEvenFrame     0x08038f75     0x10  Code  Gb  usb_core.o [1]
USB_OTG_IsHostMode      0x08038e7b     0x18  Code  Gb  usb_core.o [1]
USB_OTG_ReadCoreItr     0x08038e93     0x12  Code  Gb  usb_core.o [1]
USB_OTG_ReadHPRT0       0x08039039     0x1c  Code  Gb  usb_core.o [1]
USB_OTG_ReadPacket      0x08038b8b     0x2c  Code  Gb  usb_core.o [1]
USB_OTG_ResetPort       0x08039055     0x30  Code  Gb  usb_core.o [1]
USB_OTG_SelectCore      0x08038bb7     0xe2  Code  Gb  usb_core.o [1]
USB_OTG_SetCurrentMode  0x08038e35     0x3c  Code  Gb  usb_core.o [1]
USB_OTG_USBH_handle_Disconnect_ISR
                        0x0803be65     0x1e  Code  Lc  usb_hcd_int.o [1]
USB_OTG_USBH_handle_IncompletePeriodicXfer_ISR
                        0x0803c97f     0x28  Code  Lc  usb_hcd_int.o [1]
USB_OTG_USBH_handle_hc_ISR
                        0x0803bde1     0x66  Code  Lc  usb_hcd_int.o [1]
USB_OTG_USBH_handle_hc_n_In_ISR
                        0x0803c4f1    0x378  Code  Lc  usb_hcd_int.o [1]
USB_OTG_USBH_handle_hc_n_Out_ISR
                        0x0803c1b9    0x338  Code  Lc  usb_hcd_int.o [1]
USB_OTG_USBH_handle_nptxfempty_ISR
                        0x0803be83    0x118  Code  Lc  usb_hcd_int.o [1]
USB_OTG_USBH_handle_port_ISR
                        0x0803c0b5     0xfe  Code  Lc  usb_hcd_int.o [1]
USB_OTG_USBH_handle_ptxfempty_ISR
                        0x0803bf9b    0x11a  Code  Lc  usb_hcd_int.o [1]
USB_OTG_USBH_handle_rx_qlvl_ISR
                        0x0803c869    0x116  Code  Lc  usb_hcd_int.o [1]
USB_OTG_USBH_handle_sof_ISR
                        0x0803be47     0x1e  Code  Lc  usb_hcd_int.o [1]
USB_OTG_WritePacket     0x08038b43     0x48  Code  Gb  usb_core.o [1]
USB_OTG_dev             0x2001d964    0x5ac  Data  Gb  usbh_usr.o [1]
USRH_cb                 0x200000d8     0x48  Data  Gb  usbh_usr.o [1]
UartDMAConfig           0x080356ed    0x166  Code  Gb  bsp_uart_fifo.o [1]
UartIRQ                 0x08035853     0xf8  Code  Lc  bsp_uart_fifo.o [1]
UsageFault_Handler      0x0803e781      0x2  Code  Gb  stm32f4xx_it.o [1]
UserTimerCallback       0x0802dc55    0x18c  Code  Gb  apptask.o [1]
W25QXX_BUFFER           0x2001b9b8   0x1000  Data  Gb  bsp_w25qxx.o [1]
W25QXX_Erase_Sector     0x080307f5     0x52  Code  Gb  bsp_w25qxx.o [1]
W25QXX_Init             0x080304e5     0x54  Code  Gb  bsp_w25qxx.o [1]
W25QXX_Read             0x080305d3     0x62  Code  Gb  bsp_w25qxx.o [1]
W25QXX_ReadID           0x08030587     0x4c  Code  Gb  bsp_w25qxx.o [1]
W25QXX_ReadSR           0x08030539     0x30  Code  Gb  bsp_w25qxx.o [1]
W25QXX_TYPE             0x200001b4      0x2  Data  Gb  bsp_w25qxx.o [1]
W25QXX_Wait_Busy        0x08030847      0xc  Code  Gb  bsp_w25qxx.o [1]
W25QXX_Write            0x080306e9    0x10c  Code  Gb  bsp_w25qxx.o [1]
W25QXX_Write_Enable     0x08030569     0x1e  Code  Gb  bsp_w25qxx.o [1]
W25QXX_Write_NoCheck    0x08030691     0x58  Code  Gb  bsp_w25qxx.o [1]
W25QXX_Write_Page       0x08030635     0x5c  Code  Gb  bsp_w25qxx.o [1]
_GenldFullNoMb          0x08036acf    0x24c  Code  Lc  xprintffull_nomb.o [3]
_LdtobFullNoMb          0x080366cd    0x3fc  Code  Lc  xprintffull_nomb.o [3]
_LitobFullNoMb          0x080365c7    0x106  Code  Lc  xprintffull_nomb.o [3]
_Locale_aeabi_lconv     0x20000050     0x38  Data  Gb  localeconv.o [3]
_Locale_lconv           0x20000000     0x50  Data  Gb  localeconv.o [3]
_PrintfFullNoMb         0x08035fcd    0x586  Code  Gb  xprintffull_nomb.o [3]
_Prout                  0x0803ef29     0x16  Code  Gb  xprout.o [3]
_PutcharsFullNoMb       0x08036d1b     0x2e  Code  Lc  xprintffull_nomb.o [3]
_SProut                 0x080304db      0xa  Code  Gb  xsprout.o [3]
__aeabi_cdcmple         0x080384b1           Code  Gb  DblCmpLe.o [4]
__aeabi_cdrcmple        0x080384e1           Code  Gb  DblCmpGe.o [4]
__aeabi_d2iz            0x08038625           Code  Gb  DblToI32.o [4]
__aeabi_d2uiz           0x08038651           Code  Gb  DblToI32.o [4]
__aeabi_ddiv            0x08033bdd           Code  Gb  DblDiv.o [4]
__aeabi_dmul            0x0803882d           Code  Gb  DblMul.o [4]
__aeabi_dsub            0x080386ad           Code  Gb  DblSub.o [4]
__aeabi_f2d             0x080308dd           Code  Gb  FltToDbl.o [4]
__aeabi_i2d             0x0803867d           Code  Gb  I32ToDbl.o [4]
__aeabi_ldiv0           0x0803bad5           Code  Gb  I64DivZer.o [5]
__aeabi_memset          0x08030475           Code  Gb  ABImemset.o [5]
__aeabi_ui2d            0x08038691           Code  Gb  I32ToDbl.o [4]
__aeabi_uldivmod        0x08038381           Code  Gb  I64DivMod.o [5]
__cmain                 0x0803ed69           Code  Gb  cmain.o [5]
__exit                  0x0803ed95     0x14  Code  Gb  exit.o [6]
__iar_Dnorm             0x0803846f     0x42  Code  Gb  xdnorm.o [4]
__iar_Dscale            0x08038511    0x114  Code  Gb  xdscale.o [4]
[...]
check_fs                0x08032f57     0x7e  Code  Lc  ff.o [1]
chk_chr                 0x0803199b     0x14  Code  Lc  ff.o [1]
chk_lock                0x080319af     0x94  Code  Lc  ff.o [1]
clear_lock              0x08031baf     0x30  Code  Lc  ff.o [1]
clust2sect              0x08031d51     0x1a  Code  Gb  ff.o [1]
cmp_lfn                 0x080323d5     0xb6  Code  Lc  ff.o [1]
create_chain            0x08032069     0xea  Code  Lc  ff.o [1]
create_name             0x08032b5d    0x31a  Code  Lc  ff.o [1]
debug_cmd               0x2001edee      0x1  Data  Gb  bsp_uart_fifo.o [1]
dec_lock                0x08031b53     0x5c  Code  Lc  ff.o [1]
device_info             0x2001e710     0x84  Data  Gb  para.o [1]
dir_alloc               0x0803232f     0x66  Code  Lc  ff.o [1]
dir_find                0x080326b1    0x116  Code  Lc  ff.o [1]
dir_next                0x08032205    0x12a  Code  Lc  ff.o [1]
dir_read                0x080327c7    0x10c  Code  Lc  ff.o [1]
dir_register            0x080328d3    0x14e  Code  Lc  ff.o [1]
dir_sdi                 0x08032153     0xb2  Code  Lc  ff.o [1]
disk_initialize         0x080377bd     0x40  Code  Gb  diskio.o [1]
disk_ioctl              0x080379e1     0xa6  Code  Gb  diskio.o [1]
disk_read               0x08037829     0xdc  Code  Gb  diskio.o [1]
disk_status             0x080377fd     0x2c  Code  Gb  diskio.o [1]
disk_write              0x08037905     0xdc  Code  Gb  diskio.o [1]
div                     0x08038a3d      0xe  Code  Gb  div.o [3]
download_num            0x2001ede4      0x1  Data  Gb  apptask.o [1]
enq_lock                0x08031a43     0x28  Code  Lc  ff.o [1]
exit                    0x0803ed83      0x4  Code  Gb  exit.o [3]
f_close                 0x08033a39     0x38  Code  Gb  ff.o [1]
f_mount                 0x0803346d     0x66  Code  Gb  ff.o [1]
f_open                  0x080334d3    0x20e  Code  Gb  ff.o [1]
f_opendir               0x08033a71     0xb2  Code  Gb  ff.o [1]
f_readdir               0x08033b23     0x74  Code  Gb  ff.o [1]
f_sync                  0x08033983     0xb6  Code  Gb  ff.o [1]
f_write                 0x080336f1    0x292  Code  Gb  ff.o [1]
ff_convert              0x08037aa1     0x80  Code  Gb  cc936.o [1]
ff_wtoupper             0x08037b21     0x64  Code  Gb  cc936.o [1]
file_select             0x2001ecc8      0xc  Data  Gb  protocol.o [1]
final_per_meter         0x08030085     0x1a  Code  Gb  product_cal.o [1]
find_volume             0x08032fdd    0x45a  Code  Lc  ff.o [1]
fit_lfn                 0x08032517     0x88  Code  Lc  ff.o [1]
follow_path             0x08032e77     0x90  Code  Lc  ff.o [1]
fputc                   0x08035c01     0x22  Code  Gb  bsp_uart_fifo.o [1]
g_tUart3                0x2001eaa8     0x28  Data  Gb  bsp_uart_fifo.o [1]
gen_numname             0x080325a5     0xec  Code  Lc  ff.o [1]
get_card_type           0x08030257     0xe4  Code  Gb  product_cal.o [1]
get_class_time          0x08030165     0x7a  Code  Gb  product_cal.o [1]
get_fat                 0x08031d6b    0x11c  Code  Gb  ff.o [1]
get_fattime             0x08037a87      0x4  Code  Gb  diskio.o [1]
get_fileinfo            0x08032a21    0x13c  Code  Lc  ff.o [1]
get_float_1bit          0x08030143     0x22  Code  Gb  product_cal.o [1]
get_ldnumber            0x08032f07     0x50  Code  Lc  ff.o [1]
get_period_state        0x080301df     0x4e  Code  Gb  product_cal.o [1]
get_valid_length        0x0802ff49     0x26  Code  Gb  bsp_sdwe050c17.o [1]
hex_to_decimal          0x0802ff6f     0x26  Code  Gb  bsp_sdwe050c17.o [1]
idwgEventGroup          0x2001ed2c      0x4  Data  Gb  apptask.o [1]
inc_card_type           0x08030345    0x11c  Code  Gb  product_cal.o [1]
inc_lock                0x08031a6b     0xe8  Code  Lc  ff.o [1]
init_peiliao_para       0x0802ffbf     0x4c  Code  Gb  product_cal.o [1]
init_product_para       0x0802ff95     0x2a  Code  Gb  product_cal.o [1]
input_password_buf      0x2001ecbc      0xc  Data  Gb  protocol.o [1]
input_password_len      0x2001edf0      0x1  Data  Gb  protocol.o [1]
isDevicePeriod          0x2001edeb      0x1  Data  Gb  apptask.o [1]
isWork                  0x2001ede5      0x1  Data  Gb  apptask.o [1]
is_same_data            0x0803022d     0x2a  Code  Gb  product_cal.o [1]
lcd_busy                0x2001eded      0x1  Data  Gb  bsp_sdwe050c17.o [1]
lcd_rev_buf             0x2001ea74     0x34  Data  Gb  bsp_sdwe050c17.o [1]
lcd_rev_len             0x2001eddc      0x2  Data  Gb  bsp_sdwe050c17.o [1]
ld_clust                0x08032395     0x28  Code  Lc  ff.o [1]
localeconv              0x08038a0b     0x16  Code  Gb  localeconv.o [3]
m_ctrl_dev              0x2001ece8      0x8  Data  Gb  modbus.o [1]
main                    0x0803e785     0x34  Code  Gb  main.o [1]
mallco_dev              0x20000160     0x1c  Data  Gb  malloc.o [1]
mb_init                 0x0803422d     0x30  Code  Gb  modbus.o [1]
mb_packsend_frame       0x0803413b     0xf2  Code  Gb  modbus.o [1]
mb_unpack_frame         0x08033ff9    0x142  Code  Gb  modbus.o [1]
mc_check_crc16          0x08037c01     0x40  Code  Gb  mcheck.o [1]
mc_check_crc8           0x08037bdd     0x24  Code  Gb  mcheck.o [1]
mc_check_sum            0x08037b95     0x2e  Code  Gb  mcheck.o [1]
mc_check_xor            0x08037bc3     0x1a  Code  Gb  mcheck.o [1]
mem1base                0x200119b8   0xa000  Data  Gb  malloc.o [1]
mem1mapbase             0x2001c9b8    0xa00  Data  Gb  malloc.o [1]
mem2base                0x68000000  0xf0000  Data  Gb  malloc.o [1]
mem2mapbase             0x680f0000   0xf000  Data  Gb  malloc.o [1]
mem_cmp                 0x08031977     0x24  Code  Lc  ff.o [1]
mem_cpy                 0x08031945     0x1c  Code  Lc  ff.o [1]
mem_set                 0x08031961     0x16  Code  Lc  ff.o [1]
memblksize              0x0803f2bc      0x8  Data  Gb  malloc.o [1]
memchr                  0x08038329           Code  Gb  memchr.o [5]
memsize                 0x0803f2c4      0x8  Data  Gb  malloc.o [1]
memtblsize              0x0803f2b4      0x8  Data  Gb  malloc.o [1]
modbus_send_frame       0x0803425d     0xe6  Code  Gb  modbus.o [1]
move_window             0x08031c39     0x40  Code  Lc  ff.o [1]
my_mem_free             0x08030b4b     0x6c  Code  Gb  malloc.o [1]
my_mem_init             0x08030a0f     0x42  Code  Gb  malloc.o [1]
my_mem_malloc           0x08030a8f     0xbc  Code  Gb  malloc.o [1]
my_mem_perused          0x08030a51     0x3e  Code  Gb  malloc.o [1]
myfree                  0x08030bb7     0x24  Code  Gb  malloc.o [1]
mymalloc                0x08030bdb     0x2a  Code  Gb  malloc.o [1]
mymemset                0x080309f9     0x16  Code  Gb  malloc.o [1]
obuf                    0x2001e9d8     0x50  Data  Lc  xfiles.o [3]
oem2uni                 0x0801560c  0x15484  Data  Lc  cc936.o [1]
old_card_record         0x2001ede9      0x1  Data  Gb  apptask.o [1]
old_isWork              0x2001ede6      0x1  Data  Gb  apptask.o [1]
para_init               0x0803da03     0x82  Code  Gb  para.o [1]
pcInterruptPriorityRegisters
                        0x0803f2f0      0x4  Data  Lc  port.o [1]
peiliao_para            0x2001eaf8     0x28  Data  Gb  product_cal.o [1]
pick_lfn                0x0803248b     0x8c  Code  Lc  ff.o [1]
pluse_count             0x2001edd6      0x2  Data  Gb  apptask.o [1]
printf                  0x0803092d     0x24  Code  Gb  printf.o [3]
product_complete_kilo   0x080300d5     0x42  Code  Gb  product_cal.o [1]
product_complete_meter  0x0803009f     0x12  Code  Gb  product_cal.o [1]
product_para            0x2001ead0     0x28  Data  Gb  product_cal.o [1]
product_per_meter       0x0803000d     0x78  Code  Gb  product_cal.o [1]
product_uncomplete_kilo
                        0x08030117     0x2c  Code  Gb  product_cal.o [1]
product_uncomplete_meter
                        0x080300b1     0x22  Code  Gb  product_cal.o [1]
prvAddCurrentTaskToDelayedList
                        0x0802e9c1     0x48  Code  Lc  tasks.o [1]
prvAllocateTCBAndStack  0x0802ea09     0x5a  Code  Lc  tasks.o [1]
prvCheckForValidListAndQueue
                        0x08034a9f     0x52  Code  Lc  timers.o [1]
prvCheckTasksWaitingTermination
                        0x0802e957     0x66  Code  Lc  tasks.o [1]
prvCopyDataFromQueue    0x0802f1f1     0x30  Code  Lc  queue.o [1]
prvCopyDataToQueue      0x0802f16d     0x84  Code  Lc  queue.o [1]
prvDeleteTCB            0x0802ea63     0x12  Code  Lc  tasks.o [1]
prvGetNextExpireTime    0x0803488b     0x2e  Code  Lc  timers.o [1]
prvHeapInit             0x08034f8d     0x6e  Code  Lc  heap_4.o [1]
prvIdleTask             0x0802e871     0x26  Code  Lc  tasks.o [1]
prvInitialiseTCBVariables
                        0x0802e897     0x6a  Code  Lc  tasks.o [1]
prvInitialiseTaskLists  0x0802e901     0x56  Code  Lc  tasks.o [1]
prvInsertBlockIntoFreeList
                        0x08034ffb     0x62  Code  Lc  heap_4.o [1]
prvInsertTimerInActiveList
                        0x080348e1     0x50  Code  Lc  timers.o [1]
prvIsQueueEmpty         0x0802f28b     0x20  Code  Lc  queue.o [1]
prvIsQueueFull          0x0802f2ab     0x22  Code  Lc  queue.o [1]
prvProcessExpiredTimer  0x080347a3     0x5c  Code  Lc  timers.o [1]
prvProcessReceivedCommands
                        0x08034931     0xde  Code  Lc  timers.o [1]
prvProcessTimerOrBlockTask
                        0x0803481b     0x70  Code  Lc  timers.o [1]
prvResetNextTaskUnblockTime
                        0x0802ea75     0x26  Code  Lc  tasks.o [1]
prvSampleTimeNow        0x080348b9     0x28  Code  Lc  timers.o [1]
prvSwitchTimerLists     0x08034a0f     0x90  Code  Lc  timers.o [1]
prvTaskExitError        0x08034b3d     0x2a  Code  Lc  port.o [1]
prvTestWaitCondition    0x08034647     0x24  Code  Lc  event_groups.o [1]
prvTimerTask            0x08034801     0x1a  Code  Lc  timers.o [1]
prvUnlockQueue          0x0802f221     0x6a  Code  Lc  queue.o [1]
put_fat                 0x08031e87    0x16c  Code  Gb  ff.o [1]
putchar                 0x0803ef41      0xc  Code  Gb  putchar.o [3]
pvPortMalloc            0x08034dfd    0x118  Code  Gb  heap_4.o [1]
pxCurrentTCB            0x2001ed74      0x4  Data  Gb  tasks.o [1]
pxCurrentTimerList      0x2001edb4      0x4  Data  Lc  timers.o [1]
pxDelayedTaskList       0x2001ed78      0x4  Data  Lc  tasks.o [1]
pxEnd                   0x2001ed5c      0x4  Data  Lc  heap_4.o [1]
pxOverflowDelayedTaskList
                        0x2001ed7c      0x4  Data  Lc  tasks.o [1]
pxOverflowTimerList     0x2001edb8      0x4  Data  Lc  timers.o [1]
pxPortInitialiseStack   0x08034b19     0x24  Code  Gb  port.o [1]
pxReadyTasksLists       0x2001e510     0xc8  Data  Lc  tasks.o [1]
rc522_cmd_anticoll      0x08033f9d     0x5a  Code  Gb  rc522.o [1]
rc522_cmd_request       0x08033f49     0x54  Code  Gb  rc522.o [1]
readSlave               0x2001eca4      0xc  Data  Gb  apptask.o [1]
read_device_info        0x0803d829    0x1da  Code  Gb  para.o [1]
read_file_select        0x2001ecd4      0xc  Data  Gb  protocol.o [1]
remove_chain            0x08031ff3     0x76  Code  Lc  ff.o [1]
rfid_rev_buf            0x2001eba8     0x14  Data  Gb  rc522.o [1]
rfid_rev_cnt            0x2001edf2      0x1  Data  Gb  rc522.o [1]
rfid_rev_flag           0x2001edf1      0x1  Data  Gb  rc522.o [1]
rtc_time                0x2001ecf0      0x8  Data  Gb  protocol.o [1]
s_TIM_CallBack1         0x2001ed4c      0x4  Data  Lc  bsp_timer.o [1]
s_TIM_CallBack2         0x2001ed50      0x4  Data  Lc  bsp_timer.o [1]
s_TIM_CallBack3         0x2001ed54      0x4  Data  Lc  bsp_timer.o [1]
s_TIM_CallBack4         0x2001ed58      0x4  Data  Lc  bsp_timer.o [1]
sample_time             0x2001edd4      0x2  Data  Gb  apptask.o [1]
slave_info              0x2001ec98      0xc  Data  Gb  apptask.o [1]
sprintf                 0x08033ba9     0x34  Code  Gb  sprintf.o [3]
st_clust                0x080323bd     0x18  Code  Lc  ff.o [1]
strcat                  0x08033e33     0x1c  Code  Gb  strcat.o [3]
strchr                  0x08038311           Code  Gb  strchr.o [5]
strlen                  0x08033e51           Code  Gb  strlen.o [5]
strstr                  0x080343f9     0x10  Code  Gb  apptask.o [1]
sum_sfn                 0x08032691     0x20  Code  Lc  ff.o [1]
sync_fs                 0x08031c79     0xd8  Code  Lc  ff.o [1]
sync_window             0x08031bdf     0x5a  Code  Lc  ff.o [1]
ucHeap                  0x200001b8  0x11800  Data  Lc  heap_4.o [1]
ucMaxSysCallPriority    0x2001edef      0x1  Data  Lc  port.o [1]
ulHighFrequencyTimerTicks
                        0x2001ed70      0x4  Data  Gb  SysInfoTest.o [1]
ulMaxPRIGROUPValue      0x2001ed6c      0x4  Data  Lc  port.o [1]
ulTaskSwitchedInTime    0x2001edac      0x4  Data  Lc  tasks.o [1]
ulTotalRunTime          0x2001edb0      0x4  Data  Lc  tasks.o [1]
uni2oem                 0x08000188  0x15484  Data  Lc  cc936.o [1]
usb_disk_flag           0x2001ede7      0x1  Data  Gb  apptask.o [1]
usbh_OpenMassStorage    0x0803102d     0x14  Code  Gb  usbh_usr.o [1]
uxCriticalNesting       0x200001a8      0x4  Data  Lc  port.o [1]
uxCurrentNumberOfTasks  0x2001ed84      0x4  Data  Lc  tasks.o [1]
uxListRemove            0x08034dd5     0x28  Code  Gb  list.o [1]
uxPendedTicks           0x2001ed94      0x4  Data  Lc  tasks.o [1]
uxSchedulerSuspended    0x2001eda8      0x4  Data  Lc  tasks.o [1]
uxTaskNumber            0x2001eda0      0x4  Data  Lc  tasks.o [1]
uxTaskResetEventItemValue
                        0x0802ead5     0x20  Code  Gb  tasks.o [1]
uxTasksDeleted          0x2001ed80      0x4  Data  Lc  tasks.o [1]
uxTopReadyPriority      0x2001ed8c      0x4  Data  Lc  tasks.o [1]
vListInitialise         0x08034d65     0x1e  Code  Gb  list.o [1]
vListInsert             0x08034d9b     0x3a  Code  Gb  list.o [1]
vListInsertEnd          0x08034d83     0x18  Code  Gb  list.o [1]
vPortEnableVFP          0x08037d15           Code  Gb  portasm.o [1]
vPortEnterCritical      0x08034c33     0x3a  Code  Gb  port.o [1]
vPortExitCritical       0x08034c6d     0x32  Code  Gb  port.o [1]
vPortFree               0x08034f15     0x78  Code  Gb  heap_4.o [1]
vPortSetupTimerInterrupt
                        0x08034ccb      0xe  Code  Wk  port.o [1]
vPortStartFirstTask     0x08037cfd           Code  Gb  portasm.o [1]
vPortValidateInterruptPriority
                        0x08034cd9     0x4e  Code  Gb  port.o [1]
vQueueWaitForMessageRestricted
                        0x0802f2cd     0x44  Code  Gb  queue.o [1]
vSetupSysInfoTest       0x0803e6d9     0x12  Code  Gb  SysInfoTest.o [1]
vTaskDelay              0x0802e0cd     0x84  Code  Gb  tasks.o [1]
vTaskManageCapacity     0x0802d6b5    0x2d6  Code  Gb  apptask.o [1]
vTaskMassStorage        0x0802c96d    0x23e  Code  Lc  apptask.o [1]
vTaskMissedYield        0x0802e867      0xa  Code  Gb  tasks.o [1]
vTaskMsgPro             0x0802cfc9    0x426  Code  Lc  apptask.o [1]
vTaskPlaceOnEventList   0x0802e4cd     0x74  Code  Gb  tasks.o [1]
vTaskPlaceOnEventListRestricted
                        0x0802e605     0x80  Code  Gb  tasks.o [1]
vTaskPlaceOnUnorderedEventList
                        0x0802e55d     0xa8  Code  Gb  tasks.o [1]
vTaskReadDisk           0x0802d4b5    0x1b4  Code  Lc  apptask.o [1]
vTaskRev485             0x0802d3ef     0xae  Code  Lc  apptask.o [1]
vTaskSetTimeOutState    0x0802e7b1     0x26  Code  Gb  tasks.o [1]
vTaskStartScheduler     0x0802e151     0x7e  Code  Gb  tasks.o [1]
vTaskSuspendAll         0x0802e1cf     0x10  Code  Gb  tasks.o [1]
vTaskSwitchContext      0x0802e41d     0xb0  Code  Gb  tasks.o [1]
vTaskTaskLCD            0x0802aa91   0x1ea0  Code  Gb  apptask.o [1]
vTaskTaskLED            0x0802cbd1     0x20  Code  Lc  apptask.o [1]
vTaskTaskRFID           0x0802cbf1    0x3a6  Code  Lc  apptask.o [1]
validate                0x08033437     0x36  Code  Lc  ff.o [1]
xActiveTimerList1       0x2001ec20     0x14  Data  Lc  timers.o [1]
xActiveTimerList2       0x2001ec34     0x14  Data  Lc  timers.o [1]
xBlockAllocatedBit      0x2001ed68      0x4  Data  Lc  heap_4.o [1]
xDelayedTaskList1       0x2001ebbc     0x14  Data  Lc  tasks.o [1]
xDelayedTaskList2       0x2001ebd0     0x14  Data  Lc  tasks.o [1]
xEventGroupCreate       0x08034409     0x1c  Code  Gb  event_groups.o [1]
xEventGroupSetBits      0x08034571     0xd6  Code  Gb  event_groups.o [1]
xEventGroupWaitBits     0x08034425    0x146  Code  Gb  event_groups.o [1]
xFreeBytesRemaining     0x2001ed60      0x4  Data  Lc  heap_4.o [1]
xHandleTaskLCD          0x2001ecf8      0x4  Data  Gb  apptask.o [1]
xHandleTaskLED          0x2001ecfc      0x4  Data  Gb  apptask.o [1]
xHandleTaskManageCapacity
                        0x2001ed14      0x4  Data  Gb  apptask.o [1]
xHandleTaskMassStorage  0x2001ed04      0x4  Data  Gb  apptask.o [1]
xHandleTaskMsgPro       0x2001ed0c      0x4  Data  Gb  apptask.o [1]
xHandleTaskRFID         0x2001ed00      0x4  Data  Gb  apptask.o [1]
xHandleTaskReadDisk     0x2001ed08      0x4  Data  Gb  apptask.o [1]
xHandleTaskRev485       0x2001ed10      0x4  Data  Gb  apptask.o [1]
xHeapStructSize         0x0803f2ec      0x4  Data  Lc  heap_4.o [1]
xMinimumEverFreeBytesRemaining
                        0x2001ed64      0x4  Data  Lc  heap_4.o [1]
xNextTaskUnblockTime    0x2001eda4      0x4  Data  Lc  tasks.o [1]
xNumOfOverflows         0x2001ed9c      0x4  Data  Lc  tasks.o [1]
xPendingReadyList       0x2001ebe4     0x14  Data  Lc  tasks.o [1]
xPortStartScheduler     0x08034b67     0xcc  Code  Gb  port.o [1]
xQueueGenericCreate     0x0802ebd9     0x7e  Code  Gb  queue.o [1]
xQueueGenericReceive    0x0802efcd    0x19c  Code  Gb  queue.o [1]
xQueueGenericReset      0x0802eb49     0x90  Code  Gb  queue.o [1]
xQueueGenericSend       0x0802ec57    0x1b2  Code  Gb  queue.o [1]
xQueueGenericSendFromISR
                        0x0802ee09     0xec  Code  Gb  queue.o [1]
xQueueGiveFromISR       0x0802eef5     0xd8  Code  Gb  queue.o [1]
xQueue_message          0x2001ed34      0x4  Data  Gb  apptask.o [1]
xSchedulerRunning       0x2001ed90      0x4  Data  Lc  tasks.o [1]
xSemaphore_download     0x2001ed24      0x4  Data  Gb  apptask.o [1]
xSemaphore_lcd          0x2001ed18      0x4  Data  Gb  apptask.o [1]
xSemaphore_pluse        0x2001ed20      0x4  Data  Gb  apptask.o [1]
xSemaphore_readDisk     0x2001ed28      0x4  Data  Gb  apptask.o [1]
xSemaphore_rs485        0x2001ed1c      0x4  Data  Gb  apptask.o [1]
xStart                  0x2001ece0      0x8  Data  Lc  heap_4.o [1]
xSuspendedTaskList      0x2001ec0c     0x14  Data  Lc  tasks.o [1]
xTaskCheckForTimeOut    0x0802e7dd     0x8a  Code  Gb  tasks.o [1]
xTaskGenericCreate      0x0802df49    0x184  Code  Gb  tasks.o [1]
xTaskGetSchedulerState  0x0802ea9b     0x26  Code  Gb  tasks.o [1]
xTaskGetTickCount       0x0802e2df      0xa  Code  Gb  tasks.o [1]
xTaskIncrementTick      0x0802e2e9    0x134  Code  Gb  tasks.o [1]
xTaskRemoveFromEventList
                        0x0802e689     0x8e  Code  Gb  tasks.o [1]
xTaskRemoveFromUnorderedEventList
                        0x0802e71d     0x94  Code  Gb  tasks.o [1]
xTaskResumeAll          0x0802e1df    0x100  Code  Gb  tasks.o [1]
xTasksWaitingTermination
                        0x2001ebf8     0x14  Data  Lc  tasks.o [1]
xTickCount              0x2001ed88      0x4  Data  Lc  tasks.o [1]
xTimerCreate            0x080346bd     0x62  Code  Gb  timers.o [1]
xTimerCreateTimerTask   0x0803466d     0x50  Code  Gb  timers.o [1]
xTimerGenericCommand    0x0803471f     0x84  Code  Gb  timers.o [1]
xTimerQueue             0x2001edbc      0x4  Data  Lc  timers.o [1]
xTimerUser              0x2001ed30      0x4  Data  Gb  apptask.o [1]
xYieldPending           0x2001ed98      0x4  Data  Lc  tasks.o [1]


[1] = E:\WORK\YarnControl_Driver\YarnControl_Driver\src\stm32f4_rtos\Project\EWARMv7\Flash\Obj
[2] = command line
[3] = dl7M_tlf.a
[4] = m7M_tls.a
[5] = rt7M_tl.a
[6] = shb_l.a

   78 830 bytes of readonly  code memory
  180 698 bytes of readonly  data memory
  128 503 bytes of readwrite data memory (+ 1 044 480 absolute)

Errors: none
Warnings: none
