###############################################################################
#
# IAR ELF Linker V7.40.7.9843/W32 for ARM                 30/Mar/2019  14:39:10
# Copyright 2007-2015 IAR Systems AB.
#
#    Output file  =  
#        E:\work\YarnControl_Driver\src\stm32f4_rtos\Project\EWARMv7\Flash\Exe\project.out
#    Map file     =  
#        E:\work\YarnControl_Driver\src\stm32f4_rtos\Project\EWARMv7\Flash\List\project.map
#    Command line =  
#        E:\work\YarnControl_Driver\src\stm32f4_rtos\Project\EWARMv7\Flash\Obj\apptask.o
#        E:\work\YarnControl_Driver\src\stm32f4_rtos\Project\EWARMv7\Flash\Obj\bsp.o
#        E:\work\YarnControl_Driver\src\stm32f4_rtos\Project\EWARMv7\Flash\Obj\bsp_closeSW.o
#        E:\work\YarnControl_Driver\src\stm32f4_rtos\Project\EWARMv7\Flash\Obj\bsp_dac.o
#        E:\work\YarnControl_Driver\src\stm32f4_rtos\Project\EWARMv7\Flash\Obj\bsp_dwt.o
#        E:\work\YarnControl_Driver\src\stm32f4_rtos\Project\EWARMv7\Flash\Obj\bsp_led.o
#        E:\work\YarnControl_Driver\src\stm32f4_rtos\Project\EWARMv7\Flash\Obj\bsp_relay.o
#        E:\work\YarnControl_Driver\src\stm32f4_rtos\Project\EWARMv7\Flash\Obj\bsp_sdio_sd.o
#        E:\work\YarnControl_Driver\src\stm32f4_rtos\Project\EWARMv7\Flash\Obj\bsp_sdwe050c17.o
#        E:\work\YarnControl_Driver\src\stm32f4_rtos\Project\EWARMv7\Flash\Obj\bsp_servomotor.o
#        E:\work\YarnControl_Driver\src\stm32f4_rtos\Project\EWARMv7\Flash\Obj\bsp_spi.o
#        E:\work\YarnControl_Driver\src\stm32f4_rtos\Project\EWARMv7\Flash\Obj\bsp_stepmotor.o
#        E:\work\YarnControl_Driver\src\stm32f4_rtos\Project\EWARMv7\Flash\Obj\bsp_sw_onoff.o
#        E:\work\YarnControl_Driver\src\stm32f4_rtos\Project\EWARMv7\Flash\Obj\bsp_tim_pwm.o
#        E:\work\YarnControl_Driver\src\stm32f4_rtos\Project\EWARMv7\Flash\Obj\bsp_timer.o
#        E:\work\YarnControl_Driver\src\stm32f4_rtos\Project\EWARMv7\Flash\Obj\bsp_uart_fifo.o
#        E:\work\YarnControl_Driver\src\stm32f4_rtos\Project\EWARMv7\Flash\Obj\bsp_w25qxx.o
#        E:\work\YarnControl_Driver\src\stm32f4_rtos\Project\EWARMv7\Flash\Obj\bsp_watchdog.o
#        E:\work\YarnControl_Driver\src\stm32f4_rtos\Project\EWARMv7\Flash\Obj\cc936.o
#        E:\work\YarnControl_Driver\src\stm32f4_rtos\Project\EWARMv7\Flash\Obj\cJSON.o
#        E:\work\YarnControl_Driver\src\stm32f4_rtos\Project\EWARMv7\Flash\Obj\croutine.o
#        E:\work\YarnControl_Driver\src\stm32f4_rtos\Project\EWARMv7\Flash\Obj\demo_fatfs.o
#        E:\work\YarnControl_Driver\src\stm32f4_rtos\Project\EWARMv7\Flash\Obj\diskio.o
#        E:\work\YarnControl_Driver\src\stm32f4_rtos\Project\EWARMv7\Flash\Obj\encoder_tim.o
#        E:\work\YarnControl_Driver\src\stm32f4_rtos\Project\EWARMv7\Flash\Obj\esp8266_handler.o
#        E:\work\YarnControl_Driver\src\stm32f4_rtos\Project\EWARMv7\Flash\Obj\esp8266_init.o
#        E:\work\YarnControl_Driver\src\stm32f4_rtos\Project\EWARMv7\Flash\Obj\event_groups.o
#        E:\work\YarnControl_Driver\src\stm32f4_rtos\Project\EWARMv7\Flash\Obj\ff.o
#        E:\work\YarnControl_Driver\src\stm32f4_rtos\Project\EWARMv7\Flash\Obj\heap_4.o
#        E:\work\YarnControl_Driver\src\stm32f4_rtos\Project\EWARMv7\Flash\Obj\list.o
#        E:\work\YarnControl_Driver\src\stm32f4_rtos\Project\EWARMv7\Flash\Obj\main.o
#        E:\work\YarnControl_Driver\src\stm32f4_rtos\Project\EWARMv7\Flash\Obj\malloc.o
#        E:\work\YarnControl_Driver\src\stm32f4_rtos\Project\EWARMv7\Flash\Obj\mcheck.o
#        E:\work\YarnControl_Driver\src\stm32f4_rtos\Project\EWARMv7\Flash\Obj\misc.o
#        E:\work\YarnControl_Driver\src\stm32f4_rtos\Project\EWARMv7\Flash\Obj\modbus.o
#        E:\work\YarnControl_Driver\src\stm32f4_rtos\Project\EWARMv7\Flash\Obj\MQTTConnectClient.o
#        E:\work\YarnControl_Driver\src\stm32f4_rtos\Project\EWARMv7\Flash\Obj\MQTTConnectServer.o
#        E:\work\YarnControl_Driver\src\stm32f4_rtos\Project\EWARMv7\Flash\Obj\MQTTDeserializePublish.o
#        E:\work\YarnControl_Driver\src\stm32f4_rtos\Project\EWARMv7\Flash\Obj\MQTTFormat.o
#        E:\work\YarnControl_Driver\src\stm32f4_rtos\Project\EWARMv7\Flash\Obj\MQTTPacket.o
#        E:\work\YarnControl_Driver\src\stm32f4_rtos\Project\EWARMv7\Flash\Obj\MQTTSerializePublish.o
#        E:\work\YarnControl_Driver\src\stm32f4_rtos\Project\EWARMv7\Flash\Obj\MQTTSubscribeClient.o
#        E:\work\YarnControl_Driver\src\stm32f4_rtos\Project\EWARMv7\Flash\Obj\MQTTSubscribeServer.o
#        E:\work\YarnControl_Driver\src\stm32f4_rtos\Project\EWARMv7\Flash\Obj\MQTTUnsubscribeClient.o
#        E:\work\YarnControl_Driver\src\stm32f4_rtos\Project\EWARMv7\Flash\Obj\MQTTUnsubscribeServer.o
#        E:\work\YarnControl_Driver\src\stm32f4_rtos\Project\EWARMv7\Flash\Obj\page_weimi.o
#        E:\work\YarnControl_Driver\src\stm32f4_rtos\Project\EWARMv7\Flash\Obj\para.o
#        E:\work\YarnControl_Driver\src\stm32f4_rtos\Project\EWARMv7\Flash\Obj\port.o
#        E:\work\YarnControl_Driver\src\stm32f4_rtos\Project\EWARMv7\Flash\Obj\portasm.o
#        E:\work\YarnControl_Driver\src\stm32f4_rtos\Project\EWARMv7\Flash\Obj\product_cal.o
#        E:\work\YarnControl_Driver\src\stm32f4_rtos\Project\EWARMv7\Flash\Obj\protocol.o
#        E:\work\YarnControl_Driver\src\stm32f4_rtos\Project\EWARMv7\Flash\Obj\pub0sub1.o
#        E:\work\YarnControl_Driver\src\stm32f4_rtos\Project\EWARMv7\Flash\Obj\queue.o
#        E:\work\YarnControl_Driver\src\stm32f4_rtos\Project\EWARMv7\Flash\Obj\rc522.o
#        E:\work\YarnControl_Driver\src\stm32f4_rtos\Project\EWARMv7\Flash\Obj\startup_stm32f40_41xxx.o
#        E:\work\YarnControl_Driver\src\stm32f4_rtos\Project\EWARMv7\Flash\Obj\stm32f4xx_adc.o
#        E:\work\YarnControl_Driver\src\stm32f4_rtos\Project\EWARMv7\Flash\Obj\stm32f4xx_assert.o
#        E:\work\YarnControl_Driver\src\stm32f4_rtos\Project\EWARMv7\Flash\Obj\stm32f4xx_can.o
#        E:\work\YarnControl_Driver\src\stm32f4_rtos\Project\EWARMv7\Flash\Obj\stm32f4xx_crc.o
#        E:\work\YarnControl_Driver\src\stm32f4_rtos\Project\EWARMv7\Flash\Obj\stm32f4xx_cryp.o
#        E:\work\YarnControl_Driver\src\stm32f4_rtos\Project\EWARMv7\Flash\Obj\stm32f4xx_cryp_aes.o
#        E:\work\YarnControl_Driver\src\stm32f4_rtos\Project\EWARMv7\Flash\Obj\stm32f4xx_cryp_des.o
#        E:\work\YarnControl_Driver\src\stm32f4_rtos\Project\EWARMv7\Flash\Obj\stm32f4xx_cryp_tdes.o
#        E:\work\YarnControl_Driver\src\stm32f4_rtos\Project\EWARMv7\Flash\Obj\stm32f4xx_dac.o
#        E:\work\YarnControl_Driver\src\stm32f4_rtos\Project\EWARMv7\Flash\Obj\stm32f4xx_dbgmcu.o
#        E:\work\YarnControl_Driver\src\stm32f4_rtos\Project\EWARMv7\Flash\Obj\stm32f4xx_dcmi.o
#        E:\work\YarnControl_Driver\src\stm32f4_rtos\Project\EWARMv7\Flash\Obj\stm32f4xx_dma.o
#        E:\work\YarnControl_Driver\src\stm32f4_rtos\Project\EWARMv7\Flash\Obj\stm32f4xx_dma2d.o
#        E:\work\YarnControl_Driver\src\stm32f4_rtos\Project\EWARMv7\Flash\Obj\stm32f4xx_exti.o
#        E:\work\YarnControl_Driver\src\stm32f4_rtos\Project\EWARMv7\Flash\Obj\stm32f4xx_flash.o
#        E:\work\YarnControl_Driver\src\stm32f4_rtos\Project\EWARMv7\Flash\Obj\stm32f4xx_fsmc.o
#        E:\work\YarnControl_Driver\src\stm32f4_rtos\Project\EWARMv7\Flash\Obj\stm32f4xx_gpio.o
#        E:\work\YarnControl_Driver\src\stm32f4_rtos\Project\EWARMv7\Flash\Obj\stm32f4xx_hash.o
#        E:\work\YarnControl_Driver\src\stm32f4_rtos\Project\EWARMv7\Flash\Obj\stm32f4xx_hash_md5.o
#        E:\work\YarnControl_Driver\src\stm32f4_rtos\Project\EWARMv7\Flash\Obj\stm32f4xx_hash_sha1.o
#        E:\work\YarnControl_Driver\src\stm32f4_rtos\Project\EWARMv7\Flash\Obj\stm32f4xx_i2c.o
#        E:\work\YarnControl_Driver\src\stm32f4_rtos\Project\EWARMv7\Flash\Obj\stm32f4xx_it.o
#        E:\work\YarnControl_Driver\src\stm32f4_rtos\Project\EWARMv7\Flash\Obj\stm32f4xx_iwdg.o
#        E:\work\YarnControl_Driver\src\stm32f4_rtos\Project\EWARMv7\Flash\Obj\stm32f4xx_ltdc.o
#        E:\work\YarnControl_Driver\src\stm32f4_rtos\Project\EWARMv7\Flash\Obj\stm32f4xx_pwr.o
#        E:\work\YarnControl_Driver\src\stm32f4_rtos\Project\EWARMv7\Flash\Obj\stm32f4xx_rcc.o
#        E:\work\YarnControl_Driver\src\stm32f4_rtos\Project\EWARMv7\Flash\Obj\stm32f4xx_rng.o
#        E:\work\YarnControl_Driver\src\stm32f4_rtos\Project\EWARMv7\Flash\Obj\stm32f4xx_rtc.o
#        E:\work\YarnControl_Driver\src\stm32f4_rtos\Project\EWARMv7\Flash\Obj\stm32f4xx_sai.o
#        E:\work\YarnControl_Driver\src\stm32f4_rtos\Project\EWARMv7\Flash\Obj\stm32f4xx_sdio.o
#        E:\work\YarnControl_Driver\src\stm32f4_rtos\Project\EWARMv7\Flash\Obj\stm32f4xx_spi.o
#        E:\work\YarnControl_Driver\src\stm32f4_rtos\Project\EWARMv7\Flash\Obj\stm32f4xx_syscfg.o
#        E:\work\YarnControl_Driver\src\stm32f4_rtos\Project\EWARMv7\Flash\Obj\stm32f4xx_tim.o
#        E:\work\YarnControl_Driver\src\stm32f4_rtos\Project\EWARMv7\Flash\Obj\stm32f4xx_usart.o
#        E:\work\YarnControl_Driver\src\stm32f4_rtos\Project\EWARMv7\Flash\Obj\stm32f4xx_wwdg.o
#        E:\work\YarnControl_Driver\src\stm32f4_rtos\Project\EWARMv7\Flash\Obj\SysInfoTest.o
#        E:\work\YarnControl_Driver\src\stm32f4_rtos\Project\EWARMv7\Flash\Obj\system_stm32f4xx.o
#        E:\work\YarnControl_Driver\src\stm32f4_rtos\Project\EWARMv7\Flash\Obj\tasks.o
#        E:\work\YarnControl_Driver\src\stm32f4_rtos\Project\EWARMv7\Flash\Obj\timer_platform.o
#        E:\work\YarnControl_Driver\src\stm32f4_rtos\Project\EWARMv7\Flash\Obj\timers.o
#        E:\work\YarnControl_Driver\src\stm32f4_rtos\Project\EWARMv7\Flash\Obj\transport.o
#        E:\work\YarnControl_Driver\src\stm32f4_rtos\Project\EWARMv7\Flash\Obj\usb_bsp.o
#        E:\work\YarnControl_Driver\src\stm32f4_rtos\Project\EWARMv7\Flash\Obj\usb_core.o
#        E:\work\YarnControl_Driver\src\stm32f4_rtos\Project\EWARMv7\Flash\Obj\usb_hcd.o
#        E:\work\YarnControl_Driver\src\stm32f4_rtos\Project\EWARMv7\Flash\Obj\usb_hcd_int.o
#        E:\work\YarnControl_Driver\src\stm32f4_rtos\Project\EWARMv7\Flash\Obj\usbh_core.o
#        E:\work\YarnControl_Driver\src\stm32f4_rtos\Project\EWARMv7\Flash\Obj\usbh_hcs.o
#        E:\work\YarnControl_Driver\src\stm32f4_rtos\Project\EWARMv7\Flash\Obj\usbh_ioreq.o
#        E:\work\YarnControl_Driver\src\stm32f4_rtos\Project\EWARMv7\Flash\Obj\usbh_it.o
#        E:\work\YarnControl_Driver\src\stm32f4_rtos\Project\EWARMv7\Flash\Obj\usbh_msc_bot.o
#        E:\work\YarnControl_Driver\src\stm32f4_rtos\Project\EWARMv7\Flash\Obj\usbh_msc_core.o
#        E:\work\YarnControl_Driver\src\stm32f4_rtos\Project\EWARMv7\Flash\Obj\usbh_msc_scsi.o
#        E:\work\YarnControl_Driver\src\stm32f4_rtos\Project\EWARMv7\Flash\Obj\usbh_stdreq.o
#        E:\work\YarnControl_Driver\src\stm32f4_rtos\Project\EWARMv7\Flash\Obj\usbh_usr.o
#        -o
#        E:\work\YarnControl_Driver\src\stm32f4_rtos\Project\EWARMv7\Flash\Exe\project.out
#        --map
#        E:\work\YarnControl_Driver\src\stm32f4_rtos\Project\EWARMv7\Flash\List\project.map
#        --config
#        E:\work\YarnControl_Driver\src\stm32f4_rtos\Project\EWARMv7\stm32f4xx_flash.icf
#        --semihosting --entry __iar_program_start --inline --vfe
#
###############################################################################

*******************************************************************************
*** RUNTIME MODEL ATTRIBUTES
***

CppFlavor                     = *
__Heap_Handler                = DLMalloc
__SystemLibrary               = DLib
__dlib_dynamic_initialization = normal


*******************************************************************************
*** PLACEMENT SUMMARY
***

"A1":  place at 0x08000000 { ro section .intvec };
"P1":  place in [from 0x08000000 to 0x080fffff] { ro };
"P2":  place in [from 0x20000000 to 0x2001ffff] { rw, block CSTACK, block HEAP };

  Section             Kind        Address     Size  Object
  -------             ----        -------     ----  ------
"A1":                                        0x188
  .intvec             ro code  0x08000000    0x188  startup_stm32f40_41xxx.o [1]
                             - 0x08000188    0x188

"P1":                                      0x47151
  .rodata             const    0x08000188  0x15484  cc936.o [1]
  .rodata             const    0x0801560c  0x15484  cc936.o [1]
  .text               ro code  0x0802aa90   0x6578  apptask.o [1]
  .text               ro code  0x08031008    0x7c8  queue.o [1]
  .text               ro code  0x080317d0   0x1620  bsp_sdwe050c17.o [1]
  .text               ro code  0x08032df0    0x538  product_cal.o [1]
  .text               ro code  0x08033328     0x66  ABImemset.o [5]
  .text               ro code  0x0803338e     0x1e  xsscin.o [3]
  .text               ro code  0x080333ac    0xce0  tasks.o [1]
  .text               ro code  0x0803408c    0x380  bsp_w25qxx.o [1]
  .text               ro code  0x0803440c     0x4e  FltToDbl.o [4]
  .text               ro code  0x0803445a      0xa  xsprout.o [3]
  .text               ro code  0x08034464     0x24  printf.o [3]
  .text               ro code  0x08034488     0x76  ABImemcpy_unaligned.o [5]
  .text               ro code  0x08034500     0x42  strcmp_unaligned.o [5]
  .text               ro code  0x08034544    0x21c  malloc.o [1]
  .text               ro code  0x08034760     0x30  I32ToDbl.o [4]
  .text               ro code  0x08034790    0x256  DblDiv.o [4]
  .text               ro code  0x080349e8     0xe8  DblAdd.o [4]
  .text               ro code  0x08034ad0    0x1a2  DblMul.o [4]
  .text               ro code  0x08034c74     0x58  DblToI32.o [4]
  .text               ro code  0x08034ccc     0x90  DblToFlt.o [4]
  .text               ro code  0x08034d5c     0x36  strlen.o [5]
  .text               ro code  0x08034d94   0x1412  para.o [1]
  .text               ro code  0x080361a8    0x374  page_weimi.o [1]
  .text               ro code  0x0803651c     0x62  memcmp_unaligned.o [5]
  .text               ro code  0x08036580     0xd4  bsp_dac.o [1]
  .text               ro code  0x08036654    0x380  bsp_servomotor.o [1]
  .text               ro code  0x080369d4    0x1a2  usbh_usr.o [1]
  .text               ro code  0x08036b78    0x760  usbh_core.o [1]
  .text               ro code  0x080372d8   0x2498  ff.o [1]
  .text               ro code  0x08039770     0x34  sprintf.o [3]
  .text               ro code  0x080397a4     0x1c  strcat.o [3]
  .text               ro code  0x080397c0     0xc0  bsp_led.o [1]
  .text               ro code  0x08039880     0xee  rc522.o [1]
  .text               ro code  0x08039970    0x354  modbus.o [1]
  .text               ro code  0x08039cc4     0x68  bsp_sw_onoff.o [1]
  .text               ro code  0x08039d2c     0x80  protocol.o [1]
  .text               ro code  0x08039dac     0x10  para.o [1]
  .text               ro code  0x08039dbc     0xd4  bsp_closeSW.o [1]
  .text               ro code  0x08039e90    0x12c  stm32f4xx_gpio.o [1]
  .text               ro code  0x08039fbc    0x328  bsp_stepmotor.o [1]
  .text               ro code  0x0803a2e4    0x2c0  encoder_tim.o [1]
  .text               ro code  0x0803a5a4    0x262  event_groups.o [1]
  .text               ro code  0x0803a808    0x4a4  timers.o [1]
  .text               ro code  0x0803acac      0x8  bsp_watchdog.o [1]
  .text               ro code  0x0803acb4    0x24c  port.o [1]
  .text               ro code  0x0803af00     0x98  list.o [1]
  .text               ro code  0x0803af98    0x280  heap_4.o [1]
  .text               ro code  0x0803b218    0x1e8  stm32f4xx_rcc.o [1]
  .text               ro code  0x0803b400     0x74  bsp_dwt.o [1]
  .text               ro code  0x0803b474    0xaa4  bsp_uart_fifo.o [1]
  .text               ro code  0x0803bf18    0x204  bsp_timer.o [1]
  .text               ro code  0x0803c11c    0x124  bsp_spi.o [1]
  .text               ro code  0x0803c240    0xd96  xprintffull_nomb.o [3]
  .text               ro code  0x0803cfd8    0x180  DblSub.o [4]
  .text               ro code  0x0803d158     0x44  strcpy_unaligned.o [5]
  .text               ro code  0x0803d19c     0x24  sscanf.o [3]
  .text               ro code  0x0803d1c0     0x7c  stm32f4xx_dac.o [1]
  .text               ro code  0x0803d23c    0x6f6  stm32f4xx_tim.o [1]
  .text               ro code  0x0803d934    0x31c  stm32f4xx_dma.o [1]
  .text               ro code  0x0803dc50     0x88  misc.o [1]
  .text               ro code  0x0803dcd8    0x14c  usb_bsp.o [1]
  .text               ro code  0x0803de24     0xd6  usb_hcd.o [1]
  .text               ro code  0x0803defa    0x1ba  usbh_hcs.o [1]
  .text               ro code  0x0803e0b4    0x436  usbh_stdreq.o [1]
  .text               ro code  0x0803e4ea    0x246  usbh_ioreq.o [1]
  .text               ro code  0x0803e730    0x2e4  diskio.o [1]
  .text               ro code  0x0803ea14     0xf4  cc936.o [1]
  .text               ro code  0x0803eb08     0xb8  mcheck.o [1]
  .text               ro code  0x0803ebc0     0x2c  strstr.o [3]
  .text               ro code  0x0803ebec     0x54  stm32f4xx_syscfg.o [1]
  .text               ro code  0x0803ec40     0xc0  stm32f4xx_exti.o [1]
  .text               ro code  0x0803ed00    0x132  I64DivMod.o [5]
  .text               ro code  0x0803ee34     0x10  stm32f4xx_iwdg.o [1]
  CODE                ro code  0x0803ee44     0xa8  portasm.o [1]
  .text               ro code  0x0803eeec    0x254  stm32f4xx_usart.o [1]
  .text               ro code  0x0803f140     0x74  stm32f4xx_spi.o [1]
  .text               ro code  0x0803f1b4     0x16  strchr.o [5]
  .text               ro code  0x0803f1cc     0x58  memchr.o [5]
  .text               ro code  0x0803f224     0x42  xdnorm.o [4]
  .text               ro code  0x0803f268     0x2e  DblCmpLe.o [4]
  .text               ro code  0x0803f298     0x2e  DblCmpGe.o [4]
  .text               ro code  0x0803f2c8    0x114  xdscale.o [4]
  .text               ro code  0x0803f3dc     0x6c  localeconv.o [3]
  .text               ro code  0x0803f448      0xe  div.o [3]
  .text               ro code  0x0803f458    0xb64  xscanffull_nomb.o [3]
  .text               ro code  0x0803ffbc    0xa50  usb_core.o [1]
  .text               ro code  0x08040a0c   0x1a58  bsp_sdio_sd.o [1]
  .text               ro code  0x08042464    0x618  usbh_msc_scsi.o [1]
  .text               ro code  0x08042a7c    0x554  usbh_msc_bot.o [1]
  .text               ro code  0x08042fd0      0x2  I64DivZer.o [5]
  .text               ro code  0x08042fd2     0x28  isxxx.o [3]
  .text               ro code  0x08042ffa     0xa4  xstoll.o [3]
  .text               ro code  0x080430a0    0x1b0  xstoull.o [3]
  .text               ro code  0x08043250    0x168  xstold.o [4]
  .text               ro code  0x080433b8    0x17c  stm32f4xx_sdio.o [1]
  .text               ro code  0x08043534     0x18  setlocale.o [3]
  .text               ro code  0x0804354c     0x16  xlocale_c.o [3]
  .text               ro code  0x08043562     0x14  xlocale_c.o [3]
  .text               ro code  0x08043578      0xc  errno.o [3]
  .text               ro code  0x08043584     0x14  tolower.o [3]
  .text               ro code  0x08043598    0x124  xstopfx.o [3]
  .text               ro code  0x080436bc    0x1b8  xstoflt.o [3]
  .rodata             const    0x08043874     0x2c  apptask.o [1]
  .text               ro code  0x080438a0    0x200  xdtento.o [4]
  .text               ro code  0x08043aa0    0x218  xstoxflt.o [3]
  .text               ro code  0x08043cb8      0x2  xtls.o [3]
  .text               ro code  0x08043cba      0xc  xlocale_c.o [3]
  .text               ro code  0x08043cc8     0x20  DblCmpEq.o [4]
  .text               ro code  0x08043ce8     0x52  xdunscal.o [4]
  .text               ro code  0x08043d3c    0xc7e  usb_hcd_int.o [1]
  .rodata             const    0x080449bc    0x400  apptask.o [1]
  .text               ro code  0x08044dbc    0x3e8  usbh_msc_core.o [1]
  .rodata             const    0x080451a4    0x3dc  cc936.o [1]
  .rodata             const    0x08045580    0x3dc  cc936.o [1]
  .rodata             const    0x0804595c    0x190  product_cal.o [1]
  .text               ro code  0x08045aec    0x154  system_stm32f4xx.o [1]
  .rodata             const    0x08045c40    0x100  mcheck.o [1]
  .rodata             const    0x08045d40    0x100  mcheck.o [1]
  .rodata             const    0x08045e40    0x100  mcheck.o [1]
  .text               ro code  0x08045f40     0xd0  packbits_init.o [5]
  .text               ro code  0x08046010      0x6  abort.o [3]
  .text               ro code  0x08046018     0x14  exit.o [6]
  .text               ro code  0x0804602c     0x4c  bsp.o [1]
  .text               ro code  0x08046078     0x44  bsp_relay.o [1]
  .text               ro code  0x080460bc     0x40  zero_init3.o [5]
  .rodata             const    0x080460fc     0x38  demo_fatfs.o [1]
  .text               ro code  0x08046134     0x38  stm32f4xx_it.o [1]
  .rodata             const    0x0804616c     0x30  apptask.o [1]
  .rodata             const    0x0804619c     0x30  apptask.o [1]
  .rodata             const    0x080461cc     0x30  demo_fatfs.o [1]
  .rodata             const    0x080461fc     0x30  demo_fatfs.o [1]
  .text               ro code  0x0804622c     0x30  main.o [1]
  .rodata             const    0x0804625c     0x2c  demo_fatfs.o [1]
  .rodata             const    0x08046288     0x2c  demo_fatfs.o [1]
  .rodata             const    0x080462b4     0x2c  stm32f4xx_it.o [1]
  .text               ro code  0x080462e0     0x2c  SysInfoTest.o [1]
  .rodata             const    0x0804630c     0x28  demo_fatfs.o [1]
  .rodata             const    0x08046334     0x28  demo_fatfs.o [1]
  .rodata             const    0x0804635c     0x28  demo_fatfs.o [1]
  .text               ro code  0x08046384     0x28  data_init.o [5]
  .rodata             const    0x080463ac     0x24  apptask.o [1]
  .rodata             const    0x080463d0     0x24  apptask.o [1]
  .rodata             const    0x080463f4     0x24  apptask.o [1]
  .rodata             const    0x08046418     0x24  apptask.o [1]
  .rodata             const    0x0804643c     0x24  apptask.o [1]
  .rodata             const    0x08046460     0x24  apptask.o [1]
  .rodata             const    0x08046484     0x24  apptask.o [1]
  .rodata             const    0x080464a8     0x24  apptask.o [1]
  .rodata             const    0x080464cc     0x24  apptask.o [1]
  .rodata             const    0x080464f0     0x24  demo_fatfs.o [1]
  .rodata             const    0x08046514     0x24  demo_fatfs.o [1]
  .rodata             const    0x08046538     0x24  usbh_usr.o [1]
  .text               ro code  0x0804655c     0x22  fpinit_M.o [4]
  .iar.init_table     const    0x08046580     0x34  - Linker created -
  .rodata             const    0x080465b4     0x20  apptask.o [1]
  .rodata             const    0x080465d4     0x20  apptask.o [1]
  .rodata             const    0x080465f4     0x20  apptask.o [1]
  .rodata             const    0x08046614     0x20  apptask.o [1]
  .rodata             const    0x08046634     0x20  demo_fatfs.o [1]
  .rodata             const    0x08046654     0x20  demo_fatfs.o [1]
  .rodata             const    0x08046674     0x20  demo_fatfs.o [1]
  .rodata             const    0x08046694     0x20  usbh_usr.o [1]
  .rodata             const    0x080466b4     0x20  usbh_usr.o [1]
  .rodata             const    0x080466d4     0x20  usbh_usr.o [1]
  .rodata             const    0x080466f4     0x20  usbh_usr.o [1]
  .rodata             const    0x08046714     0x20  usbh_usr.o [1]
  .rodata             const    0x08046734     0x1c  apptask.o [1]
  .rodata             const    0x08046750     0x1c  apptask.o [1]
  .rodata             const    0x0804676c     0x1c  apptask.o [1]
  .rodata             const    0x08046788     0x1c  apptask.o [1]
  .rodata             const    0x080467a4     0x1c  apptask.o [1]
  .rodata             const    0x080467c0     0x1c  apptask.o [1]
  .rodata             const    0x080467dc     0x1c  demo_fatfs.o [1]
  .rodata             const    0x080467f8     0x1c  demo_fatfs.o [1]
  .rodata             const    0x08046814     0x1c  usbh_usr.o [1]
  .rodata             const    0x08046830     0x1c  usbh_usr.o [1]
  .rodata             const    0x0804684c     0x1c  usbh_usr.o [1]
  .rodata             const    0x08046868     0x1c  usbh_usr.o [1]
  .rodata             const    0x08046884     0x1c  usbh_usr.o [1]
  .rodata             const    0x080468a0     0x1c  usbh_usr.o [1]
  .text               ro code  0x080468bc     0x1a  cmain.o [5]
  .text               ro code  0x080468d6      0x4  exit.o [3]
  .text               ro code  0x080468dc      0xa  cexit.o [5]
  .rodata             const    0x080468e8     0x18  apptask.o [1]
  .rodata             const    0x08046900     0x18  apptask.o [1]
  .rodata             const    0x08046918     0x18  apptask.o [1]
  .rodata             const    0x08046930     0x18  apptask.o [1]
  .rodata             const    0x08046948     0x18  apptask.o [1]
  .rodata             const    0x08046960     0x18  apptask.o [1]
  .rodata             const    0x08046978     0x18  apptask.o [1]
  .rodata             const    0x08046990     0x18  apptask.o [1]
  .rodata             const    0x080469a8     0x18  demo_fatfs.o [1]
  .rodata             const    0x080469c0     0x18  demo_fatfs.o [1]
  .rodata             const    0x080469d8     0x18  demo_fatfs.o [1]
  .rodata             const    0x080469f0     0x18  demo_fatfs.o [1]
  .rodata             const    0x08046a08     0x18  para.o [1]
  .rodata             const    0x08046a20     0x18  usbh_usr.o [1]
  .rodata             const    0x08046a38     0x18  usbh_usr.o [1]
  .rodata             const    0x08046a50     0x18  usbh_usr.o [1]
  .rodata             const    0x08046a68     0x18  usbh_usr.o [1]
  .rodata             const    0x08046a80     0x18  usbh_usr.o [1]
  .text               ro code  0x08046a98     0x16  xprout.o [3]
  .text               ro code  0x08046ab0      0xc  putchar.o [3]
  .rodata             const    0x08046abc     0x14  apptask.o [1]
  .rodata             const    0x08046ad0     0x14  apptask.o [1]
  .rodata             const    0x08046ae4     0x14  apptask.o [1]
  .rodata             const    0x08046af8     0x14  apptask.o [1]
  .rodata             const    0x08046b0c     0x14  apptask.o [1]
  .rodata             const    0x08046b20     0x14  apptask.o [1]
  .rodata             const    0x08046b34     0x14  apptask.o [1]
  .rodata             const    0x08046b48     0x14  usbh_usr.o [1]
  .rodata             const    0x08046b5c     0x14  usbh_usr.o [1]
  .rodata             const    0x08046b70     0x10  apptask.o [1]
  .rodata             const    0x08046b80     0x10  apptask.o [1]
  .rodata             const    0x08046b90     0x10  apptask.o [1]
  .rodata             const    0x08046ba0     0x10  apptask.o [1]
  .rodata             const    0x08046bb0     0x10  apptask.o [1]
  .rodata             const    0x08046bc0     0x10  apptask.o [1]
  .rodata             const    0x08046bd0     0x10  apptask.o [1]
  .rodata             const    0x08046be0     0x10  apptask.o [1]
  .rodata             const    0x08046bf0     0x10  apptask.o [1]
  .rodata             const    0x08046c00     0x10  apptask.o [1]
  .rodata             const    0x08046c10     0x10  apptask.o [1]
  .rodata             const    0x08046c20     0x10  apptask.o [1]
  .rodata             const    0x08046c30     0x10  apptask.o [1]
  .rodata             const    0x08046c40     0x10  apptask.o [1]
  .rodata             const    0x08046c50     0x10  apptask.o [1]
  .rodata             const    0x08046c60     0x10  apptask.o [1]
  .rodata             const    0x08046c70     0x10  apptask.o [1]
  .rodata             const    0x08046c80     0x10  apptask.o [1]
  .rodata             const    0x08046c90     0x10  apptask.o [1]
  .rodata             const    0x08046ca0     0x10  bsp_sdwe050c17.o [1]
  .rodata             const    0x08046cb0     0x10  ff.o [1]
  .rodata             const    0x08046cc0     0x10  main.o [1]
  .rodata             const    0x08046cd0     0x10  main.o [1]
  .rodata             const    0x08046ce0     0x10  para.o [1]
  .rodata             const    0x08046cf0     0x10  para.o [1]
  .rodata             const    0x08046d00     0x10  usbh_usr.o [1]
  .rodata             const    0x08046d10     0x10  usbh_usr.o [1]
  .text               ro code  0x08046d20     0x10  startup_stm32f40_41xxx.o [1]
  .text               ro code  0x08046d30     0x10  usbh_it.o [1]
  .rodata             const    0x08046d40      0xc  apptask.o [1]
  .rodata             const    0x08046d4c      0xc  apptask.o [1]
  .rodata             const    0x08046d58      0xc  apptask.o [1]
  .rodata             const    0x08046d64      0xc  apptask.o [1]
  .rodata             const    0x08046d70      0xc  apptask.o [1]
  .rodata             const    0x08046d7c      0xc  apptask.o [1]
  .rodata             const    0x08046d88      0xc  apptask.o [1]
  .rodata             const    0x08046d94      0xc  apptask.o [1]
  .rodata             const    0x08046da0      0xc  apptask.o [1]
  .rodata             const    0x08046dac      0xc  apptask.o [1]
  .rodata             const    0x08046db8      0xc  apptask.o [1]
  .rodata             const    0x08046dc4      0xc  apptask.o [1]
  .rodata             const    0x08046dd0      0xc  apptask.o [1]
  .rodata             const    0x08046ddc      0xc  apptask.o [1]
  .rodata             const    0x08046de8      0xc  apptask.o [1]
  .rodata             const    0x08046df4      0xc  apptask.o [1]
  .rodata             const    0x08046e00      0xc  apptask.o [1]
  .rodata             const    0x08046e0c      0xc  apptask.o [1]
  .rodata             const    0x08046e18      0xc  apptask.o [1]
  .rodata             const    0x08046e24      0xc  apptask.o [1]
  .rodata             const    0x08046e30      0xc  apptask.o [1]
  .rodata             const    0x08046e3c      0xc  apptask.o [1]
  .rodata             const    0x08046e48      0xc  apptask.o [1]
  .rodata             const    0x08046e54      0xc  apptask.o [1]
  .rodata             const    0x08046e60      0xc  apptask.o [1]
  .rodata             const    0x08046e6c      0xc  apptask.o [1]
  .rodata             const    0x08046e78      0xc  apptask.o [1]
  .rodata             const    0x08046e84      0xc  apptask.o [1]
  .rodata             const    0x08046e90      0xc  apptask.o [1]
  .rodata             const    0x08046e9c      0xc  apptask.o [1]
  .rodata             const    0x08046ea8      0xc  apptask.o [1]
  .rodata             const    0x08046eb4      0xc  apptask.o [1]
  .rodata             const    0x08046ec0      0xc  apptask.o [1]
  .rodata             const    0x08046ecc      0xc  bsp_sdwe050c17.o [1]
  .rodata             const    0x08046ed8      0xc  demo_fatfs.o [1]
  .rodata             const    0x08046ee4      0xc  ff.o [1]
  .rodata             const    0x08046ef0      0xc  page_weimi.o [1]
  .rodata             const    0x08046efc      0xc  para.o [1]
  .rodata             const    0x08046f08      0xc  para.o [1]
  .rodata             const    0x08046f14      0xc  para.o [1]
  .rodata             const    0x08046f20      0xc  para.o [1]
  .rodata             const    0x08046f2c      0xc  para.o [1]
  .text               ro code  0x08046f38      0xc  cstartup_M.o [5]
  .rodata             const    0x08046f44      0x8  apptask.o [1]
  .rodata             const    0x08046f4c      0x8  apptask.o [1]
  .rodata             const    0x08046f54      0x8  apptask.o [1]
  .rodata             const    0x08046f5c      0x8  apptask.o [1]
  .rodata             const    0x08046f64      0x8  apptask.o [1]
  .rodata             const    0x08046f6c      0x8  apptask.o [1]
  .rodata             const    0x08046f74      0x8  apptask.o [1]
  .rodata             const    0x08046f7c      0x8  apptask.o [1]
  .rodata             const    0x08046f84      0x8  apptask.o [1]
  .rodata             const    0x08046f8c      0x8  apptask.o [1]
  .rodata             const    0x08046f94      0x8  apptask.o [1]
  .rodata             const    0x08046f9c      0x8  apptask.o [1]
  .rodata             const    0x08046fa4      0x8  apptask.o [1]
  .rodata             const    0x08046fac      0x8  apptask.o [1]
  .rodata             const    0x08046fb4      0x8  bsp_sdwe050c17.o [1]
  .rodata             const    0x08046fbc      0x8  bsp_w25qxx.o [1]
  .rodata             const    0x08046fc4      0x8  ff.o [1]
  .rodata             const    0x08046fcc      0x8  malloc.o [1]
  .rodata             const    0x08046fd4      0x8  malloc.o [1]
  .rodata             const    0x08046fdc      0x8  malloc.o [1]
  .rodata             const    0x08046fe4      0x8  para.o [1]
  .rodata             const    0x08046fec      0x8  para.o [1]
  .rodata             const    0x08046ff4      0x8  para.o [1]
  .rodata             const    0x08046ffc      0x8  para.o [1]
  .rodata             const    0x08047004      0x8  para.o [1]
  .rodata             const    0x0804700c      0x8  para.o [1]
  .rodata             const    0x08047014      0x8  para.o [1]
  .rodata             const    0x0804701c      0x8  para.o [1]
  .rodata             const    0x08047024      0x8  para.o [1]
  .rodata             const    0x0804702c      0x8  para.o [1]
  .rodata             const    0x08047034      0x8  para.o [1]
  .rodata             const    0x0804703c      0x8  para.o [1]
  .rodata             const    0x08047044      0x8  para.o [1]
  .rodata             const    0x0804704c      0x8  para.o [1]
  .rodata             const    0x08047054      0x8  para.o [1]
  .rodata             const    0x0804705c      0x8  para.o [1]
  .rodata             const    0x08047064      0x8  para.o [1]
  .rodata             const    0x0804706c      0x8  para.o [1]
  .rodata             const    0x08047074      0x8  para.o [1]
  .rodata             const    0x0804707c      0x8  para.o [1]
  .rodata             const    0x08047084      0x8  para.o [1]
  .rodata             const    0x0804708c      0x8  tasks.o [1]
  .rodata             const    0x08047094      0x8  timers.o [1]
  .rodata             const    0x0804709c      0x4  heap_4.o [1]
  .rodata             const    0x080470a0      0x4  port.o [1]
  .text               ro code  0x080470a4      0x4  startup_stm32f40_41xxx.o [1]
  .text               ro code  0x080470a8      0x4  startup_stm32f40_41xxx.o [1]
  .text               ro code  0x080470ac      0x4  startup_stm32f40_41xxx.o [1]
  .text               ro code  0x080470b0      0x4  startup_stm32f40_41xxx.o [1]
  .text               ro code  0x080470b4      0x4  startup_stm32f40_41xxx.o [1]
  .text               ro code  0x080470b8      0x4  startup_stm32f40_41xxx.o [1]
  .text               ro code  0x080470bc      0x4  startup_stm32f40_41xxx.o [1]
  .text               ro code  0x080470c0      0x4  startup_stm32f40_41xxx.o [1]
  .text               ro code  0x080470c4      0x4  startup_stm32f40_41xxx.o [1]
  .text               ro code  0x080470c8      0x4  startup_stm32f40_41xxx.o [1]
  .text               ro code  0x080470cc      0x4  startup_stm32f40_41xxx.o [1]
  .text               ro code  0x080470d0      0x4  startup_stm32f40_41xxx.o [1]
  .text               ro code  0x080470d4      0x4  startup_stm32f40_41xxx.o [1]
  .text               ro code  0x080470d8      0x4  startup_stm32f40_41xxx.o [1]
  .text               ro code  0x080470dc      0x4  startup_stm32f40_41xxx.o [1]
  .text               ro code  0x080470e0      0x4  startup_stm32f40_41xxx.o [1]
  .text               ro code  0x080470e4      0x4  startup_stm32f40_41xxx.o [1]
  .text               ro code  0x080470e8      0x4  startup_stm32f40_41xxx.o [1]
  .text               ro code  0x080470ec      0x4  startup_stm32f40_41xxx.o [1]
  .text               ro code  0x080470f0      0x4  startup_stm32f40_41xxx.o [1]
  .text               ro code  0x080470f4      0x4  startup_stm32f40_41xxx.o [1]
  .text               ro code  0x080470f8      0x4  startup_stm32f40_41xxx.o [1]
  .text               ro code  0x080470fc      0x4  startup_stm32f40_41xxx.o [1]
  .text               ro code  0x08047100      0x4  startup_stm32f40_41xxx.o [1]
  .text               ro code  0x08047104      0x4  startup_stm32f40_41xxx.o [1]
  .text               ro code  0x08047108      0x4  startup_stm32f40_41xxx.o [1]
  .text               ro code  0x0804710c      0x4  startup_stm32f40_41xxx.o [1]
  .text               ro code  0x08047110      0x4  startup_stm32f40_41xxx.o [1]
  .text               ro code  0x08047114      0x4  startup_stm32f40_41xxx.o [1]
  .text               ro code  0x08047118      0x4  startup_stm32f40_41xxx.o [1]
  .text               ro code  0x0804711c      0x4  startup_stm32f40_41xxx.o [1]
  .text               ro code  0x08047120      0x4  startup_stm32f40_41xxx.o [1]
  .text               ro code  0x08047124      0x4  startup_stm32f40_41xxx.o [1]
  .text               ro code  0x08047128      0x4  startup_stm32f40_41xxx.o [1]
  .text               ro code  0x0804712c      0x4  startup_stm32f40_41xxx.o [1]
  .text               ro code  0x08047130      0x4  startup_stm32f40_41xxx.o [1]
  .text               ro code  0x08047134      0x4  startup_stm32f40_41xxx.o [1]
  .text               ro code  0x08047138      0x4  startup_stm32f40_41xxx.o [1]
  .text               ro code  0x0804713c      0x4  startup_stm32f40_41xxx.o [1]
  .text               ro code  0x08047140      0x4  startup_stm32f40_41xxx.o [1]
  .text               ro code  0x08047144      0x4  startup_stm32f40_41xxx.o [1]
  .text               ro code  0x08047148      0x4  startup_stm32f40_41xxx.o [1]
  .text               ro code  0x0804714c      0x4  startup_stm32f40_41xxx.o [1]
  .text               ro code  0x08047150      0x4  startup_stm32f40_41xxx.o [1]
  .text               ro code  0x08047154      0x4  startup_stm32f40_41xxx.o [1]
  .text               ro code  0x08047158      0x4  startup_stm32f40_41xxx.o [1]
  .text               ro code  0x0804715c      0x4  startup_stm32f40_41xxx.o [1]
  .text               ro code  0x08047160      0x4  startup_stm32f40_41xxx.o [1]
  .text               ro code  0x08047164      0x4  startup_stm32f40_41xxx.o [1]
  .text               ro code  0x08047168      0x4  startup_stm32f40_41xxx.o [1]
  .text               ro code  0x0804716c      0x4  startup_stm32f40_41xxx.o [1]
  .text               ro code  0x08047170      0x4  startup_stm32f40_41xxx.o [1]
  .text               ro code  0x08047174      0x4  startup_stm32f40_41xxx.o [1]
  .text               ro code  0x08047178      0x4  startup_stm32f40_41xxx.o [1]
  .text               ro code  0x0804717c      0x4  startup_stm32f40_41xxx.o [1]
  .text               ro code  0x08047180      0x4  startup_stm32f40_41xxx.o [1]
  .text               ro code  0x08047184      0x4  startup_stm32f40_41xxx.o [1]
  .text               ro code  0x08047188      0x4  startup_stm32f40_41xxx.o [1]
  .text               ro code  0x0804718c      0x4  startup_stm32f40_41xxx.o [1]
  .text               ro code  0x08047190      0x4  startup_stm32f40_41xxx.o [1]
  .text               ro code  0x08047194      0x4  startup_stm32f40_41xxx.o [1]
  .text               ro code  0x08047198      0x4  startup_stm32f40_41xxx.o [1]
  .text               ro code  0x0804719c      0x4  startup_stm32f40_41xxx.o [1]
  .text               ro code  0x080471a0      0x4  startup_stm32f40_41xxx.o [1]
  .text               ro code  0x080471a4      0x4  startup_stm32f40_41xxx.o [1]
  .text               ro code  0x080471a8      0x4  startup_stm32f40_41xxx.o [1]
  .text               ro code  0x080471ac      0x4  startup_stm32f40_41xxx.o [1]
  .text               ro code  0x080471b0      0x4  startup_stm32f40_41xxx.o [1]
  .rodata             const    0x080471b4      0x0  zero_init3.o [5]
  .rodata             const    0x080471b4      0x0  packbits_init.o [5]
  Initializer bytes   const    0x080471b4    0x125  <for P2 s0>
                             - 0x080472d9  0x47151

"P2":                                      0x1fed0
  P2 s0                        0x20000000    0x246  <Init block>
    __DLIB_PERTHREAD  inited   0x20000000     0x88  localeconv.o [3]
    __DLIB_PERTHREAD  inited   0x20000088     0x74  setlocale.o [3]
    .data             inited   0x200000fc     0x50  demo_fatfs.o [1]
    .data             inited   0x2000014c     0x48  usbh_usr.o [1]
    .data             inited   0x20000194     0x40  xfiles.o [3]
    .data             inited   0x200001d4     0x1c  malloc.o [1]
    .data             inited   0x200001f0     0x14  bsp_servomotor.o [1]
    .data             inited   0x20000204     0x10  stm32f4xx_rcc.o [1]
    .data             inited   0x20000214     0x10  usbh_msc_core.o [1]
    .data             inited   0x20000224      0xc  usbh_core.o [1]
    .data             inited   0x20000230      0x4  port.o [1]
    .data             inited   0x20000234      0x4  system_stm32f4xx.o [1]
    .data             inited   0x20000238      0x4  usbh_core.o [1]
    __DLIB_PERTHREAD  inited   0x2000023c      0x4  errno.o [3]
    .data             inited   0x20000240      0x2  bsp_w25qxx.o [1]
    .data             inited   0x20000242      0x1  apptask.o [1]
    .data             inited   0x20000243      0x1  encoder_tim.o [1]
    .data             inited   0x20000244      0x1  page_weimi.o [1]
    .data             inited   0x20000245      0x1  usbh_msc_scsi.o [1]
  .bss                zero     0x20000248  0x11800  heap_4.o [1]
  .bss                zero     0x20011a48   0xa000  malloc.o [1]
  .bss                zero     0x2001ba48   0x1000  bsp_w25qxx.o [1]
  .bss                zero     0x2001ca48    0xa00  malloc.o [1]
  .bss                zero     0x2001d448    0x5ac  usbh_usr.o [1]
  .bss                zero     0x2001d9f4    0x5ac  usbh_usr.o [1]
  .bss                zero     0x2001dfa0    0x3e8  bsp_uart_fifo.o [1]
  .bss                zero     0x2001e388    0x200  ff.o [1]
  .bss                zero     0x2001e588    0x200  usbh_msc_scsi.o [1]
  .bss                zero     0x2001e788    0x200  usbh_stdreq.o [1]
  .bss                zero     0x2001e988    0x140  tasks.o [1]
  .bss                zero     0x2001eac8    0x12c  page_weimi.o [1]
  .bss                zero     0x2001ebf4     0xd4  protocol.o [1]
  .bss                zero     0x2001ecc8     0xa4  protocol.o [1]
  .bss                zero     0x2001ed6c     0x9c  para.o [1]
  .bss                zero     0x2001ee08     0x94  usbh_usr.o [1]
  .bss                zero     0x2001ee9c     0x64  bsp_uart_fifo.o [1]
  .bss                zero     0x2001ef00     0x64  bsp_uart_fifo.o [1]
  .bss                zero     0x2001ef64     0x4c  usbh_msc_core.o [1]
  .bss                zero     0x2001efb0     0x58  bsp_sdio_sd.o [1]
  .bss                zero     0x2001f008     0x58  protocol.o [1]
  .bss                zero     0x2001f060     0x50  xfiles.o [3]
  .bss                zero     0x2001f0b0     0x40  page_weimi.o [1]
  .bss                zero     0x2001f0f0     0x34  bsp_sdwe050c17.o [1]
  .bss                zero     0x2001f124     0x30  product_cal.o [1]
  .bss                zero     0x2001f154     0x28  product_cal.o [1]
  .bss                zero     0x2001f17c     0x24  ff.o [1]
  .bss                zero     0x2001f1a0     0x20  usbh_msc_bot.o [1]
  .bss                zero     0x2001f1c0     0x18  bsp_sdio_sd.o [1]
  .bss                zero     0x2001f1d8     0x18  bsp_sdio_sd.o [1]
  .bss                zero     0x2001f1f0     0x18  encoder_tim.o [1]
  .bss                zero     0x2001f208     0x14  bsp_sdio_sd.o [1]
  .bss                zero     0x2001f21c     0x14  rc522.o [1]
  .bss                zero     0x2001f230     0x14  tasks.o [1]
  .bss                zero     0x2001f244     0x14  tasks.o [1]
  .bss                zero     0x2001f258     0x14  tasks.o [1]
  .bss                zero     0x2001f26c     0x14  tasks.o [1]
  .bss                zero     0x2001f280     0x14  tasks.o [1]
  .bss                zero     0x2001f294     0x14  timers.o [1]
  .bss                zero     0x2001f2a8     0x14  timers.o [1]
  .bss                zero     0x2001f2bc     0x10  bsp_sdio_sd.o [1]
  .bss                zero     0x2001f2cc     0x10  bsp_sdio_sd.o [1]
  .bss                zero     0x2001f2dc     0x10  usbh_msc_bot.o [1]
  .bss                zero     0x2001f2ec     0x10  usbh_msc_bot.o [1]
  .bss                zero     0x2001f2fc     0x10  usbh_msc_scsi.o [1]
  .bss                zero     0x2001f30c      0xc  apptask.o [1]
  .bss                zero     0x2001f318      0xc  apptask.o [1]
  .bss                zero     0x2001f324      0xc  apptask.o [1]
  .bss                zero     0x2001f330      0xc  apptask.o [1]
  .bss                zero     0x2001f33c      0xc  ff.o [1]
  .bss                zero     0x2001f348      0xc  protocol.o [1]
  .bss                zero     0x2001f354      0xc  protocol.o [1]
  .bss                zero     0x2001f360      0xc  protocol.o [1]
  .bss                zero     0x2001f36c      0x8  heap_4.o [1]
  .bss                zero     0x2001f374      0x8  modbus.o [1]
  .bss                zero     0x2001f37c      0x8  protocol.o [1]
  .bss                zero     0x2001f384      0x4  apptask.o [1]
  .bss                zero     0x2001f388      0x4  apptask.o [1]
  .bss                zero     0x2001f38c      0x4  apptask.o [1]
  .bss                zero     0x2001f390      0x4  apptask.o [1]
  .bss                zero     0x2001f394      0x4  apptask.o [1]
  .bss                zero     0x2001f398      0x4  apptask.o [1]
  .bss                zero     0x2001f39c      0x4  apptask.o [1]
  .bss                zero     0x2001f3a0      0x4  apptask.o [1]
  .bss                zero     0x2001f3a4      0x4  apptask.o [1]
  .bss                zero     0x2001f3a8      0x4  apptask.o [1]
  .bss                zero     0x2001f3ac      0x4  apptask.o [1]
  .bss                zero     0x2001f3b0      0x4  apptask.o [1]
  .bss                zero     0x2001f3b4      0x4  apptask.o [1]
  .bss                zero     0x2001f3b8      0x4  apptask.o [1]
  .bss                zero     0x2001f3bc      0x4  apptask.o [1]
  .bss                zero     0x2001f3c0      0x4  apptask.o [1]
  .bss                zero     0x2001f3c4      0x4  apptask.o [1]
  .bss                zero     0x2001f3c8      0x4  apptask.o [1]
  .bss                zero     0x2001f3cc      0x4  apptask.o [1]
  .bss                zero     0x2001f3d0      0x4  apptask.o [1]
  .bss                zero     0x2001f3d4      0x4  apptask.o [1]
  .bss                zero     0x2001f3d8      0x4  apptask.o [1]
  .bss                zero     0x2001f3dc      0x4  apptask.o [1]
  .bss                zero     0x2001f3e0      0x4  apptask.o [1]
  .bss                zero     0x2001f3e4      0x4  bsp_sdio_sd.o [1]
  .bss                zero     0x2001f3e8      0x4  bsp_sdio_sd.o [1]
  .bss                zero     0x2001f3ec      0x4  bsp_sdio_sd.o [1]
  .bss                zero     0x2001f3f0      0x4  bsp_sdio_sd.o [1]
  .bss                zero     0x2001f3f4      0x4  bsp_sdio_sd.o [1]
  .bss                zero     0x2001f3f8      0x4  bsp_timer.o [1]
  .bss                zero     0x2001f3fc      0x4  bsp_timer.o [1]
  .bss                zero     0x2001f400      0x4  bsp_timer.o [1]
  .bss                zero     0x2001f404      0x4  bsp_timer.o [1]
  .bss                zero     0x2001f408      0x4  heap_4.o [1]
  .bss                zero     0x2001f40c      0x4  heap_4.o [1]
  .bss                zero     0x2001f410      0x4  heap_4.o [1]
  .bss                zero     0x2001f414      0x4  heap_4.o [1]
  .bss                zero     0x2001f418      0x4  page_weimi.o [1]
  .bss                zero     0x2001f41c      0x4  page_weimi.o [1]
  .bss                zero     0x2001f420      0x4  port.o [1]
  .bss                zero     0x2001f424      0x4  product_cal.o [1]
  .bss                zero     0x2001f428      0x4  product_cal.o [1]
  .bss                zero     0x2001f42c      0x4  SysInfoTest.o [1]
  .bss                zero     0x2001f430      0x4  tasks.o [1]
  .bss                zero     0x2001f434      0x4  tasks.o [1]
  .bss                zero     0x2001f438      0x4  tasks.o [1]
  .bss                zero     0x2001f43c      0x4  tasks.o [1]
  .bss                zero     0x2001f440      0x4  tasks.o [1]
  .bss                zero     0x2001f444      0x4  tasks.o [1]
  .bss                zero     0x2001f448      0x4  tasks.o [1]
  .bss                zero     0x2001f44c      0x4  tasks.o [1]
  .bss                zero     0x2001f450      0x4  tasks.o [1]
  .bss                zero     0x2001f454      0x4  tasks.o [1]
  .bss                zero     0x2001f458      0x4  tasks.o [1]
  .bss                zero     0x2001f45c      0x4  tasks.o [1]
  .bss                zero     0x2001f460      0x4  tasks.o [1]
  .bss                zero     0x2001f464      0x4  tasks.o [1]
  .bss                zero     0x2001f468      0x4  tasks.o [1]
  .bss                zero     0x2001f46c      0x4  tasks.o [1]
  .bss                zero     0x2001f470      0x4  timers.o [1]
  .bss                zero     0x2001f474      0x4  timers.o [1]
  .bss                zero     0x2001f478      0x4  timers.o [1]
  .bss                zero     0x2001f47c      0x4  timers.o [1]
  .bss                zero     0x2001f480      0x4  usbh_msc_bot.o [1]
  .bss                zero     0x2001f484      0x4  usbh_msc_bot.o [1]
  .bss                zero     0x2001f488      0x4  usbh_msc_bot.o [1]
  .bss                zero     0x2001f48c      0x4  usbh_msc_bot.o [1]
  .bss                zero     0x2001f490      0x2  apptask.o [1]
  .bss                zero     0x2001f492      0x2  apptask.o [1]
  .bss                zero     0x2001f494      0x2  apptask.o [1]
  .bss                zero     0x2001f496      0x2  apptask.o [1]
  .bss                zero     0x2001f498      0x2  apptask.o [1]
  .bss                zero     0x2001f49a      0x2  bsp_sdwe050c17.o [1]
  .bss                zero     0x2001f49c      0x2  encoder_tim.o [1]
  .bss                zero     0x2001f49e      0x2  encoder_tim.o [1]
  .bss                zero     0x2001f4a0      0x2  ff.o [1]
  .bss                zero     0x2001f4a2      0x2  page_weimi.o [1]
  .bss                zero     0x2001f4a4      0x2  page_weimi.o [1]
  .bss                zero     0x2001f4a6      0x2  product_cal.o [1]
  .bss                zero     0x2001f4a8      0x2  usbh_core.o [1]
  .bss                zero     0x2001f4aa      0x2  usbh_stdreq.o [1]
  .bss                zero     0x2001f4ac      0x1  apptask.o [1]
  .bss                zero     0x2001f4ad      0x1  apptask.o [1]
  .bss                zero     0x2001f4ae      0x1  apptask.o [1]
  .bss                zero     0x2001f4af      0x1  apptask.o [1]
  .bss                zero     0x2001f4b0      0x1  apptask.o [1]
  .bss                zero     0x2001f4b1      0x1  apptask.o [1]
  .bss                zero     0x2001f4b2      0x1  apptask.o [1]
  .bss                zero     0x2001f4b3      0x1  apptask.o [1]
  .bss                zero     0x2001f4b4      0x1  apptask.o [1]
  .bss                zero     0x2001f4b5      0x1  apptask.o [1]
  .bss                zero     0x2001f4b6      0x1  apptask.o [1]
  .bss                zero     0x2001f4b7      0x1  apptask.o [1]
  .bss                zero     0x2001f4b8      0x1  apptask.o [1]
  .bss                zero     0x2001f4b9      0x1  bsp_sdio_sd.o [1]
  .bss                zero     0x2001f4ba      0x1  bsp_sdwe050c17.o [1]
  .bss                zero     0x2001f4bb      0x1  bsp_uart_fifo.o [1]
  .bss                zero     0x2001f4bc      0x1  encoder_tim.o [1]
  .bss                zero     0x2001f4bd      0x1  page_weimi.o [1]
  .bss                zero     0x2001f4be      0x1  page_weimi.o [1]
  .bss                zero     0x2001f4bf      0x1  page_weimi.o [1]
  .bss                zero     0x2001f4c0      0x1  page_weimi.o [1]
  .bss                zero     0x2001f4c1      0x1  page_weimi.o [1]
  .bss                zero     0x2001f4c2      0x1  page_weimi.o [1]
  .bss                zero     0x2001f4c3      0x1  port.o [1]
  .bss                zero     0x2001f4c4      0x1  product_cal.o [1]
  .bss                zero     0x2001f4c5      0x1  product_cal.o [1]
  .bss                zero     0x2001f4c6      0x1  product_cal.o [1]
  .bss                zero     0x2001f4c7      0x1  protocol.o [1]
  .bss                zero     0x2001f4c8      0x1  rc522.o [1]
  .bss                zero     0x2001f4c9      0x1  rc522.o [1]
  .bss                zero     0x2001f4ca      0x1  usbh_msc_bot.o [1]
  .bss                zero     0x2001f4cb      0x1  usbh_msc_core.o [1]
  .bss                zero     0x2001f4cc      0x1  usbh_msc_core.o [1]
  .bss                zero     0x2001f4cd      0x1  usbh_stdreq.o [1]
  .bss                zero     0x2001f4ce      0x1  usbh_usr.o [1]
  CSTACK                       0x2001f4d0    0xa00  <Block>
    CSTACK            uninit   0x2001f4d0    0xa00  <Block tail>
                             - 0x2001fed0  0x1fed0

Absolute sections:                         0xff000
  .bss                zero     0x68000000  0xf0000  malloc.o [1]
  .bss                zero     0x680f0000   0xf000  malloc.o [1]
                             - 0x680ff000  0xff000


*******************************************************************************
*** INIT TABLE
***

          Address     Size
          -------     ----
Zero (__iar_zero_init3)
    2 destination ranges, total size 0x11e287:
          0x20000248  0x1f287
          0x68000000  0xff000

Copy/packbits (__iar_packbits_init3)
    1 source range, total size 0x125 (50% of destination):
          0x080471b4    0x125
    1 destination range, total size 0x246:
          0x20000000    0x246



*******************************************************************************
*** MODULE SUMMARY
***

    Module                    ro code  ro data  rw data    rw data
                                                            (abs)
    ------                    -------  -------  -------    -------
E:\work\YarnControl_Driver\src\stm32f4_rtos\Project\EWARMv7\Flash\Obj: [1]
    SysInfoTest.o                  44                 4
    apptask.o                  25 976    2 929      168
    bsp.o                          76
    bsp_closeSW.o                 212
    bsp_dac.o                     212
    bsp_dwt.o                     116
    bsp_led.o                     192
    bsp_relay.o                    68
    bsp_sdio_sd.o               6 744               209
    bsp_sdwe050c17.o            5 664       36       55
    bsp_servomotor.o              896       10       20
    bsp_spi.o                     292
    bsp_stepmotor.o               808
    bsp_sw_onoff.o                104
    bsp_timer.o                   516                16
    bsp_uart_fifo.o             2 724             1 201
    bsp_w25qxx.o                  896        9    4 098
    bsp_watchdog.o                  8
    cc936.o                       244  176 320
    demo_fatfs.o                           733       80
    diskio.o                      740
    encoder_tim.o                 704                30
    event_groups.o                610
    ff.o                        9 368       36      562
    heap_4.o                      640        4   71 704
    list.o                        152
    main.o                         48       32
    malloc.o                      540       38   43 548  1 044 480
    mcheck.o                      184      768
    misc.o                        136
    modbus.o                      852                 8
    page_weimi.o                  884       13      383
    para.o                      5 154      284      156
    port.o                        588        6        9
    portasm.o                     168
    product_cal.o               1 336      400      101
    protocol.o                    128               509
    queue.o                     1 992
    rc522.o                       238                22
    startup_stm32f40_41xxx.o      680
    stm32f4xx_dac.o               124
    stm32f4xx_dma.o               796
    stm32f4xx_exti.o              192
    stm32f4xx_gpio.o              300
    stm32f4xx_it.o                 56       44
    stm32f4xx_iwdg.o               16
    stm32f4xx_rcc.o               488        8       16
    stm32f4xx_sdio.o              380
    stm32f4xx_spi.o               116
    stm32f4xx_syscfg.o             84
    stm32f4xx_tim.o             1 782
    stm32f4xx_usart.o             596
    system_stm32f4xx.o            340        2        4
    tasks.o                     3 296        8      484
    timers.o                    1 188        8       56
    usb_bsp.o                     332
    usb_core.o                  2 640
    usb_hcd.o                     214
    usb_hcd_int.o               3 198
    usbh_core.o                 1 888        8       18
    usbh_hcs.o                    442
    usbh_ioreq.o                  582
    usbh_it.o                      16
    usbh_msc_bot.o              1 364                81
    usbh_msc_core.o             1 000        8       94
    usbh_msc_scsi.o             1 560        1      529
    usbh_stdreq.o               1 078               515
    usbh_usr.o                    418      592    3 125
    --------------------------------------------------------------
    Total:                     95 420  182 297  127 805  1 044 480

command line: [2]
    --------------------------------------------------------------
    Total:

dl7M_tlf.a: [3]
    abort.o                         6
    div.o                          14
    errno.o                        12        2        4
    exit.o                          4
    isxxx.o                        40
    localeconv.o                  108       68      136
    printf.o                       36
    putchar.o                      12
    setlocale.o                    24       58      116
    sprintf.o                      52
    sscanf.o                       36
    strcat.o                       28
    strstr.o                       44
    tolower.o                      20
    xfiles.o                                32      144
    xlocale_c.o                    54
    xprintffull_nomb.o          3 478
    xprout.o                       22
    xscanffull_nomb.o           2 916
    xsprout.o                      10
    xsscin.o                       30
    xstoflt.o                     440
    xstoll.o                      164
    xstopfx.o                     292
    xstoull.o                     432
    xstoxflt.o                    536
    xtls.o                          2
    --------------------------------------------------------------
    Total:                      8 812      160      400

m7M_tls.a: [4]
    DblAdd.o                      232
    DblCmpEq.o                     32
    DblCmpGe.o                     46
    DblCmpLe.o                     46
    DblDiv.o                      598
    DblMul.o                      418
    DblSub.o                      384
    DblToFlt.o                    144
    DblToI32.o                     88
    FltToDbl.o                     78
    I32ToDbl.o                     48
    fpinit_M.o                     34
    xdnorm.o                       66
    xdscale.o                     276
    xdtento.o                     512
    xdunscal.o                     82
    xstold.o                      360
    --------------------------------------------------------------
    Total:                      3 444

rt7M_tl.a: [5]
    ABImemcpy_unaligned.o         118
    ABImemset.o                   102
    I64DivMod.o                   306
    I64DivZer.o                     2
    cexit.o                        10
    cmain.o                        26
    cstartup_M.o                   12
    data_init.o                    40
    memchr.o                       88
    memcmp_unaligned.o             98
    packbits_init.o               208
    strchr.o                       22
    strcmp_unaligned.o             66
    strcpy_unaligned.o             68
    strlen.o                       54
    zero_init3.o                   64
    --------------------------------------------------------------
    Total:                      1 284

shb_l.a: [6]
    exit.o                         20
    --------------------------------------------------------------
    Total:                         20

    Gaps                           50        6        2
    Linker created                          52    2 560
------------------------------------------------------------------
    Grand Total:              109 030  182 515  130 767  1 044 480


*******************************************************************************
*** ENTRY LIST
***

Entry                      Address     Size  Type      Object
-----                      -------     ----  ----      ------
.iar.init_table$$Base   0x08046580            --   Gb  - Linker created -
.iar.init_table$$Limit  0x080465b4            --   Gb  - Linker created -
?main                   0x080468bd           Code  Gb  cmain.o [5]
APBAHBPrescTable        0x20000204     0x10  Data  Lc  stm32f4xx_rcc.o [1]
AppObjCreate            0x080308e5    0x190  Code  Gb  apptask.o [1]
AppTaskCreate           0x08030761    0x16c  Code  Gb  apptask.o [1]
BOTStallErrorCount      0x2001f480      0x4  Data  Lc  usbh_msc_bot.o [1]
BusFault_Handler        0x08046167      0x2  Code  Gb  stm32f4xx_it.o [1]
CID_Tab                 0x2001f2cc     0x10  Data  Lc  bsp_sdio_sd.o [1]
CRC16HiTable            0x08045c40    0x100  Data  Gb  mcheck.o [1]
CRC16LoTable            0x08045d40    0x100  Data  Gb  mcheck.o [1]
CRC8Table               0x08045e40    0x100  Data  Gb  mcheck.o [1]
CSD_Tab                 0x2001f2bc     0x10  Data  Lc  bsp_sdio_sd.o [1]
CSTACK$$Base            0x2001f4d0            --   Gb  - Linker created -
CSTACK$$Limit           0x2001fed0            --   Gb  - Linker created -
CardType                0x2001f3e4      0x4  Data  Lc  bsp_sdio_sd.o [1]
CmdError                0x08041b75     0x38  Code  Lc  bsp_sdio_sd.o [1]
CmdResp1Error           0x08041c19    0x112  Code  Lc  bsp_sdio_sd.o [1]
CmdResp2Error           0x08041d69     0x52  Code  Lc  bsp_sdio_sd.o [1]
CmdResp3Error           0x08041d2b     0x3e  Code  Lc  bsp_sdio_sd.o [1]
CmdResp6Error           0x08041dbb     0xa6  Code  Lc  bsp_sdio_sd.o [1]
CmdResp7Error           0x08041bad     0x58  Code  Lc  bsp_sdio_sd.o [1]
ConfigExitNVIC          0x08039e27     0x22  Code  Gb  bsp_closeSW.o [1]
ConfigUartNVIC          0x0803b8c3     0x7c  Code  Lc  bsp_uart_fifo.o [1]
DAC_Cmd                 0x0803d1f3     0x26  Code  Gb  stm32f4xx_dac.o [1]
DAC_Init                0x0803d1c1     0x32  Code  Gb  stm32f4xx_dac.o [1]
DAC_SetChannel1Data     0x0803d219     0x1e  Code  Gb  stm32f4xx_dac.o [1]
DMA1_Stream0_IRQHandler
                        0x08036975     0x1c  Code  Gb  bsp_servomotor.o [1]
DMA1_Stream3_IRQHandler
                        0x08036991     0x1c  Code  Gb  bsp_servomotor.o [1]
DMA2_Stream3_IRQHandler
                        0x0804245d      0x8  Code  Gb  bsp_sdio_sd.o [1]
DMAEndOfTransfer        0x2001f3f4      0x4  Data  Gb  bsp_sdio_sd.o [1]
DMA_ClearFlag           0x0803db17     0x24  Code  Gb  stm32f4xx_dma.o [1]
DMA_Cmd                 0x0803dacd     0x1a  Code  Gb  stm32f4xx_dma.o [1]
DMA_DeInit              0x0803d935    0x140  Code  Gb  stm32f4xx_dma.o [1]
DMA_FlowControllerConfig
                        0x0803dae7     0x18  Code  Gb  stm32f4xx_dma.o [1]
DMA_GetCmdStatus        0x0803daff     0x18  Code  Gb  stm32f4xx_dma.o [1]
DMA_GetITStatus         0x0803db7d     0x62  Code  Gb  stm32f4xx_dma.o [1]
DMA_ITConfig            0x0803db3b     0x42  Code  Gb  stm32f4xx_dma.o [1]
DMA_Init                0x0803da75     0x58  Code  Gb  stm32f4xx_dma.o [1]
Dac1_Init               0x08036581     0x5a  Code  Gb  bsp_dac.o [1]
Dac1_Set_Vol            0x080365dd     0x64  Code  Gb  bsp_dac.o [1]
DebugMon_Handler        0x0804616b      0x2  Code  Gb  stm32f4xx_it.o [1]
DiskFile_init           0x08039d2d     0x40  Code  Gb  protocol.o [1]
Disk_File               0x2001ebf4     0xd4  Data  Gb  protocol.o [1]
ENC_Calc_Average_Speed  0x0803a4c7     0x58  Code  Gb  encoder_tim.o [1]
ENC_Calc_Rot_Speed      0x0803a3ed     0xda  Code  Gb  encoder_tim.o [1]
ENC_Clear_Speed_Buffer  0x0803a3d1     0x1c  Code  Gb  encoder_tim.o [1]
ENC_Init                0x0803a2e5     0xec  Code  Gb  encoder_tim.o [1]
EXTI9_5_IRQHandler      0x08039e49     0x3c  Code  Gb  bsp_closeSW.o [1]
EXTI_ClearITPendingBit  0x0803ece3      0x6  Code  Gb  stm32f4xx_exti.o [1]
EXTI_GetITStatus        0x0803ecc9     0x1a  Code  Gb  stm32f4xx_exti.o [1]
EXTI_Init               0x0803ec41     0x88  Code  Gb  stm32f4xx_exti.o [1]
FR_Table                0x200000fc     0x50  Data  Gb  demo_fatfs.o [1]
FatFs                   0x2001f33c      0xc  Data  Lc  ff.o [1]
Files                   0x2001f17c     0x24  Data  Lc  ff.o [1]
FindSCR                 0x08042009    0x206  Code  Lc  bsp_sdio_sd.o [1]
Fsid                    0x2001f4a0      0x2  Data  Lc  ff.o [1]
GPIO_Init               0x08039e91     0xaa  Code  Gb  stm32f4xx_gpio.o [1]
GPIO_PinAFConfig        0x08039f63     0x5a  Code  Gb  stm32f4xx_gpio.o [1]
GPIO_ReadInputDataBit   0x08039f3b     0x1a  Code  Gb  stm32f4xx_gpio.o [1]
GPIO_WriteBit           0x08039f55      0xe  Code  Gb  stm32f4xx_gpio.o [1]
GetDeviceState          0x08039cf9     0x2e  Code  Gb  bsp_sw_onoff.o [1]
HCD_GetCurrentFrame     0x0803deb5      0x8  Code  Gb  usb_hcd.o [1]
HCD_GetCurrentSpeed     0x0803de97     0x10  Code  Gb  usb_hcd.o [1]
HCD_GetURB_State        0x0803debd      0xa  Code  Gb  usb_hcd.o [1]
HCD_GetXferCnt          0x0803dec7      0xc  Code  Gb  usb_hcd.o [1]
HCD_Init                0x0803de25     0x72  Code  Gb  usb_hcd.o [1]
HCD_ResetPort           0x0803dea7      0xe  Code  Gb  usb_hcd.o [1]
HCD_SubmitRequest       0x0803ded3     0x28  Code  Gb  usb_hcd.o [1]
HardFault_Handler       0x08046137     0x22  Code  Gb  stm32f4xx_it.o [1]
IWDG_Feed               0x0803acad      0x8  Code  Gb  bsp_watchdog.o [1]
IWDG_ReloadCounter      0x0803ee35      0xa  Code  Gb  stm32f4xx_iwdg.o [1]
InStream_Read           0x08045f41     0x22  Code  Lc  packbits_init.o [5]
InitHardUart            0x0803b4d7    0x3ec  Code  Lc  bsp_uart_fifo.o [1]
Init_JINGSHA_GUI        0x08031817    0x116  Code  Gb  bsp_sdwe050c17.o [1]
JingSha_File            0x2001f008     0x58  Data  Gb  protocol.o [1]
LfnBuf                  0x2001e388    0x200  Data  Lc  ff.o [1]
LfnOfs                  0x08046cb0     0x10  Data  Lc  ff.o [1]
LoadInt                 0x0803c7cd     0x6e  Code  Lc  xprintffull_nomb.o [3]
MSCErrorCount           0x2001f4cb      0x1  Data  Gb  usbh_msc_core.o [1]
MSC_Machine             0x2001ef64     0x4c  Data  Gb  usbh_msc_core.o [1]
MSG_DEV_ATTACHED        0x08046a68     0x18  Data  Gb  usbh_usr.o [1]
MSG_DEV_DISCONNECTED    0x08046a80     0x18  Data  Gb  usbh_usr.o [1]
MSG_DEV_ENUMERATED      0x08046868     0x1c  Data  Gb  usbh_usr.o [1]
MSG_DEV_ERROR           0x08046b5c     0x14  Data  Gb  usbh_usr.o [1]
MSG_DEV_FULLSPEED       0x080466f4     0x20  Data  Gb  usbh_usr.o [1]
MSG_DEV_HIGHSPEED       0x080466d4     0x20  Data  Gb  usbh_usr.o [1]
MSG_DEV_LOWSPEED        0x08046714     0x20  Data  Gb  usbh_usr.o [1]
MSG_HID_CLASS           0x08046884     0x1c  Data  Gb  usbh_usr.o [1]
MSG_MSC_CLASS           0x08046538     0x24  Data  Gb  usbh_usr.o [1]
MSG_UNREC_ERROR         0x080468a0     0x1c  Data  Gb  usbh_usr.o [1]
MemManage_Handler       0x08046165      0x2  Code  Gb  stm32f4xx_it.o [1]
MotorProcess            0x2001f0b0     0x40  Data  Gb  page_weimi.o [1]
MotorStepCount          0x080361a9     0x68  Code  Gb  page_weimi.o [1]
NMI_Handler             0x08046135      0x2  Code  Gb  stm32f4xx_it.o [1]
NVIC_Init               0x0803dc5b     0x6a  Code  Gb  misc.o [1]
NVIC_PriorityGroupConfig
                        0x0803dc51      0xa  Code  Gb  misc.o [1]
OTG_FS_IRQHandler       0x08046d31     0x10  Code  Gb  usbh_it.o [1]
PendSV_Handler          0x0803ee45           Code  Gb  portasm.o [1]
RCA                     0x2001f3e8      0x4  Data  Lc  bsp_sdio_sd.o [1]
RCC_AHB1PeriphClockCmd  0x0803b31b     0x22  Code  Gb  stm32f4xx_rcc.o [1]
RCC_AHB2PeriphClockCmd  0x0803b33d     0x1e  Code  Gb  stm32f4xx_rcc.o [1]
RCC_APB1PeriphClockCmd  0x0803b35b     0x1e  Code  Gb  stm32f4xx_rcc.o [1]
RCC_APB1PeriphResetCmd  0x0803b397     0x1e  Code  Gb  stm32f4xx_rcc.o [1]
RCC_APB2PeriphClockCmd  0x0803b379     0x1e  Code  Gb  stm32f4xx_rcc.o [1]
RCC_APB2PeriphResetCmd  0x0803b3b5     0x1e  Code  Gb  stm32f4xx_rcc.o [1]
RCC_GetClocksFreq       0x0803b219    0x102  Code  Gb  stm32f4xx_rcc.o [1]
RS485_InitTXE           0x0803b4a1     0x36  Code  Gb  bsp_uart_fifo.o [1]
RS485_sendbuf           0x0803bd7d     0x44  Code  Gb  bsp_uart_fifo.o [1]
Region$$Table$$Base     0x08046580            --   Gb  - Linker created -
Region$$Table$$Limit    0x080465b4            --   Gb  - Linker created -
SDCardInfo              0x2001efb0     0x58  Data  Gb  bsp_sdio_sd.o [1]
SDEnWideBus             0x08041e6d    0x198  Code  Lc  bsp_sdio_sd.o [1]
SDIO_ClearFlag          0x080434cd      0x6  Code  Gb  stm32f4xx_sdio.o [1]
SDIO_ClearITPendingBit  0x080434ed      0x6  Code  Gb  stm32f4xx_sdio.o [1]
SDIO_ClockCmd           0x080433fb      0x8  Code  Gb  stm32f4xx_sdio.o [1]
SDIO_CmdInitStructure   0x2001f208     0x14  Data  Gb  bsp_sdio_sd.o [1]
SDIO_DMACmd             0x0804348d      0x8  Code  Gb  stm32f4xx_sdio.o [1]
SDIO_DataConfig         0x08043459     0x2e  Code  Gb  stm32f4xx_sdio.o [1]
SDIO_DataInitStructure  0x2001f1d8     0x18  Data  Gb  bsp_sdio_sd.o [1]
SDIO_DeInit             0x080433b9     0x18  Code  Gb  stm32f4xx_sdio.o [1]
SDIO_GetCommandResponse
                        0x0804343b      0x8  Code  Gb  stm32f4xx_sdio.o [1]
SDIO_GetFlagStatus      0x080434b3     0x1a  Code  Gb  stm32f4xx_sdio.o [1]
SDIO_GetITStatus        0x080434d3     0x1a  Code  Gb  stm32f4xx_sdio.o [1]
SDIO_GetPowerState      0x08043409      0xa  Code  Gb  stm32f4xx_sdio.o [1]
SDIO_GetResponse        0x08043443     0x16  Code  Gb  stm32f4xx_sdio.o [1]
SDIO_IRQHandler         0x08042455      0x8  Code  Gb  bsp_sdio_sd.o [1]
SDIO_ITConfig           0x08043495     0x1e  Code  Gb  stm32f4xx_sdio.o [1]
SDIO_Init               0x080433d1     0x2a  Code  Gb  stm32f4xx_sdio.o [1]
SDIO_InitStructure      0x2001f1c0     0x18  Data  Gb  bsp_sdio_sd.o [1]
SDIO_Interrupts_Config  0x08042419     0x3c  Code  Gb  bsp_sdio_sd.o [1]
SDIO_ReadData           0x08043487      0x6  Code  Gb  stm32f4xx_sdio.o [1]
SDIO_SendCommand        0x08043413     0x28  Code  Gb  stm32f4xx_sdio.o [1]
SDIO_SetPowerState      0x08043403      0x6  Code  Gb  stm32f4xx_sdio.o [1]
SDWE_WARNNING           0x08031a9d     0x32  Code  Gb  bsp_sdwe050c17.o [1]
SD_Detect               0x08040b11     0x22  Code  Gb  bsp_sdio_sd.o [1]
SD_EnableWideBusOperation
                        0x0804130d     0xc8  Code  Gb  bsp_sdio_sd.o [1]
SD_GetCardInfo          0x08040f21    0x3ec  Code  Gb  bsp_sdio_sd.o [1]
SD_GetState             0x08040ae7     0x2a  Code  Gb  bsp_sdio_sd.o [1]
SD_GetStatus            0x08040ac5     0x22  Code  Gb  bsp_sdio_sd.o [1]
SD_Init                 0x08040a0d     0xb8  Code  Gb  bsp_sdio_sd.o [1]
SD_InitializeCards      0x08040d7f    0x1a2  Code  Gb  bsp_sdio_sd.o [1]
SD_LowLevel_DMA_RxConfig
                        0x08042363     0x8e  Code  Gb  bsp_sdio_sd.o [1]
SD_LowLevel_DMA_TxConfig
                        0x080422d5     0x8e  Code  Gb  bsp_sdio_sd.o [1]
SD_LowLevel_Init        0x08042211     0xbc  Code  Gb  bsp_sdio_sd.o [1]
SD_PowerON              0x08040b33    0x24c  Code  Gb  bsp_sdio_sd.o [1]
SD_ProcessDMAIRQ        0x08041b51     0x22  Code  Gb  bsp_sdio_sd.o [1]
SD_ProcessIRQSrc        0x08041aa3     0xae  Code  Gb  bsp_sdio_sd.o [1]
SD_ReadBlock            0x0804140d    0x108  Code  Gb  bsp_sdio_sd.o [1]
SD_ReadMultiBlocks      0x08041515    0x134  Code  Gb  bsp_sdio_sd.o [1]
SD_SelectDeselect       0x080413d5     0x38  Code  Gb  bsp_sdio_sd.o [1]
SD_SendStatus           0x08041a35     0x6e  Code  Gb  bsp_sdio_sd.o [1]
SD_StopTransfer         0x080419ed     0x44  Code  Gb  bsp_sdio_sd.o [1]
SD_WaitReadOperation    0x0804164d     0x96  Code  Gb  bsp_sdio_sd.o [1]
SD_WriteBlock           0x080416ed    0x11e  Code  Gb  bsp_sdio_sd.o [1]
SD_WriteMultiBlocks     0x08041819    0x1cc  Code  Gb  bsp_sdio_sd.o [1]
SPEED_RADIO             0x08046ef0      0xc  Data  Gb  page_weimi.o [1]
SPI1_Init               0x0803c11d     0xc0  Code  Gb  bsp_spi.o [1]
SPI1_ReadWriteByte      0x0803c205     0x32  Code  Gb  bsp_spi.o [1]
SPI1_SetSpeed           0x0803c1dd     0x28  Code  Gb  bsp_spi.o [1]
SPI_Cmd                 0x0803f181     0x1c  Code  Gb  stm32f4xx_spi.o [1]
SPI_I2S_GetFlagStatus   0x0803f19d     0x18  Code  Gb  stm32f4xx_spi.o [1]
SPI_Init                0x0803f141     0x40  Code  Gb  stm32f4xx_spi.o [1]
SRC_Buffer              0x200001f0     0x14  Data  Gb  bsp_servomotor.o [1]
SVC_Handler             0x0803ee9d           Code  Gb  portasm.o [1]
SYSCFG_EXTILineConfig   0x0803ebed     0x50  Code  Gb  stm32f4xx_syscfg.o [1]
Sdwe_ClearReadDisk      0x08031b7b     0x20  Code  Gb  bsp_sdwe050c17.o [1]
Sdwe_change_class_time  0x0803219f     0x30  Code  Gb  bsp_sdwe050c17.o [1]
Sdwe_clearString        0x08031acf     0x54  Code  Gb  bsp_sdwe050c17.o [1]
Sdwe_clear_filename     0x08031bcb     0x60  Code  Gb  bsp_sdwe050c17.o [1]
Sdwe_disDigi            0x08031977     0xa4  Code  Gb  bsp_sdwe050c17.o [1]
Sdwe_disPicture         0x0803192d     0x4a  Code  Gb  bsp_sdwe050c17.o [1]
Sdwe_disString          0x08031a1b     0x82  Code  Gb  bsp_sdwe050c17.o [1]
Sdwe_hidden_page        0x08032237     0x30  Code  Gb  bsp_sdwe050c17.o [1]
Sdwe_peiliao_page       0x08032041    0x12a  Code  Gb  bsp_sdwe050c17.o [1]
Sdwe_period_page        0x080321cf     0x68  Code  Gb  bsp_sdwe050c17.o [1]
Sdwe_product_page       0x08031e67    0x1d2  Code  Gb  bsp_sdwe050c17.o [1]
Sdwe_ratio_display      0x0803216b     0x22  Code  Gb  bsp_sdwe050c17.o [1]
Sdwe_readRTC            0x08031b9b     0x30  Code  Gb  bsp_sdwe050c17.o [1]
Sdwe_refresh_allname    0x08031e1f     0x48  Code  Gb  bsp_sdwe050c17.o [1]
Sdwe_refresh_filename   0x08031c2b    0x1f4  Code  Gb  bsp_sdwe050c17.o [1]
Sdwe_sevro_pulse_display
                        0x0803218d     0x12  Code  Gb  bsp_sdwe050c17.o [1]
Sdwe_stop_page          0x08032267    0x384  Code  Gb  bsp_sdwe050c17.o [1]
Sdwe_writeIcon          0x08031b23     0x58  Code  Gb  bsp_sdwe050c17.o [1]
ServoMotorRunning       0x0803693b     0x3a  Code  Gb  bsp_servomotor.o [1]
SetSysClock             0x08045b3f     0xce  Code  Lc  system_stm32f4xx.o [1]
SlavePara               0x2001ecc8     0xa4  Data  Gb  protocol.o [1]
StepMotor_adjust_speed  0x0803a201     0x4e  Code  Gb  bsp_stepmotor.o [1]
StepMotor_start         0x0803a28b     0x3c  Code  Gb  bsp_stepmotor.o [1]
StepMotor_stop          0x0803a24f     0x3c  Code  Gb  bsp_stepmotor.o [1]
StopCondition           0x2001f3ec      0x4  Data  Gb  bsp_sdio_sd.o [1]
SysTick_Handler         0x0803ae3b     0x2c  Code  Gb  port.o [1]
SystemCoreClock         0x20000234      0x4  Data  Gb  system_stm32f4xx.o [1]
SystemInit              0x08045aed     0x52  Code  Gb  system_stm32f4xx.o [1]
TI1_Config              0x0803d837     0x38  Code  Lc  stm32f4xx_tim.o [1]
TI2_Config              0x0803d86f     0x42  Code  Lc  stm32f4xx_tim.o [1]
TI3_Config              0x0803d8b1     0x40  Code  Lc  stm32f4xx_tim.o [1]
TI4_Config              0x0803d8f1     0x42  Code  Lc  stm32f4xx_tim.o [1]
TIM1_PWM_SETPMOTOR      0x0803a12d     0x6e  Code  Gb  bsp_stepmotor.o [1]
TIM2_IRQHandler         0x0803c059     0xac  Code  Gb  bsp_timer.o [1]
TIM3_PWM_SETPMOTOR      0x0803a0c7     0x66  Code  Gb  bsp_stepmotor.o [1]
TIM4_CH1_ConfigPwmOut   0x08036655     0x1c  Code  Gb  bsp_servomotor.o [1]
TIM4_CH1_GPIO_Configuration
                        0x080366df     0x6a  Code  Gb  bsp_servomotor.o [1]
TIM4_CH1_PWMDMA_Config  0x0803685d     0xb0  Code  Gb  bsp_servomotor.o [1]
TIM4_CH1_StartPwmOut    0x08036671     0x36  Code  Gb  bsp_servomotor.o [1]
TIM4_CH1_StopPwmOut     0x080366a7     0x38  Code  Gb  bsp_servomotor.o [1]
TIM4_CH2_StopPwmOut     0x0803690d     0x2e  Code  Gb  bsp_servomotor.o [1]
TIM4_MANUAL_PWM_Config  0x080367d9     0x78  Code  Gb  bsp_servomotor.o [1]
TIM4_MANUAL_PWM_Stop    0x08036851      0xc  Code  Gb  bsp_servomotor.o [1]
TIM4_PWM_Config         0x08036749     0x90  Code  Gb  bsp_servomotor.o [1]
TIM5_PWM_SETPMOTOR      0x0803a19b     0x66  Code  Gb  bsp_stepmotor.o [1]
TIM6_DAC_IRQHandler     0x080462e1     0x22  Code  Gb  SysInfoTest.o [1]
TIM8_UP_TIM13_IRQHandler
                        0x0803a51f     0x58  Code  Gb  encoder_tim.o [1]
TIM_ARRPreloadConfig    0x0803d43b     0x1c  Code  Gb  stm32f4xx_tim.o [1]
TIM_CallBack1           0x08030a79     0xf2  Code  Gb  apptask.o [1]
TIM_ClearFlag           0x0803d7a1      0x8  Code  Gb  stm32f4xx_tim.o [1]
TIM_ClearITPendingBit   0x0803d7db      0x8  Code  Gb  stm32f4xx_tim.o [1]
TIM_Cmd                 0x0803d457     0x1c  Code  Gb  stm32f4xx_tim.o [1]
TIM_CtrlPWMOutputs      0x0803d769     0x22  Code  Gb  stm32f4xx_tim.o [1]
TIM_DMACmd              0x0803d7e3     0x16  Code  Gb  stm32f4xx_tim.o [1]
TIM_DeInit              0x0803d23d    0x17c  Code  Gb  stm32f4xx_tim.o [1]
TIM_EncoderInterfaceConfig
                        0x0803d7f9     0x3e  Code  Gb  stm32f4xx_tim.o [1]
TIM_GetITStatus         0x0803d7a9     0x32  Code  Gb  stm32f4xx_tim.o [1]
TIM_ICInit              0x0803d697     0x70  Code  Gb  stm32f4xx_tim.o [1]
TIM_ICStructInit        0x0803d707     0x16  Code  Gb  stm32f4xx_tim.o [1]
TIM_ITConfig            0x0803d78b     0x16  Code  Gb  stm32f4xx_tim.o [1]
TIM_OC1Init             0x0803d473     0x7e  Code  Gb  stm32f4xx_tim.o [1]
TIM_OC1PreloadConfig    0x0803d65f     0x12  Code  Gb  stm32f4xx_tim.o [1]
TIM_OC2Init             0x0803d4f1     0x8c  Code  Gb  stm32f4xx_tim.o [1]
TIM_OC2PreloadConfig    0x0803d671     0x14  Code  Gb  stm32f4xx_tim.o [1]
TIM_OC3Init             0x0803d57d     0x8a  Code  Gb  stm32f4xx_tim.o [1]
TIM_OC3PreloadConfig    0x0803d685     0x12  Code  Gb  stm32f4xx_tim.o [1]
TIM_OCStructInit        0x0803d63d     0x22  Code  Gb  stm32f4xx_tim.o [1]
TIM_SetIC1Prescaler     0x0803d71d     0x12  Code  Gb  stm32f4xx_tim.o [1]
TIM_SetIC2Prescaler     0x0803d72f     0x14  Code  Gb  stm32f4xx_tim.o [1]
TIM_SetIC3Prescaler     0x0803d743     0x12  Code  Gb  stm32f4xx_tim.o [1]
TIM_SetIC4Prescaler     0x0803d755     0x14  Code  Gb  stm32f4xx_tim.o [1]
TIM_TimeBaseInit        0x0803d3b9     0x6a  Code  Gb  stm32f4xx_tim.o [1]
TIM_TimeBaseStructInit  0x0803d423     0x18  Code  Gb  stm32f4xx_tim.o [1]
Task_iwdg_refresh       0x08030e79     0x8a  Code  Gb  apptask.o [1]
TransferEnd             0x2001f3f0      0x4  Data  Gb  bsp_sdio_sd.o [1]
TransferError           0x2001f4b9      0x1  Data  Gb  bsp_sdio_sd.o [1]
UART1ToPC               0x0803bd1d     0x30  Code  Gb  bsp_uart_fifo.o [1]
UART2ToPC               0x0803bd4d     0x30  Code  Gb  bsp_uart_fifo.o [1]
UART2_RX_BUF            0x2001ef00     0x64  Data  Gb  bsp_uart_fifo.o [1]
UART3ToPC               0x0803bdc1     0x30  Code  Gb  bsp_uart_fifo.o [1]
UART3_RX_BUF            0x2001dfa0    0x3e8  Data  Gb  bsp_uart_fifo.o [1]
UART4ToPC               0x0803bdf3     0x3c  Code  Gb  bsp_uart_fifo.o [1]
UART4_IRQHandler        0x0803bc2f     0x84  Code  Gb  bsp_uart_fifo.o [1]
UART4_RX_BUF            0x2001ee9c     0x64  Data  Gb  bsp_uart_fifo.o [1]
UART5ToPC               0x0803be2f     0x3c  Code  Gb  bsp_uart_fifo.o [1]
UART5_IRQHandler        0x0803bcb3     0x6a  Code  Gb  bsp_uart_fifo.o [1]
USART1_IRQHandler       0x0803baa7     0x24  Code  Gb  bsp_uart_fifo.o [1]
USART2_IRQHandler       0x0803bacb     0x82  Code  Gb  bsp_uart_fifo.o [1]
USART3_IRQHandler       0x0803bb4d     0xe2  Code  Gb  bsp_uart_fifo.o [1]
[...]
get_songwei2_maxseg     0x08036479     0x3c  Code  Gb  page_weimi.o [1]
get_valid_length        0x08032da5     0x26  Code  Gb  bsp_sdwe050c17.o [1]
get_valid_seg           0x080363c5     0x3c  Code  Gb  page_weimi.o [1]
get_weimi_para          0x080362f1     0xae  Code  Gb  page_weimi.o [1]
hEncoder_Timer_Overflow
                        0x2001f49e      0x2  Data  Gb  encoder_tim.o [1]
hPrevious_angle         0x2001f49c      0x2  Data  Gb  encoder_tim.o [1]
hSpeed_Buffer           0x2001f1f0     0x18  Data  Gb  encoder_tim.o [1]
hex_to_decimal          0x08032dcb     0x26  Code  Gb  bsp_sdwe050c17.o [1]
idwgEventGroup          0x2001f3c4      0x4  Data  Gb  apptask.o [1]
inc_card_type           0x080331ef    0x11c  Code  Gb  product_cal.o [1]
inc_lock                0x080373ff     0xe8  Code  Lc  ff.o [1]
init_jingsha_para       0x08039d6d     0x38  Code  Gb  protocol.o [1]
init_peiliao_para       0x08032e9f     0x4a  Code  Gb  product_cal.o [1]
init_product_para       0x08032df1     0xae  Code  Gb  product_cal.o [1]
init_weimi_para         0x08036211     0xe0  Code  Gb  page_weimi.o [1]
input_password_buf      0x2001f348      0xc  Data  Gb  protocol.o [1]
input_password_len      0x2001f4c7      0x1  Data  Gb  protocol.o [1]
isDevicePeriod          0x2001f4b4      0x1  Data  Gb  apptask.o [1]
isWork                  0x2001f4ad      0x1  Data  Gb  apptask.o [1]
is_same_data            0x080330e1     0x2a  Code  Gb  product_cal.o [1]
is_stop                 0x2001f4bf      0x1  Data  Gb  page_weimi.o [1]
isalpha                 0x08042fd3     0x14  Code  Gb  isxxx.o [3]
isspace                 0x08042fe7     0x14  Code  Gb  isxxx.o [3]
lcd_busy                0x2001f4ba      0x1  Data  Gb  bsp_sdwe050c17.o [1]
lcd_rev_buf             0x2001f0f0     0x34  Data  Gb  bsp_sdwe050c17.o [1]
lcd_rev_len             0x2001f49a      0x2  Data  Gb  bsp_sdwe050c17.o [1]
ld_clust                0x08037d29     0x28  Code  Lc  ff.o [1]
localeconv              0x0803f417     0x16  Code  Gb  localeconv.o [3]
m_ctrl_dev              0x2001f374      0x8  Data  Gb  modbus.o [1]
main                    0x0804622d     0x30  Code  Gb  main.o [1]
mallco_dev              0x200001d4     0x1c  Data  Gb  malloc.o [1]
max_seg                 0x2001f4c0      0x1  Data  Gb  page_weimi.o [1]
mb_init                 0x08039ba5     0x30  Code  Gb  modbus.o [1]
mb_packsend_frame       0x08039ab3     0xf2  Code  Gb  modbus.o [1]
mb_unpack_frame         0x08039971    0x142  Code  Gb  modbus.o [1]
mc_check_crc16          0x0803eb75     0x40  Code  Gb  mcheck.o [1]
mc_check_crc8           0x0803eb51     0x24  Code  Gb  mcheck.o [1]
mc_check_sum            0x0803eb09     0x2e  Code  Gb  mcheck.o [1]
mc_check_xor            0x0803eb37     0x1a  Code  Gb  mcheck.o [1]
mem1base                0x20011a48   0xa000  Data  Gb  malloc.o [1]
mem1mapbase             0x2001ca48    0xa00  Data  Gb  malloc.o [1]
mem2base                0x68000000  0xf0000  Data  Gb  malloc.o [1]
mem2mapbase             0x680f0000   0xf000  Data  Gb  malloc.o [1]
mem_cmp                 0x0803730b     0x24  Code  Lc  ff.o [1]
mem_cpy                 0x080372d9     0x1c  Code  Lc  ff.o [1]
mem_set                 0x080372f5     0x16  Code  Lc  ff.o [1]
memblksize              0x08046fd4      0x8  Data  Gb  malloc.o [1]
memchr                  0x0803f1cd           Code  Gb  memchr.o [5]
memsize                 0x08046fdc      0x8  Data  Gb  malloc.o [1]
memtblsize              0x08046fcc      0x8  Data  Gb  malloc.o [1]
modbus_send_frame       0x08039bd5     0xe6  Code  Gb  modbus.o [1]
move_window             0x080375cd     0x40  Code  Lc  ff.o [1]
my_mem_free             0x08034697     0x6c  Code  Gb  malloc.o [1]
my_mem_init             0x0803455b     0x42  Code  Gb  malloc.o [1]
my_mem_malloc           0x080345db     0xbc  Code  Gb  malloc.o [1]
my_mem_perused          0x0803459d     0x3e  Code  Gb  malloc.o [1]
myfree                  0x08034703     0x24  Code  Gb  malloc.o [1]
mymalloc                0x08034727     0x2a  Code  Gb  malloc.o [1]
mymemset                0x08034545     0x16  Code  Gb  malloc.o [1]
ndigs                   0x08043228     0x28  Data  Lc  xstoull.o [3]
obuf                    0x2001f060     0x50  Data  Lc  xfiles.o [3]
oem2uni                 0x0801560c  0x15484  Data  Lc  cc936.o [1]
old_card_record         0x2001f4b2      0x1  Data  Gb  apptask.o [1]
old_isWork              0x2001f4ae      0x1  Data  Gb  apptask.o [1]
old_is_stop             0x20000244      0x1  Data  Gb  page_weimi.o [1]
old_plan_complete       0x2001f4c5      0x1  Data  Gb  product_cal.o [1]
old_system_state        0x20000242      0x1  Data  Gb  apptask.o [1]
old_usb_disk_flag       0x2001f4b0      0x1  Data  Gb  apptask.o [1]
para_init               0x08035247     0x80  Code  Gb  para.o [1]
pcInterruptPriorityRegisters
                        0x080470a0      0x4  Data  Lc  port.o [1]
peiliao_para            0x2001f124     0x30  Data  Gb  product_cal.o [1]
pick_lfn                0x08037e1f     0x8c  Code  Lc  ff.o [1]
plan_complete           0x2001f4c4      0x1  Data  Gb  product_cal.o [1]
pluse_count             0x2001f492      0x2  Data  Gb  apptask.o [1]
pluse_step_src          0x2001f324      0xc  Data  Gb  apptask.o [1]
pows                    0x08043a58     0x48  Data  Lc  xdtento.o [4]
printf                  0x08034465     0x24  Code  Gb  printf.o [3]
product_complete_kilo   0x08032f8b     0x74  Code  Gb  product_cal.o [1]
product_complete_meter  0x08032f6f     0x1c  Code  Gb  product_cal.o [1]
product_para            0x2001f154     0x28  Data  Gb  product_cal.o [1]
product_per_meter       0x08032ee9     0x74  Code  Gb  product_cal.o [1]
prvAddCurrentTaskToDelayedList
                        0x08033f05     0x48  Code  Lc  tasks.o [1]
prvAllocateTCBAndStack  0x08033f4d     0x5a  Code  Lc  tasks.o [1]
prvCheckForValidListAndQueue
                        0x0803ac3b     0x52  Code  Lc  timers.o [1]
prvCheckTasksWaitingTermination
                        0x08033e9b     0x66  Code  Lc  tasks.o [1]
prvCopyDataFromQueue    0x080316b1     0x30  Code  Lc  queue.o [1]
prvCopyDataToQueue      0x0803162d     0x84  Code  Lc  queue.o [1]
prvDeleteTCB            0x08033fa7     0x12  Code  Lc  tasks.o [1]
prvGetNextExpireTime    0x0803aa27     0x2e  Code  Lc  timers.o [1]
prvHeapInit             0x0803b129     0x6e  Code  Lc  heap_4.o [1]
prvIdleTask             0x08033db5     0x26  Code  Lc  tasks.o [1]
prvInitialiseTCBVariables
                        0x08033ddb     0x6a  Code  Lc  tasks.o [1]
prvInitialiseTaskLists  0x08033e45     0x56  Code  Lc  tasks.o [1]
prvInsertBlockIntoFreeList
                        0x0803b197     0x62  Code  Lc  heap_4.o [1]
prvInsertTimerInActiveList
                        0x0803aa7d     0x50  Code  Lc  timers.o [1]
prvIsQueueEmpty         0x0803174b     0x20  Code  Lc  queue.o [1]
prvIsQueueFull          0x0803176b     0x22  Code  Lc  queue.o [1]
prvProcessExpiredTimer  0x0803a93f     0x5c  Code  Lc  timers.o [1]
prvProcessReceivedCommands
                        0x0803aacd     0xde  Code  Lc  timers.o [1]
prvProcessTimerOrBlockTask
                        0x0803a9b7     0x70  Code  Lc  timers.o [1]
prvResetNextTaskUnblockTime
                        0x08033fb9     0x26  Code  Lc  tasks.o [1]
prvSampleTimeNow        0x0803aa55     0x28  Code  Lc  timers.o [1]
prvSwitchTimerLists     0x0803abab     0x90  Code  Lc  timers.o [1]
prvTaskExitError        0x0803acd9     0x2a  Code  Lc  port.o [1]
prvTestWaitCondition    0x0803a7e3     0x24  Code  Lc  event_groups.o [1]
prvTimerTask            0x0803a99d     0x1a  Code  Lc  timers.o [1]
prvUnlockQueue          0x080316e1     0x6a  Code  Lc  queue.o [1]
put_fat                 0x0803781b    0x16c  Code  Gb  ff.o [1]
putchar                 0x08046ab1      0xc  Code  Gb  putchar.o [3]
pvPortMalloc            0x0803af99    0x118  Code  Gb  heap_4.o [1]
pxCurrentTCB            0x2001f430      0x4  Data  Gb  tasks.o [1]
pxCurrentTimerList      0x2001f470      0x4  Data  Lc  timers.o [1]
pxDelayedTaskList       0x2001f434      0x4  Data  Lc  tasks.o [1]
pxEnd                   0x2001f408      0x4  Data  Lc  heap_4.o [1]
pxOverflowDelayedTaskList
                        0x2001f438      0x4  Data  Lc  tasks.o [1]
pxOverflowTimerList     0x2001f474      0x4  Data  Lc  timers.o [1]
pxPortInitialiseStack   0x0803acb5     0x24  Code  Gb  port.o [1]
pxReadyTasksLists       0x2001e988    0x140  Data  Lc  tasks.o [1]
rc522_cmd_anticoll      0x08039915     0x5a  Code  Gb  rc522.o [1]
rc522_cmd_request       0x080398c1     0x54  Code  Gb  rc522.o [1]
readDisk                0x2001f4b5      0x1  Data  Gb  apptask.o [1]
readFilenum             0x2001f4b6      0x1  Data  Gb  apptask.o [1]
readSlave               0x2001f318      0xc  Data  Gb  apptask.o [1]
read_device_info        0x08034d95    0x2ae  Code  Gb  para.o [1]
read_file_select        0x2001f360      0xc  Data  Gb  protocol.o [1]
read_from_disk          0x08035301    0xd04  Code  Gb  para.o [1]
remove_chain            0x08037987     0x76  Code  Lc  ff.o [1]
rfid_rev_buf            0x2001f21c     0x14  Data  Gb  rc522.o [1]
rfid_rev_cnt            0x2001f4c9      0x1  Data  Gb  rc522.o [1]
rfid_rev_flag           0x2001f4c8      0x1  Data  Gb  rc522.o [1]
rtc_time                0x2001f37c      0x8  Data  Gb  protocol.o [1]
s_TIM_CallBack1         0x2001f3f8      0x4  Data  Lc  bsp_timer.o [1]
s_TIM_CallBack2         0x2001f3fc      0x4  Data  Lc  bsp_timer.o [1]
s_TIM_CallBack3         0x2001f400      0x4  Data  Lc  bsp_timer.o [1]
s_TIM_CallBack4         0x2001f404      0x4  Data  Lc  bsp_timer.o [1]
sample_time             0x2001f490      0x2  Data  Gb  apptask.o [1]
sdew_weimi_page1        0x08032615    0x302  Code  Gb  bsp_sdwe050c17.o [1]
sdew_weimi_page2        0x08032921    0x25e  Code  Gb  bsp_sdwe050c17.o [1]
sdew_weisha_page1       0x08032b85    0x100  Code  Gb  bsp_sdwe050c17.o [1]
sdew_weisha_page2       0x08032c8d    0x100  Code  Gb  bsp_sdwe050c17.o [1]
servomotor_guodu        0x2001f4bd      0x1  Data  Gb  page_weimi.o [1]
servomotor_mode         0x2001f4be      0x1  Data  Gb  page_weimi.o [1]
servomotor_step         0x2001f4a4      0x2  Data  Gb  page_weimi.o [1]
slave_info              0x2001f30c      0xc  Data  Gb  apptask.o [1]
speed_diff              0x2001f330      0xc  Data  Gb  apptask.o [1]
speed_zhu               0x2001f4a2      0x2  Data  Gb  page_weimi.o [1]
sprintf                 0x08039771     0x34  Code  Gb  sprintf.o [3]
sscanf                  0x0803d19d     0x24  Code  Gb  sscanf.o [3]
st_clust                0x08037d51     0x18  Code  Lc  ff.o [1]
stepmotor_guodu         0x2001f418      0x4  Data  Gb  page_weimi.o [1]
strcat                  0x080397a5     0x1c  Code  Gb  strcat.o [3]
strchr                  0x0803f1b5           Code  Gb  strchr.o [5]
strlen                  0x08034d5d           Code  Gb  strlen.o [5]
strstr                  0x08039dad     0x10  Code  Gb  para.o [1]
sum_sfn                 0x08038025     0x20  Code  Lc  ff.o [1]
symbol                  0x2001f3dc      0x4  Data  Gb  apptask.o [1]
sync_fs                 0x0803760d     0xd8  Code  Lc  ff.o [1]
sync_window             0x08037573     0x5a  Code  Lc  ff.o [1]
system_state_dis        0x0804595c    0x190  Data  Gb  product_cal.o [1]
tolower                 0x08043585     0x14  Code  Gb  tolower.o [3]
total_meter_gross       0x2001f424      0x4  Data  Gb  product_cal.o [1]
total_weight_gross      0x2001f428      0x4  Data  Gb  product_cal.o [1]
ucHeap                  0x20000248  0x11800  Data  Lc  heap_4.o [1]
ucMaxSysCallPriority    0x2001f4c3      0x1  Data  Lc  port.o [1]
ulHighFrequencyTimerTicks
                        0x2001f42c      0x4  Data  Gb  SysInfoTest.o [1]
ulMaxPRIGROUPValue      0x2001f420      0x4  Data  Lc  port.o [1]
ulTaskSwitchedInTime    0x2001f468      0x4  Data  Lc  tasks.o [1]
ulTotalRunTime          0x2001f46c      0x4  Data  Lc  tasks.o [1]
uni2oem                 0x08000188  0x15484  Data  Lc  cc936.o [1]
usb_disk_flag           0x2001f4af      0x1  Data  Gb  apptask.o [1]
usbh_OpenMassStorage    0x080369d5     0x14  Code  Gb  usbh_usr.o [1]
uxCriticalNesting       0x20000230      0x4  Data  Lc  port.o [1]
uxCurrentNumberOfTasks  0x2001f440      0x4  Data  Lc  tasks.o [1]
uxListRemove            0x0803af71     0x28  Code  Gb  list.o [1]
uxPendedTicks           0x2001f450      0x4  Data  Lc  tasks.o [1]
uxSchedulerSuspended    0x2001f464      0x4  Data  Lc  tasks.o [1]
uxTaskNumber            0x2001f45c      0x4  Data  Lc  tasks.o [1]
uxTaskResetEventItemValue
                        0x08034019     0x20  Code  Gb  tasks.o [1]
uxTasksDeleted          0x2001f43c      0x4  Data  Lc  tasks.o [1]
uxTopReadyPriority      0x2001f448      0x4  Data  Lc  tasks.o [1]
vListInitialise         0x0803af01     0x1e  Code  Gb  list.o [1]
vListInsert             0x0803af37     0x3a  Code  Gb  list.o [1]
vListInsertEnd          0x0803af1f     0x18  Code  Gb  list.o [1]
vPortEnableVFP          0x0803eed1           Code  Gb  portasm.o [1]
vPortEnterCritical      0x0803adcf     0x3a  Code  Gb  port.o [1]
vPortExitCritical       0x0803ae09     0x32  Code  Gb  port.o [1]
vPortFree               0x0803b0b1     0x78  Code  Gb  heap_4.o [1]
vPortSetupTimerInterrupt
                        0x0803ae67      0xe  Code  Wk  port.o [1]
vPortStartFirstTask     0x0803eeb9           Code  Gb  portasm.o [1]
vPortValidateInterruptPriority
                        0x0803ae75     0x4e  Code  Gb  port.o [1]
vQueueWaitForMessageRestricted
                        0x0803178d     0x44  Code  Gb  queue.o [1]
vTaskDelay              0x08033611     0x84  Code  Gb  tasks.o [1]
vTaskDelayUntil         0x08033531     0xe0  Code  Gb  tasks.o [1]
vTaskFreq               0x080302b1    0x498  Code  Lc  apptask.o [1]
vTaskManageCapacity     0x0802eeb9    0x526  Code  Gb  apptask.o [1]
vTaskMassStorage        0x0802dc3d    0x5ae  Code  Lc  apptask.o [1]
vTaskMissedYield        0x08033dab      0xa  Code  Gb  tasks.o [1]
vTaskMotorControl       0x0802f491    0xdf0  Code  Lc  apptask.o [1]
vTaskMsgPro             0x0802e68d    0x434  Code  Lc  apptask.o [1]
vTaskPlaceOnEventList   0x08033a11     0x74  Code  Gb  tasks.o [1]
vTaskPlaceOnEventListRestricted
                        0x08033b49     0x80  Code  Gb  tasks.o [1]
vTaskPlaceOnUnorderedEventList
                        0x08033aa1     0xa8  Code  Gb  tasks.o [1]
vTaskReadDisk           0x0802ebf5    0x272  Code  Lc  apptask.o [1]
vTaskRev485             0x0802eaed     0xba  Code  Lc  apptask.o [1]
vTaskSetTimeOutState    0x08033cf5     0x26  Code  Gb  tasks.o [1]
vTaskStartScheduler     0x08033695     0x7e  Code  Gb  tasks.o [1]
vTaskSuspendAll         0x08033713     0x10  Code  Gb  tasks.o [1]
vTaskSwitchContext      0x08033961     0xb0  Code  Gb  tasks.o [1]
vTaskTaskLCD            0x0802aa91   0x315c  Code  Gb  apptask.o [1]
vTaskTaskLED            0x0802e215     0x20  Code  Lc  apptask.o [1]
vTaskTaskRFID           0x0802e235    0x3f6  Code  Lc  apptask.o [1]
valid_seg               0x2001f41c      0x4  Data  Gb  page_weimi.o [1]
validate                0x08038dcb     0x36  Code  Lc  ff.o [1]
weimi_para              0x2001eac8    0x12c  Data  Gb  page_weimi.o [1]
work_idle               0x2001f4c6      0x1  Data  Gb  product_cal.o [1]
work_idle_time          0x2001f4a6      0x2  Data  Gb  product_cal.o [1]
xActiveTimerList1       0x2001f294     0x14  Data  Lc  timers.o [1]
xActiveTimerList2       0x2001f2a8     0x14  Data  Lc  timers.o [1]
xBlockAllocatedBit      0x2001f414      0x4  Data  Lc  heap_4.o [1]
xDelayedTaskList1       0x2001f230     0x14  Data  Lc  tasks.o [1]
xDelayedTaskList2       0x2001f244     0x14  Data  Lc  tasks.o [1]
xEventGroupCreate       0x0803a5a5     0x1c  Code  Gb  event_groups.o [1]
xEventGroupSetBits      0x0803a70d     0xd6  Code  Gb  event_groups.o [1]
xEventGroupWaitBits     0x0803a5c1    0x146  Code  Gb  event_groups.o [1]
xFreeBytesRemaining     0x2001f40c      0x4  Data  Lc  heap_4.o [1]
xHandleTaskFreq         0x2001f3a8      0x4  Data  Gb  apptask.o [1]
xHandleTaskLCD          0x2001f384      0x4  Data  Gb  apptask.o [1]
xHandleTaskLED          0x2001f388      0x4  Data  Gb  apptask.o [1]
xHandleTaskManageCapacity
                        0x2001f3a0      0x4  Data  Gb  apptask.o [1]
xHandleTaskMassStorage  0x2001f390      0x4  Data  Gb  apptask.o [1]
xHandleTaskMotorControl
                        0x2001f3a4      0x4  Data  Gb  apptask.o [1]
xHandleTaskMsgPro       0x2001f398      0x4  Data  Gb  apptask.o [1]
xHandleTaskRFID         0x2001f38c      0x4  Data  Gb  apptask.o [1]
xHandleTaskReadDisk     0x2001f394      0x4  Data  Gb  apptask.o [1]
xHandleTaskRev485       0x2001f39c      0x4  Data  Gb  apptask.o [1]
xHeapStructSize         0x0804709c      0x4  Data  Lc  heap_4.o [1]
xMinimumEverFreeBytesRemaining
                        0x2001f410      0x4  Data  Lc  heap_4.o [1]
xNextTaskUnblockTime    0x2001f460      0x4  Data  Lc  tasks.o [1]
xNumOfOverflows         0x2001f458      0x4  Data  Lc  tasks.o [1]
xPendingReadyList       0x2001f258     0x14  Data  Lc  tasks.o [1]
xPortStartScheduler     0x0803ad03     0xcc  Code  Gb  port.o [1]
xQueueGenericCreate     0x08031099     0x7e  Code  Gb  queue.o [1]
xQueueGenericReceive    0x0803148d    0x19c  Code  Gb  queue.o [1]
xQueueGenericReset      0x08031009     0x90  Code  Gb  queue.o [1]
xQueueGenericSend       0x08031117    0x1b2  Code  Gb  queue.o [1]
xQueueGenericSendFromISR
                        0x080312c9     0xec  Code  Gb  queue.o [1]
xQueueGiveFromISR       0x080313b5     0xd8  Code  Gb  queue.o [1]
xQueue_MQTT_Recv        0x2001f3cc      0x4  Data  Gb  apptask.o [1]
xQueue_MQTT_Transmit    0x2001f3d0      0x4  Data  Gb  apptask.o [1]
xQueue_esp8266_Cmd      0x2001f3d4      0x4  Data  Gb  apptask.o [1]
xQueue_message          0x2001f3d8      0x4  Data  Gb  apptask.o [1]
xSchedulerRunning       0x2001f44c      0x4  Data  Lc  tasks.o [1]
xSemaphore_download     0x2001f3bc      0x4  Data  Gb  apptask.o [1]
xSemaphore_encoder      0x2001f3b8      0x4  Data  Gb  apptask.o [1]
xSemaphore_lcd          0x2001f3ac      0x4  Data  Gb  apptask.o [1]
xSemaphore_pluse        0x2001f3b4      0x4  Data  Gb  apptask.o [1]
xSemaphore_readDisk     0x2001f3c0      0x4  Data  Gb  apptask.o [1]
xSemaphore_rs485        0x2001f3b0      0x4  Data  Gb  apptask.o [1]
xStart                  0x2001f36c      0x8  Data  Lc  heap_4.o [1]
xSuspendedTaskList      0x2001f280     0x14  Data  Lc  tasks.o [1]
xTaskCheckForTimeOut    0x08033d21     0x8a  Code  Gb  tasks.o [1]
xTaskGenericCreate      0x080333ad    0x184  Code  Gb  tasks.o [1]
xTaskGetSchedulerState  0x08033fdf     0x26  Code  Gb  tasks.o [1]
xTaskGetTickCount       0x08033823      0xa  Code  Gb  tasks.o [1]
xTaskIncrementTick      0x0803382d    0x134  Code  Gb  tasks.o [1]
xTaskRemoveFromEventList
                        0x08033bcd     0x8e  Code  Gb  tasks.o [1]
xTaskRemoveFromUnorderedEventList
                        0x08033c61     0x94  Code  Gb  tasks.o [1]
xTaskResumeAll          0x08033723    0x100  Code  Gb  tasks.o [1]
xTasksWaitingTermination
                        0x2001f26c     0x14  Data  Lc  tasks.o [1]
xTickCount              0x2001f444      0x4  Data  Lc  tasks.o [1]
xTimerCreate            0x0803a859     0x62  Code  Gb  timers.o [1]
xTimerCreateTimerTask   0x0803a809     0x50  Code  Gb  timers.o [1]
xTimerGenericCommand    0x0803a8bb     0x84  Code  Gb  timers.o [1]
xTimerQueue             0x2001f478      0x4  Data  Lc  timers.o [1]
xTimerUser              0x2001f3c8      0x4  Data  Gb  apptask.o [1]
xYieldPending           0x2001f454      0x4  Data  Lc  tasks.o [1]


[1] = E:\work\YarnControl_Driver\src\stm32f4_rtos\Project\EWARMv7\Flash\Obj
[2] = command line
[3] = dl7M_tlf.a
[4] = m7M_tls.a
[5] = rt7M_tl.a
[6] = shb_l.a

  109 030 bytes of readonly  code memory
  182 515 bytes of readonly  data memory
  130 767 bytes of readwrite data memory (+ 1 044 480 absolute)

Errors: none
Warnings: none
