###############################################################################
#
# IAR ELF Linker V7.40.7.9843/W32 for ARM                 22/Apr/2019  21:34:29
# Copyright 2007-2015 IAR Systems AB.
#
#    Output file  =  
#        E:\WORK\YarnControl_Driver\YarnControl_Driver\src\stm32f4_rtos\Project\EWARMv7\Flash\Exe\project.out
#    Map file     =  
#        E:\WORK\YarnControl_Driver\YarnControl_Driver\src\stm32f4_rtos\Project\EWARMv7\Flash\List\project.map
#    Command line =  
#        E:\WORK\YarnControl_Driver\YarnControl_Driver\src\stm32f4_rtos\Project\EWARMv7\Flash\Obj\apptask.o
#        E:\WORK\YarnControl_Driver\YarnControl_Driver\src\stm32f4_rtos\Project\EWARMv7\Flash\Obj\bkp_pwr.o
#        E:\WORK\YarnControl_Driver\YarnControl_Driver\src\stm32f4_rtos\Project\EWARMv7\Flash\Obj\bsp.o
#        E:\WORK\YarnControl_Driver\YarnControl_Driver\src\stm32f4_rtos\Project\EWARMv7\Flash\Obj\bsp_adc.o
#        E:\WORK\YarnControl_Driver\YarnControl_Driver\src\stm32f4_rtos\Project\EWARMv7\Flash\Obj\bsp_closeSW.o
#        E:\WORK\YarnControl_Driver\YarnControl_Driver\src\stm32f4_rtos\Project\EWARMv7\Flash\Obj\bsp_dac.o
#        E:\WORK\YarnControl_Driver\YarnControl_Driver\src\stm32f4_rtos\Project\EWARMv7\Flash\Obj\bsp_dwt.o
#        E:\WORK\YarnControl_Driver\YarnControl_Driver\src\stm32f4_rtos\Project\EWARMv7\Flash\Obj\bsp_led.o
#        E:\WORK\YarnControl_Driver\YarnControl_Driver\src\stm32f4_rtos\Project\EWARMv7\Flash\Obj\bsp_relay.o
#        E:\WORK\YarnControl_Driver\YarnControl_Driver\src\stm32f4_rtos\Project\EWARMv7\Flash\Obj\bsp_sdio_sd.o
#        E:\WORK\YarnControl_Driver\YarnControl_Driver\src\stm32f4_rtos\Project\EWARMv7\Flash\Obj\bsp_sdwe050c17.o
#        E:\WORK\YarnControl_Driver\YarnControl_Driver\src\stm32f4_rtos\Project\EWARMv7\Flash\Obj\bsp_servomotor.o
#        E:\WORK\YarnControl_Driver\YarnControl_Driver\src\stm32f4_rtos\Project\EWARMv7\Flash\Obj\bsp_spi.o
#        E:\WORK\YarnControl_Driver\YarnControl_Driver\src\stm32f4_rtos\Project\EWARMv7\Flash\Obj\bsp_stepmotor.o
#        E:\WORK\YarnControl_Driver\YarnControl_Driver\src\stm32f4_rtos\Project\EWARMv7\Flash\Obj\bsp_sw_onoff.o
#        E:\WORK\YarnControl_Driver\YarnControl_Driver\src\stm32f4_rtos\Project\EWARMv7\Flash\Obj\bsp_tim_pwm.o
#        E:\WORK\YarnControl_Driver\YarnControl_Driver\src\stm32f4_rtos\Project\EWARMv7\Flash\Obj\bsp_timer.o
#        E:\WORK\YarnControl_Driver\YarnControl_Driver\src\stm32f4_rtos\Project\EWARMv7\Flash\Obj\bsp_uart_fifo.o
#        E:\WORK\YarnControl_Driver\YarnControl_Driver\src\stm32f4_rtos\Project\EWARMv7\Flash\Obj\bsp_w25qxx.o
#        E:\WORK\YarnControl_Driver\YarnControl_Driver\src\stm32f4_rtos\Project\EWARMv7\Flash\Obj\bsp_watchdog.o
#        E:\WORK\YarnControl_Driver\YarnControl_Driver\src\stm32f4_rtos\Project\EWARMv7\Flash\Obj\cc936.o
#        E:\WORK\YarnControl_Driver\YarnControl_Driver\src\stm32f4_rtos\Project\EWARMv7\Flash\Obj\cJSON.o
#        E:\WORK\YarnControl_Driver\YarnControl_Driver\src\stm32f4_rtos\Project\EWARMv7\Flash\Obj\croutine.o
#        E:\WORK\YarnControl_Driver\YarnControl_Driver\src\stm32f4_rtos\Project\EWARMv7\Flash\Obj\demo_fatfs.o
#        E:\WORK\YarnControl_Driver\YarnControl_Driver\src\stm32f4_rtos\Project\EWARMv7\Flash\Obj\diskio.o
#        E:\WORK\YarnControl_Driver\YarnControl_Driver\src\stm32f4_rtos\Project\EWARMv7\Flash\Obj\encoder_tim.o
#        E:\WORK\YarnControl_Driver\YarnControl_Driver\src\stm32f4_rtos\Project\EWARMv7\Flash\Obj\esp8266_handler.o
#        E:\WORK\YarnControl_Driver\YarnControl_Driver\src\stm32f4_rtos\Project\EWARMv7\Flash\Obj\esp8266_init.o
#        E:\WORK\YarnControl_Driver\YarnControl_Driver\src\stm32f4_rtos\Project\EWARMv7\Flash\Obj\event_groups.o
#        E:\WORK\YarnControl_Driver\YarnControl_Driver\src\stm32f4_rtos\Project\EWARMv7\Flash\Obj\ff.o
#        E:\WORK\YarnControl_Driver\YarnControl_Driver\src\stm32f4_rtos\Project\EWARMv7\Flash\Obj\heap_4.o
#        E:\WORK\YarnControl_Driver\YarnControl_Driver\src\stm32f4_rtos\Project\EWARMv7\Flash\Obj\list.o
#        E:\WORK\YarnControl_Driver\YarnControl_Driver\src\stm32f4_rtos\Project\EWARMv7\Flash\Obj\main.o
#        E:\WORK\YarnControl_Driver\YarnControl_Driver\src\stm32f4_rtos\Project\EWARMv7\Flash\Obj\malloc.o
#        E:\WORK\YarnControl_Driver\YarnControl_Driver\src\stm32f4_rtos\Project\EWARMv7\Flash\Obj\mcheck.o
#        E:\WORK\YarnControl_Driver\YarnControl_Driver\src\stm32f4_rtos\Project\EWARMv7\Flash\Obj\misc.o
#        E:\WORK\YarnControl_Driver\YarnControl_Driver\src\stm32f4_rtos\Project\EWARMv7\Flash\Obj\modbus.o
#        E:\WORK\YarnControl_Driver\YarnControl_Driver\src\stm32f4_rtos\Project\EWARMv7\Flash\Obj\MQTTConnectClient.o
#        E:\WORK\YarnControl_Driver\YarnControl_Driver\src\stm32f4_rtos\Project\EWARMv7\Flash\Obj\MQTTConnectServer.o
#        E:\WORK\YarnControl_Driver\YarnControl_Driver\src\stm32f4_rtos\Project\EWARMv7\Flash\Obj\MQTTDeserializePublish.o
#        E:\WORK\YarnControl_Driver\YarnControl_Driver\src\stm32f4_rtos\Project\EWARMv7\Flash\Obj\MQTTFormat.o
#        E:\WORK\YarnControl_Driver\YarnControl_Driver\src\stm32f4_rtos\Project\EWARMv7\Flash\Obj\MQTTPacket.o
#        E:\WORK\YarnControl_Driver\YarnControl_Driver\src\stm32f4_rtos\Project\EWARMv7\Flash\Obj\MQTTSerializePublish.o
#        E:\WORK\YarnControl_Driver\YarnControl_Driver\src\stm32f4_rtos\Project\EWARMv7\Flash\Obj\MQTTSubscribeClient.o
#        E:\WORK\YarnControl_Driver\YarnControl_Driver\src\stm32f4_rtos\Project\EWARMv7\Flash\Obj\MQTTSubscribeServer.o
#        E:\WORK\YarnControl_Driver\YarnControl_Driver\src\stm32f4_rtos\Project\EWARMv7\Flash\Obj\MQTTUnsubscribeClient.o
#        E:\WORK\YarnControl_Driver\YarnControl_Driver\src\stm32f4_rtos\Project\EWARMv7\Flash\Obj\MQTTUnsubscribeServer.o
#        E:\WORK\YarnControl_Driver\YarnControl_Driver\src\stm32f4_rtos\Project\EWARMv7\Flash\Obj\page_weimi.o
#        E:\WORK\YarnControl_Driver\YarnControl_Driver\src\stm32f4_rtos\Project\EWARMv7\Flash\Obj\para.o
#        E:\WORK\YarnControl_Driver\YarnControl_Driver\src\stm32f4_rtos\Project\EWARMv7\Flash\Obj\port.o
#        E:\WORK\YarnControl_Driver\YarnControl_Driver\src\stm32f4_rtos\Project\EWARMv7\Flash\Obj\portasm.o
#        E:\WORK\YarnControl_Driver\YarnControl_Driver\src\stm32f4_rtos\Project\EWARMv7\Flash\Obj\product_cal.o
#        E:\WORK\YarnControl_Driver\YarnControl_Driver\src\stm32f4_rtos\Project\EWARMv7\Flash\Obj\protocol.o
#        E:\WORK\YarnControl_Driver\YarnControl_Driver\src\stm32f4_rtos\Project\EWARMv7\Flash\Obj\pub0sub1.o
#        E:\WORK\YarnControl_Driver\YarnControl_Driver\src\stm32f4_rtos\Project\EWARMv7\Flash\Obj\queue.o
#        E:\WORK\YarnControl_Driver\YarnControl_Driver\src\stm32f4_rtos\Project\EWARMv7\Flash\Obj\rc522.o
#        E:\WORK\YarnControl_Driver\YarnControl_Driver\src\stm32f4_rtos\Project\EWARMv7\Flash\Obj\startup_stm32f40_41xxx.o
#        E:\WORK\YarnControl_Driver\YarnControl_Driver\src\stm32f4_rtos\Project\EWARMv7\Flash\Obj\stm32f4xx_adc.o
#        E:\WORK\YarnControl_Driver\YarnControl_Driver\src\stm32f4_rtos\Project\EWARMv7\Flash\Obj\stm32f4xx_assert.o
#        E:\WORK\YarnControl_Driver\YarnControl_Driver\src\stm32f4_rtos\Project\EWARMv7\Flash\Obj\stm32f4xx_can.o
#        E:\WORK\YarnControl_Driver\YarnControl_Driver\src\stm32f4_rtos\Project\EWARMv7\Flash\Obj\stm32f4xx_crc.o
#        E:\WORK\YarnControl_Driver\YarnControl_Driver\src\stm32f4_rtos\Project\EWARMv7\Flash\Obj\stm32f4xx_cryp.o
#        E:\WORK\YarnControl_Driver\YarnControl_Driver\src\stm32f4_rtos\Project\EWARMv7\Flash\Obj\stm32f4xx_cryp_aes.o
#        E:\WORK\YarnControl_Driver\YarnControl_Driver\src\stm32f4_rtos\Project\EWARMv7\Flash\Obj\stm32f4xx_cryp_des.o
#        E:\WORK\YarnControl_Driver\YarnControl_Driver\src\stm32f4_rtos\Project\EWARMv7\Flash\Obj\stm32f4xx_cryp_tdes.o
#        E:\WORK\YarnControl_Driver\YarnControl_Driver\src\stm32f4_rtos\Project\EWARMv7\Flash\Obj\stm32f4xx_dac.o
#        E:\WORK\YarnControl_Driver\YarnControl_Driver\src\stm32f4_rtos\Project\EWARMv7\Flash\Obj\stm32f4xx_dbgmcu.o
#        E:\WORK\YarnControl_Driver\YarnControl_Driver\src\stm32f4_rtos\Project\EWARMv7\Flash\Obj\stm32f4xx_dcmi.o
#        E:\WORK\YarnControl_Driver\YarnControl_Driver\src\stm32f4_rtos\Project\EWARMv7\Flash\Obj\stm32f4xx_dma.o
#        E:\WORK\YarnControl_Driver\YarnControl_Driver\src\stm32f4_rtos\Project\EWARMv7\Flash\Obj\stm32f4xx_dma2d.o
#        E:\WORK\YarnControl_Driver\YarnControl_Driver\src\stm32f4_rtos\Project\EWARMv7\Flash\Obj\stm32f4xx_exti.o
#        E:\WORK\YarnControl_Driver\YarnControl_Driver\src\stm32f4_rtos\Project\EWARMv7\Flash\Obj\stm32f4xx_flash.o
#        E:\WORK\YarnControl_Driver\YarnControl_Driver\src\stm32f4_rtos\Project\EWARMv7\Flash\Obj\stm32f4xx_fsmc.o
#        E:\WORK\YarnControl_Driver\YarnControl_Driver\src\stm32f4_rtos\Project\EWARMv7\Flash\Obj\stm32f4xx_gpio.o
#        E:\WORK\YarnControl_Driver\YarnControl_Driver\src\stm32f4_rtos\Project\EWARMv7\Flash\Obj\stm32f4xx_hash.o
#        E:\WORK\YarnControl_Driver\YarnControl_Driver\src\stm32f4_rtos\Project\EWARMv7\Flash\Obj\stm32f4xx_hash_md5.o
#        E:\WORK\YarnControl_Driver\YarnControl_Driver\src\stm32f4_rtos\Project\EWARMv7\Flash\Obj\stm32f4xx_hash_sha1.o
#        E:\WORK\YarnControl_Driver\YarnControl_Driver\src\stm32f4_rtos\Project\EWARMv7\Flash\Obj\stm32f4xx_i2c.o
#        E:\WORK\YarnControl_Driver\YarnControl_Driver\src\stm32f4_rtos\Project\EWARMv7\Flash\Obj\stm32f4xx_it.o
#        E:\WORK\YarnControl_Driver\YarnControl_Driver\src\stm32f4_rtos\Project\EWARMv7\Flash\Obj\stm32f4xx_iwdg.o
#        E:\WORK\YarnControl_Driver\YarnControl_Driver\src\stm32f4_rtos\Project\EWARMv7\Flash\Obj\stm32f4xx_ltdc.o
#        E:\WORK\YarnControl_Driver\YarnControl_Driver\src\stm32f4_rtos\Project\EWARMv7\Flash\Obj\stm32f4xx_pwr.o
#        E:\WORK\YarnControl_Driver\YarnControl_Driver\src\stm32f4_rtos\Project\EWARMv7\Flash\Obj\stm32f4xx_rcc.o
#        E:\WORK\YarnControl_Driver\YarnControl_Driver\src\stm32f4_rtos\Project\EWARMv7\Flash\Obj\stm32f4xx_rng.o
#        E:\WORK\YarnControl_Driver\YarnControl_Driver\src\stm32f4_rtos\Project\EWARMv7\Flash\Obj\stm32f4xx_rtc.o
#        E:\WORK\YarnControl_Driver\YarnControl_Driver\src\stm32f4_rtos\Project\EWARMv7\Flash\Obj\stm32f4xx_sai.o
#        E:\WORK\YarnControl_Driver\YarnControl_Driver\src\stm32f4_rtos\Project\EWARMv7\Flash\Obj\stm32f4xx_sdio.o
#        E:\WORK\YarnControl_Driver\YarnControl_Driver\src\stm32f4_rtos\Project\EWARMv7\Flash\Obj\stm32f4xx_spi.o
#        E:\WORK\YarnControl_Driver\YarnControl_Driver\src\stm32f4_rtos\Project\EWARMv7\Flash\Obj\stm32f4xx_syscfg.o
#        E:\WORK\YarnControl_Driver\YarnControl_Driver\src\stm32f4_rtos\Project\EWARMv7\Flash\Obj\stm32f4xx_tim.o
#        E:\WORK\YarnControl_Driver\YarnControl_Driver\src\stm32f4_rtos\Project\EWARMv7\Flash\Obj\stm32f4xx_usart.o
#        E:\WORK\YarnControl_Driver\YarnControl_Driver\src\stm32f4_rtos\Project\EWARMv7\Flash\Obj\stm32f4xx_wwdg.o
#        E:\WORK\YarnControl_Driver\YarnControl_Driver\src\stm32f4_rtos\Project\EWARMv7\Flash\Obj\SysInfoTest.o
#        E:\WORK\YarnControl_Driver\YarnControl_Driver\src\stm32f4_rtos\Project\EWARMv7\Flash\Obj\system_stm32f4xx.o
#        E:\WORK\YarnControl_Driver\YarnControl_Driver\src\stm32f4_rtos\Project\EWARMv7\Flash\Obj\tasks.o
#        E:\WORK\YarnControl_Driver\YarnControl_Driver\src\stm32f4_rtos\Project\EWARMv7\Flash\Obj\timer_platform.o
#        E:\WORK\YarnControl_Driver\YarnControl_Driver\src\stm32f4_rtos\Project\EWARMv7\Flash\Obj\timers.o
#        E:\WORK\YarnControl_Driver\YarnControl_Driver\src\stm32f4_rtos\Project\EWARMv7\Flash\Obj\transport.o
#        E:\WORK\YarnControl_Driver\YarnControl_Driver\src\stm32f4_rtos\Project\EWARMv7\Flash\Obj\usb_bsp.o
#        E:\WORK\YarnControl_Driver\YarnControl_Driver\src\stm32f4_rtos\Project\EWARMv7\Flash\Obj\usb_core.o
#        E:\WORK\YarnControl_Driver\YarnControl_Driver\src\stm32f4_rtos\Project\EWARMv7\Flash\Obj\usb_hcd.o
#        E:\WORK\YarnControl_Driver\YarnControl_Driver\src\stm32f4_rtos\Project\EWARMv7\Flash\Obj\usb_hcd_int.o
#        E:\WORK\YarnControl_Driver\YarnControl_Driver\src\stm32f4_rtos\Project\EWARMv7\Flash\Obj\usbh_core.o
#        E:\WORK\YarnControl_Driver\YarnControl_Driver\src\stm32f4_rtos\Project\EWARMv7\Flash\Obj\usbh_hcs.o
#        E:\WORK\YarnControl_Driver\YarnControl_Driver\src\stm32f4_rtos\Project\EWARMv7\Flash\Obj\usbh_ioreq.o
#        E:\WORK\YarnControl_Driver\YarnControl_Driver\src\stm32f4_rtos\Project\EWARMv7\Flash\Obj\usbh_it.o
#        E:\WORK\YarnControl_Driver\YarnControl_Driver\src\stm32f4_rtos\Project\EWARMv7\Flash\Obj\usbh_msc_bot.o
#        E:\WORK\YarnControl_Driver\YarnControl_Driver\src\stm32f4_rtos\Project\EWARMv7\Flash\Obj\usbh_msc_core.o
#        E:\WORK\YarnControl_Driver\YarnControl_Driver\src\stm32f4_rtos\Project\EWARMv7\Flash\Obj\usbh_msc_scsi.o
#        E:\WORK\YarnControl_Driver\YarnControl_Driver\src\stm32f4_rtos\Project\EWARMv7\Flash\Obj\usbh_stdreq.o
#        E:\WORK\YarnControl_Driver\YarnControl_Driver\src\stm32f4_rtos\Project\EWARMv7\Flash\Obj\usbh_usr.o
#        -o
#        E:\WORK\YarnControl_Driver\YarnControl_Driver\src\stm32f4_rtos\Project\EWARMv7\Flash\Exe\project.out
#        --map
#        E:\WORK\YarnControl_Driver\YarnControl_Driver\src\stm32f4_rtos\Project\EWARMv7\Flash\List\project.map
#        --config
#        E:\WORK\YarnControl_Driver\YarnControl_Driver\src\stm32f4_rtos\Project\EWARMv7\stm32f4xx_flash.icf
#        --semihosting --entry __iar_program_start --inline --vfe
#
###############################################################################

*******************************************************************************
*** RUNTIME MODEL ATTRIBUTES
***

CppFlavor                     = *
__Heap_Handler                = DLMalloc
__SystemLibrary               = DLib
__dlib_dynamic_initialization = normal


*******************************************************************************
*** PLACEMENT SUMMARY
***

"A1":  place at 0x08000000 { ro section .intvec };
"P1":  place in [from 0x08000000 to 0x080fffff] { ro };
"P2":  place in [from 0x20000000 to 0x2001ffff] { rw, block CSTACK, block HEAP };

  Section             Kind        Address     Size  Object
  -------             ----        -------     ----  ------
"A1":                                        0x188
  .intvec             ro code  0x08000000    0x188  startup_stm32f40_41xxx.o [1]
                             - 0x08000188    0x188

"P1":                                      0x499a4
  .rodata             const    0x08000188  0x15484  cc936.o [1]
  .rodata             const    0x0801560c  0x15484  cc936.o [1]
  .text               ro code  0x0802aa90   0x70c0  apptask.o [1]
  .text               ro code  0x08031b50   0x1520  bsp_sdwe050c17.o [1]
  .text               ro code  0x08033070    0x7c8  queue.o [1]
  .text               ro code  0x08033838    0x6c0  product_cal.o [1]
  .text               ro code  0x08033ef8     0x66  ABImemset.o [5]
  .text               ro code  0x08033f5e     0x1e  xsscin.o [3]
  .text               ro code  0x08033f7c    0xce0  tasks.o [1]
  .text               ro code  0x08034c5c    0x380  bsp_w25qxx.o [1]
  .text               ro code  0x08034fdc     0x4e  FltToDbl.o [4]
  .text               ro code  0x0803502a     0x1a  xsnprout.o [3]
  .text               ro code  0x08035044     0x24  printf.o [3]
  .text               ro code  0x08035068     0x76  ABImemcpy_unaligned.o [5]
  .text               ro code  0x080350de      0xa  xsprout.o [3]
  .text               ro code  0x080350e8     0x42  strcmp_unaligned.o [5]
  .text               ro code  0x0803512c    0x21c  malloc.o [1]
  .text               ro code  0x08035348     0x30  I32ToDbl.o [4]
  .text               ro code  0x08035378    0x256  DblDiv.o [4]
  .text               ro code  0x080355d0     0xe8  DblAdd.o [4]
  .text               ro code  0x080356b8    0x1a2  DblMul.o [4]
  .text               ro code  0x0803585c     0x58  DblToI32.o [4]
  .text               ro code  0x080358b4     0x90  DblToFlt.o [4]
  .text               ro code  0x08035944     0x36  strlen.o [5]
  .text               ro code  0x0803597c    0x12c  stm32f4xx_gpio.o [1]
  .text               ro code  0x08035aa8   0x1426  para.o [1]
  .text               ro code  0x08036ed0     0x62  memcmp_unaligned.o [5]
  .text               ro code  0x08036f34     0xc8  bsp_dac.o [1]
  .text               ro code  0x08036ffc     0x3c  stm32f4xx_rtc.o [1]
  .text               ro code  0x08037038    0x4f8  page_weimi.o [1]
  .text               ro code  0x08037530    0x280  bsp_servomotor.o [1]
  .text               ro code  0x080377b0    0x188  bkp_pwr.o [1]
  .text               ro code  0x08037938    0x1a2  usbh_usr.o [1]
  .text               ro code  0x08037adc    0x760  usbh_core.o [1]
  .text               ro code  0x0803823c   0x2498  ff.o [1]
  .text               ro code  0x0803a6d4     0x34  sprintf.o [3]
  .text               ro code  0x0803a708     0x1c  strcat.o [3]
  .text               ro code  0x0803a724     0xc0  bsp_led.o [1]
  .text               ro code  0x0803a7e4     0xee  rc522.o [1]
  .text               ro code  0x0803a8d4    0x354  modbus.o [1]
  .text               ro code  0x0803ac28     0x80  protocol.o [1]
  .text               ro code  0x0803aca8     0x10  para.o [1]
  .text               ro code  0x0803acb8     0xd4  bsp_closeSW.o [1]
  .text               ro code  0x0803ad8c    0x180  DblSub.o [4]
  .text               ro code  0x0803af0c    0x4f4  bsp_stepmotor.o [1]
  .text               ro code  0x0803b400    0x2c0  encoder_tim.o [1]
  .text               ro code  0x0803b6c0     0x7c  esp8266_init.o [1]
  .text               ro code  0x0803b73c    0x414  esp8266_handler.o [1]
  .text               ro code  0x0803bb50    0x434  pub0sub1.o [1]
  .text               ro code  0x0803bf84    0x262  event_groups.o [1]
  .text               ro code  0x0803c1e8    0x4a4  timers.o [1]
  .text               ro code  0x0803c68c      0x8  bsp_watchdog.o [1]
  .text               ro code  0x0803c694    0x1e8  stm32f4xx_rcc.o [1]
  .text               ro code  0x0803c87c     0x74  bsp_dwt.o [1]
  .text               ro code  0x0803c8f0    0xaa4  bsp_uart_fifo.o [1]
  .text               ro code  0x0803d394    0x204  bsp_timer.o [1]
  .text               ro code  0x0803d598    0x24c  port.o [1]
  .text               ro code  0x0803d7e4     0x98  list.o [1]
  .text               ro code  0x0803d87c    0x280  heap_4.o [1]
  .text               ro code  0x0803dafc    0x124  bsp_spi.o [1]
  .text               ro code  0x0803dc20    0xd96  xprintffull_nomb.o [3]
  .text               ro code  0x0803e9b8     0x44  strcpy_unaligned.o [5]
  .text               ro code  0x0803e9fc     0x24  sscanf.o [3]
  .text               ro code  0x0803ea20     0x7c  stm32f4xx_dac.o [1]
  .text               ro code  0x0803ea9c    0x6f6  stm32f4xx_tim.o [1]
  .text               ro code  0x0803f194    0x31c  stm32f4xx_dma.o [1]
  .text               ro code  0x0803f4b0      0xc  stm32f4xx_pwr.o [1]
  .text               ro code  0x0803f4bc    0x14c  usb_bsp.o [1]
  .text               ro code  0x0803f608     0xd6  usb_hcd.o [1]
  .text               ro code  0x0803f6de    0x1ba  usbh_hcs.o [1]
  .text               ro code  0x0803f898    0x436  usbh_stdreq.o [1]
  .text               ro code  0x0803fcce    0x246  usbh_ioreq.o [1]
  .text               ro code  0x0803ff14    0x2e4  diskio.o [1]
  .text               ro code  0x080401f8     0xf4  cc936.o [1]
  .text               ro code  0x080402ec     0xb8  mcheck.o [1]
  .text               ro code  0x080403a4     0x2c  strstr.o [3]
  .text               ro code  0x080403d0     0x54  stm32f4xx_syscfg.o [1]
  .text               ro code  0x08040424     0xc0  stm32f4xx_exti.o [1]
  .text               ro code  0x080404e4     0x88  misc.o [1]
  .text               ro code  0x0804056c    0x132  I64DivMod.o [5]
  .text               ro code  0x080406a0      0x6  ABImemclr4.o [5]
  .text               ro code  0x080406a8     0x44  snprintf.o [3]
  .text               ro code  0x080406ec    0x306  MQTTConnectClient.o [1]
  .text               ro code  0x080409f4     0x6c  transport.o [1]
  .text               ro code  0x08040a60    0x290  MQTTPacket.o [1]
  .text               ro code  0x08040cf0     0x40  timer_platform.o [1]
  .text               ro code  0x08040d30    0x190  MQTTSubscribeClient.o [1]
  .text               ro code  0x08040ec0     0xbc  MQTTDeserializePublish.o [1]
  .text               ro code  0x08040f7c     0xec  MQTTSerializePublish.o [1]
  .text               ro code  0x08041068     0x10  stm32f4xx_iwdg.o [1]
  .text               ro code  0x08041078    0x254  stm32f4xx_usart.o [1]
  CODE                ro code  0x080412cc     0xa8  portasm.o [1]
  .text               ro code  0x08041374     0x74  stm32f4xx_spi.o [1]
  .text               ro code  0x080413e8     0x16  strchr.o [5]
  .text               ro code  0x08041400     0x58  memchr.o [5]
  .text               ro code  0x08041458     0x42  xdnorm.o [4]
  .text               ro code  0x0804149c     0x2e  DblCmpLe.o [4]
  .text               ro code  0x080414cc     0x2e  DblCmpGe.o [4]
  .text               ro code  0x080414fc    0x114  xdscale.o [4]
  .text               ro code  0x08041610     0x6c  localeconv.o [3]
  .text               ro code  0x0804167c      0xe  div.o [3]
  .text               ro code  0x0804168c    0xb64  xscanffull_nomb.o [3]
  .text               ro code  0x080421f0    0xa50  usb_core.o [1]
  .text               ro code  0x08042c40   0x1a58  bsp_sdio_sd.o [1]
  .text               ro code  0x08044698    0x618  usbh_msc_scsi.o [1]
  .text               ro code  0x08044cb0    0x554  usbh_msc_bot.o [1]
  .text               ro code  0x08045204      0x2  I64DivZer.o [5]
  .text               ro code  0x08045208     0x32  ABImemset48.o [5]
  .text               ro code  0x0804523a     0x28  isxxx.o [3]
  .text               ro code  0x08045262     0xa4  xstoll.o [3]
  .text               ro code  0x08045308    0x1b0  xstoull.o [3]
  .text               ro code  0x080454b8    0x168  xstold.o [4]
  .text               ro code  0x08045620    0x17c  stm32f4xx_sdio.o [1]
  .text               ro code  0x0804579c     0x18  setlocale.o [3]
  .text               ro code  0x080457b4     0x16  xlocale_c.o [3]
  .text               ro code  0x080457ca     0x14  xlocale_c.o [3]
  .text               ro code  0x080457e0      0xc  errno.o [3]
  .text               ro code  0x080457ec     0x14  tolower.o [3]
  .text               ro code  0x08045800    0x124  xstopfx.o [3]
  .text               ro code  0x08045924    0x1b8  xstoflt.o [3]
  .rodata             const    0x08045adc     0x2c  apptask.o [1]
  .text               ro code  0x08045b08    0x200  xdtento.o [4]
  .text               ro code  0x08045d08    0x218  xstoxflt.o [3]
  .text               ro code  0x08045f20      0x2  xtls.o [3]
  .text               ro code  0x08045f22      0xc  xlocale_c.o [3]
  .text               ro code  0x08045f30     0x20  DblCmpEq.o [4]
  .text               ro code  0x08045f50     0x52  xdunscal.o [4]
  .text               ro code  0x08045fa4    0xc7e  usb_hcd_int.o [1]
  .rodata             const    0x08046c24    0x400  apptask.o [1]
  .text               ro code  0x08047024    0x3e8  usbh_msc_core.o [1]
  .rodata             const    0x0804740c    0x3dc  cc936.o [1]
  .rodata             const    0x080477e8    0x3dc  cc936.o [1]
  .rodata             const    0x08047bc4    0x190  product_cal.o [1]
  .text               ro code  0x08047d54    0x154  system_stm32f4xx.o [1]
  .rodata             const    0x08047ea8    0x100  mcheck.o [1]
  .rodata             const    0x08047fa8    0x100  mcheck.o [1]
  .rodata             const    0x080480a8    0x100  mcheck.o [1]
  .text               ro code  0x080481a8     0xd0  packbits_init.o [5]
  .text               ro code  0x08048278      0x6  abort.o [3]
  .text               ro code  0x08048280     0x14  exit.o [6]
  .rodata             const    0x08048294     0x58  pub0sub1.o [1]
  .text               ro code  0x080482ec     0x54  bsp.o [1]
  .text               ro code  0x08048340     0x44  bsp_relay.o [1]
  .text               ro code  0x08048384     0x44  bsp_sw_onoff.o [1]
  .text               ro code  0x080483c8     0x40  zero_init3.o [5]
  .rodata             const    0x08048408     0x38  demo_fatfs.o [1]
  .text               ro code  0x08048440     0x38  stm32f4xx_it.o [1]
  .rodata             const    0x08048478     0x30  apptask.o [1]
  .rodata             const    0x080484a8     0x30  apptask.o [1]
  .rodata             const    0x080484d8     0x30  demo_fatfs.o [1]
  .rodata             const    0x08048508     0x30  demo_fatfs.o [1]
  .text               ro code  0x08048538     0x30  main.o [1]
  .rodata             const    0x08048568     0x2c  demo_fatfs.o [1]
  .rodata             const    0x08048594     0x2c  demo_fatfs.o [1]
  .rodata             const    0x080485c0     0x2c  stm32f4xx_it.o [1]
  .text               ro code  0x080485ec     0x2c  SysInfoTest.o [1]
  .rodata             const    0x08048618     0x28  apptask.o [1]
  .rodata             const    0x08048640     0x28  demo_fatfs.o [1]
  .rodata             const    0x08048668     0x28  demo_fatfs.o [1]
  .rodata             const    0x08048690     0x28  demo_fatfs.o [1]
  .text               ro code  0x080486b8     0x28  data_init.o [5]
  .rodata             const    0x080486e0     0x24  apptask.o [1]
  .rodata             const    0x08048704     0x24  apptask.o [1]
  .rodata             const    0x08048728     0x24  apptask.o [1]
  .rodata             const    0x0804874c     0x24  apptask.o [1]
  .rodata             const    0x08048770     0x24  apptask.o [1]
  .rodata             const    0x08048794     0x24  apptask.o [1]
  .rodata             const    0x080487b8     0x24  apptask.o [1]
  .rodata             const    0x080487dc     0x24  apptask.o [1]
  .rodata             const    0x08048800     0x24  apptask.o [1]
  .rodata             const    0x08048824     0x24  demo_fatfs.o [1]
  .rodata             const    0x08048848     0x24  demo_fatfs.o [1]
  .rodata             const    0x0804886c     0x24  pub0sub1.o [1]
  .rodata             const    0x08048890     0x24  pub0sub1.o [1]
  .rodata             const    0x080488b4     0x24  usbh_usr.o [1]
  .text               ro code  0x080488d8     0x22  fpinit_M.o [4]
  .iar.init_table     const    0x080488fc     0x34  - Linker created -
  .rodata             const    0x08048930     0x20  apptask.o [1]
  .rodata             const    0x08048950     0x20  apptask.o [1]
  .rodata             const    0x08048970     0x20  apptask.o [1]
  .rodata             const    0x08048990     0x20  apptask.o [1]
  .rodata             const    0x080489b0     0x20  demo_fatfs.o [1]
  .rodata             const    0x080489d0     0x20  demo_fatfs.o [1]
  .rodata             const    0x080489f0     0x20  demo_fatfs.o [1]
  .rodata             const    0x08048a10     0x20  pub0sub1.o [1]
  .rodata             const    0x08048a30     0x20  usbh_usr.o [1]
  .rodata             const    0x08048a50     0x20  usbh_usr.o [1]
  .rodata             const    0x08048a70     0x20  usbh_usr.o [1]
  .rodata             const    0x08048a90     0x20  usbh_usr.o [1]
  .rodata             const    0x08048ab0     0x20  usbh_usr.o [1]
  .rodata             const    0x08048ad0     0x1c  apptask.o [1]
  .rodata             const    0x08048aec     0x1c  apptask.o [1]
  .rodata             const    0x08048b08     0x1c  apptask.o [1]
  .rodata             const    0x08048b24     0x1c  apptask.o [1]
  .rodata             const    0x08048b40     0x1c  apptask.o [1]
  .rodata             const    0x08048b5c     0x1c  apptask.o [1]
  .rodata             const    0x08048b78     0x1c  apptask.o [1]
  .rodata             const    0x08048b94     0x1c  apptask.o [1]
  .rodata             const    0x08048bb0     0x1c  demo_fatfs.o [1]
  .rodata             const    0x08048bcc     0x1c  demo_fatfs.o [1]
  .rodata             const    0x08048be8     0x1c  esp8266_handler.o [1]
  .rodata             const    0x08048c04     0x1c  esp8266_handler.o [1]
  .rodata             const    0x08048c20     0x1c  pub0sub1.o [1]
  .rodata             const    0x08048c3c     0x1c  pub0sub1.o [1]
  .rodata             const    0x08048c58     0x1c  pub0sub1.o [1]
  .rodata             const    0x08048c74     0x1c  usbh_usr.o [1]
  .rodata             const    0x08048c90     0x1c  usbh_usr.o [1]
  .rodata             const    0x08048cac     0x1c  usbh_usr.o [1]
  .rodata             const    0x08048cc8     0x1c  usbh_usr.o [1]
  .rodata             const    0x08048ce4     0x1c  usbh_usr.o [1]
  .rodata             const    0x08048d00     0x1c  usbh_usr.o [1]
  .text               ro code  0x08048d1c     0x1a  cmain.o [5]
  .text               ro code  0x08048d36      0x4  exit.o [3]
  .text               ro code  0x08048d3c      0xa  cexit.o [5]
  .rodata             const    0x08048d48     0x18  apptask.o [1]
  .rodata             const    0x08048d60     0x18  apptask.o [1]
  .rodata             const    0x08048d78     0x18  apptask.o [1]
  .rodata             const    0x08048d90     0x18  apptask.o [1]
  .rodata             const    0x08048da8     0x18  apptask.o [1]
  .rodata             const    0x08048dc0     0x18  apptask.o [1]
  .rodata             const    0x08048dd8     0x18  apptask.o [1]
  .rodata             const    0x08048df0     0x18  apptask.o [1]
  .rodata             const    0x08048e08     0x18  apptask.o [1]
  .rodata             const    0x08048e20     0x18  apptask.o [1]
  .rodata             const    0x08048e38     0x18  apptask.o [1]
  .rodata             const    0x08048e50     0x18  apptask.o [1]
  .rodata             const    0x08048e68     0x18  demo_fatfs.o [1]
  .rodata             const    0x08048e80     0x18  demo_fatfs.o [1]
  .rodata             const    0x08048e98     0x18  demo_fatfs.o [1]
  .rodata             const    0x08048eb0     0x18  demo_fatfs.o [1]
  .rodata             const    0x08048ec8     0x18  esp8266_handler.o [1]
  .rodata             const    0x08048ee0     0x18  esp8266_handler.o [1]
  .rodata             const    0x08048ef8     0x18  esp8266_handler.o [1]
  .rodata             const    0x08048f10     0x18  para.o [1]
  .rodata             const    0x08048f28     0x18  pub0sub1.o [1]
  .rodata             const    0x08048f40     0x18  pub0sub1.o [1]
  .rodata             const    0x08048f58     0x18  usbh_usr.o [1]
  .rodata             const    0x08048f70     0x18  usbh_usr.o [1]
  .rodata             const    0x08048f88     0x18  usbh_usr.o [1]
  .rodata             const    0x08048fa0     0x18  usbh_usr.o [1]
  .rodata             const    0x08048fb8     0x18  usbh_usr.o [1]
  .text               ro code  0x08048fd0     0x16  xprout.o [3]
  .text               ro code  0x08048fe8      0xc  putchar.o [3]
  .rodata             const    0x08048ff4     0x14  apptask.o [1]
  .rodata             const    0x08049008     0x14  apptask.o [1]
  .rodata             const    0x0804901c     0x14  apptask.o [1]
  .rodata             const    0x08049030     0x14  apptask.o [1]
  .rodata             const    0x08049044     0x14  apptask.o [1]
  .rodata             const    0x08049058     0x14  apptask.o [1]
  .rodata             const    0x0804906c     0x14  apptask.o [1]
  .rodata             const    0x08049080     0x14  apptask.o [1]
  .rodata             const    0x08049094     0x14  apptask.o [1]
  .rodata             const    0x080490a8     0x14  apptask.o [1]
  .rodata             const    0x080490bc     0x14  apptask.o [1]
  .rodata             const    0x080490d0     0x14  apptask.o [1]
  .rodata             const    0x080490e4     0x14  apptask.o [1]
  .rodata             const    0x080490f8     0x14  apptask.o [1]
  .rodata             const    0x0804910c     0x14  apptask.o [1]
  .rodata             const    0x08049120     0x14  apptask.o [1]
  .rodata             const    0x08049134     0x14  apptask.o [1]
  .rodata             const    0x08049148     0x14  esp8266_handler.o [1]
  .rodata             const    0x0804915c     0x14  pub0sub1.o [1]
  .rodata             const    0x08049170     0x14  pub0sub1.o [1]
  .rodata             const    0x08049184     0x14  pub0sub1.o [1]
  .rodata             const    0x08049198     0x14  pub0sub1.o [1]
  .rodata             const    0x080491ac     0x14  pub0sub1.o [1]
  .rodata             const    0x080491c0     0x14  usbh_usr.o [1]
  .rodata             const    0x080491d4     0x14  usbh_usr.o [1]
  .rodata             const    0x080491e8     0x10  apptask.o [1]
  .rodata             const    0x080491f8     0x10  apptask.o [1]
  .rodata             const    0x08049208     0x10  apptask.o [1]
  .rodata             const    0x08049218     0x10  apptask.o [1]
  .rodata             const    0x08049228     0x10  apptask.o [1]
  .rodata             const    0x08049238     0x10  apptask.o [1]
  .rodata             const    0x08049248     0x10  apptask.o [1]
  .rodata             const    0x08049258     0x10  apptask.o [1]
  .rodata             const    0x08049268     0x10  apptask.o [1]
  .rodata             const    0x08049278     0x10  apptask.o [1]
  .rodata             const    0x08049288     0x10  apptask.o [1]
  .rodata             const    0x08049298     0x10  apptask.o [1]
  .rodata             const    0x080492a8     0x10  apptask.o [1]
  .rodata             const    0x080492b8     0x10  apptask.o [1]
  .rodata             const    0x080492c8     0x10  apptask.o [1]
  .rodata             const    0x080492d8     0x10  apptask.o [1]
  .rodata             const    0x080492e8     0x10  apptask.o [1]
  .rodata             const    0x080492f8     0x10  apptask.o [1]
  .rodata             const    0x08049308     0x10  apptask.o [1]
  .rodata             const    0x08049318     0x10  apptask.o [1]
  .rodata             const    0x08049328     0x10  apptask.o [1]
  .rodata             const    0x08049338     0x10  apptask.o [1]
  .rodata             const    0x08049348     0x10  apptask.o [1]
  .rodata             const    0x08049358     0x10  apptask.o [1]
  .rodata             const    0x08049368     0x10  apptask.o [1]
  .rodata             const    0x08049378     0x10  apptask.o [1]
  .rodata             const    0x08049388     0x10  apptask.o [1]
  .rodata             const    0x08049398     0x10  bsp_sdwe050c17.o [1]
  .rodata             const    0x080493a8     0x10  esp8266_handler.o [1]
  .rodata             const    0x080493b8     0x10  esp8266_handler.o [1]
  .rodata             const    0x080493c8     0x10  esp8266_handler.o [1]
  .rodata             const    0x080493d8     0x10  esp8266_handler.o [1]
  .rodata             const    0x080493e8     0x10  esp8266_handler.o [1]
  .rodata             const    0x080493f8     0x10  esp8266_handler.o [1]
  .rodata             const    0x08049408     0x10  ff.o [1]
  .rodata             const    0x08049418     0x10  main.o [1]
  .rodata             const    0x08049428     0x10  main.o [1]
  .rodata             const    0x08049438     0x10  para.o [1]
  .rodata             const    0x08049448     0x10  para.o [1]
  .rodata             const    0x08049458     0x10  pub0sub1.o [1]
  .rodata             const    0x08049468     0x10  usbh_usr.o [1]
  .rodata             const    0x08049478     0x10  usbh_usr.o [1]
  .text               ro code  0x08049488     0x10  startup_stm32f40_41xxx.o [1]
  .text               ro code  0x08049498     0x10  usbh_it.o [1]
  .rodata             const    0x080494a8      0xc  apptask.o [1]
  .rodata             const    0x080494b4      0xc  apptask.o [1]
  .rodata             const    0x080494c0      0xc  apptask.o [1]
  .rodata             const    0x080494cc      0xc  apptask.o [1]
  .rodata             const    0x080494d8      0xc  apptask.o [1]
  .rodata             const    0x080494e4      0xc  apptask.o [1]
  .rodata             const    0x080494f0      0xc  apptask.o [1]
  .rodata             const    0x080494fc      0xc  apptask.o [1]
  .rodata             const    0x08049508      0xc  apptask.o [1]
  .rodata             const    0x08049514      0xc  apptask.o [1]
  .rodata             const    0x08049520      0xc  apptask.o [1]
  .rodata             const    0x0804952c      0xc  apptask.o [1]
  .rodata             const    0x08049538      0xc  apptask.o [1]
  .rodata             const    0x08049544      0xc  apptask.o [1]
  .rodata             const    0x08049550      0xc  apptask.o [1]
  .rodata             const    0x0804955c      0xc  apptask.o [1]
  .rodata             const    0x08049568      0xc  apptask.o [1]
  .rodata             const    0x08049574      0xc  apptask.o [1]
  .rodata             const    0x08049580      0xc  apptask.o [1]
  .rodata             const    0x0804958c      0xc  apptask.o [1]
  .rodata             const    0x08049598      0xc  apptask.o [1]
  .rodata             const    0x080495a4      0xc  apptask.o [1]
  .rodata             const    0x080495b0      0xc  apptask.o [1]
  .rodata             const    0x080495bc      0xc  apptask.o [1]
  .rodata             const    0x080495c8      0xc  apptask.o [1]
  .rodata             const    0x080495d4      0xc  apptask.o [1]
  .rodata             const    0x080495e0      0xc  apptask.o [1]
  .rodata             const    0x080495ec      0xc  apptask.o [1]
  .rodata             const    0x080495f8      0xc  apptask.o [1]
  .rodata             const    0x08049604      0xc  apptask.o [1]
  .rodata             const    0x08049610      0xc  apptask.o [1]
  .rodata             const    0x0804961c      0xc  apptask.o [1]
  .rodata             const    0x08049628      0xc  apptask.o [1]
  .rodata             const    0x08049634      0xc  apptask.o [1]
  .rodata             const    0x08049640      0xc  apptask.o [1]
  .rodata             const    0x0804964c      0xc  bsp_sdwe050c17.o [1]
  .rodata             const    0x08049658      0xc  demo_fatfs.o [1]
  .rodata             const    0x08049664      0xc  esp8266_handler.o [1]
  .rodata             const    0x08049670      0xc  esp8266_handler.o [1]
  .rodata             const    0x0804967c      0xc  esp8266_handler.o [1]
  .rodata             const    0x08049688      0xc  esp8266_handler.o [1]
  .rodata             const    0x08049694      0xc  esp8266_handler.o [1]
  .rodata             const    0x080496a0      0xc  esp8266_handler.o [1]
  .rodata             const    0x080496ac      0xc  ff.o [1]
  .rodata             const    0x080496b8      0xc  page_weimi.o [1]
  .rodata             const    0x080496c4      0xc  para.o [1]
  .rodata             const    0x080496d0      0xc  para.o [1]
  .rodata             const    0x080496dc      0xc  para.o [1]
  .rodata             const    0x080496e8      0xc  para.o [1]
  .rodata             const    0x080496f4      0xc  para.o [1]
  .rodata             const    0x08049700      0xc  pub0sub1.o [1]
  .rodata             const    0x0804970c      0xc  pub0sub1.o [1]
  .text               ro code  0x08049718      0xc  cstartup_M.o [5]
  .rodata             const    0x08049724      0x8  apptask.o [1]
  .rodata             const    0x0804972c      0x8  apptask.o [1]
  .rodata             const    0x08049734      0x8  apptask.o [1]
  .rodata             const    0x0804973c      0x8  apptask.o [1]
  .rodata             const    0x08049744      0x8  apptask.o [1]
  .rodata             const    0x0804974c      0x8  apptask.o [1]
  .rodata             const    0x08049754      0x8  apptask.o [1]
  .rodata             const    0x0804975c      0x8  apptask.o [1]
  .rodata             const    0x08049764      0x8  apptask.o [1]
  .rodata             const    0x0804976c      0x8  apptask.o [1]
  .rodata             const    0x08049774      0x8  apptask.o [1]
  .rodata             const    0x0804977c      0x8  apptask.o [1]
  .rodata             const    0x08049784      0x8  apptask.o [1]
  .rodata             const    0x0804978c      0x8  apptask.o [1]
  .rodata             const    0x08049794      0x8  apptask.o [1]
  .rodata             const    0x0804979c      0x8  apptask.o [1]
  .rodata             const    0x080497a4      0x8  apptask.o [1]
  .rodata             const    0x080497ac      0x8  apptask.o [1]
  .rodata             const    0x080497b4      0x8  apptask.o [1]
  .rodata             const    0x080497bc      0x8  apptask.o [1]
  .rodata             const    0x080497c4      0x8  bsp_sdwe050c17.o [1]
  .rodata             const    0x080497cc      0x8  bsp_w25qxx.o [1]
  .rodata             const    0x080497d4      0x8  esp8266_handler.o [1]
  .rodata             const    0x080497dc      0x8  ff.o [1]
  .rodata             const    0x080497e4      0x8  malloc.o [1]
  .rodata             const    0x080497ec      0x8  malloc.o [1]
  .rodata             const    0x080497f4      0x8  malloc.o [1]
  .rodata             const    0x080497fc      0x8  MQTTConnectClient.o [1]
  .rodata             const    0x08049804      0x8  MQTTConnectClient.o [1]
  .rodata             const    0x0804980c      0x8  para.o [1]
  .rodata             const    0x08049814      0x8  para.o [1]
  .rodata             const    0x0804981c      0x8  para.o [1]
  .rodata             const    0x08049824      0x8  para.o [1]
  .rodata             const    0x0804982c      0x8  para.o [1]
  .rodata             const    0x08049834      0x8  para.o [1]
  .rodata             const    0x0804983c      0x8  para.o [1]
  .rodata             const    0x08049844      0x8  para.o [1]
  .rodata             const    0x0804984c      0x8  para.o [1]
  .rodata             const    0x08049854      0x8  para.o [1]
  .rodata             const    0x0804985c      0x8  para.o [1]
  .rodata             const    0x08049864      0x8  para.o [1]
  .rodata             const    0x0804986c      0x8  para.o [1]
  .rodata             const    0x08049874      0x8  para.o [1]
  .rodata             const    0x0804987c      0x8  para.o [1]
  .rodata             const    0x08049884      0x8  para.o [1]
  .rodata             const    0x0804988c      0x8  para.o [1]
  .rodata             const    0x08049894      0x8  para.o [1]
  .rodata             const    0x0804989c      0x8  para.o [1]
  .rodata             const    0x080498a4      0x8  para.o [1]
  .rodata             const    0x080498ac      0x8  para.o [1]
  .rodata             const    0x080498b4      0x8  pub0sub1.o [1]
  .rodata             const    0x080498bc      0x8  tasks.o [1]
  .rodata             const    0x080498c4      0x8  timers.o [1]
  .rodata             const    0x080498cc      0x4  heap_4.o [1]
  .rodata             const    0x080498d0      0x4  MQTTConnectClient.o [1]
  .rodata             const    0x080498d4      0x4  MQTTConnectClient.o [1]
  .rodata             const    0x080498d8      0x4  MQTTConnectClient.o [1]
  .rodata             const    0x080498dc      0x4  MQTTConnectClient.o [1]
  .rodata             const    0x080498e0      0x4  MQTTConnectClient.o [1]
  .rodata             const    0x080498e4      0x4  MQTTDeserializePublish.o [1]
  .rodata             const    0x080498e8      0x4  MQTTPacket.o [1]
  .rodata             const    0x080498ec      0x4  MQTTSerializePublish.o [1]
  .rodata             const    0x080498f0      0x4  MQTTSubscribeClient.o [1]
  .rodata             const    0x080498f4      0x4  MQTTSubscribeClient.o [1]
  .rodata             const    0x080498f8      0x4  port.o [1]
  .text               ro code  0x080498fc      0x4  startup_stm32f40_41xxx.o [1]
  .text               ro code  0x08049900      0x4  startup_stm32f40_41xxx.o [1]
  .text               ro code  0x08049904      0x4  startup_stm32f40_41xxx.o [1]
  .text               ro code  0x08049908      0x4  startup_stm32f40_41xxx.o [1]
  .text               ro code  0x0804990c      0x4  startup_stm32f40_41xxx.o [1]
  .text               ro code  0x08049910      0x4  startup_stm32f40_41xxx.o [1]
  .text               ro code  0x08049914      0x4  startup_stm32f40_41xxx.o [1]
  .text               ro code  0x08049918      0x4  startup_stm32f40_41xxx.o [1]
  .text               ro code  0x0804991c      0x4  startup_stm32f40_41xxx.o [1]
  .text               ro code  0x08049920      0x4  startup_stm32f40_41xxx.o [1]
  .text               ro code  0x08049924      0x4  startup_stm32f40_41xxx.o [1]
  .text               ro code  0x08049928      0x4  startup_stm32f40_41xxx.o [1]
  .text               ro code  0x0804992c      0x4  startup_stm32f40_41xxx.o [1]
  .text               ro code  0x08049930      0x4  startup_stm32f40_41xxx.o [1]
  .text               ro code  0x08049934      0x4  startup_stm32f40_41xxx.o [1]
  .text               ro code  0x08049938      0x4  startup_stm32f40_41xxx.o [1]
  .text               ro code  0x0804993c      0x4  startup_stm32f40_41xxx.o [1]
  .text               ro code  0x08049940      0x4  startup_stm32f40_41xxx.o [1]
  .text               ro code  0x08049944      0x4  startup_stm32f40_41xxx.o [1]
  .text               ro code  0x08049948      0x4  startup_stm32f40_41xxx.o [1]
  .text               ro code  0x0804994c      0x4  startup_stm32f40_41xxx.o [1]
  .text               ro code  0x08049950      0x4  startup_stm32f40_41xxx.o [1]
  .text               ro code  0x08049954      0x4  startup_stm32f40_41xxx.o [1]
  .text               ro code  0x08049958      0x4  startup_stm32f40_41xxx.o [1]
  .text               ro code  0x0804995c      0x4  startup_stm32f40_41xxx.o [1]
  .text               ro code  0x08049960      0x4  startup_stm32f40_41xxx.o [1]
  .text               ro code  0x08049964      0x4  startup_stm32f40_41xxx.o [1]
  .text               ro code  0x08049968      0x4  startup_stm32f40_41xxx.o [1]
  .text               ro code  0x0804996c      0x4  startup_stm32f40_41xxx.o [1]
  .text               ro code  0x08049970      0x4  startup_stm32f40_41xxx.o [1]
  .text               ro code  0x08049974      0x4  startup_stm32f40_41xxx.o [1]
  .text               ro code  0x08049978      0x4  startup_stm32f40_41xxx.o [1]
  .text               ro code  0x0804997c      0x4  startup_stm32f40_41xxx.o [1]
  .text               ro code  0x08049980      0x4  startup_stm32f40_41xxx.o [1]
  .text               ro code  0x08049984      0x4  startup_stm32f40_41xxx.o [1]
  .text               ro code  0x08049988      0x4  startup_stm32f40_41xxx.o [1]
  .text               ro code  0x0804998c      0x4  startup_stm32f40_41xxx.o [1]
  .text               ro code  0x08049990      0x4  startup_stm32f40_41xxx.o [1]
  .text               ro code  0x08049994      0x4  startup_stm32f40_41xxx.o [1]
  .text               ro code  0x08049998      0x4  startup_stm32f40_41xxx.o [1]
  .text               ro code  0x0804999c      0x4  startup_stm32f40_41xxx.o [1]
  .text               ro code  0x080499a0      0x4  startup_stm32f40_41xxx.o [1]
  .text               ro code  0x080499a4      0x4  startup_stm32f40_41xxx.o [1]
  .text               ro code  0x080499a8      0x4  startup_stm32f40_41xxx.o [1]
  .text               ro code  0x080499ac      0x4  startup_stm32f40_41xxx.o [1]
  .text               ro code  0x080499b0      0x4  startup_stm32f40_41xxx.o [1]
  .text               ro code  0x080499b4      0x4  startup_stm32f40_41xxx.o [1]
  .text               ro code  0x080499b8      0x4  startup_stm32f40_41xxx.o [1]
  .text               ro code  0x080499bc      0x4  startup_stm32f40_41xxx.o [1]
  .text               ro code  0x080499c0      0x4  startup_stm32f40_41xxx.o [1]
  .text               ro code  0x080499c4      0x4  startup_stm32f40_41xxx.o [1]
  .text               ro code  0x080499c8      0x4  startup_stm32f40_41xxx.o [1]
  .text               ro code  0x080499cc      0x4  startup_stm32f40_41xxx.o [1]
  .text               ro code  0x080499d0      0x4  startup_stm32f40_41xxx.o [1]
  .text               ro code  0x080499d4      0x4  startup_stm32f40_41xxx.o [1]
  .text               ro code  0x080499d8      0x4  startup_stm32f40_41xxx.o [1]
  .text               ro code  0x080499dc      0x4  startup_stm32f40_41xxx.o [1]
  .text               ro code  0x080499e0      0x4  startup_stm32f40_41xxx.o [1]
  .text               ro code  0x080499e4      0x4  startup_stm32f40_41xxx.o [1]
  .text               ro code  0x080499e8      0x4  startup_stm32f40_41xxx.o [1]
  .text               ro code  0x080499ec      0x4  startup_stm32f40_41xxx.o [1]
  .text               ro code  0x080499f0      0x4  startup_stm32f40_41xxx.o [1]
  .text               ro code  0x080499f4      0x4  startup_stm32f40_41xxx.o [1]
  .text               ro code  0x080499f8      0x4  startup_stm32f40_41xxx.o [1]
  .text               ro code  0x080499fc      0x4  startup_stm32f40_41xxx.o [1]
  .text               ro code  0x08049a00      0x4  startup_stm32f40_41xxx.o [1]
  .text               ro code  0x08049a04      0x4  startup_stm32f40_41xxx.o [1]
  .text               ro code  0x08049a08      0x4  startup_stm32f40_41xxx.o [1]
  .rodata             const    0x08049a0c      0x0  zero_init3.o [5]
  .rodata             const    0x08049a0c      0x0  packbits_init.o [5]
  Initializer bytes   const    0x08049a0c    0x120  <for P2 s0>
                             - 0x08049b2c  0x499a4

"P2":                                      0x1f790
  P2 s0                        0x20000000    0x232  <Init block>
    __DLIB_PERTHREAD  inited   0x20000000     0x88  localeconv.o [3]
    __DLIB_PERTHREAD  inited   0x20000088     0x74  setlocale.o [3]
    .data             inited   0x200000fc     0x50  demo_fatfs.o [1]
    .data             inited   0x2000014c     0x48  usbh_usr.o [1]
    .data             inited   0x20000194     0x40  xfiles.o [3]
    .data             inited   0x200001d4     0x1c  malloc.o [1]
    .data             inited   0x200001f0     0x10  stm32f4xx_rcc.o [1]
    .data             inited   0x20000200     0x10  usbh_msc_core.o [1]
    .data             inited   0x20000210      0xc  usbh_core.o [1]
    .data             inited   0x2000021c      0x4  port.o [1]
    .data             inited   0x20000220      0x4  system_stm32f4xx.o [1]
    .data             inited   0x20000224      0x4  usbh_core.o [1]
    __DLIB_PERTHREAD  inited   0x20000228      0x4  errno.o [3]
    .data             inited   0x2000022c      0x2  bsp_w25qxx.o [1]
    .data             inited   0x2000022e      0x1  apptask.o [1]
    .data             inited   0x2000022f      0x1  encoder_tim.o [1]
    .data             inited   0x20000230      0x1  page_weimi.o [1]
    .data             inited   0x20000231      0x1  usbh_msc_scsi.o [1]
  .bss                zero     0x20000234  0x10400  heap_4.o [1]
  .bss                zero     0x20010634   0xa000  malloc.o [1]
  .bss                zero     0x2001a634   0x1000  bsp_w25qxx.o [1]
  .bss                zero     0x2001b634    0xa00  malloc.o [1]
  .bss                zero     0x2001c034    0x5ac  usbh_usr.o [1]
  .bss                zero     0x2001c5e0    0x5ac  usbh_usr.o [1]
  .bss                zero     0x2001cb8c    0x3e8  bsp_uart_fifo.o [1]
  .bss                zero     0x2001cf74    0x3e8  esp8266_handler.o [1]
  .bss                zero     0x2001d35c    0x3e8  esp8266_handler.o [1]
  .bss                zero     0x2001d744    0x3e8  pub0sub1.o [1]
  .bss                zero     0x2001db2c    0x200  ff.o [1]
  .bss                zero     0x2001dd2c    0x200  usbh_msc_scsi.o [1]
  .bss                zero     0x2001df2c    0x200  usbh_stdreq.o [1]
  .bss                zero     0x2001e12c    0x140  tasks.o [1]
  .bss                zero     0x2001e26c    0x12c  page_weimi.o [1]
  .bss                zero     0x2001e398     0xd4  protocol.o [1]
  .bss                zero     0x2001e46c     0xa8  para.o [1]
  .bss                zero     0x2001e514     0xa4  protocol.o [1]
  .bss                zero     0x2001e5b8     0x94  usbh_usr.o [1]
  .bss                zero     0x2001e64c     0x68  esp8266_handler.o [1]
  .bss                zero     0x2001e6b4     0x64  bsp_uart_fifo.o [1]
  .bss                zero     0x2001e718     0x64  bsp_uart_fifo.o [1]
  .bss                zero     0x2001e780     0x58  bsp_sdio_sd.o [1]
  .bss                zero     0x2001e7d8     0x58  protocol.o [1]
  .bss                zero     0x2001e830     0x50  xfiles.o [3]
  .bss                zero     0x2001e880     0x4c  usbh_msc_core.o [1]
  .bss                zero     0x2001e8cc     0x40  page_weimi.o [1]
  .bss                zero     0x2001e90c     0x40  pub0sub1.o [1]
  .bss                zero     0x2001e94c     0x34  bsp_sdwe050c17.o [1]
  .bss                zero     0x2001e980     0x30  product_cal.o [1]
  .bss                zero     0x2001e9b0     0x28  product_cal.o [1]
  .bss                zero     0x2001e9d8     0x24  ff.o [1]
  .bss                zero     0x2001e9fc     0x20  pub0sub1.o [1]
  .bss                zero     0x2001ea1c     0x20  usbh_msc_bot.o [1]
  .bss                zero     0x2001ea3c     0x18  bsp_sdio_sd.o [1]
  .bss                zero     0x2001ea54     0x18  bsp_sdio_sd.o [1]
  .bss                zero     0x2001ea6c     0x18  encoder_tim.o [1]
  .bss                zero     0x2001ea84     0x14  bsp_sdio_sd.o [1]
  .bss                zero     0x2001ea98     0x14  rc522.o [1]
  .bss                zero     0x2001eaac     0x14  tasks.o [1]
  .bss                zero     0x2001eac0     0x14  tasks.o [1]
  .bss                zero     0x2001ead4     0x14  tasks.o [1]
  .bss                zero     0x2001eae8     0x14  tasks.o [1]
  .bss                zero     0x2001eafc     0x14  tasks.o [1]
  .bss                zero     0x2001eb10     0x14  timers.o [1]
  .bss                zero     0x2001eb24     0x14  timers.o [1]
  .bss                zero     0x2001eb38     0x10  bsp_sdio_sd.o [1]
  .bss                zero     0x2001eb48     0x10  bsp_sdio_sd.o [1]
  .bss                zero     0x2001eb58     0x10  usbh_msc_bot.o [1]
  .bss                zero     0x2001eb68     0x10  usbh_msc_bot.o [1]
  .bss                zero     0x2001eb78     0x10  usbh_msc_scsi.o [1]
  .bss                zero     0x2001eb88      0xc  apptask.o [1]
  .bss                zero     0x2001eb94      0xc  apptask.o [1]
  .bss                zero     0x2001eba0      0xc  apptask.o [1]
  .bss                zero     0x2001ebac      0xc  apptask.o [1]
  .bss                zero     0x2001ebb8      0xc  ff.o [1]
  .bss                zero     0x2001ebc4      0xc  protocol.o [1]
  .bss                zero     0x2001ebd0      0xc  protocol.o [1]
  .bss                zero     0x2001ebdc      0xc  protocol.o [1]
  .bss                zero     0x2001ebe8      0xc  pub0sub1.o [1]
  .bss                zero     0x2001ebf4      0x8  heap_4.o [1]
  .bss                zero     0x2001ebfc      0x8  modbus.o [1]
  .bss                zero     0x2001ec04      0x8  protocol.o [1]
  .bss                zero     0x2001ec0c      0x8  pub0sub1.o [1]
  .bss                zero     0x2001ec14      0x4  apptask.o [1]
  .bss                zero     0x2001ec18      0x4  apptask.o [1]
  .bss                zero     0x2001ec1c      0x4  apptask.o [1]
  .bss                zero     0x2001ec20      0x4  apptask.o [1]
  .bss                zero     0x2001ec24      0x4  apptask.o [1]
  .bss                zero     0x2001ec28      0x4  apptask.o [1]
  .bss                zero     0x2001ec2c      0x4  apptask.o [1]
  .bss                zero     0x2001ec30      0x4  apptask.o [1]
  .bss                zero     0x2001ec34      0x4  apptask.o [1]
  .bss                zero     0x2001ec38      0x4  apptask.o [1]
  .bss                zero     0x2001ec3c      0x4  apptask.o [1]
  .bss                zero     0x2001ec40      0x4  apptask.o [1]
  .bss                zero     0x2001ec44      0x4  apptask.o [1]
  .bss                zero     0x2001ec48      0x4  apptask.o [1]
  .bss                zero     0x2001ec4c      0x4  apptask.o [1]
  .bss                zero     0x2001ec50      0x4  apptask.o [1]
  .bss                zero     0x2001ec54      0x4  apptask.o [1]
  .bss                zero     0x2001ec58      0x4  apptask.o [1]
  .bss                zero     0x2001ec5c      0x4  apptask.o [1]
  .bss                zero     0x2001ec60      0x4  apptask.o [1]
  .bss                zero     0x2001ec64      0x4  apptask.o [1]
  .bss                zero     0x2001ec68      0x4  apptask.o [1]
  .bss                zero     0x2001ec6c      0x4  apptask.o [1]
  .bss                zero     0x2001ec70      0x4  apptask.o [1]
  .bss                zero     0x2001ec74      0x4  apptask.o [1]
  .bss                zero     0x2001ec78      0x4  apptask.o [1]
  .bss                zero     0x2001ec7c      0x4  apptask.o [1]
  .bss                zero     0x2001ec80      0x4  bsp_sdio_sd.o [1]
  .bss                zero     0x2001ec84      0x4  bsp_sdio_sd.o [1]
  .bss                zero     0x2001ec88      0x4  bsp_sdio_sd.o [1]
  .bss                zero     0x2001ec8c      0x4  bsp_sdio_sd.o [1]
  .bss                zero     0x2001ec90      0x4  bsp_sdio_sd.o [1]
  .bss                zero     0x2001ec94      0x4  bsp_timer.o [1]
  .bss                zero     0x2001ec98      0x4  bsp_timer.o [1]
  .bss                zero     0x2001ec9c      0x4  bsp_timer.o [1]
  .bss                zero     0x2001eca0      0x4  bsp_timer.o [1]
  .bss                zero     0x2001eca4      0x4  esp8266_handler.o [1]
  .bss                zero     0x2001eca8      0x4  esp8266_handler.o [1]
  .bss                zero     0x2001ecac      0x4  esp8266_handler.o [1]
  .bss                zero     0x2001ecb0      0x4  heap_4.o [1]
  .bss                zero     0x2001ecb4      0x4  heap_4.o [1]
  .bss                zero     0x2001ecb8      0x4  heap_4.o [1]
  .bss                zero     0x2001ecbc      0x4  heap_4.o [1]
  .bss                zero     0x2001ecc0      0x4  MQTTPacket.o [1]
  .bss                zero     0x2001ecc4      0x4  page_weimi.o [1]
  .bss                zero     0x2001ecc8      0x4  page_weimi.o [1]
  .bss                zero     0x2001eccc      0x4  port.o [1]
  .bss                zero     0x2001ecd0      0x4  product_cal.o [1]
  .bss                zero     0x2001ecd4      0x4  product_cal.o [1]
  .bss                zero     0x2001ecd8      0x4  pub0sub1.o [1]
  .bss                zero     0x2001ecdc      0x4  SysInfoTest.o [1]
  .bss                zero     0x2001ece0      0x4  tasks.o [1]
  .bss                zero     0x2001ece4      0x4  tasks.o [1]
  .bss                zero     0x2001ece8      0x4  tasks.o [1]
  .bss                zero     0x2001ecec      0x4  tasks.o [1]
  .bss                zero     0x2001ecf0      0x4  tasks.o [1]
  .bss                zero     0x2001ecf4      0x4  tasks.o [1]
  .bss                zero     0x2001ecf8      0x4  tasks.o [1]
  .bss                zero     0x2001ecfc      0x4  tasks.o [1]
  .bss                zero     0x2001ed00      0x4  tasks.o [1]
  .bss                zero     0x2001ed04      0x4  tasks.o [1]
  .bss                zero     0x2001ed08      0x4  tasks.o [1]
  .bss                zero     0x2001ed0c      0x4  tasks.o [1]
  .bss                zero     0x2001ed10      0x4  tasks.o [1]
  .bss                zero     0x2001ed14      0x4  tasks.o [1]
  .bss                zero     0x2001ed18      0x4  tasks.o [1]
  .bss                zero     0x2001ed1c      0x4  tasks.o [1]
  .bss                zero     0x2001ed20      0x4  timer_platform.o [1]
  .bss                zero     0x2001ed24      0x4  timers.o [1]
  .bss                zero     0x2001ed28      0x4  timers.o [1]
  .bss                zero     0x2001ed2c      0x4  timers.o [1]
  .bss                zero     0x2001ed30      0x4  timers.o [1]
  .bss                zero     0x2001ed34      0x4  usbh_msc_bot.o [1]
  .bss                zero     0x2001ed38      0x4  usbh_msc_bot.o [1]
  .bss                zero     0x2001ed3c      0x4  usbh_msc_bot.o [1]
  .bss                zero     0x2001ed40      0x4  usbh_msc_bot.o [1]
  .bss                zero     0x2001ed44      0x2  apptask.o [1]
  .bss                zero     0x2001ed46      0x2  apptask.o [1]
  .bss                zero     0x2001ed48      0x2  apptask.o [1]
  .bss                zero     0x2001ed4a      0x2  apptask.o [1]
  .bss                zero     0x2001ed4c      0x2  apptask.o [1]
  .bss                zero     0x2001ed4e      0x2  apptask.o [1]
  .bss                zero     0x2001ed50      0x2  bsp_sdwe050c17.o [1]
  .bss                zero     0x2001ed52      0x2  encoder_tim.o [1]
  .bss                zero     0x2001ed54      0x2  encoder_tim.o [1]
  .bss                zero     0x2001ed56      0x2  ff.o [1]
  .bss                zero     0x2001ed58      0x2  page_weimi.o [1]
  .bss                zero     0x2001ed5a      0x2  page_weimi.o [1]
  .bss                zero     0x2001ed5c      0x2  product_cal.o [1]
  .bss                zero     0x2001ed5e      0x2  usbh_core.o [1]
  .bss                zero     0x2001ed60      0x2  usbh_stdreq.o [1]
  .bss                zero     0x2001ed62      0x1  apptask.o [1]
  .bss                zero     0x2001ed63      0x1  apptask.o [1]
  .bss                zero     0x2001ed64      0x1  apptask.o [1]
  .bss                zero     0x2001ed65      0x1  apptask.o [1]
  .bss                zero     0x2001ed66      0x1  apptask.o [1]
  .bss                zero     0x2001ed67      0x1  apptask.o [1]
  .bss                zero     0x2001ed68      0x1  apptask.o [1]
  .bss                zero     0x2001ed69      0x1  apptask.o [1]
  .bss                zero     0x2001ed6a      0x1  apptask.o [1]
  .bss                zero     0x2001ed6b      0x1  apptask.o [1]
  .bss                zero     0x2001ed6c      0x1  apptask.o [1]
  .bss                zero     0x2001ed6d      0x1  apptask.o [1]
  .bss                zero     0x2001ed6e      0x1  apptask.o [1]
  .bss                zero     0x2001ed6f      0x1  apptask.o [1]
  .bss                zero     0x2001ed70      0x1  bsp_sdio_sd.o [1]
  .bss                zero     0x2001ed71      0x1  bsp_sdwe050c17.o [1]
  .bss                zero     0x2001ed72      0x1  bsp_uart_fifo.o [1]
  .bss                zero     0x2001ed73      0x1  encoder_tim.o [1]
  .bss                zero     0x2001ed74      0x1  esp8266_handler.o [1]
  .bss                zero     0x2001ed75      0x1  esp8266_handler.o [1]
  .bss                zero     0x2001ed76      0x1  esp8266_handler.o [1]
  .bss                zero     0x2001ed77      0x1  page_weimi.o [1]
  .bss                zero     0x2001ed78      0x1  page_weimi.o [1]
  .bss                zero     0x2001ed79      0x1  page_weimi.o [1]
  .bss                zero     0x2001ed7a      0x1  page_weimi.o [1]
  .bss                zero     0x2001ed7b      0x1  page_weimi.o [1]
  .bss                zero     0x2001ed7c      0x1  page_weimi.o [1]
  .bss                zero     0x2001ed7d      0x1  port.o [1]
  .bss                zero     0x2001ed7e      0x1  product_cal.o [1]
  .bss                zero     0x2001ed7f      0x1  product_cal.o [1]
  .bss                zero     0x2001ed80      0x1  protocol.o [1]
  .bss                zero     0x2001ed81      0x1  pub0sub1.o [1]
  .bss                zero     0x2001ed82      0x1  pub0sub1.o [1]
  .bss                zero     0x2001ed83      0x1  rc522.o [1]
  .bss                zero     0x2001ed84      0x1  rc522.o [1]
  .bss                zero     0x2001ed85      0x1  usbh_msc_bot.o [1]
  .bss                zero     0x2001ed86      0x1  usbh_msc_core.o [1]
  .bss                zero     0x2001ed87      0x1  usbh_msc_core.o [1]
  .bss                zero     0x2001ed88      0x1  usbh_stdreq.o [1]
  .bss                zero     0x2001ed89      0x1  usbh_usr.o [1]
  CSTACK                       0x2001ed90    0xa00  <Block>
    CSTACK            uninit   0x2001ed90    0xa00  <Block tail>
                             - 0x2001f790  0x1f790

Absolute sections:                         0xff000
  .bss                zero     0x68000000  0xf0000  malloc.o [1]
  .bss                zero     0x680f0000   0xf000  malloc.o [1]
                             - 0x680ff000  0xff000


*******************************************************************************
*** INIT TABLE
***

          Address     Size
          -------     ----
Zero (__iar_zero_init3)
    2 destination ranges, total size 0x11db56:
          0x20000234  0x1eb56
          0x68000000  0xff000

Copy/packbits (__iar_packbits_init3)
    1 source range, total size 0x120 (51% of destination):
          0x08049a0c    0x120
    1 destination range, total size 0x232:
          0x20000000    0x232



*******************************************************************************
*** MODULE SUMMARY
***

    Module                    ro code  ro data  rw data    rw data
                                                            (abs)
    ------                    -------  -------  -------    -------
E:\WORK\YarnControl_Driver\YarnControl_Driver\src\stm32f4_rtos\Project\EWARMv7\Flash\Obj: [1]
    MQTTConnectClient.o           774       36
    MQTTDeserializePublish.o      188        4
    MQTTPacket.o                  656        4        4
    MQTTSerializePublish.o        236        4
    MQTTSubscribeClient.o         400        8
    SysInfoTest.o                  44                 4
    apptask.o                  28 864    3 521      183
    bkp_pwr.o                     392
    bsp.o                          84
    bsp_closeSW.o                 212
    bsp_dac.o                     200
    bsp_dwt.o                     116
    bsp_led.o                     192
    bsp_relay.o                    68
    bsp_sdio_sd.o               6 744               209
    bsp_sdwe050c17.o            5 408       36       55
    bsp_servomotor.o              640
    bsp_spi.o                     292
    bsp_stepmotor.o             1 268
    bsp_sw_onoff.o                 68
    bsp_timer.o                   516                16
    bsp_uart_fifo.o             2 724             1 201
    bsp_w25qxx.o                  896        9    4 098
    bsp_watchdog.o                  8
    cc936.o                       244  176 320
    demo_fatfs.o                           733       80
    diskio.o                      740
    encoder_tim.o                 704                30
    esp8266_handler.o           1 044      324    2 119
    esp8266_init.o                124
    event_groups.o                610
    ff.o                        9 368       36      562
    heap_4.o                      640        4   66 584
    list.o                        152
    main.o                         48       32
    malloc.o                      540       39   43 548  1 044 480
    mcheck.o                      184      768
    misc.o                        136
    modbus.o                      852                 8
    page_weimi.o                1 272       13      383
    para.o                      5 174      284      168
    port.o                        588        6        9
    portasm.o                     168
    product_cal.o               1 728      400      100
    protocol.o                    128               509
    pub0sub1.o                  1 076      472    1 122
    queue.o                     1 992
    rc522.o                       238                22
    startup_stm32f40_41xxx.o      680
    stm32f4xx_dac.o               124
    stm32f4xx_dma.o               796
    stm32f4xx_exti.o              192
    stm32f4xx_gpio.o              300
    stm32f4xx_it.o                 56       44
    stm32f4xx_iwdg.o               16
    stm32f4xx_pwr.o                12
    stm32f4xx_rcc.o               488        8       16
    stm32f4xx_rtc.o                60
    stm32f4xx_sdio.o              380
    stm32f4xx_spi.o               116
    stm32f4xx_syscfg.o             84
    stm32f4xx_tim.o             1 782
    stm32f4xx_usart.o             596
    system_stm32f4xx.o            340        2        4
    tasks.o                     3 296        8      484
    timer_platform.o               64                 4
    timers.o                    1 188        8       56
    transport.o                   108
    usb_bsp.o                     332
    usb_core.o                  2 640
    usb_hcd.o                     214
    usb_hcd_int.o               3 198
    usbh_core.o                 1 888        8       18
    usbh_hcs.o                    442
    usbh_ioreq.o                  582
    usbh_it.o                      16
    usbh_msc_bot.o              1 364                81
    usbh_msc_core.o             1 000        8       94
    usbh_msc_scsi.o             1 560        1      529
    usbh_stdreq.o               1 078               515
    usbh_usr.o                    418      593    3 125
    --------------------------------------------------------------
    Total:                    104 150  183 733  125 940  1 044 480

command line: [2]
    --------------------------------------------------------------
    Total:

dl7M_tlf.a: [3]
    abort.o                         6
    div.o                          14
    errno.o                        12        2        4
    exit.o                          4
    isxxx.o                        40
    localeconv.o                  108       69      136
    printf.o                       36
    putchar.o                      12
    setlocale.o                    24       60      116
    snprintf.o                     68
    sprintf.o                      52
    sscanf.o                       36
    strcat.o                       28
    strstr.o                       44
    tolower.o                      20
    xfiles.o                                32      144
    xlocale_c.o                    54
    xprintffull_nomb.o          3 478
    xprout.o                       22
    xscanffull_nomb.o           2 916
    xsnprout.o                     26
    xsprout.o                      10
    xsscin.o                       30
    xstoflt.o                     440
    xstoll.o                      164
    xstopfx.o                     292
    xstoull.o                     432
    xstoxflt.o                    536
    xtls.o                          2
    --------------------------------------------------------------
    Total:                      8 906      163      400

m7M_tls.a: [4]
    DblAdd.o                      232
    DblCmpEq.o                     32
    DblCmpGe.o                     46
    DblCmpLe.o                     46
    DblDiv.o                      598
    DblMul.o                      418
    DblSub.o                      384
    DblToFlt.o                    144
    DblToI32.o                     88
    FltToDbl.o                     78
    I32ToDbl.o                     48
    fpinit_M.o                     34
    xdnorm.o                       66
    xdscale.o                     276
    xdtento.o                     512
    xdunscal.o                     82
    xstold.o                      360
    --------------------------------------------------------------
    Total:                      3 444

rt7M_tl.a: [5]
    ABImemclr4.o                    6
    ABImemcpy_unaligned.o         118
    ABImemset.o                   102
    ABImemset48.o                  50
    I64DivMod.o                   306
    I64DivZer.o                     2
    cexit.o                        10
    cmain.o                        26
    cstartup_M.o                   12
    data_init.o                    40
    memchr.o                       88
    memcmp_unaligned.o             98
    packbits_init.o               208
    strchr.o                       22
    strcmp_unaligned.o             66
    strcpy_unaligned.o             68
    strlen.o                       54
    zero_init3.o                   64
    --------------------------------------------------------------
    Total:                      1 340

shb_l.a: [6]
    exit.o                         20
    --------------------------------------------------------------
    Total:                         20

    Gaps                           54        6        6
    Linker created                          52    2 560
------------------------------------------------------------------
    Grand Total:              117 914  183 954  128 906  1 044 480


*******************************************************************************
*** ENTRY LIST
***

Entry                      Address     Size  Type      Object
-----                      -------     ----  ----      ------
.iar.init_table$$Base   0x080488fc            --   Gb  - Linker created -
.iar.init_table$$Limit  0x08048930            --   Gb  - Linker created -
?main                   0x08048d1d           Code  Gb  cmain.o [5]
APBAHBPrescTable        0x200001f0     0x10  Data  Lc  stm32f4xx_rcc.o [1]
AppObjCreate            0x080312dd    0x194  Code  Gb  apptask.o [1]
AppTaskCreate           0x080310b1    0x214  Code  Gb  apptask.o [1]
BOTStallErrorCount      0x2001ed34      0x4  Data  Lc  usbh_msc_bot.o [1]
BusFault_Handler        0x08048473      0x2  Code  Gb  stm32f4xx_it.o [1]
CID_Tab                 0x2001eb48     0x10  Data  Lc  bsp_sdio_sd.o [1]
CLIENT_ID               0x2001e9fc     0x20  Data  Gb  pub0sub1.o [1]
CRC16HiTable            0x08047ea8    0x100  Data  Gb  mcheck.o [1]
CRC16LoTable            0x08047fa8    0x100  Data  Gb  mcheck.o [1]
CRC8Table               0x080480a8    0x100  Data  Gb  mcheck.o [1]
CSD_Tab                 0x2001eb38     0x10  Data  Lc  bsp_sdio_sd.o [1]
CSTACK$$Base            0x2001ed90            --   Gb  - Linker created -
CSTACK$$Limit           0x2001f790            --   Gb  - Linker created -
CardType                0x2001ec80      0x4  Data  Lc  bsp_sdio_sd.o [1]
ChannengMQTTPackage     0x08033d53     0x7e  Code  Gb  product_cal.o [1]
CmdError                0x08043da9     0x38  Code  Lc  bsp_sdio_sd.o [1]
CmdResp1Error           0x08043e4d    0x112  Code  Lc  bsp_sdio_sd.o [1]
CmdResp2Error           0x08043f9d     0x52  Code  Lc  bsp_sdio_sd.o [1]
CmdResp3Error           0x08043f5f     0x3e  Code  Lc  bsp_sdio_sd.o [1]
CmdResp6Error           0x08043fef     0xa6  Code  Lc  bsp_sdio_sd.o [1]
CmdResp7Error           0x08043de1     0x58  Code  Lc  bsp_sdio_sd.o [1]
ConfigExitNVIC          0x0803ad23     0x22  Code  Gb  bsp_closeSW.o [1]
ConfigUartNVIC          0x0803cd3f     0x7c  Code  Lc  bsp_uart_fifo.o [1]
ConnectTcp              0x0803b85f     0x48  Code  Gb  esp8266_handler.o [1]
DAC_Cmd                 0x0803ea53     0x26  Code  Gb  stm32f4xx_dac.o [1]
DAC_Init                0x0803ea21     0x32  Code  Gb  stm32f4xx_dac.o [1]
DAC_SetChannel1Data     0x0803ea79     0x1e  Code  Gb  stm32f4xx_dac.o [1]
DMA1_Stream0_IRQHandler
                        0x08037759     0x1c  Code  Gb  bsp_servomotor.o [1]
DMA1_Stream3_IRQHandler
                        0x08037775     0x1c  Code  Gb  bsp_servomotor.o [1]
DMA2_Stream3_IRQHandler
                        0x08044691      0x8  Code  Gb  bsp_sdio_sd.o [1]
DMAEndOfTransfer        0x2001ec90      0x4  Data  Gb  bsp_sdio_sd.o [1]
DMA_ClearFlag           0x0803f377     0x24  Code  Gb  stm32f4xx_dma.o [1]
DMA_Cmd                 0x0803f32d     0x1a  Code  Gb  stm32f4xx_dma.o [1]
DMA_DeInit              0x0803f195    0x140  Code  Gb  stm32f4xx_dma.o [1]
DMA_FlowControllerConfig
                        0x0803f347     0x18  Code  Gb  stm32f4xx_dma.o [1]
DMA_GetCmdStatus        0x0803f35f     0x18  Code  Gb  stm32f4xx_dma.o [1]
DMA_GetITStatus         0x0803f3dd     0x62  Code  Gb  stm32f4xx_dma.o [1]
DMA_ITConfig            0x0803f39b     0x42  Code  Gb  stm32f4xx_dma.o [1]
DMA_Init                0x0803f2d5     0x58  Code  Gb  stm32f4xx_dma.o [1]
Dac1_Init               0x08036f35     0x5a  Code  Gb  bsp_dac.o [1]
Dac1_Set_Vol            0x08036f91     0x58  Code  Gb  bsp_dac.o [1]
DebugMon_Handler        0x08048477      0x2  Code  Gb  stm32f4xx_it.o [1]
DiskFile_init           0x0803ac29     0x40  Code  Gb  protocol.o [1]
Disk_File               0x2001e398     0xd4  Data  Gb  protocol.o [1]
ENC_Calc_Average_Speed  0x0803b5e3     0x58  Code  Gb  encoder_tim.o [1]
ENC_Calc_Rot_Speed      0x0803b509     0xda  Code  Gb  encoder_tim.o [1]
ENC_Clear_Speed_Buffer  0x0803b4ed     0x1c  Code  Gb  encoder_tim.o [1]
ENC_Init                0x0803b401     0xec  Code  Gb  encoder_tim.o [1]
ESP8266_Enable_MultipleId
                        0x0803b78b     0x40  Code  Gb  esp8266_handler.o [1]
ESP8266_JoinAP          0x0803b827     0x38  Code  Gb  esp8266_handler.o [1]
ESP8266_Net_Mode_Choose
                        0x0803b7cb     0x5c  Code  Gb  esp8266_handler.o [1]
EXTI9_5_IRQHandler      0x0803ad45     0x3c  Code  Gb  bsp_closeSW.o [1]
EXTI_ClearITPendingBit  0x080404c7      0x6  Code  Gb  stm32f4xx_exti.o [1]
EXTI_GetITStatus        0x080404ad     0x1a  Code  Gb  stm32f4xx_exti.o [1]
EXTI_Init               0x08040425     0x88  Code  Gb  stm32f4xx_exti.o [1]
Esp8266_GetTcpStatus    0x0803bacd     0x12  Code  Gb  esp8266_handler.o [1]
Esp8266_Tcp_Send        0x0803ba87     0x46  Code  Gb  esp8266_handler.o [1]
FR_Table                0x200000fc     0x50  Data  Gb  demo_fatfs.o [1]
FatFs                   0x2001ebb8      0xc  Data  Lc  ff.o [1]
Files                   0x2001e9d8     0x24  Data  Lc  ff.o [1]
FindSCR                 0x0804423d    0x206  Code  Lc  bsp_sdio_sd.o [1]
Fsid                    0x2001ed56      0x2  Data  Lc  ff.o [1]
GPIO_Init               0x0803597d     0xaa  Code  Gb  stm32f4xx_gpio.o [1]
GPIO_PinAFConfig        0x08035a4f     0x5a  Code  Gb  stm32f4xx_gpio.o [1]
GPIO_ReadInputDataBit   0x08035a27     0x1a  Code  Gb  stm32f4xx_gpio.o [1]
GPIO_WriteBit           0x08035a41      0xe  Code  Gb  stm32f4xx_gpio.o [1]
HCD_GetCurrentFrame     0x0803f699      0x8  Code  Gb  usb_hcd.o [1]
HCD_GetCurrentSpeed     0x0803f67b     0x10  Code  Gb  usb_hcd.o [1]
HCD_GetURB_State        0x0803f6a1      0xa  Code  Gb  usb_hcd.o [1]
HCD_GetXferCnt          0x0803f6ab      0xc  Code  Gb  usb_hcd.o [1]
HCD_Init                0x0803f609     0x72  Code  Gb  usb_hcd.o [1]
HCD_ResetPort           0x0803f68b      0xe  Code  Gb  usb_hcd.o [1]
HCD_SubmitRequest       0x0803f6b7     0x28  Code  Gb  usb_hcd.o [1]
Handle_Internet_Data    0x0803b9ef     0x60  Code  Gb  esp8266_handler.o [1]
HardFault_Handler       0x08048443     0x22  Code  Gb  stm32f4xx_it.o [1]
IWDG_Feed               0x0803c68d      0x8  Code  Gb  bsp_watchdog.o [1]
IWDG_ReloadCounter      0x08041069      0xa  Code  Gb  stm32f4xx_iwdg.o [1]
InStream_Read           0x080481a9     0x22  Code  Lc  packbits_init.o [5]
InitHardUart            0x0803c953    0x3ec  Code  Lc  bsp_uart_fifo.o [1]
Init_JINGSHA_GUI        0x08031b97    0x116  Code  Gb  bsp_sdwe050c17.o [1]
JingSha_File            0x2001e7d8     0x58  Data  Gb  protocol.o [1]
LfnBuf                  0x2001db2c    0x200  Data  Lc  ff.o [1]
LfnOfs                  0x08049408     0x10  Data  Lc  ff.o [1]
LoadInt                 0x0803e1ad     0x6e  Code  Lc  xprintffull_nomb.o [3]
MQTTDeserialize_connack
                        0x080408ef     0x80  Code  Gb  MQTTConnectClient.o [1]
MQTTDeserialize_publish
                        0x08040ec1     0xb6  Code  Gb  MQTTDeserializePublish.o [1]
MQTTDeserialize_suback  0x08040e1f     0x98  Code  Gb  MQTTSubscribeClient.o [1]
MQTTPacket_decode       0x08040a8b     0x54  Code  Gb  MQTTPacket.o [1]
MQTTPacket_decodeBuf    0x08040b2b     0x14  Code  Gb  MQTTPacket.o [1]
MQTTPacket_encode       0x08040a61     0x2a  Code  Gb  MQTTPacket.o [1]
MQTTPacket_len          0x08040adf     0x24  Code  Gb  MQTTPacket.o [1]
MQTTPacket_read         0x08040c6d     0x72  Code  Gb  MQTTPacket.o [1]
MQTTSerialize_connect   0x08040779    0x176  Code  Gb  MQTTConnectClient.o [1]
MQTTSerialize_connectLength
                        0x080406ed     0x8c  Code  Gb  MQTTConnectClient.o [1]
MQTTSerialize_pingreq   0x080409e1     0x12  Code  Gb  MQTTConnectClient.o [1]
MQTTSerialize_publish   0x08040fa1     0xc4  Code  Gb  MQTTSerializePublish.o [1]
MQTTSerialize_publishLength
[...]
mallco_dev              0x200001d4     0x1c  Data  Gb  malloc.o [1]
max_seg                 0x2001ed7a      0x1  Data  Gb  page_weimi.o [1]
mb_init                 0x0803ab09     0x30  Code  Gb  modbus.o [1]
mb_packsend_frame       0x0803aa17     0xf2  Code  Gb  modbus.o [1]
mb_unpack_frame         0x0803a8d5    0x142  Code  Gb  modbus.o [1]
mc_check_crc16          0x08040359     0x40  Code  Gb  mcheck.o [1]
mc_check_crc8           0x08040335     0x24  Code  Gb  mcheck.o [1]
mc_check_sum            0x080402ed     0x2e  Code  Gb  mcheck.o [1]
mc_check_xor            0x0804031b     0x1a  Code  Gb  mcheck.o [1]
mem1base                0x20010634   0xa000  Data  Gb  malloc.o [1]
mem1mapbase             0x2001b634    0xa00  Data  Gb  malloc.o [1]
mem2base                0x68000000  0xf0000  Data  Gb  malloc.o [1]
mem2mapbase             0x680f0000   0xf000  Data  Gb  malloc.o [1]
mem_cmp                 0x0803826f     0x24  Code  Lc  ff.o [1]
mem_cpy                 0x0803823d     0x1c  Code  Lc  ff.o [1]
mem_set                 0x08038259     0x16  Code  Lc  ff.o [1]
memblksize              0x080497ec      0x8  Data  Gb  malloc.o [1]
memchr                  0x08041401           Code  Gb  memchr.o [5]
memsize                 0x080497f4      0x8  Data  Gb  malloc.o [1]
memtblsize              0x080497e4      0x8  Data  Gb  malloc.o [1]
modbus_send_frame       0x0803ab39     0xe6  Code  Gb  modbus.o [1]
move_window             0x08038531     0x40  Code  Lc  ff.o [1]
mqttSubscribeData       0x2001cf74    0x3e8  Data  Gb  esp8266_handler.o [1]
mqtt_status             0x2001ec0c      0x8  Data  Gb  pub0sub1.o [1]
my_mem_free             0x0803527f     0x6c  Code  Gb  malloc.o [1]
my_mem_init             0x08035143     0x42  Code  Gb  malloc.o [1]
my_mem_malloc           0x080351c3     0xbc  Code  Gb  malloc.o [1]
my_mem_perused          0x08035185     0x3e  Code  Gb  malloc.o [1]
myfree                  0x080352eb     0x24  Code  Gb  malloc.o [1]
mymalloc                0x0803530f     0x2a  Code  Gb  malloc.o [1]
mymemset                0x0803512d     0x16  Code  Gb  malloc.o [1]
ndigs                   0x08045490     0x28  Data  Lc  xstoull.o [3]
netDeviceInfo_t         0x2001e64c     0x68  Data  Gb  esp8266_handler.o [1]
net_device_send_cmd     0x0803b73d     0x4e  Code  Gb  esp8266_handler.o [1]
obuf                    0x2001e830     0x50  Data  Lc  xfiles.o [3]
oem2uni                 0x0801560c  0x15484  Data  Lc  cc936.o [1]
old_card_record         0x2001ed68      0x1  Data  Gb  apptask.o [1]
old_isWork              0x2001ed64      0x1  Data  Gb  apptask.o [1]
old_is_stop             0x20000230      0x1  Data  Gb  page_weimi.o [1]
old_plan_complete       0x2001ed7f      0x1  Data  Gb  product_cal.o [1]
old_system_state        0x2000022e      0x1  Data  Gb  apptask.o [1]
old_usb_disk_flag       0x2001ed66      0x1  Data  Gb  apptask.o [1]
old_wifi_flag           0x2001ed75      0x1  Data  Gb  esp8266_handler.o [1]
para_init               0x08035f75     0x80  Code  Gb  para.o [1]
pcInterruptPriorityRegisters
                        0x080498f8      0x4  Data  Lc  port.o [1]
peiliao_para            0x2001e980     0x30  Data  Gb  product_cal.o [1]
pick_lfn                0x08038d83     0x8c  Code  Lc  ff.o [1]
plan_complete           0x2001ed7e      0x1  Data  Gb  product_cal.o [1]
pluse_count             0x2001ed46      0x2  Data  Gb  apptask.o [1]
pluse_step_src          0x2001eba0      0xc  Data  Gb  apptask.o [1]
pows                    0x08045cc0     0x48  Data  Lc  xdtento.o [4]
printf                  0x08035045     0x24  Code  Gb  printf.o [3]
product_complete_kilo   0x080339d3     0x74  Code  Gb  product_cal.o [1]
product_complete_meter  0x080339b7     0x1c  Code  Gb  product_cal.o [1]
product_para            0x2001e9b0     0x28  Data  Gb  product_cal.o [1]
product_per_meter       0x08033931     0x74  Code  Gb  product_cal.o [1]
prvAddCurrentTaskToDelayedList
                        0x08034ad5     0x48  Code  Lc  tasks.o [1]
prvAllocateTCBAndStack  0x08034b1d     0x5a  Code  Lc  tasks.o [1]
prvCheckForValidListAndQueue
                        0x0803c61b     0x52  Code  Lc  timers.o [1]
prvCheckTasksWaitingTermination
                        0x08034a6b     0x66  Code  Lc  tasks.o [1]
prvCopyDataFromQueue    0x08033719     0x30  Code  Lc  queue.o [1]
prvCopyDataToQueue      0x08033695     0x84  Code  Lc  queue.o [1]
prvDeleteTCB            0x08034b77     0x12  Code  Lc  tasks.o [1]
prvGetNextExpireTime    0x0803c407     0x2e  Code  Lc  timers.o [1]
prvHeapInit             0x0803da0d     0x6e  Code  Lc  heap_4.o [1]
prvIdleTask             0x08034985     0x26  Code  Lc  tasks.o [1]
prvInitialiseTCBVariables
                        0x080349ab     0x6a  Code  Lc  tasks.o [1]
prvInitialiseTaskLists  0x08034a15     0x56  Code  Lc  tasks.o [1]
prvInsertBlockIntoFreeList
                        0x0803da7b     0x62  Code  Lc  heap_4.o [1]
prvInsertTimerInActiveList
                        0x0803c45d     0x50  Code  Lc  timers.o [1]
prvIsQueueEmpty         0x080337b3     0x20  Code  Lc  queue.o [1]
prvIsQueueFull          0x080337d3     0x22  Code  Lc  queue.o [1]
prvProcessExpiredTimer  0x0803c31f     0x5c  Code  Lc  timers.o [1]
prvProcessReceivedCommands
                        0x0803c4ad     0xde  Code  Lc  timers.o [1]
prvProcessTimerOrBlockTask
                        0x0803c397     0x70  Code  Lc  timers.o [1]
prvResetNextTaskUnblockTime
                        0x08034b89     0x26  Code  Lc  tasks.o [1]
prvSampleTimeNow        0x0803c435     0x28  Code  Lc  timers.o [1]
prvSwitchTimerLists     0x0803c58b     0x90  Code  Lc  timers.o [1]
prvTaskExitError        0x0803d5bd     0x2a  Code  Lc  port.o [1]
prvTestWaitCondition    0x0803c1c3     0x24  Code  Lc  event_groups.o [1]
prvTimerTask            0x0803c37d     0x1a  Code  Lc  timers.o [1]
prvUnlockQueue          0x08033749     0x6a  Code  Lc  queue.o [1]
pub_topicString         0x2001ebe8      0xc  Data  Gb  pub0sub1.o [1]
put_fat                 0x0803877f    0x16c  Code  Gb  ff.o [1]
putchar                 0x08048fe9      0xc  Code  Gb  putchar.o [3]
pvPortMalloc            0x0803d87d    0x118  Code  Gb  heap_4.o [1]
pxCurrentTCB            0x2001ece0      0x4  Data  Gb  tasks.o [1]
pxCurrentTimerList      0x2001ed24      0x4  Data  Lc  timers.o [1]
pxDelayedTaskList       0x2001ece4      0x4  Data  Lc  tasks.o [1]
pxEnd                   0x2001ecb0      0x4  Data  Lc  heap_4.o [1]
pxOverflowDelayedTaskList
                        0x2001ece8      0x4  Data  Lc  tasks.o [1]
pxOverflowTimerList     0x2001ed28      0x4  Data  Lc  timers.o [1]
pxPortInitialiseStack   0x0803d599     0x24  Code  Gb  port.o [1]
pxReadyTasksLists       0x2001e12c    0x140  Data  Lc  tasks.o [1]
rc522_cmd_anticoll      0x0803a879     0x5a  Code  Gb  rc522.o [1]
rc522_cmd_request       0x0803a825     0x54  Code  Gb  rc522.o [1]
readChar                0x08040b5b     0x10  Code  Gb  MQTTPacket.o [1]
readDisk                0x2001ed6b      0x1  Data  Gb  apptask.o [1]
readFilenum             0x2001ed6c      0x1  Data  Gb  apptask.o [1]
readInt                 0x08040b3f     0x1c  Code  Gb  MQTTPacket.o [1]
readMQTTLenString       0x08040c11     0x3c  Code  Gb  MQTTPacket.o [1]
readSlave               0x2001eb94      0xc  Data  Gb  apptask.o [1]
read_bkp_para           0x08037843     0x78  Code  Gb  bkp_pwr.o [1]
read_device_info        0x08035aa9    0x274  Code  Gb  para.o [1]
read_file_select        0x2001ebdc      0xc  Data  Gb  protocol.o [1]
read_from_disk          0x08036029    0xd04  Code  Gb  para.o [1]
remove_chain            0x080388eb     0x76  Code  Lc  ff.o [1]
rfid_rev_buf            0x2001ea98     0x14  Data  Gb  rc522.o [1]
rfid_rev_cnt            0x2001ed84      0x1  Data  Gb  rc522.o [1]
rfid_rev_flag           0x2001ed83      0x1  Data  Gb  rc522.o [1]
rtc_time                0x2001ec04      0x8  Data  Gb  protocol.o [1]
s_TIM_CallBack1         0x2001ec94      0x4  Data  Lc  bsp_timer.o [1]
s_TIM_CallBack2         0x2001ec98      0x4  Data  Lc  bsp_timer.o [1]
s_TIM_CallBack3         0x2001ec9c      0x4  Data  Lc  bsp_timer.o [1]
s_TIM_CallBack4         0x2001eca0      0x4  Data  Lc  bsp_timer.o [1]
sample_time             0x2001ed44      0x2  Data  Gb  apptask.o [1]
sdew_weimi_page1        0x0803297d    0x28a  Code  Gb  bsp_sdwe050c17.o [1]
sdew_weimi_page2        0x08032c19    0x1e6  Code  Gb  bsp_sdwe050c17.o [1]
sdew_weisha_page1       0x08032dff    0x100  Code  Gb  bsp_sdwe050c17.o [1]
sdew_weisha_page2       0x08032f09    0x100  Code  Gb  bsp_sdwe050c17.o [1]
servo_diff              0x2001ec74      0x4  Data  Gb  apptask.o [1]
servo_per_wei_src       0x2001ec70      0x4  Data  Gb  apptask.o [1]
servo_speed_diff        0x2001ec78      0x4  Data  Gb  apptask.o [1]
servomotor_guodu        0x2001ed77      0x1  Data  Gb  page_weimi.o [1]
servomotor_mode         0x2001ed78      0x1  Data  Gb  page_weimi.o [1]
slave_info              0x2001eb88      0xc  Data  Gb  apptask.o [1]
snprintf                0x080406a9     0x44  Code  Gb  snprintf.o [3]
speed_diff              0x2001ebac      0xc  Data  Gb  apptask.o [1]
speed_zhu               0x2001ed58      0x2  Data  Gb  page_weimi.o [1]
speed_zhu1              0x2001ed5a      0x2  Data  Gb  page_weimi.o [1]
sprintf                 0x0803a6d5     0x34  Code  Gb  sprintf.o [3]
sscanf                  0x0803e9fd     0x24  Code  Gb  sscanf.o [3]
st_clust                0x08038cb5     0x18  Code  Lc  ff.o [1]
stepmotor_guodu         0x2001ecc4      0x4  Data  Gb  page_weimi.o [1]
strcat                  0x0803a709     0x1c  Code  Gb  strcat.o [3]
strchr                  0x080413e9           Code  Gb  strchr.o [5]
strlen                  0x08035945           Code  Gb  strlen.o [5]
strstr                  0x0803aca9     0x10  Code  Gb  para.o [1]
sum_sfn                 0x08038f89     0x20  Code  Lc  ff.o [1]
symbol                  0x2001ec6c      0x4  Data  Gb  apptask.o [1]
symbol_servo            0x2001ed6d      0x1  Data  Gb  apptask.o [1]
sync_fs                 0x08038571     0xd8  Code  Lc  ff.o [1]
sync_window             0x080384d7     0x5a  Code  Lc  ff.o [1]
system_state_dis        0x08047bc4    0x190  Data  Gb  product_cal.o [1]
toStop                  0x2001ecd8      0x4  Data  Gb  pub0sub1.o [1]
tolower                 0x080457ed     0x14  Code  Gb  tolower.o [3]
total_meter_gross       0x2001ecd0      0x4  Data  Gb  product_cal.o [1]
total_weight_gross      0x2001ecd4      0x4  Data  Gb  product_cal.o [1]
transport_close         0x08040a45     0x12  Code  Gb  transport.o [1]
transport_getdata       0x08040a31     0x14  Code  Gb  transport.o [1]
transport_sendPacketBuffer
                        0x080409f5     0x3c  Code  Gb  transport.o [1]
ucHeap                  0x20000234  0x10400  Data  Lc  heap_4.o [1]
ucMaxSysCallPriority    0x2001ed7d      0x1  Data  Lc  port.o [1]
ulHighFrequencyTimerTicks
                        0x2001ecdc      0x4  Data  Gb  SysInfoTest.o [1]
ulMaxPRIGROUPValue      0x2001eccc      0x4  Data  Lc  port.o [1]
ulTaskSwitchedInTime    0x2001ed18      0x4  Data  Lc  tasks.o [1]
ulTotalRunTime          0x2001ed1c      0x4  Data  Lc  tasks.o [1]
uni2oem                 0x08000188  0x15484  Data  Lc  cc936.o [1]
usb_disk_flag           0x2001ed65      0x1  Data  Gb  apptask.o [1]
usbh_OpenMassStorage    0x08037939     0x14  Code  Gb  usbh_usr.o [1]
uxCriticalNesting       0x2000021c      0x4  Data  Lc  port.o [1]
uxCurrentNumberOfTasks  0x2001ecf0      0x4  Data  Lc  tasks.o [1]
uxListRemove            0x0803d855     0x28  Code  Gb  list.o [1]
uxPendedTicks           0x2001ed00      0x4  Data  Lc  tasks.o [1]
uxSchedulerSuspended    0x2001ed14      0x4  Data  Lc  tasks.o [1]
uxTaskNumber            0x2001ed0c      0x4  Data  Lc  tasks.o [1]
uxTaskResetEventItemValue
                        0x08034be9     0x20  Code  Gb  tasks.o [1]
uxTasksDeleted          0x2001ecec      0x4  Data  Lc  tasks.o [1]
uxTopReadyPriority      0x2001ecf8      0x4  Data  Lc  tasks.o [1]
vAnalysisUartData       0x08030e71     0xca  Code  Gb  apptask.o [1]
vEsp8266_Main_Task      0x08030b09    0x226  Code  Gb  apptask.o [1]
vListInitialise         0x0803d7e5     0x1e  Code  Gb  list.o [1]
vListInsert             0x0803d81b     0x3a  Code  Gb  list.o [1]
vListInsertEnd          0x0803d803     0x18  Code  Gb  list.o [1]
vMQTT_Handler_Task      0x08030d39    0x138  Code  Gb  apptask.o [1]
vMQTT_Recive_Task       0x08030f45     0x7e  Code  Gb  apptask.o [1]
vMQTT_Tranmit_Task      0x08030fc9     0xd0  Code  Gb  apptask.o [1]
vPortEnableVFP          0x08041359           Code  Gb  portasm.o [1]
vPortEnterCritical      0x0803d6b3     0x3a  Code  Gb  port.o [1]
vPortExitCritical       0x0803d6ed     0x32  Code  Gb  port.o [1]
vPortFree               0x0803d995     0x78  Code  Gb  heap_4.o [1]
vPortSetupTimerInterrupt
                        0x0803d74b      0xe  Code  Wk  port.o [1]
vPortStartFirstTask     0x08041341           Code  Gb  portasm.o [1]
vPortValidateInterruptPriority
                        0x0803d759     0x4e  Code  Gb  port.o [1]
vQueueWaitForMessageRestricted
                        0x080337f5     0x44  Code  Gb  queue.o [1]
vTaskDelay              0x080341e1     0x84  Code  Gb  tasks.o [1]
vTaskDelayUntil         0x08034101     0xe0  Code  Gb  tasks.o [1]
vTaskFreq               0x080304d9    0x622  Code  Lc  apptask.o [1]
vTaskManageCapacity     0x0802ef11    0x526  Code  Gb  apptask.o [1]
vTaskMassStorage        0x0802dc69    0x5ae  Code  Lc  apptask.o [1]
vTaskMissedYield        0x0803497b      0xa  Code  Gb  tasks.o [1]
vTaskMotorControl       0x0802f4ed    0xfc6  Code  Lc  apptask.o [1]
vTaskMsgPro             0x0802e6c9    0x434  Code  Lc  apptask.o [1]
vTaskPlaceOnEventList   0x080345e1     0x74  Code  Gb  tasks.o [1]
vTaskPlaceOnEventListRestricted
                        0x08034719     0x80  Code  Gb  tasks.o [1]
vTaskPlaceOnUnorderedEventList
                        0x08034671     0xa8  Code  Gb  tasks.o [1]
vTaskReadDisk           0x0802ec51    0x272  Code  Lc  apptask.o [1]
vTaskRev485             0x0802eb35     0xd4  Code  Lc  apptask.o [1]
vTaskSetTimeOutState    0x080348c5     0x26  Code  Gb  tasks.o [1]
vTaskStartScheduler     0x08034265     0x7e  Code  Gb  tasks.o [1]
vTaskSuspendAll         0x080342e3     0x10  Code  Gb  tasks.o [1]
vTaskSwitchContext      0x08034531     0xb0  Code  Gb  tasks.o [1]
vTaskTaskLCD            0x0802aa91   0x3198  Code  Gb  apptask.o [1]
vTaskTaskLED            0x0802e249     0x20  Code  Lc  apptask.o [1]
vTaskTaskRFID           0x0802e269    0x402  Code  Lc  apptask.o [1]
valid_seg               0x2001ecc8      0x4  Data  Gb  page_weimi.o [1]
validate                0x08039d2f     0x36  Code  Lc  ff.o [1]
weimi_para              0x2001e26c    0x12c  Data  Gb  page_weimi.o [1]
wifi_flag               0x2001ed74      0x1  Data  Gb  esp8266_handler.o [1]
work_idle_time          0x2001ed5c      0x2  Data  Gb  product_cal.o [1]
writeCString            0x08040ba1     0x2a  Code  Gb  MQTTPacket.o [1]
writeChar               0x08040b6b      0xc  Code  Gb  MQTTPacket.o [1]
writeInt                0x08040b77     0x2a  Code  Gb  MQTTPacket.o [1]
writeMQTTString         0x08040bcb     0x46  Code  Gb  MQTTPacket.o [1]
write_bkp_para          0x080378bb     0x6e  Code  Gb  bkp_pwr.o [1]
xActiveTimerList1       0x2001eb10     0x14  Data  Lc  timers.o [1]
xActiveTimerList2       0x2001eb24     0x14  Data  Lc  timers.o [1]
xBlockAllocatedBit      0x2001ecbc      0x4  Data  Lc  heap_4.o [1]
xDelayedTaskList1       0x2001eaac     0x14  Data  Lc  tasks.o [1]
xDelayedTaskList2       0x2001eac0     0x14  Data  Lc  tasks.o [1]
xEventGroupCreate       0x0803bf85     0x1c  Code  Gb  event_groups.o [1]
xEventGroupSetBits      0x0803c0ed     0xd6  Code  Gb  event_groups.o [1]
xEventGroupWaitBits     0x0803bfa1    0x146  Code  Gb  event_groups.o [1]
xFreeBytesRemaining     0x2001ecb4      0x4  Data  Lc  heap_4.o [1]
xHandleTaskFreq         0x2001ec38      0x4  Data  Gb  apptask.o [1]
xHandleTaskLCD          0x2001ec14      0x4  Data  Gb  apptask.o [1]
xHandleTaskLED          0x2001ec18      0x4  Data  Gb  apptask.o [1]
xHandleTaskManageCapacity
                        0x2001ec30      0x4  Data  Gb  apptask.o [1]
xHandleTaskMassStorage  0x2001ec20      0x4  Data  Gb  apptask.o [1]
xHandleTaskMotorControl
                        0x2001ec34      0x4  Data  Gb  apptask.o [1]
xHandleTaskMsgPro       0x2001ec28      0x4  Data  Gb  apptask.o [1]
xHandleTaskRFID         0x2001ec1c      0x4  Data  Gb  apptask.o [1]
xHandleTaskReadDisk     0x2001ec24      0x4  Data  Gb  apptask.o [1]
xHandleTaskRev485       0x2001ec2c      0x4  Data  Gb  apptask.o [1]
xHeapStructSize         0x080498cc      0x4  Data  Lc  heap_4.o [1]
xMinimumEverFreeBytesRemaining
                        0x2001ecb8      0x4  Data  Lc  heap_4.o [1]
xNextTaskUnblockTime    0x2001ed10      0x4  Data  Lc  tasks.o [1]
xNumOfOverflows         0x2001ed08      0x4  Data  Lc  tasks.o [1]
xPendingReadyList       0x2001ead4     0x14  Data  Lc  tasks.o [1]
xPortStartScheduler     0x0803d5e7     0xcc  Code  Gb  port.o [1]
xQueueGenericCreate     0x08033101     0x7e  Code  Gb  queue.o [1]
xQueueGenericReceive    0x080334f5    0x19c  Code  Gb  queue.o [1]
xQueueGenericReset      0x08033071     0x90  Code  Gb  queue.o [1]
xQueueGenericSend       0x0803317f    0x1b2  Code  Gb  queue.o [1]
xQueueGenericSendFromISR
                        0x08033331     0xec  Code  Gb  queue.o [1]
xQueueGiveFromISR       0x0803341d     0xd8  Code  Gb  queue.o [1]
xQueue_MQTT_Recv        0x2001ec5c      0x4  Data  Gb  apptask.o [1]
xQueue_MQTT_Transmit    0x2001ec60      0x4  Data  Gb  apptask.o [1]
xQueue_esp8266_Cmd      0x2001ec64      0x4  Data  Gb  apptask.o [1]
xQueue_message          0x2001ec68      0x4  Data  Gb  apptask.o [1]
xSchedulerRunning       0x2001ecfc      0x4  Data  Lc  tasks.o [1]
xSemaphore_download     0x2001ec4c      0x4  Data  Gb  apptask.o [1]
xSemaphore_encoder      0x2001ec48      0x4  Data  Gb  apptask.o [1]
xSemaphore_lcd          0x2001ec3c      0x4  Data  Gb  apptask.o [1]
xSemaphore_pluse        0x2001ec44      0x4  Data  Gb  apptask.o [1]
xSemaphore_readDisk     0x2001ec50      0x4  Data  Gb  apptask.o [1]
xSemaphore_rs485        0x2001ec40      0x4  Data  Gb  apptask.o [1]
xStart                  0x2001ebf4      0x8  Data  Lc  heap_4.o [1]
xSuspendedTaskList      0x2001eafc     0x14  Data  Lc  tasks.o [1]
xTaskCheckForTimeOut    0x080348f1     0x8a  Code  Gb  tasks.o [1]
xTaskGenericCreate      0x08033f7d    0x184  Code  Gb  tasks.o [1]
xTaskGetSchedulerState  0x08034baf     0x26  Code  Gb  tasks.o [1]
xTaskGetTickCount       0x080343f3      0xa  Code  Gb  tasks.o [1]
xTaskIncrementTick      0x080343fd    0x134  Code  Gb  tasks.o [1]
xTaskRemoveFromEventList
                        0x0803479d     0x8e  Code  Gb  tasks.o [1]
xTaskRemoveFromUnorderedEventList
                        0x08034831     0x94  Code  Gb  tasks.o [1]
xTaskResumeAll          0x080342f3    0x100  Code  Gb  tasks.o [1]
xTasksWaitingTermination
                        0x2001eae8     0x14  Data  Lc  tasks.o [1]
xTickCount              0x2001ecf4      0x4  Data  Lc  tasks.o [1]
xTimerCreate            0x0803c239     0x62  Code  Gb  timers.o [1]
xTimerCreateTimerTask   0x0803c1e9     0x50  Code  Gb  timers.o [1]
xTimerGenericCommand    0x0803c29b     0x84  Code  Gb  timers.o [1]
xTimerQueue             0x2001ed2c      0x4  Data  Lc  timers.o [1]
xTimerUser              0x2001ec58      0x4  Data  Gb  apptask.o [1]
xYieldPending           0x2001ed04      0x4  Data  Lc  tasks.o [1]


[1] = E:\WORK\YarnControl_Driver\YarnControl_Driver\src\stm32f4_rtos\Project\EWARMv7\Flash\Obj
[2] = command line
[3] = dl7M_tlf.a
[4] = m7M_tls.a
[5] = rt7M_tl.a
[6] = shb_l.a

  117 914 bytes of readonly  code memory
  183 954 bytes of readonly  data memory
  128 906 bytes of readwrite data memory (+ 1 044 480 absolute)

Errors: none
Warnings: none
