###############################################################################
#
# IAR ELF Linker V7.40.7.9843/W32 for ARM                 14/Feb/2019  14:57:20
# Copyright 2007-2015 IAR Systems AB.
#
#    Output file  =  
#        F:\work\YarnControl_Driver\src\stm32f4_rtos\Project\EWARMv7\Flash\Exe\project.out
#    Map file     =  
#        F:\work\YarnControl_Driver\src\stm32f4_rtos\Project\EWARMv7\Flash\List\project.map
#    Command line =  
#        F:\work\YarnControl_Driver\src\stm32f4_rtos\Project\EWARMv7\Flash\Obj\apptask.o
#        F:\work\YarnControl_Driver\src\stm32f4_rtos\Project\EWARMv7\Flash\Obj\bsp.o
#        F:\work\YarnControl_Driver\src\stm32f4_rtos\Project\EWARMv7\Flash\Obj\bsp_closeSW.o
#        F:\work\YarnControl_Driver\src\stm32f4_rtos\Project\EWARMv7\Flash\Obj\bsp_dwt.o
#        F:\work\YarnControl_Driver\src\stm32f4_rtos\Project\EWARMv7\Flash\Obj\bsp_led.o
#        F:\work\YarnControl_Driver\src\stm32f4_rtos\Project\EWARMv7\Flash\Obj\bsp_relay.o
#        F:\work\YarnControl_Driver\src\stm32f4_rtos\Project\EWARMv7\Flash\Obj\bsp_sdio_sd.o
#        F:\work\YarnControl_Driver\src\stm32f4_rtos\Project\EWARMv7\Flash\Obj\bsp_sdwe050c17.o
#        F:\work\YarnControl_Driver\src\stm32f4_rtos\Project\EWARMv7\Flash\Obj\bsp_servomotor.o
#        F:\work\YarnControl_Driver\src\stm32f4_rtos\Project\EWARMv7\Flash\Obj\bsp_spi.o
#        F:\work\YarnControl_Driver\src\stm32f4_rtos\Project\EWARMv7\Flash\Obj\bsp_stepmotor.o
#        F:\work\YarnControl_Driver\src\stm32f4_rtos\Project\EWARMv7\Flash\Obj\bsp_sw_onoff.o
#        F:\work\YarnControl_Driver\src\stm32f4_rtos\Project\EWARMv7\Flash\Obj\bsp_tim_pwm.o
#        F:\work\YarnControl_Driver\src\stm32f4_rtos\Project\EWARMv7\Flash\Obj\bsp_timer.o
#        F:\work\YarnControl_Driver\src\stm32f4_rtos\Project\EWARMv7\Flash\Obj\bsp_uart_fifo.o
#        F:\work\YarnControl_Driver\src\stm32f4_rtos\Project\EWARMv7\Flash\Obj\bsp_w25qxx.o
#        F:\work\YarnControl_Driver\src\stm32f4_rtos\Project\EWARMv7\Flash\Obj\bsp_watchdog.o
#        F:\work\YarnControl_Driver\src\stm32f4_rtos\Project\EWARMv7\Flash\Obj\cc936.o
#        F:\work\YarnControl_Driver\src\stm32f4_rtos\Project\EWARMv7\Flash\Obj\croutine.o
#        F:\work\YarnControl_Driver\src\stm32f4_rtos\Project\EWARMv7\Flash\Obj\demo_fatfs.o
#        F:\work\YarnControl_Driver\src\stm32f4_rtos\Project\EWARMv7\Flash\Obj\diskio.o
#        F:\work\YarnControl_Driver\src\stm32f4_rtos\Project\EWARMv7\Flash\Obj\encoder.o
#        F:\work\YarnControl_Driver\src\stm32f4_rtos\Project\EWARMv7\Flash\Obj\event_groups.o
#        F:\work\YarnControl_Driver\src\stm32f4_rtos\Project\EWARMv7\Flash\Obj\ff.o
#        F:\work\YarnControl_Driver\src\stm32f4_rtos\Project\EWARMv7\Flash\Obj\heap_4.o
#        F:\work\YarnControl_Driver\src\stm32f4_rtos\Project\EWARMv7\Flash\Obj\list.o
#        F:\work\YarnControl_Driver\src\stm32f4_rtos\Project\EWARMv7\Flash\Obj\main.o
#        F:\work\YarnControl_Driver\src\stm32f4_rtos\Project\EWARMv7\Flash\Obj\malloc.o
#        F:\work\YarnControl_Driver\src\stm32f4_rtos\Project\EWARMv7\Flash\Obj\mcheck.o
#        F:\work\YarnControl_Driver\src\stm32f4_rtos\Project\EWARMv7\Flash\Obj\misc.o
#        F:\work\YarnControl_Driver\src\stm32f4_rtos\Project\EWARMv7\Flash\Obj\modbus.o
#        F:\work\YarnControl_Driver\src\stm32f4_rtos\Project\EWARMv7\Flash\Obj\page_weimi.o
#        F:\work\YarnControl_Driver\src\stm32f4_rtos\Project\EWARMv7\Flash\Obj\para.o
#        F:\work\YarnControl_Driver\src\stm32f4_rtos\Project\EWARMv7\Flash\Obj\port.o
#        F:\work\YarnControl_Driver\src\stm32f4_rtos\Project\EWARMv7\Flash\Obj\portasm.o
#        F:\work\YarnControl_Driver\src\stm32f4_rtos\Project\EWARMv7\Flash\Obj\product_cal.o
#        F:\work\YarnControl_Driver\src\stm32f4_rtos\Project\EWARMv7\Flash\Obj\protocol.o
#        F:\work\YarnControl_Driver\src\stm32f4_rtos\Project\EWARMv7\Flash\Obj\queue.o
#        F:\work\YarnControl_Driver\src\stm32f4_rtos\Project\EWARMv7\Flash\Obj\rc522.o
#        F:\work\YarnControl_Driver\src\stm32f4_rtos\Project\EWARMv7\Flash\Obj\startup_stm32f40_41xxx.o
#        F:\work\YarnControl_Driver\src\stm32f4_rtos\Project\EWARMv7\Flash\Obj\stm32f4xx_adc.o
#        F:\work\YarnControl_Driver\src\stm32f4_rtos\Project\EWARMv7\Flash\Obj\stm32f4xx_assert.o
#        F:\work\YarnControl_Driver\src\stm32f4_rtos\Project\EWARMv7\Flash\Obj\stm32f4xx_can.o
#        F:\work\YarnControl_Driver\src\stm32f4_rtos\Project\EWARMv7\Flash\Obj\stm32f4xx_crc.o
#        F:\work\YarnControl_Driver\src\stm32f4_rtos\Project\EWARMv7\Flash\Obj\stm32f4xx_cryp.o
#        F:\work\YarnControl_Driver\src\stm32f4_rtos\Project\EWARMv7\Flash\Obj\stm32f4xx_cryp_aes.o
#        F:\work\YarnControl_Driver\src\stm32f4_rtos\Project\EWARMv7\Flash\Obj\stm32f4xx_cryp_des.o
#        F:\work\YarnControl_Driver\src\stm32f4_rtos\Project\EWARMv7\Flash\Obj\stm32f4xx_cryp_tdes.o
#        F:\work\YarnControl_Driver\src\stm32f4_rtos\Project\EWARMv7\Flash\Obj\stm32f4xx_dac.o
#        F:\work\YarnControl_Driver\src\stm32f4_rtos\Project\EWARMv7\Flash\Obj\stm32f4xx_dbgmcu.o
#        F:\work\YarnControl_Driver\src\stm32f4_rtos\Project\EWARMv7\Flash\Obj\stm32f4xx_dcmi.o
#        F:\work\YarnControl_Driver\src\stm32f4_rtos\Project\EWARMv7\Flash\Obj\stm32f4xx_dma.o
#        F:\work\YarnControl_Driver\src\stm32f4_rtos\Project\EWARMv7\Flash\Obj\stm32f4xx_dma2d.o
#        F:\work\YarnControl_Driver\src\stm32f4_rtos\Project\EWARMv7\Flash\Obj\stm32f4xx_exti.o
#        F:\work\YarnControl_Driver\src\stm32f4_rtos\Project\EWARMv7\Flash\Obj\stm32f4xx_flash.o
#        F:\work\YarnControl_Driver\src\stm32f4_rtos\Project\EWARMv7\Flash\Obj\stm32f4xx_fsmc.o
#        F:\work\YarnControl_Driver\src\stm32f4_rtos\Project\EWARMv7\Flash\Obj\stm32f4xx_gpio.o
#        F:\work\YarnControl_Driver\src\stm32f4_rtos\Project\EWARMv7\Flash\Obj\stm32f4xx_hash.o
#        F:\work\YarnControl_Driver\src\stm32f4_rtos\Project\EWARMv7\Flash\Obj\stm32f4xx_hash_md5.o
#        F:\work\YarnControl_Driver\src\stm32f4_rtos\Project\EWARMv7\Flash\Obj\stm32f4xx_hash_sha1.o
#        F:\work\YarnControl_Driver\src\stm32f4_rtos\Project\EWARMv7\Flash\Obj\stm32f4xx_i2c.o
#        F:\work\YarnControl_Driver\src\stm32f4_rtos\Project\EWARMv7\Flash\Obj\stm32f4xx_it.o
#        F:\work\YarnControl_Driver\src\stm32f4_rtos\Project\EWARMv7\Flash\Obj\stm32f4xx_iwdg.o
#        F:\work\YarnControl_Driver\src\stm32f4_rtos\Project\EWARMv7\Flash\Obj\stm32f4xx_ltdc.o
#        F:\work\YarnControl_Driver\src\stm32f4_rtos\Project\EWARMv7\Flash\Obj\stm32f4xx_pwr.o
#        F:\work\YarnControl_Driver\src\stm32f4_rtos\Project\EWARMv7\Flash\Obj\stm32f4xx_rcc.o
#        F:\work\YarnControl_Driver\src\stm32f4_rtos\Project\EWARMv7\Flash\Obj\stm32f4xx_rng.o
#        F:\work\YarnControl_Driver\src\stm32f4_rtos\Project\EWARMv7\Flash\Obj\stm32f4xx_rtc.o
#        F:\work\YarnControl_Driver\src\stm32f4_rtos\Project\EWARMv7\Flash\Obj\stm32f4xx_sai.o
#        F:\work\YarnControl_Driver\src\stm32f4_rtos\Project\EWARMv7\Flash\Obj\stm32f4xx_sdio.o
#        F:\work\YarnControl_Driver\src\stm32f4_rtos\Project\EWARMv7\Flash\Obj\stm32f4xx_spi.o
#        F:\work\YarnControl_Driver\src\stm32f4_rtos\Project\EWARMv7\Flash\Obj\stm32f4xx_syscfg.o
#        F:\work\YarnControl_Driver\src\stm32f4_rtos\Project\EWARMv7\Flash\Obj\stm32f4xx_tim.o
#        F:\work\YarnControl_Driver\src\stm32f4_rtos\Project\EWARMv7\Flash\Obj\stm32f4xx_usart.o
#        F:\work\YarnControl_Driver\src\stm32f4_rtos\Project\EWARMv7\Flash\Obj\stm32f4xx_wwdg.o
#        F:\work\YarnControl_Driver\src\stm32f4_rtos\Project\EWARMv7\Flash\Obj\SysInfoTest.o
#        F:\work\YarnControl_Driver\src\stm32f4_rtos\Project\EWARMv7\Flash\Obj\system_stm32f4xx.o
#        F:\work\YarnControl_Driver\src\stm32f4_rtos\Project\EWARMv7\Flash\Obj\tasks.o
#        F:\work\YarnControl_Driver\src\stm32f4_rtos\Project\EWARMv7\Flash\Obj\timers.o
#        F:\work\YarnControl_Driver\src\stm32f4_rtos\Project\EWARMv7\Flash\Obj\usb_bsp.o
#        F:\work\YarnControl_Driver\src\stm32f4_rtos\Project\EWARMv7\Flash\Obj\usb_core.o
#        F:\work\YarnControl_Driver\src\stm32f4_rtos\Project\EWARMv7\Flash\Obj\usb_hcd.o
#        F:\work\YarnControl_Driver\src\stm32f4_rtos\Project\EWARMv7\Flash\Obj\usb_hcd_int.o
#        F:\work\YarnControl_Driver\src\stm32f4_rtos\Project\EWARMv7\Flash\Obj\usbh_core.o
#        F:\work\YarnControl_Driver\src\stm32f4_rtos\Project\EWARMv7\Flash\Obj\usbh_hcs.o
#        F:\work\YarnControl_Driver\src\stm32f4_rtos\Project\EWARMv7\Flash\Obj\usbh_ioreq.o
#        F:\work\YarnControl_Driver\src\stm32f4_rtos\Project\EWARMv7\Flash\Obj\usbh_it.o
#        F:\work\YarnControl_Driver\src\stm32f4_rtos\Project\EWARMv7\Flash\Obj\usbh_msc_bot.o
#        F:\work\YarnControl_Driver\src\stm32f4_rtos\Project\EWARMv7\Flash\Obj\usbh_msc_core.o
#        F:\work\YarnControl_Driver\src\stm32f4_rtos\Project\EWARMv7\Flash\Obj\usbh_msc_scsi.o
#        F:\work\YarnControl_Driver\src\stm32f4_rtos\Project\EWARMv7\Flash\Obj\usbh_stdreq.o
#        F:\work\YarnControl_Driver\src\stm32f4_rtos\Project\EWARMv7\Flash\Obj\usbh_usr.o
#        -o
#        F:\work\YarnControl_Driver\src\stm32f4_rtos\Project\EWARMv7\Flash\Exe\project.out
#        --map
#        F:\work\YarnControl_Driver\src\stm32f4_rtos\Project\EWARMv7\Flash\List\project.map
#        --config
#        F:\work\YarnControl_Driver\src\stm32f4_rtos\Project\EWARMv7\stm32f4xx_flash.icf
#        --semihosting --entry __iar_program_start --inline --vfe
#
###############################################################################

*******************************************************************************
*** RUNTIME MODEL ATTRIBUTES
***

CppFlavor       = *
__SystemLibrary = DLib


*******************************************************************************
*** PLACEMENT SUMMARY
***

"A1":  place at 0x08000000 { ro section .intvec };
"P1":  place in [from 0x08000000 to 0x080fffff] { ro };
"P2":  place in [from 0x20000000 to 0x2001ffff] { rw, block CSTACK, block HEAP };

  Section             Kind        Address     Size  Object
  -------             ----        -------     ----  ------
"A1":                                        0x188
  .intvec             ro code  0x08000000    0x188  startup_stm32f40_41xxx.o [1]
                             - 0x08000188    0x188

"P1":                                      0x41d3a
  .rodata             const    0x08000188  0x15484  cc936.o [1]
  .rodata             const    0x0801560c  0x15484  cc936.o [1]
  .text               ro code  0x0802aa90   0x45f0  apptask.o [1]
  .text               ro code  0x0802f080    0xc00  tasks.o [1]
  .text               ro code  0x0802fc80    0x7c8  queue.o [1]
  .text               ro code  0x08030448   0x12ec  bsp_sdwe050c17.o [1]
  .text               ro code  0x08031734    0x524  product_cal.o [1]
  .text               ro code  0x08031c58     0x66  ABImemset.o [5]
  .text               ro code  0x08031cbe      0xa  xsprout.o [3]
  .text               ro code  0x08031cc8    0x380  bsp_w25qxx.o [1]
  .text               ro code  0x08032048     0x4e  FltToDbl.o [4]
  .text               ro code  0x08032098     0x24  printf.o [3]
  .text               ro code  0x080320bc     0x76  ABImemcpy_unaligned.o [5]
  .text               ro code  0x08032134     0x42  strcmp_unaligned.o [5]
  .text               ro code  0x08032178    0x21c  malloc.o [1]
  .text               ro code  0x08032394     0x30  I32ToDbl.o [4]
  .text               ro code  0x080323c4    0x256  DblDiv.o [4]
  .text               ro code  0x0803261c     0xe8  DblAdd.o [4]
  .text               ro code  0x08032704    0x1a2  DblMul.o [4]
  .text               ro code  0x080328a8     0x58  DblToI32.o [4]
  .text               ro code  0x08032900     0x90  DblToFlt.o [4]
  .text               ro code  0x08032990     0x36  strlen.o [5]
  .text               ro code  0x080329c8     0x62  memcmp_unaligned.o [5]
  .text               ro code  0x08032a2c    0x48c  bsp_servomotor.o [1]
  .text               ro code  0x08032eb8    0x1b6  usbh_usr.o [1]
  .text               ro code  0x08033070    0x760  usbh_core.o [1]
  .text               ro code  0x080337d0   0x2264  ff.o [1]
  .text               ro code  0x08035a34     0x34  sprintf.o [3]
  .text               ro code  0x08035a68     0x1c  strcat.o [3]
  .text               ro code  0x08035a84     0xc0  bsp_led.o [1]
  .text               ro code  0x08035b44     0xae  rc522.o [1]
  .text               ro code  0x08035bf4    0x354  modbus.o [1]
  .text               ro code  0x08035f48     0x68  bsp_sw_onoff.o [1]
  .text               ro code  0x08035fb0     0x44  protocol.o [1]
  .text               ro code  0x08035ff4     0x10  apptask.o [1]
  .text               ro code  0x08036004    0x12c  stm32f4xx_gpio.o [1]
  .text               ro code  0x08036130    0x670  stm32f4xx_tim.o [1]
  .text               ro code  0x080367a0    0x26c  bsp_stepmotor.o [1]
  .text               ro code  0x08036a0c    0x374  encoder.o [1]
  .text               ro code  0x08036d80    0x254  page_weimi.o [1]
  .text               ro code  0x08036fd4    0x262  event_groups.o [1]
  .text               ro code  0x08037238    0x4a4  timers.o [1]
  .text               ro code  0x080376dc      0x8  bsp_watchdog.o [1]
  .text               ro code  0x080376e4    0x24c  port.o [1]
  .text               ro code  0x08037930     0x98  list.o [1]
  .text               ro code  0x080379c8    0x280  heap_4.o [1]
  .text               ro code  0x08037c48    0x1e8  stm32f4xx_rcc.o [1]
  .text               ro code  0x08037e30    0x9e4  bsp_uart_fifo.o [1]
  .text               ro code  0x08038814    0x204  bsp_timer.o [1]
  .text               ro code  0x08038a18    0x124  bsp_spi.o [1]
  .text               ro code  0x08038b3c    0xd96  xprintffull_nomb.o [3]
  .text               ro code  0x080398d4    0x180  DblSub.o [4]
  .text               ro code  0x08039a54    0x31c  stm32f4xx_dma.o [1]
  .text               ro code  0x08039d70     0x88  misc.o [1]
  .text               ro code  0x08039df8    0x14c  usb_bsp.o [1]
  .text               ro code  0x08039f44     0xd6  usb_hcd.o [1]
  .text               ro code  0x0803a01a    0x1ba  usbh_hcs.o [1]
  .text               ro code  0x0803a1d4    0x436  usbh_stdreq.o [1]
  .text               ro code  0x0803a60a    0x246  usbh_ioreq.o [1]
  .text               ro code  0x0803a850    0x2e4  diskio.o [1]
  .text               ro code  0x0803ab34     0xf4  cc936.o [1]
  .text               ro code  0x0803ac28     0xb8  mcheck.o [1]
  .text               ro code  0x0803ace0     0x2c  strstr.o [3]
  .text               ro code  0x0803ad0c     0x10  stm32f4xx_iwdg.o [1]
  CODE                ro code  0x0803ad1c     0xa8  portasm.o [1]
  .text               ro code  0x0803adc4    0x254  stm32f4xx_usart.o [1]
  .text               ro code  0x0803b018     0x74  stm32f4xx_spi.o [1]
  .text               ro code  0x0803b08c     0x16  strchr.o [5]
  .text               ro code  0x0803b0a4     0x58  memchr.o [5]
  .text               ro code  0x0803b0fc     0xee  I64DivMod.o [5]
  .text               ro code  0x0803b1ea     0x42  xdnorm.o [4]
  .text               ro code  0x0803b22c     0x2e  DblCmpLe.o [4]
  .text               ro code  0x0803b25c     0x2e  DblCmpGe.o [4]
  .text               ro code  0x0803b28c    0x114  xdscale.o [4]
  .text               ro code  0x0803b3a0     0x6c  localeconv.o [3]
  .text               ro code  0x0803b40c      0xe  div.o [3]
  .text               ro code  0x0803b41c     0x74  bsp_dwt.o [1]
  .text               ro code  0x0803b490    0xa50  usb_core.o [1]
  .text               ro code  0x0803bee0   0x1a58  bsp_sdio_sd.o [1]
  .text               ro code  0x0803d938    0x618  usbh_msc_scsi.o [1]
  .text               ro code  0x0803df50    0x554  usbh_msc_bot.o [1]
  .text               ro code  0x0803e4a4      0x2  I64DivZer.o [5]
  .text               ro code  0x0803e4a8    0x17c  stm32f4xx_sdio.o [1]
  .text               ro code  0x0803e624    0xc7e  usb_hcd_int.o [1]
  .text               ro code  0x0803f2a4    0x3e8  usbh_msc_core.o [1]
  .rodata             const    0x0803f68c    0x3dc  cc936.o [1]
  .rodata             const    0x0803fa68    0x3dc  cc936.o [1]
  .text               ro code  0x0803fe44    0x32c  para.o [1]
  .text               ro code  0x08040170     0x44  strcpy_unaligned.o [5]
  .text               ro code  0x080401b4    0x2e0  bsp_tim_pwm.o [1]
  .rodata             const    0x08040494    0x1f4  apptask.o [1]
  .rodata             const    0x08040688    0x190  product_cal.o [1]
  .text               ro code  0x08040818    0x154  system_stm32f4xx.o [1]
  .rodata             const    0x0804096c    0x100  mcheck.o [1]
  .rodata             const    0x08040a6c    0x100  mcheck.o [1]
  .rodata             const    0x08040b6c    0x100  mcheck.o [1]
  .text               ro code  0x08040c6c     0xd4  bsp_closeSW.o [1]
  .text               ro code  0x08040d40     0x54  stm32f4xx_syscfg.o [1]
  .text               ro code  0x08040d94     0xc0  stm32f4xx_exti.o [1]
  .text               ro code  0x08040e54     0xd0  packbits_init.o [5]
  .text               ro code  0x08040f24      0x6  abort.o [3]
  .text               ro code  0x08040f2c     0x14  exit.o [6]
  .text               ro code  0x08040f40     0x4c  bsp.o [1]
  .text               ro code  0x08040f8c     0x44  bsp_relay.o [1]
  .text               ro code  0x08040fd0     0x40  zero_init3.o [5]
  .text               ro code  0x08041010     0x3c  SysInfoTest.o [1]
  .rodata             const    0x0804104c     0x38  demo_fatfs.o [1]
  .text               ro code  0x08041084     0x38  stm32f4xx_it.o [1]
  .rodata             const    0x080410bc     0x30  apptask.o [1]
  .rodata             const    0x080410ec     0x30  demo_fatfs.o [1]
  .rodata             const    0x0804111c     0x30  demo_fatfs.o [1]
  .rodata             const    0x0804114c     0x2c  apptask.o [1]
  .rodata             const    0x08041178     0x2c  demo_fatfs.o [1]
  .rodata             const    0x080411a4     0x2c  demo_fatfs.o [1]
  .rodata             const    0x080411d0     0x2c  stm32f4xx_it.o [1]
  .text               ro code  0x080411fc     0x2c  main.o [1]
  .rodata             const    0x08041228     0x28  demo_fatfs.o [1]
  .rodata             const    0x08041250     0x28  demo_fatfs.o [1]
  .rodata             const    0x08041278     0x28  demo_fatfs.o [1]
  .text               ro code  0x080412a0     0x28  data_init.o [5]
  .rodata             const    0x080412c8     0x24  demo_fatfs.o [1]
  .rodata             const    0x080412ec     0x24  demo_fatfs.o [1]
  .rodata             const    0x08041310     0x24  usbh_usr.o [1]
  .text               ro code  0x08041334     0x22  fpinit_M.o [4]
  .iar.init_table     const    0x08041358     0x34  - Linker created -
  .rodata             const    0x0804138c     0x20  apptask.o [1]
  .rodata             const    0x080413ac     0x20  apptask.o [1]
  .rodata             const    0x080413cc     0x20  bsp_sdwe050c17.o [1]
  .rodata             const    0x080413ec     0x20  demo_fatfs.o [1]
  .rodata             const    0x0804140c     0x20  demo_fatfs.o [1]
  .rodata             const    0x0804142c     0x20  demo_fatfs.o [1]
  .rodata             const    0x0804144c     0x20  usbh_usr.o [1]
  .rodata             const    0x0804146c     0x20  usbh_usr.o [1]
  .rodata             const    0x0804148c     0x20  usbh_usr.o [1]
  .rodata             const    0x080414ac     0x20  usbh_usr.o [1]
  .rodata             const    0x080414cc     0x20  usbh_usr.o [1]
  .rodata             const    0x080414ec     0x1c  apptask.o [1]
  .rodata             const    0x08041508     0x1c  apptask.o [1]
  .rodata             const    0x08041524     0x1c  apptask.o [1]
  .rodata             const    0x08041540     0x1c  apptask.o [1]
  .rodata             const    0x0804155c     0x1c  apptask.o [1]
  .rodata             const    0x08041578     0x1c  apptask.o [1]
  .rodata             const    0x08041594     0x1c  apptask.o [1]
  .rodata             const    0x080415b0     0x1c  demo_fatfs.o [1]
  .rodata             const    0x080415cc     0x1c  demo_fatfs.o [1]
  .rodata             const    0x080415e8     0x1c  usbh_usr.o [1]
  .rodata             const    0x08041604     0x1c  usbh_usr.o [1]
  .rodata             const    0x08041620     0x1c  usbh_usr.o [1]
  .rodata             const    0x0804163c     0x1c  usbh_usr.o [1]
  .rodata             const    0x08041658     0x1c  usbh_usr.o [1]
  .rodata             const    0x08041674     0x1c  usbh_usr.o [1]
  .text               ro code  0x08041690     0x1a  cmain.o [5]
  .text               ro code  0x080416aa      0x4  exit.o [3]
  .text               ro code  0x080416b0      0xa  cexit.o [5]
  .rodata             const    0x080416bc     0x18  apptask.o [1]
  .rodata             const    0x080416d4     0x18  apptask.o [1]
  .rodata             const    0x080416ec     0x18  apptask.o [1]
  .rodata             const    0x08041704     0x18  apptask.o [1]
  .rodata             const    0x0804171c     0x18  apptask.o [1]
  .rodata             const    0x08041734     0x18  apptask.o [1]
  .rodata             const    0x0804174c     0x18  apptask.o [1]
  .rodata             const    0x08041764     0x18  apptask.o [1]
  .rodata             const    0x0804177c     0x18  demo_fatfs.o [1]
  .rodata             const    0x08041794     0x18  demo_fatfs.o [1]
  .rodata             const    0x080417ac     0x18  demo_fatfs.o [1]
  .rodata             const    0x080417c4     0x18  demo_fatfs.o [1]
  .rodata             const    0x080417dc     0x18  usbh_usr.o [1]
  .rodata             const    0x080417f4     0x18  usbh_usr.o [1]
  .rodata             const    0x0804180c     0x18  usbh_usr.o [1]
  .rodata             const    0x08041824     0x18  usbh_usr.o [1]
  .rodata             const    0x0804183c     0x18  usbh_usr.o [1]
  .text               ro code  0x08041854     0x16  xprout.o [3]
  .text               ro code  0x0804186c      0xc  putchar.o [3]
  .rodata             const    0x08041878     0x14  apptask.o [1]
  .rodata             const    0x0804188c     0x14  apptask.o [1]
  .rodata             const    0x080418a0     0x14  apptask.o [1]
  .rodata             const    0x080418b4     0x14  apptask.o [1]
  .rodata             const    0x080418c8     0x14  apptask.o [1]
  .rodata             const    0x080418dc     0x14  apptask.o [1]
  .rodata             const    0x080418f0     0x14  apptask.o [1]
  .rodata             const    0x08041904     0x14  usbh_usr.o [1]
  .rodata             const    0x08041918     0x14  usbh_usr.o [1]
  .rodata             const    0x0804192c     0x10  apptask.o [1]
  .rodata             const    0x0804193c     0x10  apptask.o [1]
  .rodata             const    0x0804194c     0x10  apptask.o [1]
  .rodata             const    0x0804195c     0x10  apptask.o [1]
  .rodata             const    0x0804196c     0x10  apptask.o [1]
  .rodata             const    0x0804197c     0x10  apptask.o [1]
  .rodata             const    0x0804198c     0x10  apptask.o [1]
  .rodata             const    0x0804199c     0x10  apptask.o [1]
  .rodata             const    0x080419ac     0x10  apptask.o [1]
  .rodata             const    0x080419bc     0x10  apptask.o [1]
  .rodata             const    0x080419cc     0x10  apptask.o [1]
  .rodata             const    0x080419dc     0x10  ff.o [1]
  .rodata             const    0x080419ec     0x10  main.o [1]
  .rodata             const    0x080419fc     0x10  main.o [1]
  .rodata             const    0x08041a0c     0x10  usbh_usr.o [1]
  .rodata             const    0x08041a1c     0x10  usbh_usr.o [1]
  .text               ro code  0x08041a2c     0x10  startup_stm32f40_41xxx.o [1]
  .text               ro code  0x08041a3c     0x10  usbh_it.o [1]
  .rodata             const    0x08041a4c      0xc  apptask.o [1]
  .rodata             const    0x08041a58      0xc  apptask.o [1]
  .rodata             const    0x08041a64      0xc  apptask.o [1]
  .rodata             const    0x08041a70      0xc  apptask.o [1]
  .rodata             const    0x08041a7c      0xc  apptask.o [1]
  .rodata             const    0x08041a88      0xc  apptask.o [1]
  .rodata             const    0x08041a94      0xc  apptask.o [1]
  .rodata             const    0x08041aa0      0xc  apptask.o [1]
  .rodata             const    0x08041aac      0xc  apptask.o [1]
  .rodata             const    0x08041ab8      0xc  apptask.o [1]
  .rodata             const    0x08041ac4      0xc  apptask.o [1]
  .rodata             const    0x08041ad0      0xc  apptask.o [1]
  .rodata             const    0x08041adc      0xc  apptask.o [1]
  .rodata             const    0x08041ae8      0xc  apptask.o [1]
  .rodata             const    0x08041af4      0xc  apptask.o [1]
  .rodata             const    0x08041b00      0xc  apptask.o [1]
  .rodata             const    0x08041b0c      0xc  apptask.o [1]
  .rodata             const    0x08041b18      0xc  apptask.o [1]
  .rodata             const    0x08041b24      0xc  apptask.o [1]
  .rodata             const    0x08041b30      0xc  apptask.o [1]
  .rodata             const    0x08041b3c      0xc  apptask.o [1]
  .rodata             const    0x08041b48      0xc  apptask.o [1]
  .rodata             const    0x08041b54      0xc  apptask.o [1]
  .rodata             const    0x08041b60      0xc  apptask.o [1]
  .rodata             const    0x08041b6c      0xc  apptask.o [1]
  .rodata             const    0x08041b78      0xc  apptask.o [1]
  .rodata             const    0x08041b84      0xc  apptask.o [1]
  .rodata             const    0x08041b90      0xc  apptask.o [1]
  .rodata             const    0x08041b9c      0xc  bsp_sdwe050c17.o [1]
  .rodata             const    0x08041ba8      0xc  bsp_sdwe050c17.o [1]
  .rodata             const    0x08041bb4      0xc  demo_fatfs.o [1]
  .rodata             const    0x08041bc0      0xc  ff.o [1]
  .text               ro code  0x08041bcc      0xc  cstartup_M.o [5]
  .rodata             const    0x08041bd8      0x8  apptask.o [1]
  .rodata             const    0x08041be0      0x8  apptask.o [1]
  .rodata             const    0x08041be8      0x8  apptask.o [1]
  .rodata             const    0x08041bf0      0x8  apptask.o [1]
  .rodata             const    0x08041bf8      0x8  apptask.o [1]
  .rodata             const    0x08041c00      0x8  apptask.o [1]
  .rodata             const    0x08041c08      0x8  apptask.o [1]
  .rodata             const    0x08041c10      0x8  apptask.o [1]
  .rodata             const    0x08041c18      0x8  apptask.o [1]
  .rodata             const    0x08041c20      0x8  apptask.o [1]
  .rodata             const    0x08041c28      0x8  apptask.o [1]
  .rodata             const    0x08041c30      0x8  apptask.o [1]
  .rodata             const    0x08041c38      0x8  apptask.o [1]
  .rodata             const    0x08041c40      0x8  bsp_w25qxx.o [1]
  .rodata             const    0x08041c48      0x8  ff.o [1]
  .rodata             const    0x08041c50      0x8  malloc.o [1]
  .rodata             const    0x08041c58      0x8  malloc.o [1]
  .rodata             const    0x08041c60      0x8  malloc.o [1]
  .rodata             const    0x08041c68      0x8  para.o [1]
  .rodata             const    0x08041c70      0x8  para.o [1]
  .rodata             const    0x08041c78      0x8  para.o [1]
  .rodata             const    0x08041c80      0x8  tasks.o [1]
  .rodata             const    0x08041c88      0x8  timers.o [1]
  .rodata             const    0x08041c90      0x4  heap_4.o [1]
  .rodata             const    0x08041c94      0x4  port.o [1]
  .text               ro code  0x08041c98      0x4  startup_stm32f40_41xxx.o [1]
  .text               ro code  0x08041c9c      0x4  startup_stm32f40_41xxx.o [1]
  .text               ro code  0x08041ca0      0x4  startup_stm32f40_41xxx.o [1]
  .text               ro code  0x08041ca4      0x4  startup_stm32f40_41xxx.o [1]
  .text               ro code  0x08041ca8      0x4  startup_stm32f40_41xxx.o [1]
  .text               ro code  0x08041cac      0x4  startup_stm32f40_41xxx.o [1]
  .text               ro code  0x08041cb0      0x4  startup_stm32f40_41xxx.o [1]
  .text               ro code  0x08041cb4      0x4  startup_stm32f40_41xxx.o [1]
  .text               ro code  0x08041cb8      0x4  startup_stm32f40_41xxx.o [1]
  .text               ro code  0x08041cbc      0x4  startup_stm32f40_41xxx.o [1]
  .text               ro code  0x08041cc0      0x4  startup_stm32f40_41xxx.o [1]
  .text               ro code  0x08041cc4      0x4  startup_stm32f40_41xxx.o [1]
  .text               ro code  0x08041cc8      0x4  startup_stm32f40_41xxx.o [1]
  .text               ro code  0x08041ccc      0x4  startup_stm32f40_41xxx.o [1]
  .text               ro code  0x08041cd0      0x4  startup_stm32f40_41xxx.o [1]
  .text               ro code  0x08041cd4      0x4  startup_stm32f40_41xxx.o [1]
  .text               ro code  0x08041cd8      0x4  startup_stm32f40_41xxx.o [1]
  .text               ro code  0x08041cdc      0x4  startup_stm32f40_41xxx.o [1]
  .text               ro code  0x08041ce0      0x4  startup_stm32f40_41xxx.o [1]
  .text               ro code  0x08041ce4      0x4  startup_stm32f40_41xxx.o [1]
  .text               ro code  0x08041ce8      0x4  startup_stm32f40_41xxx.o [1]
  .text               ro code  0x08041cec      0x4  startup_stm32f40_41xxx.o [1]
  .text               ro code  0x08041cf0      0x4  startup_stm32f40_41xxx.o [1]
  .text               ro code  0x08041cf4      0x4  startup_stm32f40_41xxx.o [1]
  .text               ro code  0x08041cf8      0x4  startup_stm32f40_41xxx.o [1]
  .text               ro code  0x08041cfc      0x4  startup_stm32f40_41xxx.o [1]
  .text               ro code  0x08041d00      0x4  startup_stm32f40_41xxx.o [1]
  .text               ro code  0x08041d04      0x4  startup_stm32f40_41xxx.o [1]
  .text               ro code  0x08041d08      0x4  startup_stm32f40_41xxx.o [1]
  .text               ro code  0x08041d0c      0x4  startup_stm32f40_41xxx.o [1]
  .text               ro code  0x08041d10      0x4  startup_stm32f40_41xxx.o [1]
  .text               ro code  0x08041d14      0x4  startup_stm32f40_41xxx.o [1]
  .text               ro code  0x08041d18      0x4  startup_stm32f40_41xxx.o [1]
  .text               ro code  0x08041d1c      0x4  startup_stm32f40_41xxx.o [1]
  .text               ro code  0x08041d20      0x4  startup_stm32f40_41xxx.o [1]
  .text               ro code  0x08041d24      0x4  startup_stm32f40_41xxx.o [1]
  .text               ro code  0x08041d28      0x4  startup_stm32f40_41xxx.o [1]
  .text               ro code  0x08041d2c      0x4  startup_stm32f40_41xxx.o [1]
  .text               ro code  0x08041d30      0x4  startup_stm32f40_41xxx.o [1]
  .text               ro code  0x08041d34      0x4  startup_stm32f40_41xxx.o [1]
  .text               ro code  0x08041d38      0x4  startup_stm32f40_41xxx.o [1]
  .text               ro code  0x08041d3c      0x4  startup_stm32f40_41xxx.o [1]
  .text               ro code  0x08041d40      0x4  startup_stm32f40_41xxx.o [1]
  .text               ro code  0x08041d44      0x4  startup_stm32f40_41xxx.o [1]
  .text               ro code  0x08041d48      0x4  startup_stm32f40_41xxx.o [1]
  .text               ro code  0x08041d4c      0x4  startup_stm32f40_41xxx.o [1]
  .text               ro code  0x08041d50      0x4  startup_stm32f40_41xxx.o [1]
  .text               ro code  0x08041d54      0x4  startup_stm32f40_41xxx.o [1]
  .text               ro code  0x08041d58      0x4  startup_stm32f40_41xxx.o [1]
  .text               ro code  0x08041d5c      0x4  startup_stm32f40_41xxx.o [1]
  .text               ro code  0x08041d60      0x4  startup_stm32f40_41xxx.o [1]
  .text               ro code  0x08041d64      0x4  startup_stm32f40_41xxx.o [1]
  .text               ro code  0x08041d68      0x4  startup_stm32f40_41xxx.o [1]
  .text               ro code  0x08041d6c      0x4  startup_stm32f40_41xxx.o [1]
  .text               ro code  0x08041d70      0x4  startup_stm32f40_41xxx.o [1]
  .text               ro code  0x08041d74      0x4  startup_stm32f40_41xxx.o [1]
  .text               ro code  0x08041d78      0x4  startup_stm32f40_41xxx.o [1]
  .text               ro code  0x08041d7c      0x4  startup_stm32f40_41xxx.o [1]
  .text               ro code  0x08041d80      0x4  startup_stm32f40_41xxx.o [1]
  .text               ro code  0x08041d84      0x4  startup_stm32f40_41xxx.o [1]
  .text               ro code  0x08041d88      0x4  startup_stm32f40_41xxx.o [1]
  .text               ro code  0x08041d8c      0x4  startup_stm32f40_41xxx.o [1]
  .text               ro code  0x08041d90      0x4  startup_stm32f40_41xxx.o [1]
  .text               ro code  0x08041d94      0x4  startup_stm32f40_41xxx.o [1]
  .text               ro code  0x08041d98      0x4  startup_stm32f40_41xxx.o [1]
  .text               ro code  0x08041d9c      0x4  startup_stm32f40_41xxx.o [1]
  .text               ro code  0x08041da0      0x4  startup_stm32f40_41xxx.o [1]
  .rodata             const    0x08041da4      0x0  zero_init3.o [5]
  .rodata             const    0x08041da4      0x0  packbits_init.o [5]
  Initializer bytes   const    0x08041da4    0x11e  <for P2 s0>
                             - 0x08041ec2  0x41d3a

"P2":                                      0x1f780
  P2 s0                        0x20000000    0x1cc  <Init block>
    __DLIB_PERTHREAD  inited   0x20000000     0x88  localeconv.o [3]
    .data             inited   0x20000088     0x50  demo_fatfs.o [1]
    .data             inited   0x200000d8     0x48  usbh_usr.o [1]
    .data             inited   0x20000120     0x40  xfiles.o [3]
    .data             inited   0x20000160     0x1c  malloc.o [1]
    .data             inited   0x2000017c     0x14  bsp_servomotor.o [1]
    .data             inited   0x20000190     0x10  stm32f4xx_rcc.o [1]
    .data             inited   0x200001a0     0x10  usbh_msc_core.o [1]
    .data             inited   0x200001b0      0xc  usbh_core.o [1]
    .data             inited   0x200001bc      0x4  port.o [1]
    .data             inited   0x200001c0      0x4  system_stm32f4xx.o [1]
    .data             inited   0x200001c4      0x4  usbh_core.o [1]
    .data             inited   0x200001c8      0x2  bsp_w25qxx.o [1]
    .data             inited   0x200001ca      0x1  page_weimi.o [1]
    .data             inited   0x200001cb      0x1  usbh_msc_scsi.o [1]
  .bss                zero     0x200001cc  0x11800  heap_4.o [1]
  .bss                zero     0x200119cc   0xa000  malloc.o [1]
  .bss                zero     0x2001b9cc   0x1000  bsp_w25qxx.o [1]
  .bss                zero     0x2001c9cc    0xa00  malloc.o [1]
  .bss                zero     0x2001d3cc    0x5ac  usbh_usr.o [1]
  .bss                zero     0x2001d978    0x5ac  usbh_usr.o [1]
  .bss                zero     0x2001df24    0x200  ff.o [1]
  .bss                zero     0x2001e124    0x200  usbh_msc_scsi.o [1]
  .bss                zero     0x2001e324    0x200  usbh_stdreq.o [1]
  .bss                zero     0x2001e524    0x118  page_weimi.o [1]
  .bss                zero     0x2001e63c     0xf0  tasks.o [1]
  .bss                zero     0x2001e72c     0xa4  protocol.o [1]
  .bss                zero     0x2001e7d0     0x98  para.o [1]
  .bss                zero     0x2001e868     0x94  usbh_usr.o [1]
  .bss                zero     0x2001e8fc     0x70  protocol.o [1]
  .bss                zero     0x2001e96c     0x64  bsp_uart_fifo.o [1]
  .bss                zero     0x2001e9d0     0x64  bsp_uart_fifo.o [1]
  .bss                zero     0x2001ea38     0x58  bsp_sdio_sd.o [1]
  .bss                zero     0x2001ea90     0x50  protocol.o [1]
  .bss                zero     0x2001eae0     0x50  xfiles.o [3]
  .bss                zero     0x2001eb30     0x4c  usbh_msc_core.o [1]
  .bss                zero     0x2001eb7c     0x34  bsp_sdwe050c17.o [1]
  .bss                zero     0x2001ebb0     0x34  product_cal.o [1]
  .bss                zero     0x2001ebe4     0x28  bsp_uart_fifo.o [1]
  .bss                zero     0x2001ec0c     0x28  encoder.o [1]
  .bss                zero     0x2001ec34     0x28  product_cal.o [1]
  .bss                zero     0x2001ec5c     0x24  ff.o [1]
  .bss                zero     0x2001ec80     0x20  usbh_msc_bot.o [1]
  .bss                zero     0x2001eca0     0x18  bsp_sdio_sd.o [1]
  .bss                zero     0x2001ecb8     0x18  bsp_sdio_sd.o [1]
  .bss                zero     0x2001ecd0     0x14  bsp_sdio_sd.o [1]
  .bss                zero     0x2001ece4     0x14  page_weimi.o [1]
  .bss                zero     0x2001ecf8     0x14  rc522.o [1]
  .bss                zero     0x2001ed0c     0x14  tasks.o [1]
  .bss                zero     0x2001ed20     0x14  tasks.o [1]
  .bss                zero     0x2001ed34     0x14  tasks.o [1]
  .bss                zero     0x2001ed48     0x14  tasks.o [1]
  .bss                zero     0x2001ed5c     0x14  tasks.o [1]
  .bss                zero     0x2001ed70     0x14  timers.o [1]
  .bss                zero     0x2001ed84     0x14  timers.o [1]
  .bss                zero     0x2001ed98     0x10  bsp_sdio_sd.o [1]
  .bss                zero     0x2001eda8     0x10  bsp_sdio_sd.o [1]
  .bss                zero     0x2001edb8     0x10  usbh_msc_bot.o [1]
  .bss                zero     0x2001edc8     0x10  usbh_msc_bot.o [1]
  .bss                zero     0x2001edd8     0x10  usbh_msc_scsi.o [1]
  .bss                zero     0x2001ede8      0xc  apptask.o [1]
  .bss                zero     0x2001edf4      0xc  apptask.o [1]
  .bss                zero     0x2001ee00      0xc  ff.o [1]
  .bss                zero     0x2001ee0c      0xc  protocol.o [1]
  .bss                zero     0x2001ee18      0xc  protocol.o [1]
  .bss                zero     0x2001ee24      0xc  protocol.o [1]
  .bss                zero     0x2001ee30      0x8  heap_4.o [1]
  .bss                zero     0x2001ee38      0x8  modbus.o [1]
  .bss                zero     0x2001ee40      0x8  protocol.o [1]
  .bss                zero     0x2001ee48      0x4  apptask.o [1]
  .bss                zero     0x2001ee4c      0x4  apptask.o [1]
  .bss                zero     0x2001ee50      0x4  apptask.o [1]
  .bss                zero     0x2001ee54      0x4  apptask.o [1]
  .bss                zero     0x2001ee58      0x4  apptask.o [1]
  .bss                zero     0x2001ee5c      0x4  apptask.o [1]
  .bss                zero     0x2001ee60      0x4  apptask.o [1]
  .bss                zero     0x2001ee64      0x4  apptask.o [1]
  .bss                zero     0x2001ee68      0x4  apptask.o [1]
  .bss                zero     0x2001ee6c      0x4  apptask.o [1]
  .bss                zero     0x2001ee70      0x4  apptask.o [1]
  .bss                zero     0x2001ee74      0x4  apptask.o [1]
  .bss                zero     0x2001ee78      0x4  apptask.o [1]
  .bss                zero     0x2001ee7c      0x4  apptask.o [1]
  .bss                zero     0x2001ee80      0x4  apptask.o [1]
  .bss                zero     0x2001ee84      0x4  apptask.o [1]
  .bss                zero     0x2001ee88      0x4  apptask.o [1]
  .bss                zero     0x2001ee8c      0x4  apptask.o [1]
  .bss                zero     0x2001ee90      0x4  apptask.o [1]
  .bss                zero     0x2001ee94      0x4  apptask.o [1]
  .bss                zero     0x2001ee98      0x4  bsp_sdio_sd.o [1]
  .bss                zero     0x2001ee9c      0x4  bsp_sdio_sd.o [1]
  .bss                zero     0x2001eea0      0x4  bsp_sdio_sd.o [1]
  .bss                zero     0x2001eea4      0x4  bsp_sdio_sd.o [1]
  .bss                zero     0x2001eea8      0x4  bsp_sdio_sd.o [1]
  .bss                zero     0x2001eeac      0x4  bsp_timer.o [1]
  .bss                zero     0x2001eeb0      0x4  bsp_timer.o [1]
  .bss                zero     0x2001eeb4      0x4  bsp_timer.o [1]
  .bss                zero     0x2001eeb8      0x4  bsp_timer.o [1]
  .bss                zero     0x2001eebc      0x4  encoder.o [1]
  .bss                zero     0x2001eec0      0x4  encoder.o [1]
  .bss                zero     0x2001eec4      0x4  heap_4.o [1]
  .bss                zero     0x2001eec8      0x4  heap_4.o [1]
  .bss                zero     0x2001eecc      0x4  heap_4.o [1]
  .bss                zero     0x2001eed0      0x4  heap_4.o [1]
  .bss                zero     0x2001eed4      0x4  port.o [1]
  .bss                zero     0x2001eed8      0x4  product_cal.o [1]
  .bss                zero     0x2001eedc      0x4  product_cal.o [1]
  .bss                zero     0x2001eee0      0x4  SysInfoTest.o [1]
  .bss                zero     0x2001eee4      0x4  tasks.o [1]
  .bss                zero     0x2001eee8      0x4  tasks.o [1]
  .bss                zero     0x2001eeec      0x4  tasks.o [1]
  .bss                zero     0x2001eef0      0x4  tasks.o [1]
  .bss                zero     0x2001eef4      0x4  tasks.o [1]
  .bss                zero     0x2001eef8      0x4  tasks.o [1]
  .bss                zero     0x2001eefc      0x4  tasks.o [1]
  .bss                zero     0x2001ef00      0x4  tasks.o [1]
  .bss                zero     0x2001ef04      0x4  tasks.o [1]
  .bss                zero     0x2001ef08      0x4  tasks.o [1]
  .bss                zero     0x2001ef0c      0x4  tasks.o [1]
  .bss                zero     0x2001ef10      0x4  tasks.o [1]
  .bss                zero     0x2001ef14      0x4  tasks.o [1]
  .bss                zero     0x2001ef18      0x4  tasks.o [1]
  .bss                zero     0x2001ef1c      0x4  tasks.o [1]
  .bss                zero     0x2001ef20      0x4  tasks.o [1]
  .bss                zero     0x2001ef24      0x4  timers.o [1]
  .bss                zero     0x2001ef28      0x4  timers.o [1]
  .bss                zero     0x2001ef2c      0x4  timers.o [1]
  .bss                zero     0x2001ef30      0x4  timers.o [1]
  .bss                zero     0x2001ef34      0x4  usbh_msc_bot.o [1]
  .bss                zero     0x2001ef38      0x4  usbh_msc_bot.o [1]
  .bss                zero     0x2001ef3c      0x4  usbh_msc_bot.o [1]
  .bss                zero     0x2001ef40      0x4  usbh_msc_bot.o [1]
  .bss                zero     0x2001ef44      0x2  apptask.o [1]
  .bss                zero     0x2001ef46      0x2  apptask.o [1]
  .bss                zero     0x2001ef48      0x2  apptask.o [1]
  .bss                zero     0x2001ef4a      0x2  apptask.o [1]
  .bss                zero     0x2001ef4c      0x2  bsp_sdwe050c17.o [1]
  .bss                zero     0x2001ef4e      0x2  encoder.o [1]
  .bss                zero     0x2001ef50      0x2  encoder.o [1]
  .bss                zero     0x2001ef52      0x2  encoder.o [1]
  .bss                zero     0x2001ef54      0x2  encoder.o [1]
  .bss                zero     0x2001ef56      0x2  ff.o [1]
  .bss                zero     0x2001ef58      0x2  page_weimi.o [1]
  .bss                zero     0x2001ef5a      0x2  product_cal.o [1]
  .bss                zero     0x2001ef5c      0x2  usbh_core.o [1]
  .bss                zero     0x2001ef5e      0x2  usbh_stdreq.o [1]
  .bss                zero     0x2001ef60      0x1  apptask.o [1]
  .bss                zero     0x2001ef61      0x1  apptask.o [1]
  .bss                zero     0x2001ef62      0x1  apptask.o [1]
  .bss                zero     0x2001ef63      0x1  apptask.o [1]
  .bss                zero     0x2001ef64      0x1  apptask.o [1]
  .bss                zero     0x2001ef65      0x1  apptask.o [1]
  .bss                zero     0x2001ef66      0x1  apptask.o [1]
  .bss                zero     0x2001ef67      0x1  apptask.o [1]
  .bss                zero     0x2001ef68      0x1  apptask.o [1]
  .bss                zero     0x2001ef69      0x1  bsp_sdio_sd.o [1]
  .bss                zero     0x2001ef6a      0x1  bsp_sdwe050c17.o [1]
  .bss                zero     0x2001ef6b      0x1  bsp_uart_fifo.o [1]
  .bss                zero     0x2001ef6c      0x1  encoder.o [1]
  .bss                zero     0x2001ef6d      0x1  encoder.o [1]
  .bss                zero     0x2001ef6e      0x1  encoder.o [1]
  .bss                zero     0x2001ef6f      0x1  page_weimi.o [1]
  .bss                zero     0x2001ef70      0x1  page_weimi.o [1]
  .bss                zero     0x2001ef71      0x1  page_weimi.o [1]
  .bss                zero     0x2001ef72      0x1  page_weimi.o [1]
  .bss                zero     0x2001ef73      0x1  port.o [1]
  .bss                zero     0x2001ef74      0x1  product_cal.o [1]
  .bss                zero     0x2001ef75      0x1  product_cal.o [1]
  .bss                zero     0x2001ef76      0x1  product_cal.o [1]
  .bss                zero     0x2001ef77      0x1  protocol.o [1]
  .bss                zero     0x2001ef78      0x1  rc522.o [1]
  .bss                zero     0x2001ef79      0x1  rc522.o [1]
  .bss                zero     0x2001ef7a      0x1  usbh_msc_bot.o [1]
  .bss                zero     0x2001ef7b      0x1  usbh_msc_core.o [1]
  .bss                zero     0x2001ef7c      0x1  usbh_msc_core.o [1]
  .bss                zero     0x2001ef7d      0x1  usbh_stdreq.o [1]
  .bss                zero     0x2001ef7e      0x1  usbh_usr.o [1]
  CSTACK                       0x2001ef80    0x800  <Block>
    CSTACK            uninit   0x2001ef80    0x800  <Block tail>
                             - 0x2001f780  0x1f780

Absolute sections:                         0xff000
  .bss                zero     0x68000000  0xf0000  malloc.o [1]
  .bss                zero     0x680f0000   0xf000  malloc.o [1]
                             - 0x680ff000  0xff000


*******************************************************************************
*** INIT TABLE
***

          Address     Size
          -------     ----
Zero (__iar_zero_init3)
    2 destination ranges, total size 0x11ddb3:
          0x200001cc  0x1edb3
          0x68000000  0xff000

Copy/packbits (__iar_packbits_init3)
    1 source range, total size 0x11e (62% of destination):
          0x08041da4    0x11e
    1 destination range, total size 0x1cc:
          0x20000000    0x1cc



*******************************************************************************
*** MODULE SUMMARY
***

    Module                    ro code  ro data  rw data    rw data
                                                            (abs)
    ------                    -------  -------  -------    -------
F:\work\YarnControl_Driver\src\stm32f4_rtos\Project\EWARMv7\Flash\Obj: [1]
    SysInfoTest.o                  60                 4
    apptask.o                  17 920    1 800      121
    bsp.o                          76
    bsp_closeSW.o                 212
    bsp_dwt.o                     116
    bsp_led.o                     192
    bsp_relay.o                    68
    bsp_sdio_sd.o               6 744               209
    bsp_sdwe050c17.o            4 844       56       55
    bsp_servomotor.o            1 164       12       20
    bsp_spi.o                     292
    bsp_stepmotor.o               620
    bsp_sw_onoff.o                104
    bsp_tim_pwm.o                 736
    bsp_timer.o                   516                16
    bsp_uart_fifo.o             2 532               241
    bsp_w25qxx.o                  896        9    4 098
    bsp_watchdog.o                  8
    cc936.o                       244  176 320
    demo_fatfs.o                           742       80
    diskio.o                      740
    encoder.o                     884                59
    event_groups.o                610
    ff.o                        8 804       36      562
    heap_4.o                      640        4   71 704
    list.o                        152
    main.o                         44       32
    malloc.o                      540       42   43 548  1 044 480
    mcheck.o                      184      768
    misc.o                        136
    modbus.o                      852                 8
    page_weimi.o                  596        1      307
    para.o                        812       24      152
    port.o                        588        6        9
    portasm.o                     168
    product_cal.o               1 316      400      105
    protocol.o                     68               401
    queue.o                     1 992
    rc522.o                       174                22
    startup_stm32f40_41xxx.o      676
    stm32f4xx_dma.o               796
    stm32f4xx_exti.o              192
    stm32f4xx_gpio.o              300
    stm32f4xx_it.o                 56       44
    stm32f4xx_iwdg.o               16
    stm32f4xx_rcc.o               488       10       16
    stm32f4xx_sdio.o              380
    stm32f4xx_spi.o               116
    stm32f4xx_syscfg.o             84
    stm32f4xx_tim.o             1 648
    stm32f4xx_usart.o             596
    system_stm32f4xx.o            340        3        4
    tasks.o                     3 072        8      404
    timers.o                    1 188        8       56
    usb_bsp.o                     332
    usb_core.o                  2 640
    usb_hcd.o                     214
    usb_hcd_int.o               3 198
    usbh_core.o                 1 888       10       18
    usbh_hcs.o                    442
    usbh_ioreq.o                  582
    usbh_it.o                      16
    usbh_msc_bot.o              1 364                81
    usbh_msc_core.o             1 000       10       94
    usbh_msc_scsi.o             1 560        1      529
    usbh_stdreq.o               1 078               515
    usbh_usr.o                    438      601    3 125
    --------------------------------------------------------------
    Total:                     81 344  180 947  126 563  1 044 480

command line: [2]
    --------------------------------------------------------------
    Total:

dl7M_tlf.a: [3]
    abort.o                         6
    div.o                          14
    exit.o                          4
    localeconv.o                  108       84      136
    printf.o                       36
    putchar.o                      12
    sprintf.o                      52
    strcat.o                       28
    strstr.o                       44
    xfiles.o                                39      144
    xprintffull_nomb.o          3 478
    xprout.o                       22
    xsprout.o                      10
    --------------------------------------------------------------
    Total:                      3 814      123      280

m7M_tls.a: [4]
    DblAdd.o                      232
    DblCmpGe.o                     46
    DblCmpLe.o                     46
    DblDiv.o                      598
    DblMul.o                      418
    DblSub.o                      384
    DblToFlt.o                    144
    DblToI32.o                     88
    FltToDbl.o                     78
    I32ToDbl.o                     48
    fpinit_M.o                     34
    xdnorm.o                       66
    xdscale.o                     276
    --------------------------------------------------------------
    Total:                      2 458

rt7M_tl.a: [5]
    ABImemcpy_unaligned.o         118
    ABImemset.o                   102
    I64DivMod.o                   238
    I64DivZer.o                     2
    cexit.o                        10
    cmain.o                        26
    cstartup_M.o                   12
    data_init.o                    40
    memchr.o                       88
    memcmp_unaligned.o             98
    packbits_init.o               208
    strchr.o                       22
    strcmp_unaligned.o             66
    strcpy_unaligned.o             68
    strlen.o                       54
    zero_init3.o                   64
    --------------------------------------------------------------
    Total:                      1 216

shb_l.a: [6]
    exit.o                         20
    --------------------------------------------------------------
    Total:                         20

    Gaps                           40        4        4
    Linker created                          52    2 048
------------------------------------------------------------------
    Grand Total:               88 892  181 126  128 895  1 044 480


*******************************************************************************
*** ENTRY LIST
***

Entry                      Address     Size  Type      Object
-----                      -------     ----  ----      ------
.iar.init_table$$Base   0x08041358            --   Gb  - Linker created -
.iar.init_table$$Limit  0x0804138c            --   Gb  - Linker created -
?main                   0x08041691           Code  Gb  cmain.o [5]
APBAHBPrescTable        0x20000190     0x10  Data  Lc  stm32f4xx_rcc.o [1]
AppObjCreate            0x0802eabd    0x184  Code  Gb  apptask.o [1]
AppTaskCreate           0x0802e921    0x16c  Code  Gb  apptask.o [1]
BOTStallErrorCount      0x2001ef34      0x4  Data  Lc  usbh_msc_bot.o [1]
BusFault_Handler        0x080410b7      0x2  Code  Gb  stm32f4xx_it.o [1]
CID_Tab                 0x2001eda8     0x10  Data  Lc  bsp_sdio_sd.o [1]
CRC16HiTable            0x0804096c    0x100  Data  Gb  mcheck.o [1]
CRC16LoTable            0x08040a6c    0x100  Data  Gb  mcheck.o [1]
CRC8Table               0x08040b6c    0x100  Data  Gb  mcheck.o [1]
CSD_Tab                 0x2001ed98     0x10  Data  Lc  bsp_sdio_sd.o [1]
CSTACK$$Base            0x2001ef80            --   Gb  - Linker created -
CSTACK$$Limit           0x2001f780            --   Gb  - Linker created -
CardType                0x2001ee98      0x4  Data  Lc  bsp_sdio_sd.o [1]
CmdError                0x0803d049     0x38  Code  Lc  bsp_sdio_sd.o [1]
CmdResp1Error           0x0803d0ed    0x112  Code  Lc  bsp_sdio_sd.o [1]
CmdResp2Error           0x0803d23d     0x52  Code  Lc  bsp_sdio_sd.o [1]
CmdResp3Error           0x0803d1ff     0x3e  Code  Lc  bsp_sdio_sd.o [1]
CmdResp6Error           0x0803d28f     0xa6  Code  Lc  bsp_sdio_sd.o [1]
CmdResp7Error           0x0803d081     0x58  Code  Lc  bsp_sdio_sd.o [1]
ConfigExitNVIC          0x08040cd7     0x22  Code  Gb  bsp_closeSW.o [1]
ConfigUartNVIC          0x08038263     0x7c  Code  Lc  bsp_uart_fifo.o [1]
DIFF_G_init             0x08032ae5     0x78  Code  Gb  bsp_servomotor.o [1]
DMA1_Stream0_IRQHandler
                        0x08032e59     0x1c  Code  Gb  bsp_servomotor.o [1]
DMA1_Stream3_IRQHandler
                        0x08032e75     0x1c  Code  Gb  bsp_servomotor.o [1]
DMA2_Stream3_IRQHandler
                        0x0803d931      0x8  Code  Gb  bsp_sdio_sd.o [1]
DMAEndOfTransfer        0x2001eea8      0x4  Data  Gb  bsp_sdio_sd.o [1]
DMA_ClearFlag           0x08039c37     0x24  Code  Gb  stm32f4xx_dma.o [1]
DMA_Cmd                 0x08039bed     0x1a  Code  Gb  stm32f4xx_dma.o [1]
DMA_DeInit              0x08039a55    0x140  Code  Gb  stm32f4xx_dma.o [1]
DMA_FlowControllerConfig
                        0x08039c07     0x18  Code  Gb  stm32f4xx_dma.o [1]
DMA_GetCmdStatus        0x08039c1f     0x18  Code  Gb  stm32f4xx_dma.o [1]
DMA_GetITStatus         0x08039c9d     0x62  Code  Gb  stm32f4xx_dma.o [1]
DMA_ITConfig            0x08039c5b     0x42  Code  Gb  stm32f4xx_dma.o [1]
DMA_Init                0x08039b95     0x58  Code  Gb  stm32f4xx_dma.o [1]
DebugMon_Handler        0x080410bb      0x2  Code  Gb  stm32f4xx_it.o [1]
DiskFile_init           0x08035fb1     0x40  Code  Gb  protocol.o [1]
Disk_File               0x2001e8fc     0x70  Data  Gb  protocol.o [1]
EXTI9_5_IRQHandler      0x08040cf9     0x3c  Code  Gb  bsp_closeSW.o [1]
EXTI_ClearITPendingBit  0x08040e37      0x6  Code  Gb  stm32f4xx_exti.o [1]
EXTI_GetITStatus        0x08040e1d     0x1a  Code  Gb  stm32f4xx_exti.o [1]
EXTI_Init               0x08040d95     0x88  Code  Gb  stm32f4xx_exti.o [1]
Encoder_Cap_Init        0x08036a0d     0xbc  Code  Gb  encoder.o [1]
FR_Table                0x20000088     0x50  Data  Gb  demo_fatfs.o [1]
FatFs                   0x2001ee00      0xc  Data  Lc  ff.o [1]
Files                   0x2001ec5c     0x24  Data  Lc  ff.o [1]
FindSCR                 0x0803d4dd    0x206  Code  Lc  bsp_sdio_sd.o [1]
Freq                    0x2001ec0c     0x28  Data  Gb  encoder.o [1]
Freq_Sample             0x08036ac9     0xc2  Code  Gb  encoder.o [1]
Freq_ptr1               0x2001ef6d      0x1  Data  Gb  encoder.o [1]
Freq_ptr2               0x2001ef6e      0x1  Data  Gb  encoder.o [1]
Freq_value              0x2001eec0      0x4  Data  Gb  encoder.o [1]
Fsid                    0x2001ef56      0x2  Data  Lc  ff.o [1]
GPIO_Init               0x08036005     0xaa  Code  Gb  stm32f4xx_gpio.o [1]
GPIO_PinAFConfig        0x080360d7     0x5a  Code  Gb  stm32f4xx_gpio.o [1]
GPIO_ReadInputDataBit   0x080360af     0x1a  Code  Gb  stm32f4xx_gpio.o [1]
GPIO_WriteBit           0x080360c9      0xe  Code  Gb  stm32f4xx_gpio.o [1]
GetDeviceState          0x08035f7d     0x2e  Code  Gb  bsp_sw_onoff.o [1]
HCD_GetCurrentFrame     0x08039fd5      0x8  Code  Gb  usb_hcd.o [1]
HCD_GetCurrentSpeed     0x08039fb7     0x10  Code  Gb  usb_hcd.o [1]
HCD_GetURB_State        0x08039fdd      0xa  Code  Gb  usb_hcd.o [1]
HCD_GetXferCnt          0x08039fe7      0xc  Code  Gb  usb_hcd.o [1]
HCD_Init                0x08039f45     0x72  Code  Gb  usb_hcd.o [1]
HCD_ResetPort           0x08039fc7      0xe  Code  Gb  usb_hcd.o [1]
HCD_SubmitRequest       0x08039ff3     0x28  Code  Gb  usb_hcd.o [1]
HardFault_Handler       0x08041087     0x22  Code  Gb  stm32f4xx_it.o [1]
IWDG_Feed               0x080376dd      0x8  Code  Gb  bsp_watchdog.o [1]
IWDG_ReloadCounter      0x0803ad0d      0xa  Code  Gb  stm32f4xx_iwdg.o [1]
InStream_Read           0x08040e55     0x22  Code  Lc  packbits_init.o [5]
InitHardUart            0x08037ea1    0x3c2  Code  Lc  bsp_uart_fifo.o [1]
Init_JINGSHA_GUI        0x08030487    0x122  Code  Gb  bsp_sdwe050c17.o [1]
JingSha_File            0x2001ea90     0x50  Data  Gb  protocol.o [1]
LfnBuf                  0x2001df24    0x200  Data  Lc  ff.o [1]
LfnOfs                  0x080419dc     0x10  Data  Lc  ff.o [1]
LoadInt                 0x080390c9     0x6e  Code  Lc  xprintffull_nomb.o [3]
MSCErrorCount           0x2001ef7b      0x1  Data  Gb  usbh_msc_core.o [1]
MSC_Machine             0x2001eb30     0x4c  Data  Gb  usbh_msc_core.o [1]
MSG_DEV_ATTACHED        0x08041824     0x18  Data  Gb  usbh_usr.o [1]
MSG_DEV_DISCONNECTED    0x0804183c     0x18  Data  Gb  usbh_usr.o [1]
MSG_DEV_ENUMERATED      0x0804163c     0x1c  Data  Gb  usbh_usr.o [1]
MSG_DEV_ERROR           0x08041918     0x14  Data  Gb  usbh_usr.o [1]
MSG_DEV_FULLSPEED       0x080414ac     0x20  Data  Gb  usbh_usr.o [1]
MSG_DEV_HIGHSPEED       0x0804148c     0x20  Data  Gb  usbh_usr.o [1]
MSG_DEV_LOWSPEED        0x080414cc     0x20  Data  Gb  usbh_usr.o [1]
MSG_HID_CLASS           0x08041658     0x1c  Data  Gb  usbh_usr.o [1]
MSG_MSC_CLASS           0x08041310     0x24  Data  Gb  usbh_usr.o [1]
MSG_UNREC_ERROR         0x08041674     0x1c  Data  Gb  usbh_usr.o [1]
MemManage_Handler       0x080410b5      0x2  Code  Gb  stm32f4xx_it.o [1]
MotorProcess            0x2001ece4     0x14  Data  Gb  page_weimi.o [1]
MotorStepCount          0x08036d81     0x62  Code  Gb  page_weimi.o [1]
NMI_Handler             0x08041085      0x2  Code  Gb  stm32f4xx_it.o [1]
NVIC_Init               0x08039d7b     0x6a  Code  Gb  misc.o [1]
NVIC_PriorityGroupConfig
                        0x08039d71      0xa  Code  Gb  misc.o [1]
OTG_FS_IRQHandler       0x08041a3d     0x10  Code  Gb  usbh_it.o [1]
PendSV_Handler          0x0803ad1d           Code  Gb  portasm.o [1]
RCA                     0x2001ee9c      0x4  Data  Lc  bsp_sdio_sd.o [1]
RCC_AHB1PeriphClockCmd  0x08037d4b     0x22  Code  Gb  stm32f4xx_rcc.o [1]
RCC_AHB2PeriphClockCmd  0x08037d6d     0x1e  Code  Gb  stm32f4xx_rcc.o [1]
RCC_APB1PeriphClockCmd  0x08037d8b     0x1e  Code  Gb  stm32f4xx_rcc.o [1]
RCC_APB1PeriphResetCmd  0x08037dc7     0x1e  Code  Gb  stm32f4xx_rcc.o [1]
RCC_APB2PeriphClockCmd  0x08037da9     0x1e  Code  Gb  stm32f4xx_rcc.o [1]
RCC_APB2PeriphResetCmd  0x08037de5     0x1e  Code  Gb  stm32f4xx_rcc.o [1]
RCC_GetClocksFreq       0x08037c49    0x102  Code  Gb  stm32f4xx_rcc.o [1]
RS485_InitTXE           0x08037e6d     0x34  Code  Gb  bsp_uart_fifo.o [1]
RS485_sendbuf           0x080386ad     0x3c  Code  Gb  bsp_uart_fifo.o [1]
ReadValue1              0x2001ef4e      0x2  Data  Gb  encoder.o [1]
ReadValue2              0x2001ef50      0x2  Data  Gb  encoder.o [1]
Region$$Table$$Base     0x08041358            --   Gb  - Linker created -
Region$$Table$$Limit    0x0804138c            --   Gb  - Linker created -
SDCardInfo              0x2001ea38     0x58  Data  Gb  bsp_sdio_sd.o [1]
SDEnWideBus             0x0803d341    0x198  Code  Lc  bsp_sdio_sd.o [1]
SDIO_ClearFlag          0x0803e5bd      0x6  Code  Gb  stm32f4xx_sdio.o [1]
SDIO_ClearITPendingBit  0x0803e5dd      0x6  Code  Gb  stm32f4xx_sdio.o [1]
SDIO_ClockCmd           0x0803e4eb      0x8  Code  Gb  stm32f4xx_sdio.o [1]
SDIO_CmdInitStructure   0x2001ecd0     0x14  Data  Gb  bsp_sdio_sd.o [1]
SDIO_DMACmd             0x0803e57d      0x8  Code  Gb  stm32f4xx_sdio.o [1]
SDIO_DataConfig         0x0803e549     0x2e  Code  Gb  stm32f4xx_sdio.o [1]
SDIO_DataInitStructure  0x2001ecb8     0x18  Data  Gb  bsp_sdio_sd.o [1]
SDIO_DeInit             0x0803e4a9     0x18  Code  Gb  stm32f4xx_sdio.o [1]
SDIO_GetCommandResponse
                        0x0803e52b      0x8  Code  Gb  stm32f4xx_sdio.o [1]
SDIO_GetFlagStatus      0x0803e5a3     0x1a  Code  Gb  stm32f4xx_sdio.o [1]
SDIO_GetITStatus        0x0803e5c3     0x1a  Code  Gb  stm32f4xx_sdio.o [1]
SDIO_GetPowerState      0x0803e4f9      0xa  Code  Gb  stm32f4xx_sdio.o [1]
SDIO_GetResponse        0x0803e533     0x16  Code  Gb  stm32f4xx_sdio.o [1]
SDIO_IRQHandler         0x0803d929      0x8  Code  Gb  bsp_sdio_sd.o [1]
SDIO_ITConfig           0x0803e585     0x1e  Code  Gb  stm32f4xx_sdio.o [1]
SDIO_Init               0x0803e4c1     0x2a  Code  Gb  stm32f4xx_sdio.o [1]
SDIO_InitStructure      0x2001eca0     0x18  Data  Gb  bsp_sdio_sd.o [1]
SDIO_Interrupts_Config  0x0803d8ed     0x3c  Code  Gb  bsp_sdio_sd.o [1]
SDIO_ReadData           0x0803e577      0x6  Code  Gb  stm32f4xx_sdio.o [1]
SDIO_SendCommand        0x0803e503     0x28  Code  Gb  stm32f4xx_sdio.o [1]
SDIO_SetPowerState      0x0803e4f3      0x6  Code  Gb  stm32f4xx_sdio.o [1]
SDWE_WARNNING           0x08030719     0x2a  Code  Gb  bsp_sdwe050c17.o [1]
SD_Detect               0x0803bfe5     0x22  Code  Gb  bsp_sdio_sd.o [1]
SD_EnableWideBusOperation
                        0x0803c7e1     0xc8  Code  Gb  bsp_sdio_sd.o [1]
SD_GetCardInfo          0x0803c3f5    0x3ec  Code  Gb  bsp_sdio_sd.o [1]
SD_GetState             0x0803bfbb     0x2a  Code  Gb  bsp_sdio_sd.o [1]
SD_GetStatus            0x0803bf99     0x22  Code  Gb  bsp_sdio_sd.o [1]
SD_Init                 0x0803bee1     0xb8  Code  Gb  bsp_sdio_sd.o [1]
SD_InitializeCards      0x0803c253    0x1a2  Code  Gb  bsp_sdio_sd.o [1]
SD_LowLevel_DMA_RxConfig
                        0x0803d837     0x8e  Code  Gb  bsp_sdio_sd.o [1]
SD_LowLevel_DMA_TxConfig
                        0x0803d7a9     0x8e  Code  Gb  bsp_sdio_sd.o [1]
SD_LowLevel_Init        0x0803d6e5     0xbc  Code  Gb  bsp_sdio_sd.o [1]
SD_PowerON              0x0803c007    0x24c  Code  Gb  bsp_sdio_sd.o [1]
SD_ProcessDMAIRQ        0x0803d025     0x22  Code  Gb  bsp_sdio_sd.o [1]
SD_ProcessIRQSrc        0x0803cf77     0xae  Code  Gb  bsp_sdio_sd.o [1]
SD_ReadBlock            0x0803c8e1    0x108  Code  Gb  bsp_sdio_sd.o [1]
SD_ReadMultiBlocks      0x0803c9e9    0x134  Code  Gb  bsp_sdio_sd.o [1]
SD_SelectDeselect       0x0803c8a9     0x38  Code  Gb  bsp_sdio_sd.o [1]
SD_SendStatus           0x0803cf09     0x6e  Code  Gb  bsp_sdio_sd.o [1]
SD_StopTransfer         0x0803cec1     0x44  Code  Gb  bsp_sdio_sd.o [1]
SD_WaitReadOperation    0x0803cb21     0x96  Code  Gb  bsp_sdio_sd.o [1]
SD_WriteBlock           0x0803cbc1    0x11e  Code  Gb  bsp_sdio_sd.o [1]
SD_WriteMultiBlocks     0x0803cced    0x1cc  Code  Gb  bsp_sdio_sd.o [1]
SPI1_Init               0x08038a19     0xc0  Code  Gb  bsp_spi.o [1]
SPI1_ReadWriteByte      0x08038b01     0x32  Code  Gb  bsp_spi.o [1]
SPI1_SetSpeed           0x08038ad9     0x28  Code  Gb  bsp_spi.o [1]
SPI_Cmd                 0x0803b059     0x1c  Code  Gb  stm32f4xx_spi.o [1]
SPI_I2S_GetFlagStatus   0x0803b075     0x18  Code  Gb  stm32f4xx_spi.o [1]
SPI_Init                0x0803b019     0x40  Code  Gb  stm32f4xx_spi.o [1]
SRC_Buffer              0x2000017c     0x14  Data  Gb  bsp_servomotor.o [1]
SVC_Handler             0x0803ad75           Code  Gb  portasm.o [1]
SYSCFG_EXTILineConfig   0x08040d41     0x50  Code  Gb  stm32f4xx_syscfg.o [1]
Sdwe_ClearReadDisk      0x080307ef     0x1c  Code  Gb  bsp_sdwe050c17.o [1]
Sdwe_change_class_time  0x08030cf1     0x30  Code  Gb  bsp_sdwe050c17.o [1]
Sdwe_clearString        0x08030743     0x54  Code  Gb  bsp_sdwe050c17.o [1]
Sdwe_clear_filename     0x0803083b     0x60  Code  Gb  bsp_sdwe050c17.o [1]
Sdwe_disDigi            0x080305f3     0xa4  Code  Gb  bsp_sdwe050c17.o [1]
Sdwe_disPicture         0x080305a9     0x4a  Code  Gb  bsp_sdwe050c17.o [1]
Sdwe_disString          0x08030697     0x82  Code  Gb  bsp_sdwe050c17.o [1]
Sdwe_hidden_page        0x08030d89     0x30  Code  Gb  bsp_sdwe050c17.o [1]
Sdwe_peiliao_page       0x08030bfb     0xf6  Code  Gb  bsp_sdwe050c17.o [1]
Sdwe_period_page        0x08030d21     0x68  Code  Gb  bsp_sdwe050c17.o [1]
Sdwe_product_page       0x08030a79    0x182  Code  Gb  bsp_sdwe050c17.o [1]
Sdwe_readRTC            0x0803080b     0x30  Code  Gb  bsp_sdwe050c17.o [1]
Sdwe_refresh_allname    0x08030a31     0x48  Code  Gb  bsp_sdwe050c17.o [1]
Sdwe_refresh_filename   0x0803089b    0x196  Code  Gb  bsp_sdwe050c17.o [1]
Sdwe_stop_page          0x08030db9    0x36a  Code  Gb  bsp_sdwe050c17.o [1]
Sdwe_writeIcon          0x08030797     0x58  Code  Gb  bsp_sdwe050c17.o [1]
ServoMotorRunning       0x08032e37     0x22  Code  Gb  bsp_servomotor.o [1]
SetSysClock             0x0804086b     0xce  Code  Lc  system_stm32f4xx.o [1]
SlavePara               0x2001e72c     0xa4  Data  Gb  protocol.o [1]
StepMotor_adjust_speed  0x0803696b     0x36  Code  Gb  bsp_stepmotor.o [1]
StepMotor_start         0x080369cd     0x2c  Code  Gb  bsp_stepmotor.o [1]
StepMotor_stop          0x080369a1     0x2c  Code  Gb  bsp_stepmotor.o [1]
StopCondition           0x2001eea0      0x4  Data  Gb  bsp_sdio_sd.o [1]
SysTick_Handler         0x0803786b     0x2c  Code  Gb  port.o [1]
SystemCoreClock         0x200001c0      0x4  Data  Gb  system_stm32f4xx.o [1]
SystemInit              0x08040819     0x52  Code  Gb  system_stm32f4xx.o [1]
TI1_Config              0x080366a5     0x38  Code  Lc  stm32f4xx_tim.o [1]
TI2_Config              0x080366dd     0x42  Code  Lc  stm32f4xx_tim.o [1]
TI3_Config              0x0803671f     0x40  Code  Lc  stm32f4xx_tim.o [1]
TI4_Config              0x0803675f     0x42  Code  Lc  stm32f4xx_tim.o [1]
TIM1_PWM_SETPMOTOR      0x080368fd     0x6e  Code  Gb  bsp_stepmotor.o [1]
TIM2_IRQHandler         0x08038955     0xac  Code  Gb  bsp_timer.o [1]
TIM3CH2_CAPTURE_STA     0x2001ef6c      0x1  Data  Gb  encoder.o [1]
TIM3CH2_CAPTURE_VAL     0x2001eebc      0x4  Data  Gb  encoder.o [1]
TIM3_IRQHandler         0x08036c79     0xc0  Code  Gb  encoder.o [1]
TIM3_PWM_SETPMOTOR      0x08036895     0x68  Code  Gb  bsp_stepmotor.o [1]
TIM4_CH1_ConfigPwmOut   0x08032a2d     0x1c  Code  Gb  bsp_servomotor.o [1]
TIM4_CH1_GPIO_Configuration
                        0x08032aa3     0x42  Code  Gb  bsp_servomotor.o [1]
TIM4_CH1_PWMDMA_Config  0x08032c23     0xb0  Code  Gb  bsp_servomotor.o [1]
TIM4_CH1_StartPwmOut    0x08032a49     0x2c  Code  Gb  bsp_servomotor.o [1]
TIM4_CH1_StopPwmOut     0x08032a75     0x2e  Code  Gb  bsp_servomotor.o [1]
TIM4_CH2_ConfigPwmOut   0x08032cd3     0x1c  Code  Gb  bsp_servomotor.o [1]
TIM4_CH2_GPIO_Configuration
                        0x08032d49     0x3e  Code  Gb  bsp_servomotor.o [1]
TIM4_CH2_PWMDMA_Config  0x08032d87     0xb0  Code  Gb  bsp_servomotor.o [1]
TIM4_CH2_StartPwmOut    0x08032cef     0x2c  Code  Gb  bsp_servomotor.o [1]
TIM4_CH2_StopPwmOut     0x08032d1b     0x2e  Code  Gb  bsp_servomotor.o [1]
TIM4_PWM_Config         0x08032b5d     0xc6  Code  Gb  bsp_servomotor.o [1]
TIM6_DAC_IRQHandler     0x08041023     0x22  Code  Gb  SysInfoTest.o [1]
TIM8_CC_IRQHandler      0x08036b8b     0xee  Code  Gb  encoder.o [1]
TIM_ARRPreloadConfig    0x08036317     0x1c  Code  Gb  stm32f4xx_tim.o [1]
TIM_CallBack1           0x0802ec51     0x44  Code  Gb  apptask.o [1]
TIM_ClearITPendingBit   0x08036687      0x8  Code  Gb  stm32f4xx_tim.o [1]
TIM_Cmd                 0x08036333     0x1c  Code  Gb  stm32f4xx_tim.o [1]
TIM_CtrlPWMOutputs      0x0803661d     0x22  Code  Gb  stm32f4xx_tim.o [1]
TIM_DMACmd              0x0803668f     0x16  Code  Gb  stm32f4xx_tim.o [1]
TIM_DeInit              0x08036131    0x17c  Code  Gb  stm32f4xx_tim.o [1]
TIM_GetITStatus         0x08036655     0x32  Code  Gb  stm32f4xx_tim.o [1]
TIM_ICInit              0x08036561     0x70  Code  Gb  stm32f4xx_tim.o [1]
TIM_ITConfig            0x0803663f     0x16  Code  Gb  stm32f4xx_tim.o [1]
TIM_OC1Init             0x0803634f     0x7e  Code  Gb  stm32f4xx_tim.o [1]
TIM_OC2Init             0x080363cd     0x8c  Code  Gb  stm32f4xx_tim.o [1]
TIM_OC2PreloadConfig    0x0803653b     0x14  Code  Gb  stm32f4xx_tim.o [1]
TIM_OC3Init             0x08036459     0x8a  Code  Gb  stm32f4xx_tim.o [1]
TIM_OC3PreloadConfig    0x0803654f     0x12  Code  Gb  stm32f4xx_tim.o [1]
TIM_OCStructInit        0x08036519     0x22  Code  Gb  stm32f4xx_tim.o [1]
TIM_SetIC1Prescaler     0x080365d1     0x12  Code  Gb  stm32f4xx_tim.o [1]
TIM_SetIC2Prescaler     0x080365e3     0x14  Code  Gb  stm32f4xx_tim.o [1]
TIM_SetIC3Prescaler     0x080365f7     0x12  Code  Gb  stm32f4xx_tim.o [1]
TIM_SetIC4Prescaler     0x08036609     0x14  Code  Gb  stm32f4xx_tim.o [1]
TIM_TimeBaseInit        0x080362ad     0x6a  Code  Gb  stm32f4xx_tim.o [1]
Task_iwdg_refresh       0x0802eed1     0x8a  Code  Gb  apptask.o [1]
TransferEnd             0x2001eea4      0x4  Data  Gb  bsp_sdio_sd.o [1]
TransferError           0x2001ef69      0x1  Data  Gb  bsp_sdio_sd.o [1]
UART1ToPC               0x0803864d     0x30  Code  Gb  bsp_uart_fifo.o [1]
UART2ToPC               0x0803867d     0x30  Code  Gb  bsp_uart_fifo.o [1]
UART2_RX_BUF            0x2001e9d0     0x64  Data  Gb  bsp_uart_fifo.o [1]
UART3ToPC               0x080386e9     0x30  Code  Gb  bsp_uart_fifo.o [1]
UART4ToPC               0x08038719     0x30  Code  Gb  bsp_uart_fifo.o [1]
UART4_IRQHandler        0x0803855f     0x84  Code  Gb  bsp_uart_fifo.o [1]
UART4_RX_BUF            0x2001e96c     0x64  Data  Gb  bsp_uart_fifo.o [1]
UART5ToPC               0x08038749     0x30  Code  Gb  bsp_uart_fifo.o [1]
UART5_IRQHandler        0x080385e3     0x6a  Code  Gb  bsp_uart_fifo.o [1]
USART1_IRQHandler       0x080384cf     0x1e  Code  Gb  bsp_uart_fifo.o [1]
USART2_IRQHandler       0x080384ed     0x68  Code  Gb  bsp_uart_fifo.o [1]
USART3_IRQHandler       0x08038555      0xa  Code  Gb  bsp_uart_fifo.o [1]
USART_ClearFlag         0x0803af77      0xc  Code  Gb  stm32f4xx_usart.o [1]
USART_ClearITPendingBit
                        0x0803aff3     0x26  Code  Gb  stm32f4xx_usart.o [1]
USART_Cmd               0x0803aec1     0x1c  Code  Gb  stm32f4xx_usart.o [1]
USART_DMACmd            0x0803aeed     0x16  Code  Gb  stm32f4xx_usart.o [1]
USART_GetFlagStatus     0x0803af59     0x1e  Code  Gb  stm32f4xx_usart.o [1]
USART_GetITStatus       0x0803af83     0x70  Code  Gb  stm32f4xx_usart.o [1]
USART_ITConfig          0x0803af03     0x56  Code  Gb  stm32f4xx_usart.o [1]
USART_Init              0x0803adc5     0xee  Code  Gb  stm32f4xx_usart.o [1]
USART_ReceiveData       0x0803aee5      0x8  Code  Gb  stm32f4xx_usart.o [1]
USART_SendData          0x0803aedd      0x8  Code  Gb  stm32f4xx_usart.o [1]
USBH_Alloc_Channel      0x0803a135     0x2e  Code  Gb  usbh_hcs.o [1]
USBH_BulkReceiveData    0x0803a7d9     0x62  Code  Gb  usbh_ioreq.o [1]
USBH_BulkSendData       0x0803a777     0x62  Code  Gb  usbh_ioreq.o [1]
USBH_CfgDesc            0x2001e324    0x200  Data  Gb  usbh_stdreq.o [1]
USBH_ClrFeature         0x0803a37f     0x4c  Code  Gb  usbh_stdreq.o [1]
USBH_Connected          0x08033071      0xc  Code  Gb  usbh_core.o [1]
USBH_CtlReceiveData     0x0803a731     0x46  Code  Gb  usbh_ioreq.o [1]
USBH_CtlReq             0x0803a60b     0x6e  Code  Gb  usbh_ioreq.o [1]
USBH_CtlSendData        0x0803a6bd     0x74  Code  Gb  usbh_ioreq.o [1]
USBH_CtlSendSetup       0x0803a679     0x44  Code  Gb  usbh_ioreq.o [1]
USBH_DataInBuffer       0x2001e124    0x200  Data  Gb  usbh_msc_scsi.o [1]
USBH_DeAllocate_AllChannel
                        0x0803a187     0x20  Code  Gb  usbh_hcs.o [1]
USBH_DeInit             0x080330d7     0x3e  Code  Gb  usbh_core.o [1]
USBH_Disconnected       0x0803307d      0xc  Code  Gb  usbh_core.o [1]
USBH_ErrorHandle        0x080332e7     0x34  Code  Gb  usbh_core.o [1]
USBH_Free_Channel       0x0803a163     0x24  Code  Gb  usbh_hcs.o [1]
USBH_GetDescriptor      0x0803a2df     0x4e  Code  Gb  usbh_stdreq.o [1]
USBH_GetFreeChannel     0x0803a1a7     0x2e  Code  Lc  usbh_hcs.o [1]
USBH_GetNextDesc        0x0803a5f3     0x18  Code  Gb  usbh_stdreq.o [1]
USBH_Get_CfgDesc        0x0803a21b     0x78  Code  Gb  usbh_stdreq.o [1]
USBH_Get_DevDesc        0x0803a1d5     0x46  Code  Gb  usbh_stdreq.o [1]
USBH_Get_StringDesc     0x0803a293     0x4c  Code  Gb  usbh_stdreq.o [1]
USBH_HCD_INT_cb         0x200001b0      0xc  Data  Gb  usbh_core.o [1]
USBH_HCD_INT_fops       0x200001c4      0x4  Data  Gb  usbh_core.o [1]
USBH_HandleControl      0x0803352f    0x29a  Code  Gb  usbh_core.o [1]
USBH_HandleEnum         0x0803331b    0x214  Code  Lc  usbh_core.o [1]
USBH_Init               0x0803308f     0x48  Code  Gb  usbh_core.o [1]
USBH_MSC_BOTReset       0x0803f5e9     0x28  Code  Lc  usbh_msc_core.o [1]
USBH_MSC_BOTXferParam   0x2001edc8     0x10  Data  Gb  usbh_msc_bot.o [1]
USBH_MSC_BOT_Abort      0x0803e399     0x5c  Code  Gb  usbh_msc_bot.o [1]
USBH_MSC_CBWData        0x2001ec80     0x20  Data  Gb  usbh_msc_bot.o [1]
USBH_MSC_CSWData        0x2001edb8     0x10  Data  Gb  usbh_msc_bot.o [1]
USBH_MSC_ClassRequest   0x0803f3d7     0x12  Code  Lc  usbh_msc_core.o [1]
USBH_MSC_DecodeCSW      0x0803e3f5     0x7a  Code  Gb  usbh_msc_bot.o [1]
USBH_MSC_ErrorHandle    0x0803f639     0x3e  Code  Gb  usbh_msc_core.o [1]
USBH_MSC_GETMaxLUN      0x0803f611     0x28  Code  Lc  usbh_msc_core.o [1]
USBH_MSC_Handle         0x0803f3e9    0x200  Code  Lc  usbh_msc_core.o [1]
USBH_MSC_HandleBOTXfer  0x0803df95    0x404  Code  Gb  usbh_msc_bot.o [1]
USBH_MSC_Init           0x0803df51     0x44  Code  Gb  usbh_msc_bot.o [1]
USBH_MSC_InterfaceDeInit
                        0x0803f38b     0x4c  Code  Lc  usbh_msc_core.o [1]
USBH_MSC_InterfaceInit  0x0803f2a5     0xe6  Code  Lc  usbh_msc_core.o [1]
USBH_MSC_ModeSense6     0x0803db4b    0x10c  Code  Gb  usbh_msc_scsi.o [1]
USBH_MSC_Param          0x2001edd8     0x10  Data  Gb  usbh_msc_scsi.o [1]
USBH_MSC_Read10         0x0803de31    0x106  Code  Gb  usbh_msc_scsi.o [1]
USBH_MSC_ReadCapacity10
                        0x0803da21    0x12a  Code  Gb  usbh_msc_scsi.o [1]
USBH_MSC_RequestSense   0x0803dc57     0xee  Code  Gb  usbh_msc_scsi.o [1]
USBH_MSC_TestUnitReady  0x0803d939     0xe8  Code  Gb  usbh_msc_scsi.o [1]
USBH_MSC_Write10        0x0803dd45     0xec  Code  Gb  usbh_msc_scsi.o [1]
USBH_MSC_cb             0x200001a0     0x10  Data  Gb  usbh_msc_core.o [1]
USBH_Modify_Channel     0x0803a0c1     0x74  Code  Gb  usbh_hcs.o [1]
USBH_OTG_ISR_Handler    0x0803e625     0xb8  Code  Gb  usb_hcd_int.o [1]
USBH_Open_Channel       0x0803a01b     0xa6  Code  Gb  usbh_hcs.o [1]
USBH_ParseCfgDesc       0x0803a427    0x13c  Code  Lc  usbh_stdreq.o [1]
USBH_ParseDevDesc       0x0803a3cb     0x5c  Code  Lc  usbh_stdreq.o [1]
USBH_ParseEPDesc        0x0803a597     0x20  Code  Lc  usbh_stdreq.o [1]
USBH_ParseInterfaceDesc
                        0x0803a571     0x26  Code  Lc  usbh_stdreq.o [1]
USBH_ParseStringDesc    0x0803a5b7     0x3c  Code  Lc  usbh_stdreq.o [1]
USBH_Process            0x08033115    0x1d2  Code  Gb  usbh_core.o [1]
USBH_SOF                0x08033089      0x6  Code  Gb  usbh_core.o [1]
USBH_SetAddress         0x0803a32d     0x2a  Code  Gb  usbh_stdreq.o [1]
USBH_SetCfg             0x0803a357     0x28  Code  Gb  usbh_stdreq.o [1]
USBH_SubmitSetupRequest
                        0x0803a83b     0x16  Code  Lc  usbh_ioreq.o [1]
USBH_USR_Configuration_DescAvailable
                        0x08032f79     0x26  Code  Gb  usbh_usr.o [1]
USBH_USR_DeInit         0x0803306d      0x2  Code  Gb  usbh_usr.o [1]
USBH_USR_DeviceAddressAssigned
                        0x08032f77      0x2  Code  Gb  usbh_usr.o [1]
USBH_USR_DeviceAttached
                        0x08032ef1      0xa  Code  Gb  usbh_usr.o [1]
USBH_USR_DeviceDisconnected
                        0x08032f05     0x1a  Code  Gb  usbh_usr.o [1]
USBH_USR_DeviceNotSupported
                        0x08032fe3      0xa  Code  Gb  usbh_usr.o [1]
USBH_USR_DeviceSpeedDetected
                        0x08032f29     0x36  Code  Gb  usbh_usr.o [1]
USBH_USR_Device_DescAvailable
                        0x08032f5f     0x18  Code  Gb  usbh_usr.o [1]
USBH_USR_EnumerationDone
                        0x08032fc9     0x1a  Code  Gb  usbh_usr.o [1]
USBH_USR_Init           0x08032ecd     0x24  Code  Gb  usbh_usr.o [1]
USBH_USR_MSC_Application
                        0x08033069      0x4  Code  Gb  usbh_usr.o [1]
USBH_USR_Manufacturer_String
                        0x08032f9f      0xe  Code  Gb  usbh_usr.o [1]
USBH_USR_OverCurrentDetected
                        0x08032ff1      0xa  Code  Gb  usbh_usr.o [1]
USBH_USR_Product_String
                        0x08032fad      0xe  Code  Gb  usbh_usr.o [1]
USBH_USR_ResetDevice    0x08032f1f      0xa  Code  Gb  usbh_usr.o [1]
USBH_USR_SerialNum_String
                        0x08032fbb      0xe  Code  Gb  usbh_usr.o [1]
USBH_USR_UnrecoveredError
                        0x08032efb      0xa  Code  Gb  usbh_usr.o [1]
USBH_USR_UserInput      0x08032fed      0x4  Code  Gb  usbh_usr.o [1]
USB_Host                0x2001e868     0x94  Data  Gb  usbh_usr.o [1]
USB_OTG_BSP_DisableInterrupt
                        0x08039ea9     0x22  Code  Gb  usb_bsp.o [1]
USB_OTG_BSP_EnableInterrupt
                        0x08039ecb     0x54  Code  Gb  usb_bsp.o [1]
USB_OTG_BSP_Init        0x08039df9     0xb0  Code  Gb  usb_bsp.o [1]
USB_OTG_BSP_mDelay      0x08039f39      0xc  Code  Gb  usb_bsp.o [1]
USB_OTG_BSP_uDelay      0x08039f2d      0xc  Code  Gb  usb_bsp.o [1]
USB_OTG_Core            0x2001d3cc    0x5ac  Data  Gb  usbh_usr.o [1]
USB_OTG_CoreInit        0x0803b669     0xce  Code  Gb  usb_core.o [1]
USB_OTG_CoreInitHost    0x0803b875     0xd0  Code  Gb  usb_core.o [1]
USB_OTG_CoreReset       0x0803b4b3     0x60  Code  Lc  usb_core.o [1]
USB_OTG_DisableGlobalInt
                        0x0803b755     0x1e  Code  Gb  usb_core.o [1]
USB_OTG_DriveVbus       0x0803b955     0x54  Code  Gb  usb_core.o [1]
USB_OTG_EnableCommonInt
                        0x0803b491     0x22  Code  Lc  usb_core.o [1]
USB_OTG_EnableGlobalInt
                        0x0803b737     0x1e  Code  Gb  usb_core.o [1]
USB_OTG_EnableHostInt   0x0803b9a9     0x4e  Code  Gb  usb_core.o [1]
USB_OTG_FlushRxFifo     0x0803b7bb     0x40  Code  Gb  usb_core.o [1]
USB_OTG_FlushTxFifo     0x0803b773     0x48  Code  Gb  usb_core.o [1]
USB_OTG_GetMode         0x0803b841      0xa  Code  Gb  usb_core.o [1]
USB_OTG_HC_DoPing       0x0803be99     0x48  Code  Gb  usb_core.o [1]
USB_OTG_HC_Halt         0x0803be25     0x74  Code  Gb  usb_core.o [1]
USB_OTG_HC_Init         0x0803ba55    0x1d0  Code  Gb  usb_core.o [1]
USB_OTG_HC_StartXfer    0x0803bc25    0x200  Code  Gb  usb_core.o [1]
USB_OTG_InitFSLSPClkSel
[...]
f_opendir               0x080358fd     0xb2  Code  Gb  ff.o [1]
f_readdir               0x080359af     0x74  Code  Gb  ff.o [1]
f_sync                  0x0803580f     0xb6  Code  Gb  ff.o [1]
f_write                 0x0803557d    0x292  Code  Gb  ff.o [1]
ff_convert              0x0803ab35     0x80  Code  Gb  cc936.o [1]
ff_wtoupper             0x0803abb5     0x64  Code  Gb  cc936.o [1]
file_select             0x2001ee18      0xc  Data  Gb  protocol.o [1]
final_per_meter         0x080318bd     0x1a  Code  Gb  product_cal.o [1]
find_volume             0x08034e69    0x45a  Code  Lc  ff.o [1]
fit_lfn                 0x080343a3     0x88  Code  Lc  ff.o [1]
follow_path             0x08034d03     0x90  Code  Lc  ff.o [1]
fputc                   0x08038779     0x22  Code  Gb  bsp_uart_fifo.o [1]
from_speed_step         0x08036f05     0x4a  Code  Gb  page_weimi.o [1]
g_tUart3                0x2001ebe4     0x28  Data  Gb  bsp_uart_fifo.o [1]
gen_numname             0x08034431     0xec  Code  Lc  ff.o [1]
get_card_type           0x08031a33     0xe4  Code  Gb  product_cal.o [1]
get_class_time          0x0803193b     0x7a  Code  Gb  product_cal.o [1]
get_fat                 0x08033bf7    0x11c  Code  Gb  ff.o [1]
get_fattime             0x0803ab1b      0x4  Code  Gb  diskio.o [1]
get_fileinfo            0x080348ad    0x13c  Code  Lc  ff.o [1]
get_float_1bit          0x08031919     0x22  Code  Gb  product_cal.o [1]
get_ldnumber            0x08034d93     0x50  Code  Lc  ff.o [1]
get_main_speed          0x08036ed3     0x32  Code  Gb  page_weimi.o [1]
get_period_state        0x080319b5     0x54  Code  Gb  product_cal.o [1]
get_valid_length        0x080316e9     0x26  Code  Gb  bsp_sdwe050c17.o [1]
get_valid_seg           0x08036f4f     0x48  Code  Gb  page_weimi.o [1]
get_weimi_para          0x08036e89     0x4a  Code  Gb  page_weimi.o [1]
hex_to_decimal          0x0803170f     0x26  Code  Gb  bsp_sdwe050c17.o [1]
idwgEventGroup          0x2001ee8c      0x4  Data  Gb  apptask.o [1]
inc_card_type           0x08031b21    0x11c  Code  Gb  product_cal.o [1]
inc_lock                0x080338f7     0xe8  Code  Lc  ff.o [1]
init_peiliao_para       0x080317f5     0x50  Code  Gb  product_cal.o [1]
init_product_para       0x08031735     0xc0  Code  Gb  product_cal.o [1]
init_weimi_para         0x08036de3     0xa6  Code  Gb  page_weimi.o [1]
input_password_buf      0x2001ee0c      0xc  Data  Gb  protocol.o [1]
input_password_len      0x2001ef77      0x1  Data  Gb  protocol.o [1]
isDevicePeriod          0x2001ef67      0x1  Data  Gb  apptask.o [1]
isWork                  0x2001ef61      0x1  Data  Gb  apptask.o [1]
is_same_data            0x08031a09     0x2a  Code  Gb  product_cal.o [1]
is_stop                 0x2001ef71      0x1  Data  Gb  page_weimi.o [1]
lcd_busy                0x2001ef6a      0x1  Data  Gb  bsp_sdwe050c17.o [1]
lcd_rev_buf             0x2001eb7c     0x34  Data  Gb  bsp_sdwe050c17.o [1]
lcd_rev_len             0x2001ef4c      0x2  Data  Gb  bsp_sdwe050c17.o [1]
ld_clust                0x08034221     0x28  Code  Lc  ff.o [1]
localeconv              0x0803b3db     0x16  Code  Gb  localeconv.o [3]
m_ctrl_dev              0x2001ee38      0x8  Data  Gb  modbus.o [1]
main                    0x080411fd     0x2c  Code  Gb  main.o [1]
mallco_dev              0x20000160     0x1c  Data  Gb  malloc.o [1]
mb_init                 0x08035e29     0x30  Code  Gb  modbus.o [1]
mb_packsend_frame       0x08035d37     0xf2  Code  Gb  modbus.o [1]
mb_unpack_frame         0x08035bf5    0x142  Code  Gb  modbus.o [1]
mc_check_crc16          0x0803ac95     0x40  Code  Gb  mcheck.o [1]
mc_check_crc8           0x0803ac71     0x24  Code  Gb  mcheck.o [1]
mc_check_sum            0x0803ac29     0x2e  Code  Gb  mcheck.o [1]
mc_check_xor            0x0803ac57     0x1a  Code  Gb  mcheck.o [1]
mem1base                0x200119cc   0xa000  Data  Gb  malloc.o [1]
mem1mapbase             0x2001c9cc    0xa00  Data  Gb  malloc.o [1]
mem2base                0x68000000  0xf0000  Data  Gb  malloc.o [1]
mem2mapbase             0x680f0000   0xf000  Data  Gb  malloc.o [1]
mem_cmp                 0x08033803     0x24  Code  Lc  ff.o [1]
mem_cpy                 0x080337d1     0x1c  Code  Lc  ff.o [1]
mem_set                 0x080337ed     0x16  Code  Lc  ff.o [1]
memblksize              0x08041c58      0x8  Data  Gb  malloc.o [1]
memchr                  0x0803b0a5           Code  Gb  memchr.o [5]
memsize                 0x08041c60      0x8  Data  Gb  malloc.o [1]
memtblsize              0x08041c50      0x8  Data  Gb  malloc.o [1]
modbus_send_frame       0x08035e59     0xe6  Code  Gb  modbus.o [1]
move_window             0x08033ac5     0x40  Code  Lc  ff.o [1]
my_mem_free             0x080322cb     0x6c  Code  Gb  malloc.o [1]
my_mem_init             0x0803218f     0x42  Code  Gb  malloc.o [1]
my_mem_malloc           0x0803220f     0xbc  Code  Gb  malloc.o [1]
my_mem_perused          0x080321d1     0x3e  Code  Gb  malloc.o [1]
myfree                  0x08032337     0x24  Code  Gb  malloc.o [1]
mymalloc                0x0803235b     0x2a  Code  Gb  malloc.o [1]
mymemset                0x08032179     0x16  Code  Gb  malloc.o [1]
obuf                    0x2001eae0     0x50  Data  Lc  xfiles.o [3]
oem2uni                 0x0801560c  0x15484  Data  Lc  cc936.o [1]
old_card_record         0x2001ef65      0x1  Data  Gb  apptask.o [1]
old_isWork              0x2001ef62      0x1  Data  Gb  apptask.o [1]
old_is_stop             0x200001ca      0x1  Data  Gb  page_weimi.o [1]
old_plan_complete       0x2001ef75      0x1  Data  Gb  product_cal.o [1]
para_init               0x080400c1     0x80  Code  Gb  para.o [1]
pcInterruptPriorityRegisters
                        0x08041c94      0x4  Data  Lc  port.o [1]
peiliao_para            0x2001ebb0     0x34  Data  Gb  product_cal.o [1]
pick_lfn                0x08034317     0x8c  Code  Lc  ff.o [1]
plan_complete           0x2001ef74      0x1  Data  Gb  product_cal.o [1]
pluse_count             0x2001ef46      0x2  Data  Gb  apptask.o [1]
printf                  0x08032099     0x24  Code  Gb  printf.o [3]
product_complete_kilo   0x080318e9     0x30  Code  Gb  product_cal.o [1]
product_complete_meter  0x080318d7     0x12  Code  Gb  product_cal.o [1]
product_para            0x2001ec34     0x28  Data  Gb  product_cal.o [1]
product_per_meter       0x08031845     0x78  Code  Gb  product_cal.o [1]
prvAddCurrentTaskToDelayedList
                        0x0802faf9     0x48  Code  Lc  tasks.o [1]
prvAllocateTCBAndStack  0x0802fb41     0x5a  Code  Lc  tasks.o [1]
prvCheckForValidListAndQueue
                        0x0803766b     0x52  Code  Lc  timers.o [1]
prvCheckTasksWaitingTermination
                        0x0802fa8f     0x66  Code  Lc  tasks.o [1]
prvCopyDataFromQueue    0x08030329     0x30  Code  Lc  queue.o [1]
prvCopyDataToQueue      0x080302a5     0x84  Code  Lc  queue.o [1]
prvDeleteTCB            0x0802fb9b     0x12  Code  Lc  tasks.o [1]
prvGetNextExpireTime    0x08037457     0x2e  Code  Lc  timers.o [1]
prvHeapInit             0x08037b59     0x6e  Code  Lc  heap_4.o [1]
prvIdleTask             0x0802f9a9     0x26  Code  Lc  tasks.o [1]
prvInitialiseTCBVariables
                        0x0802f9cf     0x6a  Code  Lc  tasks.o [1]
prvInitialiseTaskLists  0x0802fa39     0x56  Code  Lc  tasks.o [1]
prvInsertBlockIntoFreeList
                        0x08037bc7     0x62  Code  Lc  heap_4.o [1]
prvInsertTimerInActiveList
                        0x080374ad     0x50  Code  Lc  timers.o [1]
prvIsQueueEmpty         0x080303c3     0x20  Code  Lc  queue.o [1]
prvIsQueueFull          0x080303e3     0x22  Code  Lc  queue.o [1]
prvProcessExpiredTimer  0x0803736f     0x5c  Code  Lc  timers.o [1]
prvProcessReceivedCommands
                        0x080374fd     0xde  Code  Lc  timers.o [1]
prvProcessTimerOrBlockTask
                        0x080373e7     0x70  Code  Lc  timers.o [1]
prvResetNextTaskUnblockTime
                        0x0802fbad     0x26  Code  Lc  tasks.o [1]
prvSampleTimeNow        0x08037485     0x28  Code  Lc  timers.o [1]
prvSwitchTimerLists     0x080375db     0x90  Code  Lc  timers.o [1]
prvTaskExitError        0x08037709     0x2a  Code  Lc  port.o [1]
prvTestWaitCondition    0x08037213     0x24  Code  Lc  event_groups.o [1]
prvTimerTask            0x080373cd     0x1a  Code  Lc  timers.o [1]
prvUnlockQueue          0x08030359     0x6a  Code  Lc  queue.o [1]
put_fat                 0x08033d13    0x16c  Code  Gb  ff.o [1]
putchar                 0x0804186d      0xc  Code  Gb  putchar.o [3]
pvPortMalloc            0x080379c9    0x118  Code  Gb  heap_4.o [1]
pxCurrentTCB            0x2001eee4      0x4  Data  Gb  tasks.o [1]
pxCurrentTimerList      0x2001ef24      0x4  Data  Lc  timers.o [1]
pxDelayedTaskList       0x2001eee8      0x4  Data  Lc  tasks.o [1]
pxEnd                   0x2001eec4      0x4  Data  Lc  heap_4.o [1]
pxOverflowDelayedTaskList
                        0x2001eeec      0x4  Data  Lc  tasks.o [1]
pxOverflowTimerList     0x2001ef28      0x4  Data  Lc  timers.o [1]
pxPortInitialiseStack   0x080376e5     0x24  Code  Gb  port.o [1]
pxReadyTasksLists       0x2001e63c     0xf0  Data  Lc  tasks.o [1]
rc522_cmd_anticoll      0x08035b99     0x5a  Code  Gb  rc522.o [1]
rc522_cmd_request       0x08035b45     0x54  Code  Gb  rc522.o [1]
readSlave               0x2001edf4      0xc  Data  Gb  apptask.o [1]
read_device_info        0x0803fe45    0x276  Code  Gb  para.o [1]
read_file_select        0x2001ee24      0xc  Data  Gb  protocol.o [1]
remove_chain            0x08033e7f     0x76  Code  Lc  ff.o [1]
rfid_rev_buf            0x2001ecf8     0x14  Data  Gb  rc522.o [1]
rfid_rev_cnt            0x2001ef79      0x1  Data  Gb  rc522.o [1]
rfid_rev_flag           0x2001ef78      0x1  Data  Gb  rc522.o [1]
rtc_time                0x2001ee40      0x8  Data  Gb  protocol.o [1]
s_TIM_CallBack1         0x2001eeac      0x4  Data  Lc  bsp_timer.o [1]
s_TIM_CallBack2         0x2001eeb0      0x4  Data  Lc  bsp_timer.o [1]
s_TIM_CallBack3         0x2001eeb4      0x4  Data  Lc  bsp_timer.o [1]
s_TIM_CallBack4         0x2001eeb8      0x4  Data  Lc  bsp_timer.o [1]
sample_time             0x2001ef44      0x2  Data  Gb  apptask.o [1]
sdew_weimi_page1        0x08031159    0x236  Code  Gb  bsp_sdwe050c17.o [1]
sdew_weimi_page2        0x0803138f    0x236  Code  Gb  bsp_sdwe050c17.o [1]
sdew_weisha_page1       0x080315c5     0x92  Code  Gb  bsp_sdwe050c17.o [1]
sdew_weisha_page2       0x08031657     0x92  Code  Gb  bsp_sdwe050c17.o [1]
servomotor_mode         0x2001ef70      0x1  Data  Gb  page_weimi.o [1]
slave_info              0x2001ede8      0xc  Data  Gb  apptask.o [1]
speed_zhu               0x2001ef58      0x2  Data  Gb  page_weimi.o [1]
sprintf                 0x08035a35     0x34  Code  Gb  sprintf.o [3]
st_clust                0x08034249     0x18  Code  Lc  ff.o [1]
step_motor_adjust       0x2001ef6f      0x1  Data  Gb  page_weimi.o [1]
strcat                  0x08035a69     0x1c  Code  Gb  strcat.o [3]
strchr                  0x0803b08d           Code  Gb  strchr.o [5]
strlen                  0x08032991           Code  Gb  strlen.o [5]
strstr                  0x08035ff5     0x10  Code  Gb  apptask.o [1]
sum_sfn                 0x0803451d     0x20  Code  Lc  ff.o [1]
sync_fs                 0x08033b05     0xd8  Code  Lc  ff.o [1]
sync_window             0x08033a6b     0x5a  Code  Lc  ff.o [1]
system_state_dis        0x08040688    0x190  Data  Gb  product_cal.o [1]
total_meter_gross       0x2001eed8      0x4  Data  Gb  product_cal.o [1]
total_weight_gross      0x2001eedc      0x4  Data  Gb  product_cal.o [1]
ucHeap                  0x200001cc  0x11800  Data  Lc  heap_4.o [1]
ucMaxSysCallPriority    0x2001ef73      0x1  Data  Lc  port.o [1]
ulHighFrequencyTimerTicks
                        0x2001eee0      0x4  Data  Gb  SysInfoTest.o [1]
ulMaxPRIGROUPValue      0x2001eed4      0x4  Data  Lc  port.o [1]
ulTaskSwitchedInTime    0x2001ef1c      0x4  Data  Lc  tasks.o [1]
ulTotalRunTime          0x2001ef20      0x4  Data  Lc  tasks.o [1]
uni2oem                 0x08000188  0x15484  Data  Lc  cc936.o [1]
usb_disk_flag           0x2001ef63      0x1  Data  Gb  apptask.o [1]
usbh_OpenMassStorage    0x08032eb9     0x14  Code  Gb  usbh_usr.o [1]
uxCriticalNesting       0x200001bc      0x4  Data  Lc  port.o [1]
uxCurrentNumberOfTasks  0x2001eef4      0x4  Data  Lc  tasks.o [1]
uxListRemove            0x080379a1     0x28  Code  Gb  list.o [1]
uxPendedTicks           0x2001ef04      0x4  Data  Lc  tasks.o [1]
uxSchedulerSuspended    0x2001ef18      0x4  Data  Lc  tasks.o [1]
uxTaskNumber            0x2001ef10      0x4  Data  Lc  tasks.o [1]
uxTaskResetEventItemValue
                        0x0802fc0d     0x20  Code  Gb  tasks.o [1]
uxTasksDeleted          0x2001eef0      0x4  Data  Lc  tasks.o [1]
uxTopReadyPriority      0x2001eefc      0x4  Data  Lc  tasks.o [1]
vListInitialise         0x08037931     0x1e  Code  Gb  list.o [1]
vListInsert             0x08037967     0x3a  Code  Gb  list.o [1]
vListInsertEnd          0x0803794f     0x18  Code  Gb  list.o [1]
vPortEnableVFP          0x0803ada9           Code  Gb  portasm.o [1]
vPortEnterCritical      0x080377ff     0x3a  Code  Gb  port.o [1]
vPortExitCritical       0x08037839     0x32  Code  Gb  port.o [1]
vPortFree               0x08037ae1     0x78  Code  Gb  heap_4.o [1]
vPortSetupTimerInterrupt
                        0x08037897      0xe  Code  Wk  port.o [1]
vPortStartFirstTask     0x0803ad91           Code  Gb  portasm.o [1]
vPortValidateInterruptPriority
                        0x080378a5     0x4e  Code  Gb  port.o [1]
vQueueWaitForMessageRestricted
                        0x08030405     0x44  Code  Gb  queue.o [1]
vSetupSysInfoTest       0x08041011     0x12  Code  Gb  SysInfoTest.o [1]
vTaskDelay              0x0802f205     0x84  Code  Gb  tasks.o [1]
vTaskFreq               0x0802e7e5    0x10c  Code  Lc  apptask.o [1]
vTaskManageCapacity     0x0802ddcd    0x5b2  Code  Gb  apptask.o [1]
vTaskMassStorage        0x0802d001    0x23c  Code  Lc  apptask.o [1]
vTaskMissedYield        0x0802f99f      0xa  Code  Gb  tasks.o [1]
vTaskMotorControl       0x0802e38d    0x43c  Code  Lc  apptask.o [1]
vTaskMsgPro             0x0802d67d    0x434  Code  Lc  apptask.o [1]
vTaskPlaceOnEventList   0x0802f605     0x74  Code  Gb  tasks.o [1]
vTaskPlaceOnEventListRestricted
                        0x0802f73d     0x80  Code  Gb  tasks.o [1]
vTaskPlaceOnUnorderedEventList
                        0x0802f695     0xa8  Code  Gb  tasks.o [1]
vTaskReadDisk           0x0802db95    0x1b6  Code  Lc  apptask.o [1]
vTaskRev485             0x0802dab5     0xb8  Code  Lc  apptask.o [1]
vTaskSetTimeOutState    0x0802f8e9     0x26  Code  Gb  tasks.o [1]
vTaskStartScheduler     0x0802f289     0x7e  Code  Gb  tasks.o [1]
vTaskSuspendAll         0x0802f307     0x10  Code  Gb  tasks.o [1]
vTaskSwitchContext      0x0802f555     0xb0  Code  Gb  tasks.o [1]
vTaskTaskLCD            0x0802aa91   0x2544  Code  Gb  apptask.o [1]
vTaskTaskLED            0x0802d259     0x20  Code  Lc  apptask.o [1]
vTaskTaskRFID           0x0802d279    0x3d6  Code  Lc  apptask.o [1]
valid_seg               0x2001ef72      0x1  Data  Gb  page_weimi.o [1]
validate                0x080352c3     0x36  Code  Lc  ff.o [1]
weimi_para              0x2001e524    0x118  Data  Gb  page_weimi.o [1]
work_idle               0x2001ef76      0x1  Data  Gb  product_cal.o [1]
work_idle_time          0x2001ef5a      0x2  Data  Gb  product_cal.o [1]
xActiveTimerList1       0x2001ed70     0x14  Data  Lc  timers.o [1]
xActiveTimerList2       0x2001ed84     0x14  Data  Lc  timers.o [1]
xBlockAllocatedBit      0x2001eed0      0x4  Data  Lc  heap_4.o [1]
xDelayedTaskList1       0x2001ed0c     0x14  Data  Lc  tasks.o [1]
xDelayedTaskList2       0x2001ed20     0x14  Data  Lc  tasks.o [1]
xEventGroupCreate       0x08036fd5     0x1c  Code  Gb  event_groups.o [1]
xEventGroupSetBits      0x0803713d     0xd6  Code  Gb  event_groups.o [1]
xEventGroupWaitBits     0x08036ff1    0x146  Code  Gb  event_groups.o [1]
xFreeBytesRemaining     0x2001eec8      0x4  Data  Lc  heap_4.o [1]
xHandleTaskFreq         0x2001ee6c      0x4  Data  Gb  apptask.o [1]
xHandleTaskLCD          0x2001ee48      0x4  Data  Gb  apptask.o [1]
xHandleTaskLED          0x2001ee4c      0x4  Data  Gb  apptask.o [1]
xHandleTaskManageCapacity
                        0x2001ee64      0x4  Data  Gb  apptask.o [1]
xHandleTaskMassStorage  0x2001ee54      0x4  Data  Gb  apptask.o [1]
xHandleTaskMotorControl
                        0x2001ee68      0x4  Data  Gb  apptask.o [1]
xHandleTaskMsgPro       0x2001ee5c      0x4  Data  Gb  apptask.o [1]
xHandleTaskRFID         0x2001ee50      0x4  Data  Gb  apptask.o [1]
xHandleTaskReadDisk     0x2001ee58      0x4  Data  Gb  apptask.o [1]
xHandleTaskRev485       0x2001ee60      0x4  Data  Gb  apptask.o [1]
xHeapStructSize         0x08041c90      0x4  Data  Lc  heap_4.o [1]
xMinimumEverFreeBytesRemaining
                        0x2001eecc      0x4  Data  Lc  heap_4.o [1]
xNextTaskUnblockTime    0x2001ef14      0x4  Data  Lc  tasks.o [1]
xNumOfOverflows         0x2001ef0c      0x4  Data  Lc  tasks.o [1]
xPendingReadyList       0x2001ed34     0x14  Data  Lc  tasks.o [1]
xPortStartScheduler     0x08037733     0xcc  Code  Gb  port.o [1]
xQueueGenericCreate     0x0802fd11     0x7e  Code  Gb  queue.o [1]
xQueueGenericReceive    0x08030105    0x19c  Code  Gb  queue.o [1]
xQueueGenericReset      0x0802fc81     0x90  Code  Gb  queue.o [1]
xQueueGenericSend       0x0802fd8f    0x1b2  Code  Gb  queue.o [1]
xQueueGenericSendFromISR
                        0x0802ff41     0xec  Code  Gb  queue.o [1]
xQueueGiveFromISR       0x0803002d     0xd8  Code  Gb  queue.o [1]
xQueue_message          0x2001ee94      0x4  Data  Gb  apptask.o [1]
xSchedulerRunning       0x2001ef00      0x4  Data  Lc  tasks.o [1]
xSemaphore_download     0x2001ee84      0x4  Data  Gb  apptask.o [1]
xSemaphore_encoder      0x2001ee7c      0x4  Data  Gb  apptask.o [1]
xSemaphore_freq         0x2001ee80      0x4  Data  Gb  apptask.o [1]
xSemaphore_lcd          0x2001ee70      0x4  Data  Gb  apptask.o [1]
xSemaphore_pluse        0x2001ee78      0x4  Data  Gb  apptask.o [1]
xSemaphore_readDisk     0x2001ee88      0x4  Data  Gb  apptask.o [1]
xSemaphore_rs485        0x2001ee74      0x4  Data  Gb  apptask.o [1]
xStart                  0x2001ee30      0x8  Data  Lc  heap_4.o [1]
xSuspendedTaskList      0x2001ed5c     0x14  Data  Lc  tasks.o [1]
xTaskCheckForTimeOut    0x0802f915     0x8a  Code  Gb  tasks.o [1]
xTaskGenericCreate      0x0802f081    0x184  Code  Gb  tasks.o [1]
xTaskGetSchedulerState  0x0802fbd3     0x26  Code  Gb  tasks.o [1]
xTaskGetTickCount       0x0802f417      0xa  Code  Gb  tasks.o [1]
xTaskIncrementTick      0x0802f421    0x134  Code  Gb  tasks.o [1]
xTaskRemoveFromEventList
                        0x0802f7c1     0x8e  Code  Gb  tasks.o [1]
xTaskRemoveFromUnorderedEventList
                        0x0802f855     0x94  Code  Gb  tasks.o [1]
xTaskResumeAll          0x0802f317    0x100  Code  Gb  tasks.o [1]
xTasksWaitingTermination
                        0x2001ed48     0x14  Data  Lc  tasks.o [1]
xTickCount              0x2001eef8      0x4  Data  Lc  tasks.o [1]
xTimerCreate            0x08037289     0x62  Code  Gb  timers.o [1]
xTimerCreateTimerTask   0x08037239     0x50  Code  Gb  timers.o [1]
xTimerGenericCommand    0x080372eb     0x84  Code  Gb  timers.o [1]
xTimerQueue             0x2001ef2c      0x4  Data  Lc  timers.o [1]
xTimerUser              0x2001ee90      0x4  Data  Gb  apptask.o [1]
xYieldPending           0x2001ef08      0x4  Data  Lc  tasks.o [1]


[1] = F:\work\YarnControl_Driver\src\stm32f4_rtos\Project\EWARMv7\Flash\Obj
[2] = command line
[3] = dl7M_tlf.a
[4] = m7M_tls.a
[5] = rt7M_tl.a
[6] = shb_l.a

   88 892 bytes of readonly  code memory
  181 126 bytes of readonly  data memory
  128 895 bytes of readwrite data memory (+ 1 044 480 absolute)

Errors: none
Warnings: none
