###############################################################################
#
# IAR ELF Linker V7.40.7.9843/W32 for ARM                 09/Jan/2019  00:19:48
# Copyright 2007-2015 IAR Systems AB.
#
#    Output file  =  
#        E:\WORK\YarnControl_Driver\YarnControl_Driver\src\stm32f4_rtos\Project\EWARMv7\Flash\Exe\project.out
#    Map file     =  
#        E:\WORK\YarnControl_Driver\YarnControl_Driver\src\stm32f4_rtos\Project\EWARMv7\Flash\List\project.map
#    Command line =  
#        E:\WORK\YarnControl_Driver\YarnControl_Driver\src\stm32f4_rtos\Project\EWARMv7\Flash\Obj\apptask.o
#        E:\WORK\YarnControl_Driver\YarnControl_Driver\src\stm32f4_rtos\Project\EWARMv7\Flash\Obj\bsp.o
#        E:\WORK\YarnControl_Driver\YarnControl_Driver\src\stm32f4_rtos\Project\EWARMv7\Flash\Obj\bsp_closeSW.o
#        E:\WORK\YarnControl_Driver\YarnControl_Driver\src\stm32f4_rtos\Project\EWARMv7\Flash\Obj\bsp_dwt.o
#        E:\WORK\YarnControl_Driver\YarnControl_Driver\src\stm32f4_rtos\Project\EWARMv7\Flash\Obj\bsp_led.o
#        E:\WORK\YarnControl_Driver\YarnControl_Driver\src\stm32f4_rtos\Project\EWARMv7\Flash\Obj\bsp_sdio_sd.o
#        E:\WORK\YarnControl_Driver\YarnControl_Driver\src\stm32f4_rtos\Project\EWARMv7\Flash\Obj\bsp_sdwe050c17.o
#        E:\WORK\YarnControl_Driver\YarnControl_Driver\src\stm32f4_rtos\Project\EWARMv7\Flash\Obj\bsp_servomotor.o
#        E:\WORK\YarnControl_Driver\YarnControl_Driver\src\stm32f4_rtos\Project\EWARMv7\Flash\Obj\bsp_spi.o
#        E:\WORK\YarnControl_Driver\YarnControl_Driver\src\stm32f4_rtos\Project\EWARMv7\Flash\Obj\bsp_stepmotor.o
#        E:\WORK\YarnControl_Driver\YarnControl_Driver\src\stm32f4_rtos\Project\EWARMv7\Flash\Obj\bsp_sw_onoff.o
#        E:\WORK\YarnControl_Driver\YarnControl_Driver\src\stm32f4_rtos\Project\EWARMv7\Flash\Obj\bsp_tim_pwm.o
#        E:\WORK\YarnControl_Driver\YarnControl_Driver\src\stm32f4_rtos\Project\EWARMv7\Flash\Obj\bsp_timer.o
#        E:\WORK\YarnControl_Driver\YarnControl_Driver\src\stm32f4_rtos\Project\EWARMv7\Flash\Obj\bsp_uart_fifo.o
#        E:\WORK\YarnControl_Driver\YarnControl_Driver\src\stm32f4_rtos\Project\EWARMv7\Flash\Obj\bsp_w25qxx.o
#        E:\WORK\YarnControl_Driver\YarnControl_Driver\src\stm32f4_rtos\Project\EWARMv7\Flash\Obj\bsp_watchdog.o
#        E:\WORK\YarnControl_Driver\YarnControl_Driver\src\stm32f4_rtos\Project\EWARMv7\Flash\Obj\cc936.o
#        E:\WORK\YarnControl_Driver\YarnControl_Driver\src\stm32f4_rtos\Project\EWARMv7\Flash\Obj\croutine.o
#        E:\WORK\YarnControl_Driver\YarnControl_Driver\src\stm32f4_rtos\Project\EWARMv7\Flash\Obj\demo_fatfs.o
#        E:\WORK\YarnControl_Driver\YarnControl_Driver\src\stm32f4_rtos\Project\EWARMv7\Flash\Obj\diskio.o
#        E:\WORK\YarnControl_Driver\YarnControl_Driver\src\stm32f4_rtos\Project\EWARMv7\Flash\Obj\event_groups.o
#        E:\WORK\YarnControl_Driver\YarnControl_Driver\src\stm32f4_rtos\Project\EWARMv7\Flash\Obj\ff.o
#        E:\WORK\YarnControl_Driver\YarnControl_Driver\src\stm32f4_rtos\Project\EWARMv7\Flash\Obj\heap_4.o
#        E:\WORK\YarnControl_Driver\YarnControl_Driver\src\stm32f4_rtos\Project\EWARMv7\Flash\Obj\list.o
#        E:\WORK\YarnControl_Driver\YarnControl_Driver\src\stm32f4_rtos\Project\EWARMv7\Flash\Obj\main.o
#        E:\WORK\YarnControl_Driver\YarnControl_Driver\src\stm32f4_rtos\Project\EWARMv7\Flash\Obj\malloc.o
#        E:\WORK\YarnControl_Driver\YarnControl_Driver\src\stm32f4_rtos\Project\EWARMv7\Flash\Obj\mcheck.o
#        E:\WORK\YarnControl_Driver\YarnControl_Driver\src\stm32f4_rtos\Project\EWARMv7\Flash\Obj\misc.o
#        E:\WORK\YarnControl_Driver\YarnControl_Driver\src\stm32f4_rtos\Project\EWARMv7\Flash\Obj\modbus.o
#        E:\WORK\YarnControl_Driver\YarnControl_Driver\src\stm32f4_rtos\Project\EWARMv7\Flash\Obj\para.o
#        E:\WORK\YarnControl_Driver\YarnControl_Driver\src\stm32f4_rtos\Project\EWARMv7\Flash\Obj\port.o
#        E:\WORK\YarnControl_Driver\YarnControl_Driver\src\stm32f4_rtos\Project\EWARMv7\Flash\Obj\portasm.o
#        E:\WORK\YarnControl_Driver\YarnControl_Driver\src\stm32f4_rtos\Project\EWARMv7\Flash\Obj\product_cal.o
#        E:\WORK\YarnControl_Driver\YarnControl_Driver\src\stm32f4_rtos\Project\EWARMv7\Flash\Obj\protocol.o
#        E:\WORK\YarnControl_Driver\YarnControl_Driver\src\stm32f4_rtos\Project\EWARMv7\Flash\Obj\queue.o
#        E:\WORK\YarnControl_Driver\YarnControl_Driver\src\stm32f4_rtos\Project\EWARMv7\Flash\Obj\rc522.o
#        E:\WORK\YarnControl_Driver\YarnControl_Driver\src\stm32f4_rtos\Project\EWARMv7\Flash\Obj\startup_stm32f40_41xxx.o
#        E:\WORK\YarnControl_Driver\YarnControl_Driver\src\stm32f4_rtos\Project\EWARMv7\Flash\Obj\stm32f4xx_adc.o
#        E:\WORK\YarnControl_Driver\YarnControl_Driver\src\stm32f4_rtos\Project\EWARMv7\Flash\Obj\stm32f4xx_assert.o
#        E:\WORK\YarnControl_Driver\YarnControl_Driver\src\stm32f4_rtos\Project\EWARMv7\Flash\Obj\stm32f4xx_can.o
#        E:\WORK\YarnControl_Driver\YarnControl_Driver\src\stm32f4_rtos\Project\EWARMv7\Flash\Obj\stm32f4xx_crc.o
#        E:\WORK\YarnControl_Driver\YarnControl_Driver\src\stm32f4_rtos\Project\EWARMv7\Flash\Obj\stm32f4xx_cryp.o
#        E:\WORK\YarnControl_Driver\YarnControl_Driver\src\stm32f4_rtos\Project\EWARMv7\Flash\Obj\stm32f4xx_cryp_aes.o
#        E:\WORK\YarnControl_Driver\YarnControl_Driver\src\stm32f4_rtos\Project\EWARMv7\Flash\Obj\stm32f4xx_cryp_des.o
#        E:\WORK\YarnControl_Driver\YarnControl_Driver\src\stm32f4_rtos\Project\EWARMv7\Flash\Obj\stm32f4xx_cryp_tdes.o
#        E:\WORK\YarnControl_Driver\YarnControl_Driver\src\stm32f4_rtos\Project\EWARMv7\Flash\Obj\stm32f4xx_dac.o
#        E:\WORK\YarnControl_Driver\YarnControl_Driver\src\stm32f4_rtos\Project\EWARMv7\Flash\Obj\stm32f4xx_dbgmcu.o
#        E:\WORK\YarnControl_Driver\YarnControl_Driver\src\stm32f4_rtos\Project\EWARMv7\Flash\Obj\stm32f4xx_dcmi.o
#        E:\WORK\YarnControl_Driver\YarnControl_Driver\src\stm32f4_rtos\Project\EWARMv7\Flash\Obj\stm32f4xx_dma.o
#        E:\WORK\YarnControl_Driver\YarnControl_Driver\src\stm32f4_rtos\Project\EWARMv7\Flash\Obj\stm32f4xx_dma2d.o
#        E:\WORK\YarnControl_Driver\YarnControl_Driver\src\stm32f4_rtos\Project\EWARMv7\Flash\Obj\stm32f4xx_exti.o
#        E:\WORK\YarnControl_Driver\YarnControl_Driver\src\stm32f4_rtos\Project\EWARMv7\Flash\Obj\stm32f4xx_flash.o
#        E:\WORK\YarnControl_Driver\YarnControl_Driver\src\stm32f4_rtos\Project\EWARMv7\Flash\Obj\stm32f4xx_fsmc.o
#        E:\WORK\YarnControl_Driver\YarnControl_Driver\src\stm32f4_rtos\Project\EWARMv7\Flash\Obj\stm32f4xx_gpio.o
#        E:\WORK\YarnControl_Driver\YarnControl_Driver\src\stm32f4_rtos\Project\EWARMv7\Flash\Obj\stm32f4xx_hash.o
#        E:\WORK\YarnControl_Driver\YarnControl_Driver\src\stm32f4_rtos\Project\EWARMv7\Flash\Obj\stm32f4xx_hash_md5.o
#        E:\WORK\YarnControl_Driver\YarnControl_Driver\src\stm32f4_rtos\Project\EWARMv7\Flash\Obj\stm32f4xx_hash_sha1.o
#        E:\WORK\YarnControl_Driver\YarnControl_Driver\src\stm32f4_rtos\Project\EWARMv7\Flash\Obj\stm32f4xx_i2c.o
#        E:\WORK\YarnControl_Driver\YarnControl_Driver\src\stm32f4_rtos\Project\EWARMv7\Flash\Obj\stm32f4xx_it.o
#        E:\WORK\YarnControl_Driver\YarnControl_Driver\src\stm32f4_rtos\Project\EWARMv7\Flash\Obj\stm32f4xx_iwdg.o
#        E:\WORK\YarnControl_Driver\YarnControl_Driver\src\stm32f4_rtos\Project\EWARMv7\Flash\Obj\stm32f4xx_ltdc.o
#        E:\WORK\YarnControl_Driver\YarnControl_Driver\src\stm32f4_rtos\Project\EWARMv7\Flash\Obj\stm32f4xx_pwr.o
#        E:\WORK\YarnControl_Driver\YarnControl_Driver\src\stm32f4_rtos\Project\EWARMv7\Flash\Obj\stm32f4xx_rcc.o
#        E:\WORK\YarnControl_Driver\YarnControl_Driver\src\stm32f4_rtos\Project\EWARMv7\Flash\Obj\stm32f4xx_rng.o
#        E:\WORK\YarnControl_Driver\YarnControl_Driver\src\stm32f4_rtos\Project\EWARMv7\Flash\Obj\stm32f4xx_rtc.o
#        E:\WORK\YarnControl_Driver\YarnControl_Driver\src\stm32f4_rtos\Project\EWARMv7\Flash\Obj\stm32f4xx_sai.o
#        E:\WORK\YarnControl_Driver\YarnControl_Driver\src\stm32f4_rtos\Project\EWARMv7\Flash\Obj\stm32f4xx_sdio.o
#        E:\WORK\YarnControl_Driver\YarnControl_Driver\src\stm32f4_rtos\Project\EWARMv7\Flash\Obj\stm32f4xx_spi.o
#        E:\WORK\YarnControl_Driver\YarnControl_Driver\src\stm32f4_rtos\Project\EWARMv7\Flash\Obj\stm32f4xx_syscfg.o
#        E:\WORK\YarnControl_Driver\YarnControl_Driver\src\stm32f4_rtos\Project\EWARMv7\Flash\Obj\stm32f4xx_tim.o
#        E:\WORK\YarnControl_Driver\YarnControl_Driver\src\stm32f4_rtos\Project\EWARMv7\Flash\Obj\stm32f4xx_usart.o
#        E:\WORK\YarnControl_Driver\YarnControl_Driver\src\stm32f4_rtos\Project\EWARMv7\Flash\Obj\stm32f4xx_wwdg.o
#        E:\WORK\YarnControl_Driver\YarnControl_Driver\src\stm32f4_rtos\Project\EWARMv7\Flash\Obj\SysInfoTest.o
#        E:\WORK\YarnControl_Driver\YarnControl_Driver\src\stm32f4_rtos\Project\EWARMv7\Flash\Obj\system_stm32f4xx.o
#        E:\WORK\YarnControl_Driver\YarnControl_Driver\src\stm32f4_rtos\Project\EWARMv7\Flash\Obj\tasks.o
#        E:\WORK\YarnControl_Driver\YarnControl_Driver\src\stm32f4_rtos\Project\EWARMv7\Flash\Obj\timers.o
#        E:\WORK\YarnControl_Driver\YarnControl_Driver\src\stm32f4_rtos\Project\EWARMv7\Flash\Obj\usb_bsp.o
#        E:\WORK\YarnControl_Driver\YarnControl_Driver\src\stm32f4_rtos\Project\EWARMv7\Flash\Obj\usb_core.o
#        E:\WORK\YarnControl_Driver\YarnControl_Driver\src\stm32f4_rtos\Project\EWARMv7\Flash\Obj\usb_hcd.o
#        E:\WORK\YarnControl_Driver\YarnControl_Driver\src\stm32f4_rtos\Project\EWARMv7\Flash\Obj\usb_hcd_int.o
#        E:\WORK\YarnControl_Driver\YarnControl_Driver\src\stm32f4_rtos\Project\EWARMv7\Flash\Obj\usbh_core.o
#        E:\WORK\YarnControl_Driver\YarnControl_Driver\src\stm32f4_rtos\Project\EWARMv7\Flash\Obj\usbh_hcs.o
#        E:\WORK\YarnControl_Driver\YarnControl_Driver\src\stm32f4_rtos\Project\EWARMv7\Flash\Obj\usbh_ioreq.o
#        E:\WORK\YarnControl_Driver\YarnControl_Driver\src\stm32f4_rtos\Project\EWARMv7\Flash\Obj\usbh_it.o
#        E:\WORK\YarnControl_Driver\YarnControl_Driver\src\stm32f4_rtos\Project\EWARMv7\Flash\Obj\usbh_msc_bot.o
#        E:\WORK\YarnControl_Driver\YarnControl_Driver\src\stm32f4_rtos\Project\EWARMv7\Flash\Obj\usbh_msc_core.o
#        E:\WORK\YarnControl_Driver\YarnControl_Driver\src\stm32f4_rtos\Project\EWARMv7\Flash\Obj\usbh_msc_scsi.o
#        E:\WORK\YarnControl_Driver\YarnControl_Driver\src\stm32f4_rtos\Project\EWARMv7\Flash\Obj\usbh_stdreq.o
#        E:\WORK\YarnControl_Driver\YarnControl_Driver\src\stm32f4_rtos\Project\EWARMv7\Flash\Obj\usbh_usr.o
#        -o
#        E:\WORK\YarnControl_Driver\YarnControl_Driver\src\stm32f4_rtos\Project\EWARMv7\Flash\Exe\project.out
#        --map
#        E:\WORK\YarnControl_Driver\YarnControl_Driver\src\stm32f4_rtos\Project\EWARMv7\Flash\List\project.map
#        --config
#        E:\WORK\YarnControl_Driver\YarnControl_Driver\src\stm32f4_rtos\Project\EWARMv7\stm32f4xx_flash.icf
#        --semihosting --entry __iar_program_start --inline --vfe
#
###############################################################################

*******************************************************************************
*** RUNTIME MODEL ATTRIBUTES
***

CppFlavor       = *
__SystemLibrary = DLib


*******************************************************************************
*** PLACEMENT SUMMARY
***

"A1":  place at 0x08000000 { ro section .intvec };
"P1":  place in [from 0x08000000 to 0x080fffff] { ro };
"P2":  place in [from 0x20000000 to 0x2001ffff] { rw, block CSTACK, block HEAP };

  Section             Kind        Address     Size  Object
  -------             ----        -------     ----  ------
"A1":                                        0x188
  .intvec             ro code  0x08000000    0x188  startup_stm32f40_41xxx.o [1]
                             - 0x08000188    0x188

"P1":                                      0x3e4a8
  .rodata             const    0x08000188  0x15484  cc936.o [1]
  .rodata             const    0x0801560c  0x15484  cc936.o [1]
  .text               ro code  0x0802aa90   0x2c64  apptask.o [1]
  .text               ro code  0x0802d6f4    0xc00  tasks.o [1]
  .text               ro code  0x0802e2f4    0x7c8  queue.o [1]
  .text               ro code  0x0802eabc    0x844  bsp_sdwe050c17.o [1]
  .text               ro code  0x0802f300    0x3d0  product_cal.o [1]
  .text               ro code  0x0802f6d0     0x66  ABImemset.o [5]
  .text               ro code  0x0802f736      0xa  xsprout.o [3]
  .text               ro code  0x0802f740    0x370  bsp_w25qxx.o [1]
  .text               ro code  0x0802fab0     0x76  ABImemcpy_unaligned.o [5]
  .text               ro code  0x0802fb28     0x4e  FltToDbl.o [4]
  .text               ro code  0x0802fb78     0x24  printf.o [3]
  .text               ro code  0x0802fb9c     0x42  strcmp_unaligned.o [5]
  .text               ro code  0x0802fbe0    0x2ec  stm32f4xx_tim.o [1]
  .text               ro code  0x0802fecc    0x1b6  usbh_usr.o [1]
  .text               ro code  0x08030084    0x760  usbh_core.o [1]
  .text               ro code  0x080307e4   0x2264  ff.o [1]
  .text               ro code  0x08032a48     0x34  sprintf.o [3]
  .text               ro code  0x08032a7c    0x256  DblDiv.o [4]
  .text               ro code  0x08032cd2     0x1c  strcat.o [3]
  .text               ro code  0x08032cf0     0x36  strlen.o [5]
  .text               ro code  0x08032d28     0xc0  bsp_led.o [1]
  .text               ro code  0x08032de8     0xae  rc522.o [1]
  .text               ro code  0x08032e98    0x354  modbus.o [1]
  .text               ro code  0x080331ec     0x68  bsp_sw_onoff.o [1]
  .text               ro code  0x08033254     0x44  protocol.o [1]
  .text               ro code  0x08033298     0x10  apptask.o [1]
  .text               ro code  0x080332a8    0x262  event_groups.o [1]
  .text               ro code  0x0803350c    0x4a4  timers.o [1]
  .text               ro code  0x080339b0      0x8  bsp_watchdog.o [1]
  .text               ro code  0x080339b8    0x24c  port.o [1]
  .text               ro code  0x08033c04     0x98  list.o [1]
  .text               ro code  0x08033c9c    0x280  heap_4.o [1]
  .text               ro code  0x08033f1c    0x1c4  stm32f4xx_rcc.o [1]
  .text               ro code  0x080340e0    0x12c  stm32f4xx_gpio.o [1]
  .text               ro code  0x0803420c    0xab0  bsp_uart_fifo.o [1]
  .text               ro code  0x08034cbc    0x204  bsp_timer.o [1]
  .text               ro code  0x08034ec0    0x21c  malloc.o [1]
  .text               ro code  0x080350dc    0x124  bsp_spi.o [1]
  .text               ro code  0x08035200    0xd96  xprintffull_nomb.o [3]
  .text               ro code  0x08035f98    0x14c  usb_bsp.o [1]
  .text               ro code  0x080360e4     0xd6  usb_hcd.o [1]
  .text               ro code  0x080361ba    0x1ba  usbh_hcs.o [1]
  .text               ro code  0x08036374    0x436  usbh_stdreq.o [1]
  .text               ro code  0x080367aa    0x246  usbh_ioreq.o [1]
  .text               ro code  0x080369f0    0x2e4  diskio.o [1]
  .text               ro code  0x08036cd4     0xf4  cc936.o [1]
  .text               ro code  0x08036dc8     0xb8  mcheck.o [1]
  .text               ro code  0x08036e80     0x2c  strstr.o [3]
  .text               ro code  0x08036eac     0x10  stm32f4xx_iwdg.o [1]
  CODE                ro code  0x08036ebc     0xa8  portasm.o [1]
  .text               ro code  0x08036f64    0x22e  stm32f4xx_usart.o [1]
  .text               ro code  0x08037194     0x88  misc.o [1]
  .text               ro code  0x0803721c    0x2b4  stm32f4xx_dma.o [1]
  .text               ro code  0x080374d0     0x74  stm32f4xx_spi.o [1]
  .text               ro code  0x08037544     0x16  strchr.o [5]
  .text               ro code  0x0803755c     0x58  memchr.o [5]
  .text               ro code  0x080375b4     0xee  I64DivMod.o [5]
  .text               ro code  0x080376a2     0x42  xdnorm.o [4]
  .text               ro code  0x080376e4     0x2e  DblCmpLe.o [4]
  .text               ro code  0x08037714     0x2e  DblCmpGe.o [4]
  .text               ro code  0x08037744    0x114  xdscale.o [4]
  .text               ro code  0x08037858     0x58  DblToI32.o [4]
  .text               ro code  0x080378b0     0x30  I32ToDbl.o [4]
  .text               ro code  0x080378e0    0x180  DblSub.o [4]
  .text               ro code  0x08037a60    0x1a2  DblMul.o [4]
  .text               ro code  0x08037c04     0x6c  localeconv.o [3]
  .text               ro code  0x08037c70      0xe  div.o [3]
  .text               ro code  0x08037c80     0x74  bsp_dwt.o [1]
  .text               ro code  0x08037cf4    0xa50  usb_core.o [1]
  .text               ro code  0x08038744   0x1a58  bsp_sdio_sd.o [1]
  .text               ro code  0x0803a19c    0x618  usbh_msc_scsi.o [1]
  .text               ro code  0x0803a7b4    0x554  usbh_msc_bot.o [1]
  .text               ro code  0x0803ad08      0x2  I64DivZer.o [5]
  .text               ro code  0x0803ad0c     0xd4  DblAdd.o [4]
  .text               ro code  0x0803ade0    0x17c  stm32f4xx_sdio.o [1]
  .text               ro code  0x0803af5c    0xc7e  usb_hcd_int.o [1]
  .text               ro code  0x0803bbdc    0x3e8  usbh_msc_core.o [1]
  .rodata             const    0x0803bfc4    0x3dc  cc936.o [1]
  .rodata             const    0x0803c3a0    0x3dc  cc936.o [1]
  .text               ro code  0x0803c77c    0x2e0  bsp_tim_pwm.o [1]
  .text               ro code  0x0803ca5c    0x21c  bsp_stepmotor.o [1]
  .rodata             const    0x0803cc78    0x1f4  apptask.o [1]
  .text               ro code  0x0803ce6c    0x19c  para.o [1]
  .text               ro code  0x0803d008    0x154  system_stm32f4xx.o [1]
  .rodata             const    0x0803d15c    0x100  mcheck.o [1]
  .rodata             const    0x0803d25c    0x100  mcheck.o [1]
  .rodata             const    0x0803d35c    0x100  mcheck.o [1]
  .text               ro code  0x0803d45c     0xd4  bsp_closeSW.o [1]
  .text               ro code  0x0803d530     0x54  stm32f4xx_syscfg.o [1]
  .text               ro code  0x0803d584     0xc0  stm32f4xx_exti.o [1]
  .text               ro code  0x0803d644     0xc4  bsp_servomotor.o [1]
  .text               ro code  0x0803d708     0x50  bsp.o [1]
  .text               ro code  0x0803d758     0x40  zero_init3.o [5]
  .text               ro code  0x0803d798     0x3c  SysInfoTest.o [1]
  .rodata             const    0x0803d7d4     0x38  demo_fatfs.o [1]
  .text               ro code  0x0803d80c     0x38  stm32f4xx_it.o [1]
  .text               ro code  0x0803d844     0x34  main.o [1]
  .rodata             const    0x0803d878     0x30  apptask.o [1]
  .rodata             const    0x0803d8a8     0x30  demo_fatfs.o [1]
  .rodata             const    0x0803d8d8     0x30  demo_fatfs.o [1]
  .rodata             const    0x0803d908     0x2c  apptask.o [1]
  .rodata             const    0x0803d934     0x2c  demo_fatfs.o [1]
  .rodata             const    0x0803d960     0x2c  demo_fatfs.o [1]
  .rodata             const    0x0803d98c     0x2c  stm32f4xx_it.o [1]
  .text               ro code  0x0803d9b8     0x2c  copy_init3.o [5]
  .rodata             const    0x0803d9e4     0x28  demo_fatfs.o [1]
  .rodata             const    0x0803da0c     0x28  demo_fatfs.o [1]
  .rodata             const    0x0803da34     0x28  demo_fatfs.o [1]
  .text               ro code  0x0803da5c     0x28  data_init.o [5]
  .rodata             const    0x0803da84     0x24  demo_fatfs.o [1]
  .rodata             const    0x0803daa8     0x24  demo_fatfs.o [1]
  .rodata             const    0x0803dacc     0x24  usbh_usr.o [1]
  .text               ro code  0x0803daf0     0x22  fpinit_M.o [4]
  .iar.init_table     const    0x0803db14     0x2c  - Linker created -
  .rodata             const    0x0803db40     0x20  apptask.o [1]
  .rodata             const    0x0803db60     0x20  apptask.o [1]
  .rodata             const    0x0803db80     0x20  bsp_sdwe050c17.o [1]
  .rodata             const    0x0803dba0     0x20  demo_fatfs.o [1]
  .rodata             const    0x0803dbc0     0x20  demo_fatfs.o [1]
  .rodata             const    0x0803dbe0     0x20  demo_fatfs.o [1]
  .rodata             const    0x0803dc00     0x20  usbh_usr.o [1]
  .rodata             const    0x0803dc20     0x20  usbh_usr.o [1]
  .rodata             const    0x0803dc40     0x20  usbh_usr.o [1]
  .rodata             const    0x0803dc60     0x20  usbh_usr.o [1]
  .rodata             const    0x0803dc80     0x20  usbh_usr.o [1]
  .rodata             const    0x0803dca0     0x1c  apptask.o [1]
  .rodata             const    0x0803dcbc     0x1c  apptask.o [1]
  .rodata             const    0x0803dcd8     0x1c  apptask.o [1]
  .rodata             const    0x0803dcf4     0x1c  apptask.o [1]
  .rodata             const    0x0803dd10     0x1c  apptask.o [1]
  .rodata             const    0x0803dd2c     0x1c  apptask.o [1]
  .rodata             const    0x0803dd48     0x1c  demo_fatfs.o [1]
  .rodata             const    0x0803dd64     0x1c  demo_fatfs.o [1]
  .rodata             const    0x0803dd80     0x1c  usbh_usr.o [1]
  .rodata             const    0x0803dd9c     0x1c  usbh_usr.o [1]
  .rodata             const    0x0803ddb8     0x1c  usbh_usr.o [1]
  .rodata             const    0x0803ddd4     0x1c  usbh_usr.o [1]
  .rodata             const    0x0803ddf0     0x1c  usbh_usr.o [1]
  .rodata             const    0x0803de0c     0x1c  usbh_usr.o [1]
  .text               ro code  0x0803de28     0x1a  cmain.o [5]
  .text               ro code  0x0803de42      0x4  exit.o [3]
  .text               ro code  0x0803de48      0xa  cexit.o [5]
  .text               ro code  0x0803de54     0x14  exit.o [6]
  .rodata             const    0x0803de68     0x18  apptask.o [1]
  .rodata             const    0x0803de80     0x18  apptask.o [1]
  .rodata             const    0x0803de98     0x18  apptask.o [1]
  .rodata             const    0x0803deb0     0x18  apptask.o [1]
  .rodata             const    0x0803dec8     0x18  apptask.o [1]
  .rodata             const    0x0803dee0     0x18  apptask.o [1]
  .rodata             const    0x0803def8     0x18  apptask.o [1]
  .rodata             const    0x0803df10     0x18  demo_fatfs.o [1]
  .rodata             const    0x0803df28     0x18  demo_fatfs.o [1]
  .rodata             const    0x0803df40     0x18  demo_fatfs.o [1]
  .rodata             const    0x0803df58     0x18  demo_fatfs.o [1]
  .rodata             const    0x0803df70     0x18  usbh_usr.o [1]
  .rodata             const    0x0803df88     0x18  usbh_usr.o [1]
  .rodata             const    0x0803dfa0     0x18  usbh_usr.o [1]
  .rodata             const    0x0803dfb8     0x18  usbh_usr.o [1]
  .rodata             const    0x0803dfd0     0x18  usbh_usr.o [1]
  .text               ro code  0x0803dfe8     0x16  xprout.o [3]
  .text               ro code  0x0803e000      0xc  putchar.o [3]
  .rodata             const    0x0803e00c     0x14  apptask.o [1]
  .rodata             const    0x0803e020     0x14  apptask.o [1]
  .rodata             const    0x0803e034     0x14  apptask.o [1]
  .rodata             const    0x0803e048     0x14  apptask.o [1]
  .rodata             const    0x0803e05c     0x14  apptask.o [1]
  .rodata             const    0x0803e070     0x14  apptask.o [1]
  .rodata             const    0x0803e084     0x14  usbh_usr.o [1]
  .rodata             const    0x0803e098     0x14  usbh_usr.o [1]
  .rodata             const    0x0803e0ac     0x10  apptask.o [1]
  .rodata             const    0x0803e0bc     0x10  apptask.o [1]
  .rodata             const    0x0803e0cc     0x10  apptask.o [1]
  .rodata             const    0x0803e0dc     0x10  apptask.o [1]
  .rodata             const    0x0803e0ec     0x10  apptask.o [1]
  .rodata             const    0x0803e0fc     0x10  apptask.o [1]
  .rodata             const    0x0803e10c     0x10  apptask.o [1]
  .rodata             const    0x0803e11c     0x10  apptask.o [1]
  .rodata             const    0x0803e12c     0x10  ff.o [1]
  .rodata             const    0x0803e13c     0x10  main.o [1]
  .rodata             const    0x0803e14c     0x10  main.o [1]
  .rodata             const    0x0803e15c     0x10  usbh_usr.o [1]
  .rodata             const    0x0803e16c     0x10  usbh_usr.o [1]
  .text               ro code  0x0803e17c     0x10  startup_stm32f40_41xxx.o [1]
  .text               ro code  0x0803e18c     0x10  usbh_it.o [1]
  .rodata             const    0x0803e19c      0xc  apptask.o [1]
  .rodata             const    0x0803e1a8      0xc  apptask.o [1]
  .rodata             const    0x0803e1b4      0xc  apptask.o [1]
  .rodata             const    0x0803e1c0      0xc  apptask.o [1]
  .rodata             const    0x0803e1cc      0xc  apptask.o [1]
  .rodata             const    0x0803e1d8      0xc  apptask.o [1]
  .rodata             const    0x0803e1e4      0xc  apptask.o [1]
  .rodata             const    0x0803e1f0      0xc  apptask.o [1]
  .rodata             const    0x0803e1fc      0xc  apptask.o [1]
  .rodata             const    0x0803e208      0xc  apptask.o [1]
  .rodata             const    0x0803e214      0xc  apptask.o [1]
  .rodata             const    0x0803e220      0xc  apptask.o [1]
  .rodata             const    0x0803e22c      0xc  apptask.o [1]
  .rodata             const    0x0803e238      0xc  apptask.o [1]
  .rodata             const    0x0803e244      0xc  apptask.o [1]
  .rodata             const    0x0803e250      0xc  apptask.o [1]
  .rodata             const    0x0803e25c      0xc  apptask.o [1]
  .rodata             const    0x0803e268      0xc  apptask.o [1]
  .rodata             const    0x0803e274      0xc  apptask.o [1]
  .rodata             const    0x0803e280      0xc  bsp_sdwe050c17.o [1]
  .rodata             const    0x0803e28c      0xc  bsp_sdwe050c17.o [1]
  .rodata             const    0x0803e298      0xc  bsp_sdwe050c17.o [1]
  .rodata             const    0x0803e2a4      0xc  bsp_uart_fifo.o [1]
  .rodata             const    0x0803e2b0      0xc  demo_fatfs.o [1]
  .rodata             const    0x0803e2bc      0xc  ff.o [1]
  .text               ro code  0x0803e2c8      0xc  cstartup_M.o [5]
  .rodata             const    0x0803e2d4      0x8  apptask.o [1]
  .rodata             const    0x0803e2dc      0x8  apptask.o [1]
  .rodata             const    0x0803e2e4      0x8  apptask.o [1]
  .rodata             const    0x0803e2ec      0x8  apptask.o [1]
  .rodata             const    0x0803e2f4      0x8  apptask.o [1]
  .rodata             const    0x0803e2fc      0x8  apptask.o [1]
  .rodata             const    0x0803e304      0x8  apptask.o [1]
  .rodata             const    0x0803e30c      0x8  apptask.o [1]
  .rodata             const    0x0803e314      0x8  apptask.o [1]
  .rodata             const    0x0803e31c      0x8  bsp_w25qxx.o [1]
  .rodata             const    0x0803e324      0x8  ff.o [1]
  .rodata             const    0x0803e32c      0x8  malloc.o [1]
  .rodata             const    0x0803e334      0x8  malloc.o [1]
  .rodata             const    0x0803e33c      0x8  malloc.o [1]
  .rodata             const    0x0803e344      0x8  tasks.o [1]
  .rodata             const    0x0803e34c      0x8  timers.o [1]
  .rodata             const    0x0803e354      0x4  heap_4.o [1]
  .rodata             const    0x0803e358      0x4  port.o [1]
  .text               ro code  0x0803e35c      0x4  startup_stm32f40_41xxx.o [1]
  .text               ro code  0x0803e360      0x4  startup_stm32f40_41xxx.o [1]
  .text               ro code  0x0803e364      0x4  startup_stm32f40_41xxx.o [1]
  .text               ro code  0x0803e368      0x4  startup_stm32f40_41xxx.o [1]
  .text               ro code  0x0803e36c      0x4  startup_stm32f40_41xxx.o [1]
  .text               ro code  0x0803e370      0x4  startup_stm32f40_41xxx.o [1]
  .text               ro code  0x0803e374      0x4  startup_stm32f40_41xxx.o [1]
  .text               ro code  0x0803e378      0x4  startup_stm32f40_41xxx.o [1]
  .text               ro code  0x0803e37c      0x4  startup_stm32f40_41xxx.o [1]
  .text               ro code  0x0803e380      0x4  startup_stm32f40_41xxx.o [1]
  .text               ro code  0x0803e384      0x4  startup_stm32f40_41xxx.o [1]
  .text               ro code  0x0803e388      0x4  startup_stm32f40_41xxx.o [1]
  .text               ro code  0x0803e38c      0x4  startup_stm32f40_41xxx.o [1]
  .text               ro code  0x0803e390      0x4  startup_stm32f40_41xxx.o [1]
  .text               ro code  0x0803e394      0x4  startup_stm32f40_41xxx.o [1]
  .text               ro code  0x0803e398      0x4  startup_stm32f40_41xxx.o [1]
  .text               ro code  0x0803e39c      0x4  startup_stm32f40_41xxx.o [1]
  .text               ro code  0x0803e3a0      0x4  startup_stm32f40_41xxx.o [1]
  .text               ro code  0x0803e3a4      0x4  startup_stm32f40_41xxx.o [1]
  .text               ro code  0x0803e3a8      0x4  startup_stm32f40_41xxx.o [1]
  .text               ro code  0x0803e3ac      0x4  startup_stm32f40_41xxx.o [1]
  .text               ro code  0x0803e3b0      0x4  startup_stm32f40_41xxx.o [1]
  .text               ro code  0x0803e3b4      0x4  startup_stm32f40_41xxx.o [1]
  .text               ro code  0x0803e3b8      0x4  startup_stm32f40_41xxx.o [1]
  .text               ro code  0x0803e3bc      0x4  startup_stm32f40_41xxx.o [1]
  .text               ro code  0x0803e3c0      0x4  startup_stm32f40_41xxx.o [1]
  .text               ro code  0x0803e3c4      0x4  startup_stm32f40_41xxx.o [1]
  .text               ro code  0x0803e3c8      0x4  startup_stm32f40_41xxx.o [1]
  .text               ro code  0x0803e3cc      0x4  startup_stm32f40_41xxx.o [1]
  .text               ro code  0x0803e3d0      0x4  startup_stm32f40_41xxx.o [1]
  .text               ro code  0x0803e3d4      0x4  startup_stm32f40_41xxx.o [1]
  .text               ro code  0x0803e3d8      0x4  startup_stm32f40_41xxx.o [1]
  .text               ro code  0x0803e3dc      0x4  startup_stm32f40_41xxx.o [1]
  .text               ro code  0x0803e3e0      0x4  startup_stm32f40_41xxx.o [1]
  .text               ro code  0x0803e3e4      0x4  startup_stm32f40_41xxx.o [1]
  .text               ro code  0x0803e3e8      0x4  startup_stm32f40_41xxx.o [1]
  .text               ro code  0x0803e3ec      0x4  startup_stm32f40_41xxx.o [1]
  .text               ro code  0x0803e3f0      0x4  startup_stm32f40_41xxx.o [1]
  .text               ro code  0x0803e3f4      0x4  startup_stm32f40_41xxx.o [1]
  .text               ro code  0x0803e3f8      0x4  startup_stm32f40_41xxx.o [1]
  .text               ro code  0x0803e3fc      0x4  startup_stm32f40_41xxx.o [1]
  .text               ro code  0x0803e400      0x4  startup_stm32f40_41xxx.o [1]
  .text               ro code  0x0803e404      0x4  startup_stm32f40_41xxx.o [1]
  .text               ro code  0x0803e408      0x4  startup_stm32f40_41xxx.o [1]
  .text               ro code  0x0803e40c      0x4  startup_stm32f40_41xxx.o [1]
  .text               ro code  0x0803e410      0x4  startup_stm32f40_41xxx.o [1]
  .text               ro code  0x0803e414      0x4  startup_stm32f40_41xxx.o [1]
  .text               ro code  0x0803e418      0x4  startup_stm32f40_41xxx.o [1]
  .text               ro code  0x0803e41c      0x4  startup_stm32f40_41xxx.o [1]
  .text               ro code  0x0803e420      0x4  startup_stm32f40_41xxx.o [1]
  .text               ro code  0x0803e424      0x4  startup_stm32f40_41xxx.o [1]
  .text               ro code  0x0803e428      0x4  startup_stm32f40_41xxx.o [1]
  .text               ro code  0x0803e42c      0x4  startup_stm32f40_41xxx.o [1]
  .text               ro code  0x0803e430      0x4  startup_stm32f40_41xxx.o [1]
  .text               ro code  0x0803e434      0x4  startup_stm32f40_41xxx.o [1]
  .text               ro code  0x0803e438      0x4  startup_stm32f40_41xxx.o [1]
  .text               ro code  0x0803e43c      0x4  startup_stm32f40_41xxx.o [1]
  .text               ro code  0x0803e440      0x4  startup_stm32f40_41xxx.o [1]
  .text               ro code  0x0803e444      0x4  startup_stm32f40_41xxx.o [1]
  .text               ro code  0x0803e448      0x4  startup_stm32f40_41xxx.o [1]
  .text               ro code  0x0803e44c      0x4  startup_stm32f40_41xxx.o [1]
  .text               ro code  0x0803e450      0x4  startup_stm32f40_41xxx.o [1]
  .text               ro code  0x0803e454      0x4  startup_stm32f40_41xxx.o [1]
  .text               ro code  0x0803e458      0x4  startup_stm32f40_41xxx.o [1]
  .text               ro code  0x0803e45c      0x4  startup_stm32f40_41xxx.o [1]
  .text               ro code  0x0803e460      0x4  startup_stm32f40_41xxx.o [1]
  .text               ro code  0x0803e464      0x4  startup_stm32f40_41xxx.o [1]
  .text               ro code  0x0803e468      0x4  startup_stm32f40_41xxx.o [1]
  .text               ro code  0x0803e46c      0x4  startup_stm32f40_41xxx.o [1]
  .text               ro code  0x0803e470      0x4  startup_stm32f40_41xxx.o [1]
  .text               ro code  0x0803e474      0x4  startup_stm32f40_41xxx.o [1]
  .rodata             const    0x0803e478      0x0  zero_init3.o [5]
  .rodata             const    0x0803e478      0x0  copy_init3.o [5]
  Initializer bytes   const    0x0803e478    0x1b8  <for P2 s0>
                             - 0x0803e630  0x3e4a8

"P2":                                      0x1f5d8
  P2 s0                        0x20000000    0x1b8  <Init block>
    __DLIB_PERTHREAD  inited   0x20000000     0x88  localeconv.o [3]
    .data             inited   0x20000088     0x50  demo_fatfs.o [1]
    .data             inited   0x200000d8     0x48  usbh_usr.o [1]
    .data             inited   0x20000120     0x40  xfiles.o [3]
    .data             inited   0x20000160     0x1c  malloc.o [1]
    .data             inited   0x2000017c     0x10  stm32f4xx_rcc.o [1]
    .data             inited   0x2000018c     0x10  usbh_msc_core.o [1]
    .data             inited   0x2000019c      0xc  usbh_core.o [1]
    .data             inited   0x200001a8      0x4  port.o [1]
    .data             inited   0x200001ac      0x4  system_stm32f4xx.o [1]
    .data             inited   0x200001b0      0x4  usbh_core.o [1]
    .data             inited   0x200001b4      0x2  bsp_w25qxx.o [1]
    .data             inited   0x200001b6      0x1  usbh_msc_scsi.o [1]
  .bss                zero     0x200001b8  0x11800  heap_4.o [1]
  .bss                zero     0x200119b8   0xa000  malloc.o [1]
  .bss                zero     0x2001b9b8   0x1000  bsp_w25qxx.o [1]
  .bss                zero     0x2001c9b8    0xa00  malloc.o [1]
  .bss                zero     0x2001d3b8    0x5ac  usbh_usr.o [1]
  .bss                zero     0x2001d964    0x5ac  usbh_usr.o [1]
  .bss                zero     0x2001df10    0x200  ff.o [1]
  .bss                zero     0x2001e110    0x200  usbh_msc_scsi.o [1]
  .bss                zero     0x2001e310    0x200  usbh_stdreq.o [1]
  .bss                zero     0x2001e510     0xc8  tasks.o [1]
  .bss                zero     0x2001e5d8     0xa4  protocol.o [1]
  .bss                zero     0x2001e67c     0x94  usbh_usr.o [1]
  .bss                zero     0x2001e710     0x78  product_cal.o [1]
  .bss                zero     0x2001e788     0x70  protocol.o [1]
  .bss                zero     0x2001e7f8     0x64  bsp_uart_fifo.o [1]
  .bss                zero     0x2001e85c     0x64  bsp_uart_fifo.o [1]
  .bss                zero     0x2001e8c0     0x64  bsp_uart_fifo.o [1]
  .bss                zero     0x2001e924     0x4c  usbh_msc_core.o [1]
  .bss                zero     0x2001e970     0x58  bsp_sdio_sd.o [1]
  .bss                zero     0x2001e9c8     0x50  protocol.o [1]
  .bss                zero     0x2001ea18     0x50  xfiles.o [3]
  .bss                zero     0x2001ea68     0x34  bsp_sdwe050c17.o [1]
  .bss                zero     0x2001ea9c     0x34  para.o [1]
  .bss                zero     0x2001ead0     0x28  bsp_uart_fifo.o [1]
  .bss                zero     0x2001eaf8     0x24  ff.o [1]
  .bss                zero     0x2001eb1c     0x20  usbh_msc_bot.o [1]
  .bss                zero     0x2001eb3c     0x18  bsp_sdio_sd.o [1]
  .bss                zero     0x2001eb54     0x18  bsp_sdio_sd.o [1]
  .bss                zero     0x2001eb6c     0x14  bsp_sdio_sd.o [1]
  .bss                zero     0x2001eb80     0x14  rc522.o [1]
  .bss                zero     0x2001eb94     0x14  tasks.o [1]
  .bss                zero     0x2001eba8     0x14  tasks.o [1]
  .bss                zero     0x2001ebbc     0x14  tasks.o [1]
  .bss                zero     0x2001ebd0     0x14  tasks.o [1]
  .bss                zero     0x2001ebe4     0x14  tasks.o [1]
  .bss                zero     0x2001ebf8     0x14  timers.o [1]
  .bss                zero     0x2001ec0c     0x14  timers.o [1]
  .bss                zero     0x2001ec20     0x10  bsp_sdio_sd.o [1]
  .bss                zero     0x2001ec30     0x10  bsp_sdio_sd.o [1]
  .bss                zero     0x2001ec40     0x10  usbh_msc_bot.o [1]
  .bss                zero     0x2001ec50     0x10  usbh_msc_bot.o [1]
  .bss                zero     0x2001ec60     0x10  usbh_msc_scsi.o [1]
  .bss                zero     0x2001ec70      0xc  apptask.o [1]
  .bss                zero     0x2001ec7c      0xc  apptask.o [1]
  .bss                zero     0x2001ec88      0xc  ff.o [1]
  .bss                zero     0x2001ec94      0xc  protocol.o [1]
  .bss                zero     0x2001eca0      0xc  protocol.o [1]
  .bss                zero     0x2001ecac      0xc  protocol.o [1]
  .bss                zero     0x2001ecb8      0x8  heap_4.o [1]
  .bss                zero     0x2001ecc0      0x8  modbus.o [1]
  .bss                zero     0x2001ecc8      0x8  protocol.o [1]
  .bss                zero     0x2001ecd0      0x4  apptask.o [1]
  .bss                zero     0x2001ecd4      0x4  apptask.o [1]
  .bss                zero     0x2001ecd8      0x4  apptask.o [1]
  .bss                zero     0x2001ecdc      0x4  apptask.o [1]
  .bss                zero     0x2001ece0      0x4  apptask.o [1]
  .bss                zero     0x2001ece4      0x4  apptask.o [1]
  .bss                zero     0x2001ece8      0x4  apptask.o [1]
  .bss                zero     0x2001ecec      0x4  apptask.o [1]
  .bss                zero     0x2001ecf0      0x4  apptask.o [1]
  .bss                zero     0x2001ecf4      0x4  apptask.o [1]
  .bss                zero     0x2001ecf8      0x4  apptask.o [1]
  .bss                zero     0x2001ecfc      0x4  apptask.o [1]
  .bss                zero     0x2001ed00      0x4  apptask.o [1]
  .bss                zero     0x2001ed04      0x4  apptask.o [1]
  .bss                zero     0x2001ed08      0x4  apptask.o [1]
  .bss                zero     0x2001ed0c      0x4  apptask.o [1]
  .bss                zero     0x2001ed10      0x4  apptask.o [1]
  .bss                zero     0x2001ed14      0x4  bsp_sdio_sd.o [1]
  .bss                zero     0x2001ed18      0x4  bsp_sdio_sd.o [1]
  .bss                zero     0x2001ed1c      0x4  bsp_sdio_sd.o [1]
  .bss                zero     0x2001ed20      0x4  bsp_sdio_sd.o [1]
  .bss                zero     0x2001ed24      0x4  bsp_sdio_sd.o [1]
  .bss                zero     0x2001ed28      0x4  bsp_timer.o [1]
  .bss                zero     0x2001ed2c      0x4  bsp_timer.o [1]
  .bss                zero     0x2001ed30      0x4  bsp_timer.o [1]
  .bss                zero     0x2001ed34      0x4  bsp_timer.o [1]
  .bss                zero     0x2001ed38      0x4  heap_4.o [1]
  .bss                zero     0x2001ed3c      0x4  heap_4.o [1]
  .bss                zero     0x2001ed40      0x4  heap_4.o [1]
  .bss                zero     0x2001ed44      0x4  heap_4.o [1]
  .bss                zero     0x2001ed48      0x4  port.o [1]
  .bss                zero     0x2001ed4c      0x4  SysInfoTest.o [1]
  .bss                zero     0x2001ed50      0x4  tasks.o [1]
  .bss                zero     0x2001ed54      0x4  tasks.o [1]
  .bss                zero     0x2001ed58      0x4  tasks.o [1]
  .bss                zero     0x2001ed5c      0x4  tasks.o [1]
  .bss                zero     0x2001ed60      0x4  tasks.o [1]
  .bss                zero     0x2001ed64      0x4  tasks.o [1]
  .bss                zero     0x2001ed68      0x4  tasks.o [1]
  .bss                zero     0x2001ed6c      0x4  tasks.o [1]
  .bss                zero     0x2001ed70      0x4  tasks.o [1]
  .bss                zero     0x2001ed74      0x4  tasks.o [1]
  .bss                zero     0x2001ed78      0x4  tasks.o [1]
  .bss                zero     0x2001ed7c      0x4  tasks.o [1]
  .bss                zero     0x2001ed80      0x4  tasks.o [1]
  .bss                zero     0x2001ed84      0x4  tasks.o [1]
  .bss                zero     0x2001ed88      0x4  tasks.o [1]
  .bss                zero     0x2001ed8c      0x4  tasks.o [1]
  .bss                zero     0x2001ed90      0x4  timers.o [1]
  .bss                zero     0x2001ed94      0x4  timers.o [1]
  .bss                zero     0x2001ed98      0x4  timers.o [1]
  .bss                zero     0x2001ed9c      0x4  timers.o [1]
  .bss                zero     0x2001eda0      0x4  usbh_msc_bot.o [1]
  .bss                zero     0x2001eda4      0x4  usbh_msc_bot.o [1]
  .bss                zero     0x2001eda8      0x4  usbh_msc_bot.o [1]
  .bss                zero     0x2001edac      0x4  usbh_msc_bot.o [1]
  .bss                zero     0x2001edb0      0x2  apptask.o [1]
  .bss                zero     0x2001edb2      0x2  apptask.o [1]
  .bss                zero     0x2001edb4      0x2  apptask.o [1]
  .bss                zero     0x2001edb6      0x2  bsp_sdwe050c17.o [1]
  .bss                zero     0x2001edb8      0x2  ff.o [1]
  .bss                zero     0x2001edba      0x2  usbh_core.o [1]
  .bss                zero     0x2001edbc      0x2  usbh_stdreq.o [1]
  .bss                zero     0x2001edbe      0x1  apptask.o [1]
  .bss                zero     0x2001edbf      0x1  apptask.o [1]
  .bss                zero     0x2001edc0      0x1  apptask.o [1]
  .bss                zero     0x2001edc1      0x1  apptask.o [1]
  .bss                zero     0x2001edc2      0x1  apptask.o [1]
  .bss                zero     0x2001edc3      0x1  apptask.o [1]
  .bss                zero     0x2001edc4      0x1  apptask.o [1]
  .bss                zero     0x2001edc5      0x1  apptask.o [1]
  .bss                zero     0x2001edc6      0x1  bsp_sdio_sd.o [1]
  .bss                zero     0x2001edc7      0x1  bsp_sdwe050c17.o [1]
  .bss                zero     0x2001edc8      0x1  bsp_uart_fifo.o [1]
  .bss                zero     0x2001edc9      0x1  port.o [1]
  .bss                zero     0x2001edca      0x1  protocol.o [1]
  .bss                zero     0x2001edcb      0x1  rc522.o [1]
  .bss                zero     0x2001edcc      0x1  rc522.o [1]
  .bss                zero     0x2001edcd      0x1  usbh_msc_bot.o [1]
  .bss                zero     0x2001edce      0x1  usbh_msc_core.o [1]
  .bss                zero     0x2001edcf      0x1  usbh_msc_core.o [1]
  .bss                zero     0x2001edd0      0x1  usbh_stdreq.o [1]
  .bss                zero     0x2001edd1      0x1  usbh_usr.o [1]
  CSTACK                       0x2001edd8    0x800  <Block>
    CSTACK            uninit   0x2001edd8    0x800  <Block tail>
                             - 0x2001f5d8  0x1f5d8

Absolute sections:                         0xff000
  .bss                zero     0x68000000  0xf0000  malloc.o [1]
  .bss                zero     0x680f0000   0xf000  malloc.o [1]
                             - 0x680ff000  0xff000


*******************************************************************************
*** INIT TABLE
***

          Address     Size
          -------     ----
Zero (__iar_zero_init3)
    2 destination ranges, total size 0x11dc1a:
          0x200001b8  0x1ec1a
          0x68000000  0xff000

Copy (__iar_copy_init3)
    1 source range, total size 0x1b8 (100% of destination):
          0x0803e478    0x1b8
    1 destination range, total size 0x1b7:
          0x20000000    0x1b7



*******************************************************************************
*** MODULE SUMMARY
***

    Module                    ro code  ro data  rw data    rw data
                                                            (abs)
    ------                    -------  -------  -------    -------
E:\WORK\YarnControl_Driver\YarnControl_Driver\src\stm32f4_rtos\Project\EWARMv7\Flash\Obj: [1]
    SysInfoTest.o                  60                 4
    apptask.o                  11 380    1 540      106
    bsp.o                          80
    bsp_closeSW.o                 212
    bsp_dwt.o                     116
    bsp_led.o                     192
    bsp_sdio_sd.o               6 744               209
    bsp_sdwe050c17.o            2 116       68       55
    bsp_servomotor.o              196
    bsp_spi.o                     292
    bsp_stepmotor.o               540
    bsp_sw_onoff.o                104
    bsp_tim_pwm.o                 736
    bsp_timer.o                   516                16
    bsp_uart_fifo.o             2 736       12      341
    bsp_w25qxx.o                  880       10    4 098
    bsp_watchdog.o                  8
    cc936.o                       244  176 320
    demo_fatfs.o                           772       80
    diskio.o                      740
    event_groups.o                610
    ff.o                        8 804       36      562
    heap_4.o                      640        4   71 704
    list.o                        152
    main.o                         52       32
    malloc.o                      540       52   43 548  1 044 480
    mcheck.o                      184      768
    misc.o                        136
    modbus.o                      852                 8
    para.o                        412                52
    port.o                        588        8        9
    portasm.o                     168
    product_cal.o                 976               120
    protocol.o                     68               401
    queue.o                     1 992
    rc522.o                       174                22
    startup_stm32f40_41xxx.o      692
    stm32f4xx_dma.o               692
    stm32f4xx_exti.o              192
    stm32f4xx_gpio.o              300
    stm32f4xx_it.o                 56       44
    stm32f4xx_iwdg.o               16
    stm32f4xx_rcc.o               452       16       16
    stm32f4xx_sdio.o              380
    stm32f4xx_spi.o               116
    stm32f4xx_syscfg.o             84
    stm32f4xx_tim.o               748
    stm32f4xx_usart.o             558
    system_stm32f4xx.o            340        4        4
    tasks.o                     3 072        8      364
    timers.o                    1 188        8       56
    usb_bsp.o                     332
    usb_core.o                  2 640
    usb_hcd.o                     214
    usb_hcd_int.o               3 198
    usbh_core.o                 1 888       16       18
    usbh_hcs.o                    442
    usbh_ioreq.o                  582
    usbh_it.o                      16
    usbh_msc_bot.o              1 364                81
    usbh_msc_core.o             1 000       16       94
    usbh_msc_scsi.o             1 560        1      529
    usbh_stdreq.o               1 078               515
    usbh_usr.o                    438      628    3 125
    --------------------------------------------------------------
    Total:                     67 878  180 363  126 137  1 044 480

command line: [2]
    --------------------------------------------------------------
    Total:

dl7M_tlf.a: [3]
    div.o                          14
    exit.o                          4
    localeconv.o                  108      136      136
    printf.o                       36
    putchar.o                      12
    sprintf.o                      52
    strcat.o                       28
    strstr.o                       44
    xfiles.o                                64      144
    xprintffull_nomb.o          3 478
    xprout.o                       22
    xsprout.o                      10
    --------------------------------------------------------------
    Total:                      3 808      200      280

m7M_tls.a: [4]
    DblAdd.o                      212
    DblCmpGe.o                     46
    DblCmpLe.o                     46
    DblDiv.o                      598
    DblMul.o                      418
    DblSub.o                      384
    DblToI32.o                     88
    FltToDbl.o                     78
    I32ToDbl.o                     48
    fpinit_M.o                     34
    xdnorm.o                       66
    xdscale.o                     276
    --------------------------------------------------------------
    Total:                      2 294

rt7M_tl.a: [5]
    ABImemcpy_unaligned.o         118
    ABImemset.o                   102
    I64DivMod.o                   238
    I64DivZer.o                     2
    cexit.o                        10
    cmain.o                        26
    copy_init3.o                   44
    cstartup_M.o                   12
    data_init.o                    40
    memchr.o                       88
    strchr.o                       22
    strcmp_unaligned.o             66
    strlen.o                       54
    zero_init3.o                   64
    --------------------------------------------------------------
    Total:                        886

shb_l.a: [6]
    exit.o                         20
    --------------------------------------------------------------
    Total:                         20

    Gaps                           40        2
    Linker created                          45    2 048
------------------------------------------------------------------
    Grand Total:               74 926  180 610  128 465  1 044 480


*******************************************************************************
*** ENTRY LIST
***

Entry                      Address     Size  Type      Object
-----                      -------     ----  ----      ------
.iar.init_table$$Base   0x0803db14            --   Gb  - Linker created -
.iar.init_table$$Limit  0x0803db40            --   Gb  - Linker created -
?main                   0x0803de29           Code  Gb  cmain.o [5]
APBAHBPrescTable        0x2000017c     0x10  Data  Lc  stm32f4xx_rcc.o [1]
AppObjCreate            0x0802d2bd    0x122  Code  Gb  apptask.o [1]
AppTaskCreate           0x0802d179    0x126  Code  Gb  apptask.o [1]
BOTStallErrorCount      0x2001eda0      0x4  Data  Lc  usbh_msc_bot.o [1]
BusFault_Handler        0x0803d83f      0x2  Code  Gb  stm32f4xx_it.o [1]
CID_Tab                 0x2001ec30     0x10  Data  Lc  bsp_sdio_sd.o [1]
CRC16HiTable            0x0803d15c    0x100  Data  Gb  mcheck.o [1]
CRC16LoTable            0x0803d25c    0x100  Data  Gb  mcheck.o [1]
CRC8Table               0x0803d35c    0x100  Data  Gb  mcheck.o [1]
CSD_Tab                 0x2001ec20     0x10  Data  Lc  bsp_sdio_sd.o [1]
CSTACK$$Base            0x2001edd8            --   Gb  - Linker created -
CSTACK$$Limit           0x2001f5d8            --   Gb  - Linker created -
CardType                0x2001ed14      0x4  Data  Lc  bsp_sdio_sd.o [1]
CmdError                0x080398ad     0x38  Code  Lc  bsp_sdio_sd.o [1]
CmdResp1Error           0x08039951    0x112  Code  Lc  bsp_sdio_sd.o [1]
CmdResp2Error           0x08039aa1     0x52  Code  Lc  bsp_sdio_sd.o [1]
CmdResp3Error           0x08039a63     0x3e  Code  Lc  bsp_sdio_sd.o [1]
CmdResp6Error           0x08039af3     0xa6  Code  Lc  bsp_sdio_sd.o [1]
CmdResp7Error           0x080398e5     0x58  Code  Lc  bsp_sdio_sd.o [1]
ConfigExitNVIC          0x0803d4c7     0x22  Code  Gb  bsp_closeSW.o [1]
ConfigUartNVIC          0x08034665     0x9a  Code  Lc  bsp_uart_fifo.o [1]
DMA2_Stream3_IRQHandler
                        0x0803a195      0x8  Code  Gb  bsp_sdio_sd.o [1]
DMAEndOfTransfer        0x2001ed24      0x4  Data  Gb  bsp_sdio_sd.o [1]
DMA_ClearFlag           0x080373ff     0x24  Code  Gb  stm32f4xx_dma.o [1]
DMA_Cmd                 0x080373b5     0x1a  Code  Gb  stm32f4xx_dma.o [1]
DMA_DeInit              0x0803721d    0x140  Code  Gb  stm32f4xx_dma.o [1]
DMA_FlowControllerConfig
                        0x080373cf     0x18  Code  Gb  stm32f4xx_dma.o [1]
DMA_GetCmdStatus        0x080373e7     0x18  Code  Gb  stm32f4xx_dma.o [1]
DMA_ITConfig            0x08037423     0x42  Code  Gb  stm32f4xx_dma.o [1]
DMA_Init                0x0803735d     0x58  Code  Gb  stm32f4xx_dma.o [1]
DebugMon_Handler        0x0803d843      0x2  Code  Gb  stm32f4xx_it.o [1]
DiskFile_init           0x08033255     0x40  Code  Gb  protocol.o [1]
Disk_File               0x2001e788     0x70  Data  Gb  protocol.o [1]
EXTI9_5_IRQHandler      0x0803d4e9     0x3c  Code  Gb  bsp_closeSW.o [1]
EXTI_ClearITPendingBit  0x0803d627      0x6  Code  Gb  stm32f4xx_exti.o [1]
EXTI_GetITStatus        0x0803d60d     0x1a  Code  Gb  stm32f4xx_exti.o [1]
EXTI_Init               0x0803d585     0x88  Code  Gb  stm32f4xx_exti.o [1]
FR_Table                0x20000088     0x50  Data  Gb  demo_fatfs.o [1]
FatFs                   0x2001ec88      0xc  Data  Lc  ff.o [1]
File_info               0x2001e9c8     0x50  Data  Gb  protocol.o [1]
Files                   0x2001eaf8     0x24  Data  Lc  ff.o [1]
FindSCR                 0x08039d41    0x206  Code  Lc  bsp_sdio_sd.o [1]
Fsid                    0x2001edb8      0x2  Data  Lc  ff.o [1]
GPIO_Init               0x080340e1     0xaa  Code  Gb  stm32f4xx_gpio.o [1]
GPIO_PinAFConfig        0x080341b3     0x5a  Code  Gb  stm32f4xx_gpio.o [1]
GPIO_ReadInputDataBit   0x0803418b     0x1a  Code  Gb  stm32f4xx_gpio.o [1]
GPIO_WriteBit           0x080341a5      0xe  Code  Gb  stm32f4xx_gpio.o [1]
GetDeviceState          0x08033221     0x2e  Code  Gb  bsp_sw_onoff.o [1]
HCD_GetCurrentFrame     0x08036175      0x8  Code  Gb  usb_hcd.o [1]
HCD_GetCurrentSpeed     0x08036157     0x10  Code  Gb  usb_hcd.o [1]
HCD_GetURB_State        0x0803617d      0xa  Code  Gb  usb_hcd.o [1]
HCD_GetXferCnt          0x08036187      0xc  Code  Gb  usb_hcd.o [1]
HCD_Init                0x080360e5     0x72  Code  Gb  usb_hcd.o [1]
HCD_ResetPort           0x08036167      0xe  Code  Gb  usb_hcd.o [1]
HCD_SubmitRequest       0x08036193     0x28  Code  Gb  usb_hcd.o [1]
HardFault_Handler       0x0803d80f     0x22  Code  Gb  stm32f4xx_it.o [1]
IWDG_Feed               0x080339b1      0x8  Code  Gb  bsp_watchdog.o [1]
IWDG_ReloadCounter      0x08036ead      0xa  Code  Gb  stm32f4xx_iwdg.o [1]
InitHardUart            0x0803427f    0x3e6  Code  Lc  bsp_uart_fifo.o [1]
Init_JINGSHA_GUI        0x0802eafb     0xd6  Code  Gb  bsp_sdwe050c17.o [1]
LfnBuf                  0x2001df10    0x200  Data  Lc  ff.o [1]
LfnOfs                  0x0803e12c     0x10  Data  Lc  ff.o [1]
LoadInt                 0x0803578d     0x6e  Code  Lc  xprintffull_nomb.o [3]
MSCErrorCount           0x2001edce      0x1  Data  Gb  usbh_msc_core.o [1]
MSC_Machine             0x2001e924     0x4c  Data  Gb  usbh_msc_core.o [1]
MSG_DEV_ATTACHED        0x0803dfb8     0x18  Data  Gb  usbh_usr.o [1]
MSG_DEV_DISCONNECTED    0x0803dfd0     0x18  Data  Gb  usbh_usr.o [1]
MSG_DEV_ENUMERATED      0x0803ddd4     0x1c  Data  Gb  usbh_usr.o [1]
MSG_DEV_ERROR           0x0803e098     0x14  Data  Gb  usbh_usr.o [1]
MSG_DEV_FULLSPEED       0x0803dc60     0x20  Data  Gb  usbh_usr.o [1]
MSG_DEV_HIGHSPEED       0x0803dc40     0x20  Data  Gb  usbh_usr.o [1]
MSG_DEV_LOWSPEED        0x0803dc80     0x20  Data  Gb  usbh_usr.o [1]
MSG_HID_CLASS           0x0803ddf0     0x1c  Data  Gb  usbh_usr.o [1]
MSG_MSC_CLASS           0x0803dacc     0x24  Data  Gb  usbh_usr.o [1]
MSG_UNREC_ERROR         0x0803de0c     0x1c  Data  Gb  usbh_usr.o [1]
MemManage_Handler       0x0803d83d      0x2  Code  Gb  stm32f4xx_it.o [1]
NMI_Handler             0x0803d80d      0x2  Code  Gb  stm32f4xx_it.o [1]
NVIC_Init               0x0803719f     0x6a  Code  Gb  misc.o [1]
NVIC_PriorityGroupConfig
                        0x08037195      0xa  Code  Gb  misc.o [1]
OTG_FS_IRQHandler       0x0803e18d     0x10  Code  Gb  usbh_it.o [1]
PendSV_Handler          0x08036ebd           Code  Gb  portasm.o [1]
RCA                     0x2001ed18      0x4  Data  Lc  bsp_sdio_sd.o [1]
RCC_AHB1PeriphClockCmd  0x0803401f     0x22  Code  Gb  stm32f4xx_rcc.o [1]
RCC_AHB2PeriphClockCmd  0x08034041     0x1e  Code  Gb  stm32f4xx_rcc.o [1]
RCC_APB1PeriphClockCmd  0x0803405f     0x1e  Code  Gb  stm32f4xx_rcc.o [1]
RCC_APB2PeriphClockCmd  0x0803407d     0x1e  Code  Gb  stm32f4xx_rcc.o [1]
RCC_APB2PeriphResetCmd  0x0803409b     0x1e  Code  Gb  stm32f4xx_rcc.o [1]
RCC_GetClocksFreq       0x08033f1d    0x102  Code  Gb  stm32f4xx_rcc.o [1]
RS485_InitTXE           0x0803424b     0x34  Code  Gb  bsp_uart_fifo.o [1]
RS485_sendbuf           0x08034b3f     0x3c  Code  Gb  bsp_uart_fifo.o [1]
Region$$Table$$Base     0x0803db14            --   Gb  - Linker created -
Region$$Table$$Limit    0x0803db40            --   Gb  - Linker created -
SDCardInfo              0x2001e970     0x58  Data  Gb  bsp_sdio_sd.o [1]
SDEnWideBus             0x08039ba5    0x198  Code  Lc  bsp_sdio_sd.o [1]
SDIO_ClearFlag          0x0803aef5      0x6  Code  Gb  stm32f4xx_sdio.o [1]
SDIO_ClearITPendingBit  0x0803af15      0x6  Code  Gb  stm32f4xx_sdio.o [1]
SDIO_ClockCmd           0x0803ae23      0x8  Code  Gb  stm32f4xx_sdio.o [1]
SDIO_CmdInitStructure   0x2001eb6c     0x14  Data  Gb  bsp_sdio_sd.o [1]
SDIO_DMACmd             0x0803aeb5      0x8  Code  Gb  stm32f4xx_sdio.o [1]
SDIO_DataConfig         0x0803ae81     0x2e  Code  Gb  stm32f4xx_sdio.o [1]
SDIO_DataInitStructure  0x2001eb54     0x18  Data  Gb  bsp_sdio_sd.o [1]
SDIO_DeInit             0x0803ade1     0x18  Code  Gb  stm32f4xx_sdio.o [1]
SDIO_GetCommandResponse
                        0x0803ae63      0x8  Code  Gb  stm32f4xx_sdio.o [1]
SDIO_GetFlagStatus      0x0803aedb     0x1a  Code  Gb  stm32f4xx_sdio.o [1]
SDIO_GetITStatus        0x0803aefb     0x1a  Code  Gb  stm32f4xx_sdio.o [1]
SDIO_GetPowerState      0x0803ae31      0xa  Code  Gb  stm32f4xx_sdio.o [1]
SDIO_GetResponse        0x0803ae6b     0x16  Code  Gb  stm32f4xx_sdio.o [1]
SDIO_IRQHandler         0x0803a18d      0x8  Code  Gb  bsp_sdio_sd.o [1]
SDIO_ITConfig           0x0803aebd     0x1e  Code  Gb  stm32f4xx_sdio.o [1]
SDIO_Init               0x0803adf9     0x2a  Code  Gb  stm32f4xx_sdio.o [1]
SDIO_InitStructure      0x2001eb3c     0x18  Data  Gb  bsp_sdio_sd.o [1]
SDIO_Interrupts_Config  0x0803a151     0x3c  Code  Gb  bsp_sdio_sd.o [1]
SDIO_ReadData           0x0803aeaf      0x6  Code  Gb  stm32f4xx_sdio.o [1]
SDIO_SendCommand        0x0803ae3b     0x28  Code  Gb  stm32f4xx_sdio.o [1]
SDIO_SetPowerState      0x0803ae2b      0x6  Code  Gb  stm32f4xx_sdio.o [1]
SDWE_WARNNING           0x0802ed41     0x2a  Code  Gb  bsp_sdwe050c17.o [1]
SD_Detect               0x08038849     0x22  Code  Gb  bsp_sdio_sd.o [1]
SD_EnableWideBusOperation
                        0x08039045     0xc8  Code  Gb  bsp_sdio_sd.o [1]
SD_GetCardInfo          0x08038c59    0x3ec  Code  Gb  bsp_sdio_sd.o [1]
SD_GetState             0x0803881f     0x2a  Code  Gb  bsp_sdio_sd.o [1]
SD_GetStatus            0x080387fd     0x22  Code  Gb  bsp_sdio_sd.o [1]
SD_Init                 0x08038745     0xb8  Code  Gb  bsp_sdio_sd.o [1]
SD_InitializeCards      0x08038ab7    0x1a2  Code  Gb  bsp_sdio_sd.o [1]
SD_LowLevel_DMA_RxConfig
                        0x0803a09b     0x8e  Code  Gb  bsp_sdio_sd.o [1]
SD_LowLevel_DMA_TxConfig
                        0x0803a00d     0x8e  Code  Gb  bsp_sdio_sd.o [1]
SD_LowLevel_Init        0x08039f49     0xbc  Code  Gb  bsp_sdio_sd.o [1]
SD_PowerON              0x0803886b    0x24c  Code  Gb  bsp_sdio_sd.o [1]
SD_ProcessDMAIRQ        0x08039889     0x22  Code  Gb  bsp_sdio_sd.o [1]
SD_ProcessIRQSrc        0x080397db     0xae  Code  Gb  bsp_sdio_sd.o [1]
SD_ReadBlock            0x08039145    0x108  Code  Gb  bsp_sdio_sd.o [1]
SD_ReadMultiBlocks      0x0803924d    0x134  Code  Gb  bsp_sdio_sd.o [1]
SD_SelectDeselect       0x0803910d     0x38  Code  Gb  bsp_sdio_sd.o [1]
SD_SendStatus           0x0803976d     0x6e  Code  Gb  bsp_sdio_sd.o [1]
SD_StopTransfer         0x08039725     0x44  Code  Gb  bsp_sdio_sd.o [1]
SD_WaitReadOperation    0x08039385     0x96  Code  Gb  bsp_sdio_sd.o [1]
SD_WriteBlock           0x08039425    0x11e  Code  Gb  bsp_sdio_sd.o [1]
SD_WriteMultiBlocks     0x08039551    0x1cc  Code  Gb  bsp_sdio_sd.o [1]
SPI1_Init               0x080350dd     0xc0  Code  Gb  bsp_spi.o [1]
SPI1_ReadWriteByte      0x080351c5     0x32  Code  Gb  bsp_spi.o [1]
SPI1_SetSpeed           0x0803519d     0x28  Code  Gb  bsp_spi.o [1]
SPI_Cmd                 0x08037511     0x1c  Code  Gb  stm32f4xx_spi.o [1]
SPI_I2S_GetFlagStatus   0x0803752d     0x18  Code  Gb  stm32f4xx_spi.o [1]
SPI_Init                0x080374d1     0x40  Code  Gb  stm32f4xx_spi.o [1]
SVC_Handler             0x08036f15           Code  Gb  portasm.o [1]
SYSCFG_EXTILineConfig   0x0803d531     0x50  Code  Gb  stm32f4xx_syscfg.o [1]
Sdwe_ClearReadDisk      0x0802ee17     0x1c  Code  Gb  bsp_sdwe050c17.o [1]
Sdwe_clearString        0x0802ed6b     0x54  Code  Gb  bsp_sdwe050c17.o [1]
Sdwe_clear_filename     0x0802ee6d     0x2a  Code  Gb  bsp_sdwe050c17.o [1]
Sdwe_disDigi            0x0802ec1b     0xa4  Code  Gb  bsp_sdwe050c17.o [1]
Sdwe_disPicture         0x0802ebd1     0x4a  Code  Gb  bsp_sdwe050c17.o [1]
Sdwe_disString          0x0802ecbf     0x82  Code  Gb  bsp_sdwe050c17.o [1]
Sdwe_peiliao_page       0x0802f195     0xf4  Code  Gb  bsp_sdwe050c17.o [1]
Sdwe_product_page       0x0802eff7    0x19e  Code  Gb  bsp_sdwe050c17.o [1]
Sdwe_readRTC            0x0802ee33     0x3a  Code  Gb  bsp_sdwe050c17.o [1]
Sdwe_refresh_allname    0x0802efaf     0x48  Code  Gb  bsp_sdwe050c17.o [1]
Sdwe_refresh_filename   0x0802ee97    0x118  Code  Gb  bsp_sdwe050c17.o [1]
Sdwe_writeIcon          0x0802edbf     0x58  Code  Gb  bsp_sdwe050c17.o [1]
SetSysClock             0x0803d05b     0xce  Code  Lc  system_stm32f4xx.o [1]
SlavePara               0x2001e5d8     0xa4  Data  Gb  protocol.o [1]
StopCondition           0x2001ed1c      0x4  Data  Gb  bsp_sdio_sd.o [1]
SysTick_Handler         0x08033b3f     0x2c  Code  Gb  port.o [1]
SystemCoreClock         0x200001ac      0x4  Data  Gb  system_stm32f4xx.o [1]
SystemInit              0x0803d009     0x52  Code  Gb  system_stm32f4xx.o [1]
TIM1_PWM_SETPMOTOR      0x0803cbc5     0x9e  Code  Gb  bsp_stepmotor.o [1]
TIM2_IRQHandler         0x08034dfd     0xac  Code  Gb  bsp_timer.o [1]
TIM3_PWM_SETPMOTOR      0x0803cb5d     0x68  Code  Gb  bsp_stepmotor.o [1]
TIM6_DAC_IRQHandler     0x0803d7ab     0x22  Code  Gb  SysInfoTest.o [1]
TIM_ARRPreloadConfig    0x0802fc4b     0x1c  Code  Gb  stm32f4xx_tim.o [1]
TIM_CallBack1           0x0802d3ed     0x2c  Code  Gb  apptask.o [1]
TIM_ClearITPendingBit   0x0802fec5      0x8  Code  Gb  stm32f4xx_tim.o [1]
TIM_Cmd                 0x0802fc67     0x1c  Code  Gb  stm32f4xx_tim.o [1]
TIM_CtrlPWMOutputs      0x0802fe5b     0x22  Code  Gb  stm32f4xx_tim.o [1]
TIM_GetITStatus         0x0802fe93     0x32  Code  Gb  stm32f4xx_tim.o [1]
TIM_ITConfig            0x0802fe7d     0x16  Code  Gb  stm32f4xx_tim.o [1]
TIM_OC2Init             0x0802fc83     0x8c  Code  Gb  stm32f4xx_tim.o [1]
TIM_OC2PreloadConfig    0x0802fe21     0x14  Code  Gb  stm32f4xx_tim.o [1]
TIM_OC3Init             0x0802fd0f     0x8a  Code  Gb  stm32f4xx_tim.o [1]
TIM_OC3PreloadConfig    0x0802fe35     0x12  Code  Gb  stm32f4xx_tim.o [1]
TIM_OC4Init             0x0802fd99     0x68  Code  Gb  stm32f4xx_tim.o [1]
TIM_OC4PreloadConfig    0x0802fe47     0x14  Code  Gb  stm32f4xx_tim.o [1]
TIM_TimeBaseInit        0x0802fbe1     0x6a  Code  Gb  stm32f4xx_tim.o [1]
Task_iwdg_refresh       0x0802d5ad     0x56  Code  Gb  apptask.o [1]
TransferEnd             0x2001ed20      0x4  Data  Gb  bsp_sdio_sd.o [1]
TransferError           0x2001edc6      0x1  Data  Gb  bsp_sdio_sd.o [1]
UART1ToPC               0x08034adf     0x30  Code  Gb  bsp_uart_fifo.o [1]
UART2ToPC               0x08034b0f     0x30  Code  Gb  bsp_uart_fifo.o [1]
UART2_RX_BUF            0x2001e8c0     0x64  Data  Gb  bsp_uart_fifo.o [1]
UART3ToPC               0x08034b7b     0x30  Code  Gb  bsp_uart_fifo.o [1]
UART4ToPC               0x08034bab     0x30  Code  Gb  bsp_uart_fifo.o [1]
UART4_IRQHandler        0x080349ed     0x84  Code  Gb  bsp_uart_fifo.o [1]
UART4_RX_BUF            0x2001e85c     0x64  Data  Gb  bsp_uart_fifo.o [1]
UART5ToPC               0x08034be1     0x30  Code  Gb  bsp_uart_fifo.o [1]
UART5_IRQHandler        0x08034a71     0x6e  Code  Gb  bsp_uart_fifo.o [1]
UART5_RX_BUF            0x2001e7f8     0x64  Data  Gb  bsp_uart_fifo.o [1]
USART1_IRQHandler       0x0803495d     0x1e  Code  Gb  bsp_uart_fifo.o [1]
USART2_IRQHandler       0x0803497b     0x68  Code  Gb  bsp_uart_fifo.o [1]
USART3_IRQHandler       0x080349e3      0xa  Code  Gb  bsp_uart_fifo.o [1]
USART_ClearFlag         0x08037117      0xc  Code  Gb  stm32f4xx_usart.o [1]
USART_Cmd               0x08037061     0x1c  Code  Gb  stm32f4xx_usart.o [1]
USART_DMACmd            0x0803708d     0x16  Code  Gb  stm32f4xx_usart.o [1]
USART_GetFlagStatus     0x080370f9     0x1e  Code  Gb  stm32f4xx_usart.o [1]
USART_GetITStatus       0x08037123     0x70  Code  Gb  stm32f4xx_usart.o [1]
USART_ITConfig          0x080370a3     0x56  Code  Gb  stm32f4xx_usart.o [1]
USART_Init              0x08036f65     0xee  Code  Gb  stm32f4xx_usart.o [1]
USART_ReceiveData       0x08037085      0x8  Code  Gb  stm32f4xx_usart.o [1]
USART_SendData          0x0803707d      0x8  Code  Gb  stm32f4xx_usart.o [1]
USBH_Alloc_Channel      0x080362d5     0x2e  Code  Gb  usbh_hcs.o [1]
USBH_BulkReceiveData    0x08036979     0x62  Code  Gb  usbh_ioreq.o [1]
USBH_BulkSendData       0x08036917     0x62  Code  Gb  usbh_ioreq.o [1]
USBH_CfgDesc            0x2001e310    0x200  Data  Gb  usbh_stdreq.o [1]
USBH_ClrFeature         0x0803651f     0x4c  Code  Gb  usbh_stdreq.o [1]
USBH_Connected          0x08030085      0xc  Code  Gb  usbh_core.o [1]
USBH_CtlReceiveData     0x080368d1     0x46  Code  Gb  usbh_ioreq.o [1]
USBH_CtlReq             0x080367ab     0x6e  Code  Gb  usbh_ioreq.o [1]
USBH_CtlSendData        0x0803685d     0x74  Code  Gb  usbh_ioreq.o [1]
USBH_CtlSendSetup       0x08036819     0x44  Code  Gb  usbh_ioreq.o [1]
USBH_DataInBuffer       0x2001e110    0x200  Data  Gb  usbh_msc_scsi.o [1]
USBH_DeAllocate_AllChannel
                        0x08036327     0x20  Code  Gb  usbh_hcs.o [1]
USBH_DeInit             0x080300eb     0x3e  Code  Gb  usbh_core.o [1]
USBH_Disconnected       0x08030091      0xc  Code  Gb  usbh_core.o [1]
USBH_ErrorHandle        0x080302fb     0x34  Code  Gb  usbh_core.o [1]
USBH_Free_Channel       0x08036303     0x24  Code  Gb  usbh_hcs.o [1]
USBH_GetDescriptor      0x0803647f     0x4e  Code  Gb  usbh_stdreq.o [1]
USBH_GetFreeChannel     0x08036347     0x2e  Code  Lc  usbh_hcs.o [1]
USBH_GetNextDesc        0x08036793     0x18  Code  Gb  usbh_stdreq.o [1]
USBH_Get_CfgDesc        0x080363bb     0x78  Code  Gb  usbh_stdreq.o [1]
USBH_Get_DevDesc        0x08036375     0x46  Code  Gb  usbh_stdreq.o [1]
USBH_Get_StringDesc     0x08036433     0x4c  Code  Gb  usbh_stdreq.o [1]
USBH_HCD_INT_cb         0x2000019c      0xc  Data  Gb  usbh_core.o [1]
USBH_HCD_INT_fops       0x200001b0      0x4  Data  Gb  usbh_core.o [1]
USBH_HandleControl      0x08030543    0x29a  Code  Gb  usbh_core.o [1]
USBH_HandleEnum         0x0803032f    0x214  Code  Lc  usbh_core.o [1]
USBH_Init               0x080300a3     0x48  Code  Gb  usbh_core.o [1]
USBH_MSC_BOTReset       0x0803bf21     0x28  Code  Lc  usbh_msc_core.o [1]
USBH_MSC_BOTXferParam   0x2001ec50     0x10  Data  Gb  usbh_msc_bot.o [1]
USBH_MSC_BOT_Abort      0x0803abfd     0x5c  Code  Gb  usbh_msc_bot.o [1]
USBH_MSC_CBWData        0x2001eb1c     0x20  Data  Gb  usbh_msc_bot.o [1]
USBH_MSC_CSWData        0x2001ec40     0x10  Data  Gb  usbh_msc_bot.o [1]
USBH_MSC_ClassRequest   0x0803bd0f     0x12  Code  Lc  usbh_msc_core.o [1]
USBH_MSC_DecodeCSW      0x0803ac59     0x7a  Code  Gb  usbh_msc_bot.o [1]
USBH_MSC_ErrorHandle    0x0803bf71     0x3e  Code  Gb  usbh_msc_core.o [1]
USBH_MSC_GETMaxLUN      0x0803bf49     0x28  Code  Lc  usbh_msc_core.o [1]
USBH_MSC_Handle         0x0803bd21    0x200  Code  Lc  usbh_msc_core.o [1]
USBH_MSC_HandleBOTXfer  0x0803a7f9    0x404  Code  Gb  usbh_msc_bot.o [1]
USBH_MSC_Init           0x0803a7b5     0x44  Code  Gb  usbh_msc_bot.o [1]
USBH_MSC_InterfaceDeInit
                        0x0803bcc3     0x4c  Code  Lc  usbh_msc_core.o [1]
USBH_MSC_InterfaceInit  0x0803bbdd     0xe6  Code  Lc  usbh_msc_core.o [1]
USBH_MSC_ModeSense6     0x0803a3af    0x10c  Code  Gb  usbh_msc_scsi.o [1]
USBH_MSC_Param          0x2001ec60     0x10  Data  Gb  usbh_msc_scsi.o [1]
USBH_MSC_Read10         0x0803a695    0x106  Code  Gb  usbh_msc_scsi.o [1]
USBH_MSC_ReadCapacity10
                        0x0803a285    0x12a  Code  Gb  usbh_msc_scsi.o [1]
USBH_MSC_RequestSense   0x0803a4bb     0xee  Code  Gb  usbh_msc_scsi.o [1]
USBH_MSC_TestUnitReady  0x0803a19d     0xe8  Code  Gb  usbh_msc_scsi.o [1]
USBH_MSC_Write10        0x0803a5a9     0xec  Code  Gb  usbh_msc_scsi.o [1]
USBH_MSC_cb             0x2000018c     0x10  Data  Gb  usbh_msc_core.o [1]
USBH_Modify_Channel     0x08036261     0x74  Code  Gb  usbh_hcs.o [1]
USBH_OTG_ISR_Handler    0x0803af5d     0xb8  Code  Gb  usb_hcd_int.o [1]
USBH_Open_Channel       0x080361bb     0xa6  Code  Gb  usbh_hcs.o [1]
USBH_ParseCfgDesc       0x080365c7    0x13c  Code  Lc  usbh_stdreq.o [1]
USBH_ParseDevDesc       0x0803656b     0x5c  Code  Lc  usbh_stdreq.o [1]
USBH_ParseEPDesc        0x08036737     0x20  Code  Lc  usbh_stdreq.o [1]
USBH_ParseInterfaceDesc
                        0x08036711     0x26  Code  Lc  usbh_stdreq.o [1]
USBH_ParseStringDesc    0x08036757     0x3c  Code  Lc  usbh_stdreq.o [1]
USBH_Process            0x08030129    0x1d2  Code  Gb  usbh_core.o [1]
USBH_SOF                0x0803009d      0x6  Code  Gb  usbh_core.o [1]
USBH_SetAddress         0x080364cd     0x2a  Code  Gb  usbh_stdreq.o [1]
USBH_SetCfg             0x080364f7     0x28  Code  Gb  usbh_stdreq.o [1]
USBH_SubmitSetupRequest
                        0x080369db     0x16  Code  Lc  usbh_ioreq.o [1]
USBH_USR_Configuration_DescAvailable
                        0x0802ff8d     0x26  Code  Gb  usbh_usr.o [1]
USBH_USR_DeInit         0x08030081      0x2  Code  Gb  usbh_usr.o [1]
USBH_USR_DeviceAddressAssigned
                        0x0802ff8b      0x2  Code  Gb  usbh_usr.o [1]
USBH_USR_DeviceAttached
                        0x0802ff05      0xa  Code  Gb  usbh_usr.o [1]
USBH_USR_DeviceDisconnected
                        0x0802ff19     0x1a  Code  Gb  usbh_usr.o [1]
USBH_USR_DeviceNotSupported
                        0x0802fff7      0xa  Code  Gb  usbh_usr.o [1]
USBH_USR_DeviceSpeedDetected
                        0x0802ff3d     0x36  Code  Gb  usbh_usr.o [1]
USBH_USR_Device_DescAvailable
                        0x0802ff73     0x18  Code  Gb  usbh_usr.o [1]
USBH_USR_EnumerationDone
                        0x0802ffdd     0x1a  Code  Gb  usbh_usr.o [1]
USBH_USR_Init           0x0802fee1     0x24  Code  Gb  usbh_usr.o [1]
USBH_USR_MSC_Application
                        0x0803007d      0x4  Code  Gb  usbh_usr.o [1]
USBH_USR_Manufacturer_String
                        0x0802ffb3      0xe  Code  Gb  usbh_usr.o [1]
USBH_USR_OverCurrentDetected
                        0x08030005      0xa  Code  Gb  usbh_usr.o [1]
USBH_USR_Product_String
                        0x0802ffc1      0xe  Code  Gb  usbh_usr.o [1]
USBH_USR_ResetDevice    0x0802ff33      0xa  Code  Gb  usbh_usr.o [1]
USBH_USR_SerialNum_String
                        0x0802ffcf      0xe  Code  Gb  usbh_usr.o [1]
USBH_USR_UnrecoveredError
                        0x0802ff0f      0xa  Code  Gb  usbh_usr.o [1]
USBH_USR_UserInput      0x08030001      0x4  Code  Gb  usbh_usr.o [1]
USB_Host                0x2001e67c     0x94  Data  Gb  usbh_usr.o [1]
USB_OTG_BSP_DisableInterrupt
                        0x08036049     0x22  Code  Gb  usb_bsp.o [1]
USB_OTG_BSP_EnableInterrupt
                        0x0803606b     0x54  Code  Gb  usb_bsp.o [1]
USB_OTG_BSP_Init        0x08035f99     0xb0  Code  Gb  usb_bsp.o [1]
USB_OTG_BSP_mDelay      0x080360d9      0xc  Code  Gb  usb_bsp.o [1]
USB_OTG_BSP_uDelay      0x080360cd      0xc  Code  Gb  usb_bsp.o [1]
USB_OTG_Core            0x2001d3b8    0x5ac  Data  Gb  usbh_usr.o [1]
USB_OTG_CoreInit        0x08037ecd     0xce  Code  Gb  usb_core.o [1]
USB_OTG_CoreInitHost    0x080380d9     0xd0  Code  Gb  usb_core.o [1]
USB_OTG_CoreReset       0x08037d17     0x60  Code  Lc  usb_core.o [1]
USB_OTG_DisableGlobalInt
                        0x08037fb9     0x1e  Code  Gb  usb_core.o [1]
USB_OTG_DriveVbus       0x080381b9     0x54  Code  Gb  usb_core.o [1]
USB_OTG_EnableCommonInt
                        0x08037cf5     0x22  Code  Lc  usb_core.o [1]
USB_OTG_EnableGlobalInt
                        0x08037f9b     0x1e  Code  Gb  usb_core.o [1]
USB_OTG_EnableHostInt   0x0803820d     0x4e  Code  Gb  usb_core.o [1]
USB_OTG_FlushRxFifo     0x0803801f     0x40  Code  Gb  usb_core.o [1]
USB_OTG_FlushTxFifo     0x08037fd7     0x48  Code  Gb  usb_core.o [1]
USB_OTG_GetMode         0x080380a5      0xa  Code  Gb  usb_core.o [1]
USB_OTG_HC_DoPing       0x080386fd     0x48  Code  Gb  usb_core.o [1]
USB_OTG_HC_Halt         0x08038689     0x74  Code  Gb  usb_core.o [1]
USB_OTG_HC_Init         0x080382b9    0x1d0  Code  Gb  usb_core.o [1]
USB_OTG_HC_StartXfer    0x08038489    0x200  Code  Gb  usb_core.o [1]
USB_OTG_InitFSLSPClkSel
                        0x0803825b     0x12  Code  Gb  usb_core.o [1]
USB_OTG_IsEvenFrame     0x080381a9     0x10  Code  Gb  usb_core.o [1]
USB_OTG_IsHostMode      0x080380af     0x18  Code  Gb  usb_core.o [1]
USB_OTG_ReadCoreItr     0x080380c7     0x12  Code  Gb  usb_core.o [1]
USB_OTG_ReadHPRT0       0x0803826d     0x1c  Code  Gb  usb_core.o [1]
USB_OTG_ReadPacket      0x08037dbf     0x2c  Code  Gb  usb_core.o [1]
USB_OTG_ResetPort       0x08038289     0x30  Code  Gb  usb_core.o [1]
USB_OTG_SelectCore      0x08037deb     0xe2  Code  Gb  usb_core.o [1]
USB_OTG_SetCurrentMode  0x08038069     0x3c  Code  Gb  usb_core.o [1]
USB_OTG_USBH_handle_Disconnect_ISR
                        0x0803b099     0x1e  Code  Lc  usb_hcd_int.o [1]
USB_OTG_USBH_handle_IncompletePeriodicXfer_ISR
                        0x0803bbb3     0x28  Code  Lc  usb_hcd_int.o [1]
USB_OTG_USBH_handle_hc_ISR
                        0x0803b015     0x66  Code  Lc  usb_hcd_int.o [1]
USB_OTG_USBH_handle_hc_n_In_ISR
                        0x0803b725    0x378  Code  Lc  usb_hcd_int.o [1]
USB_OTG_USBH_handle_hc_n_Out_ISR
                        0x0803b3ed    0x338  Code  Lc  usb_hcd_int.o [1]
USB_OTG_USBH_handle_nptxfempty_ISR
                        0x0803b0b7    0x118  Code  Lc  usb_hcd_int.o [1]
USB_OTG_USBH_handle_port_ISR
                        0x0803b2e9     0xfe  Code  Lc  usb_hcd_int.o [1]
USB_OTG_USBH_handle_ptxfempty_ISR
                        0x0803b1cf    0x11a  Code  Lc  usb_hcd_int.o [1]
USB_OTG_USBH_handle_rx_qlvl_ISR
                        0x0803ba9d    0x116  Code  Lc  usb_hcd_int.o [1]
USB_OTG_USBH_handle_sof_ISR
                        0x0803b07b     0x1e  Code  Lc  usb_hcd_int.o [1]
USB_OTG_WritePacket     0x08037d77     0x48  Code  Gb  usb_core.o [1]
USB_OTG_dev             0x2001d964    0x5ac  Data  Gb  usbh_usr.o [1]
USRH_cb                 0x200000d8     0x48  Data  Gb  usbh_usr.o [1]
UartDMAConfig           0x080346ff    0x166  Code  Gb  bsp_uart_fifo.o [1]
UartIRQ                 0x08034865     0xf8  Code  Lc  bsp_uart_fifo.o [1]
UsageFault_Handler      0x0803d841      0x2  Code  Gb  stm32f4xx_it.o [1]
UserTimerCallback       0x0802d419    0x18e  Code  Gb  apptask.o [1]
W25QXX_BUFFER           0x2001b9b8   0x1000  Data  Gb  bsp_w25qxx.o [1]
W25QXX_Erase_Sector     0x0802fa43     0x52  Code  Gb  bsp_w25qxx.o [1]
W25QXX_Init             0x0802f741     0x54  Code  Gb  bsp_w25qxx.o [1]
W25QXX_Read             0x0802f82f     0x56  Code  Gb  bsp_w25qxx.o [1]
W25QXX_ReadID           0x0802f7e3     0x4c  Code  Gb  bsp_w25qxx.o [1]
W25QXX_ReadSR           0x0802f795     0x30  Code  Gb  bsp_w25qxx.o [1]
W25QXX_TYPE             0x200001b4      0x2  Data  Gb  bsp_w25qxx.o [1]
W25QXX_Wait_Busy        0x0802fa95      0xc  Code  Gb  bsp_w25qxx.o [1]
W25QXX_Write            0x0802f939    0x10a  Code  Gb  bsp_w25qxx.o [1]
W25QXX_Write_Enable     0x0802f7c5     0x1e  Code  Gb  bsp_w25qxx.o [1]
W25QXX_Write_NoCheck    0x0802f8e1     0x58  Code  Gb  bsp_w25qxx.o [1]
W25QXX_Write_Page       0x0802f885     0x5c  Code  Gb  bsp_w25qxx.o [1]
_GenldFullNoMb          0x08035d03    0x24c  Code  Lc  xprintffull_nomb.o [3]
_LdtobFullNoMb          0x08035901    0x3fc  Code  Lc  xprintffull_nomb.o [3]
_LitobFullNoMb          0x080357fb    0x106  Code  Lc  xprintffull_nomb.o [3]
_Locale_aeabi_lconv     0x20000050     0x38  Data  Gb  localeconv.o [3]
_Locale_lconv           0x20000000     0x50  Data  Gb  localeconv.o [3]
_PrintfFullNoMb         0x08035201    0x586  Code  Gb  xprintffull_nomb.o [3]
_Prout                  0x0803dfe9     0x16  Code  Gb  xprout.o [3]
_PutcharsFullNoMb       0x08035f4f     0x2e  Code  Lc  xprintffull_nomb.o [3]
_SProut                 0x0802f737      0xa  Code  Gb  xsprout.o [3]
__aeabi_cdcmple         0x080376e5           Code  Gb  DblCmpLe.o [4]
__aeabi_cdrcmple        0x08037715           Code  Gb  DblCmpGe.o [4]
__aeabi_d2iz            0x08037859           Code  Gb  DblToI32.o [4]
__aeabi_d2uiz           0x08037885           Code  Gb  DblToI32.o [4]
__aeabi_ddiv            0x08032a7d           Code  Gb  DblDiv.o [4]
__aeabi_dmul            0x08037a61           Code  Gb  DblMul.o [4]
__aeabi_dsub            0x080378e1           Code  Gb  DblSub.o [4]
__aeabi_f2d             0x0802fb29           Code  Gb  FltToDbl.o [4]
__aeabi_i2d             0x080378b1           Code  Gb  I32ToDbl.o [4]
__aeabi_ldiv0           0x0803ad09           Code  Gb  I64DivZer.o [5]
__aeabi_memset          0x0802f6d1           Code  Gb  ABImemset.o [5]
__aeabi_ui2d            0x080378c5           Code  Gb  I32ToDbl.o [4]
__aeabi_uldivmod        0x080375b5           Code  Gb  I64DivMod.o [5]
__cmain                 0x0803de29           Code  Gb  cmain.o [5]
__exit                  0x0803de55     0x14  Code  Gb  exit.o [6]
__iar_Dnorm             0x080376a3     0x42  Code  Gb  xdnorm.o [4]
__iar_Dscale            0x08037745    0x114  Code  Gb  xdscale.o [4]
__iar_Locale_lconv_init
                        0x08037c05     0x3a  Code  Gb  localeconv.o [3]
__iar_Memchr            0x0803755d           Code  Gb  memchr.o [5]
__iar_Memset            0x0802f6d1           Code  Gb  ABImemset.o [5]
__iar_Memset_word       0x0802f6d9           Code  Gb  ABImemset.o [5]
__iar_Stdout            0x20000120     0x40  Data  Gb  xfiles.o [3]
__iar_Strchr            0x08037545           Code  Gb  strchr.o [5]
__iar_Strstr            0x08036e81     0x2c  Code  Gb  strstr.o [3]
__iar_copy_init3        0x0803d9b9     0x2c  Code  Gb  copy_init3.o [5]
__iar_d2uiz             0x08037891           Code  Gb  DblToI32.o [4]
__iar_dadd              0x0803ad0d           Code  Gb  DblAdd.o [4]
__iar_data_init3        0x0803da5d     0x28  Code  Gb  data_init.o [5]
__iar_dsub              0x080378f5           Code  Gb  DblSub.o [4]
__iar_dsubStart         0x08037907           Code  Gb  DblSub.o [4]
__iar_init_vfp          0x0803daf1           Code  Gb  fpinit_M.o [4]
__iar_program_start     0x0803e2c9           Code  Gb  cstartup_M.o [5]
__iar_ui2d              0x080378c9           Code  Gb  I32ToDbl.o [4]
__iar_unaligned___aeabi_memcpy
                        0x0802fab1           Code  Gb  ABImemcpy_unaligned.o [5]
__iar_unaligned___aeabi_memcpy4
                        0x0802fad1           Code  Gb  ABImemcpy_unaligned.o [5]
__iar_unaligned___aeabi_memcpy8
[...]
bsp_StartHardTimer      0x08034d23     0xda  Code  Gb  bsp_timer.o [1]
card_config             0x2001edc5      0x1  Data  Gb  apptask.o [1]
card_record             0x2001edc3      0x1  Data  Gb  apptask.o [1]
check_fs                0x08031df7     0x7e  Code  Lc  ff.o [1]
chk_chr                 0x0803083b     0x14  Code  Lc  ff.o [1]
chk_lock                0x0803084f     0x94  Code  Lc  ff.o [1]
class_time              0x2001edc2      0x1  Data  Gb  apptask.o [1]
clear_lock              0x08030a4f     0x30  Code  Lc  ff.o [1]
clust2sect              0x08030bf1     0x1a  Code  Gb  ff.o [1]
cmp_lfn                 0x08031275     0xb6  Code  Lc  ff.o [1]
create_chain            0x08030f09     0xea  Code  Lc  ff.o [1]
create_name             0x080319fd    0x31a  Code  Lc  ff.o [1]
debug_cmd               0x2001edc8      0x1  Data  Gb  bsp_uart_fifo.o [1]
dec_lock                0x080309f3     0x5c  Code  Lc  ff.o [1]
device_info             0x2001ea9c     0x34  Data  Gb  para.o [1]
dir_alloc               0x080311cf     0x66  Code  Lc  ff.o [1]
dir_find                0x08031551    0x116  Code  Lc  ff.o [1]
dir_next                0x080310a5    0x12a  Code  Lc  ff.o [1]
dir_read                0x08031667    0x10c  Code  Lc  ff.o [1]
dir_register            0x08031773    0x14e  Code  Lc  ff.o [1]
dir_sdi                 0x08030ff3     0xb2  Code  Lc  ff.o [1]
disk_initialize         0x080369f1     0x40  Code  Gb  diskio.o [1]
disk_ioctl              0x08036c15     0xa6  Code  Gb  diskio.o [1]
disk_read               0x08036a5d     0xdc  Code  Gb  diskio.o [1]
disk_status             0x08036a31     0x2c  Code  Gb  diskio.o [1]
disk_write              0x08036b39     0xdc  Code  Gb  diskio.o [1]
div                     0x08037c71      0xe  Code  Gb  div.o [3]
download_num            0x2001edbe      0x1  Data  Gb  apptask.o [1]
enq_lock                0x080308e3     0x28  Code  Lc  ff.o [1]
exit                    0x0803de43      0x4  Code  Gb  exit.o [3]
f_close                 0x080328d9     0x38  Code  Gb  ff.o [1]
f_mount                 0x0803230d     0x66  Code  Gb  ff.o [1]
f_open                  0x08032373    0x20e  Code  Gb  ff.o [1]
f_opendir               0x08032911     0xb2  Code  Gb  ff.o [1]
f_readdir               0x080329c3     0x74  Code  Gb  ff.o [1]
f_sync                  0x08032823     0xb6  Code  Gb  ff.o [1]
f_write                 0x08032591    0x292  Code  Gb  ff.o [1]
ff_convert              0x08036cd5     0x80  Code  Gb  cc936.o [1]
ff_wtoupper             0x08036d55     0x64  Code  Gb  cc936.o [1]
file_select             0x2001eca0      0xc  Data  Gb  protocol.o [1]
final_per_meter         0x0802f3bf     0x1a  Code  Gb  product_cal.o [1]
find_volume             0x08031e7d    0x45a  Code  Lc  ff.o [1]
fit_lfn                 0x080313b7     0x88  Code  Lc  ff.o [1]
follow_path             0x08031d17     0x90  Code  Lc  ff.o [1]
fputc                   0x08034c15     0x22  Code  Gb  bsp_uart_fifo.o [1]
g_tUart3                0x2001ead0     0x28  Data  Gb  bsp_uart_fifo.o [1]
gen_numname             0x08031445     0xec  Code  Lc  ff.o [1]
get_card_type           0x0802f511     0xd4  Code  Gb  product_cal.o [1]
get_class_time          0x0802f491     0x56  Code  Gb  product_cal.o [1]
get_fat                 0x08030c0b    0x11c  Code  Gb  ff.o [1]
get_fattime             0x08036cbb      0x4  Code  Gb  diskio.o [1]
get_fileinfo            0x080318c1    0x13c  Code  Lc  ff.o [1]
get_float_1bit          0x0802f46f     0x22  Code  Gb  product_cal.o [1]
get_ldnumber            0x08031da7     0x50  Code  Lc  ff.o [1]
get_valid_length        0x0802f2b5     0x26  Code  Gb  bsp_sdwe050c17.o [1]
hex_to_decimal          0x0802f2db     0x26  Code  Gb  bsp_sdwe050c17.o [1]
idwgEventGroup          0x2001ed04      0x4  Data  Gb  apptask.o [1]
inc_card_type           0x0802f5e5     0xe0  Code  Gb  product_cal.o [1]
inc_lock                0x0803090b     0xe8  Code  Lc  ff.o [1]
init_product_para       0x0802f301     0x5e  Code  Gb  product_cal.o [1]
input_password_buf      0x2001ec94      0xc  Data  Gb  protocol.o [1]
input_password_len      0x2001edca      0x1  Data  Gb  protocol.o [1]
isWork                  0x2001edbf      0x1  Data  Gb  apptask.o [1]
is_same_data            0x0802f4e7     0x2a  Code  Gb  product_cal.o [1]
lcd_busy                0x2001edc7      0x1  Data  Gb  bsp_sdwe050c17.o [1]
lcd_rev_buf             0x2001ea68     0x34  Data  Gb  bsp_sdwe050c17.o [1]
lcd_rev_len             0x2001edb6      0x2  Data  Gb  bsp_sdwe050c17.o [1]
ld_clust                0x08031235     0x28  Code  Lc  ff.o [1]
localeconv              0x08037c3f     0x16  Code  Gb  localeconv.o [3]
m_ctrl_dev              0x2001ecc0      0x8  Data  Gb  modbus.o [1]
main                    0x0803d845     0x34  Code  Gb  main.o [1]
mallco_dev              0x20000160     0x1c  Data  Gb  malloc.o [1]
mb_init                 0x080330cd     0x30  Code  Gb  modbus.o [1]
mb_packsend_frame       0x08032fdb     0xf2  Code  Gb  modbus.o [1]
mb_unpack_frame         0x08032e99    0x142  Code  Gb  modbus.o [1]
mc_check_crc16          0x08036e35     0x40  Code  Gb  mcheck.o [1]
mc_check_crc8           0x08036e11     0x24  Code  Gb  mcheck.o [1]
mc_check_sum            0x08036dc9     0x2e  Code  Gb  mcheck.o [1]
mc_check_xor            0x08036df7     0x1a  Code  Gb  mcheck.o [1]
mem1base                0x200119b8   0xa000  Data  Gb  malloc.o [1]
mem1mapbase             0x2001c9b8    0xa00  Data  Gb  malloc.o [1]
mem2base                0x68000000  0xf0000  Data  Gb  malloc.o [1]
mem2mapbase             0x680f0000   0xf000  Data  Gb  malloc.o [1]
mem_cmp                 0x08030817     0x24  Code  Lc  ff.o [1]
mem_cpy                 0x080307e5     0x1c  Code  Lc  ff.o [1]
mem_set                 0x08030801     0x16  Code  Lc  ff.o [1]
memblksize              0x0803e334      0x8  Data  Gb  malloc.o [1]
memchr                  0x0803755d           Code  Gb  memchr.o [5]
memsize                 0x0803e33c      0x8  Data  Gb  malloc.o [1]
memtblsize              0x0803e32c      0x8  Data  Gb  malloc.o [1]
modbus_send_frame       0x080330fd     0xe6  Code  Gb  modbus.o [1]
move_window             0x08030ad9     0x40  Code  Lc  ff.o [1]
my_mem_free             0x08035013     0x6c  Code  Gb  malloc.o [1]
my_mem_init             0x08034ed7     0x42  Code  Gb  malloc.o [1]
my_mem_malloc           0x08034f57     0xbc  Code  Gb  malloc.o [1]
my_mem_perused          0x08034f19     0x3e  Code  Gb  malloc.o [1]
myfree                  0x0803507f     0x24  Code  Gb  malloc.o [1]
mymalloc                0x080350a3     0x2a  Code  Gb  malloc.o [1]
mymemset                0x08034ec1     0x16  Code  Gb  malloc.o [1]
obuf                    0x2001ea18     0x50  Data  Lc  xfiles.o [3]
oem2uni                 0x0801560c  0x15484  Data  Lc  cc936.o [1]
old_card_record         0x2001edc4      0x1  Data  Gb  apptask.o [1]
old_isWork              0x2001edc0      0x1  Data  Gb  apptask.o [1]
para_init               0x0803cf7b     0x80  Code  Gb  para.o [1]
pcInterruptPriorityRegisters
                        0x0803e358      0x4  Data  Lc  port.o [1]
pick_lfn                0x0803132b     0x8c  Code  Lc  ff.o [1]
pluse_count             0x2001ed10      0x4  Data  Gb  apptask.o [1]
printf                  0x0802fb79     0x24  Code  Gb  printf.o [3]
product_complete_kilo   0x0802f40d     0x3a  Code  Gb  product_cal.o [1]
product_complete_meter  0x0802f3d9     0x12  Code  Gb  product_cal.o [1]
product_para            0x2001e710     0x78  Data  Gb  product_cal.o [1]
product_per_meter       0x0802f35f     0x60  Code  Gb  product_cal.o [1]
product_uncomplete_kilo
                        0x0802f447     0x28  Code  Gb  product_cal.o [1]
product_uncomplete_meter
                        0x0802f3eb     0x22  Code  Gb  product_cal.o [1]
prvAddCurrentTaskToDelayedList
                        0x0802e16d     0x48  Code  Lc  tasks.o [1]
prvAllocateTCBAndStack  0x0802e1b5     0x5a  Code  Lc  tasks.o [1]
prvCheckForValidListAndQueue
                        0x0803393f     0x52  Code  Lc  timers.o [1]
prvCheckTasksWaitingTermination
                        0x0802e103     0x66  Code  Lc  tasks.o [1]
prvCopyDataFromQueue    0x0802e99d     0x30  Code  Lc  queue.o [1]
prvCopyDataToQueue      0x0802e919     0x84  Code  Lc  queue.o [1]
prvDeleteTCB            0x0802e20f     0x12  Code  Lc  tasks.o [1]
prvGetNextExpireTime    0x0803372b     0x2e  Code  Lc  timers.o [1]
prvHeapInit             0x08033e2d     0x6e  Code  Lc  heap_4.o [1]
prvIdleTask             0x0802e01d     0x26  Code  Lc  tasks.o [1]
prvInitialiseTCBVariables
                        0x0802e043     0x6a  Code  Lc  tasks.o [1]
prvInitialiseTaskLists  0x0802e0ad     0x56  Code  Lc  tasks.o [1]
prvInsertBlockIntoFreeList
                        0x08033e9b     0x62  Code  Lc  heap_4.o [1]
prvInsertTimerInActiveList
                        0x08033781     0x50  Code  Lc  timers.o [1]
prvIsQueueEmpty         0x0802ea37     0x20  Code  Lc  queue.o [1]
prvIsQueueFull          0x0802ea57     0x22  Code  Lc  queue.o [1]
prvProcessExpiredTimer  0x08033643     0x5c  Code  Lc  timers.o [1]
prvProcessReceivedCommands
                        0x080337d1     0xde  Code  Lc  timers.o [1]
prvProcessTimerOrBlockTask
                        0x080336bb     0x70  Code  Lc  timers.o [1]
prvResetNextTaskUnblockTime
                        0x0802e221     0x26  Code  Lc  tasks.o [1]
prvSampleTimeNow        0x08033759     0x28  Code  Lc  timers.o [1]
prvSwitchTimerLists     0x080338af     0x90  Code  Lc  timers.o [1]
prvTaskExitError        0x080339dd     0x2a  Code  Lc  port.o [1]
prvTestWaitCondition    0x080334e7     0x24  Code  Lc  event_groups.o [1]
prvTimerTask            0x080336a1     0x1a  Code  Lc  timers.o [1]
prvUnlockQueue          0x0802e9cd     0x6a  Code  Lc  queue.o [1]
put_fat                 0x08030d27    0x16c  Code  Gb  ff.o [1]
putchar                 0x0803e001      0xc  Code  Gb  putchar.o [3]
pvPortMalloc            0x08033c9d    0x118  Code  Gb  heap_4.o [1]
pxCurrentTCB            0x2001ed50      0x4  Data  Gb  tasks.o [1]
pxCurrentTimerList      0x2001ed90      0x4  Data  Lc  timers.o [1]
pxDelayedTaskList       0x2001ed54      0x4  Data  Lc  tasks.o [1]
pxEnd                   0x2001ed38      0x4  Data  Lc  heap_4.o [1]
pxOverflowDelayedTaskList
                        0x2001ed58      0x4  Data  Lc  tasks.o [1]
pxOverflowTimerList     0x2001ed94      0x4  Data  Lc  timers.o [1]
pxPortInitialiseStack   0x080339b9     0x24  Code  Gb  port.o [1]
pxReadyTasksLists       0x2001e510     0xc8  Data  Lc  tasks.o [1]
rc522_cmd_anticoll      0x08032e3d     0x5a  Code  Gb  rc522.o [1]
rc522_cmd_request       0x08032de9     0x54  Code  Gb  rc522.o [1]
readSlave               0x2001ec7c      0xc  Data  Gb  apptask.o [1]
read_device_info        0x0803ce6d    0x10e  Code  Gb  para.o [1]
read_file_select        0x2001ecac      0xc  Data  Gb  protocol.o [1]
remove_chain            0x08030e93     0x76  Code  Lc  ff.o [1]
rfid_rev_buf            0x2001eb80     0x14  Data  Gb  rc522.o [1]
rfid_rev_cnt            0x2001edcc      0x1  Data  Gb  rc522.o [1]
rfid_rev_flag           0x2001edcb      0x1  Data  Gb  rc522.o [1]
rtc_time                0x2001ecc8      0x8  Data  Gb  protocol.o [1]
s_TIM_CallBack1         0x2001ed28      0x4  Data  Lc  bsp_timer.o [1]
s_TIM_CallBack2         0x2001ed2c      0x4  Data  Lc  bsp_timer.o [1]
s_TIM_CallBack3         0x2001ed30      0x4  Data  Lc  bsp_timer.o [1]
s_TIM_CallBack4         0x2001ed34      0x4  Data  Lc  bsp_timer.o [1]
sample_time             0x2001edb0      0x2  Data  Gb  apptask.o [1]
slave_info              0x2001ec70      0xc  Data  Gb  apptask.o [1]
sprintf                 0x08032a49     0x34  Code  Gb  sprintf.o [3]
st_clust                0x0803125d     0x18  Code  Lc  ff.o [1]
strcat                  0x08032cd3     0x1c  Code  Gb  strcat.o [3]
strchr                  0x08037545           Code  Gb  strchr.o [5]
strlen                  0x08032cf1           Code  Gb  strlen.o [5]
strstr                  0x08033299     0x10  Code  Gb  apptask.o [1]
sum_sfn                 0x08031531     0x20  Code  Lc  ff.o [1]
sync_fs                 0x08030b19     0xd8  Code  Lc  ff.o [1]
sync_window             0x08030a7f     0x5a  Code  Lc  ff.o [1]
ucHeap                  0x200001b8  0x11800  Data  Lc  heap_4.o [1]
ucMaxSysCallPriority    0x2001edc9      0x1  Data  Lc  port.o [1]
ulHighFrequencyTimerTicks
                        0x2001ed4c      0x4  Data  Gb  SysInfoTest.o [1]
ulMaxPRIGROUPValue      0x2001ed48      0x4  Data  Lc  port.o [1]
ulTaskSwitchedInTime    0x2001ed88      0x4  Data  Lc  tasks.o [1]
ulTotalRunTime          0x2001ed8c      0x4  Data  Lc  tasks.o [1]
uni2oem                 0x08000188  0x15484  Data  Lc  cc936.o [1]
usb_disk_flag           0x2001edc1      0x1  Data  Gb  apptask.o [1]
usbh_OpenMassStorage    0x0802fecd     0x14  Code  Gb  usbh_usr.o [1]
uxCriticalNesting       0x200001a8      0x4  Data  Lc  port.o [1]
uxCurrentNumberOfTasks  0x2001ed60      0x4  Data  Lc  tasks.o [1]
uxListRemove            0x08033c75     0x28  Code  Gb  list.o [1]
uxPendedTicks           0x2001ed70      0x4  Data  Lc  tasks.o [1]
uxSchedulerSuspended    0x2001ed84      0x4  Data  Lc  tasks.o [1]
uxTaskNumber            0x2001ed7c      0x4  Data  Lc  tasks.o [1]
uxTaskResetEventItemValue
                        0x0802e281     0x20  Code  Gb  tasks.o [1]
uxTasksDeleted          0x2001ed5c      0x4  Data  Lc  tasks.o [1]
uxTopReadyPriority      0x2001ed68      0x4  Data  Lc  tasks.o [1]
vListInitialise         0x08033c05     0x1e  Code  Gb  list.o [1]
vListInsert             0x08033c3b     0x3a  Code  Gb  list.o [1]
vListInsertEnd          0x08033c23     0x18  Code  Gb  list.o [1]
vPortEnableVFP          0x08036f49           Code  Gb  portasm.o [1]
vPortEnterCritical      0x08033ad3     0x3a  Code  Gb  port.o [1]
vPortExitCritical       0x08033b0d     0x32  Code  Gb  port.o [1]
vPortFree               0x08033db5     0x78  Code  Gb  heap_4.o [1]
vPortSetupTimerInterrupt
                        0x08033b6b      0xe  Code  Wk  port.o [1]
vPortStartFirstTask     0x08036f31           Code  Gb  portasm.o [1]
vPortValidateInterruptPriority
                        0x08033b79     0x4e  Code  Gb  port.o [1]
vQueueWaitForMessageRestricted
                        0x0802ea79     0x44  Code  Gb  queue.o [1]
vSetupSysInfoTest       0x0803d799     0x12  Code  Gb  SysInfoTest.o [1]
vTaskDelay              0x0802d879     0x84  Code  Gb  tasks.o [1]
vTaskManageCapacity     0x0802cf41    0x20c  Code  Gb  apptask.o [1]
vTaskMassStorage        0x0802c2f1    0x21e  Code  Lc  apptask.o [1]
vTaskMissedYield        0x0802e013      0xa  Code  Gb  tasks.o [1]
vTaskMsgPro             0x0802c89d    0x426  Code  Lc  apptask.o [1]
vTaskPlaceOnEventList   0x0802dc79     0x74  Code  Gb  tasks.o [1]
vTaskPlaceOnEventListRestricted
                        0x0802ddb1     0x80  Code  Gb  tasks.o [1]
vTaskPlaceOnUnorderedEventList
                        0x0802dd09     0xa8  Code  Gb  tasks.o [1]
vTaskReadDisk           0x0802cd61    0x1ac  Code  Lc  apptask.o [1]
vTaskRev485             0x0802ccc3     0x90  Code  Lc  apptask.o [1]
vTaskSetTimeOutState    0x0802df5d     0x26  Code  Gb  tasks.o [1]
vTaskStartScheduler     0x0802d8fd     0x7e  Code  Gb  tasks.o [1]
vTaskSuspendAll         0x0802d97b     0x10  Code  Gb  tasks.o [1]
vTaskSwitchContext      0x0802dbc9     0xb0  Code  Gb  tasks.o [1]
vTaskTaskLCD            0x0802aa91   0x184e  Code  Gb  apptask.o [1]
vTaskTaskLED            0x0802c529     0x20  Code  Lc  apptask.o [1]
vTaskTaskRFID           0x0802c549    0x316  Code  Lc  apptask.o [1]
validate                0x080322d7     0x36  Code  Lc  ff.o [1]
xActiveTimerList1       0x2001ebf8     0x14  Data  Lc  timers.o [1]
xActiveTimerList2       0x2001ec0c     0x14  Data  Lc  timers.o [1]
xBlockAllocatedBit      0x2001ed44      0x4  Data  Lc  heap_4.o [1]
xDelayedTaskList1       0x2001eb94     0x14  Data  Lc  tasks.o [1]
xDelayedTaskList2       0x2001eba8     0x14  Data  Lc  tasks.o [1]
xEventGroupCreate       0x080332a9     0x1c  Code  Gb  event_groups.o [1]
xEventGroupSetBits      0x08033411     0xd6  Code  Gb  event_groups.o [1]
xEventGroupWaitBits     0x080332c5    0x146  Code  Gb  event_groups.o [1]
xFreeBytesRemaining     0x2001ed3c      0x4  Data  Lc  heap_4.o [1]
xHandleTaskLCD          0x2001ecd0      0x4  Data  Gb  apptask.o [1]
xHandleTaskLED          0x2001ecd4      0x4  Data  Gb  apptask.o [1]
xHandleTaskManageCapacity
                        0x2001ecec      0x4  Data  Gb  apptask.o [1]
xHandleTaskMassStorage  0x2001ecdc      0x4  Data  Gb  apptask.o [1]
xHandleTaskMsgPro       0x2001ece4      0x4  Data  Gb  apptask.o [1]
xHandleTaskRFID         0x2001ecd8      0x4  Data  Gb  apptask.o [1]
xHandleTaskReadDisk     0x2001ece0      0x4  Data  Gb  apptask.o [1]
xHandleTaskRev485       0x2001ece8      0x4  Data  Gb  apptask.o [1]
xHeapStructSize         0x0803e354      0x4  Data  Lc  heap_4.o [1]
xMinimumEverFreeBytesRemaining
                        0x2001ed40      0x4  Data  Lc  heap_4.o [1]
xNextTaskUnblockTime    0x2001ed80      0x4  Data  Lc  tasks.o [1]
xNumOfOverflows         0x2001ed78      0x4  Data  Lc  tasks.o [1]
xPendingReadyList       0x2001ebbc     0x14  Data  Lc  tasks.o [1]
xPortStartScheduler     0x08033a07     0xcc  Code  Gb  port.o [1]
xQueueGenericCreate     0x0802e385     0x7e  Code  Gb  queue.o [1]
xQueueGenericReceive    0x0802e779    0x19c  Code  Gb  queue.o [1]
xQueueGenericReset      0x0802e2f5     0x90  Code  Gb  queue.o [1]
xQueueGenericSend       0x0802e403    0x1b2  Code  Gb  queue.o [1]
xQueueGenericSendFromISR
                        0x0802e5b5     0xec  Code  Gb  queue.o [1]
xQueueGiveFromISR       0x0802e6a1     0xd8  Code  Gb  queue.o [1]
xQueue_message          0x2001ed0c      0x4  Data  Gb  apptask.o [1]
xSchedulerRunning       0x2001ed6c      0x4  Data  Lc  tasks.o [1]
xSemaphore_download     0x2001ecfc      0x4  Data  Gb  apptask.o [1]
xSemaphore_lcd          0x2001ecf0      0x4  Data  Gb  apptask.o [1]
xSemaphore_pluse        0x2001ecf8      0x4  Data  Gb  apptask.o [1]
xSemaphore_readDisk     0x2001ed00      0x4  Data  Gb  apptask.o [1]
xSemaphore_rs485        0x2001ecf4      0x4  Data  Gb  apptask.o [1]
xStart                  0x2001ecb8      0x8  Data  Lc  heap_4.o [1]
xSuspendedTaskList      0x2001ebe4     0x14  Data  Lc  tasks.o [1]
xTaskCheckForTimeOut    0x0802df89     0x8a  Code  Gb  tasks.o [1]
xTaskGenericCreate      0x0802d6f5    0x184  Code  Gb  tasks.o [1]
xTaskGetSchedulerState  0x0802e247     0x26  Code  Gb  tasks.o [1]
xTaskGetTickCount       0x0802da8b      0xa  Code  Gb  tasks.o [1]
xTaskIncrementTick      0x0802da95    0x134  Code  Gb  tasks.o [1]
xTaskRemoveFromEventList
                        0x0802de35     0x8e  Code  Gb  tasks.o [1]
xTaskRemoveFromUnorderedEventList
                        0x0802dec9     0x94  Code  Gb  tasks.o [1]
xTaskResumeAll          0x0802d98b    0x100  Code  Gb  tasks.o [1]
xTasksWaitingTermination
                        0x2001ebd0     0x14  Data  Lc  tasks.o [1]
xTickCount              0x2001ed64      0x4  Data  Lc  tasks.o [1]
xTimerCreate            0x0803355d     0x62  Code  Gb  timers.o [1]
xTimerCreateTimerTask   0x0803350d     0x50  Code  Gb  timers.o [1]
xTimerGenericCommand    0x080335bf     0x84  Code  Gb  timers.o [1]
xTimerQueue             0x2001ed98      0x4  Data  Lc  timers.o [1]
xTimerUser              0x2001ed08      0x4  Data  Gb  apptask.o [1]
xYieldPending           0x2001ed74      0x4  Data  Lc  tasks.o [1]


[1] = E:\WORK\YarnControl_Driver\YarnControl_Driver\src\stm32f4_rtos\Project\EWARMv7\Flash\Obj
[2] = command line
[3] = dl7M_tlf.a
[4] = m7M_tls.a
[5] = rt7M_tl.a
[6] = shb_l.a

   74 926 bytes of readonly  code memory
  180 610 bytes of readonly  data memory
  128 465 bytes of readwrite data memory (+ 1 044 480 absolute)

Errors: none
Warnings: none
