###############################################################################
#
# IAR ELF Linker V7.40.7.9843/W32 for ARM                 21/Jan/2019  23:29:44
# Copyright 2007-2015 IAR Systems AB.
#
#    Output file  =  
#        E:\WORK\YarnControl_Driver\YarnControl_Driver\src\stm32f4_rtos\Project\EWARMv7\Flash\Exe\project.out
#    Map file     =  
#        E:\WORK\YarnControl_Driver\YarnControl_Driver\src\stm32f4_rtos\Project\EWARMv7\Flash\List\project.map
#    Command line =  
#        E:\WORK\YarnControl_Driver\YarnControl_Driver\src\stm32f4_rtos\Project\EWARMv7\Flash\Obj\apptask.o
#        E:\WORK\YarnControl_Driver\YarnControl_Driver\src\stm32f4_rtos\Project\EWARMv7\Flash\Obj\bsp.o
#        E:\WORK\YarnControl_Driver\YarnControl_Driver\src\stm32f4_rtos\Project\EWARMv7\Flash\Obj\bsp_closeSW.o
#        E:\WORK\YarnControl_Driver\YarnControl_Driver\src\stm32f4_rtos\Project\EWARMv7\Flash\Obj\bsp_dwt.o
#        E:\WORK\YarnControl_Driver\YarnControl_Driver\src\stm32f4_rtos\Project\EWARMv7\Flash\Obj\bsp_led.o
#        E:\WORK\YarnControl_Driver\YarnControl_Driver\src\stm32f4_rtos\Project\EWARMv7\Flash\Obj\bsp_relay.o
#        E:\WORK\YarnControl_Driver\YarnControl_Driver\src\stm32f4_rtos\Project\EWARMv7\Flash\Obj\bsp_sdio_sd.o
#        E:\WORK\YarnControl_Driver\YarnControl_Driver\src\stm32f4_rtos\Project\EWARMv7\Flash\Obj\bsp_sdwe050c17.o
#        E:\WORK\YarnControl_Driver\YarnControl_Driver\src\stm32f4_rtos\Project\EWARMv7\Flash\Obj\bsp_servomotor.o
#        E:\WORK\YarnControl_Driver\YarnControl_Driver\src\stm32f4_rtos\Project\EWARMv7\Flash\Obj\bsp_spi.o
#        E:\WORK\YarnControl_Driver\YarnControl_Driver\src\stm32f4_rtos\Project\EWARMv7\Flash\Obj\bsp_stepmotor.o
#        E:\WORK\YarnControl_Driver\YarnControl_Driver\src\stm32f4_rtos\Project\EWARMv7\Flash\Obj\bsp_sw_onoff.o
#        E:\WORK\YarnControl_Driver\YarnControl_Driver\src\stm32f4_rtos\Project\EWARMv7\Flash\Obj\bsp_tim_pwm.o
#        E:\WORK\YarnControl_Driver\YarnControl_Driver\src\stm32f4_rtos\Project\EWARMv7\Flash\Obj\bsp_timer.o
#        E:\WORK\YarnControl_Driver\YarnControl_Driver\src\stm32f4_rtos\Project\EWARMv7\Flash\Obj\bsp_uart_fifo.o
#        E:\WORK\YarnControl_Driver\YarnControl_Driver\src\stm32f4_rtos\Project\EWARMv7\Flash\Obj\bsp_w25qxx.o
#        E:\WORK\YarnControl_Driver\YarnControl_Driver\src\stm32f4_rtos\Project\EWARMv7\Flash\Obj\bsp_watchdog.o
#        E:\WORK\YarnControl_Driver\YarnControl_Driver\src\stm32f4_rtos\Project\EWARMv7\Flash\Obj\cc936.o
#        E:\WORK\YarnControl_Driver\YarnControl_Driver\src\stm32f4_rtos\Project\EWARMv7\Flash\Obj\croutine.o
#        E:\WORK\YarnControl_Driver\YarnControl_Driver\src\stm32f4_rtos\Project\EWARMv7\Flash\Obj\demo_fatfs.o
#        E:\WORK\YarnControl_Driver\YarnControl_Driver\src\stm32f4_rtos\Project\EWARMv7\Flash\Obj\diskio.o
#        E:\WORK\YarnControl_Driver\YarnControl_Driver\src\stm32f4_rtos\Project\EWARMv7\Flash\Obj\encoder.o
#        E:\WORK\YarnControl_Driver\YarnControl_Driver\src\stm32f4_rtos\Project\EWARMv7\Flash\Obj\event_groups.o
#        E:\WORK\YarnControl_Driver\YarnControl_Driver\src\stm32f4_rtos\Project\EWARMv7\Flash\Obj\ff.o
#        E:\WORK\YarnControl_Driver\YarnControl_Driver\src\stm32f4_rtos\Project\EWARMv7\Flash\Obj\heap_4.o
#        E:\WORK\YarnControl_Driver\YarnControl_Driver\src\stm32f4_rtos\Project\EWARMv7\Flash\Obj\list.o
#        E:\WORK\YarnControl_Driver\YarnControl_Driver\src\stm32f4_rtos\Project\EWARMv7\Flash\Obj\main.o
#        E:\WORK\YarnControl_Driver\YarnControl_Driver\src\stm32f4_rtos\Project\EWARMv7\Flash\Obj\malloc.o
#        E:\WORK\YarnControl_Driver\YarnControl_Driver\src\stm32f4_rtos\Project\EWARMv7\Flash\Obj\mcheck.o
#        E:\WORK\YarnControl_Driver\YarnControl_Driver\src\stm32f4_rtos\Project\EWARMv7\Flash\Obj\misc.o
#        E:\WORK\YarnControl_Driver\YarnControl_Driver\src\stm32f4_rtos\Project\EWARMv7\Flash\Obj\modbus.o
#        E:\WORK\YarnControl_Driver\YarnControl_Driver\src\stm32f4_rtos\Project\EWARMv7\Flash\Obj\page_weimi.o
#        E:\WORK\YarnControl_Driver\YarnControl_Driver\src\stm32f4_rtos\Project\EWARMv7\Flash\Obj\para.o
#        E:\WORK\YarnControl_Driver\YarnControl_Driver\src\stm32f4_rtos\Project\EWARMv7\Flash\Obj\port.o
#        E:\WORK\YarnControl_Driver\YarnControl_Driver\src\stm32f4_rtos\Project\EWARMv7\Flash\Obj\portasm.o
#        E:\WORK\YarnControl_Driver\YarnControl_Driver\src\stm32f4_rtos\Project\EWARMv7\Flash\Obj\product_cal.o
#        E:\WORK\YarnControl_Driver\YarnControl_Driver\src\stm32f4_rtos\Project\EWARMv7\Flash\Obj\protocol.o
#        E:\WORK\YarnControl_Driver\YarnControl_Driver\src\stm32f4_rtos\Project\EWARMv7\Flash\Obj\queue.o
#        E:\WORK\YarnControl_Driver\YarnControl_Driver\src\stm32f4_rtos\Project\EWARMv7\Flash\Obj\rc522.o
#        E:\WORK\YarnControl_Driver\YarnControl_Driver\src\stm32f4_rtos\Project\EWARMv7\Flash\Obj\startup_stm32f40_41xxx.o
#        E:\WORK\YarnControl_Driver\YarnControl_Driver\src\stm32f4_rtos\Project\EWARMv7\Flash\Obj\stm32f4xx_adc.o
#        E:\WORK\YarnControl_Driver\YarnControl_Driver\src\stm32f4_rtos\Project\EWARMv7\Flash\Obj\stm32f4xx_assert.o
#        E:\WORK\YarnControl_Driver\YarnControl_Driver\src\stm32f4_rtos\Project\EWARMv7\Flash\Obj\stm32f4xx_can.o
#        E:\WORK\YarnControl_Driver\YarnControl_Driver\src\stm32f4_rtos\Project\EWARMv7\Flash\Obj\stm32f4xx_crc.o
#        E:\WORK\YarnControl_Driver\YarnControl_Driver\src\stm32f4_rtos\Project\EWARMv7\Flash\Obj\stm32f4xx_cryp.o
#        E:\WORK\YarnControl_Driver\YarnControl_Driver\src\stm32f4_rtos\Project\EWARMv7\Flash\Obj\stm32f4xx_cryp_aes.o
#        E:\WORK\YarnControl_Driver\YarnControl_Driver\src\stm32f4_rtos\Project\EWARMv7\Flash\Obj\stm32f4xx_cryp_des.o
#        E:\WORK\YarnControl_Driver\YarnControl_Driver\src\stm32f4_rtos\Project\EWARMv7\Flash\Obj\stm32f4xx_cryp_tdes.o
#        E:\WORK\YarnControl_Driver\YarnControl_Driver\src\stm32f4_rtos\Project\EWARMv7\Flash\Obj\stm32f4xx_dac.o
#        E:\WORK\YarnControl_Driver\YarnControl_Driver\src\stm32f4_rtos\Project\EWARMv7\Flash\Obj\stm32f4xx_dbgmcu.o
#        E:\WORK\YarnControl_Driver\YarnControl_Driver\src\stm32f4_rtos\Project\EWARMv7\Flash\Obj\stm32f4xx_dcmi.o
#        E:\WORK\YarnControl_Driver\YarnControl_Driver\src\stm32f4_rtos\Project\EWARMv7\Flash\Obj\stm32f4xx_dma.o
#        E:\WORK\YarnControl_Driver\YarnControl_Driver\src\stm32f4_rtos\Project\EWARMv7\Flash\Obj\stm32f4xx_dma2d.o
#        E:\WORK\YarnControl_Driver\YarnControl_Driver\src\stm32f4_rtos\Project\EWARMv7\Flash\Obj\stm32f4xx_exti.o
#        E:\WORK\YarnControl_Driver\YarnControl_Driver\src\stm32f4_rtos\Project\EWARMv7\Flash\Obj\stm32f4xx_flash.o
#        E:\WORK\YarnControl_Driver\YarnControl_Driver\src\stm32f4_rtos\Project\EWARMv7\Flash\Obj\stm32f4xx_fsmc.o
#        E:\WORK\YarnControl_Driver\YarnControl_Driver\src\stm32f4_rtos\Project\EWARMv7\Flash\Obj\stm32f4xx_gpio.o
#        E:\WORK\YarnControl_Driver\YarnControl_Driver\src\stm32f4_rtos\Project\EWARMv7\Flash\Obj\stm32f4xx_hash.o
#        E:\WORK\YarnControl_Driver\YarnControl_Driver\src\stm32f4_rtos\Project\EWARMv7\Flash\Obj\stm32f4xx_hash_md5.o
#        E:\WORK\YarnControl_Driver\YarnControl_Driver\src\stm32f4_rtos\Project\EWARMv7\Flash\Obj\stm32f4xx_hash_sha1.o
#        E:\WORK\YarnControl_Driver\YarnControl_Driver\src\stm32f4_rtos\Project\EWARMv7\Flash\Obj\stm32f4xx_i2c.o
#        E:\WORK\YarnControl_Driver\YarnControl_Driver\src\stm32f4_rtos\Project\EWARMv7\Flash\Obj\stm32f4xx_it.o
#        E:\WORK\YarnControl_Driver\YarnControl_Driver\src\stm32f4_rtos\Project\EWARMv7\Flash\Obj\stm32f4xx_iwdg.o
#        E:\WORK\YarnControl_Driver\YarnControl_Driver\src\stm32f4_rtos\Project\EWARMv7\Flash\Obj\stm32f4xx_ltdc.o
#        E:\WORK\YarnControl_Driver\YarnControl_Driver\src\stm32f4_rtos\Project\EWARMv7\Flash\Obj\stm32f4xx_pwr.o
#        E:\WORK\YarnControl_Driver\YarnControl_Driver\src\stm32f4_rtos\Project\EWARMv7\Flash\Obj\stm32f4xx_rcc.o
#        E:\WORK\YarnControl_Driver\YarnControl_Driver\src\stm32f4_rtos\Project\EWARMv7\Flash\Obj\stm32f4xx_rng.o
#        E:\WORK\YarnControl_Driver\YarnControl_Driver\src\stm32f4_rtos\Project\EWARMv7\Flash\Obj\stm32f4xx_rtc.o
#        E:\WORK\YarnControl_Driver\YarnControl_Driver\src\stm32f4_rtos\Project\EWARMv7\Flash\Obj\stm32f4xx_sai.o
#        E:\WORK\YarnControl_Driver\YarnControl_Driver\src\stm32f4_rtos\Project\EWARMv7\Flash\Obj\stm32f4xx_sdio.o
#        E:\WORK\YarnControl_Driver\YarnControl_Driver\src\stm32f4_rtos\Project\EWARMv7\Flash\Obj\stm32f4xx_spi.o
#        E:\WORK\YarnControl_Driver\YarnControl_Driver\src\stm32f4_rtos\Project\EWARMv7\Flash\Obj\stm32f4xx_syscfg.o
#        E:\WORK\YarnControl_Driver\YarnControl_Driver\src\stm32f4_rtos\Project\EWARMv7\Flash\Obj\stm32f4xx_tim.o
#        E:\WORK\YarnControl_Driver\YarnControl_Driver\src\stm32f4_rtos\Project\EWARMv7\Flash\Obj\stm32f4xx_usart.o
#        E:\WORK\YarnControl_Driver\YarnControl_Driver\src\stm32f4_rtos\Project\EWARMv7\Flash\Obj\stm32f4xx_wwdg.o
#        E:\WORK\YarnControl_Driver\YarnControl_Driver\src\stm32f4_rtos\Project\EWARMv7\Flash\Obj\SysInfoTest.o
#        E:\WORK\YarnControl_Driver\YarnControl_Driver\src\stm32f4_rtos\Project\EWARMv7\Flash\Obj\system_stm32f4xx.o
#        E:\WORK\YarnControl_Driver\YarnControl_Driver\src\stm32f4_rtos\Project\EWARMv7\Flash\Obj\tasks.o
#        E:\WORK\YarnControl_Driver\YarnControl_Driver\src\stm32f4_rtos\Project\EWARMv7\Flash\Obj\timers.o
#        E:\WORK\YarnControl_Driver\YarnControl_Driver\src\stm32f4_rtos\Project\EWARMv7\Flash\Obj\usb_bsp.o
#        E:\WORK\YarnControl_Driver\YarnControl_Driver\src\stm32f4_rtos\Project\EWARMv7\Flash\Obj\usb_core.o
#        E:\WORK\YarnControl_Driver\YarnControl_Driver\src\stm32f4_rtos\Project\EWARMv7\Flash\Obj\usb_hcd.o
#        E:\WORK\YarnControl_Driver\YarnControl_Driver\src\stm32f4_rtos\Project\EWARMv7\Flash\Obj\usb_hcd_int.o
#        E:\WORK\YarnControl_Driver\YarnControl_Driver\src\stm32f4_rtos\Project\EWARMv7\Flash\Obj\usbh_core.o
#        E:\WORK\YarnControl_Driver\YarnControl_Driver\src\stm32f4_rtos\Project\EWARMv7\Flash\Obj\usbh_hcs.o
#        E:\WORK\YarnControl_Driver\YarnControl_Driver\src\stm32f4_rtos\Project\EWARMv7\Flash\Obj\usbh_ioreq.o
#        E:\WORK\YarnControl_Driver\YarnControl_Driver\src\stm32f4_rtos\Project\EWARMv7\Flash\Obj\usbh_it.o
#        E:\WORK\YarnControl_Driver\YarnControl_Driver\src\stm32f4_rtos\Project\EWARMv7\Flash\Obj\usbh_msc_bot.o
#        E:\WORK\YarnControl_Driver\YarnControl_Driver\src\stm32f4_rtos\Project\EWARMv7\Flash\Obj\usbh_msc_core.o
#        E:\WORK\YarnControl_Driver\YarnControl_Driver\src\stm32f4_rtos\Project\EWARMv7\Flash\Obj\usbh_msc_scsi.o
#        E:\WORK\YarnControl_Driver\YarnControl_Driver\src\stm32f4_rtos\Project\EWARMv7\Flash\Obj\usbh_stdreq.o
#        E:\WORK\YarnControl_Driver\YarnControl_Driver\src\stm32f4_rtos\Project\EWARMv7\Flash\Obj\usbh_usr.o
#        -o
#        E:\WORK\YarnControl_Driver\YarnControl_Driver\src\stm32f4_rtos\Project\EWARMv7\Flash\Exe\project.out
#        --map
#        E:\WORK\YarnControl_Driver\YarnControl_Driver\src\stm32f4_rtos\Project\EWARMv7\Flash\List\project.map
#        --config
#        E:\WORK\YarnControl_Driver\YarnControl_Driver\src\stm32f4_rtos\Project\EWARMv7\stm32f4xx_flash.icf
#        --semihosting --entry __iar_program_start --inline --vfe
#
###############################################################################

*******************************************************************************
*** RUNTIME MODEL ATTRIBUTES
***

CppFlavor       = *
__SystemLibrary = DLib


*******************************************************************************
*** PLACEMENT SUMMARY
***

"A1":  place at 0x08000000 { ro section .intvec };
"P1":  place in [from 0x08000000 to 0x080fffff] { ro };
"P2":  place in [from 0x20000000 to 0x2001ffff] { rw, block CSTACK, block HEAP };

  Section             Kind        Address     Size  Object
  -------             ----        -------     ----  ------
"A1":                                        0x188
  .intvec             ro code  0x08000000    0x188  startup_stm32f40_41xxx.o [1]
                             - 0x08000188    0x188

"P1":                                      0x412a5
  .rodata             const    0x08000188  0x15484  cc936.o [1]
  .rodata             const    0x0801560c  0x15484  cc936.o [1]
  .text               ro code  0x0802aa90   0x4024  apptask.o [1]
  .text               ro code  0x0802eab4    0xc00  tasks.o [1]
  .text               ro code  0x0802f6b4    0x7c8  queue.o [1]
  .text               ro code  0x0802fe7c   0x1258  bsp_sdwe050c17.o [1]
  .text               ro code  0x080310d4    0x524  product_cal.o [1]
  .text               ro code  0x080315f8     0x66  ABImemset.o [5]
  .text               ro code  0x0803165e      0xa  xsprout.o [3]
  .text               ro code  0x08031668    0x380  bsp_w25qxx.o [1]
  .text               ro code  0x080319e8     0x76  ABImemcpy_unaligned.o [5]
  .text               ro code  0x08031a60     0x4e  FltToDbl.o [4]
  .text               ro code  0x08031ab0     0x24  printf.o [3]
  .text               ro code  0x08031ad4     0x42  strcmp_unaligned.o [5]
  .text               ro code  0x08031b18    0x21c  malloc.o [1]
  .text               ro code  0x08031d34    0x6ec  stm32f4xx_tim.o [1]
  .text               ro code  0x08032420     0x30  I32ToDbl.o [4]
  .text               ro code  0x08032450    0x256  DblDiv.o [4]
  .text               ro code  0x080326a8     0xe8  DblAdd.o [4]
  .text               ro code  0x08032790    0x1a2  DblMul.o [4]
  .text               ro code  0x08032934     0x58  DblToI32.o [4]
  .text               ro code  0x0803298c     0x90  DblToFlt.o [4]
  .text               ro code  0x08032a1c     0x36  strlen.o [5]
  .text               ro code  0x08032a54     0x62  memcmp_unaligned.o [5]
  .text               ro code  0x08032ab8    0x1b6  usbh_usr.o [1]
  .text               ro code  0x08032c70    0x760  usbh_core.o [1]
  .text               ro code  0x080333d0   0x2264  ff.o [1]
  .text               ro code  0x08035634     0x34  sprintf.o [3]
  .text               ro code  0x08035668     0x1c  strcat.o [3]
  .text               ro code  0x08035684     0xc0  bsp_led.o [1]
  .text               ro code  0x08035744     0xae  rc522.o [1]
  .text               ro code  0x080357f4    0x354  modbus.o [1]
  .text               ro code  0x08035b48     0x68  bsp_sw_onoff.o [1]
  .text               ro code  0x08035bb0     0x44  protocol.o [1]
  .text               ro code  0x08035bf4     0x10  apptask.o [1]
  .text               ro code  0x08035c04    0x224  bsp_stepmotor.o [1]
  .text               ro code  0x08035e28    0x12c  stm32f4xx_gpio.o [1]
  .text               ro code  0x08035f54    0x410  bsp_servomotor.o [1]
  .text               ro code  0x08036364    0x2a8  encoder.o [1]
  .text               ro code  0x0803660c    0x262  event_groups.o [1]
  .text               ro code  0x08036870    0x4a4  timers.o [1]
  .text               ro code  0x08036d14      0x8  bsp_watchdog.o [1]
  .text               ro code  0x08036d1c    0x24c  port.o [1]
  .text               ro code  0x08036f68     0x98  list.o [1]
  .text               ro code  0x08037000    0x280  heap_4.o [1]
  .text               ro code  0x08037280    0x1e8  stm32f4xx_rcc.o [1]
  .text               ro code  0x08037468    0x9e4  bsp_uart_fifo.o [1]
  .text               ro code  0x08037e4c    0x204  bsp_timer.o [1]
  .text               ro code  0x08038050    0x124  bsp_spi.o [1]
  .text               ro code  0x08038174    0xd96  xprintffull_nomb.o [3]
  .text               ro code  0x08038f0c    0x180  DblSub.o [4]
  .text               ro code  0x0803908c    0x14c  usb_bsp.o [1]
  .text               ro code  0x080391d8     0xd6  usb_hcd.o [1]
  .text               ro code  0x080392ae    0x1ba  usbh_hcs.o [1]
  .text               ro code  0x08039468    0x436  usbh_stdreq.o [1]
  .text               ro code  0x0803989e    0x246  usbh_ioreq.o [1]
  .text               ro code  0x08039ae4    0x2e4  diskio.o [1]
  .text               ro code  0x08039dc8     0xf4  cc936.o [1]
  .text               ro code  0x08039ebc     0xb8  mcheck.o [1]
  .text               ro code  0x08039f74     0x2c  strstr.o [3]
  .text               ro code  0x08039fa0    0x31c  stm32f4xx_dma.o [1]
  .text               ro code  0x0803a2bc     0x88  misc.o [1]
  .text               ro code  0x0803a344     0x10  stm32f4xx_iwdg.o [1]
  CODE                ro code  0x0803a354     0xa8  portasm.o [1]
  .text               ro code  0x0803a3fc    0x254  stm32f4xx_usart.o [1]
  .text               ro code  0x0803a650     0x74  stm32f4xx_spi.o [1]
  .text               ro code  0x0803a6c4     0x16  strchr.o [5]
  .text               ro code  0x0803a6dc     0x58  memchr.o [5]
  .text               ro code  0x0803a734     0xee  I64DivMod.o [5]
  .text               ro code  0x0803a822     0x42  xdnorm.o [4]
  .text               ro code  0x0803a864     0x2e  DblCmpLe.o [4]
  .text               ro code  0x0803a894     0x2e  DblCmpGe.o [4]
  .text               ro code  0x0803a8c4    0x114  xdscale.o [4]
  .text               ro code  0x0803a9d8     0x6c  localeconv.o [3]
  .text               ro code  0x0803aa44      0xe  div.o [3]
  .text               ro code  0x0803aa54     0x74  bsp_dwt.o [1]
  .text               ro code  0x0803aac8    0xa50  usb_core.o [1]
  .text               ro code  0x0803b518   0x1a58  bsp_sdio_sd.o [1]
  .text               ro code  0x0803cf70    0x618  usbh_msc_scsi.o [1]
  .text               ro code  0x0803d588    0x554  usbh_msc_bot.o [1]
  .text               ro code  0x0803dadc      0x2  I64DivZer.o [5]
  .text               ro code  0x0803dae0    0x17c  stm32f4xx_sdio.o [1]
  .text               ro code  0x0803dc5c    0xc7e  usb_hcd_int.o [1]
  .text               ro code  0x0803e8dc    0x3e8  usbh_msc_core.o [1]
  .rodata             const    0x0803ecc4    0x3dc  cc936.o [1]
  .rodata             const    0x0803f0a0    0x3dc  cc936.o [1]
  .text               ro code  0x0803f47c    0x2e0  bsp_tim_pwm.o [1]
  .text               ro code  0x0803f75c    0x2bc  para.o [1]
  .text               ro code  0x0803fa18     0x44  strcpy_unaligned.o [5]
  .rodata             const    0x0803fa5c    0x1f4  apptask.o [1]
  .rodata             const    0x0803fc50    0x190  product_cal.o [1]
  .text               ro code  0x0803fde0    0x154  system_stm32f4xx.o [1]
  .rodata             const    0x0803ff34    0x100  mcheck.o [1]
  .rodata             const    0x08040034    0x100  mcheck.o [1]
  .rodata             const    0x08040134    0x100  mcheck.o [1]
  .text               ro code  0x08040234     0xe8  bsp_closeSW.o [1]
  .text               ro code  0x0804031c     0x54  stm32f4xx_syscfg.o [1]
  .text               ro code  0x08040370     0xc0  stm32f4xx_exti.o [1]
  .text               ro code  0x08040430     0xd0  packbits_init.o [5]
  .text               ro code  0x08040500      0x6  abort.o [3]
  .text               ro code  0x08040508     0x14  exit.o [6]
  .text               ro code  0x0804051c     0x4c  bsp.o [1]
  .text               ro code  0x08040568     0x44  bsp_relay.o [1]
  .text               ro code  0x080405ac     0x40  zero_init3.o [5]
  .text               ro code  0x080405ec     0x3c  SysInfoTest.o [1]
  .rodata             const    0x08040628     0x38  demo_fatfs.o [1]
  .text               ro code  0x08040660     0x38  stm32f4xx_it.o [1]
  .text               ro code  0x08040698     0x34  main.o [1]
  .rodata             const    0x080406cc     0x30  apptask.o [1]
  .rodata             const    0x080406fc     0x30  demo_fatfs.o [1]
  .rodata             const    0x0804072c     0x30  demo_fatfs.o [1]
  .rodata             const    0x0804075c     0x2c  apptask.o [1]
  .rodata             const    0x08040788     0x2c  demo_fatfs.o [1]
  .rodata             const    0x080407b4     0x2c  demo_fatfs.o [1]
  .rodata             const    0x080407e0     0x2c  stm32f4xx_it.o [1]
  .rodata             const    0x0804080c     0x28  demo_fatfs.o [1]
  .rodata             const    0x08040834     0x28  demo_fatfs.o [1]
  .rodata             const    0x0804085c     0x28  demo_fatfs.o [1]
  .text               ro code  0x08040884     0x28  data_init.o [5]
  .rodata             const    0x080408ac     0x24  demo_fatfs.o [1]
  .rodata             const    0x080408d0     0x24  demo_fatfs.o [1]
  .rodata             const    0x080408f4     0x24  usbh_usr.o [1]
  .text               ro code  0x08040918     0x22  fpinit_M.o [4]
  .iar.init_table     const    0x0804093c     0x34  - Linker created -
  .rodata             const    0x08040970     0x20  apptask.o [1]
  .rodata             const    0x08040990     0x20  apptask.o [1]
  .rodata             const    0x080409b0     0x20  bsp_sdwe050c17.o [1]
  .rodata             const    0x080409d0     0x20  demo_fatfs.o [1]
  .rodata             const    0x080409f0     0x20  demo_fatfs.o [1]
  .rodata             const    0x08040a10     0x20  demo_fatfs.o [1]
  .rodata             const    0x08040a30     0x20  usbh_usr.o [1]
  .rodata             const    0x08040a50     0x20  usbh_usr.o [1]
  .rodata             const    0x08040a70     0x20  usbh_usr.o [1]
  .rodata             const    0x08040a90     0x20  usbh_usr.o [1]
  .rodata             const    0x08040ab0     0x20  usbh_usr.o [1]
  .rodata             const    0x08040ad0     0x1c  apptask.o [1]
  .rodata             const    0x08040aec     0x1c  apptask.o [1]
  .rodata             const    0x08040b08     0x1c  apptask.o [1]
  .rodata             const    0x08040b24     0x1c  apptask.o [1]
  .rodata             const    0x08040b40     0x1c  apptask.o [1]
  .rodata             const    0x08040b5c     0x1c  apptask.o [1]
  .rodata             const    0x08040b78     0x1c  demo_fatfs.o [1]
  .rodata             const    0x08040b94     0x1c  demo_fatfs.o [1]
  .rodata             const    0x08040bb0     0x1c  usbh_usr.o [1]
  .rodata             const    0x08040bcc     0x1c  usbh_usr.o [1]
  .rodata             const    0x08040be8     0x1c  usbh_usr.o [1]
  .rodata             const    0x08040c04     0x1c  usbh_usr.o [1]
  .rodata             const    0x08040c20     0x1c  usbh_usr.o [1]
  .rodata             const    0x08040c3c     0x1c  usbh_usr.o [1]
  .text               ro code  0x08040c58     0x1a  cmain.o [5]
  .text               ro code  0x08040c72      0x4  exit.o [3]
  .text               ro code  0x08040c78      0xa  cexit.o [5]
  .rodata             const    0x08040c84     0x18  apptask.o [1]
  .rodata             const    0x08040c9c     0x18  apptask.o [1]
  .rodata             const    0x08040cb4     0x18  apptask.o [1]
  .rodata             const    0x08040ccc     0x18  apptask.o [1]
  .rodata             const    0x08040ce4     0x18  apptask.o [1]
  .rodata             const    0x08040cfc     0x18  apptask.o [1]
  .rodata             const    0x08040d14     0x18  apptask.o [1]
  .rodata             const    0x08040d2c     0x18  demo_fatfs.o [1]
  .rodata             const    0x08040d44     0x18  demo_fatfs.o [1]
  .rodata             const    0x08040d5c     0x18  demo_fatfs.o [1]
  .rodata             const    0x08040d74     0x18  demo_fatfs.o [1]
  .rodata             const    0x08040d8c     0x18  usbh_usr.o [1]
  .rodata             const    0x08040da4     0x18  usbh_usr.o [1]
  .rodata             const    0x08040dbc     0x18  usbh_usr.o [1]
  .rodata             const    0x08040dd4     0x18  usbh_usr.o [1]
  .rodata             const    0x08040dec     0x18  usbh_usr.o [1]
  .text               ro code  0x08040e04     0x16  xprout.o [3]
  .text               ro code  0x08040e1c      0xc  putchar.o [3]
  .rodata             const    0x08040e28     0x14  apptask.o [1]
  .rodata             const    0x08040e3c     0x14  apptask.o [1]
  .rodata             const    0x08040e50     0x14  apptask.o [1]
  .rodata             const    0x08040e64     0x14  apptask.o [1]
  .rodata             const    0x08040e78     0x14  apptask.o [1]
  .rodata             const    0x08040e8c     0x14  apptask.o [1]
  .rodata             const    0x08040ea0     0x14  usbh_usr.o [1]
  .rodata             const    0x08040eb4     0x14  usbh_usr.o [1]
  .rodata             const    0x08040ec8     0x10  apptask.o [1]
  .rodata             const    0x08040ed8     0x10  apptask.o [1]
  .rodata             const    0x08040ee8     0x10  apptask.o [1]
  .rodata             const    0x08040ef8     0x10  apptask.o [1]
  .rodata             const    0x08040f08     0x10  apptask.o [1]
  .rodata             const    0x08040f18     0x10  apptask.o [1]
  .rodata             const    0x08040f28     0x10  apptask.o [1]
  .rodata             const    0x08040f38     0x10  apptask.o [1]
  .rodata             const    0x08040f48     0x10  apptask.o [1]
  .rodata             const    0x08040f58     0x10  ff.o [1]
  .rodata             const    0x08040f68     0x10  main.o [1]
  .rodata             const    0x08040f78     0x10  main.o [1]
  .rodata             const    0x08040f88     0x10  usbh_usr.o [1]
  .rodata             const    0x08040f98     0x10  usbh_usr.o [1]
  .text               ro code  0x08040fa8     0x10  startup_stm32f40_41xxx.o [1]
  .text               ro code  0x08040fb8     0x10  usbh_it.o [1]
  .rodata             const    0x08040fc8      0xc  apptask.o [1]
  .rodata             const    0x08040fd4      0xc  apptask.o [1]
  .rodata             const    0x08040fe0      0xc  apptask.o [1]
  .rodata             const    0x08040fec      0xc  apptask.o [1]
  .rodata             const    0x08040ff8      0xc  apptask.o [1]
  .rodata             const    0x08041004      0xc  apptask.o [1]
  .rodata             const    0x08041010      0xc  apptask.o [1]
  .rodata             const    0x0804101c      0xc  apptask.o [1]
  .rodata             const    0x08041028      0xc  apptask.o [1]
  .rodata             const    0x08041034      0xc  apptask.o [1]
  .rodata             const    0x08041040      0xc  apptask.o [1]
  .rodata             const    0x0804104c      0xc  apptask.o [1]
  .rodata             const    0x08041058      0xc  apptask.o [1]
  .rodata             const    0x08041064      0xc  apptask.o [1]
  .rodata             const    0x08041070      0xc  apptask.o [1]
  .rodata             const    0x0804107c      0xc  apptask.o [1]
  .rodata             const    0x08041088      0xc  apptask.o [1]
  .rodata             const    0x08041094      0xc  apptask.o [1]
  .rodata             const    0x080410a0      0xc  apptask.o [1]
  .rodata             const    0x080410ac      0xc  apptask.o [1]
  .rodata             const    0x080410b8      0xc  apptask.o [1]
  .rodata             const    0x080410c4      0xc  apptask.o [1]
  .rodata             const    0x080410d0      0xc  apptask.o [1]
  .rodata             const    0x080410dc      0xc  apptask.o [1]
  .rodata             const    0x080410e8      0xc  apptask.o [1]
  .rodata             const    0x080410f4      0xc  apptask.o [1]
  .rodata             const    0x08041100      0xc  apptask.o [1]
  .rodata             const    0x0804110c      0xc  bsp_sdwe050c17.o [1]
  .rodata             const    0x08041118      0xc  bsp_sdwe050c17.o [1]
  .rodata             const    0x08041124      0xc  demo_fatfs.o [1]
  .rodata             const    0x08041130      0xc  ff.o [1]
  .text               ro code  0x0804113c      0xc  cstartup_M.o [5]
  .rodata             const    0x08041148      0x8  apptask.o [1]
  .rodata             const    0x08041150      0x8  apptask.o [1]
  .rodata             const    0x08041158      0x8  apptask.o [1]
  .rodata             const    0x08041160      0x8  apptask.o [1]
  .rodata             const    0x08041168      0x8  apptask.o [1]
  .rodata             const    0x08041170      0x8  apptask.o [1]
  .rodata             const    0x08041178      0x8  apptask.o [1]
  .rodata             const    0x08041180      0x8  apptask.o [1]
  .rodata             const    0x08041188      0x8  apptask.o [1]
  .rodata             const    0x08041190      0x8  apptask.o [1]
  .rodata             const    0x08041198      0x8  apptask.o [1]
  .rodata             const    0x080411a0      0x8  apptask.o [1]
  .rodata             const    0x080411a8      0x8  bsp_w25qxx.o [1]
  .rodata             const    0x080411b0      0x8  ff.o [1]
  .rodata             const    0x080411b8      0x8  malloc.o [1]
  .rodata             const    0x080411c0      0x8  malloc.o [1]
  .rodata             const    0x080411c8      0x8  malloc.o [1]
  .rodata             const    0x080411d0      0x8  para.o [1]
  .rodata             const    0x080411d8      0x8  para.o [1]
  .rodata             const    0x080411e0      0x8  para.o [1]
  .rodata             const    0x080411e8      0x8  tasks.o [1]
  .rodata             const    0x080411f0      0x8  timers.o [1]
  .rodata             const    0x080411f8      0x4  heap_4.o [1]
  .rodata             const    0x080411fc      0x4  port.o [1]
  .text               ro code  0x08041200      0x4  startup_stm32f40_41xxx.o [1]
  .text               ro code  0x08041204      0x4  startup_stm32f40_41xxx.o [1]
  .text               ro code  0x08041208      0x4  startup_stm32f40_41xxx.o [1]
  .text               ro code  0x0804120c      0x4  startup_stm32f40_41xxx.o [1]
  .text               ro code  0x08041210      0x4  startup_stm32f40_41xxx.o [1]
  .text               ro code  0x08041214      0x4  startup_stm32f40_41xxx.o [1]
  .text               ro code  0x08041218      0x4  startup_stm32f40_41xxx.o [1]
  .text               ro code  0x0804121c      0x4  startup_stm32f40_41xxx.o [1]
  .text               ro code  0x08041220      0x4  startup_stm32f40_41xxx.o [1]
  .text               ro code  0x08041224      0x4  startup_stm32f40_41xxx.o [1]
  .text               ro code  0x08041228      0x4  startup_stm32f40_41xxx.o [1]
  .text               ro code  0x0804122c      0x4  startup_stm32f40_41xxx.o [1]
  .text               ro code  0x08041230      0x4  startup_stm32f40_41xxx.o [1]
  .text               ro code  0x08041234      0x4  startup_stm32f40_41xxx.o [1]
  .text               ro code  0x08041238      0x4  startup_stm32f40_41xxx.o [1]
  .text               ro code  0x0804123c      0x4  startup_stm32f40_41xxx.o [1]
  .text               ro code  0x08041240      0x4  startup_stm32f40_41xxx.o [1]
  .text               ro code  0x08041244      0x4  startup_stm32f40_41xxx.o [1]
  .text               ro code  0x08041248      0x4  startup_stm32f40_41xxx.o [1]
  .text               ro code  0x0804124c      0x4  startup_stm32f40_41xxx.o [1]
  .text               ro code  0x08041250      0x4  startup_stm32f40_41xxx.o [1]
  .text               ro code  0x08041254      0x4  startup_stm32f40_41xxx.o [1]
  .text               ro code  0x08041258      0x4  startup_stm32f40_41xxx.o [1]
  .text               ro code  0x0804125c      0x4  startup_stm32f40_41xxx.o [1]
  .text               ro code  0x08041260      0x4  startup_stm32f40_41xxx.o [1]
  .text               ro code  0x08041264      0x4  startup_stm32f40_41xxx.o [1]
  .text               ro code  0x08041268      0x4  startup_stm32f40_41xxx.o [1]
  .text               ro code  0x0804126c      0x4  startup_stm32f40_41xxx.o [1]
  .text               ro code  0x08041270      0x4  startup_stm32f40_41xxx.o [1]
  .text               ro code  0x08041274      0x4  startup_stm32f40_41xxx.o [1]
  .text               ro code  0x08041278      0x4  startup_stm32f40_41xxx.o [1]
  .text               ro code  0x0804127c      0x4  startup_stm32f40_41xxx.o [1]
  .text               ro code  0x08041280      0x4  startup_stm32f40_41xxx.o [1]
  .text               ro code  0x08041284      0x4  startup_stm32f40_41xxx.o [1]
  .text               ro code  0x08041288      0x4  startup_stm32f40_41xxx.o [1]
  .text               ro code  0x0804128c      0x4  startup_stm32f40_41xxx.o [1]
  .text               ro code  0x08041290      0x4  startup_stm32f40_41xxx.o [1]
  .text               ro code  0x08041294      0x4  startup_stm32f40_41xxx.o [1]
  .text               ro code  0x08041298      0x4  startup_stm32f40_41xxx.o [1]
  .text               ro code  0x0804129c      0x4  startup_stm32f40_41xxx.o [1]
  .text               ro code  0x080412a0      0x4  startup_stm32f40_41xxx.o [1]
  .text               ro code  0x080412a4      0x4  startup_stm32f40_41xxx.o [1]
  .text               ro code  0x080412a8      0x4  startup_stm32f40_41xxx.o [1]
  .text               ro code  0x080412ac      0x4  startup_stm32f40_41xxx.o [1]
  .text               ro code  0x080412b0      0x4  startup_stm32f40_41xxx.o [1]
  .text               ro code  0x080412b4      0x4  startup_stm32f40_41xxx.o [1]
  .text               ro code  0x080412b8      0x4  startup_stm32f40_41xxx.o [1]
  .text               ro code  0x080412bc      0x4  startup_stm32f40_41xxx.o [1]
  .text               ro code  0x080412c0      0x4  startup_stm32f40_41xxx.o [1]
  .text               ro code  0x080412c4      0x4  startup_stm32f40_41xxx.o [1]
  .text               ro code  0x080412c8      0x4  startup_stm32f40_41xxx.o [1]
  .text               ro code  0x080412cc      0x4  startup_stm32f40_41xxx.o [1]
  .text               ro code  0x080412d0      0x4  startup_stm32f40_41xxx.o [1]
  .text               ro code  0x080412d4      0x4  startup_stm32f40_41xxx.o [1]
  .text               ro code  0x080412d8      0x4  startup_stm32f40_41xxx.o [1]
  .text               ro code  0x080412dc      0x4  startup_stm32f40_41xxx.o [1]
  .text               ro code  0x080412e0      0x4  startup_stm32f40_41xxx.o [1]
  .text               ro code  0x080412e4      0x4  startup_stm32f40_41xxx.o [1]
  .text               ro code  0x080412e8      0x4  startup_stm32f40_41xxx.o [1]
  .text               ro code  0x080412ec      0x4  startup_stm32f40_41xxx.o [1]
  .text               ro code  0x080412f0      0x4  startup_stm32f40_41xxx.o [1]
  .text               ro code  0x080412f4      0x4  startup_stm32f40_41xxx.o [1]
  .text               ro code  0x080412f8      0x4  startup_stm32f40_41xxx.o [1]
  .text               ro code  0x080412fc      0x4  startup_stm32f40_41xxx.o [1]
  .text               ro code  0x08041300      0x4  startup_stm32f40_41xxx.o [1]
  .text               ro code  0x08041304      0x4  startup_stm32f40_41xxx.o [1]
  .text               ro code  0x08041308      0x4  startup_stm32f40_41xxx.o [1]
  .text               ro code  0x0804130c      0x4  startup_stm32f40_41xxx.o [1]
  .rodata             const    0x08041310      0x0  zero_init3.o [5]
  .rodata             const    0x08041310      0x0  packbits_init.o [5]
  Initializer bytes   const    0x08041310    0x11d  <for P2 s0>
                             - 0x0804142d  0x412a5

"P2":                                      0x1f728
  P2 s0                        0x20000000    0x1cb  <Init block>
    __DLIB_PERTHREAD  inited   0x20000000     0x88  localeconv.o [3]
    .data             inited   0x20000088     0x50  demo_fatfs.o [1]
    .data             inited   0x200000d8     0x48  usbh_usr.o [1]
    .data             inited   0x20000120     0x40  xfiles.o [3]
    .data             inited   0x20000160     0x1c  malloc.o [1]
    .data             inited   0x2000017c     0x14  bsp_servomotor.o [1]
    .data             inited   0x20000190     0x10  stm32f4xx_rcc.o [1]
    .data             inited   0x200001a0     0x10  usbh_msc_core.o [1]
    .data             inited   0x200001b0      0xc  usbh_core.o [1]
    .data             inited   0x200001bc      0x4  port.o [1]
    .data             inited   0x200001c0      0x4  system_stm32f4xx.o [1]
    .data             inited   0x200001c4      0x4  usbh_core.o [1]
    .data             inited   0x200001c8      0x2  bsp_w25qxx.o [1]
    .data             inited   0x200001ca      0x1  usbh_msc_scsi.o [1]
  .bss                zero     0x200001cc  0x11800  heap_4.o [1]
  .bss                zero     0x200119cc   0xa000  malloc.o [1]
  .bss                zero     0x2001b9cc   0x1000  bsp_w25qxx.o [1]
  .bss                zero     0x2001c9cc    0xa00  malloc.o [1]
  .bss                zero     0x2001d3cc    0x5ac  usbh_usr.o [1]
  .bss                zero     0x2001d978    0x5ac  usbh_usr.o [1]
  .bss                zero     0x2001df24    0x200  ff.o [1]
  .bss                zero     0x2001e124    0x200  usbh_msc_scsi.o [1]
  .bss                zero     0x2001e324    0x200  usbh_stdreq.o [1]
  .bss                zero     0x2001e524    0x118  page_weimi.o [1]
  .bss                zero     0x2001e63c     0xc8  tasks.o [1]
  .bss                zero     0x2001e704     0xa4  protocol.o [1]
  .bss                zero     0x2001e7a8     0x94  usbh_usr.o [1]
  .bss                zero     0x2001e83c     0x90  para.o [1]
  .bss                zero     0x2001e8cc     0x70  protocol.o [1]
  .bss                zero     0x2001e93c     0x64  bsp_uart_fifo.o [1]
  .bss                zero     0x2001e9a0     0x64  bsp_uart_fifo.o [1]
  .bss                zero     0x2001ea08     0x58  bsp_sdio_sd.o [1]
  .bss                zero     0x2001ea60     0x50  protocol.o [1]
  .bss                zero     0x2001eab0     0x50  xfiles.o [3]
  .bss                zero     0x2001eb00     0x4c  usbh_msc_core.o [1]
  .bss                zero     0x2001eb4c     0x34  bsp_sdwe050c17.o [1]
  .bss                zero     0x2001eb80     0x2c  product_cal.o [1]
  .bss                zero     0x2001ebac     0x28  bsp_uart_fifo.o [1]
  .bss                zero     0x2001ebd4     0x28  encoder.o [1]
  .bss                zero     0x2001ebfc     0x28  product_cal.o [1]
  .bss                zero     0x2001ec24     0x24  ff.o [1]
  .bss                zero     0x2001ec48     0x20  usbh_msc_bot.o [1]
  .bss                zero     0x2001ec68     0x18  bsp_sdio_sd.o [1]
  .bss                zero     0x2001ec80     0x18  bsp_sdio_sd.o [1]
  .bss                zero     0x2001ec98     0x14  bsp_sdio_sd.o [1]
  .bss                zero     0x2001ecac     0x14  rc522.o [1]
  .bss                zero     0x2001ecc0     0x14  tasks.o [1]
  .bss                zero     0x2001ecd4     0x14  tasks.o [1]
  .bss                zero     0x2001ece8     0x14  tasks.o [1]
  .bss                zero     0x2001ecfc     0x14  tasks.o [1]
  .bss                zero     0x2001ed10     0x14  tasks.o [1]
  .bss                zero     0x2001ed24     0x14  timers.o [1]
  .bss                zero     0x2001ed38     0x14  timers.o [1]
  .bss                zero     0x2001ed4c     0x10  bsp_sdio_sd.o [1]
  .bss                zero     0x2001ed5c     0x10  bsp_sdio_sd.o [1]
  .bss                zero     0x2001ed6c     0x10  usbh_msc_bot.o [1]
  .bss                zero     0x2001ed7c     0x10  usbh_msc_bot.o [1]
  .bss                zero     0x2001ed8c     0x10  usbh_msc_scsi.o [1]
  .bss                zero     0x2001ed9c      0xc  apptask.o [1]
  .bss                zero     0x2001eda8      0xc  apptask.o [1]
  .bss                zero     0x2001edb4      0xc  ff.o [1]
  .bss                zero     0x2001edc0      0xc  protocol.o [1]
  .bss                zero     0x2001edcc      0xc  protocol.o [1]
  .bss                zero     0x2001edd8      0xc  protocol.o [1]
  .bss                zero     0x2001ede4      0x8  heap_4.o [1]
  .bss                zero     0x2001edec      0x8  modbus.o [1]
  .bss                zero     0x2001edf4      0x8  protocol.o [1]
  .bss                zero     0x2001edfc      0x4  apptask.o [1]
  .bss                zero     0x2001ee00      0x4  apptask.o [1]
  .bss                zero     0x2001ee04      0x4  apptask.o [1]
  .bss                zero     0x2001ee08      0x4  apptask.o [1]
  .bss                zero     0x2001ee0c      0x4  apptask.o [1]
  .bss                zero     0x2001ee10      0x4  apptask.o [1]
  .bss                zero     0x2001ee14      0x4  apptask.o [1]
  .bss                zero     0x2001ee18      0x4  apptask.o [1]
  .bss                zero     0x2001ee1c      0x4  apptask.o [1]
  .bss                zero     0x2001ee20      0x4  apptask.o [1]
  .bss                zero     0x2001ee24      0x4  apptask.o [1]
  .bss                zero     0x2001ee28      0x4  apptask.o [1]
  .bss                zero     0x2001ee2c      0x4  apptask.o [1]
  .bss                zero     0x2001ee30      0x4  apptask.o [1]
  .bss                zero     0x2001ee34      0x4  apptask.o [1]
  .bss                zero     0x2001ee38      0x4  apptask.o [1]
  .bss                zero     0x2001ee3c      0x4  apptask.o [1]
  .bss                zero     0x2001ee40      0x4  bsp_sdio_sd.o [1]
  .bss                zero     0x2001ee44      0x4  bsp_sdio_sd.o [1]
  .bss                zero     0x2001ee48      0x4  bsp_sdio_sd.o [1]
  .bss                zero     0x2001ee4c      0x4  bsp_sdio_sd.o [1]
  .bss                zero     0x2001ee50      0x4  bsp_sdio_sd.o [1]
  .bss                zero     0x2001ee54      0x4  bsp_timer.o [1]
  .bss                zero     0x2001ee58      0x4  bsp_timer.o [1]
  .bss                zero     0x2001ee5c      0x4  bsp_timer.o [1]
  .bss                zero     0x2001ee60      0x4  bsp_timer.o [1]
  .bss                zero     0x2001ee64      0x4  encoder.o [1]
  .bss                zero     0x2001ee68      0x4  encoder.o [1]
  .bss                zero     0x2001ee6c      0x4  encoder.o [1]
  .bss                zero     0x2001ee70      0x4  heap_4.o [1]
  .bss                zero     0x2001ee74      0x4  heap_4.o [1]
  .bss                zero     0x2001ee78      0x4  heap_4.o [1]
  .bss                zero     0x2001ee7c      0x4  heap_4.o [1]
  .bss                zero     0x2001ee80      0x4  port.o [1]
  .bss                zero     0x2001ee84      0x4  product_cal.o [1]
  .bss                zero     0x2001ee88      0x4  product_cal.o [1]
  .bss                zero     0x2001ee8c      0x4  SysInfoTest.o [1]
  .bss                zero     0x2001ee90      0x4  tasks.o [1]
  .bss                zero     0x2001ee94      0x4  tasks.o [1]
  .bss                zero     0x2001ee98      0x4  tasks.o [1]
  .bss                zero     0x2001ee9c      0x4  tasks.o [1]
  .bss                zero     0x2001eea0      0x4  tasks.o [1]
  .bss                zero     0x2001eea4      0x4  tasks.o [1]
  .bss                zero     0x2001eea8      0x4  tasks.o [1]
  .bss                zero     0x2001eeac      0x4  tasks.o [1]
  .bss                zero     0x2001eeb0      0x4  tasks.o [1]
  .bss                zero     0x2001eeb4      0x4  tasks.o [1]
  .bss                zero     0x2001eeb8      0x4  tasks.o [1]
  .bss                zero     0x2001eebc      0x4  tasks.o [1]
  .bss                zero     0x2001eec0      0x4  tasks.o [1]
  .bss                zero     0x2001eec4      0x4  tasks.o [1]
  .bss                zero     0x2001eec8      0x4  tasks.o [1]
  .bss                zero     0x2001eecc      0x4  tasks.o [1]
  .bss                zero     0x2001eed0      0x4  timers.o [1]
  .bss                zero     0x2001eed4      0x4  timers.o [1]
  .bss                zero     0x2001eed8      0x4  timers.o [1]
  .bss                zero     0x2001eedc      0x4  timers.o [1]
  .bss                zero     0x2001eee0      0x4  usbh_msc_bot.o [1]
  .bss                zero     0x2001eee4      0x4  usbh_msc_bot.o [1]
  .bss                zero     0x2001eee8      0x4  usbh_msc_bot.o [1]
  .bss                zero     0x2001eeec      0x4  usbh_msc_bot.o [1]
  .bss                zero     0x2001eef0      0x2  apptask.o [1]
  .bss                zero     0x2001eef2      0x2  apptask.o [1]
  .bss                zero     0x2001eef4      0x2  apptask.o [1]
  .bss                zero     0x2001eef6      0x2  apptask.o [1]
  .bss                zero     0x2001eef8      0x2  bsp_sdwe050c17.o [1]
  .bss                zero     0x2001eefa      0x2  encoder.o [1]
  .bss                zero     0x2001eefc      0x2  encoder.o [1]
  .bss                zero     0x2001eefe      0x2  ff.o [1]
  .bss                zero     0x2001ef00      0x2  product_cal.o [1]
  .bss                zero     0x2001ef02      0x2  usbh_core.o [1]
  .bss                zero     0x2001ef04      0x2  usbh_stdreq.o [1]
  .bss                zero     0x2001ef06      0x1  apptask.o [1]
  .bss                zero     0x2001ef07      0x1  apptask.o [1]
  .bss                zero     0x2001ef08      0x1  apptask.o [1]
  .bss                zero     0x2001ef09      0x1  apptask.o [1]
  .bss                zero     0x2001ef0a      0x1  apptask.o [1]
  .bss                zero     0x2001ef0b      0x1  apptask.o [1]
  .bss                zero     0x2001ef0c      0x1  apptask.o [1]
  .bss                zero     0x2001ef0d      0x1  apptask.o [1]
  .bss                zero     0x2001ef0e      0x1  apptask.o [1]
  .bss                zero     0x2001ef0f      0x1  bsp_sdio_sd.o [1]
  .bss                zero     0x2001ef10      0x1  bsp_sdwe050c17.o [1]
  .bss                zero     0x2001ef11      0x1  bsp_uart_fifo.o [1]
  .bss                zero     0x2001ef12      0x1  encoder.o [1]
  .bss                zero     0x2001ef13      0x1  encoder.o [1]
  .bss                zero     0x2001ef14      0x1  encoder.o [1]
  .bss                zero     0x2001ef15      0x1  encoder.o [1]
  .bss                zero     0x2001ef16      0x1  port.o [1]
  .bss                zero     0x2001ef17      0x1  product_cal.o [1]
  .bss                zero     0x2001ef18      0x1  product_cal.o [1]
  .bss                zero     0x2001ef19      0x1  product_cal.o [1]
  .bss                zero     0x2001ef1a      0x1  protocol.o [1]
  .bss                zero     0x2001ef1b      0x1  rc522.o [1]
  .bss                zero     0x2001ef1c      0x1  rc522.o [1]
  .bss                zero     0x2001ef1d      0x1  usbh_msc_bot.o [1]
  .bss                zero     0x2001ef1e      0x1  usbh_msc_core.o [1]
  .bss                zero     0x2001ef1f      0x1  usbh_msc_core.o [1]
  .bss                zero     0x2001ef20      0x1  usbh_stdreq.o [1]
  .bss                zero     0x2001ef21      0x1  usbh_usr.o [1]
  CSTACK                       0x2001ef28    0x800  <Block>
    CSTACK            uninit   0x2001ef28    0x800  <Block tail>
                             - 0x2001f728  0x1f728

Absolute sections:                         0xff000
  .bss                zero     0x68000000  0xf0000  malloc.o [1]
  .bss                zero     0x680f0000   0xf000  malloc.o [1]
                             - 0x680ff000  0xff000


*******************************************************************************
*** INIT TABLE
***

          Address     Size
          -------     ----
Zero (__iar_zero_init3)
    2 destination ranges, total size 0x11dd56:
          0x200001cc  0x1ed56
          0x68000000  0xff000

Copy/packbits (__iar_packbits_init3)
    1 source range, total size 0x11d (62% of destination):
          0x08041310    0x11d
    1 destination range, total size 0x1cb:
          0x20000000    0x1cb



*******************************************************************************
*** MODULE SUMMARY
***

    Module                    ro code  ro data  rw data    rw data
                                                            (abs)
    ------                    -------  -------  -------    -------
E:\WORK\YarnControl_Driver\YarnControl_Driver\src\stm32f4_rtos\Project\EWARMv7\Flash\Obj: [1]
    SysInfoTest.o                  60                 4
    apptask.o                  16 436    1 676      109
    bsp.o                          76
    bsp_closeSW.o                 232
    bsp_dwt.o                     116
    bsp_led.o                     192
    bsp_relay.o                    68
    bsp_sdio_sd.o               6 744               209
    bsp_sdwe050c17.o            4 696       56       55
    bsp_servomotor.o            1 040       13       20
    bsp_spi.o                     292
    bsp_stepmotor.o               548
    bsp_sw_onoff.o                104
    bsp_tim_pwm.o                 736
    bsp_timer.o                   516                16
    bsp_uart_fifo.o             2 532               241
    bsp_w25qxx.o                  896        9    4 098
    bsp_watchdog.o                  8
    cc936.o                       244  176 320
    demo_fatfs.o                           742       80
    diskio.o                      740
    encoder.o                     680                60
    event_groups.o                610
    ff.o                        8 804       36      562
    heap_4.o                      640        4   71 704
    list.o                        152
    main.o                         52       32
    malloc.o                      540       41   43 548  1 044 480
    mcheck.o                      184      768
    misc.o                        136
    modbus.o                      852                 8
    page_weimi.o                                    280
    para.o                        700       24      144
    port.o                        588        7        9
    portasm.o                     168
    product_cal.o               1 316      400       97
    protocol.o                     68               401
    queue.o                     1 992
    rc522.o                       174                22
    startup_stm32f40_41xxx.o      680
    stm32f4xx_dma.o               796
    stm32f4xx_exti.o              192
    stm32f4xx_gpio.o              300
    stm32f4xx_it.o                 56       44
    stm32f4xx_iwdg.o               16
    stm32f4xx_rcc.o               488       10       16
    stm32f4xx_sdio.o              380
    stm32f4xx_spi.o               116
    stm32f4xx_syscfg.o             84
    stm32f4xx_tim.o             1 772
    stm32f4xx_usart.o             596
    system_stm32f4xx.o            340        2        4
    tasks.o                     3 072        8      364
    timers.o                    1 188        8       56
    usb_bsp.o                     332
    usb_core.o                  2 640
    usb_hcd.o                     214
    usb_hcd_int.o               3 198
    usbh_core.o                 1 888       10       18
    usbh_hcs.o                    442
    usbh_ioreq.o                  582
    usbh_it.o                      16
    usbh_msc_bot.o              1 364                81
    usbh_msc_core.o             1 000       10       94
    usbh_msc_scsi.o             1 560        1      529
    usbh_stdreq.o               1 078               515
    usbh_usr.o                    438      600    3 125
    --------------------------------------------------------------
    Total:                     78 760  180 821  126 469  1 044 480

command line: [2]
    --------------------------------------------------------------
    Total:

dl7M_tlf.a: [3]
    abort.o                         6
    div.o                          14
    exit.o                          4
    localeconv.o                  108       84      136
    printf.o                       36
    putchar.o                      12
    sprintf.o                      52
    strcat.o                       28
    strstr.o                       44
    xfiles.o                                40      144
    xprintffull_nomb.o          3 478
    xprout.o                       22
    xsprout.o                      10
    --------------------------------------------------------------
    Total:                      3 814      124      280

m7M_tls.a: [4]
    DblAdd.o                      232
    DblCmpGe.o                     46
    DblCmpLe.o                     46
    DblDiv.o                      598
    DblMul.o                      418
    DblSub.o                      384
    DblToFlt.o                    144
    DblToI32.o                     88
    FltToDbl.o                     78
    I32ToDbl.o                     48
    fpinit_M.o                     34
    xdnorm.o                       66
    xdscale.o                     276
    --------------------------------------------------------------
    Total:                      2 458

rt7M_tl.a: [5]
    ABImemcpy_unaligned.o         118
    ABImemset.o                   102
    I64DivMod.o                   238
    I64DivZer.o                     2
    cexit.o                        10
    cmain.o                        26
    cstartup_M.o                   12
    data_init.o                    40
    memchr.o                       88
    memcmp_unaligned.o             98
    packbits_init.o               208
    strchr.o                       22
    strcmp_unaligned.o             66
    strcpy_unaligned.o             68
    strlen.o                       54
    zero_init3.o                   64
    --------------------------------------------------------------
    Total:                      1 216

shb_l.a: [6]
    exit.o                         20
    --------------------------------------------------------------
    Total:                         20

    Gaps                           40        4        5
    Linker created                          52    2 048
------------------------------------------------------------------
    Grand Total:               86 308  181 001  128 802  1 044 480


*******************************************************************************
*** ENTRY LIST
***

Entry                      Address     Size  Type      Object
-----                      -------     ----  ----      ------
.iar.init_table$$Base   0x0804093c            --   Gb  - Linker created -
.iar.init_table$$Limit  0x08040970            --   Gb  - Linker created -
?main                   0x08040c59           Code  Gb  cmain.o [5]
APBAHBPrescTable        0x20000190     0x10  Data  Lc  stm32f4xx_rcc.o [1]
AppObjCreate            0x0802e5a5    0x13c  Code  Gb  apptask.o [1]
AppTaskCreate           0x0802e459    0x148  Code  Gb  apptask.o [1]
BOTStallErrorCount      0x2001eee0      0x4  Data  Lc  usbh_msc_bot.o [1]
BusFault_Handler        0x08040693      0x2  Code  Gb  stm32f4xx_it.o [1]
CID_Tab                 0x2001ed5c     0x10  Data  Lc  bsp_sdio_sd.o [1]
CRC16HiTable            0x0803ff34    0x100  Data  Gb  mcheck.o [1]
CRC16LoTable            0x08040034    0x100  Data  Gb  mcheck.o [1]
CRC8Table               0x08040134    0x100  Data  Gb  mcheck.o [1]
CSD_Tab                 0x2001ed4c     0x10  Data  Lc  bsp_sdio_sd.o [1]
CSTACK$$Base            0x2001ef28            --   Gb  - Linker created -
CSTACK$$Limit           0x2001f728            --   Gb  - Linker created -
CardType                0x2001ee40      0x4  Data  Lc  bsp_sdio_sd.o [1]
CmdError                0x0803c681     0x38  Code  Lc  bsp_sdio_sd.o [1]
CmdResp1Error           0x0803c725    0x112  Code  Lc  bsp_sdio_sd.o [1]
CmdResp2Error           0x0803c875     0x52  Code  Lc  bsp_sdio_sd.o [1]
CmdResp3Error           0x0803c837     0x3e  Code  Lc  bsp_sdio_sd.o [1]
CmdResp6Error           0x0803c8c7     0xa6  Code  Lc  bsp_sdio_sd.o [1]
CmdResp7Error           0x0803c6b9     0x58  Code  Lc  bsp_sdio_sd.o [1]
ConfigExitNVIC          0x0804029f     0x22  Code  Gb  bsp_closeSW.o [1]
ConfigUartNVIC          0x0803789b     0x7c  Code  Lc  bsp_uart_fifo.o [1]
DIFF_G_init             0x08035fe1     0x78  Code  Gb  bsp_servomotor.o [1]
DMA1_Stream0_IRQHandler
                        0x08036305     0x1c  Code  Gb  bsp_servomotor.o [1]
DMA1_Stream3_IRQHandler
                        0x08036321     0x1c  Code  Gb  bsp_servomotor.o [1]
DMA2_Stream3_IRQHandler
                        0x0803cf69      0x8  Code  Gb  bsp_sdio_sd.o [1]
DMAEndOfTransfer        0x2001ee50      0x4  Data  Gb  bsp_sdio_sd.o [1]
DMA_ClearFlag           0x0803a183     0x24  Code  Gb  stm32f4xx_dma.o [1]
DMA_Cmd                 0x0803a139     0x1a  Code  Gb  stm32f4xx_dma.o [1]
DMA_DeInit              0x08039fa1    0x140  Code  Gb  stm32f4xx_dma.o [1]
DMA_FlowControllerConfig
                        0x0803a153     0x18  Code  Gb  stm32f4xx_dma.o [1]
DMA_GetCmdStatus        0x0803a16b     0x18  Code  Gb  stm32f4xx_dma.o [1]
DMA_GetITStatus         0x0803a1e9     0x62  Code  Gb  stm32f4xx_dma.o [1]
DMA_ITConfig            0x0803a1a7     0x42  Code  Gb  stm32f4xx_dma.o [1]
DMA_Init                0x0803a0e1     0x58  Code  Gb  stm32f4xx_dma.o [1]
DebugMon_Handler        0x08040697      0x2  Code  Gb  stm32f4xx_it.o [1]
DiskFile_init           0x08035bb1     0x40  Code  Gb  protocol.o [1]
Disk_File               0x2001e8cc     0x70  Data  Gb  protocol.o [1]
EXTI9_5_IRQHandler      0x080402c1     0x4e  Code  Gb  bsp_closeSW.o [1]
EXTI_ClearITPendingBit  0x08040413      0x6  Code  Gb  stm32f4xx_exti.o [1]
EXTI_GetITStatus        0x080403f9     0x1a  Code  Gb  stm32f4xx_exti.o [1]
EXTI_Init               0x08040371     0x88  Code  Gb  stm32f4xx_exti.o [1]
Encoder_Cap_Init        0x08036365     0xbc  Code  Gb  encoder.o [1]
FR_Table                0x20000088     0x50  Data  Gb  demo_fatfs.o [1]
FatFs                   0x2001edb4      0xc  Data  Lc  ff.o [1]
File_info               0x2001ea60     0x50  Data  Gb  protocol.o [1]
Files                   0x2001ec24     0x24  Data  Lc  ff.o [1]
FindSCR                 0x0803cb15    0x206  Code  Lc  bsp_sdio_sd.o [1]
Freq                    0x2001ebd4     0x28  Data  Gb  encoder.o [1]
Freq_Sample             0x08036421     0xec  Code  Gb  encoder.o [1]
Freq_ptr1               0x2001ef13      0x1  Data  Gb  encoder.o [1]
Freq_ptr2               0x2001ef14      0x1  Data  Gb  encoder.o [1]
Freq_value              0x2001ee68      0x4  Data  Gb  encoder.o [1]
Fsid                    0x2001eefe      0x2  Data  Lc  ff.o [1]
GPIO_Init               0x08035e29     0xaa  Code  Gb  stm32f4xx_gpio.o [1]
GPIO_PinAFConfig        0x08035efb     0x5a  Code  Gb  stm32f4xx_gpio.o [1]
GPIO_ReadInputDataBit   0x08035ed3     0x1a  Code  Gb  stm32f4xx_gpio.o [1]
GPIO_WriteBit           0x08035eed      0xe  Code  Gb  stm32f4xx_gpio.o [1]
GetDeviceState          0x08035b7d     0x2e  Code  Gb  bsp_sw_onoff.o [1]
HCD_GetCurrentFrame     0x08039269      0x8  Code  Gb  usb_hcd.o [1]
HCD_GetCurrentSpeed     0x0803924b     0x10  Code  Gb  usb_hcd.o [1]
HCD_GetURB_State        0x08039271      0xa  Code  Gb  usb_hcd.o [1]
HCD_GetXferCnt          0x0803927b      0xc  Code  Gb  usb_hcd.o [1]
HCD_Init                0x080391d9     0x72  Code  Gb  usb_hcd.o [1]
HCD_ResetPort           0x0803925b      0xe  Code  Gb  usb_hcd.o [1]
HCD_SubmitRequest       0x08039287     0x28  Code  Gb  usb_hcd.o [1]
HardFault_Handler       0x08040663     0x22  Code  Gb  stm32f4xx_it.o [1]
IWDG_Feed               0x08036d15      0x8  Code  Gb  bsp_watchdog.o [1]
IWDG_ReloadCounter      0x0803a345      0xa  Code  Gb  stm32f4xx_iwdg.o [1]
InStream_Read           0x08040431     0x22  Code  Lc  packbits_init.o [5]
InitHardUart            0x080374d9    0x3c2  Code  Lc  bsp_uart_fifo.o [1]
Init_JINGSHA_GUI        0x0802febb    0x122  Code  Gb  bsp_sdwe050c17.o [1]
LfnBuf                  0x2001df24    0x200  Data  Lc  ff.o [1]
LfnOfs                  0x08040f58     0x10  Data  Lc  ff.o [1]
LoadInt                 0x08038701     0x6e  Code  Lc  xprintffull_nomb.o [3]
MSCErrorCount           0x2001ef1e      0x1  Data  Gb  usbh_msc_core.o [1]
MSC_Machine             0x2001eb00     0x4c  Data  Gb  usbh_msc_core.o [1]
MSG_DEV_ATTACHED        0x08040dd4     0x18  Data  Gb  usbh_usr.o [1]
MSG_DEV_DISCONNECTED    0x08040dec     0x18  Data  Gb  usbh_usr.o [1]
MSG_DEV_ENUMERATED      0x08040c04     0x1c  Data  Gb  usbh_usr.o [1]
MSG_DEV_ERROR           0x08040eb4     0x14  Data  Gb  usbh_usr.o [1]
MSG_DEV_FULLSPEED       0x08040a90     0x20  Data  Gb  usbh_usr.o [1]
MSG_DEV_HIGHSPEED       0x08040a70     0x20  Data  Gb  usbh_usr.o [1]
MSG_DEV_LOWSPEED        0x08040ab0     0x20  Data  Gb  usbh_usr.o [1]
MSG_HID_CLASS           0x08040c20     0x1c  Data  Gb  usbh_usr.o [1]
MSG_MSC_CLASS           0x080408f4     0x24  Data  Gb  usbh_usr.o [1]
MSG_UNREC_ERROR         0x08040c3c     0x1c  Data  Gb  usbh_usr.o [1]
MemManage_Handler       0x08040691      0x2  Code  Gb  stm32f4xx_it.o [1]
NMI_Handler             0x08040661      0x2  Code  Gb  stm32f4xx_it.o [1]
NVIC_Init               0x0803a2c7     0x6a  Code  Gb  misc.o [1]
NVIC_PriorityGroupConfig
                        0x0803a2bd      0xa  Code  Gb  misc.o [1]
OTG_FS_IRQHandler       0x08040fb9     0x10  Code  Gb  usbh_it.o [1]
Overflow_ptr            0x2001ee6c      0x4  Data  Gb  encoder.o [1]
PendSV_Handler          0x0803a355           Code  Gb  portasm.o [1]
RCA                     0x2001ee44      0x4  Data  Lc  bsp_sdio_sd.o [1]
RCC_AHB1PeriphClockCmd  0x08037383     0x22  Code  Gb  stm32f4xx_rcc.o [1]
RCC_AHB2PeriphClockCmd  0x080373a5     0x1e  Code  Gb  stm32f4xx_rcc.o [1]
RCC_APB1PeriphClockCmd  0x080373c3     0x1e  Code  Gb  stm32f4xx_rcc.o [1]
RCC_APB1PeriphResetCmd  0x080373ff     0x1e  Code  Gb  stm32f4xx_rcc.o [1]
RCC_APB2PeriphClockCmd  0x080373e1     0x1e  Code  Gb  stm32f4xx_rcc.o [1]
RCC_APB2PeriphResetCmd  0x0803741d     0x1e  Code  Gb  stm32f4xx_rcc.o [1]
RCC_GetClocksFreq       0x08037281    0x102  Code  Gb  stm32f4xx_rcc.o [1]
RS485_InitTXE           0x080374a5     0x34  Code  Gb  bsp_uart_fifo.o [1]
RS485_sendbuf           0x08037ce5     0x3c  Code  Gb  bsp_uart_fifo.o [1]
ReadValue1              0x2001eefa      0x2  Data  Gb  encoder.o [1]
ReadValue2              0x2001eefc      0x2  Data  Gb  encoder.o [1]
Region$$Table$$Base     0x0804093c            --   Gb  - Linker created -
Region$$Table$$Limit    0x08040970            --   Gb  - Linker created -
SDCardInfo              0x2001ea08     0x58  Data  Gb  bsp_sdio_sd.o [1]
SDEnWideBus             0x0803c979    0x198  Code  Lc  bsp_sdio_sd.o [1]
SDIO_ClearFlag          0x0803dbf5      0x6  Code  Gb  stm32f4xx_sdio.o [1]
SDIO_ClearITPendingBit  0x0803dc15      0x6  Code  Gb  stm32f4xx_sdio.o [1]
SDIO_ClockCmd           0x0803db23      0x8  Code  Gb  stm32f4xx_sdio.o [1]
SDIO_CmdInitStructure   0x2001ec98     0x14  Data  Gb  bsp_sdio_sd.o [1]
SDIO_DMACmd             0x0803dbb5      0x8  Code  Gb  stm32f4xx_sdio.o [1]
SDIO_DataConfig         0x0803db81     0x2e  Code  Gb  stm32f4xx_sdio.o [1]
SDIO_DataInitStructure  0x2001ec80     0x18  Data  Gb  bsp_sdio_sd.o [1]
SDIO_DeInit             0x0803dae1     0x18  Code  Gb  stm32f4xx_sdio.o [1]
SDIO_GetCommandResponse
                        0x0803db63      0x8  Code  Gb  stm32f4xx_sdio.o [1]
SDIO_GetFlagStatus      0x0803dbdb     0x1a  Code  Gb  stm32f4xx_sdio.o [1]
SDIO_GetITStatus        0x0803dbfb     0x1a  Code  Gb  stm32f4xx_sdio.o [1]
SDIO_GetPowerState      0x0803db31      0xa  Code  Gb  stm32f4xx_sdio.o [1]
SDIO_GetResponse        0x0803db6b     0x16  Code  Gb  stm32f4xx_sdio.o [1]
SDIO_IRQHandler         0x0803cf61      0x8  Code  Gb  bsp_sdio_sd.o [1]
SDIO_ITConfig           0x0803dbbd     0x1e  Code  Gb  stm32f4xx_sdio.o [1]
SDIO_Init               0x0803daf9     0x2a  Code  Gb  stm32f4xx_sdio.o [1]
SDIO_InitStructure      0x2001ec68     0x18  Data  Gb  bsp_sdio_sd.o [1]
SDIO_Interrupts_Config  0x0803cf25     0x3c  Code  Gb  bsp_sdio_sd.o [1]
SDIO_ReadData           0x0803dbaf      0x6  Code  Gb  stm32f4xx_sdio.o [1]
SDIO_SendCommand        0x0803db3b     0x28  Code  Gb  stm32f4xx_sdio.o [1]
SDIO_SetPowerState      0x0803db2b      0x6  Code  Gb  stm32f4xx_sdio.o [1]
SDWE_WARNNING           0x0803014d     0x2a  Code  Gb  bsp_sdwe050c17.o [1]
SD_Detect               0x0803b61d     0x22  Code  Gb  bsp_sdio_sd.o [1]
SD_EnableWideBusOperation
                        0x0803be19     0xc8  Code  Gb  bsp_sdio_sd.o [1]
SD_GetCardInfo          0x0803ba2d    0x3ec  Code  Gb  bsp_sdio_sd.o [1]
SD_GetState             0x0803b5f3     0x2a  Code  Gb  bsp_sdio_sd.o [1]
SD_GetStatus            0x0803b5d1     0x22  Code  Gb  bsp_sdio_sd.o [1]
SD_Init                 0x0803b519     0xb8  Code  Gb  bsp_sdio_sd.o [1]
SD_InitializeCards      0x0803b88b    0x1a2  Code  Gb  bsp_sdio_sd.o [1]
SD_LowLevel_DMA_RxConfig
                        0x0803ce6f     0x8e  Code  Gb  bsp_sdio_sd.o [1]
SD_LowLevel_DMA_TxConfig
                        0x0803cde1     0x8e  Code  Gb  bsp_sdio_sd.o [1]
SD_LowLevel_Init        0x0803cd1d     0xbc  Code  Gb  bsp_sdio_sd.o [1]
SD_PowerON              0x0803b63f    0x24c  Code  Gb  bsp_sdio_sd.o [1]
SD_ProcessDMAIRQ        0x0803c65d     0x22  Code  Gb  bsp_sdio_sd.o [1]
SD_ProcessIRQSrc        0x0803c5af     0xae  Code  Gb  bsp_sdio_sd.o [1]
SD_ReadBlock            0x0803bf19    0x108  Code  Gb  bsp_sdio_sd.o [1]
SD_ReadMultiBlocks      0x0803c021    0x134  Code  Gb  bsp_sdio_sd.o [1]
SD_SelectDeselect       0x0803bee1     0x38  Code  Gb  bsp_sdio_sd.o [1]
SD_SendStatus           0x0803c541     0x6e  Code  Gb  bsp_sdio_sd.o [1]
SD_StopTransfer         0x0803c4f9     0x44  Code  Gb  bsp_sdio_sd.o [1]
SD_WaitReadOperation    0x0803c159     0x96  Code  Gb  bsp_sdio_sd.o [1]
SD_WriteBlock           0x0803c1f9    0x11e  Code  Gb  bsp_sdio_sd.o [1]
SD_WriteMultiBlocks     0x0803c325    0x1cc  Code  Gb  bsp_sdio_sd.o [1]
SPI1_Init               0x08038051     0xc0  Code  Gb  bsp_spi.o [1]
SPI1_ReadWriteByte      0x08038139     0x32  Code  Gb  bsp_spi.o [1]
SPI1_SetSpeed           0x08038111     0x28  Code  Gb  bsp_spi.o [1]
SPI_Cmd                 0x0803a691     0x1c  Code  Gb  stm32f4xx_spi.o [1]
SPI_I2S_GetFlagStatus   0x0803a6ad     0x18  Code  Gb  stm32f4xx_spi.o [1]
SPI_Init                0x0803a651     0x40  Code  Gb  stm32f4xx_spi.o [1]
SRC_Buffer              0x2000017c     0x14  Data  Gb  bsp_servomotor.o [1]
SVC_Handler             0x0803a3ad           Code  Gb  portasm.o [1]
SYSCFG_EXTILineConfig   0x0804031d     0x50  Code  Gb  stm32f4xx_syscfg.o [1]
Sdwe_ClearReadDisk      0x08030223     0x1c  Code  Gb  bsp_sdwe050c17.o [1]
Sdwe_change_class_time  0x0803068f     0x30  Code  Gb  bsp_sdwe050c17.o [1]
Sdwe_clearString        0x08030177     0x54  Code  Gb  bsp_sdwe050c17.o [1]
Sdwe_clear_filename     0x0803026f     0x2a  Code  Gb  bsp_sdwe050c17.o [1]
Sdwe_disDigi            0x08030027     0xa4  Code  Gb  bsp_sdwe050c17.o [1]
Sdwe_disPicture         0x0802ffdd     0x4a  Code  Gb  bsp_sdwe050c17.o [1]
Sdwe_disString          0x080300cb     0x82  Code  Gb  bsp_sdwe050c17.o [1]
Sdwe_hidden_page        0x08030727     0x30  Code  Gb  bsp_sdwe050c17.o [1]
Sdwe_peiliao_page       0x08030599     0xf6  Code  Gb  bsp_sdwe050c17.o [1]
Sdwe_period_page        0x080306bf     0x68  Code  Gb  bsp_sdwe050c17.o [1]
Sdwe_product_page       0x08030417    0x182  Code  Gb  bsp_sdwe050c17.o [1]
Sdwe_readRTC            0x0803023f     0x30  Code  Gb  bsp_sdwe050c17.o [1]
Sdwe_refresh_allname    0x080303cf     0x48  Code  Gb  bsp_sdwe050c17.o [1]
Sdwe_refresh_filename   0x08030299    0x136  Code  Gb  bsp_sdwe050c17.o [1]
Sdwe_stop_page          0x08030757    0x36a  Code  Gb  bsp_sdwe050c17.o [1]
Sdwe_writeIcon          0x080301cb     0x58  Code  Gb  bsp_sdwe050c17.o [1]
SetSysClock             0x0803fe33     0xce  Code  Lc  system_stm32f4xx.o [1]
Show_flag               0x2001ef15      0x1  Data  Gb  encoder.o [1]
SlavePara               0x2001e704     0xa4  Data  Gb  protocol.o [1]
StopCondition           0x2001ee48      0x4  Data  Gb  bsp_sdio_sd.o [1]
SysTick_Handler         0x08036ea3     0x2c  Code  Gb  port.o [1]
SystemCoreClock         0x200001c0      0x4  Data  Gb  system_stm32f4xx.o [1]
SystemInit              0x0803fde1     0x52  Code  Gb  system_stm32f4xx.o [1]
TI1_Config              0x08032325     0x38  Code  Lc  stm32f4xx_tim.o [1]
TI2_Config              0x0803235d     0x42  Code  Lc  stm32f4xx_tim.o [1]
TI3_Config              0x0803239f     0x40  Code  Lc  stm32f4xx_tim.o [1]
TI4_Config              0x080323df     0x42  Code  Lc  stm32f4xx_tim.o [1]
TIM1_PWM_SETPMOTOR      0x08035d75     0x9e  Code  Gb  bsp_stepmotor.o [1]
TIM2_IRQHandler         0x08037f8d     0xac  Code  Gb  bsp_timer.o [1]
TIM3CH2_CAPTURE_STA     0x2001ef12      0x1  Data  Gb  encoder.o [1]
TIM3CH2_CAPTURE_VAL     0x2001ee64      0x4  Data  Gb  encoder.o [1]
TIM3_IRQHandler         0x0803650d     0xc8  Code  Gb  encoder.o [1]
TIM3_PWM_SETPMOTOR      0x08035d0d     0x68  Code  Gb  bsp_stepmotor.o [1]
TIM4_CH1_ConfigPwmOut   0x08035f55     0x1c  Code  Gb  bsp_servomotor.o [1]
TIM4_CH1_GPIO_Configuration
                        0x08035f9f     0x42  Code  Gb  bsp_servomotor.o [1]
TIM4_CH1_PWMDMA_Config  0x0803611d     0xb0  Code  Gb  bsp_servomotor.o [1]
TIM4_CH1_StopPwmOut     0x08035f71     0x2e  Code  Gb  bsp_servomotor.o [1]
TIM4_CH2_ConfigPwmOut   0x080361cd     0x1c  Code  Gb  bsp_servomotor.o [1]
TIM4_CH2_GPIO_Configuration
                        0x08036217     0x3e  Code  Gb  bsp_servomotor.o [1]
TIM4_CH2_PWMDMA_Config  0x08036255     0xb0  Code  Gb  bsp_servomotor.o [1]
TIM4_CH2_StopPwmOut     0x080361e9     0x2e  Code  Gb  bsp_servomotor.o [1]
TIM4_PWM_Config         0x08036059     0xc4  Code  Gb  bsp_servomotor.o [1]
TIM6_DAC_IRQHandler     0x080405ff     0x22  Code  Gb  SysInfoTest.o [1]
TIM_ARRPreloadConfig    0x08031f1b     0x1c  Code  Gb  stm32f4xx_tim.o [1]
TIM_CallBack1           0x0802e721     0x34  Code  Gb  apptask.o [1]
TIM_ClearITPendingBit   0x08032307      0x8  Code  Gb  stm32f4xx_tim.o [1]
TIM_Cmd                 0x08031f37     0x1c  Code  Gb  stm32f4xx_tim.o [1]
TIM_CtrlPWMOutputs      0x0803229d     0x22  Code  Gb  stm32f4xx_tim.o [1]
TIM_DMACmd              0x0803230f     0x16  Code  Gb  stm32f4xx_tim.o [1]
TIM_DeInit              0x08031d35    0x17c  Code  Gb  stm32f4xx_tim.o [1]
TIM_GetITStatus         0x080322d5     0x32  Code  Gb  stm32f4xx_tim.o [1]
TIM_ICInit              0x080321e1     0x70  Code  Gb  stm32f4xx_tim.o [1]
TIM_ITConfig            0x080322bf     0x16  Code  Gb  stm32f4xx_tim.o [1]
TIM_OC1Init             0x08031f53     0x7e  Code  Gb  stm32f4xx_tim.o [1]
TIM_OC2Init             0x08031fd1     0x8c  Code  Gb  stm32f4xx_tim.o [1]
TIM_OC2PreloadConfig    0x080321a7     0x14  Code  Gb  stm32f4xx_tim.o [1]
TIM_OC3Init             0x0803205d     0x8a  Code  Gb  stm32f4xx_tim.o [1]
TIM_OC3PreloadConfig    0x080321bb     0x12  Code  Gb  stm32f4xx_tim.o [1]
TIM_OC4Init             0x080320e7     0x68  Code  Gb  stm32f4xx_tim.o [1]
TIM_OC4PreloadConfig    0x080321cd     0x14  Code  Gb  stm32f4xx_tim.o [1]
TIM_OCStructInit        0x08032185     0x22  Code  Gb  stm32f4xx_tim.o [1]
TIM_SetIC1Prescaler     0x08032251     0x12  Code  Gb  stm32f4xx_tim.o [1]
TIM_SetIC2Prescaler     0x08032263     0x14  Code  Gb  stm32f4xx_tim.o [1]
TIM_SetIC3Prescaler     0x08032277     0x12  Code  Gb  stm32f4xx_tim.o [1]
TIM_SetIC4Prescaler     0x08032289     0x14  Code  Gb  stm32f4xx_tim.o [1]
TIM_TimeBaseInit        0x08031eb1     0x6a  Code  Gb  stm32f4xx_tim.o [1]
Task_iwdg_refresh       0x0802e959     0x56  Code  Gb  apptask.o [1]
TransferEnd             0x2001ee4c      0x4  Data  Gb  bsp_sdio_sd.o [1]
TransferError           0x2001ef0f      0x1  Data  Gb  bsp_sdio_sd.o [1]
UART1ToPC               0x08037c85     0x30  Code  Gb  bsp_uart_fifo.o [1]
UART2ToPC               0x08037cb5     0x30  Code  Gb  bsp_uart_fifo.o [1]
UART2_RX_BUF            0x2001e9a0     0x64  Data  Gb  bsp_uart_fifo.o [1]
UART3ToPC               0x08037d21     0x30  Code  Gb  bsp_uart_fifo.o [1]
UART4ToPC               0x08037d51     0x30  Code  Gb  bsp_uart_fifo.o [1]
UART4_IRQHandler        0x08037b97     0x84  Code  Gb  bsp_uart_fifo.o [1]
UART4_RX_BUF            0x2001e93c     0x64  Data  Gb  bsp_uart_fifo.o [1]
UART5ToPC               0x08037d81     0x30  Code  Gb  bsp_uart_fifo.o [1]
UART5_IRQHandler        0x08037c1b     0x6a  Code  Gb  bsp_uart_fifo.o [1]
USART1_IRQHandler       0x08037b07     0x1e  Code  Gb  bsp_uart_fifo.o [1]
USART2_IRQHandler       0x08037b25     0x68  Code  Gb  bsp_uart_fifo.o [1]
USART3_IRQHandler       0x08037b8d      0xa  Code  Gb  bsp_uart_fifo.o [1]
USART_ClearFlag         0x0803a5af      0xc  Code  Gb  stm32f4xx_usart.o [1]
USART_ClearITPendingBit
                        0x0803a62b     0x26  Code  Gb  stm32f4xx_usart.o [1]
USART_Cmd               0x0803a4f9     0x1c  Code  Gb  stm32f4xx_usart.o [1]
USART_DMACmd            0x0803a525     0x16  Code  Gb  stm32f4xx_usart.o [1]
USART_GetFlagStatus     0x0803a591     0x1e  Code  Gb  stm32f4xx_usart.o [1]
USART_GetITStatus       0x0803a5bb     0x70  Code  Gb  stm32f4xx_usart.o [1]
USART_ITConfig          0x0803a53b     0x56  Code  Gb  stm32f4xx_usart.o [1]
USART_Init              0x0803a3fd     0xee  Code  Gb  stm32f4xx_usart.o [1]
USART_ReceiveData       0x0803a51d      0x8  Code  Gb  stm32f4xx_usart.o [1]
USART_SendData          0x0803a515      0x8  Code  Gb  stm32f4xx_usart.o [1]
USBH_Alloc_Channel      0x080393c9     0x2e  Code  Gb  usbh_hcs.o [1]
USBH_BulkReceiveData    0x08039a6d     0x62  Code  Gb  usbh_ioreq.o [1]
USBH_BulkSendData       0x08039a0b     0x62  Code  Gb  usbh_ioreq.o [1]
USBH_CfgDesc            0x2001e324    0x200  Data  Gb  usbh_stdreq.o [1]
USBH_ClrFeature         0x08039613     0x4c  Code  Gb  usbh_stdreq.o [1]
USBH_Connected          0x08032c71      0xc  Code  Gb  usbh_core.o [1]
USBH_CtlReceiveData     0x080399c5     0x46  Code  Gb  usbh_ioreq.o [1]
USBH_CtlReq             0x0803989f     0x6e  Code  Gb  usbh_ioreq.o [1]
USBH_CtlSendData        0x08039951     0x74  Code  Gb  usbh_ioreq.o [1]
USBH_CtlSendSetup       0x0803990d     0x44  Code  Gb  usbh_ioreq.o [1]
USBH_DataInBuffer       0x2001e124    0x200  Data  Gb  usbh_msc_scsi.o [1]
USBH_DeAllocate_AllChannel
                        0x0803941b     0x20  Code  Gb  usbh_hcs.o [1]
USBH_DeInit             0x08032cd7     0x3e  Code  Gb  usbh_core.o [1]
USBH_Disconnected       0x08032c7d      0xc  Code  Gb  usbh_core.o [1]
USBH_ErrorHandle        0x08032ee7     0x34  Code  Gb  usbh_core.o [1]
USBH_Free_Channel       0x080393f7     0x24  Code  Gb  usbh_hcs.o [1]
USBH_GetDescriptor      0x08039573     0x4e  Code  Gb  usbh_stdreq.o [1]
USBH_GetFreeChannel     0x0803943b     0x2e  Code  Lc  usbh_hcs.o [1]
USBH_GetNextDesc        0x08039887     0x18  Code  Gb  usbh_stdreq.o [1]
USBH_Get_CfgDesc        0x080394af     0x78  Code  Gb  usbh_stdreq.o [1]
USBH_Get_DevDesc        0x08039469     0x46  Code  Gb  usbh_stdreq.o [1]
USBH_Get_StringDesc     0x08039527     0x4c  Code  Gb  usbh_stdreq.o [1]
USBH_HCD_INT_cb         0x200001b0      0xc  Data  Gb  usbh_core.o [1]
USBH_HCD_INT_fops       0x200001c4      0x4  Data  Gb  usbh_core.o [1]
USBH_HandleControl      0x0803312f    0x29a  Code  Gb  usbh_core.o [1]
USBH_HandleEnum         0x08032f1b    0x214  Code  Lc  usbh_core.o [1]
USBH_Init               0x08032c8f     0x48  Code  Gb  usbh_core.o [1]
USBH_MSC_BOTReset       0x0803ec21     0x28  Code  Lc  usbh_msc_core.o [1]
USBH_MSC_BOTXferParam   0x2001ed7c     0x10  Data  Gb  usbh_msc_bot.o [1]
USBH_MSC_BOT_Abort      0x0803d9d1     0x5c  Code  Gb  usbh_msc_bot.o [1]
USBH_MSC_CBWData        0x2001ec48     0x20  Data  Gb  usbh_msc_bot.o [1]
USBH_MSC_CSWData        0x2001ed6c     0x10  Data  Gb  usbh_msc_bot.o [1]
USBH_MSC_ClassRequest   0x0803ea0f     0x12  Code  Lc  usbh_msc_core.o [1]
USBH_MSC_DecodeCSW      0x0803da2d     0x7a  Code  Gb  usbh_msc_bot.o [1]
USBH_MSC_ErrorHandle    0x0803ec71     0x3e  Code  Gb  usbh_msc_core.o [1]
USBH_MSC_GETMaxLUN      0x0803ec49     0x28  Code  Lc  usbh_msc_core.o [1]
USBH_MSC_Handle         0x0803ea21    0x200  Code  Lc  usbh_msc_core.o [1]
USBH_MSC_HandleBOTXfer  0x0803d5cd    0x404  Code  Gb  usbh_msc_bot.o [1]
USBH_MSC_Init           0x0803d589     0x44  Code  Gb  usbh_msc_bot.o [1]
USBH_MSC_InterfaceDeInit
                        0x0803e9c3     0x4c  Code  Lc  usbh_msc_core.o [1]
USBH_MSC_InterfaceInit  0x0803e8dd     0xe6  Code  Lc  usbh_msc_core.o [1]
USBH_MSC_ModeSense6     0x0803d183    0x10c  Code  Gb  usbh_msc_scsi.o [1]
USBH_MSC_Param          0x2001ed8c     0x10  Data  Gb  usbh_msc_scsi.o [1]
USBH_MSC_Read10         0x0803d469    0x106  Code  Gb  usbh_msc_scsi.o [1]
USBH_MSC_ReadCapacity10
                        0x0803d059    0x12a  Code  Gb  usbh_msc_scsi.o [1]
USBH_MSC_RequestSense   0x0803d28f     0xee  Code  Gb  usbh_msc_scsi.o [1]
USBH_MSC_TestUnitReady  0x0803cf71     0xe8  Code  Gb  usbh_msc_scsi.o [1]
USBH_MSC_Write10        0x0803d37d     0xec  Code  Gb  usbh_msc_scsi.o [1]
USBH_MSC_cb             0x200001a0     0x10  Data  Gb  usbh_msc_core.o [1]
USBH_Modify_Channel     0x08039355     0x74  Code  Gb  usbh_hcs.o [1]
USBH_OTG_ISR_Handler    0x0803dc5d     0xb8  Code  Gb  usb_hcd_int.o [1]
USBH_Open_Channel       0x080392af     0xa6  Code  Gb  usbh_hcs.o [1]
USBH_ParseCfgDesc       0x080396bb    0x13c  Code  Lc  usbh_stdreq.o [1]
USBH_ParseDevDesc       0x0803965f     0x5c  Code  Lc  usbh_stdreq.o [1]
USBH_ParseEPDesc        0x0803982b     0x20  Code  Lc  usbh_stdreq.o [1]
USBH_ParseInterfaceDesc
                        0x08039805     0x26  Code  Lc  usbh_stdreq.o [1]
USBH_ParseStringDesc    0x0803984b     0x3c  Code  Lc  usbh_stdreq.o [1]
USBH_Process            0x08032d15    0x1d2  Code  Gb  usbh_core.o [1]
USBH_SOF                0x08032c89      0x6  Code  Gb  usbh_core.o [1]
USBH_SetAddress         0x080395c1     0x2a  Code  Gb  usbh_stdreq.o [1]
USBH_SetCfg             0x080395eb     0x28  Code  Gb  usbh_stdreq.o [1]
USBH_SubmitSetupRequest
                        0x08039acf     0x16  Code  Lc  usbh_ioreq.o [1]
USBH_USR_Configuration_DescAvailable
                        0x08032b79     0x26  Code  Gb  usbh_usr.o [1]
USBH_USR_DeInit         0x08032c6d      0x2  Code  Gb  usbh_usr.o [1]
USBH_USR_DeviceAddressAssigned
                        0x08032b77      0x2  Code  Gb  usbh_usr.o [1]
USBH_USR_DeviceAttached
                        0x08032af1      0xa  Code  Gb  usbh_usr.o [1]
USBH_USR_DeviceDisconnected
                        0x08032b05     0x1a  Code  Gb  usbh_usr.o [1]
USBH_USR_DeviceNotSupported
                        0x08032be3      0xa  Code  Gb  usbh_usr.o [1]
USBH_USR_DeviceSpeedDetected
                        0x08032b29     0x36  Code  Gb  usbh_usr.o [1]
USBH_USR_Device_DescAvailable
                        0x08032b5f     0x18  Code  Gb  usbh_usr.o [1]
USBH_USR_EnumerationDone
                        0x08032bc9     0x1a  Code  Gb  usbh_usr.o [1]
USBH_USR_Init           0x08032acd     0x24  Code  Gb  usbh_usr.o [1]
USBH_USR_MSC_Application
                        0x08032c69      0x4  Code  Gb  usbh_usr.o [1]
USBH_USR_Manufacturer_String
                        0x08032b9f      0xe  Code  Gb  usbh_usr.o [1]
USBH_USR_OverCurrentDetected
                        0x08032bf1      0xa  Code  Gb  usbh_usr.o [1]
USBH_USR_Product_String
                        0x08032bad      0xe  Code  Gb  usbh_usr.o [1]
USBH_USR_ResetDevice    0x08032b1f      0xa  Code  Gb  usbh_usr.o [1]
USBH_USR_SerialNum_String
                        0x08032bbb      0xe  Code  Gb  usbh_usr.o [1]
USBH_USR_UnrecoveredError
                        0x08032afb      0xa  Code  Gb  usbh_usr.o [1]
USBH_USR_UserInput      0x08032bed      0x4  Code  Gb  usbh_usr.o [1]
USB_Host                0x2001e7a8     0x94  Data  Gb  usbh_usr.o [1]
USB_OTG_BSP_DisableInterrupt
                        0x0803913d     0x22  Code  Gb  usb_bsp.o [1]
USB_OTG_BSP_EnableInterrupt
                        0x0803915f     0x54  Code  Gb  usb_bsp.o [1]
USB_OTG_BSP_Init        0x0803908d     0xb0  Code  Gb  usb_bsp.o [1]
USB_OTG_BSP_mDelay      0x080391cd      0xc  Code  Gb  usb_bsp.o [1]
USB_OTG_BSP_uDelay      0x080391c1      0xc  Code  Gb  usb_bsp.o [1]
USB_OTG_Core            0x2001d3cc    0x5ac  Data  Gb  usbh_usr.o [1]
USB_OTG_CoreInit        0x0803aca1     0xce  Code  Gb  usb_core.o [1]
USB_OTG_CoreInitHost    0x0803aead     0xd0  Code  Gb  usb_core.o [1]
USB_OTG_CoreReset       0x0803aaeb     0x60  Code  Lc  usb_core.o [1]
USB_OTG_DisableGlobalInt
                        0x0803ad8d     0x1e  Code  Gb  usb_core.o [1]
USB_OTG_DriveVbus       0x0803af8d     0x54  Code  Gb  usb_core.o [1]
USB_OTG_EnableCommonInt
                        0x0803aac9     0x22  Code  Lc  usb_core.o [1]
USB_OTG_EnableGlobalInt
                        0x0803ad6f     0x1e  Code  Gb  usb_core.o [1]
USB_OTG_EnableHostInt   0x0803afe1     0x4e  Code  Gb  usb_core.o [1]
USB_OTG_FlushRxFifo     0x0803adf3     0x40  Code  Gb  usb_core.o [1]
USB_OTG_FlushTxFifo     0x0803adab     0x48  Code  Gb  usb_core.o [1]
[...]
dir_read                0x08034253    0x10c  Code  Lc  ff.o [1]
dir_register            0x0803435f    0x14e  Code  Lc  ff.o [1]
dir_sdi                 0x08033bdf     0xb2  Code  Lc  ff.o [1]
disk_initialize         0x08039ae5     0x40  Code  Gb  diskio.o [1]
disk_ioctl              0x08039d09     0xa6  Code  Gb  diskio.o [1]
disk_read               0x08039b51     0xdc  Code  Gb  diskio.o [1]
disk_status             0x08039b25     0x2c  Code  Gb  diskio.o [1]
disk_write              0x08039c2d     0xdc  Code  Gb  diskio.o [1]
div                     0x0803aa45      0xe  Code  Gb  div.o [3]
download_num            0x2001ef06      0x1  Data  Gb  apptask.o [1]
enq_lock                0x080334cf     0x28  Code  Lc  ff.o [1]
exit                    0x08040c73      0x4  Code  Gb  exit.o [3]
f_close                 0x080354c5     0x38  Code  Gb  ff.o [1]
f_mount                 0x08034ef9     0x66  Code  Gb  ff.o [1]
f_open                  0x08034f5f    0x20e  Code  Gb  ff.o [1]
f_opendir               0x080354fd     0xb2  Code  Gb  ff.o [1]
f_readdir               0x080355af     0x74  Code  Gb  ff.o [1]
f_sync                  0x0803540f     0xb6  Code  Gb  ff.o [1]
f_write                 0x0803517d    0x292  Code  Gb  ff.o [1]
ff_convert              0x08039dc9     0x80  Code  Gb  cc936.o [1]
ff_wtoupper             0x08039e49     0x64  Code  Gb  cc936.o [1]
file_select             0x2001edcc      0xc  Data  Gb  protocol.o [1]
final_per_meter         0x0803125d     0x1a  Code  Gb  product_cal.o [1]
find_volume             0x08034a69    0x45a  Code  Lc  ff.o [1]
fit_lfn                 0x08033fa3     0x88  Code  Lc  ff.o [1]
follow_path             0x08034903     0x90  Code  Lc  ff.o [1]
fputc                   0x08037db1     0x22  Code  Gb  bsp_uart_fifo.o [1]
g_tUart3                0x2001ebac     0x28  Data  Gb  bsp_uart_fifo.o [1]
gen_numname             0x08034031     0xec  Code  Lc  ff.o [1]
get_card_type           0x080313d3     0xe4  Code  Gb  product_cal.o [1]
get_class_time          0x080312db     0x7a  Code  Gb  product_cal.o [1]
get_fat                 0x080337f7    0x11c  Code  Gb  ff.o [1]
get_fattime             0x08039daf      0x4  Code  Gb  diskio.o [1]
get_fileinfo            0x080344ad    0x13c  Code  Lc  ff.o [1]
get_float_1bit          0x080312b9     0x22  Code  Gb  product_cal.o [1]
get_ldnumber            0x08034993     0x50  Code  Lc  ff.o [1]
get_period_state        0x08031355     0x54  Code  Gb  product_cal.o [1]
get_valid_length        0x08031089     0x26  Code  Gb  bsp_sdwe050c17.o [1]
hex_to_decimal          0x080310af     0x26  Code  Gb  bsp_sdwe050c17.o [1]
idwgEventGroup          0x2001ee34      0x4  Data  Gb  apptask.o [1]
inc_card_type           0x080314c1    0x11c  Code  Gb  product_cal.o [1]
inc_lock                0x080334f7     0xe8  Code  Lc  ff.o [1]
init_peiliao_para       0x08031195     0x50  Code  Gb  product_cal.o [1]
init_product_para       0x080310d5     0xc0  Code  Gb  product_cal.o [1]
input_password_buf      0x2001edc0      0xc  Data  Gb  protocol.o [1]
input_password_len      0x2001ef1a      0x1  Data  Gb  protocol.o [1]
isDevicePeriod          0x2001ef0d      0x1  Data  Gb  apptask.o [1]
isWork                  0x2001ef07      0x1  Data  Gb  apptask.o [1]
is_same_data            0x080313a9     0x2a  Code  Gb  product_cal.o [1]
lcd_busy                0x2001ef10      0x1  Data  Gb  bsp_sdwe050c17.o [1]
lcd_rev_buf             0x2001eb4c     0x34  Data  Gb  bsp_sdwe050c17.o [1]
lcd_rev_len             0x2001eef8      0x2  Data  Gb  bsp_sdwe050c17.o [1]
ld_clust                0x08033e21     0x28  Code  Lc  ff.o [1]
localeconv              0x0803aa13     0x16  Code  Gb  localeconv.o [3]
m_ctrl_dev              0x2001edec      0x8  Data  Gb  modbus.o [1]
main                    0x08040699     0x34  Code  Gb  main.o [1]
mallco_dev              0x20000160     0x1c  Data  Gb  malloc.o [1]
mb_init                 0x08035a29     0x30  Code  Gb  modbus.o [1]
mb_packsend_frame       0x08035937     0xf2  Code  Gb  modbus.o [1]
mb_unpack_frame         0x080357f5    0x142  Code  Gb  modbus.o [1]
mc_check_crc16          0x08039f29     0x40  Code  Gb  mcheck.o [1]
mc_check_crc8           0x08039f05     0x24  Code  Gb  mcheck.o [1]
mc_check_sum            0x08039ebd     0x2e  Code  Gb  mcheck.o [1]
mc_check_xor            0x08039eeb     0x1a  Code  Gb  mcheck.o [1]
mem1base                0x200119cc   0xa000  Data  Gb  malloc.o [1]
mem1mapbase             0x2001c9cc    0xa00  Data  Gb  malloc.o [1]
mem2base                0x68000000  0xf0000  Data  Gb  malloc.o [1]
mem2mapbase             0x680f0000   0xf000  Data  Gb  malloc.o [1]
mem_cmp                 0x08033403     0x24  Code  Lc  ff.o [1]
mem_cpy                 0x080333d1     0x1c  Code  Lc  ff.o [1]
mem_set                 0x080333ed     0x16  Code  Lc  ff.o [1]
memblksize              0x080411c0      0x8  Data  Gb  malloc.o [1]
memchr                  0x0803a6dd           Code  Gb  memchr.o [5]
memsize                 0x080411c8      0x8  Data  Gb  malloc.o [1]
memtblsize              0x080411b8      0x8  Data  Gb  malloc.o [1]
modbus_send_frame       0x08035a59     0xe6  Code  Gb  modbus.o [1]
move_window             0x080336c5     0x40  Code  Lc  ff.o [1]
my_mem_free             0x08031c6b     0x6c  Code  Gb  malloc.o [1]
my_mem_init             0x08031b2f     0x42  Code  Gb  malloc.o [1]
my_mem_malloc           0x08031baf     0xbc  Code  Gb  malloc.o [1]
my_mem_perused          0x08031b71     0x3e  Code  Gb  malloc.o [1]
myfree                  0x08031cd7     0x24  Code  Gb  malloc.o [1]
mymalloc                0x08031cfb     0x2a  Code  Gb  malloc.o [1]
mymemset                0x08031b19     0x16  Code  Gb  malloc.o [1]
obuf                    0x2001eab0     0x50  Data  Lc  xfiles.o [3]
oem2uni                 0x0801560c  0x15484  Data  Lc  cc936.o [1]
old_card_record         0x2001ef0b      0x1  Data  Gb  apptask.o [1]
old_isWork              0x2001ef08      0x1  Data  Gb  apptask.o [1]
old_plan_complete       0x2001ef18      0x1  Data  Gb  product_cal.o [1]
para_init               0x0803f969     0x80  Code  Gb  para.o [1]
pcInterruptPriorityRegisters
                        0x080411fc      0x4  Data  Lc  port.o [1]
peiliao_para            0x2001eb80     0x2c  Data  Gb  product_cal.o [1]
pick_lfn                0x08033f17     0x8c  Code  Lc  ff.o [1]
plan_complete           0x2001ef17      0x1  Data  Gb  product_cal.o [1]
pluse_count             0x2001eef2      0x2  Data  Gb  apptask.o [1]
printf                  0x08031ab1     0x24  Code  Gb  printf.o [3]
product_complete_kilo   0x08031289     0x30  Code  Gb  product_cal.o [1]
product_complete_meter  0x08031277     0x12  Code  Gb  product_cal.o [1]
product_para            0x2001ebfc     0x28  Data  Gb  product_cal.o [1]
product_per_meter       0x080311e5     0x78  Code  Gb  product_cal.o [1]
prvAddCurrentTaskToDelayedList
                        0x0802f52d     0x48  Code  Lc  tasks.o [1]
prvAllocateTCBAndStack  0x0802f575     0x5a  Code  Lc  tasks.o [1]
prvCheckForValidListAndQueue
                        0x08036ca3     0x52  Code  Lc  timers.o [1]
prvCheckTasksWaitingTermination
                        0x0802f4c3     0x66  Code  Lc  tasks.o [1]
prvCopyDataFromQueue    0x0802fd5d     0x30  Code  Lc  queue.o [1]
prvCopyDataToQueue      0x0802fcd9     0x84  Code  Lc  queue.o [1]
prvDeleteTCB            0x0802f5cf     0x12  Code  Lc  tasks.o [1]
prvGetNextExpireTime    0x08036a8f     0x2e  Code  Lc  timers.o [1]
prvHeapInit             0x08037191     0x6e  Code  Lc  heap_4.o [1]
prvIdleTask             0x0802f3dd     0x26  Code  Lc  tasks.o [1]
prvInitialiseTCBVariables
                        0x0802f403     0x6a  Code  Lc  tasks.o [1]
prvInitialiseTaskLists  0x0802f46d     0x56  Code  Lc  tasks.o [1]
prvInsertBlockIntoFreeList
                        0x080371ff     0x62  Code  Lc  heap_4.o [1]
prvInsertTimerInActiveList
                        0x08036ae5     0x50  Code  Lc  timers.o [1]
prvIsQueueEmpty         0x0802fdf7     0x20  Code  Lc  queue.o [1]
prvIsQueueFull          0x0802fe17     0x22  Code  Lc  queue.o [1]
prvProcessExpiredTimer  0x080369a7     0x5c  Code  Lc  timers.o [1]
prvProcessReceivedCommands
                        0x08036b35     0xde  Code  Lc  timers.o [1]
prvProcessTimerOrBlockTask
                        0x08036a1f     0x70  Code  Lc  timers.o [1]
prvResetNextTaskUnblockTime
                        0x0802f5e1     0x26  Code  Lc  tasks.o [1]
prvSampleTimeNow        0x08036abd     0x28  Code  Lc  timers.o [1]
prvSwitchTimerLists     0x08036c13     0x90  Code  Lc  timers.o [1]
prvTaskExitError        0x08036d41     0x2a  Code  Lc  port.o [1]
prvTestWaitCondition    0x0803684b     0x24  Code  Lc  event_groups.o [1]
prvTimerTask            0x08036a05     0x1a  Code  Lc  timers.o [1]
prvUnlockQueue          0x0802fd8d     0x6a  Code  Lc  queue.o [1]
put_fat                 0x08033913    0x16c  Code  Gb  ff.o [1]
putchar                 0x08040e1d      0xc  Code  Gb  putchar.o [3]
pvPortMalloc            0x08037001    0x118  Code  Gb  heap_4.o [1]
pwm_flag                0x2001ef0e      0x1  Data  Gb  apptask.o [1]
pxCurrentTCB            0x2001ee90      0x4  Data  Gb  tasks.o [1]
pxCurrentTimerList      0x2001eed0      0x4  Data  Lc  timers.o [1]
pxDelayedTaskList       0x2001ee94      0x4  Data  Lc  tasks.o [1]
pxEnd                   0x2001ee70      0x4  Data  Lc  heap_4.o [1]
pxOverflowDelayedTaskList
                        0x2001ee98      0x4  Data  Lc  tasks.o [1]
pxOverflowTimerList     0x2001eed4      0x4  Data  Lc  timers.o [1]
pxPortInitialiseStack   0x08036d1d     0x24  Code  Gb  port.o [1]
pxReadyTasksLists       0x2001e63c     0xc8  Data  Lc  tasks.o [1]
rc522_cmd_anticoll      0x08035799     0x5a  Code  Gb  rc522.o [1]
rc522_cmd_request       0x08035745     0x54  Code  Gb  rc522.o [1]
readSlave               0x2001eda8      0xc  Data  Gb  apptask.o [1]
read_device_info        0x0803f75d    0x20c  Code  Gb  para.o [1]
read_file_select        0x2001edd8      0xc  Data  Gb  protocol.o [1]
remove_chain            0x08033a7f     0x76  Code  Lc  ff.o [1]
rfid_rev_buf            0x2001ecac     0x14  Data  Gb  rc522.o [1]
rfid_rev_cnt            0x2001ef1c      0x1  Data  Gb  rc522.o [1]
rfid_rev_flag           0x2001ef1b      0x1  Data  Gb  rc522.o [1]
rtc_time                0x2001edf4      0x8  Data  Gb  protocol.o [1]
s_TIM_CallBack1         0x2001ee54      0x4  Data  Lc  bsp_timer.o [1]
s_TIM_CallBack2         0x2001ee58      0x4  Data  Lc  bsp_timer.o [1]
s_TIM_CallBack3         0x2001ee5c      0x4  Data  Lc  bsp_timer.o [1]
s_TIM_CallBack4         0x2001ee60      0x4  Data  Lc  bsp_timer.o [1]
sample_time             0x2001eef0      0x2  Data  Gb  apptask.o [1]
sdew_weimi_page1        0x08030af9    0x236  Code  Gb  bsp_sdwe050c17.o [1]
sdew_weimi_page2        0x08030d2f    0x236  Code  Gb  bsp_sdwe050c17.o [1]
sdew_weisha_page1       0x08030f65     0x92  Code  Gb  bsp_sdwe050c17.o [1]
sdew_weisha_page2       0x08030ff7     0x92  Code  Gb  bsp_sdwe050c17.o [1]
slave_info              0x2001ed9c      0xc  Data  Gb  apptask.o [1]
sprintf                 0x08035635     0x34  Code  Gb  sprintf.o [3]
st_clust                0x08033e49     0x18  Code  Lc  ff.o [1]
strcat                  0x08035669     0x1c  Code  Gb  strcat.o [3]
strchr                  0x0803a6c5           Code  Gb  strchr.o [5]
strlen                  0x08032a1d           Code  Gb  strlen.o [5]
strstr                  0x08035bf5     0x10  Code  Gb  apptask.o [1]
sum_sfn                 0x0803411d     0x20  Code  Lc  ff.o [1]
sync_fs                 0x08033705     0xd8  Code  Lc  ff.o [1]
sync_window             0x0803366b     0x5a  Code  Lc  ff.o [1]
system_state_dis        0x0803fc50    0x190  Data  Gb  product_cal.o [1]
total_meter_gross       0x2001ee84      0x4  Data  Gb  product_cal.o [1]
total_weight_gross      0x2001ee88      0x4  Data  Gb  product_cal.o [1]
ucHeap                  0x200001cc  0x11800  Data  Lc  heap_4.o [1]
ucMaxSysCallPriority    0x2001ef16      0x1  Data  Lc  port.o [1]
ulHighFrequencyTimerTicks
                        0x2001ee8c      0x4  Data  Gb  SysInfoTest.o [1]
ulMaxPRIGROUPValue      0x2001ee80      0x4  Data  Lc  port.o [1]
ulTaskSwitchedInTime    0x2001eec8      0x4  Data  Lc  tasks.o [1]
ulTotalRunTime          0x2001eecc      0x4  Data  Lc  tasks.o [1]
uni2oem                 0x08000188  0x15484  Data  Lc  cc936.o [1]
usb_disk_flag           0x2001ef09      0x1  Data  Gb  apptask.o [1]
usbh_OpenMassStorage    0x08032ab9     0x14  Code  Gb  usbh_usr.o [1]
uxCriticalNesting       0x200001bc      0x4  Data  Lc  port.o [1]
uxCurrentNumberOfTasks  0x2001eea0      0x4  Data  Lc  tasks.o [1]
uxListRemove            0x08036fd9     0x28  Code  Gb  list.o [1]
uxPendedTicks           0x2001eeb0      0x4  Data  Lc  tasks.o [1]
uxSchedulerSuspended    0x2001eec4      0x4  Data  Lc  tasks.o [1]
uxTaskNumber            0x2001eebc      0x4  Data  Lc  tasks.o [1]
uxTaskResetEventItemValue
                        0x0802f641     0x20  Code  Gb  tasks.o [1]
uxTasksDeleted          0x2001ee9c      0x4  Data  Lc  tasks.o [1]
uxTopReadyPriority      0x2001eea8      0x4  Data  Lc  tasks.o [1]
vListInitialise         0x08036f69     0x1e  Code  Gb  list.o [1]
vListInsert             0x08036f9f     0x3a  Code  Gb  list.o [1]
vListInsertEnd          0x08036f87     0x18  Code  Gb  list.o [1]
vPortEnableVFP          0x0803a3e1           Code  Gb  portasm.o [1]
vPortEnterCritical      0x08036e37     0x3a  Code  Gb  port.o [1]
vPortExitCritical       0x08036e71     0x32  Code  Gb  port.o [1]
vPortFree               0x08037119     0x78  Code  Gb  heap_4.o [1]
vPortSetupTimerInterrupt
                        0x08036ecf      0xe  Code  Wk  port.o [1]
vPortStartFirstTask     0x0803a3c9           Code  Gb  portasm.o [1]
vPortValidateInterruptPriority
                        0x08036edd     0x4e  Code  Gb  port.o [1]
vQueueWaitForMessageRestricted
                        0x0802fe39     0x44  Code  Gb  queue.o [1]
vSetupSysInfoTest       0x080405ed     0x12  Code  Gb  SysInfoTest.o [1]
vTaskDelay              0x0802ec39     0x84  Code  Gb  tasks.o [1]
vTaskManageCapacity     0x0802de6d    0x5b0  Code  Gb  apptask.o [1]
vTaskMassStorage        0x0802d0b9    0x23c  Code  Lc  apptask.o [1]
vTaskMissedYield        0x0802f3d3      0xa  Code  Gb  tasks.o [1]
vTaskMotorControl       0x0802e425     0x34  Code  Lc  apptask.o [1]
vTaskMsgPro             0x0802d73d    0x426  Code  Lc  apptask.o [1]
vTaskPlaceOnEventList   0x0802f039     0x74  Code  Gb  tasks.o [1]
vTaskPlaceOnEventListRestricted
                        0x0802f171     0x80  Code  Gb  tasks.o [1]
vTaskPlaceOnUnorderedEventList
                        0x0802f0c9     0xa8  Code  Gb  tasks.o [1]
vTaskReadDisk           0x0802dc39    0x1b6  Code  Lc  apptask.o [1]
vTaskRev485             0x0802db69     0xae  Code  Lc  apptask.o [1]
vTaskSetTimeOutState    0x0802f31d     0x26  Code  Gb  tasks.o [1]
vTaskStartScheduler     0x0802ecbd     0x7e  Code  Gb  tasks.o [1]
vTaskSuspendAll         0x0802ed3b     0x10  Code  Gb  tasks.o [1]
vTaskSwitchContext      0x0802ef89     0xb0  Code  Gb  tasks.o [1]
vTaskTaskLCD            0x0802aa91   0x2618  Code  Gb  apptask.o [1]
vTaskTaskLED            0x0802d32d     0x20  Code  Lc  apptask.o [1]
vTaskTaskRFID           0x0802d34d    0x3c6  Code  Lc  apptask.o [1]
validate                0x08034ec3     0x36  Code  Lc  ff.o [1]
weimi_para              0x2001e524    0x118  Data  Gb  page_weimi.o [1]
work_idle               0x2001ef19      0x1  Data  Gb  product_cal.o [1]
work_idle_time          0x2001ef00      0x2  Data  Gb  product_cal.o [1]
xActiveTimerList1       0x2001ed24     0x14  Data  Lc  timers.o [1]
xActiveTimerList2       0x2001ed38     0x14  Data  Lc  timers.o [1]
xBlockAllocatedBit      0x2001ee7c      0x4  Data  Lc  heap_4.o [1]
xDelayedTaskList1       0x2001ecc0     0x14  Data  Lc  tasks.o [1]
xDelayedTaskList2       0x2001ecd4     0x14  Data  Lc  tasks.o [1]
xEventGroupCreate       0x0803660d     0x1c  Code  Gb  event_groups.o [1]
xEventGroupSetBits      0x08036775     0xd6  Code  Gb  event_groups.o [1]
xEventGroupWaitBits     0x08036629    0x146  Code  Gb  event_groups.o [1]
xFreeBytesRemaining     0x2001ee74      0x4  Data  Lc  heap_4.o [1]
xHandleTaskLCD          0x2001edfc      0x4  Data  Gb  apptask.o [1]
xHandleTaskLED          0x2001ee00      0x4  Data  Gb  apptask.o [1]
xHandleTaskManageCapacity
                        0x2001ee18      0x4  Data  Gb  apptask.o [1]
xHandleTaskMassStorage  0x2001ee08      0x4  Data  Gb  apptask.o [1]
xHandleTaskMotorControl
                        0x2001ee1c      0x4  Data  Gb  apptask.o [1]
xHandleTaskMsgPro       0x2001ee10      0x4  Data  Gb  apptask.o [1]
xHandleTaskRFID         0x2001ee04      0x4  Data  Gb  apptask.o [1]
xHandleTaskReadDisk     0x2001ee0c      0x4  Data  Gb  apptask.o [1]
xHandleTaskRev485       0x2001ee14      0x4  Data  Gb  apptask.o [1]
xHeapStructSize         0x080411f8      0x4  Data  Lc  heap_4.o [1]
xMinimumEverFreeBytesRemaining
                        0x2001ee78      0x4  Data  Lc  heap_4.o [1]
xNextTaskUnblockTime    0x2001eec0      0x4  Data  Lc  tasks.o [1]
xNumOfOverflows         0x2001eeb8      0x4  Data  Lc  tasks.o [1]
xPendingReadyList       0x2001ece8     0x14  Data  Lc  tasks.o [1]
xPortStartScheduler     0x08036d6b     0xcc  Code  Gb  port.o [1]
xQueueGenericCreate     0x0802f745     0x7e  Code  Gb  queue.o [1]
xQueueGenericReceive    0x0802fb39    0x19c  Code  Gb  queue.o [1]
xQueueGenericReset      0x0802f6b5     0x90  Code  Gb  queue.o [1]
xQueueGenericSend       0x0802f7c3    0x1b2  Code  Gb  queue.o [1]
xQueueGenericSendFromISR
                        0x0802f975     0xec  Code  Gb  queue.o [1]
xQueueGiveFromISR       0x0802fa61     0xd8  Code  Gb  queue.o [1]
xQueue_message          0x2001ee3c      0x4  Data  Gb  apptask.o [1]
xSchedulerRunning       0x2001eeac      0x4  Data  Lc  tasks.o [1]
xSemaphore_download     0x2001ee2c      0x4  Data  Gb  apptask.o [1]
xSemaphore_lcd          0x2001ee20      0x4  Data  Gb  apptask.o [1]
xSemaphore_pluse        0x2001ee28      0x4  Data  Gb  apptask.o [1]
xSemaphore_readDisk     0x2001ee30      0x4  Data  Gb  apptask.o [1]
xSemaphore_rs485        0x2001ee24      0x4  Data  Gb  apptask.o [1]
xStart                  0x2001ede4      0x8  Data  Lc  heap_4.o [1]
xSuspendedTaskList      0x2001ed10     0x14  Data  Lc  tasks.o [1]
xTaskCheckForTimeOut    0x0802f349     0x8a  Code  Gb  tasks.o [1]
xTaskGenericCreate      0x0802eab5    0x184  Code  Gb  tasks.o [1]
xTaskGetSchedulerState  0x0802f607     0x26  Code  Gb  tasks.o [1]
xTaskGetTickCount       0x0802ee4b      0xa  Code  Gb  tasks.o [1]
xTaskIncrementTick      0x0802ee55    0x134  Code  Gb  tasks.o [1]
xTaskRemoveFromEventList
                        0x0802f1f5     0x8e  Code  Gb  tasks.o [1]
xTaskRemoveFromUnorderedEventList
                        0x0802f289     0x94  Code  Gb  tasks.o [1]
xTaskResumeAll          0x0802ed4b    0x100  Code  Gb  tasks.o [1]
xTasksWaitingTermination
                        0x2001ecfc     0x14  Data  Lc  tasks.o [1]
xTickCount              0x2001eea4      0x4  Data  Lc  tasks.o [1]
xTimerCreate            0x080368c1     0x62  Code  Gb  timers.o [1]
xTimerCreateTimerTask   0x08036871     0x50  Code  Gb  timers.o [1]
xTimerGenericCommand    0x08036923     0x84  Code  Gb  timers.o [1]
xTimerQueue             0x2001eed8      0x4  Data  Lc  timers.o [1]
xTimerUser              0x2001ee38      0x4  Data  Gb  apptask.o [1]
xYieldPending           0x2001eeb4      0x4  Data  Lc  tasks.o [1]


[1] = E:\WORK\YarnControl_Driver\YarnControl_Driver\src\stm32f4_rtos\Project\EWARMv7\Flash\Obj
[2] = command line
[3] = dl7M_tlf.a
[4] = m7M_tls.a
[5] = rt7M_tl.a
[6] = shb_l.a

   86 308 bytes of readonly  code memory
  181 001 bytes of readonly  data memory
  128 802 bytes of readwrite data memory (+ 1 044 480 absolute)

Errors: none
Warnings: none
