###############################################################################
#
# IAR ELF Linker V7.40.7.9843/W32 for ARM                 17/Jan/2019  23:52:44
# Copyright 2007-2015 IAR Systems AB.
#
#    Output file  =  
#        E:\WORK\YarnControl_Driver\YarnControl_Driver\src\stm32f4_rtos\Project\EWARMv7\Flash\Exe\project.out
#    Map file     =  
#        E:\WORK\YarnControl_Driver\YarnControl_Driver\src\stm32f4_rtos\Project\EWARMv7\Flash\List\project.map
#    Command line =  
#        E:\WORK\YarnControl_Driver\YarnControl_Driver\src\stm32f4_rtos\Project\EWARMv7\Flash\Obj\apptask.o
#        E:\WORK\YarnControl_Driver\YarnControl_Driver\src\stm32f4_rtos\Project\EWARMv7\Flash\Obj\bsp.o
#        E:\WORK\YarnControl_Driver\YarnControl_Driver\src\stm32f4_rtos\Project\EWARMv7\Flash\Obj\bsp_closeSW.o
#        E:\WORK\YarnControl_Driver\YarnControl_Driver\src\stm32f4_rtos\Project\EWARMv7\Flash\Obj\bsp_dwt.o
#        E:\WORK\YarnControl_Driver\YarnControl_Driver\src\stm32f4_rtos\Project\EWARMv7\Flash\Obj\bsp_led.o
#        E:\WORK\YarnControl_Driver\YarnControl_Driver\src\stm32f4_rtos\Project\EWARMv7\Flash\Obj\bsp_relay.o
#        E:\WORK\YarnControl_Driver\YarnControl_Driver\src\stm32f4_rtos\Project\EWARMv7\Flash\Obj\bsp_sdio_sd.o
#        E:\WORK\YarnControl_Driver\YarnControl_Driver\src\stm32f4_rtos\Project\EWARMv7\Flash\Obj\bsp_sdwe050c17.o
#        E:\WORK\YarnControl_Driver\YarnControl_Driver\src\stm32f4_rtos\Project\EWARMv7\Flash\Obj\bsp_servomotor.o
#        E:\WORK\YarnControl_Driver\YarnControl_Driver\src\stm32f4_rtos\Project\EWARMv7\Flash\Obj\bsp_spi.o
#        E:\WORK\YarnControl_Driver\YarnControl_Driver\src\stm32f4_rtos\Project\EWARMv7\Flash\Obj\bsp_stepmotor.o
#        E:\WORK\YarnControl_Driver\YarnControl_Driver\src\stm32f4_rtos\Project\EWARMv7\Flash\Obj\bsp_sw_onoff.o
#        E:\WORK\YarnControl_Driver\YarnControl_Driver\src\stm32f4_rtos\Project\EWARMv7\Flash\Obj\bsp_tim_pwm.o
#        E:\WORK\YarnControl_Driver\YarnControl_Driver\src\stm32f4_rtos\Project\EWARMv7\Flash\Obj\bsp_timer.o
#        E:\WORK\YarnControl_Driver\YarnControl_Driver\src\stm32f4_rtos\Project\EWARMv7\Flash\Obj\bsp_uart_fifo.o
#        E:\WORK\YarnControl_Driver\YarnControl_Driver\src\stm32f4_rtos\Project\EWARMv7\Flash\Obj\bsp_w25qxx.o
#        E:\WORK\YarnControl_Driver\YarnControl_Driver\src\stm32f4_rtos\Project\EWARMv7\Flash\Obj\bsp_watchdog.o
#        E:\WORK\YarnControl_Driver\YarnControl_Driver\src\stm32f4_rtos\Project\EWARMv7\Flash\Obj\cc936.o
#        E:\WORK\YarnControl_Driver\YarnControl_Driver\src\stm32f4_rtos\Project\EWARMv7\Flash\Obj\croutine.o
#        E:\WORK\YarnControl_Driver\YarnControl_Driver\src\stm32f4_rtos\Project\EWARMv7\Flash\Obj\demo_fatfs.o
#        E:\WORK\YarnControl_Driver\YarnControl_Driver\src\stm32f4_rtos\Project\EWARMv7\Flash\Obj\diskio.o
#        E:\WORK\YarnControl_Driver\YarnControl_Driver\src\stm32f4_rtos\Project\EWARMv7\Flash\Obj\encoder.o
#        E:\WORK\YarnControl_Driver\YarnControl_Driver\src\stm32f4_rtos\Project\EWARMv7\Flash\Obj\event_groups.o
#        E:\WORK\YarnControl_Driver\YarnControl_Driver\src\stm32f4_rtos\Project\EWARMv7\Flash\Obj\ff.o
#        E:\WORK\YarnControl_Driver\YarnControl_Driver\src\stm32f4_rtos\Project\EWARMv7\Flash\Obj\heap_4.o
#        E:\WORK\YarnControl_Driver\YarnControl_Driver\src\stm32f4_rtos\Project\EWARMv7\Flash\Obj\list.o
#        E:\WORK\YarnControl_Driver\YarnControl_Driver\src\stm32f4_rtos\Project\EWARMv7\Flash\Obj\main.o
#        E:\WORK\YarnControl_Driver\YarnControl_Driver\src\stm32f4_rtos\Project\EWARMv7\Flash\Obj\malloc.o
#        E:\WORK\YarnControl_Driver\YarnControl_Driver\src\stm32f4_rtos\Project\EWARMv7\Flash\Obj\mcheck.o
#        E:\WORK\YarnControl_Driver\YarnControl_Driver\src\stm32f4_rtos\Project\EWARMv7\Flash\Obj\misc.o
#        E:\WORK\YarnControl_Driver\YarnControl_Driver\src\stm32f4_rtos\Project\EWARMv7\Flash\Obj\modbus.o
#        E:\WORK\YarnControl_Driver\YarnControl_Driver\src\stm32f4_rtos\Project\EWARMv7\Flash\Obj\page_weimi.o
#        E:\WORK\YarnControl_Driver\YarnControl_Driver\src\stm32f4_rtos\Project\EWARMv7\Flash\Obj\para.o
#        E:\WORK\YarnControl_Driver\YarnControl_Driver\src\stm32f4_rtos\Project\EWARMv7\Flash\Obj\port.o
#        E:\WORK\YarnControl_Driver\YarnControl_Driver\src\stm32f4_rtos\Project\EWARMv7\Flash\Obj\portasm.o
#        E:\WORK\YarnControl_Driver\YarnControl_Driver\src\stm32f4_rtos\Project\EWARMv7\Flash\Obj\product_cal.o
#        E:\WORK\YarnControl_Driver\YarnControl_Driver\src\stm32f4_rtos\Project\EWARMv7\Flash\Obj\protocol.o
#        E:\WORK\YarnControl_Driver\YarnControl_Driver\src\stm32f4_rtos\Project\EWARMv7\Flash\Obj\queue.o
#        E:\WORK\YarnControl_Driver\YarnControl_Driver\src\stm32f4_rtos\Project\EWARMv7\Flash\Obj\rc522.o
#        E:\WORK\YarnControl_Driver\YarnControl_Driver\src\stm32f4_rtos\Project\EWARMv7\Flash\Obj\startup_stm32f40_41xxx.o
#        E:\WORK\YarnControl_Driver\YarnControl_Driver\src\stm32f4_rtos\Project\EWARMv7\Flash\Obj\stm32f4xx_adc.o
#        E:\WORK\YarnControl_Driver\YarnControl_Driver\src\stm32f4_rtos\Project\EWARMv7\Flash\Obj\stm32f4xx_assert.o
#        E:\WORK\YarnControl_Driver\YarnControl_Driver\src\stm32f4_rtos\Project\EWARMv7\Flash\Obj\stm32f4xx_can.o
#        E:\WORK\YarnControl_Driver\YarnControl_Driver\src\stm32f4_rtos\Project\EWARMv7\Flash\Obj\stm32f4xx_crc.o
#        E:\WORK\YarnControl_Driver\YarnControl_Driver\src\stm32f4_rtos\Project\EWARMv7\Flash\Obj\stm32f4xx_cryp.o
#        E:\WORK\YarnControl_Driver\YarnControl_Driver\src\stm32f4_rtos\Project\EWARMv7\Flash\Obj\stm32f4xx_cryp_aes.o
#        E:\WORK\YarnControl_Driver\YarnControl_Driver\src\stm32f4_rtos\Project\EWARMv7\Flash\Obj\stm32f4xx_cryp_des.o
#        E:\WORK\YarnControl_Driver\YarnControl_Driver\src\stm32f4_rtos\Project\EWARMv7\Flash\Obj\stm32f4xx_cryp_tdes.o
#        E:\WORK\YarnControl_Driver\YarnControl_Driver\src\stm32f4_rtos\Project\EWARMv7\Flash\Obj\stm32f4xx_dac.o
#        E:\WORK\YarnControl_Driver\YarnControl_Driver\src\stm32f4_rtos\Project\EWARMv7\Flash\Obj\stm32f4xx_dbgmcu.o
#        E:\WORK\YarnControl_Driver\YarnControl_Driver\src\stm32f4_rtos\Project\EWARMv7\Flash\Obj\stm32f4xx_dcmi.o
#        E:\WORK\YarnControl_Driver\YarnControl_Driver\src\stm32f4_rtos\Project\EWARMv7\Flash\Obj\stm32f4xx_dma.o
#        E:\WORK\YarnControl_Driver\YarnControl_Driver\src\stm32f4_rtos\Project\EWARMv7\Flash\Obj\stm32f4xx_dma2d.o
#        E:\WORK\YarnControl_Driver\YarnControl_Driver\src\stm32f4_rtos\Project\EWARMv7\Flash\Obj\stm32f4xx_exti.o
#        E:\WORK\YarnControl_Driver\YarnControl_Driver\src\stm32f4_rtos\Project\EWARMv7\Flash\Obj\stm32f4xx_flash.o
#        E:\WORK\YarnControl_Driver\YarnControl_Driver\src\stm32f4_rtos\Project\EWARMv7\Flash\Obj\stm32f4xx_fsmc.o
#        E:\WORK\YarnControl_Driver\YarnControl_Driver\src\stm32f4_rtos\Project\EWARMv7\Flash\Obj\stm32f4xx_gpio.o
#        E:\WORK\YarnControl_Driver\YarnControl_Driver\src\stm32f4_rtos\Project\EWARMv7\Flash\Obj\stm32f4xx_hash.o
#        E:\WORK\YarnControl_Driver\YarnControl_Driver\src\stm32f4_rtos\Project\EWARMv7\Flash\Obj\stm32f4xx_hash_md5.o
#        E:\WORK\YarnControl_Driver\YarnControl_Driver\src\stm32f4_rtos\Project\EWARMv7\Flash\Obj\stm32f4xx_hash_sha1.o
#        E:\WORK\YarnControl_Driver\YarnControl_Driver\src\stm32f4_rtos\Project\EWARMv7\Flash\Obj\stm32f4xx_i2c.o
#        E:\WORK\YarnControl_Driver\YarnControl_Driver\src\stm32f4_rtos\Project\EWARMv7\Flash\Obj\stm32f4xx_it.o
#        E:\WORK\YarnControl_Driver\YarnControl_Driver\src\stm32f4_rtos\Project\EWARMv7\Flash\Obj\stm32f4xx_iwdg.o
#        E:\WORK\YarnControl_Driver\YarnControl_Driver\src\stm32f4_rtos\Project\EWARMv7\Flash\Obj\stm32f4xx_ltdc.o
#        E:\WORK\YarnControl_Driver\YarnControl_Driver\src\stm32f4_rtos\Project\EWARMv7\Flash\Obj\stm32f4xx_pwr.o
#        E:\WORK\YarnControl_Driver\YarnControl_Driver\src\stm32f4_rtos\Project\EWARMv7\Flash\Obj\stm32f4xx_rcc.o
#        E:\WORK\YarnControl_Driver\YarnControl_Driver\src\stm32f4_rtos\Project\EWARMv7\Flash\Obj\stm32f4xx_rng.o
#        E:\WORK\YarnControl_Driver\YarnControl_Driver\src\stm32f4_rtos\Project\EWARMv7\Flash\Obj\stm32f4xx_rtc.o
#        E:\WORK\YarnControl_Driver\YarnControl_Driver\src\stm32f4_rtos\Project\EWARMv7\Flash\Obj\stm32f4xx_sai.o
#        E:\WORK\YarnControl_Driver\YarnControl_Driver\src\stm32f4_rtos\Project\EWARMv7\Flash\Obj\stm32f4xx_sdio.o
#        E:\WORK\YarnControl_Driver\YarnControl_Driver\src\stm32f4_rtos\Project\EWARMv7\Flash\Obj\stm32f4xx_spi.o
#        E:\WORK\YarnControl_Driver\YarnControl_Driver\src\stm32f4_rtos\Project\EWARMv7\Flash\Obj\stm32f4xx_syscfg.o
#        E:\WORK\YarnControl_Driver\YarnControl_Driver\src\stm32f4_rtos\Project\EWARMv7\Flash\Obj\stm32f4xx_tim.o
#        E:\WORK\YarnControl_Driver\YarnControl_Driver\src\stm32f4_rtos\Project\EWARMv7\Flash\Obj\stm32f4xx_usart.o
#        E:\WORK\YarnControl_Driver\YarnControl_Driver\src\stm32f4_rtos\Project\EWARMv7\Flash\Obj\stm32f4xx_wwdg.o
#        E:\WORK\YarnControl_Driver\YarnControl_Driver\src\stm32f4_rtos\Project\EWARMv7\Flash\Obj\SysInfoTest.o
#        E:\WORK\YarnControl_Driver\YarnControl_Driver\src\stm32f4_rtos\Project\EWARMv7\Flash\Obj\system_stm32f4xx.o
#        E:\WORK\YarnControl_Driver\YarnControl_Driver\src\stm32f4_rtos\Project\EWARMv7\Flash\Obj\tasks.o
#        E:\WORK\YarnControl_Driver\YarnControl_Driver\src\stm32f4_rtos\Project\EWARMv7\Flash\Obj\timers.o
#        E:\WORK\YarnControl_Driver\YarnControl_Driver\src\stm32f4_rtos\Project\EWARMv7\Flash\Obj\usb_bsp.o
#        E:\WORK\YarnControl_Driver\YarnControl_Driver\src\stm32f4_rtos\Project\EWARMv7\Flash\Obj\usb_core.o
#        E:\WORK\YarnControl_Driver\YarnControl_Driver\src\stm32f4_rtos\Project\EWARMv7\Flash\Obj\usb_hcd.o
#        E:\WORK\YarnControl_Driver\YarnControl_Driver\src\stm32f4_rtos\Project\EWARMv7\Flash\Obj\usb_hcd_int.o
#        E:\WORK\YarnControl_Driver\YarnControl_Driver\src\stm32f4_rtos\Project\EWARMv7\Flash\Obj\usbh_core.o
#        E:\WORK\YarnControl_Driver\YarnControl_Driver\src\stm32f4_rtos\Project\EWARMv7\Flash\Obj\usbh_hcs.o
#        E:\WORK\YarnControl_Driver\YarnControl_Driver\src\stm32f4_rtos\Project\EWARMv7\Flash\Obj\usbh_ioreq.o
#        E:\WORK\YarnControl_Driver\YarnControl_Driver\src\stm32f4_rtos\Project\EWARMv7\Flash\Obj\usbh_it.o
#        E:\WORK\YarnControl_Driver\YarnControl_Driver\src\stm32f4_rtos\Project\EWARMv7\Flash\Obj\usbh_msc_bot.o
#        E:\WORK\YarnControl_Driver\YarnControl_Driver\src\stm32f4_rtos\Project\EWARMv7\Flash\Obj\usbh_msc_core.o
#        E:\WORK\YarnControl_Driver\YarnControl_Driver\src\stm32f4_rtos\Project\EWARMv7\Flash\Obj\usbh_msc_scsi.o
#        E:\WORK\YarnControl_Driver\YarnControl_Driver\src\stm32f4_rtos\Project\EWARMv7\Flash\Obj\usbh_stdreq.o
#        E:\WORK\YarnControl_Driver\YarnControl_Driver\src\stm32f4_rtos\Project\EWARMv7\Flash\Obj\usbh_usr.o
#        -o
#        E:\WORK\YarnControl_Driver\YarnControl_Driver\src\stm32f4_rtos\Project\EWARMv7\Flash\Exe\project.out
#        --map
#        E:\WORK\YarnControl_Driver\YarnControl_Driver\src\stm32f4_rtos\Project\EWARMv7\Flash\List\project.map
#        --config
#        E:\WORK\YarnControl_Driver\YarnControl_Driver\src\stm32f4_rtos\Project\EWARMv7\stm32f4xx_flash.icf
#        --semihosting --entry __iar_program_start --inline --vfe
#
###############################################################################

*******************************************************************************
*** RUNTIME MODEL ATTRIBUTES
***

CppFlavor       = *
__SystemLibrary = DLib


*******************************************************************************
*** PLACEMENT SUMMARY
***

"A1":  place at 0x08000000 { ro section .intvec };
"P1":  place in [from 0x08000000 to 0x080fffff] { ro };
"P2":  place in [from 0x20000000 to 0x2001ffff] { rw, block CSTACK, block HEAP };

  Section             Kind        Address     Size  Object
  -------             ----        -------     ----  ------
"A1":                                        0x188
  .intvec             ro code  0x08000000    0x188  startup_stm32f40_41xxx.o [1]
                             - 0x08000188    0x188

"P1":                                      0x40b89
  .rodata             const    0x08000188  0x15484  cc936.o [1]
  .rodata             const    0x0801560c  0x15484  cc936.o [1]
  .text               ro code  0x0802aa90   0x3f04  apptask.o [1]
  .text               ro code  0x0802e994    0xc00  tasks.o [1]
  .text               ro code  0x0802f594    0x7c8  queue.o [1]
  .text               ro code  0x0802fd5c   0x1248  bsp_sdwe050c17.o [1]
  .text               ro code  0x08030fa4    0x538  product_cal.o [1]
  .text               ro code  0x080314dc     0x66  ABImemset.o [5]
  .text               ro code  0x08031542      0xa  xsprout.o [3]
  .text               ro code  0x0803154c    0x380  bsp_w25qxx.o [1]
  .text               ro code  0x080318cc     0x76  ABImemcpy_unaligned.o [5]
  .text               ro code  0x08031944     0x4e  FltToDbl.o [4]
  .text               ro code  0x08031994     0x24  printf.o [3]
  .text               ro code  0x080319b8     0x62  memcmp_unaligned.o [5]
  .text               ro code  0x08031a1c     0x42  strcmp_unaligned.o [5]
  .text               ro code  0x08031a60    0x21c  malloc.o [1]
  .text               ro code  0x08031c7c    0x534  stm32f4xx_tim.o [1]
  .text               ro code  0x080321b0     0x30  I32ToDbl.o [4]
  .text               ro code  0x080321e0    0x256  DblDiv.o [4]
  .text               ro code  0x08032438     0xe8  DblAdd.o [4]
  .text               ro code  0x08032520    0x1a2  DblMul.o [4]
  .text               ro code  0x080326c4     0x58  DblToI32.o [4]
  .text               ro code  0x0803271c     0x36  strlen.o [5]
  .text               ro code  0x08032754     0x90  DblToFlt.o [4]
  .text               ro code  0x080327e4    0x1b6  usbh_usr.o [1]
  .text               ro code  0x0803299c    0x760  usbh_core.o [1]
  .text               ro code  0x080330fc   0x2264  ff.o [1]
  .text               ro code  0x08035360     0x34  sprintf.o [3]
  .text               ro code  0x08035394     0x1c  strcat.o [3]
  .text               ro code  0x080353b0     0xc0  bsp_led.o [1]
  .text               ro code  0x08035470     0xae  rc522.o [1]
  .text               ro code  0x08035520    0x354  modbus.o [1]
  .text               ro code  0x08035874     0x68  bsp_sw_onoff.o [1]
  .text               ro code  0x080358dc     0x44  protocol.o [1]
  .text               ro code  0x08035920     0x10  apptask.o [1]
  .text               ro code  0x08035930    0x214  bsp_stepmotor.o [1]
  .text               ro code  0x08035b44    0x12c  stm32f4xx_gpio.o [1]
  .text               ro code  0x08035c70    0x230  bsp_servomotor.o [1]
  .text               ro code  0x08035ea0    0x262  event_groups.o [1]
  .text               ro code  0x08036104    0x4a4  timers.o [1]
  .text               ro code  0x080365a8      0x8  bsp_watchdog.o [1]
  .text               ro code  0x080365b0    0x24c  port.o [1]
  .text               ro code  0x080367fc     0x98  list.o [1]
  .text               ro code  0x08036894    0x280  heap_4.o [1]
  .text               ro code  0x08036b14    0x1e8  stm32f4xx_rcc.o [1]
  .text               ro code  0x08036cfc    0xa64  bsp_uart_fifo.o [1]
  .text               ro code  0x08037760    0x204  bsp_timer.o [1]
  .text               ro code  0x08037964    0x124  bsp_spi.o [1]
  .text               ro code  0x08037a88    0xd96  xprintffull_nomb.o [3]
  .text               ro code  0x08038820    0x180  DblSub.o [4]
  .text               ro code  0x080389a0    0x14c  usb_bsp.o [1]
  .text               ro code  0x08038aec     0xd6  usb_hcd.o [1]
  .text               ro code  0x08038bc2    0x1ba  usbh_hcs.o [1]
  .text               ro code  0x08038d7c    0x436  usbh_stdreq.o [1]
  .text               ro code  0x080391b2    0x246  usbh_ioreq.o [1]
  .text               ro code  0x080393f8    0x2e4  diskio.o [1]
  .text               ro code  0x080396dc     0xf4  cc936.o [1]
  .text               ro code  0x080397d0     0xb8  mcheck.o [1]
  .text               ro code  0x08039888     0x2c  strstr.o [3]
  .text               ro code  0x080398b4    0x31c  stm32f4xx_dma.o [1]
  .text               ro code  0x08039bd0     0x88  misc.o [1]
  .text               ro code  0x08039c58     0x10  stm32f4xx_iwdg.o [1]
  CODE                ro code  0x08039c68     0xa8  portasm.o [1]
  .text               ro code  0x08039d10    0x22e  stm32f4xx_usart.o [1]
  .text               ro code  0x08039f40     0x74  stm32f4xx_spi.o [1]
  .text               ro code  0x08039fb4     0x16  strchr.o [5]
  .text               ro code  0x08039fcc     0x58  memchr.o [5]
  .text               ro code  0x0803a024     0xee  I64DivMod.o [5]
  .text               ro code  0x0803a112     0x42  xdnorm.o [4]
  .text               ro code  0x0803a154     0x2e  DblCmpLe.o [4]
  .text               ro code  0x0803a184     0x2e  DblCmpGe.o [4]
  .text               ro code  0x0803a1b4    0x114  xdscale.o [4]
  .text               ro code  0x0803a2c8     0x6c  localeconv.o [3]
  .text               ro code  0x0803a334      0xe  div.o [3]
  .text               ro code  0x0803a344     0x74  bsp_dwt.o [1]
  .text               ro code  0x0803a3b8    0xa50  usb_core.o [1]
  .text               ro code  0x0803ae08   0x1a58  bsp_sdio_sd.o [1]
  .text               ro code  0x0803c860    0x618  usbh_msc_scsi.o [1]
  .text               ro code  0x0803ce78    0x554  usbh_msc_bot.o [1]
  .text               ro code  0x0803d3cc      0x2  I64DivZer.o [5]
  .text               ro code  0x0803d3d0    0x17c  stm32f4xx_sdio.o [1]
  .text               ro code  0x0803d54c    0xc7e  usb_hcd_int.o [1]
  .text               ro code  0x0803e1cc    0x3e8  usbh_msc_core.o [1]
  .rodata             const    0x0803e5b4    0x3dc  cc936.o [1]
  .rodata             const    0x0803e990    0x3dc  cc936.o [1]
  .text               ro code  0x0803ed6c    0x2e0  bsp_tim_pwm.o [1]
  .text               ro code  0x0803f04c    0x2bc  para.o [1]
  .text               ro code  0x0803f308     0x44  strcpy_unaligned.o [5]
  .rodata             const    0x0803f34c    0x1f4  apptask.o [1]
  .rodata             const    0x0803f540    0x190  product_cal.o [1]
  .text               ro code  0x0803f6d0    0x154  system_stm32f4xx.o [1]
  .rodata             const    0x0803f824    0x100  mcheck.o [1]
  .rodata             const    0x0803f924    0x100  mcheck.o [1]
  .rodata             const    0x0803fa24    0x100  mcheck.o [1]
  .text               ro code  0x0803fb24     0xe8  bsp_closeSW.o [1]
  .text               ro code  0x0803fc0c     0x54  stm32f4xx_syscfg.o [1]
  .text               ro code  0x0803fc60     0xc0  stm32f4xx_exti.o [1]
  .text               ro code  0x0803fd20     0xd0  packbits_init.o [5]
  .text               ro code  0x0803fdf0      0x6  abort.o [3]
  .text               ro code  0x0803fdf8     0x14  exit.o [6]
  .text               ro code  0x0803fe0c     0x4c  bsp.o [1]
  .text               ro code  0x0803fe58     0x44  bsp_relay.o [1]
  .text               ro code  0x0803fe9c     0x40  zero_init3.o [5]
  .text               ro code  0x0803fedc     0x3c  SysInfoTest.o [1]
  .rodata             const    0x0803ff18     0x38  demo_fatfs.o [1]
  .text               ro code  0x0803ff50     0x38  stm32f4xx_it.o [1]
  .text               ro code  0x0803ff88     0x34  main.o [1]
  .rodata             const    0x0803ffbc     0x30  apptask.o [1]
  .rodata             const    0x0803ffec     0x30  demo_fatfs.o [1]
  .rodata             const    0x0804001c     0x30  demo_fatfs.o [1]
  .rodata             const    0x0804004c     0x2c  apptask.o [1]
  .rodata             const    0x08040078     0x2c  demo_fatfs.o [1]
  .rodata             const    0x080400a4     0x2c  demo_fatfs.o [1]
  .rodata             const    0x080400d0     0x2c  stm32f4xx_it.o [1]
  .rodata             const    0x080400fc     0x28  demo_fatfs.o [1]
  .rodata             const    0x08040124     0x28  demo_fatfs.o [1]
  .rodata             const    0x0804014c     0x28  demo_fatfs.o [1]
  .text               ro code  0x08040174     0x28  data_init.o [5]
  .rodata             const    0x0804019c     0x24  demo_fatfs.o [1]
  .rodata             const    0x080401c0     0x24  demo_fatfs.o [1]
  .rodata             const    0x080401e4     0x24  usbh_usr.o [1]
  .text               ro code  0x08040208     0x22  fpinit_M.o [4]
  .iar.init_table     const    0x0804022c     0x34  - Linker created -
  .rodata             const    0x08040260     0x20  apptask.o [1]
  .rodata             const    0x08040280     0x20  apptask.o [1]
  .rodata             const    0x080402a0     0x20  bsp_sdwe050c17.o [1]
  .rodata             const    0x080402c0     0x20  demo_fatfs.o [1]
  .rodata             const    0x080402e0     0x20  demo_fatfs.o [1]
  .rodata             const    0x08040300     0x20  demo_fatfs.o [1]
  .rodata             const    0x08040320     0x20  usbh_usr.o [1]
  .rodata             const    0x08040340     0x20  usbh_usr.o [1]
  .rodata             const    0x08040360     0x20  usbh_usr.o [1]
  .rodata             const    0x08040380     0x20  usbh_usr.o [1]
  .rodata             const    0x080403a0     0x20  usbh_usr.o [1]
  .rodata             const    0x080403c0     0x1c  apptask.o [1]
  .rodata             const    0x080403dc     0x1c  apptask.o [1]
  .rodata             const    0x080403f8     0x1c  apptask.o [1]
  .rodata             const    0x08040414     0x1c  apptask.o [1]
  .rodata             const    0x08040430     0x1c  apptask.o [1]
  .rodata             const    0x0804044c     0x1c  apptask.o [1]
  .rodata             const    0x08040468     0x1c  demo_fatfs.o [1]
  .rodata             const    0x08040484     0x1c  demo_fatfs.o [1]
  .rodata             const    0x080404a0     0x1c  usbh_usr.o [1]
  .rodata             const    0x080404bc     0x1c  usbh_usr.o [1]
  .rodata             const    0x080404d8     0x1c  usbh_usr.o [1]
  .rodata             const    0x080404f4     0x1c  usbh_usr.o [1]
  .rodata             const    0x08040510     0x1c  usbh_usr.o [1]
  .rodata             const    0x0804052c     0x1c  usbh_usr.o [1]
  .text               ro code  0x08040548     0x1a  cmain.o [5]
  .text               ro code  0x08040562      0x4  exit.o [3]
  .text               ro code  0x08040568      0xa  cexit.o [5]
  .rodata             const    0x08040574     0x18  apptask.o [1]
  .rodata             const    0x0804058c     0x18  apptask.o [1]
  .rodata             const    0x080405a4     0x18  apptask.o [1]
  .rodata             const    0x080405bc     0x18  apptask.o [1]
  .rodata             const    0x080405d4     0x18  apptask.o [1]
  .rodata             const    0x080405ec     0x18  apptask.o [1]
  .rodata             const    0x08040604     0x18  apptask.o [1]
  .rodata             const    0x0804061c     0x18  demo_fatfs.o [1]
  .rodata             const    0x08040634     0x18  demo_fatfs.o [1]
  .rodata             const    0x0804064c     0x18  demo_fatfs.o [1]
  .rodata             const    0x08040664     0x18  demo_fatfs.o [1]
  .rodata             const    0x0804067c     0x18  usbh_usr.o [1]
  .rodata             const    0x08040694     0x18  usbh_usr.o [1]
  .rodata             const    0x080406ac     0x18  usbh_usr.o [1]
  .rodata             const    0x080406c4     0x18  usbh_usr.o [1]
  .rodata             const    0x080406dc     0x18  usbh_usr.o [1]
  .text               ro code  0x080406f4     0x16  xprout.o [3]
  .text               ro code  0x0804070c      0xc  putchar.o [3]
  .rodata             const    0x08040718     0x14  apptask.o [1]
  .rodata             const    0x0804072c     0x14  apptask.o [1]
  .rodata             const    0x08040740     0x14  apptask.o [1]
  .rodata             const    0x08040754     0x14  apptask.o [1]
  .rodata             const    0x08040768     0x14  apptask.o [1]
  .rodata             const    0x0804077c     0x14  apptask.o [1]
  .rodata             const    0x08040790     0x14  usbh_usr.o [1]
  .rodata             const    0x080407a4     0x14  usbh_usr.o [1]
  .rodata             const    0x080407b8     0x10  apptask.o [1]
  .rodata             const    0x080407c8     0x10  apptask.o [1]
  .rodata             const    0x080407d8     0x10  apptask.o [1]
  .rodata             const    0x080407e8     0x10  apptask.o [1]
  .rodata             const    0x080407f8     0x10  apptask.o [1]
  .rodata             const    0x08040808     0x10  apptask.o [1]
  .rodata             const    0x08040818     0x10  apptask.o [1]
  .rodata             const    0x08040828     0x10  apptask.o [1]
  .rodata             const    0x08040838     0x10  apptask.o [1]
  .rodata             const    0x08040848     0x10  ff.o [1]
  .rodata             const    0x08040858     0x10  main.o [1]
  .rodata             const    0x08040868     0x10  main.o [1]
  .rodata             const    0x08040878     0x10  usbh_usr.o [1]
  .rodata             const    0x08040888     0x10  usbh_usr.o [1]
  .text               ro code  0x08040898     0x10  startup_stm32f40_41xxx.o [1]
  .text               ro code  0x080408a8     0x10  usbh_it.o [1]
  .rodata             const    0x080408b8      0xc  apptask.o [1]
  .rodata             const    0x080408c4      0xc  apptask.o [1]
  .rodata             const    0x080408d0      0xc  apptask.o [1]
  .rodata             const    0x080408dc      0xc  apptask.o [1]
  .rodata             const    0x080408e8      0xc  apptask.o [1]
  .rodata             const    0x080408f4      0xc  apptask.o [1]
  .rodata             const    0x08040900      0xc  apptask.o [1]
  .rodata             const    0x0804090c      0xc  apptask.o [1]
  .rodata             const    0x08040918      0xc  apptask.o [1]
  .rodata             const    0x08040924      0xc  apptask.o [1]
  .rodata             const    0x08040930      0xc  apptask.o [1]
  .rodata             const    0x0804093c      0xc  apptask.o [1]
  .rodata             const    0x08040948      0xc  apptask.o [1]
  .rodata             const    0x08040954      0xc  apptask.o [1]
  .rodata             const    0x08040960      0xc  apptask.o [1]
  .rodata             const    0x0804096c      0xc  apptask.o [1]
  .rodata             const    0x08040978      0xc  apptask.o [1]
  .rodata             const    0x08040984      0xc  apptask.o [1]
  .rodata             const    0x08040990      0xc  apptask.o [1]
  .rodata             const    0x0804099c      0xc  apptask.o [1]
  .rodata             const    0x080409a8      0xc  apptask.o [1]
  .rodata             const    0x080409b4      0xc  apptask.o [1]
  .rodata             const    0x080409c0      0xc  apptask.o [1]
  .rodata             const    0x080409cc      0xc  apptask.o [1]
  .rodata             const    0x080409d8      0xc  apptask.o [1]
  .rodata             const    0x080409e4      0xc  apptask.o [1]
  .rodata             const    0x080409f0      0xc  bsp_sdwe050c17.o [1]
  .rodata             const    0x080409fc      0xc  bsp_sdwe050c17.o [1]
  .rodata             const    0x08040a08      0xc  demo_fatfs.o [1]
  .rodata             const    0x08040a14      0xc  ff.o [1]
  .text               ro code  0x08040a20      0xc  cstartup_M.o [5]
  .rodata             const    0x08040a2c      0x8  apptask.o [1]
  .rodata             const    0x08040a34      0x8  apptask.o [1]
  .rodata             const    0x08040a3c      0x8  apptask.o [1]
  .rodata             const    0x08040a44      0x8  apptask.o [1]
  .rodata             const    0x08040a4c      0x8  apptask.o [1]
  .rodata             const    0x08040a54      0x8  apptask.o [1]
  .rodata             const    0x08040a5c      0x8  apptask.o [1]
  .rodata             const    0x08040a64      0x8  apptask.o [1]
  .rodata             const    0x08040a6c      0x8  apptask.o [1]
  .rodata             const    0x08040a74      0x8  apptask.o [1]
  .rodata             const    0x08040a7c      0x8  apptask.o [1]
  .rodata             const    0x08040a84      0x8  bsp_w25qxx.o [1]
  .rodata             const    0x08040a8c      0x8  ff.o [1]
  .rodata             const    0x08040a94      0x8  malloc.o [1]
  .rodata             const    0x08040a9c      0x8  malloc.o [1]
  .rodata             const    0x08040aa4      0x8  malloc.o [1]
  .rodata             const    0x08040aac      0x8  para.o [1]
  .rodata             const    0x08040ab4      0x8  para.o [1]
  .rodata             const    0x08040abc      0x8  para.o [1]
  .rodata             const    0x08040ac4      0x8  tasks.o [1]
  .rodata             const    0x08040acc      0x8  timers.o [1]
  .rodata             const    0x08040ad4      0x4  heap_4.o [1]
  .rodata             const    0x08040ad8      0x4  port.o [1]
  .text               ro code  0x08040adc      0x4  startup_stm32f40_41xxx.o [1]
  .text               ro code  0x08040ae0      0x4  startup_stm32f40_41xxx.o [1]
  .text               ro code  0x08040ae4      0x4  startup_stm32f40_41xxx.o [1]
  .text               ro code  0x08040ae8      0x4  startup_stm32f40_41xxx.o [1]
  .text               ro code  0x08040aec      0x4  startup_stm32f40_41xxx.o [1]
  .text               ro code  0x08040af0      0x4  startup_stm32f40_41xxx.o [1]
  .text               ro code  0x08040af4      0x4  startup_stm32f40_41xxx.o [1]
  .text               ro code  0x08040af8      0x4  startup_stm32f40_41xxx.o [1]
  .text               ro code  0x08040afc      0x4  startup_stm32f40_41xxx.o [1]
  .text               ro code  0x08040b00      0x4  startup_stm32f40_41xxx.o [1]
  .text               ro code  0x08040b04      0x4  startup_stm32f40_41xxx.o [1]
  .text               ro code  0x08040b08      0x4  startup_stm32f40_41xxx.o [1]
  .text               ro code  0x08040b0c      0x4  startup_stm32f40_41xxx.o [1]
  .text               ro code  0x08040b10      0x4  startup_stm32f40_41xxx.o [1]
  .text               ro code  0x08040b14      0x4  startup_stm32f40_41xxx.o [1]
  .text               ro code  0x08040b18      0x4  startup_stm32f40_41xxx.o [1]
  .text               ro code  0x08040b1c      0x4  startup_stm32f40_41xxx.o [1]
  .text               ro code  0x08040b20      0x4  startup_stm32f40_41xxx.o [1]
  .text               ro code  0x08040b24      0x4  startup_stm32f40_41xxx.o [1]
  .text               ro code  0x08040b28      0x4  startup_stm32f40_41xxx.o [1]
  .text               ro code  0x08040b2c      0x4  startup_stm32f40_41xxx.o [1]
  .text               ro code  0x08040b30      0x4  startup_stm32f40_41xxx.o [1]
  .text               ro code  0x08040b34      0x4  startup_stm32f40_41xxx.o [1]
  .text               ro code  0x08040b38      0x4  startup_stm32f40_41xxx.o [1]
  .text               ro code  0x08040b3c      0x4  startup_stm32f40_41xxx.o [1]
  .text               ro code  0x08040b40      0x4  startup_stm32f40_41xxx.o [1]
  .text               ro code  0x08040b44      0x4  startup_stm32f40_41xxx.o [1]
  .text               ro code  0x08040b48      0x4  startup_stm32f40_41xxx.o [1]
  .text               ro code  0x08040b4c      0x4  startup_stm32f40_41xxx.o [1]
  .text               ro code  0x08040b50      0x4  startup_stm32f40_41xxx.o [1]
  .text               ro code  0x08040b54      0x4  startup_stm32f40_41xxx.o [1]
  .text               ro code  0x08040b58      0x4  startup_stm32f40_41xxx.o [1]
  .text               ro code  0x08040b5c      0x4  startup_stm32f40_41xxx.o [1]
  .text               ro code  0x08040b60      0x4  startup_stm32f40_41xxx.o [1]
  .text               ro code  0x08040b64      0x4  startup_stm32f40_41xxx.o [1]
  .text               ro code  0x08040b68      0x4  startup_stm32f40_41xxx.o [1]
  .text               ro code  0x08040b6c      0x4  startup_stm32f40_41xxx.o [1]
  .text               ro code  0x08040b70      0x4  startup_stm32f40_41xxx.o [1]
  .text               ro code  0x08040b74      0x4  startup_stm32f40_41xxx.o [1]
  .text               ro code  0x08040b78      0x4  startup_stm32f40_41xxx.o [1]
  .text               ro code  0x08040b7c      0x4  startup_stm32f40_41xxx.o [1]
  .text               ro code  0x08040b80      0x4  startup_stm32f40_41xxx.o [1]
  .text               ro code  0x08040b84      0x4  startup_stm32f40_41xxx.o [1]
  .text               ro code  0x08040b88      0x4  startup_stm32f40_41xxx.o [1]
  .text               ro code  0x08040b8c      0x4  startup_stm32f40_41xxx.o [1]
  .text               ro code  0x08040b90      0x4  startup_stm32f40_41xxx.o [1]
  .text               ro code  0x08040b94      0x4  startup_stm32f40_41xxx.o [1]
  .text               ro code  0x08040b98      0x4  startup_stm32f40_41xxx.o [1]
  .text               ro code  0x08040b9c      0x4  startup_stm32f40_41xxx.o [1]
  .text               ro code  0x08040ba0      0x4  startup_stm32f40_41xxx.o [1]
  .text               ro code  0x08040ba4      0x4  startup_stm32f40_41xxx.o [1]
  .text               ro code  0x08040ba8      0x4  startup_stm32f40_41xxx.o [1]
  .text               ro code  0x08040bac      0x4  startup_stm32f40_41xxx.o [1]
  .text               ro code  0x08040bb0      0x4  startup_stm32f40_41xxx.o [1]
  .text               ro code  0x08040bb4      0x4  startup_stm32f40_41xxx.o [1]
  .text               ro code  0x08040bb8      0x4  startup_stm32f40_41xxx.o [1]
  .text               ro code  0x08040bbc      0x4  startup_stm32f40_41xxx.o [1]
  .text               ro code  0x08040bc0      0x4  startup_stm32f40_41xxx.o [1]
  .text               ro code  0x08040bc4      0x4  startup_stm32f40_41xxx.o [1]
  .text               ro code  0x08040bc8      0x4  startup_stm32f40_41xxx.o [1]
  .text               ro code  0x08040bcc      0x4  startup_stm32f40_41xxx.o [1]
  .text               ro code  0x08040bd0      0x4  startup_stm32f40_41xxx.o [1]
  .text               ro code  0x08040bd4      0x4  startup_stm32f40_41xxx.o [1]
  .text               ro code  0x08040bd8      0x4  startup_stm32f40_41xxx.o [1]
  .text               ro code  0x08040bdc      0x4  startup_stm32f40_41xxx.o [1]
  .text               ro code  0x08040be0      0x4  startup_stm32f40_41xxx.o [1]
  .text               ro code  0x08040be4      0x4  startup_stm32f40_41xxx.o [1]
  .text               ro code  0x08040be8      0x4  startup_stm32f40_41xxx.o [1]
  .text               ro code  0x08040bec      0x4  startup_stm32f40_41xxx.o [1]
  .text               ro code  0x08040bf0      0x4  startup_stm32f40_41xxx.o [1]
  .rodata             const    0x08040bf4      0x0  zero_init3.o [5]
  .rodata             const    0x08040bf4      0x0  packbits_init.o [5]
  Initializer bytes   const    0x08040bf4    0x11d  <for P2 s0>
                             - 0x08040d11  0x40b89

"P2":                                      0x1f750
  P2 s0                        0x20000000    0x1cb  <Init block>
    __DLIB_PERTHREAD  inited   0x20000000     0x88  localeconv.o [3]
    .data             inited   0x20000088     0x50  demo_fatfs.o [1]
    .data             inited   0x200000d8     0x48  usbh_usr.o [1]
    .data             inited   0x20000120     0x40  xfiles.o [3]
    .data             inited   0x20000160     0x1c  malloc.o [1]
    .data             inited   0x2000017c     0x14  bsp_servomotor.o [1]
    .data             inited   0x20000190     0x10  stm32f4xx_rcc.o [1]
    .data             inited   0x200001a0     0x10  usbh_msc_core.o [1]
    .data             inited   0x200001b0      0xc  usbh_core.o [1]
    .data             inited   0x200001bc      0x4  port.o [1]
    .data             inited   0x200001c0      0x4  system_stm32f4xx.o [1]
    .data             inited   0x200001c4      0x4  usbh_core.o [1]
    .data             inited   0x200001c8      0x2  bsp_w25qxx.o [1]
    .data             inited   0x200001ca      0x1  usbh_msc_scsi.o [1]
  .bss                zero     0x200001cc  0x11800  heap_4.o [1]
  .bss                zero     0x200119cc   0xa000  malloc.o [1]
  .bss                zero     0x2001b9cc   0x1000  bsp_w25qxx.o [1]
  .bss                zero     0x2001c9cc    0xa00  malloc.o [1]
  .bss                zero     0x2001d3cc    0x5ac  usbh_usr.o [1]
  .bss                zero     0x2001d978    0x5ac  usbh_usr.o [1]
  .bss                zero     0x2001df24    0x200  ff.o [1]
  .bss                zero     0x2001e124    0x200  usbh_msc_scsi.o [1]
  .bss                zero     0x2001e324    0x200  usbh_stdreq.o [1]
  .bss                zero     0x2001e524    0x118  page_weimi.o [1]
  .bss                zero     0x2001e63c     0xc8  tasks.o [1]
  .bss                zero     0x2001e704     0xa4  protocol.o [1]
  .bss                zero     0x2001e7a8     0x94  usbh_usr.o [1]
  .bss                zero     0x2001e83c     0x90  para.o [1]
  .bss                zero     0x2001e8cc     0x70  protocol.o [1]
  .bss                zero     0x2001e93c     0x64  bsp_uart_fifo.o [1]
  .bss                zero     0x2001e9a0     0x64  bsp_uart_fifo.o [1]
  .bss                zero     0x2001ea04     0x64  bsp_uart_fifo.o [1]
  .bss                zero     0x2001ea68     0x4c  usbh_msc_core.o [1]
  .bss                zero     0x2001eab8     0x58  bsp_sdio_sd.o [1]
  .bss                zero     0x2001eb10     0x50  protocol.o [1]
  .bss                zero     0x2001eb60     0x50  xfiles.o [3]
  .bss                zero     0x2001ebb0     0x34  bsp_sdwe050c17.o [1]
  .bss                zero     0x2001ebe4     0x2c  product_cal.o [1]
  .bss                zero     0x2001ec10     0x28  bsp_uart_fifo.o [1]
  .bss                zero     0x2001ec38     0x28  product_cal.o [1]
  .bss                zero     0x2001ec60     0x24  ff.o [1]
  .bss                zero     0x2001ec84     0x20  usbh_msc_bot.o [1]
  .bss                zero     0x2001eca4     0x18  bsp_sdio_sd.o [1]
  .bss                zero     0x2001ecbc     0x18  bsp_sdio_sd.o [1]
  .bss                zero     0x2001ecd4     0x14  bsp_sdio_sd.o [1]
  .bss                zero     0x2001ece8     0x14  rc522.o [1]
  .bss                zero     0x2001ecfc     0x14  tasks.o [1]
  .bss                zero     0x2001ed10     0x14  tasks.o [1]
  .bss                zero     0x2001ed24     0x14  tasks.o [1]
  .bss                zero     0x2001ed38     0x14  tasks.o [1]
  .bss                zero     0x2001ed4c     0x14  tasks.o [1]
  .bss                zero     0x2001ed60     0x14  timers.o [1]
  .bss                zero     0x2001ed74     0x14  timers.o [1]
  .bss                zero     0x2001ed88     0x10  bsp_sdio_sd.o [1]
  .bss                zero     0x2001ed98     0x10  bsp_sdio_sd.o [1]
  .bss                zero     0x2001eda8     0x10  usbh_msc_bot.o [1]
  .bss                zero     0x2001edb8     0x10  usbh_msc_bot.o [1]
  .bss                zero     0x2001edc8     0x10  usbh_msc_scsi.o [1]
  .bss                zero     0x2001edd8      0xc  apptask.o [1]
  .bss                zero     0x2001ede4      0xc  apptask.o [1]
  .bss                zero     0x2001edf0      0xc  ff.o [1]
  .bss                zero     0x2001edfc      0xc  protocol.o [1]
  .bss                zero     0x2001ee08      0xc  protocol.o [1]
  .bss                zero     0x2001ee14      0xc  protocol.o [1]
  .bss                zero     0x2001ee20      0x8  heap_4.o [1]
  .bss                zero     0x2001ee28      0x8  modbus.o [1]
  .bss                zero     0x2001ee30      0x8  protocol.o [1]
  .bss                zero     0x2001ee38      0x4  apptask.o [1]
  .bss                zero     0x2001ee3c      0x4  apptask.o [1]
  .bss                zero     0x2001ee40      0x4  apptask.o [1]
  .bss                zero     0x2001ee44      0x4  apptask.o [1]
  .bss                zero     0x2001ee48      0x4  apptask.o [1]
  .bss                zero     0x2001ee4c      0x4  apptask.o [1]
  .bss                zero     0x2001ee50      0x4  apptask.o [1]
  .bss                zero     0x2001ee54      0x4  apptask.o [1]
  .bss                zero     0x2001ee58      0x4  apptask.o [1]
  .bss                zero     0x2001ee5c      0x4  apptask.o [1]
  .bss                zero     0x2001ee60      0x4  apptask.o [1]
  .bss                zero     0x2001ee64      0x4  apptask.o [1]
  .bss                zero     0x2001ee68      0x4  apptask.o [1]
  .bss                zero     0x2001ee6c      0x4  apptask.o [1]
  .bss                zero     0x2001ee70      0x4  apptask.o [1]
  .bss                zero     0x2001ee74      0x4  apptask.o [1]
  .bss                zero     0x2001ee78      0x4  apptask.o [1]
  .bss                zero     0x2001ee7c      0x4  bsp_sdio_sd.o [1]
  .bss                zero     0x2001ee80      0x4  bsp_sdio_sd.o [1]
  .bss                zero     0x2001ee84      0x4  bsp_sdio_sd.o [1]
  .bss                zero     0x2001ee88      0x4  bsp_sdio_sd.o [1]
  .bss                zero     0x2001ee8c      0x4  bsp_sdio_sd.o [1]
  .bss                zero     0x2001ee90      0x4  bsp_timer.o [1]
  .bss                zero     0x2001ee94      0x4  bsp_timer.o [1]
  .bss                zero     0x2001ee98      0x4  bsp_timer.o [1]
  .bss                zero     0x2001ee9c      0x4  bsp_timer.o [1]
  .bss                zero     0x2001eea0      0x4  heap_4.o [1]
  .bss                zero     0x2001eea4      0x4  heap_4.o [1]
  .bss                zero     0x2001eea8      0x4  heap_4.o [1]
  .bss                zero     0x2001eeac      0x4  heap_4.o [1]
  .bss                zero     0x2001eeb0      0x4  port.o [1]
  .bss                zero     0x2001eeb4      0x4  product_cal.o [1]
  .bss                zero     0x2001eeb8      0x4  product_cal.o [1]
  .bss                zero     0x2001eebc      0x4  SysInfoTest.o [1]
  .bss                zero     0x2001eec0      0x4  tasks.o [1]
  .bss                zero     0x2001eec4      0x4  tasks.o [1]
  .bss                zero     0x2001eec8      0x4  tasks.o [1]
  .bss                zero     0x2001eecc      0x4  tasks.o [1]
  .bss                zero     0x2001eed0      0x4  tasks.o [1]
  .bss                zero     0x2001eed4      0x4  tasks.o [1]
  .bss                zero     0x2001eed8      0x4  tasks.o [1]
  .bss                zero     0x2001eedc      0x4  tasks.o [1]
  .bss                zero     0x2001eee0      0x4  tasks.o [1]
  .bss                zero     0x2001eee4      0x4  tasks.o [1]
  .bss                zero     0x2001eee8      0x4  tasks.o [1]
  .bss                zero     0x2001eeec      0x4  tasks.o [1]
  .bss                zero     0x2001eef0      0x4  tasks.o [1]
  .bss                zero     0x2001eef4      0x4  tasks.o [1]
  .bss                zero     0x2001eef8      0x4  tasks.o [1]
  .bss                zero     0x2001eefc      0x4  tasks.o [1]
  .bss                zero     0x2001ef00      0x4  timers.o [1]
  .bss                zero     0x2001ef04      0x4  timers.o [1]
  .bss                zero     0x2001ef08      0x4  timers.o [1]
  .bss                zero     0x2001ef0c      0x4  timers.o [1]
  .bss                zero     0x2001ef10      0x4  usbh_msc_bot.o [1]
  .bss                zero     0x2001ef14      0x4  usbh_msc_bot.o [1]
  .bss                zero     0x2001ef18      0x4  usbh_msc_bot.o [1]
  .bss                zero     0x2001ef1c      0x4  usbh_msc_bot.o [1]
  .bss                zero     0x2001ef20      0x2  apptask.o [1]
  .bss                zero     0x2001ef22      0x2  apptask.o [1]
  .bss                zero     0x2001ef24      0x2  apptask.o [1]
  .bss                zero     0x2001ef26      0x2  apptask.o [1]
  .bss                zero     0x2001ef28      0x2  bsp_sdwe050c17.o [1]
  .bss                zero     0x2001ef2a      0x2  ff.o [1]
  .bss                zero     0x2001ef2c      0x2  product_cal.o [1]
  .bss                zero     0x2001ef2e      0x2  usbh_core.o [1]
  .bss                zero     0x2001ef30      0x2  usbh_stdreq.o [1]
  .bss                zero     0x2001ef32      0x1  apptask.o [1]
  .bss                zero     0x2001ef33      0x1  apptask.o [1]
  .bss                zero     0x2001ef34      0x1  apptask.o [1]
  .bss                zero     0x2001ef35      0x1  apptask.o [1]
  .bss                zero     0x2001ef36      0x1  apptask.o [1]
  .bss                zero     0x2001ef37      0x1  apptask.o [1]
  .bss                zero     0x2001ef38      0x1  apptask.o [1]
  .bss                zero     0x2001ef39      0x1  apptask.o [1]
  .bss                zero     0x2001ef3a      0x1  apptask.o [1]
  .bss                zero     0x2001ef3b      0x1  bsp_sdio_sd.o [1]
  .bss                zero     0x2001ef3c      0x1  bsp_sdwe050c17.o [1]
  .bss                zero     0x2001ef3d      0x1  bsp_uart_fifo.o [1]
  .bss                zero     0x2001ef3e      0x1  port.o [1]
  .bss                zero     0x2001ef3f      0x1  product_cal.o [1]
  .bss                zero     0x2001ef40      0x1  product_cal.o [1]
  .bss                zero     0x2001ef41      0x1  product_cal.o [1]
  .bss                zero     0x2001ef42      0x1  protocol.o [1]
  .bss                zero     0x2001ef43      0x1  rc522.o [1]
  .bss                zero     0x2001ef44      0x1  rc522.o [1]
  .bss                zero     0x2001ef45      0x1  usbh_msc_bot.o [1]
  .bss                zero     0x2001ef46      0x1  usbh_msc_core.o [1]
  .bss                zero     0x2001ef47      0x1  usbh_msc_core.o [1]
  .bss                zero     0x2001ef48      0x1  usbh_stdreq.o [1]
  .bss                zero     0x2001ef49      0x1  usbh_usr.o [1]
  CSTACK                       0x2001ef50    0x800  <Block>
    CSTACK            uninit   0x2001ef50    0x800  <Block tail>
                             - 0x2001f750  0x1f750

Absolute sections:                         0xff000
  .bss                zero     0x68000000  0xf0000  malloc.o [1]
  .bss                zero     0x680f0000   0xf000  malloc.o [1]
                             - 0x680ff000  0xff000


*******************************************************************************
*** INIT TABLE
***

          Address     Size
          -------     ----
Zero (__iar_zero_init3)
    2 destination ranges, total size 0x11dd7e:
          0x200001cc  0x1ed7e
          0x68000000  0xff000

Copy/packbits (__iar_packbits_init3)
    1 source range, total size 0x11d (62% of destination):
          0x08040bf4    0x11d
    1 destination range, total size 0x1cb:
          0x20000000    0x1cb



*******************************************************************************
*** MODULE SUMMARY
***

    Module                    ro code  ro data  rw data    rw data
                                                            (abs)
    ------                    -------  -------  -------    -------
E:\WORK\YarnControl_Driver\YarnControl_Driver\src\stm32f4_rtos\Project\EWARMv7\Flash\Obj: [1]
    SysInfoTest.o                  60                 4
    apptask.o                  16 148    1 656      109
    bsp.o                          76
    bsp_closeSW.o                 232
    bsp_dwt.o                     116
    bsp_led.o                     192
    bsp_relay.o                    68
    bsp_sdio_sd.o               6 744               209
    bsp_sdwe050c17.o            4 680       56       55
    bsp_servomotor.o              560       13       20
    bsp_spi.o                     292
    bsp_stepmotor.o               532
    bsp_sw_onoff.o                104
    bsp_tim_pwm.o                 736
    bsp_timer.o                   516                16
    bsp_uart_fifo.o             2 660               341
    bsp_w25qxx.o                  896        9    4 098
    bsp_watchdog.o                  8
    cc936.o                       244  176 320
    demo_fatfs.o                           742       80
    diskio.o                      740
    event_groups.o                610
    ff.o                        8 804       36      562
    heap_4.o                      640        4   71 704
    list.o                        152
    main.o                         52       32
    malloc.o                      540       41   43 548  1 044 480
    mcheck.o                      184      768
    misc.o                        136
    modbus.o                      852                 8
    page_weimi.o                                    280
    para.o                        700       24      144
    port.o                        588        7        9
    portasm.o                     168
    product_cal.o               1 336      400       97
    protocol.o                     68               401
    queue.o                     1 992
    rc522.o                       174                22
    startup_stm32f40_41xxx.o      688
    stm32f4xx_dma.o               796
    stm32f4xx_exti.o              192
    stm32f4xx_gpio.o              300
    stm32f4xx_it.o                 56       44
    stm32f4xx_iwdg.o               16
    stm32f4xx_rcc.o               488       10       16
    stm32f4xx_sdio.o              380
    stm32f4xx_spi.o               116
    stm32f4xx_syscfg.o             84
    stm32f4xx_tim.o             1 332
    stm32f4xx_usart.o             558
    system_stm32f4xx.o            340        2        4
    tasks.o                     3 072        8      364
    timers.o                    1 188        8       56
    usb_bsp.o                     332
    usb_core.o                  2 640
    usb_hcd.o                     214
    usb_hcd_int.o               3 198
    usbh_core.o                 1 888       10       18
    usbh_hcs.o                    442
    usbh_ioreq.o                  582
    usbh_it.o                      16
    usbh_msc_bot.o              1 364                81
    usbh_msc_core.o             1 000       10       94
    usbh_msc_scsi.o             1 560        1      529
    usbh_stdreq.o               1 078               515
    usbh_usr.o                    438      600    3 125
    --------------------------------------------------------------
    Total:                     76 958  180 801  126 509  1 044 480

command line: [2]
    --------------------------------------------------------------
    Total:

dl7M_tlf.a: [3]
    abort.o                         6
    div.o                          14
    exit.o                          4
    localeconv.o                  108       84      136
    printf.o                       36
    putchar.o                      12
    sprintf.o                      52
    strcat.o                       28
    strstr.o                       44
    xfiles.o                                40      144
    xprintffull_nomb.o          3 478
    xprout.o                       22
    xsprout.o                      10
    --------------------------------------------------------------
    Total:                      3 814      124      280

m7M_tls.a: [4]
    DblAdd.o                      232
    DblCmpGe.o                     46
    DblCmpLe.o                     46
    DblDiv.o                      598
    DblMul.o                      418
    DblSub.o                      384
    DblToFlt.o                    144
    DblToI32.o                     88
    FltToDbl.o                     78
    I32ToDbl.o                     48
    fpinit_M.o                     34
    xdnorm.o                       66
    xdscale.o                     276
    --------------------------------------------------------------
    Total:                      2 458

rt7M_tl.a: [5]
    ABImemcpy_unaligned.o         118
    ABImemset.o                   102
    I64DivMod.o                   238
    I64DivZer.o                     2
    cexit.o                        10
    cmain.o                        26
    cstartup_M.o                   12
    data_init.o                    40
    memchr.o                       88
    memcmp_unaligned.o             98
    packbits_init.o               208
    strchr.o                       22
    strcmp_unaligned.o             66
    strcpy_unaligned.o             68
    strlen.o                       54
    zero_init3.o                   64
    --------------------------------------------------------------
    Total:                      1 216

shb_l.a: [6]
    exit.o                         20
    --------------------------------------------------------------
    Total:                         20

    Gaps                           42        4        5
    Linker created                          52    2 048
------------------------------------------------------------------
    Grand Total:               84 508  180 981  128 842  1 044 480


*******************************************************************************
*** ENTRY LIST
***

Entry                      Address     Size  Type      Object
-----                      -------     ----  ----      ------
.iar.init_table$$Base   0x0804022c            --   Gb  - Linker created -
.iar.init_table$$Limit  0x08040260            --   Gb  - Linker created -
?main                   0x08040549           Code  Gb  cmain.o [5]
APBAHBPrescTable        0x20000190     0x10  Data  Lc  stm32f4xx_rcc.o [1]
AppObjCreate            0x0802e4a1    0x138  Code  Gb  apptask.o [1]
AppTaskCreate           0x0802e355    0x148  Code  Gb  apptask.o [1]
BOTStallErrorCount      0x2001ef10      0x4  Data  Lc  usbh_msc_bot.o [1]
BusFault_Handler        0x0803ff83      0x2  Code  Gb  stm32f4xx_it.o [1]
CID_Tab                 0x2001ed98     0x10  Data  Lc  bsp_sdio_sd.o [1]
CRC16HiTable            0x0803f824    0x100  Data  Gb  mcheck.o [1]
CRC16LoTable            0x0803f924    0x100  Data  Gb  mcheck.o [1]
CRC8Table               0x0803fa24    0x100  Data  Gb  mcheck.o [1]
CSD_Tab                 0x2001ed88     0x10  Data  Lc  bsp_sdio_sd.o [1]
CSTACK$$Base            0x2001ef50            --   Gb  - Linker created -
CSTACK$$Limit           0x2001f750            --   Gb  - Linker created -
CardType                0x2001ee7c      0x4  Data  Lc  bsp_sdio_sd.o [1]
CmdError                0x0803bf71     0x38  Code  Lc  bsp_sdio_sd.o [1]
CmdResp1Error           0x0803c015    0x112  Code  Lc  bsp_sdio_sd.o [1]
CmdResp2Error           0x0803c165     0x52  Code  Lc  bsp_sdio_sd.o [1]
CmdResp3Error           0x0803c127     0x3e  Code  Lc  bsp_sdio_sd.o [1]
CmdResp6Error           0x0803c1b7     0xa6  Code  Lc  bsp_sdio_sd.o [1]
CmdResp7Error           0x0803bfa9     0x58  Code  Lc  bsp_sdio_sd.o [1]
ConfigExitNVIC          0x0803fb8f     0x22  Code  Gb  bsp_closeSW.o [1]
ConfigUartNVIC          0x0803712d     0x7c  Code  Lc  bsp_uart_fifo.o [1]
DMA1_Stream0_IRQHandler
                        0x08035e69     0x1c  Code  Gb  bsp_servomotor.o [1]
DMA2_Stream3_IRQHandler
                        0x0803c859      0x8  Code  Gb  bsp_sdio_sd.o [1]
DMAEndOfTransfer        0x2001ee8c      0x4  Data  Gb  bsp_sdio_sd.o [1]
DMA_ClearFlag           0x08039a97     0x24  Code  Gb  stm32f4xx_dma.o [1]
DMA_Cmd                 0x08039a4d     0x1a  Code  Gb  stm32f4xx_dma.o [1]
DMA_DeInit              0x080398b5    0x140  Code  Gb  stm32f4xx_dma.o [1]
DMA_FlowControllerConfig
                        0x08039a67     0x18  Code  Gb  stm32f4xx_dma.o [1]
DMA_GetCmdStatus        0x08039a7f     0x18  Code  Gb  stm32f4xx_dma.o [1]
DMA_GetITStatus         0x08039afd     0x62  Code  Gb  stm32f4xx_dma.o [1]
DMA_ITConfig            0x08039abb     0x42  Code  Gb  stm32f4xx_dma.o [1]
DMA_Init                0x080399f5     0x58  Code  Gb  stm32f4xx_dma.o [1]
DebugMon_Handler        0x0803ff87      0x2  Code  Gb  stm32f4xx_it.o [1]
DiskFile_init           0x080358dd     0x40  Code  Gb  protocol.o [1]
Disk_File               0x2001e8cc     0x70  Data  Gb  protocol.o [1]
EXTI9_5_IRQHandler      0x0803fbb1     0x4e  Code  Gb  bsp_closeSW.o [1]
EXTI_ClearITPendingBit  0x0803fd03      0x6  Code  Gb  stm32f4xx_exti.o [1]
EXTI_GetITStatus        0x0803fce9     0x1a  Code  Gb  stm32f4xx_exti.o [1]
EXTI_Init               0x0803fc61     0x88  Code  Gb  stm32f4xx_exti.o [1]
FR_Table                0x20000088     0x50  Data  Gb  demo_fatfs.o [1]
FatFs                   0x2001edf0      0xc  Data  Lc  ff.o [1]
File_info               0x2001eb10     0x50  Data  Gb  protocol.o [1]
Files                   0x2001ec60     0x24  Data  Lc  ff.o [1]
FindSCR                 0x0803c405    0x206  Code  Lc  bsp_sdio_sd.o [1]
Fsid                    0x2001ef2a      0x2  Data  Lc  ff.o [1]
GPIO_Init               0x08035b45     0xaa  Code  Gb  stm32f4xx_gpio.o [1]
GPIO_PinAFConfig        0x08035c17     0x5a  Code  Gb  stm32f4xx_gpio.o [1]
GPIO_ReadInputDataBit   0x08035bef     0x1a  Code  Gb  stm32f4xx_gpio.o [1]
GPIO_WriteBit           0x08035c09      0xe  Code  Gb  stm32f4xx_gpio.o [1]
GetDeviceState          0x080358a9     0x2e  Code  Gb  bsp_sw_onoff.o [1]
HCD_GetCurrentFrame     0x08038b7d      0x8  Code  Gb  usb_hcd.o [1]
HCD_GetCurrentSpeed     0x08038b5f     0x10  Code  Gb  usb_hcd.o [1]
HCD_GetURB_State        0x08038b85      0xa  Code  Gb  usb_hcd.o [1]
HCD_GetXferCnt          0x08038b8f      0xc  Code  Gb  usb_hcd.o [1]
HCD_Init                0x08038aed     0x72  Code  Gb  usb_hcd.o [1]
HCD_ResetPort           0x08038b6f      0xe  Code  Gb  usb_hcd.o [1]
HCD_SubmitRequest       0x08038b9b     0x28  Code  Gb  usb_hcd.o [1]
HardFault_Handler       0x0803ff53     0x22  Code  Gb  stm32f4xx_it.o [1]
IWDG_Feed               0x080365a9      0x8  Code  Gb  bsp_watchdog.o [1]
IWDG_ReloadCounter      0x08039c59      0xa  Code  Gb  stm32f4xx_iwdg.o [1]
InStream_Read           0x0803fd21     0x22  Code  Lc  packbits_init.o [5]
InitHardUart            0x08036d6d    0x3c0  Code  Lc  bsp_uart_fifo.o [1]
Init_JINGSHA_GUI        0x0802fd9b    0x122  Code  Gb  bsp_sdwe050c17.o [1]
LfnBuf                  0x2001df24    0x200  Data  Lc  ff.o [1]
LfnOfs                  0x08040848     0x10  Data  Lc  ff.o [1]
LoadInt                 0x08038015     0x6e  Code  Lc  xprintffull_nomb.o [3]
MSCErrorCount           0x2001ef46      0x1  Data  Gb  usbh_msc_core.o [1]
MSC_Machine             0x2001ea68     0x4c  Data  Gb  usbh_msc_core.o [1]
MSG_DEV_ATTACHED        0x080406c4     0x18  Data  Gb  usbh_usr.o [1]
MSG_DEV_DISCONNECTED    0x080406dc     0x18  Data  Gb  usbh_usr.o [1]
MSG_DEV_ENUMERATED      0x080404f4     0x1c  Data  Gb  usbh_usr.o [1]
MSG_DEV_ERROR           0x080407a4     0x14  Data  Gb  usbh_usr.o [1]
MSG_DEV_FULLSPEED       0x08040380     0x20  Data  Gb  usbh_usr.o [1]
MSG_DEV_HIGHSPEED       0x08040360     0x20  Data  Gb  usbh_usr.o [1]
MSG_DEV_LOWSPEED        0x080403a0     0x20  Data  Gb  usbh_usr.o [1]
MSG_HID_CLASS           0x08040510     0x1c  Data  Gb  usbh_usr.o [1]
MSG_MSC_CLASS           0x080401e4     0x24  Data  Gb  usbh_usr.o [1]
MSG_UNREC_ERROR         0x0804052c     0x1c  Data  Gb  usbh_usr.o [1]
MemManage_Handler       0x0803ff81      0x2  Code  Gb  stm32f4xx_it.o [1]
NMI_Handler             0x0803ff51      0x2  Code  Gb  stm32f4xx_it.o [1]
NVIC_Init               0x08039bdb     0x6a  Code  Gb  misc.o [1]
NVIC_PriorityGroupConfig
                        0x08039bd1      0xa  Code  Gb  misc.o [1]
OTG_FS_IRQHandler       0x080408a9     0x10  Code  Gb  usbh_it.o [1]
PendSV_Handler          0x08039c69           Code  Gb  portasm.o [1]
RCA                     0x2001ee80      0x4  Data  Lc  bsp_sdio_sd.o [1]
RCC_AHB1PeriphClockCmd  0x08036c17     0x22  Code  Gb  stm32f4xx_rcc.o [1]
RCC_AHB2PeriphClockCmd  0x08036c39     0x1e  Code  Gb  stm32f4xx_rcc.o [1]
RCC_APB1PeriphClockCmd  0x08036c57     0x1e  Code  Gb  stm32f4xx_rcc.o [1]
RCC_APB1PeriphResetCmd  0x08036c93     0x1e  Code  Gb  stm32f4xx_rcc.o [1]
RCC_APB2PeriphClockCmd  0x08036c75     0x1e  Code  Gb  stm32f4xx_rcc.o [1]
RCC_APB2PeriphResetCmd  0x08036cb1     0x1e  Code  Gb  stm32f4xx_rcc.o [1]
RCC_GetClocksFreq       0x08036b15    0x102  Code  Gb  stm32f4xx_rcc.o [1]
RS485_InitTXE           0x08036d39     0x34  Code  Gb  bsp_uart_fifo.o [1]
RS485_sendbuf           0x080375e9     0x3c  Code  Gb  bsp_uart_fifo.o [1]
Region$$Table$$Base     0x0804022c            --   Gb  - Linker created -
Region$$Table$$Limit    0x08040260            --   Gb  - Linker created -
SDCardInfo              0x2001eab8     0x58  Data  Gb  bsp_sdio_sd.o [1]
SDEnWideBus             0x0803c269    0x198  Code  Lc  bsp_sdio_sd.o [1]
SDIO_ClearFlag          0x0803d4e5      0x6  Code  Gb  stm32f4xx_sdio.o [1]
SDIO_ClearITPendingBit  0x0803d505      0x6  Code  Gb  stm32f4xx_sdio.o [1]
SDIO_ClockCmd           0x0803d413      0x8  Code  Gb  stm32f4xx_sdio.o [1]
SDIO_CmdInitStructure   0x2001ecd4     0x14  Data  Gb  bsp_sdio_sd.o [1]
SDIO_DMACmd             0x0803d4a5      0x8  Code  Gb  stm32f4xx_sdio.o [1]
SDIO_DataConfig         0x0803d471     0x2e  Code  Gb  stm32f4xx_sdio.o [1]
SDIO_DataInitStructure  0x2001ecbc     0x18  Data  Gb  bsp_sdio_sd.o [1]
SDIO_DeInit             0x0803d3d1     0x18  Code  Gb  stm32f4xx_sdio.o [1]
SDIO_GetCommandResponse
                        0x0803d453      0x8  Code  Gb  stm32f4xx_sdio.o [1]
SDIO_GetFlagStatus      0x0803d4cb     0x1a  Code  Gb  stm32f4xx_sdio.o [1]
SDIO_GetITStatus        0x0803d4eb     0x1a  Code  Gb  stm32f4xx_sdio.o [1]
SDIO_GetPowerState      0x0803d421      0xa  Code  Gb  stm32f4xx_sdio.o [1]
SDIO_GetResponse        0x0803d45b     0x16  Code  Gb  stm32f4xx_sdio.o [1]
SDIO_IRQHandler         0x0803c851      0x8  Code  Gb  bsp_sdio_sd.o [1]
SDIO_ITConfig           0x0803d4ad     0x1e  Code  Gb  stm32f4xx_sdio.o [1]
SDIO_Init               0x0803d3e9     0x2a  Code  Gb  stm32f4xx_sdio.o [1]
SDIO_InitStructure      0x2001eca4     0x18  Data  Gb  bsp_sdio_sd.o [1]
SDIO_Interrupts_Config  0x0803c815     0x3c  Code  Gb  bsp_sdio_sd.o [1]
SDIO_ReadData           0x0803d49f      0x6  Code  Gb  stm32f4xx_sdio.o [1]
SDIO_SendCommand        0x0803d42b     0x28  Code  Gb  stm32f4xx_sdio.o [1]
SDIO_SetPowerState      0x0803d41b      0x6  Code  Gb  stm32f4xx_sdio.o [1]
SDWE_WARNNING           0x0803002d     0x2a  Code  Gb  bsp_sdwe050c17.o [1]
SD_Detect               0x0803af0d     0x22  Code  Gb  bsp_sdio_sd.o [1]
SD_EnableWideBusOperation
                        0x0803b709     0xc8  Code  Gb  bsp_sdio_sd.o [1]
SD_GetCardInfo          0x0803b31d    0x3ec  Code  Gb  bsp_sdio_sd.o [1]
SD_GetState             0x0803aee3     0x2a  Code  Gb  bsp_sdio_sd.o [1]
SD_GetStatus            0x0803aec1     0x22  Code  Gb  bsp_sdio_sd.o [1]
SD_Init                 0x0803ae09     0xb8  Code  Gb  bsp_sdio_sd.o [1]
SD_InitializeCards      0x0803b17b    0x1a2  Code  Gb  bsp_sdio_sd.o [1]
SD_LowLevel_DMA_RxConfig
                        0x0803c75f     0x8e  Code  Gb  bsp_sdio_sd.o [1]
SD_LowLevel_DMA_TxConfig
                        0x0803c6d1     0x8e  Code  Gb  bsp_sdio_sd.o [1]
SD_LowLevel_Init        0x0803c60d     0xbc  Code  Gb  bsp_sdio_sd.o [1]
SD_PowerON              0x0803af2f    0x24c  Code  Gb  bsp_sdio_sd.o [1]
SD_ProcessDMAIRQ        0x0803bf4d     0x22  Code  Gb  bsp_sdio_sd.o [1]
SD_ProcessIRQSrc        0x0803be9f     0xae  Code  Gb  bsp_sdio_sd.o [1]
SD_ReadBlock            0x0803b809    0x108  Code  Gb  bsp_sdio_sd.o [1]
SD_ReadMultiBlocks      0x0803b911    0x134  Code  Gb  bsp_sdio_sd.o [1]
SD_SelectDeselect       0x0803b7d1     0x38  Code  Gb  bsp_sdio_sd.o [1]
SD_SendStatus           0x0803be31     0x6e  Code  Gb  bsp_sdio_sd.o [1]
SD_StopTransfer         0x0803bde9     0x44  Code  Gb  bsp_sdio_sd.o [1]
SD_WaitReadOperation    0x0803ba49     0x96  Code  Gb  bsp_sdio_sd.o [1]
SD_WriteBlock           0x0803bae9    0x11e  Code  Gb  bsp_sdio_sd.o [1]
SD_WriteMultiBlocks     0x0803bc15    0x1cc  Code  Gb  bsp_sdio_sd.o [1]
SPI1_Init               0x08037965     0xc0  Code  Gb  bsp_spi.o [1]
SPI1_ReadWriteByte      0x08037a4d     0x32  Code  Gb  bsp_spi.o [1]
SPI1_SetSpeed           0x08037a25     0x28  Code  Gb  bsp_spi.o [1]
SPI_Cmd                 0x08039f81     0x1c  Code  Gb  stm32f4xx_spi.o [1]
SPI_I2S_GetFlagStatus   0x08039f9d     0x18  Code  Gb  stm32f4xx_spi.o [1]
SPI_Init                0x08039f41     0x40  Code  Gb  stm32f4xx_spi.o [1]
SRC_Buffer              0x2000017c     0x14  Data  Gb  bsp_servomotor.o [1]
SVC_Handler             0x08039cc1           Code  Gb  portasm.o [1]
SYSCFG_EXTILineConfig   0x0803fc0d     0x50  Code  Gb  stm32f4xx_syscfg.o [1]
Sdwe_ClearReadDisk      0x08030103     0x1c  Code  Gb  bsp_sdwe050c17.o [1]
Sdwe_change_class_time  0x08030567     0x30  Code  Gb  bsp_sdwe050c17.o [1]
Sdwe_clearString        0x08030057     0x54  Code  Gb  bsp_sdwe050c17.o [1]
Sdwe_clear_filename     0x0803014f     0x2a  Code  Gb  bsp_sdwe050c17.o [1]
Sdwe_disDigi            0x0802ff07     0xa4  Code  Gb  bsp_sdwe050c17.o [1]
Sdwe_disPicture         0x0802febd     0x4a  Code  Gb  bsp_sdwe050c17.o [1]
Sdwe_disString          0x0802ffab     0x82  Code  Gb  bsp_sdwe050c17.o [1]
Sdwe_hidden_page        0x080305ff     0x30  Code  Gb  bsp_sdwe050c17.o [1]
Sdwe_peiliao_page       0x08030471     0xf6  Code  Gb  bsp_sdwe050c17.o [1]
Sdwe_period_page        0x08030597     0x68  Code  Gb  bsp_sdwe050c17.o [1]
Sdwe_product_page       0x080302f9    0x174  Code  Gb  bsp_sdwe050c17.o [1]
Sdwe_readRTC            0x0803011f     0x30  Code  Gb  bsp_sdwe050c17.o [1]
Sdwe_refresh_allname    0x080302af     0x48  Code  Gb  bsp_sdwe050c17.o [1]
Sdwe_refresh_filename   0x08030179    0x136  Code  Gb  bsp_sdwe050c17.o [1]
Sdwe_stop_page          0x0803062f    0x36a  Code  Gb  bsp_sdwe050c17.o [1]
Sdwe_writeIcon          0x080300ab     0x58  Code  Gb  bsp_sdwe050c17.o [1]
SetSysClock             0x0803f723     0xce  Code  Lc  system_stm32f4xx.o [1]
SlavePara               0x2001e704     0xa4  Data  Gb  protocol.o [1]
StopCondition           0x2001ee84      0x4  Data  Gb  bsp_sdio_sd.o [1]
SysTick_Handler         0x08036737     0x2c  Code  Gb  port.o [1]
SystemCoreClock         0x200001c0      0x4  Data  Gb  system_stm32f4xx.o [1]
SystemInit              0x0803f6d1     0x52  Code  Gb  system_stm32f4xx.o [1]
TIM1_PWM_SETPMOTOR      0x08035a99     0x96  Code  Gb  bsp_stepmotor.o [1]
TIM2_IRQHandler         0x080378a1     0xac  Code  Gb  bsp_timer.o [1]
TIM3_PWM_SETPMOTOR      0x08035a31     0x68  Code  Gb  bsp_stepmotor.o [1]
TIM4ConfigPwmOut        0x08035c71     0x24  Code  Gb  bsp_servomotor.o [1]
TIM4StartPwmOut         0x08035c95     0x2c  Code  Gb  bsp_servomotor.o [1]
TIM4StopPwmOut          0x08035cc1     0x2e  Code  Gb  bsp_servomotor.o [1]
TIM4_CH1_PWM_Config     0x08035d2d     0x8c  Code  Gb  bsp_servomotor.o [1]
TIM4_GPIO_Configuration
                        0x08035cef     0x3e  Code  Gb  bsp_servomotor.o [1]
TIM4_PWMDMA_Config      0x08035db9     0xb0  Code  Gb  bsp_servomotor.o [1]
TIM6_DAC_IRQHandler     0x0803feef     0x22  Code  Gb  SysInfoTest.o [1]
TIM_ARRPreloadConfig    0x08031e63     0x1c  Code  Gb  stm32f4xx_tim.o [1]
TIM_CallBack1           0x0802e605     0x34  Code  Gb  apptask.o [1]
TIM_ClearITPendingBit   0x08032193      0x8  Code  Gb  stm32f4xx_tim.o [1]
TIM_Cmd                 0x08031e7f     0x1c  Code  Gb  stm32f4xx_tim.o [1]
TIM_CtrlPWMOutputs      0x08032129     0x22  Code  Gb  stm32f4xx_tim.o [1]
TIM_DMACmd              0x0803219b     0x16  Code  Gb  stm32f4xx_tim.o [1]
TIM_DeInit              0x08031c7d    0x17c  Code  Gb  stm32f4xx_tim.o [1]
TIM_GetITStatus         0x08032161     0x32  Code  Gb  stm32f4xx_tim.o [1]
TIM_ITConfig            0x0803214b     0x16  Code  Gb  stm32f4xx_tim.o [1]
TIM_OC1Init             0x08031e9b     0x7e  Code  Gb  stm32f4xx_tim.o [1]
TIM_OC2Init             0x08031f19     0x8c  Code  Gb  stm32f4xx_tim.o [1]
TIM_OC2PreloadConfig    0x080320ef     0x14  Code  Gb  stm32f4xx_tim.o [1]
TIM_OC3Init             0x08031fa5     0x8a  Code  Gb  stm32f4xx_tim.o [1]
TIM_OC3PreloadConfig    0x08032103     0x12  Code  Gb  stm32f4xx_tim.o [1]
TIM_OC4Init             0x0803202f     0x68  Code  Gb  stm32f4xx_tim.o [1]
TIM_OC4PreloadConfig    0x08032115     0x14  Code  Gb  stm32f4xx_tim.o [1]
TIM_OCStructInit        0x080320cd     0x22  Code  Gb  stm32f4xx_tim.o [1]
TIM_TimeBaseInit        0x08031df9     0x6a  Code  Gb  stm32f4xx_tim.o [1]
Task_iwdg_refresh       0x0802e821     0x56  Code  Gb  apptask.o [1]
TransferEnd             0x2001ee88      0x4  Data  Gb  bsp_sdio_sd.o [1]
TransferError           0x2001ef3b      0x1  Data  Gb  bsp_sdio_sd.o [1]
UART1ToPC               0x08037589     0x30  Code  Gb  bsp_uart_fifo.o [1]
UART2ToPC               0x080375b9     0x30  Code  Gb  bsp_uart_fifo.o [1]
UART2_RX_BUF            0x2001ea04     0x64  Data  Gb  bsp_uart_fifo.o [1]
UART3ToPC               0x08037625     0x30  Code  Gb  bsp_uart_fifo.o [1]
UART4ToPC               0x08037655     0x30  Code  Gb  bsp_uart_fifo.o [1]
UART4_IRQHandler        0x08037497     0x84  Code  Gb  bsp_uart_fifo.o [1]
UART4_RX_BUF            0x2001e9a0     0x64  Data  Gb  bsp_uart_fifo.o [1]
UART5ToPC               0x08037687     0x30  Code  Gb  bsp_uart_fifo.o [1]
UART5_IRQHandler        0x0803751b     0x6e  Code  Gb  bsp_uart_fifo.o [1]
UART5_RX_BUF            0x2001e93c     0x64  Data  Gb  bsp_uart_fifo.o [1]
USART1_IRQHandler       0x08037407     0x1e  Code  Gb  bsp_uart_fifo.o [1]
USART2_IRQHandler       0x08037425     0x68  Code  Gb  bsp_uart_fifo.o [1]
USART3_IRQHandler       0x0803748d      0xa  Code  Gb  bsp_uart_fifo.o [1]
USART_ClearFlag         0x08039ec3      0xc  Code  Gb  stm32f4xx_usart.o [1]
USART_Cmd               0x08039e0d     0x1c  Code  Gb  stm32f4xx_usart.o [1]
USART_DMACmd            0x08039e39     0x16  Code  Gb  stm32f4xx_usart.o [1]
USART_GetFlagStatus     0x08039ea5     0x1e  Code  Gb  stm32f4xx_usart.o [1]
USART_GetITStatus       0x08039ecf     0x70  Code  Gb  stm32f4xx_usart.o [1]
USART_ITConfig          0x08039e4f     0x56  Code  Gb  stm32f4xx_usart.o [1]
USART_Init              0x08039d11     0xee  Code  Gb  stm32f4xx_usart.o [1]
USART_ReceiveData       0x08039e31      0x8  Code  Gb  stm32f4xx_usart.o [1]
USART_SendData          0x08039e29      0x8  Code  Gb  stm32f4xx_usart.o [1]
USBH_Alloc_Channel      0x08038cdd     0x2e  Code  Gb  usbh_hcs.o [1]
USBH_BulkReceiveData    0x08039381     0x62  Code  Gb  usbh_ioreq.o [1]
USBH_BulkSendData       0x0803931f     0x62  Code  Gb  usbh_ioreq.o [1]
USBH_CfgDesc            0x2001e324    0x200  Data  Gb  usbh_stdreq.o [1]
USBH_ClrFeature         0x08038f27     0x4c  Code  Gb  usbh_stdreq.o [1]
USBH_Connected          0x0803299d      0xc  Code  Gb  usbh_core.o [1]
USBH_CtlReceiveData     0x080392d9     0x46  Code  Gb  usbh_ioreq.o [1]
USBH_CtlReq             0x080391b3     0x6e  Code  Gb  usbh_ioreq.o [1]
USBH_CtlSendData        0x08039265     0x74  Code  Gb  usbh_ioreq.o [1]
USBH_CtlSendSetup       0x08039221     0x44  Code  Gb  usbh_ioreq.o [1]
USBH_DataInBuffer       0x2001e124    0x200  Data  Gb  usbh_msc_scsi.o [1]
USBH_DeAllocate_AllChannel
                        0x08038d2f     0x20  Code  Gb  usbh_hcs.o [1]
USBH_DeInit             0x08032a03     0x3e  Code  Gb  usbh_core.o [1]
USBH_Disconnected       0x080329a9      0xc  Code  Gb  usbh_core.o [1]
USBH_ErrorHandle        0x08032c13     0x34  Code  Gb  usbh_core.o [1]
USBH_Free_Channel       0x08038d0b     0x24  Code  Gb  usbh_hcs.o [1]
USBH_GetDescriptor      0x08038e87     0x4e  Code  Gb  usbh_stdreq.o [1]
USBH_GetFreeChannel     0x08038d4f     0x2e  Code  Lc  usbh_hcs.o [1]
USBH_GetNextDesc        0x0803919b     0x18  Code  Gb  usbh_stdreq.o [1]
USBH_Get_CfgDesc        0x08038dc3     0x78  Code  Gb  usbh_stdreq.o [1]
USBH_Get_DevDesc        0x08038d7d     0x46  Code  Gb  usbh_stdreq.o [1]
USBH_Get_StringDesc     0x08038e3b     0x4c  Code  Gb  usbh_stdreq.o [1]
USBH_HCD_INT_cb         0x200001b0      0xc  Data  Gb  usbh_core.o [1]
USBH_HCD_INT_fops       0x200001c4      0x4  Data  Gb  usbh_core.o [1]
USBH_HandleControl      0x08032e5b    0x29a  Code  Gb  usbh_core.o [1]
USBH_HandleEnum         0x08032c47    0x214  Code  Lc  usbh_core.o [1]
USBH_Init               0x080329bb     0x48  Code  Gb  usbh_core.o [1]
USBH_MSC_BOTReset       0x0803e511     0x28  Code  Lc  usbh_msc_core.o [1]
USBH_MSC_BOTXferParam   0x2001edb8     0x10  Data  Gb  usbh_msc_bot.o [1]
USBH_MSC_BOT_Abort      0x0803d2c1     0x5c  Code  Gb  usbh_msc_bot.o [1]
USBH_MSC_CBWData        0x2001ec84     0x20  Data  Gb  usbh_msc_bot.o [1]
USBH_MSC_CSWData        0x2001eda8     0x10  Data  Gb  usbh_msc_bot.o [1]
USBH_MSC_ClassRequest   0x0803e2ff     0x12  Code  Lc  usbh_msc_core.o [1]
USBH_MSC_DecodeCSW      0x0803d31d     0x7a  Code  Gb  usbh_msc_bot.o [1]
USBH_MSC_ErrorHandle    0x0803e561     0x3e  Code  Gb  usbh_msc_core.o [1]
USBH_MSC_GETMaxLUN      0x0803e539     0x28  Code  Lc  usbh_msc_core.o [1]
USBH_MSC_Handle         0x0803e311    0x200  Code  Lc  usbh_msc_core.o [1]
USBH_MSC_HandleBOTXfer  0x0803cebd    0x404  Code  Gb  usbh_msc_bot.o [1]
USBH_MSC_Init           0x0803ce79     0x44  Code  Gb  usbh_msc_bot.o [1]
USBH_MSC_InterfaceDeInit
                        0x0803e2b3     0x4c  Code  Lc  usbh_msc_core.o [1]
USBH_MSC_InterfaceInit  0x0803e1cd     0xe6  Code  Lc  usbh_msc_core.o [1]
USBH_MSC_ModeSense6     0x0803ca73    0x10c  Code  Gb  usbh_msc_scsi.o [1]
USBH_MSC_Param          0x2001edc8     0x10  Data  Gb  usbh_msc_scsi.o [1]
USBH_MSC_Read10         0x0803cd59    0x106  Code  Gb  usbh_msc_scsi.o [1]
USBH_MSC_ReadCapacity10
                        0x0803c949    0x12a  Code  Gb  usbh_msc_scsi.o [1]
USBH_MSC_RequestSense   0x0803cb7f     0xee  Code  Gb  usbh_msc_scsi.o [1]
USBH_MSC_TestUnitReady  0x0803c861     0xe8  Code  Gb  usbh_msc_scsi.o [1]
USBH_MSC_Write10        0x0803cc6d     0xec  Code  Gb  usbh_msc_scsi.o [1]
USBH_MSC_cb             0x200001a0     0x10  Data  Gb  usbh_msc_core.o [1]
USBH_Modify_Channel     0x08038c69     0x74  Code  Gb  usbh_hcs.o [1]
USBH_OTG_ISR_Handler    0x0803d54d     0xb8  Code  Gb  usb_hcd_int.o [1]
USBH_Open_Channel       0x08038bc3     0xa6  Code  Gb  usbh_hcs.o [1]
USBH_ParseCfgDesc       0x08038fcf    0x13c  Code  Lc  usbh_stdreq.o [1]
USBH_ParseDevDesc       0x08038f73     0x5c  Code  Lc  usbh_stdreq.o [1]
USBH_ParseEPDesc        0x0803913f     0x20  Code  Lc  usbh_stdreq.o [1]
USBH_ParseInterfaceDesc
                        0x08039119     0x26  Code  Lc  usbh_stdreq.o [1]
USBH_ParseStringDesc    0x0803915f     0x3c  Code  Lc  usbh_stdreq.o [1]
USBH_Process            0x08032a41    0x1d2  Code  Gb  usbh_core.o [1]
USBH_SOF                0x080329b5      0x6  Code  Gb  usbh_core.o [1]
USBH_SetAddress         0x08038ed5     0x2a  Code  Gb  usbh_stdreq.o [1]
USBH_SetCfg             0x08038eff     0x28  Code  Gb  usbh_stdreq.o [1]
USBH_SubmitSetupRequest
                        0x080393e3     0x16  Code  Lc  usbh_ioreq.o [1]
USBH_USR_Configuration_DescAvailable
                        0x080328a5     0x26  Code  Gb  usbh_usr.o [1]
USBH_USR_DeInit         0x08032999      0x2  Code  Gb  usbh_usr.o [1]
USBH_USR_DeviceAddressAssigned
                        0x080328a3      0x2  Code  Gb  usbh_usr.o [1]
USBH_USR_DeviceAttached
                        0x0803281d      0xa  Code  Gb  usbh_usr.o [1]
USBH_USR_DeviceDisconnected
                        0x08032831     0x1a  Code  Gb  usbh_usr.o [1]
USBH_USR_DeviceNotSupported
                        0x0803290f      0xa  Code  Gb  usbh_usr.o [1]
USBH_USR_DeviceSpeedDetected
                        0x08032855     0x36  Code  Gb  usbh_usr.o [1]
USBH_USR_Device_DescAvailable
                        0x0803288b     0x18  Code  Gb  usbh_usr.o [1]
USBH_USR_EnumerationDone
                        0x080328f5     0x1a  Code  Gb  usbh_usr.o [1]
USBH_USR_Init           0x080327f9     0x24  Code  Gb  usbh_usr.o [1]
USBH_USR_MSC_Application
                        0x08032995      0x4  Code  Gb  usbh_usr.o [1]
USBH_USR_Manufacturer_String
                        0x080328cb      0xe  Code  Gb  usbh_usr.o [1]
USBH_USR_OverCurrentDetected
                        0x0803291d      0xa  Code  Gb  usbh_usr.o [1]
USBH_USR_Product_String
                        0x080328d9      0xe  Code  Gb  usbh_usr.o [1]
USBH_USR_ResetDevice    0x0803284b      0xa  Code  Gb  usbh_usr.o [1]
USBH_USR_SerialNum_String
                        0x080328e7      0xe  Code  Gb  usbh_usr.o [1]
USBH_USR_UnrecoveredError
                        0x08032827      0xa  Code  Gb  usbh_usr.o [1]
USBH_USR_UserInput      0x08032919      0x4  Code  Gb  usbh_usr.o [1]
USB_Host                0x2001e7a8     0x94  Data  Gb  usbh_usr.o [1]
USB_OTG_BSP_DisableInterrupt
                        0x08038a51     0x22  Code  Gb  usb_bsp.o [1]
USB_OTG_BSP_EnableInterrupt
                        0x08038a73     0x54  Code  Gb  usb_bsp.o [1]
USB_OTG_BSP_Init        0x080389a1     0xb0  Code  Gb  usb_bsp.o [1]
USB_OTG_BSP_mDelay      0x08038ae1      0xc  Code  Gb  usb_bsp.o [1]
USB_OTG_BSP_uDelay      0x08038ad5      0xc  Code  Gb  usb_bsp.o [1]
USB_OTG_Core            0x2001d3cc    0x5ac  Data  Gb  usbh_usr.o [1]
USB_OTG_CoreInit        0x0803a591     0xce  Code  Gb  usb_core.o [1]
USB_OTG_CoreInitHost    0x0803a79d     0xd0  Code  Gb  usb_core.o [1]
USB_OTG_CoreReset       0x0803a3db     0x60  Code  Lc  usb_core.o [1]
USB_OTG_DisableGlobalInt
                        0x0803a67d     0x1e  Code  Gb  usb_core.o [1]
USB_OTG_DriveVbus       0x0803a87d     0x54  Code  Gb  usb_core.o [1]
USB_OTG_EnableCommonInt
                        0x0803a3b9     0x22  Code  Lc  usb_core.o [1]
USB_OTG_EnableGlobalInt
                        0x0803a65f     0x1e  Code  Gb  usb_core.o [1]
USB_OTG_EnableHostInt   0x0803a8d1     0x4e  Code  Gb  usb_core.o [1]
USB_OTG_FlushRxFifo     0x0803a6e3     0x40  Code  Gb  usb_core.o [1]
USB_OTG_FlushTxFifo     0x0803a69b     0x48  Code  Gb  usb_core.o [1]
USB_OTG_GetMode         0x0803a769      0xa  Code  Gb  usb_core.o [1]
USB_OTG_HC_DoPing       0x0803adc1     0x48  Code  Gb  usb_core.o [1]
USB_OTG_HC_Halt         0x0803ad4d     0x74  Code  Gb  usb_core.o [1]
USB_OTG_HC_Init         0x0803a97d    0x1d0  Code  Gb  usb_core.o [1]
USB_OTG_HC_StartXfer    0x0803ab4d    0x200  Code  Gb  usb_core.o [1]
USB_OTG_InitFSLSPClkSel
                        0x0803a91f     0x12  Code  Gb  usb_core.o [1]
USB_OTG_IsEvenFrame     0x0803a86d     0x10  Code  Gb  usb_core.o [1]
USB_OTG_IsHostMode      0x0803a773     0x18  Code  Gb  usb_core.o [1]
USB_OTG_ReadCoreItr     0x0803a78b     0x12  Code  Gb  usb_core.o [1]
USB_OTG_ReadHPRT0       0x0803a931     0x1c  Code  Gb  usb_core.o [1]
USB_OTG_ReadPacket      0x0803a483     0x2c  Code  Gb  usb_core.o [1]
USB_OTG_ResetPort       0x0803a94d     0x30  Code  Gb  usb_core.o [1]
USB_OTG_SelectCore      0x0803a4af     0xe2  Code  Gb  usb_core.o [1]
USB_OTG_SetCurrentMode  0x0803a72d     0x3c  Code  Gb  usb_core.o [1]
USB_OTG_USBH_handle_Disconnect_ISR
                        0x0803d689     0x1e  Code  Lc  usb_hcd_int.o [1]
USB_OTG_USBH_handle_IncompletePeriodicXfer_ISR
                        0x0803e1a3     0x28  Code  Lc  usb_hcd_int.o [1]
USB_OTG_USBH_handle_hc_ISR
                        0x0803d605     0x66  Code  Lc  usb_hcd_int.o [1]
USB_OTG_USBH_handle_hc_n_In_ISR
                        0x0803dd15    0x378  Code  Lc  usb_hcd_int.o [1]
USB_OTG_USBH_handle_hc_n_Out_ISR
                        0x0803d9dd    0x338  Code  Lc  usb_hcd_int.o [1]
USB_OTG_USBH_handle_nptxfempty_ISR
                        0x0803d6a7    0x118  Code  Lc  usb_hcd_int.o [1]
USB_OTG_USBH_handle_port_ISR
                        0x0803d8d9     0xfe  Code  Lc  usb_hcd_int.o [1]
USB_OTG_USBH_handle_ptxfempty_ISR
                        0x0803d7bf    0x11a  Code  Lc  usb_hcd_int.o [1]
USB_OTG_USBH_handle_rx_qlvl_ISR
                        0x0803e08d    0x116  Code  Lc  usb_hcd_int.o [1]
USB_OTG_USBH_handle_sof_ISR
                        0x0803d66b     0x1e  Code  Lc  usb_hcd_int.o [1]
USB_OTG_WritePacket     0x0803a43b     0x48  Code  Gb  usb_core.o [1]
USB_OTG_dev             0x2001d978    0x5ac  Data  Gb  usbh_usr.o [1]
USRH_cb                 0x200000d8     0x48  Data  Gb  usbh_usr.o [1]
UartDMAConfig           0x080371a9    0x166  Code  Gb  bsp_uart_fifo.o [1]
UartIRQ                 0x0803730f     0xf8  Code  Lc  bsp_uart_fifo.o [1]
UsageFault_Handler      0x0803ff85      0x2  Code  Gb  stm32f4xx_it.o [1]
UserTimerCallback       0x0802e639    0x1e2  Code  Gb  apptask.o [1]
W25QXX_BUFFER           0x2001b9cc   0x1000  Data  Gb  bsp_w25qxx.o [1]
W25QXX_Erase_Sector     0x0803185d     0x52  Code  Gb  bsp_w25qxx.o [1]
[...]
dir_read                0x08033f7f    0x10c  Code  Lc  ff.o [1]
dir_register            0x0803408b    0x14e  Code  Lc  ff.o [1]
dir_sdi                 0x0803390b     0xb2  Code  Lc  ff.o [1]
disk_initialize         0x080393f9     0x40  Code  Gb  diskio.o [1]
disk_ioctl              0x0803961d     0xa6  Code  Gb  diskio.o [1]
disk_read               0x08039465     0xdc  Code  Gb  diskio.o [1]
disk_status             0x08039439     0x2c  Code  Gb  diskio.o [1]
disk_write              0x08039541     0xdc  Code  Gb  diskio.o [1]
div                     0x0803a335      0xe  Code  Gb  div.o [3]
download_num            0x2001ef32      0x1  Data  Gb  apptask.o [1]
enq_lock                0x080331fb     0x28  Code  Lc  ff.o [1]
exit                    0x08040563      0x4  Code  Gb  exit.o [3]
f_close                 0x080351f1     0x38  Code  Gb  ff.o [1]
f_mount                 0x08034c25     0x66  Code  Gb  ff.o [1]
f_open                  0x08034c8b    0x20e  Code  Gb  ff.o [1]
f_opendir               0x08035229     0xb2  Code  Gb  ff.o [1]
f_readdir               0x080352db     0x74  Code  Gb  ff.o [1]
f_sync                  0x0803513b     0xb6  Code  Gb  ff.o [1]
f_write                 0x08034ea9    0x292  Code  Gb  ff.o [1]
ff_convert              0x080396dd     0x80  Code  Gb  cc936.o [1]
ff_wtoupper             0x0803975d     0x64  Code  Gb  cc936.o [1]
file_select             0x2001ee08      0xc  Data  Gb  protocol.o [1]
final_per_meter         0x08031131     0x1a  Code  Gb  product_cal.o [1]
find_volume             0x08034795    0x45a  Code  Lc  ff.o [1]
fit_lfn                 0x08033ccf     0x88  Code  Lc  ff.o [1]
follow_path             0x0803462f     0x90  Code  Lc  ff.o [1]
fputc                   0x080376bd     0x22  Code  Gb  bsp_uart_fifo.o [1]
g_tUart3                0x2001ec10     0x28  Data  Gb  bsp_uart_fifo.o [1]
gen_numname             0x08033d5d     0xec  Code  Lc  ff.o [1]
get_card_type           0x080312b9     0xe4  Code  Gb  product_cal.o [1]
get_class_time          0x080311c1     0x7a  Code  Gb  product_cal.o [1]
get_fat                 0x08033523    0x11c  Code  Gb  ff.o [1]
get_fattime             0x080396c3      0x4  Code  Gb  diskio.o [1]
get_fileinfo            0x080341d9    0x13c  Code  Lc  ff.o [1]
get_float_1bit          0x0803119f     0x22  Code  Gb  product_cal.o [1]
get_ldnumber            0x080346bf     0x50  Code  Lc  ff.o [1]
get_period_state        0x0803123b     0x54  Code  Gb  product_cal.o [1]
get_valid_length        0x08030f59     0x26  Code  Gb  bsp_sdwe050c17.o [1]
hex_to_decimal          0x08030f7f     0x26  Code  Gb  bsp_sdwe050c17.o [1]
idwgEventGroup          0x2001ee70      0x4  Data  Gb  apptask.o [1]
inc_card_type           0x080313a5    0x11c  Code  Gb  product_cal.o [1]
inc_lock                0x08033223     0xe8  Code  Lc  ff.o [1]
init_peiliao_para       0x08031065     0x52  Code  Gb  product_cal.o [1]
init_product_para       0x08030fa5     0xc0  Code  Gb  product_cal.o [1]
input_password_buf      0x2001edfc      0xc  Data  Gb  protocol.o [1]
input_password_len      0x2001ef42      0x1  Data  Gb  protocol.o [1]
isDevicePeriod          0x2001ef39      0x1  Data  Gb  apptask.o [1]
isWork                  0x2001ef33      0x1  Data  Gb  apptask.o [1]
is_same_data            0x0803128f     0x2a  Code  Gb  product_cal.o [1]
lcd_busy                0x2001ef3c      0x1  Data  Gb  bsp_sdwe050c17.o [1]
lcd_rev_buf             0x2001ebb0     0x34  Data  Gb  bsp_sdwe050c17.o [1]
lcd_rev_len             0x2001ef28      0x2  Data  Gb  bsp_sdwe050c17.o [1]
ld_clust                0x08033b4d     0x28  Code  Lc  ff.o [1]
localeconv              0x0803a303     0x16  Code  Gb  localeconv.o [3]
m_ctrl_dev              0x2001ee28      0x8  Data  Gb  modbus.o [1]
main                    0x0803ff89     0x34  Code  Gb  main.o [1]
mallco_dev              0x20000160     0x1c  Data  Gb  malloc.o [1]
mb_init                 0x08035755     0x30  Code  Gb  modbus.o [1]
mb_packsend_frame       0x08035663     0xf2  Code  Gb  modbus.o [1]
mb_unpack_frame         0x08035521    0x142  Code  Gb  modbus.o [1]
mc_check_crc16          0x0803983d     0x40  Code  Gb  mcheck.o [1]
mc_check_crc8           0x08039819     0x24  Code  Gb  mcheck.o [1]
mc_check_sum            0x080397d1     0x2e  Code  Gb  mcheck.o [1]
mc_check_xor            0x080397ff     0x1a  Code  Gb  mcheck.o [1]
mem1base                0x200119cc   0xa000  Data  Gb  malloc.o [1]
mem1mapbase             0x2001c9cc    0xa00  Data  Gb  malloc.o [1]
mem2base                0x68000000  0xf0000  Data  Gb  malloc.o [1]
mem2mapbase             0x680f0000   0xf000  Data  Gb  malloc.o [1]
mem_cmp                 0x0803312f     0x24  Code  Lc  ff.o [1]
mem_cpy                 0x080330fd     0x1c  Code  Lc  ff.o [1]
mem_set                 0x08033119     0x16  Code  Lc  ff.o [1]
memblksize              0x08040a9c      0x8  Data  Gb  malloc.o [1]
memchr                  0x08039fcd           Code  Gb  memchr.o [5]
memsize                 0x08040aa4      0x8  Data  Gb  malloc.o [1]
memtblsize              0x08040a94      0x8  Data  Gb  malloc.o [1]
modbus_send_frame       0x08035785     0xe6  Code  Gb  modbus.o [1]
move_window             0x080333f1     0x40  Code  Lc  ff.o [1]
my_mem_free             0x08031bb3     0x6c  Code  Gb  malloc.o [1]
my_mem_init             0x08031a77     0x42  Code  Gb  malloc.o [1]
my_mem_malloc           0x08031af7     0xbc  Code  Gb  malloc.o [1]
my_mem_perused          0x08031ab9     0x3e  Code  Gb  malloc.o [1]
myfree                  0x08031c1f     0x24  Code  Gb  malloc.o [1]
mymalloc                0x08031c43     0x2a  Code  Gb  malloc.o [1]
mymemset                0x08031a61     0x16  Code  Gb  malloc.o [1]
obuf                    0x2001eb60     0x50  Data  Lc  xfiles.o [3]
oem2uni                 0x0801560c  0x15484  Data  Lc  cc936.o [1]
old_card_record         0x2001ef37      0x1  Data  Gb  apptask.o [1]
old_isWork              0x2001ef34      0x1  Data  Gb  apptask.o [1]
old_plan_complete       0x2001ef40      0x1  Data  Gb  product_cal.o [1]
para_init               0x0803f259     0x80  Code  Gb  para.o [1]
pcInterruptPriorityRegisters
                        0x08040ad8      0x4  Data  Lc  port.o [1]
peiliao_para            0x2001ebe4     0x2c  Data  Gb  product_cal.o [1]
pick_lfn                0x08033c43     0x8c  Code  Lc  ff.o [1]
plan_complete           0x2001ef3f      0x1  Data  Gb  product_cal.o [1]
pluse_count             0x2001ef22      0x2  Data  Gb  apptask.o [1]
printf                  0x08031995     0x24  Code  Gb  printf.o [3]
product_complete_kilo   0x0803115d     0x42  Code  Gb  product_cal.o [1]
product_complete_meter  0x0803114b     0x12  Code  Gb  product_cal.o [1]
product_para            0x2001ec38     0x28  Data  Gb  product_cal.o [1]
product_per_meter       0x080310b9     0x78  Code  Gb  product_cal.o [1]
prvAddCurrentTaskToDelayedList
                        0x0802f40d     0x48  Code  Lc  tasks.o [1]
prvAllocateTCBAndStack  0x0802f455     0x5a  Code  Lc  tasks.o [1]
prvCheckForValidListAndQueue
                        0x08036537     0x52  Code  Lc  timers.o [1]
prvCheckTasksWaitingTermination
                        0x0802f3a3     0x66  Code  Lc  tasks.o [1]
prvCopyDataFromQueue    0x0802fc3d     0x30  Code  Lc  queue.o [1]
prvCopyDataToQueue      0x0802fbb9     0x84  Code  Lc  queue.o [1]
prvDeleteTCB            0x0802f4af     0x12  Code  Lc  tasks.o [1]
prvGetNextExpireTime    0x08036323     0x2e  Code  Lc  timers.o [1]
prvHeapInit             0x08036a25     0x6e  Code  Lc  heap_4.o [1]
prvIdleTask             0x0802f2bd     0x26  Code  Lc  tasks.o [1]
prvInitialiseTCBVariables
                        0x0802f2e3     0x6a  Code  Lc  tasks.o [1]
prvInitialiseTaskLists  0x0802f34d     0x56  Code  Lc  tasks.o [1]
prvInsertBlockIntoFreeList
                        0x08036a93     0x62  Code  Lc  heap_4.o [1]
prvInsertTimerInActiveList
                        0x08036379     0x50  Code  Lc  timers.o [1]
prvIsQueueEmpty         0x0802fcd7     0x20  Code  Lc  queue.o [1]
prvIsQueueFull          0x0802fcf7     0x22  Code  Lc  queue.o [1]
prvProcessExpiredTimer  0x0803623b     0x5c  Code  Lc  timers.o [1]
prvProcessReceivedCommands
                        0x080363c9     0xde  Code  Lc  timers.o [1]
prvProcessTimerOrBlockTask
                        0x080362b3     0x70  Code  Lc  timers.o [1]
prvResetNextTaskUnblockTime
                        0x0802f4c1     0x26  Code  Lc  tasks.o [1]
prvSampleTimeNow        0x08036351     0x28  Code  Lc  timers.o [1]
prvSwitchTimerLists     0x080364a7     0x90  Code  Lc  timers.o [1]
prvTaskExitError        0x080365d5     0x2a  Code  Lc  port.o [1]
prvTestWaitCondition    0x080360df     0x24  Code  Lc  event_groups.o [1]
prvTimerTask            0x08036299     0x1a  Code  Lc  timers.o [1]
prvUnlockQueue          0x0802fc6d     0x6a  Code  Lc  queue.o [1]
put_fat                 0x0803363f    0x16c  Code  Gb  ff.o [1]
putchar                 0x0804070d      0xc  Code  Gb  putchar.o [3]
pvPortMalloc            0x08036895    0x118  Code  Gb  heap_4.o [1]
pwm_flag                0x2001ef3a      0x1  Data  Gb  apptask.o [1]
pxCurrentTCB            0x2001eec0      0x4  Data  Gb  tasks.o [1]
pxCurrentTimerList      0x2001ef00      0x4  Data  Lc  timers.o [1]
pxDelayedTaskList       0x2001eec4      0x4  Data  Lc  tasks.o [1]
pxEnd                   0x2001eea0      0x4  Data  Lc  heap_4.o [1]
pxOverflowDelayedTaskList
                        0x2001eec8      0x4  Data  Lc  tasks.o [1]
pxOverflowTimerList     0x2001ef04      0x4  Data  Lc  timers.o [1]
pxPortInitialiseStack   0x080365b1     0x24  Code  Gb  port.o [1]
pxReadyTasksLists       0x2001e63c     0xc8  Data  Lc  tasks.o [1]
rc522_cmd_anticoll      0x080354c5     0x5a  Code  Gb  rc522.o [1]
rc522_cmd_request       0x08035471     0x54  Code  Gb  rc522.o [1]
readSlave               0x2001ede4      0xc  Data  Gb  apptask.o [1]
read_device_info        0x0803f04d    0x20c  Code  Gb  para.o [1]
read_file_select        0x2001ee14      0xc  Data  Gb  protocol.o [1]
remove_chain            0x080337ab     0x76  Code  Lc  ff.o [1]
rfid_rev_buf            0x2001ece8     0x14  Data  Gb  rc522.o [1]
rfid_rev_cnt            0x2001ef44      0x1  Data  Gb  rc522.o [1]
rfid_rev_flag           0x2001ef43      0x1  Data  Gb  rc522.o [1]
rtc_time                0x2001ee30      0x8  Data  Gb  protocol.o [1]
s_TIM_CallBack1         0x2001ee90      0x4  Data  Lc  bsp_timer.o [1]
s_TIM_CallBack2         0x2001ee94      0x4  Data  Lc  bsp_timer.o [1]
s_TIM_CallBack3         0x2001ee98      0x4  Data  Lc  bsp_timer.o [1]
s_TIM_CallBack4         0x2001ee9c      0x4  Data  Lc  bsp_timer.o [1]
sample_time             0x2001ef20      0x2  Data  Gb  apptask.o [1]
sdew_weimi_page1        0x080309c9    0x236  Code  Gb  bsp_sdwe050c17.o [1]
sdew_weimi_page2        0x08030bff    0x236  Code  Gb  bsp_sdwe050c17.o [1]
sdew_weisha_page1       0x08030e35     0x92  Code  Gb  bsp_sdwe050c17.o [1]
sdew_weisha_page2       0x08030ec7     0x92  Code  Gb  bsp_sdwe050c17.o [1]
slave_info              0x2001edd8      0xc  Data  Gb  apptask.o [1]
sprintf                 0x08035361     0x34  Code  Gb  sprintf.o [3]
st_clust                0x08033b75     0x18  Code  Lc  ff.o [1]
strcat                  0x08035395     0x1c  Code  Gb  strcat.o [3]
strchr                  0x08039fb5           Code  Gb  strchr.o [5]
strlen                  0x0803271d           Code  Gb  strlen.o [5]
strstr                  0x08035921     0x10  Code  Gb  apptask.o [1]
sum_sfn                 0x08033e49     0x20  Code  Lc  ff.o [1]
sync_fs                 0x08033431     0xd8  Code  Lc  ff.o [1]
sync_window             0x08033397     0x5a  Code  Lc  ff.o [1]
system_state_dis        0x0803f540    0x190  Data  Gb  product_cal.o [1]
total_meter_gross       0x2001eeb4      0x4  Data  Gb  product_cal.o [1]
total_weight_gross      0x2001eeb8      0x4  Data  Gb  product_cal.o [1]
ucHeap                  0x200001cc  0x11800  Data  Lc  heap_4.o [1]
ucMaxSysCallPriority    0x2001ef3e      0x1  Data  Lc  port.o [1]
ulHighFrequencyTimerTicks
                        0x2001eebc      0x4  Data  Gb  SysInfoTest.o [1]
ulMaxPRIGROUPValue      0x2001eeb0      0x4  Data  Lc  port.o [1]
ulTaskSwitchedInTime    0x2001eef8      0x4  Data  Lc  tasks.o [1]
ulTotalRunTime          0x2001eefc      0x4  Data  Lc  tasks.o [1]
uni2oem                 0x08000188  0x15484  Data  Lc  cc936.o [1]
usb_disk_flag           0x2001ef35      0x1  Data  Gb  apptask.o [1]
usbh_OpenMassStorage    0x080327e5     0x14  Code  Gb  usbh_usr.o [1]
uxCriticalNesting       0x200001bc      0x4  Data  Lc  port.o [1]
uxCurrentNumberOfTasks  0x2001eed0      0x4  Data  Lc  tasks.o [1]
uxListRemove            0x0803686d     0x28  Code  Gb  list.o [1]
uxPendedTicks           0x2001eee0      0x4  Data  Lc  tasks.o [1]
uxSchedulerSuspended    0x2001eef4      0x4  Data  Lc  tasks.o [1]
uxTaskNumber            0x2001eeec      0x4  Data  Lc  tasks.o [1]
uxTaskResetEventItemValue
                        0x0802f521     0x20  Code  Gb  tasks.o [1]
uxTasksDeleted          0x2001eecc      0x4  Data  Lc  tasks.o [1]
uxTopReadyPriority      0x2001eed8      0x4  Data  Lc  tasks.o [1]
vListInitialise         0x080367fd     0x1e  Code  Gb  list.o [1]
vListInsert             0x08036833     0x3a  Code  Gb  list.o [1]
vListInsertEnd          0x0803681b     0x18  Code  Gb  list.o [1]
vPortEnableVFP          0x08039cf5           Code  Gb  portasm.o [1]
vPortEnterCritical      0x080366cb     0x3a  Code  Gb  port.o [1]
vPortExitCritical       0x08036705     0x32  Code  Gb  port.o [1]
vPortFree               0x080369ad     0x78  Code  Gb  heap_4.o [1]
vPortSetupTimerInterrupt
                        0x08036763      0xe  Code  Wk  port.o [1]
vPortStartFirstTask     0x08039cdd           Code  Gb  portasm.o [1]
vPortValidateInterruptPriority
                        0x08036771     0x4e  Code  Gb  port.o [1]
vQueueWaitForMessageRestricted
                        0x0802fd19     0x44  Code  Gb  queue.o [1]
vSetupSysInfoTest       0x0803fedd     0x12  Code  Gb  SysInfoTest.o [1]
vTaskDelay              0x0802eb19     0x84  Code  Gb  tasks.o [1]
vTaskManageCapacity     0x0802de41    0x4c8  Code  Gb  apptask.o [1]
vTaskMassStorage        0x0802d0b9    0x23c  Code  Lc  apptask.o [1]
vTaskMissedYield        0x0802f2b3      0xa  Code  Gb  tasks.o [1]
vTaskMotorControl       0x0802e309     0x3a  Code  Lc  apptask.o [1]
vTaskMsgPro             0x0802d719    0x426  Code  Lc  apptask.o [1]
vTaskPlaceOnEventList   0x0802ef19     0x74  Code  Gb  tasks.o [1]
vTaskPlaceOnEventListRestricted
                        0x0802f051     0x80  Code  Gb  tasks.o [1]
vTaskPlaceOnUnorderedEventList
                        0x0802efa9     0xa8  Code  Gb  tasks.o [1]
vTaskReadDisk           0x0802dc15    0x1b4  Code  Lc  apptask.o [1]
vTaskRev485             0x0802db49     0xae  Code  Lc  apptask.o [1]
vTaskSetTimeOutState    0x0802f1fd     0x26  Code  Gb  tasks.o [1]
vTaskStartScheduler     0x0802eb9d     0x7e  Code  Gb  tasks.o [1]
vTaskSuspendAll         0x0802ec1b     0x10  Code  Gb  tasks.o [1]
vTaskSwitchContext      0x0802ee69     0xb0  Code  Gb  tasks.o [1]
vTaskTaskLCD            0x0802aa91   0x2618  Code  Gb  apptask.o [1]
vTaskTaskLED            0x0802d32d     0x20  Code  Lc  apptask.o [1]
vTaskTaskRFID           0x0802d34d    0x3a6  Code  Lc  apptask.o [1]
validate                0x08034bef     0x36  Code  Lc  ff.o [1]
weimi_para              0x2001e524    0x118  Data  Gb  page_weimi.o [1]
work_idle               0x2001ef41      0x1  Data  Gb  product_cal.o [1]
work_idle_time          0x2001ef2c      0x2  Data  Gb  product_cal.o [1]
xActiveTimerList1       0x2001ed60     0x14  Data  Lc  timers.o [1]
xActiveTimerList2       0x2001ed74     0x14  Data  Lc  timers.o [1]
xBlockAllocatedBit      0x2001eeac      0x4  Data  Lc  heap_4.o [1]
xDelayedTaskList1       0x2001ecfc     0x14  Data  Lc  tasks.o [1]
xDelayedTaskList2       0x2001ed10     0x14  Data  Lc  tasks.o [1]
xEventGroupCreate       0x08035ea1     0x1c  Code  Gb  event_groups.o [1]
xEventGroupSetBits      0x08036009     0xd6  Code  Gb  event_groups.o [1]
xEventGroupWaitBits     0x08035ebd    0x146  Code  Gb  event_groups.o [1]
xFreeBytesRemaining     0x2001eea4      0x4  Data  Lc  heap_4.o [1]
xHandleTaskLCD          0x2001ee38      0x4  Data  Gb  apptask.o [1]
xHandleTaskLED          0x2001ee3c      0x4  Data  Gb  apptask.o [1]
xHandleTaskManageCapacity
                        0x2001ee54      0x4  Data  Gb  apptask.o [1]
xHandleTaskMassStorage  0x2001ee44      0x4  Data  Gb  apptask.o [1]
xHandleTaskMotorControl
                        0x2001ee58      0x4  Data  Gb  apptask.o [1]
xHandleTaskMsgPro       0x2001ee4c      0x4  Data  Gb  apptask.o [1]
xHandleTaskRFID         0x2001ee40      0x4  Data  Gb  apptask.o [1]
xHandleTaskReadDisk     0x2001ee48      0x4  Data  Gb  apptask.o [1]
xHandleTaskRev485       0x2001ee50      0x4  Data  Gb  apptask.o [1]
xHeapStructSize         0x08040ad4      0x4  Data  Lc  heap_4.o [1]
xMinimumEverFreeBytesRemaining
                        0x2001eea8      0x4  Data  Lc  heap_4.o [1]
xNextTaskUnblockTime    0x2001eef0      0x4  Data  Lc  tasks.o [1]
xNumOfOverflows         0x2001eee8      0x4  Data  Lc  tasks.o [1]
xPendingReadyList       0x2001ed24     0x14  Data  Lc  tasks.o [1]
xPortStartScheduler     0x080365ff     0xcc  Code  Gb  port.o [1]
xQueueGenericCreate     0x0802f625     0x7e  Code  Gb  queue.o [1]
xQueueGenericReceive    0x0802fa19    0x19c  Code  Gb  queue.o [1]
xQueueGenericReset      0x0802f595     0x90  Code  Gb  queue.o [1]
xQueueGenericSend       0x0802f6a3    0x1b2  Code  Gb  queue.o [1]
xQueueGenericSendFromISR
                        0x0802f855     0xec  Code  Gb  queue.o [1]
xQueueGiveFromISR       0x0802f941     0xd8  Code  Gb  queue.o [1]
xQueue_message          0x2001ee78      0x4  Data  Gb  apptask.o [1]
xSchedulerRunning       0x2001eedc      0x4  Data  Lc  tasks.o [1]
xSemaphore_download     0x2001ee68      0x4  Data  Gb  apptask.o [1]
xSemaphore_lcd          0x2001ee5c      0x4  Data  Gb  apptask.o [1]
xSemaphore_pluse        0x2001ee64      0x4  Data  Gb  apptask.o [1]
xSemaphore_readDisk     0x2001ee6c      0x4  Data  Gb  apptask.o [1]
xSemaphore_rs485        0x2001ee60      0x4  Data  Gb  apptask.o [1]
xStart                  0x2001ee20      0x8  Data  Lc  heap_4.o [1]
xSuspendedTaskList      0x2001ed4c     0x14  Data  Lc  tasks.o [1]
xTaskCheckForTimeOut    0x0802f229     0x8a  Code  Gb  tasks.o [1]
xTaskGenericCreate      0x0802e995    0x184  Code  Gb  tasks.o [1]
xTaskGetSchedulerState  0x0802f4e7     0x26  Code  Gb  tasks.o [1]
xTaskGetTickCount       0x0802ed2b      0xa  Code  Gb  tasks.o [1]
xTaskIncrementTick      0x0802ed35    0x134  Code  Gb  tasks.o [1]
xTaskRemoveFromEventList
                        0x0802f0d5     0x8e  Code  Gb  tasks.o [1]
xTaskRemoveFromUnorderedEventList
                        0x0802f169     0x94  Code  Gb  tasks.o [1]
xTaskResumeAll          0x0802ec2b    0x100  Code  Gb  tasks.o [1]
xTasksWaitingTermination
                        0x2001ed38     0x14  Data  Lc  tasks.o [1]
xTickCount              0x2001eed4      0x4  Data  Lc  tasks.o [1]
xTimerCreate            0x08036155     0x62  Code  Gb  timers.o [1]
xTimerCreateTimerTask   0x08036105     0x50  Code  Gb  timers.o [1]
xTimerGenericCommand    0x080361b7     0x84  Code  Gb  timers.o [1]
xTimerQueue             0x2001ef08      0x4  Data  Lc  timers.o [1]
xTimerUser              0x2001ee74      0x4  Data  Gb  apptask.o [1]
xYieldPending           0x2001eee4      0x4  Data  Lc  tasks.o [1]


[1] = E:\WORK\YarnControl_Driver\YarnControl_Driver\src\stm32f4_rtos\Project\EWARMv7\Flash\Obj
[2] = command line
[3] = dl7M_tlf.a
[4] = m7M_tls.a
[5] = rt7M_tl.a
[6] = shb_l.a

   84 508 bytes of readonly  code memory
  180 981 bytes of readonly  data memory
  128 842 bytes of readwrite data memory (+ 1 044 480 absolute)

Errors: none
Warnings: none
