###############################################################################
#
# IAR ELF Linker V7.40.7.9843/W32 for ARM                 04/Dec/2019  09:47:51
# Copyright 2007-2015 IAR Systems AB.
#
#    Output file  =  
#        F:\work\YarnControl_Driver\src\stm32f4_rtos\Project\EWARMv7\Flash\Exe\project.out
#    Map file     =  
#        F:\work\YarnControl_Driver\src\stm32f4_rtos\Project\EWARMv7\Flash\List\project.map
#    Command line =  
#        F:\work\YarnControl_Driver\src\stm32f4_rtos\Project\EWARMv7\Flash\Obj\apptask.o
#        F:\work\YarnControl_Driver\src\stm32f4_rtos\Project\EWARMv7\Flash\Obj\bkp_pwr.o
#        F:\work\YarnControl_Driver\src\stm32f4_rtos\Project\EWARMv7\Flash\Obj\bsp.o
#        F:\work\YarnControl_Driver\src\stm32f4_rtos\Project\EWARMv7\Flash\Obj\bsp_adc.o
#        F:\work\YarnControl_Driver\src\stm32f4_rtos\Project\EWARMv7\Flash\Obj\bsp_closeSW.o
#        F:\work\YarnControl_Driver\src\stm32f4_rtos\Project\EWARMv7\Flash\Obj\bsp_dac.o
#        F:\work\YarnControl_Driver\src\stm32f4_rtos\Project\EWARMv7\Flash\Obj\bsp_dwt.o
#        F:\work\YarnControl_Driver\src\stm32f4_rtos\Project\EWARMv7\Flash\Obj\bsp_key.o
#        F:\work\YarnControl_Driver\src\stm32f4_rtos\Project\EWARMv7\Flash\Obj\bsp_led.o
#        F:\work\YarnControl_Driver\src\stm32f4_rtos\Project\EWARMv7\Flash\Obj\bsp_relay.o
#        F:\work\YarnControl_Driver\src\stm32f4_rtos\Project\EWARMv7\Flash\Obj\bsp_sdio_sd.o
#        F:\work\YarnControl_Driver\src\stm32f4_rtos\Project\EWARMv7\Flash\Obj\bsp_sdwe050c17.o
#        F:\work\YarnControl_Driver\src\stm32f4_rtos\Project\EWARMv7\Flash\Obj\bsp_servomotor.o
#        F:\work\YarnControl_Driver\src\stm32f4_rtos\Project\EWARMv7\Flash\Obj\bsp_spi.o
#        F:\work\YarnControl_Driver\src\stm32f4_rtos\Project\EWARMv7\Flash\Obj\bsp_stepmotor.o
#        F:\work\YarnControl_Driver\src\stm32f4_rtos\Project\EWARMv7\Flash\Obj\bsp_sw_onoff.o
#        F:\work\YarnControl_Driver\src\stm32f4_rtos\Project\EWARMv7\Flash\Obj\bsp_tim_pwm.o
#        F:\work\YarnControl_Driver\src\stm32f4_rtos\Project\EWARMv7\Flash\Obj\bsp_timer.o
#        F:\work\YarnControl_Driver\src\stm32f4_rtos\Project\EWARMv7\Flash\Obj\bsp_uart_fifo.o
#        F:\work\YarnControl_Driver\src\stm32f4_rtos\Project\EWARMv7\Flash\Obj\bsp_w25qxx.o
#        F:\work\YarnControl_Driver\src\stm32f4_rtos\Project\EWARMv7\Flash\Obj\bsp_watchdog.o
#        F:\work\YarnControl_Driver\src\stm32f4_rtos\Project\EWARMv7\Flash\Obj\cc936.o
#        F:\work\YarnControl_Driver\src\stm32f4_rtos\Project\EWARMv7\Flash\Obj\cJSON.o
#        F:\work\YarnControl_Driver\src\stm32f4_rtos\Project\EWARMv7\Flash\Obj\croutine.o
#        F:\work\YarnControl_Driver\src\stm32f4_rtos\Project\EWARMv7\Flash\Obj\demo_fatfs.o
#        F:\work\YarnControl_Driver\src\stm32f4_rtos\Project\EWARMv7\Flash\Obj\des.o
#        F:\work\YarnControl_Driver\src\stm32f4_rtos\Project\EWARMv7\Flash\Obj\diskio.o
#        F:\work\YarnControl_Driver\src\stm32f4_rtos\Project\EWARMv7\Flash\Obj\encoder_tim.o
#        F:\work\YarnControl_Driver\src\stm32f4_rtos\Project\EWARMv7\Flash\Obj\esp8266_handler.o
#        F:\work\YarnControl_Driver\src\stm32f4_rtos\Project\EWARMv7\Flash\Obj\esp8266_init.o
#        F:\work\YarnControl_Driver\src\stm32f4_rtos\Project\EWARMv7\Flash\Obj\event_groups.o
#        F:\work\YarnControl_Driver\src\stm32f4_rtos\Project\EWARMv7\Flash\Obj\ff.o
#        F:\work\YarnControl_Driver\src\stm32f4_rtos\Project\EWARMv7\Flash\Obj\heap_4.o
#        F:\work\YarnControl_Driver\src\stm32f4_rtos\Project\EWARMv7\Flash\Obj\iic_smec98sp.o
#        F:\work\YarnControl_Driver\src\stm32f4_rtos\Project\EWARMv7\Flash\Obj\list.o
#        F:\work\YarnControl_Driver\src\stm32f4_rtos\Project\EWARMv7\Flash\Obj\main.o
#        F:\work\YarnControl_Driver\src\stm32f4_rtos\Project\EWARMv7\Flash\Obj\malloc.o
#        F:\work\YarnControl_Driver\src\stm32f4_rtos\Project\EWARMv7\Flash\Obj\mcheck.o
#        F:\work\YarnControl_Driver\src\stm32f4_rtos\Project\EWARMv7\Flash\Obj\misc.o
#        F:\work\YarnControl_Driver\src\stm32f4_rtos\Project\EWARMv7\Flash\Obj\modbus.o
#        F:\work\YarnControl_Driver\src\stm32f4_rtos\Project\EWARMv7\Flash\Obj\MQTTConnectClient.o
#        F:\work\YarnControl_Driver\src\stm32f4_rtos\Project\EWARMv7\Flash\Obj\MQTTConnectServer.o
#        F:\work\YarnControl_Driver\src\stm32f4_rtos\Project\EWARMv7\Flash\Obj\MQTTDeserializePublish.o
#        F:\work\YarnControl_Driver\src\stm32f4_rtos\Project\EWARMv7\Flash\Obj\MQTTFormat.o
#        F:\work\YarnControl_Driver\src\stm32f4_rtos\Project\EWARMv7\Flash\Obj\MQTTPacket.o
#        F:\work\YarnControl_Driver\src\stm32f4_rtos\Project\EWARMv7\Flash\Obj\MQTTSerializePublish.o
#        F:\work\YarnControl_Driver\src\stm32f4_rtos\Project\EWARMv7\Flash\Obj\MQTTSubscribeClient.o
#        F:\work\YarnControl_Driver\src\stm32f4_rtos\Project\EWARMv7\Flash\Obj\MQTTSubscribeServer.o
#        F:\work\YarnControl_Driver\src\stm32f4_rtos\Project\EWARMv7\Flash\Obj\MQTTUnsubscribeClient.o
#        F:\work\YarnControl_Driver\src\stm32f4_rtos\Project\EWARMv7\Flash\Obj\MQTTUnsubscribeServer.o
#        F:\work\YarnControl_Driver\src\stm32f4_rtos\Project\EWARMv7\Flash\Obj\page_weimi.o
#        F:\work\YarnControl_Driver\src\stm32f4_rtos\Project\EWARMv7\Flash\Obj\para.o
#        F:\work\YarnControl_Driver\src\stm32f4_rtos\Project\EWARMv7\Flash\Obj\port.o
#        F:\work\YarnControl_Driver\src\stm32f4_rtos\Project\EWARMv7\Flash\Obj\portasm.o
#        F:\work\YarnControl_Driver\src\stm32f4_rtos\Project\EWARMv7\Flash\Obj\product_cal.o
#        F:\work\YarnControl_Driver\src\stm32f4_rtos\Project\EWARMv7\Flash\Obj\protocol.o
#        F:\work\YarnControl_Driver\src\stm32f4_rtos\Project\EWARMv7\Flash\Obj\pub0sub1.o
#        F:\work\YarnControl_Driver\src\stm32f4_rtos\Project\EWARMv7\Flash\Obj\queue.o
#        F:\work\YarnControl_Driver\src\stm32f4_rtos\Project\EWARMv7\Flash\Obj\rc522.o
#        F:\work\YarnControl_Driver\src\stm32f4_rtos\Project\EWARMv7\Flash\Obj\sha1.o
#        F:\work\YarnControl_Driver\src\stm32f4_rtos\Project\EWARMv7\Flash\Obj\smec98sp.o
#        F:\work\YarnControl_Driver\src\stm32f4_rtos\Project\EWARMv7\Flash\Obj\startup_stm32f40_41xxx.o
#        F:\work\YarnControl_Driver\src\stm32f4_rtos\Project\EWARMv7\Flash\Obj\stm32f4xx_adc.o
#        F:\work\YarnControl_Driver\src\stm32f4_rtos\Project\EWARMv7\Flash\Obj\stm32f4xx_assert.o
#        F:\work\YarnControl_Driver\src\stm32f4_rtos\Project\EWARMv7\Flash\Obj\stm32f4xx_can.o
#        F:\work\YarnControl_Driver\src\stm32f4_rtos\Project\EWARMv7\Flash\Obj\stm32f4xx_crc.o
#        F:\work\YarnControl_Driver\src\stm32f4_rtos\Project\EWARMv7\Flash\Obj\stm32f4xx_cryp.o
#        F:\work\YarnControl_Driver\src\stm32f4_rtos\Project\EWARMv7\Flash\Obj\stm32f4xx_cryp_aes.o
#        F:\work\YarnControl_Driver\src\stm32f4_rtos\Project\EWARMv7\Flash\Obj\stm32f4xx_cryp_des.o
#        F:\work\YarnControl_Driver\src\stm32f4_rtos\Project\EWARMv7\Flash\Obj\stm32f4xx_cryp_tdes.o
#        F:\work\YarnControl_Driver\src\stm32f4_rtos\Project\EWARMv7\Flash\Obj\stm32f4xx_dac.o
#        F:\work\YarnControl_Driver\src\stm32f4_rtos\Project\EWARMv7\Flash\Obj\stm32f4xx_dbgmcu.o
#        F:\work\YarnControl_Driver\src\stm32f4_rtos\Project\EWARMv7\Flash\Obj\stm32f4xx_dcmi.o
#        F:\work\YarnControl_Driver\src\stm32f4_rtos\Project\EWARMv7\Flash\Obj\stm32f4xx_dma.o
#        F:\work\YarnControl_Driver\src\stm32f4_rtos\Project\EWARMv7\Flash\Obj\stm32f4xx_dma2d.o
#        F:\work\YarnControl_Driver\src\stm32f4_rtos\Project\EWARMv7\Flash\Obj\stm32f4xx_exti.o
#        F:\work\YarnControl_Driver\src\stm32f4_rtos\Project\EWARMv7\Flash\Obj\stm32f4xx_flash.o
#        F:\work\YarnControl_Driver\src\stm32f4_rtos\Project\EWARMv7\Flash\Obj\stm32f4xx_fsmc.o
#        F:\work\YarnControl_Driver\src\stm32f4_rtos\Project\EWARMv7\Flash\Obj\stm32f4xx_gpio.o
#        F:\work\YarnControl_Driver\src\stm32f4_rtos\Project\EWARMv7\Flash\Obj\stm32f4xx_hash.o
#        F:\work\YarnControl_Driver\src\stm32f4_rtos\Project\EWARMv7\Flash\Obj\stm32f4xx_hash_md5.o
#        F:\work\YarnControl_Driver\src\stm32f4_rtos\Project\EWARMv7\Flash\Obj\stm32f4xx_hash_sha1.o
#        F:\work\YarnControl_Driver\src\stm32f4_rtos\Project\EWARMv7\Flash\Obj\stm32f4xx_i2c.o
#        F:\work\YarnControl_Driver\src\stm32f4_rtos\Project\EWARMv7\Flash\Obj\stm32f4xx_it.o
#        F:\work\YarnControl_Driver\src\stm32f4_rtos\Project\EWARMv7\Flash\Obj\stm32f4xx_iwdg.o
#        F:\work\YarnControl_Driver\src\stm32f4_rtos\Project\EWARMv7\Flash\Obj\stm32f4xx_ltdc.o
#        F:\work\YarnControl_Driver\src\stm32f4_rtos\Project\EWARMv7\Flash\Obj\stm32f4xx_pwr.o
#        F:\work\YarnControl_Driver\src\stm32f4_rtos\Project\EWARMv7\Flash\Obj\stm32f4xx_rcc.o
#        F:\work\YarnControl_Driver\src\stm32f4_rtos\Project\EWARMv7\Flash\Obj\stm32f4xx_rng.o
#        F:\work\YarnControl_Driver\src\stm32f4_rtos\Project\EWARMv7\Flash\Obj\stm32f4xx_rtc.o
#        F:\work\YarnControl_Driver\src\stm32f4_rtos\Project\EWARMv7\Flash\Obj\stm32f4xx_sai.o
#        F:\work\YarnControl_Driver\src\stm32f4_rtos\Project\EWARMv7\Flash\Obj\stm32f4xx_sdio.o
#        F:\work\YarnControl_Driver\src\stm32f4_rtos\Project\EWARMv7\Flash\Obj\stm32f4xx_spi.o
#        F:\work\YarnControl_Driver\src\stm32f4_rtos\Project\EWARMv7\Flash\Obj\stm32f4xx_syscfg.o
#        F:\work\YarnControl_Driver\src\stm32f4_rtos\Project\EWARMv7\Flash\Obj\stm32f4xx_tim.o
#        F:\work\YarnControl_Driver\src\stm32f4_rtos\Project\EWARMv7\Flash\Obj\stm32f4xx_usart.o
#        F:\work\YarnControl_Driver\src\stm32f4_rtos\Project\EWARMv7\Flash\Obj\stm32f4xx_wwdg.o
#        F:\work\YarnControl_Driver\src\stm32f4_rtos\Project\EWARMv7\Flash\Obj\SysInfoTest.o
#        F:\work\YarnControl_Driver\src\stm32f4_rtos\Project\EWARMv7\Flash\Obj\system_stm32f4xx.o
#        F:\work\YarnControl_Driver\src\stm32f4_rtos\Project\EWARMv7\Flash\Obj\tasks.o
#        F:\work\YarnControl_Driver\src\stm32f4_rtos\Project\EWARMv7\Flash\Obj\timer_platform.o
#        F:\work\YarnControl_Driver\src\stm32f4_rtos\Project\EWARMv7\Flash\Obj\timers.o
#        F:\work\YarnControl_Driver\src\stm32f4_rtos\Project\EWARMv7\Flash\Obj\transport.o
#        F:\work\YarnControl_Driver\src\stm32f4_rtos\Project\EWARMv7\Flash\Obj\usb_bsp.o
#        F:\work\YarnControl_Driver\src\stm32f4_rtos\Project\EWARMv7\Flash\Obj\usb_core.o
#        F:\work\YarnControl_Driver\src\stm32f4_rtos\Project\EWARMv7\Flash\Obj\usb_hcd.o
#        F:\work\YarnControl_Driver\src\stm32f4_rtos\Project\EWARMv7\Flash\Obj\usb_hcd_int.o
#        F:\work\YarnControl_Driver\src\stm32f4_rtos\Project\EWARMv7\Flash\Obj\usbh_core.o
#        F:\work\YarnControl_Driver\src\stm32f4_rtos\Project\EWARMv7\Flash\Obj\usbh_hcs.o
#        F:\work\YarnControl_Driver\src\stm32f4_rtos\Project\EWARMv7\Flash\Obj\usbh_ioreq.o
#        F:\work\YarnControl_Driver\src\stm32f4_rtos\Project\EWARMv7\Flash\Obj\usbh_it.o
#        F:\work\YarnControl_Driver\src\stm32f4_rtos\Project\EWARMv7\Flash\Obj\usbh_msc_bot.o
#        F:\work\YarnControl_Driver\src\stm32f4_rtos\Project\EWARMv7\Flash\Obj\usbh_msc_core.o
#        F:\work\YarnControl_Driver\src\stm32f4_rtos\Project\EWARMv7\Flash\Obj\usbh_msc_scsi.o
#        F:\work\YarnControl_Driver\src\stm32f4_rtos\Project\EWARMv7\Flash\Obj\usbh_stdreq.o
#        F:\work\YarnControl_Driver\src\stm32f4_rtos\Project\EWARMv7\Flash\Obj\usbh_usr.o
#        -o
#        F:\work\YarnControl_Driver\src\stm32f4_rtos\Project\EWARMv7\Flash\Exe\project.out
#        --map
#        F:\work\YarnControl_Driver\src\stm32f4_rtos\Project\EWARMv7\Flash\List\project.map
#        --config
#        F:\work\YarnControl_Driver\src\stm32f4_rtos\Project\EWARMv7\stm32f4xx_flash.icf
#        --semihosting --entry __iar_program_start --inline --vfe
#
###############################################################################

*******************************************************************************
*** RUNTIME MODEL ATTRIBUTES
***

CppFlavor                     = *
__Heap_Handler                = DLMalloc
__SystemLibrary               = DLib
__dlib_dynamic_initialization = normal


*******************************************************************************
*** PLACEMENT SUMMARY
***

"A1":  place at 0x08000000 { ro section .intvec };
"P1":  place in [from 0x08000000 to 0x080fffff] { ro };
"P2":  place in [from 0x20000000 to 0x2001ffff] { rw, block CSTACK, block HEAP };

  Section             Kind        Address     Size  Object
  -------             ----        -------     ----  ------
"A1":                                        0x188
  .intvec             ro code  0x08000000    0x188  startup_stm32f40_41xxx.o [1]
                             - 0x08000188    0x188

"P1":                                      0x4c11f
  .rodata             const    0x08000188  0x15484  cc936.o [1]
  .rodata             const    0x0801560c  0x15484  cc936.o [1]
  .text               ro code  0x0802aa90   0x7c54  apptask.o [1]
  .text               ro code  0x080326e4   0x1660  bsp_sdwe050c17.o [1]
  .text               ro code  0x08033d44    0x7c8  queue.o [1]
  .text               ro code  0x0803450c    0x6b0  product_cal.o [1]
  .text               ro code  0x08034bbc     0x66  ABImemset.o [5]
  .text               ro code  0x08034c22     0x1e  xsscin.o [3]
  .text               ro code  0x08034c40    0xce0  tasks.o [1]
  .text               ro code  0x08035920    0x380  bsp_w25qxx.o [1]
  .text               ro code  0x08035ca0   0x1572  para.o [1]
  .text               ro code  0x08037212     0x1a  xsnprout.o [3]
  .text               ro code  0x0803722c     0x4e  FltToDbl.o [4]
  .text               ro code  0x0803727a      0xa  xsprout.o [3]
  .text               ro code  0x08037284     0x24  printf.o [3]
  .text               ro code  0x080372a8     0x76  ABImemcpy_unaligned.o [5]
  .text               ro code  0x08037320     0x42  strcmp_unaligned.o [5]
  .text               ro code  0x08037364    0x21c  malloc.o [1]
  .text               ro code  0x08037580     0x62  memcmp_unaligned.o [5]
  .text               ro code  0x080375e4     0x30  I32ToDbl.o [4]
  .text               ro code  0x08037614    0x256  DblDiv.o [4]
  .text               ro code  0x0803786c     0xe8  DblAdd.o [4]
  .text               ro code  0x08037954    0x1a2  DblMul.o [4]
  .text               ro code  0x08037af8     0x58  DblToI32.o [4]
  .text               ro code  0x08037b50     0x90  DblToFlt.o [4]
  .text               ro code  0x08037be0     0x36  strlen.o [5]
  .text               ro code  0x08037c18    0x12c  stm32f4xx_gpio.o [1]
  .text               ro code  0x08037d44    0x6cc  page_weimi.o [1]
  .text               ro code  0x08038410    0x2c0  encoder_tim.o [1]
  .text               ro code  0x080386d0     0xc8  bsp_dac.o [1]
  .text               ro code  0x08038798     0x3c  stm32f4xx_rtc.o [1]
  .text               ro code  0x080387d4    0x358  bsp_servomotor.o [1]
  .text               ro code  0x08038b2c    0x1a2  usbh_usr.o [1]
  .text               ro code  0x08038cd0    0x760  usbh_core.o [1]
  .text               ro code  0x08039430   0x2498  ff.o [1]
  .text               ro code  0x0803b8c8     0x34  sprintf.o [3]
  .text               ro code  0x0803b8fc     0x1c  strcat.o [3]
  .text               ro code  0x0803b918     0xc0  bsp_led.o [1]
  .text               ro code  0x0803b9d8     0xee  rc522.o [1]
  .text               ro code  0x0803bac8    0x368  modbus.o [1]
  .text               ro code  0x0803be30     0x9c  protocol.o [1]
  .text               ro code  0x0803becc     0x10  para.o [1]
  .text               ro code  0x0803bedc     0xdc  bsp_closeSW.o [1]
  .text               ro code  0x0803bfb8    0x188  bkp_pwr.o [1]
  .text               ro code  0x0803c140    0x180  DblSub.o [4]
  .text               ro code  0x0803c2c0    0x4fc  bsp_stepmotor.o [1]
  .text               ro code  0x0803c7bc     0x7c  esp8266_init.o [1]
  .text               ro code  0x0803c838    0x414  esp8266_handler.o [1]
  .text               ro code  0x0803cc4c    0x434  pub0sub1.o [1]
  .text               ro code  0x0803d080    0x21a  bsp_key.o [1]
  .text               ro code  0x0803d29c    0x262  event_groups.o [1]
  .text               ro code  0x0803d500    0x4a4  timers.o [1]
  .text               ro code  0x0803d9a4      0x8  bsp_watchdog.o [1]
  .text               ro code  0x0803d9ac    0x1e8  stm32f4xx_rcc.o [1]
  .text               ro code  0x0803db94     0x74  bsp_dwt.o [1]
  .text               ro code  0x0803dc08    0xaa4  bsp_uart_fifo.o [1]
  .text               ro code  0x0803e6ac    0x204  bsp_timer.o [1]
  .text               ro code  0x0803e8b0    0x24c  port.o [1]
  .text               ro code  0x0803eafc     0x98  list.o [1]
  .text               ro code  0x0803eb94    0x280  heap_4.o [1]
  .text               ro code  0x0803ee14    0x124  bsp_spi.o [1]
  .text               ro code  0x0803ef38     0x44  strcpy_unaligned.o [5]
  .text               ro code  0x0803ef7c     0x24  sscanf.o [3]
  .text               ro code  0x0803efa0    0xd96  xprintffull_nomb.o [3]
  .text               ro code  0x0803fd38     0x88  misc.o [1]
  .text               ro code  0x0803fdc0    0x6f6  stm32f4xx_tim.o [1]
  .text               ro code  0x080404b8    0x132  I64DivMod.o [5]
  .text               ro code  0x080405ec     0x7c  stm32f4xx_dac.o [1]
  .text               ro code  0x08040668    0x31c  stm32f4xx_dma.o [1]
  .text               ro code  0x08040984    0x14c  usb_bsp.o [1]
  .text               ro code  0x08040ad0     0xd6  usb_hcd.o [1]
  .text               ro code  0x08040ba6    0x1ba  usbh_hcs.o [1]
  .text               ro code  0x08040d60    0x436  usbh_stdreq.o [1]
  .text               ro code  0x08041196    0x246  usbh_ioreq.o [1]
  .text               ro code  0x080413dc    0x2e4  diskio.o [1]
  .text               ro code  0x080416c0     0xf4  cc936.o [1]
  .text               ro code  0x080417b4     0xb8  mcheck.o [1]
  .text               ro code  0x0804186c     0x2c  strstr.o [3]
  .text               ro code  0x08041898     0x54  stm32f4xx_syscfg.o [1]
  .text               ro code  0x080418ec     0xc0  stm32f4xx_exti.o [1]
  .text               ro code  0x080419ac      0xc  stm32f4xx_pwr.o [1]
  .text               ro code  0x080419b8      0x6  ABImemclr4.o [5]
  .text               ro code  0x080419c0     0x44  snprintf.o [3]
  .text               ro code  0x08041a04    0x306  MQTTConnectClient.o [1]
  .text               ro code  0x08041d0c     0x6c  transport.o [1]
  .text               ro code  0x08041d78    0x290  MQTTPacket.o [1]
  .text               ro code  0x08042008     0x40  timer_platform.o [1]
  .text               ro code  0x08042048    0x190  MQTTSubscribeClient.o [1]
  .text               ro code  0x080421d8     0xbc  MQTTDeserializePublish.o [1]
  .text               ro code  0x08042294     0xec  MQTTSerializePublish.o [1]
  .text               ro code  0x08042380     0x10  stm32f4xx_iwdg.o [1]
  .text               ro code  0x08042390    0x254  stm32f4xx_usart.o [1]
  CODE                ro code  0x080425e4     0xa8  portasm.o [1]
  .text               ro code  0x0804268c     0x74  stm32f4xx_spi.o [1]
  .text               ro code  0x08042700    0xb64  xscanffull_nomb.o [3]
  .text               ro code  0x08043264     0x16  strchr.o [5]
  .text               ro code  0x0804327c     0x58  memchr.o [5]
  .text               ro code  0x080432d4     0x42  xdnorm.o [4]
  .text               ro code  0x08043318     0x2e  DblCmpLe.o [4]
  .text               ro code  0x08043348     0x2e  DblCmpGe.o [4]
  .text               ro code  0x08043378    0x114  xdscale.o [4]
  .text               ro code  0x0804348c     0x6c  localeconv.o [3]
  .text               ro code  0x080434f8      0xe  div.o [3]
  .text               ro code  0x08043508      0x2  I64DivZer.o [5]
  .text               ro code  0x0804350c    0xa50  usb_core.o [1]
  .text               ro code  0x08043f5c   0x1a58  bsp_sdio_sd.o [1]
  .text               ro code  0x080459b4    0x618  usbh_msc_scsi.o [1]
  .text               ro code  0x08045fcc    0x554  usbh_msc_bot.o [1]
  .text               ro code  0x08046520     0x32  ABImemset48.o [5]
  .text               ro code  0x08046552     0x28  isxxx.o [3]
  .text               ro code  0x0804657a     0xa4  xstoll.o [3]
  .text               ro code  0x08046620    0x1b0  xstoull.o [3]
  .text               ro code  0x080467d0    0x168  xstold.o [4]
  .text               ro code  0x08046938    0x17c  stm32f4xx_sdio.o [1]
  .text               ro code  0x08046ab4     0x18  setlocale.o [3]
  .text               ro code  0x08046acc     0x16  xlocale_c.o [3]
  .text               ro code  0x08046ae2     0x14  xlocale_c.o [3]
  .text               ro code  0x08046af8      0xc  errno.o [3]
  .text               ro code  0x08046b04     0x14  tolower.o [3]
  .text               ro code  0x08046b18    0x124  xstopfx.o [3]
  .text               ro code  0x08046c3c    0x1b8  xstoflt.o [3]
  .rodata             const    0x08046df4     0x34  apptask.o [1]
  .text               ro code  0x08046e28    0x200  xdtento.o [4]
  .text               ro code  0x08047028    0x218  xstoxflt.o [3]
  .text               ro code  0x08047240      0x2  xtls.o [3]
  .text               ro code  0x08047242      0xc  xlocale_c.o [3]
  .text               ro code  0x08047250     0x20  DblCmpEq.o [4]
  .text               ro code  0x08047270     0x52  xdunscal.o [4]
  .text               ro code  0x080472c4    0xc7e  usb_hcd_int.o [1]
  .text               ro code  0x08047f44    0x4fa  des.o [1]
  .text               ro code  0x08048440    0x4ae  smec98sp.o [1]
  .text               ro code  0x080488f0    0x1b6  stm32f4xx_adc.o [1]
  .text               ro code  0x08048aa8    0x38e  iic_smec98sp.o [1]
  .text               ro code  0x08048e38     0x20  srand.o [3]
  .text               ro code  0x08048e58     0xe0  rand.o [3]
  .rodata             const    0x08048f38    0x400  apptask.o [1]
  .text               ro code  0x08049338    0x3e8  usbh_msc_core.o [1]
  .rodata             const    0x08049720    0x3dc  cc936.o [1]
  .rodata             const    0x08049afc    0x3dc  cc936.o [1]
  .rodata             const    0x08049ed8    0x200  des.o [1]
  .rodata             const    0x0804a0d8    0x190  product_cal.o [1]
  .text               ro code  0x0804a268    0x154  system_stm32f4xx.o [1]
  .rodata             const    0x0804a3bc    0x100  mcheck.o [1]
  .rodata             const    0x0804a4bc    0x100  mcheck.o [1]
  .rodata             const    0x0804a5bc    0x100  mcheck.o [1]
  .text               ro code  0x0804a6bc     0xd0  packbits_init.o [5]
  .text               ro code  0x0804a78c      0x6  abort.o [3]
  .text               ro code  0x0804a794     0x14  exit.o [6]
  .text               ro code  0x0804a7a8     0x5c  bsp.o [1]
  .text               ro code  0x0804a804     0x44  bsp_relay.o [1]
  .text               ro code  0x0804a848     0x44  bsp_sw_onoff.o [1]
  .rodata             const    0x0804a88c     0x58  pub0sub1.o [1]
  .rodata             const    0x0804a8e4     0x40  des.o [1]
  .rodata             const    0x0804a924     0x40  des.o [1]
  .text               ro code  0x0804a964     0x40  zero_init3.o [5]
  .rodata             const    0x0804a9a4     0x38  demo_fatfs.o [1]
  .rodata             const    0x0804a9dc     0x38  des.o [1]
  .text               ro code  0x0804aa14     0x38  stm32f4xx_it.o [1]
  .rodata             const    0x0804aa4c     0x30  apptask.o [1]
  .rodata             const    0x0804aa7c     0x30  demo_fatfs.o [1]
  .rodata             const    0x0804aaac     0x30  demo_fatfs.o [1]
  .rodata             const    0x0804aadc     0x30  des.o [1]
  .rodata             const    0x0804ab0c     0x30  des.o [1]
  .text               ro code  0x0804ab3c     0x30  main.o [1]
  .rodata             const    0x0804ab6c     0x2c  apptask.o [1]
  .rodata             const    0x0804ab98     0x2c  demo_fatfs.o [1]
  .rodata             const    0x0804abc4     0x2c  demo_fatfs.o [1]
  .rodata             const    0x0804abf0     0x2c  stm32f4xx_it.o [1]
  .text               ro code  0x0804ac1c     0x2c  SysInfoTest.o [1]
  .rodata             const    0x0804ac48     0x28  apptask.o [1]
  .rodata             const    0x0804ac70     0x28  demo_fatfs.o [1]
  .rodata             const    0x0804ac98     0x28  demo_fatfs.o [1]
  .rodata             const    0x0804acc0     0x28  demo_fatfs.o [1]
  .text               ro code  0x0804ace8     0x28  data_init.o [5]
  .rodata             const    0x0804ad10     0x24  apptask.o [1]
  .rodata             const    0x0804ad34     0x24  apptask.o [1]
  .rodata             const    0x0804ad58     0x24  apptask.o [1]
  .rodata             const    0x0804ad7c     0x24  apptask.o [1]
  .rodata             const    0x0804ada0     0x24  apptask.o [1]
  .rodata             const    0x0804adc4     0x24  apptask.o [1]
  .rodata             const    0x0804ade8     0x24  apptask.o [1]
  .rodata             const    0x0804ae0c     0x24  apptask.o [1]
  .rodata             const    0x0804ae30     0x24  apptask.o [1]
  .rodata             const    0x0804ae54     0x24  apptask.o [1]
  .rodata             const    0x0804ae78     0x24  demo_fatfs.o [1]
  .rodata             const    0x0804ae9c     0x24  demo_fatfs.o [1]
  .rodata             const    0x0804aec0     0x24  pub0sub1.o [1]
  .rodata             const    0x0804aee4     0x24  pub0sub1.o [1]
  .rodata             const    0x0804af08     0x24  usbh_usr.o [1]
  .text               ro code  0x0804af2c     0x22  fpinit_M.o [4]
  .iar.init_table     const    0x0804af50     0x34  - Linker created -
  .rodata             const    0x0804af84     0x20  apptask.o [1]
  .rodata             const    0x0804afa4     0x20  apptask.o [1]
  .rodata             const    0x0804afc4     0x20  apptask.o [1]
  .rodata             const    0x0804afe4     0x20  demo_fatfs.o [1]
  .rodata             const    0x0804b004     0x20  demo_fatfs.o [1]
  .rodata             const    0x0804b024     0x20  demo_fatfs.o [1]
  .rodata             const    0x0804b044     0x20  des.o [1]
  .rodata             const    0x0804b064     0x20  pub0sub1.o [1]
  .rodata             const    0x0804b084     0x20  usbh_usr.o [1]
  .rodata             const    0x0804b0a4     0x20  usbh_usr.o [1]
  .rodata             const    0x0804b0c4     0x20  usbh_usr.o [1]
  .rodata             const    0x0804b0e4     0x20  usbh_usr.o [1]
  .rodata             const    0x0804b104     0x20  usbh_usr.o [1]
  .rodata             const    0x0804b124     0x1c  apptask.o [1]
  .rodata             const    0x0804b140     0x1c  apptask.o [1]
  .rodata             const    0x0804b15c     0x1c  apptask.o [1]
  .rodata             const    0x0804b178     0x1c  apptask.o [1]
  .rodata             const    0x0804b194     0x1c  apptask.o [1]
  .rodata             const    0x0804b1b0     0x1c  apptask.o [1]
  .rodata             const    0x0804b1cc     0x1c  apptask.o [1]
  .rodata             const    0x0804b1e8     0x1c  apptask.o [1]
  .rodata             const    0x0804b204     0x1c  demo_fatfs.o [1]
  .rodata             const    0x0804b220     0x1c  demo_fatfs.o [1]
  .rodata             const    0x0804b23c     0x1c  esp8266_handler.o [1]
  .rodata             const    0x0804b258     0x1c  esp8266_handler.o [1]
  .rodata             const    0x0804b274     0x1c  pub0sub1.o [1]
  .rodata             const    0x0804b290     0x1c  pub0sub1.o [1]
  .rodata             const    0x0804b2ac     0x1c  pub0sub1.o [1]
  .rodata             const    0x0804b2c8     0x1c  smec98sp.o [1]
  .rodata             const    0x0804b2e4     0x1c  smec98sp.o [1]
  .rodata             const    0x0804b300     0x1c  smec98sp.o [1]
  .rodata             const    0x0804b31c     0x1c  usbh_usr.o [1]
  .rodata             const    0x0804b338     0x1c  usbh_usr.o [1]
  .rodata             const    0x0804b354     0x1c  usbh_usr.o [1]
  .rodata             const    0x0804b370     0x1c  usbh_usr.o [1]
  .rodata             const    0x0804b38c     0x1c  usbh_usr.o [1]
  .rodata             const    0x0804b3a8     0x1c  usbh_usr.o [1]
  .text               ro code  0x0804b3c4     0x1a  cmain.o [5]
  .text               ro code  0x0804b3de      0x4  exit.o [3]
  .text               ro code  0x0804b3e4      0xa  cexit.o [5]
  .rodata             const    0x0804b3f0     0x18  apptask.o [1]
  .rodata             const    0x0804b408     0x18  apptask.o [1]
  .rodata             const    0x0804b420     0x18  apptask.o [1]
  .rodata             const    0x0804b438     0x18  apptask.o [1]
  .rodata             const    0x0804b450     0x18  apptask.o [1]
  .rodata             const    0x0804b468     0x18  apptask.o [1]
  .rodata             const    0x0804b480     0x18  apptask.o [1]
  .rodata             const    0x0804b498     0x18  apptask.o [1]
  .rodata             const    0x0804b4b0     0x18  apptask.o [1]
  .rodata             const    0x0804b4c8     0x18  apptask.o [1]
  .rodata             const    0x0804b4e0     0x18  apptask.o [1]
  .rodata             const    0x0804b4f8     0x18  apptask.o [1]
  .rodata             const    0x0804b510     0x18  demo_fatfs.o [1]
  .rodata             const    0x0804b528     0x18  demo_fatfs.o [1]
  .rodata             const    0x0804b540     0x18  demo_fatfs.o [1]
  .rodata             const    0x0804b558     0x18  demo_fatfs.o [1]
  .rodata             const    0x0804b570     0x18  esp8266_handler.o [1]
  .rodata             const    0x0804b588     0x18  esp8266_handler.o [1]
  .rodata             const    0x0804b5a0     0x18  esp8266_handler.o [1]
  .rodata             const    0x0804b5b8     0x18  para.o [1]
  .rodata             const    0x0804b5d0     0x18  pub0sub1.o [1]
  .rodata             const    0x0804b5e8     0x18  pub0sub1.o [1]
  .rodata             const    0x0804b600     0x18  smec98sp.o [1]
  .rodata             const    0x0804b618     0x18  smec98sp.o [1]
  .rodata             const    0x0804b630     0x18  usbh_usr.o [1]
  .rodata             const    0x0804b648     0x18  usbh_usr.o [1]
  .rodata             const    0x0804b660     0x18  usbh_usr.o [1]
  .rodata             const    0x0804b678     0x18  usbh_usr.o [1]
  .rodata             const    0x0804b690     0x18  usbh_usr.o [1]
  .text               ro code  0x0804b6a8     0x16  xprout.o [3]
  .text               ro code  0x0804b6c0      0xc  putchar.o [3]
  .rodata             const    0x0804b6cc     0x14  apptask.o [1]
  .rodata             const    0x0804b6e0     0x14  apptask.o [1]
  .rodata             const    0x0804b6f4     0x14  apptask.o [1]
  .rodata             const    0x0804b708     0x14  apptask.o [1]
  .rodata             const    0x0804b71c     0x14  apptask.o [1]
  .rodata             const    0x0804b730     0x14  apptask.o [1]
  .rodata             const    0x0804b744     0x14  apptask.o [1]
  .rodata             const    0x0804b758     0x14  apptask.o [1]
  .rodata             const    0x0804b76c     0x14  apptask.o [1]
  .rodata             const    0x0804b780     0x14  apptask.o [1]
  .rodata             const    0x0804b794     0x14  apptask.o [1]
  .rodata             const    0x0804b7a8     0x14  apptask.o [1]
  .rodata             const    0x0804b7bc     0x14  apptask.o [1]
  .rodata             const    0x0804b7d0     0x14  apptask.o [1]
  .rodata             const    0x0804b7e4     0x14  apptask.o [1]
  .rodata             const    0x0804b7f8     0x14  des.o [1]
  .rodata             const    0x0804b80c     0x14  esp8266_handler.o [1]
  .rodata             const    0x0804b820     0x14  pub0sub1.o [1]
  .rodata             const    0x0804b834     0x14  pub0sub1.o [1]
  .rodata             const    0x0804b848     0x14  pub0sub1.o [1]
  .rodata             const    0x0804b85c     0x14  pub0sub1.o [1]
  .rodata             const    0x0804b870     0x14  pub0sub1.o [1]
  .rodata             const    0x0804b884     0x14  smec98sp.o [1]
  .rodata             const    0x0804b898     0x14  usbh_usr.o [1]
  .rodata             const    0x0804b8ac     0x14  usbh_usr.o [1]
  .rodata             const    0x0804b8c0     0x10  apptask.o [1]
  .rodata             const    0x0804b8d0     0x10  apptask.o [1]
  .rodata             const    0x0804b8e0     0x10  apptask.o [1]
  .rodata             const    0x0804b8f0     0x10  apptask.o [1]
  .rodata             const    0x0804b900     0x10  apptask.o [1]
  .rodata             const    0x0804b910     0x10  apptask.o [1]
  .rodata             const    0x0804b920     0x10  apptask.o [1]
  .rodata             const    0x0804b930     0x10  apptask.o [1]
  .rodata             const    0x0804b940     0x10  apptask.o [1]
  .rodata             const    0x0804b950     0x10  apptask.o [1]
  .rodata             const    0x0804b960     0x10  apptask.o [1]
  .rodata             const    0x0804b970     0x10  apptask.o [1]
  .rodata             const    0x0804b980     0x10  apptask.o [1]
  .rodata             const    0x0804b990     0x10  apptask.o [1]
  .rodata             const    0x0804b9a0     0x10  apptask.o [1]
  .rodata             const    0x0804b9b0     0x10  apptask.o [1]
  .rodata             const    0x0804b9c0     0x10  apptask.o [1]
  .rodata             const    0x0804b9d0     0x10  apptask.o [1]
  .rodata             const    0x0804b9e0     0x10  apptask.o [1]
  .rodata             const    0x0804b9f0     0x10  apptask.o [1]
  .rodata             const    0x0804ba00     0x10  apptask.o [1]
  .rodata             const    0x0804ba10     0x10  apptask.o [1]
  .rodata             const    0x0804ba20     0x10  apptask.o [1]
  .rodata             const    0x0804ba30     0x10  apptask.o [1]
  .rodata             const    0x0804ba40     0x10  apptask.o [1]
  .rodata             const    0x0804ba50     0x10  apptask.o [1]
  .rodata             const    0x0804ba60     0x10  apptask.o [1]
  .rodata             const    0x0804ba70     0x10  apptask.o [1]
  .rodata             const    0x0804ba80     0x10  bsp_sdwe050c17.o [1]
  .rodata             const    0x0804ba90     0x10  esp8266_handler.o [1]
  .rodata             const    0x0804baa0     0x10  esp8266_handler.o [1]
  .rodata             const    0x0804bab0     0x10  esp8266_handler.o [1]
  .rodata             const    0x0804bac0     0x10  esp8266_handler.o [1]
  .rodata             const    0x0804bad0     0x10  esp8266_handler.o [1]
  .rodata             const    0x0804bae0     0x10  esp8266_handler.o [1]
  .rodata             const    0x0804baf0     0x10  ff.o [1]
  .rodata             const    0x0804bb00     0x10  main.o [1]
  .rodata             const    0x0804bb10     0x10  main.o [1]
  .rodata             const    0x0804bb20     0x10  para.o [1]
  .rodata             const    0x0804bb30     0x10  para.o [1]
  .rodata             const    0x0804bb40     0x10  pub0sub1.o [1]
  .rodata             const    0x0804bb50     0x10  smec98sp.o [1]
  .rodata             const    0x0804bb60     0x10  smec98sp.o [1]
  .rodata             const    0x0804bb70     0x10  smec98sp.o [1]
  .rodata             const    0x0804bb80     0x10  smec98sp.o [1]
  .rodata             const    0x0804bb90     0x10  smec98sp.o [1]
  .rodata             const    0x0804bba0     0x10  smec98sp.o [1]
  .rodata             const    0x0804bbb0     0x10  usbh_usr.o [1]
  .rodata             const    0x0804bbc0     0x10  usbh_usr.o [1]
  .text               ro code  0x0804bbd0     0x10  startup_stm32f40_41xxx.o [1]
  .text               ro code  0x0804bbe0     0x10  usbh_it.o [1]
  .rodata             const    0x0804bbf0      0xc  apptask.o [1]
  .rodata             const    0x0804bbfc      0xc  apptask.o [1]
  .rodata             const    0x0804bc08      0xc  apptask.o [1]
  .rodata             const    0x0804bc14      0xc  apptask.o [1]
  .rodata             const    0x0804bc20      0xc  apptask.o [1]
  .rodata             const    0x0804bc2c      0xc  apptask.o [1]
  .rodata             const    0x0804bc38      0xc  apptask.o [1]
  .rodata             const    0x0804bc44      0xc  apptask.o [1]
  .rodata             const    0x0804bc50      0xc  apptask.o [1]
  .rodata             const    0x0804bc5c      0xc  apptask.o [1]
  .rodata             const    0x0804bc68      0xc  apptask.o [1]
  .rodata             const    0x0804bc74      0xc  apptask.o [1]
  .rodata             const    0x0804bc80      0xc  apptask.o [1]
  .rodata             const    0x0804bc8c      0xc  apptask.o [1]
  .rodata             const    0x0804bc98      0xc  apptask.o [1]
  .rodata             const    0x0804bca4      0xc  apptask.o [1]
  .rodata             const    0x0804bcb0      0xc  apptask.o [1]
  .rodata             const    0x0804bcbc      0xc  apptask.o [1]
  .rodata             const    0x0804bcc8      0xc  apptask.o [1]
  .rodata             const    0x0804bcd4      0xc  apptask.o [1]
  .rodata             const    0x0804bce0      0xc  apptask.o [1]
  .rodata             const    0x0804bcec      0xc  apptask.o [1]
  .rodata             const    0x0804bcf8      0xc  apptask.o [1]
  .rodata             const    0x0804bd04      0xc  apptask.o [1]
  .rodata             const    0x0804bd10      0xc  apptask.o [1]
  .rodata             const    0x0804bd1c      0xc  apptask.o [1]
  .rodata             const    0x0804bd28      0xc  apptask.o [1]
  .rodata             const    0x0804bd34      0xc  apptask.o [1]
  .rodata             const    0x0804bd40      0xc  apptask.o [1]
  .rodata             const    0x0804bd4c      0xc  apptask.o [1]
  .rodata             const    0x0804bd58      0xc  apptask.o [1]
  .rodata             const    0x0804bd64      0xc  apptask.o [1]
  .rodata             const    0x0804bd70      0xc  apptask.o [1]
  .rodata             const    0x0804bd7c      0xc  apptask.o [1]
  .rodata             const    0x0804bd88      0xc  apptask.o [1]
  .rodata             const    0x0804bd94      0xc  bsp_sdwe050c17.o [1]
  .rodata             const    0x0804bda0      0xc  demo_fatfs.o [1]
  .rodata             const    0x0804bdac      0xc  esp8266_handler.o [1]
  .rodata             const    0x0804bdb8      0xc  esp8266_handler.o [1]
  .rodata             const    0x0804bdc4      0xc  esp8266_handler.o [1]
  .rodata             const    0x0804bdd0      0xc  esp8266_handler.o [1]
  .rodata             const    0x0804bddc      0xc  esp8266_handler.o [1]
  .rodata             const    0x0804bde8      0xc  esp8266_handler.o [1]
  .rodata             const    0x0804bdf4      0xc  ff.o [1]
  .rodata             const    0x0804be00      0xc  page_weimi.o [1]
  .rodata             const    0x0804be0c      0xc  para.o [1]
  .rodata             const    0x0804be18      0xc  para.o [1]
  .rodata             const    0x0804be24      0xc  para.o [1]
  .rodata             const    0x0804be30      0xc  para.o [1]
  .rodata             const    0x0804be3c      0xc  para.o [1]
  .rodata             const    0x0804be48      0xc  pub0sub1.o [1]
  .rodata             const    0x0804be54      0xc  pub0sub1.o [1]
  .text               ro code  0x0804be60      0xc  cstartup_M.o [5]
  .rodata             const    0x0804be6c      0x8  apptask.o [1]
  .rodata             const    0x0804be74      0x8  apptask.o [1]
  .rodata             const    0x0804be7c      0x8  apptask.o [1]
  .rodata             const    0x0804be84      0x8  apptask.o [1]
  .rodata             const    0x0804be8c      0x8  apptask.o [1]
  .rodata             const    0x0804be94      0x8  apptask.o [1]
  .rodata             const    0x0804be9c      0x8  apptask.o [1]
  .rodata             const    0x0804bea4      0x8  apptask.o [1]
  .rodata             const    0x0804beac      0x8  apptask.o [1]
  .rodata             const    0x0804beb4      0x8  apptask.o [1]
  .rodata             const    0x0804bebc      0x8  apptask.o [1]
  .rodata             const    0x0804bec4      0x8  apptask.o [1]
  .rodata             const    0x0804becc      0x8  apptask.o [1]
  .rodata             const    0x0804bed4      0x8  apptask.o [1]
  .rodata             const    0x0804bedc      0x8  apptask.o [1]
  .rodata             const    0x0804bee4      0x8  apptask.o [1]
  .rodata             const    0x0804beec      0x8  apptask.o [1]
  .rodata             const    0x0804bef4      0x8  apptask.o [1]
  .rodata             const    0x0804befc      0x8  apptask.o [1]
  .rodata             const    0x0804bf04      0x8  apptask.o [1]
  .rodata             const    0x0804bf0c      0x8  apptask.o [1]
  .rodata             const    0x0804bf14      0x8  apptask.o [1]
  .rodata             const    0x0804bf1c      0x8  apptask.o [1]
  .rodata             const    0x0804bf24      0x8  apptask.o [1]
  .rodata             const    0x0804bf2c      0x8  bsp_sdwe050c17.o [1]
  .rodata             const    0x0804bf34      0x8  bsp_w25qxx.o [1]
  .rodata             const    0x0804bf3c      0x8  esp8266_handler.o [1]
  .rodata             const    0x0804bf44      0x8  ff.o [1]
  .rodata             const    0x0804bf4c      0x8  malloc.o [1]
  .rodata             const    0x0804bf54      0x8  malloc.o [1]
  .rodata             const    0x0804bf5c      0x8  malloc.o [1]
  .rodata             const    0x0804bf64      0x8  MQTTConnectClient.o [1]
  .rodata             const    0x0804bf6c      0x8  MQTTConnectClient.o [1]
  .rodata             const    0x0804bf74      0x8  para.o [1]
  .rodata             const    0x0804bf7c      0x8  para.o [1]
  .rodata             const    0x0804bf84      0x8  para.o [1]
  .rodata             const    0x0804bf8c      0x8  para.o [1]
  .rodata             const    0x0804bf94      0x8  para.o [1]
  .rodata             const    0x0804bf9c      0x8  para.o [1]
  .rodata             const    0x0804bfa4      0x8  para.o [1]
  .rodata             const    0x0804bfac      0x8  para.o [1]
  .rodata             const    0x0804bfb4      0x8  para.o [1]
  .rodata             const    0x0804bfbc      0x8  para.o [1]
  .rodata             const    0x0804bfc4      0x8  para.o [1]
  .rodata             const    0x0804bfcc      0x8  para.o [1]
  .rodata             const    0x0804bfd4      0x8  para.o [1]
  .rodata             const    0x0804bfdc      0x8  para.o [1]
  .rodata             const    0x0804bfe4      0x8  para.o [1]
  .rodata             const    0x0804bfec      0x8  para.o [1]
  .rodata             const    0x0804bff4      0x8  para.o [1]
  .rodata             const    0x0804bffc      0x8  para.o [1]
  .rodata             const    0x0804c004      0x8  para.o [1]
  .rodata             const    0x0804c00c      0x8  para.o [1]
  .rodata             const    0x0804c014      0x8  para.o [1]
  .rodata             const    0x0804c01c      0x8  pub0sub1.o [1]
  .rodata             const    0x0804c024      0x8  smec98sp.o [1]
  .rodata             const    0x0804c02c      0x8  tasks.o [1]
  .rodata             const    0x0804c034      0x8  timers.o [1]
  .rodata             const    0x0804c03c      0x4  heap_4.o [1]
  .rodata             const    0x0804c040      0x4  MQTTConnectClient.o [1]
  .rodata             const    0x0804c044      0x4  MQTTConnectClient.o [1]
  .rodata             const    0x0804c048      0x4  MQTTConnectClient.o [1]
  .rodata             const    0x0804c04c      0x4  MQTTConnectClient.o [1]
  .rodata             const    0x0804c050      0x4  MQTTConnectClient.o [1]
  .rodata             const    0x0804c054      0x4  MQTTDeserializePublish.o [1]
  .rodata             const    0x0804c058      0x4  MQTTPacket.o [1]
  .rodata             const    0x0804c05c      0x4  MQTTSerializePublish.o [1]
  .rodata             const    0x0804c060      0x4  MQTTSubscribeClient.o [1]
  .rodata             const    0x0804c064      0x4  MQTTSubscribeClient.o [1]
  .rodata             const    0x0804c068      0x4  port.o [1]
  .text               ro code  0x0804c06c      0x4  startup_stm32f40_41xxx.o [1]
  .text               ro code  0x0804c070      0x4  startup_stm32f40_41xxx.o [1]
  .text               ro code  0x0804c074      0x4  startup_stm32f40_41xxx.o [1]
  .text               ro code  0x0804c078      0x4  startup_stm32f40_41xxx.o [1]
  .text               ro code  0x0804c07c      0x4  startup_stm32f40_41xxx.o [1]
  .text               ro code  0x0804c080      0x4  startup_stm32f40_41xxx.o [1]
  .text               ro code  0x0804c084      0x4  startup_stm32f40_41xxx.o [1]
  .text               ro code  0x0804c088      0x4  startup_stm32f40_41xxx.o [1]
  .text               ro code  0x0804c08c      0x4  startup_stm32f40_41xxx.o [1]
  .text               ro code  0x0804c090      0x4  startup_stm32f40_41xxx.o [1]
  .text               ro code  0x0804c094      0x4  startup_stm32f40_41xxx.o [1]
  .text               ro code  0x0804c098      0x4  startup_stm32f40_41xxx.o [1]
  .text               ro code  0x0804c09c      0x4  startup_stm32f40_41xxx.o [1]
  .text               ro code  0x0804c0a0      0x4  startup_stm32f40_41xxx.o [1]
  .text               ro code  0x0804c0a4      0x4  startup_stm32f40_41xxx.o [1]
  .text               ro code  0x0804c0a8      0x4  startup_stm32f40_41xxx.o [1]
  .text               ro code  0x0804c0ac      0x4  startup_stm32f40_41xxx.o [1]
  .text               ro code  0x0804c0b0      0x4  startup_stm32f40_41xxx.o [1]
  .text               ro code  0x0804c0b4      0x4  startup_stm32f40_41xxx.o [1]
  .text               ro code  0x0804c0b8      0x4  startup_stm32f40_41xxx.o [1]
  .text               ro code  0x0804c0bc      0x4  startup_stm32f40_41xxx.o [1]
  .text               ro code  0x0804c0c0      0x4  startup_stm32f40_41xxx.o [1]
  .text               ro code  0x0804c0c4      0x4  startup_stm32f40_41xxx.o [1]
  .text               ro code  0x0804c0c8      0x4  startup_stm32f40_41xxx.o [1]
  .text               ro code  0x0804c0cc      0x4  startup_stm32f40_41xxx.o [1]
  .text               ro code  0x0804c0d0      0x4  startup_stm32f40_41xxx.o [1]
  .text               ro code  0x0804c0d4      0x4  startup_stm32f40_41xxx.o [1]
  .text               ro code  0x0804c0d8      0x4  startup_stm32f40_41xxx.o [1]
  .text               ro code  0x0804c0dc      0x4  startup_stm32f40_41xxx.o [1]
  .text               ro code  0x0804c0e0      0x4  startup_stm32f40_41xxx.o [1]
  .text               ro code  0x0804c0e4      0x4  startup_stm32f40_41xxx.o [1]
  .text               ro code  0x0804c0e8      0x4  startup_stm32f40_41xxx.o [1]
  .text               ro code  0x0804c0ec      0x4  startup_stm32f40_41xxx.o [1]
  .text               ro code  0x0804c0f0      0x4  startup_stm32f40_41xxx.o [1]
  .text               ro code  0x0804c0f4      0x4  startup_stm32f40_41xxx.o [1]
  .text               ro code  0x0804c0f8      0x4  startup_stm32f40_41xxx.o [1]
  .text               ro code  0x0804c0fc      0x4  startup_stm32f40_41xxx.o [1]
  .text               ro code  0x0804c100      0x4  startup_stm32f40_41xxx.o [1]
  .text               ro code  0x0804c104      0x4  startup_stm32f40_41xxx.o [1]
  .text               ro code  0x0804c108      0x4  startup_stm32f40_41xxx.o [1]
  .text               ro code  0x0804c10c      0x4  startup_stm32f40_41xxx.o [1]
  .text               ro code  0x0804c110      0x4  startup_stm32f40_41xxx.o [1]
  .text               ro code  0x0804c114      0x4  startup_stm32f40_41xxx.o [1]
  .text               ro code  0x0804c118      0x4  startup_stm32f40_41xxx.o [1]
  .text               ro code  0x0804c11c      0x4  startup_stm32f40_41xxx.o [1]
  .text               ro code  0x0804c120      0x4  startup_stm32f40_41xxx.o [1]
  .text               ro code  0x0804c124      0x4  startup_stm32f40_41xxx.o [1]
  .text               ro code  0x0804c128      0x4  startup_stm32f40_41xxx.o [1]
  .text               ro code  0x0804c12c      0x4  startup_stm32f40_41xxx.o [1]
  .text               ro code  0x0804c130      0x4  startup_stm32f40_41xxx.o [1]
  .text               ro code  0x0804c134      0x4  startup_stm32f40_41xxx.o [1]
  .text               ro code  0x0804c138      0x4  startup_stm32f40_41xxx.o [1]
  .text               ro code  0x0804c13c      0x4  startup_stm32f40_41xxx.o [1]
  .text               ro code  0x0804c140      0x4  startup_stm32f40_41xxx.o [1]
  .text               ro code  0x0804c144      0x4  startup_stm32f40_41xxx.o [1]
  .text               ro code  0x0804c148      0x4  startup_stm32f40_41xxx.o [1]
  .text               ro code  0x0804c14c      0x4  startup_stm32f40_41xxx.o [1]
  .text               ro code  0x0804c150      0x4  startup_stm32f40_41xxx.o [1]
  .text               ro code  0x0804c154      0x4  startup_stm32f40_41xxx.o [1]
  .text               ro code  0x0804c158      0x4  startup_stm32f40_41xxx.o [1]
  .text               ro code  0x0804c15c      0x4  startup_stm32f40_41xxx.o [1]
  .text               ro code  0x0804c160      0x4  startup_stm32f40_41xxx.o [1]
  .text               ro code  0x0804c164      0x4  startup_stm32f40_41xxx.o [1]
  .text               ro code  0x0804c168      0x4  startup_stm32f40_41xxx.o [1]
  .text               ro code  0x0804c16c      0x4  startup_stm32f40_41xxx.o [1]
  .text               ro code  0x0804c170      0x4  startup_stm32f40_41xxx.o [1]
  .text               ro code  0x0804c174      0x4  startup_stm32f40_41xxx.o [1]
  .text               ro code  0x0804c178      0x4  startup_stm32f40_41xxx.o [1]
  .rodata             const    0x0804c17c      0x0  zero_init3.o [5]
  .rodata             const    0x0804c17c      0x0  packbits_init.o [5]
  Initializer bytes   const    0x0804c17c    0x12b  <for P2 s0>
                             - 0x0804c2a7  0x4c11f

"P2":                                      0x1ff78
  P2 s0                        0x20000000    0x2d2  <Init block>
    __DLIB_PERTHREAD  inited   0x20000000     0x8c  rand.o [3]
    __DLIB_PERTHREAD  inited   0x2000008c     0x88  localeconv.o [3]
    __DLIB_PERTHREAD  inited   0x20000114     0x74  setlocale.o [3]
    .data             inited   0x20000188     0x50  demo_fatfs.o [1]
    .data             inited   0x200001d8     0x48  usbh_usr.o [1]
    .data             inited   0x20000220     0x40  xfiles.o [3]
    .data             inited   0x20000260     0x1c  malloc.o [1]
    .data             inited   0x2000027c     0x14  bsp_servomotor.o [1]
    .data             inited   0x20000290     0x10  stm32f4xx_rcc.o [1]
    .data             inited   0x200002a0     0x10  usbh_msc_core.o [1]
    .data             inited   0x200002b0      0xc  usbh_core.o [1]
    .data             inited   0x200002bc      0x4  port.o [1]
    .data             inited   0x200002c0      0x4  system_stm32f4xx.o [1]
    .data             inited   0x200002c4      0x4  usbh_core.o [1]
    __DLIB_PERTHREAD  inited   0x200002c8      0x4  errno.o [3]
    .data             inited   0x200002cc      0x2  bsp_w25qxx.o [1]
    .data             inited   0x200002ce      0x1  apptask.o [1]
    .data             inited   0x200002cf      0x1  encoder_tim.o [1]
    .data             inited   0x200002d0      0x1  page_weimi.o [1]
    .data             inited   0x200002d1      0x1  usbh_msc_scsi.o [1]
  .bss                zero     0x200002d4  0x10c00  heap_4.o [1]
  .bss                zero     0x20010ed4   0xa000  malloc.o [1]
  .bss                zero     0x2001aed4   0x1000  bsp_w25qxx.o [1]
  .bss                zero     0x2001bed4    0xa00  malloc.o [1]
  .bss                zero     0x2001c8d4    0x5ac  usbh_usr.o [1]
  .bss                zero     0x2001ce80    0x5ac  usbh_usr.o [1]
  .bss                zero     0x2001d42c    0x3e8  bsp_uart_fifo.o [1]
  .bss                zero     0x2001d814    0x3e8  esp8266_handler.o [1]
  .bss                zero     0x2001dbfc    0x3e8  esp8266_handler.o [1]
  .bss                zero     0x2001dfe4    0x3e8  pub0sub1.o [1]
  .bss                zero     0x2001e3cc    0x200  ff.o [1]
  .bss                zero     0x2001e5cc    0x200  usbh_msc_scsi.o [1]
  .bss                zero     0x2001e7cc    0x200  usbh_stdreq.o [1]
  .bss                zero     0x2001e9cc    0x168  tasks.o [1]
  .bss                zero     0x2001eb34    0x12c  page_weimi.o [1]
  .bss                zero     0x2001ec60    0x11c  protocol.o [1]
  .bss                zero     0x2001ed7c     0xd4  protocol.o [1]
  .bss                zero     0x2001ee50     0xd0  protocol.o [1]
  .bss                zero     0x2001ef20     0xb4  para.o [1]
  .bss                zero     0x2001efd4     0x94  usbh_usr.o [1]
  .bss                zero     0x2001f068     0x68  esp8266_handler.o [1]
  .bss                zero     0x2001f0d0     0x64  bsp_uart_fifo.o [1]
  .bss                zero     0x2001f134     0x64  bsp_uart_fifo.o [1]
  .bss                zero     0x2001f198     0x4c  usbh_msc_core.o [1]
  .bss                zero     0x2001f1e8     0x58  bsp_sdio_sd.o [1]
  .bss                zero     0x2001f240     0x50  xfiles.o [3]
  .bss                zero     0x2001f290     0x40  page_weimi.o [1]
  .bss                zero     0x2001f2d0     0x40  pub0sub1.o [1]
  .bss                zero     0x2001f310     0x34  bsp_sdwe050c17.o [1]
  .bss                zero     0x2001f344     0x30  product_cal.o [1]
  .bss                zero     0x2001f374     0x28  product_cal.o [1]
  .bss                zero     0x2001f39c     0x24  ff.o [1]
  .bss                zero     0x2001f3c0     0x20  pub0sub1.o [1]
  .bss                zero     0x2001f3e0     0x20  usbh_msc_bot.o [1]
  .bss                zero     0x2001f400     0x1c  encoder_tim.o [1]
  .bss                zero     0x2001f41c     0x18  bsp_sdio_sd.o [1]
  .bss                zero     0x2001f434     0x18  bsp_sdio_sd.o [1]
  .bss                zero     0x2001f44c     0x14  bsp_sdio_sd.o [1]
  .bss                zero     0x2001f460     0x14  rc522.o [1]
  .bss                zero     0x2001f474     0x14  tasks.o [1]
  .bss                zero     0x2001f488     0x14  tasks.o [1]
  .bss                zero     0x2001f49c     0x14  tasks.o [1]
  .bss                zero     0x2001f4b0     0x14  tasks.o [1]
  .bss                zero     0x2001f4c4     0x14  tasks.o [1]
  .bss                zero     0x2001f4d8     0x14  timers.o [1]
  .bss                zero     0x2001f4ec     0x14  timers.o [1]
  .bss                zero     0x2001f500     0x10  bsp_key.o [1]
  .bss                zero     0x2001f510     0x10  bsp_key.o [1]
  .bss                zero     0x2001f520     0x10  bsp_sdio_sd.o [1]
  .bss                zero     0x2001f530     0x10  bsp_sdio_sd.o [1]
  .bss                zero     0x2001f540     0x10  usbh_msc_bot.o [1]
  .bss                zero     0x2001f550     0x10  usbh_msc_bot.o [1]
  .bss                zero     0x2001f560     0x10  usbh_msc_scsi.o [1]
  .bss                zero     0x2001f570      0xc  apptask.o [1]
  .bss                zero     0x2001f57c      0xc  apptask.o [1]
  .bss                zero     0x2001f588      0xc  apptask.o [1]
  .bss                zero     0x2001f594      0xc  apptask.o [1]
  .bss                zero     0x2001f5a0      0xc  ff.o [1]
  .bss                zero     0x2001f5ac      0xc  protocol.o [1]
  .bss                zero     0x2001f5b8      0xc  protocol.o [1]
  .bss                zero     0x2001f5c4      0xc  protocol.o [1]
  .bss                zero     0x2001f5d0      0xc  pub0sub1.o [1]
  .bss                zero     0x2001f5dc      0x8  heap_4.o [1]
  .bss                zero     0x2001f5e4      0x8  modbus.o [1]
  .bss                zero     0x2001f5ec      0x8  protocol.o [1]
  .bss                zero     0x2001f5f4      0x8  pub0sub1.o [1]
  .bss                zero     0x2001f5fc      0x4  apptask.o [1]
  .bss                zero     0x2001f600      0x4  apptask.o [1]
  .bss                zero     0x2001f604      0x4  apptask.o [1]
  .bss                zero     0x2001f608      0x4  apptask.o [1]
  .bss                zero     0x2001f60c      0x4  apptask.o [1]
  .bss                zero     0x2001f610      0x4  apptask.o [1]
  .bss                zero     0x2001f614      0x4  apptask.o [1]
  .bss                zero     0x2001f618      0x4  apptask.o [1]
  .bss                zero     0x2001f61c      0x4  apptask.o [1]
  .bss                zero     0x2001f620      0x4  apptask.o [1]
  .bss                zero     0x2001f624      0x4  apptask.o [1]
  .bss                zero     0x2001f628      0x4  apptask.o [1]
  .bss                zero     0x2001f62c      0x4  apptask.o [1]
  .bss                zero     0x2001f630      0x4  apptask.o [1]
  .bss                zero     0x2001f634      0x4  apptask.o [1]
  .bss                zero     0x2001f638      0x4  apptask.o [1]
  .bss                zero     0x2001f63c      0x4  apptask.o [1]
  .bss                zero     0x2001f640      0x4  apptask.o [1]
  .bss                zero     0x2001f644      0x4  apptask.o [1]
  .bss                zero     0x2001f648      0x4  apptask.o [1]
  .bss                zero     0x2001f64c      0x4  apptask.o [1]
  .bss                zero     0x2001f650      0x4  apptask.o [1]
  .bss                zero     0x2001f654      0x4  apptask.o [1]
  .bss                zero     0x2001f658      0x4  apptask.o [1]
  .bss                zero     0x2001f65c      0x4  apptask.o [1]
  .bss                zero     0x2001f660      0x4  apptask.o [1]
  .bss                zero     0x2001f664      0x4  apptask.o [1]
  .bss                zero     0x2001f668      0x4  bsp_sdio_sd.o [1]
  .bss                zero     0x2001f66c      0x4  bsp_sdio_sd.o [1]
  .bss                zero     0x2001f670      0x4  bsp_sdio_sd.o [1]
  .bss                zero     0x2001f674      0x4  bsp_sdio_sd.o [1]
  .bss                zero     0x2001f678      0x4  bsp_sdio_sd.o [1]
  .bss                zero     0x2001f67c      0x4  bsp_timer.o [1]
  .bss                zero     0x2001f680      0x4  bsp_timer.o [1]
  .bss                zero     0x2001f684      0x4  bsp_timer.o [1]
  .bss                zero     0x2001f688      0x4  bsp_timer.o [1]
  .bss                zero     0x2001f68c      0x4  esp8266_handler.o [1]
  .bss                zero     0x2001f690      0x4  esp8266_handler.o [1]
  .bss                zero     0x2001f694      0x4  esp8266_handler.o [1]
  .bss                zero     0x2001f698      0x4  heap_4.o [1]
  .bss                zero     0x2001f69c      0x4  heap_4.o [1]
  .bss                zero     0x2001f6a0      0x4  heap_4.o [1]
  .bss                zero     0x2001f6a4      0x4  heap_4.o [1]
  .bss                zero     0x2001f6a8      0x4  MQTTPacket.o [1]
  .bss                zero     0x2001f6ac      0x4  page_weimi.o [1]
  .bss                zero     0x2001f6b0      0x4  page_weimi.o [1]
  .bss                zero     0x2001f6b4      0x4  port.o [1]
  .bss                zero     0x2001f6b8      0x4  product_cal.o [1]
  .bss                zero     0x2001f6bc      0x4  product_cal.o [1]
  .bss                zero     0x2001f6c0      0x4  pub0sub1.o [1]
  .bss                zero     0x2001f6c4      0x4  SysInfoTest.o [1]
  .bss                zero     0x2001f6c8      0x4  tasks.o [1]
  .bss                zero     0x2001f6cc      0x4  tasks.o [1]
  .bss                zero     0x2001f6d0      0x4  tasks.o [1]
  .bss                zero     0x2001f6d4      0x4  tasks.o [1]
  .bss                zero     0x2001f6d8      0x4  tasks.o [1]
  .bss                zero     0x2001f6dc      0x4  tasks.o [1]
  .bss                zero     0x2001f6e0      0x4  tasks.o [1]
  .bss                zero     0x2001f6e4      0x4  tasks.o [1]
  .bss                zero     0x2001f6e8      0x4  tasks.o [1]
  .bss                zero     0x2001f6ec      0x4  tasks.o [1]
  .bss                zero     0x2001f6f0      0x4  tasks.o [1]
  .bss                zero     0x2001f6f4      0x4  tasks.o [1]
  .bss                zero     0x2001f6f8      0x4  tasks.o [1]
  .bss                zero     0x2001f6fc      0x4  tasks.o [1]
  .bss                zero     0x2001f700      0x4  tasks.o [1]
  .bss                zero     0x2001f704      0x4  tasks.o [1]
  .bss                zero     0x2001f708      0x4  timer_platform.o [1]
  .bss                zero     0x2001f70c      0x4  timers.o [1]
  .bss                zero     0x2001f710      0x4  timers.o [1]
  .bss                zero     0x2001f714      0x4  timers.o [1]
  .bss                zero     0x2001f718      0x4  timers.o [1]
  .bss                zero     0x2001f71c      0x4  usbh_msc_bot.o [1]
  .bss                zero     0x2001f720      0x4  usbh_msc_bot.o [1]
  .bss                zero     0x2001f724      0x4  usbh_msc_bot.o [1]
  .bss                zero     0x2001f728      0x4  usbh_msc_bot.o [1]
  .bss                zero     0x2001f72c      0x2  apptask.o [1]
  .bss                zero     0x2001f72e      0x2  apptask.o [1]
  .bss                zero     0x2001f730      0x2  apptask.o [1]
  .bss                zero     0x2001f732      0x2  apptask.o [1]
  .bss                zero     0x2001f734      0x2  apptask.o [1]
  .bss                zero     0x2001f736      0x2  apptask.o [1]
  .bss                zero     0x2001f738      0x2  apptask.o [1]
  .bss                zero     0x2001f73a      0x2  apptask.o [1]
  .bss                zero     0x2001f73c      0x2  bsp_sdwe050c17.o [1]
  .bss                zero     0x2001f73e      0x2  encoder_tim.o [1]
  .bss                zero     0x2001f740      0x2  encoder_tim.o [1]
  .bss                zero     0x2001f742      0x2  ff.o [1]
  .bss                zero     0x2001f744      0x2  page_weimi.o [1]
  .bss                zero     0x2001f746      0x2  page_weimi.o [1]
  .bss                zero     0x2001f748      0x2  page_weimi.o [1]
  .bss                zero     0x2001f74a      0x2  product_cal.o [1]
  .bss                zero     0x2001f74c      0x2  usbh_core.o [1]
  .bss                zero     0x2001f74e      0x2  usbh_stdreq.o [1]
  .bss                zero     0x2001f750      0x1  apptask.o [1]
  .bss                zero     0x2001f751      0x1  apptask.o [1]
  .bss                zero     0x2001f752      0x1  apptask.o [1]
  .bss                zero     0x2001f753      0x1  apptask.o [1]
  .bss                zero     0x2001f754      0x1  apptask.o [1]
  .bss                zero     0x2001f755      0x1  apptask.o [1]
  .bss                zero     0x2001f756      0x1  apptask.o [1]
  .bss                zero     0x2001f757      0x1  apptask.o [1]
  .bss                zero     0x2001f758      0x1  apptask.o [1]
  .bss                zero     0x2001f759      0x1  apptask.o [1]
  .bss                zero     0x2001f75a      0x1  apptask.o [1]
  .bss                zero     0x2001f75b      0x1  apptask.o [1]
  .bss                zero     0x2001f75c      0x1  apptask.o [1]
  .bss                zero     0x2001f75d      0x1  apptask.o [1]
  .bss                zero     0x2001f75e      0x1  bsp_sdio_sd.o [1]
  .bss                zero     0x2001f75f      0x1  bsp_sdwe050c17.o [1]
  .bss                zero     0x2001f760      0x1  bsp_uart_fifo.o [1]
  .bss                zero     0x2001f761      0x1  esp8266_handler.o [1]
  .bss                zero     0x2001f762      0x1  esp8266_handler.o [1]
  .bss                zero     0x2001f763      0x1  esp8266_handler.o [1]
  .bss                zero     0x2001f764      0x1  page_weimi.o [1]
  .bss                zero     0x2001f765      0x1  page_weimi.o [1]
  .bss                zero     0x2001f766      0x1  page_weimi.o [1]
  .bss                zero     0x2001f767      0x1  page_weimi.o [1]
  .bss                zero     0x2001f768      0x1  page_weimi.o [1]
  .bss                zero     0x2001f769      0x1  port.o [1]
  .bss                zero     0x2001f76a      0x1  product_cal.o [1]
  .bss                zero     0x2001f76b      0x1  product_cal.o [1]
  .bss                zero     0x2001f76c      0x1  protocol.o [1]
  .bss                zero     0x2001f76d      0x1  pub0sub1.o [1]
  .bss                zero     0x2001f76e      0x1  pub0sub1.o [1]
  .bss                zero     0x2001f76f      0x1  rc522.o [1]
  .bss                zero     0x2001f770      0x1  rc522.o [1]
  .bss                zero     0x2001f771      0x1  usbh_msc_bot.o [1]
  .bss                zero     0x2001f772      0x1  usbh_msc_core.o [1]
  .bss                zero     0x2001f773      0x1  usbh_msc_core.o [1]
  .bss                zero     0x2001f774      0x1  usbh_stdreq.o [1]
  .bss                zero     0x2001f775      0x1  usbh_usr.o [1]
  CSTACK                       0x2001f778    0x800  <Block>
    CSTACK            uninit   0x2001f778    0x800  <Block tail>
                             - 0x2001ff78  0x1ff78

Absolute sections:                         0xff000
  .bss                zero     0x68000000  0xf0000  malloc.o [1]
  .bss                zero     0x680f0000   0xf000  malloc.o [1]
                             - 0x680ff000  0xff000


*******************************************************************************
*** INIT TABLE
***

          Address     Size
          -------     ----
Zero (__iar_zero_init3)
    2 destination ranges, total size 0x11e4a2:
          0x200002d4  0x1f4a2
          0x68000000  0xff000

Copy/packbits (__iar_packbits_init3)
    1 source range, total size 0x12b (41% of destination):
          0x0804c17c    0x12b
    1 destination range, total size 0x2d2:
          0x20000000    0x2d2



*******************************************************************************
*** MODULE SUMMARY
***

    Module                    ro code  ro data  rw data    rw data
                                                            (abs)
    ------                    -------  -------  -------    -------
F:\work\YarnControl_Driver\src\stm32f4_rtos\Project\EWARMv7\Flash\Obj: [1]
    MQTTConnectClient.o           774       36
    MQTTDeserializePublish.o      188        4
    MQTTPacket.o                  656        4        4
    MQTTSerializePublish.o        236        4
    MQTTSubscribeClient.o         400        8
    SysInfoTest.o                  44                 4
    apptask.o                  31 828    3 536      187
    bkp_pwr.o                     392
    bsp.o                          92
    bsp_closeSW.o                 220
    bsp_dac.o                     200
    bsp_dwt.o                     116
    bsp_key.o                     538                32
    bsp_led.o                     192
    bsp_relay.o                    68
    bsp_sdio_sd.o               6 744               209
    bsp_sdwe050c17.o            5 728       36       55
    bsp_servomotor.o              856        8       20
    bsp_spi.o                     292
    bsp_stepmotor.o             1 276
    bsp_sw_onoff.o                 68
    bsp_timer.o                   516                16
    bsp_uart_fifo.o             2 724             1 201
    bsp_w25qxx.o                  896        9    4 098
    bsp_watchdog.o                  8
    cc936.o                       244  176 320
    demo_fatfs.o                           725       80
    des.o                       1 274      844
    diskio.o                      740
    encoder_tim.o                 704        1       33
    esp8266_handler.o           1 044      324    2 119
    esp8266_init.o                124
    event_groups.o                610
    ff.o                        9 368       36      562
    heap_4.o                      640        4   68 632
    iic_smec98sp.o                910
    list.o                        152
    main.o                         48       32
    malloc.o                      540       36   43 548  1 044 480
    mcheck.o                      184      768
    misc.o                        136
    modbus.o                      872                 8
    page_weimi.o                1 740       12      384
    para.o                      5 506      284      180
    port.o                        588        6        9
    portasm.o                     168
    product_cal.o               1 712      400      100
    protocol.o                    156               749
    pub0sub1.o                  1 076      472    1 122
    queue.o                     1 992
    rc522.o                       238                22
    smec98sp.o                  1 198      256
    startup_stm32f40_41xxx.o      680
    stm32f4xx_adc.o               438
    stm32f4xx_dac.o               124
    stm32f4xx_dma.o               796
    stm32f4xx_exti.o              192
    stm32f4xx_gpio.o              300
    stm32f4xx_it.o                 56       44
    stm32f4xx_iwdg.o               16
    stm32f4xx_pwr.o                12
    stm32f4xx_rcc.o               488        7       16
    stm32f4xx_rtc.o                60
    stm32f4xx_sdio.o              380
    stm32f4xx_spi.o               116
    stm32f4xx_syscfg.o             84
    stm32f4xx_tim.o             1 782
    stm32f4xx_usart.o             596
    system_stm32f4xx.o            340        2        4
    tasks.o                     3 296        8      524
    timer_platform.o               64                 4
    timers.o                    1 188        8       56
    transport.o                   108
    usb_bsp.o                     332
    usb_core.o                  2 640
    usb_hcd.o                     214
    usb_hcd_int.o               3 198
    usbh_core.o                 1 888        6       18
    usbh_hcs.o                    442
    usbh_ioreq.o                  582
    usbh_it.o                      16
    usbh_msc_bot.o              1 364                81
    usbh_msc_core.o             1 000        6       94
    usbh_msc_scsi.o             1 560        1      529
    usbh_stdreq.o               1 078               515
    usbh_usr.o                    418      586    3 125
    --------------------------------------------------------------
    Total:                    112 864  184 833  128 340  1 044 480

command line: [2]
    --------------------------------------------------------------
    Total:

dl7M_tlf.a: [3]
    abort.o                         6
    div.o                          14
    errno.o                        12        2        4
    exit.o                          4
    isxxx.o                        40
    localeconv.o                  108       57      136
    printf.o                       36
    putchar.o                      12
    rand.o                        224       57      140
    setlocale.o                    24       48      116
    snprintf.o                     68
    sprintf.o                      52
    srand.o                        32
    sscanf.o                       36
    strcat.o                       28
    strstr.o                       44
    tolower.o                      20
    xfiles.o                                26      144
    xlocale_c.o                    54
    xprintffull_nomb.o          3 478
    xprout.o                       22
    xscanffull_nomb.o           2 916
    xsnprout.o                     26
    xsprout.o                      10
    xsscin.o                       30
    xstoflt.o                     440
    xstoll.o                      164
    xstopfx.o                     292
    xstoull.o                     432
    xstoxflt.o                    536
    xtls.o                          2
    --------------------------------------------------------------
    Total:                      9 162      190      540

m7M_tls.a: [4]
    DblAdd.o                      232
    DblCmpEq.o                     32
    DblCmpGe.o                     46
    DblCmpLe.o                     46
    DblDiv.o                      598
    DblMul.o                      418
    DblSub.o                      384
    DblToFlt.o                    144
    DblToI32.o                     88
    FltToDbl.o                     78
    I32ToDbl.o                     48
    fpinit_M.o                     34
    xdnorm.o                       66
    xdscale.o                     276
    xdtento.o                     512
    xdunscal.o                     82
    xstold.o                      360
    --------------------------------------------------------------
    Total:                      3 444

rt7M_tl.a: [5]
    ABImemclr4.o                    6
    ABImemcpy_unaligned.o         118
    ABImemset.o                   102
    ABImemset48.o                  50
    I64DivMod.o                   306
    I64DivZer.o                     2
    cexit.o                        10
    cmain.o                        26
    cstartup_M.o                   12
    data_init.o                    40
    memchr.o                       88
    memcmp_unaligned.o             98
    packbits_init.o               208
    strchr.o                       22
    strcmp_unaligned.o             66
    strcpy_unaligned.o             68
    strlen.o                       54
    zero_init3.o                   64
    --------------------------------------------------------------
    Total:                      1 340

shb_l.a: [6]
    exit.o                         20
    --------------------------------------------------------------
    Total:                         20

    Gaps                           66        4        6
    Linker created                          52    2 048
------------------------------------------------------------------
    Grand Total:              126 896  185 079  130 934  1 044 480


*******************************************************************************
*** ENTRY LIST
***

Entry                      Address     Size  Type      Object
-----                      -------     ----  ----      ------
.iar.init_table$$Base   0x0804af50            --   Gb  - Linker created -
.iar.init_table$$Limit  0x0804af84            --   Gb  - Linker created -
?main                   0x0804b3c5           Code  Gb  cmain.o [5]
ADC_Cmd                 0x08048963     0x1a  Code  Gb  stm32f4xx_adc.o [1]
ADC_CommonInit          0x08048941     0x22  Code  Gb  stm32f4xx_adc.o [1]
ADC_GetFlagStatus       0x08048a8d     0x1a  Code  Gb  stm32f4xx_adc.o [1]
ADC_Init                0x080488f1     0x50  Code  Gb  stm32f4xx_adc.o [1]
ADC_RegularChannelConfig
                        0x0804897d     0xf6  Code  Gb  stm32f4xx_adc.o [1]
ADC_SoftwareStartConv   0x08048a73      0xa  Code  Gb  stm32f4xx_adc.o [1]
APBAHBPrescTable        0x20000290     0x10  Data  Lc  stm32f4xx_rcc.o [1]
AppObjCreate            0x08031dd9    0x190  Code  Gb  apptask.o [1]
AppTaskCreate           0x08031b95    0x232  Code  Gb  apptask.o [1]
BOTStallErrorCount      0x2001f71c      0x4  Data  Lc  usbh_msc_bot.o [1]
BusFault_Handler        0x0804aa47      0x2  Code  Gb  stm32f4xx_it.o [1]
CID_Tab                 0x2001f530     0x10  Data  Lc  bsp_sdio_sd.o [1]
CLIENT_ID               0x2001f3c0     0x20  Data  Gb  pub0sub1.o [1]
CRC16HiTable            0x0804a3bc    0x100  Data  Gb  mcheck.o [1]
CRC16LoTable            0x0804a4bc    0x100  Data  Gb  mcheck.o [1]
CRC8Table               0x0804a5bc    0x100  Data  Gb  mcheck.o [1]
CSD_Tab                 0x2001f520     0x10  Data  Lc  bsp_sdio_sd.o [1]
CSTACK$$Base            0x2001f778            --   Gb  - Linker created -
CSTACK$$Limit           0x2001ff78            --   Gb  - Linker created -
CardType                0x2001f668      0x4  Data  Lc  bsp_sdio_sd.o [1]
ChannengMQTTPackage     0x08034a15     0x7e  Code  Gb  product_cal.o [1]
CmdError                0x080450c5     0x38  Code  Lc  bsp_sdio_sd.o [1]
CmdResp1Error           0x08045169    0x112  Code  Lc  bsp_sdio_sd.o [1]
CmdResp2Error           0x080452b9     0x52  Code  Lc  bsp_sdio_sd.o [1]
CmdResp3Error           0x0804527b     0x3e  Code  Lc  bsp_sdio_sd.o [1]
CmdResp6Error           0x0804530b     0xa6  Code  Lc  bsp_sdio_sd.o [1]
CmdResp7Error           0x080450fd     0x58  Code  Lc  bsp_sdio_sd.o [1]
ConfigExitNVIC          0x0803bf4f     0x22  Code  Gb  bsp_closeSW.o [1]
ConfigUartNVIC          0x0803e057     0x7c  Code  Lc  bsp_uart_fifo.o [1]
ConnectTcp              0x0803c95b     0x48  Code  Gb  esp8266_handler.o [1]
DAC_Cmd                 0x0804061f     0x26  Code  Gb  stm32f4xx_dac.o [1]
DAC_Init                0x080405ed     0x32  Code  Gb  stm32f4xx_dac.o [1]
DAC_SetChannel1Data     0x08040645     0x1e  Code  Gb  stm32f4xx_dac.o [1]
DMA1_Stream0_IRQHandler
                        0x08038acb     0x1c  Code  Gb  bsp_servomotor.o [1]
DMA1_Stream3_IRQHandler
                        0x08038ae7     0x1c  Code  Gb  bsp_servomotor.o [1]
DMA2_Stream3_IRQHandler
                        0x080459ad      0x8  Code  Gb  bsp_sdio_sd.o [1]
DMAEndOfTransfer        0x2001f678      0x4  Data  Gb  bsp_sdio_sd.o [1]
DMA_ClearFlag           0x0804084b     0x24  Code  Gb  stm32f4xx_dma.o [1]
DMA_Cmd                 0x08040801     0x1a  Code  Gb  stm32f4xx_dma.o [1]
DMA_DeInit              0x08040669    0x140  Code  Gb  stm32f4xx_dma.o [1]
DMA_FlowControllerConfig
                        0x0804081b     0x18  Code  Gb  stm32f4xx_dma.o [1]
DMA_GetCmdStatus        0x08040833     0x18  Code  Gb  stm32f4xx_dma.o [1]
DMA_GetITStatus         0x080408b1     0x62  Code  Gb  stm32f4xx_dma.o [1]
DMA_ITConfig            0x0804086f     0x42  Code  Gb  stm32f4xx_dma.o [1]
DMA_Init                0x080407a9     0x58  Code  Gb  stm32f4xx_dma.o [1]
Dac1_Init               0x080386d1     0x5a  Code  Gb  bsp_dac.o [1]
Dac1_Set_Vol            0x0803872d     0x58  Code  Gb  bsp_dac.o [1]
DebugMon_Handler        0x0804aa4b      0x2  Code  Gb  stm32f4xx_it.o [1]
DesE                    0x0804aadc     0x30  Data  Gb  des.o [1]
DesIp                   0x0804a8e4     0x40  Data  Gb  des.o [1]
DesIp_1                 0x0804a924     0x40  Data  Gb  des.o [1]
DesP                    0x0804b044     0x20  Data  Gb  des.o [1]
DesPc_1                 0x0804a9dc     0x38  Data  Gb  des.o [1]
DesPc_2                 0x0804ab0c     0x30  Data  Gb  des.o [1]
DesRots                 0x0804b7f8     0x14  Data  Gb  des.o [1]
DesS                    0x08049ed8    0x200  Data  Gb  des.o [1]
DiskFile_init           0x0803be31     0x40  Code  Gb  protocol.o [1]
Disk_File               0x2001ed7c     0xd4  Data  Gb  protocol.o [1]
ENC_Calc_Average_Speed  0x08038609     0x4c  Code  Gb  encoder_tim.o [1]
ENC_Calc_Rot_Speed      0x0803851f     0xea  Code  Gb  encoder_tim.o [1]
ENC_Clear_Speed_Buffer  0x08038503     0x1c  Code  Gb  encoder_tim.o [1]
ENC_Init                0x08038411     0xf2  Code  Gb  encoder_tim.o [1]
ESP8266_Enable_MultipleId
                        0x0803c887     0x40  Code  Gb  esp8266_handler.o [1]
ESP8266_JoinAP          0x0803c923     0x38  Code  Gb  esp8266_handler.o [1]
ESP8266_Net_Mode_Choose
                        0x0803c8c7     0x5c  Code  Gb  esp8266_handler.o [1]
EXTI9_5_IRQHandler      0x0803bf71     0x3c  Code  Gb  bsp_closeSW.o [1]
EXTI_ClearITPendingBit  0x0804198f      0x6  Code  Gb  stm32f4xx_exti.o [1]
EXTI_GetITStatus        0x08041975     0x1a  Code  Gb  stm32f4xx_exti.o [1]
EXTI_Init               0x080418ed     0x88  Code  Gb  stm32f4xx_exti.o [1]
Esp8266_GetTcpStatus    0x0803cbc9     0x12  Code  Gb  esp8266_handler.o [1]
Esp8266_Tcp_Send        0x0803cb83     0x46  Code  Gb  esp8266_handler.o [1]
FR_Table                0x20000188     0x50  Data  Gb  demo_fatfs.o [1]
FatFs                   0x2001f5a0      0xc  Data  Lc  ff.o [1]
Files                   0x2001f39c     0x24  Data  Lc  ff.o [1]
FindSCR                 0x08045559    0x206  Code  Lc  bsp_sdio_sd.o [1]
Fsid                    0x2001f742      0x2  Data  Lc  ff.o [1]
GPIO_Init               0x08037c19     0xaa  Code  Gb  stm32f4xx_gpio.o [1]
GPIO_PinAFConfig        0x08037ceb     0x5a  Code  Gb  stm32f4xx_gpio.o [1]
GPIO_ReadInputDataBit   0x08037cc3     0x1a  Code  Gb  stm32f4xx_gpio.o [1]
GPIO_WriteBit           0x08037cdd      0xe  Code  Gb  stm32f4xx_gpio.o [1]
GetStm32Uid             0x08048521     0x62  Code  Gb  smec98sp.o [1]
Get_Adc_RandomSeek      0x08048441     0x4e  Code  Gb  smec98sp.o [1]
HCD_GetCurrentFrame     0x08040b61      0x8  Code  Gb  usb_hcd.o [1]
HCD_GetCurrentSpeed     0x08040b43     0x10  Code  Gb  usb_hcd.o [1]
HCD_GetURB_State        0x08040b69      0xa  Code  Gb  usb_hcd.o [1]
HCD_GetXferCnt          0x08040b73      0xc  Code  Gb  usb_hcd.o [1]
[...]
mem_cpy                 0x08039431     0x1c  Code  Lc  ff.o [1]
mem_set                 0x0803944d     0x16  Code  Lc  ff.o [1]
memblksize              0x0804bf54      0x8  Data  Gb  malloc.o [1]
memchr                  0x0804327d           Code  Gb  memchr.o [5]
memsize                 0x0804bf5c      0x8  Data  Gb  malloc.o [1]
memtblsize              0x0804bf4c      0x8  Data  Gb  malloc.o [1]
modbus_send_frame       0x0803bd2f     0xf6  Code  Gb  modbus.o [1]
move_window             0x08039725     0x40  Code  Lc  ff.o [1]
movram                  0x08047f45     0x1e  Code  Gb  des.o [1]
mqttSubscribeData       0x2001d814    0x3e8  Data  Gb  esp8266_handler.o [1]
mqtt_status             0x2001f5f4      0x8  Data  Gb  pub0sub1.o [1]
my_mem_free             0x080374b7     0x6c  Code  Gb  malloc.o [1]
my_mem_init             0x0803737b     0x42  Code  Gb  malloc.o [1]
my_mem_malloc           0x080373fb     0xbc  Code  Gb  malloc.o [1]
my_mem_perused          0x080373bd     0x3e  Code  Gb  malloc.o [1]
myfree                  0x08037523     0x24  Code  Gb  malloc.o [1]
mymalloc                0x08037547     0x2a  Code  Gb  malloc.o [1]
mymemset                0x08037365     0x16  Code  Gb  malloc.o [1]
ndigs                   0x080467a8     0x28  Data  Lc  xstoull.o [3]
netDeviceInfo_t         0x2001f068     0x68  Data  Gb  esp8266_handler.o [1]
net_device_send_cmd     0x0803c839     0x4e  Code  Gb  esp8266_handler.o [1]
obuf                    0x2001f240     0x50  Data  Lc  xfiles.o [3]
oem2uni                 0x0801560c  0x15484  Data  Lc  cc936.o [1]
old_card_record         0x2001f756      0x1  Data  Gb  apptask.o [1]
old_isWork              0x2001f752      0x1  Data  Gb  apptask.o [1]
old_is_stop             0x200002d0      0x1  Data  Gb  page_weimi.o [1]
old_plan_complete       0x2001f76b      0x1  Data  Gb  product_cal.o [1]
old_system_state        0x200002ce      0x1  Data  Gb  apptask.o [1]
old_usb_disk_flag       0x2001f754      0x1  Data  Gb  apptask.o [1]
old_wifi_flag           0x2001f762      0x1  Data  Gb  esp8266_handler.o [1]
para_init               0x080361f1     0xae  Code  Gb  para.o [1]
pcInterruptPriorityRegisters
                        0x0804c068      0x4  Data  Lc  port.o [1]
peiliao_para            0x2001f344     0x30  Data  Gb  product_cal.o [1]
pick_lfn                0x08039f77     0x8c  Code  Lc  ff.o [1]
plan_complete           0x2001f76a      0x1  Data  Gb  product_cal.o [1]
pluse_count             0x2001f72e      0x2  Data  Gb  apptask.o [1]
pluse_step_src          0x2001f588      0xc  Data  Gb  apptask.o [1]
pows                    0x08046fe0     0x48  Data  Lc  xdtento.o [4]
printf                  0x08037285     0x24  Code  Gb  printf.o [3]
product_complete_kilo   0x080346a7     0x62  Code  Gb  product_cal.o [1]
product_complete_meter  0x0803468b     0x1c  Code  Gb  product_cal.o [1]
product_para            0x2001f374     0x28  Data  Gb  product_cal.o [1]
product_per_meter       0x08034605     0x74  Code  Gb  product_cal.o [1]
prvAddCurrentTaskToDelayedList
                        0x08035799     0x48  Code  Lc  tasks.o [1]
prvAllocateTCBAndStack  0x080357e1     0x5a  Code  Lc  tasks.o [1]
prvCheckForValidListAndQueue
                        0x0803d933     0x52  Code  Lc  timers.o [1]
prvCheckTasksWaitingTermination
                        0x0803572f     0x66  Code  Lc  tasks.o [1]
prvCopyDataFromQueue    0x080343ed     0x30  Code  Lc  queue.o [1]
prvCopyDataToQueue      0x08034369     0x84  Code  Lc  queue.o [1]
prvDeleteTCB            0x0803583b     0x12  Code  Lc  tasks.o [1]
prvGetNextExpireTime    0x0803d71f     0x2e  Code  Lc  timers.o [1]
prvHeapInit             0x0803ed25     0x6e  Code  Lc  heap_4.o [1]
prvIdleTask             0x08035649     0x26  Code  Lc  tasks.o [1]
prvInitialiseTCBVariables
                        0x0803566f     0x6a  Code  Lc  tasks.o [1]
prvInitialiseTaskLists  0x080356d9     0x56  Code  Lc  tasks.o [1]
prvInsertBlockIntoFreeList
                        0x0803ed93     0x62  Code  Lc  heap_4.o [1]
prvInsertTimerInActiveList
                        0x0803d775     0x50  Code  Lc  timers.o [1]
prvIsQueueEmpty         0x08034487     0x20  Code  Lc  queue.o [1]
prvIsQueueFull          0x080344a7     0x22  Code  Lc  queue.o [1]
prvProcessExpiredTimer  0x0803d637     0x5c  Code  Lc  timers.o [1]
prvProcessReceivedCommands
                        0x0803d7c5     0xde  Code  Lc  timers.o [1]
prvProcessTimerOrBlockTask
                        0x0803d6af     0x70  Code  Lc  timers.o [1]
prvResetNextTaskUnblockTime
                        0x0803584d     0x26  Code  Lc  tasks.o [1]
prvSampleTimeNow        0x0803d74d     0x28  Code  Lc  timers.o [1]
prvSwitchTimerLists     0x0803d8a3     0x90  Code  Lc  timers.o [1]
prvTaskExitError        0x0803e8d5     0x2a  Code  Lc  port.o [1]
prvTestWaitCondition    0x0803d4db     0x24  Code  Lc  event_groups.o [1]
prvTimerTask            0x0803d695     0x1a  Code  Lc  timers.o [1]
prvUnlockQueue          0x0803441d     0x6a  Code  Lc  queue.o [1]
pub_topicString         0x2001f5d0      0xc  Data  Gb  pub0sub1.o [1]
put_fat                 0x08039973    0x16c  Code  Gb  ff.o [1]
putchar                 0x0804b6c1      0xc  Code  Gb  putchar.o [3]
pvPortMalloc            0x0803eb95    0x118  Code  Gb  heap_4.o [1]
pxCurrentTCB            0x2001f6c8      0x4  Data  Gb  tasks.o [1]
pxCurrentTimerList      0x2001f70c      0x4  Data  Lc  timers.o [1]
pxDelayedTaskList       0x2001f6cc      0x4  Data  Lc  tasks.o [1]
pxEnd                   0x2001f698      0x4  Data  Lc  heap_4.o [1]
pxOverflowDelayedTaskList
                        0x2001f6d0      0x4  Data  Lc  tasks.o [1]
pxOverflowTimerList     0x2001f710      0x4  Data  Lc  timers.o [1]
pxPortInitialiseStack   0x0803e8b1     0x24  Code  Gb  port.o [1]
pxReadyTasksLists       0x2001e9cc    0x168  Data  Lc  tasks.o [1]
rand                    0x08048e59     0xe0  Code  Gb  rand.o [3]
rc522_cmd_anticoll      0x0803ba6d     0x5a  Code  Gb  rc522.o [1]
rc522_cmd_request       0x0803ba19     0x54  Code  Gb  rc522.o [1]
readChar                0x08041e73     0x10  Code  Gb  MQTTPacket.o [1]
readDisk                0x2001f759      0x1  Data  Gb  apptask.o [1]
readFilenum             0x2001f75a      0x1  Data  Gb  apptask.o [1]
readInt                 0x08041e57     0x1c  Code  Gb  MQTTPacket.o [1]
readMQTTLenString       0x08041f29     0x3c  Code  Gb  MQTTPacket.o [1]
readSlave               0x2001f57c      0xc  Data  Gb  apptask.o [1]
read_bkp_para           0x0803c04b     0x78  Code  Gb  bkp_pwr.o [1]
read_device_info        0x08035ca1    0x314  Code  Gb  para.o [1]
read_file_select        0x2001f5c4      0xc  Data  Gb  protocol.o [1]
read_from_disk          0x080362d5    0xd74  Code  Gb  para.o [1]
remove_chain            0x08039adf     0x76  Code  Lc  ff.o [1]
reset_seg_to_1          0x08037fc1     0xb8  Code  Gb  page_weimi.o [1]
rfid_rev_buf            0x2001f460     0x14  Data  Gb  rc522.o [1]
rfid_rev_cnt            0x2001f770      0x1  Data  Gb  rc522.o [1]
rfid_rev_flag           0x2001f76f      0x1  Data  Gb  rc522.o [1]
rtc_time                0x2001f5ec      0x8  Data  Gb  protocol.o [1]
s_TIM_CallBack1         0x2001f67c      0x4  Data  Lc  bsp_timer.o [1]
s_TIM_CallBack2         0x2001f680      0x4  Data  Lc  bsp_timer.o [1]
s_TIM_CallBack3         0x2001f684      0x4  Data  Lc  bsp_timer.o [1]
s_TIM_CallBack4         0x2001f688      0x4  Data  Lc  bsp_timer.o [1]
s_tBtn                  0x2001f500     0x10  Data  Lc  bsp_key.o [1]
s_tKey                  0x2001f510     0x10  Data  Lc  bsp_key.o [1]
sample_time             0x2001f72c      0x2  Data  Gb  apptask.o [1]
sdew_weimi_page1        0x08033651    0x28a  Code  Gb  bsp_sdwe050c17.o [1]
sdew_weimi_page2        0x080338e9    0x1e6  Code  Gb  bsp_sdwe050c17.o [1]
sdew_weisha_page1       0x08033ad5    0x100  Code  Gb  bsp_sdwe050c17.o [1]
sdew_weisha_page2       0x08033bd9    0x100  Code  Gb  bsp_sdwe050c17.o [1]
selectbits              0x0804800f     0x42  Code  Gb  des.o [1]
semc_adc_Init           0x0804848f     0x92  Code  Gb  smec98sp.o [1]
servo_per_wei_src       0x2001f65c      0x4  Data  Gb  apptask.o [1]
servo_speed_diff        0x2001f660      0x4  Data  Gb  apptask.o [1]
servomotor_guodu        0x2001f764      0x1  Data  Gb  page_weimi.o [1]
servomotor_mode         0x2001f765      0x1  Data  Gb  page_weimi.o [1]
servomotor_step         0x2001f748      0x2  Data  Gb  page_weimi.o [1]
setbit                  0x08047f87     0x4c  Code  Gb  des.o [1]
shlc                    0x08048051     0x68  Code  Gb  des.o [1]
shrc                    0x080480b9     0x5e  Code  Gb  des.o [1]
slave_info              0x2001f570      0xc  Data  Gb  apptask.o [1]
snprintf                0x080419c1     0x44  Code  Gb  snprintf.o [3]
speed_diff              0x2001f594      0xc  Data  Gb  apptask.o [1]
speed_zhu               0x2001f744      0x2  Data  Gb  page_weimi.o [1]
speed_zhu1              0x2001f746      0x2  Data  Gb  page_weimi.o [1]
sprintf                 0x0803b8c9     0x34  Code  Gb  sprintf.o [3]
srand                   0x08048e39     0x20  Code  Gb  srand.o [3]
sscanf                  0x0803ef7d     0x24  Code  Gb  sscanf.o [3]
st_clust                0x08039ea9     0x18  Code  Lc  ff.o [1]
stepmotor_guodu         0x2001f6ac      0x4  Data  Gb  page_weimi.o [1]
strans                  0x08048117    0x168  Code  Gb  des.o [1]
strcat                  0x0803b8fd     0x1c  Code  Gb  strcat.o [3]
strchr                  0x08043265           Code  Gb  strchr.o [5]
strlen                  0x08037be1           Code  Gb  strlen.o [5]
strstr                  0x0803becd     0x10  Code  Gb  para.o [1]
sum_sfn                 0x0803a17d     0x20  Code  Lc  ff.o [1]
symbol                  0x2001f658      0x4  Data  Gb  apptask.o [1]
symbol_servo            0x2001f75b      0x1  Data  Gb  apptask.o [1]
sync_fs                 0x08039765     0xd8  Code  Lc  ff.o [1]
sync_window             0x080396cb     0x5a  Code  Lc  ff.o [1]
system_state_dis        0x0804a0d8    0x190  Data  Gb  product_cal.o [1]
toStop                  0x2001f6c0      0x4  Data  Gb  pub0sub1.o [1]
tolower                 0x08046b05     0x14  Code  Gb  tolower.o [3]
total_meter_gross       0x2001f6b8      0x4  Data  Gb  product_cal.o [1]
total_weight_gross      0x2001f6bc      0x4  Data  Gb  product_cal.o [1]
transport_close         0x08041d5d     0x12  Code  Gb  transport.o [1]
transport_getdata       0x08041d49     0x14  Code  Gb  transport.o [1]
transport_sendPacketBuffer
                        0x08041d0d     0x3c  Code  Gb  transport.o [1]
ucHeap                  0x200002d4  0x10c00  Data  Lc  heap_4.o [1]
ucMaxSysCallPriority    0x2001f769      0x1  Data  Lc  port.o [1]
ulHighFrequencyTimerTicks
                        0x2001f6c4      0x4  Data  Gb  SysInfoTest.o [1]
ulMaxPRIGROUPValue      0x2001f6b4      0x4  Data  Lc  port.o [1]
ulTaskSwitchedInTime    0x2001f700      0x4  Data  Lc  tasks.o [1]
ulTotalRunTime          0x2001f704      0x4  Data  Lc  tasks.o [1]
uni2oem                 0x08000188  0x15484  Data  Lc  cc936.o [1]
usb_disk_flag           0x2001f753      0x1  Data  Gb  apptask.o [1]
usbh_OpenMassStorage    0x08038b2d     0x14  Code  Gb  usbh_usr.o [1]
uxCriticalNesting       0x200002bc      0x4  Data  Lc  port.o [1]
uxCurrentNumberOfTasks  0x2001f6d8      0x4  Data  Lc  tasks.o [1]
uxListRemove            0x0803eb6d     0x28  Code  Gb  list.o [1]
uxPendedTicks           0x2001f6e8      0x4  Data  Lc  tasks.o [1]
uxSchedulerSuspended    0x2001f6fc      0x4  Data  Lc  tasks.o [1]
uxTaskNumber            0x2001f6f4      0x4  Data  Lc  tasks.o [1]
uxTaskResetEventItemValue
                        0x080358ad     0x20  Code  Gb  tasks.o [1]
uxTasksDeleted          0x2001f6d4      0x4  Data  Lc  tasks.o [1]
uxTopReadyPriority      0x2001f6e0      0x4  Data  Lc  tasks.o [1]
vAnalysisUartData       0x080318cd     0xca  Code  Gb  apptask.o [1]
vEsp8266_Main_Task      0x0803156d    0x21e  Code  Gb  apptask.o [1]
vListInitialise         0x0803eafd     0x1e  Code  Gb  list.o [1]
vListInsert             0x0803eb33     0x3a  Code  Gb  list.o [1]
vListInsertEnd          0x0803eb1b     0x18  Code  Gb  list.o [1]
vMQTT_Handler_Task      0x08031791    0x138  Code  Gb  apptask.o [1]
vMQTT_Recive_Task       0x08031997     0x7e  Code  Gb  apptask.o [1]
vMQTT_Tranmit_Task      0x08031a1d     0xd0  Code  Gb  apptask.o [1]
vPortEnableVFP          0x08042671           Code  Gb  portasm.o [1]
vPortEnterCritical      0x0803e9cb     0x3a  Code  Gb  port.o [1]
vPortExitCritical       0x0803ea05     0x32  Code  Gb  port.o [1]
vPortFree               0x0803ecad     0x78  Code  Gb  heap_4.o [1]
vPortSetupTimerInterrupt
                        0x0803ea63      0xe  Code  Wk  port.o [1]
vPortStartFirstTask     0x08042659           Code  Gb  portasm.o [1]
vPortValidateInterruptPriority
                        0x0803ea71     0x4e  Code  Gb  port.o [1]
vQueueWaitForMessageRestricted
                        0x080344c9     0x44  Code  Gb  queue.o [1]
vTaskDelay              0x08034ea5     0x84  Code  Gb  tasks.o [1]
vTaskDelayUntil         0x08034dc5     0xe0  Code  Gb  tasks.o [1]
vTaskFreq               0x08030f65    0x5fc  Code  Lc  apptask.o [1]
vTaskManageCapacity     0x0802f9d9    0x520  Code  Gb  apptask.o [1]
vTaskMassStorage        0x0802e5f1    0x652  Code  Lc  apptask.o [1]
vTaskMissedYield        0x0803563f      0xa  Code  Gb  tasks.o [1]
vTaskMotorControl       0x0802ffad    0xf94  Code  Lc  apptask.o [1]
vTaskMsgPro             0x0802f11d    0x4ce  Code  Lc  apptask.o [1]
vTaskPlaceOnEventList   0x080352a5     0x74  Code  Gb  tasks.o [1]
vTaskPlaceOnEventListRestricted
                        0x080353dd     0x80  Code  Gb  tasks.o [1]
vTaskPlaceOnUnorderedEventList
                        0x08035335     0xa8  Code  Gb  tasks.o [1]
vTaskReadDisk           0x0802f719    0x272  Code  Lc  apptask.o [1]
vTaskRev485             0x0802f609     0xd4  Code  Lc  apptask.o [1]
vTaskSetTimeOutState    0x08035589     0x26  Code  Gb  tasks.o [1]
vTaskStartScheduler     0x08034f29     0x7e  Code  Gb  tasks.o [1]
vTaskSuspendAll         0x08034fa7     0x10  Code  Gb  tasks.o [1]
vTaskSwitchContext      0x080351f5     0xb0  Code  Gb  tasks.o [1]
vTaskTaskKey            0x08031af1     0x82  Code  Gb  apptask.o [1]
vTaskTaskLCD            0x0802aa91   0x3b32  Code  Gb  apptask.o [1]
vTaskTaskLED            0x0802ec89     0x20  Code  Lc  apptask.o [1]
vTaskTaskRFID           0x0802eca9    0x410  Code  Lc  apptask.o [1]
valid_seg               0x2001f6b0      0x4  Data  Gb  page_weimi.o [1]
validate                0x0803af23     0x36  Code  Lc  ff.o [1]
weimi_para              0x2001eb34    0x12c  Data  Gb  page_weimi.o [1]
weisha_reset_to_seg1    0x08038079     0x30  Code  Gb  page_weimi.o [1]
wifi_flag               0x2001f761      0x1  Data  Gb  esp8266_handler.o [1]
work_idle_time          0x2001f74a      0x2  Data  Gb  product_cal.o [1]
writeCString            0x08041eb9     0x2a  Code  Gb  MQTTPacket.o [1]
writeChar               0x08041e83      0xc  Code  Gb  MQTTPacket.o [1]
writeInt                0x08041e8f     0x2a  Code  Gb  MQTTPacket.o [1]
writeMQTTString         0x08041ee3     0x46  Code  Gb  MQTTPacket.o [1]
write_bkp_para          0x0803c0c3     0x6e  Code  Gb  bkp_pwr.o [1]
xActiveTimerList1       0x2001f4d8     0x14  Data  Lc  timers.o [1]
xActiveTimerList2       0x2001f4ec     0x14  Data  Lc  timers.o [1]
xBlockAllocatedBit      0x2001f6a4      0x4  Data  Lc  heap_4.o [1]
xDelayedTaskList1       0x2001f474     0x14  Data  Lc  tasks.o [1]
xDelayedTaskList2       0x2001f488     0x14  Data  Lc  tasks.o [1]
xEventGroupCreate       0x0803d29d     0x1c  Code  Gb  event_groups.o [1]
xEventGroupSetBits      0x0803d405     0xd6  Code  Gb  event_groups.o [1]
xEventGroupWaitBits     0x0803d2b9    0x146  Code  Gb  event_groups.o [1]
xFreeBytesRemaining     0x2001f69c      0x4  Data  Lc  heap_4.o [1]
xHandleTaskFreq         0x2001f620      0x4  Data  Gb  apptask.o [1]
xHandleTaskKey          0x2001f624      0x4  Data  Gb  apptask.o [1]
xHandleTaskLCD          0x2001f5fc      0x4  Data  Gb  apptask.o [1]
xHandleTaskLED          0x2001f600      0x4  Data  Gb  apptask.o [1]
xHandleTaskManageCapacity
                        0x2001f618      0x4  Data  Gb  apptask.o [1]
xHandleTaskMassStorage  0x2001f608      0x4  Data  Gb  apptask.o [1]
xHandleTaskMotorControl
                        0x2001f61c      0x4  Data  Gb  apptask.o [1]
xHandleTaskMsgPro       0x2001f610      0x4  Data  Gb  apptask.o [1]
xHandleTaskRFID         0x2001f604      0x4  Data  Gb  apptask.o [1]
xHandleTaskReadDisk     0x2001f60c      0x4  Data  Gb  apptask.o [1]
xHandleTaskRev485       0x2001f614      0x4  Data  Gb  apptask.o [1]
xHeapStructSize         0x0804c03c      0x4  Data  Lc  heap_4.o [1]
xMinimumEverFreeBytesRemaining
                        0x2001f6a0      0x4  Data  Lc  heap_4.o [1]
xNextTaskUnblockTime    0x2001f6f8      0x4  Data  Lc  tasks.o [1]
xNumOfOverflows         0x2001f6f0      0x4  Data  Lc  tasks.o [1]
xPendingReadyList       0x2001f49c     0x14  Data  Lc  tasks.o [1]
xPortStartScheduler     0x0803e8ff     0xcc  Code  Gb  port.o [1]
xQueueGenericCreate     0x08033dd5     0x7e  Code  Gb  queue.o [1]
xQueueGenericReceive    0x080341c9    0x19c  Code  Gb  queue.o [1]
xQueueGenericReset      0x08033d45     0x90  Code  Gb  queue.o [1]
xQueueGenericSend       0x08033e53    0x1b2  Code  Gb  queue.o [1]
xQueueGenericSendFromISR
                        0x08034005     0xec  Code  Gb  queue.o [1]
xQueueGiveFromISR       0x080340f1     0xd8  Code  Gb  queue.o [1]
xQueue_MQTT_Recv        0x2001f648      0x4  Data  Gb  apptask.o [1]
xQueue_MQTT_Transmit    0x2001f64c      0x4  Data  Gb  apptask.o [1]
xQueue_esp8266_Cmd      0x2001f650      0x4  Data  Gb  apptask.o [1]
xQueue_message          0x2001f654      0x4  Data  Gb  apptask.o [1]
xSchedulerRunning       0x2001f6e4      0x4  Data  Lc  tasks.o [1]
xSemaphore_download     0x2001f638      0x4  Data  Gb  apptask.o [1]
xSemaphore_encoder      0x2001f634      0x4  Data  Gb  apptask.o [1]
xSemaphore_lcd          0x2001f628      0x4  Data  Gb  apptask.o [1]
xSemaphore_pluse        0x2001f630      0x4  Data  Gb  apptask.o [1]
xSemaphore_readDisk     0x2001f63c      0x4  Data  Gb  apptask.o [1]
xSemaphore_rs485        0x2001f62c      0x4  Data  Gb  apptask.o [1]
xStart                  0x2001f5dc      0x8  Data  Lc  heap_4.o [1]
xSuspendedTaskList      0x2001f4c4     0x14  Data  Lc  tasks.o [1]
xTaskCheckForTimeOut    0x080355b5     0x8a  Code  Gb  tasks.o [1]
xTaskGenericCreate      0x08034c41    0x184  Code  Gb  tasks.o [1]
xTaskGetSchedulerState  0x08035873     0x26  Code  Gb  tasks.o [1]
xTaskGetTickCount       0x080350b7      0xa  Code  Gb  tasks.o [1]
xTaskIncrementTick      0x080350c1    0x134  Code  Gb  tasks.o [1]
xTaskRemoveFromEventList
                        0x08035461     0x8e  Code  Gb  tasks.o [1]
xTaskRemoveFromUnorderedEventList
                        0x080354f5     0x94  Code  Gb  tasks.o [1]
xTaskResumeAll          0x08034fb7    0x100  Code  Gb  tasks.o [1]
xTasksWaitingTermination
                        0x2001f4b0     0x14  Data  Lc  tasks.o [1]
xTickCount              0x2001f6dc      0x4  Data  Lc  tasks.o [1]
xTimerCreate            0x0803d551     0x62  Code  Gb  timers.o [1]
xTimerCreateTimerTask   0x0803d501     0x50  Code  Gb  timers.o [1]
xTimerGenericCommand    0x0803d5b3     0x84  Code  Gb  timers.o [1]
xTimerQueue             0x2001f714      0x4  Data  Lc  timers.o [1]
xTimerUser              0x2001f644      0x4  Data  Gb  apptask.o [1]
xYieldPending           0x2001f6ec      0x4  Data  Lc  tasks.o [1]


[1] = F:\work\YarnControl_Driver\src\stm32f4_rtos\Project\EWARMv7\Flash\Obj
[2] = command line
[3] = dl7M_tlf.a
[4] = m7M_tls.a
[5] = rt7M_tl.a
[6] = shb_l.a

  126 896 bytes of readonly  code memory
  185 079 bytes of readonly  data memory
  130 934 bytes of readwrite data memory (+ 1 044 480 absolute)

Errors: none
Warnings: none
