###############################################################################
#
# IAR ELF Linker V7.40.7.9843/W32 for ARM                 19/Oct/2019  11:37:30
# Copyright 2007-2015 IAR Systems AB.
#
#    Output file  =  
#        E:\WORK\YarnControl_Driver\YarnControl_Driver\src\stm32f4_rtos\Project\EWARMv7\Flash\Exe\project.out
#    Map file     =  
#        E:\WORK\YarnControl_Driver\YarnControl_Driver\src\stm32f4_rtos\Project\EWARMv7\Flash\List\project.map
#    Command line =  
#        E:\WORK\YarnControl_Driver\YarnControl_Driver\src\stm32f4_rtos\Project\EWARMv7\Flash\Obj\apptask.o
#        E:\WORK\YarnControl_Driver\YarnControl_Driver\src\stm32f4_rtos\Project\EWARMv7\Flash\Obj\bkp_pwr.o
#        E:\WORK\YarnControl_Driver\YarnControl_Driver\src\stm32f4_rtos\Project\EWARMv7\Flash\Obj\bsp.o
#        E:\WORK\YarnControl_Driver\YarnControl_Driver\src\stm32f4_rtos\Project\EWARMv7\Flash\Obj\bsp_adc.o
#        E:\WORK\YarnControl_Driver\YarnControl_Driver\src\stm32f4_rtos\Project\EWARMv7\Flash\Obj\bsp_closeSW.o
#        E:\WORK\YarnControl_Driver\YarnControl_Driver\src\stm32f4_rtos\Project\EWARMv7\Flash\Obj\bsp_dac.o
#        E:\WORK\YarnControl_Driver\YarnControl_Driver\src\stm32f4_rtos\Project\EWARMv7\Flash\Obj\bsp_dwt.o
#        E:\WORK\YarnControl_Driver\YarnControl_Driver\src\stm32f4_rtos\Project\EWARMv7\Flash\Obj\bsp_key.o
#        E:\WORK\YarnControl_Driver\YarnControl_Driver\src\stm32f4_rtos\Project\EWARMv7\Flash\Obj\bsp_led.o
#        E:\WORK\YarnControl_Driver\YarnControl_Driver\src\stm32f4_rtos\Project\EWARMv7\Flash\Obj\bsp_relay.o
#        E:\WORK\YarnControl_Driver\YarnControl_Driver\src\stm32f4_rtos\Project\EWARMv7\Flash\Obj\bsp_sdio_sd.o
#        E:\WORK\YarnControl_Driver\YarnControl_Driver\src\stm32f4_rtos\Project\EWARMv7\Flash\Obj\bsp_sdwe050c17.o
#        E:\WORK\YarnControl_Driver\YarnControl_Driver\src\stm32f4_rtos\Project\EWARMv7\Flash\Obj\bsp_servomotor.o
#        E:\WORK\YarnControl_Driver\YarnControl_Driver\src\stm32f4_rtos\Project\EWARMv7\Flash\Obj\bsp_spi.o
#        E:\WORK\YarnControl_Driver\YarnControl_Driver\src\stm32f4_rtos\Project\EWARMv7\Flash\Obj\bsp_stepmotor.o
#        E:\WORK\YarnControl_Driver\YarnControl_Driver\src\stm32f4_rtos\Project\EWARMv7\Flash\Obj\bsp_sw_onoff.o
#        E:\WORK\YarnControl_Driver\YarnControl_Driver\src\stm32f4_rtos\Project\EWARMv7\Flash\Obj\bsp_tim_pwm.o
#        E:\WORK\YarnControl_Driver\YarnControl_Driver\src\stm32f4_rtos\Project\EWARMv7\Flash\Obj\bsp_timer.o
#        E:\WORK\YarnControl_Driver\YarnControl_Driver\src\stm32f4_rtos\Project\EWARMv7\Flash\Obj\bsp_uart_fifo.o
#        E:\WORK\YarnControl_Driver\YarnControl_Driver\src\stm32f4_rtos\Project\EWARMv7\Flash\Obj\bsp_w25qxx.o
#        E:\WORK\YarnControl_Driver\YarnControl_Driver\src\stm32f4_rtos\Project\EWARMv7\Flash\Obj\bsp_watchdog.o
#        E:\WORK\YarnControl_Driver\YarnControl_Driver\src\stm32f4_rtos\Project\EWARMv7\Flash\Obj\cc936.o
#        E:\WORK\YarnControl_Driver\YarnControl_Driver\src\stm32f4_rtos\Project\EWARMv7\Flash\Obj\cJSON.o
#        E:\WORK\YarnControl_Driver\YarnControl_Driver\src\stm32f4_rtos\Project\EWARMv7\Flash\Obj\croutine.o
#        E:\WORK\YarnControl_Driver\YarnControl_Driver\src\stm32f4_rtos\Project\EWARMv7\Flash\Obj\demo_fatfs.o
#        E:\WORK\YarnControl_Driver\YarnControl_Driver\src\stm32f4_rtos\Project\EWARMv7\Flash\Obj\des.o
#        E:\WORK\YarnControl_Driver\YarnControl_Driver\src\stm32f4_rtos\Project\EWARMv7\Flash\Obj\diskio.o
#        E:\WORK\YarnControl_Driver\YarnControl_Driver\src\stm32f4_rtos\Project\EWARMv7\Flash\Obj\encoder_tim.o
#        E:\WORK\YarnControl_Driver\YarnControl_Driver\src\stm32f4_rtos\Project\EWARMv7\Flash\Obj\esp8266_handler.o
#        E:\WORK\YarnControl_Driver\YarnControl_Driver\src\stm32f4_rtos\Project\EWARMv7\Flash\Obj\esp8266_init.o
#        E:\WORK\YarnControl_Driver\YarnControl_Driver\src\stm32f4_rtos\Project\EWARMv7\Flash\Obj\event_groups.o
#        E:\WORK\YarnControl_Driver\YarnControl_Driver\src\stm32f4_rtos\Project\EWARMv7\Flash\Obj\ff.o
#        E:\WORK\YarnControl_Driver\YarnControl_Driver\src\stm32f4_rtos\Project\EWARMv7\Flash\Obj\heap_4.o
#        E:\WORK\YarnControl_Driver\YarnControl_Driver\src\stm32f4_rtos\Project\EWARMv7\Flash\Obj\iic_smec98sp.o
#        E:\WORK\YarnControl_Driver\YarnControl_Driver\src\stm32f4_rtos\Project\EWARMv7\Flash\Obj\list.o
#        E:\WORK\YarnControl_Driver\YarnControl_Driver\src\stm32f4_rtos\Project\EWARMv7\Flash\Obj\main.o
#        E:\WORK\YarnControl_Driver\YarnControl_Driver\src\stm32f4_rtos\Project\EWARMv7\Flash\Obj\malloc.o
#        E:\WORK\YarnControl_Driver\YarnControl_Driver\src\stm32f4_rtos\Project\EWARMv7\Flash\Obj\mcheck.o
#        E:\WORK\YarnControl_Driver\YarnControl_Driver\src\stm32f4_rtos\Project\EWARMv7\Flash\Obj\misc.o
#        E:\WORK\YarnControl_Driver\YarnControl_Driver\src\stm32f4_rtos\Project\EWARMv7\Flash\Obj\modbus.o
#        E:\WORK\YarnControl_Driver\YarnControl_Driver\src\stm32f4_rtos\Project\EWARMv7\Flash\Obj\MQTTConnectClient.o
#        E:\WORK\YarnControl_Driver\YarnControl_Driver\src\stm32f4_rtos\Project\EWARMv7\Flash\Obj\MQTTConnectServer.o
#        E:\WORK\YarnControl_Driver\YarnControl_Driver\src\stm32f4_rtos\Project\EWARMv7\Flash\Obj\MQTTDeserializePublish.o
#        E:\WORK\YarnControl_Driver\YarnControl_Driver\src\stm32f4_rtos\Project\EWARMv7\Flash\Obj\MQTTFormat.o
#        E:\WORK\YarnControl_Driver\YarnControl_Driver\src\stm32f4_rtos\Project\EWARMv7\Flash\Obj\MQTTPacket.o
#        E:\WORK\YarnControl_Driver\YarnControl_Driver\src\stm32f4_rtos\Project\EWARMv7\Flash\Obj\MQTTSerializePublish.o
#        E:\WORK\YarnControl_Driver\YarnControl_Driver\src\stm32f4_rtos\Project\EWARMv7\Flash\Obj\MQTTSubscribeClient.o
#        E:\WORK\YarnControl_Driver\YarnControl_Driver\src\stm32f4_rtos\Project\EWARMv7\Flash\Obj\MQTTSubscribeServer.o
#        E:\WORK\YarnControl_Driver\YarnControl_Driver\src\stm32f4_rtos\Project\EWARMv7\Flash\Obj\MQTTUnsubscribeClient.o
#        E:\WORK\YarnControl_Driver\YarnControl_Driver\src\stm32f4_rtos\Project\EWARMv7\Flash\Obj\MQTTUnsubscribeServer.o
#        E:\WORK\YarnControl_Driver\YarnControl_Driver\src\stm32f4_rtos\Project\EWARMv7\Flash\Obj\page_weimi.o
#        E:\WORK\YarnControl_Driver\YarnControl_Driver\src\stm32f4_rtos\Project\EWARMv7\Flash\Obj\para.o
#        E:\WORK\YarnControl_Driver\YarnControl_Driver\src\stm32f4_rtos\Project\EWARMv7\Flash\Obj\port.o
#        E:\WORK\YarnControl_Driver\YarnControl_Driver\src\stm32f4_rtos\Project\EWARMv7\Flash\Obj\portasm.o
#        E:\WORK\YarnControl_Driver\YarnControl_Driver\src\stm32f4_rtos\Project\EWARMv7\Flash\Obj\product_cal.o
#        E:\WORK\YarnControl_Driver\YarnControl_Driver\src\stm32f4_rtos\Project\EWARMv7\Flash\Obj\protocol.o
#        E:\WORK\YarnControl_Driver\YarnControl_Driver\src\stm32f4_rtos\Project\EWARMv7\Flash\Obj\pub0sub1.o
#        E:\WORK\YarnControl_Driver\YarnControl_Driver\src\stm32f4_rtos\Project\EWARMv7\Flash\Obj\queue.o
#        E:\WORK\YarnControl_Driver\YarnControl_Driver\src\stm32f4_rtos\Project\EWARMv7\Flash\Obj\rc522.o
#        E:\WORK\YarnControl_Driver\YarnControl_Driver\src\stm32f4_rtos\Project\EWARMv7\Flash\Obj\sha1.o
#        E:\WORK\YarnControl_Driver\YarnControl_Driver\src\stm32f4_rtos\Project\EWARMv7\Flash\Obj\smec98sp.o
#        E:\WORK\YarnControl_Driver\YarnControl_Driver\src\stm32f4_rtos\Project\EWARMv7\Flash\Obj\startup_stm32f40_41xxx.o
#        E:\WORK\YarnControl_Driver\YarnControl_Driver\src\stm32f4_rtos\Project\EWARMv7\Flash\Obj\stm32f4xx_adc.o
#        E:\WORK\YarnControl_Driver\YarnControl_Driver\src\stm32f4_rtos\Project\EWARMv7\Flash\Obj\stm32f4xx_assert.o
#        E:\WORK\YarnControl_Driver\YarnControl_Driver\src\stm32f4_rtos\Project\EWARMv7\Flash\Obj\stm32f4xx_can.o
#        E:\WORK\YarnControl_Driver\YarnControl_Driver\src\stm32f4_rtos\Project\EWARMv7\Flash\Obj\stm32f4xx_crc.o
#        E:\WORK\YarnControl_Driver\YarnControl_Driver\src\stm32f4_rtos\Project\EWARMv7\Flash\Obj\stm32f4xx_cryp.o
#        E:\WORK\YarnControl_Driver\YarnControl_Driver\src\stm32f4_rtos\Project\EWARMv7\Flash\Obj\stm32f4xx_cryp_aes.o
#        E:\WORK\YarnControl_Driver\YarnControl_Driver\src\stm32f4_rtos\Project\EWARMv7\Flash\Obj\stm32f4xx_cryp_des.o
#        E:\WORK\YarnControl_Driver\YarnControl_Driver\src\stm32f4_rtos\Project\EWARMv7\Flash\Obj\stm32f4xx_cryp_tdes.o
#        E:\WORK\YarnControl_Driver\YarnControl_Driver\src\stm32f4_rtos\Project\EWARMv7\Flash\Obj\stm32f4xx_dac.o
#        E:\WORK\YarnControl_Driver\YarnControl_Driver\src\stm32f4_rtos\Project\EWARMv7\Flash\Obj\stm32f4xx_dbgmcu.o
#        E:\WORK\YarnControl_Driver\YarnControl_Driver\src\stm32f4_rtos\Project\EWARMv7\Flash\Obj\stm32f4xx_dcmi.o
#        E:\WORK\YarnControl_Driver\YarnControl_Driver\src\stm32f4_rtos\Project\EWARMv7\Flash\Obj\stm32f4xx_dma.o
#        E:\WORK\YarnControl_Driver\YarnControl_Driver\src\stm32f4_rtos\Project\EWARMv7\Flash\Obj\stm32f4xx_dma2d.o
#        E:\WORK\YarnControl_Driver\YarnControl_Driver\src\stm32f4_rtos\Project\EWARMv7\Flash\Obj\stm32f4xx_exti.o
#        E:\WORK\YarnControl_Driver\YarnControl_Driver\src\stm32f4_rtos\Project\EWARMv7\Flash\Obj\stm32f4xx_flash.o
#        E:\WORK\YarnControl_Driver\YarnControl_Driver\src\stm32f4_rtos\Project\EWARMv7\Flash\Obj\stm32f4xx_fsmc.o
#        E:\WORK\YarnControl_Driver\YarnControl_Driver\src\stm32f4_rtos\Project\EWARMv7\Flash\Obj\stm32f4xx_gpio.o
#        E:\WORK\YarnControl_Driver\YarnControl_Driver\src\stm32f4_rtos\Project\EWARMv7\Flash\Obj\stm32f4xx_hash.o
#        E:\WORK\YarnControl_Driver\YarnControl_Driver\src\stm32f4_rtos\Project\EWARMv7\Flash\Obj\stm32f4xx_hash_md5.o
#        E:\WORK\YarnControl_Driver\YarnControl_Driver\src\stm32f4_rtos\Project\EWARMv7\Flash\Obj\stm32f4xx_hash_sha1.o
#        E:\WORK\YarnControl_Driver\YarnControl_Driver\src\stm32f4_rtos\Project\EWARMv7\Flash\Obj\stm32f4xx_i2c.o
#        E:\WORK\YarnControl_Driver\YarnControl_Driver\src\stm32f4_rtos\Project\EWARMv7\Flash\Obj\stm32f4xx_it.o
#        E:\WORK\YarnControl_Driver\YarnControl_Driver\src\stm32f4_rtos\Project\EWARMv7\Flash\Obj\stm32f4xx_iwdg.o
#        E:\WORK\YarnControl_Driver\YarnControl_Driver\src\stm32f4_rtos\Project\EWARMv7\Flash\Obj\stm32f4xx_ltdc.o
#        E:\WORK\YarnControl_Driver\YarnControl_Driver\src\stm32f4_rtos\Project\EWARMv7\Flash\Obj\stm32f4xx_pwr.o
#        E:\WORK\YarnControl_Driver\YarnControl_Driver\src\stm32f4_rtos\Project\EWARMv7\Flash\Obj\stm32f4xx_rcc.o
#        E:\WORK\YarnControl_Driver\YarnControl_Driver\src\stm32f4_rtos\Project\EWARMv7\Flash\Obj\stm32f4xx_rng.o
#        E:\WORK\YarnControl_Driver\YarnControl_Driver\src\stm32f4_rtos\Project\EWARMv7\Flash\Obj\stm32f4xx_rtc.o
#        E:\WORK\YarnControl_Driver\YarnControl_Driver\src\stm32f4_rtos\Project\EWARMv7\Flash\Obj\stm32f4xx_sai.o
#        E:\WORK\YarnControl_Driver\YarnControl_Driver\src\stm32f4_rtos\Project\EWARMv7\Flash\Obj\stm32f4xx_sdio.o
#        E:\WORK\YarnControl_Driver\YarnControl_Driver\src\stm32f4_rtos\Project\EWARMv7\Flash\Obj\stm32f4xx_spi.o
#        E:\WORK\YarnControl_Driver\YarnControl_Driver\src\stm32f4_rtos\Project\EWARMv7\Flash\Obj\stm32f4xx_syscfg.o
#        E:\WORK\YarnControl_Driver\YarnControl_Driver\src\stm32f4_rtos\Project\EWARMv7\Flash\Obj\stm32f4xx_tim.o
#        E:\WORK\YarnControl_Driver\YarnControl_Driver\src\stm32f4_rtos\Project\EWARMv7\Flash\Obj\stm32f4xx_usart.o
#        E:\WORK\YarnControl_Driver\YarnControl_Driver\src\stm32f4_rtos\Project\EWARMv7\Flash\Obj\stm32f4xx_wwdg.o
#        E:\WORK\YarnControl_Driver\YarnControl_Driver\src\stm32f4_rtos\Project\EWARMv7\Flash\Obj\SysInfoTest.o
#        E:\WORK\YarnControl_Driver\YarnControl_Driver\src\stm32f4_rtos\Project\EWARMv7\Flash\Obj\system_stm32f4xx.o
#        E:\WORK\YarnControl_Driver\YarnControl_Driver\src\stm32f4_rtos\Project\EWARMv7\Flash\Obj\tasks.o
#        E:\WORK\YarnControl_Driver\YarnControl_Driver\src\stm32f4_rtos\Project\EWARMv7\Flash\Obj\timer_platform.o
#        E:\WORK\YarnControl_Driver\YarnControl_Driver\src\stm32f4_rtos\Project\EWARMv7\Flash\Obj\timers.o
#        E:\WORK\YarnControl_Driver\YarnControl_Driver\src\stm32f4_rtos\Project\EWARMv7\Flash\Obj\transport.o
#        E:\WORK\YarnControl_Driver\YarnControl_Driver\src\stm32f4_rtos\Project\EWARMv7\Flash\Obj\usb_bsp.o
#        E:\WORK\YarnControl_Driver\YarnControl_Driver\src\stm32f4_rtos\Project\EWARMv7\Flash\Obj\usb_core.o
#        E:\WORK\YarnControl_Driver\YarnControl_Driver\src\stm32f4_rtos\Project\EWARMv7\Flash\Obj\usb_hcd.o
#        E:\WORK\YarnControl_Driver\YarnControl_Driver\src\stm32f4_rtos\Project\EWARMv7\Flash\Obj\usb_hcd_int.o
#        E:\WORK\YarnControl_Driver\YarnControl_Driver\src\stm32f4_rtos\Project\EWARMv7\Flash\Obj\usbh_core.o
#        E:\WORK\YarnControl_Driver\YarnControl_Driver\src\stm32f4_rtos\Project\EWARMv7\Flash\Obj\usbh_hcs.o
#        E:\WORK\YarnControl_Driver\YarnControl_Driver\src\stm32f4_rtos\Project\EWARMv7\Flash\Obj\usbh_ioreq.o
#        E:\WORK\YarnControl_Driver\YarnControl_Driver\src\stm32f4_rtos\Project\EWARMv7\Flash\Obj\usbh_it.o
#        E:\WORK\YarnControl_Driver\YarnControl_Driver\src\stm32f4_rtos\Project\EWARMv7\Flash\Obj\usbh_msc_bot.o
#        E:\WORK\YarnControl_Driver\YarnControl_Driver\src\stm32f4_rtos\Project\EWARMv7\Flash\Obj\usbh_msc_core.o
#        E:\WORK\YarnControl_Driver\YarnControl_Driver\src\stm32f4_rtos\Project\EWARMv7\Flash\Obj\usbh_msc_scsi.o
#        E:\WORK\YarnControl_Driver\YarnControl_Driver\src\stm32f4_rtos\Project\EWARMv7\Flash\Obj\usbh_stdreq.o
#        E:\WORK\YarnControl_Driver\YarnControl_Driver\src\stm32f4_rtos\Project\EWARMv7\Flash\Obj\usbh_usr.o
#        -o
#        E:\WORK\YarnControl_Driver\YarnControl_Driver\src\stm32f4_rtos\Project\EWARMv7\Flash\Exe\project.out
#        --map
#        E:\WORK\YarnControl_Driver\YarnControl_Driver\src\stm32f4_rtos\Project\EWARMv7\Flash\List\project.map
#        --config
#        E:\WORK\YarnControl_Driver\YarnControl_Driver\src\stm32f4_rtos\Project\EWARMv7\stm32f4xx_flash.icf
#        --semihosting --entry __iar_program_start --inline --vfe
#
###############################################################################

*******************************************************************************
*** RUNTIME MODEL ATTRIBUTES
***

CppFlavor                     = *
__Heap_Handler                = DLMalloc
__SystemLibrary               = DLib
__dlib_dynamic_initialization = normal


*******************************************************************************
*** PLACEMENT SUMMARY
***

"A1":  place at 0x08000000 { ro section .intvec };
"P1":  place in [from 0x08000000 to 0x080fffff] { ro };
"P2":  place in [from 0x20000000 to 0x2001ffff] { rw, block CSTACK, block HEAP };

  Section             Kind        Address     Size  Object
  -------             ----        -------     ----  ------
"A1":                                        0x188
  .intvec             ro code  0x08000000    0x188  startup_stm32f40_41xxx.o [1]
                             - 0x08000188    0x188

"P1":                                      0x4be9a
  .rodata             const    0x08000188  0x15484  cc936.o [1]
  .rodata             const    0x0801560c  0x15484  cc936.o [1]
  .text               ro code  0x0802aa90   0x7be0  apptask.o [1]
  .text               ro code  0x08032670   0x1634  bsp_sdwe050c17.o [1]
  .text               ro code  0x08033ca4    0x7c8  queue.o [1]
  .text               ro code  0x0803446c    0x6b0  product_cal.o [1]
  .text               ro code  0x08034b1c     0x66  ABImemset.o [5]
  .text               ro code  0x08034b82     0x1e  xsscin.o [3]
  .text               ro code  0x08034ba0    0xce0  tasks.o [1]
  .text               ro code  0x08035880    0x380  bsp_w25qxx.o [1]
  .text               ro code  0x08035c00   0x153a  para.o [1]
  .text               ro code  0x0803713a     0x1a  xsnprout.o [3]
  .text               ro code  0x08037154     0x4e  FltToDbl.o [4]
  .text               ro code  0x080371a2      0xa  xsprout.o [3]
  .text               ro code  0x080371ac     0x24  printf.o [3]
  .text               ro code  0x080371d0     0x76  ABImemcpy_unaligned.o [5]
  .text               ro code  0x08037248     0x42  strcmp_unaligned.o [5]
  .text               ro code  0x0803728c    0x21c  malloc.o [1]
  .text               ro code  0x080374a8     0x62  memcmp_unaligned.o [5]
  .text               ro code  0x0803750c     0x30  I32ToDbl.o [4]
  .text               ro code  0x0803753c    0x256  DblDiv.o [4]
  .text               ro code  0x08037794     0xe8  DblAdd.o [4]
  .text               ro code  0x0803787c    0x1a2  DblMul.o [4]
  .text               ro code  0x08037a20     0x58  DblToI32.o [4]
  .text               ro code  0x08037a78     0x90  DblToFlt.o [4]
  .text               ro code  0x08037b08     0x36  strlen.o [5]
  .text               ro code  0x08037b40    0x12c  stm32f4xx_gpio.o [1]
  .text               ro code  0x08037c6c     0xc8  bsp_dac.o [1]
  .text               ro code  0x08037d34     0x3c  stm32f4xx_rtc.o [1]
  .text               ro code  0x08037d70    0x5f4  page_weimi.o [1]
  .text               ro code  0x08038364    0x280  bsp_servomotor.o [1]
  .text               ro code  0x080385e4    0x1a2  usbh_usr.o [1]
  .text               ro code  0x08038788    0x760  usbh_core.o [1]
  .text               ro code  0x08038ee8   0x2498  ff.o [1]
  .text               ro code  0x0803b380     0x34  sprintf.o [3]
  .text               ro code  0x0803b3b4     0x1c  strcat.o [3]
  .text               ro code  0x0803b3d0     0xc0  bsp_led.o [1]
  .text               ro code  0x0803b490     0xee  rc522.o [1]
  .text               ro code  0x0803b580    0x368  modbus.o [1]
  .text               ro code  0x0803b8e8     0x9c  protocol.o [1]
  .text               ro code  0x0803b984     0x10  para.o [1]
  .text               ro code  0x0803b994     0xdc  bsp_closeSW.o [1]
  .text               ro code  0x0803ba70    0x188  bkp_pwr.o [1]
  .text               ro code  0x0803bbf8    0x180  DblSub.o [4]
  .text               ro code  0x0803bd78    0x4fc  bsp_stepmotor.o [1]
  .text               ro code  0x0803c274    0x298  encoder_tim.o [1]
  .text               ro code  0x0803c50c     0x7c  esp8266_init.o [1]
  .text               ro code  0x0803c588    0x414  esp8266_handler.o [1]
  .text               ro code  0x0803c99c    0x434  pub0sub1.o [1]
  .text               ro code  0x0803cdd0    0x21a  bsp_key.o [1]
  .text               ro code  0x0803cfec    0x262  event_groups.o [1]
  .text               ro code  0x0803d250    0x4a4  timers.o [1]
  .text               ro code  0x0803d6f4      0x8  bsp_watchdog.o [1]
  .text               ro code  0x0803d6fc    0x1e8  stm32f4xx_rcc.o [1]
  .text               ro code  0x0803d8e4     0x74  bsp_dwt.o [1]
  .text               ro code  0x0803d958    0xaa4  bsp_uart_fifo.o [1]
  .text               ro code  0x0803e3fc    0x204  bsp_timer.o [1]
  .text               ro code  0x0803e600    0x24c  port.o [1]
  .text               ro code  0x0803e84c     0x98  list.o [1]
  .text               ro code  0x0803e8e4    0x280  heap_4.o [1]
  .text               ro code  0x0803eb64    0x124  bsp_spi.o [1]
  .text               ro code  0x0803ec88     0x44  strcpy_unaligned.o [5]
  .text               ro code  0x0803eccc     0x24  sscanf.o [3]
  .text               ro code  0x0803ecf0    0xd96  xprintffull_nomb.o [3]
  .text               ro code  0x0803fa88     0x7c  stm32f4xx_dac.o [1]
  .text               ro code  0x0803fb04    0x6f6  stm32f4xx_tim.o [1]
  .text               ro code  0x080401fc    0x31c  stm32f4xx_dma.o [1]
  .text               ro code  0x08040518    0x14c  usb_bsp.o [1]
  .text               ro code  0x08040664     0xd6  usb_hcd.o [1]
  .text               ro code  0x0804073a    0x1ba  usbh_hcs.o [1]
  .text               ro code  0x080408f4    0x436  usbh_stdreq.o [1]
  .text               ro code  0x08040d2a    0x246  usbh_ioreq.o [1]
  .text               ro code  0x08040f70    0x2e4  diskio.o [1]
  .text               ro code  0x08041254     0xf4  cc936.o [1]
  .text               ro code  0x08041348     0xb8  mcheck.o [1]
  .text               ro code  0x08041400     0x2c  strstr.o [3]
  .text               ro code  0x0804142c     0x54  stm32f4xx_syscfg.o [1]
  .text               ro code  0x08041480     0xc0  stm32f4xx_exti.o [1]
  .text               ro code  0x08041540     0x88  misc.o [1]
  .text               ro code  0x080415c8      0xc  stm32f4xx_pwr.o [1]
  .text               ro code  0x080415d4    0x132  I64DivMod.o [5]
  .text               ro code  0x08041708      0x6  ABImemclr4.o [5]
  .text               ro code  0x08041710     0x44  snprintf.o [3]
  .text               ro code  0x08041754    0x306  MQTTConnectClient.o [1]
  .text               ro code  0x08041a5c     0x6c  transport.o [1]
  .text               ro code  0x08041ac8    0x290  MQTTPacket.o [1]
  .text               ro code  0x08041d58     0x40  timer_platform.o [1]
  .text               ro code  0x08041d98    0x190  MQTTSubscribeClient.o [1]
  .text               ro code  0x08041f28     0xbc  MQTTDeserializePublish.o [1]
  .text               ro code  0x08041fe4     0xec  MQTTSerializePublish.o [1]
  .text               ro code  0x080420d0     0x10  stm32f4xx_iwdg.o [1]
  .text               ro code  0x080420e0    0x254  stm32f4xx_usart.o [1]
  CODE                ro code  0x08042334     0xa8  portasm.o [1]
  .text               ro code  0x080423dc     0x74  stm32f4xx_spi.o [1]
  .text               ro code  0x08042450    0xb64  xscanffull_nomb.o [3]
  .text               ro code  0x08042fb4     0x16  strchr.o [5]
  .text               ro code  0x08042fcc     0x58  memchr.o [5]
  .text               ro code  0x08043024     0x42  xdnorm.o [4]
  .text               ro code  0x08043068     0x2e  DblCmpLe.o [4]
  .text               ro code  0x08043098     0x2e  DblCmpGe.o [4]
  .text               ro code  0x080430c8    0x114  xdscale.o [4]
  .text               ro code  0x080431dc     0x6c  localeconv.o [3]
  .text               ro code  0x08043248      0xe  div.o [3]
  .text               ro code  0x08043258    0xa50  usb_core.o [1]
  .text               ro code  0x08043ca8   0x1a58  bsp_sdio_sd.o [1]
  .text               ro code  0x08045700    0x618  usbh_msc_scsi.o [1]
  .text               ro code  0x08045d18    0x554  usbh_msc_bot.o [1]
  .text               ro code  0x0804626c      0x2  I64DivZer.o [5]
  .text               ro code  0x08046270     0x32  ABImemset48.o [5]
  .text               ro code  0x080462a2     0x28  isxxx.o [3]
  .text               ro code  0x080462ca     0xa4  xstoll.o [3]
  .text               ro code  0x08046370    0x1b0  xstoull.o [3]
  .text               ro code  0x08046520    0x168  xstold.o [4]
  .text               ro code  0x08046688    0x17c  stm32f4xx_sdio.o [1]
  .text               ro code  0x08046804     0x18  setlocale.o [3]
  .text               ro code  0x0804681c     0x16  xlocale_c.o [3]
  .text               ro code  0x08046832     0x14  xlocale_c.o [3]
  .text               ro code  0x08046848      0xc  errno.o [3]
  .text               ro code  0x08046854     0x14  tolower.o [3]
  .text               ro code  0x08046868    0x124  xstopfx.o [3]
  .text               ro code  0x0804698c    0x1b8  xstoflt.o [3]
  .rodata             const    0x08046b44     0x34  apptask.o [1]
  .text               ro code  0x08046b78    0x200  xdtento.o [4]
  .text               ro code  0x08046d78    0x218  xstoxflt.o [3]
  .text               ro code  0x08046f90      0x2  xtls.o [3]
  .text               ro code  0x08046f92      0xc  xlocale_c.o [3]
  .text               ro code  0x08046fa0     0x20  DblCmpEq.o [4]
  .text               ro code  0x08046fc0     0x52  xdunscal.o [4]
  .text               ro code  0x08047014    0xc7e  usb_hcd_int.o [1]
  .text               ro code  0x08047c94    0x4fa  des.o [1]
  .text               ro code  0x08048190    0x4ae  smec98sp.o [1]
  .text               ro code  0x08048640    0x1b6  stm32f4xx_adc.o [1]
  .text               ro code  0x080487f8    0x38e  iic_smec98sp.o [1]
  .text               ro code  0x08048b88     0x20  srand.o [3]
  .text               ro code  0x08048ba8     0xe0  rand.o [3]
  .rodata             const    0x08048c88    0x400  apptask.o [1]
  .text               ro code  0x08049088    0x3e8  usbh_msc_core.o [1]
  .rodata             const    0x08049470    0x3dc  cc936.o [1]
  .rodata             const    0x0804984c    0x3dc  cc936.o [1]
  .rodata             const    0x08049c28    0x200  des.o [1]
  .rodata             const    0x08049e28    0x190  product_cal.o [1]
  .text               ro code  0x08049fb8    0x154  system_stm32f4xx.o [1]
  .rodata             const    0x0804a10c    0x100  mcheck.o [1]
  .rodata             const    0x0804a20c    0x100  mcheck.o [1]
  .rodata             const    0x0804a30c    0x100  mcheck.o [1]
  .text               ro code  0x0804a40c     0xd0  packbits_init.o [5]
  .text               ro code  0x0804a4dc      0x6  abort.o [3]
  .text               ro code  0x0804a4e4     0x14  exit.o [6]
  .text               ro code  0x0804a4f8     0x5c  bsp.o [1]
  .text               ro code  0x0804a554     0x44  bsp_relay.o [1]
  .text               ro code  0x0804a598     0x44  bsp_sw_onoff.o [1]
  .rodata             const    0x0804a5dc     0x58  pub0sub1.o [1]
  .rodata             const    0x0804a634     0x40  des.o [1]
  .rodata             const    0x0804a674     0x40  des.o [1]
  .text               ro code  0x0804a6b4     0x40  zero_init3.o [5]
  .rodata             const    0x0804a6f4     0x38  demo_fatfs.o [1]
  .rodata             const    0x0804a72c     0x38  des.o [1]
  .text               ro code  0x0804a764     0x38  stm32f4xx_it.o [1]
  .rodata             const    0x0804a79c     0x30  apptask.o [1]
  .rodata             const    0x0804a7cc     0x30  demo_fatfs.o [1]
  .rodata             const    0x0804a7fc     0x30  demo_fatfs.o [1]
  .rodata             const    0x0804a82c     0x30  des.o [1]
  .rodata             const    0x0804a85c     0x30  des.o [1]
  .text               ro code  0x0804a88c     0x30  main.o [1]
  .rodata             const    0x0804a8bc     0x2c  apptask.o [1]
  .rodata             const    0x0804a8e8     0x2c  demo_fatfs.o [1]
  .rodata             const    0x0804a914     0x2c  demo_fatfs.o [1]
  .rodata             const    0x0804a940     0x2c  stm32f4xx_it.o [1]
  .text               ro code  0x0804a96c     0x2c  SysInfoTest.o [1]
  .rodata             const    0x0804a998     0x28  apptask.o [1]
  .rodata             const    0x0804a9c0     0x28  demo_fatfs.o [1]
  .rodata             const    0x0804a9e8     0x28  demo_fatfs.o [1]
  .rodata             const    0x0804aa10     0x28  demo_fatfs.o [1]
  .text               ro code  0x0804aa38     0x28  data_init.o [5]
  .rodata             const    0x0804aa60     0x24  apptask.o [1]
  .rodata             const    0x0804aa84     0x24  apptask.o [1]
  .rodata             const    0x0804aaa8     0x24  apptask.o [1]
  .rodata             const    0x0804aacc     0x24  apptask.o [1]
  .rodata             const    0x0804aaf0     0x24  apptask.o [1]
  .rodata             const    0x0804ab14     0x24  apptask.o [1]
  .rodata             const    0x0804ab38     0x24  apptask.o [1]
  .rodata             const    0x0804ab5c     0x24  apptask.o [1]
  .rodata             const    0x0804ab80     0x24  apptask.o [1]
  .rodata             const    0x0804aba4     0x24  apptask.o [1]
  .rodata             const    0x0804abc8     0x24  demo_fatfs.o [1]
  .rodata             const    0x0804abec     0x24  demo_fatfs.o [1]
  .rodata             const    0x0804ac10     0x24  pub0sub1.o [1]
  .rodata             const    0x0804ac34     0x24  pub0sub1.o [1]
  .rodata             const    0x0804ac58     0x24  usbh_usr.o [1]
  .text               ro code  0x0804ac7c     0x22  fpinit_M.o [4]
  .iar.init_table     const    0x0804aca0     0x34  - Linker created -
  .rodata             const    0x0804acd4     0x20  apptask.o [1]
  .rodata             const    0x0804acf4     0x20  apptask.o [1]
  .rodata             const    0x0804ad14     0x20  apptask.o [1]
  .rodata             const    0x0804ad34     0x20  demo_fatfs.o [1]
  .rodata             const    0x0804ad54     0x20  demo_fatfs.o [1]
  .rodata             const    0x0804ad74     0x20  demo_fatfs.o [1]
  .rodata             const    0x0804ad94     0x20  des.o [1]
  .rodata             const    0x0804adb4     0x20  pub0sub1.o [1]
  .rodata             const    0x0804add4     0x20  usbh_usr.o [1]
  .rodata             const    0x0804adf4     0x20  usbh_usr.o [1]
  .rodata             const    0x0804ae14     0x20  usbh_usr.o [1]
  .rodata             const    0x0804ae34     0x20  usbh_usr.o [1]
  .rodata             const    0x0804ae54     0x20  usbh_usr.o [1]
  .rodata             const    0x0804ae74     0x1c  apptask.o [1]
  .rodata             const    0x0804ae90     0x1c  apptask.o [1]
  .rodata             const    0x0804aeac     0x1c  apptask.o [1]
  .rodata             const    0x0804aec8     0x1c  apptask.o [1]
  .rodata             const    0x0804aee4     0x1c  apptask.o [1]
  .rodata             const    0x0804af00     0x1c  apptask.o [1]
  .rodata             const    0x0804af1c     0x1c  apptask.o [1]
  .rodata             const    0x0804af38     0x1c  apptask.o [1]
  .rodata             const    0x0804af54     0x1c  demo_fatfs.o [1]
  .rodata             const    0x0804af70     0x1c  demo_fatfs.o [1]
  .rodata             const    0x0804af8c     0x1c  esp8266_handler.o [1]
  .rodata             const    0x0804afa8     0x1c  esp8266_handler.o [1]
  .rodata             const    0x0804afc4     0x1c  pub0sub1.o [1]
  .rodata             const    0x0804afe0     0x1c  pub0sub1.o [1]
  .rodata             const    0x0804affc     0x1c  pub0sub1.o [1]
  .rodata             const    0x0804b018     0x1c  smec98sp.o [1]
  .rodata             const    0x0804b034     0x1c  smec98sp.o [1]
  .rodata             const    0x0804b050     0x1c  smec98sp.o [1]
  .rodata             const    0x0804b06c     0x1c  usbh_usr.o [1]
  .rodata             const    0x0804b088     0x1c  usbh_usr.o [1]
  .rodata             const    0x0804b0a4     0x1c  usbh_usr.o [1]
  .rodata             const    0x0804b0c0     0x1c  usbh_usr.o [1]
  .rodata             const    0x0804b0dc     0x1c  usbh_usr.o [1]
  .rodata             const    0x0804b0f8     0x1c  usbh_usr.o [1]
  .text               ro code  0x0804b114     0x1a  cmain.o [5]
  .text               ro code  0x0804b12e      0x4  exit.o [3]
  .text               ro code  0x0804b134      0xa  cexit.o [5]
  .rodata             const    0x0804b140     0x18  apptask.o [1]
  .rodata             const    0x0804b158     0x18  apptask.o [1]
  .rodata             const    0x0804b170     0x18  apptask.o [1]
  .rodata             const    0x0804b188     0x18  apptask.o [1]
  .rodata             const    0x0804b1a0     0x18  apptask.o [1]
  .rodata             const    0x0804b1b8     0x18  apptask.o [1]
  .rodata             const    0x0804b1d0     0x18  apptask.o [1]
  .rodata             const    0x0804b1e8     0x18  apptask.o [1]
  .rodata             const    0x0804b200     0x18  apptask.o [1]
  .rodata             const    0x0804b218     0x18  apptask.o [1]
  .rodata             const    0x0804b230     0x18  apptask.o [1]
  .rodata             const    0x0804b248     0x18  apptask.o [1]
  .rodata             const    0x0804b260     0x18  demo_fatfs.o [1]
  .rodata             const    0x0804b278     0x18  demo_fatfs.o [1]
  .rodata             const    0x0804b290     0x18  demo_fatfs.o [1]
  .rodata             const    0x0804b2a8     0x18  demo_fatfs.o [1]
  .rodata             const    0x0804b2c0     0x18  esp8266_handler.o [1]
  .rodata             const    0x0804b2d8     0x18  esp8266_handler.o [1]
  .rodata             const    0x0804b2f0     0x18  esp8266_handler.o [1]
  .rodata             const    0x0804b308     0x18  para.o [1]
  .rodata             const    0x0804b320     0x18  pub0sub1.o [1]
  .rodata             const    0x0804b338     0x18  pub0sub1.o [1]
  .rodata             const    0x0804b350     0x18  smec98sp.o [1]
  .rodata             const    0x0804b368     0x18  smec98sp.o [1]
  .rodata             const    0x0804b380     0x18  usbh_usr.o [1]
  .rodata             const    0x0804b398     0x18  usbh_usr.o [1]
  .rodata             const    0x0804b3b0     0x18  usbh_usr.o [1]
  .rodata             const    0x0804b3c8     0x18  usbh_usr.o [1]
  .rodata             const    0x0804b3e0     0x18  usbh_usr.o [1]
  .text               ro code  0x0804b3f8     0x16  xprout.o [3]
  .text               ro code  0x0804b410      0xc  putchar.o [3]
  .rodata             const    0x0804b41c     0x14  apptask.o [1]
  .rodata             const    0x0804b430     0x14  apptask.o [1]
  .rodata             const    0x0804b444     0x14  apptask.o [1]
  .rodata             const    0x0804b458     0x14  apptask.o [1]
  .rodata             const    0x0804b46c     0x14  apptask.o [1]
  .rodata             const    0x0804b480     0x14  apptask.o [1]
  .rodata             const    0x0804b494     0x14  apptask.o [1]
  .rodata             const    0x0804b4a8     0x14  apptask.o [1]
  .rodata             const    0x0804b4bc     0x14  apptask.o [1]
  .rodata             const    0x0804b4d0     0x14  apptask.o [1]
  .rodata             const    0x0804b4e4     0x14  apptask.o [1]
  .rodata             const    0x0804b4f8     0x14  apptask.o [1]
  .rodata             const    0x0804b50c     0x14  apptask.o [1]
  .rodata             const    0x0804b520     0x14  apptask.o [1]
  .rodata             const    0x0804b534     0x14  apptask.o [1]
  .rodata             const    0x0804b548     0x14  apptask.o [1]
  .rodata             const    0x0804b55c     0x14  apptask.o [1]
  .rodata             const    0x0804b570     0x14  des.o [1]
  .rodata             const    0x0804b584     0x14  esp8266_handler.o [1]
  .rodata             const    0x0804b598     0x14  pub0sub1.o [1]
  .rodata             const    0x0804b5ac     0x14  pub0sub1.o [1]
  .rodata             const    0x0804b5c0     0x14  pub0sub1.o [1]
  .rodata             const    0x0804b5d4     0x14  pub0sub1.o [1]
  .rodata             const    0x0804b5e8     0x14  pub0sub1.o [1]
  .rodata             const    0x0804b5fc     0x14  smec98sp.o [1]
  .rodata             const    0x0804b610     0x14  usbh_usr.o [1]
  .rodata             const    0x0804b624     0x14  usbh_usr.o [1]
  .rodata             const    0x0804b638     0x10  apptask.o [1]
  .rodata             const    0x0804b648     0x10  apptask.o [1]
  .rodata             const    0x0804b658     0x10  apptask.o [1]
  .rodata             const    0x0804b668     0x10  apptask.o [1]
  .rodata             const    0x0804b678     0x10  apptask.o [1]
  .rodata             const    0x0804b688     0x10  apptask.o [1]
  .rodata             const    0x0804b698     0x10  apptask.o [1]
  .rodata             const    0x0804b6a8     0x10  apptask.o [1]
  .rodata             const    0x0804b6b8     0x10  apptask.o [1]
  .rodata             const    0x0804b6c8     0x10  apptask.o [1]
  .rodata             const    0x0804b6d8     0x10  apptask.o [1]
  .rodata             const    0x0804b6e8     0x10  apptask.o [1]
  .rodata             const    0x0804b6f8     0x10  apptask.o [1]
  .rodata             const    0x0804b708     0x10  apptask.o [1]
  .rodata             const    0x0804b718     0x10  apptask.o [1]
  .rodata             const    0x0804b728     0x10  apptask.o [1]
  .rodata             const    0x0804b738     0x10  apptask.o [1]
  .rodata             const    0x0804b748     0x10  apptask.o [1]
  .rodata             const    0x0804b758     0x10  apptask.o [1]
  .rodata             const    0x0804b768     0x10  apptask.o [1]
  .rodata             const    0x0804b778     0x10  apptask.o [1]
  .rodata             const    0x0804b788     0x10  apptask.o [1]
  .rodata             const    0x0804b798     0x10  apptask.o [1]
  .rodata             const    0x0804b7a8     0x10  apptask.o [1]
  .rodata             const    0x0804b7b8     0x10  apptask.o [1]
  .rodata             const    0x0804b7c8     0x10  apptask.o [1]
  .rodata             const    0x0804b7d8     0x10  apptask.o [1]
  .rodata             const    0x0804b7e8     0x10  apptask.o [1]
  .rodata             const    0x0804b7f8     0x10  bsp_sdwe050c17.o [1]
  .rodata             const    0x0804b808     0x10  esp8266_handler.o [1]
  .rodata             const    0x0804b818     0x10  esp8266_handler.o [1]
  .rodata             const    0x0804b828     0x10  esp8266_handler.o [1]
  .rodata             const    0x0804b838     0x10  esp8266_handler.o [1]
  .rodata             const    0x0804b848     0x10  esp8266_handler.o [1]
  .rodata             const    0x0804b858     0x10  esp8266_handler.o [1]
  .rodata             const    0x0804b868     0x10  ff.o [1]
  .rodata             const    0x0804b878     0x10  main.o [1]
  .rodata             const    0x0804b888     0x10  main.o [1]
  .rodata             const    0x0804b898     0x10  para.o [1]
  .rodata             const    0x0804b8a8     0x10  para.o [1]
  .rodata             const    0x0804b8b8     0x10  pub0sub1.o [1]
  .rodata             const    0x0804b8c8     0x10  smec98sp.o [1]
  .rodata             const    0x0804b8d8     0x10  smec98sp.o [1]
  .rodata             const    0x0804b8e8     0x10  smec98sp.o [1]
  .rodata             const    0x0804b8f8     0x10  smec98sp.o [1]
  .rodata             const    0x0804b908     0x10  smec98sp.o [1]
  .rodata             const    0x0804b918     0x10  smec98sp.o [1]
  .rodata             const    0x0804b928     0x10  usbh_usr.o [1]
  .rodata             const    0x0804b938     0x10  usbh_usr.o [1]
  .text               ro code  0x0804b948     0x10  startup_stm32f40_41xxx.o [1]
  .text               ro code  0x0804b958     0x10  usbh_it.o [1]
  .rodata             const    0x0804b968      0xc  apptask.o [1]
  .rodata             const    0x0804b974      0xc  apptask.o [1]
  .rodata             const    0x0804b980      0xc  apptask.o [1]
  .rodata             const    0x0804b98c      0xc  apptask.o [1]
  .rodata             const    0x0804b998      0xc  apptask.o [1]
  .rodata             const    0x0804b9a4      0xc  apptask.o [1]
  .rodata             const    0x0804b9b0      0xc  apptask.o [1]
  .rodata             const    0x0804b9bc      0xc  apptask.o [1]
  .rodata             const    0x0804b9c8      0xc  apptask.o [1]
  .rodata             const    0x0804b9d4      0xc  apptask.o [1]
  .rodata             const    0x0804b9e0      0xc  apptask.o [1]
  .rodata             const    0x0804b9ec      0xc  apptask.o [1]
  .rodata             const    0x0804b9f8      0xc  apptask.o [1]
  .rodata             const    0x0804ba04      0xc  apptask.o [1]
  .rodata             const    0x0804ba10      0xc  apptask.o [1]
  .rodata             const    0x0804ba1c      0xc  apptask.o [1]
  .rodata             const    0x0804ba28      0xc  apptask.o [1]
  .rodata             const    0x0804ba34      0xc  apptask.o [1]
  .rodata             const    0x0804ba40      0xc  apptask.o [1]
  .rodata             const    0x0804ba4c      0xc  apptask.o [1]
  .rodata             const    0x0804ba58      0xc  apptask.o [1]
  .rodata             const    0x0804ba64      0xc  apptask.o [1]
  .rodata             const    0x0804ba70      0xc  apptask.o [1]
  .rodata             const    0x0804ba7c      0xc  apptask.o [1]
  .rodata             const    0x0804ba88      0xc  apptask.o [1]
  .rodata             const    0x0804ba94      0xc  apptask.o [1]
  .rodata             const    0x0804baa0      0xc  apptask.o [1]
  .rodata             const    0x0804baac      0xc  apptask.o [1]
  .rodata             const    0x0804bab8      0xc  apptask.o [1]
  .rodata             const    0x0804bac4      0xc  apptask.o [1]
  .rodata             const    0x0804bad0      0xc  apptask.o [1]
  .rodata             const    0x0804badc      0xc  apptask.o [1]
  .rodata             const    0x0804bae8      0xc  apptask.o [1]
  .rodata             const    0x0804baf4      0xc  apptask.o [1]
  .rodata             const    0x0804bb00      0xc  apptask.o [1]
  .rodata             const    0x0804bb0c      0xc  bsp_sdwe050c17.o [1]
  .rodata             const    0x0804bb18      0xc  demo_fatfs.o [1]
  .rodata             const    0x0804bb24      0xc  esp8266_handler.o [1]
  .rodata             const    0x0804bb30      0xc  esp8266_handler.o [1]
  .rodata             const    0x0804bb3c      0xc  esp8266_handler.o [1]
  .rodata             const    0x0804bb48      0xc  esp8266_handler.o [1]
  .rodata             const    0x0804bb54      0xc  esp8266_handler.o [1]
  .rodata             const    0x0804bb60      0xc  esp8266_handler.o [1]
  .rodata             const    0x0804bb6c      0xc  ff.o [1]
  .rodata             const    0x0804bb78      0xc  page_weimi.o [1]
  .rodata             const    0x0804bb84      0xc  para.o [1]
  .rodata             const    0x0804bb90      0xc  para.o [1]
  .rodata             const    0x0804bb9c      0xc  para.o [1]
  .rodata             const    0x0804bba8      0xc  para.o [1]
  .rodata             const    0x0804bbb4      0xc  para.o [1]
  .rodata             const    0x0804bbc0      0xc  pub0sub1.o [1]
  .rodata             const    0x0804bbcc      0xc  pub0sub1.o [1]
  .text               ro code  0x0804bbd8      0xc  cstartup_M.o [5]
  .rodata             const    0x0804bbe4      0x8  apptask.o [1]
  .rodata             const    0x0804bbec      0x8  apptask.o [1]
  .rodata             const    0x0804bbf4      0x8  apptask.o [1]
  .rodata             const    0x0804bbfc      0x8  apptask.o [1]
  .rodata             const    0x0804bc04      0x8  apptask.o [1]
  .rodata             const    0x0804bc0c      0x8  apptask.o [1]
  .rodata             const    0x0804bc14      0x8  apptask.o [1]
  .rodata             const    0x0804bc1c      0x8  apptask.o [1]
  .rodata             const    0x0804bc24      0x8  apptask.o [1]
  .rodata             const    0x0804bc2c      0x8  apptask.o [1]
  .rodata             const    0x0804bc34      0x8  apptask.o [1]
  .rodata             const    0x0804bc3c      0x8  apptask.o [1]
  .rodata             const    0x0804bc44      0x8  apptask.o [1]
  .rodata             const    0x0804bc4c      0x8  apptask.o [1]
  .rodata             const    0x0804bc54      0x8  apptask.o [1]
  .rodata             const    0x0804bc5c      0x8  apptask.o [1]
  .rodata             const    0x0804bc64      0x8  apptask.o [1]
  .rodata             const    0x0804bc6c      0x8  apptask.o [1]
  .rodata             const    0x0804bc74      0x8  apptask.o [1]
  .rodata             const    0x0804bc7c      0x8  apptask.o [1]
  .rodata             const    0x0804bc84      0x8  apptask.o [1]
  .rodata             const    0x0804bc8c      0x8  apptask.o [1]
  .rodata             const    0x0804bc94      0x8  apptask.o [1]
  .rodata             const    0x0804bc9c      0x8  apptask.o [1]
  .rodata             const    0x0804bca4      0x8  apptask.o [1]
  .rodata             const    0x0804bcac      0x8  bsp_sdwe050c17.o [1]
  .rodata             const    0x0804bcb4      0x8  bsp_w25qxx.o [1]
  .rodata             const    0x0804bcbc      0x8  esp8266_handler.o [1]
  .rodata             const    0x0804bcc4      0x8  ff.o [1]
  .rodata             const    0x0804bccc      0x8  malloc.o [1]
  .rodata             const    0x0804bcd4      0x8  malloc.o [1]
  .rodata             const    0x0804bcdc      0x8  malloc.o [1]
  .rodata             const    0x0804bce4      0x8  MQTTConnectClient.o [1]
  .rodata             const    0x0804bcec      0x8  MQTTConnectClient.o [1]
  .rodata             const    0x0804bcf4      0x8  para.o [1]
  .rodata             const    0x0804bcfc      0x8  para.o [1]
  .rodata             const    0x0804bd04      0x8  para.o [1]
  .rodata             const    0x0804bd0c      0x8  para.o [1]
  .rodata             const    0x0804bd14      0x8  para.o [1]
  .rodata             const    0x0804bd1c      0x8  para.o [1]
  .rodata             const    0x0804bd24      0x8  para.o [1]
  .rodata             const    0x0804bd2c      0x8  para.o [1]
  .rodata             const    0x0804bd34      0x8  para.o [1]
  .rodata             const    0x0804bd3c      0x8  para.o [1]
  .rodata             const    0x0804bd44      0x8  para.o [1]
  .rodata             const    0x0804bd4c      0x8  para.o [1]
  .rodata             const    0x0804bd54      0x8  para.o [1]
  .rodata             const    0x0804bd5c      0x8  para.o [1]
  .rodata             const    0x0804bd64      0x8  para.o [1]
  .rodata             const    0x0804bd6c      0x8  para.o [1]
  .rodata             const    0x0804bd74      0x8  para.o [1]
  .rodata             const    0x0804bd7c      0x8  para.o [1]
  .rodata             const    0x0804bd84      0x8  para.o [1]
  .rodata             const    0x0804bd8c      0x8  para.o [1]
  .rodata             const    0x0804bd94      0x8  para.o [1]
  .rodata             const    0x0804bd9c      0x8  pub0sub1.o [1]
  .rodata             const    0x0804bda4      0x8  smec98sp.o [1]
  .rodata             const    0x0804bdac      0x8  tasks.o [1]
  .rodata             const    0x0804bdb4      0x8  timers.o [1]
  .rodata             const    0x0804bdbc      0x4  heap_4.o [1]
  .rodata             const    0x0804bdc0      0x4  MQTTConnectClient.o [1]
  .rodata             const    0x0804bdc4      0x4  MQTTConnectClient.o [1]
  .rodata             const    0x0804bdc8      0x4  MQTTConnectClient.o [1]
  .rodata             const    0x0804bdcc      0x4  MQTTConnectClient.o [1]
  .rodata             const    0x0804bdd0      0x4  MQTTConnectClient.o [1]
  .rodata             const    0x0804bdd4      0x4  MQTTDeserializePublish.o [1]
  .rodata             const    0x0804bdd8      0x4  MQTTPacket.o [1]
  .rodata             const    0x0804bddc      0x4  MQTTSerializePublish.o [1]
  .rodata             const    0x0804bde0      0x4  MQTTSubscribeClient.o [1]
  .rodata             const    0x0804bde4      0x4  MQTTSubscribeClient.o [1]
  .rodata             const    0x0804bde8      0x4  port.o [1]
  .text               ro code  0x0804bdec      0x4  startup_stm32f40_41xxx.o [1]
  .text               ro code  0x0804bdf0      0x4  startup_stm32f40_41xxx.o [1]
  .text               ro code  0x0804bdf4      0x4  startup_stm32f40_41xxx.o [1]
  .text               ro code  0x0804bdf8      0x4  startup_stm32f40_41xxx.o [1]
  .text               ro code  0x0804bdfc      0x4  startup_stm32f40_41xxx.o [1]
  .text               ro code  0x0804be00      0x4  startup_stm32f40_41xxx.o [1]
  .text               ro code  0x0804be04      0x4  startup_stm32f40_41xxx.o [1]
  .text               ro code  0x0804be08      0x4  startup_stm32f40_41xxx.o [1]
  .text               ro code  0x0804be0c      0x4  startup_stm32f40_41xxx.o [1]
  .text               ro code  0x0804be10      0x4  startup_stm32f40_41xxx.o [1]
  .text               ro code  0x0804be14      0x4  startup_stm32f40_41xxx.o [1]
  .text               ro code  0x0804be18      0x4  startup_stm32f40_41xxx.o [1]
  .text               ro code  0x0804be1c      0x4  startup_stm32f40_41xxx.o [1]
  .text               ro code  0x0804be20      0x4  startup_stm32f40_41xxx.o [1]
  .text               ro code  0x0804be24      0x4  startup_stm32f40_41xxx.o [1]
  .text               ro code  0x0804be28      0x4  startup_stm32f40_41xxx.o [1]
  .text               ro code  0x0804be2c      0x4  startup_stm32f40_41xxx.o [1]
  .text               ro code  0x0804be30      0x4  startup_stm32f40_41xxx.o [1]
  .text               ro code  0x0804be34      0x4  startup_stm32f40_41xxx.o [1]
  .text               ro code  0x0804be38      0x4  startup_stm32f40_41xxx.o [1]
  .text               ro code  0x0804be3c      0x4  startup_stm32f40_41xxx.o [1]
  .text               ro code  0x0804be40      0x4  startup_stm32f40_41xxx.o [1]
  .text               ro code  0x0804be44      0x4  startup_stm32f40_41xxx.o [1]
  .text               ro code  0x0804be48      0x4  startup_stm32f40_41xxx.o [1]
  .text               ro code  0x0804be4c      0x4  startup_stm32f40_41xxx.o [1]
  .text               ro code  0x0804be50      0x4  startup_stm32f40_41xxx.o [1]
  .text               ro code  0x0804be54      0x4  startup_stm32f40_41xxx.o [1]
  .text               ro code  0x0804be58      0x4  startup_stm32f40_41xxx.o [1]
  .text               ro code  0x0804be5c      0x4  startup_stm32f40_41xxx.o [1]
  .text               ro code  0x0804be60      0x4  startup_stm32f40_41xxx.o [1]
  .text               ro code  0x0804be64      0x4  startup_stm32f40_41xxx.o [1]
  .text               ro code  0x0804be68      0x4  startup_stm32f40_41xxx.o [1]
  .text               ro code  0x0804be6c      0x4  startup_stm32f40_41xxx.o [1]
  .text               ro code  0x0804be70      0x4  startup_stm32f40_41xxx.o [1]
  .text               ro code  0x0804be74      0x4  startup_stm32f40_41xxx.o [1]
  .text               ro code  0x0804be78      0x4  startup_stm32f40_41xxx.o [1]
  .text               ro code  0x0804be7c      0x4  startup_stm32f40_41xxx.o [1]
  .text               ro code  0x0804be80      0x4  startup_stm32f40_41xxx.o [1]
  .text               ro code  0x0804be84      0x4  startup_stm32f40_41xxx.o [1]
  .text               ro code  0x0804be88      0x4  startup_stm32f40_41xxx.o [1]
  .text               ro code  0x0804be8c      0x4  startup_stm32f40_41xxx.o [1]
  .text               ro code  0x0804be90      0x4  startup_stm32f40_41xxx.o [1]
  .text               ro code  0x0804be94      0x4  startup_stm32f40_41xxx.o [1]
  .text               ro code  0x0804be98      0x4  startup_stm32f40_41xxx.o [1]
  .text               ro code  0x0804be9c      0x4  startup_stm32f40_41xxx.o [1]
  .text               ro code  0x0804bea0      0x4  startup_stm32f40_41xxx.o [1]
  .text               ro code  0x0804bea4      0x4  startup_stm32f40_41xxx.o [1]
  .text               ro code  0x0804bea8      0x4  startup_stm32f40_41xxx.o [1]
  .text               ro code  0x0804beac      0x4  startup_stm32f40_41xxx.o [1]
  .text               ro code  0x0804beb0      0x4  startup_stm32f40_41xxx.o [1]
  .text               ro code  0x0804beb4      0x4  startup_stm32f40_41xxx.o [1]
  .text               ro code  0x0804beb8      0x4  startup_stm32f40_41xxx.o [1]
  .text               ro code  0x0804bebc      0x4  startup_stm32f40_41xxx.o [1]
  .text               ro code  0x0804bec0      0x4  startup_stm32f40_41xxx.o [1]
  .text               ro code  0x0804bec4      0x4  startup_stm32f40_41xxx.o [1]
  .text               ro code  0x0804bec8      0x4  startup_stm32f40_41xxx.o [1]
  .text               ro code  0x0804becc      0x4  startup_stm32f40_41xxx.o [1]
  .text               ro code  0x0804bed0      0x4  startup_stm32f40_41xxx.o [1]
  .text               ro code  0x0804bed4      0x4  startup_stm32f40_41xxx.o [1]
  .text               ro code  0x0804bed8      0x4  startup_stm32f40_41xxx.o [1]
  .text               ro code  0x0804bedc      0x4  startup_stm32f40_41xxx.o [1]
  .text               ro code  0x0804bee0      0x4  startup_stm32f40_41xxx.o [1]
  .text               ro code  0x0804bee4      0x4  startup_stm32f40_41xxx.o [1]
  .text               ro code  0x0804bee8      0x4  startup_stm32f40_41xxx.o [1]
  .text               ro code  0x0804beec      0x4  startup_stm32f40_41xxx.o [1]
  .text               ro code  0x0804bef0      0x4  startup_stm32f40_41xxx.o [1]
  .text               ro code  0x0804bef4      0x4  startup_stm32f40_41xxx.o [1]
  .text               ro code  0x0804bef8      0x4  startup_stm32f40_41xxx.o [1]
  .rodata             const    0x0804befc      0x0  zero_init3.o [5]
  .rodata             const    0x0804befc      0x0  packbits_init.o [5]
  Initializer bytes   const    0x0804befc    0x126  <for P2 s0>
                             - 0x0804c022  0x4be9a

"P2":                                      0x1ff58
  P2 s0                        0x20000000    0x2be  <Init block>
    __DLIB_PERTHREAD  inited   0x20000000     0x8c  rand.o [3]
    __DLIB_PERTHREAD  inited   0x2000008c     0x88  localeconv.o [3]
    __DLIB_PERTHREAD  inited   0x20000114     0x74  setlocale.o [3]
    .data             inited   0x20000188     0x50  demo_fatfs.o [1]
    .data             inited   0x200001d8     0x48  usbh_usr.o [1]
    .data             inited   0x20000220     0x40  xfiles.o [3]
    .data             inited   0x20000260     0x1c  malloc.o [1]
    .data             inited   0x2000027c     0x10  stm32f4xx_rcc.o [1]
    .data             inited   0x2000028c     0x10  usbh_msc_core.o [1]
    .data             inited   0x2000029c      0xc  usbh_core.o [1]
    .data             inited   0x200002a8      0x4  port.o [1]
    .data             inited   0x200002ac      0x4  system_stm32f4xx.o [1]
    .data             inited   0x200002b0      0x4  usbh_core.o [1]
    __DLIB_PERTHREAD  inited   0x200002b4      0x4  errno.o [3]
    .data             inited   0x200002b8      0x2  bsp_w25qxx.o [1]
    .data             inited   0x200002ba      0x1  apptask.o [1]
    .data             inited   0x200002bb      0x1  encoder_tim.o [1]
    .data             inited   0x200002bc      0x1  page_weimi.o [1]
    .data             inited   0x200002bd      0x1  usbh_msc_scsi.o [1]
  .bss                zero     0x200002c0  0x10c00  heap_4.o [1]
  .bss                zero     0x20010ec0   0xa000  malloc.o [1]
  .bss                zero     0x2001aec0   0x1000  bsp_w25qxx.o [1]
  .bss                zero     0x2001bec0    0xa00  malloc.o [1]
  .bss                zero     0x2001c8c0    0x5ac  usbh_usr.o [1]
  .bss                zero     0x2001ce6c    0x5ac  usbh_usr.o [1]
  .bss                zero     0x2001d418    0x3e8  bsp_uart_fifo.o [1]
  .bss                zero     0x2001d800    0x3e8  esp8266_handler.o [1]
  .bss                zero     0x2001dbe8    0x3e8  esp8266_handler.o [1]
  .bss                zero     0x2001dfd0    0x3e8  pub0sub1.o [1]
  .bss                zero     0x2001e3b8    0x200  ff.o [1]
  .bss                zero     0x2001e5b8    0x200  usbh_msc_scsi.o [1]
  .bss                zero     0x2001e7b8    0x200  usbh_stdreq.o [1]
  .bss                zero     0x2001e9b8    0x168  tasks.o [1]
  .bss                zero     0x2001eb20    0x12c  page_weimi.o [1]
  .bss                zero     0x2001ec4c    0x11c  protocol.o [1]
  .bss                zero     0x2001ed68     0xd4  protocol.o [1]
  .bss                zero     0x2001ee3c     0xd0  protocol.o [1]
  .bss                zero     0x2001ef0c     0xa8  para.o [1]
  .bss                zero     0x2001efb4     0x94  usbh_usr.o [1]
  .bss                zero     0x2001f048     0x68  esp8266_handler.o [1]
  .bss                zero     0x2001f0b0     0x64  bsp_uart_fifo.o [1]
  .bss                zero     0x2001f114     0x64  bsp_uart_fifo.o [1]
  .bss                zero     0x2001f178     0x58  bsp_sdio_sd.o [1]
  .bss                zero     0x2001f1d0     0x50  xfiles.o [3]
  .bss                zero     0x2001f220     0x4c  usbh_msc_core.o [1]
  .bss                zero     0x2001f26c     0x40  page_weimi.o [1]
  .bss                zero     0x2001f2ac     0x40  pub0sub1.o [1]
  .bss                zero     0x2001f2ec     0x34  bsp_sdwe050c17.o [1]
  .bss                zero     0x2001f320     0x30  product_cal.o [1]
  .bss                zero     0x2001f350     0x28  product_cal.o [1]
  .bss                zero     0x2001f378     0x24  ff.o [1]
  .bss                zero     0x2001f39c     0x20  pub0sub1.o [1]
  .bss                zero     0x2001f3bc     0x20  usbh_msc_bot.o [1]
  .bss                zero     0x2001f3dc     0x1c  encoder_tim.o [1]
  .bss                zero     0x2001f3f8     0x18  bsp_sdio_sd.o [1]
  .bss                zero     0x2001f410     0x18  bsp_sdio_sd.o [1]
  .bss                zero     0x2001f428     0x14  bsp_sdio_sd.o [1]
  .bss                zero     0x2001f43c     0x14  rc522.o [1]
  .bss                zero     0x2001f450     0x14  tasks.o [1]
  .bss                zero     0x2001f464     0x14  tasks.o [1]
  .bss                zero     0x2001f478     0x14  tasks.o [1]
  .bss                zero     0x2001f48c     0x14  tasks.o [1]
  .bss                zero     0x2001f4a0     0x14  tasks.o [1]
  .bss                zero     0x2001f4b4     0x14  timers.o [1]
  .bss                zero     0x2001f4c8     0x14  timers.o [1]
  .bss                zero     0x2001f4dc     0x10  bsp_key.o [1]
  .bss                zero     0x2001f4ec     0x10  bsp_key.o [1]
  .bss                zero     0x2001f4fc     0x10  bsp_sdio_sd.o [1]
  .bss                zero     0x2001f50c     0x10  bsp_sdio_sd.o [1]
  .bss                zero     0x2001f51c     0x10  usbh_msc_bot.o [1]
  .bss                zero     0x2001f52c     0x10  usbh_msc_bot.o [1]
  .bss                zero     0x2001f53c     0x10  usbh_msc_scsi.o [1]
  .bss                zero     0x2001f54c      0xc  apptask.o [1]
  .bss                zero     0x2001f558      0xc  apptask.o [1]
  .bss                zero     0x2001f564      0xc  apptask.o [1]
  .bss                zero     0x2001f570      0xc  apptask.o [1]
  .bss                zero     0x2001f57c      0xc  ff.o [1]
  .bss                zero     0x2001f588      0xc  protocol.o [1]
  .bss                zero     0x2001f594      0xc  protocol.o [1]
  .bss                zero     0x2001f5a0      0xc  protocol.o [1]
  .bss                zero     0x2001f5ac      0xc  pub0sub1.o [1]
  .bss                zero     0x2001f5b8      0x8  heap_4.o [1]
  .bss                zero     0x2001f5c0      0x8  modbus.o [1]
  .bss                zero     0x2001f5c8      0x8  protocol.o [1]
  .bss                zero     0x2001f5d0      0x8  pub0sub1.o [1]
  .bss                zero     0x2001f5d8      0x4  apptask.o [1]
  .bss                zero     0x2001f5dc      0x4  apptask.o [1]
  .bss                zero     0x2001f5e0      0x4  apptask.o [1]
  .bss                zero     0x2001f5e4      0x4  apptask.o [1]
  .bss                zero     0x2001f5e8      0x4  apptask.o [1]
  .bss                zero     0x2001f5ec      0x4  apptask.o [1]
  .bss                zero     0x2001f5f0      0x4  apptask.o [1]
  .bss                zero     0x2001f5f4      0x4  apptask.o [1]
  .bss                zero     0x2001f5f8      0x4  apptask.o [1]
  .bss                zero     0x2001f5fc      0x4  apptask.o [1]
  .bss                zero     0x2001f600      0x4  apptask.o [1]
  .bss                zero     0x2001f604      0x4  apptask.o [1]
  .bss                zero     0x2001f608      0x4  apptask.o [1]
  .bss                zero     0x2001f60c      0x4  apptask.o [1]
  .bss                zero     0x2001f610      0x4  apptask.o [1]
  .bss                zero     0x2001f614      0x4  apptask.o [1]
  .bss                zero     0x2001f618      0x4  apptask.o [1]
  .bss                zero     0x2001f61c      0x4  apptask.o [1]
  .bss                zero     0x2001f620      0x4  apptask.o [1]
  .bss                zero     0x2001f624      0x4  apptask.o [1]
  .bss                zero     0x2001f628      0x4  apptask.o [1]
  .bss                zero     0x2001f62c      0x4  apptask.o [1]
  .bss                zero     0x2001f630      0x4  apptask.o [1]
  .bss                zero     0x2001f634      0x4  apptask.o [1]
  .bss                zero     0x2001f638      0x4  apptask.o [1]
  .bss                zero     0x2001f63c      0x4  apptask.o [1]
  .bss                zero     0x2001f640      0x4  apptask.o [1]
  .bss                zero     0x2001f644      0x4  apptask.o [1]
  .bss                zero     0x2001f648      0x4  bsp_sdio_sd.o [1]
  .bss                zero     0x2001f64c      0x4  bsp_sdio_sd.o [1]
  .bss                zero     0x2001f650      0x4  bsp_sdio_sd.o [1]
  .bss                zero     0x2001f654      0x4  bsp_sdio_sd.o [1]
  .bss                zero     0x2001f658      0x4  bsp_sdio_sd.o [1]
  .bss                zero     0x2001f65c      0x4  bsp_timer.o [1]
  .bss                zero     0x2001f660      0x4  bsp_timer.o [1]
  .bss                zero     0x2001f664      0x4  bsp_timer.o [1]
  .bss                zero     0x2001f668      0x4  bsp_timer.o [1]
  .bss                zero     0x2001f66c      0x4  esp8266_handler.o [1]
  .bss                zero     0x2001f670      0x4  esp8266_handler.o [1]
  .bss                zero     0x2001f674      0x4  esp8266_handler.o [1]
  .bss                zero     0x2001f678      0x4  heap_4.o [1]
  .bss                zero     0x2001f67c      0x4  heap_4.o [1]
  .bss                zero     0x2001f680      0x4  heap_4.o [1]
  .bss                zero     0x2001f684      0x4  heap_4.o [1]
  .bss                zero     0x2001f688      0x4  MQTTPacket.o [1]
  .bss                zero     0x2001f68c      0x4  page_weimi.o [1]
  .bss                zero     0x2001f690      0x4  page_weimi.o [1]
  .bss                zero     0x2001f694      0x4  port.o [1]
  .bss                zero     0x2001f698      0x4  product_cal.o [1]
  .bss                zero     0x2001f69c      0x4  product_cal.o [1]
  .bss                zero     0x2001f6a0      0x4  pub0sub1.o [1]
  .bss                zero     0x2001f6a4      0x4  SysInfoTest.o [1]
  .bss                zero     0x2001f6a8      0x4  tasks.o [1]
  .bss                zero     0x2001f6ac      0x4  tasks.o [1]
  .bss                zero     0x2001f6b0      0x4  tasks.o [1]
  .bss                zero     0x2001f6b4      0x4  tasks.o [1]
  .bss                zero     0x2001f6b8      0x4  tasks.o [1]
  .bss                zero     0x2001f6bc      0x4  tasks.o [1]
  .bss                zero     0x2001f6c0      0x4  tasks.o [1]
  .bss                zero     0x2001f6c4      0x4  tasks.o [1]
  .bss                zero     0x2001f6c8      0x4  tasks.o [1]
  .bss                zero     0x2001f6cc      0x4  tasks.o [1]
  .bss                zero     0x2001f6d0      0x4  tasks.o [1]
  .bss                zero     0x2001f6d4      0x4  tasks.o [1]
  .bss                zero     0x2001f6d8      0x4  tasks.o [1]
  .bss                zero     0x2001f6dc      0x4  tasks.o [1]
  .bss                zero     0x2001f6e0      0x4  tasks.o [1]
  .bss                zero     0x2001f6e4      0x4  tasks.o [1]
  .bss                zero     0x2001f6e8      0x4  timer_platform.o [1]
  .bss                zero     0x2001f6ec      0x4  timers.o [1]
  .bss                zero     0x2001f6f0      0x4  timers.o [1]
  .bss                zero     0x2001f6f4      0x4  timers.o [1]
  .bss                zero     0x2001f6f8      0x4  timers.o [1]
  .bss                zero     0x2001f6fc      0x4  usbh_msc_bot.o [1]
  .bss                zero     0x2001f700      0x4  usbh_msc_bot.o [1]
  .bss                zero     0x2001f704      0x4  usbh_msc_bot.o [1]
  .bss                zero     0x2001f708      0x4  usbh_msc_bot.o [1]
  .bss                zero     0x2001f70c      0x2  apptask.o [1]
  .bss                zero     0x2001f70e      0x2  apptask.o [1]
  .bss                zero     0x2001f710      0x2  apptask.o [1]
  .bss                zero     0x2001f712      0x2  apptask.o [1]
  .bss                zero     0x2001f714      0x2  apptask.o [1]
  .bss                zero     0x2001f716      0x2  apptask.o [1]
  .bss                zero     0x2001f718      0x2  apptask.o [1]
  .bss                zero     0x2001f71a      0x2  apptask.o [1]
  .bss                zero     0x2001f71c      0x2  bsp_sdwe050c17.o [1]
  .bss                zero     0x2001f71e      0x2  encoder_tim.o [1]
  .bss                zero     0x2001f720      0x2  encoder_tim.o [1]
  .bss                zero     0x2001f722      0x2  ff.o [1]
  .bss                zero     0x2001f724      0x2  page_weimi.o [1]
  .bss                zero     0x2001f726      0x2  page_weimi.o [1]
  .bss                zero     0x2001f728      0x2  product_cal.o [1]
  .bss                zero     0x2001f72a      0x2  usbh_core.o [1]
  .bss                zero     0x2001f72c      0x2  usbh_stdreq.o [1]
  .bss                zero     0x2001f72e      0x1  apptask.o [1]
  .bss                zero     0x2001f72f      0x1  apptask.o [1]
  .bss                zero     0x2001f730      0x1  apptask.o [1]
  .bss                zero     0x2001f731      0x1  apptask.o [1]
  .bss                zero     0x2001f732      0x1  apptask.o [1]
  .bss                zero     0x2001f733      0x1  apptask.o [1]
  .bss                zero     0x2001f734      0x1  apptask.o [1]
  .bss                zero     0x2001f735      0x1  apptask.o [1]
  .bss                zero     0x2001f736      0x1  apptask.o [1]
  .bss                zero     0x2001f737      0x1  apptask.o [1]
  .bss                zero     0x2001f738      0x1  apptask.o [1]
  .bss                zero     0x2001f739      0x1  apptask.o [1]
  .bss                zero     0x2001f73a      0x1  apptask.o [1]
  .bss                zero     0x2001f73b      0x1  apptask.o [1]
  .bss                zero     0x2001f73c      0x1  bsp_sdio_sd.o [1]
  .bss                zero     0x2001f73d      0x1  bsp_sdwe050c17.o [1]
  .bss                zero     0x2001f73e      0x1  bsp_uart_fifo.o [1]
  .bss                zero     0x2001f73f      0x1  esp8266_handler.o [1]
  .bss                zero     0x2001f740      0x1  esp8266_handler.o [1]
  .bss                zero     0x2001f741      0x1  esp8266_handler.o [1]
  .bss                zero     0x2001f742      0x1  page_weimi.o [1]
  .bss                zero     0x2001f743      0x1  page_weimi.o [1]
  .bss                zero     0x2001f744      0x1  page_weimi.o [1]
  .bss                zero     0x2001f745      0x1  page_weimi.o [1]
  .bss                zero     0x2001f746      0x1  page_weimi.o [1]
  .bss                zero     0x2001f747      0x1  port.o [1]
  .bss                zero     0x2001f748      0x1  product_cal.o [1]
  .bss                zero     0x2001f749      0x1  product_cal.o [1]
  .bss                zero     0x2001f74a      0x1  protocol.o [1]
  .bss                zero     0x2001f74b      0x1  pub0sub1.o [1]
  .bss                zero     0x2001f74c      0x1  pub0sub1.o [1]
  .bss                zero     0x2001f74d      0x1  rc522.o [1]
  .bss                zero     0x2001f74e      0x1  rc522.o [1]
  .bss                zero     0x2001f74f      0x1  usbh_msc_bot.o [1]
  .bss                zero     0x2001f750      0x1  usbh_msc_core.o [1]
  .bss                zero     0x2001f751      0x1  usbh_msc_core.o [1]
  .bss                zero     0x2001f752      0x1  usbh_stdreq.o [1]
  .bss                zero     0x2001f753      0x1  usbh_usr.o [1]
  CSTACK                       0x2001f758    0x800  <Block>
    CSTACK            uninit   0x2001f758    0x800  <Block tail>
                             - 0x2001ff58  0x1ff58

Absolute sections:                         0xff000
  .bss                zero     0x68000000  0xf0000  malloc.o [1]
  .bss                zero     0x680f0000   0xf000  malloc.o [1]
                             - 0x680ff000  0xff000


*******************************************************************************
*** INIT TABLE
***

          Address     Size
          -------     ----
Zero (__iar_zero_init3)
    2 destination ranges, total size 0x11e494:
          0x200002c0  0x1f494
          0x68000000  0xff000

Copy/packbits (__iar_packbits_init3)
    1 source range, total size 0x126 (41% of destination):
          0x0804befc    0x126
    1 destination range, total size 0x2be:
          0x20000000    0x2be



*******************************************************************************
*** MODULE SUMMARY
***

    Module                    ro code  ro data  rw data    rw data
                                                            (abs)
    ------                    -------  -------  -------    -------
E:\WORK\YarnControl_Driver\YarnControl_Driver\src\stm32f4_rtos\Project\EWARMv7\Flash\Obj: [1]
    MQTTConnectClient.o           774       36
    MQTTDeserializePublish.o      188        4
    MQTTPacket.o                  656        4        4
    MQTTSerializePublish.o        236        4
    MQTTSubscribeClient.o         400        8
    SysInfoTest.o                  44                 4
    apptask.o                  31 712    3 584      191
    bkp_pwr.o                     392
    bsp.o                          92
    bsp_closeSW.o                 220
    bsp_dac.o                     200
    bsp_dwt.o                     116
    bsp_key.o                     538                32
    bsp_led.o                     192
    bsp_relay.o                    68
    bsp_sdio_sd.o               6 744               209
    bsp_sdwe050c17.o            5 684       36       55
    bsp_servomotor.o              640
    bsp_spi.o                     292
    bsp_stepmotor.o             1 276
    bsp_sw_onoff.o                 68
    bsp_timer.o                   516                16
    bsp_uart_fifo.o             2 724             1 201
    bsp_w25qxx.o                  896        9    4 098
    bsp_watchdog.o                  8
    cc936.o                       244  176 320
    demo_fatfs.o                           725       80
    des.o                       1 274      844
    diskio.o                      740
    encoder_tim.o                 664        1       33
    esp8266_handler.o           1 044      324    2 119
    esp8266_init.o                124
    event_groups.o                610
    ff.o                        9 368       36      562
    heap_4.o                      640        4   68 632
    iic_smec98sp.o                910
    list.o                        152
    main.o                         48       32
    malloc.o                      540       36   43 548  1 044 480
    mcheck.o                      184      768
    misc.o                        136
    modbus.o                      872                 8
    page_weimi.o                1 524       12      382
    para.o                      5 450      284      168
    port.o                        588        6        9
    portasm.o                     168
    product_cal.o               1 712      400      100
    protocol.o                    156               749
    pub0sub1.o                  1 076      472    1 122
    queue.o                     1 992
    rc522.o                       238                22
    smec98sp.o                  1 198      256
    startup_stm32f40_41xxx.o      680
    stm32f4xx_adc.o               438
    stm32f4xx_dac.o               124
    stm32f4xx_dma.o               796
    stm32f4xx_exti.o              192
    stm32f4xx_gpio.o              300
    stm32f4xx_it.o                 56       44
    stm32f4xx_iwdg.o               16
    stm32f4xx_pwr.o                12
    stm32f4xx_rcc.o               488        7       16
    stm32f4xx_rtc.o                60
    stm32f4xx_sdio.o              380
    stm32f4xx_spi.o               116
    stm32f4xx_syscfg.o             84
    stm32f4xx_tim.o             1 782
    stm32f4xx_usart.o             596
    system_stm32f4xx.o            340        2        4
    tasks.o                     3 296        8      524
    timer_platform.o               64                 4
    timers.o                    1 188        8       56
    transport.o                   108
    usb_bsp.o                     332
    usb_core.o                  2 640
    usb_hcd.o                     214
    usb_hcd_int.o               3 198
    usbh_core.o                 1 888        6       18
    usbh_hcs.o                    442
    usbh_ioreq.o                  582
    usbh_it.o                      16
    usbh_msc_bot.o              1 364                81
    usbh_msc_core.o             1 000        6       94
    usbh_msc_scsi.o             1 560        1      529
    usbh_stdreq.o               1 078               515
    usbh_usr.o                    418      586    3 125
    --------------------------------------------------------------
    Total:                    112 176  184 873  128 310  1 044 480

command line: [2]
    --------------------------------------------------------------
    Total:

dl7M_tlf.a: [3]
    abort.o                         6
    div.o                          14
    errno.o                        12        2        4
    exit.o                          4
    isxxx.o                        40
    localeconv.o                  108       57      136
    printf.o                       36
    putchar.o                      12
    rand.o                        224       58      140
    setlocale.o                    24       49      116
    snprintf.o                     68
    sprintf.o                      52
    srand.o                        32
    sscanf.o                       36
    strcat.o                       28
    strstr.o                       44
    tolower.o                      20
    xfiles.o                                27      144
    xlocale_c.o                    54
    xprintffull_nomb.o          3 478
    xprout.o                       22
    xscanffull_nomb.o           2 916
    xsnprout.o                     26
    xsprout.o                      10
    xsscin.o                       30
    xstoflt.o                     440
    xstoll.o                      164
    xstopfx.o                     292
    xstoull.o                     432
    xstoxflt.o                    536
    xtls.o                          2
    --------------------------------------------------------------
    Total:                      9 162      193      540

m7M_tls.a: [4]
    DblAdd.o                      232
    DblCmpEq.o                     32
    DblCmpGe.o                     46
    DblCmpLe.o                     46
    DblDiv.o                      598
    DblMul.o                      418
    DblSub.o                      384
    DblToFlt.o                    144
    DblToI32.o                     88
    FltToDbl.o                     78
    I32ToDbl.o                     48
    fpinit_M.o                     34
    xdnorm.o                       66
    xdscale.o                     276
    xdtento.o                     512
    xdunscal.o                     82
    xstold.o                      360
    --------------------------------------------------------------
    Total:                      3 444

rt7M_tl.a: [5]
    ABImemclr4.o                    6
    ABImemcpy_unaligned.o         118
    ABImemset.o                   102
    ABImemset48.o                  50
    I64DivMod.o                   306
    I64DivZer.o                     2
    cexit.o                        10
    cmain.o                        26
    cstartup_M.o                   12
    data_init.o                    40
    memchr.o                       88
    memcmp_unaligned.o             98
    packbits_init.o               208
    strchr.o                       22
    strcmp_unaligned.o             66
    strcpy_unaligned.o             68
    strlen.o                       54
    zero_init3.o                   64
    --------------------------------------------------------------
    Total:                      1 340

shb_l.a: [6]
    exit.o                         20
    --------------------------------------------------------------
    Total:                         20

    Gaps                           66        4        2
    Linker created                          52    2 048
------------------------------------------------------------------
    Grand Total:              126 208  185 122  130 900  1 044 480


*******************************************************************************
*** ENTRY LIST
***

Entry                      Address     Size  Type      Object
-----                      -------     ----  ----      ------
.iar.init_table$$Base   0x0804aca0            --   Gb  - Linker created -
.iar.init_table$$Limit  0x0804acd4            --   Gb  - Linker created -
?main                   0x0804b115           Code  Gb  cmain.o [5]
ADC_Cmd                 0x080486b3     0x1a  Code  Gb  stm32f4xx_adc.o [1]
ADC_CommonInit          0x08048691     0x22  Code  Gb  stm32f4xx_adc.o [1]
ADC_GetFlagStatus       0x080487dd     0x1a  Code  Gb  stm32f4xx_adc.o [1]
ADC_Init                0x08048641     0x50  Code  Gb  stm32f4xx_adc.o [1]
ADC_RegularChannelConfig
                        0x080486cd     0xf6  Code  Gb  stm32f4xx_adc.o [1]
ADC_SoftwareStartConv   0x080487c3      0xa  Code  Gb  stm32f4xx_adc.o [1]
APBAHBPrescTable        0x2000027c     0x10  Data  Lc  stm32f4xx_rcc.o [1]
AppObjCreate            0x08031d61    0x190  Code  Gb  apptask.o [1]
AppTaskCreate           0x08031b1d    0x232  Code  Gb  apptask.o [1]
BOTStallErrorCount      0x2001f6fc      0x4  Data  Lc  usbh_msc_bot.o [1]
BusFault_Handler        0x0804a797      0x2  Code  Gb  stm32f4xx_it.o [1]
CID_Tab                 0x2001f50c     0x10  Data  Lc  bsp_sdio_sd.o [1]
CLIENT_ID               0x2001f39c     0x20  Data  Gb  pub0sub1.o [1]
CRC16HiTable            0x0804a10c    0x100  Data  Gb  mcheck.o [1]
CRC16LoTable            0x0804a20c    0x100  Data  Gb  mcheck.o [1]
CRC8Table               0x0804a30c    0x100  Data  Gb  mcheck.o [1]
CSD_Tab                 0x2001f4fc     0x10  Data  Lc  bsp_sdio_sd.o [1]
CSTACK$$Base            0x2001f758            --   Gb  - Linker created -
CSTACK$$Limit           0x2001ff58            --   Gb  - Linker created -
CardType                0x2001f648      0x4  Data  Lc  bsp_sdio_sd.o [1]
ChannengMQTTPackage     0x08034975     0x7e  Code  Gb  product_cal.o [1]
CmdError                0x08044e11     0x38  Code  Lc  bsp_sdio_sd.o [1]
CmdResp1Error           0x08044eb5    0x112  Code  Lc  bsp_sdio_sd.o [1]
CmdResp2Error           0x08045005     0x52  Code  Lc  bsp_sdio_sd.o [1]
CmdResp3Error           0x08044fc7     0x3e  Code  Lc  bsp_sdio_sd.o [1]
CmdResp6Error           0x08045057     0xa6  Code  Lc  bsp_sdio_sd.o [1]
CmdResp7Error           0x08044e49     0x58  Code  Lc  bsp_sdio_sd.o [1]
ConfigExitNVIC          0x0803ba07     0x22  Code  Gb  bsp_closeSW.o [1]
ConfigUartNVIC          0x0803dda7     0x7c  Code  Lc  bsp_uart_fifo.o [1]
ConnectTcp              0x0803c6ab     0x48  Code  Gb  esp8266_handler.o [1]
DAC_Cmd                 0x0803fabb     0x26  Code  Gb  stm32f4xx_dac.o [1]
DAC_Init                0x0803fa89     0x32  Code  Gb  stm32f4xx_dac.o [1]
DAC_SetChannel1Data     0x0803fae1     0x1e  Code  Gb  stm32f4xx_dac.o [1]
DMA1_Stream0_IRQHandler
                        0x0803858d     0x1c  Code  Gb  bsp_servomotor.o [1]
DMA1_Stream3_IRQHandler
                        0x080385a9     0x1c  Code  Gb  bsp_servomotor.o [1]
DMA2_Stream3_IRQHandler
                        0x080456f9      0x8  Code  Gb  bsp_sdio_sd.o [1]
DMAEndOfTransfer        0x2001f658      0x4  Data  Gb  bsp_sdio_sd.o [1]
DMA_ClearFlag           0x080403df     0x24  Code  Gb  stm32f4xx_dma.o [1]
DMA_Cmd                 0x08040395     0x1a  Code  Gb  stm32f4xx_dma.o [1]
DMA_DeInit              0x080401fd    0x140  Code  Gb  stm32f4xx_dma.o [1]
DMA_FlowControllerConfig
                        0x080403af     0x18  Code  Gb  stm32f4xx_dma.o [1]
DMA_GetCmdStatus        0x080403c7     0x18  Code  Gb  stm32f4xx_dma.o [1]
DMA_GetITStatus         0x08040445     0x62  Code  Gb  stm32f4xx_dma.o [1]
DMA_ITConfig            0x08040403     0x42  Code  Gb  stm32f4xx_dma.o [1]
DMA_Init                0x0804033d     0x58  Code  Gb  stm32f4xx_dma.o [1]
Dac1_Init               0x08037c6d     0x5a  Code  Gb  bsp_dac.o [1]
Dac1_Set_Vol            0x08037cc9     0x58  Code  Gb  bsp_dac.o [1]
DebugMon_Handler        0x0804a79b      0x2  Code  Gb  stm32f4xx_it.o [1]
DesE                    0x0804a82c     0x30  Data  Gb  des.o [1]
DesIp                   0x0804a634     0x40  Data  Gb  des.o [1]
DesIp_1                 0x0804a674     0x40  Data  Gb  des.o [1]
DesP                    0x0804ad94     0x20  Data  Gb  des.o [1]
DesPc_1                 0x0804a72c     0x38  Data  Gb  des.o [1]
[...]
mem_set                 0x08038f05     0x16  Code  Lc  ff.o [1]
memblksize              0x0804bcd4      0x8  Data  Gb  malloc.o [1]
memchr                  0x08042fcd           Code  Gb  memchr.o [5]
memsize                 0x0804bcdc      0x8  Data  Gb  malloc.o [1]
memtblsize              0x0804bccc      0x8  Data  Gb  malloc.o [1]
modbus_send_frame       0x0803b7e7     0xf6  Code  Gb  modbus.o [1]
move_window             0x080391dd     0x40  Code  Lc  ff.o [1]
movram                  0x08047c95     0x1e  Code  Gb  des.o [1]
mqttSubscribeData       0x2001d800    0x3e8  Data  Gb  esp8266_handler.o [1]
mqtt_status             0x2001f5d0      0x8  Data  Gb  pub0sub1.o [1]
my_mem_free             0x080373df     0x6c  Code  Gb  malloc.o [1]
my_mem_init             0x080372a3     0x42  Code  Gb  malloc.o [1]
my_mem_malloc           0x08037323     0xbc  Code  Gb  malloc.o [1]
my_mem_perused          0x080372e5     0x3e  Code  Gb  malloc.o [1]
myfree                  0x0803744b     0x24  Code  Gb  malloc.o [1]
mymalloc                0x0803746f     0x2a  Code  Gb  malloc.o [1]
mymemset                0x0803728d     0x16  Code  Gb  malloc.o [1]
ndigs                   0x080464f8     0x28  Data  Lc  xstoull.o [3]
netDeviceInfo_t         0x2001f048     0x68  Data  Gb  esp8266_handler.o [1]
net_device_send_cmd     0x0803c589     0x4e  Code  Gb  esp8266_handler.o [1]
obuf                    0x2001f1d0     0x50  Data  Lc  xfiles.o [3]
oem2uni                 0x0801560c  0x15484  Data  Lc  cc936.o [1]
old_card_record         0x2001f734      0x1  Data  Gb  apptask.o [1]
old_isWork              0x2001f730      0x1  Data  Gb  apptask.o [1]
old_is_stop             0x200002bc      0x1  Data  Gb  page_weimi.o [1]
old_plan_complete       0x2001f749      0x1  Data  Gb  product_cal.o [1]
old_system_state        0x200002ba      0x1  Data  Gb  apptask.o [1]
old_usb_disk_flag       0x2001f732      0x1  Data  Gb  apptask.o [1]
old_wifi_flag           0x2001f740      0x1  Data  Gb  esp8266_handler.o [1]
para_init               0x0803611d     0xae  Code  Gb  para.o [1]
pcInterruptPriorityRegisters
                        0x0804bde8      0x4  Data  Lc  port.o [1]
peiliao_para            0x2001f320     0x30  Data  Gb  product_cal.o [1]
pick_lfn                0x08039a2f     0x8c  Code  Lc  ff.o [1]
plan_complete           0x2001f748      0x1  Data  Gb  product_cal.o [1]
pluse_count             0x2001f70e      0x2  Data  Gb  apptask.o [1]
pluse_step_src          0x2001f564      0xc  Data  Gb  apptask.o [1]
pows                    0x08046d30     0x48  Data  Lc  xdtento.o [4]
printf                  0x080371ad     0x24  Code  Gb  printf.o [3]
product_complete_kilo   0x08034607     0x62  Code  Gb  product_cal.o [1]
product_complete_meter  0x080345eb     0x1c  Code  Gb  product_cal.o [1]
product_para            0x2001f350     0x28  Data  Gb  product_cal.o [1]
product_per_meter       0x08034565     0x74  Code  Gb  product_cal.o [1]
prvAddCurrentTaskToDelayedList
                        0x080356f9     0x48  Code  Lc  tasks.o [1]
prvAllocateTCBAndStack  0x08035741     0x5a  Code  Lc  tasks.o [1]
prvCheckForValidListAndQueue
                        0x0803d683     0x52  Code  Lc  timers.o [1]
prvCheckTasksWaitingTermination
                        0x0803568f     0x66  Code  Lc  tasks.o [1]
prvCopyDataFromQueue    0x0803434d     0x30  Code  Lc  queue.o [1]
prvCopyDataToQueue      0x080342c9     0x84  Code  Lc  queue.o [1]
prvDeleteTCB            0x0803579b     0x12  Code  Lc  tasks.o [1]
prvGetNextExpireTime    0x0803d46f     0x2e  Code  Lc  timers.o [1]
prvHeapInit             0x0803ea75     0x6e  Code  Lc  heap_4.o [1]
prvIdleTask             0x080355a9     0x26  Code  Lc  tasks.o [1]
prvInitialiseTCBVariables
                        0x080355cf     0x6a  Code  Lc  tasks.o [1]
prvInitialiseTaskLists  0x08035639     0x56  Code  Lc  tasks.o [1]
prvInsertBlockIntoFreeList
                        0x0803eae3     0x62  Code  Lc  heap_4.o [1]
prvInsertTimerInActiveList
                        0x0803d4c5     0x50  Code  Lc  timers.o [1]
prvIsQueueEmpty         0x080343e7     0x20  Code  Lc  queue.o [1]
prvIsQueueFull          0x08034407     0x22  Code  Lc  queue.o [1]
prvProcessExpiredTimer  0x0803d387     0x5c  Code  Lc  timers.o [1]
prvProcessReceivedCommands
                        0x0803d515     0xde  Code  Lc  timers.o [1]
prvProcessTimerOrBlockTask
                        0x0803d3ff     0x70  Code  Lc  timers.o [1]
prvResetNextTaskUnblockTime
                        0x080357ad     0x26  Code  Lc  tasks.o [1]
prvSampleTimeNow        0x0803d49d     0x28  Code  Lc  timers.o [1]
prvSwitchTimerLists     0x0803d5f3     0x90  Code  Lc  timers.o [1]
prvTaskExitError        0x0803e625     0x2a  Code  Lc  port.o [1]
prvTestWaitCondition    0x0803d22b     0x24  Code  Lc  event_groups.o [1]
prvTimerTask            0x0803d3e5     0x1a  Code  Lc  timers.o [1]
prvUnlockQueue          0x0803437d     0x6a  Code  Lc  queue.o [1]
pub_topicString         0x2001f5ac      0xc  Data  Gb  pub0sub1.o [1]
put_fat                 0x0803942b    0x16c  Code  Gb  ff.o [1]
putchar                 0x0804b411      0xc  Code  Gb  putchar.o [3]
pvPortMalloc            0x0803e8e5    0x118  Code  Gb  heap_4.o [1]
pxCurrentTCB            0x2001f6a8      0x4  Data  Gb  tasks.o [1]
pxCurrentTimerList      0x2001f6ec      0x4  Data  Lc  timers.o [1]
pxDelayedTaskList       0x2001f6ac      0x4  Data  Lc  tasks.o [1]
pxEnd                   0x2001f678      0x4  Data  Lc  heap_4.o [1]
pxOverflowDelayedTaskList
                        0x2001f6b0      0x4  Data  Lc  tasks.o [1]
pxOverflowTimerList     0x2001f6f0      0x4  Data  Lc  timers.o [1]
pxPortInitialiseStack   0x0803e601     0x24  Code  Gb  port.o [1]
pxReadyTasksLists       0x2001e9b8    0x168  Data  Lc  tasks.o [1]
rand                    0x08048ba9     0xe0  Code  Gb  rand.o [3]
rc522_cmd_anticoll      0x0803b525     0x5a  Code  Gb  rc522.o [1]
rc522_cmd_request       0x0803b4d1     0x54  Code  Gb  rc522.o [1]
readChar                0x08041bc3     0x10  Code  Gb  MQTTPacket.o [1]
readDisk                0x2001f737      0x1  Data  Gb  apptask.o [1]
readFilenum             0x2001f738      0x1  Data  Gb  apptask.o [1]
readInt                 0x08041ba7     0x1c  Code  Gb  MQTTPacket.o [1]
readMQTTLenString       0x08041c79     0x3c  Code  Gb  MQTTPacket.o [1]
readSlave               0x2001f558      0xc  Data  Gb  apptask.o [1]
read_bkp_para           0x0803bb03     0x78  Code  Gb  bkp_pwr.o [1]
read_device_info        0x08035c01    0x2f4  Code  Gb  para.o [1]
read_file_select        0x2001f5a0      0xc  Data  Gb  protocol.o [1]
read_from_disk          0x080361fd    0xd74  Code  Gb  para.o [1]
remove_chain            0x08039597     0x76  Code  Lc  ff.o [1]
reset_seg_to_1          0x08037f29     0xb6  Code  Gb  page_weimi.o [1]
rfid_rev_buf            0x2001f43c     0x14  Data  Gb  rc522.o [1]
rfid_rev_cnt            0x2001f74e      0x1  Data  Gb  rc522.o [1]
rfid_rev_flag           0x2001f74d      0x1  Data  Gb  rc522.o [1]
rtc_time                0x2001f5c8      0x8  Data  Gb  protocol.o [1]
s_TIM_CallBack1         0x2001f65c      0x4  Data  Lc  bsp_timer.o [1]
s_TIM_CallBack2         0x2001f660      0x4  Data  Lc  bsp_timer.o [1]
s_TIM_CallBack3         0x2001f664      0x4  Data  Lc  bsp_timer.o [1]
s_TIM_CallBack4         0x2001f668      0x4  Data  Lc  bsp_timer.o [1]
s_tBtn                  0x2001f4dc     0x10  Data  Lc  bsp_key.o [1]
s_tKey                  0x2001f4ec     0x10  Data  Lc  bsp_key.o [1]
sample_time             0x2001f70c      0x2  Data  Gb  apptask.o [1]
sdew_weimi_page1        0x080335ad    0x28a  Code  Gb  bsp_sdwe050c17.o [1]
sdew_weimi_page2        0x08033849    0x1e6  Code  Gb  bsp_sdwe050c17.o [1]
sdew_weisha_page1       0x08033a2f    0x100  Code  Gb  bsp_sdwe050c17.o [1]
sdew_weisha_page2       0x08033b39    0x100  Code  Gb  bsp_sdwe050c17.o [1]
selectbits              0x08047d5f     0x42  Code  Gb  des.o [1]
semc_adc_Init           0x080481df     0x92  Code  Gb  smec98sp.o [1]
servo_diff              0x2001f63c      0x4  Data  Gb  apptask.o [1]
servo_per_wei_src       0x2001f638      0x4  Data  Gb  apptask.o [1]
servo_speed_diff        0x2001f640      0x4  Data  Gb  apptask.o [1]
servomotor_guodu        0x2001f742      0x1  Data  Gb  page_weimi.o [1]
servomotor_mode         0x2001f743      0x1  Data  Gb  page_weimi.o [1]
setbit                  0x08047cd7     0x4c  Code  Gb  des.o [1]
shlc                    0x08047da1     0x68  Code  Gb  des.o [1]
shrc                    0x08047e09     0x5e  Code  Gb  des.o [1]
slave_info              0x2001f54c      0xc  Data  Gb  apptask.o [1]
snprintf                0x08041711     0x44  Code  Gb  snprintf.o [3]
speed_diff              0x2001f570      0xc  Data  Gb  apptask.o [1]
speed_zhu               0x2001f724      0x2  Data  Gb  page_weimi.o [1]
speed_zhu1              0x2001f726      0x2  Data  Gb  page_weimi.o [1]
sprintf                 0x0803b381     0x34  Code  Gb  sprintf.o [3]
srand                   0x08048b89     0x20  Code  Gb  srand.o [3]
sscanf                  0x0803eccd     0x24  Code  Gb  sscanf.o [3]
st_clust                0x08039961     0x18  Code  Lc  ff.o [1]
stepmotor_guodu         0x2001f68c      0x4  Data  Gb  page_weimi.o [1]
strans                  0x08047e67    0x168  Code  Gb  des.o [1]
strcat                  0x0803b3b5     0x1c  Code  Gb  strcat.o [3]
strchr                  0x08042fb5           Code  Gb  strchr.o [5]
strlen                  0x08037b09           Code  Gb  strlen.o [5]
strstr                  0x0803b985     0x10  Code  Gb  para.o [1]
sum_sfn                 0x08039c35     0x20  Code  Lc  ff.o [1]
symbol                  0x2001f634      0x4  Data  Gb  apptask.o [1]
symbol_servo            0x2001f739      0x1  Data  Gb  apptask.o [1]
sync_fs                 0x0803921d     0xd8  Code  Lc  ff.o [1]
sync_window             0x08039183     0x5a  Code  Lc  ff.o [1]
system_state_dis        0x08049e28    0x190  Data  Gb  product_cal.o [1]
toStop                  0x2001f6a0      0x4  Data  Gb  pub0sub1.o [1]
tolower                 0x08046855     0x14  Code  Gb  tolower.o [3]
total_meter_gross       0x2001f698      0x4  Data  Gb  product_cal.o [1]
total_weight_gross      0x2001f69c      0x4  Data  Gb  product_cal.o [1]
transport_close         0x08041aad     0x12  Code  Gb  transport.o [1]
transport_getdata       0x08041a99     0x14  Code  Gb  transport.o [1]
transport_sendPacketBuffer
                        0x08041a5d     0x3c  Code  Gb  transport.o [1]
ucHeap                  0x200002c0  0x10c00  Data  Lc  heap_4.o [1]
ucMaxSysCallPriority    0x2001f747      0x1  Data  Lc  port.o [1]
ulHighFrequencyTimerTicks
                        0x2001f6a4      0x4  Data  Gb  SysInfoTest.o [1]
ulMaxPRIGROUPValue      0x2001f694      0x4  Data  Lc  port.o [1]
ulTaskSwitchedInTime    0x2001f6e0      0x4  Data  Lc  tasks.o [1]
ulTotalRunTime          0x2001f6e4      0x4  Data  Lc  tasks.o [1]
uni2oem                 0x08000188  0x15484  Data  Lc  cc936.o [1]
usb_disk_flag           0x2001f731      0x1  Data  Gb  apptask.o [1]
usbh_OpenMassStorage    0x080385e5     0x14  Code  Gb  usbh_usr.o [1]
uxCriticalNesting       0x200002a8      0x4  Data  Lc  port.o [1]
uxCurrentNumberOfTasks  0x2001f6b8      0x4  Data  Lc  tasks.o [1]
uxListRemove            0x0803e8bd     0x28  Code  Gb  list.o [1]
uxPendedTicks           0x2001f6c8      0x4  Data  Lc  tasks.o [1]
uxSchedulerSuspended    0x2001f6dc      0x4  Data  Lc  tasks.o [1]
uxTaskNumber            0x2001f6d4      0x4  Data  Lc  tasks.o [1]
uxTaskResetEventItemValue
                        0x0803580d     0x20  Code  Gb  tasks.o [1]
uxTasksDeleted          0x2001f6b4      0x4  Data  Lc  tasks.o [1]
uxTopReadyPriority      0x2001f6c0      0x4  Data  Lc  tasks.o [1]
vAnalysisUartData       0x0803184d     0xca  Code  Gb  apptask.o [1]
vEsp8266_Main_Task      0x080314e5    0x226  Code  Gb  apptask.o [1]
vListInitialise         0x0803e84d     0x1e  Code  Gb  list.o [1]
vListInsert             0x0803e883     0x3a  Code  Gb  list.o [1]
vListInsertEnd          0x0803e86b     0x18  Code  Gb  list.o [1]
vMQTT_Handler_Task      0x08031715    0x138  Code  Gb  apptask.o [1]
vMQTT_Recive_Task       0x08031921     0x7e  Code  Gb  apptask.o [1]
vMQTT_Tranmit_Task      0x0803199f     0xd0  Code  Gb  apptask.o [1]
vPortEnableVFP          0x080423c1           Code  Gb  portasm.o [1]
vPortEnterCritical      0x0803e71b     0x3a  Code  Gb  port.o [1]
vPortExitCritical       0x0803e755     0x32  Code  Gb  port.o [1]
vPortFree               0x0803e9fd     0x78  Code  Gb  heap_4.o [1]
vPortSetupTimerInterrupt
                        0x0803e7b3      0xe  Code  Wk  port.o [1]
vPortStartFirstTask     0x080423a9           Code  Gb  portasm.o [1]
vPortValidateInterruptPriority
                        0x0803e7c1     0x4e  Code  Gb  port.o [1]
vQueueWaitForMessageRestricted
                        0x08034429     0x44  Code  Gb  queue.o [1]
vTaskDelay              0x08034e05     0x84  Code  Gb  tasks.o [1]
vTaskDelayUntil         0x08034d25     0xe0  Code  Gb  tasks.o [1]
vTaskFreq               0x08030eb1    0x628  Code  Lc  apptask.o [1]
vTaskManageCapacity     0x0802f8f5    0x528  Code  Gb  apptask.o [1]
vTaskMassStorage        0x0802e50d    0x652  Code  Lc  apptask.o [1]
vTaskMissedYield        0x0803559f      0xa  Code  Gb  tasks.o [1]
vTaskMotorControl       0x0802fed5    0xfb8  Code  Lc  apptask.o [1]
vTaskMsgPro             0x0802f039    0x4ce  Code  Lc  apptask.o [1]
vTaskPlaceOnEventList   0x08035205     0x74  Code  Gb  tasks.o [1]
vTaskPlaceOnEventListRestricted
                        0x0803533d     0x80  Code  Gb  tasks.o [1]
vTaskPlaceOnUnorderedEventList
                        0x08035295     0xa8  Code  Gb  tasks.o [1]
vTaskReadDisk           0x0802f635    0x272  Code  Lc  apptask.o [1]
vTaskRev485             0x0802f525     0xd4  Code  Lc  apptask.o [1]
vTaskSetTimeOutState    0x080354e9     0x26  Code  Gb  tasks.o [1]
vTaskStartScheduler     0x08034e89     0x7e  Code  Gb  tasks.o [1]
vTaskSuspendAll         0x08034f07     0x10  Code  Gb  tasks.o [1]
vTaskSwitchContext      0x08035155     0xb0  Code  Gb  tasks.o [1]
vTaskTaskKey            0x08031a79     0x82  Code  Gb  apptask.o [1]
vTaskTaskLCD            0x0802aa91   0x3a4e  Code  Gb  apptask.o [1]
vTaskTaskLED            0x0802eba5     0x20  Code  Lc  apptask.o [1]
vTaskTaskRFID           0x0802ebc5    0x410  Code  Lc  apptask.o [1]
valid_seg               0x2001f690      0x4  Data  Gb  page_weimi.o [1]
validate                0x0803a9db     0x36  Code  Lc  ff.o [1]
weimi_para              0x2001eb20    0x12c  Data  Gb  page_weimi.o [1]
weisha_reset_to_seg1    0x08037fdf     0x30  Code  Gb  page_weimi.o [1]
wifi_flag               0x2001f73f      0x1  Data  Gb  esp8266_handler.o [1]
work_idle_time          0x2001f728      0x2  Data  Gb  product_cal.o [1]
writeCString            0x08041c09     0x2a  Code  Gb  MQTTPacket.o [1]
writeChar               0x08041bd3      0xc  Code  Gb  MQTTPacket.o [1]
writeInt                0x08041bdf     0x2a  Code  Gb  MQTTPacket.o [1]
writeMQTTString         0x08041c33     0x46  Code  Gb  MQTTPacket.o [1]
write_bkp_para          0x0803bb7b     0x6e  Code  Gb  bkp_pwr.o [1]
xActiveTimerList1       0x2001f4b4     0x14  Data  Lc  timers.o [1]
xActiveTimerList2       0x2001f4c8     0x14  Data  Lc  timers.o [1]
xBlockAllocatedBit      0x2001f684      0x4  Data  Lc  heap_4.o [1]
xDelayedTaskList1       0x2001f450     0x14  Data  Lc  tasks.o [1]
xDelayedTaskList2       0x2001f464     0x14  Data  Lc  tasks.o [1]
xEventGroupCreate       0x0803cfed     0x1c  Code  Gb  event_groups.o [1]
xEventGroupSetBits      0x0803d155     0xd6  Code  Gb  event_groups.o [1]
xEventGroupWaitBits     0x0803d009    0x146  Code  Gb  event_groups.o [1]
xFreeBytesRemaining     0x2001f67c      0x4  Data  Lc  heap_4.o [1]
xHandleTaskFreq         0x2001f5fc      0x4  Data  Gb  apptask.o [1]
xHandleTaskKey          0x2001f600      0x4  Data  Gb  apptask.o [1]
xHandleTaskLCD          0x2001f5d8      0x4  Data  Gb  apptask.o [1]
xHandleTaskLED          0x2001f5dc      0x4  Data  Gb  apptask.o [1]
xHandleTaskManageCapacity
                        0x2001f5f4      0x4  Data  Gb  apptask.o [1]
xHandleTaskMassStorage  0x2001f5e4      0x4  Data  Gb  apptask.o [1]
xHandleTaskMotorControl
                        0x2001f5f8      0x4  Data  Gb  apptask.o [1]
xHandleTaskMsgPro       0x2001f5ec      0x4  Data  Gb  apptask.o [1]
xHandleTaskRFID         0x2001f5e0      0x4  Data  Gb  apptask.o [1]
xHandleTaskReadDisk     0x2001f5e8      0x4  Data  Gb  apptask.o [1]
xHandleTaskRev485       0x2001f5f0      0x4  Data  Gb  apptask.o [1]
xHeapStructSize         0x0804bdbc      0x4  Data  Lc  heap_4.o [1]
xMinimumEverFreeBytesRemaining
                        0x2001f680      0x4  Data  Lc  heap_4.o [1]
xNextTaskUnblockTime    0x2001f6d8      0x4  Data  Lc  tasks.o [1]
xNumOfOverflows         0x2001f6d0      0x4  Data  Lc  tasks.o [1]
xPendingReadyList       0x2001f478     0x14  Data  Lc  tasks.o [1]
xPortStartScheduler     0x0803e64f     0xcc  Code  Gb  port.o [1]
xQueueGenericCreate     0x08033d35     0x7e  Code  Gb  queue.o [1]
xQueueGenericReceive    0x08034129    0x19c  Code  Gb  queue.o [1]
xQueueGenericReset      0x08033ca5     0x90  Code  Gb  queue.o [1]
xQueueGenericSend       0x08033db3    0x1b2  Code  Gb  queue.o [1]
xQueueGenericSendFromISR
                        0x08033f65     0xec  Code  Gb  queue.o [1]
xQueueGiveFromISR       0x08034051     0xd8  Code  Gb  queue.o [1]
xQueue_MQTT_Recv        0x2001f624      0x4  Data  Gb  apptask.o [1]
xQueue_MQTT_Transmit    0x2001f628      0x4  Data  Gb  apptask.o [1]
xQueue_esp8266_Cmd      0x2001f62c      0x4  Data  Gb  apptask.o [1]
xQueue_message          0x2001f630      0x4  Data  Gb  apptask.o [1]
xSchedulerRunning       0x2001f6c4      0x4  Data  Lc  tasks.o [1]
xSemaphore_download     0x2001f614      0x4  Data  Gb  apptask.o [1]
xSemaphore_encoder      0x2001f610      0x4  Data  Gb  apptask.o [1]
xSemaphore_lcd          0x2001f604      0x4  Data  Gb  apptask.o [1]
xSemaphore_pluse        0x2001f60c      0x4  Data  Gb  apptask.o [1]
xSemaphore_readDisk     0x2001f618      0x4  Data  Gb  apptask.o [1]
xSemaphore_rs485        0x2001f608      0x4  Data  Gb  apptask.o [1]
xStart                  0x2001f5b8      0x8  Data  Lc  heap_4.o [1]
xSuspendedTaskList      0x2001f4a0     0x14  Data  Lc  tasks.o [1]
xTaskCheckForTimeOut    0x08035515     0x8a  Code  Gb  tasks.o [1]
xTaskGenericCreate      0x08034ba1    0x184  Code  Gb  tasks.o [1]
xTaskGetSchedulerState  0x080357d3     0x26  Code  Gb  tasks.o [1]
xTaskGetTickCount       0x08035017      0xa  Code  Gb  tasks.o [1]
xTaskIncrementTick      0x08035021    0x134  Code  Gb  tasks.o [1]
xTaskRemoveFromEventList
                        0x080353c1     0x8e  Code  Gb  tasks.o [1]
xTaskRemoveFromUnorderedEventList
                        0x08035455     0x94  Code  Gb  tasks.o [1]
xTaskResumeAll          0x08034f17    0x100  Code  Gb  tasks.o [1]
xTasksWaitingTermination
                        0x2001f48c     0x14  Data  Lc  tasks.o [1]
xTickCount              0x2001f6bc      0x4  Data  Lc  tasks.o [1]
xTimerCreate            0x0803d2a1     0x62  Code  Gb  timers.o [1]
xTimerCreateTimerTask   0x0803d251     0x50  Code  Gb  timers.o [1]
xTimerGenericCommand    0x0803d303     0x84  Code  Gb  timers.o [1]
xTimerQueue             0x2001f6f4      0x4  Data  Lc  timers.o [1]
xTimerUser              0x2001f620      0x4  Data  Gb  apptask.o [1]
xYieldPending           0x2001f6cc      0x4  Data  Lc  tasks.o [1]


[1] = E:\WORK\YarnControl_Driver\YarnControl_Driver\src\stm32f4_rtos\Project\EWARMv7\Flash\Obj
[2] = command line
[3] = dl7M_tlf.a
[4] = m7M_tls.a
[5] = rt7M_tl.a
[6] = shb_l.a

  126 208 bytes of readonly  code memory
  185 122 bytes of readonly  data memory
  130 900 bytes of readwrite data memory (+ 1 044 480 absolute)

Errors: none
Warnings: none
