###############################################################################
#
# IAR ELF Linker V7.40.7.9843/W32 for ARM                 07/Jan/2019  00:10:36
# Copyright 2007-2015 IAR Systems AB.
#
#    Output file  =  
#        E:\WORK\YarnControl_Driver\YarnControl_Driver\src\stm32f4_rtos\Project\EWARMv7\Flash\Exe\project.out
#    Map file     =  
#        E:\WORK\YarnControl_Driver\YarnControl_Driver\src\stm32f4_rtos\Project\EWARMv7\Flash\List\project.map
#    Command line =  
#        E:\WORK\YarnControl_Driver\YarnControl_Driver\src\stm32f4_rtos\Project\EWARMv7\Flash\Obj\apptask.o
#        E:\WORK\YarnControl_Driver\YarnControl_Driver\src\stm32f4_rtos\Project\EWARMv7\Flash\Obj\bsp.o
#        E:\WORK\YarnControl_Driver\YarnControl_Driver\src\stm32f4_rtos\Project\EWARMv7\Flash\Obj\bsp_closeSW.o
#        E:\WORK\YarnControl_Driver\YarnControl_Driver\src\stm32f4_rtos\Project\EWARMv7\Flash\Obj\bsp_dwt.o
#        E:\WORK\YarnControl_Driver\YarnControl_Driver\src\stm32f4_rtos\Project\EWARMv7\Flash\Obj\bsp_led.o
#        E:\WORK\YarnControl_Driver\YarnControl_Driver\src\stm32f4_rtos\Project\EWARMv7\Flash\Obj\bsp_sdio_sd.o
#        E:\WORK\YarnControl_Driver\YarnControl_Driver\src\stm32f4_rtos\Project\EWARMv7\Flash\Obj\bsp_sdwe050c17.o
#        E:\WORK\YarnControl_Driver\YarnControl_Driver\src\stm32f4_rtos\Project\EWARMv7\Flash\Obj\bsp_servomotor.o
#        E:\WORK\YarnControl_Driver\YarnControl_Driver\src\stm32f4_rtos\Project\EWARMv7\Flash\Obj\bsp_spi.o
#        E:\WORK\YarnControl_Driver\YarnControl_Driver\src\stm32f4_rtos\Project\EWARMv7\Flash\Obj\bsp_stepmotor.o
#        E:\WORK\YarnControl_Driver\YarnControl_Driver\src\stm32f4_rtos\Project\EWARMv7\Flash\Obj\bsp_sw_onoff.o
#        E:\WORK\YarnControl_Driver\YarnControl_Driver\src\stm32f4_rtos\Project\EWARMv7\Flash\Obj\bsp_tim_pwm.o
#        E:\WORK\YarnControl_Driver\YarnControl_Driver\src\stm32f4_rtos\Project\EWARMv7\Flash\Obj\bsp_timer.o
#        E:\WORK\YarnControl_Driver\YarnControl_Driver\src\stm32f4_rtos\Project\EWARMv7\Flash\Obj\bsp_uart_fifo.o
#        E:\WORK\YarnControl_Driver\YarnControl_Driver\src\stm32f4_rtos\Project\EWARMv7\Flash\Obj\bsp_w25qxx.o
#        E:\WORK\YarnControl_Driver\YarnControl_Driver\src\stm32f4_rtos\Project\EWARMv7\Flash\Obj\bsp_watchdog.o
#        E:\WORK\YarnControl_Driver\YarnControl_Driver\src\stm32f4_rtos\Project\EWARMv7\Flash\Obj\cc936.o
#        E:\WORK\YarnControl_Driver\YarnControl_Driver\src\stm32f4_rtos\Project\EWARMv7\Flash\Obj\cJSON.o
#        E:\WORK\YarnControl_Driver\YarnControl_Driver\src\stm32f4_rtos\Project\EWARMv7\Flash\Obj\croutine.o
#        E:\WORK\YarnControl_Driver\YarnControl_Driver\src\stm32f4_rtos\Project\EWARMv7\Flash\Obj\demo_fatfs.o
#        E:\WORK\YarnControl_Driver\YarnControl_Driver\src\stm32f4_rtos\Project\EWARMv7\Flash\Obj\diskio.o
#        E:\WORK\YarnControl_Driver\YarnControl_Driver\src\stm32f4_rtos\Project\EWARMv7\Flash\Obj\esp8266_handler.o
#        E:\WORK\YarnControl_Driver\YarnControl_Driver\src\stm32f4_rtos\Project\EWARMv7\Flash\Obj\esp8266_init.o
#        E:\WORK\YarnControl_Driver\YarnControl_Driver\src\stm32f4_rtos\Project\EWARMv7\Flash\Obj\event_groups.o
#        E:\WORK\YarnControl_Driver\YarnControl_Driver\src\stm32f4_rtos\Project\EWARMv7\Flash\Obj\ff.o
#        E:\WORK\YarnControl_Driver\YarnControl_Driver\src\stm32f4_rtos\Project\EWARMv7\Flash\Obj\heap_4.o
#        E:\WORK\YarnControl_Driver\YarnControl_Driver\src\stm32f4_rtos\Project\EWARMv7\Flash\Obj\list.o
#        E:\WORK\YarnControl_Driver\YarnControl_Driver\src\stm32f4_rtos\Project\EWARMv7\Flash\Obj\main.o
#        E:\WORK\YarnControl_Driver\YarnControl_Driver\src\stm32f4_rtos\Project\EWARMv7\Flash\Obj\malloc.o
#        E:\WORK\YarnControl_Driver\YarnControl_Driver\src\stm32f4_rtos\Project\EWARMv7\Flash\Obj\mcheck.o
#        E:\WORK\YarnControl_Driver\YarnControl_Driver\src\stm32f4_rtos\Project\EWARMv7\Flash\Obj\misc.o
#        E:\WORK\YarnControl_Driver\YarnControl_Driver\src\stm32f4_rtos\Project\EWARMv7\Flash\Obj\modbus.o
#        E:\WORK\YarnControl_Driver\YarnControl_Driver\src\stm32f4_rtos\Project\EWARMv7\Flash\Obj\MQTTConnectClient.o
#        E:\WORK\YarnControl_Driver\YarnControl_Driver\src\stm32f4_rtos\Project\EWARMv7\Flash\Obj\MQTTConnectServer.o
#        E:\WORK\YarnControl_Driver\YarnControl_Driver\src\stm32f4_rtos\Project\EWARMv7\Flash\Obj\MQTTDeserializePublish.o
#        E:\WORK\YarnControl_Driver\YarnControl_Driver\src\stm32f4_rtos\Project\EWARMv7\Flash\Obj\MQTTFormat.o
#        E:\WORK\YarnControl_Driver\YarnControl_Driver\src\stm32f4_rtos\Project\EWARMv7\Flash\Obj\MQTTPacket.o
#        E:\WORK\YarnControl_Driver\YarnControl_Driver\src\stm32f4_rtos\Project\EWARMv7\Flash\Obj\MQTTSerializePublish.o
#        E:\WORK\YarnControl_Driver\YarnControl_Driver\src\stm32f4_rtos\Project\EWARMv7\Flash\Obj\MQTTSubscribeClient.o
#        E:\WORK\YarnControl_Driver\YarnControl_Driver\src\stm32f4_rtos\Project\EWARMv7\Flash\Obj\MQTTSubscribeServer.o
#        E:\WORK\YarnControl_Driver\YarnControl_Driver\src\stm32f4_rtos\Project\EWARMv7\Flash\Obj\MQTTUnsubscribeClient.o
#        E:\WORK\YarnControl_Driver\YarnControl_Driver\src\stm32f4_rtos\Project\EWARMv7\Flash\Obj\MQTTUnsubscribeServer.o
#        E:\WORK\YarnControl_Driver\YarnControl_Driver\src\stm32f4_rtos\Project\EWARMv7\Flash\Obj\para.o
#        E:\WORK\YarnControl_Driver\YarnControl_Driver\src\stm32f4_rtos\Project\EWARMv7\Flash\Obj\port.o
#        E:\WORK\YarnControl_Driver\YarnControl_Driver\src\stm32f4_rtos\Project\EWARMv7\Flash\Obj\portasm.o
#        E:\WORK\YarnControl_Driver\YarnControl_Driver\src\stm32f4_rtos\Project\EWARMv7\Flash\Obj\product_cal.o
#        E:\WORK\YarnControl_Driver\YarnControl_Driver\src\stm32f4_rtos\Project\EWARMv7\Flash\Obj\protocol.o
#        E:\WORK\YarnControl_Driver\YarnControl_Driver\src\stm32f4_rtos\Project\EWARMv7\Flash\Obj\pub0sub1.o
#        E:\WORK\YarnControl_Driver\YarnControl_Driver\src\stm32f4_rtos\Project\EWARMv7\Flash\Obj\queue.o
#        E:\WORK\YarnControl_Driver\YarnControl_Driver\src\stm32f4_rtos\Project\EWARMv7\Flash\Obj\rc522.o
#        E:\WORK\YarnControl_Driver\YarnControl_Driver\src\stm32f4_rtos\Project\EWARMv7\Flash\Obj\startup_stm32f40_41xxx.o
#        E:\WORK\YarnControl_Driver\YarnControl_Driver\src\stm32f4_rtos\Project\EWARMv7\Flash\Obj\stm32f4xx_adc.o
#        E:\WORK\YarnControl_Driver\YarnControl_Driver\src\stm32f4_rtos\Project\EWARMv7\Flash\Obj\stm32f4xx_assert.o
#        E:\WORK\YarnControl_Driver\YarnControl_Driver\src\stm32f4_rtos\Project\EWARMv7\Flash\Obj\stm32f4xx_can.o
#        E:\WORK\YarnControl_Driver\YarnControl_Driver\src\stm32f4_rtos\Project\EWARMv7\Flash\Obj\stm32f4xx_crc.o
#        E:\WORK\YarnControl_Driver\YarnControl_Driver\src\stm32f4_rtos\Project\EWARMv7\Flash\Obj\stm32f4xx_cryp.o
#        E:\WORK\YarnControl_Driver\YarnControl_Driver\src\stm32f4_rtos\Project\EWARMv7\Flash\Obj\stm32f4xx_cryp_aes.o
#        E:\WORK\YarnControl_Driver\YarnControl_Driver\src\stm32f4_rtos\Project\EWARMv7\Flash\Obj\stm32f4xx_cryp_des.o
#        E:\WORK\YarnControl_Driver\YarnControl_Driver\src\stm32f4_rtos\Project\EWARMv7\Flash\Obj\stm32f4xx_cryp_tdes.o
#        E:\WORK\YarnControl_Driver\YarnControl_Driver\src\stm32f4_rtos\Project\EWARMv7\Flash\Obj\stm32f4xx_dac.o
#        E:\WORK\YarnControl_Driver\YarnControl_Driver\src\stm32f4_rtos\Project\EWARMv7\Flash\Obj\stm32f4xx_dbgmcu.o
#        E:\WORK\YarnControl_Driver\YarnControl_Driver\src\stm32f4_rtos\Project\EWARMv7\Flash\Obj\stm32f4xx_dcmi.o
#        E:\WORK\YarnControl_Driver\YarnControl_Driver\src\stm32f4_rtos\Project\EWARMv7\Flash\Obj\stm32f4xx_dma.o
#        E:\WORK\YarnControl_Driver\YarnControl_Driver\src\stm32f4_rtos\Project\EWARMv7\Flash\Obj\stm32f4xx_dma2d.o
#        E:\WORK\YarnControl_Driver\YarnControl_Driver\src\stm32f4_rtos\Project\EWARMv7\Flash\Obj\stm32f4xx_exti.o
#        E:\WORK\YarnControl_Driver\YarnControl_Driver\src\stm32f4_rtos\Project\EWARMv7\Flash\Obj\stm32f4xx_flash.o
#        E:\WORK\YarnControl_Driver\YarnControl_Driver\src\stm32f4_rtos\Project\EWARMv7\Flash\Obj\stm32f4xx_fsmc.o
#        E:\WORK\YarnControl_Driver\YarnControl_Driver\src\stm32f4_rtos\Project\EWARMv7\Flash\Obj\stm32f4xx_gpio.o
#        E:\WORK\YarnControl_Driver\YarnControl_Driver\src\stm32f4_rtos\Project\EWARMv7\Flash\Obj\stm32f4xx_hash.o
#        E:\WORK\YarnControl_Driver\YarnControl_Driver\src\stm32f4_rtos\Project\EWARMv7\Flash\Obj\stm32f4xx_hash_md5.o
#        E:\WORK\YarnControl_Driver\YarnControl_Driver\src\stm32f4_rtos\Project\EWARMv7\Flash\Obj\stm32f4xx_hash_sha1.o
#        E:\WORK\YarnControl_Driver\YarnControl_Driver\src\stm32f4_rtos\Project\EWARMv7\Flash\Obj\stm32f4xx_i2c.o
#        E:\WORK\YarnControl_Driver\YarnControl_Driver\src\stm32f4_rtos\Project\EWARMv7\Flash\Obj\stm32f4xx_it.o
#        E:\WORK\YarnControl_Driver\YarnControl_Driver\src\stm32f4_rtos\Project\EWARMv7\Flash\Obj\stm32f4xx_iwdg.o
#        E:\WORK\YarnControl_Driver\YarnControl_Driver\src\stm32f4_rtos\Project\EWARMv7\Flash\Obj\stm32f4xx_ltdc.o
#        E:\WORK\YarnControl_Driver\YarnControl_Driver\src\stm32f4_rtos\Project\EWARMv7\Flash\Obj\stm32f4xx_pwr.o
#        E:\WORK\YarnControl_Driver\YarnControl_Driver\src\stm32f4_rtos\Project\EWARMv7\Flash\Obj\stm32f4xx_rcc.o
#        E:\WORK\YarnControl_Driver\YarnControl_Driver\src\stm32f4_rtos\Project\EWARMv7\Flash\Obj\stm32f4xx_rng.o
#        E:\WORK\YarnControl_Driver\YarnControl_Driver\src\stm32f4_rtos\Project\EWARMv7\Flash\Obj\stm32f4xx_rtc.o
#        E:\WORK\YarnControl_Driver\YarnControl_Driver\src\stm32f4_rtos\Project\EWARMv7\Flash\Obj\stm32f4xx_sai.o
#        E:\WORK\YarnControl_Driver\YarnControl_Driver\src\stm32f4_rtos\Project\EWARMv7\Flash\Obj\stm32f4xx_sdio.o
#        E:\WORK\YarnControl_Driver\YarnControl_Driver\src\stm32f4_rtos\Project\EWARMv7\Flash\Obj\stm32f4xx_spi.o
#        E:\WORK\YarnControl_Driver\YarnControl_Driver\src\stm32f4_rtos\Project\EWARMv7\Flash\Obj\stm32f4xx_syscfg.o
#        E:\WORK\YarnControl_Driver\YarnControl_Driver\src\stm32f4_rtos\Project\EWARMv7\Flash\Obj\stm32f4xx_tim.o
#        E:\WORK\YarnControl_Driver\YarnControl_Driver\src\stm32f4_rtos\Project\EWARMv7\Flash\Obj\stm32f4xx_usart.o
#        E:\WORK\YarnControl_Driver\YarnControl_Driver\src\stm32f4_rtos\Project\EWARMv7\Flash\Obj\stm32f4xx_wwdg.o
#        E:\WORK\YarnControl_Driver\YarnControl_Driver\src\stm32f4_rtos\Project\EWARMv7\Flash\Obj\SysInfoTest.o
#        E:\WORK\YarnControl_Driver\YarnControl_Driver\src\stm32f4_rtos\Project\EWARMv7\Flash\Obj\system_stm32f4xx.o
#        E:\WORK\YarnControl_Driver\YarnControl_Driver\src\stm32f4_rtos\Project\EWARMv7\Flash\Obj\tasks.o
#        E:\WORK\YarnControl_Driver\YarnControl_Driver\src\stm32f4_rtos\Project\EWARMv7\Flash\Obj\timers.o
#        E:\WORK\YarnControl_Driver\YarnControl_Driver\src\stm32f4_rtos\Project\EWARMv7\Flash\Obj\transport.o
#        E:\WORK\YarnControl_Driver\YarnControl_Driver\src\stm32f4_rtos\Project\EWARMv7\Flash\Obj\usb_bsp.o
#        E:\WORK\YarnControl_Driver\YarnControl_Driver\src\stm32f4_rtos\Project\EWARMv7\Flash\Obj\usb_core.o
#        E:\WORK\YarnControl_Driver\YarnControl_Driver\src\stm32f4_rtos\Project\EWARMv7\Flash\Obj\usb_hcd.o
#        E:\WORK\YarnControl_Driver\YarnControl_Driver\src\stm32f4_rtos\Project\EWARMv7\Flash\Obj\usb_hcd_int.o
#        E:\WORK\YarnControl_Driver\YarnControl_Driver\src\stm32f4_rtos\Project\EWARMv7\Flash\Obj\usbh_core.o
#        E:\WORK\YarnControl_Driver\YarnControl_Driver\src\stm32f4_rtos\Project\EWARMv7\Flash\Obj\usbh_hcs.o
#        E:\WORK\YarnControl_Driver\YarnControl_Driver\src\stm32f4_rtos\Project\EWARMv7\Flash\Obj\usbh_ioreq.o
#        E:\WORK\YarnControl_Driver\YarnControl_Driver\src\stm32f4_rtos\Project\EWARMv7\Flash\Obj\usbh_it.o
#        E:\WORK\YarnControl_Driver\YarnControl_Driver\src\stm32f4_rtos\Project\EWARMv7\Flash\Obj\usbh_msc_bot.o
#        E:\WORK\YarnControl_Driver\YarnControl_Driver\src\stm32f4_rtos\Project\EWARMv7\Flash\Obj\usbh_msc_core.o
#        E:\WORK\YarnControl_Driver\YarnControl_Driver\src\stm32f4_rtos\Project\EWARMv7\Flash\Obj\usbh_msc_scsi.o
#        E:\WORK\YarnControl_Driver\YarnControl_Driver\src\stm32f4_rtos\Project\EWARMv7\Flash\Obj\usbh_stdreq.o
#        E:\WORK\YarnControl_Driver\YarnControl_Driver\src\stm32f4_rtos\Project\EWARMv7\Flash\Obj\usbh_usr.o
#        -o
#        E:\WORK\YarnControl_Driver\YarnControl_Driver\src\stm32f4_rtos\Project\EWARMv7\Flash\Exe\project.out
#        --map
#        E:\WORK\YarnControl_Driver\YarnControl_Driver\src\stm32f4_rtos\Project\EWARMv7\Flash\List\project.map
#        --config
#        E:\WORK\YarnControl_Driver\YarnControl_Driver\src\stm32f4_rtos\Project\EWARMv7\stm32f4xx_flash.icf
#        --semihosting --entry __iar_program_start --inline --vfe
#
###############################################################################

*******************************************************************************
*** RUNTIME MODEL ATTRIBUTES
***

CppFlavor                     = *
__Heap_Handler                = DLMalloc
__SystemLibrary               = DLib
__dlib_dynamic_initialization = normal


*******************************************************************************
*** PLACEMENT SUMMARY
***

"A1":  place at 0x08000000 { ro section .intvec };
"P1":  place in [from 0x08000000 to 0x080fffff] { ro };
"P2":  place in [from 0x20000000 to 0x2001ffff] { rw, block CSTACK, block HEAP };

  Section             Kind        Address     Size  Object
  -------             ----        -------     ----  ------
"A1":                                        0x188
  .intvec             ro code  0x08000000    0x188  startup_stm32f40_41xxx.o [1]
                             - 0x08000188    0x188

"P1":                                      0x3dccc
  .rodata             const    0x08000188  0x15484  cc936.o [1]
  .rodata             const    0x0801560c  0x15484  cc936.o [1]
  .text               ro code  0x0802aa90   0x286c  apptask.o [1]
  .text               ro code  0x0802d2fc    0xc00  tasks.o [1]
  .text               ro code  0x0802defc    0x7c8  queue.o [1]
  .text               ro code  0x0802e6c4    0x712  bsp_sdwe050c17.o [1]
  .text               ro code  0x0802edd6      0xa  xsprout.o [3]
  .text               ro code  0x0802ede0     0x66  ABImemset.o [5]
  .text               ro code  0x0802ee48    0x370  bsp_w25qxx.o [1]
  .text               ro code  0x0802f1b8     0x76  ABImemcpy_unaligned.o [5]
  .text               ro code  0x0802f230     0x4e  FltToDbl.o [4]
  .text               ro code  0x0802f280     0x24  printf.o [3]
  .text               ro code  0x0802f2a4     0x42  strcmp_unaligned.o [5]
  .text               ro code  0x0802f2e8    0x204  bsp_timer.o [1]
  .text               ro code  0x0802f4ec    0x2ec  stm32f4xx_tim.o [1]
  .text               ro code  0x0802f7d8    0x184  product_cal.o [1]
  .text               ro code  0x0802f95c    0x1b6  usbh_usr.o [1]
  .text               ro code  0x0802fb14    0x760  usbh_core.o [1]
  .text               ro code  0x08030274   0x2264  ff.o [1]
  .text               ro code  0x080324d8     0x34  sprintf.o [3]
  .text               ro code  0x0803250c    0x256  DblDiv.o [4]
  .text               ro code  0x08032762     0x1c  strcat.o [3]
  .text               ro code  0x08032780     0x36  strlen.o [5]
  .text               ro code  0x080327b8     0xc0  bsp_led.o [1]
  .text               ro code  0x08032878     0xae  rc522.o [1]
  .text               ro code  0x08032928    0x354  modbus.o [1]
  .text               ro code  0x08032c7c     0x68  bsp_sw_onoff.o [1]
  .text               ro code  0x08032ce4     0x44  protocol.o [1]
  .text               ro code  0x08032d28     0x10  esp8266_handler.o [1]
  .text               ro code  0x08032d38    0x262  event_groups.o [1]
  .text               ro code  0x08032f9c    0x4a4  timers.o [1]
  .text               ro code  0x08033440      0x8  bsp_watchdog.o [1]
  .text               ro code  0x08033448    0x24c  port.o [1]
  .text               ro code  0x08033694     0x98  list.o [1]
  .text               ro code  0x0803372c    0x280  heap_4.o [1]
  .text               ro code  0x080339ac    0x1c4  stm32f4xx_rcc.o [1]
  .text               ro code  0x08033b70    0x12c  stm32f4xx_gpio.o [1]
  .text               ro code  0x08033c9c    0xab0  bsp_uart_fifo.o [1]
  .text               ro code  0x0803474c    0x124  bsp_spi.o [1]
  .text               ro code  0x08034870    0xd96  xprintffull_nomb.o [3]
  .text               ro code  0x08035608     0x88  misc.o [1]
  .text               ro code  0x08035690    0x14c  usb_bsp.o [1]
  .text               ro code  0x080357dc     0xd6  usb_hcd.o [1]
  .text               ro code  0x080358b2    0x1ba  usbh_hcs.o [1]
  .text               ro code  0x08035a6c    0x436  usbh_stdreq.o [1]
  .text               ro code  0x08035ea2    0x246  usbh_ioreq.o [1]
  .text               ro code  0x080360e8    0x2e4  diskio.o [1]
  .text               ro code  0x080363cc     0xf4  cc936.o [1]
  .text               ro code  0x080364c0     0xb8  mcheck.o [1]
  .text               ro code  0x08036578    0x21c  malloc.o [1]
  .text               ro code  0x08036794     0x2c  strstr.o [3]
  .text               ro code  0x080367c0     0x10  stm32f4xx_iwdg.o [1]
  CODE                ro code  0x080367d0     0xa8  portasm.o [1]
  .text               ro code  0x08036878    0x22e  stm32f4xx_usart.o [1]
  .text               ro code  0x08036aa8    0x2b4  stm32f4xx_dma.o [1]
  .text               ro code  0x08036d5c     0x74  stm32f4xx_spi.o [1]
  .text               ro code  0x08036dd0     0x16  strchr.o [5]
  .text               ro code  0x08036de8     0x58  memchr.o [5]
  .text               ro code  0x08036e40     0xee  I64DivMod.o [5]
  .text               ro code  0x08036f2e     0x42  xdnorm.o [4]
  .text               ro code  0x08036f70     0x2e  DblCmpLe.o [4]
  .text               ro code  0x08036fa0     0x2e  DblCmpGe.o [4]
  .text               ro code  0x08036fd0    0x114  xdscale.o [4]
  .text               ro code  0x080370e4     0x58  DblToI32.o [4]
  .text               ro code  0x0803713c     0x30  I32ToDbl.o [4]
  .text               ro code  0x0803716c    0x180  DblSub.o [4]
  .text               ro code  0x080372ec    0x1a2  DblMul.o [4]
  .text               ro code  0x08037490     0x6c  localeconv.o [3]
  .text               ro code  0x080374fc      0xe  div.o [3]
  .text               ro code  0x0803750c     0x74  bsp_dwt.o [1]
  .text               ro code  0x08037580    0xa50  usb_core.o [1]
  .text               ro code  0x08037fd0   0x1a58  bsp_sdio_sd.o [1]
  .text               ro code  0x08039a28    0x618  usbh_msc_scsi.o [1]
  .text               ro code  0x0803a040    0x554  usbh_msc_bot.o [1]
  .text               ro code  0x0803a594      0x2  I64DivZer.o [5]
  .text               ro code  0x0803a598     0xd4  DblAdd.o [4]
  .text               ro code  0x0803a66c    0x17c  stm32f4xx_sdio.o [1]
  .text               ro code  0x0803a7e8    0xc7e  usb_hcd_int.o [1]
  .text               ro code  0x0803b468    0x3e8  usbh_msc_core.o [1]
  .rodata             const    0x0803b850    0x3dc  cc936.o [1]
  .rodata             const    0x0803bc2c    0x3dc  cc936.o [1]
  .text               ro code  0x0803c008    0x2e0  bsp_tim_pwm.o [1]
  .text               ro code  0x0803c2e8    0x21c  bsp_stepmotor.o [1]
  .rodata             const    0x0803c504    0x1f4  apptask.o [1]
  .text               ro code  0x0803c6f8    0x19c  para.o [1]
  .text               ro code  0x0803c894    0x154  system_stm32f4xx.o [1]
  .rodata             const    0x0803c9e8    0x100  mcheck.o [1]
  .rodata             const    0x0803cae8    0x100  mcheck.o [1]
  .rodata             const    0x0803cbe8    0x100  mcheck.o [1]
  .text               ro code  0x0803cce8     0xd4  bsp_closeSW.o [1]
  .text               ro code  0x0803cdbc     0x54  stm32f4xx_syscfg.o [1]
  .text               ro code  0x0803ce10     0xc0  stm32f4xx_exti.o [1]
  .text               ro code  0x0803ced0     0xc4  bsp_servomotor.o [1]
  .text               ro code  0x0803cf94     0x50  bsp.o [1]
  .text               ro code  0x0803cfe4     0x40  zero_init3.o [5]
  .text               ro code  0x0803d024     0x3c  SysInfoTest.o [1]
  .rodata             const    0x0803d060     0x38  demo_fatfs.o [1]
  .text               ro code  0x0803d098     0x38  stm32f4xx_it.o [1]
  .text               ro code  0x0803d0d0     0x34  main.o [1]
  .rodata             const    0x0803d104     0x30  apptask.o [1]
  .rodata             const    0x0803d134     0x30  demo_fatfs.o [1]
  .rodata             const    0x0803d164     0x30  demo_fatfs.o [1]
  .rodata             const    0x0803d194     0x2c  apptask.o [1]
  .rodata             const    0x0803d1c0     0x2c  demo_fatfs.o [1]
  .rodata             const    0x0803d1ec     0x2c  demo_fatfs.o [1]
  .rodata             const    0x0803d218     0x2c  stm32f4xx_it.o [1]
  .text               ro code  0x0803d244     0x2c  copy_init3.o [5]
  .rodata             const    0x0803d270     0x28  demo_fatfs.o [1]
  .rodata             const    0x0803d298     0x28  demo_fatfs.o [1]
  .rodata             const    0x0803d2c0     0x28  demo_fatfs.o [1]
  .text               ro code  0x0803d2e8     0x28  data_init.o [5]
  .rodata             const    0x0803d310     0x24  demo_fatfs.o [1]
  .rodata             const    0x0803d334     0x24  demo_fatfs.o [1]
  .rodata             const    0x0803d358     0x24  usbh_usr.o [1]
  .text               ro code  0x0803d37c     0x22  fpinit_M.o [4]
  .iar.init_table     const    0x0803d3a0     0x2c  - Linker created -
  .rodata             const    0x0803d3cc     0x20  apptask.o [1]
  .rodata             const    0x0803d3ec     0x20  apptask.o [1]
  .rodata             const    0x0803d40c     0x20  bsp_sdwe050c17.o [1]
  .rodata             const    0x0803d42c     0x20  demo_fatfs.o [1]
  .rodata             const    0x0803d44c     0x20  demo_fatfs.o [1]
  .rodata             const    0x0803d46c     0x20  demo_fatfs.o [1]
  .rodata             const    0x0803d48c     0x20  usbh_usr.o [1]
  .rodata             const    0x0803d4ac     0x20  usbh_usr.o [1]
  .rodata             const    0x0803d4cc     0x20  usbh_usr.o [1]
  .rodata             const    0x0803d4ec     0x20  usbh_usr.o [1]
  .rodata             const    0x0803d50c     0x20  usbh_usr.o [1]
  .rodata             const    0x0803d52c     0x1c  apptask.o [1]
  .rodata             const    0x0803d548     0x1c  apptask.o [1]
  .rodata             const    0x0803d564     0x1c  apptask.o [1]
  .rodata             const    0x0803d580     0x1c  apptask.o [1]
  .rodata             const    0x0803d59c     0x1c  apptask.o [1]
  .rodata             const    0x0803d5b8     0x1c  demo_fatfs.o [1]
  .rodata             const    0x0803d5d4     0x1c  demo_fatfs.o [1]
  .rodata             const    0x0803d5f0     0x1c  usbh_usr.o [1]
  .rodata             const    0x0803d60c     0x1c  usbh_usr.o [1]
  .rodata             const    0x0803d628     0x1c  usbh_usr.o [1]
  .rodata             const    0x0803d644     0x1c  usbh_usr.o [1]
  .rodata             const    0x0803d660     0x1c  usbh_usr.o [1]
  .rodata             const    0x0803d67c     0x1c  usbh_usr.o [1]
  .text               ro code  0x0803d698     0x1a  cmain.o [5]
  .text               ro code  0x0803d6b2      0x4  exit.o [3]
  .text               ro code  0x0803d6b8      0xa  cexit.o [5]
  .text               ro code  0x0803d6c4     0x14  exit.o [6]
  .rodata             const    0x0803d6d8     0x18  apptask.o [1]
  .rodata             const    0x0803d6f0     0x18  apptask.o [1]
  .rodata             const    0x0803d708     0x18  apptask.o [1]
  .rodata             const    0x0803d720     0x18  apptask.o [1]
  .rodata             const    0x0803d738     0x18  apptask.o [1]
  .rodata             const    0x0803d750     0x18  apptask.o [1]
  .rodata             const    0x0803d768     0x18  apptask.o [1]
  .rodata             const    0x0803d780     0x18  demo_fatfs.o [1]
  .rodata             const    0x0803d798     0x18  demo_fatfs.o [1]
  .rodata             const    0x0803d7b0     0x18  demo_fatfs.o [1]
  .rodata             const    0x0803d7c8     0x18  demo_fatfs.o [1]
  .rodata             const    0x0803d7e0     0x18  usbh_usr.o [1]
  .rodata             const    0x0803d7f8     0x18  usbh_usr.o [1]
  .rodata             const    0x0803d810     0x18  usbh_usr.o [1]
  .rodata             const    0x0803d828     0x18  usbh_usr.o [1]
  .rodata             const    0x0803d840     0x18  usbh_usr.o [1]
  .text               ro code  0x0803d858     0x16  xprout.o [3]
  .text               ro code  0x0803d870      0xc  putchar.o [3]
  .rodata             const    0x0803d87c     0x14  apptask.o [1]
  .rodata             const    0x0803d890     0x14  apptask.o [1]
  .rodata             const    0x0803d8a4     0x14  apptask.o [1]
  .rodata             const    0x0803d8b8     0x14  apptask.o [1]
  .rodata             const    0x0803d8cc     0x14  apptask.o [1]
  .rodata             const    0x0803d8e0     0x14  usbh_usr.o [1]
  .rodata             const    0x0803d8f4     0x14  usbh_usr.o [1]
  .rodata             const    0x0803d908     0x10  apptask.o [1]
  .rodata             const    0x0803d918     0x10  apptask.o [1]
  .rodata             const    0x0803d928     0x10  apptask.o [1]
  .rodata             const    0x0803d938     0x10  apptask.o [1]
  .rodata             const    0x0803d948     0x10  apptask.o [1]
  .rodata             const    0x0803d958     0x10  apptask.o [1]
  .rodata             const    0x0803d968     0x10  apptask.o [1]
  .rodata             const    0x0803d978     0x10  apptask.o [1]
  .rodata             const    0x0803d988     0x10  apptask.o [1]
  .rodata             const    0x0803d998     0x10  ff.o [1]
  .rodata             const    0x0803d9a8     0x10  main.o [1]
  .rodata             const    0x0803d9b8     0x10  main.o [1]
  .rodata             const    0x0803d9c8     0x10  usbh_usr.o [1]
  .rodata             const    0x0803d9d8     0x10  usbh_usr.o [1]
  .text               ro code  0x0803d9e8     0x10  startup_stm32f40_41xxx.o [1]
  .text               ro code  0x0803d9f8     0x10  usbh_it.o [1]
  .rodata             const    0x0803da08      0xc  apptask.o [1]
  .rodata             const    0x0803da14      0xc  apptask.o [1]
  .rodata             const    0x0803da20      0xc  apptask.o [1]
  .rodata             const    0x0803da2c      0xc  apptask.o [1]
  .rodata             const    0x0803da38      0xc  apptask.o [1]
  .rodata             const    0x0803da44      0xc  apptask.o [1]
  .rodata             const    0x0803da50      0xc  apptask.o [1]
  .rodata             const    0x0803da5c      0xc  apptask.o [1]
  .rodata             const    0x0803da68      0xc  apptask.o [1]
  .rodata             const    0x0803da74      0xc  apptask.o [1]
  .rodata             const    0x0803da80      0xc  apptask.o [1]
  .rodata             const    0x0803da8c      0xc  apptask.o [1]
  .rodata             const    0x0803da98      0xc  apptask.o [1]
  .rodata             const    0x0803daa4      0xc  apptask.o [1]
  .rodata             const    0x0803dab0      0xc  bsp_sdwe050c17.o [1]
  .rodata             const    0x0803dabc      0xc  bsp_sdwe050c17.o [1]
  .rodata             const    0x0803dac8      0xc  bsp_uart_fifo.o [1]
  .rodata             const    0x0803dad4      0xc  demo_fatfs.o [1]
  .rodata             const    0x0803dae0      0xc  ff.o [1]
  .text               ro code  0x0803daec      0xc  cstartup_M.o [5]
  .rodata             const    0x0803daf8      0x8  apptask.o [1]
  .rodata             const    0x0803db00      0x8  apptask.o [1]
  .rodata             const    0x0803db08      0x8  apptask.o [1]
  .rodata             const    0x0803db10      0x8  apptask.o [1]
  .rodata             const    0x0803db18      0x8  apptask.o [1]
  .rodata             const    0x0803db20      0x8  apptask.o [1]
  .rodata             const    0x0803db28      0x8  apptask.o [1]
  .rodata             const    0x0803db30      0x8  apptask.o [1]
  .rodata             const    0x0803db38      0x8  apptask.o [1]
  .rodata             const    0x0803db40      0x8  bsp_w25qxx.o [1]
  .rodata             const    0x0803db48      0x8  ff.o [1]
  .rodata             const    0x0803db50      0x8  malloc.o [1]
  .rodata             const    0x0803db58      0x8  malloc.o [1]
  .rodata             const    0x0803db60      0x8  malloc.o [1]
  .rodata             const    0x0803db68      0x8  tasks.o [1]
  .rodata             const    0x0803db70      0x8  timers.o [1]
  .rodata             const    0x0803db78      0x4  heap_4.o [1]
  .rodata             const    0x0803db7c      0x4  port.o [1]
  .text               ro code  0x0803db80      0x4  startup_stm32f40_41xxx.o [1]
  .text               ro code  0x0803db84      0x4  startup_stm32f40_41xxx.o [1]
  .text               ro code  0x0803db88      0x4  startup_stm32f40_41xxx.o [1]
  .text               ro code  0x0803db8c      0x4  startup_stm32f40_41xxx.o [1]
  .text               ro code  0x0803db90      0x4  startup_stm32f40_41xxx.o [1]
  .text               ro code  0x0803db94      0x4  startup_stm32f40_41xxx.o [1]
  .text               ro code  0x0803db98      0x4  startup_stm32f40_41xxx.o [1]
  .text               ro code  0x0803db9c      0x4  startup_stm32f40_41xxx.o [1]
  .text               ro code  0x0803dba0      0x4  startup_stm32f40_41xxx.o [1]
  .text               ro code  0x0803dba4      0x4  startup_stm32f40_41xxx.o [1]
  .text               ro code  0x0803dba8      0x4  startup_stm32f40_41xxx.o [1]
  .text               ro code  0x0803dbac      0x4  startup_stm32f40_41xxx.o [1]
  .text               ro code  0x0803dbb0      0x4  startup_stm32f40_41xxx.o [1]
  .text               ro code  0x0803dbb4      0x4  startup_stm32f40_41xxx.o [1]
  .text               ro code  0x0803dbb8      0x4  startup_stm32f40_41xxx.o [1]
  .text               ro code  0x0803dbbc      0x4  startup_stm32f40_41xxx.o [1]
  .text               ro code  0x0803dbc0      0x4  startup_stm32f40_41xxx.o [1]
  .text               ro code  0x0803dbc4      0x4  startup_stm32f40_41xxx.o [1]
  .text               ro code  0x0803dbc8      0x4  startup_stm32f40_41xxx.o [1]
  .text               ro code  0x0803dbcc      0x4  startup_stm32f40_41xxx.o [1]
  .text               ro code  0x0803dbd0      0x4  startup_stm32f40_41xxx.o [1]
  .text               ro code  0x0803dbd4      0x4  startup_stm32f40_41xxx.o [1]
  .text               ro code  0x0803dbd8      0x4  startup_stm32f40_41xxx.o [1]
  .text               ro code  0x0803dbdc      0x4  startup_stm32f40_41xxx.o [1]
  .text               ro code  0x0803dbe0      0x4  startup_stm32f40_41xxx.o [1]
  .text               ro code  0x0803dbe4      0x4  startup_stm32f40_41xxx.o [1]
  .text               ro code  0x0803dbe8      0x4  startup_stm32f40_41xxx.o [1]
  .text               ro code  0x0803dbec      0x4  startup_stm32f40_41xxx.o [1]
  .text               ro code  0x0803dbf0      0x4  startup_stm32f40_41xxx.o [1]
  .text               ro code  0x0803dbf4      0x4  startup_stm32f40_41xxx.o [1]
  .text               ro code  0x0803dbf8      0x4  startup_stm32f40_41xxx.o [1]
  .text               ro code  0x0803dbfc      0x4  startup_stm32f40_41xxx.o [1]
  .text               ro code  0x0803dc00      0x4  startup_stm32f40_41xxx.o [1]
  .text               ro code  0x0803dc04      0x4  startup_stm32f40_41xxx.o [1]
  .text               ro code  0x0803dc08      0x4  startup_stm32f40_41xxx.o [1]
  .text               ro code  0x0803dc0c      0x4  startup_stm32f40_41xxx.o [1]
  .text               ro code  0x0803dc10      0x4  startup_stm32f40_41xxx.o [1]
  .text               ro code  0x0803dc14      0x4  startup_stm32f40_41xxx.o [1]
  .text               ro code  0x0803dc18      0x4  startup_stm32f40_41xxx.o [1]
  .text               ro code  0x0803dc1c      0x4  startup_stm32f40_41xxx.o [1]
  .text               ro code  0x0803dc20      0x4  startup_stm32f40_41xxx.o [1]
  .text               ro code  0x0803dc24      0x4  startup_stm32f40_41xxx.o [1]
  .text               ro code  0x0803dc28      0x4  startup_stm32f40_41xxx.o [1]
  .text               ro code  0x0803dc2c      0x4  startup_stm32f40_41xxx.o [1]
  .text               ro code  0x0803dc30      0x4  startup_stm32f40_41xxx.o [1]
  .text               ro code  0x0803dc34      0x4  startup_stm32f40_41xxx.o [1]
  .text               ro code  0x0803dc38      0x4  startup_stm32f40_41xxx.o [1]
  .text               ro code  0x0803dc3c      0x4  startup_stm32f40_41xxx.o [1]
  .text               ro code  0x0803dc40      0x4  startup_stm32f40_41xxx.o [1]
  .text               ro code  0x0803dc44      0x4  startup_stm32f40_41xxx.o [1]
  .text               ro code  0x0803dc48      0x4  startup_stm32f40_41xxx.o [1]
  .text               ro code  0x0803dc4c      0x4  startup_stm32f40_41xxx.o [1]
  .text               ro code  0x0803dc50      0x4  startup_stm32f40_41xxx.o [1]
  .text               ro code  0x0803dc54      0x4  startup_stm32f40_41xxx.o [1]
  .text               ro code  0x0803dc58      0x4  startup_stm32f40_41xxx.o [1]
  .text               ro code  0x0803dc5c      0x4  startup_stm32f40_41xxx.o [1]
  .text               ro code  0x0803dc60      0x4  startup_stm32f40_41xxx.o [1]
  .text               ro code  0x0803dc64      0x4  startup_stm32f40_41xxx.o [1]
  .text               ro code  0x0803dc68      0x4  startup_stm32f40_41xxx.o [1]
  .text               ro code  0x0803dc6c      0x4  startup_stm32f40_41xxx.o [1]
  .text               ro code  0x0803dc70      0x4  startup_stm32f40_41xxx.o [1]
  .text               ro code  0x0803dc74      0x4  startup_stm32f40_41xxx.o [1]
  .text               ro code  0x0803dc78      0x4  startup_stm32f40_41xxx.o [1]
  .text               ro code  0x0803dc7c      0x4  startup_stm32f40_41xxx.o [1]
  .text               ro code  0x0803dc80      0x4  startup_stm32f40_41xxx.o [1]
  .text               ro code  0x0803dc84      0x4  startup_stm32f40_41xxx.o [1]
  .text               ro code  0x0803dc88      0x4  startup_stm32f40_41xxx.o [1]
  .text               ro code  0x0803dc8c      0x4  startup_stm32f40_41xxx.o [1]
  .text               ro code  0x0803dc90      0x4  startup_stm32f40_41xxx.o [1]
  .text               ro code  0x0803dc94      0x4  startup_stm32f40_41xxx.o [1]
  .text               ro code  0x0803dc98      0x4  startup_stm32f40_41xxx.o [1]
  .rodata             const    0x0803dc9c      0x0  zero_init3.o [5]
  .rodata             const    0x0803dc9c      0x0  copy_init3.o [5]
  Initializer bytes   const    0x0803dc9c    0x1b8  <for P2 s0>
                             - 0x0803de54  0x3dccc

"P2":                                      0x1cd70
  P2 s0                        0x20000000    0x1b8  <Init block>
    __DLIB_PERTHREAD  inited   0x20000000     0x88  localeconv.o [3]
    .data             inited   0x20000088     0x50  demo_fatfs.o [1]
    .data             inited   0x200000d8     0x48  usbh_usr.o [1]
    .data             inited   0x20000120     0x40  xfiles.o [3]
    .data             inited   0x20000160     0x1c  malloc.o [1]
    .data             inited   0x2000017c     0x10  stm32f4xx_rcc.o [1]
    .data             inited   0x2000018c     0x10  usbh_msc_core.o [1]
    .data             inited   0x2000019c      0xc  usbh_core.o [1]
    .data             inited   0x200001a8      0x4  port.o [1]
    .data             inited   0x200001ac      0x4  system_stm32f4xx.o [1]
    .data             inited   0x200001b0      0x4  usbh_core.o [1]
    .data             inited   0x200001b4      0x2  bsp_w25qxx.o [1]
    .data             inited   0x200001b6      0x1  usbh_msc_scsi.o [1]
  .bss                zero     0x200001b8   0xf000  heap_4.o [1]
  .bss                zero     0x2000f1b8   0xa000  malloc.o [1]
  .bss                zero     0x200191b8   0x1000  bsp_w25qxx.o [1]
  .bss                zero     0x2001a1b8    0xa00  malloc.o [1]
  .bss                zero     0x2001abb8    0x5ac  usbh_usr.o [1]
  .bss                zero     0x2001b164    0x5ac  usbh_usr.o [1]
  .bss                zero     0x2001b710    0x200  ff.o [1]
  .bss                zero     0x2001b910    0x200  usbh_msc_scsi.o [1]
  .bss                zero     0x2001bb10    0x200  usbh_stdreq.o [1]
  .bss                zero     0x2001bd10     0xa4  protocol.o [1]
  .bss                zero     0x2001bdb4     0xa0  tasks.o [1]
  .bss                zero     0x2001be54     0x94  usbh_usr.o [1]
  .bss                zero     0x2001bee8     0x70  protocol.o [1]
  .bss                zero     0x2001bf58     0x64  bsp_uart_fifo.o [1]
  .bss                zero     0x2001bfbc     0x64  bsp_uart_fifo.o [1]
  .bss                zero     0x2001c020     0x64  bsp_uart_fifo.o [1]
  .bss                zero     0x2001c084     0x4c  usbh_msc_core.o [1]
  .bss                zero     0x2001c0d0     0x58  bsp_sdio_sd.o [1]
  .bss                zero     0x2001c128     0x50  protocol.o [1]
  .bss                zero     0x2001c178     0x50  xfiles.o [3]
  .bss                zero     0x2001c1c8     0x3c  product_cal.o [1]
  .bss                zero     0x2001c204     0x34  bsp_sdwe050c17.o [1]
  .bss                zero     0x2001c238     0x34  para.o [1]
  .bss                zero     0x2001c26c     0x28  bsp_uart_fifo.o [1]
  .bss                zero     0x2001c294     0x24  ff.o [1]
  .bss                zero     0x2001c2b8     0x20  usbh_msc_bot.o [1]
  .bss                zero     0x2001c2d8     0x18  bsp_sdio_sd.o [1]
  .bss                zero     0x2001c2f0     0x18  bsp_sdio_sd.o [1]
  .bss                zero     0x2001c308     0x14  bsp_sdio_sd.o [1]
  .bss                zero     0x2001c31c     0x14  rc522.o [1]
  .bss                zero     0x2001c330     0x14  tasks.o [1]
  .bss                zero     0x2001c344     0x14  tasks.o [1]
  .bss                zero     0x2001c358     0x14  tasks.o [1]
  .bss                zero     0x2001c36c     0x14  tasks.o [1]
  .bss                zero     0x2001c380     0x14  tasks.o [1]
  .bss                zero     0x2001c394     0x14  timers.o [1]
  .bss                zero     0x2001c3a8     0x14  timers.o [1]
  .bss                zero     0x2001c3bc     0x10  bsp_sdio_sd.o [1]
  .bss                zero     0x2001c3cc     0x10  bsp_sdio_sd.o [1]
  .bss                zero     0x2001c3dc     0x10  usbh_msc_bot.o [1]
  .bss                zero     0x2001c3ec     0x10  usbh_msc_bot.o [1]
  .bss                zero     0x2001c3fc     0x10  usbh_msc_scsi.o [1]
  .bss                zero     0x2001c40c      0xc  apptask.o [1]
  .bss                zero     0x2001c418      0xc  apptask.o [1]
  .bss                zero     0x2001c424      0xc  ff.o [1]
  .bss                zero     0x2001c430      0xc  protocol.o [1]
  .bss                zero     0x2001c43c      0xc  protocol.o [1]
  .bss                zero     0x2001c448      0xc  protocol.o [1]
  .bss                zero     0x2001c454      0x8  heap_4.o [1]
  .bss                zero     0x2001c45c      0x8  modbus.o [1]
  .bss                zero     0x2001c464      0x8  protocol.o [1]
  .bss                zero     0x2001c46c      0x4  apptask.o [1]
  .bss                zero     0x2001c470      0x4  apptask.o [1]
  .bss                zero     0x2001c474      0x4  apptask.o [1]
  .bss                zero     0x2001c478      0x4  apptask.o [1]
  .bss                zero     0x2001c47c      0x4  apptask.o [1]
  .bss                zero     0x2001c480      0x4  apptask.o [1]
  .bss                zero     0x2001c484      0x4  apptask.o [1]
  .bss                zero     0x2001c488      0x4  apptask.o [1]
  .bss                zero     0x2001c48c      0x4  apptask.o [1]
  .bss                zero     0x2001c490      0x4  apptask.o [1]
  .bss                zero     0x2001c494      0x4  apptask.o [1]
  .bss                zero     0x2001c498      0x4  apptask.o [1]
  .bss                zero     0x2001c49c      0x4  apptask.o [1]
  .bss                zero     0x2001c4a0      0x4  apptask.o [1]
  .bss                zero     0x2001c4a4      0x4  apptask.o [1]
  .bss                zero     0x2001c4a8      0x4  apptask.o [1]
  .bss                zero     0x2001c4ac      0x4  apptask.o [1]
  .bss                zero     0x2001c4b0      0x4  bsp_sdio_sd.o [1]
  .bss                zero     0x2001c4b4      0x4  bsp_sdio_sd.o [1]
  .bss                zero     0x2001c4b8      0x4  bsp_sdio_sd.o [1]
  .bss                zero     0x2001c4bc      0x4  bsp_sdio_sd.o [1]
  .bss                zero     0x2001c4c0      0x4  bsp_sdio_sd.o [1]
  .bss                zero     0x2001c4c4      0x4  bsp_timer.o [1]
  .bss                zero     0x2001c4c8      0x4  bsp_timer.o [1]
  .bss                zero     0x2001c4cc      0x4  bsp_timer.o [1]
  .bss                zero     0x2001c4d0      0x4  bsp_timer.o [1]
  .bss                zero     0x2001c4d4      0x4  heap_4.o [1]
  .bss                zero     0x2001c4d8      0x4  heap_4.o [1]
  .bss                zero     0x2001c4dc      0x4  heap_4.o [1]
  .bss                zero     0x2001c4e0      0x4  heap_4.o [1]
  .bss                zero     0x2001c4e4      0x4  port.o [1]
  .bss                zero     0x2001c4e8      0x4  SysInfoTest.o [1]
  .bss                zero     0x2001c4ec      0x4  tasks.o [1]
  .bss                zero     0x2001c4f0      0x4  tasks.o [1]
  .bss                zero     0x2001c4f4      0x4  tasks.o [1]
  .bss                zero     0x2001c4f8      0x4  tasks.o [1]
  .bss                zero     0x2001c4fc      0x4  tasks.o [1]
  .bss                zero     0x2001c500      0x4  tasks.o [1]
  .bss                zero     0x2001c504      0x4  tasks.o [1]
  .bss                zero     0x2001c508      0x4  tasks.o [1]
  .bss                zero     0x2001c50c      0x4  tasks.o [1]
  .bss                zero     0x2001c510      0x4  tasks.o [1]
  .bss                zero     0x2001c514      0x4  tasks.o [1]
  .bss                zero     0x2001c518      0x4  tasks.o [1]
  .bss                zero     0x2001c51c      0x4  tasks.o [1]
  .bss                zero     0x2001c520      0x4  tasks.o [1]
  .bss                zero     0x2001c524      0x4  tasks.o [1]
  .bss                zero     0x2001c528      0x4  tasks.o [1]
  .bss                zero     0x2001c52c      0x4  timers.o [1]
  .bss                zero     0x2001c530      0x4  timers.o [1]
  .bss                zero     0x2001c534      0x4  timers.o [1]
  .bss                zero     0x2001c538      0x4  timers.o [1]
  .bss                zero     0x2001c53c      0x4  usbh_msc_bot.o [1]
  .bss                zero     0x2001c540      0x4  usbh_msc_bot.o [1]
  .bss                zero     0x2001c544      0x4  usbh_msc_bot.o [1]
  .bss                zero     0x2001c548      0x4  usbh_msc_bot.o [1]
  .bss                zero     0x2001c54c      0x2  apptask.o [1]
  .bss                zero     0x2001c54e      0x2  apptask.o [1]
  .bss                zero     0x2001c550      0x2  apptask.o [1]
  .bss                zero     0x2001c552      0x2  apptask.o [1]
  .bss                zero     0x2001c554      0x2  bsp_sdwe050c17.o [1]
  .bss                zero     0x2001c556      0x2  ff.o [1]
  .bss                zero     0x2001c558      0x2  usbh_core.o [1]
  .bss                zero     0x2001c55a      0x2  usbh_stdreq.o [1]
  .bss                zero     0x2001c55c      0x1  apptask.o [1]
  .bss                zero     0x2001c55d      0x1  apptask.o [1]
  .bss                zero     0x2001c55e      0x1  apptask.o [1]
  .bss                zero     0x2001c55f      0x1  apptask.o [1]
  .bss                zero     0x2001c560      0x1  apptask.o [1]
  .bss                zero     0x2001c561      0x1  bsp_sdio_sd.o [1]
  .bss                zero     0x2001c562      0x1  bsp_uart_fifo.o [1]
  .bss                zero     0x2001c563      0x1  port.o [1]
  .bss                zero     0x2001c564      0x1  protocol.o [1]
  .bss                zero     0x2001c565      0x1  rc522.o [1]
  .bss                zero     0x2001c566      0x1  rc522.o [1]
  .bss                zero     0x2001c567      0x1  usbh_msc_bot.o [1]
  .bss                zero     0x2001c568      0x1  usbh_msc_core.o [1]
  .bss                zero     0x2001c569      0x1  usbh_msc_core.o [1]
  .bss                zero     0x2001c56a      0x1  usbh_stdreq.o [1]
  .bss                zero     0x2001c56b      0x1  usbh_usr.o [1]
  CSTACK                       0x2001c570    0x800  <Block>
    CSTACK            uninit   0x2001c570    0x800  <Block tail>
                             - 0x2001cd70  0x1cd70

Absolute sections:                         0xff000
  .bss                zero     0x68000000  0xf0000  malloc.o [1]
  .bss                zero     0x680f0000   0xf000  malloc.o [1]
                             - 0x680ff000  0xff000


*******************************************************************************
*** INIT TABLE
***

          Address     Size
          -------     ----
Zero (__iar_zero_init3)
    2 destination ranges, total size 0x11b3b4:
          0x200001b8  0x1c3b4
          0x68000000  0xff000

Copy (__iar_copy_init3)
    1 source range, total size 0x1b8 (100% of destination):
          0x0803dc9c    0x1b8
    1 destination range, total size 0x1b7:
          0x20000000    0x1b7



*******************************************************************************
*** MODULE SUMMARY
***

    Module                    ro code  ro data  rw data    rw data
                                                            (abs)
    ------                    -------  -------  -------    -------
E:\WORK\YarnControl_Driver\YarnControl_Driver\src\stm32f4_rtos\Project\EWARMv7\Flash\Obj: [1]
    SysInfoTest.o                  60                 4
    apptask.o                  10 348    1 448      105
    bsp.o                          80
    bsp_closeSW.o                 212
    bsp_dwt.o                     116
    bsp_led.o                     192
    bsp_sdio_sd.o               6 744               209
    bsp_sdwe050c17.o            1 810       56       54
    bsp_servomotor.o              196
    bsp_spi.o                     292
    bsp_stepmotor.o               540
    bsp_sw_onoff.o                104
    bsp_tim_pwm.o                 736
    bsp_timer.o                   516                16
    bsp_uart_fifo.o             2 736       12      341
    bsp_w25qxx.o                  880       10    4 098
    bsp_watchdog.o                  8
    cc936.o                       244  176 320
    demo_fatfs.o                           772       80
    diskio.o                      740
    esp8266_handler.o              16
    event_groups.o                610
    ff.o                        8 804       36      562
    heap_4.o                      640        4   61 464
    list.o                        152
    main.o                         52       32
    malloc.o                      540       52   43 548  1 044 480
    mcheck.o                      184      768
    misc.o                        136
    modbus.o                      852                 8
    para.o                        412                52
    port.o                        588        8        9
    portasm.o                     168
    product_cal.o                 388                60
    protocol.o                     68               401
    queue.o                     1 992
    rc522.o                       174                22
    startup_stm32f40_41xxx.o      692
    stm32f4xx_dma.o               692
    stm32f4xx_exti.o              192
    stm32f4xx_gpio.o              300
    stm32f4xx_it.o                 56       44
    stm32f4xx_iwdg.o               16
    stm32f4xx_rcc.o               452       16       16
    stm32f4xx_sdio.o              380
    stm32f4xx_spi.o               116
    stm32f4xx_syscfg.o             84
    stm32f4xx_tim.o               748
    stm32f4xx_usart.o             558
    system_stm32f4xx.o            340        4        4
    tasks.o                     3 072        8      324
    timers.o                    1 188        8       56
    usb_bsp.o                     332
    usb_core.o                  2 640
    usb_hcd.o                     214
    usb_hcd_int.o               3 198
    usbh_core.o                 1 888       16       18
    usbh_hcs.o                    442
    usbh_ioreq.o                  582
    usbh_it.o                      16
    usbh_msc_bot.o              1 364                81
    usbh_msc_core.o             1 000       16       94
    usbh_msc_scsi.o             1 560        1      529
    usbh_stdreq.o               1 078               515
    usbh_usr.o                    438      628    3 125
    --------------------------------------------------------------
    Total:                     65 968  180 259  115 795  1 044 480

command line: [2]
    --------------------------------------------------------------
    Total:

dl7M_tlf.a: [3]
    div.o                          14
    exit.o                          4
    localeconv.o                  108      136      136
    printf.o                       36
    putchar.o                      12
    sprintf.o                      52
    strcat.o                       28
    strstr.o                       44
    xfiles.o                                64      144
    xprintffull_nomb.o          3 478
    xprout.o                       22
    xsprout.o                      10
    --------------------------------------------------------------
    Total:                      3 808      200      280

m7M_tls.a: [4]
    DblAdd.o                      212
    DblCmpGe.o                     46
    DblCmpLe.o                     46
    DblDiv.o                      598
    DblMul.o                      418
    DblSub.o                      384
    DblToI32.o                     88
    FltToDbl.o                     78
    I32ToDbl.o                     48
    fpinit_M.o                     34
    xdnorm.o                       66
    xdscale.o                     276
    --------------------------------------------------------------
    Total:                      2 294

rt7M_tl.a: [5]
    ABImemcpy_unaligned.o         118
    ABImemset.o                   102
    I64DivMod.o                   238
    I64DivZer.o                     2
    cexit.o                        10
    cmain.o                        26
    copy_init3.o                   44
    cstartup_M.o                   12
    data_init.o                    40
    memchr.o                       88
    strchr.o                       22
    strcmp_unaligned.o             66
    strlen.o                       54
    zero_init3.o                   64
    --------------------------------------------------------------
    Total:                        886

shb_l.a: [6]
    exit.o                         20
    --------------------------------------------------------------
    Total:                         20

    Gaps                           42        2
    Linker created                          45    2 048
------------------------------------------------------------------
    Grand Total:               73 018  180 506  118 123  1 044 480


*******************************************************************************
*** ENTRY LIST
***

Entry                      Address     Size  Type      Object
-----                      -------     ----  ----      ------
.iar.init_table$$Base   0x0803d3a0            --   Gb  - Linker created -
.iar.init_table$$Limit  0x0803d3cc            --   Gb  - Linker created -
?main                   0x0803d699           Code  Gb  cmain.o [5]
APBAHBPrescTable        0x2000017c     0x10  Data  Lc  stm32f4xx_rcc.o [1]
AppObjCreate            0x0802cfed    0x10a  Code  Gb  apptask.o [1]
AppTaskCreate           0x0802cebd    0x108  Code  Gb  apptask.o [1]
BOTStallErrorCount      0x2001c53c      0x4  Data  Lc  usbh_msc_bot.o [1]
BusFault_Handler        0x0803d0cb      0x2  Code  Gb  stm32f4xx_it.o [1]
CID_Tab                 0x2001c3cc     0x10  Data  Lc  bsp_sdio_sd.o [1]
CRC16HiTable            0x0803c9e8    0x100  Data  Gb  mcheck.o [1]
CRC16LoTable            0x0803cae8    0x100  Data  Gb  mcheck.o [1]
CRC8Table               0x0803cbe8    0x100  Data  Gb  mcheck.o [1]
CSD_Tab                 0x2001c3bc     0x10  Data  Lc  bsp_sdio_sd.o [1]
CSTACK$$Base            0x2001c570            --   Gb  - Linker created -
CSTACK$$Limit           0x2001cd70            --   Gb  - Linker created -
CardType                0x2001c4b0      0x4  Data  Lc  bsp_sdio_sd.o [1]
CmdError                0x08039139     0x38  Code  Lc  bsp_sdio_sd.o [1]
CmdResp1Error           0x080391dd    0x112  Code  Lc  bsp_sdio_sd.o [1]
CmdResp2Error           0x0803932d     0x52  Code  Lc  bsp_sdio_sd.o [1]
CmdResp3Error           0x080392ef     0x3e  Code  Lc  bsp_sdio_sd.o [1]
CmdResp6Error           0x0803937f     0xa6  Code  Lc  bsp_sdio_sd.o [1]
CmdResp7Error           0x08039171     0x58  Code  Lc  bsp_sdio_sd.o [1]
ConfigExitNVIC          0x0803cd53     0x22  Code  Gb  bsp_closeSW.o [1]
ConfigUartNVIC          0x080340f5     0x9a  Code  Lc  bsp_uart_fifo.o [1]
DMA2_Stream3_IRQHandler
                        0x08039a21      0x8  Code  Gb  bsp_sdio_sd.o [1]
DMAEndOfTransfer        0x2001c4c0      0x4  Data  Gb  bsp_sdio_sd.o [1]
DMA_ClearFlag           0x08036c8b     0x24  Code  Gb  stm32f4xx_dma.o [1]
DMA_Cmd                 0x08036c41     0x1a  Code  Gb  stm32f4xx_dma.o [1]
DMA_DeInit              0x08036aa9    0x140  Code  Gb  stm32f4xx_dma.o [1]
DMA_FlowControllerConfig
                        0x08036c5b     0x18  Code  Gb  stm32f4xx_dma.o [1]
DMA_GetCmdStatus        0x08036c73     0x18  Code  Gb  stm32f4xx_dma.o [1]
DMA_ITConfig            0x08036caf     0x42  Code  Gb  stm32f4xx_dma.o [1]
DMA_Init                0x08036be9     0x58  Code  Gb  stm32f4xx_dma.o [1]
DebugMon_Handler        0x0803d0cf      0x2  Code  Gb  stm32f4xx_it.o [1]
DiskFile_init           0x08032ce5     0x40  Code  Gb  protocol.o [1]
Disk_File               0x2001bee8     0x70  Data  Gb  protocol.o [1]
EXTI9_5_IRQHandler      0x0803cd75     0x3c  Code  Gb  bsp_closeSW.o [1]
EXTI_ClearITPendingBit  0x0803ceb3      0x6  Code  Gb  stm32f4xx_exti.o [1]
EXTI_GetITStatus        0x0803ce99     0x1a  Code  Gb  stm32f4xx_exti.o [1]
EXTI_Init               0x0803ce11     0x88  Code  Gb  stm32f4xx_exti.o [1]
FR_Table                0x20000088     0x50  Data  Gb  demo_fatfs.o [1]
FatFs                   0x2001c424      0xc  Data  Lc  ff.o [1]
File_info               0x2001c128     0x50  Data  Gb  protocol.o [1]
Files                   0x2001c294     0x24  Data  Lc  ff.o [1]
FindSCR                 0x080395cd    0x206  Code  Lc  bsp_sdio_sd.o [1]
Fsid                    0x2001c556      0x2  Data  Lc  ff.o [1]
GPIO_Init               0x08033b71     0xaa  Code  Gb  stm32f4xx_gpio.o [1]
GPIO_PinAFConfig        0x08033c43     0x5a  Code  Gb  stm32f4xx_gpio.o [1]
GPIO_ReadInputDataBit   0x08033c1b     0x1a  Code  Gb  stm32f4xx_gpio.o [1]
GPIO_WriteBit           0x08033c35      0xe  Code  Gb  stm32f4xx_gpio.o [1]
GetDeviceState          0x08032cb1     0x2e  Code  Gb  bsp_sw_onoff.o [1]
HCD_GetCurrentFrame     0x0803586d      0x8  Code  Gb  usb_hcd.o [1]
HCD_GetCurrentSpeed     0x0803584f     0x10  Code  Gb  usb_hcd.o [1]
HCD_GetURB_State        0x08035875      0xa  Code  Gb  usb_hcd.o [1]
HCD_GetXferCnt          0x0803587f      0xc  Code  Gb  usb_hcd.o [1]
HCD_Init                0x080357dd     0x72  Code  Gb  usb_hcd.o [1]
HCD_ResetPort           0x0803585f      0xe  Code  Gb  usb_hcd.o [1]
HCD_SubmitRequest       0x0803588b     0x28  Code  Gb  usb_hcd.o [1]
HardFault_Handler       0x0803d09b     0x22  Code  Gb  stm32f4xx_it.o [1]
IWDG_Feed               0x08033441      0x8  Code  Gb  bsp_watchdog.o [1]
IWDG_ReloadCounter      0x080367c1      0xa  Code  Gb  stm32f4xx_iwdg.o [1]
InitHardUart            0x08033d0f    0x3e6  Code  Lc  bsp_uart_fifo.o [1]
Init_JINGSHA_GUI        0x0802e703     0xd4  Code  Gb  bsp_sdwe050c17.o [1]
LfnBuf                  0x2001b710    0x200  Data  Lc  ff.o [1]
LfnOfs                  0x0803d998     0x10  Data  Lc  ff.o [1]
LoadInt                 0x08034dfd     0x6e  Code  Lc  xprintffull_nomb.o [3]
MSCErrorCount           0x2001c568      0x1  Data  Gb  usbh_msc_core.o [1]
MSC_Machine             0x2001c084     0x4c  Data  Gb  usbh_msc_core.o [1]
MSG_DEV_ATTACHED        0x0803d828     0x18  Data  Gb  usbh_usr.o [1]
MSG_DEV_DISCONNECTED    0x0803d840     0x18  Data  Gb  usbh_usr.o [1]
MSG_DEV_ENUMERATED      0x0803d644     0x1c  Data  Gb  usbh_usr.o [1]
MSG_DEV_ERROR           0x0803d8f4     0x14  Data  Gb  usbh_usr.o [1]
MSG_DEV_FULLSPEED       0x0803d4ec     0x20  Data  Gb  usbh_usr.o [1]
MSG_DEV_HIGHSPEED       0x0803d4cc     0x20  Data  Gb  usbh_usr.o [1]
MSG_DEV_LOWSPEED        0x0803d50c     0x20  Data  Gb  usbh_usr.o [1]
MSG_HID_CLASS           0x0803d660     0x1c  Data  Gb  usbh_usr.o [1]
MSG_MSC_CLASS           0x0803d358     0x24  Data  Gb  usbh_usr.o [1]
MSG_UNREC_ERROR         0x0803d67c     0x1c  Data  Gb  usbh_usr.o [1]
MemManage_Handler       0x0803d0c9      0x2  Code  Gb  stm32f4xx_it.o [1]
NMI_Handler             0x0803d099      0x2  Code  Gb  stm32f4xx_it.o [1]
NVIC_Init               0x08035613     0x6a  Code  Gb  misc.o [1]
NVIC_PriorityGroupConfig
                        0x08035609      0xa  Code  Gb  misc.o [1]
OTG_FS_IRQHandler       0x0803d9f9     0x10  Code  Gb  usbh_it.o [1]
PendSV_Handler          0x080367d1           Code  Gb  portasm.o [1]
RCA                     0x2001c4b4      0x4  Data  Lc  bsp_sdio_sd.o [1]
RCC_AHB1PeriphClockCmd  0x08033aaf     0x22  Code  Gb  stm32f4xx_rcc.o [1]
RCC_AHB2PeriphClockCmd  0x08033ad1     0x1e  Code  Gb  stm32f4xx_rcc.o [1]
RCC_APB1PeriphClockCmd  0x08033aef     0x1e  Code  Gb  stm32f4xx_rcc.o [1]
RCC_APB2PeriphClockCmd  0x08033b0d     0x1e  Code  Gb  stm32f4xx_rcc.o [1]
RCC_APB2PeriphResetCmd  0x08033b2b     0x1e  Code  Gb  stm32f4xx_rcc.o [1]
RCC_GetClocksFreq       0x080339ad    0x102  Code  Gb  stm32f4xx_rcc.o [1]
RS485_InitTXE           0x08033cdb     0x34  Code  Gb  bsp_uart_fifo.o [1]
RS485_sendbuf           0x080345cf     0x3c  Code  Gb  bsp_uart_fifo.o [1]
Region$$Table$$Base     0x0803d3a0            --   Gb  - Linker created -
Region$$Table$$Limit    0x0803d3cc            --   Gb  - Linker created -
SDCardInfo              0x2001c0d0     0x58  Data  Gb  bsp_sdio_sd.o [1]
SDEnWideBus             0x08039431    0x198  Code  Lc  bsp_sdio_sd.o [1]
SDIO_ClearFlag          0x0803a781      0x6  Code  Gb  stm32f4xx_sdio.o [1]
SDIO_ClearITPendingBit  0x0803a7a1      0x6  Code  Gb  stm32f4xx_sdio.o [1]
SDIO_ClockCmd           0x0803a6af      0x8  Code  Gb  stm32f4xx_sdio.o [1]
SDIO_CmdInitStructure   0x2001c308     0x14  Data  Gb  bsp_sdio_sd.o [1]
SDIO_DMACmd             0x0803a741      0x8  Code  Gb  stm32f4xx_sdio.o [1]
SDIO_DataConfig         0x0803a70d     0x2e  Code  Gb  stm32f4xx_sdio.o [1]
SDIO_DataInitStructure  0x2001c2f0     0x18  Data  Gb  bsp_sdio_sd.o [1]
SDIO_DeInit             0x0803a66d     0x18  Code  Gb  stm32f4xx_sdio.o [1]
SDIO_GetCommandResponse
                        0x0803a6ef      0x8  Code  Gb  stm32f4xx_sdio.o [1]
SDIO_GetFlagStatus      0x0803a767     0x1a  Code  Gb  stm32f4xx_sdio.o [1]
SDIO_GetITStatus        0x0803a787     0x1a  Code  Gb  stm32f4xx_sdio.o [1]
SDIO_GetPowerState      0x0803a6bd      0xa  Code  Gb  stm32f4xx_sdio.o [1]
SDIO_GetResponse        0x0803a6f7     0x16  Code  Gb  stm32f4xx_sdio.o [1]
SDIO_IRQHandler         0x08039a19      0x8  Code  Gb  bsp_sdio_sd.o [1]
SDIO_ITConfig           0x0803a749     0x1e  Code  Gb  stm32f4xx_sdio.o [1]
SDIO_Init               0x0803a685     0x2a  Code  Gb  stm32f4xx_sdio.o [1]
SDIO_InitStructure      0x2001c2d8     0x18  Data  Gb  bsp_sdio_sd.o [1]
SDIO_Interrupts_Config  0x080399dd     0x3c  Code  Gb  bsp_sdio_sd.o [1]
SDIO_ReadData           0x0803a73b      0x6  Code  Gb  stm32f4xx_sdio.o [1]
SDIO_SendCommand        0x0803a6c7     0x28  Code  Gb  stm32f4xx_sdio.o [1]
SDIO_SetPowerState      0x0803a6b7      0x6  Code  Gb  stm32f4xx_sdio.o [1]
SD_Detect               0x080380d5     0x22  Code  Gb  bsp_sdio_sd.o [1]
SD_EnableWideBusOperation
                        0x080388d1     0xc8  Code  Gb  bsp_sdio_sd.o [1]
SD_GetCardInfo          0x080384e5    0x3ec  Code  Gb  bsp_sdio_sd.o [1]
SD_GetState             0x080380ab     0x2a  Code  Gb  bsp_sdio_sd.o [1]
SD_GetStatus            0x08038089     0x22  Code  Gb  bsp_sdio_sd.o [1]
SD_Init                 0x08037fd1     0xb8  Code  Gb  bsp_sdio_sd.o [1]
SD_InitializeCards      0x08038343    0x1a2  Code  Gb  bsp_sdio_sd.o [1]
SD_LowLevel_DMA_RxConfig
                        0x08039927     0x8e  Code  Gb  bsp_sdio_sd.o [1]
SD_LowLevel_DMA_TxConfig
                        0x08039899     0x8e  Code  Gb  bsp_sdio_sd.o [1]
SD_LowLevel_Init        0x080397d5     0xbc  Code  Gb  bsp_sdio_sd.o [1]
SD_PowerON              0x080380f7    0x24c  Code  Gb  bsp_sdio_sd.o [1]
SD_ProcessDMAIRQ        0x08039115     0x22  Code  Gb  bsp_sdio_sd.o [1]
SD_ProcessIRQSrc        0x08039067     0xae  Code  Gb  bsp_sdio_sd.o [1]
SD_ReadBlock            0x080389d1    0x108  Code  Gb  bsp_sdio_sd.o [1]
SD_ReadMultiBlocks      0x08038ad9    0x134  Code  Gb  bsp_sdio_sd.o [1]
SD_SelectDeselect       0x08038999     0x38  Code  Gb  bsp_sdio_sd.o [1]
SD_SendStatus           0x08038ff9     0x6e  Code  Gb  bsp_sdio_sd.o [1]
SD_StopTransfer         0x08038fb1     0x44  Code  Gb  bsp_sdio_sd.o [1]
SD_WaitReadOperation    0x08038c11     0x96  Code  Gb  bsp_sdio_sd.o [1]
SD_WriteBlock           0x08038cb1    0x11e  Code  Gb  bsp_sdio_sd.o [1]
SD_WriteMultiBlocks     0x08038ddd    0x1cc  Code  Gb  bsp_sdio_sd.o [1]
SPI1_Init               0x0803474d     0xc0  Code  Gb  bsp_spi.o [1]
SPI1_ReadWriteByte      0x08034835     0x32  Code  Gb  bsp_spi.o [1]
SPI1_SetSpeed           0x0803480d     0x28  Code  Gb  bsp_spi.o [1]
SPI_Cmd                 0x08036d9d     0x1c  Code  Gb  stm32f4xx_spi.o [1]
SPI_I2S_GetFlagStatus   0x08036db9     0x18  Code  Gb  stm32f4xx_spi.o [1]
SPI_Init                0x08036d5d     0x40  Code  Gb  stm32f4xx_spi.o [1]
SVC_Handler             0x08036829           Code  Gb  portasm.o [1]
SYSCFG_EXTILineConfig   0x0803cdbd     0x50  Code  Gb  stm32f4xx_syscfg.o [1]
Sdwe_ClearReadDisk      0x0802e9a3     0x1c  Code  Gb  bsp_sdwe050c17.o [1]
Sdwe_clearString        0x0802e917     0x44  Code  Gb  bsp_sdwe050c17.o [1]
Sdwe_clear_filename     0x0802e9ef     0x2a  Code  Gb  bsp_sdwe050c17.o [1]
Sdwe_disDigi            0x0802e811     0x94  Code  Gb  bsp_sdwe050c17.o [1]
Sdwe_disPicture         0x0802e7d7     0x3a  Code  Gb  bsp_sdwe050c17.o [1]
Sdwe_disString          0x0802e8a5     0x72  Code  Gb  bsp_sdwe050c17.o [1]
Sdwe_peiliao_page       0x0802eb91    0x10a  Code  Gb  bsp_sdwe050c17.o [1]
Sdwe_product_page       0x0802ec9b     0xf0  Code  Gb  bsp_sdwe050c17.o [1]
Sdwe_readRTC            0x0802e9bf     0x30  Code  Gb  bsp_sdwe050c17.o [1]
Sdwe_refresh_allname    0x0802eb49     0x48  Code  Gb  bsp_sdwe050c17.o [1]
Sdwe_refresh_filename   0x0802ea19    0x112  Code  Gb  bsp_sdwe050c17.o [1]
Sdwe_writeIcon          0x0802e95b     0x48  Code  Gb  bsp_sdwe050c17.o [1]
SetSysClock             0x0803c8e7     0xce  Code  Lc  system_stm32f4xx.o [1]
SlavePara               0x2001bd10     0xa4  Data  Gb  protocol.o [1]
StopCondition           0x2001c4b8      0x4  Data  Gb  bsp_sdio_sd.o [1]
SysTick_Handler         0x080335cf     0x2c  Code  Gb  port.o [1]
SystemCoreClock         0x200001ac      0x4  Data  Gb  system_stm32f4xx.o [1]
SystemInit              0x0803c895     0x52  Code  Gb  system_stm32f4xx.o [1]
TIM1_PWM_SETPMOTOR      0x0803c451     0x9e  Code  Gb  bsp_stepmotor.o [1]
TIM2_IRQHandler         0x0802f429     0xac  Code  Gb  bsp_timer.o [1]
TIM3_PWM_SETPMOTOR      0x0803c3e9     0x68  Code  Gb  bsp_stepmotor.o [1]
TIM6_DAC_IRQHandler     0x0803d037     0x22  Code  Gb  SysInfoTest.o [1]
TIM_ARRPreloadConfig    0x0802f557     0x1c  Code  Gb  stm32f4xx_tim.o [1]
TIM_CallBack1           0x0802d0fd     0x1c  Code  Gb  apptask.o [1]
TIM_ClearITPendingBit   0x0802f7d1      0x8  Code  Gb  stm32f4xx_tim.o [1]
TIM_Cmd                 0x0802f573     0x1c  Code  Gb  stm32f4xx_tim.o [1]
TIM_CtrlPWMOutputs      0x0802f767     0x22  Code  Gb  stm32f4xx_tim.o [1]
TIM_GetITStatus         0x0802f79f     0x32  Code  Gb  stm32f4xx_tim.o [1]
TIM_ITConfig            0x0802f789     0x16  Code  Gb  stm32f4xx_tim.o [1]
TIM_OC2Init             0x0802f58f     0x8c  Code  Gb  stm32f4xx_tim.o [1]
TIM_OC2PreloadConfig    0x0802f72d     0x14  Code  Gb  stm32f4xx_tim.o [1]
TIM_OC3Init             0x0802f61b     0x8a  Code  Gb  stm32f4xx_tim.o [1]
TIM_OC3PreloadConfig    0x0802f741     0x12  Code  Gb  stm32f4xx_tim.o [1]
TIM_OC4Init             0x0802f6a5     0x68  Code  Gb  stm32f4xx_tim.o [1]
TIM_OC4PreloadConfig    0x0802f753     0x14  Code  Gb  stm32f4xx_tim.o [1]
TIM_TimeBaseInit        0x0802f4ed     0x6a  Code  Gb  stm32f4xx_tim.o [1]
Task_iwdg_refresh       0x0802d1a5     0x56  Code  Gb  apptask.o [1]
TransferEnd             0x2001c4bc      0x4  Data  Gb  bsp_sdio_sd.o [1]
TransferError           0x2001c561      0x1  Data  Gb  bsp_sdio_sd.o [1]
UART1ToPC               0x0803456f     0x30  Code  Gb  bsp_uart_fifo.o [1]
UART2ToPC               0x0803459f     0x30  Code  Gb  bsp_uart_fifo.o [1]
UART2_RX_BUF            0x2001c020     0x64  Data  Gb  bsp_uart_fifo.o [1]
UART3ToPC               0x0803460b     0x30  Code  Gb  bsp_uart_fifo.o [1]
UART4ToPC               0x0803463b     0x30  Code  Gb  bsp_uart_fifo.o [1]
UART4_IRQHandler        0x0803447d     0x84  Code  Gb  bsp_uart_fifo.o [1]
UART4_RX_BUF            0x2001bfbc     0x64  Data  Gb  bsp_uart_fifo.o [1]
UART5ToPC               0x08034671     0x30  Code  Gb  bsp_uart_fifo.o [1]
UART5_IRQHandler        0x08034501     0x6e  Code  Gb  bsp_uart_fifo.o [1]
UART5_RX_BUF            0x2001bf58     0x64  Data  Gb  bsp_uart_fifo.o [1]
USART1_IRQHandler       0x080343ed     0x1e  Code  Gb  bsp_uart_fifo.o [1]
USART2_IRQHandler       0x0803440b     0x68  Code  Gb  bsp_uart_fifo.o [1]
USART3_IRQHandler       0x08034473      0xa  Code  Gb  bsp_uart_fifo.o [1]
USART_ClearFlag         0x08036a2b      0xc  Code  Gb  stm32f4xx_usart.o [1]
USART_Cmd               0x08036975     0x1c  Code  Gb  stm32f4xx_usart.o [1]
USART_DMACmd            0x080369a1     0x16  Code  Gb  stm32f4xx_usart.o [1]
USART_GetFlagStatus     0x08036a0d     0x1e  Code  Gb  stm32f4xx_usart.o [1]
USART_GetITStatus       0x08036a37     0x70  Code  Gb  stm32f4xx_usart.o [1]
USART_ITConfig          0x080369b7     0x56  Code  Gb  stm32f4xx_usart.o [1]
USART_Init              0x08036879     0xee  Code  Gb  stm32f4xx_usart.o [1]
USART_ReceiveData       0x08036999      0x8  Code  Gb  stm32f4xx_usart.o [1]
USART_SendData          0x08036991      0x8  Code  Gb  stm32f4xx_usart.o [1]
USBH_Alloc_Channel      0x080359cd     0x2e  Code  Gb  usbh_hcs.o [1]
USBH_BulkReceiveData    0x08036071     0x62  Code  Gb  usbh_ioreq.o [1]
USBH_BulkSendData       0x0803600f     0x62  Code  Gb  usbh_ioreq.o [1]
USBH_CfgDesc            0x2001bb10    0x200  Data  Gb  usbh_stdreq.o [1]
USBH_ClrFeature         0x08035c17     0x4c  Code  Gb  usbh_stdreq.o [1]
USBH_Connected          0x0802fb15      0xc  Code  Gb  usbh_core.o [1]
USBH_CtlReceiveData     0x08035fc9     0x46  Code  Gb  usbh_ioreq.o [1]
USBH_CtlReq             0x08035ea3     0x6e  Code  Gb  usbh_ioreq.o [1]
USBH_CtlSendData        0x08035f55     0x74  Code  Gb  usbh_ioreq.o [1]
USBH_CtlSendSetup       0x08035f11     0x44  Code  Gb  usbh_ioreq.o [1]
USBH_DataInBuffer       0x2001b910    0x200  Data  Gb  usbh_msc_scsi.o [1]
USBH_DeAllocate_AllChannel
                        0x08035a1f     0x20  Code  Gb  usbh_hcs.o [1]
USBH_DeInit             0x0802fb7b     0x3e  Code  Gb  usbh_core.o [1]
USBH_Disconnected       0x0802fb21      0xc  Code  Gb  usbh_core.o [1]
USBH_ErrorHandle        0x0802fd8b     0x34  Code  Gb  usbh_core.o [1]
USBH_Free_Channel       0x080359fb     0x24  Code  Gb  usbh_hcs.o [1]
USBH_GetDescriptor      0x08035b77     0x4e  Code  Gb  usbh_stdreq.o [1]
USBH_GetFreeChannel     0x08035a3f     0x2e  Code  Lc  usbh_hcs.o [1]
USBH_GetNextDesc        0x08035e8b     0x18  Code  Gb  usbh_stdreq.o [1]
USBH_Get_CfgDesc        0x08035ab3     0x78  Code  Gb  usbh_stdreq.o [1]
USBH_Get_DevDesc        0x08035a6d     0x46  Code  Gb  usbh_stdreq.o [1]
USBH_Get_StringDesc     0x08035b2b     0x4c  Code  Gb  usbh_stdreq.o [1]
USBH_HCD_INT_cb         0x2000019c      0xc  Data  Gb  usbh_core.o [1]
USBH_HCD_INT_fops       0x200001b0      0x4  Data  Gb  usbh_core.o [1]
USBH_HandleControl      0x0802ffd3    0x29a  Code  Gb  usbh_core.o [1]
USBH_HandleEnum         0x0802fdbf    0x214  Code  Lc  usbh_core.o [1]
USBH_Init               0x0802fb33     0x48  Code  Gb  usbh_core.o [1]
USBH_MSC_BOTReset       0x0803b7ad     0x28  Code  Lc  usbh_msc_core.o [1]
USBH_MSC_BOTXferParam   0x2001c3ec     0x10  Data  Gb  usbh_msc_bot.o [1]
USBH_MSC_BOT_Abort      0x0803a489     0x5c  Code  Gb  usbh_msc_bot.o [1]
USBH_MSC_CBWData        0x2001c2b8     0x20  Data  Gb  usbh_msc_bot.o [1]
USBH_MSC_CSWData        0x2001c3dc     0x10  Data  Gb  usbh_msc_bot.o [1]
USBH_MSC_ClassRequest   0x0803b59b     0x12  Code  Lc  usbh_msc_core.o [1]
USBH_MSC_DecodeCSW      0x0803a4e5     0x7a  Code  Gb  usbh_msc_bot.o [1]
USBH_MSC_ErrorHandle    0x0803b7fd     0x3e  Code  Gb  usbh_msc_core.o [1]
USBH_MSC_GETMaxLUN      0x0803b7d5     0x28  Code  Lc  usbh_msc_core.o [1]
USBH_MSC_Handle         0x0803b5ad    0x200  Code  Lc  usbh_msc_core.o [1]
USBH_MSC_HandleBOTXfer  0x0803a085    0x404  Code  Gb  usbh_msc_bot.o [1]
USBH_MSC_Init           0x0803a041     0x44  Code  Gb  usbh_msc_bot.o [1]
USBH_MSC_InterfaceDeInit
                        0x0803b54f     0x4c  Code  Lc  usbh_msc_core.o [1]
USBH_MSC_InterfaceInit  0x0803b469     0xe6  Code  Lc  usbh_msc_core.o [1]
USBH_MSC_ModeSense6     0x08039c3b    0x10c  Code  Gb  usbh_msc_scsi.o [1]
USBH_MSC_Param          0x2001c3fc     0x10  Data  Gb  usbh_msc_scsi.o [1]
USBH_MSC_Read10         0x08039f21    0x106  Code  Gb  usbh_msc_scsi.o [1]
USBH_MSC_ReadCapacity10
                        0x08039b11    0x12a  Code  Gb  usbh_msc_scsi.o [1]
USBH_MSC_RequestSense   0x08039d47     0xee  Code  Gb  usbh_msc_scsi.o [1]
USBH_MSC_TestUnitReady  0x08039a29     0xe8  Code  Gb  usbh_msc_scsi.o [1]
USBH_MSC_Write10        0x08039e35     0xec  Code  Gb  usbh_msc_scsi.o [1]
USBH_MSC_cb             0x2000018c     0x10  Data  Gb  usbh_msc_core.o [1]
USBH_Modify_Channel     0x08035959     0x74  Code  Gb  usbh_hcs.o [1]
USBH_OTG_ISR_Handler    0x0803a7e9     0xb8  Code  Gb  usb_hcd_int.o [1]
USBH_Open_Channel       0x080358b3     0xa6  Code  Gb  usbh_hcs.o [1]
USBH_ParseCfgDesc       0x08035cbf    0x13c  Code  Lc  usbh_stdreq.o [1]
USBH_ParseDevDesc       0x08035c63     0x5c  Code  Lc  usbh_stdreq.o [1]
USBH_ParseEPDesc        0x08035e2f     0x20  Code  Lc  usbh_stdreq.o [1]
USBH_ParseInterfaceDesc
                        0x08035e09     0x26  Code  Lc  usbh_stdreq.o [1]
USBH_ParseStringDesc    0x08035e4f     0x3c  Code  Lc  usbh_stdreq.o [1]
USBH_Process            0x0802fbb9    0x1d2  Code  Gb  usbh_core.o [1]
USBH_SOF                0x0802fb2d      0x6  Code  Gb  usbh_core.o [1]
USBH_SetAddress         0x08035bc5     0x2a  Code  Gb  usbh_stdreq.o [1]
USBH_SetCfg             0x08035bef     0x28  Code  Gb  usbh_stdreq.o [1]
USBH_SubmitSetupRequest
                        0x080360d3     0x16  Code  Lc  usbh_ioreq.o [1]
USBH_USR_Configuration_DescAvailable
                        0x0802fa1d     0x26  Code  Gb  usbh_usr.o [1]
USBH_USR_DeInit         0x0802fb11      0x2  Code  Gb  usbh_usr.o [1]
USBH_USR_DeviceAddressAssigned
                        0x0802fa1b      0x2  Code  Gb  usbh_usr.o [1]
USBH_USR_DeviceAttached
                        0x0802f995      0xa  Code  Gb  usbh_usr.o [1]
USBH_USR_DeviceDisconnected
                        0x0802f9a9     0x1a  Code  Gb  usbh_usr.o [1]
USBH_USR_DeviceNotSupported
                        0x0802fa87      0xa  Code  Gb  usbh_usr.o [1]
USBH_USR_DeviceSpeedDetected
                        0x0802f9cd     0x36  Code  Gb  usbh_usr.o [1]
USBH_USR_Device_DescAvailable
                        0x0802fa03     0x18  Code  Gb  usbh_usr.o [1]
USBH_USR_EnumerationDone
                        0x0802fa6d     0x1a  Code  Gb  usbh_usr.o [1]
USBH_USR_Init           0x0802f971     0x24  Code  Gb  usbh_usr.o [1]
USBH_USR_MSC_Application
                        0x0802fb0d      0x4  Code  Gb  usbh_usr.o [1]
USBH_USR_Manufacturer_String
                        0x0802fa43      0xe  Code  Gb  usbh_usr.o [1]
USBH_USR_OverCurrentDetected
                        0x0802fa95      0xa  Code  Gb  usbh_usr.o [1]
USBH_USR_Product_String
                        0x0802fa51      0xe  Code  Gb  usbh_usr.o [1]
USBH_USR_ResetDevice    0x0802f9c3      0xa  Code  Gb  usbh_usr.o [1]
USBH_USR_SerialNum_String
                        0x0802fa5f      0xe  Code  Gb  usbh_usr.o [1]
USBH_USR_UnrecoveredError
                        0x0802f99f      0xa  Code  Gb  usbh_usr.o [1]
USBH_USR_UserInput      0x0802fa91      0x4  Code  Gb  usbh_usr.o [1]
USB_Host                0x2001be54     0x94  Data  Gb  usbh_usr.o [1]
USB_OTG_BSP_DisableInterrupt
                        0x08035741     0x22  Code  Gb  usb_bsp.o [1]
USB_OTG_BSP_EnableInterrupt
                        0x08035763     0x54  Code  Gb  usb_bsp.o [1]
USB_OTG_BSP_Init        0x08035691     0xb0  Code  Gb  usb_bsp.o [1]
USB_OTG_BSP_mDelay      0x080357d1      0xc  Code  Gb  usb_bsp.o [1]
USB_OTG_BSP_uDelay      0x080357c5      0xc  Code  Gb  usb_bsp.o [1]
USB_OTG_Core            0x2001abb8    0x5ac  Data  Gb  usbh_usr.o [1]
USB_OTG_CoreInit        0x08037759     0xce  Code  Gb  usb_core.o [1]
USB_OTG_CoreInitHost    0x08037965     0xd0  Code  Gb  usb_core.o [1]
USB_OTG_CoreReset       0x080375a3     0x60  Code  Lc  usb_core.o [1]
USB_OTG_DisableGlobalInt
                        0x08037845     0x1e  Code  Gb  usb_core.o [1]
USB_OTG_DriveVbus       0x08037a45     0x54  Code  Gb  usb_core.o [1]
USB_OTG_EnableCommonInt
                        0x08037581     0x22  Code  Lc  usb_core.o [1]
USB_OTG_EnableGlobalInt
                        0x08037827     0x1e  Code  Gb  usb_core.o [1]
USB_OTG_EnableHostInt   0x08037a99     0x4e  Code  Gb  usb_core.o [1]
USB_OTG_FlushRxFifo     0x080378ab     0x40  Code  Gb  usb_core.o [1]
USB_OTG_FlushTxFifo     0x08037863     0x48  Code  Gb  usb_core.o [1]
USB_OTG_GetMode         0x08037931      0xa  Code  Gb  usb_core.o [1]
USB_OTG_HC_DoPing       0x08037f89     0x48  Code  Gb  usb_core.o [1]
USB_OTG_HC_Halt         0x08037f15     0x74  Code  Gb  usb_core.o [1]
USB_OTG_HC_Init         0x08037b45    0x1d0  Code  Gb  usb_core.o [1]
USB_OTG_HC_StartXfer    0x08037d15    0x200  Code  Gb  usb_core.o [1]
USB_OTG_InitFSLSPClkSel
                        0x08037ae7     0x12  Code  Gb  usb_core.o [1]
USB_OTG_IsEvenFrame     0x08037a35     0x10  Code  Gb  usb_core.o [1]
USB_OTG_IsHostMode      0x0803793b     0x18  Code  Gb  usb_core.o [1]
USB_OTG_ReadCoreItr     0x08037953     0x12  Code  Gb  usb_core.o [1]
USB_OTG_ReadHPRT0       0x08037af9     0x1c  Code  Gb  usb_core.o [1]
USB_OTG_ReadPacket      0x0803764b     0x2c  Code  Gb  usb_core.o [1]
USB_OTG_ResetPort       0x08037b15     0x30  Code  Gb  usb_core.o [1]
USB_OTG_SelectCore      0x08037677     0xe2  Code  Gb  usb_core.o [1]
USB_OTG_SetCurrentMode  0x080378f5     0x3c  Code  Gb  usb_core.o [1]
USB_OTG_USBH_handle_Disconnect_ISR
                        0x0803a925     0x1e  Code  Lc  usb_hcd_int.o [1]
USB_OTG_USBH_handle_IncompletePeriodicXfer_ISR
                        0x0803b43f     0x28  Code  Lc  usb_hcd_int.o [1]
USB_OTG_USBH_handle_hc_ISR
                        0x0803a8a1     0x66  Code  Lc  usb_hcd_int.o [1]
USB_OTG_USBH_handle_hc_n_In_ISR
                        0x0803afb1    0x378  Code  Lc  usb_hcd_int.o [1]
USB_OTG_USBH_handle_hc_n_Out_ISR
                        0x0803ac79    0x338  Code  Lc  usb_hcd_int.o [1]
USB_OTG_USBH_handle_nptxfempty_ISR
                        0x0803a943    0x118  Code  Lc  usb_hcd_int.o [1]
USB_OTG_USBH_handle_port_ISR
                        0x0803ab75     0xfe  Code  Lc  usb_hcd_int.o [1]
USB_OTG_USBH_handle_ptxfempty_ISR
                        0x0803aa5b    0x11a  Code  Lc  usb_hcd_int.o [1]
USB_OTG_USBH_handle_rx_qlvl_ISR
                        0x0803b329    0x116  Code  Lc  usb_hcd_int.o [1]
USB_OTG_USBH_handle_sof_ISR
                        0x0803a907     0x1e  Code  Lc  usb_hcd_int.o [1]
USB_OTG_WritePacket     0x08037603     0x48  Code  Gb  usb_core.o [1]
USB_OTG_dev             0x2001b164    0x5ac  Data  Gb  usbh_usr.o [1]
USRH_cb                 0x200000d8     0x48  Data  Gb  usbh_usr.o [1]
UartDMAConfig           0x0803418f    0x166  Code  Gb  bsp_uart_fifo.o [1]
UartIRQ                 0x080342f5     0xf8  Code  Lc  bsp_uart_fifo.o [1]
UsageFault_Handler      0x0803d0cd      0x2  Code  Gb  stm32f4xx_it.o [1]
UserTimerCallback       0x0802d119     0x80  Code  Gb  apptask.o [1]
W25QXX_BUFFER           0x200191b8   0x1000  Data  Gb  bsp_w25qxx.o [1]
W25QXX_Erase_Sector     0x0802f14b     0x52  Code  Gb  bsp_w25qxx.o [1]
W25QXX_Init             0x0802ee49     0x54  Code  Gb  bsp_w25qxx.o [1]
W25QXX_Read             0x0802ef37     0x56  Code  Gb  bsp_w25qxx.o [1]
W25QXX_ReadID           0x0802eeeb     0x4c  Code  Gb  bsp_w25qxx.o [1]
W25QXX_ReadSR           0x0802ee9d     0x30  Code  Gb  bsp_w25qxx.o [1]
W25QXX_TYPE             0x200001b4      0x2  Data  Gb  bsp_w25qxx.o [1]
W25QXX_Wait_Busy        0x0802f19d      0xc  Code  Gb  bsp_w25qxx.o [1]
W25QXX_Write            0x0802f041    0x10a  Code  Gb  bsp_w25qxx.o [1]
W25QXX_Write_Enable     0x0802eecd     0x1e  Code  Gb  bsp_w25qxx.o [1]
W25QXX_Write_NoCheck    0x0802efe9     0x58  Code  Gb  bsp_w25qxx.o [1]
W25QXX_Write_Page       0x0802ef8d     0x5c  Code  Gb  bsp_w25qxx.o [1]
_GenldFullNoMb          0x08035373    0x24c  Code  Lc  xprintffull_nomb.o [3]
_LdtobFullNoMb          0x08034f71    0x3fc  Code  Lc  xprintffull_nomb.o [3]
_LitobFullNoMb          0x08034e6b    0x106  Code  Lc  xprintffull_nomb.o [3]
_Locale_aeabi_lconv     0x20000050     0x38  Data  Gb  localeconv.o [3]
_Locale_lconv           0x20000000     0x50  Data  Gb  localeconv.o [3]
_PrintfFullNoMb         0x08034871    0x586  Code  Gb  xprintffull_nomb.o [3]
_Prout                  0x0803d859     0x16  Code  Gb  xprout.o [3]
_PutcharsFullNoMb       0x080355bf     0x2e  Code  Lc  xprintffull_nomb.o [3]
_SProut                 0x0802edd7      0xa  Code  Gb  xsprout.o [3]
__aeabi_cdcmple         0x08036f71           Code  Gb  DblCmpLe.o [4]
__aeabi_cdrcmple        0x08036fa1           Code  Gb  DblCmpGe.o [4]
__aeabi_d2iz            0x080370e5           Code  Gb  DblToI32.o [4]
__aeabi_d2uiz           0x08037111           Code  Gb  DblToI32.o [4]
__aeabi_ddiv            0x0803250d           Code  Gb  DblDiv.o [4]
__aeabi_dmul            0x080372ed           Code  Gb  DblMul.o [4]
__aeabi_dsub            0x0803716d           Code  Gb  DblSub.o [4]
__aeabi_f2d             0x0802f231           Code  Gb  FltToDbl.o [4]
__aeabi_i2d             0x0803713d           Code  Gb  I32ToDbl.o [4]
__aeabi_ldiv0           0x0803a595           Code  Gb  I64DivZer.o [5]
__aeabi_memset          0x0802ede1           Code  Gb  ABImemset.o [5]
__aeabi_ui2d            0x08037151           Code  Gb  I32ToDbl.o [4]
__aeabi_uldivmod        0x08036e41           Code  Gb  I64DivMod.o [5]
__cmain                 0x0803d699           Code  Gb  cmain.o [5]
__exit                  0x0803d6c5     0x14  Code  Gb  exit.o [6]
__iar_Dnorm             0x08036f2f     0x42  Code  Gb  xdnorm.o [4]
__iar_Dscale            0x08036fd1    0x114  Code  Gb  xdscale.o [4]
__iar_Locale_lconv_init
                        0x08037491     0x3a  Code  Gb  localeconv.o [3]
__iar_Memchr            0x08036de9           Code  Gb  memchr.o [5]
__iar_Memset            0x0802ede1           Code  Gb  ABImemset.o [5]
[...]
bsp_InitSdwe050c17      0x0802e6c5     0x3e  Code  Gb  bsp_sdwe050c17.o [1]
bsp_InitServoMotor      0x0803ced1     0xba  Code  Gb  bsp_servomotor.o [1]
bsp_InitStepMotor       0x0803c2e9    0x100  Code  Gb  bsp_stepmotor.o [1]
bsp_InitUart            0x08033c9d     0x3e  Code  Gb  bsp_uart_fifo.o [1]
bsp_Init_SW_ONOFF       0x08032c7d     0x34  Code  Gb  bsp_sw_onoff.o [1]
bsp_LedOff              0x08032821     0x1e  Code  Gb  bsp_led.o [1]
bsp_LedOn               0x08032803     0x1e  Code  Gb  bsp_led.o [1]
bsp_LedToggle           0x0803283f     0x28  Code  Gb  bsp_led.o [1]
bsp_SetTIMforInt        0x0803c0d7    0x1da  Code  Gb  bsp_tim_pwm.o [1]
bsp_StartHardTimer      0x0802f34f     0xda  Code  Gb  bsp_timer.o [1]
check_fs                0x08031887     0x7e  Code  Lc  ff.o [1]
chk_chr                 0x080302cb     0x14  Code  Lc  ff.o [1]
chk_lock                0x080302df     0x94  Code  Lc  ff.o [1]
clear_lock              0x080304df     0x30  Code  Lc  ff.o [1]
clust2sect              0x08030681     0x1a  Code  Gb  ff.o [1]
cmp_lfn                 0x08030d05     0xb6  Code  Lc  ff.o [1]
create_chain            0x08030999     0xea  Code  Lc  ff.o [1]
create_name             0x0803148d    0x31a  Code  Lc  ff.o [1]
debug_cmd               0x2001c562      0x1  Data  Gb  bsp_uart_fifo.o [1]
dec_lock                0x08030483     0x5c  Code  Lc  ff.o [1]
device_info             0x2001c238     0x34  Data  Gb  para.o [1]
dir_alloc               0x08030c5f     0x66  Code  Lc  ff.o [1]
dir_find                0x08030fe1    0x116  Code  Lc  ff.o [1]
dir_next                0x08030b35    0x12a  Code  Lc  ff.o [1]
dir_read                0x080310f7    0x10c  Code  Lc  ff.o [1]
dir_register            0x08031203    0x14e  Code  Lc  ff.o [1]
dir_sdi                 0x08030a83     0xb2  Code  Lc  ff.o [1]
disk_initialize         0x080360e9     0x40  Code  Gb  diskio.o [1]
disk_ioctl              0x0803630d     0xa6  Code  Gb  diskio.o [1]
disk_read               0x08036155     0xdc  Code  Gb  diskio.o [1]
disk_status             0x08036129     0x2c  Code  Gb  diskio.o [1]
disk_write              0x08036231     0xdc  Code  Gb  diskio.o [1]
div                     0x080374fd      0xe  Code  Gb  div.o [3]
download_num            0x2001c55c      0x1  Data  Gb  apptask.o [1]
enq_lock                0x08030373     0x28  Code  Lc  ff.o [1]
exit                    0x0803d6b3      0x4  Code  Gb  exit.o [3]
f_close                 0x08032369     0x38  Code  Gb  ff.o [1]
f_mount                 0x08031d9d     0x66  Code  Gb  ff.o [1]
f_open                  0x08031e03    0x20e  Code  Gb  ff.o [1]
f_opendir               0x080323a1     0xb2  Code  Gb  ff.o [1]
f_readdir               0x08032453     0x74  Code  Gb  ff.o [1]
f_sync                  0x080322b3     0xb6  Code  Gb  ff.o [1]
f_write                 0x08032021    0x292  Code  Gb  ff.o [1]
ff_convert              0x080363cd     0x80  Code  Gb  cc936.o [1]
ff_wtoupper             0x0803644d     0x64  Code  Gb  cc936.o [1]
file_select             0x2001c43c      0xc  Data  Gb  protocol.o [1]
final_per_meter         0x0802f88d     0x1a  Code  Gb  product_cal.o [1]
find_volume             0x0803190d    0x45a  Code  Lc  ff.o [1]
fit_lfn                 0x08030e47     0x88  Code  Lc  ff.o [1]
follow_path             0x080317a7     0x90  Code  Lc  ff.o [1]
fputc                   0x080346a5     0x22  Code  Gb  bsp_uart_fifo.o [1]
g_tUart3                0x2001c26c     0x28  Data  Gb  bsp_uart_fifo.o [1]
gen_numname             0x08030ed5     0xec  Code  Lc  ff.o [1]
get_fat                 0x0803069b    0x11c  Code  Gb  ff.o [1]
get_fattime             0x080363b3      0x4  Code  Gb  diskio.o [1]
get_fileinfo            0x08031351    0x13c  Code  Lc  ff.o [1]
get_float_1bit          0x0802f93b     0x22  Code  Gb  product_cal.o [1]
get_ldnumber            0x08031837     0x50  Code  Lc  ff.o [1]
get_valid_length        0x0802ed8b     0x26  Code  Gb  bsp_sdwe050c17.o [1]
grade                   0x2001c560      0x1  Data  Gb  apptask.o [1]
hex_to_decimal          0x0802edb1     0x26  Code  Gb  bsp_sdwe050c17.o [1]
idwgEventGroup          0x2001c4a0      0x4  Data  Gb  apptask.o [1]
inc_lock                0x0803039b     0xe8  Code  Lc  ff.o [1]
init_product_para       0x0802f7d9     0x4c  Code  Gb  product_cal.o [1]
input_password_buf      0x2001c430      0xc  Data  Gb  protocol.o [1]
input_password_len      0x2001c564      0x1  Data  Gb  protocol.o [1]
isWork                  0x2001c55d      0x1  Data  Gb  apptask.o [1]
lcd_rev_buf             0x2001c204     0x34  Data  Gb  bsp_sdwe050c17.o [1]
lcd_rev_len             0x2001c554      0x2  Data  Gb  bsp_sdwe050c17.o [1]
ld_clust                0x08030cc5     0x28  Code  Lc  ff.o [1]
localeconv              0x080374cb     0x16  Code  Gb  localeconv.o [3]
m_ctrl_dev              0x2001c45c      0x8  Data  Gb  modbus.o [1]
main                    0x0803d0d1     0x34  Code  Gb  main.o [1]
mallco_dev              0x20000160     0x1c  Data  Gb  malloc.o [1]
mb_init                 0x08032b5d     0x30  Code  Gb  modbus.o [1]
mb_packsend_frame       0x08032a6b     0xf2  Code  Gb  modbus.o [1]
mb_unpack_frame         0x08032929    0x142  Code  Gb  modbus.o [1]
mc_check_crc16          0x0803652d     0x40  Code  Gb  mcheck.o [1]
mc_check_crc8           0x08036509     0x24  Code  Gb  mcheck.o [1]
mc_check_sum            0x080364c1     0x2e  Code  Gb  mcheck.o [1]
mc_check_xor            0x080364ef     0x1a  Code  Gb  mcheck.o [1]
mem1base                0x2000f1b8   0xa000  Data  Gb  malloc.o [1]
mem1mapbase             0x2001a1b8    0xa00  Data  Gb  malloc.o [1]
mem2base                0x68000000  0xf0000  Data  Gb  malloc.o [1]
mem2mapbase             0x680f0000   0xf000  Data  Gb  malloc.o [1]
mem_cmp                 0x080302a7     0x24  Code  Lc  ff.o [1]
mem_cpy                 0x08030275     0x1c  Code  Lc  ff.o [1]
mem_set                 0x08030291     0x16  Code  Lc  ff.o [1]
memblksize              0x0803db58      0x8  Data  Gb  malloc.o [1]
memchr                  0x08036de9           Code  Gb  memchr.o [5]
memsize                 0x0803db60      0x8  Data  Gb  malloc.o [1]
memtblsize              0x0803db50      0x8  Data  Gb  malloc.o [1]
modbus_send_frame       0x08032b8d     0xe6  Code  Gb  modbus.o [1]
move_window             0x08030569     0x40  Code  Lc  ff.o [1]
my_mem_free             0x080366cb     0x6c  Code  Gb  malloc.o [1]
my_mem_init             0x0803658f     0x42  Code  Gb  malloc.o [1]
my_mem_malloc           0x0803660f     0xbc  Code  Gb  malloc.o [1]
my_mem_perused          0x080365d1     0x3e  Code  Gb  malloc.o [1]
myfree                  0x08036737     0x24  Code  Gb  malloc.o [1]
mymalloc                0x0803675b     0x2a  Code  Gb  malloc.o [1]
mymemset                0x08036579     0x16  Code  Gb  malloc.o [1]
obuf                    0x2001c178     0x50  Data  Lc  xfiles.o [3]
oem2uni                 0x0801560c  0x15484  Data  Lc  cc936.o [1]
old_isWork              0x2001c55e      0x1  Data  Gb  apptask.o [1]
para_init               0x0803c807     0x80  Code  Gb  para.o [1]
pcInterruptPriorityRegisters
                        0x0803db7c      0x4  Data  Lc  port.o [1]
pick_lfn                0x08030dbb     0x8c  Code  Lc  ff.o [1]
pluse_count             0x2001c4ac      0x4  Data  Gb  apptask.o [1]
printf                  0x0802f281     0x24  Code  Gb  printf.o [3]
product_complete_kilo   0x0802f8db     0x38  Code  Gb  product_cal.o [1]
product_complete_meter  0x0802f8a7     0x12  Code  Gb  product_cal.o [1]
product_para            0x2001c1c8     0x3c  Data  Gb  product_cal.o [1]
product_per_meter       0x0802f82d     0x60  Code  Gb  product_cal.o [1]
product_uncomplete_kilo
                        0x0802f913     0x28  Code  Gb  product_cal.o [1]
product_uncomplete_meter
                        0x0802f8b9     0x22  Code  Gb  product_cal.o [1]
prvAddCurrentTaskToDelayedList
                        0x0802dd75     0x48  Code  Lc  tasks.o [1]
prvAllocateTCBAndStack  0x0802ddbd     0x5a  Code  Lc  tasks.o [1]
prvCheckForValidListAndQueue
                        0x080333cf     0x52  Code  Lc  timers.o [1]
prvCheckTasksWaitingTermination
                        0x0802dd0b     0x66  Code  Lc  tasks.o [1]
prvCopyDataFromQueue    0x0802e5a5     0x30  Code  Lc  queue.o [1]
prvCopyDataToQueue      0x0802e521     0x84  Code  Lc  queue.o [1]
prvDeleteTCB            0x0802de17     0x12  Code  Lc  tasks.o [1]
prvGetNextExpireTime    0x080331bb     0x2e  Code  Lc  timers.o [1]
prvHeapInit             0x080338bd     0x6e  Code  Lc  heap_4.o [1]
prvIdleTask             0x0802dc25     0x26  Code  Lc  tasks.o [1]
prvInitialiseTCBVariables
                        0x0802dc4b     0x6a  Code  Lc  tasks.o [1]
prvInitialiseTaskLists  0x0802dcb5     0x56  Code  Lc  tasks.o [1]
prvInsertBlockIntoFreeList
                        0x0803392b     0x62  Code  Lc  heap_4.o [1]
prvInsertTimerInActiveList
                        0x08033211     0x50  Code  Lc  timers.o [1]
prvIsQueueEmpty         0x0802e63f     0x20  Code  Lc  queue.o [1]
prvIsQueueFull          0x0802e65f     0x22  Code  Lc  queue.o [1]
prvProcessExpiredTimer  0x080330d3     0x5c  Code  Lc  timers.o [1]
prvProcessReceivedCommands
                        0x08033261     0xde  Code  Lc  timers.o [1]
prvProcessTimerOrBlockTask
                        0x0803314b     0x70  Code  Lc  timers.o [1]
prvResetNextTaskUnblockTime
                        0x0802de29     0x26  Code  Lc  tasks.o [1]
prvSampleTimeNow        0x080331e9     0x28  Code  Lc  timers.o [1]
prvSwitchTimerLists     0x0803333f     0x90  Code  Lc  timers.o [1]
prvTaskExitError        0x0803346d     0x2a  Code  Lc  port.o [1]
prvTestWaitCondition    0x08032f77     0x24  Code  Lc  event_groups.o [1]
prvTimerTask            0x08033131     0x1a  Code  Lc  timers.o [1]
prvUnlockQueue          0x0802e5d5     0x6a  Code  Lc  queue.o [1]
put_fat                 0x080307b7    0x16c  Code  Gb  ff.o [1]
putchar                 0x0803d871      0xc  Code  Gb  putchar.o [3]
pvPortMalloc            0x0803372d    0x118  Code  Gb  heap_4.o [1]
pxCurrentTCB            0x2001c4ec      0x4  Data  Gb  tasks.o [1]
pxCurrentTimerList      0x2001c52c      0x4  Data  Lc  timers.o [1]
pxDelayedTaskList       0x2001c4f0      0x4  Data  Lc  tasks.o [1]
pxEnd                   0x2001c4d4      0x4  Data  Lc  heap_4.o [1]
pxOverflowDelayedTaskList
                        0x2001c4f4      0x4  Data  Lc  tasks.o [1]
pxOverflowTimerList     0x2001c530      0x4  Data  Lc  timers.o [1]
pxPortInitialiseStack   0x08033449     0x24  Code  Gb  port.o [1]
pxReadyTasksLists       0x2001bdb4     0xa0  Data  Lc  tasks.o [1]
rc522_cmd_anticoll      0x080328cd     0x5a  Code  Gb  rc522.o [1]
rc522_cmd_request       0x08032879     0x54  Code  Gb  rc522.o [1]
readSlave               0x2001c418      0xc  Data  Gb  apptask.o [1]
read_device_info        0x0803c6f9    0x10e  Code  Gb  para.o [1]
read_file_select        0x2001c448      0xc  Data  Gb  protocol.o [1]
remove_chain            0x08030923     0x76  Code  Lc  ff.o [1]
rfid_rev_buf            0x2001c31c     0x14  Data  Gb  rc522.o [1]
rfid_rev_cnt            0x2001c566      0x1  Data  Gb  rc522.o [1]
rfid_rev_flag           0x2001c565      0x1  Data  Gb  rc522.o [1]
rtc_time                0x2001c464      0x8  Data  Gb  protocol.o [1]
s_TIM_CallBack1         0x2001c4c4      0x4  Data  Lc  bsp_timer.o [1]
s_TIM_CallBack2         0x2001c4c8      0x4  Data  Lc  bsp_timer.o [1]
s_TIM_CallBack3         0x2001c4cc      0x4  Data  Lc  bsp_timer.o [1]
s_TIM_CallBack4         0x2001c4d0      0x4  Data  Lc  bsp_timer.o [1]
slave_info              0x2001c40c      0xc  Data  Gb  apptask.o [1]
sprintf                 0x080324d9     0x34  Code  Gb  sprintf.o [3]
st_clust                0x08030ced     0x18  Code  Lc  ff.o [1]
strcat                  0x08032763     0x1c  Code  Gb  strcat.o [3]
strchr                  0x08036dd1           Code  Gb  strchr.o [5]
strlen                  0x08032781           Code  Gb  strlen.o [5]
strstr                  0x08032d29     0x10  Code  Gb  esp8266_handler.o [1]
sum_sfn                 0x08030fc1     0x20  Code  Lc  ff.o [1]
sync_fs                 0x080305a9     0xd8  Code  Lc  ff.o [1]
sync_window             0x0803050f     0x5a  Code  Lc  ff.o [1]
ucHeap                  0x200001b8   0xf000  Data  Lc  heap_4.o [1]
ucMaxSysCallPriority    0x2001c563      0x1  Data  Lc  port.o [1]
ulHighFrequencyTimerTicks
                        0x2001c4e8      0x4  Data  Gb  SysInfoTest.o [1]
ulMaxPRIGROUPValue      0x2001c4e4      0x4  Data  Lc  port.o [1]
ulTaskSwitchedInTime    0x2001c524      0x4  Data  Lc  tasks.o [1]
ulTotalRunTime          0x2001c528      0x4  Data  Lc  tasks.o [1]
uni2oem                 0x08000188  0x15484  Data  Lc  cc936.o [1]
usb_disk_flag           0x2001c55f      0x1  Data  Gb  apptask.o [1]
usbh_OpenMassStorage    0x0802f95d     0x14  Code  Gb  usbh_usr.o [1]
uxCriticalNesting       0x200001a8      0x4  Data  Lc  port.o [1]
uxCurrentNumberOfTasks  0x2001c4fc      0x4  Data  Lc  tasks.o [1]
uxListRemove            0x08033705     0x28  Code  Gb  list.o [1]
uxPendedTicks           0x2001c50c      0x4  Data  Lc  tasks.o [1]
uxSchedulerSuspended    0x2001c520      0x4  Data  Lc  tasks.o [1]
uxTaskNumber            0x2001c518      0x4  Data  Lc  tasks.o [1]
uxTaskResetEventItemValue
                        0x0802de89     0x20  Code  Gb  tasks.o [1]
uxTasksDeleted          0x2001c4f8      0x4  Data  Lc  tasks.o [1]
uxTopReadyPriority      0x2001c504      0x4  Data  Lc  tasks.o [1]
vListInitialise         0x08033695     0x1e  Code  Gb  list.o [1]
vListInsert             0x080336cb     0x3a  Code  Gb  list.o [1]
vListInsertEnd          0x080336b3     0x18  Code  Gb  list.o [1]
vPortEnableVFP          0x0803685d           Code  Gb  portasm.o [1]
vPortEnterCritical      0x08033563     0x3a  Code  Gb  port.o [1]
vPortExitCritical       0x0803359d     0x32  Code  Gb  port.o [1]
vPortFree               0x08033845     0x78  Code  Gb  heap_4.o [1]
vPortSetupTimerInterrupt
                        0x080335fb      0xe  Code  Wk  port.o [1]
vPortStartFirstTask     0x08036845           Code  Gb  portasm.o [1]
vPortValidateInterruptPriority
                        0x08033609     0x4e  Code  Gb  port.o [1]
vQueueWaitForMessageRestricted
                        0x0802e681     0x44  Code  Gb  queue.o [1]
vSetupSysInfoTest       0x0803d025     0x12  Code  Gb  SysInfoTest.o [1]
vTaskDelay              0x0802d481     0x84  Code  Gb  tasks.o [1]
vTaskManageCapacity     0x0802cc79    0x214  Code  Gb  apptask.o [1]
vTaskMassStorage        0x0802c22d    0x23e  Code  Lc  apptask.o [1]
vTaskMissedYield        0x0802dc1b      0xa  Code  Gb  tasks.o [1]
vTaskMsgPro             0x0802c5e5    0x426  Code  Lc  apptask.o [1]
vTaskPlaceOnEventList   0x0802d881     0x74  Code  Gb  tasks.o [1]
vTaskPlaceOnEventListRestricted
                        0x0802d9b9     0x80  Code  Gb  tasks.o [1]
vTaskPlaceOnUnorderedEventList
                        0x0802d911     0xa8  Code  Gb  tasks.o [1]
vTaskReadDisk           0x0802cab1    0x1be  Code  Lc  apptask.o [1]
vTaskRev485             0x0802ca15     0x7e  Code  Lc  apptask.o [1]
vTaskSetTimeOutState    0x0802db65     0x26  Code  Gb  tasks.o [1]
vTaskStartScheduler     0x0802d505     0x7e  Code  Gb  tasks.o [1]
vTaskSuspendAll         0x0802d583     0x10  Code  Gb  tasks.o [1]
vTaskSwitchContext      0x0802d7d1     0xb0  Code  Gb  tasks.o [1]
vTaskTaskLCD            0x0802aa91   0x1788  Code  Gb  apptask.o [1]
vTaskTaskLED            0x0802c471     0x20  Code  Lc  apptask.o [1]
vTaskTaskRFID           0x0802c491    0x126  Code  Lc  apptask.o [1]
validate                0x08031d67     0x36  Code  Lc  ff.o [1]
xActiveTimerList1       0x2001c394     0x14  Data  Lc  timers.o [1]
xActiveTimerList2       0x2001c3a8     0x14  Data  Lc  timers.o [1]
xBlockAllocatedBit      0x2001c4e0      0x4  Data  Lc  heap_4.o [1]
xDelayedTaskList1       0x2001c330     0x14  Data  Lc  tasks.o [1]
xDelayedTaskList2       0x2001c344     0x14  Data  Lc  tasks.o [1]
xEventGroupCreate       0x08032d39     0x1c  Code  Gb  event_groups.o [1]
xEventGroupSetBits      0x08032ea1     0xd6  Code  Gb  event_groups.o [1]
xEventGroupWaitBits     0x08032d55    0x146  Code  Gb  event_groups.o [1]
xFreeBytesRemaining     0x2001c4d8      0x4  Data  Lc  heap_4.o [1]
xHandleTaskLCD          0x2001c46c      0x4  Data  Gb  apptask.o [1]
xHandleTaskLED          0x2001c470      0x4  Data  Gb  apptask.o [1]
xHandleTaskManageCapacity
                        0x2001c488      0x4  Data  Gb  apptask.o [1]
xHandleTaskMassStorage  0x2001c478      0x4  Data  Gb  apptask.o [1]
xHandleTaskMsgPro       0x2001c480      0x4  Data  Gb  apptask.o [1]
xHandleTaskRFID         0x2001c474      0x4  Data  Gb  apptask.o [1]
xHandleTaskReadDisk     0x2001c47c      0x4  Data  Gb  apptask.o [1]
xHandleTaskRev485       0x2001c484      0x4  Data  Gb  apptask.o [1]
xHeapStructSize         0x0803db78      0x4  Data  Lc  heap_4.o [1]
xMinimumEverFreeBytesRemaining
                        0x2001c4dc      0x4  Data  Lc  heap_4.o [1]
xNextTaskUnblockTime    0x2001c51c      0x4  Data  Lc  tasks.o [1]
xNumOfOverflows         0x2001c514      0x4  Data  Lc  tasks.o [1]
xPendingReadyList       0x2001c358     0x14  Data  Lc  tasks.o [1]
xPortStartScheduler     0x08033497     0xcc  Code  Gb  port.o [1]
xQueueGenericCreate     0x0802df8d     0x7e  Code  Gb  queue.o [1]
xQueueGenericReceive    0x0802e381    0x19c  Code  Gb  queue.o [1]
xQueueGenericReset      0x0802defd     0x90  Code  Gb  queue.o [1]
xQueueGenericSend       0x0802e00b    0x1b2  Code  Gb  queue.o [1]
xQueueGenericSendFromISR
                        0x0802e1bd     0xec  Code  Gb  queue.o [1]
xQueueGiveFromISR       0x0802e2a9     0xd8  Code  Gb  queue.o [1]
xQueue_message          0x2001c4a8      0x4  Data  Gb  apptask.o [1]
xSchedulerRunning       0x2001c508      0x4  Data  Lc  tasks.o [1]
xSemaphore_download     0x2001c498      0x4  Data  Gb  apptask.o [1]
xSemaphore_lcd          0x2001c48c      0x4  Data  Gb  apptask.o [1]
xSemaphore_pluse        0x2001c494      0x4  Data  Gb  apptask.o [1]
xSemaphore_readDisk     0x2001c49c      0x4  Data  Gb  apptask.o [1]
xSemaphore_rs485        0x2001c490      0x4  Data  Gb  apptask.o [1]
xStart                  0x2001c454      0x8  Data  Lc  heap_4.o [1]
xSuspendedTaskList      0x2001c380     0x14  Data  Lc  tasks.o [1]
xTaskCheckForTimeOut    0x0802db91     0x8a  Code  Gb  tasks.o [1]
xTaskGenericCreate      0x0802d2fd    0x184  Code  Gb  tasks.o [1]
xTaskGetSchedulerState  0x0802de4f     0x26  Code  Gb  tasks.o [1]
xTaskGetTickCount       0x0802d693      0xa  Code  Gb  tasks.o [1]
xTaskIncrementTick      0x0802d69d    0x134  Code  Gb  tasks.o [1]
xTaskRemoveFromEventList
                        0x0802da3d     0x8e  Code  Gb  tasks.o [1]
xTaskRemoveFromUnorderedEventList
                        0x0802dad1     0x94  Code  Gb  tasks.o [1]
xTaskResumeAll          0x0802d593    0x100  Code  Gb  tasks.o [1]
xTasksWaitingTermination
                        0x2001c36c     0x14  Data  Lc  tasks.o [1]
xTickCount              0x2001c500      0x4  Data  Lc  tasks.o [1]
xTimerCreate            0x08032fed     0x62  Code  Gb  timers.o [1]
xTimerCreateTimerTask   0x08032f9d     0x50  Code  Gb  timers.o [1]
xTimerGenericCommand    0x0803304f     0x84  Code  Gb  timers.o [1]
xTimerQueue             0x2001c534      0x4  Data  Lc  timers.o [1]
xTimerUser              0x2001c4a4      0x4  Data  Gb  apptask.o [1]
xYieldPending           0x2001c510      0x4  Data  Lc  tasks.o [1]


[1] = E:\WORK\YarnControl_Driver\YarnControl_Driver\src\stm32f4_rtos\Project\EWARMv7\Flash\Obj
[2] = command line
[3] = dl7M_tlf.a
[4] = m7M_tls.a
[5] = rt7M_tl.a
[6] = shb_l.a

   73 018 bytes of readonly  code memory
  180 506 bytes of readonly  data memory
  118 123 bytes of readwrite data memory (+ 1 044 480 absolute)

Errors: none
Warnings: none
