###############################################################################
#
# IAR ELF Linker V7.40.7.9843/W32 for ARM                 20/May/2019  19:53:37
# Copyright 2007-2015 IAR Systems AB.
#
#    Output file  =  
#        E:\WORK\YarnControl_Driver\YarnControl_Driver\src\stm32f4_rtos\Project\EWARMv7\Flash\Exe\project.out
#    Map file     =  
#        E:\WORK\YarnControl_Driver\YarnControl_Driver\src\stm32f4_rtos\Project\EWARMv7\Flash\List\project.map
#    Command line =  
#        E:\WORK\YarnControl_Driver\YarnControl_Driver\src\stm32f4_rtos\Project\EWARMv7\Flash\Obj\apptask.o
#        E:\WORK\YarnControl_Driver\YarnControl_Driver\src\stm32f4_rtos\Project\EWARMv7\Flash\Obj\bkp_pwr.o
#        E:\WORK\YarnControl_Driver\YarnControl_Driver\src\stm32f4_rtos\Project\EWARMv7\Flash\Obj\bsp.o
#        E:\WORK\YarnControl_Driver\YarnControl_Driver\src\stm32f4_rtos\Project\EWARMv7\Flash\Obj\bsp_adc.o
#        E:\WORK\YarnControl_Driver\YarnControl_Driver\src\stm32f4_rtos\Project\EWARMv7\Flash\Obj\bsp_closeSW.o
#        E:\WORK\YarnControl_Driver\YarnControl_Driver\src\stm32f4_rtos\Project\EWARMv7\Flash\Obj\bsp_dac.o
#        E:\WORK\YarnControl_Driver\YarnControl_Driver\src\stm32f4_rtos\Project\EWARMv7\Flash\Obj\bsp_dwt.o
#        E:\WORK\YarnControl_Driver\YarnControl_Driver\src\stm32f4_rtos\Project\EWARMv7\Flash\Obj\bsp_led.o
#        E:\WORK\YarnControl_Driver\YarnControl_Driver\src\stm32f4_rtos\Project\EWARMv7\Flash\Obj\bsp_relay.o
#        E:\WORK\YarnControl_Driver\YarnControl_Driver\src\stm32f4_rtos\Project\EWARMv7\Flash\Obj\bsp_sdio_sd.o
#        E:\WORK\YarnControl_Driver\YarnControl_Driver\src\stm32f4_rtos\Project\EWARMv7\Flash\Obj\bsp_sdwe050c17.o
#        E:\WORK\YarnControl_Driver\YarnControl_Driver\src\stm32f4_rtos\Project\EWARMv7\Flash\Obj\bsp_servomotor.o
#        E:\WORK\YarnControl_Driver\YarnControl_Driver\src\stm32f4_rtos\Project\EWARMv7\Flash\Obj\bsp_spi.o
#        E:\WORK\YarnControl_Driver\YarnControl_Driver\src\stm32f4_rtos\Project\EWARMv7\Flash\Obj\bsp_stepmotor.o
#        E:\WORK\YarnControl_Driver\YarnControl_Driver\src\stm32f4_rtos\Project\EWARMv7\Flash\Obj\bsp_sw_onoff.o
#        E:\WORK\YarnControl_Driver\YarnControl_Driver\src\stm32f4_rtos\Project\EWARMv7\Flash\Obj\bsp_tim_pwm.o
#        E:\WORK\YarnControl_Driver\YarnControl_Driver\src\stm32f4_rtos\Project\EWARMv7\Flash\Obj\bsp_timer.o
#        E:\WORK\YarnControl_Driver\YarnControl_Driver\src\stm32f4_rtos\Project\EWARMv7\Flash\Obj\bsp_uart_fifo.o
#        E:\WORK\YarnControl_Driver\YarnControl_Driver\src\stm32f4_rtos\Project\EWARMv7\Flash\Obj\bsp_w25qxx.o
#        E:\WORK\YarnControl_Driver\YarnControl_Driver\src\stm32f4_rtos\Project\EWARMv7\Flash\Obj\bsp_watchdog.o
#        E:\WORK\YarnControl_Driver\YarnControl_Driver\src\stm32f4_rtos\Project\EWARMv7\Flash\Obj\cc936.o
#        E:\WORK\YarnControl_Driver\YarnControl_Driver\src\stm32f4_rtos\Project\EWARMv7\Flash\Obj\cJSON.o
#        E:\WORK\YarnControl_Driver\YarnControl_Driver\src\stm32f4_rtos\Project\EWARMv7\Flash\Obj\croutine.o
#        E:\WORK\YarnControl_Driver\YarnControl_Driver\src\stm32f4_rtos\Project\EWARMv7\Flash\Obj\demo_fatfs.o
#        E:\WORK\YarnControl_Driver\YarnControl_Driver\src\stm32f4_rtos\Project\EWARMv7\Flash\Obj\des.o
#        E:\WORK\YarnControl_Driver\YarnControl_Driver\src\stm32f4_rtos\Project\EWARMv7\Flash\Obj\diskio.o
#        E:\WORK\YarnControl_Driver\YarnControl_Driver\src\stm32f4_rtos\Project\EWARMv7\Flash\Obj\encoder_tim.o
#        E:\WORK\YarnControl_Driver\YarnControl_Driver\src\stm32f4_rtos\Project\EWARMv7\Flash\Obj\esp8266_handler.o
#        E:\WORK\YarnControl_Driver\YarnControl_Driver\src\stm32f4_rtos\Project\EWARMv7\Flash\Obj\esp8266_init.o
#        E:\WORK\YarnControl_Driver\YarnControl_Driver\src\stm32f4_rtos\Project\EWARMv7\Flash\Obj\event_groups.o
#        E:\WORK\YarnControl_Driver\YarnControl_Driver\src\stm32f4_rtos\Project\EWARMv7\Flash\Obj\ff.o
#        E:\WORK\YarnControl_Driver\YarnControl_Driver\src\stm32f4_rtos\Project\EWARMv7\Flash\Obj\heap_4.o
#        E:\WORK\YarnControl_Driver\YarnControl_Driver\src\stm32f4_rtos\Project\EWARMv7\Flash\Obj\iic_smec98sp.o
#        E:\WORK\YarnControl_Driver\YarnControl_Driver\src\stm32f4_rtos\Project\EWARMv7\Flash\Obj\list.o
#        E:\WORK\YarnControl_Driver\YarnControl_Driver\src\stm32f4_rtos\Project\EWARMv7\Flash\Obj\main.o
#        E:\WORK\YarnControl_Driver\YarnControl_Driver\src\stm32f4_rtos\Project\EWARMv7\Flash\Obj\malloc.o
#        E:\WORK\YarnControl_Driver\YarnControl_Driver\src\stm32f4_rtos\Project\EWARMv7\Flash\Obj\mcheck.o
#        E:\WORK\YarnControl_Driver\YarnControl_Driver\src\stm32f4_rtos\Project\EWARMv7\Flash\Obj\misc.o
#        E:\WORK\YarnControl_Driver\YarnControl_Driver\src\stm32f4_rtos\Project\EWARMv7\Flash\Obj\modbus.o
#        E:\WORK\YarnControl_Driver\YarnControl_Driver\src\stm32f4_rtos\Project\EWARMv7\Flash\Obj\MQTTConnectClient.o
#        E:\WORK\YarnControl_Driver\YarnControl_Driver\src\stm32f4_rtos\Project\EWARMv7\Flash\Obj\MQTTConnectServer.o
#        E:\WORK\YarnControl_Driver\YarnControl_Driver\src\stm32f4_rtos\Project\EWARMv7\Flash\Obj\MQTTDeserializePublish.o
#        E:\WORK\YarnControl_Driver\YarnControl_Driver\src\stm32f4_rtos\Project\EWARMv7\Flash\Obj\MQTTFormat.o
#        E:\WORK\YarnControl_Driver\YarnControl_Driver\src\stm32f4_rtos\Project\EWARMv7\Flash\Obj\MQTTPacket.o
#        E:\WORK\YarnControl_Driver\YarnControl_Driver\src\stm32f4_rtos\Project\EWARMv7\Flash\Obj\MQTTSerializePublish.o
#        E:\WORK\YarnControl_Driver\YarnControl_Driver\src\stm32f4_rtos\Project\EWARMv7\Flash\Obj\MQTTSubscribeClient.o
#        E:\WORK\YarnControl_Driver\YarnControl_Driver\src\stm32f4_rtos\Project\EWARMv7\Flash\Obj\MQTTSubscribeServer.o
#        E:\WORK\YarnControl_Driver\YarnControl_Driver\src\stm32f4_rtos\Project\EWARMv7\Flash\Obj\MQTTUnsubscribeClient.o
#        E:\WORK\YarnControl_Driver\YarnControl_Driver\src\stm32f4_rtos\Project\EWARMv7\Flash\Obj\MQTTUnsubscribeServer.o
#        E:\WORK\YarnControl_Driver\YarnControl_Driver\src\stm32f4_rtos\Project\EWARMv7\Flash\Obj\page_weimi.o
#        E:\WORK\YarnControl_Driver\YarnControl_Driver\src\stm32f4_rtos\Project\EWARMv7\Flash\Obj\para.o
#        E:\WORK\YarnControl_Driver\YarnControl_Driver\src\stm32f4_rtos\Project\EWARMv7\Flash\Obj\port.o
#        E:\WORK\YarnControl_Driver\YarnControl_Driver\src\stm32f4_rtos\Project\EWARMv7\Flash\Obj\portasm.o
#        E:\WORK\YarnControl_Driver\YarnControl_Driver\src\stm32f4_rtos\Project\EWARMv7\Flash\Obj\product_cal.o
#        E:\WORK\YarnControl_Driver\YarnControl_Driver\src\stm32f4_rtos\Project\EWARMv7\Flash\Obj\protocol.o
#        E:\WORK\YarnControl_Driver\YarnControl_Driver\src\stm32f4_rtos\Project\EWARMv7\Flash\Obj\pub0sub1.o
#        E:\WORK\YarnControl_Driver\YarnControl_Driver\src\stm32f4_rtos\Project\EWARMv7\Flash\Obj\queue.o
#        E:\WORK\YarnControl_Driver\YarnControl_Driver\src\stm32f4_rtos\Project\EWARMv7\Flash\Obj\rc522.o
#        E:\WORK\YarnControl_Driver\YarnControl_Driver\src\stm32f4_rtos\Project\EWARMv7\Flash\Obj\sha1.o
#        E:\WORK\YarnControl_Driver\YarnControl_Driver\src\stm32f4_rtos\Project\EWARMv7\Flash\Obj\smec98sp.o
#        E:\WORK\YarnControl_Driver\YarnControl_Driver\src\stm32f4_rtos\Project\EWARMv7\Flash\Obj\startup_stm32f40_41xxx.o
#        E:\WORK\YarnControl_Driver\YarnControl_Driver\src\stm32f4_rtos\Project\EWARMv7\Flash\Obj\stm32f4xx_adc.o
#        E:\WORK\YarnControl_Driver\YarnControl_Driver\src\stm32f4_rtos\Project\EWARMv7\Flash\Obj\stm32f4xx_assert.o
#        E:\WORK\YarnControl_Driver\YarnControl_Driver\src\stm32f4_rtos\Project\EWARMv7\Flash\Obj\stm32f4xx_can.o
#        E:\WORK\YarnControl_Driver\YarnControl_Driver\src\stm32f4_rtos\Project\EWARMv7\Flash\Obj\stm32f4xx_crc.o
#        E:\WORK\YarnControl_Driver\YarnControl_Driver\src\stm32f4_rtos\Project\EWARMv7\Flash\Obj\stm32f4xx_cryp.o
#        E:\WORK\YarnControl_Driver\YarnControl_Driver\src\stm32f4_rtos\Project\EWARMv7\Flash\Obj\stm32f4xx_cryp_aes.o
#        E:\WORK\YarnControl_Driver\YarnControl_Driver\src\stm32f4_rtos\Project\EWARMv7\Flash\Obj\stm32f4xx_cryp_des.o
#        E:\WORK\YarnControl_Driver\YarnControl_Driver\src\stm32f4_rtos\Project\EWARMv7\Flash\Obj\stm32f4xx_cryp_tdes.o
#        E:\WORK\YarnControl_Driver\YarnControl_Driver\src\stm32f4_rtos\Project\EWARMv7\Flash\Obj\stm32f4xx_dac.o
#        E:\WORK\YarnControl_Driver\YarnControl_Driver\src\stm32f4_rtos\Project\EWARMv7\Flash\Obj\stm32f4xx_dbgmcu.o
#        E:\WORK\YarnControl_Driver\YarnControl_Driver\src\stm32f4_rtos\Project\EWARMv7\Flash\Obj\stm32f4xx_dcmi.o
#        E:\WORK\YarnControl_Driver\YarnControl_Driver\src\stm32f4_rtos\Project\EWARMv7\Flash\Obj\stm32f4xx_dma.o
#        E:\WORK\YarnControl_Driver\YarnControl_Driver\src\stm32f4_rtos\Project\EWARMv7\Flash\Obj\stm32f4xx_dma2d.o
#        E:\WORK\YarnControl_Driver\YarnControl_Driver\src\stm32f4_rtos\Project\EWARMv7\Flash\Obj\stm32f4xx_exti.o
#        E:\WORK\YarnControl_Driver\YarnControl_Driver\src\stm32f4_rtos\Project\EWARMv7\Flash\Obj\stm32f4xx_flash.o
#        E:\WORK\YarnControl_Driver\YarnControl_Driver\src\stm32f4_rtos\Project\EWARMv7\Flash\Obj\stm32f4xx_fsmc.o
#        E:\WORK\YarnControl_Driver\YarnControl_Driver\src\stm32f4_rtos\Project\EWARMv7\Flash\Obj\stm32f4xx_gpio.o
#        E:\WORK\YarnControl_Driver\YarnControl_Driver\src\stm32f4_rtos\Project\EWARMv7\Flash\Obj\stm32f4xx_hash.o
#        E:\WORK\YarnControl_Driver\YarnControl_Driver\src\stm32f4_rtos\Project\EWARMv7\Flash\Obj\stm32f4xx_hash_md5.o
#        E:\WORK\YarnControl_Driver\YarnControl_Driver\src\stm32f4_rtos\Project\EWARMv7\Flash\Obj\stm32f4xx_hash_sha1.o
#        E:\WORK\YarnControl_Driver\YarnControl_Driver\src\stm32f4_rtos\Project\EWARMv7\Flash\Obj\stm32f4xx_i2c.o
#        E:\WORK\YarnControl_Driver\YarnControl_Driver\src\stm32f4_rtos\Project\EWARMv7\Flash\Obj\stm32f4xx_it.o
#        E:\WORK\YarnControl_Driver\YarnControl_Driver\src\stm32f4_rtos\Project\EWARMv7\Flash\Obj\stm32f4xx_iwdg.o
#        E:\WORK\YarnControl_Driver\YarnControl_Driver\src\stm32f4_rtos\Project\EWARMv7\Flash\Obj\stm32f4xx_ltdc.o
#        E:\WORK\YarnControl_Driver\YarnControl_Driver\src\stm32f4_rtos\Project\EWARMv7\Flash\Obj\stm32f4xx_pwr.o
#        E:\WORK\YarnControl_Driver\YarnControl_Driver\src\stm32f4_rtos\Project\EWARMv7\Flash\Obj\stm32f4xx_rcc.o
#        E:\WORK\YarnControl_Driver\YarnControl_Driver\src\stm32f4_rtos\Project\EWARMv7\Flash\Obj\stm32f4xx_rng.o
#        E:\WORK\YarnControl_Driver\YarnControl_Driver\src\stm32f4_rtos\Project\EWARMv7\Flash\Obj\stm32f4xx_rtc.o
#        E:\WORK\YarnControl_Driver\YarnControl_Driver\src\stm32f4_rtos\Project\EWARMv7\Flash\Obj\stm32f4xx_sai.o
#        E:\WORK\YarnControl_Driver\YarnControl_Driver\src\stm32f4_rtos\Project\EWARMv7\Flash\Obj\stm32f4xx_sdio.o
#        E:\WORK\YarnControl_Driver\YarnControl_Driver\src\stm32f4_rtos\Project\EWARMv7\Flash\Obj\stm32f4xx_spi.o
#        E:\WORK\YarnControl_Driver\YarnControl_Driver\src\stm32f4_rtos\Project\EWARMv7\Flash\Obj\stm32f4xx_syscfg.o
#        E:\WORK\YarnControl_Driver\YarnControl_Driver\src\stm32f4_rtos\Project\EWARMv7\Flash\Obj\stm32f4xx_tim.o
#        E:\WORK\YarnControl_Driver\YarnControl_Driver\src\stm32f4_rtos\Project\EWARMv7\Flash\Obj\stm32f4xx_usart.o
#        E:\WORK\YarnControl_Driver\YarnControl_Driver\src\stm32f4_rtos\Project\EWARMv7\Flash\Obj\stm32f4xx_wwdg.o
#        E:\WORK\YarnControl_Driver\YarnControl_Driver\src\stm32f4_rtos\Project\EWARMv7\Flash\Obj\SysInfoTest.o
#        E:\WORK\YarnControl_Driver\YarnControl_Driver\src\stm32f4_rtos\Project\EWARMv7\Flash\Obj\system_stm32f4xx.o
#        E:\WORK\YarnControl_Driver\YarnControl_Driver\src\stm32f4_rtos\Project\EWARMv7\Flash\Obj\tasks.o
#        E:\WORK\YarnControl_Driver\YarnControl_Driver\src\stm32f4_rtos\Project\EWARMv7\Flash\Obj\timer_platform.o
#        E:\WORK\YarnControl_Driver\YarnControl_Driver\src\stm32f4_rtos\Project\EWARMv7\Flash\Obj\timers.o
#        E:\WORK\YarnControl_Driver\YarnControl_Driver\src\stm32f4_rtos\Project\EWARMv7\Flash\Obj\transport.o
#        E:\WORK\YarnControl_Driver\YarnControl_Driver\src\stm32f4_rtos\Project\EWARMv7\Flash\Obj\usb_bsp.o
#        E:\WORK\YarnControl_Driver\YarnControl_Driver\src\stm32f4_rtos\Project\EWARMv7\Flash\Obj\usb_core.o
#        E:\WORK\YarnControl_Driver\YarnControl_Driver\src\stm32f4_rtos\Project\EWARMv7\Flash\Obj\usb_hcd.o
#        E:\WORK\YarnControl_Driver\YarnControl_Driver\src\stm32f4_rtos\Project\EWARMv7\Flash\Obj\usb_hcd_int.o
#        E:\WORK\YarnControl_Driver\YarnControl_Driver\src\stm32f4_rtos\Project\EWARMv7\Flash\Obj\usbh_core.o
#        E:\WORK\YarnControl_Driver\YarnControl_Driver\src\stm32f4_rtos\Project\EWARMv7\Flash\Obj\usbh_hcs.o
#        E:\WORK\YarnControl_Driver\YarnControl_Driver\src\stm32f4_rtos\Project\EWARMv7\Flash\Obj\usbh_ioreq.o
#        E:\WORK\YarnControl_Driver\YarnControl_Driver\src\stm32f4_rtos\Project\EWARMv7\Flash\Obj\usbh_it.o
#        E:\WORK\YarnControl_Driver\YarnControl_Driver\src\stm32f4_rtos\Project\EWARMv7\Flash\Obj\usbh_msc_bot.o
#        E:\WORK\YarnControl_Driver\YarnControl_Driver\src\stm32f4_rtos\Project\EWARMv7\Flash\Obj\usbh_msc_core.o
#        E:\WORK\YarnControl_Driver\YarnControl_Driver\src\stm32f4_rtos\Project\EWARMv7\Flash\Obj\usbh_msc_scsi.o
#        E:\WORK\YarnControl_Driver\YarnControl_Driver\src\stm32f4_rtos\Project\EWARMv7\Flash\Obj\usbh_stdreq.o
#        E:\WORK\YarnControl_Driver\YarnControl_Driver\src\stm32f4_rtos\Project\EWARMv7\Flash\Obj\usbh_usr.o
#        -o
#        E:\WORK\YarnControl_Driver\YarnControl_Driver\src\stm32f4_rtos\Project\EWARMv7\Flash\Exe\project.out
#        --map
#        E:\WORK\YarnControl_Driver\YarnControl_Driver\src\stm32f4_rtos\Project\EWARMv7\Flash\List\project.map
#        --config
#        E:\WORK\YarnControl_Driver\YarnControl_Driver\src\stm32f4_rtos\Project\EWARMv7\stm32f4xx_flash.icf
#        --semihosting --entry __iar_program_start --inline --vfe
#
###############################################################################

*******************************************************************************
*** RUNTIME MODEL ATTRIBUTES
***

CppFlavor                     = *
__Heap_Handler                = DLMalloc
__SystemLibrary               = DLib
__dlib_dynamic_initialization = normal


*******************************************************************************
*** PLACEMENT SUMMARY
***

"A1":  place at 0x08000000 { ro section .intvec };
"P1":  place in [from 0x08000000 to 0x080fffff] { ro };
"P2":  place in [from 0x20000000 to 0x2001ffff] { rw, block CSTACK, block HEAP };

  Section             Kind        Address     Size  Object
  -------             ----        -------     ----  ------
"A1":                                        0x188
  .intvec             ro code  0x08000000    0x188  startup_stm32f40_41xxx.o [1]
                             - 0x08000188    0x188

"P1":                                      0x4b316
  .rodata             const    0x08000188  0x15484  cc936.o [1]
  .rodata             const    0x0801560c  0x15484  cc936.o [1]
  .text               ro code  0x0802aa90   0x74f0  apptask.o [1]
  .text               ro code  0x08031f80   0x154c  bsp_sdwe050c17.o [1]
  .text               ro code  0x080334cc    0x7c8  queue.o [1]
  .text               ro code  0x08033c94    0x6b0  product_cal.o [1]
  .text               ro code  0x08034344     0x66  ABImemset.o [5]
  .text               ro code  0x080343aa     0x1e  xsscin.o [3]
  .text               ro code  0x080343c8    0xce0  tasks.o [1]
  .text               ro code  0x080350a8    0x380  bsp_w25qxx.o [1]
  .text               ro code  0x08035428   0x150a  para.o [1]
  .text               ro code  0x08036932     0x1a  xsnprout.o [3]
  .text               ro code  0x0803694c     0x4e  FltToDbl.o [4]
  .text               ro code  0x0803699a      0xa  xsprout.o [3]
  .text               ro code  0x080369a4     0x24  printf.o [3]
  .text               ro code  0x080369c8     0x76  ABImemcpy_unaligned.o [5]
  .text               ro code  0x08036a40     0x42  strcmp_unaligned.o [5]
  .text               ro code  0x08036a84    0x21c  malloc.o [1]
  .text               ro code  0x08036ca0     0x30  I32ToDbl.o [4]
  .text               ro code  0x08036cd0    0x256  DblDiv.o [4]
  .text               ro code  0x08036f28     0xe8  DblAdd.o [4]
  .text               ro code  0x08037010    0x1a2  DblMul.o [4]
  .text               ro code  0x080371b4     0x58  DblToI32.o [4]
  .text               ro code  0x0803720c     0x90  DblToFlt.o [4]
  .text               ro code  0x0803729c     0x36  strlen.o [5]
  .text               ro code  0x080372d4    0x12c  stm32f4xx_gpio.o [1]
  .text               ro code  0x08037400     0x62  memcmp_unaligned.o [5]
  .text               ro code  0x08037464     0xc8  bsp_dac.o [1]
  .text               ro code  0x0803752c     0x3c  stm32f4xx_rtc.o [1]
  .text               ro code  0x08037568    0x504  page_weimi.o [1]
  .text               ro code  0x08037a6c    0x280  bsp_servomotor.o [1]
  .text               ro code  0x08037cec    0x188  bkp_pwr.o [1]
  .text               ro code  0x08037e74    0x1a2  usbh_usr.o [1]
  .text               ro code  0x08038018    0x760  usbh_core.o [1]
  .text               ro code  0x08038778   0x2498  ff.o [1]
  .text               ro code  0x0803ac10     0x34  sprintf.o [3]
  .text               ro code  0x0803ac44     0x1c  strcat.o [3]
  .text               ro code  0x0803ac60     0xc0  bsp_led.o [1]
  .text               ro code  0x0803ad20     0xee  rc522.o [1]
  .text               ro code  0x0803ae10    0x354  modbus.o [1]
  .text               ro code  0x0803b164     0x80  protocol.o [1]
  .text               ro code  0x0803b1e4     0x10  para.o [1]
  .text               ro code  0x0803b1f4     0xdc  bsp_closeSW.o [1]
  .text               ro code  0x0803b2d0    0x180  DblSub.o [4]
  .text               ro code  0x0803b450    0x4f4  bsp_stepmotor.o [1]
  .text               ro code  0x0803b944    0x2a0  encoder_tim.o [1]
  .text               ro code  0x0803bbe4     0x7c  esp8266_init.o [1]
  .text               ro code  0x0803bc60    0x414  esp8266_handler.o [1]
  .text               ro code  0x0803c074    0x434  pub0sub1.o [1]
  .text               ro code  0x0803c4a8    0x262  event_groups.o [1]
  .text               ro code  0x0803c70c    0x4a4  timers.o [1]
  .text               ro code  0x0803cbb0      0x8  bsp_watchdog.o [1]
  .text               ro code  0x0803cbb8    0x1e8  stm32f4xx_rcc.o [1]
  .text               ro code  0x0803cda0     0x74  bsp_dwt.o [1]
  .text               ro code  0x0803ce14    0xaa4  bsp_uart_fifo.o [1]
  .text               ro code  0x0803d8b8    0x204  bsp_timer.o [1]
  .text               ro code  0x0803dabc    0x24c  port.o [1]
  .text               ro code  0x0803dd08     0x98  list.o [1]
  .text               ro code  0x0803dda0    0x280  heap_4.o [1]
  .text               ro code  0x0803e020    0x124  bsp_spi.o [1]
  .text               ro code  0x0803e144     0x44  strcpy_unaligned.o [5]
  .text               ro code  0x0803e188     0x24  sscanf.o [3]
  .text               ro code  0x0803e1ac    0xd96  xprintffull_nomb.o [3]
  .text               ro code  0x0803ef44     0x7c  stm32f4xx_dac.o [1]
  .text               ro code  0x0803efc0    0x6f6  stm32f4xx_tim.o [1]
  .text               ro code  0x0803f6b8    0x31c  stm32f4xx_dma.o [1]
  .text               ro code  0x0803f9d4      0xc  stm32f4xx_pwr.o [1]
  .text               ro code  0x0803f9e0    0x14c  usb_bsp.o [1]
  .text               ro code  0x0803fb2c     0xd6  usb_hcd.o [1]
  .text               ro code  0x0803fc02    0x1ba  usbh_hcs.o [1]
  .text               ro code  0x0803fdbc    0x436  usbh_stdreq.o [1]
  .text               ro code  0x080401f2    0x246  usbh_ioreq.o [1]
  .text               ro code  0x08040438    0x2e4  diskio.o [1]
  .text               ro code  0x0804071c     0xf4  cc936.o [1]
  .text               ro code  0x08040810     0xb8  mcheck.o [1]
  .text               ro code  0x080408c8     0x2c  strstr.o [3]
  .text               ro code  0x080408f4     0x54  stm32f4xx_syscfg.o [1]
  .text               ro code  0x08040948     0xc0  stm32f4xx_exti.o [1]
  .text               ro code  0x08040a08     0x88  misc.o [1]
  .text               ro code  0x08040a90    0x132  I64DivMod.o [5]
  .text               ro code  0x08040bc4      0x6  ABImemclr4.o [5]
  .text               ro code  0x08040bcc     0x44  snprintf.o [3]
  .text               ro code  0x08040c10    0x306  MQTTConnectClient.o [1]
  .text               ro code  0x08040f18     0x6c  transport.o [1]
  .text               ro code  0x08040f84    0x290  MQTTPacket.o [1]
  .text               ro code  0x08041214     0x40  timer_platform.o [1]
  .text               ro code  0x08041254    0x190  MQTTSubscribeClient.o [1]
  .text               ro code  0x080413e4     0xbc  MQTTDeserializePublish.o [1]
  .text               ro code  0x080414a0     0xec  MQTTSerializePublish.o [1]
  .text               ro code  0x0804158c     0x10  stm32f4xx_iwdg.o [1]
  .text               ro code  0x0804159c    0x254  stm32f4xx_usart.o [1]
  CODE                ro code  0x080417f0     0xa8  portasm.o [1]
  .text               ro code  0x08041898     0x74  stm32f4xx_spi.o [1]
  .text               ro code  0x0804190c    0xb64  xscanffull_nomb.o [3]
  .text               ro code  0x08042470     0x16  strchr.o [5]
  .text               ro code  0x08042488     0x58  memchr.o [5]
  .text               ro code  0x080424e0     0x42  xdnorm.o [4]
  .text               ro code  0x08042524     0x2e  DblCmpLe.o [4]
  .text               ro code  0x08042554     0x2e  DblCmpGe.o [4]
  .text               ro code  0x08042584    0x114  xdscale.o [4]
  .text               ro code  0x08042698     0x6c  localeconv.o [3]
  .text               ro code  0x08042704      0xe  div.o [3]
  .text               ro code  0x08042714    0xa50  usb_core.o [1]
  .text               ro code  0x08043164   0x1a58  bsp_sdio_sd.o [1]
  .text               ro code  0x08044bbc    0x618  usbh_msc_scsi.o [1]
  .text               ro code  0x080451d4    0x554  usbh_msc_bot.o [1]
  .text               ro code  0x08045728      0x2  I64DivZer.o [5]
  .text               ro code  0x0804572c     0x32  ABImemset48.o [5]
  .text               ro code  0x0804575e     0x28  isxxx.o [3]
  .text               ro code  0x08045786     0xa4  xstoll.o [3]
  .text               ro code  0x0804582c    0x1b0  xstoull.o [3]
  .text               ro code  0x080459dc    0x168  xstold.o [4]
  .text               ro code  0x08045b44    0x17c  stm32f4xx_sdio.o [1]
  .text               ro code  0x08045cc0     0x18  setlocale.o [3]
  .text               ro code  0x08045cd8     0x16  xlocale_c.o [3]
  .text               ro code  0x08045cee     0x14  xlocale_c.o [3]
  .text               ro code  0x08045d04      0xc  errno.o [3]
  .text               ro code  0x08045d10     0x14  tolower.o [3]
  .text               ro code  0x08045d24    0x124  xstopfx.o [3]
  .text               ro code  0x08045e48    0x1b8  xstoflt.o [3]
  .text               ro code  0x08046000    0x200  xdtento.o [4]
  .text               ro code  0x08046200    0x218  xstoxflt.o [3]
  .text               ro code  0x08046418      0x2  xtls.o [3]
  .text               ro code  0x0804641a      0xc  xlocale_c.o [3]
  .text               ro code  0x08046428     0x20  DblCmpEq.o [4]
  .text               ro code  0x08046448     0x52  xdunscal.o [4]
  .text               ro code  0x0804649c    0xc7e  usb_hcd_int.o [1]
  .text               ro code  0x0804711c    0x4fa  des.o [1]
  .text               ro code  0x08047618    0x4ae  smec98sp.o [1]
  .text               ro code  0x08047ac8    0x1b6  stm32f4xx_adc.o [1]
  .text               ro code  0x08047c80    0x38e  iic_smec98sp.o [1]
  .text               ro code  0x08048010     0x20  srand.o [3]
  .text               ro code  0x08048030     0xe0  rand.o [3]
  .rodata             const    0x08048110    0x400  apptask.o [1]
  .text               ro code  0x08048510    0x3e8  usbh_msc_core.o [1]
  .rodata             const    0x080488f8    0x3dc  cc936.o [1]
  .rodata             const    0x08048cd4    0x3dc  cc936.o [1]
  .rodata             const    0x080490b0    0x200  des.o [1]
  .rodata             const    0x080492b0    0x190  product_cal.o [1]
  .text               ro code  0x08049440    0x154  system_stm32f4xx.o [1]
  .rodata             const    0x08049594    0x100  mcheck.o [1]
  .rodata             const    0x08049694    0x100  mcheck.o [1]
  .rodata             const    0x08049794    0x100  mcheck.o [1]
  .text               ro code  0x08049894     0xd0  packbits_init.o [5]
  .text               ro code  0x08049964      0x6  abort.o [3]
  .text               ro code  0x0804996c     0x14  exit.o [6]
  .rodata             const    0x08049980     0x58  pub0sub1.o [1]
  .text               ro code  0x080499d8     0x58  bsp.o [1]
  .text               ro code  0x08049a30     0x44  bsp_relay.o [1]
  .text               ro code  0x08049a74     0x44  bsp_sw_onoff.o [1]
  .rodata             const    0x08049ab8     0x40  des.o [1]
  .rodata             const    0x08049af8     0x40  des.o [1]
  .text               ro code  0x08049b38     0x40  zero_init3.o [5]
  .rodata             const    0x08049b78     0x38  demo_fatfs.o [1]
  .rodata             const    0x08049bb0     0x38  des.o [1]
  .text               ro code  0x08049be8     0x38  stm32f4xx_it.o [1]
  .rodata             const    0x08049c20     0x34  apptask.o [1]
  .rodata             const    0x08049c54     0x30  apptask.o [1]
  .rodata             const    0x08049c84     0x30  demo_fatfs.o [1]
  .rodata             const    0x08049cb4     0x30  demo_fatfs.o [1]
  .rodata             const    0x08049ce4     0x30  des.o [1]
  .rodata             const    0x08049d14     0x30  des.o [1]
  .text               ro code  0x08049d44     0x30  main.o [1]
  .rodata             const    0x08049d74     0x2c  apptask.o [1]
  .rodata             const    0x08049da0     0x2c  demo_fatfs.o [1]
  .rodata             const    0x08049dcc     0x2c  demo_fatfs.o [1]
  .rodata             const    0x08049df8     0x2c  stm32f4xx_it.o [1]
  .text               ro code  0x08049e24     0x2c  SysInfoTest.o [1]
  .rodata             const    0x08049e50     0x28  apptask.o [1]
  .rodata             const    0x08049e78     0x28  demo_fatfs.o [1]
  .rodata             const    0x08049ea0     0x28  demo_fatfs.o [1]
  .rodata             const    0x08049ec8     0x28  demo_fatfs.o [1]
  .text               ro code  0x08049ef0     0x28  data_init.o [5]
  .rodata             const    0x08049f18     0x24  apptask.o [1]
  .rodata             const    0x08049f3c     0x24  apptask.o [1]
  .rodata             const    0x08049f60     0x24  apptask.o [1]
  .rodata             const    0x08049f84     0x24  apptask.o [1]
  .rodata             const    0x08049fa8     0x24  apptask.o [1]
  .rodata             const    0x08049fcc     0x24  apptask.o [1]
  .rodata             const    0x08049ff0     0x24  apptask.o [1]
  .rodata             const    0x0804a014     0x24  apptask.o [1]
  .rodata             const    0x0804a038     0x24  apptask.o [1]
  .rodata             const    0x0804a05c     0x24  apptask.o [1]
  .rodata             const    0x0804a080     0x24  demo_fatfs.o [1]
  .rodata             const    0x0804a0a4     0x24  demo_fatfs.o [1]
  .rodata             const    0x0804a0c8     0x24  pub0sub1.o [1]
  .rodata             const    0x0804a0ec     0x24  pub0sub1.o [1]
  .rodata             const    0x0804a110     0x24  usbh_usr.o [1]
  .text               ro code  0x0804a134     0x22  fpinit_M.o [4]
  .iar.init_table     const    0x0804a158     0x34  - Linker created -
  .rodata             const    0x0804a18c     0x20  apptask.o [1]
  .rodata             const    0x0804a1ac     0x20  apptask.o [1]
  .rodata             const    0x0804a1cc     0x20  apptask.o [1]
  .rodata             const    0x0804a1ec     0x20  demo_fatfs.o [1]
  .rodata             const    0x0804a20c     0x20  demo_fatfs.o [1]
  .rodata             const    0x0804a22c     0x20  demo_fatfs.o [1]
  .rodata             const    0x0804a24c     0x20  des.o [1]
  .rodata             const    0x0804a26c     0x20  pub0sub1.o [1]
  .rodata             const    0x0804a28c     0x20  usbh_usr.o [1]
  .rodata             const    0x0804a2ac     0x20  usbh_usr.o [1]
  .rodata             const    0x0804a2cc     0x20  usbh_usr.o [1]
  .rodata             const    0x0804a2ec     0x20  usbh_usr.o [1]
  .rodata             const    0x0804a30c     0x20  usbh_usr.o [1]
  .rodata             const    0x0804a32c     0x1c  apptask.o [1]
  .rodata             const    0x0804a348     0x1c  apptask.o [1]
  .rodata             const    0x0804a364     0x1c  apptask.o [1]
  .rodata             const    0x0804a380     0x1c  apptask.o [1]
  .rodata             const    0x0804a39c     0x1c  apptask.o [1]
  .rodata             const    0x0804a3b8     0x1c  apptask.o [1]
  .rodata             const    0x0804a3d4     0x1c  apptask.o [1]
  .rodata             const    0x0804a3f0     0x1c  apptask.o [1]
  .rodata             const    0x0804a40c     0x1c  demo_fatfs.o [1]
  .rodata             const    0x0804a428     0x1c  demo_fatfs.o [1]
  .rodata             const    0x0804a444     0x1c  esp8266_handler.o [1]
  .rodata             const    0x0804a460     0x1c  esp8266_handler.o [1]
  .rodata             const    0x0804a47c     0x1c  pub0sub1.o [1]
  .rodata             const    0x0804a498     0x1c  pub0sub1.o [1]
  .rodata             const    0x0804a4b4     0x1c  pub0sub1.o [1]
  .rodata             const    0x0804a4d0     0x1c  smec98sp.o [1]
  .rodata             const    0x0804a4ec     0x1c  smec98sp.o [1]
  .rodata             const    0x0804a508     0x1c  smec98sp.o [1]
  .rodata             const    0x0804a524     0x1c  usbh_usr.o [1]
  .rodata             const    0x0804a540     0x1c  usbh_usr.o [1]
  .rodata             const    0x0804a55c     0x1c  usbh_usr.o [1]
  .rodata             const    0x0804a578     0x1c  usbh_usr.o [1]
  .rodata             const    0x0804a594     0x1c  usbh_usr.o [1]
  .rodata             const    0x0804a5b0     0x1c  usbh_usr.o [1]
  .text               ro code  0x0804a5cc     0x1a  cmain.o [5]
  .text               ro code  0x0804a5e6      0x4  exit.o [3]
  .text               ro code  0x0804a5ec      0xa  cexit.o [5]
  .rodata             const    0x0804a5f8     0x18  apptask.o [1]
  .rodata             const    0x0804a610     0x18  apptask.o [1]
  .rodata             const    0x0804a628     0x18  apptask.o [1]
  .rodata             const    0x0804a640     0x18  apptask.o [1]
  .rodata             const    0x0804a658     0x18  apptask.o [1]
  .rodata             const    0x0804a670     0x18  apptask.o [1]
  .rodata             const    0x0804a688     0x18  apptask.o [1]
  .rodata             const    0x0804a6a0     0x18  apptask.o [1]
  .rodata             const    0x0804a6b8     0x18  apptask.o [1]
  .rodata             const    0x0804a6d0     0x18  apptask.o [1]
  .rodata             const    0x0804a6e8     0x18  apptask.o [1]
  .rodata             const    0x0804a700     0x18  apptask.o [1]
  .rodata             const    0x0804a718     0x18  demo_fatfs.o [1]
  .rodata             const    0x0804a730     0x18  demo_fatfs.o [1]
  .rodata             const    0x0804a748     0x18  demo_fatfs.o [1]
  .rodata             const    0x0804a760     0x18  demo_fatfs.o [1]
  .rodata             const    0x0804a778     0x18  esp8266_handler.o [1]
  .rodata             const    0x0804a790     0x18  esp8266_handler.o [1]
  .rodata             const    0x0804a7a8     0x18  esp8266_handler.o [1]
  .rodata             const    0x0804a7c0     0x18  para.o [1]
  .rodata             const    0x0804a7d8     0x18  pub0sub1.o [1]
  .rodata             const    0x0804a7f0     0x18  pub0sub1.o [1]
  .rodata             const    0x0804a808     0x18  smec98sp.o [1]
  .rodata             const    0x0804a820     0x18  smec98sp.o [1]
  .rodata             const    0x0804a838     0x18  usbh_usr.o [1]
  .rodata             const    0x0804a850     0x18  usbh_usr.o [1]
  .rodata             const    0x0804a868     0x18  usbh_usr.o [1]
  .rodata             const    0x0804a880     0x18  usbh_usr.o [1]
  .rodata             const    0x0804a898     0x18  usbh_usr.o [1]
  .text               ro code  0x0804a8b0     0x16  xprout.o [3]
  .text               ro code  0x0804a8c8      0xc  putchar.o [3]
  .rodata             const    0x0804a8d4     0x14  apptask.o [1]
  .rodata             const    0x0804a8e8     0x14  apptask.o [1]
  .rodata             const    0x0804a8fc     0x14  apptask.o [1]
  .rodata             const    0x0804a910     0x14  apptask.o [1]
  .rodata             const    0x0804a924     0x14  apptask.o [1]
  .rodata             const    0x0804a938     0x14  apptask.o [1]
  .rodata             const    0x0804a94c     0x14  apptask.o [1]
  .rodata             const    0x0804a960     0x14  apptask.o [1]
  .rodata             const    0x0804a974     0x14  apptask.o [1]
  .rodata             const    0x0804a988     0x14  apptask.o [1]
  .rodata             const    0x0804a99c     0x14  apptask.o [1]
  .rodata             const    0x0804a9b0     0x14  apptask.o [1]
  .rodata             const    0x0804a9c4     0x14  apptask.o [1]
  .rodata             const    0x0804a9d8     0x14  apptask.o [1]
  .rodata             const    0x0804a9ec     0x14  apptask.o [1]
  .rodata             const    0x0804aa00     0x14  apptask.o [1]
  .rodata             const    0x0804aa14     0x14  des.o [1]
  .rodata             const    0x0804aa28     0x14  esp8266_handler.o [1]
  .rodata             const    0x0804aa3c     0x14  pub0sub1.o [1]
  .rodata             const    0x0804aa50     0x14  pub0sub1.o [1]
  .rodata             const    0x0804aa64     0x14  pub0sub1.o [1]
  .rodata             const    0x0804aa78     0x14  pub0sub1.o [1]
  .rodata             const    0x0804aa8c     0x14  pub0sub1.o [1]
  .rodata             const    0x0804aaa0     0x14  smec98sp.o [1]
  .rodata             const    0x0804aab4     0x14  usbh_usr.o [1]
  .rodata             const    0x0804aac8     0x14  usbh_usr.o [1]
  .rodata             const    0x0804aadc     0x10  apptask.o [1]
  .rodata             const    0x0804aaec     0x10  apptask.o [1]
  .rodata             const    0x0804aafc     0x10  apptask.o [1]
  .rodata             const    0x0804ab0c     0x10  apptask.o [1]
  .rodata             const    0x0804ab1c     0x10  apptask.o [1]
  .rodata             const    0x0804ab2c     0x10  apptask.o [1]
  .rodata             const    0x0804ab3c     0x10  apptask.o [1]
  .rodata             const    0x0804ab4c     0x10  apptask.o [1]
  .rodata             const    0x0804ab5c     0x10  apptask.o [1]
  .rodata             const    0x0804ab6c     0x10  apptask.o [1]
  .rodata             const    0x0804ab7c     0x10  apptask.o [1]
  .rodata             const    0x0804ab8c     0x10  apptask.o [1]
  .rodata             const    0x0804ab9c     0x10  apptask.o [1]
  .rodata             const    0x0804abac     0x10  apptask.o [1]
  .rodata             const    0x0804abbc     0x10  apptask.o [1]
  .rodata             const    0x0804abcc     0x10  apptask.o [1]
  .rodata             const    0x0804abdc     0x10  apptask.o [1]
  .rodata             const    0x0804abec     0x10  apptask.o [1]
  .rodata             const    0x0804abfc     0x10  apptask.o [1]
  .rodata             const    0x0804ac0c     0x10  apptask.o [1]
  .rodata             const    0x0804ac1c     0x10  apptask.o [1]
  .rodata             const    0x0804ac2c     0x10  apptask.o [1]
  .rodata             const    0x0804ac3c     0x10  apptask.o [1]
  .rodata             const    0x0804ac4c     0x10  apptask.o [1]
  .rodata             const    0x0804ac5c     0x10  apptask.o [1]
  .rodata             const    0x0804ac6c     0x10  apptask.o [1]
  .rodata             const    0x0804ac7c     0x10  apptask.o [1]
  .rodata             const    0x0804ac8c     0x10  bsp_sdwe050c17.o [1]
  .rodata             const    0x0804ac9c     0x10  esp8266_handler.o [1]
  .rodata             const    0x0804acac     0x10  esp8266_handler.o [1]
  .rodata             const    0x0804acbc     0x10  esp8266_handler.o [1]
  .rodata             const    0x0804accc     0x10  esp8266_handler.o [1]
  .rodata             const    0x0804acdc     0x10  esp8266_handler.o [1]
  .rodata             const    0x0804acec     0x10  esp8266_handler.o [1]
  .rodata             const    0x0804acfc     0x10  ff.o [1]
  .rodata             const    0x0804ad0c     0x10  main.o [1]
  .rodata             const    0x0804ad1c     0x10  main.o [1]
  .rodata             const    0x0804ad2c     0x10  para.o [1]
  .rodata             const    0x0804ad3c     0x10  para.o [1]
  .rodata             const    0x0804ad4c     0x10  pub0sub1.o [1]
  .rodata             const    0x0804ad5c     0x10  smec98sp.o [1]
  .rodata             const    0x0804ad6c     0x10  smec98sp.o [1]
  .rodata             const    0x0804ad7c     0x10  smec98sp.o [1]
  .rodata             const    0x0804ad8c     0x10  smec98sp.o [1]
  .rodata             const    0x0804ad9c     0x10  smec98sp.o [1]
  .rodata             const    0x0804adac     0x10  smec98sp.o [1]
  .rodata             const    0x0804adbc     0x10  usbh_usr.o [1]
  .rodata             const    0x0804adcc     0x10  usbh_usr.o [1]
  .text               ro code  0x0804addc     0x10  startup_stm32f40_41xxx.o [1]
  .text               ro code  0x0804adec     0x10  usbh_it.o [1]
  .rodata             const    0x0804adfc      0xc  apptask.o [1]
  .rodata             const    0x0804ae08      0xc  apptask.o [1]
  .rodata             const    0x0804ae14      0xc  apptask.o [1]
  .rodata             const    0x0804ae20      0xc  apptask.o [1]
  .rodata             const    0x0804ae2c      0xc  apptask.o [1]
  .rodata             const    0x0804ae38      0xc  apptask.o [1]
  .rodata             const    0x0804ae44      0xc  apptask.o [1]
  .rodata             const    0x0804ae50      0xc  apptask.o [1]
  .rodata             const    0x0804ae5c      0xc  apptask.o [1]
  .rodata             const    0x0804ae68      0xc  apptask.o [1]
  .rodata             const    0x0804ae74      0xc  apptask.o [1]
  .rodata             const    0x0804ae80      0xc  apptask.o [1]
  .rodata             const    0x0804ae8c      0xc  apptask.o [1]
  .rodata             const    0x0804ae98      0xc  apptask.o [1]
  .rodata             const    0x0804aea4      0xc  apptask.o [1]
  .rodata             const    0x0804aeb0      0xc  apptask.o [1]
  .rodata             const    0x0804aebc      0xc  apptask.o [1]
  .rodata             const    0x0804aec8      0xc  apptask.o [1]
  .rodata             const    0x0804aed4      0xc  apptask.o [1]
  .rodata             const    0x0804aee0      0xc  apptask.o [1]
  .rodata             const    0x0804aeec      0xc  apptask.o [1]
  .rodata             const    0x0804aef8      0xc  apptask.o [1]
  .rodata             const    0x0804af04      0xc  apptask.o [1]
  .rodata             const    0x0804af10      0xc  apptask.o [1]
  .rodata             const    0x0804af1c      0xc  apptask.o [1]
  .rodata             const    0x0804af28      0xc  apptask.o [1]
  .rodata             const    0x0804af34      0xc  apptask.o [1]
  .rodata             const    0x0804af40      0xc  apptask.o [1]
  .rodata             const    0x0804af4c      0xc  apptask.o [1]
  .rodata             const    0x0804af58      0xc  apptask.o [1]
  .rodata             const    0x0804af64      0xc  apptask.o [1]
  .rodata             const    0x0804af70      0xc  apptask.o [1]
  .rodata             const    0x0804af7c      0xc  apptask.o [1]
  .rodata             const    0x0804af88      0xc  apptask.o [1]
  .rodata             const    0x0804af94      0xc  apptask.o [1]
  .rodata             const    0x0804afa0      0xc  bsp_sdwe050c17.o [1]
  .rodata             const    0x0804afac      0xc  demo_fatfs.o [1]
  .rodata             const    0x0804afb8      0xc  esp8266_handler.o [1]
  .rodata             const    0x0804afc4      0xc  esp8266_handler.o [1]
  .rodata             const    0x0804afd0      0xc  esp8266_handler.o [1]
  .rodata             const    0x0804afdc      0xc  esp8266_handler.o [1]
  .rodata             const    0x0804afe8      0xc  esp8266_handler.o [1]
  .rodata             const    0x0804aff4      0xc  esp8266_handler.o [1]
  .rodata             const    0x0804b000      0xc  ff.o [1]
  .rodata             const    0x0804b00c      0xc  page_weimi.o [1]
  .rodata             const    0x0804b018      0xc  para.o [1]
  .rodata             const    0x0804b024      0xc  para.o [1]
  .rodata             const    0x0804b030      0xc  para.o [1]
  .rodata             const    0x0804b03c      0xc  para.o [1]
  .rodata             const    0x0804b048      0xc  para.o [1]
  .rodata             const    0x0804b054      0xc  pub0sub1.o [1]
  .rodata             const    0x0804b060      0xc  pub0sub1.o [1]
  .text               ro code  0x0804b06c      0xc  cstartup_M.o [5]
  .rodata             const    0x0804b078      0x8  apptask.o [1]
  .rodata             const    0x0804b080      0x8  apptask.o [1]
  .rodata             const    0x0804b088      0x8  apptask.o [1]
  .rodata             const    0x0804b090      0x8  apptask.o [1]
  .rodata             const    0x0804b098      0x8  apptask.o [1]
  .rodata             const    0x0804b0a0      0x8  apptask.o [1]
  .rodata             const    0x0804b0a8      0x8  apptask.o [1]
  .rodata             const    0x0804b0b0      0x8  apptask.o [1]
  .rodata             const    0x0804b0b8      0x8  apptask.o [1]
  .rodata             const    0x0804b0c0      0x8  apptask.o [1]
  .rodata             const    0x0804b0c8      0x8  apptask.o [1]
  .rodata             const    0x0804b0d0      0x8  apptask.o [1]
  .rodata             const    0x0804b0d8      0x8  apptask.o [1]
  .rodata             const    0x0804b0e0      0x8  apptask.o [1]
  .rodata             const    0x0804b0e8      0x8  apptask.o [1]
  .rodata             const    0x0804b0f0      0x8  apptask.o [1]
  .rodata             const    0x0804b0f8      0x8  apptask.o [1]
  .rodata             const    0x0804b100      0x8  apptask.o [1]
  .rodata             const    0x0804b108      0x8  apptask.o [1]
  .rodata             const    0x0804b110      0x8  apptask.o [1]
  .rodata             const    0x0804b118      0x8  apptask.o [1]
  .rodata             const    0x0804b120      0x8  apptask.o [1]
  .rodata             const    0x0804b128      0x8  bsp_sdwe050c17.o [1]
  .rodata             const    0x0804b130      0x8  bsp_w25qxx.o [1]
  .rodata             const    0x0804b138      0x8  esp8266_handler.o [1]
  .rodata             const    0x0804b140      0x8  ff.o [1]
  .rodata             const    0x0804b148      0x8  malloc.o [1]
  .rodata             const    0x0804b150      0x8  malloc.o [1]
  .rodata             const    0x0804b158      0x8  malloc.o [1]
  .rodata             const    0x0804b160      0x8  MQTTConnectClient.o [1]
  .rodata             const    0x0804b168      0x8  MQTTConnectClient.o [1]
  .rodata             const    0x0804b170      0x8  para.o [1]
  .rodata             const    0x0804b178      0x8  para.o [1]
  .rodata             const    0x0804b180      0x8  para.o [1]
  .rodata             const    0x0804b188      0x8  para.o [1]
  .rodata             const    0x0804b190      0x8  para.o [1]
  .rodata             const    0x0804b198      0x8  para.o [1]
  .rodata             const    0x0804b1a0      0x8  para.o [1]
  .rodata             const    0x0804b1a8      0x8  para.o [1]
  .rodata             const    0x0804b1b0      0x8  para.o [1]
  .rodata             const    0x0804b1b8      0x8  para.o [1]
  .rodata             const    0x0804b1c0      0x8  para.o [1]
  .rodata             const    0x0804b1c8      0x8  para.o [1]
  .rodata             const    0x0804b1d0      0x8  para.o [1]
  .rodata             const    0x0804b1d8      0x8  para.o [1]
  .rodata             const    0x0804b1e0      0x8  para.o [1]
  .rodata             const    0x0804b1e8      0x8  para.o [1]
  .rodata             const    0x0804b1f0      0x8  para.o [1]
  .rodata             const    0x0804b1f8      0x8  para.o [1]
  .rodata             const    0x0804b200      0x8  para.o [1]
  .rodata             const    0x0804b208      0x8  para.o [1]
  .rodata             const    0x0804b210      0x8  para.o [1]
  .rodata             const    0x0804b218      0x8  pub0sub1.o [1]
  .rodata             const    0x0804b220      0x8  smec98sp.o [1]
  .rodata             const    0x0804b228      0x8  tasks.o [1]
  .rodata             const    0x0804b230      0x8  timers.o [1]
  .rodata             const    0x0804b238      0x4  heap_4.o [1]
  .rodata             const    0x0804b23c      0x4  MQTTConnectClient.o [1]
  .rodata             const    0x0804b240      0x4  MQTTConnectClient.o [1]
  .rodata             const    0x0804b244      0x4  MQTTConnectClient.o [1]
  .rodata             const    0x0804b248      0x4  MQTTConnectClient.o [1]
  .rodata             const    0x0804b24c      0x4  MQTTConnectClient.o [1]
  .rodata             const    0x0804b250      0x4  MQTTDeserializePublish.o [1]
  .rodata             const    0x0804b254      0x4  MQTTPacket.o [1]
  .rodata             const    0x0804b258      0x4  MQTTSerializePublish.o [1]
  .rodata             const    0x0804b25c      0x4  MQTTSubscribeClient.o [1]
  .rodata             const    0x0804b260      0x4  MQTTSubscribeClient.o [1]
  .rodata             const    0x0804b264      0x4  port.o [1]
  .text               ro code  0x0804b268      0x4  startup_stm32f40_41xxx.o [1]
  .text               ro code  0x0804b26c      0x4  startup_stm32f40_41xxx.o [1]
  .text               ro code  0x0804b270      0x4  startup_stm32f40_41xxx.o [1]
  .text               ro code  0x0804b274      0x4  startup_stm32f40_41xxx.o [1]
  .text               ro code  0x0804b278      0x4  startup_stm32f40_41xxx.o [1]
  .text               ro code  0x0804b27c      0x4  startup_stm32f40_41xxx.o [1]
  .text               ro code  0x0804b280      0x4  startup_stm32f40_41xxx.o [1]
  .text               ro code  0x0804b284      0x4  startup_stm32f40_41xxx.o [1]
  .text               ro code  0x0804b288      0x4  startup_stm32f40_41xxx.o [1]
  .text               ro code  0x0804b28c      0x4  startup_stm32f40_41xxx.o [1]
  .text               ro code  0x0804b290      0x4  startup_stm32f40_41xxx.o [1]
  .text               ro code  0x0804b294      0x4  startup_stm32f40_41xxx.o [1]
  .text               ro code  0x0804b298      0x4  startup_stm32f40_41xxx.o [1]
  .text               ro code  0x0804b29c      0x4  startup_stm32f40_41xxx.o [1]
  .text               ro code  0x0804b2a0      0x4  startup_stm32f40_41xxx.o [1]
  .text               ro code  0x0804b2a4      0x4  startup_stm32f40_41xxx.o [1]
  .text               ro code  0x0804b2a8      0x4  startup_stm32f40_41xxx.o [1]
  .text               ro code  0x0804b2ac      0x4  startup_stm32f40_41xxx.o [1]
  .text               ro code  0x0804b2b0      0x4  startup_stm32f40_41xxx.o [1]
  .text               ro code  0x0804b2b4      0x4  startup_stm32f40_41xxx.o [1]
  .text               ro code  0x0804b2b8      0x4  startup_stm32f40_41xxx.o [1]
  .text               ro code  0x0804b2bc      0x4  startup_stm32f40_41xxx.o [1]
  .text               ro code  0x0804b2c0      0x4  startup_stm32f40_41xxx.o [1]
  .text               ro code  0x0804b2c4      0x4  startup_stm32f40_41xxx.o [1]
  .text               ro code  0x0804b2c8      0x4  startup_stm32f40_41xxx.o [1]
  .text               ro code  0x0804b2cc      0x4  startup_stm32f40_41xxx.o [1]
  .text               ro code  0x0804b2d0      0x4  startup_stm32f40_41xxx.o [1]
  .text               ro code  0x0804b2d4      0x4  startup_stm32f40_41xxx.o [1]
  .text               ro code  0x0804b2d8      0x4  startup_stm32f40_41xxx.o [1]
  .text               ro code  0x0804b2dc      0x4  startup_stm32f40_41xxx.o [1]
  .text               ro code  0x0804b2e0      0x4  startup_stm32f40_41xxx.o [1]
  .text               ro code  0x0804b2e4      0x4  startup_stm32f40_41xxx.o [1]
  .text               ro code  0x0804b2e8      0x4  startup_stm32f40_41xxx.o [1]
  .text               ro code  0x0804b2ec      0x4  startup_stm32f40_41xxx.o [1]
  .text               ro code  0x0804b2f0      0x4  startup_stm32f40_41xxx.o [1]
  .text               ro code  0x0804b2f4      0x4  startup_stm32f40_41xxx.o [1]
  .text               ro code  0x0804b2f8      0x4  startup_stm32f40_41xxx.o [1]
  .text               ro code  0x0804b2fc      0x4  startup_stm32f40_41xxx.o [1]
  .text               ro code  0x0804b300      0x4  startup_stm32f40_41xxx.o [1]
  .text               ro code  0x0804b304      0x4  startup_stm32f40_41xxx.o [1]
  .text               ro code  0x0804b308      0x4  startup_stm32f40_41xxx.o [1]
  .text               ro code  0x0804b30c      0x4  startup_stm32f40_41xxx.o [1]
  .text               ro code  0x0804b310      0x4  startup_stm32f40_41xxx.o [1]
  .text               ro code  0x0804b314      0x4  startup_stm32f40_41xxx.o [1]
  .text               ro code  0x0804b318      0x4  startup_stm32f40_41xxx.o [1]
  .text               ro code  0x0804b31c      0x4  startup_stm32f40_41xxx.o [1]
  .text               ro code  0x0804b320      0x4  startup_stm32f40_41xxx.o [1]
  .text               ro code  0x0804b324      0x4  startup_stm32f40_41xxx.o [1]
  .text               ro code  0x0804b328      0x4  startup_stm32f40_41xxx.o [1]
  .text               ro code  0x0804b32c      0x4  startup_stm32f40_41xxx.o [1]
  .text               ro code  0x0804b330      0x4  startup_stm32f40_41xxx.o [1]
  .text               ro code  0x0804b334      0x4  startup_stm32f40_41xxx.o [1]
  .text               ro code  0x0804b338      0x4  startup_stm32f40_41xxx.o [1]
  .text               ro code  0x0804b33c      0x4  startup_stm32f40_41xxx.o [1]
  .text               ro code  0x0804b340      0x4  startup_stm32f40_41xxx.o [1]
  .text               ro code  0x0804b344      0x4  startup_stm32f40_41xxx.o [1]
  .text               ro code  0x0804b348      0x4  startup_stm32f40_41xxx.o [1]
  .text               ro code  0x0804b34c      0x4  startup_stm32f40_41xxx.o [1]
  .text               ro code  0x0804b350      0x4  startup_stm32f40_41xxx.o [1]
  .text               ro code  0x0804b354      0x4  startup_stm32f40_41xxx.o [1]
  .text               ro code  0x0804b358      0x4  startup_stm32f40_41xxx.o [1]
  .text               ro code  0x0804b35c      0x4  startup_stm32f40_41xxx.o [1]
  .text               ro code  0x0804b360      0x4  startup_stm32f40_41xxx.o [1]
  .text               ro code  0x0804b364      0x4  startup_stm32f40_41xxx.o [1]
  .text               ro code  0x0804b368      0x4  startup_stm32f40_41xxx.o [1]
  .text               ro code  0x0804b36c      0x4  startup_stm32f40_41xxx.o [1]
  .text               ro code  0x0804b370      0x4  startup_stm32f40_41xxx.o [1]
  .text               ro code  0x0804b374      0x4  startup_stm32f40_41xxx.o [1]
  .rodata             const    0x0804b378      0x0  zero_init3.o [5]
  .rodata             const    0x0804b378      0x0  packbits_init.o [5]
  Initializer bytes   const    0x0804b378    0x126  <for P2 s0>
                             - 0x0804b49e  0x4b316

"P2":                                      0x1fe18
  P2 s0                        0x20000000    0x2be  <Init block>
    __DLIB_PERTHREAD  inited   0x20000000     0x8c  rand.o [3]
    __DLIB_PERTHREAD  inited   0x2000008c     0x88  localeconv.o [3]
    __DLIB_PERTHREAD  inited   0x20000114     0x74  setlocale.o [3]
    .data             inited   0x20000188     0x50  demo_fatfs.o [1]
    .data             inited   0x200001d8     0x48  usbh_usr.o [1]
    .data             inited   0x20000220     0x40  xfiles.o [3]
    .data             inited   0x20000260     0x1c  malloc.o [1]
    .data             inited   0x2000027c     0x10  stm32f4xx_rcc.o [1]
    .data             inited   0x2000028c     0x10  usbh_msc_core.o [1]
    .data             inited   0x2000029c      0xc  usbh_core.o [1]
    .data             inited   0x200002a8      0x4  port.o [1]
    .data             inited   0x200002ac      0x4  system_stm32f4xx.o [1]
    .data             inited   0x200002b0      0x4  usbh_core.o [1]
    __DLIB_PERTHREAD  inited   0x200002b4      0x4  errno.o [3]
    .data             inited   0x200002b8      0x2  bsp_w25qxx.o [1]
    .data             inited   0x200002ba      0x1  apptask.o [1]
    .data             inited   0x200002bb      0x1  encoder_tim.o [1]
    .data             inited   0x200002bc      0x1  page_weimi.o [1]
    .data             inited   0x200002bd      0x1  usbh_msc_scsi.o [1]
  .bss                zero     0x200002c0  0x10c00  heap_4.o [1]
  .bss                zero     0x20010ec0   0xa000  malloc.o [1]
  .bss                zero     0x2001aec0   0x1000  bsp_w25qxx.o [1]
  .bss                zero     0x2001bec0    0xa00  malloc.o [1]
  .bss                zero     0x2001c8c0    0x5ac  usbh_usr.o [1]
  .bss                zero     0x2001ce6c    0x5ac  usbh_usr.o [1]
  .bss                zero     0x2001d418    0x3e8  bsp_uart_fifo.o [1]
  .bss                zero     0x2001d800    0x3e8  esp8266_handler.o [1]
  .bss                zero     0x2001dbe8    0x3e8  esp8266_handler.o [1]
  .bss                zero     0x2001dfd0    0x3e8  pub0sub1.o [1]
  .bss                zero     0x2001e3b8    0x200  ff.o [1]
  .bss                zero     0x2001e5b8    0x200  usbh_msc_scsi.o [1]
  .bss                zero     0x2001e7b8    0x200  usbh_stdreq.o [1]
  .bss                zero     0x2001e9b8    0x140  tasks.o [1]
  .bss                zero     0x2001eaf8    0x12c  page_weimi.o [1]
  .bss                zero     0x2001ec24     0xd4  protocol.o [1]
  .bss                zero     0x2001ecf8     0xa8  para.o [1]
  .bss                zero     0x2001eda0     0xa4  protocol.o [1]
  .bss                zero     0x2001ee44     0x94  usbh_usr.o [1]
  .bss                zero     0x2001eed8     0x68  esp8266_handler.o [1]
  .bss                zero     0x2001ef40     0x64  bsp_uart_fifo.o [1]
  .bss                zero     0x2001efa4     0x64  bsp_uart_fifo.o [1]
  .bss                zero     0x2001f008     0x58  bsp_sdio_sd.o [1]
  .bss                zero     0x2001f060     0x58  protocol.o [1]
  .bss                zero     0x2001f0b8     0x50  xfiles.o [3]
  .bss                zero     0x2001f108     0x4c  usbh_msc_core.o [1]
  .bss                zero     0x2001f154     0x40  page_weimi.o [1]
  .bss                zero     0x2001f194     0x40  pub0sub1.o [1]
  .bss                zero     0x2001f1d4     0x34  bsp_sdwe050c17.o [1]
  .bss                zero     0x2001f208     0x30  product_cal.o [1]
  .bss                zero     0x2001f238     0x28  product_cal.o [1]
  .bss                zero     0x2001f260     0x24  ff.o [1]
  .bss                zero     0x2001f284     0x20  pub0sub1.o [1]
  .bss                zero     0x2001f2a4     0x20  usbh_msc_bot.o [1]
  .bss                zero     0x2001f2c4     0x18  bsp_sdio_sd.o [1]
  .bss                zero     0x2001f2dc     0x18  bsp_sdio_sd.o [1]
  .bss                zero     0x2001f2f4     0x18  encoder_tim.o [1]
  .bss                zero     0x2001f30c     0x14  bsp_sdio_sd.o [1]
  .bss                zero     0x2001f320     0x14  rc522.o [1]
  .bss                zero     0x2001f334     0x14  tasks.o [1]
  .bss                zero     0x2001f348     0x14  tasks.o [1]
  .bss                zero     0x2001f35c     0x14  tasks.o [1]
  .bss                zero     0x2001f370     0x14  tasks.o [1]
  .bss                zero     0x2001f384     0x14  tasks.o [1]
  .bss                zero     0x2001f398     0x14  timers.o [1]
  .bss                zero     0x2001f3ac     0x14  timers.o [1]
  .bss                zero     0x2001f3c0     0x10  bsp_sdio_sd.o [1]
  .bss                zero     0x2001f3d0     0x10  bsp_sdio_sd.o [1]
  .bss                zero     0x2001f3e0     0x10  usbh_msc_bot.o [1]
  .bss                zero     0x2001f3f0     0x10  usbh_msc_bot.o [1]
  .bss                zero     0x2001f400     0x10  usbh_msc_scsi.o [1]
  .bss                zero     0x2001f410      0xc  apptask.o [1]
  .bss                zero     0x2001f41c      0xc  apptask.o [1]
  .bss                zero     0x2001f428      0xc  apptask.o [1]
  .bss                zero     0x2001f434      0xc  apptask.o [1]
  .bss                zero     0x2001f440      0xc  ff.o [1]
  .bss                zero     0x2001f44c      0xc  protocol.o [1]
  .bss                zero     0x2001f458      0xc  protocol.o [1]
  .bss                zero     0x2001f464      0xc  protocol.o [1]
  .bss                zero     0x2001f470      0xc  pub0sub1.o [1]
  .bss                zero     0x2001f47c      0x8  heap_4.o [1]
  .bss                zero     0x2001f484      0x8  modbus.o [1]
  .bss                zero     0x2001f48c      0x8  protocol.o [1]
  .bss                zero     0x2001f494      0x8  pub0sub1.o [1]
  .bss                zero     0x2001f49c      0x4  apptask.o [1]
  .bss                zero     0x2001f4a0      0x4  apptask.o [1]
  .bss                zero     0x2001f4a4      0x4  apptask.o [1]
  .bss                zero     0x2001f4a8      0x4  apptask.o [1]
  .bss                zero     0x2001f4ac      0x4  apptask.o [1]
  .bss                zero     0x2001f4b0      0x4  apptask.o [1]
  .bss                zero     0x2001f4b4      0x4  apptask.o [1]
  .bss                zero     0x2001f4b8      0x4  apptask.o [1]
  .bss                zero     0x2001f4bc      0x4  apptask.o [1]
  .bss                zero     0x2001f4c0      0x4  apptask.o [1]
  .bss                zero     0x2001f4c4      0x4  apptask.o [1]
  .bss                zero     0x2001f4c8      0x4  apptask.o [1]
  .bss                zero     0x2001f4cc      0x4  apptask.o [1]
  .bss                zero     0x2001f4d0      0x4  apptask.o [1]
  .bss                zero     0x2001f4d4      0x4  apptask.o [1]
  .bss                zero     0x2001f4d8      0x4  apptask.o [1]
  .bss                zero     0x2001f4dc      0x4  apptask.o [1]
  .bss                zero     0x2001f4e0      0x4  apptask.o [1]
  .bss                zero     0x2001f4e4      0x4  apptask.o [1]
  .bss                zero     0x2001f4e8      0x4  apptask.o [1]
  .bss                zero     0x2001f4ec      0x4  apptask.o [1]
  .bss                zero     0x2001f4f0      0x4  apptask.o [1]
  .bss                zero     0x2001f4f4      0x4  apptask.o [1]
  .bss                zero     0x2001f4f8      0x4  apptask.o [1]
  .bss                zero     0x2001f4fc      0x4  apptask.o [1]
  .bss                zero     0x2001f500      0x4  apptask.o [1]
  .bss                zero     0x2001f504      0x4  apptask.o [1]
  .bss                zero     0x2001f508      0x4  bsp_sdio_sd.o [1]
  .bss                zero     0x2001f50c      0x4  bsp_sdio_sd.o [1]
  .bss                zero     0x2001f510      0x4  bsp_sdio_sd.o [1]
  .bss                zero     0x2001f514      0x4  bsp_sdio_sd.o [1]
  .bss                zero     0x2001f518      0x4  bsp_sdio_sd.o [1]
  .bss                zero     0x2001f51c      0x4  bsp_timer.o [1]
  .bss                zero     0x2001f520      0x4  bsp_timer.o [1]
  .bss                zero     0x2001f524      0x4  bsp_timer.o [1]
  .bss                zero     0x2001f528      0x4  bsp_timer.o [1]
  .bss                zero     0x2001f52c      0x4  esp8266_handler.o [1]
  .bss                zero     0x2001f530      0x4  esp8266_handler.o [1]
  .bss                zero     0x2001f534      0x4  esp8266_handler.o [1]
  .bss                zero     0x2001f538      0x4  heap_4.o [1]
  .bss                zero     0x2001f53c      0x4  heap_4.o [1]
  .bss                zero     0x2001f540      0x4  heap_4.o [1]
  .bss                zero     0x2001f544      0x4  heap_4.o [1]
  .bss                zero     0x2001f548      0x4  MQTTPacket.o [1]
  .bss                zero     0x2001f54c      0x4  page_weimi.o [1]
  .bss                zero     0x2001f550      0x4  page_weimi.o [1]
  .bss                zero     0x2001f554      0x4  port.o [1]
  .bss                zero     0x2001f558      0x4  product_cal.o [1]
  .bss                zero     0x2001f55c      0x4  product_cal.o [1]
  .bss                zero     0x2001f560      0x4  pub0sub1.o [1]
  .bss                zero     0x2001f564      0x4  SysInfoTest.o [1]
  .bss                zero     0x2001f568      0x4  tasks.o [1]
  .bss                zero     0x2001f56c      0x4  tasks.o [1]
  .bss                zero     0x2001f570      0x4  tasks.o [1]
  .bss                zero     0x2001f574      0x4  tasks.o [1]
  .bss                zero     0x2001f578      0x4  tasks.o [1]
  .bss                zero     0x2001f57c      0x4  tasks.o [1]
  .bss                zero     0x2001f580      0x4  tasks.o [1]
  .bss                zero     0x2001f584      0x4  tasks.o [1]
  .bss                zero     0x2001f588      0x4  tasks.o [1]
  .bss                zero     0x2001f58c      0x4  tasks.o [1]
  .bss                zero     0x2001f590      0x4  tasks.o [1]
  .bss                zero     0x2001f594      0x4  tasks.o [1]
  .bss                zero     0x2001f598      0x4  tasks.o [1]
  .bss                zero     0x2001f59c      0x4  tasks.o [1]
  .bss                zero     0x2001f5a0      0x4  tasks.o [1]
  .bss                zero     0x2001f5a4      0x4  tasks.o [1]
  .bss                zero     0x2001f5a8      0x4  timer_platform.o [1]
  .bss                zero     0x2001f5ac      0x4  timers.o [1]
  .bss                zero     0x2001f5b0      0x4  timers.o [1]
  .bss                zero     0x2001f5b4      0x4  timers.o [1]
  .bss                zero     0x2001f5b8      0x4  timers.o [1]
  .bss                zero     0x2001f5bc      0x4  usbh_msc_bot.o [1]
  .bss                zero     0x2001f5c0      0x4  usbh_msc_bot.o [1]
  .bss                zero     0x2001f5c4      0x4  usbh_msc_bot.o [1]
  .bss                zero     0x2001f5c8      0x4  usbh_msc_bot.o [1]
  .bss                zero     0x2001f5cc      0x2  apptask.o [1]
  .bss                zero     0x2001f5ce      0x2  apptask.o [1]
  .bss                zero     0x2001f5d0      0x2  apptask.o [1]
  .bss                zero     0x2001f5d2      0x2  apptask.o [1]
  .bss                zero     0x2001f5d4      0x2  apptask.o [1]
  .bss                zero     0x2001f5d6      0x2  apptask.o [1]
  .bss                zero     0x2001f5d8      0x2  apptask.o [1]
  .bss                zero     0x2001f5da      0x2  apptask.o [1]
  .bss                zero     0x2001f5dc      0x2  bsp_sdwe050c17.o [1]
  .bss                zero     0x2001f5de      0x2  encoder_tim.o [1]
  .bss                zero     0x2001f5e0      0x2  encoder_tim.o [1]
  .bss                zero     0x2001f5e2      0x2  ff.o [1]
  .bss                zero     0x2001f5e4      0x2  page_weimi.o [1]
  .bss                zero     0x2001f5e6      0x2  page_weimi.o [1]
  .bss                zero     0x2001f5e8      0x2  product_cal.o [1]
  .bss                zero     0x2001f5ea      0x2  usbh_core.o [1]
  .bss                zero     0x2001f5ec      0x2  usbh_stdreq.o [1]
  .bss                zero     0x2001f5ee      0x1  apptask.o [1]
  .bss                zero     0x2001f5ef      0x1  apptask.o [1]
  .bss                zero     0x2001f5f0      0x1  apptask.o [1]
  .bss                zero     0x2001f5f1      0x1  apptask.o [1]
  .bss                zero     0x2001f5f2      0x1  apptask.o [1]
  .bss                zero     0x2001f5f3      0x1  apptask.o [1]
  .bss                zero     0x2001f5f4      0x1  apptask.o [1]
  .bss                zero     0x2001f5f5      0x1  apptask.o [1]
  .bss                zero     0x2001f5f6      0x1  apptask.o [1]
  .bss                zero     0x2001f5f7      0x1  apptask.o [1]
  .bss                zero     0x2001f5f8      0x1  apptask.o [1]
  .bss                zero     0x2001f5f9      0x1  apptask.o [1]
  .bss                zero     0x2001f5fa      0x1  apptask.o [1]
  .bss                zero     0x2001f5fb      0x1  apptask.o [1]
  .bss                zero     0x2001f5fc      0x1  bsp_sdio_sd.o [1]
  .bss                zero     0x2001f5fd      0x1  bsp_sdwe050c17.o [1]
  .bss                zero     0x2001f5fe      0x1  bsp_uart_fifo.o [1]
  .bss                zero     0x2001f5ff      0x1  encoder_tim.o [1]
  .bss                zero     0x2001f600      0x1  esp8266_handler.o [1]
  .bss                zero     0x2001f601      0x1  esp8266_handler.o [1]
  .bss                zero     0x2001f602      0x1  esp8266_handler.o [1]
  .bss                zero     0x2001f603      0x1  page_weimi.o [1]
  .bss                zero     0x2001f604      0x1  page_weimi.o [1]
  .bss                zero     0x2001f605      0x1  page_weimi.o [1]
  .bss                zero     0x2001f606      0x1  page_weimi.o [1]
  .bss                zero     0x2001f607      0x1  page_weimi.o [1]
  .bss                zero     0x2001f608      0x1  port.o [1]
  .bss                zero     0x2001f609      0x1  product_cal.o [1]
  .bss                zero     0x2001f60a      0x1  product_cal.o [1]
  .bss                zero     0x2001f60b      0x1  protocol.o [1]
  .bss                zero     0x2001f60c      0x1  pub0sub1.o [1]
  .bss                zero     0x2001f60d      0x1  pub0sub1.o [1]
  .bss                zero     0x2001f60e      0x1  rc522.o [1]
  .bss                zero     0x2001f60f      0x1  rc522.o [1]
  .bss                zero     0x2001f610      0x1  usbh_msc_bot.o [1]
  .bss                zero     0x2001f611      0x1  usbh_msc_core.o [1]
  .bss                zero     0x2001f612      0x1  usbh_msc_core.o [1]
  .bss                zero     0x2001f613      0x1  usbh_stdreq.o [1]
  .bss                zero     0x2001f614      0x1  usbh_usr.o [1]
  CSTACK                       0x2001f618    0x800  <Block>
    CSTACK            uninit   0x2001f618    0x800  <Block tail>
                             - 0x2001fe18  0x1fe18

Absolute sections:                         0xff000
  .bss                zero     0x68000000  0xf0000  malloc.o [1]
  .bss                zero     0x680f0000   0xf000  malloc.o [1]
                             - 0x680ff000  0xff000


*******************************************************************************
*** INIT TABLE
***

          Address     Size
          -------     ----
Zero (__iar_zero_init3)
    2 destination ranges, total size 0x11e355:
          0x200002c0  0x1f355
          0x68000000  0xff000

Copy/packbits (__iar_packbits_init3)
    1 source range, total size 0x126 (41% of destination):
          0x0804b378    0x126
    1 destination range, total size 0x2be:
          0x20000000    0x2be



*******************************************************************************
*** MODULE SUMMARY
***

    Module                    ro code  ro data  rw data    rw data
                                                            (abs)
    ------                    -------  -------  -------    -------
E:\WORK\YarnControl_Driver\YarnControl_Driver\src\stm32f4_rtos\Project\EWARMv7\Flash\Obj: [1]
    MQTTConnectClient.o           774       36
    MQTTDeserializePublish.o      188        4
    MQTTPacket.o                  656        4        4
    MQTTSerializePublish.o        236        4
    MQTTSubscribeClient.o         400        8
    SysInfoTest.o                  44                 4
    apptask.o                  29 936    3 524      187
    bkp_pwr.o                     392
    bsp.o                          88
    bsp_closeSW.o                 220
    bsp_dac.o                     200
    bsp_dwt.o                     116
    bsp_led.o                     192
    bsp_relay.o                    68
    bsp_sdio_sd.o               6 744               209
    bsp_sdwe050c17.o            5 452       36       55
    bsp_servomotor.o              640
    bsp_spi.o                     292
    bsp_stepmotor.o             1 268
    bsp_sw_onoff.o                 68
    bsp_timer.o                   516                16
    bsp_uart_fifo.o             2 724             1 201
    bsp_w25qxx.o                  896        9    4 098
    bsp_watchdog.o                  8
    cc936.o                       244  176 320
    demo_fatfs.o                           725       80
    des.o                       1 274      844
    diskio.o                      740
    encoder_tim.o                 672        1       30
    esp8266_handler.o           1 044      324    2 119
    esp8266_init.o                124
    event_groups.o                610
    ff.o                        9 368       36      562
    heap_4.o                      640        4   68 632
    iic_smec98sp.o                910
    list.o                        152
    main.o                         48       32
    malloc.o                      540       36   43 548  1 044 480
    mcheck.o                      184      768
    misc.o                        136
    modbus.o                      852                 8
    page_weimi.o                1 284       12      382
    para.o                      5 402      284      168
    port.o                        588        6        9
    portasm.o                     168
    product_cal.o               1 712      400      100
    protocol.o                    128               509
    pub0sub1.o                  1 076      472    1 122
    queue.o                     1 992
    rc522.o                       238                22
    smec98sp.o                  1 198      256
    startup_stm32f40_41xxx.o      680
    stm32f4xx_adc.o               438
    stm32f4xx_dac.o               124
    stm32f4xx_dma.o               796
    stm32f4xx_exti.o              192
    stm32f4xx_gpio.o              300
    stm32f4xx_it.o                 56       44
    stm32f4xx_iwdg.o               16
    stm32f4xx_pwr.o                12
    stm32f4xx_rcc.o               488        7       16
    stm32f4xx_rtc.o                60
    stm32f4xx_sdio.o              380
    stm32f4xx_spi.o               116
    stm32f4xx_syscfg.o             84
    stm32f4xx_tim.o             1 782
    stm32f4xx_usart.o             596
    system_stm32f4xx.o            340        2        4
    tasks.o                     3 296        8      484
    timer_platform.o               64                 4
    timers.o                    1 188        8       56
    transport.o                   108
    usb_bsp.o                     332
    usb_core.o                  2 640
    usb_hcd.o                     214
    usb_hcd_int.o               3 198
    usbh_core.o                 1 888        6       18
    usbh_hcs.o                    442
    usbh_ioreq.o                  582
    usbh_it.o                      16
    usbh_msc_bot.o              1 364                81
    usbh_msc_core.o             1 000        6       94
    usbh_msc_scsi.o             1 560        1      529
    usbh_stdreq.o               1 078               515
    usbh_usr.o                    418      586    3 125
    --------------------------------------------------------------
    Total:                    109 290  184 813  127 991  1 044 480

command line: [2]
    --------------------------------------------------------------
    Total:

dl7M_tlf.a: [3]
    abort.o                         6
    div.o                          14
    errno.o                        12        2        4
    exit.o                          4
    isxxx.o                        40
    localeconv.o                  108       57      136
    printf.o                       36
    putchar.o                      12
    rand.o                        224       58      140
    setlocale.o                    24       49      116
    snprintf.o                     68
    sprintf.o                      52
    srand.o                        32
    sscanf.o                       36
    strcat.o                       28
    strstr.o                       44
    tolower.o                      20
    xfiles.o                                27      144
    xlocale_c.o                    54
    xprintffull_nomb.o          3 478
    xprout.o                       22
    xscanffull_nomb.o           2 916
    xsnprout.o                     26
    xsprout.o                      10
    xsscin.o                       30
    xstoflt.o                     440
    xstoll.o                      164
    xstopfx.o                     292
    xstoull.o                     432
    xstoxflt.o                    536
    xtls.o                          2
    --------------------------------------------------------------
    Total:                      9 162      193      540

m7M_tls.a: [4]
    DblAdd.o                      232
    DblCmpEq.o                     32
    DblCmpGe.o                     46
    DblCmpLe.o                     46
    DblDiv.o                      598
    DblMul.o                      418
    DblSub.o                      384
    DblToFlt.o                    144
    DblToI32.o                     88
    FltToDbl.o                     78
    I32ToDbl.o                     48
    fpinit_M.o                     34
    xdnorm.o                       66
    xdscale.o                     276
    xdtento.o                     512
    xdunscal.o                     82
    xstold.o                      360
    --------------------------------------------------------------
    Total:                      3 444

rt7M_tl.a: [5]
    ABImemclr4.o                    6
    ABImemcpy_unaligned.o         118
    ABImemset.o                   102
    ABImemset48.o                  50
    I64DivMod.o                   306
    I64DivZer.o                     2
    cexit.o                        10
    cmain.o                        26
    cstartup_M.o                   12
    data_init.o                    40
    memchr.o                       88
    memcmp_unaligned.o             98
    packbits_init.o               208
    strchr.o                       22
    strcmp_unaligned.o             66
    strcpy_unaligned.o             68
    strlen.o                       54
    zero_init3.o                   64
    --------------------------------------------------------------
    Total:                      1 340

shb_l.a: [6]
    exit.o                         20
    --------------------------------------------------------------
    Total:                         20

    Gaps                           64        4        2
    Linker created                          52    2 048
------------------------------------------------------------------
    Grand Total:              123 320  185 062  130 581  1 044 480


*******************************************************************************
*** ENTRY LIST
***

Entry                      Address     Size  Type      Object
-----                      -------     ----  ----      ------
.iar.init_table$$Base   0x0804a158            --   Gb  - Linker created -
.iar.init_table$$Limit  0x0804a18c            --   Gb  - Linker created -
?main                   0x0804a5cd           Code  Gb  cmain.o [5]
ADC_Cmd                 0x08047b3b     0x1a  Code  Gb  stm32f4xx_adc.o [1]
ADC_CommonInit          0x08047b19     0x22  Code  Gb  stm32f4xx_adc.o [1]
ADC_GetFlagStatus       0x08047c65     0x1a  Code  Gb  stm32f4xx_adc.o [1]
ADC_Init                0x08047ac9     0x50  Code  Gb  stm32f4xx_adc.o [1]
ADC_RegularChannelConfig
                        0x08047b55     0xf6  Code  Gb  stm32f4xx_adc.o [1]
ADC_SoftwareStartConv   0x08047c4b      0xa  Code  Gb  stm32f4xx_adc.o [1]
APBAHBPrescTable        0x2000027c     0x10  Data  Lc  stm32f4xx_rcc.o [1]
AppObjCreate            0x0803168d    0x192  Code  Gb  apptask.o [1]
AppTaskCreate           0x08031465    0x210  Code  Gb  apptask.o [1]
BOTStallErrorCount      0x2001f5bc      0x4  Data  Lc  usbh_msc_bot.o [1]
BusFault_Handler        0x08049c1b      0x2  Code  Gb  stm32f4xx_it.o [1]
CID_Tab                 0x2001f3d0     0x10  Data  Lc  bsp_sdio_sd.o [1]
CLIENT_ID               0x2001f284     0x20  Data  Gb  pub0sub1.o [1]
CRC16HiTable            0x08049594    0x100  Data  Gb  mcheck.o [1]
CRC16LoTable            0x08049694    0x100  Data  Gb  mcheck.o [1]
CRC8Table               0x08049794    0x100  Data  Gb  mcheck.o [1]
CSD_Tab                 0x2001f3c0     0x10  Data  Lc  bsp_sdio_sd.o [1]
CSTACK$$Base            0x2001f618            --   Gb  - Linker created -
CSTACK$$Limit           0x2001fe18            --   Gb  - Linker created -
CardType                0x2001f508      0x4  Data  Lc  bsp_sdio_sd.o [1]
ChannengMQTTPackage     0x0803419d     0x7e  Code  Gb  product_cal.o [1]
CmdError                0x080442cd     0x38  Code  Lc  bsp_sdio_sd.o [1]
CmdResp1Error           0x08044371    0x112  Code  Lc  bsp_sdio_sd.o [1]
CmdResp2Error           0x080444c1     0x52  Code  Lc  bsp_sdio_sd.o [1]
CmdResp3Error           0x08044483     0x3e  Code  Lc  bsp_sdio_sd.o [1]
CmdResp6Error           0x08044513     0xa6  Code  Lc  bsp_sdio_sd.o [1]
CmdResp7Error           0x08044305     0x58  Code  Lc  bsp_sdio_sd.o [1]
ConfigExitNVIC          0x0803b267     0x22  Code  Gb  bsp_closeSW.o [1]
ConfigUartNVIC          0x0803d263     0x7c  Code  Lc  bsp_uart_fifo.o [1]
ConnectTcp              0x0803bd83     0x48  Code  Gb  esp8266_handler.o [1]
DAC_Cmd                 0x0803ef77     0x26  Code  Gb  stm32f4xx_dac.o [1]
DAC_Init                0x0803ef45     0x32  Code  Gb  stm32f4xx_dac.o [1]
DAC_SetChannel1Data     0x0803ef9d     0x1e  Code  Gb  stm32f4xx_dac.o [1]
DMA1_Stream0_IRQHandler
                        0x08037c95     0x1c  Code  Gb  bsp_servomotor.o [1]
DMA1_Stream3_IRQHandler
                        0x08037cb1     0x1c  Code  Gb  bsp_servomotor.o [1]
DMA2_Stream3_IRQHandler
                        0x08044bb5      0x8  Code  Gb  bsp_sdio_sd.o [1]
DMAEndOfTransfer        0x2001f518      0x4  Data  Gb  bsp_sdio_sd.o [1]
DMA_ClearFlag           0x0803f89b     0x24  Code  Gb  stm32f4xx_dma.o [1]
DMA_Cmd                 0x0803f851     0x1a  Code  Gb  stm32f4xx_dma.o [1]
DMA_DeInit              0x0803f6b9    0x140  Code  Gb  stm32f4xx_dma.o [1]
DMA_FlowControllerConfig
                        0x0803f86b     0x18  Code  Gb  stm32f4xx_dma.o [1]
DMA_GetCmdStatus        0x0803f883     0x18  Code  Gb  stm32f4xx_dma.o [1]
DMA_GetITStatus         0x0803f901     0x62  Code  Gb  stm32f4xx_dma.o [1]
DMA_ITConfig            0x0803f8bf     0x42  Code  Gb  stm32f4xx_dma.o [1]
DMA_Init                0x0803f7f9     0x58  Code  Gb  stm32f4xx_dma.o [1]
Dac1_Init               0x08037465     0x5a  Code  Gb  bsp_dac.o [1]
Dac1_Set_Vol            0x080374c1     0x58  Code  Gb  bsp_dac.o [1]
DebugMon_Handler        0x08049c1f      0x2  Code  Gb  stm32f4xx_it.o [1]
DesE                    0x08049ce4     0x30  Data  Gb  des.o [1]
DesIp                   0x08049ab8     0x40  Data  Gb  des.o [1]
DesIp_1                 0x08049af8     0x40  Data  Gb  des.o [1]
DesP                    0x0804a24c     0x20  Data  Gb  des.o [1]
DesPc_1                 0x08049bb0     0x38  Data  Gb  des.o [1]
DesPc_2                 0x08049d14     0x30  Data  Gb  des.o [1]
DesRots                 0x0804aa14     0x14  Data  Gb  des.o [1]
DesS                    0x080490b0    0x200  Data  Gb  des.o [1]
DiskFile_init           0x0803b165     0x40  Code  Gb  protocol.o [1]
Disk_File               0x2001ec24     0xd4  Data  Gb  protocol.o [1]
ENC_Calc_Average_Speed  0x0803bb1d     0x58  Code  Gb  encoder_tim.o [1]
ENC_Calc_Rot_Speed      0x0803ba43     0xda  Code  Gb  encoder_tim.o [1]
ENC_Clear_Speed_Buffer  0x0803ba27     0x1c  Code  Gb  encoder_tim.o [1]
ENC_Init                0x0803b945     0xe2  Code  Gb  encoder_tim.o [1]
ESP8266_Enable_MultipleId
[...]
mc_check_xor            0x0804083f     0x1a  Code  Gb  mcheck.o [1]
mem1base                0x20010ec0   0xa000  Data  Gb  malloc.o [1]
mem1mapbase             0x2001bec0    0xa00  Data  Gb  malloc.o [1]
mem2base                0x68000000  0xf0000  Data  Gb  malloc.o [1]
mem2mapbase             0x680f0000   0xf000  Data  Gb  malloc.o [1]
mem_cmp                 0x080387ab     0x24  Code  Lc  ff.o [1]
mem_cpy                 0x08038779     0x1c  Code  Lc  ff.o [1]
mem_set                 0x08038795     0x16  Code  Lc  ff.o [1]
memblksize              0x0804b150      0x8  Data  Gb  malloc.o [1]
memchr                  0x08042489           Code  Gb  memchr.o [5]
memsize                 0x0804b158      0x8  Data  Gb  malloc.o [1]
memtblsize              0x0804b148      0x8  Data  Gb  malloc.o [1]
modbus_send_frame       0x0803b075     0xe6  Code  Gb  modbus.o [1]
move_window             0x08038a6d     0x40  Code  Lc  ff.o [1]
movram                  0x0804711d     0x1e  Code  Gb  des.o [1]
mqttSubscribeData       0x2001d800    0x3e8  Data  Gb  esp8266_handler.o [1]
mqtt_status             0x2001f494      0x8  Data  Gb  pub0sub1.o [1]
my_mem_free             0x08036bd7     0x6c  Code  Gb  malloc.o [1]
my_mem_init             0x08036a9b     0x42  Code  Gb  malloc.o [1]
my_mem_malloc           0x08036b1b     0xbc  Code  Gb  malloc.o [1]
my_mem_perused          0x08036add     0x3e  Code  Gb  malloc.o [1]
myfree                  0x08036c43     0x24  Code  Gb  malloc.o [1]
mymalloc                0x08036c67     0x2a  Code  Gb  malloc.o [1]
mymemset                0x08036a85     0x16  Code  Gb  malloc.o [1]
ndigs                   0x080459b4     0x28  Data  Lc  xstoull.o [3]
netDeviceInfo_t         0x2001eed8     0x68  Data  Gb  esp8266_handler.o [1]
net_device_send_cmd     0x0803bc61     0x4e  Code  Gb  esp8266_handler.o [1]
obuf                    0x2001f0b8     0x50  Data  Lc  xfiles.o [3]
oem2uni                 0x0801560c  0x15484  Data  Lc  cc936.o [1]
old_card_record         0x2001f5f4      0x1  Data  Gb  apptask.o [1]
old_isWork              0x2001f5f0      0x1  Data  Gb  apptask.o [1]
old_is_stop             0x200002bc      0x1  Data  Gb  page_weimi.o [1]
old_plan_complete       0x2001f60a      0x1  Data  Gb  product_cal.o [1]
old_system_state        0x200002ba      0x1  Data  Gb  apptask.o [1]
old_usb_disk_flag       0x2001f5f2      0x1  Data  Gb  apptask.o [1]
old_wifi_flag           0x2001f601      0x1  Data  Gb  esp8266_handler.o [1]
para_init               0x0803593d     0x82  Code  Gb  para.o [1]
pcInterruptPriorityRegisters
                        0x0804b264      0x4  Data  Lc  port.o [1]
peiliao_para            0x2001f208     0x30  Data  Gb  product_cal.o [1]
pick_lfn                0x080392bf     0x8c  Code  Lc  ff.o [1]
plan_complete           0x2001f609      0x1  Data  Gb  product_cal.o [1]
pluse_count             0x2001f5ce      0x2  Data  Gb  apptask.o [1]
pluse_step_src          0x2001f428      0xc  Data  Gb  apptask.o [1]
pows                    0x080461b8     0x48  Data  Lc  xdtento.o [4]
printf                  0x080369a5     0x24  Code  Gb  printf.o [3]
product_complete_kilo   0x08033e2f     0x62  Code  Gb  product_cal.o [1]
product_complete_meter  0x08033e13     0x1c  Code  Gb  product_cal.o [1]
product_para            0x2001f238     0x28  Data  Gb  product_cal.o [1]
product_per_meter       0x08033d8d     0x74  Code  Gb  product_cal.o [1]
prvAddCurrentTaskToDelayedList
                        0x08034f21     0x48  Code  Lc  tasks.o [1]
prvAllocateTCBAndStack  0x08034f69     0x5a  Code  Lc  tasks.o [1]
prvCheckForValidListAndQueue
                        0x0803cb3f     0x52  Code  Lc  timers.o [1]
prvCheckTasksWaitingTermination
                        0x08034eb7     0x66  Code  Lc  tasks.o [1]
prvCopyDataFromQueue    0x08033b75     0x30  Code  Lc  queue.o [1]
prvCopyDataToQueue      0x08033af1     0x84  Code  Lc  queue.o [1]
prvDeleteTCB            0x08034fc3     0x12  Code  Lc  tasks.o [1]
prvGetNextExpireTime    0x0803c92b     0x2e  Code  Lc  timers.o [1]
prvHeapInit             0x0803df31     0x6e  Code  Lc  heap_4.o [1]
prvIdleTask             0x08034dd1     0x26  Code  Lc  tasks.o [1]
prvInitialiseTCBVariables
                        0x08034df7     0x6a  Code  Lc  tasks.o [1]
prvInitialiseTaskLists  0x08034e61     0x56  Code  Lc  tasks.o [1]
prvInsertBlockIntoFreeList
                        0x0803df9f     0x62  Code  Lc  heap_4.o [1]
prvInsertTimerInActiveList
                        0x0803c981     0x50  Code  Lc  timers.o [1]
prvIsQueueEmpty         0x08033c0f     0x20  Code  Lc  queue.o [1]
prvIsQueueFull          0x08033c2f     0x22  Code  Lc  queue.o [1]
prvProcessExpiredTimer  0x0803c843     0x5c  Code  Lc  timers.o [1]
prvProcessReceivedCommands
                        0x0803c9d1     0xde  Code  Lc  timers.o [1]
prvProcessTimerOrBlockTask
                        0x0803c8bb     0x70  Code  Lc  timers.o [1]
prvResetNextTaskUnblockTime
                        0x08034fd5     0x26  Code  Lc  tasks.o [1]
prvSampleTimeNow        0x0803c959     0x28  Code  Lc  timers.o [1]
prvSwitchTimerLists     0x0803caaf     0x90  Code  Lc  timers.o [1]
prvTaskExitError        0x0803dae1     0x2a  Code  Lc  port.o [1]
prvTestWaitCondition    0x0803c6e7     0x24  Code  Lc  event_groups.o [1]
prvTimerTask            0x0803c8a1     0x1a  Code  Lc  timers.o [1]
prvUnlockQueue          0x08033ba5     0x6a  Code  Lc  queue.o [1]
pub_topicString         0x2001f470      0xc  Data  Gb  pub0sub1.o [1]
put_fat                 0x08038cbb    0x16c  Code  Gb  ff.o [1]
putchar                 0x0804a8c9      0xc  Code  Gb  putchar.o [3]
pvPortMalloc            0x0803dda1    0x118  Code  Gb  heap_4.o [1]
pxCurrentTCB            0x2001f568      0x4  Data  Gb  tasks.o [1]
pxCurrentTimerList      0x2001f5ac      0x4  Data  Lc  timers.o [1]
pxDelayedTaskList       0x2001f56c      0x4  Data  Lc  tasks.o [1]
pxEnd                   0x2001f538      0x4  Data  Lc  heap_4.o [1]
pxOverflowDelayedTaskList
                        0x2001f570      0x4  Data  Lc  tasks.o [1]
pxOverflowTimerList     0x2001f5b0      0x4  Data  Lc  timers.o [1]
pxPortInitialiseStack   0x0803dabd     0x24  Code  Gb  port.o [1]
pxReadyTasksLists       0x2001e9b8    0x140  Data  Lc  tasks.o [1]
rand                    0x08048031     0xe0  Code  Gb  rand.o [3]
rc522_cmd_anticoll      0x0803adb5     0x5a  Code  Gb  rc522.o [1]
rc522_cmd_request       0x0803ad61     0x54  Code  Gb  rc522.o [1]
readChar                0x0804107f     0x10  Code  Gb  MQTTPacket.o [1]
readDisk                0x2001f5f7      0x1  Data  Gb  apptask.o [1]
readFilenum             0x2001f5f8      0x1  Data  Gb  apptask.o [1]
readInt                 0x08041063     0x1c  Code  Gb  MQTTPacket.o [1]
readMQTTLenString       0x08041135     0x3c  Code  Gb  MQTTPacket.o [1]
readSlave               0x2001f41c      0xc  Data  Gb  apptask.o [1]
read_bkp_para           0x08037d7f     0x78  Code  Gb  bkp_pwr.o [1]
read_device_info        0x08035429    0x2f0  Code  Gb  para.o [1]
read_file_select        0x2001f464      0xc  Data  Gb  protocol.o [1]
read_from_disk          0x080359f5    0xd74  Code  Gb  para.o [1]
remove_chain            0x08038e27     0x76  Code  Lc  ff.o [1]
rfid_rev_buf            0x2001f320     0x14  Data  Gb  rc522.o [1]
rfid_rev_cnt            0x2001f60f      0x1  Data  Gb  rc522.o [1]
rfid_rev_flag           0x2001f60e      0x1  Data  Gb  rc522.o [1]
rtc_time                0x2001f48c      0x8  Data  Gb  protocol.o [1]
s_TIM_CallBack1         0x2001f51c      0x4  Data  Lc  bsp_timer.o [1]
s_TIM_CallBack2         0x2001f520      0x4  Data  Lc  bsp_timer.o [1]
s_TIM_CallBack3         0x2001f524      0x4  Data  Lc  bsp_timer.o [1]
s_TIM_CallBack4         0x2001f528      0x4  Data  Lc  bsp_timer.o [1]
sample_time             0x2001f5cc      0x2  Data  Gb  apptask.o [1]
sdew_weimi_page1        0x08032dd5    0x28a  Code  Gb  bsp_sdwe050c17.o [1]
sdew_weimi_page2        0x08033071    0x1e6  Code  Gb  bsp_sdwe050c17.o [1]
sdew_weisha_page1       0x08033257    0x100  Code  Gb  bsp_sdwe050c17.o [1]
sdew_weisha_page2       0x08033361    0x100  Code  Gb  bsp_sdwe050c17.o [1]
selectbits              0x080471e7     0x42  Code  Gb  des.o [1]
semc_adc_Init           0x08047667     0x92  Code  Gb  smec98sp.o [1]
servo_diff              0x2001f4fc      0x4  Data  Gb  apptask.o [1]
servo_per_wei_src       0x2001f4f8      0x4  Data  Gb  apptask.o [1]
servo_speed_diff        0x2001f500      0x4  Data  Gb  apptask.o [1]
servomotor_guodu        0x2001f603      0x1  Data  Gb  page_weimi.o [1]
servomotor_mode         0x2001f604      0x1  Data  Gb  page_weimi.o [1]
setbit                  0x0804715f     0x4c  Code  Gb  des.o [1]
shlc                    0x08047229     0x68  Code  Gb  des.o [1]
shrc                    0x08047291     0x5e  Code  Gb  des.o [1]
slave_info              0x2001f410      0xc  Data  Gb  apptask.o [1]
snprintf                0x08040bcd     0x44  Code  Gb  snprintf.o [3]
speed_diff              0x2001f434      0xc  Data  Gb  apptask.o [1]
speed_zhu               0x2001f5e4      0x2  Data  Gb  page_weimi.o [1]
speed_zhu1              0x2001f5e6      0x2  Data  Gb  page_weimi.o [1]
sprintf                 0x0803ac11     0x34  Code  Gb  sprintf.o [3]
srand                   0x08048011     0x20  Code  Gb  srand.o [3]
sscanf                  0x0803e189     0x24  Code  Gb  sscanf.o [3]
st_clust                0x080391f1     0x18  Code  Lc  ff.o [1]
stepmotor_guodu         0x2001f54c      0x4  Data  Gb  page_weimi.o [1]
strans                  0x080472ef    0x168  Code  Gb  des.o [1]
strcat                  0x0803ac45     0x1c  Code  Gb  strcat.o [3]
strchr                  0x08042471           Code  Gb  strchr.o [5]
strlen                  0x0803729d           Code  Gb  strlen.o [5]
strstr                  0x0803b1e5     0x10  Code  Gb  para.o [1]
sum_sfn                 0x080394c5     0x20  Code  Lc  ff.o [1]
symbol                  0x2001f4f4      0x4  Data  Gb  apptask.o [1]
symbol_servo            0x2001f5f9      0x1  Data  Gb  apptask.o [1]
sync_fs                 0x08038aad     0xd8  Code  Lc  ff.o [1]
sync_window             0x08038a13     0x5a  Code  Lc  ff.o [1]
system_state_dis        0x080492b0    0x190  Data  Gb  product_cal.o [1]
toStop                  0x2001f560      0x4  Data  Gb  pub0sub1.o [1]
tolower                 0x08045d11     0x14  Code  Gb  tolower.o [3]
total_meter_gross       0x2001f558      0x4  Data  Gb  product_cal.o [1]
total_weight_gross      0x2001f55c      0x4  Data  Gb  product_cal.o [1]
transport_close         0x08040f69     0x12  Code  Gb  transport.o [1]
transport_getdata       0x08040f55     0x14  Code  Gb  transport.o [1]
transport_sendPacketBuffer
                        0x08040f19     0x3c  Code  Gb  transport.o [1]
ucHeap                  0x200002c0  0x10c00  Data  Lc  heap_4.o [1]
ucMaxSysCallPriority    0x2001f608      0x1  Data  Lc  port.o [1]
ulHighFrequencyTimerTicks
                        0x2001f564      0x4  Data  Gb  SysInfoTest.o [1]
ulMaxPRIGROUPValue      0x2001f554      0x4  Data  Lc  port.o [1]
ulTaskSwitchedInTime    0x2001f5a0      0x4  Data  Lc  tasks.o [1]
ulTotalRunTime          0x2001f5a4      0x4  Data  Lc  tasks.o [1]
uni2oem                 0x08000188  0x15484  Data  Lc  cc936.o [1]
usb_disk_flag           0x2001f5f1      0x1  Data  Gb  apptask.o [1]
usbh_OpenMassStorage    0x08037e75     0x14  Code  Gb  usbh_usr.o [1]
uxCriticalNesting       0x200002a8      0x4  Data  Lc  port.o [1]
uxCurrentNumberOfTasks  0x2001f578      0x4  Data  Lc  tasks.o [1]
uxListRemove            0x0803dd79     0x28  Code  Gb  list.o [1]
uxPendedTicks           0x2001f588      0x4  Data  Lc  tasks.o [1]
uxSchedulerSuspended    0x2001f59c      0x4  Data  Lc  tasks.o [1]
uxTaskNumber            0x2001f594      0x4  Data  Lc  tasks.o [1]
uxTaskResetEventItemValue
                        0x08035035     0x20  Code  Gb  tasks.o [1]
uxTasksDeleted          0x2001f574      0x4  Data  Lc  tasks.o [1]
uxTopReadyPriority      0x2001f580      0x4  Data  Lc  tasks.o [1]
vAnalysisUartData       0x08031225     0xca  Code  Gb  apptask.o [1]
vEsp8266_Main_Task      0x08030ebd    0x226  Code  Gb  apptask.o [1]
vListInitialise         0x0803dd09     0x1e  Code  Gb  list.o [1]
vListInsert             0x0803dd3f     0x3a  Code  Gb  list.o [1]
vListInsertEnd          0x0803dd27     0x18  Code  Gb  list.o [1]
vMQTT_Handler_Task      0x080310ed    0x138  Code  Gb  apptask.o [1]
vMQTT_Recive_Task       0x080312f9     0x7e  Code  Gb  apptask.o [1]
vMQTT_Tranmit_Task      0x08031377     0xd0  Code  Gb  apptask.o [1]
vPortEnableVFP          0x0804187d           Code  Gb  portasm.o [1]
vPortEnterCritical      0x0803dbd7     0x3a  Code  Gb  port.o [1]
vPortExitCritical       0x0803dc11     0x32  Code  Gb  port.o [1]
vPortFree               0x0803deb9     0x78  Code  Gb  heap_4.o [1]
vPortSetupTimerInterrupt
                        0x0803dc6f      0xe  Code  Wk  port.o [1]
vPortStartFirstTask     0x08041865           Code  Gb  portasm.o [1]
vPortValidateInterruptPriority
                        0x0803dc7d     0x4e  Code  Gb  port.o [1]
vQueueWaitForMessageRestricted
                        0x08033c51     0x44  Code  Gb  queue.o [1]
vTaskDelay              0x0803462d     0x84  Code  Gb  tasks.o [1]
vTaskDelayUntil         0x0803454d     0xe0  Code  Gb  tasks.o [1]
vTaskFreq               0x08030895    0x61a  Code  Lc  apptask.o [1]
vTaskManageCapacity     0x0802f2c9    0x528  Code  Gb  apptask.o [1]
vTaskMassStorage        0x0802df81    0x64a  Code  Lc  apptask.o [1]
vTaskMissedYield        0x08034dc7      0xa  Code  Gb  tasks.o [1]
vTaskMotorControl       0x0802f8a9    0xfc6  Code  Lc  apptask.o [1]
vTaskMsgPro             0x0802ea91    0x434  Code  Lc  apptask.o [1]
vTaskPlaceOnEventList   0x08034a2d     0x74  Code  Gb  tasks.o [1]
vTaskPlaceOnEventListRestricted
                        0x08034b65     0x80  Code  Gb  tasks.o [1]
vTaskPlaceOnUnorderedEventList
                        0x08034abd     0xa8  Code  Gb  tasks.o [1]
vTaskReadDisk           0x0802f009    0x272  Code  Lc  apptask.o [1]
vTaskRev485             0x0802eeed     0xd4  Code  Lc  apptask.o [1]
vTaskSetTimeOutState    0x08034d11     0x26  Code  Gb  tasks.o [1]
vTaskStartScheduler     0x080346b1     0x7e  Code  Gb  tasks.o [1]
vTaskSuspendAll         0x0803472f     0x10  Code  Gb  tasks.o [1]
vTaskSwitchContext      0x0803497d     0xb0  Code  Gb  tasks.o [1]
vTaskTaskLCD            0x0802aa91   0x34b8  Code  Gb  apptask.o [1]
vTaskTaskLED            0x0802e5f5     0x20  Code  Lc  apptask.o [1]
vTaskTaskRFID           0x0802e615    0x410  Code  Lc  apptask.o [1]
valid_seg               0x2001f550      0x4  Data  Gb  page_weimi.o [1]
validate                0x0803a26b     0x36  Code  Lc  ff.o [1]
weimi_para              0x2001eaf8    0x12c  Data  Gb  page_weimi.o [1]
wifi_flag               0x2001f600      0x1  Data  Gb  esp8266_handler.o [1]
work_idle_time          0x2001f5e8      0x2  Data  Gb  product_cal.o [1]
writeCString            0x080410c5     0x2a  Code  Gb  MQTTPacket.o [1]
writeChar               0x0804108f      0xc  Code  Gb  MQTTPacket.o [1]
writeInt                0x0804109b     0x2a  Code  Gb  MQTTPacket.o [1]
writeMQTTString         0x080410ef     0x46  Code  Gb  MQTTPacket.o [1]
write_bkp_para          0x08037df7     0x6e  Code  Gb  bkp_pwr.o [1]
xActiveTimerList1       0x2001f398     0x14  Data  Lc  timers.o [1]
xActiveTimerList2       0x2001f3ac     0x14  Data  Lc  timers.o [1]
xBlockAllocatedBit      0x2001f544      0x4  Data  Lc  heap_4.o [1]
xDelayedTaskList1       0x2001f334     0x14  Data  Lc  tasks.o [1]
xDelayedTaskList2       0x2001f348     0x14  Data  Lc  tasks.o [1]
xEventGroupCreate       0x0803c4a9     0x1c  Code  Gb  event_groups.o [1]
xEventGroupSetBits      0x0803c611     0xd6  Code  Gb  event_groups.o [1]
xEventGroupWaitBits     0x0803c4c5    0x146  Code  Gb  event_groups.o [1]
xFreeBytesRemaining     0x2001f53c      0x4  Data  Lc  heap_4.o [1]
xHandleTaskFreq         0x2001f4c0      0x4  Data  Gb  apptask.o [1]
xHandleTaskLCD          0x2001f49c      0x4  Data  Gb  apptask.o [1]
xHandleTaskLED          0x2001f4a0      0x4  Data  Gb  apptask.o [1]
xHandleTaskManageCapacity
                        0x2001f4b8      0x4  Data  Gb  apptask.o [1]
xHandleTaskMassStorage  0x2001f4a8      0x4  Data  Gb  apptask.o [1]
xHandleTaskMotorControl
                        0x2001f4bc      0x4  Data  Gb  apptask.o [1]
xHandleTaskMsgPro       0x2001f4b0      0x4  Data  Gb  apptask.o [1]
xHandleTaskRFID         0x2001f4a4      0x4  Data  Gb  apptask.o [1]
xHandleTaskReadDisk     0x2001f4ac      0x4  Data  Gb  apptask.o [1]
xHandleTaskRev485       0x2001f4b4      0x4  Data  Gb  apptask.o [1]
xHeapStructSize         0x0804b238      0x4  Data  Lc  heap_4.o [1]
xMinimumEverFreeBytesRemaining
                        0x2001f540      0x4  Data  Lc  heap_4.o [1]
xNextTaskUnblockTime    0x2001f598      0x4  Data  Lc  tasks.o [1]
xNumOfOverflows         0x2001f590      0x4  Data  Lc  tasks.o [1]
xPendingReadyList       0x2001f35c     0x14  Data  Lc  tasks.o [1]
xPortStartScheduler     0x0803db0b     0xcc  Code  Gb  port.o [1]
xQueueGenericCreate     0x0803355d     0x7e  Code  Gb  queue.o [1]
xQueueGenericReceive    0x08033951    0x19c  Code  Gb  queue.o [1]
xQueueGenericReset      0x080334cd     0x90  Code  Gb  queue.o [1]
xQueueGenericSend       0x080335db    0x1b2  Code  Gb  queue.o [1]
xQueueGenericSendFromISR
                        0x0803378d     0xec  Code  Gb  queue.o [1]
xQueueGiveFromISR       0x08033879     0xd8  Code  Gb  queue.o [1]
xQueue_MQTT_Recv        0x2001f4e4      0x4  Data  Gb  apptask.o [1]
xQueue_MQTT_Transmit    0x2001f4e8      0x4  Data  Gb  apptask.o [1]
xQueue_esp8266_Cmd      0x2001f4ec      0x4  Data  Gb  apptask.o [1]
xQueue_message          0x2001f4f0      0x4  Data  Gb  apptask.o [1]
xSchedulerRunning       0x2001f584      0x4  Data  Lc  tasks.o [1]
xSemaphore_download     0x2001f4d4      0x4  Data  Gb  apptask.o [1]
xSemaphore_encoder      0x2001f4d0      0x4  Data  Gb  apptask.o [1]
xSemaphore_lcd          0x2001f4c4      0x4  Data  Gb  apptask.o [1]
xSemaphore_pluse        0x2001f4cc      0x4  Data  Gb  apptask.o [1]
xSemaphore_readDisk     0x2001f4d8      0x4  Data  Gb  apptask.o [1]
xSemaphore_rs485        0x2001f4c8      0x4  Data  Gb  apptask.o [1]
xStart                  0x2001f47c      0x8  Data  Lc  heap_4.o [1]
xSuspendedTaskList      0x2001f384     0x14  Data  Lc  tasks.o [1]
xTaskCheckForTimeOut    0x08034d3d     0x8a  Code  Gb  tasks.o [1]
xTaskGenericCreate      0x080343c9    0x184  Code  Gb  tasks.o [1]
xTaskGetSchedulerState  0x08034ffb     0x26  Code  Gb  tasks.o [1]
xTaskGetTickCount       0x0803483f      0xa  Code  Gb  tasks.o [1]
xTaskIncrementTick      0x08034849    0x134  Code  Gb  tasks.o [1]
xTaskRemoveFromEventList
                        0x08034be9     0x8e  Code  Gb  tasks.o [1]
xTaskRemoveFromUnorderedEventList
                        0x08034c7d     0x94  Code  Gb  tasks.o [1]
xTaskResumeAll          0x0803473f    0x100  Code  Gb  tasks.o [1]
xTasksWaitingTermination
                        0x2001f370     0x14  Data  Lc  tasks.o [1]
xTickCount              0x2001f57c      0x4  Data  Lc  tasks.o [1]
xTimerCreate            0x0803c75d     0x62  Code  Gb  timers.o [1]
xTimerCreateTimerTask   0x0803c70d     0x50  Code  Gb  timers.o [1]
xTimerGenericCommand    0x0803c7bf     0x84  Code  Gb  timers.o [1]
xTimerQueue             0x2001f5b4      0x4  Data  Lc  timers.o [1]
xTimerUser              0x2001f4e0      0x4  Data  Gb  apptask.o [1]
xYieldPending           0x2001f58c      0x4  Data  Lc  tasks.o [1]


[1] = E:\WORK\YarnControl_Driver\YarnControl_Driver\src\stm32f4_rtos\Project\EWARMv7\Flash\Obj
[2] = command line
[3] = dl7M_tlf.a
[4] = m7M_tls.a
[5] = rt7M_tl.a
[6] = shb_l.a

  123 320 bytes of readonly  code memory
  185 062 bytes of readonly  data memory
  130 581 bytes of readwrite data memory (+ 1 044 480 absolute)

Errors: none
Warnings: none
