###############################################################################
#
# IAR ELF Linker V7.40.7.9843/W32 for ARM                 23/Apr/2019  23:34:19
# Copyright 2007-2015 IAR Systems AB.
#
#    Output file  =  
#        E:\WORK\YarnControl_Driver\YarnControl_Driver\src\stm32f4_rtos\Project\EWARMv7\Flash\Exe\project.out
#    Map file     =  
#        E:\WORK\YarnControl_Driver\YarnControl_Driver\src\stm32f4_rtos\Project\EWARMv7\Flash\List\project.map
#    Command line =  
#        E:\WORK\YarnControl_Driver\YarnControl_Driver\src\stm32f4_rtos\Project\EWARMv7\Flash\Obj\apptask.o
#        E:\WORK\YarnControl_Driver\YarnControl_Driver\src\stm32f4_rtos\Project\EWARMv7\Flash\Obj\bkp_pwr.o
#        E:\WORK\YarnControl_Driver\YarnControl_Driver\src\stm32f4_rtos\Project\EWARMv7\Flash\Obj\bsp.o
#        E:\WORK\YarnControl_Driver\YarnControl_Driver\src\stm32f4_rtos\Project\EWARMv7\Flash\Obj\bsp_adc.o
#        E:\WORK\YarnControl_Driver\YarnControl_Driver\src\stm32f4_rtos\Project\EWARMv7\Flash\Obj\bsp_closeSW.o
#        E:\WORK\YarnControl_Driver\YarnControl_Driver\src\stm32f4_rtos\Project\EWARMv7\Flash\Obj\bsp_dac.o
#        E:\WORK\YarnControl_Driver\YarnControl_Driver\src\stm32f4_rtos\Project\EWARMv7\Flash\Obj\bsp_dwt.o
#        E:\WORK\YarnControl_Driver\YarnControl_Driver\src\stm32f4_rtos\Project\EWARMv7\Flash\Obj\bsp_led.o
#        E:\WORK\YarnControl_Driver\YarnControl_Driver\src\stm32f4_rtos\Project\EWARMv7\Flash\Obj\bsp_relay.o
#        E:\WORK\YarnControl_Driver\YarnControl_Driver\src\stm32f4_rtos\Project\EWARMv7\Flash\Obj\bsp_sdio_sd.o
#        E:\WORK\YarnControl_Driver\YarnControl_Driver\src\stm32f4_rtos\Project\EWARMv7\Flash\Obj\bsp_sdwe050c17.o
#        E:\WORK\YarnControl_Driver\YarnControl_Driver\src\stm32f4_rtos\Project\EWARMv7\Flash\Obj\bsp_servomotor.o
#        E:\WORK\YarnControl_Driver\YarnControl_Driver\src\stm32f4_rtos\Project\EWARMv7\Flash\Obj\bsp_spi.o
#        E:\WORK\YarnControl_Driver\YarnControl_Driver\src\stm32f4_rtos\Project\EWARMv7\Flash\Obj\bsp_stepmotor.o
#        E:\WORK\YarnControl_Driver\YarnControl_Driver\src\stm32f4_rtos\Project\EWARMv7\Flash\Obj\bsp_sw_onoff.o
#        E:\WORK\YarnControl_Driver\YarnControl_Driver\src\stm32f4_rtos\Project\EWARMv7\Flash\Obj\bsp_tim_pwm.o
#        E:\WORK\YarnControl_Driver\YarnControl_Driver\src\stm32f4_rtos\Project\EWARMv7\Flash\Obj\bsp_timer.o
#        E:\WORK\YarnControl_Driver\YarnControl_Driver\src\stm32f4_rtos\Project\EWARMv7\Flash\Obj\bsp_uart_fifo.o
#        E:\WORK\YarnControl_Driver\YarnControl_Driver\src\stm32f4_rtos\Project\EWARMv7\Flash\Obj\bsp_w25qxx.o
#        E:\WORK\YarnControl_Driver\YarnControl_Driver\src\stm32f4_rtos\Project\EWARMv7\Flash\Obj\bsp_watchdog.o
#        E:\WORK\YarnControl_Driver\YarnControl_Driver\src\stm32f4_rtos\Project\EWARMv7\Flash\Obj\cc936.o
#        E:\WORK\YarnControl_Driver\YarnControl_Driver\src\stm32f4_rtos\Project\EWARMv7\Flash\Obj\cJSON.o
#        E:\WORK\YarnControl_Driver\YarnControl_Driver\src\stm32f4_rtos\Project\EWARMv7\Flash\Obj\croutine.o
#        E:\WORK\YarnControl_Driver\YarnControl_Driver\src\stm32f4_rtos\Project\EWARMv7\Flash\Obj\demo_fatfs.o
#        E:\WORK\YarnControl_Driver\YarnControl_Driver\src\stm32f4_rtos\Project\EWARMv7\Flash\Obj\des.o
#        E:\WORK\YarnControl_Driver\YarnControl_Driver\src\stm32f4_rtos\Project\EWARMv7\Flash\Obj\diskio.o
#        E:\WORK\YarnControl_Driver\YarnControl_Driver\src\stm32f4_rtos\Project\EWARMv7\Flash\Obj\encoder_tim.o
#        E:\WORK\YarnControl_Driver\YarnControl_Driver\src\stm32f4_rtos\Project\EWARMv7\Flash\Obj\esp8266_handler.o
#        E:\WORK\YarnControl_Driver\YarnControl_Driver\src\stm32f4_rtos\Project\EWARMv7\Flash\Obj\esp8266_init.o
#        E:\WORK\YarnControl_Driver\YarnControl_Driver\src\stm32f4_rtos\Project\EWARMv7\Flash\Obj\event_groups.o
#        E:\WORK\YarnControl_Driver\YarnControl_Driver\src\stm32f4_rtos\Project\EWARMv7\Flash\Obj\ff.o
#        E:\WORK\YarnControl_Driver\YarnControl_Driver\src\stm32f4_rtos\Project\EWARMv7\Flash\Obj\heap_4.o
#        E:\WORK\YarnControl_Driver\YarnControl_Driver\src\stm32f4_rtos\Project\EWARMv7\Flash\Obj\iic_smec98sp.o
#        E:\WORK\YarnControl_Driver\YarnControl_Driver\src\stm32f4_rtos\Project\EWARMv7\Flash\Obj\list.o
#        E:\WORK\YarnControl_Driver\YarnControl_Driver\src\stm32f4_rtos\Project\EWARMv7\Flash\Obj\main.o
#        E:\WORK\YarnControl_Driver\YarnControl_Driver\src\stm32f4_rtos\Project\EWARMv7\Flash\Obj\malloc.o
#        E:\WORK\YarnControl_Driver\YarnControl_Driver\src\stm32f4_rtos\Project\EWARMv7\Flash\Obj\mcheck.o
#        E:\WORK\YarnControl_Driver\YarnControl_Driver\src\stm32f4_rtos\Project\EWARMv7\Flash\Obj\misc.o
#        E:\WORK\YarnControl_Driver\YarnControl_Driver\src\stm32f4_rtos\Project\EWARMv7\Flash\Obj\modbus.o
#        E:\WORK\YarnControl_Driver\YarnControl_Driver\src\stm32f4_rtos\Project\EWARMv7\Flash\Obj\MQTTConnectClient.o
#        E:\WORK\YarnControl_Driver\YarnControl_Driver\src\stm32f4_rtos\Project\EWARMv7\Flash\Obj\MQTTConnectServer.o
#        E:\WORK\YarnControl_Driver\YarnControl_Driver\src\stm32f4_rtos\Project\EWARMv7\Flash\Obj\MQTTDeserializePublish.o
#        E:\WORK\YarnControl_Driver\YarnControl_Driver\src\stm32f4_rtos\Project\EWARMv7\Flash\Obj\MQTTFormat.o
#        E:\WORK\YarnControl_Driver\YarnControl_Driver\src\stm32f4_rtos\Project\EWARMv7\Flash\Obj\MQTTPacket.o
#        E:\WORK\YarnControl_Driver\YarnControl_Driver\src\stm32f4_rtos\Project\EWARMv7\Flash\Obj\MQTTSerializePublish.o
#        E:\WORK\YarnControl_Driver\YarnControl_Driver\src\stm32f4_rtos\Project\EWARMv7\Flash\Obj\MQTTSubscribeClient.o
#        E:\WORK\YarnControl_Driver\YarnControl_Driver\src\stm32f4_rtos\Project\EWARMv7\Flash\Obj\MQTTSubscribeServer.o
#        E:\WORK\YarnControl_Driver\YarnControl_Driver\src\stm32f4_rtos\Project\EWARMv7\Flash\Obj\MQTTUnsubscribeClient.o
#        E:\WORK\YarnControl_Driver\YarnControl_Driver\src\stm32f4_rtos\Project\EWARMv7\Flash\Obj\MQTTUnsubscribeServer.o
#        E:\WORK\YarnControl_Driver\YarnControl_Driver\src\stm32f4_rtos\Project\EWARMv7\Flash\Obj\page_weimi.o
#        E:\WORK\YarnControl_Driver\YarnControl_Driver\src\stm32f4_rtos\Project\EWARMv7\Flash\Obj\para.o
#        E:\WORK\YarnControl_Driver\YarnControl_Driver\src\stm32f4_rtos\Project\EWARMv7\Flash\Obj\port.o
#        E:\WORK\YarnControl_Driver\YarnControl_Driver\src\stm32f4_rtos\Project\EWARMv7\Flash\Obj\portasm.o
#        E:\WORK\YarnControl_Driver\YarnControl_Driver\src\stm32f4_rtos\Project\EWARMv7\Flash\Obj\product_cal.o
#        E:\WORK\YarnControl_Driver\YarnControl_Driver\src\stm32f4_rtos\Project\EWARMv7\Flash\Obj\protocol.o
#        E:\WORK\YarnControl_Driver\YarnControl_Driver\src\stm32f4_rtos\Project\EWARMv7\Flash\Obj\pub0sub1.o
#        E:\WORK\YarnControl_Driver\YarnControl_Driver\src\stm32f4_rtos\Project\EWARMv7\Flash\Obj\queue.o
#        E:\WORK\YarnControl_Driver\YarnControl_Driver\src\stm32f4_rtos\Project\EWARMv7\Flash\Obj\rc522.o
#        E:\WORK\YarnControl_Driver\YarnControl_Driver\src\stm32f4_rtos\Project\EWARMv7\Flash\Obj\sha1.o
#        E:\WORK\YarnControl_Driver\YarnControl_Driver\src\stm32f4_rtos\Project\EWARMv7\Flash\Obj\smec98sp.o
#        E:\WORK\YarnControl_Driver\YarnControl_Driver\src\stm32f4_rtos\Project\EWARMv7\Flash\Obj\startup_stm32f40_41xxx.o
#        E:\WORK\YarnControl_Driver\YarnControl_Driver\src\stm32f4_rtos\Project\EWARMv7\Flash\Obj\stm32f4xx_adc.o
#        E:\WORK\YarnControl_Driver\YarnControl_Driver\src\stm32f4_rtos\Project\EWARMv7\Flash\Obj\stm32f4xx_assert.o
#        E:\WORK\YarnControl_Driver\YarnControl_Driver\src\stm32f4_rtos\Project\EWARMv7\Flash\Obj\stm32f4xx_can.o
#        E:\WORK\YarnControl_Driver\YarnControl_Driver\src\stm32f4_rtos\Project\EWARMv7\Flash\Obj\stm32f4xx_crc.o
#        E:\WORK\YarnControl_Driver\YarnControl_Driver\src\stm32f4_rtos\Project\EWARMv7\Flash\Obj\stm32f4xx_cryp.o
#        E:\WORK\YarnControl_Driver\YarnControl_Driver\src\stm32f4_rtos\Project\EWARMv7\Flash\Obj\stm32f4xx_cryp_aes.o
#        E:\WORK\YarnControl_Driver\YarnControl_Driver\src\stm32f4_rtos\Project\EWARMv7\Flash\Obj\stm32f4xx_cryp_des.o
#        E:\WORK\YarnControl_Driver\YarnControl_Driver\src\stm32f4_rtos\Project\EWARMv7\Flash\Obj\stm32f4xx_cryp_tdes.o
#        E:\WORK\YarnControl_Driver\YarnControl_Driver\src\stm32f4_rtos\Project\EWARMv7\Flash\Obj\stm32f4xx_dac.o
#        E:\WORK\YarnControl_Driver\YarnControl_Driver\src\stm32f4_rtos\Project\EWARMv7\Flash\Obj\stm32f4xx_dbgmcu.o
#        E:\WORK\YarnControl_Driver\YarnControl_Driver\src\stm32f4_rtos\Project\EWARMv7\Flash\Obj\stm32f4xx_dcmi.o
#        E:\WORK\YarnControl_Driver\YarnControl_Driver\src\stm32f4_rtos\Project\EWARMv7\Flash\Obj\stm32f4xx_dma.o
#        E:\WORK\YarnControl_Driver\YarnControl_Driver\src\stm32f4_rtos\Project\EWARMv7\Flash\Obj\stm32f4xx_dma2d.o
#        E:\WORK\YarnControl_Driver\YarnControl_Driver\src\stm32f4_rtos\Project\EWARMv7\Flash\Obj\stm32f4xx_exti.o
#        E:\WORK\YarnControl_Driver\YarnControl_Driver\src\stm32f4_rtos\Project\EWARMv7\Flash\Obj\stm32f4xx_flash.o
#        E:\WORK\YarnControl_Driver\YarnControl_Driver\src\stm32f4_rtos\Project\EWARMv7\Flash\Obj\stm32f4xx_fsmc.o
#        E:\WORK\YarnControl_Driver\YarnControl_Driver\src\stm32f4_rtos\Project\EWARMv7\Flash\Obj\stm32f4xx_gpio.o
#        E:\WORK\YarnControl_Driver\YarnControl_Driver\src\stm32f4_rtos\Project\EWARMv7\Flash\Obj\stm32f4xx_hash.o
#        E:\WORK\YarnControl_Driver\YarnControl_Driver\src\stm32f4_rtos\Project\EWARMv7\Flash\Obj\stm32f4xx_hash_md5.o
#        E:\WORK\YarnControl_Driver\YarnControl_Driver\src\stm32f4_rtos\Project\EWARMv7\Flash\Obj\stm32f4xx_hash_sha1.o
#        E:\WORK\YarnControl_Driver\YarnControl_Driver\src\stm32f4_rtos\Project\EWARMv7\Flash\Obj\stm32f4xx_i2c.o
#        E:\WORK\YarnControl_Driver\YarnControl_Driver\src\stm32f4_rtos\Project\EWARMv7\Flash\Obj\stm32f4xx_it.o
#        E:\WORK\YarnControl_Driver\YarnControl_Driver\src\stm32f4_rtos\Project\EWARMv7\Flash\Obj\stm32f4xx_iwdg.o
#        E:\WORK\YarnControl_Driver\YarnControl_Driver\src\stm32f4_rtos\Project\EWARMv7\Flash\Obj\stm32f4xx_ltdc.o
#        E:\WORK\YarnControl_Driver\YarnControl_Driver\src\stm32f4_rtos\Project\EWARMv7\Flash\Obj\stm32f4xx_pwr.o
#        E:\WORK\YarnControl_Driver\YarnControl_Driver\src\stm32f4_rtos\Project\EWARMv7\Flash\Obj\stm32f4xx_rcc.o
#        E:\WORK\YarnControl_Driver\YarnControl_Driver\src\stm32f4_rtos\Project\EWARMv7\Flash\Obj\stm32f4xx_rng.o
#        E:\WORK\YarnControl_Driver\YarnControl_Driver\src\stm32f4_rtos\Project\EWARMv7\Flash\Obj\stm32f4xx_rtc.o
#        E:\WORK\YarnControl_Driver\YarnControl_Driver\src\stm32f4_rtos\Project\EWARMv7\Flash\Obj\stm32f4xx_sai.o
#        E:\WORK\YarnControl_Driver\YarnControl_Driver\src\stm32f4_rtos\Project\EWARMv7\Flash\Obj\stm32f4xx_sdio.o
#        E:\WORK\YarnControl_Driver\YarnControl_Driver\src\stm32f4_rtos\Project\EWARMv7\Flash\Obj\stm32f4xx_spi.o
#        E:\WORK\YarnControl_Driver\YarnControl_Driver\src\stm32f4_rtos\Project\EWARMv7\Flash\Obj\stm32f4xx_syscfg.o
#        E:\WORK\YarnControl_Driver\YarnControl_Driver\src\stm32f4_rtos\Project\EWARMv7\Flash\Obj\stm32f4xx_tim.o
#        E:\WORK\YarnControl_Driver\YarnControl_Driver\src\stm32f4_rtos\Project\EWARMv7\Flash\Obj\stm32f4xx_usart.o
#        E:\WORK\YarnControl_Driver\YarnControl_Driver\src\stm32f4_rtos\Project\EWARMv7\Flash\Obj\stm32f4xx_wwdg.o
#        E:\WORK\YarnControl_Driver\YarnControl_Driver\src\stm32f4_rtos\Project\EWARMv7\Flash\Obj\SysInfoTest.o
#        E:\WORK\YarnControl_Driver\YarnControl_Driver\src\stm32f4_rtos\Project\EWARMv7\Flash\Obj\system_stm32f4xx.o
#        E:\WORK\YarnControl_Driver\YarnControl_Driver\src\stm32f4_rtos\Project\EWARMv7\Flash\Obj\tasks.o
#        E:\WORK\YarnControl_Driver\YarnControl_Driver\src\stm32f4_rtos\Project\EWARMv7\Flash\Obj\timer_platform.o
#        E:\WORK\YarnControl_Driver\YarnControl_Driver\src\stm32f4_rtos\Project\EWARMv7\Flash\Obj\timers.o
#        E:\WORK\YarnControl_Driver\YarnControl_Driver\src\stm32f4_rtos\Project\EWARMv7\Flash\Obj\transport.o
#        E:\WORK\YarnControl_Driver\YarnControl_Driver\src\stm32f4_rtos\Project\EWARMv7\Flash\Obj\usb_bsp.o
#        E:\WORK\YarnControl_Driver\YarnControl_Driver\src\stm32f4_rtos\Project\EWARMv7\Flash\Obj\usb_core.o
#        E:\WORK\YarnControl_Driver\YarnControl_Driver\src\stm32f4_rtos\Project\EWARMv7\Flash\Obj\usb_hcd.o
#        E:\WORK\YarnControl_Driver\YarnControl_Driver\src\stm32f4_rtos\Project\EWARMv7\Flash\Obj\usb_hcd_int.o
#        E:\WORK\YarnControl_Driver\YarnControl_Driver\src\stm32f4_rtos\Project\EWARMv7\Flash\Obj\usbh_core.o
#        E:\WORK\YarnControl_Driver\YarnControl_Driver\src\stm32f4_rtos\Project\EWARMv7\Flash\Obj\usbh_hcs.o
#        E:\WORK\YarnControl_Driver\YarnControl_Driver\src\stm32f4_rtos\Project\EWARMv7\Flash\Obj\usbh_ioreq.o
#        E:\WORK\YarnControl_Driver\YarnControl_Driver\src\stm32f4_rtos\Project\EWARMv7\Flash\Obj\usbh_it.o
#        E:\WORK\YarnControl_Driver\YarnControl_Driver\src\stm32f4_rtos\Project\EWARMv7\Flash\Obj\usbh_msc_bot.o
#        E:\WORK\YarnControl_Driver\YarnControl_Driver\src\stm32f4_rtos\Project\EWARMv7\Flash\Obj\usbh_msc_core.o
#        E:\WORK\YarnControl_Driver\YarnControl_Driver\src\stm32f4_rtos\Project\EWARMv7\Flash\Obj\usbh_msc_scsi.o
#        E:\WORK\YarnControl_Driver\YarnControl_Driver\src\stm32f4_rtos\Project\EWARMv7\Flash\Obj\usbh_stdreq.o
#        E:\WORK\YarnControl_Driver\YarnControl_Driver\src\stm32f4_rtos\Project\EWARMv7\Flash\Obj\usbh_usr.o
#        -o
#        E:\WORK\YarnControl_Driver\YarnControl_Driver\src\stm32f4_rtos\Project\EWARMv7\Flash\Exe\project.out
#        --map
#        E:\WORK\YarnControl_Driver\YarnControl_Driver\src\stm32f4_rtos\Project\EWARMv7\Flash\List\project.map
#        --config
#        E:\WORK\YarnControl_Driver\YarnControl_Driver\src\stm32f4_rtos\Project\EWARMv7\stm32f4xx_flash.icf
#        --semihosting --entry __iar_program_start --inline --vfe
#
###############################################################################

*******************************************************************************
*** RUNTIME MODEL ATTRIBUTES
***

CppFlavor                     = *
__Heap_Handler                = DLMalloc
__SystemLibrary               = DLib
__dlib_dynamic_initialization = normal


*******************************************************************************
*** PLACEMENT SUMMARY
***

"A1":  place at 0x08000000 { ro section .intvec };
"P1":  place in [from 0x08000000 to 0x080fffff] { ro };
"P2":  place in [from 0x20000000 to 0x2001ffff] { rw, block CSTACK, block HEAP };

  Section             Kind        Address     Size  Object
  -------             ----        -------     ----  ------
"A1":                                        0x188
  .intvec             ro code  0x08000000    0x188  startup_stm32f40_41xxx.o [1]
                             - 0x08000188    0x188

"P1":                                      0x4adee
  .rodata             const    0x08000188  0x15484  cc936.o [1]
  .rodata             const    0x0801560c  0x15484  cc936.o [1]
  .text               ro code  0x0802aa90   0x70c0  apptask.o [1]
  .text               ro code  0x08031b50   0x1520  bsp_sdwe050c17.o [1]
  .text               ro code  0x08033070    0x7c8  queue.o [1]
  .text               ro code  0x08033838    0x6c0  product_cal.o [1]
  .text               ro code  0x08033ef8     0x66  ABImemset.o [5]
  .text               ro code  0x08033f5e     0x1e  xsscin.o [3]
  .text               ro code  0x08033f7c    0xce0  tasks.o [1]
  .text               ro code  0x08034c5c    0x380  bsp_w25qxx.o [1]
  .text               ro code  0x08034fdc     0x4e  FltToDbl.o [4]
  .text               ro code  0x0803502a     0x1a  xsnprout.o [3]
  .text               ro code  0x08035044     0x24  printf.o [3]
  .text               ro code  0x08035068     0x76  ABImemcpy_unaligned.o [5]
  .text               ro code  0x080350de      0xa  xsprout.o [3]
  .text               ro code  0x080350e8     0x42  strcmp_unaligned.o [5]
  .text               ro code  0x0803512c    0x21c  malloc.o [1]
  .text               ro code  0x08035348     0x30  I32ToDbl.o [4]
  .text               ro code  0x08035378    0x256  DblDiv.o [4]
  .text               ro code  0x080355d0     0xe8  DblAdd.o [4]
  .text               ro code  0x080356b8    0x1a2  DblMul.o [4]
  .text               ro code  0x0803585c     0x58  DblToI32.o [4]
  .text               ro code  0x080358b4     0x90  DblToFlt.o [4]
  .text               ro code  0x08035944     0x36  strlen.o [5]
  .text               ro code  0x0803597c    0x12c  stm32f4xx_gpio.o [1]
  .text               ro code  0x08035aa8   0x1426  para.o [1]
  .text               ro code  0x08036ed0     0x62  memcmp_unaligned.o [5]
  .text               ro code  0x08036f34     0xc8  bsp_dac.o [1]
  .text               ro code  0x08036ffc     0x3c  stm32f4xx_rtc.o [1]
  .text               ro code  0x08037038    0x4f8  page_weimi.o [1]
  .text               ro code  0x08037530    0x280  bsp_servomotor.o [1]
  .text               ro code  0x080377b0    0x188  bkp_pwr.o [1]
  .text               ro code  0x08037938    0x1a2  usbh_usr.o [1]
  .text               ro code  0x08037adc    0x760  usbh_core.o [1]
  .text               ro code  0x0803823c   0x2498  ff.o [1]
  .text               ro code  0x0803a6d4     0x34  sprintf.o [3]
  .text               ro code  0x0803a708     0x1c  strcat.o [3]
  .text               ro code  0x0803a724     0xc0  bsp_led.o [1]
  .text               ro code  0x0803a7e4     0xee  rc522.o [1]
  .text               ro code  0x0803a8d4    0x354  modbus.o [1]
  .text               ro code  0x0803ac28     0x80  protocol.o [1]
  .text               ro code  0x0803aca8     0x10  para.o [1]
  .text               ro code  0x0803acb8     0xd4  bsp_closeSW.o [1]
  .text               ro code  0x0803ad8c    0x180  DblSub.o [4]
  .text               ro code  0x0803af0c    0x4f4  bsp_stepmotor.o [1]
  .text               ro code  0x0803b400    0x2c0  encoder_tim.o [1]
  .text               ro code  0x0803b6c0     0x7c  esp8266_init.o [1]
  .text               ro code  0x0803b73c    0x414  esp8266_handler.o [1]
  .text               ro code  0x0803bb50    0x434  pub0sub1.o [1]
  .text               ro code  0x0803bf84    0x262  event_groups.o [1]
  .text               ro code  0x0803c1e8    0x4a4  timers.o [1]
  .text               ro code  0x0803c68c      0x8  bsp_watchdog.o [1]
  .text               ro code  0x0803c694    0x1e8  stm32f4xx_rcc.o [1]
  .text               ro code  0x0803c87c     0x74  bsp_dwt.o [1]
  .text               ro code  0x0803c8f0    0xaa4  bsp_uart_fifo.o [1]
  .text               ro code  0x0803d394    0x204  bsp_timer.o [1]
  .text               ro code  0x0803d598    0x24c  port.o [1]
  .text               ro code  0x0803d7e4     0x98  list.o [1]
  .text               ro code  0x0803d87c    0x280  heap_4.o [1]
  .text               ro code  0x0803dafc    0x124  bsp_spi.o [1]
  .text               ro code  0x0803dc20    0xd96  xprintffull_nomb.o [3]
  .text               ro code  0x0803e9b8     0x44  strcpy_unaligned.o [5]
  .text               ro code  0x0803e9fc     0x24  sscanf.o [3]
  .text               ro code  0x0803ea20     0x7c  stm32f4xx_dac.o [1]
  .text               ro code  0x0803ea9c    0x6f6  stm32f4xx_tim.o [1]
  .text               ro code  0x0803f194    0x31c  stm32f4xx_dma.o [1]
  .text               ro code  0x0803f4b0      0xc  stm32f4xx_pwr.o [1]
  .text               ro code  0x0803f4bc    0x14c  usb_bsp.o [1]
  .text               ro code  0x0803f608     0xd6  usb_hcd.o [1]
  .text               ro code  0x0803f6de    0x1ba  usbh_hcs.o [1]
  .text               ro code  0x0803f898    0x436  usbh_stdreq.o [1]
  .text               ro code  0x0803fcce    0x246  usbh_ioreq.o [1]
  .text               ro code  0x0803ff14    0x2e4  diskio.o [1]
  .text               ro code  0x080401f8     0xf4  cc936.o [1]
  .text               ro code  0x080402ec     0xb8  mcheck.o [1]
  .text               ro code  0x080403a4     0x2c  strstr.o [3]
  .text               ro code  0x080403d0     0x54  stm32f4xx_syscfg.o [1]
  .text               ro code  0x08040424     0xc0  stm32f4xx_exti.o [1]
  .text               ro code  0x080404e4     0x88  misc.o [1]
  .text               ro code  0x0804056c    0x132  I64DivMod.o [5]
  .text               ro code  0x080406a0      0x6  ABImemclr4.o [5]
  .text               ro code  0x080406a8     0x44  snprintf.o [3]
  .text               ro code  0x080406ec    0x306  MQTTConnectClient.o [1]
  .text               ro code  0x080409f4     0x6c  transport.o [1]
  .text               ro code  0x08040a60    0x290  MQTTPacket.o [1]
  .text               ro code  0x08040cf0     0x40  timer_platform.o [1]
  .text               ro code  0x08040d30    0x190  MQTTSubscribeClient.o [1]
  .text               ro code  0x08040ec0     0xbc  MQTTDeserializePublish.o [1]
  .text               ro code  0x08040f7c     0xec  MQTTSerializePublish.o [1]
  .text               ro code  0x08041068     0x10  stm32f4xx_iwdg.o [1]
  .text               ro code  0x08041078    0x254  stm32f4xx_usart.o [1]
  CODE                ro code  0x080412cc     0xa8  portasm.o [1]
  .text               ro code  0x08041374     0x74  stm32f4xx_spi.o [1]
  .text               ro code  0x080413e8     0x16  strchr.o [5]
  .text               ro code  0x08041400     0x58  memchr.o [5]
  .text               ro code  0x08041458     0x42  xdnorm.o [4]
  .text               ro code  0x0804149c     0x2e  DblCmpLe.o [4]
  .text               ro code  0x080414cc     0x2e  DblCmpGe.o [4]
  .text               ro code  0x080414fc    0x114  xdscale.o [4]
  .text               ro code  0x08041610     0x6c  localeconv.o [3]
  .text               ro code  0x0804167c      0xe  div.o [3]
  .text               ro code  0x0804168c    0xb64  xscanffull_nomb.o [3]
  .text               ro code  0x080421f0    0xa50  usb_core.o [1]
  .text               ro code  0x08042c40   0x1a58  bsp_sdio_sd.o [1]
  .text               ro code  0x08044698    0x618  usbh_msc_scsi.o [1]
  .text               ro code  0x08044cb0    0x554  usbh_msc_bot.o [1]
  .text               ro code  0x08045204      0x2  I64DivZer.o [5]
  .text               ro code  0x08045208     0x32  ABImemset48.o [5]
  .text               ro code  0x0804523a     0x28  isxxx.o [3]
  .text               ro code  0x08045262     0xa4  xstoll.o [3]
  .text               ro code  0x08045308    0x1b0  xstoull.o [3]
  .text               ro code  0x080454b8    0x168  xstold.o [4]
  .text               ro code  0x08045620    0x17c  stm32f4xx_sdio.o [1]
  .text               ro code  0x0804579c     0x18  setlocale.o [3]
  .text               ro code  0x080457b4     0x16  xlocale_c.o [3]
  .text               ro code  0x080457ca     0x14  xlocale_c.o [3]
  .text               ro code  0x080457e0      0xc  errno.o [3]
  .text               ro code  0x080457ec     0x14  tolower.o [3]
  .text               ro code  0x08045800    0x124  xstopfx.o [3]
  .text               ro code  0x08045924    0x1b8  xstoflt.o [3]
  .rodata             const    0x08045adc     0x2c  apptask.o [1]
  .text               ro code  0x08045b08    0x200  xdtento.o [4]
  .text               ro code  0x08045d08    0x218  xstoxflt.o [3]
  .text               ro code  0x08045f20      0x2  xtls.o [3]
  .text               ro code  0x08045f22      0xc  xlocale_c.o [3]
  .text               ro code  0x08045f30     0x20  DblCmpEq.o [4]
  .text               ro code  0x08045f50     0x52  xdunscal.o [4]
  .text               ro code  0x08045fa4    0xc7e  usb_hcd_int.o [1]
  .text               ro code  0x08046c24    0x4fa  des.o [1]
  .text               ro code  0x08047120    0x4ae  smec98sp.o [1]
  .text               ro code  0x080475d0    0x1b6  stm32f4xx_adc.o [1]
  .text               ro code  0x08047788    0x38e  iic_smec98sp.o [1]
  .text               ro code  0x08047b18     0x20  srand.o [3]
  .text               ro code  0x08047b38     0xe0  rand.o [3]
  .rodata             const    0x08047c18    0x400  apptask.o [1]
  .text               ro code  0x08048018    0x3e8  usbh_msc_core.o [1]
  .rodata             const    0x08048400    0x3dc  cc936.o [1]
  .rodata             const    0x080487dc    0x3dc  cc936.o [1]
  .rodata             const    0x08048bb8    0x200  des.o [1]
  .rodata             const    0x08048db8    0x190  product_cal.o [1]
  .text               ro code  0x08048f48    0x154  system_stm32f4xx.o [1]
  .rodata             const    0x0804909c    0x100  mcheck.o [1]
  .rodata             const    0x0804919c    0x100  mcheck.o [1]
  .rodata             const    0x0804929c    0x100  mcheck.o [1]
  .text               ro code  0x0804939c     0xd0  packbits_init.o [5]
  .text               ro code  0x0804946c      0x6  abort.o [3]
  .text               ro code  0x08049474     0x14  exit.o [6]
  .rodata             const    0x08049488     0x58  pub0sub1.o [1]
  .text               ro code  0x080494e0     0x58  bsp.o [1]
  .text               ro code  0x08049538     0x44  bsp_relay.o [1]
  .text               ro code  0x0804957c     0x44  bsp_sw_onoff.o [1]
  .rodata             const    0x080495c0     0x40  des.o [1]
  .rodata             const    0x08049600     0x40  des.o [1]
  .text               ro code  0x08049640     0x40  zero_init3.o [5]
  .rodata             const    0x08049680     0x38  demo_fatfs.o [1]
  .rodata             const    0x080496b8     0x38  des.o [1]
  .text               ro code  0x080496f0     0x38  stm32f4xx_it.o [1]
  .rodata             const    0x08049728     0x30  apptask.o [1]
  .rodata             const    0x08049758     0x30  apptask.o [1]
  .rodata             const    0x08049788     0x30  demo_fatfs.o [1]
  .rodata             const    0x080497b8     0x30  demo_fatfs.o [1]
  .rodata             const    0x080497e8     0x30  des.o [1]
  .rodata             const    0x08049818     0x30  des.o [1]
  .text               ro code  0x08049848     0x30  main.o [1]
  .rodata             const    0x08049878     0x2c  demo_fatfs.o [1]
  .rodata             const    0x080498a4     0x2c  demo_fatfs.o [1]
  .rodata             const    0x080498d0     0x2c  stm32f4xx_it.o [1]
  .text               ro code  0x080498fc     0x2c  SysInfoTest.o [1]
  .rodata             const    0x08049928     0x28  apptask.o [1]
  .rodata             const    0x08049950     0x28  demo_fatfs.o [1]
  .rodata             const    0x08049978     0x28  demo_fatfs.o [1]
  .rodata             const    0x080499a0     0x28  demo_fatfs.o [1]
  .text               ro code  0x080499c8     0x28  data_init.o [5]
  .rodata             const    0x080499f0     0x24  apptask.o [1]
  .rodata             const    0x08049a14     0x24  apptask.o [1]
  .rodata             const    0x08049a38     0x24  apptask.o [1]
  .rodata             const    0x08049a5c     0x24  apptask.o [1]
  .rodata             const    0x08049a80     0x24  apptask.o [1]
  .rodata             const    0x08049aa4     0x24  apptask.o [1]
  .rodata             const    0x08049ac8     0x24  apptask.o [1]
  .rodata             const    0x08049aec     0x24  apptask.o [1]
  .rodata             const    0x08049b10     0x24  apptask.o [1]
  .rodata             const    0x08049b34     0x24  demo_fatfs.o [1]
  .rodata             const    0x08049b58     0x24  demo_fatfs.o [1]
  .rodata             const    0x08049b7c     0x24  pub0sub1.o [1]
  .rodata             const    0x08049ba0     0x24  pub0sub1.o [1]
  .rodata             const    0x08049bc4     0x24  usbh_usr.o [1]
  .text               ro code  0x08049be8     0x22  fpinit_M.o [4]
  .iar.init_table     const    0x08049c0c     0x34  - Linker created -
  .rodata             const    0x08049c40     0x20  apptask.o [1]
  .rodata             const    0x08049c60     0x20  apptask.o [1]
  .rodata             const    0x08049c80     0x20  apptask.o [1]
  .rodata             const    0x08049ca0     0x20  apptask.o [1]
  .rodata             const    0x08049cc0     0x20  demo_fatfs.o [1]
  .rodata             const    0x08049ce0     0x20  demo_fatfs.o [1]
  .rodata             const    0x08049d00     0x20  demo_fatfs.o [1]
  .rodata             const    0x08049d20     0x20  des.o [1]
  .rodata             const    0x08049d40     0x20  pub0sub1.o [1]
  .rodata             const    0x08049d60     0x20  usbh_usr.o [1]
  .rodata             const    0x08049d80     0x20  usbh_usr.o [1]
  .rodata             const    0x08049da0     0x20  usbh_usr.o [1]
  .rodata             const    0x08049dc0     0x20  usbh_usr.o [1]
  .rodata             const    0x08049de0     0x20  usbh_usr.o [1]
  .rodata             const    0x08049e00     0x1c  apptask.o [1]
  .rodata             const    0x08049e1c     0x1c  apptask.o [1]
  .rodata             const    0x08049e38     0x1c  apptask.o [1]
  .rodata             const    0x08049e54     0x1c  apptask.o [1]
  .rodata             const    0x08049e70     0x1c  apptask.o [1]
  .rodata             const    0x08049e8c     0x1c  apptask.o [1]
  .rodata             const    0x08049ea8     0x1c  apptask.o [1]
  .rodata             const    0x08049ec4     0x1c  apptask.o [1]
  .rodata             const    0x08049ee0     0x1c  demo_fatfs.o [1]
  .rodata             const    0x08049efc     0x1c  demo_fatfs.o [1]
  .rodata             const    0x08049f18     0x1c  esp8266_handler.o [1]
  .rodata             const    0x08049f34     0x1c  esp8266_handler.o [1]
  .rodata             const    0x08049f50     0x1c  pub0sub1.o [1]
  .rodata             const    0x08049f6c     0x1c  pub0sub1.o [1]
  .rodata             const    0x08049f88     0x1c  pub0sub1.o [1]
  .rodata             const    0x08049fa4     0x1c  smec98sp.o [1]
  .rodata             const    0x08049fc0     0x1c  smec98sp.o [1]
  .rodata             const    0x08049fdc     0x1c  smec98sp.o [1]
  .rodata             const    0x08049ff8     0x1c  usbh_usr.o [1]
  .rodata             const    0x0804a014     0x1c  usbh_usr.o [1]
  .rodata             const    0x0804a030     0x1c  usbh_usr.o [1]
  .rodata             const    0x0804a04c     0x1c  usbh_usr.o [1]
  .rodata             const    0x0804a068     0x1c  usbh_usr.o [1]
  .rodata             const    0x0804a084     0x1c  usbh_usr.o [1]
  .text               ro code  0x0804a0a0     0x1a  cmain.o [5]
  .text               ro code  0x0804a0ba      0x4  exit.o [3]
  .text               ro code  0x0804a0c0      0xa  cexit.o [5]
  .rodata             const    0x0804a0cc     0x18  apptask.o [1]
  .rodata             const    0x0804a0e4     0x18  apptask.o [1]
  .rodata             const    0x0804a0fc     0x18  apptask.o [1]
  .rodata             const    0x0804a114     0x18  apptask.o [1]
  .rodata             const    0x0804a12c     0x18  apptask.o [1]
  .rodata             const    0x0804a144     0x18  apptask.o [1]
  .rodata             const    0x0804a15c     0x18  apptask.o [1]
  .rodata             const    0x0804a174     0x18  apptask.o [1]
  .rodata             const    0x0804a18c     0x18  apptask.o [1]
  .rodata             const    0x0804a1a4     0x18  apptask.o [1]
  .rodata             const    0x0804a1bc     0x18  apptask.o [1]
  .rodata             const    0x0804a1d4     0x18  apptask.o [1]
  .rodata             const    0x0804a1ec     0x18  demo_fatfs.o [1]
  .rodata             const    0x0804a204     0x18  demo_fatfs.o [1]
  .rodata             const    0x0804a21c     0x18  demo_fatfs.o [1]
  .rodata             const    0x0804a234     0x18  demo_fatfs.o [1]
  .rodata             const    0x0804a24c     0x18  esp8266_handler.o [1]
  .rodata             const    0x0804a264     0x18  esp8266_handler.o [1]
  .rodata             const    0x0804a27c     0x18  esp8266_handler.o [1]
  .rodata             const    0x0804a294     0x18  para.o [1]
  .rodata             const    0x0804a2ac     0x18  pub0sub1.o [1]
  .rodata             const    0x0804a2c4     0x18  pub0sub1.o [1]
  .rodata             const    0x0804a2dc     0x18  smec98sp.o [1]
  .rodata             const    0x0804a2f4     0x18  smec98sp.o [1]
  .rodata             const    0x0804a30c     0x18  usbh_usr.o [1]
  .rodata             const    0x0804a324     0x18  usbh_usr.o [1]
  .rodata             const    0x0804a33c     0x18  usbh_usr.o [1]
  .rodata             const    0x0804a354     0x18  usbh_usr.o [1]
  .rodata             const    0x0804a36c     0x18  usbh_usr.o [1]
  .text               ro code  0x0804a384     0x16  xprout.o [3]
  .text               ro code  0x0804a39c      0xc  putchar.o [3]
  .rodata             const    0x0804a3a8     0x14  apptask.o [1]
  .rodata             const    0x0804a3bc     0x14  apptask.o [1]
  .rodata             const    0x0804a3d0     0x14  apptask.o [1]
  .rodata             const    0x0804a3e4     0x14  apptask.o [1]
  .rodata             const    0x0804a3f8     0x14  apptask.o [1]
  .rodata             const    0x0804a40c     0x14  apptask.o [1]
  .rodata             const    0x0804a420     0x14  apptask.o [1]
  .rodata             const    0x0804a434     0x14  apptask.o [1]
  .rodata             const    0x0804a448     0x14  apptask.o [1]
  .rodata             const    0x0804a45c     0x14  apptask.o [1]
  .rodata             const    0x0804a470     0x14  apptask.o [1]
  .rodata             const    0x0804a484     0x14  apptask.o [1]
  .rodata             const    0x0804a498     0x14  apptask.o [1]
  .rodata             const    0x0804a4ac     0x14  apptask.o [1]
  .rodata             const    0x0804a4c0     0x14  apptask.o [1]
  .rodata             const    0x0804a4d4     0x14  apptask.o [1]
  .rodata             const    0x0804a4e8     0x14  apptask.o [1]
  .rodata             const    0x0804a4fc     0x14  des.o [1]
  .rodata             const    0x0804a510     0x14  esp8266_handler.o [1]
  .rodata             const    0x0804a524     0x14  pub0sub1.o [1]
  .rodata             const    0x0804a538     0x14  pub0sub1.o [1]
  .rodata             const    0x0804a54c     0x14  pub0sub1.o [1]
  .rodata             const    0x0804a560     0x14  pub0sub1.o [1]
  .rodata             const    0x0804a574     0x14  pub0sub1.o [1]
  .rodata             const    0x0804a588     0x14  smec98sp.o [1]
  .rodata             const    0x0804a59c     0x14  usbh_usr.o [1]
  .rodata             const    0x0804a5b0     0x14  usbh_usr.o [1]
  .rodata             const    0x0804a5c4     0x10  apptask.o [1]
  .rodata             const    0x0804a5d4     0x10  apptask.o [1]
  .rodata             const    0x0804a5e4     0x10  apptask.o [1]
  .rodata             const    0x0804a5f4     0x10  apptask.o [1]
  .rodata             const    0x0804a604     0x10  apptask.o [1]
  .rodata             const    0x0804a614     0x10  apptask.o [1]
  .rodata             const    0x0804a624     0x10  apptask.o [1]
  .rodata             const    0x0804a634     0x10  apptask.o [1]
  .rodata             const    0x0804a644     0x10  apptask.o [1]
  .rodata             const    0x0804a654     0x10  apptask.o [1]
  .rodata             const    0x0804a664     0x10  apptask.o [1]
  .rodata             const    0x0804a674     0x10  apptask.o [1]
  .rodata             const    0x0804a684     0x10  apptask.o [1]
  .rodata             const    0x0804a694     0x10  apptask.o [1]
  .rodata             const    0x0804a6a4     0x10  apptask.o [1]
  .rodata             const    0x0804a6b4     0x10  apptask.o [1]
  .rodata             const    0x0804a6c4     0x10  apptask.o [1]
  .rodata             const    0x0804a6d4     0x10  apptask.o [1]
  .rodata             const    0x0804a6e4     0x10  apptask.o [1]
  .rodata             const    0x0804a6f4     0x10  apptask.o [1]
  .rodata             const    0x0804a704     0x10  apptask.o [1]
  .rodata             const    0x0804a714     0x10  apptask.o [1]
  .rodata             const    0x0804a724     0x10  apptask.o [1]
  .rodata             const    0x0804a734     0x10  apptask.o [1]
  .rodata             const    0x0804a744     0x10  apptask.o [1]
  .rodata             const    0x0804a754     0x10  apptask.o [1]
  .rodata             const    0x0804a764     0x10  apptask.o [1]
  .rodata             const    0x0804a774     0x10  bsp_sdwe050c17.o [1]
  .rodata             const    0x0804a784     0x10  esp8266_handler.o [1]
  .rodata             const    0x0804a794     0x10  esp8266_handler.o [1]
  .rodata             const    0x0804a7a4     0x10  esp8266_handler.o [1]
  .rodata             const    0x0804a7b4     0x10  esp8266_handler.o [1]
  .rodata             const    0x0804a7c4     0x10  esp8266_handler.o [1]
  .rodata             const    0x0804a7d4     0x10  esp8266_handler.o [1]
  .rodata             const    0x0804a7e4     0x10  ff.o [1]
  .rodata             const    0x0804a7f4     0x10  main.o [1]
  .rodata             const    0x0804a804     0x10  main.o [1]
  .rodata             const    0x0804a814     0x10  para.o [1]
  .rodata             const    0x0804a824     0x10  para.o [1]
  .rodata             const    0x0804a834     0x10  pub0sub1.o [1]
  .rodata             const    0x0804a844     0x10  smec98sp.o [1]
  .rodata             const    0x0804a854     0x10  smec98sp.o [1]
  .rodata             const    0x0804a864     0x10  smec98sp.o [1]
  .rodata             const    0x0804a874     0x10  smec98sp.o [1]
  .rodata             const    0x0804a884     0x10  smec98sp.o [1]
  .rodata             const    0x0804a894     0x10  smec98sp.o [1]
  .rodata             const    0x0804a8a4     0x10  usbh_usr.o [1]
  .rodata             const    0x0804a8b4     0x10  usbh_usr.o [1]
  .text               ro code  0x0804a8c4     0x10  startup_stm32f40_41xxx.o [1]
  .text               ro code  0x0804a8d4     0x10  usbh_it.o [1]
  .rodata             const    0x0804a8e4      0xc  apptask.o [1]
  .rodata             const    0x0804a8f0      0xc  apptask.o [1]
  .rodata             const    0x0804a8fc      0xc  apptask.o [1]
  .rodata             const    0x0804a908      0xc  apptask.o [1]
  .rodata             const    0x0804a914      0xc  apptask.o [1]
  .rodata             const    0x0804a920      0xc  apptask.o [1]
  .rodata             const    0x0804a92c      0xc  apptask.o [1]
  .rodata             const    0x0804a938      0xc  apptask.o [1]
  .rodata             const    0x0804a944      0xc  apptask.o [1]
  .rodata             const    0x0804a950      0xc  apptask.o [1]
  .rodata             const    0x0804a95c      0xc  apptask.o [1]
  .rodata             const    0x0804a968      0xc  apptask.o [1]
  .rodata             const    0x0804a974      0xc  apptask.o [1]
  .rodata             const    0x0804a980      0xc  apptask.o [1]
  .rodata             const    0x0804a98c      0xc  apptask.o [1]
  .rodata             const    0x0804a998      0xc  apptask.o [1]
  .rodata             const    0x0804a9a4      0xc  apptask.o [1]
  .rodata             const    0x0804a9b0      0xc  apptask.o [1]
  .rodata             const    0x0804a9bc      0xc  apptask.o [1]
  .rodata             const    0x0804a9c8      0xc  apptask.o [1]
  .rodata             const    0x0804a9d4      0xc  apptask.o [1]
  .rodata             const    0x0804a9e0      0xc  apptask.o [1]
  .rodata             const    0x0804a9ec      0xc  apptask.o [1]
  .rodata             const    0x0804a9f8      0xc  apptask.o [1]
  .rodata             const    0x0804aa04      0xc  apptask.o [1]
  .rodata             const    0x0804aa10      0xc  apptask.o [1]
  .rodata             const    0x0804aa1c      0xc  apptask.o [1]
  .rodata             const    0x0804aa28      0xc  apptask.o [1]
  .rodata             const    0x0804aa34      0xc  apptask.o [1]
  .rodata             const    0x0804aa40      0xc  apptask.o [1]
  .rodata             const    0x0804aa4c      0xc  apptask.o [1]
  .rodata             const    0x0804aa58      0xc  apptask.o [1]
  .rodata             const    0x0804aa64      0xc  apptask.o [1]
  .rodata             const    0x0804aa70      0xc  apptask.o [1]
  .rodata             const    0x0804aa7c      0xc  apptask.o [1]
  .rodata             const    0x0804aa88      0xc  bsp_sdwe050c17.o [1]
  .rodata             const    0x0804aa94      0xc  demo_fatfs.o [1]
  .rodata             const    0x0804aaa0      0xc  esp8266_handler.o [1]
  .rodata             const    0x0804aaac      0xc  esp8266_handler.o [1]
  .rodata             const    0x0804aab8      0xc  esp8266_handler.o [1]
  .rodata             const    0x0804aac4      0xc  esp8266_handler.o [1]
  .rodata             const    0x0804aad0      0xc  esp8266_handler.o [1]
  .rodata             const    0x0804aadc      0xc  esp8266_handler.o [1]
  .rodata             const    0x0804aae8      0xc  ff.o [1]
  .rodata             const    0x0804aaf4      0xc  page_weimi.o [1]
  .rodata             const    0x0804ab00      0xc  para.o [1]
  .rodata             const    0x0804ab0c      0xc  para.o [1]
  .rodata             const    0x0804ab18      0xc  para.o [1]
  .rodata             const    0x0804ab24      0xc  para.o [1]
  .rodata             const    0x0804ab30      0xc  para.o [1]
  .rodata             const    0x0804ab3c      0xc  pub0sub1.o [1]
  .rodata             const    0x0804ab48      0xc  pub0sub1.o [1]
  .text               ro code  0x0804ab54      0xc  cstartup_M.o [5]
  .rodata             const    0x0804ab60      0x8  apptask.o [1]
  .rodata             const    0x0804ab68      0x8  apptask.o [1]
  .rodata             const    0x0804ab70      0x8  apptask.o [1]
  .rodata             const    0x0804ab78      0x8  apptask.o [1]
  .rodata             const    0x0804ab80      0x8  apptask.o [1]
  .rodata             const    0x0804ab88      0x8  apptask.o [1]
  .rodata             const    0x0804ab90      0x8  apptask.o [1]
  .rodata             const    0x0804ab98      0x8  apptask.o [1]
  .rodata             const    0x0804aba0      0x8  apptask.o [1]
  .rodata             const    0x0804aba8      0x8  apptask.o [1]
  .rodata             const    0x0804abb0      0x8  apptask.o [1]
  .rodata             const    0x0804abb8      0x8  apptask.o [1]
  .rodata             const    0x0804abc0      0x8  apptask.o [1]
  .rodata             const    0x0804abc8      0x8  apptask.o [1]
  .rodata             const    0x0804abd0      0x8  apptask.o [1]
  .rodata             const    0x0804abd8      0x8  apptask.o [1]
  .rodata             const    0x0804abe0      0x8  apptask.o [1]
  .rodata             const    0x0804abe8      0x8  apptask.o [1]
  .rodata             const    0x0804abf0      0x8  apptask.o [1]
  .rodata             const    0x0804abf8      0x8  apptask.o [1]
  .rodata             const    0x0804ac00      0x8  bsp_sdwe050c17.o [1]
  .rodata             const    0x0804ac08      0x8  bsp_w25qxx.o [1]
  .rodata             const    0x0804ac10      0x8  esp8266_handler.o [1]
  .rodata             const    0x0804ac18      0x8  ff.o [1]
  .rodata             const    0x0804ac20      0x8  malloc.o [1]
  .rodata             const    0x0804ac28      0x8  malloc.o [1]
  .rodata             const    0x0804ac30      0x8  malloc.o [1]
  .rodata             const    0x0804ac38      0x8  MQTTConnectClient.o [1]
  .rodata             const    0x0804ac40      0x8  MQTTConnectClient.o [1]
  .rodata             const    0x0804ac48      0x8  para.o [1]
  .rodata             const    0x0804ac50      0x8  para.o [1]
  .rodata             const    0x0804ac58      0x8  para.o [1]
  .rodata             const    0x0804ac60      0x8  para.o [1]
  .rodata             const    0x0804ac68      0x8  para.o [1]
  .rodata             const    0x0804ac70      0x8  para.o [1]
  .rodata             const    0x0804ac78      0x8  para.o [1]
  .rodata             const    0x0804ac80      0x8  para.o [1]
  .rodata             const    0x0804ac88      0x8  para.o [1]
  .rodata             const    0x0804ac90      0x8  para.o [1]
  .rodata             const    0x0804ac98      0x8  para.o [1]
  .rodata             const    0x0804aca0      0x8  para.o [1]
  .rodata             const    0x0804aca8      0x8  para.o [1]
  .rodata             const    0x0804acb0      0x8  para.o [1]
  .rodata             const    0x0804acb8      0x8  para.o [1]
  .rodata             const    0x0804acc0      0x8  para.o [1]
  .rodata             const    0x0804acc8      0x8  para.o [1]
  .rodata             const    0x0804acd0      0x8  para.o [1]
  .rodata             const    0x0804acd8      0x8  para.o [1]
  .rodata             const    0x0804ace0      0x8  para.o [1]
  .rodata             const    0x0804ace8      0x8  para.o [1]
  .rodata             const    0x0804acf0      0x8  pub0sub1.o [1]
  .rodata             const    0x0804acf8      0x8  smec98sp.o [1]
  .rodata             const    0x0804ad00      0x8  tasks.o [1]
  .rodata             const    0x0804ad08      0x8  timers.o [1]
  .rodata             const    0x0804ad10      0x4  heap_4.o [1]
  .rodata             const    0x0804ad14      0x4  MQTTConnectClient.o [1]
  .rodata             const    0x0804ad18      0x4  MQTTConnectClient.o [1]
  .rodata             const    0x0804ad1c      0x4  MQTTConnectClient.o [1]
  .rodata             const    0x0804ad20      0x4  MQTTConnectClient.o [1]
  .rodata             const    0x0804ad24      0x4  MQTTConnectClient.o [1]
  .rodata             const    0x0804ad28      0x4  MQTTDeserializePublish.o [1]
  .rodata             const    0x0804ad2c      0x4  MQTTPacket.o [1]
  .rodata             const    0x0804ad30      0x4  MQTTSerializePublish.o [1]
  .rodata             const    0x0804ad34      0x4  MQTTSubscribeClient.o [1]
  .rodata             const    0x0804ad38      0x4  MQTTSubscribeClient.o [1]
  .rodata             const    0x0804ad3c      0x4  port.o [1]
  .text               ro code  0x0804ad40      0x4  startup_stm32f40_41xxx.o [1]
  .text               ro code  0x0804ad44      0x4  startup_stm32f40_41xxx.o [1]
  .text               ro code  0x0804ad48      0x4  startup_stm32f40_41xxx.o [1]
  .text               ro code  0x0804ad4c      0x4  startup_stm32f40_41xxx.o [1]
  .text               ro code  0x0804ad50      0x4  startup_stm32f40_41xxx.o [1]
  .text               ro code  0x0804ad54      0x4  startup_stm32f40_41xxx.o [1]
  .text               ro code  0x0804ad58      0x4  startup_stm32f40_41xxx.o [1]
  .text               ro code  0x0804ad5c      0x4  startup_stm32f40_41xxx.o [1]
  .text               ro code  0x0804ad60      0x4  startup_stm32f40_41xxx.o [1]
  .text               ro code  0x0804ad64      0x4  startup_stm32f40_41xxx.o [1]
  .text               ro code  0x0804ad68      0x4  startup_stm32f40_41xxx.o [1]
  .text               ro code  0x0804ad6c      0x4  startup_stm32f40_41xxx.o [1]
  .text               ro code  0x0804ad70      0x4  startup_stm32f40_41xxx.o [1]
  .text               ro code  0x0804ad74      0x4  startup_stm32f40_41xxx.o [1]
  .text               ro code  0x0804ad78      0x4  startup_stm32f40_41xxx.o [1]
  .text               ro code  0x0804ad7c      0x4  startup_stm32f40_41xxx.o [1]
  .text               ro code  0x0804ad80      0x4  startup_stm32f40_41xxx.o [1]
  .text               ro code  0x0804ad84      0x4  startup_stm32f40_41xxx.o [1]
  .text               ro code  0x0804ad88      0x4  startup_stm32f40_41xxx.o [1]
  .text               ro code  0x0804ad8c      0x4  startup_stm32f40_41xxx.o [1]
  .text               ro code  0x0804ad90      0x4  startup_stm32f40_41xxx.o [1]
  .text               ro code  0x0804ad94      0x4  startup_stm32f40_41xxx.o [1]
  .text               ro code  0x0804ad98      0x4  startup_stm32f40_41xxx.o [1]
  .text               ro code  0x0804ad9c      0x4  startup_stm32f40_41xxx.o [1]
  .text               ro code  0x0804ada0      0x4  startup_stm32f40_41xxx.o [1]
  .text               ro code  0x0804ada4      0x4  startup_stm32f40_41xxx.o [1]
  .text               ro code  0x0804ada8      0x4  startup_stm32f40_41xxx.o [1]
  .text               ro code  0x0804adac      0x4  startup_stm32f40_41xxx.o [1]
  .text               ro code  0x0804adb0      0x4  startup_stm32f40_41xxx.o [1]
  .text               ro code  0x0804adb4      0x4  startup_stm32f40_41xxx.o [1]
  .text               ro code  0x0804adb8      0x4  startup_stm32f40_41xxx.o [1]
  .text               ro code  0x0804adbc      0x4  startup_stm32f40_41xxx.o [1]
  .text               ro code  0x0804adc0      0x4  startup_stm32f40_41xxx.o [1]
  .text               ro code  0x0804adc4      0x4  startup_stm32f40_41xxx.o [1]
  .text               ro code  0x0804adc8      0x4  startup_stm32f40_41xxx.o [1]
  .text               ro code  0x0804adcc      0x4  startup_stm32f40_41xxx.o [1]
  .text               ro code  0x0804add0      0x4  startup_stm32f40_41xxx.o [1]
  .text               ro code  0x0804add4      0x4  startup_stm32f40_41xxx.o [1]
  .text               ro code  0x0804add8      0x4  startup_stm32f40_41xxx.o [1]
  .text               ro code  0x0804addc      0x4  startup_stm32f40_41xxx.o [1]
  .text               ro code  0x0804ade0      0x4  startup_stm32f40_41xxx.o [1]
  .text               ro code  0x0804ade4      0x4  startup_stm32f40_41xxx.o [1]
  .text               ro code  0x0804ade8      0x4  startup_stm32f40_41xxx.o [1]
  .text               ro code  0x0804adec      0x4  startup_stm32f40_41xxx.o [1]
  .text               ro code  0x0804adf0      0x4  startup_stm32f40_41xxx.o [1]
  .text               ro code  0x0804adf4      0x4  startup_stm32f40_41xxx.o [1]
  .text               ro code  0x0804adf8      0x4  startup_stm32f40_41xxx.o [1]
  .text               ro code  0x0804adfc      0x4  startup_stm32f40_41xxx.o [1]
  .text               ro code  0x0804ae00      0x4  startup_stm32f40_41xxx.o [1]
  .text               ro code  0x0804ae04      0x4  startup_stm32f40_41xxx.o [1]
  .text               ro code  0x0804ae08      0x4  startup_stm32f40_41xxx.o [1]
  .text               ro code  0x0804ae0c      0x4  startup_stm32f40_41xxx.o [1]
  .text               ro code  0x0804ae10      0x4  startup_stm32f40_41xxx.o [1]
  .text               ro code  0x0804ae14      0x4  startup_stm32f40_41xxx.o [1]
  .text               ro code  0x0804ae18      0x4  startup_stm32f40_41xxx.o [1]
  .text               ro code  0x0804ae1c      0x4  startup_stm32f40_41xxx.o [1]
  .text               ro code  0x0804ae20      0x4  startup_stm32f40_41xxx.o [1]
  .text               ro code  0x0804ae24      0x4  startup_stm32f40_41xxx.o [1]
  .text               ro code  0x0804ae28      0x4  startup_stm32f40_41xxx.o [1]
  .text               ro code  0x0804ae2c      0x4  startup_stm32f40_41xxx.o [1]
  .text               ro code  0x0804ae30      0x4  startup_stm32f40_41xxx.o [1]
  .text               ro code  0x0804ae34      0x4  startup_stm32f40_41xxx.o [1]
  .text               ro code  0x0804ae38      0x4  startup_stm32f40_41xxx.o [1]
  .text               ro code  0x0804ae3c      0x4  startup_stm32f40_41xxx.o [1]
  .text               ro code  0x0804ae40      0x4  startup_stm32f40_41xxx.o [1]
  .text               ro code  0x0804ae44      0x4  startup_stm32f40_41xxx.o [1]
  .text               ro code  0x0804ae48      0x4  startup_stm32f40_41xxx.o [1]
  .text               ro code  0x0804ae4c      0x4  startup_stm32f40_41xxx.o [1]
  .rodata             const    0x0804ae50      0x0  zero_init3.o [5]
  .rodata             const    0x0804ae50      0x0  packbits_init.o [5]
  Initializer bytes   const    0x0804ae50    0x126  <for P2 s0>
                             - 0x0804af76  0x4adee

"P2":                                      0x1f818
  P2 s0                        0x20000000    0x2be  <Init block>
    __DLIB_PERTHREAD  inited   0x20000000     0x8c  rand.o [3]
    __DLIB_PERTHREAD  inited   0x2000008c     0x88  localeconv.o [3]
    __DLIB_PERTHREAD  inited   0x20000114     0x74  setlocale.o [3]
    .data             inited   0x20000188     0x50  demo_fatfs.o [1]
    .data             inited   0x200001d8     0x48  usbh_usr.o [1]
    .data             inited   0x20000220     0x40  xfiles.o [3]
    .data             inited   0x20000260     0x1c  malloc.o [1]
    .data             inited   0x2000027c     0x10  stm32f4xx_rcc.o [1]
    .data             inited   0x2000028c     0x10  usbh_msc_core.o [1]
    .data             inited   0x2000029c      0xc  usbh_core.o [1]
    .data             inited   0x200002a8      0x4  port.o [1]
    .data             inited   0x200002ac      0x4  system_stm32f4xx.o [1]
    .data             inited   0x200002b0      0x4  usbh_core.o [1]
    __DLIB_PERTHREAD  inited   0x200002b4      0x4  errno.o [3]
    .data             inited   0x200002b8      0x2  bsp_w25qxx.o [1]
    .data             inited   0x200002ba      0x1  apptask.o [1]
    .data             inited   0x200002bb      0x1  encoder_tim.o [1]
    .data             inited   0x200002bc      0x1  page_weimi.o [1]
    .data             inited   0x200002bd      0x1  usbh_msc_scsi.o [1]
  .bss                zero     0x200002c0  0x10400  heap_4.o [1]
  .bss                zero     0x200106c0   0xa000  malloc.o [1]
  .bss                zero     0x2001a6c0   0x1000  bsp_w25qxx.o [1]
  .bss                zero     0x2001b6c0    0xa00  malloc.o [1]
  .bss                zero     0x2001c0c0    0x5ac  usbh_usr.o [1]
  .bss                zero     0x2001c66c    0x5ac  usbh_usr.o [1]
  .bss                zero     0x2001cc18    0x3e8  bsp_uart_fifo.o [1]
  .bss                zero     0x2001d000    0x3e8  esp8266_handler.o [1]
  .bss                zero     0x2001d3e8    0x3e8  esp8266_handler.o [1]
  .bss                zero     0x2001d7d0    0x3e8  pub0sub1.o [1]
  .bss                zero     0x2001dbb8    0x200  ff.o [1]
  .bss                zero     0x2001ddb8    0x200  usbh_msc_scsi.o [1]
  .bss                zero     0x2001dfb8    0x200  usbh_stdreq.o [1]
  .bss                zero     0x2001e1b8    0x140  tasks.o [1]
  .bss                zero     0x2001e2f8    0x12c  page_weimi.o [1]
  .bss                zero     0x2001e424     0xd4  protocol.o [1]
  .bss                zero     0x2001e4f8     0xa8  para.o [1]
  .bss                zero     0x2001e5a0     0xa4  protocol.o [1]
  .bss                zero     0x2001e644     0x94  usbh_usr.o [1]
  .bss                zero     0x2001e6d8     0x68  esp8266_handler.o [1]
  .bss                zero     0x2001e740     0x64  bsp_uart_fifo.o [1]
  .bss                zero     0x2001e7a4     0x64  bsp_uart_fifo.o [1]
  .bss                zero     0x2001e808     0x58  bsp_sdio_sd.o [1]
  .bss                zero     0x2001e860     0x58  protocol.o [1]
  .bss                zero     0x2001e8b8     0x50  xfiles.o [3]
  .bss                zero     0x2001e908     0x4c  usbh_msc_core.o [1]
  .bss                zero     0x2001e954     0x40  page_weimi.o [1]
  .bss                zero     0x2001e994     0x40  pub0sub1.o [1]
  .bss                zero     0x2001e9d4     0x34  bsp_sdwe050c17.o [1]
  .bss                zero     0x2001ea08     0x30  product_cal.o [1]
  .bss                zero     0x2001ea38     0x28  product_cal.o [1]
  .bss                zero     0x2001ea60     0x24  ff.o [1]
  .bss                zero     0x2001ea84     0x20  pub0sub1.o [1]
  .bss                zero     0x2001eaa4     0x20  usbh_msc_bot.o [1]
  .bss                zero     0x2001eac4     0x18  bsp_sdio_sd.o [1]
  .bss                zero     0x2001eadc     0x18  bsp_sdio_sd.o [1]
  .bss                zero     0x2001eaf4     0x18  encoder_tim.o [1]
  .bss                zero     0x2001eb0c     0x14  bsp_sdio_sd.o [1]
  .bss                zero     0x2001eb20     0x14  rc522.o [1]
  .bss                zero     0x2001eb34     0x14  tasks.o [1]
  .bss                zero     0x2001eb48     0x14  tasks.o [1]
  .bss                zero     0x2001eb5c     0x14  tasks.o [1]
  .bss                zero     0x2001eb70     0x14  tasks.o [1]
  .bss                zero     0x2001eb84     0x14  tasks.o [1]
  .bss                zero     0x2001eb98     0x14  timers.o [1]
  .bss                zero     0x2001ebac     0x14  timers.o [1]
  .bss                zero     0x2001ebc0     0x10  bsp_sdio_sd.o [1]
  .bss                zero     0x2001ebd0     0x10  bsp_sdio_sd.o [1]
  .bss                zero     0x2001ebe0     0x10  usbh_msc_bot.o [1]
  .bss                zero     0x2001ebf0     0x10  usbh_msc_bot.o [1]
  .bss                zero     0x2001ec00     0x10  usbh_msc_scsi.o [1]
  .bss                zero     0x2001ec10      0xc  apptask.o [1]
  .bss                zero     0x2001ec1c      0xc  apptask.o [1]
  .bss                zero     0x2001ec28      0xc  apptask.o [1]
  .bss                zero     0x2001ec34      0xc  apptask.o [1]
  .bss                zero     0x2001ec40      0xc  ff.o [1]
  .bss                zero     0x2001ec4c      0xc  protocol.o [1]
  .bss                zero     0x2001ec58      0xc  protocol.o [1]
  .bss                zero     0x2001ec64      0xc  protocol.o [1]
  .bss                zero     0x2001ec70      0xc  pub0sub1.o [1]
  .bss                zero     0x2001ec7c      0x8  heap_4.o [1]
  .bss                zero     0x2001ec84      0x8  modbus.o [1]
  .bss                zero     0x2001ec8c      0x8  protocol.o [1]
  .bss                zero     0x2001ec94      0x8  pub0sub1.o [1]
  .bss                zero     0x2001ec9c      0x4  apptask.o [1]
  .bss                zero     0x2001eca0      0x4  apptask.o [1]
  .bss                zero     0x2001eca4      0x4  apptask.o [1]
  .bss                zero     0x2001eca8      0x4  apptask.o [1]
  .bss                zero     0x2001ecac      0x4  apptask.o [1]
  .bss                zero     0x2001ecb0      0x4  apptask.o [1]
  .bss                zero     0x2001ecb4      0x4  apptask.o [1]
  .bss                zero     0x2001ecb8      0x4  apptask.o [1]
  .bss                zero     0x2001ecbc      0x4  apptask.o [1]
  .bss                zero     0x2001ecc0      0x4  apptask.o [1]
  .bss                zero     0x2001ecc4      0x4  apptask.o [1]
  .bss                zero     0x2001ecc8      0x4  apptask.o [1]
  .bss                zero     0x2001eccc      0x4  apptask.o [1]
  .bss                zero     0x2001ecd0      0x4  apptask.o [1]
  .bss                zero     0x2001ecd4      0x4  apptask.o [1]
  .bss                zero     0x2001ecd8      0x4  apptask.o [1]
  .bss                zero     0x2001ecdc      0x4  apptask.o [1]
  .bss                zero     0x2001ece0      0x4  apptask.o [1]
  .bss                zero     0x2001ece4      0x4  apptask.o [1]
  .bss                zero     0x2001ece8      0x4  apptask.o [1]
  .bss                zero     0x2001ecec      0x4  apptask.o [1]
  .bss                zero     0x2001ecf0      0x4  apptask.o [1]
  .bss                zero     0x2001ecf4      0x4  apptask.o [1]
  .bss                zero     0x2001ecf8      0x4  apptask.o [1]
  .bss                zero     0x2001ecfc      0x4  apptask.o [1]
  .bss                zero     0x2001ed00      0x4  apptask.o [1]
  .bss                zero     0x2001ed04      0x4  apptask.o [1]
  .bss                zero     0x2001ed08      0x4  bsp_sdio_sd.o [1]
  .bss                zero     0x2001ed0c      0x4  bsp_sdio_sd.o [1]
  .bss                zero     0x2001ed10      0x4  bsp_sdio_sd.o [1]
  .bss                zero     0x2001ed14      0x4  bsp_sdio_sd.o [1]
  .bss                zero     0x2001ed18      0x4  bsp_sdio_sd.o [1]
  .bss                zero     0x2001ed1c      0x4  bsp_timer.o [1]
  .bss                zero     0x2001ed20      0x4  bsp_timer.o [1]
  .bss                zero     0x2001ed24      0x4  bsp_timer.o [1]
  .bss                zero     0x2001ed28      0x4  bsp_timer.o [1]
  .bss                zero     0x2001ed2c      0x4  esp8266_handler.o [1]
  .bss                zero     0x2001ed30      0x4  esp8266_handler.o [1]
  .bss                zero     0x2001ed34      0x4  esp8266_handler.o [1]
  .bss                zero     0x2001ed38      0x4  heap_4.o [1]
  .bss                zero     0x2001ed3c      0x4  heap_4.o [1]
  .bss                zero     0x2001ed40      0x4  heap_4.o [1]
  .bss                zero     0x2001ed44      0x4  heap_4.o [1]
  .bss                zero     0x2001ed48      0x4  MQTTPacket.o [1]
  .bss                zero     0x2001ed4c      0x4  page_weimi.o [1]
  .bss                zero     0x2001ed50      0x4  page_weimi.o [1]
  .bss                zero     0x2001ed54      0x4  port.o [1]
  .bss                zero     0x2001ed58      0x4  product_cal.o [1]
  .bss                zero     0x2001ed5c      0x4  product_cal.o [1]
  .bss                zero     0x2001ed60      0x4  pub0sub1.o [1]
  .bss                zero     0x2001ed64      0x4  SysInfoTest.o [1]
  .bss                zero     0x2001ed68      0x4  tasks.o [1]
  .bss                zero     0x2001ed6c      0x4  tasks.o [1]
  .bss                zero     0x2001ed70      0x4  tasks.o [1]
  .bss                zero     0x2001ed74      0x4  tasks.o [1]
  .bss                zero     0x2001ed78      0x4  tasks.o [1]
  .bss                zero     0x2001ed7c      0x4  tasks.o [1]
  .bss                zero     0x2001ed80      0x4  tasks.o [1]
  .bss                zero     0x2001ed84      0x4  tasks.o [1]
  .bss                zero     0x2001ed88      0x4  tasks.o [1]
  .bss                zero     0x2001ed8c      0x4  tasks.o [1]
  .bss                zero     0x2001ed90      0x4  tasks.o [1]
  .bss                zero     0x2001ed94      0x4  tasks.o [1]
  .bss                zero     0x2001ed98      0x4  tasks.o [1]
  .bss                zero     0x2001ed9c      0x4  tasks.o [1]
  .bss                zero     0x2001eda0      0x4  tasks.o [1]
  .bss                zero     0x2001eda4      0x4  tasks.o [1]
  .bss                zero     0x2001eda8      0x4  timer_platform.o [1]
  .bss                zero     0x2001edac      0x4  timers.o [1]
  .bss                zero     0x2001edb0      0x4  timers.o [1]
  .bss                zero     0x2001edb4      0x4  timers.o [1]
  .bss                zero     0x2001edb8      0x4  timers.o [1]
  .bss                zero     0x2001edbc      0x4  usbh_msc_bot.o [1]
  .bss                zero     0x2001edc0      0x4  usbh_msc_bot.o [1]
  .bss                zero     0x2001edc4      0x4  usbh_msc_bot.o [1]
  .bss                zero     0x2001edc8      0x4  usbh_msc_bot.o [1]
  .bss                zero     0x2001edcc      0x2  apptask.o [1]
  .bss                zero     0x2001edce      0x2  apptask.o [1]
  .bss                zero     0x2001edd0      0x2  apptask.o [1]
  .bss                zero     0x2001edd2      0x2  apptask.o [1]
  .bss                zero     0x2001edd4      0x2  apptask.o [1]
  .bss                zero     0x2001edd6      0x2  apptask.o [1]
  .bss                zero     0x2001edd8      0x2  bsp_sdwe050c17.o [1]
  .bss                zero     0x2001edda      0x2  encoder_tim.o [1]
  .bss                zero     0x2001eddc      0x2  encoder_tim.o [1]
  .bss                zero     0x2001edde      0x2  ff.o [1]
  .bss                zero     0x2001ede0      0x2  page_weimi.o [1]
  .bss                zero     0x2001ede2      0x2  page_weimi.o [1]
  .bss                zero     0x2001ede4      0x2  product_cal.o [1]
  .bss                zero     0x2001ede6      0x2  usbh_core.o [1]
  .bss                zero     0x2001ede8      0x2  usbh_stdreq.o [1]
  .bss                zero     0x2001edea      0x1  apptask.o [1]
  .bss                zero     0x2001edeb      0x1  apptask.o [1]
  .bss                zero     0x2001edec      0x1  apptask.o [1]
  .bss                zero     0x2001eded      0x1  apptask.o [1]
  .bss                zero     0x2001edee      0x1  apptask.o [1]
  .bss                zero     0x2001edef      0x1  apptask.o [1]
  .bss                zero     0x2001edf0      0x1  apptask.o [1]
  .bss                zero     0x2001edf1      0x1  apptask.o [1]
  .bss                zero     0x2001edf2      0x1  apptask.o [1]
  .bss                zero     0x2001edf3      0x1  apptask.o [1]
  .bss                zero     0x2001edf4      0x1  apptask.o [1]
  .bss                zero     0x2001edf5      0x1  apptask.o [1]
  .bss                zero     0x2001edf6      0x1  apptask.o [1]
  .bss                zero     0x2001edf7      0x1  apptask.o [1]
  .bss                zero     0x2001edf8      0x1  bsp_sdio_sd.o [1]
  .bss                zero     0x2001edf9      0x1  bsp_sdwe050c17.o [1]
  .bss                zero     0x2001edfa      0x1  bsp_uart_fifo.o [1]
  .bss                zero     0x2001edfb      0x1  encoder_tim.o [1]
  .bss                zero     0x2001edfc      0x1  esp8266_handler.o [1]
  .bss                zero     0x2001edfd      0x1  esp8266_handler.o [1]
  .bss                zero     0x2001edfe      0x1  esp8266_handler.o [1]
  .bss                zero     0x2001edff      0x1  page_weimi.o [1]
  .bss                zero     0x2001ee00      0x1  page_weimi.o [1]
  .bss                zero     0x2001ee01      0x1  page_weimi.o [1]
  .bss                zero     0x2001ee02      0x1  page_weimi.o [1]
  .bss                zero     0x2001ee03      0x1  page_weimi.o [1]
  .bss                zero     0x2001ee04      0x1  page_weimi.o [1]
  .bss                zero     0x2001ee05      0x1  port.o [1]
  .bss                zero     0x2001ee06      0x1  product_cal.o [1]
  .bss                zero     0x2001ee07      0x1  product_cal.o [1]
  .bss                zero     0x2001ee08      0x1  protocol.o [1]
  .bss                zero     0x2001ee09      0x1  pub0sub1.o [1]
  .bss                zero     0x2001ee0a      0x1  pub0sub1.o [1]
  .bss                zero     0x2001ee0b      0x1  rc522.o [1]
  .bss                zero     0x2001ee0c      0x1  rc522.o [1]
  .bss                zero     0x2001ee0d      0x1  usbh_msc_bot.o [1]
  .bss                zero     0x2001ee0e      0x1  usbh_msc_core.o [1]
  .bss                zero     0x2001ee0f      0x1  usbh_msc_core.o [1]
  .bss                zero     0x2001ee10      0x1  usbh_stdreq.o [1]
  .bss                zero     0x2001ee11      0x1  usbh_usr.o [1]
  CSTACK                       0x2001ee18    0xa00  <Block>
    CSTACK            uninit   0x2001ee18    0xa00  <Block tail>
                             - 0x2001f818  0x1f818

Absolute sections:                         0xff000
  .bss                zero     0x68000000  0xf0000  malloc.o [1]
  .bss                zero     0x680f0000   0xf000  malloc.o [1]
                             - 0x680ff000  0xff000


*******************************************************************************
*** INIT TABLE
***

          Address     Size
          -------     ----
Zero (__iar_zero_init3)
    2 destination ranges, total size 0x11db52:
          0x200002c0  0x1eb52
          0x68000000  0xff000

Copy/packbits (__iar_packbits_init3)
    1 source range, total size 0x126 (41% of destination):
          0x0804ae50    0x126
    1 destination range, total size 0x2be:
          0x20000000    0x2be



*******************************************************************************
*** MODULE SUMMARY
***

    Module                    ro code  ro data  rw data    rw data
                                                            (abs)
    ------                    -------  -------  -------    -------
E:\WORK\YarnControl_Driver\YarnControl_Driver\src\stm32f4_rtos\Project\EWARMv7\Flash\Obj: [1]
    MQTTConnectClient.o           774       36
    MQTTDeserializePublish.o      188        4
    MQTTPacket.o                  656        4        4
    MQTTSerializePublish.o        236        4
    MQTTSubscribeClient.o         400        8
    SysInfoTest.o                  44                 4
    apptask.o                  28 864    3 520      183
    bkp_pwr.o                     392
    bsp.o                          88
    bsp_closeSW.o                 212
    bsp_dac.o                     200
    bsp_dwt.o                     116
    bsp_led.o                     192
    bsp_relay.o                    68
    bsp_sdio_sd.o               6 744               209
    bsp_sdwe050c17.o            5 408       36       55
    bsp_servomotor.o              640
    bsp_spi.o                     292
    bsp_stepmotor.o             1 268
    bsp_sw_onoff.o                 68
    bsp_timer.o                   516                16
    bsp_uart_fifo.o             2 724             1 201
    bsp_w25qxx.o                  896        9    4 098
    bsp_watchdog.o                  8
    cc936.o                       244  176 320
    demo_fatfs.o                           725       80
    des.o                       1 274      844
    diskio.o                      740
    encoder_tim.o                 704        1       30
    esp8266_handler.o           1 044      324    2 119
    esp8266_init.o                124
    event_groups.o                610
    ff.o                        9 368       36      562
    heap_4.o                      640        4   66 584
    iic_smec98sp.o                910
    list.o                        152
    main.o                         48       32
    malloc.o                      540       36   43 548  1 044 480
    mcheck.o                      184      768
    misc.o                        136
    modbus.o                      852                 8
    page_weimi.o                1 272       12      383
    para.o                      5 174      284      168
    port.o                        588        6        9
    portasm.o                     168
    product_cal.o               1 728      400      100
    protocol.o                    128               509
    pub0sub1.o                  1 076      472    1 122
    queue.o                     1 992
    rc522.o                       238                22
    smec98sp.o                  1 198      256
    startup_stm32f40_41xxx.o      680
    stm32f4xx_adc.o               438
    stm32f4xx_dac.o               124
    stm32f4xx_dma.o               796
    stm32f4xx_exti.o              192
    stm32f4xx_gpio.o              300
    stm32f4xx_it.o                 56       44
    stm32f4xx_iwdg.o               16
    stm32f4xx_pwr.o                12
    stm32f4xx_rcc.o               488        7       16
    stm32f4xx_rtc.o                60
    stm32f4xx_sdio.o              380
    stm32f4xx_spi.o               116
    stm32f4xx_syscfg.o             84
    stm32f4xx_tim.o             1 782
    stm32f4xx_usart.o             596
    system_stm32f4xx.o            340        2        4
    tasks.o                     3 296        8      484
    timer_platform.o               64                 4
    timers.o                    1 188        8       56
    transport.o                   108
    usb_bsp.o                     332
    usb_core.o                  2 640
    usb_hcd.o                     214
    usb_hcd_int.o               3 198
    usbh_core.o                 1 888        6       18
    usbh_hcs.o                    442
    usbh_ioreq.o                  582
    usbh_it.o                      16
    usbh_msc_bot.o              1 364                81
    usbh_msc_core.o             1 000        6       94
    usbh_msc_scsi.o             1 560        1      529
    usbh_stdreq.o               1 078               515
    usbh_usr.o                    418      586    3 125
    --------------------------------------------------------------
    Total:                    107 974  184 809  125 940  1 044 480

command line: [2]
    --------------------------------------------------------------
    Total:

dl7M_tlf.a: [3]
    abort.o                         6
    div.o                          14
    errno.o                        12        2        4
    exit.o                          4
    isxxx.o                        40
    localeconv.o                  108       57      136
    printf.o                       36
    putchar.o                      12
    rand.o                        224       58      140
    setlocale.o                    24       49      116
    snprintf.o                     68
    sprintf.o                      52
    srand.o                        32
    sscanf.o                       36
    strcat.o                       28
    strstr.o                       44
    tolower.o                      20
    xfiles.o                                27      144
    xlocale_c.o                    54
    xprintffull_nomb.o          3 478
    xprout.o                       22
    xscanffull_nomb.o           2 916
    xsnprout.o                     26
    xsprout.o                      10
    xsscin.o                       30
    xstoflt.o                     440
    xstoll.o                      164
    xstopfx.o                     292
    xstoull.o                     432
    xstoxflt.o                    536
    xtls.o                          2
    --------------------------------------------------------------
    Total:                      9 162      193      540

m7M_tls.a: [4]
    DblAdd.o                      232
    DblCmpEq.o                     32
    DblCmpGe.o                     46
    DblCmpLe.o                     46
    DblDiv.o                      598
    DblMul.o                      418
    DblSub.o                      384
    DblToFlt.o                    144
    DblToI32.o                     88
    FltToDbl.o                     78
    I32ToDbl.o                     48
    fpinit_M.o                     34
    xdnorm.o                       66
    xdscale.o                     276
    xdtento.o                     512
    xdunscal.o                     82
    xstold.o                      360
    --------------------------------------------------------------
    Total:                      3 444

rt7M_tl.a: [5]
    ABImemclr4.o                    6
    ABImemcpy_unaligned.o         118
    ABImemset.o                   102
    ABImemset48.o                  50
    I64DivMod.o                   306
    I64DivZer.o                     2
    cexit.o                        10
    cmain.o                        26
    cstartup_M.o                   12
    data_init.o                    40
    memchr.o                       88
    memcmp_unaligned.o             98
    packbits_init.o               208
    strchr.o                       22
    strcmp_unaligned.o             66
    strcpy_unaligned.o             68
    strlen.o                       54
    zero_init3.o                   64
    --------------------------------------------------------------
    Total:                      1 340

shb_l.a: [6]
    exit.o                         20
    --------------------------------------------------------------
    Total:                         20

    Gaps                           64        4        2
    Linker created                          52    2 560
------------------------------------------------------------------
    Grand Total:              122 004  185 058  129 042  1 044 480


*******************************************************************************
*** ENTRY LIST
***

Entry                      Address     Size  Type      Object
-----                      -------     ----  ----      ------
.iar.init_table$$Base   0x08049c0c            --   Gb  - Linker created -
.iar.init_table$$Limit  0x08049c40            --   Gb  - Linker created -
?main                   0x0804a0a1           Code  Gb  cmain.o [5]
ADC_Cmd                 0x08047643     0x1a  Code  Gb  stm32f4xx_adc.o [1]
ADC_CommonInit          0x08047621     0x22  Code  Gb  stm32f4xx_adc.o [1]
ADC_GetFlagStatus       0x0804776d     0x1a  Code  Gb  stm32f4xx_adc.o [1]
ADC_Init                0x080475d1     0x50  Code  Gb  stm32f4xx_adc.o [1]
ADC_RegularChannelConfig
                        0x0804765d     0xf6  Code  Gb  stm32f4xx_adc.o [1]
ADC_SoftwareStartConv   0x08047753      0xa  Code  Gb  stm32f4xx_adc.o [1]
APBAHBPrescTable        0x2000027c     0x10  Data  Lc  stm32f4xx_rcc.o [1]
AppObjCreate            0x080312dd    0x194  Code  Gb  apptask.o [1]
AppTaskCreate           0x080310b1    0x214  Code  Gb  apptask.o [1]
BOTStallErrorCount      0x2001edbc      0x4  Data  Lc  usbh_msc_bot.o [1]
BusFault_Handler        0x08049723      0x2  Code  Gb  stm32f4xx_it.o [1]
CID_Tab                 0x2001ebd0     0x10  Data  Lc  bsp_sdio_sd.o [1]
CLIENT_ID               0x2001ea84     0x20  Data  Gb  pub0sub1.o [1]
CRC16HiTable            0x0804909c    0x100  Data  Gb  mcheck.o [1]
CRC16LoTable            0x0804919c    0x100  Data  Gb  mcheck.o [1]
CRC8Table               0x0804929c    0x100  Data  Gb  mcheck.o [1]
CSD_Tab                 0x2001ebc0     0x10  Data  Lc  bsp_sdio_sd.o [1]
CSTACK$$Base            0x2001ee18            --   Gb  - Linker created -
CSTACK$$Limit           0x2001f818            --   Gb  - Linker created -
CardType                0x2001ed08      0x4  Data  Lc  bsp_sdio_sd.o [1]
ChannengMQTTPackage     0x08033d53     0x7e  Code  Gb  product_cal.o [1]
CmdError                0x08043da9     0x38  Code  Lc  bsp_sdio_sd.o [1]
CmdResp1Error           0x08043e4d    0x112  Code  Lc  bsp_sdio_sd.o [1]
CmdResp2Error           0x08043f9d     0x52  Code  Lc  bsp_sdio_sd.o [1]
CmdResp3Error           0x08043f5f     0x3e  Code  Lc  bsp_sdio_sd.o [1]
CmdResp6Error           0x08043fef     0xa6  Code  Lc  bsp_sdio_sd.o [1]
CmdResp7Error           0x08043de1     0x58  Code  Lc  bsp_sdio_sd.o [1]
ConfigExitNVIC          0x0803ad23     0x22  Code  Gb  bsp_closeSW.o [1]
ConfigUartNVIC          0x0803cd3f     0x7c  Code  Lc  bsp_uart_fifo.o [1]
ConnectTcp              0x0803b85f     0x48  Code  Gb  esp8266_handler.o [1]
DAC_Cmd                 0x0803ea53     0x26  Code  Gb  stm32f4xx_dac.o [1]
DAC_Init                0x0803ea21     0x32  Code  Gb  stm32f4xx_dac.o [1]
DAC_SetChannel1Data     0x0803ea79     0x1e  Code  Gb  stm32f4xx_dac.o [1]
DMA1_Stream0_IRQHandler
                        0x08037759     0x1c  Code  Gb  bsp_servomotor.o [1]
DMA1_Stream3_IRQHandler
                        0x08037775     0x1c  Code  Gb  bsp_servomotor.o [1]
DMA2_Stream3_IRQHandler
                        0x08044691      0x8  Code  Gb  bsp_sdio_sd.o [1]
DMAEndOfTransfer        0x2001ed18      0x4  Data  Gb  bsp_sdio_sd.o [1]
DMA_ClearFlag           0x0803f377     0x24  Code  Gb  stm32f4xx_dma.o [1]
DMA_Cmd                 0x0803f32d     0x1a  Code  Gb  stm32f4xx_dma.o [1]
DMA_DeInit              0x0803f195    0x140  Code  Gb  stm32f4xx_dma.o [1]
DMA_FlowControllerConfig
                        0x0803f347     0x18  Code  Gb  stm32f4xx_dma.o [1]
DMA_GetCmdStatus        0x0803f35f     0x18  Code  Gb  stm32f4xx_dma.o [1]
DMA_GetITStatus         0x0803f3dd     0x62  Code  Gb  stm32f4xx_dma.o [1]
DMA_ITConfig            0x0803f39b     0x42  Code  Gb  stm32f4xx_dma.o [1]
DMA_Init                0x0803f2d5     0x58  Code  Gb  stm32f4xx_dma.o [1]
Dac1_Init               0x08036f35     0x5a  Code  Gb  bsp_dac.o [1]
Dac1_Set_Vol            0x08036f91     0x58  Code  Gb  bsp_dac.o [1]
DebugMon_Handler        0x08049727      0x2  Code  Gb  stm32f4xx_it.o [1]
DesE                    0x080497e8     0x30  Data  Gb  des.o [1]
DesIp                   0x080495c0     0x40  Data  Gb  des.o [1]
DesIp_1                 0x08049600     0x40  Data  Gb  des.o [1]
DesP                    0x08049d20     0x20  Data  Gb  des.o [1]
DesPc_1                 0x080496b8     0x38  Data  Gb  des.o [1]
DesPc_2                 0x08049818     0x30  Data  Gb  des.o [1]
DesRots                 0x0804a4fc     0x14  Data  Gb  des.o [1]
DesS                    0x08048bb8    0x200  Data  Gb  des.o [1]
DiskFile_init           0x0803ac29     0x40  Code  Gb  protocol.o [1]
Disk_File               0x2001e424     0xd4  Data  Gb  protocol.o [1]
ENC_Calc_Average_Speed  0x0803b5e3     0x58  Code  Gb  encoder_tim.o [1]
ENC_Calc_Rot_Speed      0x0803b509     0xda  Code  Gb  encoder_tim.o [1]
ENC_Clear_Speed_Buffer  0x0803b4ed     0x1c  Code  Gb  encoder_tim.o [1]
ENC_Init                0x0803b401     0xec  Code  Gb  encoder_tim.o [1]
ESP8266_Enable_MultipleId
                        0x0803b78b     0x40  Code  Gb  esp8266_handler.o [1]
ESP8266_JoinAP          0x0803b827     0x38  Code  Gb  esp8266_handler.o [1]
ESP8266_Net_Mode_Choose
[...]
mc_check_xor            0x0804031b     0x1a  Code  Gb  mcheck.o [1]
mem1base                0x200106c0   0xa000  Data  Gb  malloc.o [1]
mem1mapbase             0x2001b6c0    0xa00  Data  Gb  malloc.o [1]
mem2base                0x68000000  0xf0000  Data  Gb  malloc.o [1]
mem2mapbase             0x680f0000   0xf000  Data  Gb  malloc.o [1]
mem_cmp                 0x0803826f     0x24  Code  Lc  ff.o [1]
mem_cpy                 0x0803823d     0x1c  Code  Lc  ff.o [1]
mem_set                 0x08038259     0x16  Code  Lc  ff.o [1]
memblksize              0x0804ac28      0x8  Data  Gb  malloc.o [1]
memchr                  0x08041401           Code  Gb  memchr.o [5]
memsize                 0x0804ac30      0x8  Data  Gb  malloc.o [1]
memtblsize              0x0804ac20      0x8  Data  Gb  malloc.o [1]
modbus_send_frame       0x0803ab39     0xe6  Code  Gb  modbus.o [1]
move_window             0x08038531     0x40  Code  Lc  ff.o [1]
movram                  0x08046c25     0x1e  Code  Gb  des.o [1]
mqttSubscribeData       0x2001d000    0x3e8  Data  Gb  esp8266_handler.o [1]
mqtt_status             0x2001ec94      0x8  Data  Gb  pub0sub1.o [1]
my_mem_free             0x0803527f     0x6c  Code  Gb  malloc.o [1]
my_mem_init             0x08035143     0x42  Code  Gb  malloc.o [1]
my_mem_malloc           0x080351c3     0xbc  Code  Gb  malloc.o [1]
my_mem_perused          0x08035185     0x3e  Code  Gb  malloc.o [1]
myfree                  0x080352eb     0x24  Code  Gb  malloc.o [1]
mymalloc                0x0803530f     0x2a  Code  Gb  malloc.o [1]
mymemset                0x0803512d     0x16  Code  Gb  malloc.o [1]
ndigs                   0x08045490     0x28  Data  Lc  xstoull.o [3]
netDeviceInfo_t         0x2001e6d8     0x68  Data  Gb  esp8266_handler.o [1]
net_device_send_cmd     0x0803b73d     0x4e  Code  Gb  esp8266_handler.o [1]
obuf                    0x2001e8b8     0x50  Data  Lc  xfiles.o [3]
oem2uni                 0x0801560c  0x15484  Data  Lc  cc936.o [1]
old_card_record         0x2001edf0      0x1  Data  Gb  apptask.o [1]
old_isWork              0x2001edec      0x1  Data  Gb  apptask.o [1]
old_is_stop             0x200002bc      0x1  Data  Gb  page_weimi.o [1]
old_plan_complete       0x2001ee07      0x1  Data  Gb  product_cal.o [1]
old_system_state        0x200002ba      0x1  Data  Gb  apptask.o [1]
old_usb_disk_flag       0x2001edee      0x1  Data  Gb  apptask.o [1]
old_wifi_flag           0x2001edfd      0x1  Data  Gb  esp8266_handler.o [1]
para_init               0x08035f75     0x80  Code  Gb  para.o [1]
pcInterruptPriorityRegisters
                        0x0804ad3c      0x4  Data  Lc  port.o [1]
peiliao_para            0x2001ea08     0x30  Data  Gb  product_cal.o [1]
pick_lfn                0x08038d83     0x8c  Code  Lc  ff.o [1]
plan_complete           0x2001ee06      0x1  Data  Gb  product_cal.o [1]
pluse_count             0x2001edce      0x2  Data  Gb  apptask.o [1]
pluse_step_src          0x2001ec28      0xc  Data  Gb  apptask.o [1]
pows                    0x08045cc0     0x48  Data  Lc  xdtento.o [4]
printf                  0x08035045     0x24  Code  Gb  printf.o [3]
product_complete_kilo   0x080339d3     0x74  Code  Gb  product_cal.o [1]
product_complete_meter  0x080339b7     0x1c  Code  Gb  product_cal.o [1]
product_para            0x2001ea38     0x28  Data  Gb  product_cal.o [1]
product_per_meter       0x08033931     0x74  Code  Gb  product_cal.o [1]
prvAddCurrentTaskToDelayedList
                        0x08034ad5     0x48  Code  Lc  tasks.o [1]
prvAllocateTCBAndStack  0x08034b1d     0x5a  Code  Lc  tasks.o [1]
prvCheckForValidListAndQueue
                        0x0803c61b     0x52  Code  Lc  timers.o [1]
prvCheckTasksWaitingTermination
                        0x08034a6b     0x66  Code  Lc  tasks.o [1]
prvCopyDataFromQueue    0x08033719     0x30  Code  Lc  queue.o [1]
prvCopyDataToQueue      0x08033695     0x84  Code  Lc  queue.o [1]
prvDeleteTCB            0x08034b77     0x12  Code  Lc  tasks.o [1]
prvGetNextExpireTime    0x0803c407     0x2e  Code  Lc  timers.o [1]
prvHeapInit             0x0803da0d     0x6e  Code  Lc  heap_4.o [1]
prvIdleTask             0x08034985     0x26  Code  Lc  tasks.o [1]
prvInitialiseTCBVariables
                        0x080349ab     0x6a  Code  Lc  tasks.o [1]
prvInitialiseTaskLists  0x08034a15     0x56  Code  Lc  tasks.o [1]
prvInsertBlockIntoFreeList
                        0x0803da7b     0x62  Code  Lc  heap_4.o [1]
prvInsertTimerInActiveList
                        0x0803c45d     0x50  Code  Lc  timers.o [1]
prvIsQueueEmpty         0x080337b3     0x20  Code  Lc  queue.o [1]
prvIsQueueFull          0x080337d3     0x22  Code  Lc  queue.o [1]
prvProcessExpiredTimer  0x0803c31f     0x5c  Code  Lc  timers.o [1]
prvProcessReceivedCommands
                        0x0803c4ad     0xde  Code  Lc  timers.o [1]
prvProcessTimerOrBlockTask
                        0x0803c397     0x70  Code  Lc  timers.o [1]
prvResetNextTaskUnblockTime
                        0x08034b89     0x26  Code  Lc  tasks.o [1]
prvSampleTimeNow        0x0803c435     0x28  Code  Lc  timers.o [1]
prvSwitchTimerLists     0x0803c58b     0x90  Code  Lc  timers.o [1]
prvTaskExitError        0x0803d5bd     0x2a  Code  Lc  port.o [1]
prvTestWaitCondition    0x0803c1c3     0x24  Code  Lc  event_groups.o [1]
prvTimerTask            0x0803c37d     0x1a  Code  Lc  timers.o [1]
prvUnlockQueue          0x08033749     0x6a  Code  Lc  queue.o [1]
pub_topicString         0x2001ec70      0xc  Data  Gb  pub0sub1.o [1]
put_fat                 0x0803877f    0x16c  Code  Gb  ff.o [1]
putchar                 0x0804a39d      0xc  Code  Gb  putchar.o [3]
pvPortMalloc            0x0803d87d    0x118  Code  Gb  heap_4.o [1]
pxCurrentTCB            0x2001ed68      0x4  Data  Gb  tasks.o [1]
pxCurrentTimerList      0x2001edac      0x4  Data  Lc  timers.o [1]
pxDelayedTaskList       0x2001ed6c      0x4  Data  Lc  tasks.o [1]
pxEnd                   0x2001ed38      0x4  Data  Lc  heap_4.o [1]
pxOverflowDelayedTaskList
                        0x2001ed70      0x4  Data  Lc  tasks.o [1]
pxOverflowTimerList     0x2001edb0      0x4  Data  Lc  timers.o [1]
pxPortInitialiseStack   0x0803d599     0x24  Code  Gb  port.o [1]
pxReadyTasksLists       0x2001e1b8    0x140  Data  Lc  tasks.o [1]
rand                    0x08047b39     0xe0  Code  Gb  rand.o [3]
rc522_cmd_anticoll      0x0803a879     0x5a  Code  Gb  rc522.o [1]
rc522_cmd_request       0x0803a825     0x54  Code  Gb  rc522.o [1]
readChar                0x08040b5b     0x10  Code  Gb  MQTTPacket.o [1]
readDisk                0x2001edf3      0x1  Data  Gb  apptask.o [1]
readFilenum             0x2001edf4      0x1  Data  Gb  apptask.o [1]
readInt                 0x08040b3f     0x1c  Code  Gb  MQTTPacket.o [1]
readMQTTLenString       0x08040c11     0x3c  Code  Gb  MQTTPacket.o [1]
readSlave               0x2001ec1c      0xc  Data  Gb  apptask.o [1]
read_bkp_para           0x08037843     0x78  Code  Gb  bkp_pwr.o [1]
read_device_info        0x08035aa9    0x274  Code  Gb  para.o [1]
read_file_select        0x2001ec64      0xc  Data  Gb  protocol.o [1]
read_from_disk          0x08036029    0xd04  Code  Gb  para.o [1]
remove_chain            0x080388eb     0x76  Code  Lc  ff.o [1]
rfid_rev_buf            0x2001eb20     0x14  Data  Gb  rc522.o [1]
rfid_rev_cnt            0x2001ee0c      0x1  Data  Gb  rc522.o [1]
rfid_rev_flag           0x2001ee0b      0x1  Data  Gb  rc522.o [1]
rtc_time                0x2001ec8c      0x8  Data  Gb  protocol.o [1]
s_TIM_CallBack1         0x2001ed1c      0x4  Data  Lc  bsp_timer.o [1]
s_TIM_CallBack2         0x2001ed20      0x4  Data  Lc  bsp_timer.o [1]
s_TIM_CallBack3         0x2001ed24      0x4  Data  Lc  bsp_timer.o [1]
s_TIM_CallBack4         0x2001ed28      0x4  Data  Lc  bsp_timer.o [1]
sample_time             0x2001edcc      0x2  Data  Gb  apptask.o [1]
sdew_weimi_page1        0x0803297d    0x28a  Code  Gb  bsp_sdwe050c17.o [1]
sdew_weimi_page2        0x08032c19    0x1e6  Code  Gb  bsp_sdwe050c17.o [1]
sdew_weisha_page1       0x08032dff    0x100  Code  Gb  bsp_sdwe050c17.o [1]
sdew_weisha_page2       0x08032f09    0x100  Code  Gb  bsp_sdwe050c17.o [1]
selectbits              0x08046cef     0x42  Code  Gb  des.o [1]
semc_adc_Init           0x0804716f     0x92  Code  Gb  smec98sp.o [1]
servo_diff              0x2001ecfc      0x4  Data  Gb  apptask.o [1]
servo_per_wei_src       0x2001ecf8      0x4  Data  Gb  apptask.o [1]
servo_speed_diff        0x2001ed00      0x4  Data  Gb  apptask.o [1]
servomotor_guodu        0x2001edff      0x1  Data  Gb  page_weimi.o [1]
servomotor_mode         0x2001ee00      0x1  Data  Gb  page_weimi.o [1]
setbit                  0x08046c67     0x4c  Code  Gb  des.o [1]
shlc                    0x08046d31     0x68  Code  Gb  des.o [1]
shrc                    0x08046d99     0x5e  Code  Gb  des.o [1]
slave_info              0x2001ec10      0xc  Data  Gb  apptask.o [1]
snprintf                0x080406a9     0x44  Code  Gb  snprintf.o [3]
speed_diff              0x2001ec34      0xc  Data  Gb  apptask.o [1]
speed_zhu               0x2001ede0      0x2  Data  Gb  page_weimi.o [1]
speed_zhu1              0x2001ede2      0x2  Data  Gb  page_weimi.o [1]
sprintf                 0x0803a6d5     0x34  Code  Gb  sprintf.o [3]
srand                   0x08047b19     0x20  Code  Gb  srand.o [3]
sscanf                  0x0803e9fd     0x24  Code  Gb  sscanf.o [3]
st_clust                0x08038cb5     0x18  Code  Lc  ff.o [1]
stepmotor_guodu         0x2001ed4c      0x4  Data  Gb  page_weimi.o [1]
strans                  0x08046df7    0x168  Code  Gb  des.o [1]
strcat                  0x0803a709     0x1c  Code  Gb  strcat.o [3]
strchr                  0x080413e9           Code  Gb  strchr.o [5]
strlen                  0x08035945           Code  Gb  strlen.o [5]
strstr                  0x0803aca9     0x10  Code  Gb  para.o [1]
sum_sfn                 0x08038f89     0x20  Code  Lc  ff.o [1]
symbol                  0x2001ecf4      0x4  Data  Gb  apptask.o [1]
symbol_servo            0x2001edf5      0x1  Data  Gb  apptask.o [1]
sync_fs                 0x08038571     0xd8  Code  Lc  ff.o [1]
sync_window             0x080384d7     0x5a  Code  Lc  ff.o [1]
system_state_dis        0x08048db8    0x190  Data  Gb  product_cal.o [1]
toStop                  0x2001ed60      0x4  Data  Gb  pub0sub1.o [1]
tolower                 0x080457ed     0x14  Code  Gb  tolower.o [3]
total_meter_gross       0x2001ed58      0x4  Data  Gb  product_cal.o [1]
total_weight_gross      0x2001ed5c      0x4  Data  Gb  product_cal.o [1]
transport_close         0x08040a45     0x12  Code  Gb  transport.o [1]
transport_getdata       0x08040a31     0x14  Code  Gb  transport.o [1]
transport_sendPacketBuffer
                        0x080409f5     0x3c  Code  Gb  transport.o [1]
ucHeap                  0x200002c0  0x10400  Data  Lc  heap_4.o [1]
ucMaxSysCallPriority    0x2001ee05      0x1  Data  Lc  port.o [1]
ulHighFrequencyTimerTicks
                        0x2001ed64      0x4  Data  Gb  SysInfoTest.o [1]
ulMaxPRIGROUPValue      0x2001ed54      0x4  Data  Lc  port.o [1]
ulTaskSwitchedInTime    0x2001eda0      0x4  Data  Lc  tasks.o [1]
ulTotalRunTime          0x2001eda4      0x4  Data  Lc  tasks.o [1]
uni2oem                 0x08000188  0x15484  Data  Lc  cc936.o [1]
usb_disk_flag           0x2001eded      0x1  Data  Gb  apptask.o [1]
usbh_OpenMassStorage    0x08037939     0x14  Code  Gb  usbh_usr.o [1]
uxCriticalNesting       0x200002a8      0x4  Data  Lc  port.o [1]
uxCurrentNumberOfTasks  0x2001ed78      0x4  Data  Lc  tasks.o [1]
uxListRemove            0x0803d855     0x28  Code  Gb  list.o [1]
uxPendedTicks           0x2001ed88      0x4  Data  Lc  tasks.o [1]
uxSchedulerSuspended    0x2001ed9c      0x4  Data  Lc  tasks.o [1]
uxTaskNumber            0x2001ed94      0x4  Data  Lc  tasks.o [1]
uxTaskResetEventItemValue
                        0x08034be9     0x20  Code  Gb  tasks.o [1]
uxTasksDeleted          0x2001ed74      0x4  Data  Lc  tasks.o [1]
uxTopReadyPriority      0x2001ed80      0x4  Data  Lc  tasks.o [1]
vAnalysisUartData       0x08030e71     0xca  Code  Gb  apptask.o [1]
vEsp8266_Main_Task      0x08030b09    0x226  Code  Gb  apptask.o [1]
vListInitialise         0x0803d7e5     0x1e  Code  Gb  list.o [1]
vListInsert             0x0803d81b     0x3a  Code  Gb  list.o [1]
vListInsertEnd          0x0803d803     0x18  Code  Gb  list.o [1]
vMQTT_Handler_Task      0x08030d39    0x138  Code  Gb  apptask.o [1]
vMQTT_Recive_Task       0x08030f45     0x7e  Code  Gb  apptask.o [1]
vMQTT_Tranmit_Task      0x08030fc9     0xd0  Code  Gb  apptask.o [1]
vPortEnableVFP          0x08041359           Code  Gb  portasm.o [1]
vPortEnterCritical      0x0803d6b3     0x3a  Code  Gb  port.o [1]
vPortExitCritical       0x0803d6ed     0x32  Code  Gb  port.o [1]
vPortFree               0x0803d995     0x78  Code  Gb  heap_4.o [1]
vPortSetupTimerInterrupt
                        0x0803d74b      0xe  Code  Wk  port.o [1]
vPortStartFirstTask     0x08041341           Code  Gb  portasm.o [1]
vPortValidateInterruptPriority
                        0x0803d759     0x4e  Code  Gb  port.o [1]
vQueueWaitForMessageRestricted
                        0x080337f5     0x44  Code  Gb  queue.o [1]
vTaskDelay              0x080341e1     0x84  Code  Gb  tasks.o [1]
vTaskDelayUntil         0x08034101     0xe0  Code  Gb  tasks.o [1]
vTaskFreq               0x080304d9    0x622  Code  Lc  apptask.o [1]
vTaskManageCapacity     0x0802ef11    0x526  Code  Gb  apptask.o [1]
vTaskMassStorage        0x0802dc69    0x5ae  Code  Lc  apptask.o [1]
vTaskMissedYield        0x0803497b      0xa  Code  Gb  tasks.o [1]
vTaskMotorControl       0x0802f4ed    0xfc6  Code  Lc  apptask.o [1]
vTaskMsgPro             0x0802e6c9    0x434  Code  Lc  apptask.o [1]
vTaskPlaceOnEventList   0x080345e1     0x74  Code  Gb  tasks.o [1]
vTaskPlaceOnEventListRestricted
                        0x08034719     0x80  Code  Gb  tasks.o [1]
vTaskPlaceOnUnorderedEventList
                        0x08034671     0xa8  Code  Gb  tasks.o [1]
vTaskReadDisk           0x0802ec51    0x272  Code  Lc  apptask.o [1]
vTaskRev485             0x0802eb35     0xd4  Code  Lc  apptask.o [1]
vTaskSetTimeOutState    0x080348c5     0x26  Code  Gb  tasks.o [1]
vTaskStartScheduler     0x08034265     0x7e  Code  Gb  tasks.o [1]
vTaskSuspendAll         0x080342e3     0x10  Code  Gb  tasks.o [1]
vTaskSwitchContext      0x08034531     0xb0  Code  Gb  tasks.o [1]
vTaskTaskLCD            0x0802aa91   0x3198  Code  Gb  apptask.o [1]
vTaskTaskLED            0x0802e249     0x20  Code  Lc  apptask.o [1]
vTaskTaskRFID           0x0802e269    0x402  Code  Lc  apptask.o [1]
valid_seg               0x2001ed50      0x4  Data  Gb  page_weimi.o [1]
validate                0x08039d2f     0x36  Code  Lc  ff.o [1]
weimi_para              0x2001e2f8    0x12c  Data  Gb  page_weimi.o [1]
wifi_flag               0x2001edfc      0x1  Data  Gb  esp8266_handler.o [1]
work_idle_time          0x2001ede4      0x2  Data  Gb  product_cal.o [1]
writeCString            0x08040ba1     0x2a  Code  Gb  MQTTPacket.o [1]
writeChar               0x08040b6b      0xc  Code  Gb  MQTTPacket.o [1]
writeInt                0x08040b77     0x2a  Code  Gb  MQTTPacket.o [1]
writeMQTTString         0x08040bcb     0x46  Code  Gb  MQTTPacket.o [1]
write_bkp_para          0x080378bb     0x6e  Code  Gb  bkp_pwr.o [1]
xActiveTimerList1       0x2001eb98     0x14  Data  Lc  timers.o [1]
xActiveTimerList2       0x2001ebac     0x14  Data  Lc  timers.o [1]
xBlockAllocatedBit      0x2001ed44      0x4  Data  Lc  heap_4.o [1]
xDelayedTaskList1       0x2001eb34     0x14  Data  Lc  tasks.o [1]
xDelayedTaskList2       0x2001eb48     0x14  Data  Lc  tasks.o [1]
xEventGroupCreate       0x0803bf85     0x1c  Code  Gb  event_groups.o [1]
xEventGroupSetBits      0x0803c0ed     0xd6  Code  Gb  event_groups.o [1]
xEventGroupWaitBits     0x0803bfa1    0x146  Code  Gb  event_groups.o [1]
xFreeBytesRemaining     0x2001ed3c      0x4  Data  Lc  heap_4.o [1]
xHandleTaskFreq         0x2001ecc0      0x4  Data  Gb  apptask.o [1]
xHandleTaskLCD          0x2001ec9c      0x4  Data  Gb  apptask.o [1]
xHandleTaskLED          0x2001eca0      0x4  Data  Gb  apptask.o [1]
xHandleTaskManageCapacity
                        0x2001ecb8      0x4  Data  Gb  apptask.o [1]
xHandleTaskMassStorage  0x2001eca8      0x4  Data  Gb  apptask.o [1]
xHandleTaskMotorControl
                        0x2001ecbc      0x4  Data  Gb  apptask.o [1]
xHandleTaskMsgPro       0x2001ecb0      0x4  Data  Gb  apptask.o [1]
xHandleTaskRFID         0x2001eca4      0x4  Data  Gb  apptask.o [1]
xHandleTaskReadDisk     0x2001ecac      0x4  Data  Gb  apptask.o [1]
xHandleTaskRev485       0x2001ecb4      0x4  Data  Gb  apptask.o [1]
xHeapStructSize         0x0804ad10      0x4  Data  Lc  heap_4.o [1]
xMinimumEverFreeBytesRemaining
                        0x2001ed40      0x4  Data  Lc  heap_4.o [1]
xNextTaskUnblockTime    0x2001ed98      0x4  Data  Lc  tasks.o [1]
xNumOfOverflows         0x2001ed90      0x4  Data  Lc  tasks.o [1]
xPendingReadyList       0x2001eb5c     0x14  Data  Lc  tasks.o [1]
xPortStartScheduler     0x0803d5e7     0xcc  Code  Gb  port.o [1]
xQueueGenericCreate     0x08033101     0x7e  Code  Gb  queue.o [1]
xQueueGenericReceive    0x080334f5    0x19c  Code  Gb  queue.o [1]
xQueueGenericReset      0x08033071     0x90  Code  Gb  queue.o [1]
xQueueGenericSend       0x0803317f    0x1b2  Code  Gb  queue.o [1]
xQueueGenericSendFromISR
                        0x08033331     0xec  Code  Gb  queue.o [1]
xQueueGiveFromISR       0x0803341d     0xd8  Code  Gb  queue.o [1]
xQueue_MQTT_Recv        0x2001ece4      0x4  Data  Gb  apptask.o [1]
xQueue_MQTT_Transmit    0x2001ece8      0x4  Data  Gb  apptask.o [1]
xQueue_esp8266_Cmd      0x2001ecec      0x4  Data  Gb  apptask.o [1]
xQueue_message          0x2001ecf0      0x4  Data  Gb  apptask.o [1]
xSchedulerRunning       0x2001ed84      0x4  Data  Lc  tasks.o [1]
xSemaphore_download     0x2001ecd4      0x4  Data  Gb  apptask.o [1]
xSemaphore_encoder      0x2001ecd0      0x4  Data  Gb  apptask.o [1]
xSemaphore_lcd          0x2001ecc4      0x4  Data  Gb  apptask.o [1]
xSemaphore_pluse        0x2001eccc      0x4  Data  Gb  apptask.o [1]
xSemaphore_readDisk     0x2001ecd8      0x4  Data  Gb  apptask.o [1]
xSemaphore_rs485        0x2001ecc8      0x4  Data  Gb  apptask.o [1]
xStart                  0x2001ec7c      0x8  Data  Lc  heap_4.o [1]
xSuspendedTaskList      0x2001eb84     0x14  Data  Lc  tasks.o [1]
xTaskCheckForTimeOut    0x080348f1     0x8a  Code  Gb  tasks.o [1]
xTaskGenericCreate      0x08033f7d    0x184  Code  Gb  tasks.o [1]
xTaskGetSchedulerState  0x08034baf     0x26  Code  Gb  tasks.o [1]
xTaskGetTickCount       0x080343f3      0xa  Code  Gb  tasks.o [1]
xTaskIncrementTick      0x080343fd    0x134  Code  Gb  tasks.o [1]
xTaskRemoveFromEventList
                        0x0803479d     0x8e  Code  Gb  tasks.o [1]
xTaskRemoveFromUnorderedEventList
                        0x08034831     0x94  Code  Gb  tasks.o [1]
xTaskResumeAll          0x080342f3    0x100  Code  Gb  tasks.o [1]
xTasksWaitingTermination
                        0x2001eb70     0x14  Data  Lc  tasks.o [1]
xTickCount              0x2001ed7c      0x4  Data  Lc  tasks.o [1]
xTimerCreate            0x0803c239     0x62  Code  Gb  timers.o [1]
xTimerCreateTimerTask   0x0803c1e9     0x50  Code  Gb  timers.o [1]
xTimerGenericCommand    0x0803c29b     0x84  Code  Gb  timers.o [1]
xTimerQueue             0x2001edb4      0x4  Data  Lc  timers.o [1]
xTimerUser              0x2001ece0      0x4  Data  Gb  apptask.o [1]
xYieldPending           0x2001ed8c      0x4  Data  Lc  tasks.o [1]


[1] = E:\WORK\YarnControl_Driver\YarnControl_Driver\src\stm32f4_rtos\Project\EWARMv7\Flash\Obj
[2] = command line
[3] = dl7M_tlf.a
[4] = m7M_tls.a
[5] = rt7M_tl.a
[6] = shb_l.a

  122 004 bytes of readonly  code memory
  185 058 bytes of readonly  data memory
  129 042 bytes of readwrite data memory (+ 1 044 480 absolute)

Errors: none
Warnings: none
