###############################################################################
#
# IAR ELF Linker V7.40.7.9843/W32 for ARM                 25/Mar/2019  00:26:02
# Copyright 2007-2015 IAR Systems AB.
#
#    Output file  =  
#        E:\WORK\YarnControl_Driver\YarnControl_Driver\src\stm32f4_rtos\Project\EWARMv7\Flash\Exe\project.out
#    Map file     =  
#        E:\WORK\YarnControl_Driver\YarnControl_Driver\src\stm32f4_rtos\Project\EWARMv7\Flash\List\project.map
#    Command line =  
#        E:\WORK\YarnControl_Driver\YarnControl_Driver\src\stm32f4_rtos\Project\EWARMv7\Flash\Obj\apptask.o
#        E:\WORK\YarnControl_Driver\YarnControl_Driver\src\stm32f4_rtos\Project\EWARMv7\Flash\Obj\bsp.o
#        E:\WORK\YarnControl_Driver\YarnControl_Driver\src\stm32f4_rtos\Project\EWARMv7\Flash\Obj\bsp_closeSW.o
#        E:\WORK\YarnControl_Driver\YarnControl_Driver\src\stm32f4_rtos\Project\EWARMv7\Flash\Obj\bsp_dwt.o
#        E:\WORK\YarnControl_Driver\YarnControl_Driver\src\stm32f4_rtos\Project\EWARMv7\Flash\Obj\bsp_led.o
#        E:\WORK\YarnControl_Driver\YarnControl_Driver\src\stm32f4_rtos\Project\EWARMv7\Flash\Obj\bsp_relay.o
#        E:\WORK\YarnControl_Driver\YarnControl_Driver\src\stm32f4_rtos\Project\EWARMv7\Flash\Obj\bsp_sdio_sd.o
#        E:\WORK\YarnControl_Driver\YarnControl_Driver\src\stm32f4_rtos\Project\EWARMv7\Flash\Obj\bsp_sdwe050c17.o
#        E:\WORK\YarnControl_Driver\YarnControl_Driver\src\stm32f4_rtos\Project\EWARMv7\Flash\Obj\bsp_servomotor.o
#        E:\WORK\YarnControl_Driver\YarnControl_Driver\src\stm32f4_rtos\Project\EWARMv7\Flash\Obj\bsp_spi.o
#        E:\WORK\YarnControl_Driver\YarnControl_Driver\src\stm32f4_rtos\Project\EWARMv7\Flash\Obj\bsp_stepmotor.o
#        E:\WORK\YarnControl_Driver\YarnControl_Driver\src\stm32f4_rtos\Project\EWARMv7\Flash\Obj\bsp_sw_onoff.o
#        E:\WORK\YarnControl_Driver\YarnControl_Driver\src\stm32f4_rtos\Project\EWARMv7\Flash\Obj\bsp_tim_pwm.o
#        E:\WORK\YarnControl_Driver\YarnControl_Driver\src\stm32f4_rtos\Project\EWARMv7\Flash\Obj\bsp_timer.o
#        E:\WORK\YarnControl_Driver\YarnControl_Driver\src\stm32f4_rtos\Project\EWARMv7\Flash\Obj\bsp_uart_fifo.o
#        E:\WORK\YarnControl_Driver\YarnControl_Driver\src\stm32f4_rtos\Project\EWARMv7\Flash\Obj\bsp_w25qxx.o
#        E:\WORK\YarnControl_Driver\YarnControl_Driver\src\stm32f4_rtos\Project\EWARMv7\Flash\Obj\bsp_watchdog.o
#        E:\WORK\YarnControl_Driver\YarnControl_Driver\src\stm32f4_rtos\Project\EWARMv7\Flash\Obj\cc936.o
#        E:\WORK\YarnControl_Driver\YarnControl_Driver\src\stm32f4_rtos\Project\EWARMv7\Flash\Obj\cJSON.o
#        E:\WORK\YarnControl_Driver\YarnControl_Driver\src\stm32f4_rtos\Project\EWARMv7\Flash\Obj\croutine.o
#        E:\WORK\YarnControl_Driver\YarnControl_Driver\src\stm32f4_rtos\Project\EWARMv7\Flash\Obj\demo_fatfs.o
#        E:\WORK\YarnControl_Driver\YarnControl_Driver\src\stm32f4_rtos\Project\EWARMv7\Flash\Obj\diskio.o
#        E:\WORK\YarnControl_Driver\YarnControl_Driver\src\stm32f4_rtos\Project\EWARMv7\Flash\Obj\encoder_tim.o
#        E:\WORK\YarnControl_Driver\YarnControl_Driver\src\stm32f4_rtos\Project\EWARMv7\Flash\Obj\esp8266_handler.o
#        E:\WORK\YarnControl_Driver\YarnControl_Driver\src\stm32f4_rtos\Project\EWARMv7\Flash\Obj\esp8266_init.o
#        E:\WORK\YarnControl_Driver\YarnControl_Driver\src\stm32f4_rtos\Project\EWARMv7\Flash\Obj\event_groups.o
#        E:\WORK\YarnControl_Driver\YarnControl_Driver\src\stm32f4_rtos\Project\EWARMv7\Flash\Obj\ff.o
#        E:\WORK\YarnControl_Driver\YarnControl_Driver\src\stm32f4_rtos\Project\EWARMv7\Flash\Obj\heap_4.o
#        E:\WORK\YarnControl_Driver\YarnControl_Driver\src\stm32f4_rtos\Project\EWARMv7\Flash\Obj\list.o
#        E:\WORK\YarnControl_Driver\YarnControl_Driver\src\stm32f4_rtos\Project\EWARMv7\Flash\Obj\main.o
#        E:\WORK\YarnControl_Driver\YarnControl_Driver\src\stm32f4_rtos\Project\EWARMv7\Flash\Obj\malloc.o
#        E:\WORK\YarnControl_Driver\YarnControl_Driver\src\stm32f4_rtos\Project\EWARMv7\Flash\Obj\mcheck.o
#        E:\WORK\YarnControl_Driver\YarnControl_Driver\src\stm32f4_rtos\Project\EWARMv7\Flash\Obj\misc.o
#        E:\WORK\YarnControl_Driver\YarnControl_Driver\src\stm32f4_rtos\Project\EWARMv7\Flash\Obj\modbus.o
#        E:\WORK\YarnControl_Driver\YarnControl_Driver\src\stm32f4_rtos\Project\EWARMv7\Flash\Obj\MQTTConnectClient.o
#        E:\WORK\YarnControl_Driver\YarnControl_Driver\src\stm32f4_rtos\Project\EWARMv7\Flash\Obj\MQTTConnectServer.o
#        E:\WORK\YarnControl_Driver\YarnControl_Driver\src\stm32f4_rtos\Project\EWARMv7\Flash\Obj\MQTTDeserializePublish.o
#        E:\WORK\YarnControl_Driver\YarnControl_Driver\src\stm32f4_rtos\Project\EWARMv7\Flash\Obj\MQTTFormat.o
#        E:\WORK\YarnControl_Driver\YarnControl_Driver\src\stm32f4_rtos\Project\EWARMv7\Flash\Obj\MQTTPacket.o
#        E:\WORK\YarnControl_Driver\YarnControl_Driver\src\stm32f4_rtos\Project\EWARMv7\Flash\Obj\MQTTSerializePublish.o
#        E:\WORK\YarnControl_Driver\YarnControl_Driver\src\stm32f4_rtos\Project\EWARMv7\Flash\Obj\MQTTSubscribeClient.o
#        E:\WORK\YarnControl_Driver\YarnControl_Driver\src\stm32f4_rtos\Project\EWARMv7\Flash\Obj\MQTTSubscribeServer.o
#        E:\WORK\YarnControl_Driver\YarnControl_Driver\src\stm32f4_rtos\Project\EWARMv7\Flash\Obj\MQTTUnsubscribeClient.o
#        E:\WORK\YarnControl_Driver\YarnControl_Driver\src\stm32f4_rtos\Project\EWARMv7\Flash\Obj\MQTTUnsubscribeServer.o
#        E:\WORK\YarnControl_Driver\YarnControl_Driver\src\stm32f4_rtos\Project\EWARMv7\Flash\Obj\page_weimi.o
#        E:\WORK\YarnControl_Driver\YarnControl_Driver\src\stm32f4_rtos\Project\EWARMv7\Flash\Obj\para.o
#        E:\WORK\YarnControl_Driver\YarnControl_Driver\src\stm32f4_rtos\Project\EWARMv7\Flash\Obj\port.o
#        E:\WORK\YarnControl_Driver\YarnControl_Driver\src\stm32f4_rtos\Project\EWARMv7\Flash\Obj\portasm.o
#        E:\WORK\YarnControl_Driver\YarnControl_Driver\src\stm32f4_rtos\Project\EWARMv7\Flash\Obj\product_cal.o
#        E:\WORK\YarnControl_Driver\YarnControl_Driver\src\stm32f4_rtos\Project\EWARMv7\Flash\Obj\protocol.o
#        E:\WORK\YarnControl_Driver\YarnControl_Driver\src\stm32f4_rtos\Project\EWARMv7\Flash\Obj\pub0sub1.o
#        E:\WORK\YarnControl_Driver\YarnControl_Driver\src\stm32f4_rtos\Project\EWARMv7\Flash\Obj\queue.o
#        E:\WORK\YarnControl_Driver\YarnControl_Driver\src\stm32f4_rtos\Project\EWARMv7\Flash\Obj\rc522.o
#        E:\WORK\YarnControl_Driver\YarnControl_Driver\src\stm32f4_rtos\Project\EWARMv7\Flash\Obj\startup_stm32f40_41xxx.o
#        E:\WORK\YarnControl_Driver\YarnControl_Driver\src\stm32f4_rtos\Project\EWARMv7\Flash\Obj\stm32f4xx_adc.o
#        E:\WORK\YarnControl_Driver\YarnControl_Driver\src\stm32f4_rtos\Project\EWARMv7\Flash\Obj\stm32f4xx_assert.o
#        E:\WORK\YarnControl_Driver\YarnControl_Driver\src\stm32f4_rtos\Project\EWARMv7\Flash\Obj\stm32f4xx_can.o
#        E:\WORK\YarnControl_Driver\YarnControl_Driver\src\stm32f4_rtos\Project\EWARMv7\Flash\Obj\stm32f4xx_crc.o
#        E:\WORK\YarnControl_Driver\YarnControl_Driver\src\stm32f4_rtos\Project\EWARMv7\Flash\Obj\stm32f4xx_cryp.o
#        E:\WORK\YarnControl_Driver\YarnControl_Driver\src\stm32f4_rtos\Project\EWARMv7\Flash\Obj\stm32f4xx_cryp_aes.o
#        E:\WORK\YarnControl_Driver\YarnControl_Driver\src\stm32f4_rtos\Project\EWARMv7\Flash\Obj\stm32f4xx_cryp_des.o
#        E:\WORK\YarnControl_Driver\YarnControl_Driver\src\stm32f4_rtos\Project\EWARMv7\Flash\Obj\stm32f4xx_cryp_tdes.o
#        E:\WORK\YarnControl_Driver\YarnControl_Driver\src\stm32f4_rtos\Project\EWARMv7\Flash\Obj\stm32f4xx_dac.o
#        E:\WORK\YarnControl_Driver\YarnControl_Driver\src\stm32f4_rtos\Project\EWARMv7\Flash\Obj\stm32f4xx_dbgmcu.o
#        E:\WORK\YarnControl_Driver\YarnControl_Driver\src\stm32f4_rtos\Project\EWARMv7\Flash\Obj\stm32f4xx_dcmi.o
#        E:\WORK\YarnControl_Driver\YarnControl_Driver\src\stm32f4_rtos\Project\EWARMv7\Flash\Obj\stm32f4xx_dma.o
#        E:\WORK\YarnControl_Driver\YarnControl_Driver\src\stm32f4_rtos\Project\EWARMv7\Flash\Obj\stm32f4xx_dma2d.o
#        E:\WORK\YarnControl_Driver\YarnControl_Driver\src\stm32f4_rtos\Project\EWARMv7\Flash\Obj\stm32f4xx_exti.o
#        E:\WORK\YarnControl_Driver\YarnControl_Driver\src\stm32f4_rtos\Project\EWARMv7\Flash\Obj\stm32f4xx_flash.o
#        E:\WORK\YarnControl_Driver\YarnControl_Driver\src\stm32f4_rtos\Project\EWARMv7\Flash\Obj\stm32f4xx_fsmc.o
#        E:\WORK\YarnControl_Driver\YarnControl_Driver\src\stm32f4_rtos\Project\EWARMv7\Flash\Obj\stm32f4xx_gpio.o
#        E:\WORK\YarnControl_Driver\YarnControl_Driver\src\stm32f4_rtos\Project\EWARMv7\Flash\Obj\stm32f4xx_hash.o
#        E:\WORK\YarnControl_Driver\YarnControl_Driver\src\stm32f4_rtos\Project\EWARMv7\Flash\Obj\stm32f4xx_hash_md5.o
#        E:\WORK\YarnControl_Driver\YarnControl_Driver\src\stm32f4_rtos\Project\EWARMv7\Flash\Obj\stm32f4xx_hash_sha1.o
#        E:\WORK\YarnControl_Driver\YarnControl_Driver\src\stm32f4_rtos\Project\EWARMv7\Flash\Obj\stm32f4xx_i2c.o
#        E:\WORK\YarnControl_Driver\YarnControl_Driver\src\stm32f4_rtos\Project\EWARMv7\Flash\Obj\stm32f4xx_it.o
#        E:\WORK\YarnControl_Driver\YarnControl_Driver\src\stm32f4_rtos\Project\EWARMv7\Flash\Obj\stm32f4xx_iwdg.o
#        E:\WORK\YarnControl_Driver\YarnControl_Driver\src\stm32f4_rtos\Project\EWARMv7\Flash\Obj\stm32f4xx_ltdc.o
#        E:\WORK\YarnControl_Driver\YarnControl_Driver\src\stm32f4_rtos\Project\EWARMv7\Flash\Obj\stm32f4xx_pwr.o
#        E:\WORK\YarnControl_Driver\YarnControl_Driver\src\stm32f4_rtos\Project\EWARMv7\Flash\Obj\stm32f4xx_rcc.o
#        E:\WORK\YarnControl_Driver\YarnControl_Driver\src\stm32f4_rtos\Project\EWARMv7\Flash\Obj\stm32f4xx_rng.o
#        E:\WORK\YarnControl_Driver\YarnControl_Driver\src\stm32f4_rtos\Project\EWARMv7\Flash\Obj\stm32f4xx_rtc.o
#        E:\WORK\YarnControl_Driver\YarnControl_Driver\src\stm32f4_rtos\Project\EWARMv7\Flash\Obj\stm32f4xx_sai.o
#        E:\WORK\YarnControl_Driver\YarnControl_Driver\src\stm32f4_rtos\Project\EWARMv7\Flash\Obj\stm32f4xx_sdio.o
#        E:\WORK\YarnControl_Driver\YarnControl_Driver\src\stm32f4_rtos\Project\EWARMv7\Flash\Obj\stm32f4xx_spi.o
#        E:\WORK\YarnControl_Driver\YarnControl_Driver\src\stm32f4_rtos\Project\EWARMv7\Flash\Obj\stm32f4xx_syscfg.o
#        E:\WORK\YarnControl_Driver\YarnControl_Driver\src\stm32f4_rtos\Project\EWARMv7\Flash\Obj\stm32f4xx_tim.o
#        E:\WORK\YarnControl_Driver\YarnControl_Driver\src\stm32f4_rtos\Project\EWARMv7\Flash\Obj\stm32f4xx_usart.o
#        E:\WORK\YarnControl_Driver\YarnControl_Driver\src\stm32f4_rtos\Project\EWARMv7\Flash\Obj\stm32f4xx_wwdg.o
#        E:\WORK\YarnControl_Driver\YarnControl_Driver\src\stm32f4_rtos\Project\EWARMv7\Flash\Obj\SysInfoTest.o
#        E:\WORK\YarnControl_Driver\YarnControl_Driver\src\stm32f4_rtos\Project\EWARMv7\Flash\Obj\system_stm32f4xx.o
#        E:\WORK\YarnControl_Driver\YarnControl_Driver\src\stm32f4_rtos\Project\EWARMv7\Flash\Obj\tasks.o
#        E:\WORK\YarnControl_Driver\YarnControl_Driver\src\stm32f4_rtos\Project\EWARMv7\Flash\Obj\timer_platform.o
#        E:\WORK\YarnControl_Driver\YarnControl_Driver\src\stm32f4_rtos\Project\EWARMv7\Flash\Obj\timers.o
#        E:\WORK\YarnControl_Driver\YarnControl_Driver\src\stm32f4_rtos\Project\EWARMv7\Flash\Obj\transport.o
#        E:\WORK\YarnControl_Driver\YarnControl_Driver\src\stm32f4_rtos\Project\EWARMv7\Flash\Obj\usb_bsp.o
#        E:\WORK\YarnControl_Driver\YarnControl_Driver\src\stm32f4_rtos\Project\EWARMv7\Flash\Obj\usb_core.o
#        E:\WORK\YarnControl_Driver\YarnControl_Driver\src\stm32f4_rtos\Project\EWARMv7\Flash\Obj\usb_hcd.o
#        E:\WORK\YarnControl_Driver\YarnControl_Driver\src\stm32f4_rtos\Project\EWARMv7\Flash\Obj\usb_hcd_int.o
#        E:\WORK\YarnControl_Driver\YarnControl_Driver\src\stm32f4_rtos\Project\EWARMv7\Flash\Obj\usbh_core.o
#        E:\WORK\YarnControl_Driver\YarnControl_Driver\src\stm32f4_rtos\Project\EWARMv7\Flash\Obj\usbh_hcs.o
#        E:\WORK\YarnControl_Driver\YarnControl_Driver\src\stm32f4_rtos\Project\EWARMv7\Flash\Obj\usbh_ioreq.o
#        E:\WORK\YarnControl_Driver\YarnControl_Driver\src\stm32f4_rtos\Project\EWARMv7\Flash\Obj\usbh_it.o
#        E:\WORK\YarnControl_Driver\YarnControl_Driver\src\stm32f4_rtos\Project\EWARMv7\Flash\Obj\usbh_msc_bot.o
#        E:\WORK\YarnControl_Driver\YarnControl_Driver\src\stm32f4_rtos\Project\EWARMv7\Flash\Obj\usbh_msc_core.o
#        E:\WORK\YarnControl_Driver\YarnControl_Driver\src\stm32f4_rtos\Project\EWARMv7\Flash\Obj\usbh_msc_scsi.o
#        E:\WORK\YarnControl_Driver\YarnControl_Driver\src\stm32f4_rtos\Project\EWARMv7\Flash\Obj\usbh_stdreq.o
#        E:\WORK\YarnControl_Driver\YarnControl_Driver\src\stm32f4_rtos\Project\EWARMv7\Flash\Obj\usbh_usr.o
#        -o
#        E:\WORK\YarnControl_Driver\YarnControl_Driver\src\stm32f4_rtos\Project\EWARMv7\Flash\Exe\project.out
#        --map
#        E:\WORK\YarnControl_Driver\YarnControl_Driver\src\stm32f4_rtos\Project\EWARMv7\Flash\List\project.map
#        --config
#        E:\WORK\YarnControl_Driver\YarnControl_Driver\src\stm32f4_rtos\Project\EWARMv7\stm32f4xx_flash.icf
#        --semihosting --entry __iar_program_start --inline --vfe
#
###############################################################################

*******************************************************************************
*** RUNTIME MODEL ATTRIBUTES
***

CppFlavor                     = *
__Heap_Handler                = DLMalloc
__SystemLibrary               = DLib
__dlib_dynamic_initialization = normal


*******************************************************************************
*** PLACEMENT SUMMARY
***

"A1":  place at 0x08000000 { ro section .intvec };
"P1":  place in [from 0x08000000 to 0x080fffff] { ro };
"P2":  place in [from 0x20000000 to 0x2001ffff] { rw, block CSTACK, block HEAP };

  Section             Kind        Address     Size  Object
  -------             ----        -------     ----  ------
"A1":                                        0x188
  .intvec             ro code  0x08000000    0x188  startup_stm32f40_41xxx.o [1]
                             - 0x08000188    0x188

"P1":                                      0x46b0d
  .rodata             const    0x08000188  0x15484  cc936.o [1]
  .rodata             const    0x0801560c  0x15484  cc936.o [1]
  .text               ro code  0x0802aa90   0x5e90  apptask.o [1]
  .text               ro code  0x08030920    0x7c8  queue.o [1]
  .text               ro code  0x080310e8   0x1654  bsp_sdwe050c17.o [1]
  .text               ro code  0x0803273c    0x52c  product_cal.o [1]
  .text               ro code  0x08032c68     0x66  ABImemset.o [5]
  .text               ro code  0x08032cce     0x1e  xsscin.o [3]
  .text               ro code  0x08032cec    0xc00  tasks.o [1]
  .text               ro code  0x080338ec    0x380  bsp_w25qxx.o [1]
  .text               ro code  0x08033c6c     0x4e  FltToDbl.o [4]
  .text               ro code  0x08033cba      0xa  xsprout.o [3]
  .text               ro code  0x08033cc4     0x24  printf.o [3]
  .text               ro code  0x08033ce8     0x76  ABImemcpy_unaligned.o [5]
  .text               ro code  0x08033d60     0x42  strcmp_unaligned.o [5]
  .text               ro code  0x08033da4    0x21c  malloc.o [1]
  .text               ro code  0x08033fc0     0x30  I32ToDbl.o [4]
  .text               ro code  0x08033ff0    0x256  DblDiv.o [4]
  .text               ro code  0x08034248     0xe8  DblAdd.o [4]
  .text               ro code  0x08034330    0x1a2  DblMul.o [4]
  .text               ro code  0x080344d4     0x58  DblToI32.o [4]
  .text               ro code  0x0803452c     0x90  DblToFlt.o [4]
  .text               ro code  0x080345bc     0x36  strlen.o [5]
  .text               ro code  0x080345f4   0x13ea  para.o [1]
  .text               ro code  0x080359e0    0x3a8  page_weimi.o [1]
  .text               ro code  0x08035d88     0x62  memcmp_unaligned.o [5]
  .text               ro code  0x08035dec    0x36c  bsp_servomotor.o [1]
  .text               ro code  0x08036158    0x1a2  usbh_usr.o [1]
  .text               ro code  0x080362fc    0x760  usbh_core.o [1]
  .text               ro code  0x08036a5c   0x2498  ff.o [1]
  .text               ro code  0x08038ef4     0x34  sprintf.o [3]
  .text               ro code  0x08038f28     0x1c  strcat.o [3]
  .text               ro code  0x08038f44     0xc0  bsp_led.o [1]
  .text               ro code  0x08039004     0xee  rc522.o [1]
  .text               ro code  0x080390f4    0x354  modbus.o [1]
  .text               ro code  0x08039448     0x68  bsp_sw_onoff.o [1]
  .text               ro code  0x080394b0     0x80  protocol.o [1]
  .text               ro code  0x08039530     0x10  para.o [1]
  .text               ro code  0x08039540     0xd4  bsp_closeSW.o [1]
  .text               ro code  0x08039614    0x12c  stm32f4xx_gpio.o [1]
  .text               ro code  0x08039740    0x328  bsp_stepmotor.o [1]
  .text               ro code  0x08039a68    0x25c  encoder_tim.o [1]
  .text               ro code  0x08039cc4    0x262  event_groups.o [1]
  .text               ro code  0x08039f28    0x4a4  timers.o [1]
  .text               ro code  0x0803a3cc      0x8  bsp_watchdog.o [1]
  .text               ro code  0x0803a3d4    0x24c  port.o [1]
  .text               ro code  0x0803a620     0x98  list.o [1]
  .text               ro code  0x0803a6b8    0x280  heap_4.o [1]
  .text               ro code  0x0803a938    0x1e8  stm32f4xx_rcc.o [1]
  .text               ro code  0x0803ab20     0x74  bsp_dwt.o [1]
  .text               ro code  0x0803ab94    0xaa0  bsp_uart_fifo.o [1]
  .text               ro code  0x0803b634    0x204  bsp_timer.o [1]
  .text               ro code  0x0803b838    0x124  bsp_spi.o [1]
  .text               ro code  0x0803b95c    0xd96  xprintffull_nomb.o [3]
  .text               ro code  0x0803c6f4    0x180  DblSub.o [4]
  .text               ro code  0x0803c874     0x44  strcpy_unaligned.o [5]
  .text               ro code  0x0803c8b8     0x24  sscanf.o [3]
  .text               ro code  0x0803c8dc    0x6f6  stm32f4xx_tim.o [1]
  .text               ro code  0x0803cfd4    0x31c  stm32f4xx_dma.o [1]
  .text               ro code  0x0803d2f0     0x88  misc.o [1]
  .text               ro code  0x0803d378    0x14c  usb_bsp.o [1]
  .text               ro code  0x0803d4c4     0xd6  usb_hcd.o [1]
  .text               ro code  0x0803d59a    0x1ba  usbh_hcs.o [1]
  .text               ro code  0x0803d754    0x436  usbh_stdreq.o [1]
  .text               ro code  0x0803db8a    0x246  usbh_ioreq.o [1]
  .text               ro code  0x0803ddd0    0x2e4  diskio.o [1]
  .text               ro code  0x0803e0b4     0xf4  cc936.o [1]
  .text               ro code  0x0803e1a8     0xb8  mcheck.o [1]
  .text               ro code  0x0803e260     0x2c  strstr.o [3]
  .text               ro code  0x0803e28c     0x54  stm32f4xx_syscfg.o [1]
  .text               ro code  0x0803e2e0     0xc0  stm32f4xx_exti.o [1]
  .text               ro code  0x0803e3a0    0x132  I64DivMod.o [5]
  .text               ro code  0x0803e4d4     0x10  stm32f4xx_iwdg.o [1]
  CODE                ro code  0x0803e4e4     0xa8  portasm.o [1]
  .text               ro code  0x0803e58c    0x254  stm32f4xx_usart.o [1]
  .text               ro code  0x0803e7e0     0x74  stm32f4xx_spi.o [1]
  .text               ro code  0x0803e854     0x16  strchr.o [5]
  .text               ro code  0x0803e86c     0x58  memchr.o [5]
  .text               ro code  0x0803e8c4     0x42  xdnorm.o [4]
  .text               ro code  0x0803e908     0x2e  DblCmpLe.o [4]
  .text               ro code  0x0803e938     0x2e  DblCmpGe.o [4]
  .text               ro code  0x0803e968    0x114  xdscale.o [4]
  .text               ro code  0x0803ea7c     0x6c  localeconv.o [3]
  .text               ro code  0x0803eae8      0xe  div.o [3]
  .text               ro code  0x0803eaf8    0xb64  xscanffull_nomb.o [3]
  .text               ro code  0x0803f65c    0xa50  usb_core.o [1]
  .text               ro code  0x080400ac   0x1a58  bsp_sdio_sd.o [1]
  .text               ro code  0x08041b04    0x618  usbh_msc_scsi.o [1]
  .text               ro code  0x0804211c    0x554  usbh_msc_bot.o [1]
  .text               ro code  0x08042670      0x2  I64DivZer.o [5]
  .text               ro code  0x08042672     0x28  isxxx.o [3]
  .text               ro code  0x0804269a     0xa4  xstoll.o [3]
  .text               ro code  0x08042740    0x1b0  xstoull.o [3]
  .text               ro code  0x080428f0    0x168  xstold.o [4]
  .text               ro code  0x08042a58    0x17c  stm32f4xx_sdio.o [1]
  .text               ro code  0x08042bd4     0x18  setlocale.o [3]
  .text               ro code  0x08042bec     0x16  xlocale_c.o [3]
  .text               ro code  0x08042c02     0x14  xlocale_c.o [3]
  .text               ro code  0x08042c18      0xc  errno.o [3]
  .text               ro code  0x08042c24     0x14  tolower.o [3]
  .text               ro code  0x08042c38    0x124  xstopfx.o [3]
  .text               ro code  0x08042d5c    0x1b8  xstoflt.o [3]
  .rodata             const    0x08042f14     0x2c  apptask.o [1]
  .text               ro code  0x08042f40    0x200  xdtento.o [4]
  .text               ro code  0x08043140    0x218  xstoxflt.o [3]
  .text               ro code  0x08043358      0x2  xtls.o [3]
  .text               ro code  0x0804335a      0xc  xlocale_c.o [3]
  .text               ro code  0x08043368     0x20  DblCmpEq.o [4]
  .text               ro code  0x08043388     0x52  xdunscal.o [4]
  .text               ro code  0x080433dc    0xc7e  usb_hcd_int.o [1]
  .rodata             const    0x0804405c    0x400  apptask.o [1]
  .text               ro code  0x0804445c    0x3e8  usbh_msc_core.o [1]
  .rodata             const    0x08044844    0x3dc  cc936.o [1]
  .rodata             const    0x08044c20    0x3dc  cc936.o [1]
  .text               ro code  0x08044ffc    0x2e0  bsp_tim_pwm.o [1]
  .rodata             const    0x080452dc    0x190  product_cal.o [1]
  .text               ro code  0x0804546c    0x154  system_stm32f4xx.o [1]
  .rodata             const    0x080455c0    0x100  mcheck.o [1]
  .rodata             const    0x080456c0    0x100  mcheck.o [1]
  .rodata             const    0x080457c0    0x100  mcheck.o [1]
  .text               ro code  0x080458c0     0xd0  packbits_init.o [5]
  .text               ro code  0x08045990      0x6  abort.o [3]
  .text               ro code  0x08045998     0x14  exit.o [6]
  .text               ro code  0x080459ac     0x48  bsp.o [1]
  .text               ro code  0x080459f4     0x44  bsp_relay.o [1]
  .text               ro code  0x08045a38     0x40  zero_init3.o [5]
  .text               ro code  0x08045a78     0x3c  SysInfoTest.o [1]
  .rodata             const    0x08045ab4     0x38  demo_fatfs.o [1]
  .text               ro code  0x08045aec     0x38  stm32f4xx_it.o [1]
  .text               ro code  0x08045b24     0x34  main.o [1]
  .rodata             const    0x08045b58     0x30  apptask.o [1]
  .rodata             const    0x08045b88     0x30  apptask.o [1]
  .rodata             const    0x08045bb8     0x30  demo_fatfs.o [1]
  .rodata             const    0x08045be8     0x30  demo_fatfs.o [1]
  .rodata             const    0x08045c18     0x2c  demo_fatfs.o [1]
  .rodata             const    0x08045c44     0x2c  demo_fatfs.o [1]
  .rodata             const    0x08045c70     0x2c  stm32f4xx_it.o [1]
  .rodata             const    0x08045c9c     0x28  demo_fatfs.o [1]
  .rodata             const    0x08045cc4     0x28  demo_fatfs.o [1]
  .rodata             const    0x08045cec     0x28  demo_fatfs.o [1]
  .text               ro code  0x08045d14     0x28  data_init.o [5]
  .rodata             const    0x08045d3c     0x24  apptask.o [1]
  .rodata             const    0x08045d60     0x24  apptask.o [1]
  .rodata             const    0x08045d84     0x24  apptask.o [1]
  .rodata             const    0x08045da8     0x24  apptask.o [1]
  .rodata             const    0x08045dcc     0x24  apptask.o [1]
  .rodata             const    0x08045df0     0x24  apptask.o [1]
  .rodata             const    0x08045e14     0x24  apptask.o [1]
  .rodata             const    0x08045e38     0x24  apptask.o [1]
  .rodata             const    0x08045e5c     0x24  apptask.o [1]
  .rodata             const    0x08045e80     0x24  demo_fatfs.o [1]
  .rodata             const    0x08045ea4     0x24  demo_fatfs.o [1]
  .rodata             const    0x08045ec8     0x24  usbh_usr.o [1]
  .text               ro code  0x08045eec     0x22  fpinit_M.o [4]
  .iar.init_table     const    0x08045f10     0x34  - Linker created -
  .rodata             const    0x08045f44     0x20  apptask.o [1]
  .rodata             const    0x08045f64     0x20  apptask.o [1]
  .rodata             const    0x08045f84     0x20  apptask.o [1]
  .rodata             const    0x08045fa4     0x20  demo_fatfs.o [1]
  .rodata             const    0x08045fc4     0x20  demo_fatfs.o [1]
  .rodata             const    0x08045fe4     0x20  demo_fatfs.o [1]
  .rodata             const    0x08046004     0x20  usbh_usr.o [1]
  .rodata             const    0x08046024     0x20  usbh_usr.o [1]
  .rodata             const    0x08046044     0x20  usbh_usr.o [1]
  .rodata             const    0x08046064     0x20  usbh_usr.o [1]
  .rodata             const    0x08046084     0x20  usbh_usr.o [1]
  .rodata             const    0x080460a4     0x1c  apptask.o [1]
  .rodata             const    0x080460c0     0x1c  apptask.o [1]
  .rodata             const    0x080460dc     0x1c  apptask.o [1]
  .rodata             const    0x080460f8     0x1c  apptask.o [1]
  .rodata             const    0x08046114     0x1c  apptask.o [1]
  .rodata             const    0x08046130     0x1c  apptask.o [1]
  .rodata             const    0x0804614c     0x1c  apptask.o [1]
  .rodata             const    0x08046168     0x1c  apptask.o [1]
  .rodata             const    0x08046184     0x1c  demo_fatfs.o [1]
  .rodata             const    0x080461a0     0x1c  demo_fatfs.o [1]
  .rodata             const    0x080461bc     0x1c  usbh_usr.o [1]
  .rodata             const    0x080461d8     0x1c  usbh_usr.o [1]
  .rodata             const    0x080461f4     0x1c  usbh_usr.o [1]
  .rodata             const    0x08046210     0x1c  usbh_usr.o [1]
  .rodata             const    0x0804622c     0x1c  usbh_usr.o [1]
  .rodata             const    0x08046248     0x1c  usbh_usr.o [1]
  .text               ro code  0x08046264     0x1a  cmain.o [5]
  .text               ro code  0x0804627e      0x4  exit.o [3]
  .text               ro code  0x08046284      0xa  cexit.o [5]
  .rodata             const    0x08046290     0x18  apptask.o [1]
  .rodata             const    0x080462a8     0x18  apptask.o [1]
  .rodata             const    0x080462c0     0x18  apptask.o [1]
  .rodata             const    0x080462d8     0x18  apptask.o [1]
  .rodata             const    0x080462f0     0x18  apptask.o [1]
  .rodata             const    0x08046308     0x18  apptask.o [1]
  .rodata             const    0x08046320     0x18  apptask.o [1]
  .rodata             const    0x08046338     0x18  apptask.o [1]
  .rodata             const    0x08046350     0x18  demo_fatfs.o [1]
  .rodata             const    0x08046368     0x18  demo_fatfs.o [1]
  .rodata             const    0x08046380     0x18  demo_fatfs.o [1]
  .rodata             const    0x08046398     0x18  demo_fatfs.o [1]
  .rodata             const    0x080463b0     0x18  para.o [1]
  .rodata             const    0x080463c8     0x18  usbh_usr.o [1]
  .rodata             const    0x080463e0     0x18  usbh_usr.o [1]
  .rodata             const    0x080463f8     0x18  usbh_usr.o [1]
  .rodata             const    0x08046410     0x18  usbh_usr.o [1]
  .rodata             const    0x08046428     0x18  usbh_usr.o [1]
  .text               ro code  0x08046440     0x16  xprout.o [3]
  .text               ro code  0x08046458      0xc  putchar.o [3]
  .rodata             const    0x08046464     0x14  apptask.o [1]
  .rodata             const    0x08046478     0x14  apptask.o [1]
  .rodata             const    0x0804648c     0x14  apptask.o [1]
  .rodata             const    0x080464a0     0x14  apptask.o [1]
  .rodata             const    0x080464b4     0x14  apptask.o [1]
  .rodata             const    0x080464c8     0x14  apptask.o [1]
  .rodata             const    0x080464dc     0x14  apptask.o [1]
  .rodata             const    0x080464f0     0x14  apptask.o [1]
  .rodata             const    0x08046504     0x14  usbh_usr.o [1]
  .rodata             const    0x08046518     0x14  usbh_usr.o [1]
  .rodata             const    0x0804652c     0x10  apptask.o [1]
  .rodata             const    0x0804653c     0x10  apptask.o [1]
  .rodata             const    0x0804654c     0x10  apptask.o [1]
  .rodata             const    0x0804655c     0x10  apptask.o [1]
  .rodata             const    0x0804656c     0x10  apptask.o [1]
  .rodata             const    0x0804657c     0x10  apptask.o [1]
  .rodata             const    0x0804658c     0x10  apptask.o [1]
  .rodata             const    0x0804659c     0x10  apptask.o [1]
  .rodata             const    0x080465ac     0x10  apptask.o [1]
  .rodata             const    0x080465bc     0x10  apptask.o [1]
  .rodata             const    0x080465cc     0x10  apptask.o [1]
  .rodata             const    0x080465dc     0x10  apptask.o [1]
  .rodata             const    0x080465ec     0x10  apptask.o [1]
  .rodata             const    0x080465fc     0x10  apptask.o [1]
  .rodata             const    0x0804660c     0x10  apptask.o [1]
  .rodata             const    0x0804661c     0x10  apptask.o [1]
  .rodata             const    0x0804662c     0x10  apptask.o [1]
  .rodata             const    0x0804663c     0x10  apptask.o [1]
  .rodata             const    0x0804664c     0x10  apptask.o [1]
  .rodata             const    0x0804665c     0x10  bsp_sdwe050c17.o [1]
  .rodata             const    0x0804666c     0x10  ff.o [1]
  .rodata             const    0x0804667c     0x10  main.o [1]
  .rodata             const    0x0804668c     0x10  main.o [1]
  .rodata             const    0x0804669c     0x10  para.o [1]
  .rodata             const    0x080466ac     0x10  para.o [1]
  .rodata             const    0x080466bc     0x10  usbh_usr.o [1]
  .rodata             const    0x080466cc     0x10  usbh_usr.o [1]
  .text               ro code  0x080466dc     0x10  startup_stm32f40_41xxx.o [1]
  .text               ro code  0x080466ec     0x10  usbh_it.o [1]
  .rodata             const    0x080466fc      0xc  apptask.o [1]
  .rodata             const    0x08046708      0xc  apptask.o [1]
  .rodata             const    0x08046714      0xc  apptask.o [1]
  .rodata             const    0x08046720      0xc  apptask.o [1]
  .rodata             const    0x0804672c      0xc  apptask.o [1]
  .rodata             const    0x08046738      0xc  apptask.o [1]
  .rodata             const    0x08046744      0xc  apptask.o [1]
  .rodata             const    0x08046750      0xc  apptask.o [1]
  .rodata             const    0x0804675c      0xc  apptask.o [1]
  .rodata             const    0x08046768      0xc  apptask.o [1]
  .rodata             const    0x08046774      0xc  apptask.o [1]
  .rodata             const    0x08046780      0xc  apptask.o [1]
  .rodata             const    0x0804678c      0xc  apptask.o [1]
  .rodata             const    0x08046798      0xc  apptask.o [1]
  .rodata             const    0x080467a4      0xc  apptask.o [1]
  .rodata             const    0x080467b0      0xc  apptask.o [1]
  .rodata             const    0x080467bc      0xc  apptask.o [1]
  .rodata             const    0x080467c8      0xc  apptask.o [1]
  .rodata             const    0x080467d4      0xc  apptask.o [1]
  .rodata             const    0x080467e0      0xc  apptask.o [1]
  .rodata             const    0x080467ec      0xc  apptask.o [1]
  .rodata             const    0x080467f8      0xc  apptask.o [1]
  .rodata             const    0x08046804      0xc  apptask.o [1]
  .rodata             const    0x08046810      0xc  apptask.o [1]
  .rodata             const    0x0804681c      0xc  apptask.o [1]
  .rodata             const    0x08046828      0xc  apptask.o [1]
  .rodata             const    0x08046834      0xc  apptask.o [1]
  .rodata             const    0x08046840      0xc  apptask.o [1]
  .rodata             const    0x0804684c      0xc  apptask.o [1]
  .rodata             const    0x08046858      0xc  apptask.o [1]
  .rodata             const    0x08046864      0xc  apptask.o [1]
  .rodata             const    0x08046870      0xc  apptask.o [1]
  .rodata             const    0x0804687c      0xc  apptask.o [1]
  .rodata             const    0x08046888      0xc  bsp_sdwe050c17.o [1]
  .rodata             const    0x08046894      0xc  demo_fatfs.o [1]
  .rodata             const    0x080468a0      0xc  ff.o [1]
  .rodata             const    0x080468ac      0xc  page_weimi.o [1]
  .rodata             const    0x080468b8      0xc  para.o [1]
  .rodata             const    0x080468c4      0xc  para.o [1]
  .rodata             const    0x080468d0      0xc  para.o [1]
  .rodata             const    0x080468dc      0xc  para.o [1]
  .rodata             const    0x080468e8      0xc  para.o [1]
  .text               ro code  0x080468f4      0xc  cstartup_M.o [5]
  .rodata             const    0x08046900      0x8  apptask.o [1]
  .rodata             const    0x08046908      0x8  apptask.o [1]
  .rodata             const    0x08046910      0x8  apptask.o [1]
  .rodata             const    0x08046918      0x8  apptask.o [1]
  .rodata             const    0x08046920      0x8  apptask.o [1]
  .rodata             const    0x08046928      0x8  apptask.o [1]
  .rodata             const    0x08046930      0x8  apptask.o [1]
  .rodata             const    0x08046938      0x8  apptask.o [1]
  .rodata             const    0x08046940      0x8  apptask.o [1]
  .rodata             const    0x08046948      0x8  apptask.o [1]
  .rodata             const    0x08046950      0x8  apptask.o [1]
  .rodata             const    0x08046958      0x8  apptask.o [1]
  .rodata             const    0x08046960      0x8  apptask.o [1]
  .rodata             const    0x08046968      0x8  apptask.o [1]
  .rodata             const    0x08046970      0x8  bsp_sdwe050c17.o [1]
  .rodata             const    0x08046978      0x8  bsp_w25qxx.o [1]
  .rodata             const    0x08046980      0x8  ff.o [1]
  .rodata             const    0x08046988      0x8  malloc.o [1]
  .rodata             const    0x08046990      0x8  malloc.o [1]
  .rodata             const    0x08046998      0x8  malloc.o [1]
  .rodata             const    0x080469a0      0x8  para.o [1]
  .rodata             const    0x080469a8      0x8  para.o [1]
  .rodata             const    0x080469b0      0x8  para.o [1]
  .rodata             const    0x080469b8      0x8  para.o [1]
  .rodata             const    0x080469c0      0x8  para.o [1]
  .rodata             const    0x080469c8      0x8  para.o [1]
  .rodata             const    0x080469d0      0x8  para.o [1]
  .rodata             const    0x080469d8      0x8  para.o [1]
  .rodata             const    0x080469e0      0x8  para.o [1]
  .rodata             const    0x080469e8      0x8  para.o [1]
  .rodata             const    0x080469f0      0x8  para.o [1]
  .rodata             const    0x080469f8      0x8  para.o [1]
  .rodata             const    0x08046a00      0x8  para.o [1]
  .rodata             const    0x08046a08      0x8  para.o [1]
  .rodata             const    0x08046a10      0x8  para.o [1]
  .rodata             const    0x08046a18      0x8  para.o [1]
  .rodata             const    0x08046a20      0x8  para.o [1]
  .rodata             const    0x08046a28      0x8  para.o [1]
  .rodata             const    0x08046a30      0x8  para.o [1]
  .rodata             const    0x08046a38      0x8  para.o [1]
  .rodata             const    0x08046a40      0x8  para.o [1]
  .rodata             const    0x08046a48      0x8  tasks.o [1]
  .rodata             const    0x08046a50      0x8  timers.o [1]
  .rodata             const    0x08046a58      0x4  heap_4.o [1]
  .rodata             const    0x08046a5c      0x4  port.o [1]
  .text               ro code  0x08046a60      0x4  startup_stm32f40_41xxx.o [1]
  .text               ro code  0x08046a64      0x4  startup_stm32f40_41xxx.o [1]
  .text               ro code  0x08046a68      0x4  startup_stm32f40_41xxx.o [1]
  .text               ro code  0x08046a6c      0x4  startup_stm32f40_41xxx.o [1]
  .text               ro code  0x08046a70      0x4  startup_stm32f40_41xxx.o [1]
  .text               ro code  0x08046a74      0x4  startup_stm32f40_41xxx.o [1]
  .text               ro code  0x08046a78      0x4  startup_stm32f40_41xxx.o [1]
  .text               ro code  0x08046a7c      0x4  startup_stm32f40_41xxx.o [1]
  .text               ro code  0x08046a80      0x4  startup_stm32f40_41xxx.o [1]
  .text               ro code  0x08046a84      0x4  startup_stm32f40_41xxx.o [1]
  .text               ro code  0x08046a88      0x4  startup_stm32f40_41xxx.o [1]
  .text               ro code  0x08046a8c      0x4  startup_stm32f40_41xxx.o [1]
  .text               ro code  0x08046a90      0x4  startup_stm32f40_41xxx.o [1]
  .text               ro code  0x08046a94      0x4  startup_stm32f40_41xxx.o [1]
  .text               ro code  0x08046a98      0x4  startup_stm32f40_41xxx.o [1]
  .text               ro code  0x08046a9c      0x4  startup_stm32f40_41xxx.o [1]
  .text               ro code  0x08046aa0      0x4  startup_stm32f40_41xxx.o [1]
  .text               ro code  0x08046aa4      0x4  startup_stm32f40_41xxx.o [1]
  .text               ro code  0x08046aa8      0x4  startup_stm32f40_41xxx.o [1]
  .text               ro code  0x08046aac      0x4  startup_stm32f40_41xxx.o [1]
  .text               ro code  0x08046ab0      0x4  startup_stm32f40_41xxx.o [1]
  .text               ro code  0x08046ab4      0x4  startup_stm32f40_41xxx.o [1]
  .text               ro code  0x08046ab8      0x4  startup_stm32f40_41xxx.o [1]
  .text               ro code  0x08046abc      0x4  startup_stm32f40_41xxx.o [1]
  .text               ro code  0x08046ac0      0x4  startup_stm32f40_41xxx.o [1]
  .text               ro code  0x08046ac4      0x4  startup_stm32f40_41xxx.o [1]
  .text               ro code  0x08046ac8      0x4  startup_stm32f40_41xxx.o [1]
  .text               ro code  0x08046acc      0x4  startup_stm32f40_41xxx.o [1]
  .text               ro code  0x08046ad0      0x4  startup_stm32f40_41xxx.o [1]
  .text               ro code  0x08046ad4      0x4  startup_stm32f40_41xxx.o [1]
  .text               ro code  0x08046ad8      0x4  startup_stm32f40_41xxx.o [1]
  .text               ro code  0x08046adc      0x4  startup_stm32f40_41xxx.o [1]
  .text               ro code  0x08046ae0      0x4  startup_stm32f40_41xxx.o [1]
  .text               ro code  0x08046ae4      0x4  startup_stm32f40_41xxx.o [1]
  .text               ro code  0x08046ae8      0x4  startup_stm32f40_41xxx.o [1]
  .text               ro code  0x08046aec      0x4  startup_stm32f40_41xxx.o [1]
  .text               ro code  0x08046af0      0x4  startup_stm32f40_41xxx.o [1]
  .text               ro code  0x08046af4      0x4  startup_stm32f40_41xxx.o [1]
  .text               ro code  0x08046af8      0x4  startup_stm32f40_41xxx.o [1]
  .text               ro code  0x08046afc      0x4  startup_stm32f40_41xxx.o [1]
  .text               ro code  0x08046b00      0x4  startup_stm32f40_41xxx.o [1]
  .text               ro code  0x08046b04      0x4  startup_stm32f40_41xxx.o [1]
  .text               ro code  0x08046b08      0x4  startup_stm32f40_41xxx.o [1]
  .text               ro code  0x08046b0c      0x4  startup_stm32f40_41xxx.o [1]
  .text               ro code  0x08046b10      0x4  startup_stm32f40_41xxx.o [1]
  .text               ro code  0x08046b14      0x4  startup_stm32f40_41xxx.o [1]
  .text               ro code  0x08046b18      0x4  startup_stm32f40_41xxx.o [1]
  .text               ro code  0x08046b1c      0x4  startup_stm32f40_41xxx.o [1]
  .text               ro code  0x08046b20      0x4  startup_stm32f40_41xxx.o [1]
  .text               ro code  0x08046b24      0x4  startup_stm32f40_41xxx.o [1]
  .text               ro code  0x08046b28      0x4  startup_stm32f40_41xxx.o [1]
  .text               ro code  0x08046b2c      0x4  startup_stm32f40_41xxx.o [1]
  .text               ro code  0x08046b30      0x4  startup_stm32f40_41xxx.o [1]
  .text               ro code  0x08046b34      0x4  startup_stm32f40_41xxx.o [1]
  .text               ro code  0x08046b38      0x4  startup_stm32f40_41xxx.o [1]
  .text               ro code  0x08046b3c      0x4  startup_stm32f40_41xxx.o [1]
  .text               ro code  0x08046b40      0x4  startup_stm32f40_41xxx.o [1]
  .text               ro code  0x08046b44      0x4  startup_stm32f40_41xxx.o [1]
  .text               ro code  0x08046b48      0x4  startup_stm32f40_41xxx.o [1]
  .text               ro code  0x08046b4c      0x4  startup_stm32f40_41xxx.o [1]
  .text               ro code  0x08046b50      0x4  startup_stm32f40_41xxx.o [1]
  .text               ro code  0x08046b54      0x4  startup_stm32f40_41xxx.o [1]
  .text               ro code  0x08046b58      0x4  startup_stm32f40_41xxx.o [1]
  .text               ro code  0x08046b5c      0x4  startup_stm32f40_41xxx.o [1]
  .text               ro code  0x08046b60      0x4  startup_stm32f40_41xxx.o [1]
  .text               ro code  0x08046b64      0x4  startup_stm32f40_41xxx.o [1]
  .text               ro code  0x08046b68      0x4  startup_stm32f40_41xxx.o [1]
  .text               ro code  0x08046b6c      0x4  startup_stm32f40_41xxx.o [1]
  .rodata             const    0x08046b70      0x0  zero_init3.o [5]
  .rodata             const    0x08046b70      0x0  packbits_init.o [5]
  Initializer bytes   const    0x08046b70    0x125  <for P2 s0>
                             - 0x08046c95  0x46b0d

"P2":                                      0x1d4a0
  P2 s0                        0x20000000    0x246  <Init block>
    __DLIB_PERTHREAD  inited   0x20000000     0x88  localeconv.o [3]
    __DLIB_PERTHREAD  inited   0x20000088     0x74  setlocale.o [3]
    .data             inited   0x200000fc     0x50  demo_fatfs.o [1]
    .data             inited   0x2000014c     0x48  usbh_usr.o [1]
    .data             inited   0x20000194     0x40  xfiles.o [3]
    .data             inited   0x200001d4     0x1c  malloc.o [1]
    .data             inited   0x200001f0     0x14  bsp_servomotor.o [1]
    .data             inited   0x20000204     0x10  stm32f4xx_rcc.o [1]
    .data             inited   0x20000214     0x10  usbh_msc_core.o [1]
    .data             inited   0x20000224      0xc  usbh_core.o [1]
    .data             inited   0x20000230      0x4  port.o [1]
    .data             inited   0x20000234      0x4  system_stm32f4xx.o [1]
    .data             inited   0x20000238      0x4  usbh_core.o [1]
    __DLIB_PERTHREAD  inited   0x2000023c      0x4  errno.o [3]
    .data             inited   0x20000240      0x2  bsp_w25qxx.o [1]
    .data             inited   0x20000242      0x1  apptask.o [1]
    .data             inited   0x20000243      0x1  encoder_tim.o [1]
    .data             inited   0x20000244      0x1  page_weimi.o [1]
    .data             inited   0x20000245      0x1  usbh_msc_scsi.o [1]
  .bss                zero     0x20000248   0xf000  heap_4.o [1]
  .bss                zero     0x2000f248   0xa000  malloc.o [1]
  .bss                zero     0x20019248   0x1000  bsp_w25qxx.o [1]
  .bss                zero     0x2001a248    0xa00  malloc.o [1]
  .bss                zero     0x2001ac48    0x5ac  usbh_usr.o [1]
  .bss                zero     0x2001b1f4    0x5ac  usbh_usr.o [1]
  .bss                zero     0x2001b7a0    0x3e8  bsp_uart_fifo.o [1]
  .bss                zero     0x2001bb88    0x200  ff.o [1]
  .bss                zero     0x2001bd88    0x200  usbh_msc_scsi.o [1]
  .bss                zero     0x2001bf88    0x200  usbh_stdreq.o [1]
  .bss                zero     0x2001c188    0x140  tasks.o [1]
  .bss                zero     0x2001c2c8    0x12c  page_weimi.o [1]
  .bss                zero     0x2001c3f4     0xd4  protocol.o [1]
  .bss                zero     0x2001c4c8     0xa4  protocol.o [1]
  .bss                zero     0x2001c56c     0x98  para.o [1]
  .bss                zero     0x2001c604     0x94  usbh_usr.o [1]
  .bss                zero     0x2001c698     0x64  bsp_uart_fifo.o [1]
  .bss                zero     0x2001c6fc     0x64  bsp_uart_fifo.o [1]
  .bss                zero     0x2001c760     0x58  bsp_sdio_sd.o [1]
  .bss                zero     0x2001c7b8     0x58  protocol.o [1]
  .bss                zero     0x2001c810     0x50  xfiles.o [3]
  .bss                zero     0x2001c860     0x4c  usbh_msc_core.o [1]
  .bss                zero     0x2001c8ac     0x3c  page_weimi.o [1]
  .bss                zero     0x2001c8e8     0x34  bsp_sdwe050c17.o [1]
  .bss                zero     0x2001c91c     0x30  product_cal.o [1]
  .bss                zero     0x2001c94c     0x28  product_cal.o [1]
  .bss                zero     0x2001c974     0x24  ff.o [1]
  .bss                zero     0x2001c998     0x20  usbh_msc_bot.o [1]
  .bss                zero     0x2001c9b8     0x18  bsp_sdio_sd.o [1]
  .bss                zero     0x2001c9d0     0x18  bsp_sdio_sd.o [1]
  .bss                zero     0x2001c9e8     0x14  bsp_sdio_sd.o [1]
  .bss                zero     0x2001c9fc     0x14  rc522.o [1]
  .bss                zero     0x2001ca10     0x14  tasks.o [1]
  .bss                zero     0x2001ca24     0x14  tasks.o [1]
  .bss                zero     0x2001ca38     0x14  tasks.o [1]
  .bss                zero     0x2001ca4c     0x14  tasks.o [1]
  .bss                zero     0x2001ca60     0x14  tasks.o [1]
  .bss                zero     0x2001ca74     0x14  timers.o [1]
  .bss                zero     0x2001ca88     0x14  timers.o [1]
  .bss                zero     0x2001ca9c     0x10  bsp_sdio_sd.o [1]
  .bss                zero     0x2001caac     0x10  bsp_sdio_sd.o [1]
  .bss                zero     0x2001cabc     0x10  encoder_tim.o [1]
  .bss                zero     0x2001cacc     0x10  usbh_msc_bot.o [1]
  .bss                zero     0x2001cadc     0x10  usbh_msc_bot.o [1]
  .bss                zero     0x2001caec     0x10  usbh_msc_scsi.o [1]
  .bss                zero     0x2001cafc      0xc  apptask.o [1]
  .bss                zero     0x2001cb08      0xc  apptask.o [1]
  .bss                zero     0x2001cb14      0xc  ff.o [1]
  .bss                zero     0x2001cb20      0xc  protocol.o [1]
  .bss                zero     0x2001cb2c      0xc  protocol.o [1]
  .bss                zero     0x2001cb38      0xc  protocol.o [1]
  .bss                zero     0x2001cb44      0x8  heap_4.o [1]
  .bss                zero     0x2001cb4c      0x8  modbus.o [1]
  .bss                zero     0x2001cb54      0x8  protocol.o [1]
  .bss                zero     0x2001cb5c      0x4  apptask.o [1]
  .bss                zero     0x2001cb60      0x4  apptask.o [1]
  .bss                zero     0x2001cb64      0x4  apptask.o [1]
  .bss                zero     0x2001cb68      0x4  apptask.o [1]
  .bss                zero     0x2001cb6c      0x4  apptask.o [1]
  .bss                zero     0x2001cb70      0x4  apptask.o [1]
  .bss                zero     0x2001cb74      0x4  apptask.o [1]
  .bss                zero     0x2001cb78      0x4  apptask.o [1]
  .bss                zero     0x2001cb7c      0x4  apptask.o [1]
  .bss                zero     0x2001cb80      0x4  apptask.o [1]
  .bss                zero     0x2001cb84      0x4  apptask.o [1]
  .bss                zero     0x2001cb88      0x4  apptask.o [1]
  .bss                zero     0x2001cb8c      0x4  apptask.o [1]
  .bss                zero     0x2001cb90      0x4  apptask.o [1]
  .bss                zero     0x2001cb94      0x4  apptask.o [1]
  .bss                zero     0x2001cb98      0x4  apptask.o [1]
  .bss                zero     0x2001cb9c      0x4  apptask.o [1]
  .bss                zero     0x2001cba0      0x4  apptask.o [1]
  .bss                zero     0x2001cba4      0x4  apptask.o [1]
  .bss                zero     0x2001cba8      0x4  apptask.o [1]
  .bss                zero     0x2001cbac      0x4  apptask.o [1]
  .bss                zero     0x2001cbb0      0x4  apptask.o [1]
  .bss                zero     0x2001cbb4      0x4  bsp_sdio_sd.o [1]
  .bss                zero     0x2001cbb8      0x4  bsp_sdio_sd.o [1]
  .bss                zero     0x2001cbbc      0x4  bsp_sdio_sd.o [1]
  .bss                zero     0x2001cbc0      0x4  bsp_sdio_sd.o [1]
  .bss                zero     0x2001cbc4      0x4  bsp_sdio_sd.o [1]
  .bss                zero     0x2001cbc8      0x4  bsp_timer.o [1]
  .bss                zero     0x2001cbcc      0x4  bsp_timer.o [1]
  .bss                zero     0x2001cbd0      0x4  bsp_timer.o [1]
  .bss                zero     0x2001cbd4      0x4  bsp_timer.o [1]
  .bss                zero     0x2001cbd8      0x4  heap_4.o [1]
  .bss                zero     0x2001cbdc      0x4  heap_4.o [1]
  .bss                zero     0x2001cbe0      0x4  heap_4.o [1]
  .bss                zero     0x2001cbe4      0x4  heap_4.o [1]
  .bss                zero     0x2001cbe8      0x4  page_weimi.o [1]
  .bss                zero     0x2001cbec      0x4  page_weimi.o [1]
  .bss                zero     0x2001cbf0      0x4  port.o [1]
  .bss                zero     0x2001cbf4      0x4  product_cal.o [1]
  .bss                zero     0x2001cbf8      0x4  product_cal.o [1]
  .bss                zero     0x2001cbfc      0x4  SysInfoTest.o [1]
  .bss                zero     0x2001cc00      0x4  tasks.o [1]
  .bss                zero     0x2001cc04      0x4  tasks.o [1]
  .bss                zero     0x2001cc08      0x4  tasks.o [1]
  .bss                zero     0x2001cc0c      0x4  tasks.o [1]
  .bss                zero     0x2001cc10      0x4  tasks.o [1]
  .bss                zero     0x2001cc14      0x4  tasks.o [1]
  .bss                zero     0x2001cc18      0x4  tasks.o [1]
  .bss                zero     0x2001cc1c      0x4  tasks.o [1]
  .bss                zero     0x2001cc20      0x4  tasks.o [1]
  .bss                zero     0x2001cc24      0x4  tasks.o [1]
  .bss                zero     0x2001cc28      0x4  tasks.o [1]
  .bss                zero     0x2001cc2c      0x4  tasks.o [1]
  .bss                zero     0x2001cc30      0x4  tasks.o [1]
  .bss                zero     0x2001cc34      0x4  tasks.o [1]
  .bss                zero     0x2001cc38      0x4  tasks.o [1]
  .bss                zero     0x2001cc3c      0x4  tasks.o [1]
  .bss                zero     0x2001cc40      0x4  timers.o [1]
  .bss                zero     0x2001cc44      0x4  timers.o [1]
  .bss                zero     0x2001cc48      0x4  timers.o [1]
  .bss                zero     0x2001cc4c      0x4  timers.o [1]
  .bss                zero     0x2001cc50      0x4  usbh_msc_bot.o [1]
  .bss                zero     0x2001cc54      0x4  usbh_msc_bot.o [1]
  .bss                zero     0x2001cc58      0x4  usbh_msc_bot.o [1]
  .bss                zero     0x2001cc5c      0x4  usbh_msc_bot.o [1]
  .bss                zero     0x2001cc60      0x2  apptask.o [1]
  .bss                zero     0x2001cc62      0x2  apptask.o [1]
  .bss                zero     0x2001cc64      0x2  apptask.o [1]
  .bss                zero     0x2001cc66      0x2  apptask.o [1]
  .bss                zero     0x2001cc68      0x2  apptask.o [1]
  .bss                zero     0x2001cc6a      0x2  bsp_sdwe050c17.o [1]
  .bss                zero     0x2001cc6c      0x2  encoder_tim.o [1]
  .bss                zero     0x2001cc6e      0x2  encoder_tim.o [1]
  .bss                zero     0x2001cc70      0x2  ff.o [1]
  .bss                zero     0x2001cc72      0x2  page_weimi.o [1]
  .bss                zero     0x2001cc74      0x2  page_weimi.o [1]
  .bss                zero     0x2001cc76      0x2  page_weimi.o [1]
  .bss                zero     0x2001cc78      0x2  product_cal.o [1]
  .bss                zero     0x2001cc7a      0x2  usbh_core.o [1]
  .bss                zero     0x2001cc7c      0x2  usbh_stdreq.o [1]
  .bss                zero     0x2001cc7e      0x1  apptask.o [1]
  .bss                zero     0x2001cc7f      0x1  apptask.o [1]
  .bss                zero     0x2001cc80      0x1  apptask.o [1]
  .bss                zero     0x2001cc81      0x1  apptask.o [1]
  .bss                zero     0x2001cc82      0x1  apptask.o [1]
  .bss                zero     0x2001cc83      0x1  apptask.o [1]
  .bss                zero     0x2001cc84      0x1  apptask.o [1]
  .bss                zero     0x2001cc85      0x1  apptask.o [1]
  .bss                zero     0x2001cc86      0x1  apptask.o [1]
  .bss                zero     0x2001cc87      0x1  apptask.o [1]
  .bss                zero     0x2001cc88      0x1  apptask.o [1]
  .bss                zero     0x2001cc89      0x1  apptask.o [1]
  .bss                zero     0x2001cc8a      0x1  bsp_sdio_sd.o [1]
  .bss                zero     0x2001cc8b      0x1  bsp_sdwe050c17.o [1]
  .bss                zero     0x2001cc8c      0x1  bsp_uart_fifo.o [1]
  .bss                zero     0x2001cc8d      0x1  page_weimi.o [1]
  .bss                zero     0x2001cc8e      0x1  page_weimi.o [1]
  .bss                zero     0x2001cc8f      0x1  page_weimi.o [1]
  .bss                zero     0x2001cc90      0x1  page_weimi.o [1]
  .bss                zero     0x2001cc91      0x1  page_weimi.o [1]
  .bss                zero     0x2001cc92      0x1  port.o [1]
  .bss                zero     0x2001cc93      0x1  product_cal.o [1]
  .bss                zero     0x2001cc94      0x1  product_cal.o [1]
  .bss                zero     0x2001cc95      0x1  product_cal.o [1]
  .bss                zero     0x2001cc96      0x1  protocol.o [1]
  .bss                zero     0x2001cc97      0x1  rc522.o [1]
  .bss                zero     0x2001cc98      0x1  rc522.o [1]
  .bss                zero     0x2001cc99      0x1  usbh_msc_bot.o [1]
  .bss                zero     0x2001cc9a      0x1  usbh_msc_core.o [1]
  .bss                zero     0x2001cc9b      0x1  usbh_msc_core.o [1]
  .bss                zero     0x2001cc9c      0x1  usbh_stdreq.o [1]
  .bss                zero     0x2001cc9d      0x1  usbh_usr.o [1]
  CSTACK                       0x2001cca0    0x800  <Block>
    CSTACK            uninit   0x2001cca0    0x800  <Block tail>
                             - 0x2001d4a0  0x1d4a0

Absolute sections:                         0xff000
  .bss                zero     0x68000000  0xf0000  malloc.o [1]
  .bss                zero     0x680f0000   0xf000  malloc.o [1]
                             - 0x680ff000  0xff000


*******************************************************************************
*** INIT TABLE
***

          Address     Size
          -------     ----
Zero (__iar_zero_init3)
    2 destination ranges, total size 0x11ba56:
          0x20000248  0x1ca56
          0x68000000  0xff000

Copy/packbits (__iar_packbits_init3)
    1 source range, total size 0x125 (50% of destination):
          0x08046b70    0x125
    1 destination range, total size 0x246:
          0x20000000    0x246



*******************************************************************************
*** MODULE SUMMARY
***

    Module                    ro code  ro data  rw data    rw data
                                                            (abs)
    ------                    -------  -------  -------    -------
E:\WORK\YarnControl_Driver\YarnControl_Driver\src\stm32f4_rtos\Project\EWARMv7\Flash\Obj: [1]
    SysInfoTest.o                  60                 4
    apptask.o                  24 208    2 973      135
    bsp.o                          72
    bsp_closeSW.o                 212
    bsp_dwt.o                     116
    bsp_led.o                     192
    bsp_relay.o                    68
    bsp_sdio_sd.o               6 744               209
    bsp_sdwe050c17.o            5 716       36       55
    bsp_servomotor.o              876       10       20
    bsp_spi.o                     292
    bsp_stepmotor.o               808
    bsp_sw_onoff.o                104
    bsp_tim_pwm.o                 736
    bsp_timer.o                   516                16
    bsp_uart_fifo.o             2 720             1 201
    bsp_w25qxx.o                  896        9    4 098
    bsp_watchdog.o                  8
    cc936.o                       244  176 320
    demo_fatfs.o                           733       80
    diskio.o                      740
    encoder_tim.o                 604                21
    event_groups.o                610
    ff.o                        9 368       36      562
    heap_4.o                      640        4   61 464
    list.o                        152
    main.o                         52       32
    malloc.o                      540       38   43 548  1 044 480
    mcheck.o                      184      768
    misc.o                        136
    modbus.o                      852                 8
    page_weimi.o                  936       13      380
    para.o                      5 114      284      152
    port.o                        588        6        9
    portasm.o                     168
    product_cal.o               1 324      400      101
    protocol.o                    128               509
    queue.o                     1 992
    rc522.o                       238                22
    startup_stm32f40_41xxx.o      680
    stm32f4xx_dma.o               796
    stm32f4xx_exti.o              192
    stm32f4xx_gpio.o              300
    stm32f4xx_it.o                 56       44
    stm32f4xx_iwdg.o               16
    stm32f4xx_rcc.o               488        8       16
    stm32f4xx_sdio.o              380
    stm32f4xx_spi.o               116
    stm32f4xx_syscfg.o             84
    stm32f4xx_tim.o             1 782
    stm32f4xx_usart.o             596
    system_stm32f4xx.o            340        2        4
    tasks.o                     3 072        8      484
    timers.o                    1 188        8       56
    usb_bsp.o                     332
    usb_core.o                  2 640
    usb_hcd.o                     214
    usb_hcd_int.o               3 198
    usbh_core.o                 1 888        8       18
    usbh_hcs.o                    442
    usbh_ioreq.o                  582
    usbh_it.o                      16
    usbh_msc_bot.o              1 364                81
    usbh_msc_core.o             1 000        8       94
    usbh_msc_scsi.o             1 560        1      529
    usbh_stdreq.o               1 078               515
    usbh_usr.o                    418      592    3 125
    --------------------------------------------------------------
    Total:                     93 772  182 341  117 516  1 044 480

command line: [2]
    --------------------------------------------------------------
    Total:

dl7M_tlf.a: [3]
    abort.o                         6
    div.o                          14
    errno.o                        12        2        4
    exit.o                          4
    isxxx.o                        40
    localeconv.o                  108       68      136
    printf.o                       36
    putchar.o                      12
    setlocale.o                    24       58      116
    sprintf.o                      52
    sscanf.o                       36
    strcat.o                       28
    strstr.o                       44
    tolower.o                      20
    xfiles.o                                32      144
    xlocale_c.o                    54
    xprintffull_nomb.o          3 478
    xprout.o                       22
    xscanffull_nomb.o           2 916
    xsprout.o                      10
    xsscin.o                       30
    xstoflt.o                     440
    xstoll.o                      164
    xstopfx.o                     292
    xstoull.o                     432
    xstoxflt.o                    536
    xtls.o                          2
    --------------------------------------------------------------
    Total:                      8 812      160      400

m7M_tls.a: [4]
    DblAdd.o                      232
    DblCmpEq.o                     32
    DblCmpGe.o                     46
    DblCmpLe.o                     46
    DblDiv.o                      598
    DblMul.o                      418
    DblSub.o                      384
    DblToFlt.o                    144
    DblToI32.o                     88
    FltToDbl.o                     78
    I32ToDbl.o                     48
    fpinit_M.o                     34
    xdnorm.o                       66
    xdscale.o                     276
    xdtento.o                     512
    xdunscal.o                     82
    xstold.o                      360
    --------------------------------------------------------------
    Total:                      3 444

rt7M_tl.a: [5]
    ABImemcpy_unaligned.o         118
    ABImemset.o                   102
    I64DivMod.o                   306
    I64DivZer.o                     2
    cexit.o                        10
    cmain.o                        26
    cstartup_M.o                   12
    data_init.o                    40
    memchr.o                       88
    memcmp_unaligned.o             98
    packbits_init.o               208
    strchr.o                       22
    strcmp_unaligned.o             66
    strcpy_unaligned.o             68
    strlen.o                       54
    zero_init3.o                   64
    --------------------------------------------------------------
    Total:                      1 284

shb_l.a: [6]
    exit.o                         20
    --------------------------------------------------------------
    Total:                         20

    Gaps                           50        6        2
    Linker created                          52    2 048
------------------------------------------------------------------
    Grand Total:              107 382  182 559  119 966  1 044 480


*******************************************************************************
*** ENTRY LIST
***

Entry                      Address     Size  Type      Object
-----                      -------     ----  ----      ------
.iar.init_table$$Base   0x08045f10            --   Gb  - Linker created -
.iar.init_table$$Limit  0x08045f44            --   Gb  - Linker created -
?main                   0x08046265           Code  Gb  cmain.o [5]
APBAHBPrescTable        0x20000204     0x10  Data  Lc  stm32f4xx_rcc.o [1]
AppObjCreate            0x0803029d    0x190  Code  Gb  apptask.o [1]
AppTaskCreate           0x08030131    0x16c  Code  Gb  apptask.o [1]
BOTStallErrorCount      0x2001cc50      0x4  Data  Lc  usbh_msc_bot.o [1]
BusFault_Handler        0x08045b1f      0x2  Code  Gb  stm32f4xx_it.o [1]
CID_Tab                 0x2001caac     0x10  Data  Lc  bsp_sdio_sd.o [1]
CRC16HiTable            0x080455c0    0x100  Data  Gb  mcheck.o [1]
CRC16LoTable            0x080456c0    0x100  Data  Gb  mcheck.o [1]
CRC8Table               0x080457c0    0x100  Data  Gb  mcheck.o [1]
CSD_Tab                 0x2001ca9c     0x10  Data  Lc  bsp_sdio_sd.o [1]
CSTACK$$Base            0x2001cca0            --   Gb  - Linker created -
CSTACK$$Limit           0x2001d4a0            --   Gb  - Linker created -
CardType                0x2001cbb4      0x4  Data  Lc  bsp_sdio_sd.o [1]
CmdError                0x08041215     0x38  Code  Lc  bsp_sdio_sd.o [1]
CmdResp1Error           0x080412b9    0x112  Code  Lc  bsp_sdio_sd.o [1]
CmdResp2Error           0x08041409     0x52  Code  Lc  bsp_sdio_sd.o [1]
CmdResp3Error           0x080413cb     0x3e  Code  Lc  bsp_sdio_sd.o [1]
CmdResp6Error           0x0804145b     0xa6  Code  Lc  bsp_sdio_sd.o [1]
CmdResp7Error           0x0804124d     0x58  Code  Lc  bsp_sdio_sd.o [1]
ConfigExitNVIC          0x080395ab     0x22  Code  Gb  bsp_closeSW.o [1]
ConfigUartNVIC          0x0803afeb     0x7c  Code  Lc  bsp_uart_fifo.o [1]
DMA1_Stream0_IRQHandler
                        0x080360f9     0x1c  Code  Gb  bsp_servomotor.o [1]
DMA1_Stream3_IRQHandler
                        0x08036115     0x1c  Code  Gb  bsp_servomotor.o [1]
DMA2_Stream3_IRQHandler
                        0x08041afd      0x8  Code  Gb  bsp_sdio_sd.o [1]
DMAEndOfTransfer        0x2001cbc4      0x4  Data  Gb  bsp_sdio_sd.o [1]
DMA_ClearFlag           0x0803d1b7     0x24  Code  Gb  stm32f4xx_dma.o [1]
DMA_Cmd                 0x0803d16d     0x1a  Code  Gb  stm32f4xx_dma.o [1]
DMA_DeInit              0x0803cfd5    0x140  Code  Gb  stm32f4xx_dma.o [1]
DMA_FlowControllerConfig
                        0x0803d187     0x18  Code  Gb  stm32f4xx_dma.o [1]
DMA_GetCmdStatus        0x0803d19f     0x18  Code  Gb  stm32f4xx_dma.o [1]
DMA_GetITStatus         0x0803d21d     0x62  Code  Gb  stm32f4xx_dma.o [1]
DMA_ITConfig            0x0803d1db     0x42  Code  Gb  stm32f4xx_dma.o [1]
DMA_Init                0x0803d115     0x58  Code  Gb  stm32f4xx_dma.o [1]
DebugMon_Handler        0x08045b23      0x2  Code  Gb  stm32f4xx_it.o [1]
DiskFile_init           0x080394b1     0x40  Code  Gb  protocol.o [1]
Disk_File               0x2001c3f4     0xd4  Data  Gb  protocol.o [1]
ENC_Calc_Average_Speed  0x08039c4b      0xe  Code  Gb  encoder_tim.o [1]
ENC_Calc_Rot_Speed      0x08039b71     0xda  Code  Gb  encoder_tim.o [1]
ENC_Clear_Speed_Buffer  0x08039b55     0x1c  Code  Gb  encoder_tim.o [1]
ENC_Init                0x08039a69     0xec  Code  Gb  encoder_tim.o [1]
EXTI9_5_IRQHandler      0x080395cd     0x3c  Code  Gb  bsp_closeSW.o [1]
EXTI_ClearITPendingBit  0x0803e383      0x6  Code  Gb  stm32f4xx_exti.o [1]
EXTI_GetITStatus        0x0803e369     0x1a  Code  Gb  stm32f4xx_exti.o [1]
EXTI_Init               0x0803e2e1     0x88  Code  Gb  stm32f4xx_exti.o [1]
FR_Table                0x200000fc     0x50  Data  Gb  demo_fatfs.o [1]
FatFs                   0x2001cb14      0xc  Data  Lc  ff.o [1]
Files                   0x2001c974     0x24  Data  Lc  ff.o [1]
FindSCR                 0x080416a9    0x206  Code  Lc  bsp_sdio_sd.o [1]
Fsid                    0x2001cc70      0x2  Data  Lc  ff.o [1]
GPIO_Init               0x08039615     0xaa  Code  Gb  stm32f4xx_gpio.o [1]
GPIO_PinAFConfig        0x080396e7     0x5a  Code  Gb  stm32f4xx_gpio.o [1]
GPIO_ReadInputDataBit   0x080396bf     0x1a  Code  Gb  stm32f4xx_gpio.o [1]
GPIO_WriteBit           0x080396d9      0xe  Code  Gb  stm32f4xx_gpio.o [1]
GetDeviceState          0x0803947d     0x2e  Code  Gb  bsp_sw_onoff.o [1]
HCD_GetCurrentFrame     0x0803d555      0x8  Code  Gb  usb_hcd.o [1]
HCD_GetCurrentSpeed     0x0803d537     0x10  Code  Gb  usb_hcd.o [1]
HCD_GetURB_State        0x0803d55d      0xa  Code  Gb  usb_hcd.o [1]
HCD_GetXferCnt          0x0803d567      0xc  Code  Gb  usb_hcd.o [1]
HCD_Init                0x0803d4c5     0x72  Code  Gb  usb_hcd.o [1]
HCD_ResetPort           0x0803d547      0xe  Code  Gb  usb_hcd.o [1]
HCD_SubmitRequest       0x0803d573     0x28  Code  Gb  usb_hcd.o [1]
HardFault_Handler       0x08045aef     0x22  Code  Gb  stm32f4xx_it.o [1]
IWDG_Feed               0x0803a3cd      0x8  Code  Gb  bsp_watchdog.o [1]
IWDG_ReloadCounter      0x0803e4d5      0xa  Code  Gb  stm32f4xx_iwdg.o [1]
InStream_Read           0x080458c1     0x22  Code  Lc  packbits_init.o [5]
InitHardUart            0x0803abff    0x3ec  Code  Lc  bsp_uart_fifo.o [1]
Init_JINGSHA_GUI        0x0803112f    0x122  Code  Gb  bsp_sdwe050c17.o [1]
JingSha_File            0x2001c7b8     0x58  Data  Gb  protocol.o [1]
LfnBuf                  0x2001bb88    0x200  Data  Lc  ff.o [1]
LfnOfs                  0x0804666c     0x10  Data  Lc  ff.o [1]
LoadInt                 0x0803bee9     0x6e  Code  Lc  xprintffull_nomb.o [3]
MSCErrorCount           0x2001cc9a      0x1  Data  Gb  usbh_msc_core.o [1]
MSC_Machine             0x2001c860     0x4c  Data  Gb  usbh_msc_core.o [1]
MSG_DEV_ATTACHED        0x08046410     0x18  Data  Gb  usbh_usr.o [1]
MSG_DEV_DISCONNECTED    0x08046428     0x18  Data  Gb  usbh_usr.o [1]
MSG_DEV_ENUMERATED      0x08046210     0x1c  Data  Gb  usbh_usr.o [1]
MSG_DEV_ERROR           0x08046518     0x14  Data  Gb  usbh_usr.o [1]
MSG_DEV_FULLSPEED       0x08046064     0x20  Data  Gb  usbh_usr.o [1]
MSG_DEV_HIGHSPEED       0x08046044     0x20  Data  Gb  usbh_usr.o [1]
MSG_DEV_LOWSPEED        0x08046084     0x20  Data  Gb  usbh_usr.o [1]
MSG_HID_CLASS           0x0804622c     0x1c  Data  Gb  usbh_usr.o [1]
MSG_MSC_CLASS           0x08045ec8     0x24  Data  Gb  usbh_usr.o [1]
MSG_UNREC_ERROR         0x08046248     0x1c  Data  Gb  usbh_usr.o [1]
MemManage_Handler       0x08045b1d      0x2  Code  Gb  stm32f4xx_it.o [1]
MotorProcess            0x2001c8ac     0x3c  Data  Gb  page_weimi.o [1]
MotorStepCount          0x080359e1     0x68  Code  Gb  page_weimi.o [1]
NMI_Handler             0x08045aed      0x2  Code  Gb  stm32f4xx_it.o [1]
NVIC_Init               0x0803d2fb     0x6a  Code  Gb  misc.o [1]
NVIC_PriorityGroupConfig
                        0x0803d2f1      0xa  Code  Gb  misc.o [1]
OTG_FS_IRQHandler       0x080466ed     0x10  Code  Gb  usbh_it.o [1]
PendSV_Handler          0x0803e4e5           Code  Gb  portasm.o [1]
RCA                     0x2001cbb8      0x4  Data  Lc  bsp_sdio_sd.o [1]
RCC_AHB1PeriphClockCmd  0x0803aa3b     0x22  Code  Gb  stm32f4xx_rcc.o [1]
RCC_AHB2PeriphClockCmd  0x0803aa5d     0x1e  Code  Gb  stm32f4xx_rcc.o [1]
RCC_APB1PeriphClockCmd  0x0803aa7b     0x1e  Code  Gb  stm32f4xx_rcc.o [1]
RCC_APB1PeriphResetCmd  0x0803aab7     0x1e  Code  Gb  stm32f4xx_rcc.o [1]
RCC_APB2PeriphClockCmd  0x0803aa99     0x1e  Code  Gb  stm32f4xx_rcc.o [1]
RCC_APB2PeriphResetCmd  0x0803aad5     0x1e  Code  Gb  stm32f4xx_rcc.o [1]
RCC_GetClocksFreq       0x0803a939    0x102  Code  Gb  stm32f4xx_rcc.o [1]
RS485_InitTXE           0x0803abc9     0x36  Code  Gb  bsp_uart_fifo.o [1]
RS485_sendbuf           0x0803b4a5     0x44  Code  Gb  bsp_uart_fifo.o [1]
Region$$Table$$Base     0x08045f10            --   Gb  - Linker created -
Region$$Table$$Limit    0x08045f44            --   Gb  - Linker created -
SDCardInfo              0x2001c760     0x58  Data  Gb  bsp_sdio_sd.o [1]
SDEnWideBus             0x0804150d    0x198  Code  Lc  bsp_sdio_sd.o [1]
SDIO_ClearFlag          0x08042b6d      0x6  Code  Gb  stm32f4xx_sdio.o [1]
SDIO_ClearITPendingBit  0x08042b8d      0x6  Code  Gb  stm32f4xx_sdio.o [1]
SDIO_ClockCmd           0x08042a9b      0x8  Code  Gb  stm32f4xx_sdio.o [1]
SDIO_CmdInitStructure   0x2001c9e8     0x14  Data  Gb  bsp_sdio_sd.o [1]
SDIO_DMACmd             0x08042b2d      0x8  Code  Gb  stm32f4xx_sdio.o [1]
SDIO_DataConfig         0x08042af9     0x2e  Code  Gb  stm32f4xx_sdio.o [1]
SDIO_DataInitStructure  0x2001c9d0     0x18  Data  Gb  bsp_sdio_sd.o [1]
SDIO_DeInit             0x08042a59     0x18  Code  Gb  stm32f4xx_sdio.o [1]
SDIO_GetCommandResponse
                        0x08042adb      0x8  Code  Gb  stm32f4xx_sdio.o [1]
SDIO_GetFlagStatus      0x08042b53     0x1a  Code  Gb  stm32f4xx_sdio.o [1]
SDIO_GetITStatus        0x08042b73     0x1a  Code  Gb  stm32f4xx_sdio.o [1]
SDIO_GetPowerState      0x08042aa9      0xa  Code  Gb  stm32f4xx_sdio.o [1]
SDIO_GetResponse        0x08042ae3     0x16  Code  Gb  stm32f4xx_sdio.o [1]
SDIO_IRQHandler         0x08041af5      0x8  Code  Gb  bsp_sdio_sd.o [1]
SDIO_ITConfig           0x08042b35     0x1e  Code  Gb  stm32f4xx_sdio.o [1]
SDIO_Init               0x08042a71     0x2a  Code  Gb  stm32f4xx_sdio.o [1]
SDIO_InitStructure      0x2001c9b8     0x18  Data  Gb  bsp_sdio_sd.o [1]
SDIO_Interrupts_Config  0x08041ab9     0x3c  Code  Gb  bsp_sdio_sd.o [1]
SDIO_ReadData           0x08042b27      0x6  Code  Gb  stm32f4xx_sdio.o [1]
SDIO_SendCommand        0x08042ab3     0x28  Code  Gb  stm32f4xx_sdio.o [1]
SDIO_SetPowerState      0x08042aa3      0x6  Code  Gb  stm32f4xx_sdio.o [1]
SDWE_WARNNING           0x080313d9     0x2a  Code  Gb  bsp_sdwe050c17.o [1]
SD_Detect               0x080401b1     0x22  Code  Gb  bsp_sdio_sd.o [1]
SD_EnableWideBusOperation
                        0x080409ad     0xc8  Code  Gb  bsp_sdio_sd.o [1]
SD_GetCardInfo          0x080405c1    0x3ec  Code  Gb  bsp_sdio_sd.o [1]
SD_GetState             0x08040187     0x2a  Code  Gb  bsp_sdio_sd.o [1]
SD_GetStatus            0x08040165     0x22  Code  Gb  bsp_sdio_sd.o [1]
SD_Init                 0x080400ad     0xb8  Code  Gb  bsp_sdio_sd.o [1]
SD_InitializeCards      0x0804041f    0x1a2  Code  Gb  bsp_sdio_sd.o [1]
SD_LowLevel_DMA_RxConfig
                        0x08041a03     0x8e  Code  Gb  bsp_sdio_sd.o [1]
SD_LowLevel_DMA_TxConfig
                        0x08041975     0x8e  Code  Gb  bsp_sdio_sd.o [1]
SD_LowLevel_Init        0x080418b1     0xbc  Code  Gb  bsp_sdio_sd.o [1]
SD_PowerON              0x080401d3    0x24c  Code  Gb  bsp_sdio_sd.o [1]
SD_ProcessDMAIRQ        0x080411f1     0x22  Code  Gb  bsp_sdio_sd.o [1]
SD_ProcessIRQSrc        0x08041143     0xae  Code  Gb  bsp_sdio_sd.o [1]
SD_ReadBlock            0x08040aad    0x108  Code  Gb  bsp_sdio_sd.o [1]
SD_ReadMultiBlocks      0x08040bb5    0x134  Code  Gb  bsp_sdio_sd.o [1]
SD_SelectDeselect       0x08040a75     0x38  Code  Gb  bsp_sdio_sd.o [1]
SD_SendStatus           0x080410d5     0x6e  Code  Gb  bsp_sdio_sd.o [1]
SD_StopTransfer         0x0804108d     0x44  Code  Gb  bsp_sdio_sd.o [1]
SD_WaitReadOperation    0x08040ced     0x96  Code  Gb  bsp_sdio_sd.o [1]
SD_WriteBlock           0x08040d8d    0x11e  Code  Gb  bsp_sdio_sd.o [1]
SD_WriteMultiBlocks     0x08040eb9    0x1cc  Code  Gb  bsp_sdio_sd.o [1]
SPEED_RADIO             0x080468ac      0xc  Data  Gb  page_weimi.o [1]
SPI1_Init               0x0803b839     0xc0  Code  Gb  bsp_spi.o [1]
SPI1_ReadWriteByte      0x0803b921     0x32  Code  Gb  bsp_spi.o [1]
SPI1_SetSpeed           0x0803b8f9     0x28  Code  Gb  bsp_spi.o [1]
SPI_Cmd                 0x0803e821     0x1c  Code  Gb  stm32f4xx_spi.o [1]
SPI_I2S_GetFlagStatus   0x0803e83d     0x18  Code  Gb  stm32f4xx_spi.o [1]
SPI_Init                0x0803e7e1     0x40  Code  Gb  stm32f4xx_spi.o [1]
SRC_Buffer              0x200001f0     0x14  Data  Gb  bsp_servomotor.o [1]
SVC_Handler             0x0803e53d           Code  Gb  portasm.o [1]
SYSCFG_EXTILineConfig   0x0803e28d     0x50  Code  Gb  stm32f4xx_syscfg.o [1]
Sdwe_ClearReadDisk      0x080314bb     0x20  Code  Gb  bsp_sdwe050c17.o [1]
Sdwe_change_class_time  0x08031af5     0x30  Code  Gb  bsp_sdwe050c17.o [1]
Sdwe_clearString        0x08031403     0x5a  Code  Gb  bsp_sdwe050c17.o [1]
Sdwe_clear_filename     0x08031511     0x60  Code  Gb  bsp_sdwe050c17.o [1]
Sdwe_disDigi            0x080312a1     0xb0  Code  Gb  bsp_sdwe050c17.o [1]
Sdwe_disPicture         0x08031251     0x50  Code  Gb  bsp_sdwe050c17.o [1]
Sdwe_disString          0x08031351     0x88  Code  Gb  bsp_sdwe050c17.o [1]
Sdwe_hidden_page        0x08031b8d     0x30  Code  Gb  bsp_sdwe050c17.o [1]
Sdwe_peiliao_page       0x08031985    0x14e  Code  Gb  bsp_sdwe050c17.o [1]
Sdwe_period_page        0x08031b25     0x68  Code  Gb  bsp_sdwe050c17.o [1]
Sdwe_product_page       0x080317ad    0x1d2  Code  Gb  bsp_sdwe050c17.o [1]
Sdwe_ratio_display      0x08031ad3     0x22  Code  Gb  bsp_sdwe050c17.o [1]
Sdwe_readRTC            0x080314db     0x36  Code  Gb  bsp_sdwe050c17.o [1]
Sdwe_refresh_allname    0x08031765     0x48  Code  Gb  bsp_sdwe050c17.o [1]
Sdwe_refresh_filename   0x08031571    0x1f4  Code  Gb  bsp_sdwe050c17.o [1]
Sdwe_stop_page          0x08031bbd    0x380  Code  Gb  bsp_sdwe050c17.o [1]
Sdwe_writeIcon          0x0803145d     0x5e  Code  Gb  bsp_sdwe050c17.o [1]
ServoMotorRunning       0x080360dd     0x1c  Code  Gb  bsp_servomotor.o [1]
SetSysClock             0x080454bf     0xce  Code  Lc  system_stm32f4xx.o [1]
SlavePara               0x2001c4c8     0xa4  Data  Gb  protocol.o [1]
StepMotor_adjust_speed  0x08039985     0x4e  Code  Gb  bsp_stepmotor.o [1]
StepMotor_start         0x08039a0f     0x3c  Code  Gb  bsp_stepmotor.o [1]
StepMotor_stop          0x080399d3     0x3c  Code  Gb  bsp_stepmotor.o [1]
StopCondition           0x2001cbbc      0x4  Data  Gb  bsp_sdio_sd.o [1]
SysTick_Handler         0x0803a55b     0x2c  Code  Gb  port.o [1]
SystemCoreClock         0x20000234      0x4  Data  Gb  system_stm32f4xx.o [1]
SystemInit              0x0804546d     0x52  Code  Gb  system_stm32f4xx.o [1]
TI1_Config              0x0803ced7     0x38  Code  Lc  stm32f4xx_tim.o [1]
TI2_Config              0x0803cf0f     0x42  Code  Lc  stm32f4xx_tim.o [1]
TI3_Config              0x0803cf51     0x40  Code  Lc  stm32f4xx_tim.o [1]
TI4_Config              0x0803cf91     0x42  Code  Lc  stm32f4xx_tim.o [1]
TIM1_PWM_SETPMOTOR      0x080398b1     0x6e  Code  Gb  bsp_stepmotor.o [1]
TIM2_IRQHandler         0x0803b775     0xac  Code  Gb  bsp_timer.o [1]
TIM3_PWM_SETPMOTOR      0x0803984b     0x66  Code  Gb  bsp_stepmotor.o [1]
TIM4_CH1_ConfigPwmOut   0x08035ded     0x1c  Code  Gb  bsp_servomotor.o [1]
TIM4_CH1_GPIO_Configuration
                        0x08035e83     0x6a  Code  Gb  bsp_servomotor.o [1]
TIM4_CH1_PWMDMA_Config  0x08035fff     0xb0  Code  Gb  bsp_servomotor.o [1]
TIM4_CH1_StartPwmOut    0x08035e09     0x42  Code  Gb  bsp_servomotor.o [1]
TIM4_CH1_StopPwmOut     0x08035e4b     0x38  Code  Gb  bsp_servomotor.o [1]
TIM4_CH2_StopPwmOut     0x080360af     0x2e  Code  Gb  bsp_servomotor.o [1]
TIM4_MANUAL_PWM_Config  0x08035f7b     0x78  Code  Gb  bsp_servomotor.o [1]
TIM4_MANUAL_PWM_Stop    0x08035ff3      0xc  Code  Gb  bsp_servomotor.o [1]
TIM4_PWM_Config         0x08035eed     0x8e  Code  Gb  bsp_servomotor.o [1]
TIM5_PWM_SETPMOTOR      0x0803991f     0x66  Code  Gb  bsp_stepmotor.o [1]
TIM6_DAC_IRQHandler     0x08045a8b     0x22  Code  Gb  SysInfoTest.o [1]
TIM8_UP_TIM13_IRQHandler
                        0x08039c59     0x46  Code  Gb  encoder_tim.o [1]
TIM_ARRPreloadConfig    0x0803cadb     0x1c  Code  Gb  stm32f4xx_tim.o [1]
TIM_CallBack1           0x08030445     0x44  Code  Gb  apptask.o [1]
TIM_ClearFlag           0x0803ce41      0x8  Code  Gb  stm32f4xx_tim.o [1]
TIM_ClearITPendingBit   0x0803ce7b      0x8  Code  Gb  stm32f4xx_tim.o [1]
TIM_Cmd                 0x0803caf7     0x1c  Code  Gb  stm32f4xx_tim.o [1]
TIM_CtrlPWMOutputs      0x0803ce09     0x22  Code  Gb  stm32f4xx_tim.o [1]
TIM_DMACmd              0x0803ce83     0x16  Code  Gb  stm32f4xx_tim.o [1]
TIM_DeInit              0x0803c8dd    0x17c  Code  Gb  stm32f4xx_tim.o [1]
TIM_EncoderInterfaceConfig
                        0x0803ce99     0x3e  Code  Gb  stm32f4xx_tim.o [1]
TIM_GetITStatus         0x0803ce49     0x32  Code  Gb  stm32f4xx_tim.o [1]
TIM_ICInit              0x0803cd37     0x70  Code  Gb  stm32f4xx_tim.o [1]
TIM_ICStructInit        0x0803cda7     0x16  Code  Gb  stm32f4xx_tim.o [1]
TIM_ITConfig            0x0803ce2b     0x16  Code  Gb  stm32f4xx_tim.o [1]
TIM_OC1Init             0x0803cb13     0x7e  Code  Gb  stm32f4xx_tim.o [1]
TIM_OC1PreloadConfig    0x0803ccff     0x12  Code  Gb  stm32f4xx_tim.o [1]
TIM_OC2Init             0x0803cb91     0x8c  Code  Gb  stm32f4xx_tim.o [1]
TIM_OC2PreloadConfig    0x0803cd11     0x14  Code  Gb  stm32f4xx_tim.o [1]
TIM_OC3Init             0x0803cc1d     0x8a  Code  Gb  stm32f4xx_tim.o [1]
TIM_OC3PreloadConfig    0x0803cd25     0x12  Code  Gb  stm32f4xx_tim.o [1]
TIM_OCStructInit        0x0803ccdd     0x22  Code  Gb  stm32f4xx_tim.o [1]
TIM_SetIC1Prescaler     0x0803cdbd     0x12  Code  Gb  stm32f4xx_tim.o [1]
TIM_SetIC2Prescaler     0x0803cdcf     0x14  Code  Gb  stm32f4xx_tim.o [1]
TIM_SetIC3Prescaler     0x0803cde3     0x12  Code  Gb  stm32f4xx_tim.o [1]
TIM_SetIC4Prescaler     0x0803cdf5     0x14  Code  Gb  stm32f4xx_tim.o [1]
TIM_TimeBaseInit        0x0803ca59     0x6a  Code  Gb  stm32f4xx_tim.o [1]
[...]
get_songwei1_maxseg     0x08035c93     0x3c  Code  Gb  page_weimi.o [1]
get_songwei2_maxseg     0x08035ccf     0x3c  Code  Gb  page_weimi.o [1]
get_valid_length        0x080326f1     0x26  Code  Gb  bsp_sdwe050c17.o [1]
get_valid_seg           0x08035c17     0x40  Code  Gb  page_weimi.o [1]
get_weimi_para          0x08035b29     0xa4  Code  Gb  page_weimi.o [1]
hEncoder_Timer_Overflow
                        0x2001cc6e      0x2  Data  Gb  encoder_tim.o [1]
hPrevious_angle         0x2001cc6c      0x2  Data  Gb  encoder_tim.o [1]
hSpeed_Buffer           0x2001cabc     0x10  Data  Gb  encoder_tim.o [1]
hex_to_decimal          0x08032717     0x26  Code  Gb  bsp_sdwe050c17.o [1]
idwgEventGroup          0x2001cb9c      0x4  Data  Gb  apptask.o [1]
inc_card_type           0x08032b35    0x11c  Code  Gb  product_cal.o [1]
inc_lock                0x08036b83     0xe8  Code  Lc  ff.o [1]
init_jingsha_para       0x080394f1     0x38  Code  Gb  protocol.o [1]
init_peiliao_para       0x080327eb     0x4a  Code  Gb  product_cal.o [1]
init_product_para       0x0803273d     0xae  Code  Gb  product_cal.o [1]
init_weimi_para         0x08035a49     0xe0  Code  Gb  page_weimi.o [1]
input_password_buf      0x2001cb20      0xc  Data  Gb  protocol.o [1]
input_password_len      0x2001cc96      0x1  Data  Gb  protocol.o [1]
isDevicePeriod          0x2001cc86      0x1  Data  Gb  apptask.o [1]
isWork                  0x2001cc7f      0x1  Data  Gb  apptask.o [1]
is_same_data            0x08032a27     0x2a  Code  Gb  product_cal.o [1]
is_stop                 0x2001cc8f      0x1  Data  Gb  page_weimi.o [1]
isalpha                 0x08042673     0x14  Code  Gb  isxxx.o [3]
isspace                 0x08042687     0x14  Code  Gb  isxxx.o [3]
lcd_busy                0x2001cc8b      0x1  Data  Gb  bsp_sdwe050c17.o [1]
lcd_rev_buf             0x2001c8e8     0x34  Data  Gb  bsp_sdwe050c17.o [1]
lcd_rev_len             0x2001cc6a      0x2  Data  Gb  bsp_sdwe050c17.o [1]
ld_clust                0x080374ad     0x28  Code  Lc  ff.o [1]
localeconv              0x0803eab7     0x16  Code  Gb  localeconv.o [3]
m_ctrl_dev              0x2001cb4c      0x8  Data  Gb  modbus.o [1]
main                    0x08045b25     0x34  Code  Gb  main.o [1]
mallco_dev              0x200001d4     0x1c  Data  Gb  malloc.o [1]
max_seg                 0x2001cc90      0x1  Data  Gb  page_weimi.o [1]
mb_init                 0x08039329     0x30  Code  Gb  modbus.o [1]
mb_packsend_frame       0x08039237     0xf2  Code  Gb  modbus.o [1]
mb_unpack_frame         0x080390f5    0x142  Code  Gb  modbus.o [1]
mc_check_crc16          0x0803e215     0x40  Code  Gb  mcheck.o [1]
mc_check_crc8           0x0803e1f1     0x24  Code  Gb  mcheck.o [1]
mc_check_sum            0x0803e1a9     0x2e  Code  Gb  mcheck.o [1]
mc_check_xor            0x0803e1d7     0x1a  Code  Gb  mcheck.o [1]
mem1base                0x2000f248   0xa000  Data  Gb  malloc.o [1]
mem1mapbase             0x2001a248    0xa00  Data  Gb  malloc.o [1]
mem2base                0x68000000  0xf0000  Data  Gb  malloc.o [1]
mem2mapbase             0x680f0000   0xf000  Data  Gb  malloc.o [1]
mem_cmp                 0x08036a8f     0x24  Code  Lc  ff.o [1]
mem_cpy                 0x08036a5d     0x1c  Code  Lc  ff.o [1]
mem_set                 0x08036a79     0x16  Code  Lc  ff.o [1]
memblksize              0x08046990      0x8  Data  Gb  malloc.o [1]
memchr                  0x0803e86d           Code  Gb  memchr.o [5]
memsize                 0x08046998      0x8  Data  Gb  malloc.o [1]
memtblsize              0x08046988      0x8  Data  Gb  malloc.o [1]
modbus_send_frame       0x08039359     0xe6  Code  Gb  modbus.o [1]
move_window             0x08036d51     0x40  Code  Lc  ff.o [1]
my_mem_free             0x08033ef7     0x6c  Code  Gb  malloc.o [1]
my_mem_init             0x08033dbb     0x42  Code  Gb  malloc.o [1]
my_mem_malloc           0x08033e3b     0xbc  Code  Gb  malloc.o [1]
my_mem_perused          0x08033dfd     0x3e  Code  Gb  malloc.o [1]
myfree                  0x08033f63     0x24  Code  Gb  malloc.o [1]
mymalloc                0x08033f87     0x2a  Code  Gb  malloc.o [1]
mymemset                0x08033da5     0x16  Code  Gb  malloc.o [1]
ndigs                   0x080428c8     0x28  Data  Lc  xstoull.o [3]
obuf                    0x2001c810     0x50  Data  Lc  xfiles.o [3]
oem2uni                 0x0801560c  0x15484  Data  Lc  cc936.o [1]
old_card_record         0x2001cc84      0x1  Data  Gb  apptask.o [1]
old_isWork              0x2001cc80      0x1  Data  Gb  apptask.o [1]
old_is_stop             0x20000244      0x1  Data  Gb  page_weimi.o [1]
old_plan_complete       0x2001cc94      0x1  Data  Gb  product_cal.o [1]
old_speed_zhu           0x2001cc74      0x2  Data  Gb  page_weimi.o [1]
old_system_state        0x20000242      0x1  Data  Gb  apptask.o [1]
old_usb_disk_flag       0x2001cc82      0x1  Data  Gb  apptask.o [1]
para_init               0x08034a81     0x80  Code  Gb  para.o [1]
pcInterruptPriorityRegisters
                        0x08046a5c      0x4  Data  Lc  port.o [1]
peiliao_para            0x2001c91c     0x30  Data  Gb  product_cal.o [1]
pick_lfn                0x080375a3     0x8c  Code  Lc  ff.o [1]
plan_complete           0x2001cc93      0x1  Data  Gb  product_cal.o [1]
pluse_count             0x2001cc62      0x2  Data  Gb  apptask.o [1]
pows                    0x080430f8     0x48  Data  Lc  xdtento.o [4]
printf                  0x08033cc5     0x24  Code  Gb  printf.o [3]
product_complete_kilo   0x080328d7     0x5a  Code  Gb  product_cal.o [1]
product_complete_meter  0x080328bb     0x1c  Code  Gb  product_cal.o [1]
product_para            0x2001c94c     0x28  Data  Gb  product_cal.o [1]
product_per_meter       0x08032835     0x74  Code  Gb  product_cal.o [1]
prvAddCurrentTaskToDelayedList
                        0x08033765     0x48  Code  Lc  tasks.o [1]
prvAllocateTCBAndStack  0x080337ad     0x5a  Code  Lc  tasks.o [1]
prvCheckForValidListAndQueue
                        0x0803a35b     0x52  Code  Lc  timers.o [1]
prvCheckTasksWaitingTermination
                        0x080336fb     0x66  Code  Lc  tasks.o [1]
prvCopyDataFromQueue    0x08030fc9     0x30  Code  Lc  queue.o [1]
prvCopyDataToQueue      0x08030f45     0x84  Code  Lc  queue.o [1]
prvDeleteTCB            0x08033807     0x12  Code  Lc  tasks.o [1]
prvGetNextExpireTime    0x0803a147     0x2e  Code  Lc  timers.o [1]
prvHeapInit             0x0803a849     0x6e  Code  Lc  heap_4.o [1]
prvIdleTask             0x08033615     0x26  Code  Lc  tasks.o [1]
prvInitialiseTCBVariables
                        0x0803363b     0x6a  Code  Lc  tasks.o [1]
prvInitialiseTaskLists  0x080336a5     0x56  Code  Lc  tasks.o [1]
prvInsertBlockIntoFreeList
                        0x0803a8b7     0x62  Code  Lc  heap_4.o [1]
prvInsertTimerInActiveList
                        0x0803a19d     0x50  Code  Lc  timers.o [1]
prvIsQueueEmpty         0x08031063     0x20  Code  Lc  queue.o [1]
prvIsQueueFull          0x08031083     0x22  Code  Lc  queue.o [1]
prvProcessExpiredTimer  0x0803a05f     0x5c  Code  Lc  timers.o [1]
prvProcessReceivedCommands
                        0x0803a1ed     0xde  Code  Lc  timers.o [1]
prvProcessTimerOrBlockTask
                        0x0803a0d7     0x70  Code  Lc  timers.o [1]
prvResetNextTaskUnblockTime
                        0x08033819     0x26  Code  Lc  tasks.o [1]
prvSampleTimeNow        0x0803a175     0x28  Code  Lc  timers.o [1]
prvSwitchTimerLists     0x0803a2cb     0x90  Code  Lc  timers.o [1]
prvTaskExitError        0x0803a3f9     0x2a  Code  Lc  port.o [1]
prvTestWaitCondition    0x08039f03     0x24  Code  Lc  event_groups.o [1]
prvTimerTask            0x0803a0bd     0x1a  Code  Lc  timers.o [1]
prvUnlockQueue          0x08030ff9     0x6a  Code  Lc  queue.o [1]
put_fat                 0x08036f9f    0x16c  Code  Gb  ff.o [1]
putchar                 0x08046459      0xc  Code  Gb  putchar.o [3]
pvPortMalloc            0x0803a6b9    0x118  Code  Gb  heap_4.o [1]
pxCurrentTCB            0x2001cc00      0x4  Data  Gb  tasks.o [1]
pxCurrentTimerList      0x2001cc40      0x4  Data  Lc  timers.o [1]
pxDelayedTaskList       0x2001cc04      0x4  Data  Lc  tasks.o [1]
pxEnd                   0x2001cbd8      0x4  Data  Lc  heap_4.o [1]
pxOverflowDelayedTaskList
                        0x2001cc08      0x4  Data  Lc  tasks.o [1]
pxOverflowTimerList     0x2001cc44      0x4  Data  Lc  timers.o [1]
pxPortInitialiseStack   0x0803a3d5     0x24  Code  Gb  port.o [1]
pxReadyTasksLists       0x2001c188    0x140  Data  Lc  tasks.o [1]
rc522_cmd_anticoll      0x08039099     0x5a  Code  Gb  rc522.o [1]
rc522_cmd_request       0x08039045     0x54  Code  Gb  rc522.o [1]
readDisk                0x2001cc87      0x1  Data  Gb  apptask.o [1]
readFilenum             0x2001cc88      0x1  Data  Gb  apptask.o [1]
readSlave               0x2001cb08      0xc  Data  Gb  apptask.o [1]
read_device_info        0x080345f5    0x298  Code  Gb  para.o [1]
read_file_select        0x2001cb38      0xc  Data  Gb  protocol.o [1]
read_from_disk          0x08034b39    0xd04  Code  Gb  para.o [1]
remove_chain            0x0803710b     0x76  Code  Lc  ff.o [1]
rfid_rev_buf            0x2001c9fc     0x14  Data  Gb  rc522.o [1]
rfid_rev_cnt            0x2001cc98      0x1  Data  Gb  rc522.o [1]
rfid_rev_flag           0x2001cc97      0x1  Data  Gb  rc522.o [1]
rtc_time                0x2001cb54      0x8  Data  Gb  protocol.o [1]
s_TIM_CallBack1         0x2001cbc8      0x4  Data  Lc  bsp_timer.o [1]
s_TIM_CallBack2         0x2001cbcc      0x4  Data  Lc  bsp_timer.o [1]
s_TIM_CallBack3         0x2001cbd0      0x4  Data  Lc  bsp_timer.o [1]
s_TIM_CallBack4         0x2001cbd4      0x4  Data  Lc  bsp_timer.o [1]
sample_time             0x2001cc60      0x2  Data  Gb  apptask.o [1]
sdew_weimi_page1        0x08031f61    0x302  Code  Gb  bsp_sdwe050c17.o [1]
sdew_weimi_page2        0x0803226d    0x25e  Code  Gb  bsp_sdwe050c17.o [1]
sdew_weisha_page1       0x080324d1    0x100  Code  Gb  bsp_sdwe050c17.o [1]
sdew_weisha_page2       0x080325d9    0x100  Code  Gb  bsp_sdwe050c17.o [1]
servomotor_guodu        0x2001cc8d      0x1  Data  Gb  page_weimi.o [1]
servomotor_mode         0x2001cc8e      0x1  Data  Gb  page_weimi.o [1]
servomotor_step         0x2001cc76      0x2  Data  Gb  page_weimi.o [1]
slave_info              0x2001cafc      0xc  Data  Gb  apptask.o [1]
speed_zhu               0x2001cc72      0x2  Data  Gb  page_weimi.o [1]
sprintf                 0x08038ef5     0x34  Code  Gb  sprintf.o [3]
sscanf                  0x0803c8b9     0x24  Code  Gb  sscanf.o [3]
st_clust                0x080374d5     0x18  Code  Lc  ff.o [1]
stepmotor_guodu         0x2001cbe8      0x4  Data  Gb  page_weimi.o [1]
strcat                  0x08038f29     0x1c  Code  Gb  strcat.o [3]
strchr                  0x0803e855           Code  Gb  strchr.o [5]
strlen                  0x080345bd           Code  Gb  strlen.o [5]
strstr                  0x08039531     0x10  Code  Gb  para.o [1]
sum_sfn                 0x080377a9     0x20  Code  Lc  ff.o [1]
sync_fs                 0x08036d91     0xd8  Code  Lc  ff.o [1]
sync_window             0x08036cf7     0x5a  Code  Lc  ff.o [1]
system_state_dis        0x080452dc    0x190  Data  Gb  product_cal.o [1]
tolower                 0x08042c25     0x14  Code  Gb  tolower.o [3]
total_meter_gross       0x2001cbf4      0x4  Data  Gb  product_cal.o [1]
total_weight_gross      0x2001cbf8      0x4  Data  Gb  product_cal.o [1]
ucHeap                  0x20000248   0xf000  Data  Lc  heap_4.o [1]
ucMaxSysCallPriority    0x2001cc92      0x1  Data  Lc  port.o [1]
ulHighFrequencyTimerTicks
                        0x2001cbfc      0x4  Data  Gb  SysInfoTest.o [1]
ulMaxPRIGROUPValue      0x2001cbf0      0x4  Data  Lc  port.o [1]
ulTaskSwitchedInTime    0x2001cc38      0x4  Data  Lc  tasks.o [1]
ulTotalRunTime          0x2001cc3c      0x4  Data  Lc  tasks.o [1]
uni2oem                 0x08000188  0x15484  Data  Lc  cc936.o [1]
usb_disk_flag           0x2001cc81      0x1  Data  Gb  apptask.o [1]
usbh_OpenMassStorage    0x08036159     0x14  Code  Gb  usbh_usr.o [1]
uxCriticalNesting       0x20000230      0x4  Data  Lc  port.o [1]
uxCurrentNumberOfTasks  0x2001cc10      0x4  Data  Lc  tasks.o [1]
uxListRemove            0x0803a691     0x28  Code  Gb  list.o [1]
uxPendedTicks           0x2001cc20      0x4  Data  Lc  tasks.o [1]
uxSchedulerSuspended    0x2001cc34      0x4  Data  Lc  tasks.o [1]
uxTaskNumber            0x2001cc2c      0x4  Data  Lc  tasks.o [1]
uxTaskResetEventItemValue
                        0x08033879     0x20  Code  Gb  tasks.o [1]
uxTasksDeleted          0x2001cc0c      0x4  Data  Lc  tasks.o [1]
uxTopReadyPriority      0x2001cc18      0x4  Data  Lc  tasks.o [1]
vListInitialise         0x0803a621     0x1e  Code  Gb  list.o [1]
vListInsert             0x0803a657     0x3a  Code  Gb  list.o [1]
vListInsertEnd          0x0803a63f     0x18  Code  Gb  list.o [1]
vPortEnableVFP          0x0803e571           Code  Gb  portasm.o [1]
vPortEnterCritical      0x0803a4ef     0x3a  Code  Gb  port.o [1]
vPortExitCritical       0x0803a529     0x32  Code  Gb  port.o [1]
vPortFree               0x0803a7d1     0x78  Code  Gb  heap_4.o [1]
vPortSetupTimerInterrupt
                        0x0803a587      0xe  Code  Wk  port.o [1]
vPortStartFirstTask     0x0803e559           Code  Gb  portasm.o [1]
vPortValidateInterruptPriority
                        0x0803a595     0x4e  Code  Gb  port.o [1]
vQueueWaitForMessageRestricted
                        0x080310a5     0x44  Code  Gb  queue.o [1]
vSetupSysInfoTest       0x08045a79     0x12  Code  Gb  SysInfoTest.o [1]
vTaskDelay              0x08032e71     0x84  Code  Gb  tasks.o [1]
vTaskFreq               0x0802fe39    0x2d2  Code  Lc  apptask.o [1]
vTaskManageCapacity     0x0802ecb9    0x530  Code  Gb  apptask.o [1]
vTaskMassStorage        0x0802da6d    0x5a8  Code  Lc  apptask.o [1]
vTaskMissedYield        0x0803360b      0xa  Code  Gb  tasks.o [1]
vTaskMotorControl       0x0802f295    0xb8e  Code  Lc  apptask.o [1]
vTaskMsgPro             0x0802e48d    0x434  Code  Lc  apptask.o [1]
vTaskPlaceOnEventList   0x08033271     0x74  Code  Gb  tasks.o [1]
vTaskPlaceOnEventListRestricted
                        0x080333a9     0x80  Code  Gb  tasks.o [1]
vTaskPlaceOnUnorderedEventList
                        0x08033301     0xa8  Code  Gb  tasks.o [1]
vTaskReadDisk           0x0802e9f5    0x26a  Code  Lc  apptask.o [1]
vTaskRev485             0x0802e8ed     0xba  Code  Lc  apptask.o [1]
vTaskSetTimeOutState    0x08033555     0x26  Code  Gb  tasks.o [1]
vTaskStartScheduler     0x08032ef5     0x7e  Code  Gb  tasks.o [1]
vTaskSuspendAll         0x08032f73     0x10  Code  Gb  tasks.o [1]
vTaskSwitchContext      0x080331c1     0xb0  Code  Gb  tasks.o [1]
vTaskTaskLCD            0x0802aa91   0x2f9a  Code  Gb  apptask.o [1]
vTaskTaskLED            0x0802e039     0x20  Code  Lc  apptask.o [1]
vTaskTaskRFID           0x0802e059    0x3d6  Code  Lc  apptask.o [1]
valid_seg               0x2001cbec      0x4  Data  Gb  page_weimi.o [1]
validate                0x0803854f     0x36  Code  Lc  ff.o [1]
weimi_para              0x2001c2c8    0x12c  Data  Gb  page_weimi.o [1]
work_idle               0x2001cc95      0x1  Data  Gb  product_cal.o [1]
work_idle_time          0x2001cc78      0x2  Data  Gb  product_cal.o [1]
xActiveTimerList1       0x2001ca74     0x14  Data  Lc  timers.o [1]
xActiveTimerList2       0x2001ca88     0x14  Data  Lc  timers.o [1]
xBlockAllocatedBit      0x2001cbe4      0x4  Data  Lc  heap_4.o [1]
xDelayedTaskList1       0x2001ca10     0x14  Data  Lc  tasks.o [1]
xDelayedTaskList2       0x2001ca24     0x14  Data  Lc  tasks.o [1]
xEventGroupCreate       0x08039cc5     0x1c  Code  Gb  event_groups.o [1]
xEventGroupSetBits      0x08039e2d     0xd6  Code  Gb  event_groups.o [1]
xEventGroupWaitBits     0x08039ce1    0x146  Code  Gb  event_groups.o [1]
xFreeBytesRemaining     0x2001cbdc      0x4  Data  Lc  heap_4.o [1]
xHandleTaskFreq         0x2001cb80      0x4  Data  Gb  apptask.o [1]
xHandleTaskLCD          0x2001cb5c      0x4  Data  Gb  apptask.o [1]
xHandleTaskLED          0x2001cb60      0x4  Data  Gb  apptask.o [1]
xHandleTaskManageCapacity
                        0x2001cb78      0x4  Data  Gb  apptask.o [1]
xHandleTaskMassStorage  0x2001cb68      0x4  Data  Gb  apptask.o [1]
xHandleTaskMotorControl
                        0x2001cb7c      0x4  Data  Gb  apptask.o [1]
xHandleTaskMsgPro       0x2001cb70      0x4  Data  Gb  apptask.o [1]
xHandleTaskRFID         0x2001cb64      0x4  Data  Gb  apptask.o [1]
xHandleTaskReadDisk     0x2001cb6c      0x4  Data  Gb  apptask.o [1]
xHandleTaskRev485       0x2001cb74      0x4  Data  Gb  apptask.o [1]
xHeapStructSize         0x08046a58      0x4  Data  Lc  heap_4.o [1]
xMinimumEverFreeBytesRemaining
                        0x2001cbe0      0x4  Data  Lc  heap_4.o [1]
xNextTaskUnblockTime    0x2001cc30      0x4  Data  Lc  tasks.o [1]
xNumOfOverflows         0x2001cc28      0x4  Data  Lc  tasks.o [1]
xPendingReadyList       0x2001ca38     0x14  Data  Lc  tasks.o [1]
xPortStartScheduler     0x0803a423     0xcc  Code  Gb  port.o [1]
xQueueGenericCreate     0x080309b1     0x7e  Code  Gb  queue.o [1]
xQueueGenericReceive    0x08030da5    0x19c  Code  Gb  queue.o [1]
xQueueGenericReset      0x08030921     0x90  Code  Gb  queue.o [1]
xQueueGenericSend       0x08030a2f    0x1b2  Code  Gb  queue.o [1]
xQueueGenericSendFromISR
                        0x08030be1     0xec  Code  Gb  queue.o [1]
xQueueGiveFromISR       0x08030ccd     0xd8  Code  Gb  queue.o [1]
xQueue_MQTT_Recv        0x2001cba4      0x4  Data  Gb  apptask.o [1]
xQueue_MQTT_Transmit    0x2001cba8      0x4  Data  Gb  apptask.o [1]
xQueue_esp8266_Cmd      0x2001cbac      0x4  Data  Gb  apptask.o [1]
xQueue_message          0x2001cbb0      0x4  Data  Gb  apptask.o [1]
xSchedulerRunning       0x2001cc1c      0x4  Data  Lc  tasks.o [1]
xSemaphore_download     0x2001cb94      0x4  Data  Gb  apptask.o [1]
xSemaphore_encoder      0x2001cb90      0x4  Data  Gb  apptask.o [1]
xSemaphore_lcd          0x2001cb84      0x4  Data  Gb  apptask.o [1]
xSemaphore_pluse        0x2001cb8c      0x4  Data  Gb  apptask.o [1]
xSemaphore_readDisk     0x2001cb98      0x4  Data  Gb  apptask.o [1]
xSemaphore_rs485        0x2001cb88      0x4  Data  Gb  apptask.o [1]
xStart                  0x2001cb44      0x8  Data  Lc  heap_4.o [1]
xSuspendedTaskList      0x2001ca60     0x14  Data  Lc  tasks.o [1]
xTaskCheckForTimeOut    0x08033581     0x8a  Code  Gb  tasks.o [1]
xTaskGenericCreate      0x08032ced    0x184  Code  Gb  tasks.o [1]
xTaskGetSchedulerState  0x0803383f     0x26  Code  Gb  tasks.o [1]
xTaskGetTickCount       0x08033083      0xa  Code  Gb  tasks.o [1]
xTaskIncrementTick      0x0803308d    0x134  Code  Gb  tasks.o [1]
xTaskRemoveFromEventList
                        0x0803342d     0x8e  Code  Gb  tasks.o [1]
xTaskRemoveFromUnorderedEventList
                        0x080334c1     0x94  Code  Gb  tasks.o [1]
xTaskResumeAll          0x08032f83    0x100  Code  Gb  tasks.o [1]
xTasksWaitingTermination
                        0x2001ca4c     0x14  Data  Lc  tasks.o [1]
xTickCount              0x2001cc14      0x4  Data  Lc  tasks.o [1]
xTimerCreate            0x08039f79     0x62  Code  Gb  timers.o [1]
xTimerCreateTimerTask   0x08039f29     0x50  Code  Gb  timers.o [1]
xTimerGenericCommand    0x08039fdb     0x84  Code  Gb  timers.o [1]
xTimerQueue             0x2001cc48      0x4  Data  Lc  timers.o [1]
xTimerUser              0x2001cba0      0x4  Data  Gb  apptask.o [1]
xYieldPending           0x2001cc24      0x4  Data  Lc  tasks.o [1]


[1] = E:\WORK\YarnControl_Driver\YarnControl_Driver\src\stm32f4_rtos\Project\EWARMv7\Flash\Obj
[2] = command line
[3] = dl7M_tlf.a
[4] = m7M_tls.a
[5] = rt7M_tl.a
[6] = shb_l.a

  107 382 bytes of readonly  code memory
  182 559 bytes of readonly  data memory
  119 966 bytes of readwrite data memory (+ 1 044 480 absolute)

Errors: none
Warnings: none
