###############################################################################
#
# IAR ELF Linker V7.40.7.9843/W32 for ARM                 17/Jan/2019  16:57:20
# Copyright 2007-2015 IAR Systems AB.
#
#    Output file  =  
#        F:\work\YarnControl_Driver\src\stm32f4_rtos\Project\EWARMv7\Flash\Exe\project.out
#    Map file     =  
#        F:\work\YarnControl_Driver\src\stm32f4_rtos\Project\EWARMv7\Flash\List\project.map
#    Command line =  
#        F:\work\YarnControl_Driver\src\stm32f4_rtos\Project\EWARMv7\Flash\Obj\apptask.o
#        F:\work\YarnControl_Driver\src\stm32f4_rtos\Project\EWARMv7\Flash\Obj\bsp.o
#        F:\work\YarnControl_Driver\src\stm32f4_rtos\Project\EWARMv7\Flash\Obj\bsp_closeSW.o
#        F:\work\YarnControl_Driver\src\stm32f4_rtos\Project\EWARMv7\Flash\Obj\bsp_dwt.o
#        F:\work\YarnControl_Driver\src\stm32f4_rtos\Project\EWARMv7\Flash\Obj\bsp_led.o
#        F:\work\YarnControl_Driver\src\stm32f4_rtos\Project\EWARMv7\Flash\Obj\bsp_relay.o
#        F:\work\YarnControl_Driver\src\stm32f4_rtos\Project\EWARMv7\Flash\Obj\bsp_sdio_sd.o
#        F:\work\YarnControl_Driver\src\stm32f4_rtos\Project\EWARMv7\Flash\Obj\bsp_sdwe050c17.o
#        F:\work\YarnControl_Driver\src\stm32f4_rtos\Project\EWARMv7\Flash\Obj\bsp_servomotor.o
#        F:\work\YarnControl_Driver\src\stm32f4_rtos\Project\EWARMv7\Flash\Obj\bsp_spi.o
#        F:\work\YarnControl_Driver\src\stm32f4_rtos\Project\EWARMv7\Flash\Obj\bsp_stepmotor.o
#        F:\work\YarnControl_Driver\src\stm32f4_rtos\Project\EWARMv7\Flash\Obj\bsp_sw_onoff.o
#        F:\work\YarnControl_Driver\src\stm32f4_rtos\Project\EWARMv7\Flash\Obj\bsp_tim_pwm.o
#        F:\work\YarnControl_Driver\src\stm32f4_rtos\Project\EWARMv7\Flash\Obj\bsp_timer.o
#        F:\work\YarnControl_Driver\src\stm32f4_rtos\Project\EWARMv7\Flash\Obj\bsp_uart_fifo.o
#        F:\work\YarnControl_Driver\src\stm32f4_rtos\Project\EWARMv7\Flash\Obj\bsp_w25qxx.o
#        F:\work\YarnControl_Driver\src\stm32f4_rtos\Project\EWARMv7\Flash\Obj\bsp_watchdog.o
#        F:\work\YarnControl_Driver\src\stm32f4_rtos\Project\EWARMv7\Flash\Obj\cc936.o
#        F:\work\YarnControl_Driver\src\stm32f4_rtos\Project\EWARMv7\Flash\Obj\croutine.o
#        F:\work\YarnControl_Driver\src\stm32f4_rtos\Project\EWARMv7\Flash\Obj\demo_fatfs.o
#        F:\work\YarnControl_Driver\src\stm32f4_rtos\Project\EWARMv7\Flash\Obj\diskio.o
#        F:\work\YarnControl_Driver\src\stm32f4_rtos\Project\EWARMv7\Flash\Obj\encoder.o
#        F:\work\YarnControl_Driver\src\stm32f4_rtos\Project\EWARMv7\Flash\Obj\event_groups.o
#        F:\work\YarnControl_Driver\src\stm32f4_rtos\Project\EWARMv7\Flash\Obj\ff.o
#        F:\work\YarnControl_Driver\src\stm32f4_rtos\Project\EWARMv7\Flash\Obj\heap_4.o
#        F:\work\YarnControl_Driver\src\stm32f4_rtos\Project\EWARMv7\Flash\Obj\list.o
#        F:\work\YarnControl_Driver\src\stm32f4_rtos\Project\EWARMv7\Flash\Obj\main.o
#        F:\work\YarnControl_Driver\src\stm32f4_rtos\Project\EWARMv7\Flash\Obj\malloc.o
#        F:\work\YarnControl_Driver\src\stm32f4_rtos\Project\EWARMv7\Flash\Obj\mcheck.o
#        F:\work\YarnControl_Driver\src\stm32f4_rtos\Project\EWARMv7\Flash\Obj\misc.o
#        F:\work\YarnControl_Driver\src\stm32f4_rtos\Project\EWARMv7\Flash\Obj\modbus.o
#        F:\work\YarnControl_Driver\src\stm32f4_rtos\Project\EWARMv7\Flash\Obj\page_weimi.o
#        F:\work\YarnControl_Driver\src\stm32f4_rtos\Project\EWARMv7\Flash\Obj\para.o
#        F:\work\YarnControl_Driver\src\stm32f4_rtos\Project\EWARMv7\Flash\Obj\port.o
#        F:\work\YarnControl_Driver\src\stm32f4_rtos\Project\EWARMv7\Flash\Obj\portasm.o
#        F:\work\YarnControl_Driver\src\stm32f4_rtos\Project\EWARMv7\Flash\Obj\product_cal.o
#        F:\work\YarnControl_Driver\src\stm32f4_rtos\Project\EWARMv7\Flash\Obj\protocol.o
#        F:\work\YarnControl_Driver\src\stm32f4_rtos\Project\EWARMv7\Flash\Obj\queue.o
#        F:\work\YarnControl_Driver\src\stm32f4_rtos\Project\EWARMv7\Flash\Obj\rc522.o
#        F:\work\YarnControl_Driver\src\stm32f4_rtos\Project\EWARMv7\Flash\Obj\startup_stm32f40_41xxx.o
#        F:\work\YarnControl_Driver\src\stm32f4_rtos\Project\EWARMv7\Flash\Obj\stm32f4xx_adc.o
#        F:\work\YarnControl_Driver\src\stm32f4_rtos\Project\EWARMv7\Flash\Obj\stm32f4xx_assert.o
#        F:\work\YarnControl_Driver\src\stm32f4_rtos\Project\EWARMv7\Flash\Obj\stm32f4xx_can.o
#        F:\work\YarnControl_Driver\src\stm32f4_rtos\Project\EWARMv7\Flash\Obj\stm32f4xx_crc.o
#        F:\work\YarnControl_Driver\src\stm32f4_rtos\Project\EWARMv7\Flash\Obj\stm32f4xx_cryp.o
#        F:\work\YarnControl_Driver\src\stm32f4_rtos\Project\EWARMv7\Flash\Obj\stm32f4xx_cryp_aes.o
#        F:\work\YarnControl_Driver\src\stm32f4_rtos\Project\EWARMv7\Flash\Obj\stm32f4xx_cryp_des.o
#        F:\work\YarnControl_Driver\src\stm32f4_rtos\Project\EWARMv7\Flash\Obj\stm32f4xx_cryp_tdes.o
#        F:\work\YarnControl_Driver\src\stm32f4_rtos\Project\EWARMv7\Flash\Obj\stm32f4xx_dac.o
#        F:\work\YarnControl_Driver\src\stm32f4_rtos\Project\EWARMv7\Flash\Obj\stm32f4xx_dbgmcu.o
#        F:\work\YarnControl_Driver\src\stm32f4_rtos\Project\EWARMv7\Flash\Obj\stm32f4xx_dcmi.o
#        F:\work\YarnControl_Driver\src\stm32f4_rtos\Project\EWARMv7\Flash\Obj\stm32f4xx_dma.o
#        F:\work\YarnControl_Driver\src\stm32f4_rtos\Project\EWARMv7\Flash\Obj\stm32f4xx_dma2d.o
#        F:\work\YarnControl_Driver\src\stm32f4_rtos\Project\EWARMv7\Flash\Obj\stm32f4xx_exti.o
#        F:\work\YarnControl_Driver\src\stm32f4_rtos\Project\EWARMv7\Flash\Obj\stm32f4xx_flash.o
#        F:\work\YarnControl_Driver\src\stm32f4_rtos\Project\EWARMv7\Flash\Obj\stm32f4xx_fsmc.o
#        F:\work\YarnControl_Driver\src\stm32f4_rtos\Project\EWARMv7\Flash\Obj\stm32f4xx_gpio.o
#        F:\work\YarnControl_Driver\src\stm32f4_rtos\Project\EWARMv7\Flash\Obj\stm32f4xx_hash.o
#        F:\work\YarnControl_Driver\src\stm32f4_rtos\Project\EWARMv7\Flash\Obj\stm32f4xx_hash_md5.o
#        F:\work\YarnControl_Driver\src\stm32f4_rtos\Project\EWARMv7\Flash\Obj\stm32f4xx_hash_sha1.o
#        F:\work\YarnControl_Driver\src\stm32f4_rtos\Project\EWARMv7\Flash\Obj\stm32f4xx_i2c.o
#        F:\work\YarnControl_Driver\src\stm32f4_rtos\Project\EWARMv7\Flash\Obj\stm32f4xx_it.o
#        F:\work\YarnControl_Driver\src\stm32f4_rtos\Project\EWARMv7\Flash\Obj\stm32f4xx_iwdg.o
#        F:\work\YarnControl_Driver\src\stm32f4_rtos\Project\EWARMv7\Flash\Obj\stm32f4xx_ltdc.o
#        F:\work\YarnControl_Driver\src\stm32f4_rtos\Project\EWARMv7\Flash\Obj\stm32f4xx_pwr.o
#        F:\work\YarnControl_Driver\src\stm32f4_rtos\Project\EWARMv7\Flash\Obj\stm32f4xx_rcc.o
#        F:\work\YarnControl_Driver\src\stm32f4_rtos\Project\EWARMv7\Flash\Obj\stm32f4xx_rng.o
#        F:\work\YarnControl_Driver\src\stm32f4_rtos\Project\EWARMv7\Flash\Obj\stm32f4xx_rtc.o
#        F:\work\YarnControl_Driver\src\stm32f4_rtos\Project\EWARMv7\Flash\Obj\stm32f4xx_sai.o
#        F:\work\YarnControl_Driver\src\stm32f4_rtos\Project\EWARMv7\Flash\Obj\stm32f4xx_sdio.o
#        F:\work\YarnControl_Driver\src\stm32f4_rtos\Project\EWARMv7\Flash\Obj\stm32f4xx_spi.o
#        F:\work\YarnControl_Driver\src\stm32f4_rtos\Project\EWARMv7\Flash\Obj\stm32f4xx_syscfg.o
#        F:\work\YarnControl_Driver\src\stm32f4_rtos\Project\EWARMv7\Flash\Obj\stm32f4xx_tim.o
#        F:\work\YarnControl_Driver\src\stm32f4_rtos\Project\EWARMv7\Flash\Obj\stm32f4xx_usart.o
#        F:\work\YarnControl_Driver\src\stm32f4_rtos\Project\EWARMv7\Flash\Obj\stm32f4xx_wwdg.o
#        F:\work\YarnControl_Driver\src\stm32f4_rtos\Project\EWARMv7\Flash\Obj\SysInfoTest.o
#        F:\work\YarnControl_Driver\src\stm32f4_rtos\Project\EWARMv7\Flash\Obj\system_stm32f4xx.o
#        F:\work\YarnControl_Driver\src\stm32f4_rtos\Project\EWARMv7\Flash\Obj\tasks.o
#        F:\work\YarnControl_Driver\src\stm32f4_rtos\Project\EWARMv7\Flash\Obj\timers.o
#        F:\work\YarnControl_Driver\src\stm32f4_rtos\Project\EWARMv7\Flash\Obj\usb_bsp.o
#        F:\work\YarnControl_Driver\src\stm32f4_rtos\Project\EWARMv7\Flash\Obj\usb_core.o
#        F:\work\YarnControl_Driver\src\stm32f4_rtos\Project\EWARMv7\Flash\Obj\usb_hcd.o
#        F:\work\YarnControl_Driver\src\stm32f4_rtos\Project\EWARMv7\Flash\Obj\usb_hcd_int.o
#        F:\work\YarnControl_Driver\src\stm32f4_rtos\Project\EWARMv7\Flash\Obj\usbh_core.o
#        F:\work\YarnControl_Driver\src\stm32f4_rtos\Project\EWARMv7\Flash\Obj\usbh_hcs.o
#        F:\work\YarnControl_Driver\src\stm32f4_rtos\Project\EWARMv7\Flash\Obj\usbh_ioreq.o
#        F:\work\YarnControl_Driver\src\stm32f4_rtos\Project\EWARMv7\Flash\Obj\usbh_it.o
#        F:\work\YarnControl_Driver\src\stm32f4_rtos\Project\EWARMv7\Flash\Obj\usbh_msc_bot.o
#        F:\work\YarnControl_Driver\src\stm32f4_rtos\Project\EWARMv7\Flash\Obj\usbh_msc_core.o
#        F:\work\YarnControl_Driver\src\stm32f4_rtos\Project\EWARMv7\Flash\Obj\usbh_msc_scsi.o
#        F:\work\YarnControl_Driver\src\stm32f4_rtos\Project\EWARMv7\Flash\Obj\usbh_stdreq.o
#        F:\work\YarnControl_Driver\src\stm32f4_rtos\Project\EWARMv7\Flash\Obj\usbh_usr.o
#        -o
#        F:\work\YarnControl_Driver\src\stm32f4_rtos\Project\EWARMv7\Flash\Exe\project.out
#        --map
#        F:\work\YarnControl_Driver\src\stm32f4_rtos\Project\EWARMv7\Flash\List\project.map
#        --config
#        F:\work\YarnControl_Driver\src\stm32f4_rtos\Project\EWARMv7\stm32f4xx_flash.icf
#        --semihosting --entry __iar_program_start --inline --vfe
#
###############################################################################

*******************************************************************************
*** RUNTIME MODEL ATTRIBUTES
***

CppFlavor       = *
__SystemLibrary = DLib


*******************************************************************************
*** PLACEMENT SUMMARY
***

"A1":  place at 0x08000000 { ro section .intvec };
"P1":  place in [from 0x08000000 to 0x080fffff] { ro };
"P2":  place in [from 0x20000000 to 0x2001ffff] { rw, block CSTACK, block HEAP };

  Section             Kind        Address     Size  Object
  -------             ----        -------     ----  ------
"A1":                                        0x188
  .intvec             ro code  0x08000000    0x188  startup_stm32f40_41xxx.o [1]
                             - 0x08000188    0x188

"P1":                                      0x40b05
  .rodata             const    0x08000188  0x15484  cc936.o [1]
  .rodata             const    0x0801560c  0x15484  cc936.o [1]
  .text               ro code  0x0802aa90   0x3f18  apptask.o [1]
  .text               ro code  0x0802e9a8    0xc00  tasks.o [1]
  .text               ro code  0x0802f5a8    0x7c8  queue.o [1]
  .text               ro code  0x0802fd70   0x1248  bsp_sdwe050c17.o [1]
  .text               ro code  0x08030fb8    0x498  product_cal.o [1]
  .text               ro code  0x08031450     0x66  ABImemset.o [5]
  .text               ro code  0x080314b6      0xa  xsprout.o [3]
  .text               ro code  0x080314c0    0x380  bsp_w25qxx.o [1]
  .text               ro code  0x08031840     0x76  ABImemcpy_unaligned.o [5]
  .text               ro code  0x080318b8     0x4e  FltToDbl.o [4]
  .text               ro code  0x08031908     0x24  printf.o [3]
  .text               ro code  0x0803192c     0x62  memcmp_unaligned.o [5]
  .text               ro code  0x08031990     0x42  strcmp_unaligned.o [5]
  .text               ro code  0x080319d4    0x21c  malloc.o [1]
  .text               ro code  0x08031bf0    0x534  stm32f4xx_tim.o [1]
  .text               ro code  0x08032124     0x30  I32ToDbl.o [4]
  .text               ro code  0x08032154    0x256  DblDiv.o [4]
  .text               ro code  0x080323ac     0xe8  DblAdd.o [4]
  .text               ro code  0x08032494    0x1a2  DblMul.o [4]
  .text               ro code  0x08032638     0x58  DblToI32.o [4]
  .text               ro code  0x08032690     0x36  strlen.o [5]
  .text               ro code  0x080326c8     0x90  DblToFlt.o [4]
  .text               ro code  0x08032758    0x1b6  usbh_usr.o [1]
  .text               ro code  0x08032910    0x760  usbh_core.o [1]
  .text               ro code  0x08033070   0x2264  ff.o [1]
  .text               ro code  0x080352d4     0x34  sprintf.o [3]
  .text               ro code  0x08035308     0x1c  strcat.o [3]
  .text               ro code  0x08035324     0xc0  bsp_led.o [1]
  .text               ro code  0x080353e4     0xae  rc522.o [1]
  .text               ro code  0x08035494    0x354  modbus.o [1]
  .text               ro code  0x080357e8     0x68  bsp_sw_onoff.o [1]
  .text               ro code  0x08035850     0x44  protocol.o [1]
  .text               ro code  0x08035894     0x10  apptask.o [1]
  .text               ro code  0x080358a4    0x21c  bsp_stepmotor.o [1]
  .text               ro code  0x08035ac0    0x12c  stm32f4xx_gpio.o [1]
  .text               ro code  0x08035bec    0x230  bsp_servomotor.o [1]
  .text               ro code  0x08035e1c    0x262  event_groups.o [1]
  .text               ro code  0x08036080    0x4a4  timers.o [1]
  .text               ro code  0x08036524      0x8  bsp_watchdog.o [1]
  .text               ro code  0x0803652c    0x24c  port.o [1]
  .text               ro code  0x08036778     0x98  list.o [1]
  .text               ro code  0x08036810    0x280  heap_4.o [1]
  .text               ro code  0x08036a90    0x1e8  stm32f4xx_rcc.o [1]
  .text               ro code  0x08036c78    0xa64  bsp_uart_fifo.o [1]
  .text               ro code  0x080376dc    0x204  bsp_timer.o [1]
  .text               ro code  0x080378e0    0x124  bsp_spi.o [1]
  .text               ro code  0x08037a04    0xd96  xprintffull_nomb.o [3]
  .text               ro code  0x0803879c    0x180  DblSub.o [4]
  .text               ro code  0x0803891c    0x14c  usb_bsp.o [1]
  .text               ro code  0x08038a68     0xd6  usb_hcd.o [1]
  .text               ro code  0x08038b3e    0x1ba  usbh_hcs.o [1]
  .text               ro code  0x08038cf8    0x436  usbh_stdreq.o [1]
  .text               ro code  0x0803912e    0x246  usbh_ioreq.o [1]
  .text               ro code  0x08039374    0x2e4  diskio.o [1]
  .text               ro code  0x08039658     0xf4  cc936.o [1]
  .text               ro code  0x0803974c     0xb8  mcheck.o [1]
  .text               ro code  0x08039804     0x2c  strstr.o [3]
  .text               ro code  0x08039830    0x31c  stm32f4xx_dma.o [1]
  .text               ro code  0x08039b4c     0x88  misc.o [1]
  .text               ro code  0x08039bd4     0x10  stm32f4xx_iwdg.o [1]
  CODE                ro code  0x08039be4     0xa8  portasm.o [1]
  .text               ro code  0x08039c8c    0x22e  stm32f4xx_usart.o [1]
  .text               ro code  0x08039ebc     0x74  stm32f4xx_spi.o [1]
  .text               ro code  0x08039f30     0x16  strchr.o [5]
  .text               ro code  0x08039f48     0x58  memchr.o [5]
  .text               ro code  0x08039fa0     0xee  I64DivMod.o [5]
  .text               ro code  0x0803a08e     0x42  xdnorm.o [4]
  .text               ro code  0x0803a0d0     0x2e  DblCmpLe.o [4]
  .text               ro code  0x0803a100     0x2e  DblCmpGe.o [4]
  .text               ro code  0x0803a130    0x114  xdscale.o [4]
  .text               ro code  0x0803a244     0x6c  localeconv.o [3]
  .text               ro code  0x0803a2b0      0xe  div.o [3]
  .text               ro code  0x0803a2c0     0x74  bsp_dwt.o [1]
  .text               ro code  0x0803a334    0xa50  usb_core.o [1]
  .text               ro code  0x0803ad84   0x1a58  bsp_sdio_sd.o [1]
  .text               ro code  0x0803c7dc    0x618  usbh_msc_scsi.o [1]
  .text               ro code  0x0803cdf4    0x554  usbh_msc_bot.o [1]
  .text               ro code  0x0803d348      0x2  I64DivZer.o [5]
  .text               ro code  0x0803d34c    0x17c  stm32f4xx_sdio.o [1]
  .text               ro code  0x0803d4c8    0xc7e  usb_hcd_int.o [1]
  .text               ro code  0x0803e148    0x3e8  usbh_msc_core.o [1]
  .rodata             const    0x0803e530    0x3dc  cc936.o [1]
  .rodata             const    0x0803e90c    0x3dc  cc936.o [1]
  .text               ro code  0x0803ece8    0x2e0  bsp_tim_pwm.o [1]
  .text               ro code  0x0803efc8    0x2bc  para.o [1]
  .text               ro code  0x0803f284     0x44  strcpy_unaligned.o [5]
  .rodata             const    0x0803f2c8    0x1f4  apptask.o [1]
  .rodata             const    0x0803f4bc    0x190  product_cal.o [1]
  .text               ro code  0x0803f64c    0x154  system_stm32f4xx.o [1]
  .rodata             const    0x0803f7a0    0x100  mcheck.o [1]
  .rodata             const    0x0803f8a0    0x100  mcheck.o [1]
  .rodata             const    0x0803f9a0    0x100  mcheck.o [1]
  .text               ro code  0x0803faa0     0xe8  bsp_closeSW.o [1]
  .text               ro code  0x0803fb88     0x54  stm32f4xx_syscfg.o [1]
  .text               ro code  0x0803fbdc     0xc0  stm32f4xx_exti.o [1]
  .text               ro code  0x0803fc9c     0xd0  packbits_init.o [5]
  .text               ro code  0x0803fd6c      0x6  abort.o [3]
  .text               ro code  0x0803fd74     0x14  exit.o [6]
  .text               ro code  0x0803fd88     0x4c  bsp.o [1]
  .text               ro code  0x0803fdd4     0x44  bsp_relay.o [1]
  .text               ro code  0x0803fe18     0x40  zero_init3.o [5]
  .text               ro code  0x0803fe58     0x3c  SysInfoTest.o [1]
  .rodata             const    0x0803fe94     0x38  demo_fatfs.o [1]
  .text               ro code  0x0803fecc     0x38  stm32f4xx_it.o [1]
  .text               ro code  0x0803ff04     0x34  main.o [1]
  .rodata             const    0x0803ff38     0x30  apptask.o [1]
  .rodata             const    0x0803ff68     0x30  demo_fatfs.o [1]
  .rodata             const    0x0803ff98     0x30  demo_fatfs.o [1]
  .rodata             const    0x0803ffc8     0x2c  apptask.o [1]
  .rodata             const    0x0803fff4     0x2c  demo_fatfs.o [1]
  .rodata             const    0x08040020     0x2c  demo_fatfs.o [1]
  .rodata             const    0x0804004c     0x2c  stm32f4xx_it.o [1]
  .rodata             const    0x08040078     0x28  demo_fatfs.o [1]
  .rodata             const    0x080400a0     0x28  demo_fatfs.o [1]
  .rodata             const    0x080400c8     0x28  demo_fatfs.o [1]
  .text               ro code  0x080400f0     0x28  data_init.o [5]
  .rodata             const    0x08040118     0x24  demo_fatfs.o [1]
  .rodata             const    0x0804013c     0x24  demo_fatfs.o [1]
  .rodata             const    0x08040160     0x24  usbh_usr.o [1]
  .text               ro code  0x08040184     0x22  fpinit_M.o [4]
  .iar.init_table     const    0x080401a8     0x34  - Linker created -
  .rodata             const    0x080401dc     0x20  apptask.o [1]
  .rodata             const    0x080401fc     0x20  apptask.o [1]
  .rodata             const    0x0804021c     0x20  bsp_sdwe050c17.o [1]
  .rodata             const    0x0804023c     0x20  demo_fatfs.o [1]
  .rodata             const    0x0804025c     0x20  demo_fatfs.o [1]
  .rodata             const    0x0804027c     0x20  demo_fatfs.o [1]
  .rodata             const    0x0804029c     0x20  usbh_usr.o [1]
  .rodata             const    0x080402bc     0x20  usbh_usr.o [1]
  .rodata             const    0x080402dc     0x20  usbh_usr.o [1]
  .rodata             const    0x080402fc     0x20  usbh_usr.o [1]
  .rodata             const    0x0804031c     0x20  usbh_usr.o [1]
  .rodata             const    0x0804033c     0x1c  apptask.o [1]
  .rodata             const    0x08040358     0x1c  apptask.o [1]
  .rodata             const    0x08040374     0x1c  apptask.o [1]
  .rodata             const    0x08040390     0x1c  apptask.o [1]
  .rodata             const    0x080403ac     0x1c  apptask.o [1]
  .rodata             const    0x080403c8     0x1c  apptask.o [1]
  .rodata             const    0x080403e4     0x1c  demo_fatfs.o [1]
  .rodata             const    0x08040400     0x1c  demo_fatfs.o [1]
  .rodata             const    0x0804041c     0x1c  usbh_usr.o [1]
  .rodata             const    0x08040438     0x1c  usbh_usr.o [1]
  .rodata             const    0x08040454     0x1c  usbh_usr.o [1]
  .rodata             const    0x08040470     0x1c  usbh_usr.o [1]
  .rodata             const    0x0804048c     0x1c  usbh_usr.o [1]
  .rodata             const    0x080404a8     0x1c  usbh_usr.o [1]
  .text               ro code  0x080404c4     0x1a  cmain.o [5]
  .text               ro code  0x080404de      0x4  exit.o [3]
  .text               ro code  0x080404e4      0xa  cexit.o [5]
  .rodata             const    0x080404f0     0x18  apptask.o [1]
  .rodata             const    0x08040508     0x18  apptask.o [1]
  .rodata             const    0x08040520     0x18  apptask.o [1]
  .rodata             const    0x08040538     0x18  apptask.o [1]
  .rodata             const    0x08040550     0x18  apptask.o [1]
  .rodata             const    0x08040568     0x18  apptask.o [1]
  .rodata             const    0x08040580     0x18  apptask.o [1]
  .rodata             const    0x08040598     0x18  demo_fatfs.o [1]
  .rodata             const    0x080405b0     0x18  demo_fatfs.o [1]
  .rodata             const    0x080405c8     0x18  demo_fatfs.o [1]
  .rodata             const    0x080405e0     0x18  demo_fatfs.o [1]
  .rodata             const    0x080405f8     0x18  usbh_usr.o [1]
  .rodata             const    0x08040610     0x18  usbh_usr.o [1]
  .rodata             const    0x08040628     0x18  usbh_usr.o [1]
  .rodata             const    0x08040640     0x18  usbh_usr.o [1]
  .rodata             const    0x08040658     0x18  usbh_usr.o [1]
  .text               ro code  0x08040670     0x16  xprout.o [3]
  .text               ro code  0x08040688      0xc  putchar.o [3]
  .rodata             const    0x08040694     0x14  apptask.o [1]
  .rodata             const    0x080406a8     0x14  apptask.o [1]
  .rodata             const    0x080406bc     0x14  apptask.o [1]
  .rodata             const    0x080406d0     0x14  apptask.o [1]
  .rodata             const    0x080406e4     0x14  apptask.o [1]
  .rodata             const    0x080406f8     0x14  apptask.o [1]
  .rodata             const    0x0804070c     0x14  usbh_usr.o [1]
  .rodata             const    0x08040720     0x14  usbh_usr.o [1]
  .rodata             const    0x08040734     0x10  apptask.o [1]
  .rodata             const    0x08040744     0x10  apptask.o [1]
  .rodata             const    0x08040754     0x10  apptask.o [1]
  .rodata             const    0x08040764     0x10  apptask.o [1]
  .rodata             const    0x08040774     0x10  apptask.o [1]
  .rodata             const    0x08040784     0x10  apptask.o [1]
  .rodata             const    0x08040794     0x10  apptask.o [1]
  .rodata             const    0x080407a4     0x10  apptask.o [1]
  .rodata             const    0x080407b4     0x10  apptask.o [1]
  .rodata             const    0x080407c4     0x10  ff.o [1]
  .rodata             const    0x080407d4     0x10  main.o [1]
  .rodata             const    0x080407e4     0x10  main.o [1]
  .rodata             const    0x080407f4     0x10  usbh_usr.o [1]
  .rodata             const    0x08040804     0x10  usbh_usr.o [1]
  .text               ro code  0x08040814     0x10  startup_stm32f40_41xxx.o [1]
  .text               ro code  0x08040824     0x10  usbh_it.o [1]
  .rodata             const    0x08040834      0xc  apptask.o [1]
  .rodata             const    0x08040840      0xc  apptask.o [1]
  .rodata             const    0x0804084c      0xc  apptask.o [1]
  .rodata             const    0x08040858      0xc  apptask.o [1]
  .rodata             const    0x08040864      0xc  apptask.o [1]
  .rodata             const    0x08040870      0xc  apptask.o [1]
  .rodata             const    0x0804087c      0xc  apptask.o [1]
  .rodata             const    0x08040888      0xc  apptask.o [1]
  .rodata             const    0x08040894      0xc  apptask.o [1]
  .rodata             const    0x080408a0      0xc  apptask.o [1]
  .rodata             const    0x080408ac      0xc  apptask.o [1]
  .rodata             const    0x080408b8      0xc  apptask.o [1]
  .rodata             const    0x080408c4      0xc  apptask.o [1]
  .rodata             const    0x080408d0      0xc  apptask.o [1]
  .rodata             const    0x080408dc      0xc  apptask.o [1]
  .rodata             const    0x080408e8      0xc  apptask.o [1]
  .rodata             const    0x080408f4      0xc  apptask.o [1]
  .rodata             const    0x08040900      0xc  apptask.o [1]
  .rodata             const    0x0804090c      0xc  apptask.o [1]
  .rodata             const    0x08040918      0xc  apptask.o [1]
  .rodata             const    0x08040924      0xc  apptask.o [1]
  .rodata             const    0x08040930      0xc  apptask.o [1]
  .rodata             const    0x0804093c      0xc  apptask.o [1]
  .rodata             const    0x08040948      0xc  apptask.o [1]
  .rodata             const    0x08040954      0xc  apptask.o [1]
  .rodata             const    0x08040960      0xc  apptask.o [1]
  .rodata             const    0x0804096c      0xc  bsp_sdwe050c17.o [1]
  .rodata             const    0x08040978      0xc  bsp_sdwe050c17.o [1]
  .rodata             const    0x08040984      0xc  demo_fatfs.o [1]
  .rodata             const    0x08040990      0xc  ff.o [1]
  .text               ro code  0x0804099c      0xc  cstartup_M.o [5]
  .rodata             const    0x080409a8      0x8  apptask.o [1]
  .rodata             const    0x080409b0      0x8  apptask.o [1]
  .rodata             const    0x080409b8      0x8  apptask.o [1]
  .rodata             const    0x080409c0      0x8  apptask.o [1]
  .rodata             const    0x080409c8      0x8  apptask.o [1]
  .rodata             const    0x080409d0      0x8  apptask.o [1]
  .rodata             const    0x080409d8      0x8  apptask.o [1]
  .rodata             const    0x080409e0      0x8  apptask.o [1]
  .rodata             const    0x080409e8      0x8  apptask.o [1]
  .rodata             const    0x080409f0      0x8  apptask.o [1]
  .rodata             const    0x080409f8      0x8  apptask.o [1]
  .rodata             const    0x08040a00      0x8  bsp_w25qxx.o [1]
  .rodata             const    0x08040a08      0x8  ff.o [1]
  .rodata             const    0x08040a10      0x8  malloc.o [1]
  .rodata             const    0x08040a18      0x8  malloc.o [1]
  .rodata             const    0x08040a20      0x8  malloc.o [1]
  .rodata             const    0x08040a28      0x8  para.o [1]
  .rodata             const    0x08040a30      0x8  para.o [1]
  .rodata             const    0x08040a38      0x8  para.o [1]
  .rodata             const    0x08040a40      0x8  tasks.o [1]
  .rodata             const    0x08040a48      0x8  timers.o [1]
  .rodata             const    0x08040a50      0x4  heap_4.o [1]
  .rodata             const    0x08040a54      0x4  port.o [1]
  .text               ro code  0x08040a58      0x4  startup_stm32f40_41xxx.o [1]
  .text               ro code  0x08040a5c      0x4  startup_stm32f40_41xxx.o [1]
  .text               ro code  0x08040a60      0x4  startup_stm32f40_41xxx.o [1]
  .text               ro code  0x08040a64      0x4  startup_stm32f40_41xxx.o [1]
  .text               ro code  0x08040a68      0x4  startup_stm32f40_41xxx.o [1]
  .text               ro code  0x08040a6c      0x4  startup_stm32f40_41xxx.o [1]
  .text               ro code  0x08040a70      0x4  startup_stm32f40_41xxx.o [1]
  .text               ro code  0x08040a74      0x4  startup_stm32f40_41xxx.o [1]
  .text               ro code  0x08040a78      0x4  startup_stm32f40_41xxx.o [1]
  .text               ro code  0x08040a7c      0x4  startup_stm32f40_41xxx.o [1]
  .text               ro code  0x08040a80      0x4  startup_stm32f40_41xxx.o [1]
  .text               ro code  0x08040a84      0x4  startup_stm32f40_41xxx.o [1]
  .text               ro code  0x08040a88      0x4  startup_stm32f40_41xxx.o [1]
  .text               ro code  0x08040a8c      0x4  startup_stm32f40_41xxx.o [1]
  .text               ro code  0x08040a90      0x4  startup_stm32f40_41xxx.o [1]
  .text               ro code  0x08040a94      0x4  startup_stm32f40_41xxx.o [1]
  .text               ro code  0x08040a98      0x4  startup_stm32f40_41xxx.o [1]
  .text               ro code  0x08040a9c      0x4  startup_stm32f40_41xxx.o [1]
  .text               ro code  0x08040aa0      0x4  startup_stm32f40_41xxx.o [1]
  .text               ro code  0x08040aa4      0x4  startup_stm32f40_41xxx.o [1]
  .text               ro code  0x08040aa8      0x4  startup_stm32f40_41xxx.o [1]
  .text               ro code  0x08040aac      0x4  startup_stm32f40_41xxx.o [1]
  .text               ro code  0x08040ab0      0x4  startup_stm32f40_41xxx.o [1]
  .text               ro code  0x08040ab4      0x4  startup_stm32f40_41xxx.o [1]
  .text               ro code  0x08040ab8      0x4  startup_stm32f40_41xxx.o [1]
  .text               ro code  0x08040abc      0x4  startup_stm32f40_41xxx.o [1]
  .text               ro code  0x08040ac0      0x4  startup_stm32f40_41xxx.o [1]
  .text               ro code  0x08040ac4      0x4  startup_stm32f40_41xxx.o [1]
  .text               ro code  0x08040ac8      0x4  startup_stm32f40_41xxx.o [1]
  .text               ro code  0x08040acc      0x4  startup_stm32f40_41xxx.o [1]
  .text               ro code  0x08040ad0      0x4  startup_stm32f40_41xxx.o [1]
  .text               ro code  0x08040ad4      0x4  startup_stm32f40_41xxx.o [1]
  .text               ro code  0x08040ad8      0x4  startup_stm32f40_41xxx.o [1]
  .text               ro code  0x08040adc      0x4  startup_stm32f40_41xxx.o [1]
  .text               ro code  0x08040ae0      0x4  startup_stm32f40_41xxx.o [1]
  .text               ro code  0x08040ae4      0x4  startup_stm32f40_41xxx.o [1]
  .text               ro code  0x08040ae8      0x4  startup_stm32f40_41xxx.o [1]
  .text               ro code  0x08040aec      0x4  startup_stm32f40_41xxx.o [1]
  .text               ro code  0x08040af0      0x4  startup_stm32f40_41xxx.o [1]
  .text               ro code  0x08040af4      0x4  startup_stm32f40_41xxx.o [1]
  .text               ro code  0x08040af8      0x4  startup_stm32f40_41xxx.o [1]
  .text               ro code  0x08040afc      0x4  startup_stm32f40_41xxx.o [1]
  .text               ro code  0x08040b00      0x4  startup_stm32f40_41xxx.o [1]
  .text               ro code  0x08040b04      0x4  startup_stm32f40_41xxx.o [1]
  .text               ro code  0x08040b08      0x4  startup_stm32f40_41xxx.o [1]
  .text               ro code  0x08040b0c      0x4  startup_stm32f40_41xxx.o [1]
  .text               ro code  0x08040b10      0x4  startup_stm32f40_41xxx.o [1]
  .text               ro code  0x08040b14      0x4  startup_stm32f40_41xxx.o [1]
  .text               ro code  0x08040b18      0x4  startup_stm32f40_41xxx.o [1]
  .text               ro code  0x08040b1c      0x4  startup_stm32f40_41xxx.o [1]
  .text               ro code  0x08040b20      0x4  startup_stm32f40_41xxx.o [1]
  .text               ro code  0x08040b24      0x4  startup_stm32f40_41xxx.o [1]
  .text               ro code  0x08040b28      0x4  startup_stm32f40_41xxx.o [1]
  .text               ro code  0x08040b2c      0x4  startup_stm32f40_41xxx.o [1]
  .text               ro code  0x08040b30      0x4  startup_stm32f40_41xxx.o [1]
  .text               ro code  0x08040b34      0x4  startup_stm32f40_41xxx.o [1]
  .text               ro code  0x08040b38      0x4  startup_stm32f40_41xxx.o [1]
  .text               ro code  0x08040b3c      0x4  startup_stm32f40_41xxx.o [1]
  .text               ro code  0x08040b40      0x4  startup_stm32f40_41xxx.o [1]
  .text               ro code  0x08040b44      0x4  startup_stm32f40_41xxx.o [1]
  .text               ro code  0x08040b48      0x4  startup_stm32f40_41xxx.o [1]
  .text               ro code  0x08040b4c      0x4  startup_stm32f40_41xxx.o [1]
  .text               ro code  0x08040b50      0x4  startup_stm32f40_41xxx.o [1]
  .text               ro code  0x08040b54      0x4  startup_stm32f40_41xxx.o [1]
  .text               ro code  0x08040b58      0x4  startup_stm32f40_41xxx.o [1]
  .text               ro code  0x08040b5c      0x4  startup_stm32f40_41xxx.o [1]
  .text               ro code  0x08040b60      0x4  startup_stm32f40_41xxx.o [1]
  .text               ro code  0x08040b64      0x4  startup_stm32f40_41xxx.o [1]
  .text               ro code  0x08040b68      0x4  startup_stm32f40_41xxx.o [1]
  .text               ro code  0x08040b6c      0x4  startup_stm32f40_41xxx.o [1]
  .rodata             const    0x08040b70      0x0  zero_init3.o [5]
  .rodata             const    0x08040b70      0x0  packbits_init.o [5]
  Initializer bytes   const    0x08040b70    0x11d  <for P2 s0>
                             - 0x08040c8d  0x40b05

"P2":                                      0x1f750
  P2 s0                        0x20000000    0x1cb  <Init block>
    __DLIB_PERTHREAD  inited   0x20000000     0x88  localeconv.o [3]
    .data             inited   0x20000088     0x50  demo_fatfs.o [1]
    .data             inited   0x200000d8     0x48  usbh_usr.o [1]
    .data             inited   0x20000120     0x40  xfiles.o [3]
    .data             inited   0x20000160     0x1c  malloc.o [1]
    .data             inited   0x2000017c     0x14  bsp_servomotor.o [1]
    .data             inited   0x20000190     0x10  stm32f4xx_rcc.o [1]
    .data             inited   0x200001a0     0x10  usbh_msc_core.o [1]
    .data             inited   0x200001b0      0xc  usbh_core.o [1]
    .data             inited   0x200001bc      0x4  port.o [1]
    .data             inited   0x200001c0      0x4  system_stm32f4xx.o [1]
    .data             inited   0x200001c4      0x4  usbh_core.o [1]
    .data             inited   0x200001c8      0x2  bsp_w25qxx.o [1]
    .data             inited   0x200001ca      0x1  usbh_msc_scsi.o [1]
  .bss                zero     0x200001cc  0x11800  heap_4.o [1]
  .bss                zero     0x200119cc   0xa000  malloc.o [1]
  .bss                zero     0x2001b9cc   0x1000  bsp_w25qxx.o [1]
  .bss                zero     0x2001c9cc    0xa00  malloc.o [1]
  .bss                zero     0x2001d3cc    0x5ac  usbh_usr.o [1]
  .bss                zero     0x2001d978    0x5ac  usbh_usr.o [1]
  .bss                zero     0x2001df24    0x200  ff.o [1]
  .bss                zero     0x2001e124    0x200  usbh_msc_scsi.o [1]
  .bss                zero     0x2001e324    0x200  usbh_stdreq.o [1]
  .bss                zero     0x2001e524    0x118  page_weimi.o [1]
  .bss                zero     0x2001e63c     0xc8  tasks.o [1]
  .bss                zero     0x2001e704     0xa4  protocol.o [1]
  .bss                zero     0x2001e7a8     0x94  usbh_usr.o [1]
  .bss                zero     0x2001e83c     0x90  para.o [1]
  .bss                zero     0x2001e8cc     0x70  protocol.o [1]
  .bss                zero     0x2001e93c     0x64  bsp_uart_fifo.o [1]
  .bss                zero     0x2001e9a0     0x64  bsp_uart_fifo.o [1]
  .bss                zero     0x2001ea04     0x64  bsp_uart_fifo.o [1]
  .bss                zero     0x2001ea68     0x4c  usbh_msc_core.o [1]
  .bss                zero     0x2001eab8     0x58  bsp_sdio_sd.o [1]
  .bss                zero     0x2001eb10     0x50  protocol.o [1]
  .bss                zero     0x2001eb60     0x50  xfiles.o [3]
  .bss                zero     0x2001ebb0     0x34  bsp_sdwe050c17.o [1]
  .bss                zero     0x2001ebe4     0x2c  product_cal.o [1]
  .bss                zero     0x2001ec10     0x28  bsp_uart_fifo.o [1]
  .bss                zero     0x2001ec38     0x28  product_cal.o [1]
  .bss                zero     0x2001ec60     0x24  ff.o [1]
  .bss                zero     0x2001ec84     0x20  usbh_msc_bot.o [1]
  .bss                zero     0x2001eca4     0x18  bsp_sdio_sd.o [1]
  .bss                zero     0x2001ecbc     0x18  bsp_sdio_sd.o [1]
  .bss                zero     0x2001ecd4     0x14  bsp_sdio_sd.o [1]
  .bss                zero     0x2001ece8     0x14  rc522.o [1]
  .bss                zero     0x2001ecfc     0x14  tasks.o [1]
  .bss                zero     0x2001ed10     0x14  tasks.o [1]
  .bss                zero     0x2001ed24     0x14  tasks.o [1]
  .bss                zero     0x2001ed38     0x14  tasks.o [1]
  .bss                zero     0x2001ed4c     0x14  tasks.o [1]
  .bss                zero     0x2001ed60     0x14  timers.o [1]
  .bss                zero     0x2001ed74     0x14  timers.o [1]
  .bss                zero     0x2001ed88     0x10  bsp_sdio_sd.o [1]
  .bss                zero     0x2001ed98     0x10  bsp_sdio_sd.o [1]
  .bss                zero     0x2001eda8     0x10  usbh_msc_bot.o [1]
  .bss                zero     0x2001edb8     0x10  usbh_msc_bot.o [1]
  .bss                zero     0x2001edc8     0x10  usbh_msc_scsi.o [1]
  .bss                zero     0x2001edd8      0xc  apptask.o [1]
  .bss                zero     0x2001ede4      0xc  apptask.o [1]
  .bss                zero     0x2001edf0      0xc  ff.o [1]
  .bss                zero     0x2001edfc      0xc  protocol.o [1]
  .bss                zero     0x2001ee08      0xc  protocol.o [1]
  .bss                zero     0x2001ee14      0xc  protocol.o [1]
  .bss                zero     0x2001ee20      0x8  heap_4.o [1]
  .bss                zero     0x2001ee28      0x8  modbus.o [1]
  .bss                zero     0x2001ee30      0x8  protocol.o [1]
  .bss                zero     0x2001ee38      0x4  apptask.o [1]
  .bss                zero     0x2001ee3c      0x4  apptask.o [1]
  .bss                zero     0x2001ee40      0x4  apptask.o [1]
  .bss                zero     0x2001ee44      0x4  apptask.o [1]
  .bss                zero     0x2001ee48      0x4  apptask.o [1]
  .bss                zero     0x2001ee4c      0x4  apptask.o [1]
  .bss                zero     0x2001ee50      0x4  apptask.o [1]
  .bss                zero     0x2001ee54      0x4  apptask.o [1]
  .bss                zero     0x2001ee58      0x4  apptask.o [1]
  .bss                zero     0x2001ee5c      0x4  apptask.o [1]
  .bss                zero     0x2001ee60      0x4  apptask.o [1]
  .bss                zero     0x2001ee64      0x4  apptask.o [1]
  .bss                zero     0x2001ee68      0x4  apptask.o [1]
  .bss                zero     0x2001ee6c      0x4  apptask.o [1]
  .bss                zero     0x2001ee70      0x4  apptask.o [1]
  .bss                zero     0x2001ee74      0x4  apptask.o [1]
  .bss                zero     0x2001ee78      0x4  apptask.o [1]
  .bss                zero     0x2001ee7c      0x4  bsp_sdio_sd.o [1]
  .bss                zero     0x2001ee80      0x4  bsp_sdio_sd.o [1]
  .bss                zero     0x2001ee84      0x4  bsp_sdio_sd.o [1]
  .bss                zero     0x2001ee88      0x4  bsp_sdio_sd.o [1]
  .bss                zero     0x2001ee8c      0x4  bsp_sdio_sd.o [1]
  .bss                zero     0x2001ee90      0x4  bsp_timer.o [1]
  .bss                zero     0x2001ee94      0x4  bsp_timer.o [1]
  .bss                zero     0x2001ee98      0x4  bsp_timer.o [1]
  .bss                zero     0x2001ee9c      0x4  bsp_timer.o [1]
  .bss                zero     0x2001eea0      0x4  heap_4.o [1]
  .bss                zero     0x2001eea4      0x4  heap_4.o [1]
  .bss                zero     0x2001eea8      0x4  heap_4.o [1]
  .bss                zero     0x2001eeac      0x4  heap_4.o [1]
  .bss                zero     0x2001eeb0      0x4  port.o [1]
  .bss                zero     0x2001eeb4      0x4  product_cal.o [1]
  .bss                zero     0x2001eeb8      0x4  product_cal.o [1]
  .bss                zero     0x2001eebc      0x4  SysInfoTest.o [1]
  .bss                zero     0x2001eec0      0x4  tasks.o [1]
  .bss                zero     0x2001eec4      0x4  tasks.o [1]
  .bss                zero     0x2001eec8      0x4  tasks.o [1]
  .bss                zero     0x2001eecc      0x4  tasks.o [1]
  .bss                zero     0x2001eed0      0x4  tasks.o [1]
  .bss                zero     0x2001eed4      0x4  tasks.o [1]
  .bss                zero     0x2001eed8      0x4  tasks.o [1]
  .bss                zero     0x2001eedc      0x4  tasks.o [1]
  .bss                zero     0x2001eee0      0x4  tasks.o [1]
  .bss                zero     0x2001eee4      0x4  tasks.o [1]
  .bss                zero     0x2001eee8      0x4  tasks.o [1]
  .bss                zero     0x2001eeec      0x4  tasks.o [1]
  .bss                zero     0x2001eef0      0x4  tasks.o [1]
  .bss                zero     0x2001eef4      0x4  tasks.o [1]
  .bss                zero     0x2001eef8      0x4  tasks.o [1]
  .bss                zero     0x2001eefc      0x4  tasks.o [1]
  .bss                zero     0x2001ef00      0x4  timers.o [1]
  .bss                zero     0x2001ef04      0x4  timers.o [1]
  .bss                zero     0x2001ef08      0x4  timers.o [1]
  .bss                zero     0x2001ef0c      0x4  timers.o [1]
  .bss                zero     0x2001ef10      0x4  usbh_msc_bot.o [1]
  .bss                zero     0x2001ef14      0x4  usbh_msc_bot.o [1]
  .bss                zero     0x2001ef18      0x4  usbh_msc_bot.o [1]
  .bss                zero     0x2001ef1c      0x4  usbh_msc_bot.o [1]
  .bss                zero     0x2001ef20      0x2  apptask.o [1]
  .bss                zero     0x2001ef22      0x2  apptask.o [1]
  .bss                zero     0x2001ef24      0x2  apptask.o [1]
  .bss                zero     0x2001ef26      0x2  apptask.o [1]
  .bss                zero     0x2001ef28      0x2  bsp_sdwe050c17.o [1]
  .bss                zero     0x2001ef2a      0x2  ff.o [1]
  .bss                zero     0x2001ef2c      0x2  product_cal.o [1]
  .bss                zero     0x2001ef2e      0x2  usbh_core.o [1]
  .bss                zero     0x2001ef30      0x2  usbh_stdreq.o [1]
  .bss                zero     0x2001ef32      0x1  apptask.o [1]
  .bss                zero     0x2001ef33      0x1  apptask.o [1]
  .bss                zero     0x2001ef34      0x1  apptask.o [1]
  .bss                zero     0x2001ef35      0x1  apptask.o [1]
  .bss                zero     0x2001ef36      0x1  apptask.o [1]
  .bss                zero     0x2001ef37      0x1  apptask.o [1]
  .bss                zero     0x2001ef38      0x1  apptask.o [1]
  .bss                zero     0x2001ef39      0x1  apptask.o [1]
  .bss                zero     0x2001ef3a      0x1  apptask.o [1]
  .bss                zero     0x2001ef3b      0x1  bsp_sdio_sd.o [1]
  .bss                zero     0x2001ef3c      0x1  bsp_sdwe050c17.o [1]
  .bss                zero     0x2001ef3d      0x1  bsp_uart_fifo.o [1]
  .bss                zero     0x2001ef3e      0x1  port.o [1]
  .bss                zero     0x2001ef3f      0x1  product_cal.o [1]
  .bss                zero     0x2001ef40      0x1  product_cal.o [1]
  .bss                zero     0x2001ef41      0x1  product_cal.o [1]
  .bss                zero     0x2001ef42      0x1  protocol.o [1]
  .bss                zero     0x2001ef43      0x1  rc522.o [1]
  .bss                zero     0x2001ef44      0x1  rc522.o [1]
  .bss                zero     0x2001ef45      0x1  usbh_msc_bot.o [1]
  .bss                zero     0x2001ef46      0x1  usbh_msc_core.o [1]
  .bss                zero     0x2001ef47      0x1  usbh_msc_core.o [1]
  .bss                zero     0x2001ef48      0x1  usbh_stdreq.o [1]
  .bss                zero     0x2001ef49      0x1  usbh_usr.o [1]
  CSTACK                       0x2001ef50    0x800  <Block>
    CSTACK            uninit   0x2001ef50    0x800  <Block tail>
                             - 0x2001f750  0x1f750

Absolute sections:                         0xff000
  .bss                zero     0x68000000  0xf0000  malloc.o [1]
  .bss                zero     0x680f0000   0xf000  malloc.o [1]
                             - 0x680ff000  0xff000


*******************************************************************************
*** INIT TABLE
***

          Address     Size
          -------     ----
Zero (__iar_zero_init3)
    2 destination ranges, total size 0x11dd7e:
          0x200001cc  0x1ed7e
          0x68000000  0xff000

Copy/packbits (__iar_packbits_init3)
    1 source range, total size 0x11d (62% of destination):
          0x08040b70    0x11d
    1 destination range, total size 0x1cb:
          0x20000000    0x1cb



*******************************************************************************
*** MODULE SUMMARY
***

    Module                    ro code  ro data  rw data    rw data
                                                            (abs)
    ------                    -------  -------  -------    -------
F:\work\YarnControl_Driver\src\stm32f4_rtos\Project\EWARMv7\Flash\Obj: [1]
    SysInfoTest.o                  60                 4
    apptask.o                  16 168    1 656      109
    bsp.o                          76
    bsp_closeSW.o                 232
    bsp_dwt.o                     116
    bsp_led.o                     192
    bsp_relay.o                    68
    bsp_sdio_sd.o               6 744               209
    bsp_sdwe050c17.o            4 680       56       55
    bsp_servomotor.o              560       13       20
    bsp_spi.o                     292
    bsp_stepmotor.o               540
    bsp_sw_onoff.o                104
    bsp_tim_pwm.o                 736
    bsp_timer.o                   516                16
    bsp_uart_fifo.o             2 660               341
    bsp_w25qxx.o                  896        9    4 098
    bsp_watchdog.o                  8
    cc936.o                       244  176 320
    demo_fatfs.o                           742       80
    diskio.o                      740
    event_groups.o                610
    ff.o                        8 804       36      562
    heap_4.o                      640        4   71 704
    list.o                        152
    main.o                         52       32
    malloc.o                      540       41   43 548  1 044 480
    mcheck.o                      184      768
    misc.o                        136
    modbus.o                      852                 8
    page_weimi.o                                    280
    para.o                        700       24      144
    port.o                        588        7        9
    portasm.o                     168
    product_cal.o               1 176      400       97
    protocol.o                     68               401
    queue.o                     1 992
    rc522.o                       174                22
    startup_stm32f40_41xxx.o      688
    stm32f4xx_dma.o               796
    stm32f4xx_exti.o              192
    stm32f4xx_gpio.o              300
    stm32f4xx_it.o                 56       44
    stm32f4xx_iwdg.o               16
    stm32f4xx_rcc.o               488       10       16
    stm32f4xx_sdio.o              380
    stm32f4xx_spi.o               116
    stm32f4xx_syscfg.o             84
    stm32f4xx_tim.o             1 332
    stm32f4xx_usart.o             558
    system_stm32f4xx.o            340        2        4
    tasks.o                     3 072        8      364
    timers.o                    1 188        8       56
    usb_bsp.o                     332
    usb_core.o                  2 640
    usb_hcd.o                     214
    usb_hcd_int.o               3 198
    usbh_core.o                 1 888       10       18
    usbh_hcs.o                    442
    usbh_ioreq.o                  582
    usbh_it.o                      16
    usbh_msc_bot.o              1 364                81
    usbh_msc_core.o             1 000       10       94
    usbh_msc_scsi.o             1 560        1      529
    usbh_stdreq.o               1 078               515
    usbh_usr.o                    438      600    3 125
    --------------------------------------------------------------
    Total:                     76 826  180 801  126 509  1 044 480

command line: [2]
    --------------------------------------------------------------
    Total:

dl7M_tlf.a: [3]
    abort.o                         6
    div.o                          14
    exit.o                          4
    localeconv.o                  108       84      136
    printf.o                       36
    putchar.o                      12
    sprintf.o                      52
    strcat.o                       28
    strstr.o                       44
    xfiles.o                                40      144
    xprintffull_nomb.o          3 478
    xprout.o                       22
    xsprout.o                      10
    --------------------------------------------------------------
    Total:                      3 814      124      280

m7M_tls.a: [4]
    DblAdd.o                      232
    DblCmpGe.o                     46
    DblCmpLe.o                     46
    DblDiv.o                      598
    DblMul.o                      418
    DblSub.o                      384
    DblToFlt.o                    144
    DblToI32.o                     88
    FltToDbl.o                     78
    I32ToDbl.o                     48
    fpinit_M.o                     34
    xdnorm.o                       66
    xdscale.o                     276
    --------------------------------------------------------------
    Total:                      2 458

rt7M_tl.a: [5]
    ABImemcpy_unaligned.o         118
    ABImemset.o                   102
    I64DivMod.o                   238
    I64DivZer.o                     2
    cexit.o                        10
    cmain.o                        26
    cstartup_M.o                   12
    data_init.o                    40
    memchr.o                       88
    memcmp_unaligned.o             98
    packbits_init.o               208
    strchr.o                       22
    strcmp_unaligned.o             66
    strcpy_unaligned.o             68
    strlen.o                       54
    zero_init3.o                   64
    --------------------------------------------------------------
    Total:                      1 216

shb_l.a: [6]
    exit.o                         20
    --------------------------------------------------------------
    Total:                         20

    Gaps                           42        4        5
    Linker created                          52    2 048
------------------------------------------------------------------
    Grand Total:               84 376  180 981  128 842  1 044 480


*******************************************************************************
*** ENTRY LIST
***

Entry                      Address     Size  Type      Object
-----                      -------     ----  ----      ------
.iar.init_table$$Base   0x080401a8            --   Gb  - Linker created -
.iar.init_table$$Limit  0x080401dc            --   Gb  - Linker created -
?main                   0x080404c5           Code  Gb  cmain.o [5]
APBAHBPrescTable        0x20000190     0x10  Data  Lc  stm32f4xx_rcc.o [1]
AppObjCreate            0x0802e4b5    0x138  Code  Gb  apptask.o [1]
AppTaskCreate           0x0802e369    0x148  Code  Gb  apptask.o [1]
BOTStallErrorCount      0x2001ef10      0x4  Data  Lc  usbh_msc_bot.o [1]
BusFault_Handler        0x0803feff      0x2  Code  Gb  stm32f4xx_it.o [1]
CID_Tab                 0x2001ed98     0x10  Data  Lc  bsp_sdio_sd.o [1]
CRC16HiTable            0x0803f7a0    0x100  Data  Gb  mcheck.o [1]
CRC16LoTable            0x0803f8a0    0x100  Data  Gb  mcheck.o [1]
CRC8Table               0x0803f9a0    0x100  Data  Gb  mcheck.o [1]
CSD_Tab                 0x2001ed88     0x10  Data  Lc  bsp_sdio_sd.o [1]
CSTACK$$Base            0x2001ef50            --   Gb  - Linker created -
CSTACK$$Limit           0x2001f750            --   Gb  - Linker created -
CardType                0x2001ee7c      0x4  Data  Lc  bsp_sdio_sd.o [1]
CmdError                0x0803beed     0x38  Code  Lc  bsp_sdio_sd.o [1]
CmdResp1Error           0x0803bf91    0x112  Code  Lc  bsp_sdio_sd.o [1]
CmdResp2Error           0x0803c0e1     0x52  Code  Lc  bsp_sdio_sd.o [1]
CmdResp3Error           0x0803c0a3     0x3e  Code  Lc  bsp_sdio_sd.o [1]
CmdResp6Error           0x0803c133     0xa6  Code  Lc  bsp_sdio_sd.o [1]
CmdResp7Error           0x0803bf25     0x58  Code  Lc  bsp_sdio_sd.o [1]
ConfigExitNVIC          0x0803fb0b     0x22  Code  Gb  bsp_closeSW.o [1]
ConfigUartNVIC          0x080370a9     0x7c  Code  Lc  bsp_uart_fifo.o [1]
DMA1_Stream0_IRQHandler
                        0x08035de5     0x1c  Code  Gb  bsp_servomotor.o [1]
DMA2_Stream3_IRQHandler
                        0x0803c7d5      0x8  Code  Gb  bsp_sdio_sd.o [1]
DMAEndOfTransfer        0x2001ee8c      0x4  Data  Gb  bsp_sdio_sd.o [1]
DMA_ClearFlag           0x08039a13     0x24  Code  Gb  stm32f4xx_dma.o [1]
DMA_Cmd                 0x080399c9     0x1a  Code  Gb  stm32f4xx_dma.o [1]
DMA_DeInit              0x08039831    0x140  Code  Gb  stm32f4xx_dma.o [1]
DMA_FlowControllerConfig
                        0x080399e3     0x18  Code  Gb  stm32f4xx_dma.o [1]
DMA_GetCmdStatus        0x080399fb     0x18  Code  Gb  stm32f4xx_dma.o [1]
DMA_GetITStatus         0x08039a79     0x62  Code  Gb  stm32f4xx_dma.o [1]
DMA_ITConfig            0x08039a37     0x42  Code  Gb  stm32f4xx_dma.o [1]
DMA_Init                0x08039971     0x58  Code  Gb  stm32f4xx_dma.o [1]
DebugMon_Handler        0x0803ff03      0x2  Code  Gb  stm32f4xx_it.o [1]
DiskFile_init           0x08035851     0x40  Code  Gb  protocol.o [1]
Disk_File               0x2001e8cc     0x70  Data  Gb  protocol.o [1]
EXTI9_5_IRQHandler      0x0803fb2d     0x4e  Code  Gb  bsp_closeSW.o [1]
EXTI_ClearITPendingBit  0x0803fc7f      0x6  Code  Gb  stm32f4xx_exti.o [1]
EXTI_GetITStatus        0x0803fc65     0x1a  Code  Gb  stm32f4xx_exti.o [1]
EXTI_Init               0x0803fbdd     0x88  Code  Gb  stm32f4xx_exti.o [1]
FR_Table                0x20000088     0x50  Data  Gb  demo_fatfs.o [1]
FatFs                   0x2001edf0      0xc  Data  Lc  ff.o [1]
File_info               0x2001eb10     0x50  Data  Gb  protocol.o [1]
Files                   0x2001ec60     0x24  Data  Lc  ff.o [1]
FindSCR                 0x0803c381    0x206  Code  Lc  bsp_sdio_sd.o [1]
Fsid                    0x2001ef2a      0x2  Data  Lc  ff.o [1]
GPIO_Init               0x08035ac1     0xaa  Code  Gb  stm32f4xx_gpio.o [1]
GPIO_PinAFConfig        0x08035b93     0x5a  Code  Gb  stm32f4xx_gpio.o [1]
GPIO_ReadInputDataBit   0x08035b6b     0x1a  Code  Gb  stm32f4xx_gpio.o [1]
GPIO_WriteBit           0x08035b85      0xe  Code  Gb  stm32f4xx_gpio.o [1]
GetDeviceState          0x0803581d     0x2e  Code  Gb  bsp_sw_onoff.o [1]
HCD_GetCurrentFrame     0x08038af9      0x8  Code  Gb  usb_hcd.o [1]
HCD_GetCurrentSpeed     0x08038adb     0x10  Code  Gb  usb_hcd.o [1]
HCD_GetURB_State        0x08038b01      0xa  Code  Gb  usb_hcd.o [1]
HCD_GetXferCnt          0x08038b0b      0xc  Code  Gb  usb_hcd.o [1]
HCD_Init                0x08038a69     0x72  Code  Gb  usb_hcd.o [1]
HCD_ResetPort           0x08038aeb      0xe  Code  Gb  usb_hcd.o [1]
HCD_SubmitRequest       0x08038b17     0x28  Code  Gb  usb_hcd.o [1]
HardFault_Handler       0x0803fecf     0x22  Code  Gb  stm32f4xx_it.o [1]
IWDG_Feed               0x08036525      0x8  Code  Gb  bsp_watchdog.o [1]
IWDG_ReloadCounter      0x08039bd5      0xa  Code  Gb  stm32f4xx_iwdg.o [1]
InStream_Read           0x0803fc9d     0x22  Code  Lc  packbits_init.o [5]
InitHardUart            0x08036ce9    0x3c0  Code  Lc  bsp_uart_fifo.o [1]
Init_JINGSHA_GUI        0x0802fdaf    0x122  Code  Gb  bsp_sdwe050c17.o [1]
LfnBuf                  0x2001df24    0x200  Data  Lc  ff.o [1]
LfnOfs                  0x080407c4     0x10  Data  Lc  ff.o [1]
LoadInt                 0x08037f91     0x6e  Code  Lc  xprintffull_nomb.o [3]
MSCErrorCount           0x2001ef46      0x1  Data  Gb  usbh_msc_core.o [1]
MSC_Machine             0x2001ea68     0x4c  Data  Gb  usbh_msc_core.o [1]
MSG_DEV_ATTACHED        0x08040640     0x18  Data  Gb  usbh_usr.o [1]
MSG_DEV_DISCONNECTED    0x08040658     0x18  Data  Gb  usbh_usr.o [1]
MSG_DEV_ENUMERATED      0x08040470     0x1c  Data  Gb  usbh_usr.o [1]
MSG_DEV_ERROR           0x08040720     0x14  Data  Gb  usbh_usr.o [1]
MSG_DEV_FULLSPEED       0x080402fc     0x20  Data  Gb  usbh_usr.o [1]
MSG_DEV_HIGHSPEED       0x080402dc     0x20  Data  Gb  usbh_usr.o [1]
MSG_DEV_LOWSPEED        0x0804031c     0x20  Data  Gb  usbh_usr.o [1]
MSG_HID_CLASS           0x0804048c     0x1c  Data  Gb  usbh_usr.o [1]
MSG_MSC_CLASS           0x08040160     0x24  Data  Gb  usbh_usr.o [1]
MSG_UNREC_ERROR         0x080404a8     0x1c  Data  Gb  usbh_usr.o [1]
MemManage_Handler       0x0803fefd      0x2  Code  Gb  stm32f4xx_it.o [1]
NMI_Handler             0x0803fecd      0x2  Code  Gb  stm32f4xx_it.o [1]
NVIC_Init               0x08039b57     0x6a  Code  Gb  misc.o [1]
NVIC_PriorityGroupConfig
                        0x08039b4d      0xa  Code  Gb  misc.o [1]
OTG_FS_IRQHandler       0x08040825     0x10  Code  Gb  usbh_it.o [1]
PendSV_Handler          0x08039be5           Code  Gb  portasm.o [1]
RCA                     0x2001ee80      0x4  Data  Lc  bsp_sdio_sd.o [1]
RCC_AHB1PeriphClockCmd  0x08036b93     0x22  Code  Gb  stm32f4xx_rcc.o [1]
RCC_AHB2PeriphClockCmd  0x08036bb5     0x1e  Code  Gb  stm32f4xx_rcc.o [1]
RCC_APB1PeriphClockCmd  0x08036bd3     0x1e  Code  Gb  stm32f4xx_rcc.o [1]
RCC_APB1PeriphResetCmd  0x08036c0f     0x1e  Code  Gb  stm32f4xx_rcc.o [1]
RCC_APB2PeriphClockCmd  0x08036bf1     0x1e  Code  Gb  stm32f4xx_rcc.o [1]
RCC_APB2PeriphResetCmd  0x08036c2d     0x1e  Code  Gb  stm32f4xx_rcc.o [1]
RCC_GetClocksFreq       0x08036a91    0x102  Code  Gb  stm32f4xx_rcc.o [1]
RS485_InitTXE           0x08036cb5     0x34  Code  Gb  bsp_uart_fifo.o [1]
RS485_sendbuf           0x08037565     0x3c  Code  Gb  bsp_uart_fifo.o [1]
Region$$Table$$Base     0x080401a8            --   Gb  - Linker created -
Region$$Table$$Limit    0x080401dc            --   Gb  - Linker created -
SDCardInfo              0x2001eab8     0x58  Data  Gb  bsp_sdio_sd.o [1]
SDEnWideBus             0x0803c1e5    0x198  Code  Lc  bsp_sdio_sd.o [1]
SDIO_ClearFlag          0x0803d461      0x6  Code  Gb  stm32f4xx_sdio.o [1]
SDIO_ClearITPendingBit  0x0803d481      0x6  Code  Gb  stm32f4xx_sdio.o [1]
SDIO_ClockCmd           0x0803d38f      0x8  Code  Gb  stm32f4xx_sdio.o [1]
SDIO_CmdInitStructure   0x2001ecd4     0x14  Data  Gb  bsp_sdio_sd.o [1]
SDIO_DMACmd             0x0803d421      0x8  Code  Gb  stm32f4xx_sdio.o [1]
SDIO_DataConfig         0x0803d3ed     0x2e  Code  Gb  stm32f4xx_sdio.o [1]
SDIO_DataInitStructure  0x2001ecbc     0x18  Data  Gb  bsp_sdio_sd.o [1]
SDIO_DeInit             0x0803d34d     0x18  Code  Gb  stm32f4xx_sdio.o [1]
SDIO_GetCommandResponse
                        0x0803d3cf      0x8  Code  Gb  stm32f4xx_sdio.o [1]
SDIO_GetFlagStatus      0x0803d447     0x1a  Code  Gb  stm32f4xx_sdio.o [1]
SDIO_GetITStatus        0x0803d467     0x1a  Code  Gb  stm32f4xx_sdio.o [1]
SDIO_GetPowerState      0x0803d39d      0xa  Code  Gb  stm32f4xx_sdio.o [1]
SDIO_GetResponse        0x0803d3d7     0x16  Code  Gb  stm32f4xx_sdio.o [1]
SDIO_IRQHandler         0x0803c7cd      0x8  Code  Gb  bsp_sdio_sd.o [1]
SDIO_ITConfig           0x0803d429     0x1e  Code  Gb  stm32f4xx_sdio.o [1]
SDIO_Init               0x0803d365     0x2a  Code  Gb  stm32f4xx_sdio.o [1]
SDIO_InitStructure      0x2001eca4     0x18  Data  Gb  bsp_sdio_sd.o [1]
SDIO_Interrupts_Config  0x0803c791     0x3c  Code  Gb  bsp_sdio_sd.o [1]
SDIO_ReadData           0x0803d41b      0x6  Code  Gb  stm32f4xx_sdio.o [1]
SDIO_SendCommand        0x0803d3a7     0x28  Code  Gb  stm32f4xx_sdio.o [1]
SDIO_SetPowerState      0x0803d397      0x6  Code  Gb  stm32f4xx_sdio.o [1]
SDWE_WARNNING           0x08030041     0x2a  Code  Gb  bsp_sdwe050c17.o [1]
SD_Detect               0x0803ae89     0x22  Code  Gb  bsp_sdio_sd.o [1]
SD_EnableWideBusOperation
                        0x0803b685     0xc8  Code  Gb  bsp_sdio_sd.o [1]
SD_GetCardInfo          0x0803b299    0x3ec  Code  Gb  bsp_sdio_sd.o [1]
SD_GetState             0x0803ae5f     0x2a  Code  Gb  bsp_sdio_sd.o [1]
SD_GetStatus            0x0803ae3d     0x22  Code  Gb  bsp_sdio_sd.o [1]
SD_Init                 0x0803ad85     0xb8  Code  Gb  bsp_sdio_sd.o [1]
SD_InitializeCards      0x0803b0f7    0x1a2  Code  Gb  bsp_sdio_sd.o [1]
SD_LowLevel_DMA_RxConfig
                        0x0803c6db     0x8e  Code  Gb  bsp_sdio_sd.o [1]
SD_LowLevel_DMA_TxConfig
                        0x0803c64d     0x8e  Code  Gb  bsp_sdio_sd.o [1]
SD_LowLevel_Init        0x0803c589     0xbc  Code  Gb  bsp_sdio_sd.o [1]
SD_PowerON              0x0803aeab    0x24c  Code  Gb  bsp_sdio_sd.o [1]
SD_ProcessDMAIRQ        0x0803bec9     0x22  Code  Gb  bsp_sdio_sd.o [1]
SD_ProcessIRQSrc        0x0803be1b     0xae  Code  Gb  bsp_sdio_sd.o [1]
SD_ReadBlock            0x0803b785    0x108  Code  Gb  bsp_sdio_sd.o [1]
SD_ReadMultiBlocks      0x0803b88d    0x134  Code  Gb  bsp_sdio_sd.o [1]
SD_SelectDeselect       0x0803b74d     0x38  Code  Gb  bsp_sdio_sd.o [1]
SD_SendStatus           0x0803bdad     0x6e  Code  Gb  bsp_sdio_sd.o [1]
SD_StopTransfer         0x0803bd65     0x44  Code  Gb  bsp_sdio_sd.o [1]
SD_WaitReadOperation    0x0803b9c5     0x96  Code  Gb  bsp_sdio_sd.o [1]
SD_WriteBlock           0x0803ba65    0x11e  Code  Gb  bsp_sdio_sd.o [1]
SD_WriteMultiBlocks     0x0803bb91    0x1cc  Code  Gb  bsp_sdio_sd.o [1]
SPI1_Init               0x080378e1     0xc0  Code  Gb  bsp_spi.o [1]
SPI1_ReadWriteByte      0x080379c9     0x32  Code  Gb  bsp_spi.o [1]
SPI1_SetSpeed           0x080379a1     0x28  Code  Gb  bsp_spi.o [1]
SPI_Cmd                 0x08039efd     0x1c  Code  Gb  stm32f4xx_spi.o [1]
SPI_I2S_GetFlagStatus   0x08039f19     0x18  Code  Gb  stm32f4xx_spi.o [1]
SPI_Init                0x08039ebd     0x40  Code  Gb  stm32f4xx_spi.o [1]
SRC_Buffer              0x2000017c     0x14  Data  Gb  bsp_servomotor.o [1]
SVC_Handler             0x08039c3d           Code  Gb  portasm.o [1]
SYSCFG_EXTILineConfig   0x0803fb89     0x50  Code  Gb  stm32f4xx_syscfg.o [1]
Sdwe_ClearReadDisk      0x08030117     0x1c  Code  Gb  bsp_sdwe050c17.o [1]
Sdwe_change_class_time  0x0803057b     0x30  Code  Gb  bsp_sdwe050c17.o [1]
Sdwe_clearString        0x0803006b     0x54  Code  Gb  bsp_sdwe050c17.o [1]
Sdwe_clear_filename     0x08030163     0x2a  Code  Gb  bsp_sdwe050c17.o [1]
Sdwe_disDigi            0x0802ff1b     0xa4  Code  Gb  bsp_sdwe050c17.o [1]
Sdwe_disPicture         0x0802fed1     0x4a  Code  Gb  bsp_sdwe050c17.o [1]
Sdwe_disString          0x0802ffbf     0x82  Code  Gb  bsp_sdwe050c17.o [1]
Sdwe_hidden_page        0x08030613     0x30  Code  Gb  bsp_sdwe050c17.o [1]
Sdwe_peiliao_page       0x08030485     0xf6  Code  Gb  bsp_sdwe050c17.o [1]
Sdwe_period_page        0x080305ab     0x68  Code  Gb  bsp_sdwe050c17.o [1]
Sdwe_product_page       0x0803030d    0x174  Code  Gb  bsp_sdwe050c17.o [1]
Sdwe_readRTC            0x08030133     0x30  Code  Gb  bsp_sdwe050c17.o [1]
Sdwe_refresh_allname    0x080302c3     0x48  Code  Gb  bsp_sdwe050c17.o [1]
Sdwe_refresh_filename   0x0803018d    0x136  Code  Gb  bsp_sdwe050c17.o [1]
Sdwe_stop_page          0x08030643    0x36a  Code  Gb  bsp_sdwe050c17.o [1]
Sdwe_writeIcon          0x080300bf     0x58  Code  Gb  bsp_sdwe050c17.o [1]
SetSysClock             0x0803f69f     0xce  Code  Lc  system_stm32f4xx.o [1]
SlavePara               0x2001e704     0xa4  Data  Gb  protocol.o [1]
StopCondition           0x2001ee84      0x4  Data  Gb  bsp_sdio_sd.o [1]
SysTick_Handler         0x080366b3     0x2c  Code  Gb  port.o [1]
SystemCoreClock         0x200001c0      0x4  Data  Gb  system_stm32f4xx.o [1]
SystemInit              0x0803f64d     0x52  Code  Gb  system_stm32f4xx.o [1]
TIM1_PWM_SETPMOTOR      0x08035a0d     0x9e  Code  Gb  bsp_stepmotor.o [1]
TIM2_IRQHandler         0x0803781d     0xac  Code  Gb  bsp_timer.o [1]
TIM3_PWM_SETPMOTOR      0x080359a5     0x68  Code  Gb  bsp_stepmotor.o [1]
TIM4ConfigPwmOut        0x08035bed     0x24  Code  Gb  bsp_servomotor.o [1]
TIM4StartPwmOut         0x08035c11     0x2c  Code  Gb  bsp_servomotor.o [1]
TIM4StopPwmOut          0x08035c3d     0x2e  Code  Gb  bsp_servomotor.o [1]
TIM4_CH1_PWM_Config     0x08035ca9     0x8c  Code  Gb  bsp_servomotor.o [1]
TIM4_GPIO_Configuration
                        0x08035c6b     0x3e  Code  Gb  bsp_servomotor.o [1]
TIM4_PWMDMA_Config      0x08035d35     0xb0  Code  Gb  bsp_servomotor.o [1]
TIM6_DAC_IRQHandler     0x0803fe6b     0x22  Code  Gb  SysInfoTest.o [1]
TIM_ARRPreloadConfig    0x08031dd7     0x1c  Code  Gb  stm32f4xx_tim.o [1]
TIM_CallBack1           0x0802e619     0x34  Code  Gb  apptask.o [1]
TIM_ClearITPendingBit   0x08032107      0x8  Code  Gb  stm32f4xx_tim.o [1]
TIM_Cmd                 0x08031df3     0x1c  Code  Gb  stm32f4xx_tim.o [1]
TIM_CtrlPWMOutputs      0x0803209d     0x22  Code  Gb  stm32f4xx_tim.o [1]
TIM_DMACmd              0x0803210f     0x16  Code  Gb  stm32f4xx_tim.o [1]
TIM_DeInit              0x08031bf1    0x17c  Code  Gb  stm32f4xx_tim.o [1]
TIM_GetITStatus         0x080320d5     0x32  Code  Gb  stm32f4xx_tim.o [1]
TIM_ITConfig            0x080320bf     0x16  Code  Gb  stm32f4xx_tim.o [1]
TIM_OC1Init             0x08031e0f     0x7e  Code  Gb  stm32f4xx_tim.o [1]
TIM_OC2Init             0x08031e8d     0x8c  Code  Gb  stm32f4xx_tim.o [1]
TIM_OC2PreloadConfig    0x08032063     0x14  Code  Gb  stm32f4xx_tim.o [1]
TIM_OC3Init             0x08031f19     0x8a  Code  Gb  stm32f4xx_tim.o [1]
TIM_OC3PreloadConfig    0x08032077     0x12  Code  Gb  stm32f4xx_tim.o [1]
TIM_OC4Init             0x08031fa3     0x68  Code  Gb  stm32f4xx_tim.o [1]
TIM_OC4PreloadConfig    0x08032089     0x14  Code  Gb  stm32f4xx_tim.o [1]
TIM_OCStructInit        0x08032041     0x22  Code  Gb  stm32f4xx_tim.o [1]
TIM_TimeBaseInit        0x08031d6d     0x6a  Code  Gb  stm32f4xx_tim.o [1]
Task_iwdg_refresh       0x0802e835     0x56  Code  Gb  apptask.o [1]
TransferEnd             0x2001ee88      0x4  Data  Gb  bsp_sdio_sd.o [1]
TransferError           0x2001ef3b      0x1  Data  Gb  bsp_sdio_sd.o [1]
UART1ToPC               0x08037505     0x30  Code  Gb  bsp_uart_fifo.o [1]
UART2ToPC               0x08037535     0x30  Code  Gb  bsp_uart_fifo.o [1]
UART2_RX_BUF            0x2001ea04     0x64  Data  Gb  bsp_uart_fifo.o [1]
UART3ToPC               0x080375a1     0x30  Code  Gb  bsp_uart_fifo.o [1]
UART4ToPC               0x080375d1     0x30  Code  Gb  bsp_uart_fifo.o [1]
UART4_IRQHandler        0x08037413     0x84  Code  Gb  bsp_uart_fifo.o [1]
UART4_RX_BUF            0x2001e9a0     0x64  Data  Gb  bsp_uart_fifo.o [1]
UART5ToPC               0x08037603     0x30  Code  Gb  bsp_uart_fifo.o [1]
UART5_IRQHandler        0x08037497     0x6e  Code  Gb  bsp_uart_fifo.o [1]
UART5_RX_BUF            0x2001e93c     0x64  Data  Gb  bsp_uart_fifo.o [1]
USART1_IRQHandler       0x08037383     0x1e  Code  Gb  bsp_uart_fifo.o [1]
USART2_IRQHandler       0x080373a1     0x68  Code  Gb  bsp_uart_fifo.o [1]
USART3_IRQHandler       0x08037409      0xa  Code  Gb  bsp_uart_fifo.o [1]
USART_ClearFlag         0x08039e3f      0xc  Code  Gb  stm32f4xx_usart.o [1]
USART_Cmd               0x08039d89     0x1c  Code  Gb  stm32f4xx_usart.o [1]
USART_DMACmd            0x08039db5     0x16  Code  Gb  stm32f4xx_usart.o [1]
USART_GetFlagStatus     0x08039e21     0x1e  Code  Gb  stm32f4xx_usart.o [1]
USART_GetITStatus       0x08039e4b     0x70  Code  Gb  stm32f4xx_usart.o [1]
USART_ITConfig          0x08039dcb     0x56  Code  Gb  stm32f4xx_usart.o [1]
USART_Init              0x08039c8d     0xee  Code  Gb  stm32f4xx_usart.o [1]
USART_ReceiveData       0x08039dad      0x8  Code  Gb  stm32f4xx_usart.o [1]
USART_SendData          0x08039da5      0x8  Code  Gb  stm32f4xx_usart.o [1]
USBH_Alloc_Channel      0x08038c59     0x2e  Code  Gb  usbh_hcs.o [1]
USBH_BulkReceiveData    0x080392fd     0x62  Code  Gb  usbh_ioreq.o [1]
USBH_BulkSendData       0x0803929b     0x62  Code  Gb  usbh_ioreq.o [1]
USBH_CfgDesc            0x2001e324    0x200  Data  Gb  usbh_stdreq.o [1]
USBH_ClrFeature         0x08038ea3     0x4c  Code  Gb  usbh_stdreq.o [1]
USBH_Connected          0x08032911      0xc  Code  Gb  usbh_core.o [1]
USBH_CtlReceiveData     0x08039255     0x46  Code  Gb  usbh_ioreq.o [1]
USBH_CtlReq             0x0803912f     0x6e  Code  Gb  usbh_ioreq.o [1]
USBH_CtlSendData        0x080391e1     0x74  Code  Gb  usbh_ioreq.o [1]
USBH_CtlSendSetup       0x0803919d     0x44  Code  Gb  usbh_ioreq.o [1]
USBH_DataInBuffer       0x2001e124    0x200  Data  Gb  usbh_msc_scsi.o [1]
USBH_DeAllocate_AllChannel
                        0x08038cab     0x20  Code  Gb  usbh_hcs.o [1]
USBH_DeInit             0x08032977     0x3e  Code  Gb  usbh_core.o [1]
USBH_Disconnected       0x0803291d      0xc  Code  Gb  usbh_core.o [1]
USBH_ErrorHandle        0x08032b87     0x34  Code  Gb  usbh_core.o [1]
USBH_Free_Channel       0x08038c87     0x24  Code  Gb  usbh_hcs.o [1]
USBH_GetDescriptor      0x08038e03     0x4e  Code  Gb  usbh_stdreq.o [1]
USBH_GetFreeChannel     0x08038ccb     0x2e  Code  Lc  usbh_hcs.o [1]
USBH_GetNextDesc        0x08039117     0x18  Code  Gb  usbh_stdreq.o [1]
USBH_Get_CfgDesc        0x08038d3f     0x78  Code  Gb  usbh_stdreq.o [1]
USBH_Get_DevDesc        0x08038cf9     0x46  Code  Gb  usbh_stdreq.o [1]
USBH_Get_StringDesc     0x08038db7     0x4c  Code  Gb  usbh_stdreq.o [1]
USBH_HCD_INT_cb         0x200001b0      0xc  Data  Gb  usbh_core.o [1]
USBH_HCD_INT_fops       0x200001c4      0x4  Data  Gb  usbh_core.o [1]
USBH_HandleControl      0x08032dcf    0x29a  Code  Gb  usbh_core.o [1]
USBH_HandleEnum         0x08032bbb    0x214  Code  Lc  usbh_core.o [1]
USBH_Init               0x0803292f     0x48  Code  Gb  usbh_core.o [1]
USBH_MSC_BOTReset       0x0803e48d     0x28  Code  Lc  usbh_msc_core.o [1]
USBH_MSC_BOTXferParam   0x2001edb8     0x10  Data  Gb  usbh_msc_bot.o [1]
USBH_MSC_BOT_Abort      0x0803d23d     0x5c  Code  Gb  usbh_msc_bot.o [1]
USBH_MSC_CBWData        0x2001ec84     0x20  Data  Gb  usbh_msc_bot.o [1]
USBH_MSC_CSWData        0x2001eda8     0x10  Data  Gb  usbh_msc_bot.o [1]
USBH_MSC_ClassRequest   0x0803e27b     0x12  Code  Lc  usbh_msc_core.o [1]
USBH_MSC_DecodeCSW      0x0803d299     0x7a  Code  Gb  usbh_msc_bot.o [1]
USBH_MSC_ErrorHandle    0x0803e4dd     0x3e  Code  Gb  usbh_msc_core.o [1]
USBH_MSC_GETMaxLUN      0x0803e4b5     0x28  Code  Lc  usbh_msc_core.o [1]
USBH_MSC_Handle         0x0803e28d    0x200  Code  Lc  usbh_msc_core.o [1]
USBH_MSC_HandleBOTXfer  0x0803ce39    0x404  Code  Gb  usbh_msc_bot.o [1]
USBH_MSC_Init           0x0803cdf5     0x44  Code  Gb  usbh_msc_bot.o [1]
USBH_MSC_InterfaceDeInit
                        0x0803e22f     0x4c  Code  Lc  usbh_msc_core.o [1]
USBH_MSC_InterfaceInit  0x0803e149     0xe6  Code  Lc  usbh_msc_core.o [1]
USBH_MSC_ModeSense6     0x0803c9ef    0x10c  Code  Gb  usbh_msc_scsi.o [1]
USBH_MSC_Param          0x2001edc8     0x10  Data  Gb  usbh_msc_scsi.o [1]
USBH_MSC_Read10         0x0803ccd5    0x106  Code  Gb  usbh_msc_scsi.o [1]
USBH_MSC_ReadCapacity10
                        0x0803c8c5    0x12a  Code  Gb  usbh_msc_scsi.o [1]
USBH_MSC_RequestSense   0x0803cafb     0xee  Code  Gb  usbh_msc_scsi.o [1]
USBH_MSC_TestUnitReady  0x0803c7dd     0xe8  Code  Gb  usbh_msc_scsi.o [1]
USBH_MSC_Write10        0x0803cbe9     0xec  Code  Gb  usbh_msc_scsi.o [1]
USBH_MSC_cb             0x200001a0     0x10  Data  Gb  usbh_msc_core.o [1]
USBH_Modify_Channel     0x08038be5     0x74  Code  Gb  usbh_hcs.o [1]
USBH_OTG_ISR_Handler    0x0803d4c9     0xb8  Code  Gb  usb_hcd_int.o [1]
USBH_Open_Channel       0x08038b3f     0xa6  Code  Gb  usbh_hcs.o [1]
USBH_ParseCfgDesc       0x08038f4b    0x13c  Code  Lc  usbh_stdreq.o [1]
USBH_ParseDevDesc       0x08038eef     0x5c  Code  Lc  usbh_stdreq.o [1]
USBH_ParseEPDesc        0x080390bb     0x20  Code  Lc  usbh_stdreq.o [1]
USBH_ParseInterfaceDesc
                        0x08039095     0x26  Code  Lc  usbh_stdreq.o [1]
USBH_ParseStringDesc    0x080390db     0x3c  Code  Lc  usbh_stdreq.o [1]
USBH_Process            0x080329b5    0x1d2  Code  Gb  usbh_core.o [1]
USBH_SOF                0x08032929      0x6  Code  Gb  usbh_core.o [1]
USBH_SetAddress         0x08038e51     0x2a  Code  Gb  usbh_stdreq.o [1]
USBH_SetCfg             0x08038e7b     0x28  Code  Gb  usbh_stdreq.o [1]
USBH_SubmitSetupRequest
                        0x0803935f     0x16  Code  Lc  usbh_ioreq.o [1]
USBH_USR_Configuration_DescAvailable
                        0x08032819     0x26  Code  Gb  usbh_usr.o [1]
USBH_USR_DeInit         0x0803290d      0x2  Code  Gb  usbh_usr.o [1]
USBH_USR_DeviceAddressAssigned
                        0x08032817      0x2  Code  Gb  usbh_usr.o [1]
USBH_USR_DeviceAttached
                        0x08032791      0xa  Code  Gb  usbh_usr.o [1]
USBH_USR_DeviceDisconnected
                        0x080327a5     0x1a  Code  Gb  usbh_usr.o [1]
USBH_USR_DeviceNotSupported
                        0x08032883      0xa  Code  Gb  usbh_usr.o [1]
USBH_USR_DeviceSpeedDetected
                        0x080327c9     0x36  Code  Gb  usbh_usr.o [1]
USBH_USR_Device_DescAvailable
                        0x080327ff     0x18  Code  Gb  usbh_usr.o [1]
USBH_USR_EnumerationDone
                        0x08032869     0x1a  Code  Gb  usbh_usr.o [1]
USBH_USR_Init           0x0803276d     0x24  Code  Gb  usbh_usr.o [1]
USBH_USR_MSC_Application
                        0x08032909      0x4  Code  Gb  usbh_usr.o [1]
USBH_USR_Manufacturer_String
                        0x0803283f      0xe  Code  Gb  usbh_usr.o [1]
USBH_USR_OverCurrentDetected
                        0x08032891      0xa  Code  Gb  usbh_usr.o [1]
USBH_USR_Product_String
                        0x0803284d      0xe  Code  Gb  usbh_usr.o [1]
USBH_USR_ResetDevice    0x080327bf      0xa  Code  Gb  usbh_usr.o [1]
USBH_USR_SerialNum_String
                        0x0803285b      0xe  Code  Gb  usbh_usr.o [1]
USBH_USR_UnrecoveredError
                        0x0803279b      0xa  Code  Gb  usbh_usr.o [1]
USBH_USR_UserInput      0x0803288d      0x4  Code  Gb  usbh_usr.o [1]
USB_Host                0x2001e7a8     0x94  Data  Gb  usbh_usr.o [1]
USB_OTG_BSP_DisableInterrupt
                        0x080389cd     0x22  Code  Gb  usb_bsp.o [1]
USB_OTG_BSP_EnableInterrupt
                        0x080389ef     0x54  Code  Gb  usb_bsp.o [1]
USB_OTG_BSP_Init        0x0803891d     0xb0  Code  Gb  usb_bsp.o [1]
USB_OTG_BSP_mDelay      0x08038a5d      0xc  Code  Gb  usb_bsp.o [1]
USB_OTG_BSP_uDelay      0x08038a51      0xc  Code  Gb  usb_bsp.o [1]
USB_OTG_Core            0x2001d3cc    0x5ac  Data  Gb  usbh_usr.o [1]
USB_OTG_CoreInit        0x0803a50d     0xce  Code  Gb  usb_core.o [1]
USB_OTG_CoreInitHost    0x0803a719     0xd0  Code  Gb  usb_core.o [1]
USB_OTG_CoreReset       0x0803a357     0x60  Code  Lc  usb_core.o [1]
USB_OTG_DisableGlobalInt
                        0x0803a5f9     0x1e  Code  Gb  usb_core.o [1]
USB_OTG_DriveVbus       0x0803a7f9     0x54  Code  Gb  usb_core.o [1]
USB_OTG_EnableCommonInt
                        0x0803a335     0x22  Code  Lc  usb_core.o [1]
USB_OTG_EnableGlobalInt
                        0x0803a5db     0x1e  Code  Gb  usb_core.o [1]
USB_OTG_EnableHostInt   0x0803a84d     0x4e  Code  Gb  usb_core.o [1]
USB_OTG_FlushRxFifo     0x0803a65f     0x40  Code  Gb  usb_core.o [1]
USB_OTG_FlushTxFifo     0x0803a617     0x48  Code  Gb  usb_core.o [1]
USB_OTG_GetMode         0x0803a6e5      0xa  Code  Gb  usb_core.o [1]
USB_OTG_HC_DoPing       0x0803ad3d     0x48  Code  Gb  usb_core.o [1]
USB_OTG_HC_Halt         0x0803acc9     0x74  Code  Gb  usb_core.o [1]
USB_OTG_HC_Init         0x0803a8f9    0x1d0  Code  Gb  usb_core.o [1]
USB_OTG_HC_StartXfer    0x0803aac9    0x200  Code  Gb  usb_core.o [1]
USB_OTG_InitFSLSPClkSel
                        0x0803a89b     0x12  Code  Gb  usb_core.o [1]
USB_OTG_IsEvenFrame     0x0803a7e9     0x10  Code  Gb  usb_core.o [1]
USB_OTG_IsHostMode      0x0803a6ef     0x18  Code  Gb  usb_core.o [1]
USB_OTG_ReadCoreItr     0x0803a707     0x12  Code  Gb  usb_core.o [1]
USB_OTG_ReadHPRT0       0x0803a8ad     0x1c  Code  Gb  usb_core.o [1]
USB_OTG_ReadPacket      0x0803a3ff     0x2c  Code  Gb  usb_core.o [1]
USB_OTG_ResetPort       0x0803a8c9     0x30  Code  Gb  usb_core.o [1]
USB_OTG_SelectCore      0x0803a42b     0xe2  Code  Gb  usb_core.o [1]
USB_OTG_SetCurrentMode  0x0803a6a9     0x3c  Code  Gb  usb_core.o [1]
USB_OTG_USBH_handle_Disconnect_ISR
                        0x0803d605     0x1e  Code  Lc  usb_hcd_int.o [1]
USB_OTG_USBH_handle_IncompletePeriodicXfer_ISR
                        0x0803e11f     0x28  Code  Lc  usb_hcd_int.o [1]
USB_OTG_USBH_handle_hc_ISR
                        0x0803d581     0x66  Code  Lc  usb_hcd_int.o [1]
USB_OTG_USBH_handle_hc_n_In_ISR
                        0x0803dc91    0x378  Code  Lc  usb_hcd_int.o [1]
USB_OTG_USBH_handle_hc_n_Out_ISR
                        0x0803d959    0x338  Code  Lc  usb_hcd_int.o [1]
USB_OTG_USBH_handle_nptxfempty_ISR
                        0x0803d623    0x118  Code  Lc  usb_hcd_int.o [1]
USB_OTG_USBH_handle_port_ISR
                        0x0803d855     0xfe  Code  Lc  usb_hcd_int.o [1]
USB_OTG_USBH_handle_ptxfempty_ISR
                        0x0803d73b    0x11a  Code  Lc  usb_hcd_int.o [1]
USB_OTG_USBH_handle_rx_qlvl_ISR
                        0x0803e009    0x116  Code  Lc  usb_hcd_int.o [1]
USB_OTG_USBH_handle_sof_ISR
                        0x0803d5e7     0x1e  Code  Lc  usb_hcd_int.o [1]
USB_OTG_WritePacket     0x0803a3b7     0x48  Code  Gb  usb_core.o [1]
USB_OTG_dev             0x2001d978    0x5ac  Data  Gb  usbh_usr.o [1]
USRH_cb                 0x200000d8     0x48  Data  Gb  usbh_usr.o [1]
UartDMAConfig           0x08037125    0x166  Code  Gb  bsp_uart_fifo.o [1]
UartIRQ                 0x0803728b     0xf8  Code  Lc  bsp_uart_fifo.o [1]
UsageFault_Handler      0x0803ff01      0x2  Code  Gb  stm32f4xx_it.o [1]
UserTimerCallback       0x0802e64d    0x1e2  Code  Gb  apptask.o [1]
W25QXX_BUFFER           0x2001b9cc   0x1000  Data  Gb  bsp_w25qxx.o [1]
W25QXX_Erase_Sector     0x080317d1     0x52  Code  Gb  bsp_w25qxx.o [1]
W25QXX_Init             0x080314c1     0x54  Code  Gb  bsp_w25qxx.o [1]
W25QXX_Read             0x080315af     0x62  Code  Gb  bsp_w25qxx.o [1]
W25QXX_ReadID           0x08031563     0x4c  Code  Gb  bsp_w25qxx.o [1]
W25QXX_ReadSR           0x08031515     0x30  Code  Gb  bsp_w25qxx.o [1]
W25QXX_TYPE             0x200001c8      0x2  Data  Gb  bsp_w25qxx.o [1]
W25QXX_Wait_Busy        0x08031823      0xc  Code  Gb  bsp_w25qxx.o [1]
W25QXX_Write            0x080316c5    0x10c  Code  Gb  bsp_w25qxx.o [1]
W25QXX_Write_Enable     0x08031545     0x1e  Code  Gb  bsp_w25qxx.o [1]
W25QXX_Write_NoCheck    0x0803166d     0x58  Code  Gb  bsp_w25qxx.o [1]
W25QXX_Write_Page       0x08031611     0x5c  Code  Gb  bsp_w25qxx.o [1]
_GenldFullNoMb          0x08038507    0x24c  Code  Lc  xprintffull_nomb.o [3]
_LdtobFullNoMb          0x08038105    0x3fc  Code  Lc  xprintffull_nomb.o [3]
_LitobFullNoMb          0x08037fff    0x106  Code  Lc  xprintffull_nomb.o [3]
_Locale_aeabi_lconv     0x20000050     0x38  Data  Gb  localeconv.o [3]
_Locale_lconv           0x20000000     0x50  Data  Gb  localeconv.o [3]
_PrintfFullNoMb         0x08037a05    0x586  Code  Gb  xprintffull_nomb.o [3]
_Prout                  0x08040671     0x16  Code  Gb  xprout.o [3]
_PutcharsFullNoMb       0x08038753     0x2e  Code  Lc  xprintffull_nomb.o [3]
_SProut                 0x080314b7      0xa  Code  Gb  xsprout.o [3]
__aeabi_cdcmple         0x0803a0d1           Code  Gb  DblCmpLe.o [4]
__aeabi_cdrcmple        0x0803a101           Code  Gb  DblCmpGe.o [4]
__aeabi_d2f             0x080326c9           Code  Gb  DblToFlt.o [4]
__aeabi_d2iz            0x08032639           Code  Gb  DblToI32.o [4]
__aeabi_d2uiz           0x08032665           Code  Gb  DblToI32.o [4]
__aeabi_dadd            0x080323ad           Code  Gb  DblAdd.o [4]
__aeabi_ddiv            0x08032155           Code  Gb  DblDiv.o [4]
[...]
dir_next                0x08033931    0x12a  Code  Lc  ff.o [1]
dir_read                0x08033ef3    0x10c  Code  Lc  ff.o [1]
dir_register            0x08033fff    0x14e  Code  Lc  ff.o [1]
dir_sdi                 0x0803387f     0xb2  Code  Lc  ff.o [1]
disk_initialize         0x08039375     0x40  Code  Gb  diskio.o [1]
disk_ioctl              0x08039599     0xa6  Code  Gb  diskio.o [1]
disk_read               0x080393e1     0xdc  Code  Gb  diskio.o [1]
disk_status             0x080393b5     0x2c  Code  Gb  diskio.o [1]
disk_write              0x080394bd     0xdc  Code  Gb  diskio.o [1]
div                     0x0803a2b1      0xe  Code  Gb  div.o [3]
download_num            0x2001ef32      0x1  Data  Gb  apptask.o [1]
enq_lock                0x0803316f     0x28  Code  Lc  ff.o [1]
exit                    0x080404df      0x4  Code  Gb  exit.o [3]
f_close                 0x08035165     0x38  Code  Gb  ff.o [1]
f_mount                 0x08034b99     0x66  Code  Gb  ff.o [1]
f_open                  0x08034bff    0x20e  Code  Gb  ff.o [1]
f_opendir               0x0803519d     0xb2  Code  Gb  ff.o [1]
f_readdir               0x0803524f     0x74  Code  Gb  ff.o [1]
f_sync                  0x080350af     0xb6  Code  Gb  ff.o [1]
f_write                 0x08034e1d    0x292  Code  Gb  ff.o [1]
ff_convert              0x08039659     0x80  Code  Gb  cc936.o [1]
ff_wtoupper             0x080396d9     0x64  Code  Gb  cc936.o [1]
file_select             0x2001ee08      0xc  Data  Gb  protocol.o [1]
final_per_meter         0x080310ad     0x1a  Code  Gb  product_cal.o [1]
find_volume             0x08034709    0x45a  Code  Lc  ff.o [1]
fit_lfn                 0x08033c43     0x88  Code  Lc  ff.o [1]
follow_path             0x080345a3     0x90  Code  Lc  ff.o [1]
fputc                   0x08037639     0x22  Code  Gb  bsp_uart_fifo.o [1]
g_tUart3                0x2001ec10     0x28  Data  Gb  bsp_uart_fifo.o [1]
gen_numname             0x08033cd1     0xec  Code  Lc  ff.o [1]
get_card_type           0x08031235     0xe4  Code  Gb  product_cal.o [1]
get_class_time          0x0803113d     0x7a  Code  Gb  product_cal.o [1]
get_fat                 0x08033497    0x11c  Code  Gb  ff.o [1]
get_fattime             0x0803963f      0x4  Code  Gb  diskio.o [1]
get_fileinfo            0x0803414d    0x13c  Code  Lc  ff.o [1]
get_float_1bit          0x0803111b     0x22  Code  Gb  product_cal.o [1]
get_ldnumber            0x08034633     0x50  Code  Lc  ff.o [1]
get_period_state        0x080311b7     0x54  Code  Gb  product_cal.o [1]
get_valid_length        0x08030f6d     0x26  Code  Gb  bsp_sdwe050c17.o [1]
hex_to_decimal          0x08030f93     0x26  Code  Gb  bsp_sdwe050c17.o [1]
idwgEventGroup          0x2001ee70      0x4  Data  Gb  apptask.o [1]
inc_card_type           0x08031321    0x11c  Code  Gb  product_cal.o [1]
inc_lock                0x08033197     0xe8  Code  Lc  ff.o [1]
init_peiliao_para       0x08030fe3     0x52  Code  Gb  product_cal.o [1]
init_product_para       0x08030fb9     0x2a  Code  Gb  product_cal.o [1]
input_password_buf      0x2001edfc      0xc  Data  Gb  protocol.o [1]
input_password_len      0x2001ef42      0x1  Data  Gb  protocol.o [1]
isDevicePeriod          0x2001ef39      0x1  Data  Gb  apptask.o [1]
isWork                  0x2001ef33      0x1  Data  Gb  apptask.o [1]
is_same_data            0x0803120b     0x2a  Code  Gb  product_cal.o [1]
lcd_busy                0x2001ef3c      0x1  Data  Gb  bsp_sdwe050c17.o [1]
lcd_rev_buf             0x2001ebb0     0x34  Data  Gb  bsp_sdwe050c17.o [1]
lcd_rev_len             0x2001ef28      0x2  Data  Gb  bsp_sdwe050c17.o [1]
ld_clust                0x08033ac1     0x28  Code  Lc  ff.o [1]
localeconv              0x0803a27f     0x16  Code  Gb  localeconv.o [3]
m_ctrl_dev              0x2001ee28      0x8  Data  Gb  modbus.o [1]
main                    0x0803ff05     0x34  Code  Gb  main.o [1]
mallco_dev              0x20000160     0x1c  Data  Gb  malloc.o [1]
mb_init                 0x080356c9     0x30  Code  Gb  modbus.o [1]
mb_packsend_frame       0x080355d7     0xf2  Code  Gb  modbus.o [1]
mb_unpack_frame         0x08035495    0x142  Code  Gb  modbus.o [1]
mc_check_crc16          0x080397b9     0x40  Code  Gb  mcheck.o [1]
mc_check_crc8           0x08039795     0x24  Code  Gb  mcheck.o [1]
mc_check_sum            0x0803974d     0x2e  Code  Gb  mcheck.o [1]
mc_check_xor            0x0803977b     0x1a  Code  Gb  mcheck.o [1]
mem1base                0x200119cc   0xa000  Data  Gb  malloc.o [1]
mem1mapbase             0x2001c9cc    0xa00  Data  Gb  malloc.o [1]
mem2base                0x68000000  0xf0000  Data  Gb  malloc.o [1]
mem2mapbase             0x680f0000   0xf000  Data  Gb  malloc.o [1]
mem_cmp                 0x080330a3     0x24  Code  Lc  ff.o [1]
mem_cpy                 0x08033071     0x1c  Code  Lc  ff.o [1]
mem_set                 0x0803308d     0x16  Code  Lc  ff.o [1]
memblksize              0x08040a18      0x8  Data  Gb  malloc.o [1]
memchr                  0x08039f49           Code  Gb  memchr.o [5]
memsize                 0x08040a20      0x8  Data  Gb  malloc.o [1]
memtblsize              0x08040a10      0x8  Data  Gb  malloc.o [1]
modbus_send_frame       0x080356f9     0xe6  Code  Gb  modbus.o [1]
move_window             0x08033365     0x40  Code  Lc  ff.o [1]
my_mem_free             0x08031b27     0x6c  Code  Gb  malloc.o [1]
my_mem_init             0x080319eb     0x42  Code  Gb  malloc.o [1]
my_mem_malloc           0x08031a6b     0xbc  Code  Gb  malloc.o [1]
my_mem_perused          0x08031a2d     0x3e  Code  Gb  malloc.o [1]
myfree                  0x08031b93     0x24  Code  Gb  malloc.o [1]
mymalloc                0x08031bb7     0x2a  Code  Gb  malloc.o [1]
mymemset                0x080319d5     0x16  Code  Gb  malloc.o [1]
obuf                    0x2001eb60     0x50  Data  Lc  xfiles.o [3]
oem2uni                 0x0801560c  0x15484  Data  Lc  cc936.o [1]
old_card_record         0x2001ef37      0x1  Data  Gb  apptask.o [1]
old_isWork              0x2001ef34      0x1  Data  Gb  apptask.o [1]
old_plan_complete       0x2001ef40      0x1  Data  Gb  product_cal.o [1]
para_init               0x0803f1d3     0x80  Code  Gb  para.o [1]
pcInterruptPriorityRegisters
                        0x08040a54      0x4  Data  Lc  port.o [1]
peiliao_para            0x2001ebe4     0x2c  Data  Gb  product_cal.o [1]
pick_lfn                0x08033bb7     0x8c  Code  Lc  ff.o [1]
plan_complete           0x2001ef3f      0x1  Data  Gb  product_cal.o [1]
pluse_count             0x2001ef22      0x2  Data  Gb  apptask.o [1]
printf                  0x08031909     0x24  Code  Gb  printf.o [3]
product_complete_kilo   0x080310d9     0x42  Code  Gb  product_cal.o [1]
product_complete_meter  0x080310c7     0x12  Code  Gb  product_cal.o [1]
product_para            0x2001ec38     0x28  Data  Gb  product_cal.o [1]
product_per_meter       0x08031035     0x78  Code  Gb  product_cal.o [1]
prvAddCurrentTaskToDelayedList
                        0x0802f421     0x48  Code  Lc  tasks.o [1]
prvAllocateTCBAndStack  0x0802f469     0x5a  Code  Lc  tasks.o [1]
prvCheckForValidListAndQueue
                        0x080364b3     0x52  Code  Lc  timers.o [1]
prvCheckTasksWaitingTermination
                        0x0802f3b7     0x66  Code  Lc  tasks.o [1]
prvCopyDataFromQueue    0x0802fc51     0x30  Code  Lc  queue.o [1]
prvCopyDataToQueue      0x0802fbcd     0x84  Code  Lc  queue.o [1]
prvDeleteTCB            0x0802f4c3     0x12  Code  Lc  tasks.o [1]
prvGetNextExpireTime    0x0803629f     0x2e  Code  Lc  timers.o [1]
prvHeapInit             0x080369a1     0x6e  Code  Lc  heap_4.o [1]
prvIdleTask             0x0802f2d1     0x26  Code  Lc  tasks.o [1]
prvInitialiseTCBVariables
                        0x0802f2f7     0x6a  Code  Lc  tasks.o [1]
prvInitialiseTaskLists  0x0802f361     0x56  Code  Lc  tasks.o [1]
prvInsertBlockIntoFreeList
                        0x08036a0f     0x62  Code  Lc  heap_4.o [1]
prvInsertTimerInActiveList
                        0x080362f5     0x50  Code  Lc  timers.o [1]
prvIsQueueEmpty         0x0802fceb     0x20  Code  Lc  queue.o [1]
prvIsQueueFull          0x0802fd0b     0x22  Code  Lc  queue.o [1]
prvProcessExpiredTimer  0x080361b7     0x5c  Code  Lc  timers.o [1]
prvProcessReceivedCommands
                        0x08036345     0xde  Code  Lc  timers.o [1]
prvProcessTimerOrBlockTask
                        0x0803622f     0x70  Code  Lc  timers.o [1]
prvResetNextTaskUnblockTime
                        0x0802f4d5     0x26  Code  Lc  tasks.o [1]
prvSampleTimeNow        0x080362cd     0x28  Code  Lc  timers.o [1]
prvSwitchTimerLists     0x08036423     0x90  Code  Lc  timers.o [1]
prvTaskExitError        0x08036551     0x2a  Code  Lc  port.o [1]
prvTestWaitCondition    0x0803605b     0x24  Code  Lc  event_groups.o [1]
prvTimerTask            0x08036215     0x1a  Code  Lc  timers.o [1]
prvUnlockQueue          0x0802fc81     0x6a  Code  Lc  queue.o [1]
put_fat                 0x080335b3    0x16c  Code  Gb  ff.o [1]
putchar                 0x08040689      0xc  Code  Gb  putchar.o [3]
pvPortMalloc            0x08036811    0x118  Code  Gb  heap_4.o [1]
pwm_flag                0x2001ef3a      0x1  Data  Gb  apptask.o [1]
pxCurrentTCB            0x2001eec0      0x4  Data  Gb  tasks.o [1]
pxCurrentTimerList      0x2001ef00      0x4  Data  Lc  timers.o [1]
pxDelayedTaskList       0x2001eec4      0x4  Data  Lc  tasks.o [1]
pxEnd                   0x2001eea0      0x4  Data  Lc  heap_4.o [1]
pxOverflowDelayedTaskList
                        0x2001eec8      0x4  Data  Lc  tasks.o [1]
pxOverflowTimerList     0x2001ef04      0x4  Data  Lc  timers.o [1]
pxPortInitialiseStack   0x0803652d     0x24  Code  Gb  port.o [1]
pxReadyTasksLists       0x2001e63c     0xc8  Data  Lc  tasks.o [1]
rc522_cmd_anticoll      0x08035439     0x5a  Code  Gb  rc522.o [1]
rc522_cmd_request       0x080353e5     0x54  Code  Gb  rc522.o [1]
readSlave               0x2001ede4      0xc  Data  Gb  apptask.o [1]
read_device_info        0x0803efc9    0x20a  Code  Gb  para.o [1]
read_file_select        0x2001ee14      0xc  Data  Gb  protocol.o [1]
remove_chain            0x0803371f     0x76  Code  Lc  ff.o [1]
rfid_rev_buf            0x2001ece8     0x14  Data  Gb  rc522.o [1]
rfid_rev_cnt            0x2001ef44      0x1  Data  Gb  rc522.o [1]
rfid_rev_flag           0x2001ef43      0x1  Data  Gb  rc522.o [1]
rtc_time                0x2001ee30      0x8  Data  Gb  protocol.o [1]
s_TIM_CallBack1         0x2001ee90      0x4  Data  Lc  bsp_timer.o [1]
s_TIM_CallBack2         0x2001ee94      0x4  Data  Lc  bsp_timer.o [1]
s_TIM_CallBack3         0x2001ee98      0x4  Data  Lc  bsp_timer.o [1]
s_TIM_CallBack4         0x2001ee9c      0x4  Data  Lc  bsp_timer.o [1]
sample_time             0x2001ef20      0x2  Data  Gb  apptask.o [1]
sdew_weimi_page1        0x080309dd    0x236  Code  Gb  bsp_sdwe050c17.o [1]
sdew_weimi_page2        0x08030c13    0x236  Code  Gb  bsp_sdwe050c17.o [1]
sdew_weisha_page1       0x08030e49     0x92  Code  Gb  bsp_sdwe050c17.o [1]
sdew_weisha_page2       0x08030edb     0x92  Code  Gb  bsp_sdwe050c17.o [1]
slave_info              0x2001edd8      0xc  Data  Gb  apptask.o [1]
sprintf                 0x080352d5     0x34  Code  Gb  sprintf.o [3]
st_clust                0x08033ae9     0x18  Code  Lc  ff.o [1]
strcat                  0x08035309     0x1c  Code  Gb  strcat.o [3]
strchr                  0x08039f31           Code  Gb  strchr.o [5]
strlen                  0x08032691           Code  Gb  strlen.o [5]
strstr                  0x08035895     0x10  Code  Gb  apptask.o [1]
sum_sfn                 0x08033dbd     0x20  Code  Lc  ff.o [1]
sync_fs                 0x080333a5     0xd8  Code  Lc  ff.o [1]
sync_window             0x0803330b     0x5a  Code  Lc  ff.o [1]
system_state_dis        0x0803f4bc    0x190  Data  Gb  product_cal.o [1]
total_meter_gross       0x2001eeb4      0x4  Data  Gb  product_cal.o [1]
total_weight_gross      0x2001eeb8      0x4  Data  Gb  product_cal.o [1]
ucHeap                  0x200001cc  0x11800  Data  Lc  heap_4.o [1]
ucMaxSysCallPriority    0x2001ef3e      0x1  Data  Lc  port.o [1]
ulHighFrequencyTimerTicks
                        0x2001eebc      0x4  Data  Gb  SysInfoTest.o [1]
ulMaxPRIGROUPValue      0x2001eeb0      0x4  Data  Lc  port.o [1]
ulTaskSwitchedInTime    0x2001eef8      0x4  Data  Lc  tasks.o [1]
ulTotalRunTime          0x2001eefc      0x4  Data  Lc  tasks.o [1]
uni2oem                 0x08000188  0x15484  Data  Lc  cc936.o [1]
usb_disk_flag           0x2001ef35      0x1  Data  Gb  apptask.o [1]
usbh_OpenMassStorage    0x08032759     0x14  Code  Gb  usbh_usr.o [1]
uxCriticalNesting       0x200001bc      0x4  Data  Lc  port.o [1]
uxCurrentNumberOfTasks  0x2001eed0      0x4  Data  Lc  tasks.o [1]
uxListRemove            0x080367e9     0x28  Code  Gb  list.o [1]
uxPendedTicks           0x2001eee0      0x4  Data  Lc  tasks.o [1]
uxSchedulerSuspended    0x2001eef4      0x4  Data  Lc  tasks.o [1]
uxTaskNumber            0x2001eeec      0x4  Data  Lc  tasks.o [1]
uxTaskResetEventItemValue
                        0x0802f535     0x20  Code  Gb  tasks.o [1]
uxTasksDeleted          0x2001eecc      0x4  Data  Lc  tasks.o [1]
uxTopReadyPriority      0x2001eed8      0x4  Data  Lc  tasks.o [1]
vListInitialise         0x08036779     0x1e  Code  Gb  list.o [1]
vListInsert             0x080367af     0x3a  Code  Gb  list.o [1]
vListInsertEnd          0x08036797     0x18  Code  Gb  list.o [1]
vPortEnableVFP          0x08039c71           Code  Gb  portasm.o [1]
vPortEnterCritical      0x08036647     0x3a  Code  Gb  port.o [1]
vPortExitCritical       0x08036681     0x32  Code  Gb  port.o [1]
vPortFree               0x08036929     0x78  Code  Gb  heap_4.o [1]
vPortSetupTimerInterrupt
                        0x080366df      0xe  Code  Wk  port.o [1]
vPortStartFirstTask     0x08039c59           Code  Gb  portasm.o [1]
vPortValidateInterruptPriority
                        0x080366ed     0x4e  Code  Gb  port.o [1]
vQueueWaitForMessageRestricted
                        0x0802fd2d     0x44  Code  Gb  queue.o [1]
vSetupSysInfoTest       0x0803fe59     0x12  Code  Gb  SysInfoTest.o [1]
vTaskDelay              0x0802eb2d     0x84  Code  Gb  tasks.o [1]
vTaskManageCapacity     0x0802de65    0x4c8  Code  Gb  apptask.o [1]
vTaskMassStorage        0x0802d0dd    0x23c  Code  Lc  apptask.o [1]
vTaskMissedYield        0x0802f2c7      0xa  Code  Gb  tasks.o [1]
vTaskMotorControl       0x0802e32d     0x2c  Code  Lc  apptask.o [1]
vTaskMsgPro             0x0802d73d    0x426  Code  Lc  apptask.o [1]
vTaskPlaceOnEventList   0x0802ef2d     0x74  Code  Gb  tasks.o [1]
vTaskPlaceOnEventListRestricted
                        0x0802f065     0x80  Code  Gb  tasks.o [1]
vTaskPlaceOnUnorderedEventList
                        0x0802efbd     0xa8  Code  Gb  tasks.o [1]
vTaskReadDisk           0x0802dc39    0x1b4  Code  Lc  apptask.o [1]
vTaskRev485             0x0802db6d     0xae  Code  Lc  apptask.o [1]
vTaskSetTimeOutState    0x0802f211     0x26  Code  Gb  tasks.o [1]
vTaskStartScheduler     0x0802ebb1     0x7e  Code  Gb  tasks.o [1]
vTaskSuspendAll         0x0802ec2f     0x10  Code  Gb  tasks.o [1]
vTaskSwitchContext      0x0802ee7d     0xb0  Code  Gb  tasks.o [1]
vTaskTaskLCD            0x0802aa91   0x263c  Code  Gb  apptask.o [1]
vTaskTaskLED            0x0802d351     0x20  Code  Lc  apptask.o [1]
vTaskTaskRFID           0x0802d371    0x3a6  Code  Lc  apptask.o [1]
validate                0x08034b63     0x36  Code  Lc  ff.o [1]
weimi_para              0x2001e524    0x118  Data  Gb  page_weimi.o [1]
work_idle               0x2001ef41      0x1  Data  Gb  product_cal.o [1]
work_idle_time          0x2001ef2c      0x2  Data  Gb  product_cal.o [1]
xActiveTimerList1       0x2001ed60     0x14  Data  Lc  timers.o [1]
xActiveTimerList2       0x2001ed74     0x14  Data  Lc  timers.o [1]
xBlockAllocatedBit      0x2001eeac      0x4  Data  Lc  heap_4.o [1]
xDelayedTaskList1       0x2001ecfc     0x14  Data  Lc  tasks.o [1]
xDelayedTaskList2       0x2001ed10     0x14  Data  Lc  tasks.o [1]
xEventGroupCreate       0x08035e1d     0x1c  Code  Gb  event_groups.o [1]
xEventGroupSetBits      0x08035f85     0xd6  Code  Gb  event_groups.o [1]
xEventGroupWaitBits     0x08035e39    0x146  Code  Gb  event_groups.o [1]
xFreeBytesRemaining     0x2001eea4      0x4  Data  Lc  heap_4.o [1]
xHandleTaskLCD          0x2001ee38      0x4  Data  Gb  apptask.o [1]
xHandleTaskLED          0x2001ee3c      0x4  Data  Gb  apptask.o [1]
xHandleTaskManageCapacity
                        0x2001ee54      0x4  Data  Gb  apptask.o [1]
xHandleTaskMassStorage  0x2001ee44      0x4  Data  Gb  apptask.o [1]
xHandleTaskMotorControl
                        0x2001ee58      0x4  Data  Gb  apptask.o [1]
xHandleTaskMsgPro       0x2001ee4c      0x4  Data  Gb  apptask.o [1]
xHandleTaskRFID         0x2001ee40      0x4  Data  Gb  apptask.o [1]
xHandleTaskReadDisk     0x2001ee48      0x4  Data  Gb  apptask.o [1]
xHandleTaskRev485       0x2001ee50      0x4  Data  Gb  apptask.o [1]
xHeapStructSize         0x08040a50      0x4  Data  Lc  heap_4.o [1]
xMinimumEverFreeBytesRemaining
                        0x2001eea8      0x4  Data  Lc  heap_4.o [1]
xNextTaskUnblockTime    0x2001eef0      0x4  Data  Lc  tasks.o [1]
xNumOfOverflows         0x2001eee8      0x4  Data  Lc  tasks.o [1]
xPendingReadyList       0x2001ed24     0x14  Data  Lc  tasks.o [1]
xPortStartScheduler     0x0803657b     0xcc  Code  Gb  port.o [1]
xQueueGenericCreate     0x0802f639     0x7e  Code  Gb  queue.o [1]
xQueueGenericReceive    0x0802fa2d    0x19c  Code  Gb  queue.o [1]
xQueueGenericReset      0x0802f5a9     0x90  Code  Gb  queue.o [1]
xQueueGenericSend       0x0802f6b7    0x1b2  Code  Gb  queue.o [1]
xQueueGenericSendFromISR
                        0x0802f869     0xec  Code  Gb  queue.o [1]
xQueueGiveFromISR       0x0802f955     0xd8  Code  Gb  queue.o [1]
xQueue_message          0x2001ee78      0x4  Data  Gb  apptask.o [1]
xSchedulerRunning       0x2001eedc      0x4  Data  Lc  tasks.o [1]
xSemaphore_download     0x2001ee68      0x4  Data  Gb  apptask.o [1]
xSemaphore_lcd          0x2001ee5c      0x4  Data  Gb  apptask.o [1]
xSemaphore_pluse        0x2001ee64      0x4  Data  Gb  apptask.o [1]
xSemaphore_readDisk     0x2001ee6c      0x4  Data  Gb  apptask.o [1]
xSemaphore_rs485        0x2001ee60      0x4  Data  Gb  apptask.o [1]
xStart                  0x2001ee20      0x8  Data  Lc  heap_4.o [1]
xSuspendedTaskList      0x2001ed4c     0x14  Data  Lc  tasks.o [1]
xTaskCheckForTimeOut    0x0802f23d     0x8a  Code  Gb  tasks.o [1]
xTaskGenericCreate      0x0802e9a9    0x184  Code  Gb  tasks.o [1]
xTaskGetSchedulerState  0x0802f4fb     0x26  Code  Gb  tasks.o [1]
xTaskGetTickCount       0x0802ed3f      0xa  Code  Gb  tasks.o [1]
xTaskIncrementTick      0x0802ed49    0x134  Code  Gb  tasks.o [1]
xTaskRemoveFromEventList
                        0x0802f0e9     0x8e  Code  Gb  tasks.o [1]
xTaskRemoveFromUnorderedEventList
                        0x0802f17d     0x94  Code  Gb  tasks.o [1]
xTaskResumeAll          0x0802ec3f    0x100  Code  Gb  tasks.o [1]
xTasksWaitingTermination
                        0x2001ed38     0x14  Data  Lc  tasks.o [1]
xTickCount              0x2001eed4      0x4  Data  Lc  tasks.o [1]
xTimerCreate            0x080360d1     0x62  Code  Gb  timers.o [1]
xTimerCreateTimerTask   0x08036081     0x50  Code  Gb  timers.o [1]
xTimerGenericCommand    0x08036133     0x84  Code  Gb  timers.o [1]
xTimerQueue             0x2001ef08      0x4  Data  Lc  timers.o [1]
xTimerUser              0x2001ee74      0x4  Data  Gb  apptask.o [1]
xYieldPending           0x2001eee4      0x4  Data  Lc  tasks.o [1]


[1] = F:\work\YarnControl_Driver\src\stm32f4_rtos\Project\EWARMv7\Flash\Obj
[2] = command line
[3] = dl7M_tlf.a
[4] = m7M_tls.a
[5] = rt7M_tl.a
[6] = shb_l.a

   84 376 bytes of readonly  code memory
  180 981 bytes of readonly  data memory
  128 842 bytes of readwrite data memory (+ 1 044 480 absolute)

Errors: none
Warnings: none
