###############################################################################
#
# IAR ELF Linker V7.40.7.9843/W32 for ARM                 24/Feb/2019  23:42:15
# Copyright 2007-2015 IAR Systems AB.
#
#    Output file  =  
#        E:\WORK\YarnControl_Driver\YarnControl_Driver\src\stm32f4_rtos\Project\EWARMv7\Flash\Exe\project.out
#    Map file     =  
#        E:\WORK\YarnControl_Driver\YarnControl_Driver\src\stm32f4_rtos\Project\EWARMv7\Flash\List\project.map
#    Command line =  
#        E:\WORK\YarnControl_Driver\YarnControl_Driver\src\stm32f4_rtos\Project\EWARMv7\Flash\Obj\apptask.o
#        E:\WORK\YarnControl_Driver\YarnControl_Driver\src\stm32f4_rtos\Project\EWARMv7\Flash\Obj\bsp.o
#        E:\WORK\YarnControl_Driver\YarnControl_Driver\src\stm32f4_rtos\Project\EWARMv7\Flash\Obj\bsp_closeSW.o
#        E:\WORK\YarnControl_Driver\YarnControl_Driver\src\stm32f4_rtos\Project\EWARMv7\Flash\Obj\bsp_dwt.o
#        E:\WORK\YarnControl_Driver\YarnControl_Driver\src\stm32f4_rtos\Project\EWARMv7\Flash\Obj\bsp_led.o
#        E:\WORK\YarnControl_Driver\YarnControl_Driver\src\stm32f4_rtos\Project\EWARMv7\Flash\Obj\bsp_relay.o
#        E:\WORK\YarnControl_Driver\YarnControl_Driver\src\stm32f4_rtos\Project\EWARMv7\Flash\Obj\bsp_sdio_sd.o
#        E:\WORK\YarnControl_Driver\YarnControl_Driver\src\stm32f4_rtos\Project\EWARMv7\Flash\Obj\bsp_sdwe050c17.o
#        E:\WORK\YarnControl_Driver\YarnControl_Driver\src\stm32f4_rtos\Project\EWARMv7\Flash\Obj\bsp_servomotor.o
#        E:\WORK\YarnControl_Driver\YarnControl_Driver\src\stm32f4_rtos\Project\EWARMv7\Flash\Obj\bsp_spi.o
#        E:\WORK\YarnControl_Driver\YarnControl_Driver\src\stm32f4_rtos\Project\EWARMv7\Flash\Obj\bsp_stepmotor.o
#        E:\WORK\YarnControl_Driver\YarnControl_Driver\src\stm32f4_rtos\Project\EWARMv7\Flash\Obj\bsp_sw_onoff.o
#        E:\WORK\YarnControl_Driver\YarnControl_Driver\src\stm32f4_rtos\Project\EWARMv7\Flash\Obj\bsp_tim_pwm.o
#        E:\WORK\YarnControl_Driver\YarnControl_Driver\src\stm32f4_rtos\Project\EWARMv7\Flash\Obj\bsp_timer.o
#        E:\WORK\YarnControl_Driver\YarnControl_Driver\src\stm32f4_rtos\Project\EWARMv7\Flash\Obj\bsp_uart_fifo.o
#        E:\WORK\YarnControl_Driver\YarnControl_Driver\src\stm32f4_rtos\Project\EWARMv7\Flash\Obj\bsp_w25qxx.o
#        E:\WORK\YarnControl_Driver\YarnControl_Driver\src\stm32f4_rtos\Project\EWARMv7\Flash\Obj\bsp_watchdog.o
#        E:\WORK\YarnControl_Driver\YarnControl_Driver\src\stm32f4_rtos\Project\EWARMv7\Flash\Obj\cc936.o
#        E:\WORK\YarnControl_Driver\YarnControl_Driver\src\stm32f4_rtos\Project\EWARMv7\Flash\Obj\croutine.o
#        E:\WORK\YarnControl_Driver\YarnControl_Driver\src\stm32f4_rtos\Project\EWARMv7\Flash\Obj\demo_fatfs.o
#        E:\WORK\YarnControl_Driver\YarnControl_Driver\src\stm32f4_rtos\Project\EWARMv7\Flash\Obj\diskio.o
#        E:\WORK\YarnControl_Driver\YarnControl_Driver\src\stm32f4_rtos\Project\EWARMv7\Flash\Obj\encoder.o
#        E:\WORK\YarnControl_Driver\YarnControl_Driver\src\stm32f4_rtos\Project\EWARMv7\Flash\Obj\event_groups.o
#        E:\WORK\YarnControl_Driver\YarnControl_Driver\src\stm32f4_rtos\Project\EWARMv7\Flash\Obj\ff.o
#        E:\WORK\YarnControl_Driver\YarnControl_Driver\src\stm32f4_rtos\Project\EWARMv7\Flash\Obj\heap_4.o
#        E:\WORK\YarnControl_Driver\YarnControl_Driver\src\stm32f4_rtos\Project\EWARMv7\Flash\Obj\list.o
#        E:\WORK\YarnControl_Driver\YarnControl_Driver\src\stm32f4_rtos\Project\EWARMv7\Flash\Obj\main.o
#        E:\WORK\YarnControl_Driver\YarnControl_Driver\src\stm32f4_rtos\Project\EWARMv7\Flash\Obj\malloc.o
#        E:\WORK\YarnControl_Driver\YarnControl_Driver\src\stm32f4_rtos\Project\EWARMv7\Flash\Obj\mcheck.o
#        E:\WORK\YarnControl_Driver\YarnControl_Driver\src\stm32f4_rtos\Project\EWARMv7\Flash\Obj\misc.o
#        E:\WORK\YarnControl_Driver\YarnControl_Driver\src\stm32f4_rtos\Project\EWARMv7\Flash\Obj\modbus.o
#        E:\WORK\YarnControl_Driver\YarnControl_Driver\src\stm32f4_rtos\Project\EWARMv7\Flash\Obj\page_weimi.o
#        E:\WORK\YarnControl_Driver\YarnControl_Driver\src\stm32f4_rtos\Project\EWARMv7\Flash\Obj\para.o
#        E:\WORK\YarnControl_Driver\YarnControl_Driver\src\stm32f4_rtos\Project\EWARMv7\Flash\Obj\port.o
#        E:\WORK\YarnControl_Driver\YarnControl_Driver\src\stm32f4_rtos\Project\EWARMv7\Flash\Obj\portasm.o
#        E:\WORK\YarnControl_Driver\YarnControl_Driver\src\stm32f4_rtos\Project\EWARMv7\Flash\Obj\product_cal.o
#        E:\WORK\YarnControl_Driver\YarnControl_Driver\src\stm32f4_rtos\Project\EWARMv7\Flash\Obj\protocol.o
#        E:\WORK\YarnControl_Driver\YarnControl_Driver\src\stm32f4_rtos\Project\EWARMv7\Flash\Obj\queue.o
#        E:\WORK\YarnControl_Driver\YarnControl_Driver\src\stm32f4_rtos\Project\EWARMv7\Flash\Obj\rc522.o
#        E:\WORK\YarnControl_Driver\YarnControl_Driver\src\stm32f4_rtos\Project\EWARMv7\Flash\Obj\startup_stm32f40_41xxx.o
#        E:\WORK\YarnControl_Driver\YarnControl_Driver\src\stm32f4_rtos\Project\EWARMv7\Flash\Obj\stm32f4xx_adc.o
#        E:\WORK\YarnControl_Driver\YarnControl_Driver\src\stm32f4_rtos\Project\EWARMv7\Flash\Obj\stm32f4xx_assert.o
#        E:\WORK\YarnControl_Driver\YarnControl_Driver\src\stm32f4_rtos\Project\EWARMv7\Flash\Obj\stm32f4xx_can.o
#        E:\WORK\YarnControl_Driver\YarnControl_Driver\src\stm32f4_rtos\Project\EWARMv7\Flash\Obj\stm32f4xx_crc.o
#        E:\WORK\YarnControl_Driver\YarnControl_Driver\src\stm32f4_rtos\Project\EWARMv7\Flash\Obj\stm32f4xx_cryp.o
#        E:\WORK\YarnControl_Driver\YarnControl_Driver\src\stm32f4_rtos\Project\EWARMv7\Flash\Obj\stm32f4xx_cryp_aes.o
#        E:\WORK\YarnControl_Driver\YarnControl_Driver\src\stm32f4_rtos\Project\EWARMv7\Flash\Obj\stm32f4xx_cryp_des.o
#        E:\WORK\YarnControl_Driver\YarnControl_Driver\src\stm32f4_rtos\Project\EWARMv7\Flash\Obj\stm32f4xx_cryp_tdes.o
#        E:\WORK\YarnControl_Driver\YarnControl_Driver\src\stm32f4_rtos\Project\EWARMv7\Flash\Obj\stm32f4xx_dac.o
#        E:\WORK\YarnControl_Driver\YarnControl_Driver\src\stm32f4_rtos\Project\EWARMv7\Flash\Obj\stm32f4xx_dbgmcu.o
#        E:\WORK\YarnControl_Driver\YarnControl_Driver\src\stm32f4_rtos\Project\EWARMv7\Flash\Obj\stm32f4xx_dcmi.o
#        E:\WORK\YarnControl_Driver\YarnControl_Driver\src\stm32f4_rtos\Project\EWARMv7\Flash\Obj\stm32f4xx_dma.o
#        E:\WORK\YarnControl_Driver\YarnControl_Driver\src\stm32f4_rtos\Project\EWARMv7\Flash\Obj\stm32f4xx_dma2d.o
#        E:\WORK\YarnControl_Driver\YarnControl_Driver\src\stm32f4_rtos\Project\EWARMv7\Flash\Obj\stm32f4xx_exti.o
#        E:\WORK\YarnControl_Driver\YarnControl_Driver\src\stm32f4_rtos\Project\EWARMv7\Flash\Obj\stm32f4xx_flash.o
#        E:\WORK\YarnControl_Driver\YarnControl_Driver\src\stm32f4_rtos\Project\EWARMv7\Flash\Obj\stm32f4xx_fsmc.o
#        E:\WORK\YarnControl_Driver\YarnControl_Driver\src\stm32f4_rtos\Project\EWARMv7\Flash\Obj\stm32f4xx_gpio.o
#        E:\WORK\YarnControl_Driver\YarnControl_Driver\src\stm32f4_rtos\Project\EWARMv7\Flash\Obj\stm32f4xx_hash.o
#        E:\WORK\YarnControl_Driver\YarnControl_Driver\src\stm32f4_rtos\Project\EWARMv7\Flash\Obj\stm32f4xx_hash_md5.o
#        E:\WORK\YarnControl_Driver\YarnControl_Driver\src\stm32f4_rtos\Project\EWARMv7\Flash\Obj\stm32f4xx_hash_sha1.o
#        E:\WORK\YarnControl_Driver\YarnControl_Driver\src\stm32f4_rtos\Project\EWARMv7\Flash\Obj\stm32f4xx_i2c.o
#        E:\WORK\YarnControl_Driver\YarnControl_Driver\src\stm32f4_rtos\Project\EWARMv7\Flash\Obj\stm32f4xx_it.o
#        E:\WORK\YarnControl_Driver\YarnControl_Driver\src\stm32f4_rtos\Project\EWARMv7\Flash\Obj\stm32f4xx_iwdg.o
#        E:\WORK\YarnControl_Driver\YarnControl_Driver\src\stm32f4_rtos\Project\EWARMv7\Flash\Obj\stm32f4xx_ltdc.o
#        E:\WORK\YarnControl_Driver\YarnControl_Driver\src\stm32f4_rtos\Project\EWARMv7\Flash\Obj\stm32f4xx_pwr.o
#        E:\WORK\YarnControl_Driver\YarnControl_Driver\src\stm32f4_rtos\Project\EWARMv7\Flash\Obj\stm32f4xx_rcc.o
#        E:\WORK\YarnControl_Driver\YarnControl_Driver\src\stm32f4_rtos\Project\EWARMv7\Flash\Obj\stm32f4xx_rng.o
#        E:\WORK\YarnControl_Driver\YarnControl_Driver\src\stm32f4_rtos\Project\EWARMv7\Flash\Obj\stm32f4xx_rtc.o
#        E:\WORK\YarnControl_Driver\YarnControl_Driver\src\stm32f4_rtos\Project\EWARMv7\Flash\Obj\stm32f4xx_sai.o
#        E:\WORK\YarnControl_Driver\YarnControl_Driver\src\stm32f4_rtos\Project\EWARMv7\Flash\Obj\stm32f4xx_sdio.o
#        E:\WORK\YarnControl_Driver\YarnControl_Driver\src\stm32f4_rtos\Project\EWARMv7\Flash\Obj\stm32f4xx_spi.o
#        E:\WORK\YarnControl_Driver\YarnControl_Driver\src\stm32f4_rtos\Project\EWARMv7\Flash\Obj\stm32f4xx_syscfg.o
#        E:\WORK\YarnControl_Driver\YarnControl_Driver\src\stm32f4_rtos\Project\EWARMv7\Flash\Obj\stm32f4xx_tim.o
#        E:\WORK\YarnControl_Driver\YarnControl_Driver\src\stm32f4_rtos\Project\EWARMv7\Flash\Obj\stm32f4xx_usart.o
#        E:\WORK\YarnControl_Driver\YarnControl_Driver\src\stm32f4_rtos\Project\EWARMv7\Flash\Obj\stm32f4xx_wwdg.o
#        E:\WORK\YarnControl_Driver\YarnControl_Driver\src\stm32f4_rtos\Project\EWARMv7\Flash\Obj\SysInfoTest.o
#        E:\WORK\YarnControl_Driver\YarnControl_Driver\src\stm32f4_rtos\Project\EWARMv7\Flash\Obj\system_stm32f4xx.o
#        E:\WORK\YarnControl_Driver\YarnControl_Driver\src\stm32f4_rtos\Project\EWARMv7\Flash\Obj\tasks.o
#        E:\WORK\YarnControl_Driver\YarnControl_Driver\src\stm32f4_rtos\Project\EWARMv7\Flash\Obj\timers.o
#        E:\WORK\YarnControl_Driver\YarnControl_Driver\src\stm32f4_rtos\Project\EWARMv7\Flash\Obj\usb_bsp.o
#        E:\WORK\YarnControl_Driver\YarnControl_Driver\src\stm32f4_rtos\Project\EWARMv7\Flash\Obj\usb_core.o
#        E:\WORK\YarnControl_Driver\YarnControl_Driver\src\stm32f4_rtos\Project\EWARMv7\Flash\Obj\usb_hcd.o
#        E:\WORK\YarnControl_Driver\YarnControl_Driver\src\stm32f4_rtos\Project\EWARMv7\Flash\Obj\usb_hcd_int.o
#        E:\WORK\YarnControl_Driver\YarnControl_Driver\src\stm32f4_rtos\Project\EWARMv7\Flash\Obj\usbh_core.o
#        E:\WORK\YarnControl_Driver\YarnControl_Driver\src\stm32f4_rtos\Project\EWARMv7\Flash\Obj\usbh_hcs.o
#        E:\WORK\YarnControl_Driver\YarnControl_Driver\src\stm32f4_rtos\Project\EWARMv7\Flash\Obj\usbh_ioreq.o
#        E:\WORK\YarnControl_Driver\YarnControl_Driver\src\stm32f4_rtos\Project\EWARMv7\Flash\Obj\usbh_it.o
#        E:\WORK\YarnControl_Driver\YarnControl_Driver\src\stm32f4_rtos\Project\EWARMv7\Flash\Obj\usbh_msc_bot.o
#        E:\WORK\YarnControl_Driver\YarnControl_Driver\src\stm32f4_rtos\Project\EWARMv7\Flash\Obj\usbh_msc_core.o
#        E:\WORK\YarnControl_Driver\YarnControl_Driver\src\stm32f4_rtos\Project\EWARMv7\Flash\Obj\usbh_msc_scsi.o
#        E:\WORK\YarnControl_Driver\YarnControl_Driver\src\stm32f4_rtos\Project\EWARMv7\Flash\Obj\usbh_stdreq.o
#        E:\WORK\YarnControl_Driver\YarnControl_Driver\src\stm32f4_rtos\Project\EWARMv7\Flash\Obj\usbh_usr.o
#        -o
#        E:\WORK\YarnControl_Driver\YarnControl_Driver\src\stm32f4_rtos\Project\EWARMv7\Flash\Exe\project.out
#        --map
#        E:\WORK\YarnControl_Driver\YarnControl_Driver\src\stm32f4_rtos\Project\EWARMv7\Flash\List\project.map
#        --config
#        E:\WORK\YarnControl_Driver\YarnControl_Driver\src\stm32f4_rtos\Project\EWARMv7\stm32f4xx_flash.icf
#        --semihosting --entry __iar_program_start --inline --vfe
#
###############################################################################

*******************************************************************************
*** RUNTIME MODEL ATTRIBUTES
***

CppFlavor       = *
__SystemLibrary = DLib


*******************************************************************************
*** PLACEMENT SUMMARY
***

"A1":  place at 0x08000000 { ro section .intvec };
"P1":  place in [from 0x08000000 to 0x080fffff] { ro };
"P2":  place in [from 0x20000000 to 0x2001ffff] { rw, block CSTACK, block HEAP };

  Section             Kind        Address     Size  Object
  -------             ----        -------     ----  ------
"A1":                                        0x188
  .intvec             ro code  0x08000000    0x188  startup_stm32f40_41xxx.o [1]
                             - 0x08000188    0x188

"P1":                                      0x4596b
  .rodata             const    0x08000188  0x15484  cc936.o [1]
  .rodata             const    0x0801560c  0x15484  cc936.o [1]
  .text               ro code  0x0802aa90   0x5334  apptask.o [1]
  .text               ro code  0x0802fdc4    0xc00  tasks.o [1]
  .text               ro code  0x080309c4    0x7c8  queue.o [1]
  .text               ro code  0x0803118c   0x155c  bsp_sdwe050c17.o [1]
  .text               ro code  0x080326e8    0x524  product_cal.o [1]
  .text               ro code  0x08032c0c     0x66  ABImemset.o [5]
  .text               ro code  0x08032c72     0x1e  xsscin.o [3]
  .text               ro code  0x08032c90    0x380  bsp_w25qxx.o [1]
  .text               ro code  0x08033010     0x4e  FltToDbl.o [4]
  .text               ro code  0x0803305e      0xa  xsprout.o [3]
  .text               ro code  0x08033068     0x24  printf.o [3]
  .text               ro code  0x0803308c     0x76  ABImemcpy_unaligned.o [5]
  .text               ro code  0x08033104     0x42  strcmp_unaligned.o [5]
  .text               ro code  0x08033148    0x21c  malloc.o [1]
  .text               ro code  0x08033364     0x30  I32ToDbl.o [4]
  .text               ro code  0x08033394    0x256  DblDiv.o [4]
  .text               ro code  0x080335ec     0xe8  DblAdd.o [4]
  .text               ro code  0x080336d4    0x1a2  DblMul.o [4]
  .text               ro code  0x08033878     0x58  DblToI32.o [4]
  .text               ro code  0x080338d0     0x90  DblToFlt.o [4]
  .text               ro code  0x08033960     0x36  strlen.o [5]
  .text               ro code  0x08033998    0x254  page_weimi.o [1]
  .text               ro code  0x08033bec     0x62  memcmp_unaligned.o [5]
  .text               ro code  0x08033c50    0x48c  bsp_servomotor.o [1]
  .text               ro code  0x080340dc    0x1a2  usbh_usr.o [1]
  .text               ro code  0x08034280    0x760  usbh_core.o [1]
  .text               ro code  0x080349e0   0x2498  ff.o [1]
  .text               ro code  0x08036e78     0x34  sprintf.o [3]
  .text               ro code  0x08036eac     0x1c  strcat.o [3]
  .text               ro code  0x08036ec8     0xc0  bsp_led.o [1]
  .text               ro code  0x08036f88     0xae  rc522.o [1]
  .text               ro code  0x08037038    0x354  modbus.o [1]
  .text               ro code  0x0803738c     0x68  bsp_sw_onoff.o [1]
  .text               ro code  0x080373f4     0x44  protocol.o [1]
  .text               ro code  0x08037438     0x10  para.o [1]
  .text               ro code  0x08037448   0x10d2  para.o [1]
  .text               ro code  0x0803851c    0x12c  stm32f4xx_gpio.o [1]
  .text               ro code  0x08038648    0x670  stm32f4xx_tim.o [1]
  .text               ro code  0x08038cb8    0x26c  bsp_stepmotor.o [1]
  .text               ro code  0x08038f24    0x388  encoder.o [1]
  .text               ro code  0x080392ac    0x262  event_groups.o [1]
  .text               ro code  0x08039510    0x4a4  timers.o [1]
  .text               ro code  0x080399b4      0x8  bsp_watchdog.o [1]
  .text               ro code  0x080399bc    0x24c  port.o [1]
  .text               ro code  0x08039c08     0x98  list.o [1]
  .text               ro code  0x08039ca0    0x280  heap_4.o [1]
  .text               ro code  0x08039f20    0x1e8  stm32f4xx_rcc.o [1]
  .text               ro code  0x0803a108    0x9e4  bsp_uart_fifo.o [1]
  .text               ro code  0x0803aaec    0x204  bsp_timer.o [1]
  .text               ro code  0x0803acf0    0x124  bsp_spi.o [1]
  .text               ro code  0x0803ae14    0xd96  xprintffull_nomb.o [3]
  .text               ro code  0x0803bbac    0x180  DblSub.o [4]
  .text               ro code  0x0803bd2c    0x31c  stm32f4xx_dma.o [1]
  .text               ro code  0x0803c048     0x88  misc.o [1]
  .text               ro code  0x0803c0d0    0x14c  usb_bsp.o [1]
  .text               ro code  0x0803c21c     0xd6  usb_hcd.o [1]
  .text               ro code  0x0803c2f2    0x1ba  usbh_hcs.o [1]
  .text               ro code  0x0803c4ac    0x436  usbh_stdreq.o [1]
  .text               ro code  0x0803c8e2    0x246  usbh_ioreq.o [1]
  .text               ro code  0x0803cb28    0x2e4  diskio.o [1]
  .text               ro code  0x0803ce0c     0xf4  cc936.o [1]
  .text               ro code  0x0803cf00     0xb8  mcheck.o [1]
  .text               ro code  0x0803cfb8     0x2c  strstr.o [3]
  .text               ro code  0x0803cfe4     0x44  strcpy_unaligned.o [5]
  .text               ro code  0x0803d028     0x24  sscanf.o [3]
  .text               ro code  0x0803d04c     0x10  stm32f4xx_iwdg.o [1]
  CODE                ro code  0x0803d05c     0xa8  portasm.o [1]
  .text               ro code  0x0803d104    0x254  stm32f4xx_usart.o [1]
  .text               ro code  0x0803d358     0x74  stm32f4xx_spi.o [1]
  .text               ro code  0x0803d3cc     0x16  strchr.o [5]
  .text               ro code  0x0803d3e4     0x58  memchr.o [5]
  .text               ro code  0x0803d43c     0xee  I64DivMod.o [5]
  .text               ro code  0x0803d52a     0x42  xdnorm.o [4]
  .text               ro code  0x0803d56c     0x2e  DblCmpLe.o [4]
  .text               ro code  0x0803d59c     0x2e  DblCmpGe.o [4]
  .text               ro code  0x0803d5cc    0x114  xdscale.o [4]
  .text               ro code  0x0803d6e0     0x6c  localeconv.o [3]
  .text               ro code  0x0803d74c      0xe  div.o [3]
  .text               ro code  0x0803d75c     0x74  bsp_dwt.o [1]
  .text               ro code  0x0803d7d0    0xa50  usb_core.o [1]
  .text               ro code  0x0803e220   0x1a58  bsp_sdio_sd.o [1]
  .text               ro code  0x0803fc78    0x618  usbh_msc_scsi.o [1]
  .text               ro code  0x08040290    0x554  usbh_msc_bot.o [1]
  .text               ro code  0x080407e4    0xb64  xscanffull_nomb.o [3]
  .text               ro code  0x08041348      0x2  I64DivZer.o [5]
  .text               ro code  0x0804134c    0x17c  stm32f4xx_sdio.o [1]
  .text               ro code  0x080414c8     0x28  isxxx.o [3]
  .text               ro code  0x080414f0     0xa4  xstoll.o [3]
  .text               ro code  0x08041594    0x1b0  xstoull.o [3]
  .text               ro code  0x08041744    0x168  xstold.o [4]
  .text               ro code  0x080418ac     0x18  setlocale.o [3]
  .text               ro code  0x080418c4     0x16  xlocale_c.o [3]
  .text               ro code  0x080418da     0x14  xlocale_c.o [3]
  .text               ro code  0x080418f0      0xc  errno.o [3]
  .text               ro code  0x080418fc     0x14  tolower.o [3]
  .text               ro code  0x08041910    0x124  xstopfx.o [3]
  .text               ro code  0x08041a34    0x1b8  xstoflt.o [3]
  .rodata             const    0x08041bec     0x2c  apptask.o [1]
  .text               ro code  0x08041c18    0x200  xdtento.o [4]
  .text               ro code  0x08041e18    0x218  xstoxflt.o [3]
  .text               ro code  0x08042030      0x2  xtls.o [3]
  .text               ro code  0x08042032      0xc  xlocale_c.o [3]
  .text               ro code  0x08042040     0x20  DblCmpEq.o [4]
  .text               ro code  0x08042060     0x52  xdunscal.o [4]
  .text               ro code  0x080420b4    0xc7e  usb_hcd_int.o [1]
  .rodata             const    0x08042d34    0x400  apptask.o [1]
  .text               ro code  0x08043134    0x3e8  usbh_msc_core.o [1]
  .rodata             const    0x0804351c    0x3dc  cc936.o [1]
  .rodata             const    0x080438f8    0x3dc  cc936.o [1]
  .text               ro code  0x08043cd4    0x2e0  bsp_tim_pwm.o [1]
  .rodata             const    0x08043fb4    0x190  product_cal.o [1]
  .text               ro code  0x08044144    0x154  system_stm32f4xx.o [1]
  .rodata             const    0x08044298    0x100  mcheck.o [1]
  .rodata             const    0x08044398    0x100  mcheck.o [1]
  .rodata             const    0x08044498    0x100  mcheck.o [1]
  .text               ro code  0x08044598     0xd4  bsp_closeSW.o [1]
  .text               ro code  0x0804466c     0x54  stm32f4xx_syscfg.o [1]
  .text               ro code  0x080446c0     0xc0  stm32f4xx_exti.o [1]
  .text               ro code  0x08044780     0xd0  packbits_init.o [5]
  .text               ro code  0x08044850      0x6  abort.o [3]
  .text               ro code  0x08044858     0x14  exit.o [6]
  .text               ro code  0x0804486c     0x4c  bsp.o [1]
  .text               ro code  0x080448b8     0x44  bsp_relay.o [1]
  .text               ro code  0x080448fc     0x40  zero_init3.o [5]
  .text               ro code  0x0804493c     0x3c  SysInfoTest.o [1]
  .rodata             const    0x08044978     0x38  demo_fatfs.o [1]
  .text               ro code  0x080449b0     0x38  stm32f4xx_it.o [1]
  .rodata             const    0x080449e8     0x30  apptask.o [1]
  .rodata             const    0x08044a18     0x30  apptask.o [1]
  .rodata             const    0x08044a48     0x30  demo_fatfs.o [1]
  .rodata             const    0x08044a78     0x30  demo_fatfs.o [1]
  .rodata             const    0x08044aa8     0x2c  demo_fatfs.o [1]
  .rodata             const    0x08044ad4     0x2c  demo_fatfs.o [1]
  .rodata             const    0x08044b00     0x2c  stm32f4xx_it.o [1]
  .text               ro code  0x08044b2c     0x2c  main.o [1]
  .rodata             const    0x08044b58     0x28  demo_fatfs.o [1]
  .rodata             const    0x08044b80     0x28  demo_fatfs.o [1]
  .rodata             const    0x08044ba8     0x28  demo_fatfs.o [1]
  .text               ro code  0x08044bd0     0x28  data_init.o [5]
  .rodata             const    0x08044bf8     0x24  demo_fatfs.o [1]
  .rodata             const    0x08044c1c     0x24  demo_fatfs.o [1]
  .rodata             const    0x08044c40     0x24  usbh_usr.o [1]
  .text               ro code  0x08044c64     0x22  fpinit_M.o [4]
  .iar.init_table     const    0x08044c88     0x34  - Linker created -
  .rodata             const    0x08044cbc     0x20  apptask.o [1]
  .rodata             const    0x08044cdc     0x20  apptask.o [1]
  .rodata             const    0x08044cfc     0x20  apptask.o [1]
  .rodata             const    0x08044d1c     0x20  apptask.o [1]
  .rodata             const    0x08044d3c     0x20  apptask.o [1]
  .rodata             const    0x08044d5c     0x20  apptask.o [1]
  .rodata             const    0x08044d7c     0x20  apptask.o [1]
  .rodata             const    0x08044d9c     0x20  apptask.o [1]
  .rodata             const    0x08044dbc     0x20  apptask.o [1]
  .rodata             const    0x08044ddc     0x20  apptask.o [1]
  .rodata             const    0x08044dfc     0x20  apptask.o [1]
  .rodata             const    0x08044e1c     0x20  apptask.o [1]
  .rodata             const    0x08044e3c     0x20  demo_fatfs.o [1]
  .rodata             const    0x08044e5c     0x20  demo_fatfs.o [1]
  .rodata             const    0x08044e7c     0x20  demo_fatfs.o [1]
  .rodata             const    0x08044e9c     0x20  usbh_usr.o [1]
  .rodata             const    0x08044ebc     0x20  usbh_usr.o [1]
  .rodata             const    0x08044edc     0x20  usbh_usr.o [1]
  .rodata             const    0x08044efc     0x20  usbh_usr.o [1]
  .rodata             const    0x08044f1c     0x20  usbh_usr.o [1]
  .rodata             const    0x08044f3c     0x1c  apptask.o [1]
  .rodata             const    0x08044f58     0x1c  apptask.o [1]
  .rodata             const    0x08044f74     0x1c  apptask.o [1]
  .rodata             const    0x08044f90     0x1c  apptask.o [1]
  .rodata             const    0x08044fac     0x1c  apptask.o [1]
  .rodata             const    0x08044fc8     0x1c  apptask.o [1]
  .rodata             const    0x08044fe4     0x1c  apptask.o [1]
  .rodata             const    0x08045000     0x1c  demo_fatfs.o [1]
  .rodata             const    0x0804501c     0x1c  demo_fatfs.o [1]
  .rodata             const    0x08045038     0x1c  usbh_usr.o [1]
  .rodata             const    0x08045054     0x1c  usbh_usr.o [1]
  .rodata             const    0x08045070     0x1c  usbh_usr.o [1]
  .rodata             const    0x0804508c     0x1c  usbh_usr.o [1]
  .rodata             const    0x080450a8     0x1c  usbh_usr.o [1]
  .rodata             const    0x080450c4     0x1c  usbh_usr.o [1]
  .text               ro code  0x080450e0     0x1a  cmain.o [5]
  .text               ro code  0x080450fa      0x4  exit.o [3]
  .text               ro code  0x08045100      0xa  cexit.o [5]
  .rodata             const    0x0804510c     0x18  apptask.o [1]
  .rodata             const    0x08045124     0x18  apptask.o [1]
  .rodata             const    0x0804513c     0x18  apptask.o [1]
  .rodata             const    0x08045154     0x18  apptask.o [1]
  .rodata             const    0x0804516c     0x18  apptask.o [1]
  .rodata             const    0x08045184     0x18  apptask.o [1]
  .rodata             const    0x0804519c     0x18  apptask.o [1]
  .rodata             const    0x080451b4     0x18  apptask.o [1]
  .rodata             const    0x080451cc     0x18  apptask.o [1]
  .rodata             const    0x080451e4     0x18  demo_fatfs.o [1]
  .rodata             const    0x080451fc     0x18  demo_fatfs.o [1]
  .rodata             const    0x08045214     0x18  demo_fatfs.o [1]
  .rodata             const    0x0804522c     0x18  demo_fatfs.o [1]
  .rodata             const    0x08045244     0x18  usbh_usr.o [1]
  .rodata             const    0x0804525c     0x18  usbh_usr.o [1]
  .rodata             const    0x08045274     0x18  usbh_usr.o [1]
  .rodata             const    0x0804528c     0x18  usbh_usr.o [1]
  .rodata             const    0x080452a4     0x18  usbh_usr.o [1]
  .text               ro code  0x080452bc     0x16  xprout.o [3]
  .text               ro code  0x080452d4      0xc  putchar.o [3]
  .rodata             const    0x080452e0     0x14  apptask.o [1]
  .rodata             const    0x080452f4     0x14  apptask.o [1]
  .rodata             const    0x08045308     0x14  apptask.o [1]
  .rodata             const    0x0804531c     0x14  apptask.o [1]
  .rodata             const    0x08045330     0x14  apptask.o [1]
  .rodata             const    0x08045344     0x14  apptask.o [1]
  .rodata             const    0x08045358     0x14  apptask.o [1]
  .rodata             const    0x0804536c     0x14  apptask.o [1]
  .rodata             const    0x08045380     0x14  para.o [1]
  .rodata             const    0x08045394     0x14  usbh_usr.o [1]
  .rodata             const    0x080453a8     0x14  usbh_usr.o [1]
  .rodata             const    0x080453bc     0x10  apptask.o [1]
  .rodata             const    0x080453cc     0x10  apptask.o [1]
  .rodata             const    0x080453dc     0x10  apptask.o [1]
  .rodata             const    0x080453ec     0x10  apptask.o [1]
  .rodata             const    0x080453fc     0x10  apptask.o [1]
  .rodata             const    0x0804540c     0x10  apptask.o [1]
  .rodata             const    0x0804541c     0x10  apptask.o [1]
  .rodata             const    0x0804542c     0x10  apptask.o [1]
  .rodata             const    0x0804543c     0x10  apptask.o [1]
  .rodata             const    0x0804544c     0x10  apptask.o [1]
  .rodata             const    0x0804545c     0x10  apptask.o [1]
  .rodata             const    0x0804546c     0x10  apptask.o [1]
  .rodata             const    0x0804547c     0x10  apptask.o [1]
  .rodata             const    0x0804548c     0x10  apptask.o [1]
  .rodata             const    0x0804549c     0x10  apptask.o [1]
  .rodata             const    0x080454ac     0x10  apptask.o [1]
  .rodata             const    0x080454bc     0x10  apptask.o [1]
  .rodata             const    0x080454cc     0x10  apptask.o [1]
  .rodata             const    0x080454dc     0x10  apptask.o [1]
  .rodata             const    0x080454ec     0x10  bsp_sdwe050c17.o [1]
  .rodata             const    0x080454fc     0x10  ff.o [1]
  .rodata             const    0x0804550c     0x10  main.o [1]
  .rodata             const    0x0804551c     0x10  main.o [1]
  .rodata             const    0x0804552c     0x10  para.o [1]
  .rodata             const    0x0804553c     0x10  para.o [1]
  .rodata             const    0x0804554c     0x10  usbh_usr.o [1]
  .rodata             const    0x0804555c     0x10  usbh_usr.o [1]
  .text               ro code  0x0804556c     0x10  startup_stm32f40_41xxx.o [1]
  .text               ro code  0x0804557c     0x10  usbh_it.o [1]
  .rodata             const    0x0804558c      0xc  apptask.o [1]
  .rodata             const    0x08045598      0xc  apptask.o [1]
  .rodata             const    0x080455a4      0xc  apptask.o [1]
  .rodata             const    0x080455b0      0xc  apptask.o [1]
  .rodata             const    0x080455bc      0xc  apptask.o [1]
  .rodata             const    0x080455c8      0xc  apptask.o [1]
  .rodata             const    0x080455d4      0xc  apptask.o [1]
  .rodata             const    0x080455e0      0xc  apptask.o [1]
  .rodata             const    0x080455ec      0xc  apptask.o [1]
  .rodata             const    0x080455f8      0xc  apptask.o [1]
  .rodata             const    0x08045604      0xc  apptask.o [1]
  .rodata             const    0x08045610      0xc  apptask.o [1]
  .rodata             const    0x0804561c      0xc  apptask.o [1]
  .rodata             const    0x08045628      0xc  apptask.o [1]
  .rodata             const    0x08045634      0xc  apptask.o [1]
  .rodata             const    0x08045640      0xc  apptask.o [1]
  .rodata             const    0x0804564c      0xc  apptask.o [1]
  .rodata             const    0x08045658      0xc  apptask.o [1]
  .rodata             const    0x08045664      0xc  apptask.o [1]
  .rodata             const    0x08045670      0xc  apptask.o [1]
  .rodata             const    0x0804567c      0xc  apptask.o [1]
  .rodata             const    0x08045688      0xc  apptask.o [1]
  .rodata             const    0x08045694      0xc  apptask.o [1]
  .rodata             const    0x080456a0      0xc  apptask.o [1]
  .rodata             const    0x080456ac      0xc  apptask.o [1]
  .rodata             const    0x080456b8      0xc  apptask.o [1]
  .rodata             const    0x080456c4      0xc  apptask.o [1]
  .rodata             const    0x080456d0      0xc  apptask.o [1]
  .rodata             const    0x080456dc      0xc  apptask.o [1]
  .rodata             const    0x080456e8      0xc  apptask.o [1]
  .rodata             const    0x080456f4      0xc  apptask.o [1]
  .rodata             const    0x08045700      0xc  bsp_sdwe050c17.o [1]
  .rodata             const    0x0804570c      0xc  demo_fatfs.o [1]
  .rodata             const    0x08045718      0xc  ff.o [1]
  .rodata             const    0x08045724      0xc  para.o [1]
  .rodata             const    0x08045730      0xc  para.o [1]
  .rodata             const    0x0804573c      0xc  para.o [1]
  .rodata             const    0x08045748      0xc  para.o [1]
  .rodata             const    0x08045754      0xc  para.o [1]
  .text               ro code  0x08045760      0xc  cstartup_M.o [5]
  .rodata             const    0x0804576c      0x8  apptask.o [1]
  .rodata             const    0x08045774      0x8  apptask.o [1]
  .rodata             const    0x0804577c      0x8  apptask.o [1]
  .rodata             const    0x08045784      0x8  apptask.o [1]
  .rodata             const    0x0804578c      0x8  apptask.o [1]
  .rodata             const    0x08045794      0x8  apptask.o [1]
  .rodata             const    0x0804579c      0x8  apptask.o [1]
  .rodata             const    0x080457a4      0x8  apptask.o [1]
  .rodata             const    0x080457ac      0x8  apptask.o [1]
  .rodata             const    0x080457b4      0x8  apptask.o [1]
  .rodata             const    0x080457bc      0x8  apptask.o [1]
  .rodata             const    0x080457c4      0x8  apptask.o [1]
  .rodata             const    0x080457cc      0x8  apptask.o [1]
  .rodata             const    0x080457d4      0x8  apptask.o [1]
  .rodata             const    0x080457dc      0x8  bsp_sdwe050c17.o [1]
  .rodata             const    0x080457e4      0x8  bsp_w25qxx.o [1]
  .rodata             const    0x080457ec      0x8  ff.o [1]
  .rodata             const    0x080457f4      0x8  malloc.o [1]
  .rodata             const    0x080457fc      0x8  malloc.o [1]
  .rodata             const    0x08045804      0x8  malloc.o [1]
  .rodata             const    0x0804580c      0x8  para.o [1]
  .rodata             const    0x08045814      0x8  para.o [1]
  .rodata             const    0x0804581c      0x8  para.o [1]
  .rodata             const    0x08045824      0x8  para.o [1]
  .rodata             const    0x0804582c      0x8  para.o [1]
  .rodata             const    0x08045834      0x8  para.o [1]
  .rodata             const    0x0804583c      0x8  para.o [1]
  .rodata             const    0x08045844      0x8  para.o [1]
  .rodata             const    0x0804584c      0x8  para.o [1]
  .rodata             const    0x08045854      0x8  para.o [1]
  .rodata             const    0x0804585c      0x8  para.o [1]
  .rodata             const    0x08045864      0x8  para.o [1]
  .rodata             const    0x0804586c      0x8  para.o [1]
  .rodata             const    0x08045874      0x8  para.o [1]
  .rodata             const    0x0804587c      0x8  para.o [1]
  .rodata             const    0x08045884      0x8  para.o [1]
  .rodata             const    0x0804588c      0x8  para.o [1]
  .rodata             const    0x08045894      0x8  para.o [1]
  .rodata             const    0x0804589c      0x8  para.o [1]
  .rodata             const    0x080458a4      0x8  para.o [1]
  .rodata             const    0x080458ac      0x8  tasks.o [1]
  .rodata             const    0x080458b4      0x8  timers.o [1]
  .rodata             const    0x080458bc      0x4  heap_4.o [1]
  .rodata             const    0x080458c0      0x4  port.o [1]
  .text               ro code  0x080458c4      0x4  startup_stm32f40_41xxx.o [1]
  .text               ro code  0x080458c8      0x4  startup_stm32f40_41xxx.o [1]
  .text               ro code  0x080458cc      0x4  startup_stm32f40_41xxx.o [1]
  .text               ro code  0x080458d0      0x4  startup_stm32f40_41xxx.o [1]
  .text               ro code  0x080458d4      0x4  startup_stm32f40_41xxx.o [1]
  .text               ro code  0x080458d8      0x4  startup_stm32f40_41xxx.o [1]
  .text               ro code  0x080458dc      0x4  startup_stm32f40_41xxx.o [1]
  .text               ro code  0x080458e0      0x4  startup_stm32f40_41xxx.o [1]
  .text               ro code  0x080458e4      0x4  startup_stm32f40_41xxx.o [1]
  .text               ro code  0x080458e8      0x4  startup_stm32f40_41xxx.o [1]
  .text               ro code  0x080458ec      0x4  startup_stm32f40_41xxx.o [1]
  .text               ro code  0x080458f0      0x4  startup_stm32f40_41xxx.o [1]
  .text               ro code  0x080458f4      0x4  startup_stm32f40_41xxx.o [1]
  .text               ro code  0x080458f8      0x4  startup_stm32f40_41xxx.o [1]
  .text               ro code  0x080458fc      0x4  startup_stm32f40_41xxx.o [1]
  .text               ro code  0x08045900      0x4  startup_stm32f40_41xxx.o [1]
  .text               ro code  0x08045904      0x4  startup_stm32f40_41xxx.o [1]
  .text               ro code  0x08045908      0x4  startup_stm32f40_41xxx.o [1]
  .text               ro code  0x0804590c      0x4  startup_stm32f40_41xxx.o [1]
  .text               ro code  0x08045910      0x4  startup_stm32f40_41xxx.o [1]
  .text               ro code  0x08045914      0x4  startup_stm32f40_41xxx.o [1]
  .text               ro code  0x08045918      0x4  startup_stm32f40_41xxx.o [1]
  .text               ro code  0x0804591c      0x4  startup_stm32f40_41xxx.o [1]
  .text               ro code  0x08045920      0x4  startup_stm32f40_41xxx.o [1]
  .text               ro code  0x08045924      0x4  startup_stm32f40_41xxx.o [1]
  .text               ro code  0x08045928      0x4  startup_stm32f40_41xxx.o [1]
  .text               ro code  0x0804592c      0x4  startup_stm32f40_41xxx.o [1]
  .text               ro code  0x08045930      0x4  startup_stm32f40_41xxx.o [1]
  .text               ro code  0x08045934      0x4  startup_stm32f40_41xxx.o [1]
  .text               ro code  0x08045938      0x4  startup_stm32f40_41xxx.o [1]
  .text               ro code  0x0804593c      0x4  startup_stm32f40_41xxx.o [1]
  .text               ro code  0x08045940      0x4  startup_stm32f40_41xxx.o [1]
  .text               ro code  0x08045944      0x4  startup_stm32f40_41xxx.o [1]
  .text               ro code  0x08045948      0x4  startup_stm32f40_41xxx.o [1]
  .text               ro code  0x0804594c      0x4  startup_stm32f40_41xxx.o [1]
  .text               ro code  0x08045950      0x4  startup_stm32f40_41xxx.o [1]
  .text               ro code  0x08045954      0x4  startup_stm32f40_41xxx.o [1]
  .text               ro code  0x08045958      0x4  startup_stm32f40_41xxx.o [1]
  .text               ro code  0x0804595c      0x4  startup_stm32f40_41xxx.o [1]
  .text               ro code  0x08045960      0x4  startup_stm32f40_41xxx.o [1]
  .text               ro code  0x08045964      0x4  startup_stm32f40_41xxx.o [1]
  .text               ro code  0x08045968      0x4  startup_stm32f40_41xxx.o [1]
  .text               ro code  0x0804596c      0x4  startup_stm32f40_41xxx.o [1]
  .text               ro code  0x08045970      0x4  startup_stm32f40_41xxx.o [1]
  .text               ro code  0x08045974      0x4  startup_stm32f40_41xxx.o [1]
  .text               ro code  0x08045978      0x4  startup_stm32f40_41xxx.o [1]
  .text               ro code  0x0804597c      0x4  startup_stm32f40_41xxx.o [1]
  .text               ro code  0x08045980      0x4  startup_stm32f40_41xxx.o [1]
  .text               ro code  0x08045984      0x4  startup_stm32f40_41xxx.o [1]
  .text               ro code  0x08045988      0x4  startup_stm32f40_41xxx.o [1]
  .text               ro code  0x0804598c      0x4  startup_stm32f40_41xxx.o [1]
  .text               ro code  0x08045990      0x4  startup_stm32f40_41xxx.o [1]
  .text               ro code  0x08045994      0x4  startup_stm32f40_41xxx.o [1]
  .text               ro code  0x08045998      0x4  startup_stm32f40_41xxx.o [1]
  .text               ro code  0x0804599c      0x4  startup_stm32f40_41xxx.o [1]
  .text               ro code  0x080459a0      0x4  startup_stm32f40_41xxx.o [1]
  .text               ro code  0x080459a4      0x4  startup_stm32f40_41xxx.o [1]
  .text               ro code  0x080459a8      0x4  startup_stm32f40_41xxx.o [1]
  .text               ro code  0x080459ac      0x4  startup_stm32f40_41xxx.o [1]
  .text               ro code  0x080459b0      0x4  startup_stm32f40_41xxx.o [1]
  .text               ro code  0x080459b4      0x4  startup_stm32f40_41xxx.o [1]
  .text               ro code  0x080459b8      0x4  startup_stm32f40_41xxx.o [1]
  .text               ro code  0x080459bc      0x4  startup_stm32f40_41xxx.o [1]
  .text               ro code  0x080459c0      0x4  startup_stm32f40_41xxx.o [1]
  .text               ro code  0x080459c4      0x4  startup_stm32f40_41xxx.o [1]
  .text               ro code  0x080459c8      0x4  startup_stm32f40_41xxx.o [1]
  .text               ro code  0x080459cc      0x4  startup_stm32f40_41xxx.o [1]
  .rodata             const    0x080459d0      0x0  zero_init3.o [5]
  .rodata             const    0x080459d0      0x0  packbits_init.o [5]
  Initializer bytes   const    0x080459d0    0x123  <for P2 s0>
                             - 0x08045af3  0x4596b

"P2":                                      0x1f868
  P2 s0                        0x20000000    0x244  <Init block>
    __DLIB_PERTHREAD  inited   0x20000000     0x88  localeconv.o [3]
    __DLIB_PERTHREAD  inited   0x20000088     0x74  setlocale.o [3]
    .data             inited   0x200000fc     0x50  demo_fatfs.o [1]
    .data             inited   0x2000014c     0x48  usbh_usr.o [1]
    .data             inited   0x20000194     0x40  xfiles.o [3]
    .data             inited   0x200001d4     0x1c  malloc.o [1]
    .data             inited   0x200001f0     0x14  bsp_servomotor.o [1]
    .data             inited   0x20000204     0x10  stm32f4xx_rcc.o [1]
    .data             inited   0x20000214     0x10  usbh_msc_core.o [1]
    .data             inited   0x20000224      0xc  usbh_core.o [1]
    .data             inited   0x20000230      0x4  port.o [1]
    .data             inited   0x20000234      0x4  system_stm32f4xx.o [1]
    .data             inited   0x20000238      0x4  usbh_core.o [1]
    __DLIB_PERTHREAD  inited   0x2000023c      0x4  errno.o [3]
    .data             inited   0x20000240      0x2  bsp_w25qxx.o [1]
    .data             inited   0x20000242      0x1  page_weimi.o [1]
    .data             inited   0x20000243      0x1  usbh_msc_scsi.o [1]
  .bss                zero     0x20000244  0x11800  heap_4.o [1]
  .bss                zero     0x20011a44   0xa000  malloc.o [1]
  .bss                zero     0x2001ba44   0x1000  bsp_w25qxx.o [1]
  .bss                zero     0x2001ca44    0xa00  malloc.o [1]
  .bss                zero     0x2001d444    0x5ac  usbh_usr.o [1]
  .bss                zero     0x2001d9f0    0x5ac  usbh_usr.o [1]
  .bss                zero     0x2001df9c    0x200  ff.o [1]
  .bss                zero     0x2001e19c    0x200  usbh_msc_scsi.o [1]
  .bss                zero     0x2001e39c    0x200  usbh_stdreq.o [1]
  .bss                zero     0x2001e59c    0x118  page_weimi.o [1]
  .bss                zero     0x2001e6b4     0xf0  tasks.o [1]
  .bss                zero     0x2001e7a4     0xd4  protocol.o [1]
  .bss                zero     0x2001e878     0xa4  protocol.o [1]
  .bss                zero     0x2001e91c     0x98  para.o [1]
  .bss                zero     0x2001e9b4     0x94  usbh_usr.o [1]
  .bss                zero     0x2001ea48     0x64  bsp_uart_fifo.o [1]
  .bss                zero     0x2001eaac     0x64  bsp_uart_fifo.o [1]
  .bss                zero     0x2001eb10     0x4c  usbh_msc_core.o [1]
  .bss                zero     0x2001eb60     0x58  bsp_sdio_sd.o [1]
  .bss                zero     0x2001ebb8     0x58  protocol.o [1]
  .bss                zero     0x2001ec10     0x50  xfiles.o [3]
  .bss                zero     0x2001ec60     0x34  bsp_sdwe050c17.o [1]
  .bss                zero     0x2001ec94     0x34  product_cal.o [1]
  .bss                zero     0x2001ecc8     0x28  bsp_uart_fifo.o [1]
  .bss                zero     0x2001ecf0     0x28  encoder.o [1]
  .bss                zero     0x2001ed18     0x28  product_cal.o [1]
  .bss                zero     0x2001ed40     0x24  ff.o [1]
  .bss                zero     0x2001ed64     0x20  usbh_msc_bot.o [1]
  .bss                zero     0x2001ed84     0x18  bsp_sdio_sd.o [1]
  .bss                zero     0x2001ed9c     0x18  bsp_sdio_sd.o [1]
  .bss                zero     0x2001edb4     0x14  bsp_sdio_sd.o [1]
  .bss                zero     0x2001edc8     0x14  page_weimi.o [1]
  .bss                zero     0x2001eddc     0x14  rc522.o [1]
  .bss                zero     0x2001edf0     0x14  tasks.o [1]
  .bss                zero     0x2001ee04     0x14  tasks.o [1]
  .bss                zero     0x2001ee18     0x14  tasks.o [1]
  .bss                zero     0x2001ee2c     0x14  tasks.o [1]
  .bss                zero     0x2001ee40     0x14  tasks.o [1]
  .bss                zero     0x2001ee54     0x14  timers.o [1]
  .bss                zero     0x2001ee68     0x14  timers.o [1]
  .bss                zero     0x2001ee7c     0x10  bsp_sdio_sd.o [1]
  .bss                zero     0x2001ee8c     0x10  bsp_sdio_sd.o [1]
  .bss                zero     0x2001ee9c     0x10  usbh_msc_bot.o [1]
  .bss                zero     0x2001eeac     0x10  usbh_msc_bot.o [1]
  .bss                zero     0x2001eebc     0x10  usbh_msc_scsi.o [1]
  .bss                zero     0x2001eecc      0xc  apptask.o [1]
  .bss                zero     0x2001eed8      0xc  apptask.o [1]
  .bss                zero     0x2001eee4      0xc  ff.o [1]
  .bss                zero     0x2001eef0      0xc  protocol.o [1]
  .bss                zero     0x2001eefc      0xc  protocol.o [1]
  .bss                zero     0x2001ef08      0xc  protocol.o [1]
  .bss                zero     0x2001ef14      0x8  heap_4.o [1]
  .bss                zero     0x2001ef1c      0x8  modbus.o [1]
  .bss                zero     0x2001ef24      0x8  protocol.o [1]
  .bss                zero     0x2001ef2c      0x4  apptask.o [1]
  .bss                zero     0x2001ef30      0x4  apptask.o [1]
  .bss                zero     0x2001ef34      0x4  apptask.o [1]
  .bss                zero     0x2001ef38      0x4  apptask.o [1]
  .bss                zero     0x2001ef3c      0x4  apptask.o [1]
  .bss                zero     0x2001ef40      0x4  apptask.o [1]
  .bss                zero     0x2001ef44      0x4  apptask.o [1]
  .bss                zero     0x2001ef48      0x4  apptask.o [1]
  .bss                zero     0x2001ef4c      0x4  apptask.o [1]
  .bss                zero     0x2001ef50      0x4  apptask.o [1]
  .bss                zero     0x2001ef54      0x4  apptask.o [1]
  .bss                zero     0x2001ef58      0x4  apptask.o [1]
  .bss                zero     0x2001ef5c      0x4  apptask.o [1]
  .bss                zero     0x2001ef60      0x4  apptask.o [1]
  .bss                zero     0x2001ef64      0x4  apptask.o [1]
  .bss                zero     0x2001ef68      0x4  apptask.o [1]
  .bss                zero     0x2001ef6c      0x4  apptask.o [1]
  .bss                zero     0x2001ef70      0x4  apptask.o [1]
  .bss                zero     0x2001ef74      0x4  apptask.o [1]
  .bss                zero     0x2001ef78      0x4  apptask.o [1]
  .bss                zero     0x2001ef7c      0x4  bsp_sdio_sd.o [1]
  .bss                zero     0x2001ef80      0x4  bsp_sdio_sd.o [1]
  .bss                zero     0x2001ef84      0x4  bsp_sdio_sd.o [1]
  .bss                zero     0x2001ef88      0x4  bsp_sdio_sd.o [1]
  .bss                zero     0x2001ef8c      0x4  bsp_sdio_sd.o [1]
  .bss                zero     0x2001ef90      0x4  bsp_timer.o [1]
  .bss                zero     0x2001ef94      0x4  bsp_timer.o [1]
  .bss                zero     0x2001ef98      0x4  bsp_timer.o [1]
  .bss                zero     0x2001ef9c      0x4  bsp_timer.o [1]
  .bss                zero     0x2001efa0      0x4  encoder.o [1]
  .bss                zero     0x2001efa4      0x4  encoder.o [1]
  .bss                zero     0x2001efa8      0x4  heap_4.o [1]
  .bss                zero     0x2001efac      0x4  heap_4.o [1]
  .bss                zero     0x2001efb0      0x4  heap_4.o [1]
  .bss                zero     0x2001efb4      0x4  heap_4.o [1]
  .bss                zero     0x2001efb8      0x4  port.o [1]
  .bss                zero     0x2001efbc      0x4  product_cal.o [1]
  .bss                zero     0x2001efc0      0x4  product_cal.o [1]
  .bss                zero     0x2001efc4      0x4  SysInfoTest.o [1]
  .bss                zero     0x2001efc8      0x4  tasks.o [1]
  .bss                zero     0x2001efcc      0x4  tasks.o [1]
  .bss                zero     0x2001efd0      0x4  tasks.o [1]
  .bss                zero     0x2001efd4      0x4  tasks.o [1]
  .bss                zero     0x2001efd8      0x4  tasks.o [1]
  .bss                zero     0x2001efdc      0x4  tasks.o [1]
  .bss                zero     0x2001efe0      0x4  tasks.o [1]
  .bss                zero     0x2001efe4      0x4  tasks.o [1]
  .bss                zero     0x2001efe8      0x4  tasks.o [1]
  .bss                zero     0x2001efec      0x4  tasks.o [1]
  .bss                zero     0x2001eff0      0x4  tasks.o [1]
  .bss                zero     0x2001eff4      0x4  tasks.o [1]
  .bss                zero     0x2001eff8      0x4  tasks.o [1]
  .bss                zero     0x2001effc      0x4  tasks.o [1]
  .bss                zero     0x2001f000      0x4  tasks.o [1]
  .bss                zero     0x2001f004      0x4  tasks.o [1]
  .bss                zero     0x2001f008      0x4  timers.o [1]
  .bss                zero     0x2001f00c      0x4  timers.o [1]
  .bss                zero     0x2001f010      0x4  timers.o [1]
  .bss                zero     0x2001f014      0x4  timers.o [1]
  .bss                zero     0x2001f018      0x4  usbh_msc_bot.o [1]
  .bss                zero     0x2001f01c      0x4  usbh_msc_bot.o [1]
  .bss                zero     0x2001f020      0x4  usbh_msc_bot.o [1]
  .bss                zero     0x2001f024      0x4  usbh_msc_bot.o [1]
  .bss                zero     0x2001f028      0x2  apptask.o [1]
  .bss                zero     0x2001f02a      0x2  apptask.o [1]
  .bss                zero     0x2001f02c      0x2  apptask.o [1]
  .bss                zero     0x2001f02e      0x2  apptask.o [1]
  .bss                zero     0x2001f030      0x2  bsp_sdwe050c17.o [1]
  .bss                zero     0x2001f032      0x2  encoder.o [1]
  .bss                zero     0x2001f034      0x2  encoder.o [1]
  .bss                zero     0x2001f036      0x2  encoder.o [1]
  .bss                zero     0x2001f038      0x2  encoder.o [1]
  .bss                zero     0x2001f03a      0x2  ff.o [1]
  .bss                zero     0x2001f03c      0x2  page_weimi.o [1]
  .bss                zero     0x2001f03e      0x2  page_weimi.o [1]
  .bss                zero     0x2001f040      0x2  product_cal.o [1]
  .bss                zero     0x2001f042      0x2  usbh_core.o [1]
  .bss                zero     0x2001f044      0x2  usbh_stdreq.o [1]
  .bss                zero     0x2001f046      0x1  apptask.o [1]
  .bss                zero     0x2001f047      0x1  apptask.o [1]
  .bss                zero     0x2001f048      0x1  apptask.o [1]
  .bss                zero     0x2001f049      0x1  apptask.o [1]
  .bss                zero     0x2001f04a      0x1  apptask.o [1]
  .bss                zero     0x2001f04b      0x1  apptask.o [1]
  .bss                zero     0x2001f04c      0x1  apptask.o [1]
  .bss                zero     0x2001f04d      0x1  apptask.o [1]
  .bss                zero     0x2001f04e      0x1  apptask.o [1]
  .bss                zero     0x2001f04f      0x1  apptask.o [1]
  .bss                zero     0x2001f050      0x1  apptask.o [1]
  .bss                zero     0x2001f051      0x1  apptask.o [1]
  .bss                zero     0x2001f052      0x1  bsp_sdio_sd.o [1]
  .bss                zero     0x2001f053      0x1  bsp_sdwe050c17.o [1]
  .bss                zero     0x2001f054      0x1  bsp_uart_fifo.o [1]
  .bss                zero     0x2001f055      0x1  encoder.o [1]
  .bss                zero     0x2001f056      0x1  encoder.o [1]
  .bss                zero     0x2001f057      0x1  encoder.o [1]
  .bss                zero     0x2001f058      0x1  page_weimi.o [1]
  .bss                zero     0x2001f059      0x1  page_weimi.o [1]
  .bss                zero     0x2001f05a      0x1  page_weimi.o [1]
  .bss                zero     0x2001f05b      0x1  page_weimi.o [1]
  .bss                zero     0x2001f05c      0x1  port.o [1]
  .bss                zero     0x2001f05d      0x1  product_cal.o [1]
  .bss                zero     0x2001f05e      0x1  product_cal.o [1]
  .bss                zero     0x2001f05f      0x1  product_cal.o [1]
  .bss                zero     0x2001f060      0x1  protocol.o [1]
  .bss                zero     0x2001f061      0x1  rc522.o [1]
  .bss                zero     0x2001f062      0x1  rc522.o [1]
  .bss                zero     0x2001f063      0x1  usbh_msc_bot.o [1]
  .bss                zero     0x2001f064      0x1  usbh_msc_core.o [1]
  .bss                zero     0x2001f065      0x1  usbh_msc_core.o [1]
  .bss                zero     0x2001f066      0x1  usbh_stdreq.o [1]
  .bss                zero     0x2001f067      0x1  usbh_usr.o [1]
  CSTACK                       0x2001f068    0x800  <Block>
    CSTACK            uninit   0x2001f068    0x800  <Block tail>
                             - 0x2001f868  0x1f868

Absolute sections:                         0xff000
  .bss                zero     0x68000000  0xf0000  malloc.o [1]
  .bss                zero     0x680f0000   0xf000  malloc.o [1]
                             - 0x680ff000  0xff000


*******************************************************************************
*** INIT TABLE
***

          Address     Size
          -------     ----
Zero (__iar_zero_init3)
    2 destination ranges, total size 0x11de24:
          0x20000244  0x1ee24
          0x68000000  0xff000

Copy/packbits (__iar_packbits_init3)
    1 source range, total size 0x123 (50% of destination):
          0x080459d0    0x123
    1 destination range, total size 0x244:
          0x20000000    0x244



*******************************************************************************
*** MODULE SUMMARY
***

    Module                    ro code  ro data  rw data    rw data
                                                            (abs)
    ------                    -------  -------  -------    -------
E:\WORK\YarnControl_Driver\YarnControl_Driver\src\stm32f4_rtos\Project\EWARMv7\Flash\Obj: [1]
    SysInfoTest.o                  60                 4
    apptask.o                  21 300    2 908      124
    bsp.o                          76
    bsp_closeSW.o                 212
    bsp_dwt.o                     116
    bsp_led.o                     192
    bsp_relay.o                    68
    bsp_sdio_sd.o               6 744               209
    bsp_sdwe050c17.o            5 468       36       55
    bsp_servomotor.o            1 164       10       20
    bsp_spi.o                     292
    bsp_stepmotor.o               620
    bsp_sw_onoff.o                104
    bsp_tim_pwm.o                 736
    bsp_timer.o                   516                16
    bsp_uart_fifo.o             2 532               241
    bsp_w25qxx.o                  896        9    4 098
    bsp_watchdog.o                  8
    cc936.o                       244  176 320
    demo_fatfs.o                           732       80
    diskio.o                      740
    encoder.o                     904                59
    event_groups.o                610
    ff.o                        9 368       36      562
    heap_4.o                      640        4   71 704
    list.o                        152
    main.o                         44       32
    malloc.o                      540       38   43 548  1 044 480
    mcheck.o                      184      768
    misc.o                        136
    modbus.o                      852                 8
    page_weimi.o                  596        1      309
    para.o                      4 322      272      152
    port.o                        588        6        9
    portasm.o                     168
    product_cal.o               1 316      400      105
    protocol.o                     68               509
    queue.o                     1 992
    rc522.o                       174                22
    startup_stm32f40_41xxx.o      676
    stm32f4xx_dma.o               796
    stm32f4xx_exti.o              192
    stm32f4xx_gpio.o              300
    stm32f4xx_it.o                 56       44
    stm32f4xx_iwdg.o               16
    stm32f4xx_rcc.o               488        8       16
    stm32f4xx_sdio.o              380
    stm32f4xx_spi.o               116
    stm32f4xx_syscfg.o             84
    stm32f4xx_tim.o             1 648
    stm32f4xx_usart.o             596
    system_stm32f4xx.o            340        2        4
    tasks.o                     3 072        8      404
    timers.o                    1 188        8       56
    usb_bsp.o                     332
    usb_core.o                  2 640
    usb_hcd.o                     214
    usb_hcd_int.o               3 198
    usbh_core.o                 1 888        8       18
    usbh_hcs.o                    442
    usbh_ioreq.o                  582
    usbh_it.o                      16
    usbh_msc_bot.o              1 364                81
    usbh_msc_core.o             1 000        8       94
    usbh_msc_scsi.o             1 560               529
    usbh_stdreq.o               1 078               515
    usbh_usr.o                    418      592    3 125
    --------------------------------------------------------------
    Total:                     89 422  182 250  126 676  1 044 480

command line: [2]
    --------------------------------------------------------------
    Total:

dl7M_tlf.a: [3]
    abort.o                         6
    div.o                          14
    errno.o                        12        2        4
    exit.o                          4
    isxxx.o                        40
    localeconv.o                  108       68      136
    printf.o                       36
    putchar.o                      12
    setlocale.o                    24       58      116
    sprintf.o                      52
    sscanf.o                       36
    strcat.o                       28
    strstr.o                       44
    tolower.o                      20
    xfiles.o                                32      144
    xlocale_c.o                    54
    xprintffull_nomb.o          3 478
    xprout.o                       22
    xscanffull_nomb.o           2 916
    xsprout.o                      10
    xsscin.o                       30
    xstoflt.o                     440
    xstoll.o                      164
    xstopfx.o                     292
    xstoull.o                     432
    xstoxflt.o                    536
    xtls.o                          2
    --------------------------------------------------------------
    Total:                      8 812      160      400

m7M_tls.a: [4]
    DblAdd.o                      232
    DblCmpEq.o                     32
    DblCmpGe.o                     46
    DblCmpLe.o                     46
    DblDiv.o                      598
    DblMul.o                      418
    DblSub.o                      384
    DblToFlt.o                    144
    DblToI32.o                     88
    FltToDbl.o                     78
    I32ToDbl.o                     48
    fpinit_M.o                     34
    xdnorm.o                       66
    xdscale.o                     276
    xdtento.o                     512
    xdunscal.o                     82
    xstold.o                      360
    --------------------------------------------------------------
    Total:                      3 444

rt7M_tl.a: [5]
    ABImemcpy_unaligned.o         118
    ABImemset.o                   102
    I64DivMod.o                   238
    I64DivZer.o                     2
    cexit.o                        10
    cmain.o                        26
    cstartup_M.o                   12
    data_init.o                    40
    memchr.o                       88
    memcmp_unaligned.o             98
    packbits_init.o               208
    strchr.o                       22
    strcmp_unaligned.o             66
    strcpy_unaligned.o             68
    strlen.o                       54
    zero_init3.o                   64
    --------------------------------------------------------------
    Total:                      1 216

shb_l.a: [6]
    exit.o                         20
    --------------------------------------------------------------
    Total:                         20

    Gaps                           44        6        4
    Linker created                          53    2 048
------------------------------------------------------------------
    Grand Total:              102 958  182 469  129 128  1 044 480


*******************************************************************************
*** ENTRY LIST
***

Entry                      Address     Size  Type      Object
-----                      -------     ----  ----      ------
.iar.init_table$$Base   0x08044c88            --   Gb  - Linker created -
.iar.init_table$$Limit  0x08044cbc            --   Gb  - Linker created -
?main                   0x080450e1           Code  Gb  cmain.o [5]
APBAHBPrescTable        0x20000204     0x10  Data  Lc  stm32f4xx_rcc.o [1]
AppObjCreate            0x0802f86d    0x180  Code  Gb  apptask.o [1]
AppTaskCreate           0x0802f701    0x16c  Code  Gb  apptask.o [1]
BOTStallErrorCount      0x2001f018      0x4  Data  Lc  usbh_msc_bot.o [1]
BusFault_Handler        0x080449e3      0x2  Code  Gb  stm32f4xx_it.o [1]
CID_Tab                 0x2001ee8c     0x10  Data  Lc  bsp_sdio_sd.o [1]
CRC16HiTable            0x08044298    0x100  Data  Gb  mcheck.o [1]
CRC16LoTable            0x08044398    0x100  Data  Gb  mcheck.o [1]
CRC8Table               0x08044498    0x100  Data  Gb  mcheck.o [1]
CSD_Tab                 0x2001ee7c     0x10  Data  Lc  bsp_sdio_sd.o [1]
CSTACK$$Base            0x2001f068            --   Gb  - Linker created -
CSTACK$$Limit           0x2001f868            --   Gb  - Linker created -
CardType                0x2001ef7c      0x4  Data  Lc  bsp_sdio_sd.o [1]
CmdError                0x0803f389     0x38  Code  Lc  bsp_sdio_sd.o [1]
CmdResp1Error           0x0803f42d    0x112  Code  Lc  bsp_sdio_sd.o [1]
CmdResp2Error           0x0803f57d     0x52  Code  Lc  bsp_sdio_sd.o [1]
CmdResp3Error           0x0803f53f     0x3e  Code  Lc  bsp_sdio_sd.o [1]
CmdResp6Error           0x0803f5cf     0xa6  Code  Lc  bsp_sdio_sd.o [1]
CmdResp7Error           0x0803f3c1     0x58  Code  Lc  bsp_sdio_sd.o [1]
ConfigExitNVIC          0x08044603     0x22  Code  Gb  bsp_closeSW.o [1]
ConfigUartNVIC          0x0803a53b     0x7c  Code  Lc  bsp_uart_fifo.o [1]
DIFF_G_init             0x08033d09     0x78  Code  Gb  bsp_servomotor.o [1]
DMA1_Stream0_IRQHandler
                        0x0803407d     0x1c  Code  Gb  bsp_servomotor.o [1]
DMA1_Stream3_IRQHandler
                        0x08034099     0x1c  Code  Gb  bsp_servomotor.o [1]
DMA2_Stream3_IRQHandler
                        0x0803fc71      0x8  Code  Gb  bsp_sdio_sd.o [1]
DMAEndOfTransfer        0x2001ef8c      0x4  Data  Gb  bsp_sdio_sd.o [1]
DMA_ClearFlag           0x0803bf0f     0x24  Code  Gb  stm32f4xx_dma.o [1]
DMA_Cmd                 0x0803bec5     0x1a  Code  Gb  stm32f4xx_dma.o [1]
DMA_DeInit              0x0803bd2d    0x140  Code  Gb  stm32f4xx_dma.o [1]
DMA_FlowControllerConfig
                        0x0803bedf     0x18  Code  Gb  stm32f4xx_dma.o [1]
DMA_GetCmdStatus        0x0803bef7     0x18  Code  Gb  stm32f4xx_dma.o [1]
DMA_GetITStatus         0x0803bf75     0x62  Code  Gb  stm32f4xx_dma.o [1]
DMA_ITConfig            0x0803bf33     0x42  Code  Gb  stm32f4xx_dma.o [1]
DMA_Init                0x0803be6d     0x58  Code  Gb  stm32f4xx_dma.o [1]
DebugMon_Handler        0x080449e7      0x2  Code  Gb  stm32f4xx_it.o [1]
DiskFile_init           0x080373f5     0x40  Code  Gb  protocol.o [1]
Disk_File               0x2001e7a4     0xd4  Data  Gb  protocol.o [1]
EXTI9_5_IRQHandler      0x08044625     0x3c  Code  Gb  bsp_closeSW.o [1]
EXTI_ClearITPendingBit  0x08044763      0x6  Code  Gb  stm32f4xx_exti.o [1]
EXTI_GetITStatus        0x08044749     0x1a  Code  Gb  stm32f4xx_exti.o [1]
EXTI_Init               0x080446c1     0x88  Code  Gb  stm32f4xx_exti.o [1]
Encoder_Cap_Init        0x08038f25     0xd0  Code  Gb  encoder.o [1]
FR_Table                0x200000fc     0x50  Data  Gb  demo_fatfs.o [1]
FatFs                   0x2001eee4      0xc  Data  Lc  ff.o [1]
Files                   0x2001ed40     0x24  Data  Lc  ff.o [1]
FindSCR                 0x0803f81d    0x206  Code  Lc  bsp_sdio_sd.o [1]
Freq                    0x2001ecf0     0x28  Data  Gb  encoder.o [1]
Freq_Sample             0x08038ff5     0xc2  Code  Gb  encoder.o [1]
Freq_ptr1               0x2001f056      0x1  Data  Gb  encoder.o [1]
Freq_ptr2               0x2001f057      0x1  Data  Gb  encoder.o [1]
Freq_value              0x2001efa4      0x4  Data  Gb  encoder.o [1]
Fsid                    0x2001f03a      0x2  Data  Lc  ff.o [1]
GPIO_Init               0x0803851d     0xaa  Code  Gb  stm32f4xx_gpio.o [1]
GPIO_PinAFConfig        0x080385ef     0x5a  Code  Gb  stm32f4xx_gpio.o [1]
GPIO_ReadInputDataBit   0x080385c7     0x1a  Code  Gb  stm32f4xx_gpio.o [1]
GPIO_WriteBit           0x080385e1      0xe  Code  Gb  stm32f4xx_gpio.o [1]
GetDeviceState          0x080373c1     0x2e  Code  Gb  bsp_sw_onoff.o [1]
HCD_GetCurrentFrame     0x0803c2ad      0x8  Code  Gb  usb_hcd.o [1]
HCD_GetCurrentSpeed     0x0803c28f     0x10  Code  Gb  usb_hcd.o [1]
HCD_GetURB_State        0x0803c2b5      0xa  Code  Gb  usb_hcd.o [1]
HCD_GetXferCnt          0x0803c2bf      0xc  Code  Gb  usb_hcd.o [1]
HCD_Init                0x0803c21d     0x72  Code  Gb  usb_hcd.o [1]
HCD_ResetPort           0x0803c29f      0xe  Code  Gb  usb_hcd.o [1]
HCD_SubmitRequest       0x0803c2cb     0x28  Code  Gb  usb_hcd.o [1]
HardFault_Handler       0x080449b3     0x22  Code  Gb  stm32f4xx_it.o [1]
IWDG_Feed               0x080399b5      0x8  Code  Gb  bsp_watchdog.o [1]
IWDG_ReloadCounter      0x0803d04d      0xa  Code  Gb  stm32f4xx_iwdg.o [1]
InStream_Read           0x08044781     0x22  Code  Lc  packbits_init.o [5]
InitHardUart            0x0803a179    0x3c2  Code  Lc  bsp_uart_fifo.o [1]
Init_JINGSHA_GUI        0x080311cb    0x122  Code  Gb  bsp_sdwe050c17.o [1]
JingSha_File            0x2001ebb8     0x58  Data  Gb  protocol.o [1]
LfnBuf                  0x2001df9c    0x200  Data  Lc  ff.o [1]
LfnOfs                  0x080454fc     0x10  Data  Lc  ff.o [1]
LoadInt                 0x0803b3a1     0x6e  Code  Lc  xprintffull_nomb.o [3]
MSCErrorCount           0x2001f064      0x1  Data  Gb  usbh_msc_core.o [1]
MSC_Machine             0x2001eb10     0x4c  Data  Gb  usbh_msc_core.o [1]
MSG_DEV_ATTACHED        0x0804528c     0x18  Data  Gb  usbh_usr.o [1]
MSG_DEV_DISCONNECTED    0x080452a4     0x18  Data  Gb  usbh_usr.o [1]
MSG_DEV_ENUMERATED      0x0804508c     0x1c  Data  Gb  usbh_usr.o [1]
MSG_DEV_ERROR           0x080453a8     0x14  Data  Gb  usbh_usr.o [1]
MSG_DEV_FULLSPEED       0x08044efc     0x20  Data  Gb  usbh_usr.o [1]
MSG_DEV_HIGHSPEED       0x08044edc     0x20  Data  Gb  usbh_usr.o [1]
MSG_DEV_LOWSPEED        0x08044f1c     0x20  Data  Gb  usbh_usr.o [1]
MSG_HID_CLASS           0x080450a8     0x1c  Data  Gb  usbh_usr.o [1]
MSG_MSC_CLASS           0x08044c40     0x24  Data  Gb  usbh_usr.o [1]
MSG_UNREC_ERROR         0x080450c4     0x1c  Data  Gb  usbh_usr.o [1]
MemManage_Handler       0x080449e1      0x2  Code  Gb  stm32f4xx_it.o [1]
MotorProcess            0x2001edc8     0x14  Data  Gb  page_weimi.o [1]
MotorStepCount          0x08033999     0x62  Code  Gb  page_weimi.o [1]
NMI_Handler             0x080449b1      0x2  Code  Gb  stm32f4xx_it.o [1]
NVIC_Init               0x0803c053     0x6a  Code  Gb  misc.o [1]
NVIC_PriorityGroupConfig
                        0x0803c049      0xa  Code  Gb  misc.o [1]
OTG_FS_IRQHandler       0x0804557d     0x10  Code  Gb  usbh_it.o [1]
PendSV_Handler          0x0803d05d           Code  Gb  portasm.o [1]
RCA                     0x2001ef80      0x4  Data  Lc  bsp_sdio_sd.o [1]
RCC_AHB1PeriphClockCmd  0x0803a023     0x22  Code  Gb  stm32f4xx_rcc.o [1]
RCC_AHB2PeriphClockCmd  0x0803a045     0x1e  Code  Gb  stm32f4xx_rcc.o [1]
RCC_APB1PeriphClockCmd  0x0803a063     0x1e  Code  Gb  stm32f4xx_rcc.o [1]
RCC_APB1PeriphResetCmd  0x0803a09f     0x1e  Code  Gb  stm32f4xx_rcc.o [1]
RCC_APB2PeriphClockCmd  0x0803a081     0x1e  Code  Gb  stm32f4xx_rcc.o [1]
RCC_APB2PeriphResetCmd  0x0803a0bd     0x1e  Code  Gb  stm32f4xx_rcc.o [1]
RCC_GetClocksFreq       0x08039f21    0x102  Code  Gb  stm32f4xx_rcc.o [1]
RS485_InitTXE           0x0803a145     0x34  Code  Gb  bsp_uart_fifo.o [1]
RS485_sendbuf           0x0803a985     0x3c  Code  Gb  bsp_uart_fifo.o [1]
ReadValue1              0x2001f032      0x2  Data  Gb  encoder.o [1]
ReadValue2              0x2001f034      0x2  Data  Gb  encoder.o [1]
Region$$Table$$Base     0x08044c88            --   Gb  - Linker created -
Region$$Table$$Limit    0x08044cbc            --   Gb  - Linker created -
SDCardInfo              0x2001eb60     0x58  Data  Gb  bsp_sdio_sd.o [1]
SDEnWideBus             0x0803f681    0x198  Code  Lc  bsp_sdio_sd.o [1]
SDIO_ClearFlag          0x08041461      0x6  Code  Gb  stm32f4xx_sdio.o [1]
SDIO_ClearITPendingBit  0x08041481      0x6  Code  Gb  stm32f4xx_sdio.o [1]
SDIO_ClockCmd           0x0804138f      0x8  Code  Gb  stm32f4xx_sdio.o [1]
SDIO_CmdInitStructure   0x2001edb4     0x14  Data  Gb  bsp_sdio_sd.o [1]
SDIO_DMACmd             0x08041421      0x8  Code  Gb  stm32f4xx_sdio.o [1]
SDIO_DataConfig         0x080413ed     0x2e  Code  Gb  stm32f4xx_sdio.o [1]
SDIO_DataInitStructure  0x2001ed9c     0x18  Data  Gb  bsp_sdio_sd.o [1]
SDIO_DeInit             0x0804134d     0x18  Code  Gb  stm32f4xx_sdio.o [1]
SDIO_GetCommandResponse
                        0x080413cf      0x8  Code  Gb  stm32f4xx_sdio.o [1]
SDIO_GetFlagStatus      0x08041447     0x1a  Code  Gb  stm32f4xx_sdio.o [1]
SDIO_GetITStatus        0x08041467     0x1a  Code  Gb  stm32f4xx_sdio.o [1]
SDIO_GetPowerState      0x0804139d      0xa  Code  Gb  stm32f4xx_sdio.o [1]
SDIO_GetResponse        0x080413d7     0x16  Code  Gb  stm32f4xx_sdio.o [1]
SDIO_IRQHandler         0x0803fc69      0x8  Code  Gb  bsp_sdio_sd.o [1]
SDIO_ITConfig           0x08041429     0x1e  Code  Gb  stm32f4xx_sdio.o [1]
SDIO_Init               0x08041365     0x2a  Code  Gb  stm32f4xx_sdio.o [1]
SDIO_InitStructure      0x2001ed84     0x18  Data  Gb  bsp_sdio_sd.o [1]
SDIO_Interrupts_Config  0x0803fc2d     0x3c  Code  Gb  bsp_sdio_sd.o [1]
SDIO_ReadData           0x0804141b      0x6  Code  Gb  stm32f4xx_sdio.o [1]
SDIO_SendCommand        0x080413a7     0x28  Code  Gb  stm32f4xx_sdio.o [1]
SDIO_SetPowerState      0x08041397      0x6  Code  Gb  stm32f4xx_sdio.o [1]
SDWE_WARNNING           0x0803145d     0x2a  Code  Gb  bsp_sdwe050c17.o [1]
SD_Detect               0x0803e325     0x22  Code  Gb  bsp_sdio_sd.o [1]
SD_EnableWideBusOperation
                        0x0803eb21     0xc8  Code  Gb  bsp_sdio_sd.o [1]
SD_GetCardInfo          0x0803e735    0x3ec  Code  Gb  bsp_sdio_sd.o [1]
SD_GetState             0x0803e2fb     0x2a  Code  Gb  bsp_sdio_sd.o [1]
SD_GetStatus            0x0803e2d9     0x22  Code  Gb  bsp_sdio_sd.o [1]
SD_Init                 0x0803e221     0xb8  Code  Gb  bsp_sdio_sd.o [1]
SD_InitializeCards      0x0803e593    0x1a2  Code  Gb  bsp_sdio_sd.o [1]
SD_LowLevel_DMA_RxConfig
                        0x0803fb77     0x8e  Code  Gb  bsp_sdio_sd.o [1]
SD_LowLevel_DMA_TxConfig
                        0x0803fae9     0x8e  Code  Gb  bsp_sdio_sd.o [1]
SD_LowLevel_Init        0x0803fa25     0xbc  Code  Gb  bsp_sdio_sd.o [1]
SD_PowerON              0x0803e347    0x24c  Code  Gb  bsp_sdio_sd.o [1]
SD_ProcessDMAIRQ        0x0803f365     0x22  Code  Gb  bsp_sdio_sd.o [1]
SD_ProcessIRQSrc        0x0803f2b7     0xae  Code  Gb  bsp_sdio_sd.o [1]
SD_ReadBlock            0x0803ec21    0x108  Code  Gb  bsp_sdio_sd.o [1]
SD_ReadMultiBlocks      0x0803ed29    0x134  Code  Gb  bsp_sdio_sd.o [1]
SD_SelectDeselect       0x0803ebe9     0x38  Code  Gb  bsp_sdio_sd.o [1]
SD_SendStatus           0x0803f249     0x6e  Code  Gb  bsp_sdio_sd.o [1]
SD_StopTransfer         0x0803f201     0x44  Code  Gb  bsp_sdio_sd.o [1]
SD_WaitReadOperation    0x0803ee61     0x96  Code  Gb  bsp_sdio_sd.o [1]
SD_WriteBlock           0x0803ef01    0x11e  Code  Gb  bsp_sdio_sd.o [1]
SD_WriteMultiBlocks     0x0803f02d    0x1cc  Code  Gb  bsp_sdio_sd.o [1]
SPI1_Init               0x0803acf1     0xc0  Code  Gb  bsp_spi.o [1]
SPI1_ReadWriteByte      0x0803add9     0x32  Code  Gb  bsp_spi.o [1]
SPI1_SetSpeed           0x0803adb1     0x28  Code  Gb  bsp_spi.o [1]
SPI_Cmd                 0x0803d399     0x1c  Code  Gb  stm32f4xx_spi.o [1]
SPI_I2S_GetFlagStatus   0x0803d3b5     0x18  Code  Gb  stm32f4xx_spi.o [1]
SPI_Init                0x0803d359     0x40  Code  Gb  stm32f4xx_spi.o [1]
SRC_Buffer              0x200001f0     0x14  Data  Gb  bsp_servomotor.o [1]
SVC_Handler             0x0803d0b5           Code  Gb  portasm.o [1]
SYSCFG_EXTILineConfig   0x0804466d     0x50  Code  Gb  stm32f4xx_syscfg.o [1]
Sdwe_ClearReadDisk      0x08031533     0x20  Code  Gb  bsp_sdwe050c17.o [1]
Sdwe_change_class_time  0x08031bd5     0x30  Code  Gb  bsp_sdwe050c17.o [1]
Sdwe_clearString        0x08031487     0x54  Code  Gb  bsp_sdwe050c17.o [1]
Sdwe_clear_filename     0x08031583     0x60  Code  Gb  bsp_sdwe050c17.o [1]
Sdwe_disDigi            0x08031337     0xa4  Code  Gb  bsp_sdwe050c17.o [1]
Sdwe_disPicture         0x080312ed     0x4a  Code  Gb  bsp_sdwe050c17.o [1]
Sdwe_disString          0x080313db     0x82  Code  Gb  bsp_sdwe050c17.o [1]
Sdwe_hidden_page        0x08031c6d     0x30  Code  Gb  bsp_sdwe050c17.o [1]
Sdwe_peiliao_page       0x08031a21    0x192  Code  Gb  bsp_sdwe050c17.o [1]
Sdwe_period_page        0x08031c05     0x68  Code  Gb  bsp_sdwe050c17.o [1]
Sdwe_product_page       0x0803181f    0x1fa  Code  Gb  bsp_sdwe050c17.o [1]
Sdwe_ratio_display      0x08031bb3     0x22  Code  Gb  bsp_sdwe050c17.o [1]
Sdwe_readRTC            0x08031553     0x30  Code  Gb  bsp_sdwe050c17.o [1]
Sdwe_refresh_allname    0x080317d7     0x48  Code  Gb  bsp_sdwe050c17.o [1]
Sdwe_refresh_filename   0x080315e3    0x1f4  Code  Gb  bsp_sdwe050c17.o [1]
Sdwe_stop_page          0x08031c9d    0x380  Code  Gb  bsp_sdwe050c17.o [1]
Sdwe_writeIcon          0x080314db     0x58  Code  Gb  bsp_sdwe050c17.o [1]
ServoMotorRunning       0x0803405b     0x22  Code  Gb  bsp_servomotor.o [1]
SetSysClock             0x08044197     0xce  Code  Lc  system_stm32f4xx.o [1]
SlavePara               0x2001e878     0xa4  Data  Gb  protocol.o [1]
StepMotor_adjust_speed  0x08038e81     0x36  Code  Gb  bsp_stepmotor.o [1]
StepMotor_start         0x08038ee3     0x2c  Code  Gb  bsp_stepmotor.o [1]
StepMotor_stop          0x08038eb7     0x2c  Code  Gb  bsp_stepmotor.o [1]
StopCondition           0x2001ef84      0x4  Data  Gb  bsp_sdio_sd.o [1]
SysTick_Handler         0x08039b43     0x2c  Code  Gb  port.o [1]
SystemCoreClock         0x20000234      0x4  Data  Gb  system_stm32f4xx.o [1]
SystemInit              0x08044145     0x52  Code  Gb  system_stm32f4xx.o [1]
TI1_Config              0x08038bbd     0x38  Code  Lc  stm32f4xx_tim.o [1]
TI2_Config              0x08038bf5     0x42  Code  Lc  stm32f4xx_tim.o [1]
TI3_Config              0x08038c37     0x40  Code  Lc  stm32f4xx_tim.o [1]
TI4_Config              0x08038c77     0x42  Code  Lc  stm32f4xx_tim.o [1]
TIM1_PWM_SETPMOTOR      0x08038e13     0x6e  Code  Gb  bsp_stepmotor.o [1]
TIM2_IRQHandler         0x0803ac2d     0xac  Code  Gb  bsp_timer.o [1]
TIM3CH2_CAPTURE_STA     0x2001f055      0x1  Data  Gb  encoder.o [1]
TIM3CH2_CAPTURE_VAL     0x2001efa0      0x4  Data  Gb  encoder.o [1]
TIM3_IRQHandler         0x080391a5     0xc0  Code  Gb  encoder.o [1]
TIM3_PWM_SETPMOTOR      0x08038dad     0x66  Code  Gb  bsp_stepmotor.o [1]
TIM4_CH1_ConfigPwmOut   0x08033c51     0x1c  Code  Gb  bsp_servomotor.o [1]
TIM4_CH1_GPIO_Configuration
                        0x08033cc7     0x42  Code  Gb  bsp_servomotor.o [1]
TIM4_CH1_PWMDMA_Config  0x08033e47     0xb0  Code  Gb  bsp_servomotor.o [1]
TIM4_CH1_StartPwmOut    0x08033c6d     0x2c  Code  Gb  bsp_servomotor.o [1]
TIM4_CH1_StopPwmOut     0x08033c99     0x2e  Code  Gb  bsp_servomotor.o [1]
TIM4_CH2_ConfigPwmOut   0x08033ef7     0x1c  Code  Gb  bsp_servomotor.o [1]
TIM4_CH2_GPIO_Configuration
                        0x08033f6d     0x3e  Code  Gb  bsp_servomotor.o [1]
TIM4_CH2_PWMDMA_Config  0x08033fab     0xb0  Code  Gb  bsp_servomotor.o [1]
TIM4_CH2_StartPwmOut    0x08033f13     0x2c  Code  Gb  bsp_servomotor.o [1]
TIM4_CH2_StopPwmOut     0x08033f3f     0x2e  Code  Gb  bsp_servomotor.o [1]
TIM4_PWM_Config         0x08033d81     0xc6  Code  Gb  bsp_servomotor.o [1]
TIM6_DAC_IRQHandler     0x0804494f     0x22  Code  Gb  SysInfoTest.o [1]
TIM8_CC_IRQHandler      0x080390b7     0xee  Code  Gb  encoder.o [1]
TIM_ARRPreloadConfig    0x0803882f     0x1c  Code  Gb  stm32f4xx_tim.o [1]
TIM_CallBack1           0x0802fa09     0x44  Code  Gb  apptask.o [1]
TIM_ClearITPendingBit   0x08038b9f      0x8  Code  Gb  stm32f4xx_tim.o [1]
TIM_Cmd                 0x0803884b     0x1c  Code  Gb  stm32f4xx_tim.o [1]
TIM_CtrlPWMOutputs      0x08038b35     0x22  Code  Gb  stm32f4xx_tim.o [1]
TIM_DMACmd              0x08038ba7     0x16  Code  Gb  stm32f4xx_tim.o [1]
TIM_DeInit              0x08038649    0x17c  Code  Gb  stm32f4xx_tim.o [1]
TIM_GetITStatus         0x08038b6d     0x32  Code  Gb  stm32f4xx_tim.o [1]
TIM_ICInit              0x08038a79     0x70  Code  Gb  stm32f4xx_tim.o [1]
TIM_ITConfig            0x08038b57     0x16  Code  Gb  stm32f4xx_tim.o [1]
TIM_OC1Init             0x08038867     0x7e  Code  Gb  stm32f4xx_tim.o [1]
TIM_OC2Init             0x080388e5     0x8c  Code  Gb  stm32f4xx_tim.o [1]
TIM_OC2PreloadConfig    0x08038a53     0x14  Code  Gb  stm32f4xx_tim.o [1]
TIM_OC3Init             0x08038971     0x8a  Code  Gb  stm32f4xx_tim.o [1]
TIM_OC3PreloadConfig    0x08038a67     0x12  Code  Gb  stm32f4xx_tim.o [1]
TIM_OCStructInit        0x08038a31     0x22  Code  Gb  stm32f4xx_tim.o [1]
TIM_SetIC1Prescaler     0x08038ae9     0x12  Code  Gb  stm32f4xx_tim.o [1]
TIM_SetIC2Prescaler     0x08038afb     0x14  Code  Gb  stm32f4xx_tim.o [1]
TIM_SetIC3Prescaler     0x08038b0f     0x12  Code  Gb  stm32f4xx_tim.o [1]
TIM_SetIC4Prescaler     0x08038b21     0x14  Code  Gb  stm32f4xx_tim.o [1]
TIM_TimeBaseInit        0x080387c5     0x6a  Code  Gb  stm32f4xx_tim.o [1]
Task_iwdg_refresh       0x0802fc31     0x8a  Code  Gb  apptask.o [1]
TransferEnd             0x2001ef88      0x4  Data  Gb  bsp_sdio_sd.o [1]
TransferError           0x2001f052      0x1  Data  Gb  bsp_sdio_sd.o [1]
UART1ToPC               0x0803a925     0x30  Code  Gb  bsp_uart_fifo.o [1]
UART2ToPC               0x0803a955     0x30  Code  Gb  bsp_uart_fifo.o [1]
UART2_RX_BUF            0x2001eaac     0x64  Data  Gb  bsp_uart_fifo.o [1]
UART3ToPC               0x0803a9c1     0x30  Code  Gb  bsp_uart_fifo.o [1]
UART4ToPC               0x0803a9f1     0x30  Code  Gb  bsp_uart_fifo.o [1]
UART4_IRQHandler        0x0803a837     0x84  Code  Gb  bsp_uart_fifo.o [1]
UART4_RX_BUF            0x2001ea48     0x64  Data  Gb  bsp_uart_fifo.o [1]
UART5ToPC               0x0803aa21     0x30  Code  Gb  bsp_uart_fifo.o [1]
UART5_IRQHandler        0x0803a8bb     0x6a  Code  Gb  bsp_uart_fifo.o [1]
USART1_IRQHandler       0x0803a7a7     0x1e  Code  Gb  bsp_uart_fifo.o [1]
USART2_IRQHandler       0x0803a7c5     0x68  Code  Gb  bsp_uart_fifo.o [1]
USART3_IRQHandler       0x0803a82d      0xa  Code  Gb  bsp_uart_fifo.o [1]
USART_ClearFlag         0x0803d2b7      0xc  Code  Gb  stm32f4xx_usart.o [1]
USART_ClearITPendingBit
                        0x0803d333     0x26  Code  Gb  stm32f4xx_usart.o [1]
USART_Cmd               0x0803d201     0x1c  Code  Gb  stm32f4xx_usart.o [1]
USART_DMACmd            0x0803d22d     0x16  Code  Gb  stm32f4xx_usart.o [1]
USART_GetFlagStatus     0x0803d299     0x1e  Code  Gb  stm32f4xx_usart.o [1]
USART_GetITStatus       0x0803d2c3     0x70  Code  Gb  stm32f4xx_usart.o [1]
USART_ITConfig          0x0803d243     0x56  Code  Gb  stm32f4xx_usart.o [1]
USART_Init              0x0803d105     0xee  Code  Gb  stm32f4xx_usart.o [1]
USART_ReceiveData       0x0803d225      0x8  Code  Gb  stm32f4xx_usart.o [1]
USART_SendData          0x0803d21d      0x8  Code  Gb  stm32f4xx_usart.o [1]
USBH_Alloc_Channel      0x0803c40d     0x2e  Code  Gb  usbh_hcs.o [1]
USBH_BulkReceiveData    0x0803cab1     0x62  Code  Gb  usbh_ioreq.o [1]
USBH_BulkSendData       0x0803ca4f     0x62  Code  Gb  usbh_ioreq.o [1]
USBH_CfgDesc            0x2001e39c    0x200  Data  Gb  usbh_stdreq.o [1]
USBH_ClrFeature         0x0803c657     0x4c  Code  Gb  usbh_stdreq.o [1]
[...]
fputc                   0x0803aa51     0x22  Code  Gb  bsp_uart_fifo.o [1]
from_speed_step         0x08033b1d     0x4a  Code  Gb  page_weimi.o [1]
g_tUart3                0x2001ecc8     0x28  Data  Gb  bsp_uart_fifo.o [1]
gen_numname             0x08035641     0xec  Code  Lc  ff.o [1]
get_card_type           0x080329e7     0xe4  Code  Gb  product_cal.o [1]
get_class_time          0x080328ef     0x7a  Code  Gb  product_cal.o [1]
get_fat                 0x08034e07    0x11c  Code  Gb  ff.o [1]
get_fattime             0x0803cdf3      0x4  Code  Gb  diskio.o [1]
get_fileinfo            0x08035abd    0x13c  Code  Lc  ff.o [1]
get_float_1bit          0x080328cd     0x22  Code  Gb  product_cal.o [1]
get_ldnumber            0x08035fa3     0x50  Code  Lc  ff.o [1]
get_main_speed          0x08033aeb     0x32  Code  Gb  page_weimi.o [1]
get_period_state        0x08032969     0x54  Code  Gb  product_cal.o [1]
get_valid_length        0x0803269d     0x26  Code  Gb  bsp_sdwe050c17.o [1]
get_valid_seg           0x08033b67     0x48  Code  Gb  page_weimi.o [1]
get_weimi_para          0x08033aa1     0x4a  Code  Gb  page_weimi.o [1]
hex_to_decimal          0x080326c3     0x26  Code  Gb  bsp_sdwe050c17.o [1]
idwgEventGroup          0x2001ef70      0x4  Data  Gb  apptask.o [1]
inc_card_type           0x08032ad5    0x11c  Code  Gb  product_cal.o [1]
inc_lock                0x08034b07     0xe8  Code  Lc  ff.o [1]
init_peiliao_para       0x080327a9     0x50  Code  Gb  product_cal.o [1]
init_product_para       0x080326e9     0xc0  Code  Gb  product_cal.o [1]
init_weimi_para         0x080339fb     0xa6  Code  Gb  page_weimi.o [1]
input_password_buf      0x2001eef0      0xc  Data  Gb  protocol.o [1]
input_password_len      0x2001f060      0x1  Data  Gb  protocol.o [1]
isDevicePeriod          0x2001f04e      0x1  Data  Gb  apptask.o [1]
isWork                  0x2001f047      0x1  Data  Gb  apptask.o [1]
is_same_data            0x080329bd     0x2a  Code  Gb  product_cal.o [1]
is_stop                 0x2001f05a      0x1  Data  Gb  page_weimi.o [1]
isalpha                 0x080414c9     0x14  Code  Gb  isxxx.o [3]
isspace                 0x080414dd     0x14  Code  Gb  isxxx.o [3]
lcd_busy                0x2001f053      0x1  Data  Gb  bsp_sdwe050c17.o [1]
lcd_rev_buf             0x2001ec60     0x34  Data  Gb  bsp_sdwe050c17.o [1]
lcd_rev_len             0x2001f030      0x2  Data  Gb  bsp_sdwe050c17.o [1]
ld_clust                0x08035431     0x28  Code  Lc  ff.o [1]
localeconv              0x0803d71b     0x16  Code  Gb  localeconv.o [3]
m_ctrl_dev              0x2001ef1c      0x8  Data  Gb  modbus.o [1]
main                    0x08044b2d     0x2c  Code  Gb  main.o [1]
mallco_dev              0x200001d4     0x1c  Data  Gb  malloc.o [1]
mb_init                 0x0803726d     0x30  Code  Gb  modbus.o [1]
mb_packsend_frame       0x0803717b     0xf2  Code  Gb  modbus.o [1]
mb_unpack_frame         0x08037039    0x142  Code  Gb  modbus.o [1]
mc_check_crc16          0x0803cf6d     0x40  Code  Gb  mcheck.o [1]
mc_check_crc8           0x0803cf49     0x24  Code  Gb  mcheck.o [1]
mc_check_sum            0x0803cf01     0x2e  Code  Gb  mcheck.o [1]
mc_check_xor            0x0803cf2f     0x1a  Code  Gb  mcheck.o [1]
mem1base                0x20011a44   0xa000  Data  Gb  malloc.o [1]
mem1mapbase             0x2001ca44    0xa00  Data  Gb  malloc.o [1]
mem2base                0x68000000  0xf0000  Data  Gb  malloc.o [1]
mem2mapbase             0x680f0000   0xf000  Data  Gb  malloc.o [1]
mem_cmp                 0x08034a13     0x24  Code  Lc  ff.o [1]
mem_cpy                 0x080349e1     0x1c  Code  Lc  ff.o [1]
mem_set                 0x080349fd     0x16  Code  Lc  ff.o [1]
memblksize              0x080457fc      0x8  Data  Gb  malloc.o [1]
memchr                  0x0803d3e5           Code  Gb  memchr.o [5]
memsize                 0x08045804      0x8  Data  Gb  malloc.o [1]
memtblsize              0x080457f4      0x8  Data  Gb  malloc.o [1]
modbus_send_frame       0x0803729d     0xe6  Code  Gb  modbus.o [1]
move_window             0x08034cd5     0x40  Code  Lc  ff.o [1]
my_mem_free             0x0803329b     0x6c  Code  Gb  malloc.o [1]
my_mem_init             0x0803315f     0x42  Code  Gb  malloc.o [1]
my_mem_malloc           0x080331df     0xbc  Code  Gb  malloc.o [1]
my_mem_perused          0x080331a1     0x3e  Code  Gb  malloc.o [1]
myfree                  0x08033307     0x24  Code  Gb  malloc.o [1]
mymalloc                0x0803332b     0x2a  Code  Gb  malloc.o [1]
mymemset                0x08033149     0x16  Code  Gb  malloc.o [1]
ndigs                   0x0804171c     0x28  Data  Lc  xstoull.o [3]
obuf                    0x2001ec10     0x50  Data  Lc  xfiles.o [3]
oem2uni                 0x0801560c  0x15484  Data  Lc  cc936.o [1]
old_card_record         0x2001f04c      0x1  Data  Gb  apptask.o [1]
old_isWork              0x2001f048      0x1  Data  Gb  apptask.o [1]
old_is_stop             0x20000242      0x1  Data  Gb  page_weimi.o [1]
old_plan_complete       0x2001f05e      0x1  Data  Gb  product_cal.o [1]
old_usb_disk_flag       0x2001f04a      0x1  Data  Gb  apptask.o [1]
para_init               0x080376ad     0x82  Code  Gb  para.o [1]
pcInterruptPriorityRegisters
                        0x080458c0      0x4  Data  Lc  port.o [1]
peiliao_para            0x2001ec94     0x34  Data  Gb  product_cal.o [1]
pick_lfn                0x08035527     0x8c  Code  Lc  ff.o [1]
plan_complete           0x2001f05d      0x1  Data  Gb  product_cal.o [1]
pluse_count             0x2001f02a      0x2  Data  Gb  apptask.o [1]
pows                    0x08041dd0     0x48  Data  Lc  xdtento.o [4]
printf                  0x08033069     0x24  Code  Gb  printf.o [3]
product_complete_kilo   0x0803289d     0x30  Code  Gb  product_cal.o [1]
product_complete_meter  0x0803288b     0x12  Code  Gb  product_cal.o [1]
product_para            0x2001ed18     0x28  Data  Gb  product_cal.o [1]
product_per_meter       0x080327f9     0x78  Code  Gb  product_cal.o [1]
prvAddCurrentTaskToDelayedList
                        0x0803083d     0x48  Code  Lc  tasks.o [1]
prvAllocateTCBAndStack  0x08030885     0x5a  Code  Lc  tasks.o [1]
prvCheckForValidListAndQueue
                        0x08039943     0x52  Code  Lc  timers.o [1]
prvCheckTasksWaitingTermination
                        0x080307d3     0x66  Code  Lc  tasks.o [1]
prvCopyDataFromQueue    0x0803106d     0x30  Code  Lc  queue.o [1]
prvCopyDataToQueue      0x08030fe9     0x84  Code  Lc  queue.o [1]
prvDeleteTCB            0x080308df     0x12  Code  Lc  tasks.o [1]
prvGetNextExpireTime    0x0803972f     0x2e  Code  Lc  timers.o [1]
prvHeapInit             0x08039e31     0x6e  Code  Lc  heap_4.o [1]
prvIdleTask             0x080306ed     0x26  Code  Lc  tasks.o [1]
prvInitialiseTCBVariables
                        0x08030713     0x6a  Code  Lc  tasks.o [1]
prvInitialiseTaskLists  0x0803077d     0x56  Code  Lc  tasks.o [1]
prvInsertBlockIntoFreeList
                        0x08039e9f     0x62  Code  Lc  heap_4.o [1]
prvInsertTimerInActiveList
                        0x08039785     0x50  Code  Lc  timers.o [1]
prvIsQueueEmpty         0x08031107     0x20  Code  Lc  queue.o [1]
prvIsQueueFull          0x08031127     0x22  Code  Lc  queue.o [1]
prvProcessExpiredTimer  0x08039647     0x5c  Code  Lc  timers.o [1]
prvProcessReceivedCommands
                        0x080397d5     0xde  Code  Lc  timers.o [1]
prvProcessTimerOrBlockTask
                        0x080396bf     0x70  Code  Lc  timers.o [1]
prvResetNextTaskUnblockTime
                        0x080308f1     0x26  Code  Lc  tasks.o [1]
prvSampleTimeNow        0x0803975d     0x28  Code  Lc  timers.o [1]
prvSwitchTimerLists     0x080398b3     0x90  Code  Lc  timers.o [1]
prvTaskExitError        0x080399e1     0x2a  Code  Lc  port.o [1]
prvTestWaitCondition    0x080394eb     0x24  Code  Lc  event_groups.o [1]
prvTimerTask            0x080396a5     0x1a  Code  Lc  timers.o [1]
prvUnlockQueue          0x0803109d     0x6a  Code  Lc  queue.o [1]
put_fat                 0x08034f23    0x16c  Code  Gb  ff.o [1]
putchar                 0x080452d5      0xc  Code  Gb  putchar.o [3]
pvPortMalloc            0x08039ca1    0x118  Code  Gb  heap_4.o [1]
pxCurrentTCB            0x2001efc8      0x4  Data  Gb  tasks.o [1]
pxCurrentTimerList      0x2001f008      0x4  Data  Lc  timers.o [1]
pxDelayedTaskList       0x2001efcc      0x4  Data  Lc  tasks.o [1]
pxEnd                   0x2001efa8      0x4  Data  Lc  heap_4.o [1]
pxOverflowDelayedTaskList
                        0x2001efd0      0x4  Data  Lc  tasks.o [1]
pxOverflowTimerList     0x2001f00c      0x4  Data  Lc  timers.o [1]
pxPortInitialiseStack   0x080399bd     0x24  Code  Gb  port.o [1]
pxReadyTasksLists       0x2001e6b4     0xf0  Data  Lc  tasks.o [1]
rc522_cmd_anticoll      0x08036fdd     0x5a  Code  Gb  rc522.o [1]
rc522_cmd_request       0x08036f89     0x54  Code  Gb  rc522.o [1]
readDisk                0x2001f04f      0x1  Data  Gb  apptask.o [1]
readFilenum             0x2001f050      0x1  Data  Gb  apptask.o [1]
readSlave               0x2001eed8      0xc  Data  Gb  apptask.o [1]
read_device_info        0x08037449    0x260  Code  Gb  para.o [1]
read_file_select        0x2001ef08      0xc  Data  Gb  protocol.o [1]
read_from_disk          0x0803775d    0xc34  Code  Gb  para.o [1]
remove_chain            0x0803508f     0x76  Code  Lc  ff.o [1]
rfid_rev_buf            0x2001eddc     0x14  Data  Gb  rc522.o [1]
rfid_rev_cnt            0x2001f062      0x1  Data  Gb  rc522.o [1]
rfid_rev_flag           0x2001f061      0x1  Data  Gb  rc522.o [1]
rtc_time                0x2001ef24      0x8  Data  Gb  protocol.o [1]
s_TIM_CallBack1         0x2001ef90      0x4  Data  Lc  bsp_timer.o [1]
s_TIM_CallBack2         0x2001ef94      0x4  Data  Lc  bsp_timer.o [1]
s_TIM_CallBack3         0x2001ef98      0x4  Data  Lc  bsp_timer.o [1]
s_TIM_CallBack4         0x2001ef9c      0x4  Data  Lc  bsp_timer.o [1]
sample_time             0x2001f028      0x2  Data  Gb  apptask.o [1]
sdew_weimi_page1        0x08032041    0x2d2  Code  Gb  bsp_sdwe050c17.o [1]
sdew_weimi_page2        0x0803231d    0x236  Code  Gb  bsp_sdwe050c17.o [1]
sdew_weisha_page1       0x08032579     0x92  Code  Gb  bsp_sdwe050c17.o [1]
sdew_weisha_page2       0x0803260b     0x92  Code  Gb  bsp_sdwe050c17.o [1]
servomotor_mode         0x2001f059      0x1  Data  Gb  page_weimi.o [1]
servomotor_step         0x2001f03e      0x2  Data  Gb  page_weimi.o [1]
slave_info              0x2001eecc      0xc  Data  Gb  apptask.o [1]
speed_zhu               0x2001f03c      0x2  Data  Gb  page_weimi.o [1]
sprintf                 0x08036e79     0x34  Code  Gb  sprintf.o [3]
sscanf                  0x0803d029     0x24  Code  Gb  sscanf.o [3]
st_clust                0x08035459     0x18  Code  Lc  ff.o [1]
step_motor_adjust       0x2001f058      0x1  Data  Gb  page_weimi.o [1]
strcat                  0x08036ead     0x1c  Code  Gb  strcat.o [3]
strchr                  0x0803d3cd           Code  Gb  strchr.o [5]
strlen                  0x08033961           Code  Gb  strlen.o [5]
strstr                  0x08037439     0x10  Code  Gb  para.o [1]
sum_sfn                 0x0803572d     0x20  Code  Lc  ff.o [1]
sync_fs                 0x08034d15     0xd8  Code  Lc  ff.o [1]
sync_window             0x08034c7b     0x5a  Code  Lc  ff.o [1]
system_state_dis        0x08043fb4    0x190  Data  Gb  product_cal.o [1]
tolower                 0x080418fd     0x14  Code  Gb  tolower.o [3]
total_meter_gross       0x2001efbc      0x4  Data  Gb  product_cal.o [1]
total_weight_gross      0x2001efc0      0x4  Data  Gb  product_cal.o [1]
ucHeap                  0x20000244  0x11800  Data  Lc  heap_4.o [1]
ucMaxSysCallPriority    0x2001f05c      0x1  Data  Lc  port.o [1]
ulHighFrequencyTimerTicks
                        0x2001efc4      0x4  Data  Gb  SysInfoTest.o [1]
ulMaxPRIGROUPValue      0x2001efb8      0x4  Data  Lc  port.o [1]
ulTaskSwitchedInTime    0x2001f000      0x4  Data  Lc  tasks.o [1]
ulTotalRunTime          0x2001f004      0x4  Data  Lc  tasks.o [1]
uni2oem                 0x08000188  0x15484  Data  Lc  cc936.o [1]
usb_disk_flag           0x2001f049      0x1  Data  Gb  apptask.o [1]
usbh_OpenMassStorage    0x080340dd     0x14  Code  Gb  usbh_usr.o [1]
uxCriticalNesting       0x20000230      0x4  Data  Lc  port.o [1]
uxCurrentNumberOfTasks  0x2001efd8      0x4  Data  Lc  tasks.o [1]
uxListRemove            0x08039c79     0x28  Code  Gb  list.o [1]
uxPendedTicks           0x2001efe8      0x4  Data  Lc  tasks.o [1]
uxSchedulerSuspended    0x2001effc      0x4  Data  Lc  tasks.o [1]
uxTaskNumber            0x2001eff4      0x4  Data  Lc  tasks.o [1]
uxTaskResetEventItemValue
                        0x08030951     0x20  Code  Gb  tasks.o [1]
uxTasksDeleted          0x2001efd4      0x4  Data  Lc  tasks.o [1]
uxTopReadyPriority      0x2001efe0      0x4  Data  Lc  tasks.o [1]
vListInitialise         0x08039c09     0x1e  Code  Gb  list.o [1]
vListInsert             0x08039c3f     0x3a  Code  Gb  list.o [1]
vListInsertEnd          0x08039c27     0x18  Code  Gb  list.o [1]
vPortEnableVFP          0x0803d0e9           Code  Gb  portasm.o [1]
vPortEnterCritical      0x08039ad7     0x3a  Code  Gb  port.o [1]
vPortExitCritical       0x08039b11     0x32  Code  Gb  port.o [1]
vPortFree               0x08039db9     0x78  Code  Gb  heap_4.o [1]
vPortSetupTimerInterrupt
                        0x08039b6f      0xe  Code  Wk  port.o [1]
vPortStartFirstTask     0x0803d0d1           Code  Gb  portasm.o [1]
vPortValidateInterruptPriority
                        0x08039b7d     0x4e  Code  Gb  port.o [1]
vQueueWaitForMessageRestricted
                        0x08031149     0x44  Code  Gb  queue.o [1]
vSetupSysInfoTest       0x0804493d     0x12  Code  Gb  SysInfoTest.o [1]
vTaskDelay              0x0802ff49     0x84  Code  Gb  tasks.o [1]
vTaskFreq               0x0802f519    0x1d2  Code  Lc  apptask.o [1]
vTaskManageCapacity     0x0802e72d    0x5b2  Code  Gb  apptask.o [1]
vTaskMassStorage        0x0802d4ed    0x5a4  Code  Lc  apptask.o [1]
vTaskMissedYield        0x080306e3      0xa  Code  Gb  tasks.o [1]
vTaskMotorControl       0x0802ed51    0x79e  Code  Lc  apptask.o [1]
vTaskMsgPro             0x0802df01    0x434  Code  Lc  apptask.o [1]
vTaskPlaceOnEventList   0x08030349     0x74  Code  Gb  tasks.o [1]
vTaskPlaceOnEventListRestricted
                        0x08030481     0x80  Code  Gb  tasks.o [1]
vTaskPlaceOnUnorderedEventList
                        0x080303d9     0xa8  Code  Gb  tasks.o [1]
vTaskReadDisk           0x0802e469    0x26a  Code  Lc  apptask.o [1]
vTaskRev485             0x0802e359     0xba  Code  Lc  apptask.o [1]
vTaskSetTimeOutState    0x0803062d     0x26  Code  Gb  tasks.o [1]
vTaskStartScheduler     0x0802ffcd     0x7e  Code  Gb  tasks.o [1]
vTaskSuspendAll         0x0803004b     0x10  Code  Gb  tasks.o [1]
vTaskSwitchContext      0x08030299     0xb0  Code  Gb  tasks.o [1]
vTaskTaskLCD            0x0802aa91   0x2a16  Code  Gb  apptask.o [1]
vTaskTaskLED            0x0802dac5     0x20  Code  Lc  apptask.o [1]
vTaskTaskRFID           0x0802dae5    0x3cc  Code  Lc  apptask.o [1]
valid_seg               0x2001f05b      0x1  Data  Gb  page_weimi.o [1]
validate                0x080364d3     0x36  Code  Lc  ff.o [1]
weimi_para              0x2001e59c    0x118  Data  Gb  page_weimi.o [1]
work_idle               0x2001f05f      0x1  Data  Gb  product_cal.o [1]
work_idle_time          0x2001f040      0x2  Data  Gb  product_cal.o [1]
xActiveTimerList1       0x2001ee54     0x14  Data  Lc  timers.o [1]
xActiveTimerList2       0x2001ee68     0x14  Data  Lc  timers.o [1]
xBlockAllocatedBit      0x2001efb4      0x4  Data  Lc  heap_4.o [1]
xDelayedTaskList1       0x2001edf0     0x14  Data  Lc  tasks.o [1]
xDelayedTaskList2       0x2001ee04     0x14  Data  Lc  tasks.o [1]
xEventGroupCreate       0x080392ad     0x1c  Code  Gb  event_groups.o [1]
xEventGroupSetBits      0x08039415     0xd6  Code  Gb  event_groups.o [1]
xEventGroupWaitBits     0x080392c9    0x146  Code  Gb  event_groups.o [1]
xFreeBytesRemaining     0x2001efac      0x4  Data  Lc  heap_4.o [1]
xHandleTaskFreq         0x2001ef50      0x4  Data  Gb  apptask.o [1]
xHandleTaskLCD          0x2001ef2c      0x4  Data  Gb  apptask.o [1]
xHandleTaskLED          0x2001ef30      0x4  Data  Gb  apptask.o [1]
xHandleTaskManageCapacity
                        0x2001ef48      0x4  Data  Gb  apptask.o [1]
xHandleTaskMassStorage  0x2001ef38      0x4  Data  Gb  apptask.o [1]
xHandleTaskMotorControl
                        0x2001ef4c      0x4  Data  Gb  apptask.o [1]
xHandleTaskMsgPro       0x2001ef40      0x4  Data  Gb  apptask.o [1]
xHandleTaskRFID         0x2001ef34      0x4  Data  Gb  apptask.o [1]
xHandleTaskReadDisk     0x2001ef3c      0x4  Data  Gb  apptask.o [1]
xHandleTaskRev485       0x2001ef44      0x4  Data  Gb  apptask.o [1]
xHeapStructSize         0x080458bc      0x4  Data  Lc  heap_4.o [1]
xMinimumEverFreeBytesRemaining
                        0x2001efb0      0x4  Data  Lc  heap_4.o [1]
xNextTaskUnblockTime    0x2001eff8      0x4  Data  Lc  tasks.o [1]
xNumOfOverflows         0x2001eff0      0x4  Data  Lc  tasks.o [1]
xPendingReadyList       0x2001ee18     0x14  Data  Lc  tasks.o [1]
xPortStartScheduler     0x08039a0b     0xcc  Code  Gb  port.o [1]
xQueueGenericCreate     0x08030a55     0x7e  Code  Gb  queue.o [1]
xQueueGenericReceive    0x08030e49    0x19c  Code  Gb  queue.o [1]
xQueueGenericReset      0x080309c5     0x90  Code  Gb  queue.o [1]
xQueueGenericSend       0x08030ad3    0x1b2  Code  Gb  queue.o [1]
xQueueGenericSendFromISR
                        0x08030c85     0xec  Code  Gb  queue.o [1]
xQueueGiveFromISR       0x08030d71     0xd8  Code  Gb  queue.o [1]
xQueue_message          0x2001ef78      0x4  Data  Gb  apptask.o [1]
xSchedulerRunning       0x2001efe4      0x4  Data  Lc  tasks.o [1]
xSemaphore_download     0x2001ef68      0x4  Data  Gb  apptask.o [1]
xSemaphore_encoder      0x2001ef60      0x4  Data  Gb  apptask.o [1]
xSemaphore_freq         0x2001ef64      0x4  Data  Gb  apptask.o [1]
xSemaphore_lcd          0x2001ef54      0x4  Data  Gb  apptask.o [1]
xSemaphore_pluse        0x2001ef5c      0x4  Data  Gb  apptask.o [1]
xSemaphore_readDisk     0x2001ef6c      0x4  Data  Gb  apptask.o [1]
xSemaphore_rs485        0x2001ef58      0x4  Data  Gb  apptask.o [1]
xStart                  0x2001ef14      0x8  Data  Lc  heap_4.o [1]
xSuspendedTaskList      0x2001ee40     0x14  Data  Lc  tasks.o [1]
xTaskCheckForTimeOut    0x08030659     0x8a  Code  Gb  tasks.o [1]
xTaskGenericCreate      0x0802fdc5    0x184  Code  Gb  tasks.o [1]
xTaskGetSchedulerState  0x08030917     0x26  Code  Gb  tasks.o [1]
xTaskGetTickCount       0x0803015b      0xa  Code  Gb  tasks.o [1]
xTaskIncrementTick      0x08030165    0x134  Code  Gb  tasks.o [1]
xTaskRemoveFromEventList
                        0x08030505     0x8e  Code  Gb  tasks.o [1]
xTaskRemoveFromUnorderedEventList
                        0x08030599     0x94  Code  Gb  tasks.o [1]
xTaskResumeAll          0x0803005b    0x100  Code  Gb  tasks.o [1]
xTasksWaitingTermination
                        0x2001ee2c     0x14  Data  Lc  tasks.o [1]
xTickCount              0x2001efdc      0x4  Data  Lc  tasks.o [1]
xTimerCreate            0x08039561     0x62  Code  Gb  timers.o [1]
xTimerCreateTimerTask   0x08039511     0x50  Code  Gb  timers.o [1]
xTimerGenericCommand    0x080395c3     0x84  Code  Gb  timers.o [1]
xTimerQueue             0x2001f010      0x4  Data  Lc  timers.o [1]
xTimerUser              0x2001ef74      0x4  Data  Gb  apptask.o [1]
xYieldPending           0x2001efec      0x4  Data  Lc  tasks.o [1]


[1] = E:\WORK\YarnControl_Driver\YarnControl_Driver\src\stm32f4_rtos\Project\EWARMv7\Flash\Obj
[2] = command line
[3] = dl7M_tlf.a
[4] = m7M_tls.a
[5] = rt7M_tl.a
[6] = shb_l.a

  102 958 bytes of readonly  code memory
  182 469 bytes of readonly  data memory
  129 128 bytes of readwrite data memory (+ 1 044 480 absolute)

Errors: none
Warnings: none
