###############################################################################
#
# IAR ELF Linker V7.40.7.9843/W32 for ARM                 18/Mar/2019  15:46:52
# Copyright 2007-2015 IAR Systems AB.
#
#    Output file  =  
#        E:\work\YarnControl_Driver\src\stm32f4_rtos\Project\EWARMv7\Flash\Exe\project.out
#    Map file     =  
#        E:\work\YarnControl_Driver\src\stm32f4_rtos\Project\EWARMv7\Flash\List\project.map
#    Command line =  
#        E:\work\YarnControl_Driver\src\stm32f4_rtos\Project\EWARMv7\Flash\Obj\apptask.o
#        E:\work\YarnControl_Driver\src\stm32f4_rtos\Project\EWARMv7\Flash\Obj\bsp.o
#        E:\work\YarnControl_Driver\src\stm32f4_rtos\Project\EWARMv7\Flash\Obj\bsp_closeSW.o
#        E:\work\YarnControl_Driver\src\stm32f4_rtos\Project\EWARMv7\Flash\Obj\bsp_dwt.o
#        E:\work\YarnControl_Driver\src\stm32f4_rtos\Project\EWARMv7\Flash\Obj\bsp_led.o
#        E:\work\YarnControl_Driver\src\stm32f4_rtos\Project\EWARMv7\Flash\Obj\bsp_relay.o
#        E:\work\YarnControl_Driver\src\stm32f4_rtos\Project\EWARMv7\Flash\Obj\bsp_sdio_sd.o
#        E:\work\YarnControl_Driver\src\stm32f4_rtos\Project\EWARMv7\Flash\Obj\bsp_sdwe050c17.o
#        E:\work\YarnControl_Driver\src\stm32f4_rtos\Project\EWARMv7\Flash\Obj\bsp_servomotor.o
#        E:\work\YarnControl_Driver\src\stm32f4_rtos\Project\EWARMv7\Flash\Obj\bsp_spi.o
#        E:\work\YarnControl_Driver\src\stm32f4_rtos\Project\EWARMv7\Flash\Obj\bsp_stepmotor.o
#        E:\work\YarnControl_Driver\src\stm32f4_rtos\Project\EWARMv7\Flash\Obj\bsp_sw_onoff.o
#        E:\work\YarnControl_Driver\src\stm32f4_rtos\Project\EWARMv7\Flash\Obj\bsp_tim_pwm.o
#        E:\work\YarnControl_Driver\src\stm32f4_rtos\Project\EWARMv7\Flash\Obj\bsp_timer.o
#        E:\work\YarnControl_Driver\src\stm32f4_rtos\Project\EWARMv7\Flash\Obj\bsp_uart_fifo.o
#        E:\work\YarnControl_Driver\src\stm32f4_rtos\Project\EWARMv7\Flash\Obj\bsp_w25qxx.o
#        E:\work\YarnControl_Driver\src\stm32f4_rtos\Project\EWARMv7\Flash\Obj\bsp_watchdog.o
#        E:\work\YarnControl_Driver\src\stm32f4_rtos\Project\EWARMv7\Flash\Obj\cc936.o
#        E:\work\YarnControl_Driver\src\stm32f4_rtos\Project\EWARMv7\Flash\Obj\cJSON.o
#        E:\work\YarnControl_Driver\src\stm32f4_rtos\Project\EWARMv7\Flash\Obj\croutine.o
#        E:\work\YarnControl_Driver\src\stm32f4_rtos\Project\EWARMv7\Flash\Obj\demo_fatfs.o
#        E:\work\YarnControl_Driver\src\stm32f4_rtos\Project\EWARMv7\Flash\Obj\diskio.o
#        E:\work\YarnControl_Driver\src\stm32f4_rtos\Project\EWARMv7\Flash\Obj\encoder_tim.o
#        E:\work\YarnControl_Driver\src\stm32f4_rtos\Project\EWARMv7\Flash\Obj\esp8266_handler.o
#        E:\work\YarnControl_Driver\src\stm32f4_rtos\Project\EWARMv7\Flash\Obj\esp8266_init.o
#        E:\work\YarnControl_Driver\src\stm32f4_rtos\Project\EWARMv7\Flash\Obj\event_groups.o
#        E:\work\YarnControl_Driver\src\stm32f4_rtos\Project\EWARMv7\Flash\Obj\ff.o
#        E:\work\YarnControl_Driver\src\stm32f4_rtos\Project\EWARMv7\Flash\Obj\heap_4.o
#        E:\work\YarnControl_Driver\src\stm32f4_rtos\Project\EWARMv7\Flash\Obj\list.o
#        E:\work\YarnControl_Driver\src\stm32f4_rtos\Project\EWARMv7\Flash\Obj\main.o
#        E:\work\YarnControl_Driver\src\stm32f4_rtos\Project\EWARMv7\Flash\Obj\malloc.o
#        E:\work\YarnControl_Driver\src\stm32f4_rtos\Project\EWARMv7\Flash\Obj\mcheck.o
#        E:\work\YarnControl_Driver\src\stm32f4_rtos\Project\EWARMv7\Flash\Obj\misc.o
#        E:\work\YarnControl_Driver\src\stm32f4_rtos\Project\EWARMv7\Flash\Obj\modbus.o
#        E:\work\YarnControl_Driver\src\stm32f4_rtos\Project\EWARMv7\Flash\Obj\MQTTConnectClient.o
#        E:\work\YarnControl_Driver\src\stm32f4_rtos\Project\EWARMv7\Flash\Obj\MQTTConnectServer.o
#        E:\work\YarnControl_Driver\src\stm32f4_rtos\Project\EWARMv7\Flash\Obj\MQTTDeserializePublish.o
#        E:\work\YarnControl_Driver\src\stm32f4_rtos\Project\EWARMv7\Flash\Obj\MQTTFormat.o
#        E:\work\YarnControl_Driver\src\stm32f4_rtos\Project\EWARMv7\Flash\Obj\MQTTPacket.o
#        E:\work\YarnControl_Driver\src\stm32f4_rtos\Project\EWARMv7\Flash\Obj\MQTTSerializePublish.o
#        E:\work\YarnControl_Driver\src\stm32f4_rtos\Project\EWARMv7\Flash\Obj\MQTTSubscribeClient.o
#        E:\work\YarnControl_Driver\src\stm32f4_rtos\Project\EWARMv7\Flash\Obj\MQTTSubscribeServer.o
#        E:\work\YarnControl_Driver\src\stm32f4_rtos\Project\EWARMv7\Flash\Obj\MQTTUnsubscribeClient.o
#        E:\work\YarnControl_Driver\src\stm32f4_rtos\Project\EWARMv7\Flash\Obj\MQTTUnsubscribeServer.o
#        E:\work\YarnControl_Driver\src\stm32f4_rtos\Project\EWARMv7\Flash\Obj\page_weimi.o
#        E:\work\YarnControl_Driver\src\stm32f4_rtos\Project\EWARMv7\Flash\Obj\para.o
#        E:\work\YarnControl_Driver\src\stm32f4_rtos\Project\EWARMv7\Flash\Obj\port.o
#        E:\work\YarnControl_Driver\src\stm32f4_rtos\Project\EWARMv7\Flash\Obj\portasm.o
#        E:\work\YarnControl_Driver\src\stm32f4_rtos\Project\EWARMv7\Flash\Obj\product_cal.o
#        E:\work\YarnControl_Driver\src\stm32f4_rtos\Project\EWARMv7\Flash\Obj\protocol.o
#        E:\work\YarnControl_Driver\src\stm32f4_rtos\Project\EWARMv7\Flash\Obj\pub0sub1.o
#        E:\work\YarnControl_Driver\src\stm32f4_rtos\Project\EWARMv7\Flash\Obj\queue.o
#        E:\work\YarnControl_Driver\src\stm32f4_rtos\Project\EWARMv7\Flash\Obj\rc522.o
#        E:\work\YarnControl_Driver\src\stm32f4_rtos\Project\EWARMv7\Flash\Obj\startup_stm32f40_41xxx.o
#        E:\work\YarnControl_Driver\src\stm32f4_rtos\Project\EWARMv7\Flash\Obj\stm32f4xx_adc.o
#        E:\work\YarnControl_Driver\src\stm32f4_rtos\Project\EWARMv7\Flash\Obj\stm32f4xx_assert.o
#        E:\work\YarnControl_Driver\src\stm32f4_rtos\Project\EWARMv7\Flash\Obj\stm32f4xx_can.o
#        E:\work\YarnControl_Driver\src\stm32f4_rtos\Project\EWARMv7\Flash\Obj\stm32f4xx_crc.o
#        E:\work\YarnControl_Driver\src\stm32f4_rtos\Project\EWARMv7\Flash\Obj\stm32f4xx_cryp.o
#        E:\work\YarnControl_Driver\src\stm32f4_rtos\Project\EWARMv7\Flash\Obj\stm32f4xx_cryp_aes.o
#        E:\work\YarnControl_Driver\src\stm32f4_rtos\Project\EWARMv7\Flash\Obj\stm32f4xx_cryp_des.o
#        E:\work\YarnControl_Driver\src\stm32f4_rtos\Project\EWARMv7\Flash\Obj\stm32f4xx_cryp_tdes.o
#        E:\work\YarnControl_Driver\src\stm32f4_rtos\Project\EWARMv7\Flash\Obj\stm32f4xx_dac.o
#        E:\work\YarnControl_Driver\src\stm32f4_rtos\Project\EWARMv7\Flash\Obj\stm32f4xx_dbgmcu.o
#        E:\work\YarnControl_Driver\src\stm32f4_rtos\Project\EWARMv7\Flash\Obj\stm32f4xx_dcmi.o
#        E:\work\YarnControl_Driver\src\stm32f4_rtos\Project\EWARMv7\Flash\Obj\stm32f4xx_dma.o
#        E:\work\YarnControl_Driver\src\stm32f4_rtos\Project\EWARMv7\Flash\Obj\stm32f4xx_dma2d.o
#        E:\work\YarnControl_Driver\src\stm32f4_rtos\Project\EWARMv7\Flash\Obj\stm32f4xx_exti.o
#        E:\work\YarnControl_Driver\src\stm32f4_rtos\Project\EWARMv7\Flash\Obj\stm32f4xx_flash.o
#        E:\work\YarnControl_Driver\src\stm32f4_rtos\Project\EWARMv7\Flash\Obj\stm32f4xx_fsmc.o
#        E:\work\YarnControl_Driver\src\stm32f4_rtos\Project\EWARMv7\Flash\Obj\stm32f4xx_gpio.o
#        E:\work\YarnControl_Driver\src\stm32f4_rtos\Project\EWARMv7\Flash\Obj\stm32f4xx_hash.o
#        E:\work\YarnControl_Driver\src\stm32f4_rtos\Project\EWARMv7\Flash\Obj\stm32f4xx_hash_md5.o
#        E:\work\YarnControl_Driver\src\stm32f4_rtos\Project\EWARMv7\Flash\Obj\stm32f4xx_hash_sha1.o
#        E:\work\YarnControl_Driver\src\stm32f4_rtos\Project\EWARMv7\Flash\Obj\stm32f4xx_i2c.o
#        E:\work\YarnControl_Driver\src\stm32f4_rtos\Project\EWARMv7\Flash\Obj\stm32f4xx_it.o
#        E:\work\YarnControl_Driver\src\stm32f4_rtos\Project\EWARMv7\Flash\Obj\stm32f4xx_iwdg.o
#        E:\work\YarnControl_Driver\src\stm32f4_rtos\Project\EWARMv7\Flash\Obj\stm32f4xx_ltdc.o
#        E:\work\YarnControl_Driver\src\stm32f4_rtos\Project\EWARMv7\Flash\Obj\stm32f4xx_pwr.o
#        E:\work\YarnControl_Driver\src\stm32f4_rtos\Project\EWARMv7\Flash\Obj\stm32f4xx_rcc.o
#        E:\work\YarnControl_Driver\src\stm32f4_rtos\Project\EWARMv7\Flash\Obj\stm32f4xx_rng.o
#        E:\work\YarnControl_Driver\src\stm32f4_rtos\Project\EWARMv7\Flash\Obj\stm32f4xx_rtc.o
#        E:\work\YarnControl_Driver\src\stm32f4_rtos\Project\EWARMv7\Flash\Obj\stm32f4xx_sai.o
#        E:\work\YarnControl_Driver\src\stm32f4_rtos\Project\EWARMv7\Flash\Obj\stm32f4xx_sdio.o
#        E:\work\YarnControl_Driver\src\stm32f4_rtos\Project\EWARMv7\Flash\Obj\stm32f4xx_spi.o
#        E:\work\YarnControl_Driver\src\stm32f4_rtos\Project\EWARMv7\Flash\Obj\stm32f4xx_syscfg.o
#        E:\work\YarnControl_Driver\src\stm32f4_rtos\Project\EWARMv7\Flash\Obj\stm32f4xx_tim.o
#        E:\work\YarnControl_Driver\src\stm32f4_rtos\Project\EWARMv7\Flash\Obj\stm32f4xx_usart.o
#        E:\work\YarnControl_Driver\src\stm32f4_rtos\Project\EWARMv7\Flash\Obj\stm32f4xx_wwdg.o
#        E:\work\YarnControl_Driver\src\stm32f4_rtos\Project\EWARMv7\Flash\Obj\SysInfoTest.o
#        E:\work\YarnControl_Driver\src\stm32f4_rtos\Project\EWARMv7\Flash\Obj\system_stm32f4xx.o
#        E:\work\YarnControl_Driver\src\stm32f4_rtos\Project\EWARMv7\Flash\Obj\tasks.o
#        E:\work\YarnControl_Driver\src\stm32f4_rtos\Project\EWARMv7\Flash\Obj\timer_platform.o
#        E:\work\YarnControl_Driver\src\stm32f4_rtos\Project\EWARMv7\Flash\Obj\timers.o
#        E:\work\YarnControl_Driver\src\stm32f4_rtos\Project\EWARMv7\Flash\Obj\transport.o
#        E:\work\YarnControl_Driver\src\stm32f4_rtos\Project\EWARMv7\Flash\Obj\usb_bsp.o
#        E:\work\YarnControl_Driver\src\stm32f4_rtos\Project\EWARMv7\Flash\Obj\usb_core.o
#        E:\work\YarnControl_Driver\src\stm32f4_rtos\Project\EWARMv7\Flash\Obj\usb_hcd.o
#        E:\work\YarnControl_Driver\src\stm32f4_rtos\Project\EWARMv7\Flash\Obj\usb_hcd_int.o
#        E:\work\YarnControl_Driver\src\stm32f4_rtos\Project\EWARMv7\Flash\Obj\usbh_core.o
#        E:\work\YarnControl_Driver\src\stm32f4_rtos\Project\EWARMv7\Flash\Obj\usbh_hcs.o
#        E:\work\YarnControl_Driver\src\stm32f4_rtos\Project\EWARMv7\Flash\Obj\usbh_ioreq.o
#        E:\work\YarnControl_Driver\src\stm32f4_rtos\Project\EWARMv7\Flash\Obj\usbh_it.o
#        E:\work\YarnControl_Driver\src\stm32f4_rtos\Project\EWARMv7\Flash\Obj\usbh_msc_bot.o
#        E:\work\YarnControl_Driver\src\stm32f4_rtos\Project\EWARMv7\Flash\Obj\usbh_msc_core.o
#        E:\work\YarnControl_Driver\src\stm32f4_rtos\Project\EWARMv7\Flash\Obj\usbh_msc_scsi.o
#        E:\work\YarnControl_Driver\src\stm32f4_rtos\Project\EWARMv7\Flash\Obj\usbh_stdreq.o
#        E:\work\YarnControl_Driver\src\stm32f4_rtos\Project\EWARMv7\Flash\Obj\usbh_usr.o
#        -o
#        E:\work\YarnControl_Driver\src\stm32f4_rtos\Project\EWARMv7\Flash\Exe\project.out
#        --map
#        E:\work\YarnControl_Driver\src\stm32f4_rtos\Project\EWARMv7\Flash\List\project.map
#        --config
#        E:\work\YarnControl_Driver\src\stm32f4_rtos\Project\EWARMv7\stm32f4xx_flash.icf
#        --semihosting --entry __iar_program_start --inline --vfe
#
###############################################################################

*******************************************************************************
*** RUNTIME MODEL ATTRIBUTES
***

CppFlavor                     = *
__Heap_Handler                = DLMalloc
__SystemLibrary               = DLib
__dlib_dynamic_initialization = normal


*******************************************************************************
*** PLACEMENT SUMMARY
***

"A1":  place at 0x08000000 { ro section .intvec };
"P1":  place in [from 0x08000000 to 0x080fffff] { ro };
"P2":  place in [from 0x20000000 to 0x2001ffff] { rw, block CSTACK, block HEAP };

  Section             Kind        Address     Size  Object
  -------             ----        -------     ----  ------
"A1":                                        0x188
  .intvec             ro code  0x08000000    0x188  startup_stm32f40_41xxx.o [1]
                             - 0x08000188    0x188

"P1":                                      0x46745
  .rodata             const    0x08000188  0x15484  cc936.o [1]
  .rodata             const    0x0801560c  0x15484  cc936.o [1]
  .text               ro code  0x0802aa90   0x5c5c  apptask.o [1]
  .text               ro code  0x080306ec    0x7c8  queue.o [1]
  .text               ro code  0x08030eb4   0x16cc  bsp_sdwe050c17.o [1]
  .text               ro code  0x08032580    0x528  product_cal.o [1]
  .text               ro code  0x08032aa8     0x66  ABImemset.o [5]
  .text               ro code  0x08032b0e     0x1e  xsscin.o [3]
  .text               ro code  0x08032b2c    0xc00  tasks.o [1]
  .text               ro code  0x0803372c    0x380  bsp_w25qxx.o [1]
  .text               ro code  0x08033aac     0x4e  FltToDbl.o [4]
  .text               ro code  0x08033afa      0xa  xsprout.o [3]
  .text               ro code  0x08033b04     0x24  printf.o [3]
  .text               ro code  0x08033b28     0x76  ABImemcpy_unaligned.o [5]
  .text               ro code  0x08033ba0     0x42  strcmp_unaligned.o [5]
  .text               ro code  0x08033be4    0x21c  malloc.o [1]
  .text               ro code  0x08033e00     0x30  I32ToDbl.o [4]
  .text               ro code  0x08033e30    0x256  DblDiv.o [4]
  .text               ro code  0x08034088     0xe8  DblAdd.o [4]
  .text               ro code  0x08034170    0x1a2  DblMul.o [4]
  .text               ro code  0x08034314     0x58  DblToI32.o [4]
  .text               ro code  0x0803436c     0x90  DblToFlt.o [4]
  .text               ro code  0x080343fc     0x36  strlen.o [5]
  .text               ro code  0x08034434   0x13ee  para.o [1]
  .text               ro code  0x08035824    0x250  page_weimi.o [1]
  .text               ro code  0x08035a74     0x62  memcmp_unaligned.o [5]
  .text               ro code  0x08035ad8    0x360  bsp_servomotor.o [1]
  .text               ro code  0x08035e38    0x1a2  usbh_usr.o [1]
  .text               ro code  0x08035fdc    0x760  usbh_core.o [1]
  .text               ro code  0x0803673c   0x2498  ff.o [1]
  .text               ro code  0x08038bd4     0x34  sprintf.o [3]
  .text               ro code  0x08038c08     0x1c  strcat.o [3]
  .text               ro code  0x08038c24     0xc0  bsp_led.o [1]
  .text               ro code  0x08038ce4     0xae  rc522.o [1]
  .text               ro code  0x08038d94    0x354  modbus.o [1]
  .text               ro code  0x080390e8     0x68  bsp_sw_onoff.o [1]
  .text               ro code  0x08039150     0x44  protocol.o [1]
  .text               ro code  0x08039194     0x10  para.o [1]
  .text               ro code  0x080391a4     0xd4  bsp_closeSW.o [1]
  .text               ro code  0x08039278    0x12c  stm32f4xx_gpio.o [1]
  .text               ro code  0x080393a4    0x324  bsp_stepmotor.o [1]
  .text               ro code  0x080396c8    0x25c  encoder_tim.o [1]
  .text               ro code  0x08039924    0x262  event_groups.o [1]
  .text               ro code  0x08039b88    0x4a4  timers.o [1]
  .text               ro code  0x0803a02c      0x8  bsp_watchdog.o [1]
  .text               ro code  0x0803a034    0x24c  port.o [1]
  .text               ro code  0x0803a280     0x98  list.o [1]
  .text               ro code  0x0803a318    0x280  heap_4.o [1]
  .text               ro code  0x0803a598    0x1e8  stm32f4xx_rcc.o [1]
  .text               ro code  0x0803a780     0x74  bsp_dwt.o [1]
  .text               ro code  0x0803a7f4    0xa98  bsp_uart_fifo.o [1]
  .text               ro code  0x0803b28c    0x204  bsp_timer.o [1]
  .text               ro code  0x0803b490    0x124  bsp_spi.o [1]
  .text               ro code  0x0803b5b4    0xd96  xprintffull_nomb.o [3]
  .text               ro code  0x0803c34c    0x180  DblSub.o [4]
  .text               ro code  0x0803c4cc     0x44  strcpy_unaligned.o [5]
  .text               ro code  0x0803c510     0x24  sscanf.o [3]
  .text               ro code  0x0803c534    0x6f6  stm32f4xx_tim.o [1]
  .text               ro code  0x0803cc2c    0x31c  stm32f4xx_dma.o [1]
  .text               ro code  0x0803cf48     0x88  misc.o [1]
  .text               ro code  0x0803cfd0    0x14c  usb_bsp.o [1]
  .text               ro code  0x0803d11c     0xd6  usb_hcd.o [1]
  .text               ro code  0x0803d1f2    0x1ba  usbh_hcs.o [1]
  .text               ro code  0x0803d3ac    0x436  usbh_stdreq.o [1]
  .text               ro code  0x0803d7e2    0x246  usbh_ioreq.o [1]
  .text               ro code  0x0803da28    0x2e4  diskio.o [1]
  .text               ro code  0x0803dd0c     0xf4  cc936.o [1]
  .text               ro code  0x0803de00     0xb8  mcheck.o [1]
  .text               ro code  0x0803deb8     0x2c  strstr.o [3]
  .text               ro code  0x0803dee4     0x54  stm32f4xx_syscfg.o [1]
  .text               ro code  0x0803df38     0xc0  stm32f4xx_exti.o [1]
  .text               ro code  0x0803dff8    0x132  I64DivMod.o [5]
  .text               ro code  0x0803e12c     0x10  stm32f4xx_iwdg.o [1]
  CODE                ro code  0x0803e13c     0xa8  portasm.o [1]
  .text               ro code  0x0803e1e4    0x254  stm32f4xx_usart.o [1]
  .text               ro code  0x0803e438     0x74  stm32f4xx_spi.o [1]
  .text               ro code  0x0803e4ac     0x16  strchr.o [5]
  .text               ro code  0x0803e4c4     0x58  memchr.o [5]
  .text               ro code  0x0803e51c     0x42  xdnorm.o [4]
  .text               ro code  0x0803e560     0x2e  DblCmpLe.o [4]
  .text               ro code  0x0803e590     0x2e  DblCmpGe.o [4]
  .text               ro code  0x0803e5c0    0x114  xdscale.o [4]
  .text               ro code  0x0803e6d4     0x6c  localeconv.o [3]
  .text               ro code  0x0803e740      0xe  div.o [3]
  .text               ro code  0x0803e750    0xb64  xscanffull_nomb.o [3]
  .text               ro code  0x0803f2b4    0xa50  usb_core.o [1]
  .text               ro code  0x0803fd04   0x1a58  bsp_sdio_sd.o [1]
  .text               ro code  0x0804175c    0x618  usbh_msc_scsi.o [1]
  .text               ro code  0x08041d74    0x554  usbh_msc_bot.o [1]
  .text               ro code  0x080422c8      0x2  I64DivZer.o [5]
  .text               ro code  0x080422ca     0x28  isxxx.o [3]
  .text               ro code  0x080422f2     0xa4  xstoll.o [3]
  .text               ro code  0x08042398    0x1b0  xstoull.o [3]
  .text               ro code  0x08042548    0x168  xstold.o [4]
  .text               ro code  0x080426b0    0x17c  stm32f4xx_sdio.o [1]
  .text               ro code  0x0804282c     0x18  setlocale.o [3]
  .text               ro code  0x08042844     0x16  xlocale_c.o [3]
  .text               ro code  0x0804285a     0x14  xlocale_c.o [3]
  .text               ro code  0x08042870      0xc  errno.o [3]
  .text               ro code  0x0804287c     0x14  tolower.o [3]
  .text               ro code  0x08042890    0x124  xstopfx.o [3]
  .text               ro code  0x080429b4    0x1b8  xstoflt.o [3]
  .rodata             const    0x08042b6c     0x2c  apptask.o [1]
  .text               ro code  0x08042b98    0x200  xdtento.o [4]
  .text               ro code  0x08042d98    0x218  xstoxflt.o [3]
  .text               ro code  0x08042fb0      0x2  xtls.o [3]
  .text               ro code  0x08042fb2      0xc  xlocale_c.o [3]
  .text               ro code  0x08042fc0     0x20  DblCmpEq.o [4]
  .text               ro code  0x08042fe0     0x52  xdunscal.o [4]
  .text               ro code  0x08043034    0xc7e  usb_hcd_int.o [1]
  .rodata             const    0x08043cb4    0x400  apptask.o [1]
  .text               ro code  0x080440b4    0x3e8  usbh_msc_core.o [1]
  .rodata             const    0x0804449c    0x3dc  cc936.o [1]
  .rodata             const    0x08044878    0x3dc  cc936.o [1]
  .text               ro code  0x08044c54    0x2e0  bsp_tim_pwm.o [1]
  .rodata             const    0x08044f34    0x190  product_cal.o [1]
  .text               ro code  0x080450c4    0x154  system_stm32f4xx.o [1]
  .rodata             const    0x08045218    0x100  mcheck.o [1]
  .rodata             const    0x08045318    0x100  mcheck.o [1]
  .rodata             const    0x08045418    0x100  mcheck.o [1]
  .text               ro code  0x08045518     0xd0  packbits_init.o [5]
  .text               ro code  0x080455e8      0x6  abort.o [3]
  .text               ro code  0x080455f0     0x14  exit.o [6]
  .text               ro code  0x08045604     0x48  bsp.o [1]
  .text               ro code  0x0804564c     0x44  bsp_relay.o [1]
  .text               ro code  0x08045690     0x40  zero_init3.o [5]
  .text               ro code  0x080456d0     0x3c  SysInfoTest.o [1]
  .rodata             const    0x0804570c     0x38  demo_fatfs.o [1]
  .text               ro code  0x08045744     0x38  stm32f4xx_it.o [1]
  .text               ro code  0x0804577c     0x34  main.o [1]
  .rodata             const    0x080457b0     0x30  apptask.o [1]
  .rodata             const    0x080457e0     0x30  apptask.o [1]
  .rodata             const    0x08045810     0x30  demo_fatfs.o [1]
  .rodata             const    0x08045840     0x30  demo_fatfs.o [1]
  .rodata             const    0x08045870     0x2c  demo_fatfs.o [1]
  .rodata             const    0x0804589c     0x2c  demo_fatfs.o [1]
  .rodata             const    0x080458c8     0x2c  stm32f4xx_it.o [1]
  .rodata             const    0x080458f4     0x28  demo_fatfs.o [1]
  .rodata             const    0x0804591c     0x28  demo_fatfs.o [1]
  .rodata             const    0x08045944     0x28  demo_fatfs.o [1]
  .text               ro code  0x0804596c     0x28  data_init.o [5]
  .rodata             const    0x08045994     0x24  apptask.o [1]
  .rodata             const    0x080459b8     0x24  apptask.o [1]
  .rodata             const    0x080459dc     0x24  apptask.o [1]
  .rodata             const    0x08045a00     0x24  apptask.o [1]
  .rodata             const    0x08045a24     0x24  apptask.o [1]
  .rodata             const    0x08045a48     0x24  apptask.o [1]
  .rodata             const    0x08045a6c     0x24  apptask.o [1]
  .rodata             const    0x08045a90     0x24  apptask.o [1]
  .rodata             const    0x08045ab4     0x24  apptask.o [1]
  .rodata             const    0x08045ad8     0x24  demo_fatfs.o [1]
  .rodata             const    0x08045afc     0x24  demo_fatfs.o [1]
  .rodata             const    0x08045b20     0x24  usbh_usr.o [1]
  .text               ro code  0x08045b44     0x22  fpinit_M.o [4]
  .iar.init_table     const    0x08045b68     0x34  - Linker created -
  .rodata             const    0x08045b9c     0x20  apptask.o [1]
  .rodata             const    0x08045bbc     0x20  apptask.o [1]
  .rodata             const    0x08045bdc     0x20  apptask.o [1]
  .rodata             const    0x08045bfc     0x20  demo_fatfs.o [1]
  .rodata             const    0x08045c1c     0x20  demo_fatfs.o [1]
  .rodata             const    0x08045c3c     0x20  demo_fatfs.o [1]
  .rodata             const    0x08045c5c     0x20  usbh_usr.o [1]
  .rodata             const    0x08045c7c     0x20  usbh_usr.o [1]
  .rodata             const    0x08045c9c     0x20  usbh_usr.o [1]
  .rodata             const    0x08045cbc     0x20  usbh_usr.o [1]
  .rodata             const    0x08045cdc     0x20  usbh_usr.o [1]
  .rodata             const    0x08045cfc     0x1c  apptask.o [1]
  .rodata             const    0x08045d18     0x1c  apptask.o [1]
  .rodata             const    0x08045d34     0x1c  apptask.o [1]
  .rodata             const    0x08045d50     0x1c  apptask.o [1]
  .rodata             const    0x08045d6c     0x1c  apptask.o [1]
  .rodata             const    0x08045d88     0x1c  apptask.o [1]
  .rodata             const    0x08045da4     0x1c  apptask.o [1]
  .rodata             const    0x08045dc0     0x1c  demo_fatfs.o [1]
  .rodata             const    0x08045ddc     0x1c  demo_fatfs.o [1]
  .rodata             const    0x08045df8     0x1c  usbh_usr.o [1]
  .rodata             const    0x08045e14     0x1c  usbh_usr.o [1]
  .rodata             const    0x08045e30     0x1c  usbh_usr.o [1]
  .rodata             const    0x08045e4c     0x1c  usbh_usr.o [1]
  .rodata             const    0x08045e68     0x1c  usbh_usr.o [1]
  .rodata             const    0x08045e84     0x1c  usbh_usr.o [1]
  .text               ro code  0x08045ea0     0x1a  cmain.o [5]
  .text               ro code  0x08045eba      0x4  exit.o [3]
  .text               ro code  0x08045ec0      0xa  cexit.o [5]
  .rodata             const    0x08045ecc     0x18  apptask.o [1]
  .rodata             const    0x08045ee4     0x18  apptask.o [1]
  .rodata             const    0x08045efc     0x18  apptask.o [1]
  .rodata             const    0x08045f14     0x18  apptask.o [1]
  .rodata             const    0x08045f2c     0x18  apptask.o [1]
  .rodata             const    0x08045f44     0x18  apptask.o [1]
  .rodata             const    0x08045f5c     0x18  apptask.o [1]
  .rodata             const    0x08045f74     0x18  apptask.o [1]
  .rodata             const    0x08045f8c     0x18  demo_fatfs.o [1]
  .rodata             const    0x08045fa4     0x18  demo_fatfs.o [1]
  .rodata             const    0x08045fbc     0x18  demo_fatfs.o [1]
  .rodata             const    0x08045fd4     0x18  demo_fatfs.o [1]
  .rodata             const    0x08045fec     0x18  para.o [1]
  .rodata             const    0x08046004     0x18  usbh_usr.o [1]
  .rodata             const    0x0804601c     0x18  usbh_usr.o [1]
  .rodata             const    0x08046034     0x18  usbh_usr.o [1]
  .rodata             const    0x0804604c     0x18  usbh_usr.o [1]
  .rodata             const    0x08046064     0x18  usbh_usr.o [1]
  .text               ro code  0x0804607c     0x16  xprout.o [3]
  .text               ro code  0x08046094      0xc  putchar.o [3]
  .rodata             const    0x080460a0     0x14  apptask.o [1]
  .rodata             const    0x080460b4     0x14  apptask.o [1]
  .rodata             const    0x080460c8     0x14  apptask.o [1]
  .rodata             const    0x080460dc     0x14  apptask.o [1]
  .rodata             const    0x080460f0     0x14  apptask.o [1]
  .rodata             const    0x08046104     0x14  apptask.o [1]
  .rodata             const    0x08046118     0x14  apptask.o [1]
  .rodata             const    0x0804612c     0x14  apptask.o [1]
  .rodata             const    0x08046140     0x14  usbh_usr.o [1]
  .rodata             const    0x08046154     0x14  usbh_usr.o [1]
  .rodata             const    0x08046168     0x10  apptask.o [1]
  .rodata             const    0x08046178     0x10  apptask.o [1]
  .rodata             const    0x08046188     0x10  apptask.o [1]
  .rodata             const    0x08046198     0x10  apptask.o [1]
  .rodata             const    0x080461a8     0x10  apptask.o [1]
  .rodata             const    0x080461b8     0x10  apptask.o [1]
  .rodata             const    0x080461c8     0x10  apptask.o [1]
  .rodata             const    0x080461d8     0x10  apptask.o [1]
  .rodata             const    0x080461e8     0x10  apptask.o [1]
  .rodata             const    0x080461f8     0x10  apptask.o [1]
  .rodata             const    0x08046208     0x10  apptask.o [1]
  .rodata             const    0x08046218     0x10  apptask.o [1]
  .rodata             const    0x08046228     0x10  apptask.o [1]
  .rodata             const    0x08046238     0x10  apptask.o [1]
  .rodata             const    0x08046248     0x10  apptask.o [1]
  .rodata             const    0x08046258     0x10  apptask.o [1]
  .rodata             const    0x08046268     0x10  apptask.o [1]
  .rodata             const    0x08046278     0x10  apptask.o [1]
  .rodata             const    0x08046288     0x10  apptask.o [1]
  .rodata             const    0x08046298     0x10  bsp_sdwe050c17.o [1]
  .rodata             const    0x080462a8     0x10  ff.o [1]
  .rodata             const    0x080462b8     0x10  main.o [1]
  .rodata             const    0x080462c8     0x10  main.o [1]
  .rodata             const    0x080462d8     0x10  para.o [1]
  .rodata             const    0x080462e8     0x10  para.o [1]
  .rodata             const    0x080462f8     0x10  usbh_usr.o [1]
  .rodata             const    0x08046308     0x10  usbh_usr.o [1]
  .text               ro code  0x08046318     0x10  startup_stm32f40_41xxx.o [1]
  .text               ro code  0x08046328     0x10  usbh_it.o [1]
  .rodata             const    0x08046338      0xc  apptask.o [1]
  .rodata             const    0x08046344      0xc  apptask.o [1]
  .rodata             const    0x08046350      0xc  apptask.o [1]
  .rodata             const    0x0804635c      0xc  apptask.o [1]
  .rodata             const    0x08046368      0xc  apptask.o [1]
  .rodata             const    0x08046374      0xc  apptask.o [1]
  .rodata             const    0x08046380      0xc  apptask.o [1]
  .rodata             const    0x0804638c      0xc  apptask.o [1]
  .rodata             const    0x08046398      0xc  apptask.o [1]
  .rodata             const    0x080463a4      0xc  apptask.o [1]
  .rodata             const    0x080463b0      0xc  apptask.o [1]
  .rodata             const    0x080463bc      0xc  apptask.o [1]
  .rodata             const    0x080463c8      0xc  apptask.o [1]
  .rodata             const    0x080463d4      0xc  apptask.o [1]
  .rodata             const    0x080463e0      0xc  apptask.o [1]
  .rodata             const    0x080463ec      0xc  apptask.o [1]
  .rodata             const    0x080463f8      0xc  apptask.o [1]
  .rodata             const    0x08046404      0xc  apptask.o [1]
  .rodata             const    0x08046410      0xc  apptask.o [1]
  .rodata             const    0x0804641c      0xc  apptask.o [1]
  .rodata             const    0x08046428      0xc  apptask.o [1]
  .rodata             const    0x08046434      0xc  apptask.o [1]
  .rodata             const    0x08046440      0xc  apptask.o [1]
  .rodata             const    0x0804644c      0xc  apptask.o [1]
  .rodata             const    0x08046458      0xc  apptask.o [1]
  .rodata             const    0x08046464      0xc  apptask.o [1]
  .rodata             const    0x08046470      0xc  apptask.o [1]
  .rodata             const    0x0804647c      0xc  apptask.o [1]
  .rodata             const    0x08046488      0xc  apptask.o [1]
  .rodata             const    0x08046494      0xc  apptask.o [1]
  .rodata             const    0x080464a0      0xc  apptask.o [1]
  .rodata             const    0x080464ac      0xc  apptask.o [1]
  .rodata             const    0x080464b8      0xc  apptask.o [1]
  .rodata             const    0x080464c4      0xc  bsp_sdwe050c17.o [1]
  .rodata             const    0x080464d0      0xc  demo_fatfs.o [1]
  .rodata             const    0x080464dc      0xc  ff.o [1]
  .rodata             const    0x080464e8      0xc  para.o [1]
  .rodata             const    0x080464f4      0xc  para.o [1]
  .rodata             const    0x08046500      0xc  para.o [1]
  .rodata             const    0x0804650c      0xc  para.o [1]
  .rodata             const    0x08046518      0xc  para.o [1]
  .text               ro code  0x08046524      0xc  cstartup_M.o [5]
  .rodata             const    0x08046530      0x8  apptask.o [1]
  .rodata             const    0x08046538      0x8  apptask.o [1]
  .rodata             const    0x08046540      0x8  apptask.o [1]
  .rodata             const    0x08046548      0x8  apptask.o [1]
  .rodata             const    0x08046550      0x8  apptask.o [1]
  .rodata             const    0x08046558      0x8  apptask.o [1]
  .rodata             const    0x08046560      0x8  apptask.o [1]
  .rodata             const    0x08046568      0x8  apptask.o [1]
  .rodata             const    0x08046570      0x8  apptask.o [1]
  .rodata             const    0x08046578      0x8  apptask.o [1]
  .rodata             const    0x08046580      0x8  apptask.o [1]
  .rodata             const    0x08046588      0x8  apptask.o [1]
  .rodata             const    0x08046590      0x8  apptask.o [1]
  .rodata             const    0x08046598      0x8  apptask.o [1]
  .rodata             const    0x080465a0      0x8  bsp_sdwe050c17.o [1]
  .rodata             const    0x080465a8      0x8  bsp_w25qxx.o [1]
  .rodata             const    0x080465b0      0x8  ff.o [1]
  .rodata             const    0x080465b8      0x8  malloc.o [1]
  .rodata             const    0x080465c0      0x8  malloc.o [1]
  .rodata             const    0x080465c8      0x8  malloc.o [1]
  .rodata             const    0x080465d0      0x8  para.o [1]
  .rodata             const    0x080465d8      0x8  para.o [1]
  .rodata             const    0x080465e0      0x8  para.o [1]
  .rodata             const    0x080465e8      0x8  para.o [1]
  .rodata             const    0x080465f0      0x8  para.o [1]
  .rodata             const    0x080465f8      0x8  para.o [1]
  .rodata             const    0x08046600      0x8  para.o [1]
  .rodata             const    0x08046608      0x8  para.o [1]
  .rodata             const    0x08046610      0x8  para.o [1]
  .rodata             const    0x08046618      0x8  para.o [1]
  .rodata             const    0x08046620      0x8  para.o [1]
  .rodata             const    0x08046628      0x8  para.o [1]
  .rodata             const    0x08046630      0x8  para.o [1]
  .rodata             const    0x08046638      0x8  para.o [1]
  .rodata             const    0x08046640      0x8  para.o [1]
  .rodata             const    0x08046648      0x8  para.o [1]
  .rodata             const    0x08046650      0x8  para.o [1]
  .rodata             const    0x08046658      0x8  para.o [1]
  .rodata             const    0x08046660      0x8  para.o [1]
  .rodata             const    0x08046668      0x8  para.o [1]
  .rodata             const    0x08046670      0x8  para.o [1]
  .rodata             const    0x08046678      0x8  para.o [1]
  .rodata             const    0x08046680      0x8  tasks.o [1]
  .rodata             const    0x08046688      0x8  timers.o [1]
  .rodata             const    0x08046690      0x4  heap_4.o [1]
  .rodata             const    0x08046694      0x4  port.o [1]
  .text               ro code  0x08046698      0x4  startup_stm32f40_41xxx.o [1]
  .text               ro code  0x0804669c      0x4  startup_stm32f40_41xxx.o [1]
  .text               ro code  0x080466a0      0x4  startup_stm32f40_41xxx.o [1]
  .text               ro code  0x080466a4      0x4  startup_stm32f40_41xxx.o [1]
  .text               ro code  0x080466a8      0x4  startup_stm32f40_41xxx.o [1]
  .text               ro code  0x080466ac      0x4  startup_stm32f40_41xxx.o [1]
  .text               ro code  0x080466b0      0x4  startup_stm32f40_41xxx.o [1]
  .text               ro code  0x080466b4      0x4  startup_stm32f40_41xxx.o [1]
  .text               ro code  0x080466b8      0x4  startup_stm32f40_41xxx.o [1]
  .text               ro code  0x080466bc      0x4  startup_stm32f40_41xxx.o [1]
  .text               ro code  0x080466c0      0x4  startup_stm32f40_41xxx.o [1]
  .text               ro code  0x080466c4      0x4  startup_stm32f40_41xxx.o [1]
  .text               ro code  0x080466c8      0x4  startup_stm32f40_41xxx.o [1]
  .text               ro code  0x080466cc      0x4  startup_stm32f40_41xxx.o [1]
  .text               ro code  0x080466d0      0x4  startup_stm32f40_41xxx.o [1]
  .text               ro code  0x080466d4      0x4  startup_stm32f40_41xxx.o [1]
  .text               ro code  0x080466d8      0x4  startup_stm32f40_41xxx.o [1]
  .text               ro code  0x080466dc      0x4  startup_stm32f40_41xxx.o [1]
  .text               ro code  0x080466e0      0x4  startup_stm32f40_41xxx.o [1]
  .text               ro code  0x080466e4      0x4  startup_stm32f40_41xxx.o [1]
  .text               ro code  0x080466e8      0x4  startup_stm32f40_41xxx.o [1]
  .text               ro code  0x080466ec      0x4  startup_stm32f40_41xxx.o [1]
  .text               ro code  0x080466f0      0x4  startup_stm32f40_41xxx.o [1]
  .text               ro code  0x080466f4      0x4  startup_stm32f40_41xxx.o [1]
  .text               ro code  0x080466f8      0x4  startup_stm32f40_41xxx.o [1]
  .text               ro code  0x080466fc      0x4  startup_stm32f40_41xxx.o [1]
  .text               ro code  0x08046700      0x4  startup_stm32f40_41xxx.o [1]
  .text               ro code  0x08046704      0x4  startup_stm32f40_41xxx.o [1]
  .text               ro code  0x08046708      0x4  startup_stm32f40_41xxx.o [1]
  .text               ro code  0x0804670c      0x4  startup_stm32f40_41xxx.o [1]
  .text               ro code  0x08046710      0x4  startup_stm32f40_41xxx.o [1]
  .text               ro code  0x08046714      0x4  startup_stm32f40_41xxx.o [1]
  .text               ro code  0x08046718      0x4  startup_stm32f40_41xxx.o [1]
  .text               ro code  0x0804671c      0x4  startup_stm32f40_41xxx.o [1]
  .text               ro code  0x08046720      0x4  startup_stm32f40_41xxx.o [1]
  .text               ro code  0x08046724      0x4  startup_stm32f40_41xxx.o [1]
  .text               ro code  0x08046728      0x4  startup_stm32f40_41xxx.o [1]
  .text               ro code  0x0804672c      0x4  startup_stm32f40_41xxx.o [1]
  .text               ro code  0x08046730      0x4  startup_stm32f40_41xxx.o [1]
  .text               ro code  0x08046734      0x4  startup_stm32f40_41xxx.o [1]
  .text               ro code  0x08046738      0x4  startup_stm32f40_41xxx.o [1]
  .text               ro code  0x0804673c      0x4  startup_stm32f40_41xxx.o [1]
  .text               ro code  0x08046740      0x4  startup_stm32f40_41xxx.o [1]
  .text               ro code  0x08046744      0x4  startup_stm32f40_41xxx.o [1]
  .text               ro code  0x08046748      0x4  startup_stm32f40_41xxx.o [1]
  .text               ro code  0x0804674c      0x4  startup_stm32f40_41xxx.o [1]
  .text               ro code  0x08046750      0x4  startup_stm32f40_41xxx.o [1]
  .text               ro code  0x08046754      0x4  startup_stm32f40_41xxx.o [1]
  .text               ro code  0x08046758      0x4  startup_stm32f40_41xxx.o [1]
  .text               ro code  0x0804675c      0x4  startup_stm32f40_41xxx.o [1]
  .text               ro code  0x08046760      0x4  startup_stm32f40_41xxx.o [1]
  .text               ro code  0x08046764      0x4  startup_stm32f40_41xxx.o [1]
  .text               ro code  0x08046768      0x4  startup_stm32f40_41xxx.o [1]
  .text               ro code  0x0804676c      0x4  startup_stm32f40_41xxx.o [1]
  .text               ro code  0x08046770      0x4  startup_stm32f40_41xxx.o [1]
  .text               ro code  0x08046774      0x4  startup_stm32f40_41xxx.o [1]
  .text               ro code  0x08046778      0x4  startup_stm32f40_41xxx.o [1]
  .text               ro code  0x0804677c      0x4  startup_stm32f40_41xxx.o [1]
  .text               ro code  0x08046780      0x4  startup_stm32f40_41xxx.o [1]
  .text               ro code  0x08046784      0x4  startup_stm32f40_41xxx.o [1]
  .text               ro code  0x08046788      0x4  startup_stm32f40_41xxx.o [1]
  .text               ro code  0x0804678c      0x4  startup_stm32f40_41xxx.o [1]
  .text               ro code  0x08046790      0x4  startup_stm32f40_41xxx.o [1]
  .text               ro code  0x08046794      0x4  startup_stm32f40_41xxx.o [1]
  .text               ro code  0x08046798      0x4  startup_stm32f40_41xxx.o [1]
  .text               ro code  0x0804679c      0x4  startup_stm32f40_41xxx.o [1]
  .text               ro code  0x080467a0      0x4  startup_stm32f40_41xxx.o [1]
  .text               ro code  0x080467a4      0x4  startup_stm32f40_41xxx.o [1]
  .rodata             const    0x080467a8      0x0  zero_init3.o [5]
  .rodata             const    0x080467a8      0x0  packbits_init.o [5]
  Initializer bytes   const    0x080467a8    0x125  <for P2 s0>
                             - 0x080468cd  0x46745

"P2":                                      0x1d478
  P2 s0                        0x20000000    0x246  <Init block>
    __DLIB_PERTHREAD  inited   0x20000000     0x88  localeconv.o [3]
    __DLIB_PERTHREAD  inited   0x20000088     0x74  setlocale.o [3]
    .data             inited   0x200000fc     0x50  demo_fatfs.o [1]
    .data             inited   0x2000014c     0x48  usbh_usr.o [1]
    .data             inited   0x20000194     0x40  xfiles.o [3]
    .data             inited   0x200001d4     0x1c  malloc.o [1]
    .data             inited   0x200001f0     0x14  bsp_servomotor.o [1]
    .data             inited   0x20000204     0x10  stm32f4xx_rcc.o [1]
    .data             inited   0x20000214     0x10  usbh_msc_core.o [1]
    .data             inited   0x20000224      0xc  usbh_core.o [1]
    .data             inited   0x20000230      0x4  port.o [1]
    .data             inited   0x20000234      0x4  system_stm32f4xx.o [1]
    .data             inited   0x20000238      0x4  usbh_core.o [1]
    __DLIB_PERTHREAD  inited   0x2000023c      0x4  errno.o [3]
    .data             inited   0x20000240      0x2  bsp_w25qxx.o [1]
    .data             inited   0x20000242      0x1  apptask.o [1]
    .data             inited   0x20000243      0x1  encoder_tim.o [1]
    .data             inited   0x20000244      0x1  page_weimi.o [1]
    .data             inited   0x20000245      0x1  usbh_msc_scsi.o [1]
  .bss                zero     0x20000248   0xf000  heap_4.o [1]
  .bss                zero     0x2000f248   0xa000  malloc.o [1]
  .bss                zero     0x20019248   0x1000  bsp_w25qxx.o [1]
  .bss                zero     0x2001a248    0xa00  malloc.o [1]
  .bss                zero     0x2001ac48    0x5ac  usbh_usr.o [1]
  .bss                zero     0x2001b1f4    0x5ac  usbh_usr.o [1]
  .bss                zero     0x2001b7a0    0x3e8  bsp_uart_fifo.o [1]
  .bss                zero     0x2001bb88    0x200  ff.o [1]
  .bss                zero     0x2001bd88    0x200  usbh_msc_scsi.o [1]
  .bss                zero     0x2001bf88    0x200  usbh_stdreq.o [1]
  .bss                zero     0x2001c188    0x140  tasks.o [1]
  .bss                zero     0x2001c2c8    0x12c  page_weimi.o [1]
  .bss                zero     0x2001c3f4     0xd4  protocol.o [1]
  .bss                zero     0x2001c4c8     0xa4  protocol.o [1]
  .bss                zero     0x2001c56c     0x98  para.o [1]
  .bss                zero     0x2001c604     0x94  usbh_usr.o [1]
  .bss                zero     0x2001c698     0x64  bsp_uart_fifo.o [1]
  .bss                zero     0x2001c6fc     0x64  bsp_uart_fifo.o [1]
  .bss                zero     0x2001c760     0x58  bsp_sdio_sd.o [1]
  .bss                zero     0x2001c7b8     0x58  protocol.o [1]
  .bss                zero     0x2001c810     0x50  xfiles.o [3]
  .bss                zero     0x2001c860     0x4c  usbh_msc_core.o [1]
  .bss                zero     0x2001c8ac     0x34  bsp_sdwe050c17.o [1]
  .bss                zero     0x2001c8e0     0x34  product_cal.o [1]
  .bss                zero     0x2001c914     0x28  product_cal.o [1]
  .bss                zero     0x2001c93c     0x24  ff.o [1]
  .bss                zero     0x2001c960     0x20  usbh_msc_bot.o [1]
  .bss                zero     0x2001c980     0x18  bsp_sdio_sd.o [1]
  .bss                zero     0x2001c998     0x18  bsp_sdio_sd.o [1]
  .bss                zero     0x2001c9b0     0x18  page_weimi.o [1]
  .bss                zero     0x2001c9c8     0x14  bsp_sdio_sd.o [1]
  .bss                zero     0x2001c9dc     0x14  rc522.o [1]
  .bss                zero     0x2001c9f0     0x14  tasks.o [1]
  .bss                zero     0x2001ca04     0x14  tasks.o [1]
  .bss                zero     0x2001ca18     0x14  tasks.o [1]
  .bss                zero     0x2001ca2c     0x14  tasks.o [1]
  .bss                zero     0x2001ca40     0x14  tasks.o [1]
  .bss                zero     0x2001ca54     0x14  timers.o [1]
  .bss                zero     0x2001ca68     0x14  timers.o [1]
  .bss                zero     0x2001ca7c     0x10  bsp_sdio_sd.o [1]
  .bss                zero     0x2001ca8c     0x10  bsp_sdio_sd.o [1]
  .bss                zero     0x2001ca9c     0x10  encoder_tim.o [1]
  .bss                zero     0x2001caac     0x10  usbh_msc_bot.o [1]
  .bss                zero     0x2001cabc     0x10  usbh_msc_bot.o [1]
  .bss                zero     0x2001cacc     0x10  usbh_msc_scsi.o [1]
  .bss                zero     0x2001cadc      0xc  apptask.o [1]
  .bss                zero     0x2001cae8      0xc  apptask.o [1]
  .bss                zero     0x2001caf4      0xc  ff.o [1]
  .bss                zero     0x2001cb00      0xc  protocol.o [1]
  .bss                zero     0x2001cb0c      0xc  protocol.o [1]
  .bss                zero     0x2001cb18      0xc  protocol.o [1]
  .bss                zero     0x2001cb24      0x8  heap_4.o [1]
  .bss                zero     0x2001cb2c      0x8  modbus.o [1]
  .bss                zero     0x2001cb34      0x8  protocol.o [1]
  .bss                zero     0x2001cb3c      0x4  apptask.o [1]
  .bss                zero     0x2001cb40      0x4  apptask.o [1]
  .bss                zero     0x2001cb44      0x4  apptask.o [1]
  .bss                zero     0x2001cb48      0x4  apptask.o [1]
  .bss                zero     0x2001cb4c      0x4  apptask.o [1]
  .bss                zero     0x2001cb50      0x4  apptask.o [1]
  .bss                zero     0x2001cb54      0x4  apptask.o [1]
  .bss                zero     0x2001cb58      0x4  apptask.o [1]
  .bss                zero     0x2001cb5c      0x4  apptask.o [1]
  .bss                zero     0x2001cb60      0x4  apptask.o [1]
  .bss                zero     0x2001cb64      0x4  apptask.o [1]
  .bss                zero     0x2001cb68      0x4  apptask.o [1]
  .bss                zero     0x2001cb6c      0x4  apptask.o [1]
  .bss                zero     0x2001cb70      0x4  apptask.o [1]
  .bss                zero     0x2001cb74      0x4  apptask.o [1]
  .bss                zero     0x2001cb78      0x4  apptask.o [1]
  .bss                zero     0x2001cb7c      0x4  apptask.o [1]
  .bss                zero     0x2001cb80      0x4  apptask.o [1]
  .bss                zero     0x2001cb84      0x4  apptask.o [1]
  .bss                zero     0x2001cb88      0x4  apptask.o [1]
  .bss                zero     0x2001cb8c      0x4  apptask.o [1]
  .bss                zero     0x2001cb90      0x4  apptask.o [1]
  .bss                zero     0x2001cb94      0x4  bsp_sdio_sd.o [1]
  .bss                zero     0x2001cb98      0x4  bsp_sdio_sd.o [1]
  .bss                zero     0x2001cb9c      0x4  bsp_sdio_sd.o [1]
  .bss                zero     0x2001cba0      0x4  bsp_sdio_sd.o [1]
  .bss                zero     0x2001cba4      0x4  bsp_sdio_sd.o [1]
  .bss                zero     0x2001cba8      0x4  bsp_timer.o [1]
  .bss                zero     0x2001cbac      0x4  bsp_timer.o [1]
  .bss                zero     0x2001cbb0      0x4  bsp_timer.o [1]
  .bss                zero     0x2001cbb4      0x4  bsp_timer.o [1]
  .bss                zero     0x2001cbb8      0x4  heap_4.o [1]
  .bss                zero     0x2001cbbc      0x4  heap_4.o [1]
  .bss                zero     0x2001cbc0      0x4  heap_4.o [1]
  .bss                zero     0x2001cbc4      0x4  heap_4.o [1]
  .bss                zero     0x2001cbc8      0x4  port.o [1]
  .bss                zero     0x2001cbcc      0x4  product_cal.o [1]
  .bss                zero     0x2001cbd0      0x4  product_cal.o [1]
  .bss                zero     0x2001cbd4      0x4  SysInfoTest.o [1]
  .bss                zero     0x2001cbd8      0x4  tasks.o [1]
  .bss                zero     0x2001cbdc      0x4  tasks.o [1]
  .bss                zero     0x2001cbe0      0x4  tasks.o [1]
  .bss                zero     0x2001cbe4      0x4  tasks.o [1]
  .bss                zero     0x2001cbe8      0x4  tasks.o [1]
  .bss                zero     0x2001cbec      0x4  tasks.o [1]
  .bss                zero     0x2001cbf0      0x4  tasks.o [1]
  .bss                zero     0x2001cbf4      0x4  tasks.o [1]
  .bss                zero     0x2001cbf8      0x4  tasks.o [1]
  .bss                zero     0x2001cbfc      0x4  tasks.o [1]
  .bss                zero     0x2001cc00      0x4  tasks.o [1]
  .bss                zero     0x2001cc04      0x4  tasks.o [1]
  .bss                zero     0x2001cc08      0x4  tasks.o [1]
  .bss                zero     0x2001cc0c      0x4  tasks.o [1]
  .bss                zero     0x2001cc10      0x4  tasks.o [1]
  .bss                zero     0x2001cc14      0x4  tasks.o [1]
  .bss                zero     0x2001cc18      0x4  timers.o [1]
  .bss                zero     0x2001cc1c      0x4  timers.o [1]
  .bss                zero     0x2001cc20      0x4  timers.o [1]
  .bss                zero     0x2001cc24      0x4  timers.o [1]
  .bss                zero     0x2001cc28      0x4  usbh_msc_bot.o [1]
  .bss                zero     0x2001cc2c      0x4  usbh_msc_bot.o [1]
  .bss                zero     0x2001cc30      0x4  usbh_msc_bot.o [1]
  .bss                zero     0x2001cc34      0x4  usbh_msc_bot.o [1]
  .bss                zero     0x2001cc38      0x2  apptask.o [1]
  .bss                zero     0x2001cc3a      0x2  apptask.o [1]
  .bss                zero     0x2001cc3c      0x2  apptask.o [1]
  .bss                zero     0x2001cc3e      0x2  apptask.o [1]
  .bss                zero     0x2001cc40      0x2  apptask.o [1]
  .bss                zero     0x2001cc42      0x2  bsp_sdwe050c17.o [1]
  .bss                zero     0x2001cc44      0x2  encoder_tim.o [1]
  .bss                zero     0x2001cc46      0x2  encoder_tim.o [1]
  .bss                zero     0x2001cc48      0x2  ff.o [1]
  .bss                zero     0x2001cc4a      0x2  page_weimi.o [1]
  .bss                zero     0x2001cc4c      0x2  page_weimi.o [1]
  .bss                zero     0x2001cc4e      0x2  product_cal.o [1]
  .bss                zero     0x2001cc50      0x2  usbh_core.o [1]
  .bss                zero     0x2001cc52      0x2  usbh_stdreq.o [1]
  .bss                zero     0x2001cc54      0x1  apptask.o [1]
  .bss                zero     0x2001cc55      0x1  apptask.o [1]
  .bss                zero     0x2001cc56      0x1  apptask.o [1]
  .bss                zero     0x2001cc57      0x1  apptask.o [1]
  .bss                zero     0x2001cc58      0x1  apptask.o [1]
  .bss                zero     0x2001cc59      0x1  apptask.o [1]
  .bss                zero     0x2001cc5a      0x1  apptask.o [1]
  .bss                zero     0x2001cc5b      0x1  apptask.o [1]
  .bss                zero     0x2001cc5c      0x1  apptask.o [1]
  .bss                zero     0x2001cc5d      0x1  apptask.o [1]
  .bss                zero     0x2001cc5e      0x1  apptask.o [1]
  .bss                zero     0x2001cc5f      0x1  apptask.o [1]
  .bss                zero     0x2001cc60      0x1  bsp_sdio_sd.o [1]
  .bss                zero     0x2001cc61      0x1  bsp_sdwe050c17.o [1]
  .bss                zero     0x2001cc62      0x1  bsp_uart_fifo.o [1]
  .bss                zero     0x2001cc63      0x1  page_weimi.o [1]
  .bss                zero     0x2001cc64      0x1  page_weimi.o [1]
  .bss                zero     0x2001cc65      0x1  page_weimi.o [1]
  .bss                zero     0x2001cc66      0x1  page_weimi.o [1]
  .bss                zero     0x2001cc67      0x1  port.o [1]
  .bss                zero     0x2001cc68      0x1  product_cal.o [1]
  .bss                zero     0x2001cc69      0x1  product_cal.o [1]
  .bss                zero     0x2001cc6a      0x1  product_cal.o [1]
  .bss                zero     0x2001cc6b      0x1  protocol.o [1]
  .bss                zero     0x2001cc6c      0x1  rc522.o [1]
  .bss                zero     0x2001cc6d      0x1  rc522.o [1]
  .bss                zero     0x2001cc6e      0x1  usbh_msc_bot.o [1]
  .bss                zero     0x2001cc6f      0x1  usbh_msc_core.o [1]
  .bss                zero     0x2001cc70      0x1  usbh_msc_core.o [1]
  .bss                zero     0x2001cc71      0x1  usbh_stdreq.o [1]
  .bss                zero     0x2001cc72      0x1  usbh_usr.o [1]
  CSTACK                       0x2001cc78    0x800  <Block>
    CSTACK            uninit   0x2001cc78    0x800  <Block tail>
                             - 0x2001d478  0x1d478

Absolute sections:                         0xff000
  .bss                zero     0x68000000  0xf0000  malloc.o [1]
  .bss                zero     0x680f0000   0xf000  malloc.o [1]
                             - 0x680ff000  0xff000


*******************************************************************************
*** INIT TABLE
***

          Address     Size
          -------     ----
Zero (__iar_zero_init3)
    2 destination ranges, total size 0x11ba2b:
          0x20000248  0x1ca2b
          0x68000000  0xff000

Copy/packbits (__iar_packbits_init3)
    1 source range, total size 0x125 (50% of destination):
          0x080467a8    0x125
    1 destination range, total size 0x246:
          0x20000000    0x246



*******************************************************************************
*** MODULE SUMMARY
***

    Module                    ro code  ro data  rw data    rw data
                                                            (abs)
    ------                    -------  -------  -------    -------
E:\work\YarnControl_Driver\src\stm32f4_rtos\Project\EWARMv7\Flash\Obj: [1]
    SysInfoTest.o                  60                 4
    apptask.o                  23 644    2 945      135
    bsp.o                          72
    bsp_closeSW.o                 212
    bsp_dwt.o                     116
    bsp_led.o                     192
    bsp_relay.o                    68
    bsp_sdio_sd.o               6 744               209
    bsp_sdwe050c17.o            5 836       36       55
    bsp_servomotor.o              864       10       20
    bsp_spi.o                     292
    bsp_stepmotor.o               804
    bsp_sw_onoff.o                104
    bsp_tim_pwm.o                 736
    bsp_timer.o                   516                16
    bsp_uart_fifo.o             2 712             1 201
    bsp_w25qxx.o                  896        9    4 098
    bsp_watchdog.o                  8
    cc936.o                       244  176 320
    demo_fatfs.o                           733       80
    diskio.o                      740
    encoder_tim.o                 604                21
    event_groups.o                610
    ff.o                        9 368       36      562
    heap_4.o                      640        4   61 464
    list.o                        152
    main.o                         52       32
    malloc.o                      540       38   43 548  1 044 480
    mcheck.o                      184      768
    misc.o                        136
    modbus.o                      852                 8
    page_weimi.o                  592        1      333
    para.o                      5 118      292      152
    port.o                        588        6        9
    portasm.o                     168
    product_cal.o               1 320      400      105
    protocol.o                     68               509
    queue.o                     1 992
    rc522.o                       174                22
    startup_stm32f40_41xxx.o      680
    stm32f4xx_dma.o               796
    stm32f4xx_exti.o              192
    stm32f4xx_gpio.o              300
    stm32f4xx_it.o                 56       44
    stm32f4xx_iwdg.o               16
    stm32f4xx_rcc.o               488        8       16
    stm32f4xx_sdio.o              380
    stm32f4xx_spi.o               116
    stm32f4xx_syscfg.o             84
    stm32f4xx_tim.o             1 782
    stm32f4xx_usart.o             596
    system_stm32f4xx.o            340        2        4
    tasks.o                     3 072        8      484
    timers.o                    1 188        8       56
    usb_bsp.o                     332
    usb_core.o                  2 640
    usb_hcd.o                     214
    usb_hcd_int.o               3 198
    usbh_core.o                 1 888        8       18
    usbh_hcs.o                    442
    usbh_ioreq.o                  582
    usbh_it.o                      16
    usbh_msc_bot.o              1 364                81
    usbh_msc_core.o             1 000        8       94
    usbh_msc_scsi.o             1 560        1      529
    usbh_stdreq.o               1 078               515
    usbh_usr.o                    418      592    3 125
    --------------------------------------------------------------
    Total:                     92 836  182 309  117 473  1 044 480

command line: [2]
    --------------------------------------------------------------
    Total:

dl7M_tlf.a: [3]
    abort.o                         6
    div.o                          14
    errno.o                        12        2        4
    exit.o                          4
    isxxx.o                        40
    localeconv.o                  108       68      136
    printf.o                       36
    putchar.o                      12
    setlocale.o                    24       58      116
    sprintf.o                      52
    sscanf.o                       36
    strcat.o                       28
    strstr.o                       44
    tolower.o                      20
    xfiles.o                                32      144
    xlocale_c.o                    54
    xprintffull_nomb.o          3 478
    xprout.o                       22
    xscanffull_nomb.o           2 916
    xsprout.o                      10
    xsscin.o                       30
    xstoflt.o                     440
    xstoll.o                      164
    xstopfx.o                     292
    xstoull.o                     432
    xstoxflt.o                    536
    xtls.o                          2
    --------------------------------------------------------------
    Total:                      8 812      160      400

m7M_tls.a: [4]
    DblAdd.o                      232
    DblCmpEq.o                     32
    DblCmpGe.o                     46
    DblCmpLe.o                     46
    DblDiv.o                      598
    DblMul.o                      418
    DblSub.o                      384
    DblToFlt.o                    144
    DblToI32.o                     88
    FltToDbl.o                     78
    I32ToDbl.o                     48
    fpinit_M.o                     34
    xdnorm.o                       66
    xdscale.o                     276
    xdtento.o                     512
    xdunscal.o                     82
    xstold.o                      360
    --------------------------------------------------------------
    Total:                      3 444

rt7M_tl.a: [5]
    ABImemcpy_unaligned.o         118
    ABImemset.o                   102
    I64DivMod.o                   306
    I64DivZer.o                     2
    cexit.o                        10
    cmain.o                        26
    cstartup_M.o                   12
    data_init.o                    40
    memchr.o                       88
    memcmp_unaligned.o             98
    packbits_init.o               208
    strchr.o                       22
    strcmp_unaligned.o             66
    strcpy_unaligned.o             68
    strlen.o                       54
    zero_init3.o                   64
    --------------------------------------------------------------
    Total:                      1 284

shb_l.a: [6]
    exit.o                         20
    --------------------------------------------------------------
    Total:                         20

    Gaps                           50        6        2
    Linker created                          52    2 048
------------------------------------------------------------------
    Grand Total:              106 446  182 527  119 923  1 044 480


*******************************************************************************
*** ENTRY LIST
***

Entry                      Address     Size  Type      Object
-----                      -------     ----  ----      ------
.iar.init_table$$Base   0x08045b68            --   Gb  - Linker created -
.iar.init_table$$Limit  0x08045b9c            --   Gb  - Linker created -
?main                   0x08045ea1           Code  Gb  cmain.o [5]
APBAHBPrescTable        0x20000204     0x10  Data  Lc  stm32f4xx_rcc.o [1]
AppObjCreate            0x08030071    0x194  Code  Gb  apptask.o [1]
AppTaskCreate           0x0802fefd    0x16c  Code  Gb  apptask.o [1]
BOTStallErrorCount      0x2001cc28      0x4  Data  Lc  usbh_msc_bot.o [1]
BusFault_Handler        0x08045777      0x2  Code  Gb  stm32f4xx_it.o [1]
CID_Tab                 0x2001ca8c     0x10  Data  Lc  bsp_sdio_sd.o [1]
CRC16HiTable            0x08045218    0x100  Data  Gb  mcheck.o [1]
CRC16LoTable            0x08045318    0x100  Data  Gb  mcheck.o [1]
CRC8Table               0x08045418    0x100  Data  Gb  mcheck.o [1]
CSD_Tab                 0x2001ca7c     0x10  Data  Lc  bsp_sdio_sd.o [1]
CSTACK$$Base            0x2001cc78            --   Gb  - Linker created -
CSTACK$$Limit           0x2001d478            --   Gb  - Linker created -
CardType                0x2001cb94      0x4  Data  Lc  bsp_sdio_sd.o [1]
CmdError                0x08040e6d     0x38  Code  Lc  bsp_sdio_sd.o [1]
CmdResp1Error           0x08040f11    0x112  Code  Lc  bsp_sdio_sd.o [1]
CmdResp2Error           0x08041061     0x52  Code  Lc  bsp_sdio_sd.o [1]
CmdResp3Error           0x08041023     0x3e  Code  Lc  bsp_sdio_sd.o [1]
CmdResp6Error           0x080410b3     0xa6  Code  Lc  bsp_sdio_sd.o [1]
CmdResp7Error           0x08040ea5     0x58  Code  Lc  bsp_sdio_sd.o [1]
ConfigExitNVIC          0x0803920f     0x22  Code  Gb  bsp_closeSW.o [1]
ConfigUartNVIC          0x0803ac53     0x7c  Code  Lc  bsp_uart_fifo.o [1]
DMA1_Stream0_IRQHandler
                        0x08035dd9     0x1c  Code  Gb  bsp_servomotor.o [1]
DMA1_Stream3_IRQHandler
                        0x08035df5     0x1c  Code  Gb  bsp_servomotor.o [1]
DMA2_Stream3_IRQHandler
                        0x08041755      0x8  Code  Gb  bsp_sdio_sd.o [1]
DMAEndOfTransfer        0x2001cba4      0x4  Data  Gb  bsp_sdio_sd.o [1]
DMA_ClearFlag           0x0803ce0f     0x24  Code  Gb  stm32f4xx_dma.o [1]
DMA_Cmd                 0x0803cdc5     0x1a  Code  Gb  stm32f4xx_dma.o [1]
DMA_DeInit              0x0803cc2d    0x140  Code  Gb  stm32f4xx_dma.o [1]
DMA_FlowControllerConfig
                        0x0803cddf     0x18  Code  Gb  stm32f4xx_dma.o [1]
DMA_GetCmdStatus        0x0803cdf7     0x18  Code  Gb  stm32f4xx_dma.o [1]
DMA_GetITStatus         0x0803ce75     0x62  Code  Gb  stm32f4xx_dma.o [1]
DMA_ITConfig            0x0803ce33     0x42  Code  Gb  stm32f4xx_dma.o [1]
DMA_Init                0x0803cd6d     0x58  Code  Gb  stm32f4xx_dma.o [1]
DebugMon_Handler        0x0804577b      0x2  Code  Gb  stm32f4xx_it.o [1]
DiskFile_init           0x08039151     0x40  Code  Gb  protocol.o [1]
Disk_File               0x2001c3f4     0xd4  Data  Gb  protocol.o [1]
ENC_Calc_Average_Speed  0x080398ab      0xe  Code  Gb  encoder_tim.o [1]
ENC_Calc_Rot_Speed      0x080397d1     0xda  Code  Gb  encoder_tim.o [1]
ENC_Clear_Speed_Buffer  0x080397b5     0x1c  Code  Gb  encoder_tim.o [1]
ENC_Init                0x080396c9     0xec  Code  Gb  encoder_tim.o [1]
EXTI9_5_IRQHandler      0x08039231     0x3c  Code  Gb  bsp_closeSW.o [1]
EXTI_ClearITPendingBit  0x0803dfdb      0x6  Code  Gb  stm32f4xx_exti.o [1]
EXTI_GetITStatus        0x0803dfc1     0x1a  Code  Gb  stm32f4xx_exti.o [1]
EXTI_Init               0x0803df39     0x88  Code  Gb  stm32f4xx_exti.o [1]
FR_Table                0x200000fc     0x50  Data  Gb  demo_fatfs.o [1]
FatFs                   0x2001caf4      0xc  Data  Lc  ff.o [1]
Files                   0x2001c93c     0x24  Data  Lc  ff.o [1]
FindSCR                 0x08041301    0x206  Code  Lc  bsp_sdio_sd.o [1]
Fsid                    0x2001cc48      0x2  Data  Lc  ff.o [1]
GPIO_Init               0x08039279     0xaa  Code  Gb  stm32f4xx_gpio.o [1]
GPIO_PinAFConfig        0x0803934b     0x5a  Code  Gb  stm32f4xx_gpio.o [1]
GPIO_ReadInputDataBit   0x08039323     0x1a  Code  Gb  stm32f4xx_gpio.o [1]
GPIO_WriteBit           0x0803933d      0xe  Code  Gb  stm32f4xx_gpio.o [1]
GetDeviceState          0x0803911d     0x2e  Code  Gb  bsp_sw_onoff.o [1]
HCD_GetCurrentFrame     0x0803d1ad      0x8  Code  Gb  usb_hcd.o [1]
HCD_GetCurrentSpeed     0x0803d18f     0x10  Code  Gb  usb_hcd.o [1]
HCD_GetURB_State        0x0803d1b5      0xa  Code  Gb  usb_hcd.o [1]
HCD_GetXferCnt          0x0803d1bf      0xc  Code  Gb  usb_hcd.o [1]
HCD_Init                0x0803d11d     0x72  Code  Gb  usb_hcd.o [1]
HCD_ResetPort           0x0803d19f      0xe  Code  Gb  usb_hcd.o [1]
HCD_SubmitRequest       0x0803d1cb     0x28  Code  Gb  usb_hcd.o [1]
HardFault_Handler       0x08045747     0x22  Code  Gb  stm32f4xx_it.o [1]
IWDG_Feed               0x0803a02d      0x8  Code  Gb  bsp_watchdog.o [1]
IWDG_ReloadCounter      0x0803e12d      0xa  Code  Gb  stm32f4xx_iwdg.o [1]
InStream_Read           0x08045519     0x22  Code  Lc  packbits_init.o [5]
InitHardUart            0x0803a867    0x3ec  Code  Lc  bsp_uart_fifo.o [1]
Init_JINGSHA_GUI        0x08030efb    0x122  Code  Gb  bsp_sdwe050c17.o [1]
JingSha_File            0x2001c7b8     0x58  Data  Gb  protocol.o [1]
LfnBuf                  0x2001bb88    0x200  Data  Lc  ff.o [1]
LfnOfs                  0x080462a8     0x10  Data  Lc  ff.o [1]
LoadInt                 0x0803bb41     0x6e  Code  Lc  xprintffull_nomb.o [3]
MSCErrorCount           0x2001cc6f      0x1  Data  Gb  usbh_msc_core.o [1]
MSC_Machine             0x2001c860     0x4c  Data  Gb  usbh_msc_core.o [1]
MSG_DEV_ATTACHED        0x0804604c     0x18  Data  Gb  usbh_usr.o [1]
MSG_DEV_DISCONNECTED    0x08046064     0x18  Data  Gb  usbh_usr.o [1]
MSG_DEV_ENUMERATED      0x08045e4c     0x1c  Data  Gb  usbh_usr.o [1]
MSG_DEV_ERROR           0x08046154     0x14  Data  Gb  usbh_usr.o [1]
MSG_DEV_FULLSPEED       0x08045cbc     0x20  Data  Gb  usbh_usr.o [1]
MSG_DEV_HIGHSPEED       0x08045c9c     0x20  Data  Gb  usbh_usr.o [1]
MSG_DEV_LOWSPEED        0x08045cdc     0x20  Data  Gb  usbh_usr.o [1]
MSG_HID_CLASS           0x08045e68     0x1c  Data  Gb  usbh_usr.o [1]
MSG_MSC_CLASS           0x08045b20     0x24  Data  Gb  usbh_usr.o [1]
MSG_UNREC_ERROR         0x08045e84     0x1c  Data  Gb  usbh_usr.o [1]
MemManage_Handler       0x08045775      0x2  Code  Gb  stm32f4xx_it.o [1]
MotorProcess            0x2001c9b0     0x18  Data  Gb  page_weimi.o [1]
MotorStepCount          0x08035825     0x68  Code  Gb  page_weimi.o [1]
NMI_Handler             0x08045745      0x2  Code  Gb  stm32f4xx_it.o [1]
NVIC_Init               0x0803cf53     0x6a  Code  Gb  misc.o [1]
NVIC_PriorityGroupConfig
                        0x0803cf49      0xa  Code  Gb  misc.o [1]
OTG_FS_IRQHandler       0x08046329     0x10  Code  Gb  usbh_it.o [1]
PendSV_Handler          0x0803e13d           Code  Gb  portasm.o [1]
RCA                     0x2001cb98      0x4  Data  Lc  bsp_sdio_sd.o [1]
RCC_AHB1PeriphClockCmd  0x0803a69b     0x22  Code  Gb  stm32f4xx_rcc.o [1]
RCC_AHB2PeriphClockCmd  0x0803a6bd     0x1e  Code  Gb  stm32f4xx_rcc.o [1]
RCC_APB1PeriphClockCmd  0x0803a6db     0x1e  Code  Gb  stm32f4xx_rcc.o [1]
RCC_APB1PeriphResetCmd  0x0803a717     0x1e  Code  Gb  stm32f4xx_rcc.o [1]
RCC_APB2PeriphClockCmd  0x0803a6f9     0x1e  Code  Gb  stm32f4xx_rcc.o [1]
RCC_APB2PeriphResetCmd  0x0803a735     0x1e  Code  Gb  stm32f4xx_rcc.o [1]
RCC_GetClocksFreq       0x0803a599    0x102  Code  Gb  stm32f4xx_rcc.o [1]
RS485_InitTXE           0x0803a831     0x36  Code  Gb  bsp_uart_fifo.o [1]
RS485_sendbuf           0x0803b109     0x40  Code  Gb  bsp_uart_fifo.o [1]
Region$$Table$$Base     0x08045b68            --   Gb  - Linker created -
Region$$Table$$Limit    0x08045b9c            --   Gb  - Linker created -
SDCardInfo              0x2001c760     0x58  Data  Gb  bsp_sdio_sd.o [1]
SDEnWideBus             0x08041165    0x198  Code  Lc  bsp_sdio_sd.o [1]
SDIO_ClearFlag          0x080427c5      0x6  Code  Gb  stm32f4xx_sdio.o [1]
SDIO_ClearITPendingBit  0x080427e5      0x6  Code  Gb  stm32f4xx_sdio.o [1]
SDIO_ClockCmd           0x080426f3      0x8  Code  Gb  stm32f4xx_sdio.o [1]
SDIO_CmdInitStructure   0x2001c9c8     0x14  Data  Gb  bsp_sdio_sd.o [1]
SDIO_DMACmd             0x08042785      0x8  Code  Gb  stm32f4xx_sdio.o [1]
SDIO_DataConfig         0x08042751     0x2e  Code  Gb  stm32f4xx_sdio.o [1]
SDIO_DataInitStructure  0x2001c998     0x18  Data  Gb  bsp_sdio_sd.o [1]
SDIO_DeInit             0x080426b1     0x18  Code  Gb  stm32f4xx_sdio.o [1]
SDIO_GetCommandResponse
                        0x08042733      0x8  Code  Gb  stm32f4xx_sdio.o [1]
SDIO_GetFlagStatus      0x080427ab     0x1a  Code  Gb  stm32f4xx_sdio.o [1]
SDIO_GetITStatus        0x080427cb     0x1a  Code  Gb  stm32f4xx_sdio.o [1]
SDIO_GetPowerState      0x08042701      0xa  Code  Gb  stm32f4xx_sdio.o [1]
SDIO_GetResponse        0x0804273b     0x16  Code  Gb  stm32f4xx_sdio.o [1]
SDIO_IRQHandler         0x0804174d      0x8  Code  Gb  bsp_sdio_sd.o [1]
SDIO_ITConfig           0x0804278d     0x1e  Code  Gb  stm32f4xx_sdio.o [1]
SDIO_Init               0x080426c9     0x2a  Code  Gb  stm32f4xx_sdio.o [1]
SDIO_InitStructure      0x2001c980     0x18  Data  Gb  bsp_sdio_sd.o [1]
SDIO_Interrupts_Config  0x08041711     0x3c  Code  Gb  bsp_sdio_sd.o [1]
SDIO_ReadData           0x0804277f      0x6  Code  Gb  stm32f4xx_sdio.o [1]
SDIO_SendCommand        0x0804270b     0x28  Code  Gb  stm32f4xx_sdio.o [1]
SDIO_SetPowerState      0x080426fb      0x6  Code  Gb  stm32f4xx_sdio.o [1]
SDWE_WARNNING           0x0803118d     0x2a  Code  Gb  bsp_sdwe050c17.o [1]
SD_Detect               0x0803fe09     0x22  Code  Gb  bsp_sdio_sd.o [1]
SD_EnableWideBusOperation
                        0x08040605     0xc8  Code  Gb  bsp_sdio_sd.o [1]
SD_GetCardInfo          0x08040219    0x3ec  Code  Gb  bsp_sdio_sd.o [1]
SD_GetState             0x0803fddf     0x2a  Code  Gb  bsp_sdio_sd.o [1]
SD_GetStatus            0x0803fdbd     0x22  Code  Gb  bsp_sdio_sd.o [1]
SD_Init                 0x0803fd05     0xb8  Code  Gb  bsp_sdio_sd.o [1]
SD_InitializeCards      0x08040077    0x1a2  Code  Gb  bsp_sdio_sd.o [1]
SD_LowLevel_DMA_RxConfig
                        0x0804165b     0x8e  Code  Gb  bsp_sdio_sd.o [1]
SD_LowLevel_DMA_TxConfig
                        0x080415cd     0x8e  Code  Gb  bsp_sdio_sd.o [1]
SD_LowLevel_Init        0x08041509     0xbc  Code  Gb  bsp_sdio_sd.o [1]
SD_PowerON              0x0803fe2b    0x24c  Code  Gb  bsp_sdio_sd.o [1]
SD_ProcessDMAIRQ        0x08040e49     0x22  Code  Gb  bsp_sdio_sd.o [1]
SD_ProcessIRQSrc        0x08040d9b     0xae  Code  Gb  bsp_sdio_sd.o [1]
SD_ReadBlock            0x08040705    0x108  Code  Gb  bsp_sdio_sd.o [1]
SD_ReadMultiBlocks      0x0804080d    0x134  Code  Gb  bsp_sdio_sd.o [1]
SD_SelectDeselect       0x080406cd     0x38  Code  Gb  bsp_sdio_sd.o [1]
SD_SendStatus           0x08040d2d     0x6e  Code  Gb  bsp_sdio_sd.o [1]
SD_StopTransfer         0x08040ce5     0x44  Code  Gb  bsp_sdio_sd.o [1]
SD_WaitReadOperation    0x08040945     0x96  Code  Gb  bsp_sdio_sd.o [1]
SD_WriteBlock           0x080409e5    0x11e  Code  Gb  bsp_sdio_sd.o [1]
SD_WriteMultiBlocks     0x08040b11    0x1cc  Code  Gb  bsp_sdio_sd.o [1]
SPI1_Init               0x0803b491     0xc0  Code  Gb  bsp_spi.o [1]
SPI1_ReadWriteByte      0x0803b579     0x32  Code  Gb  bsp_spi.o [1]
SPI1_SetSpeed           0x0803b551     0x28  Code  Gb  bsp_spi.o [1]
SPI_Cmd                 0x0803e479     0x1c  Code  Gb  stm32f4xx_spi.o [1]
SPI_I2S_GetFlagStatus   0x0803e495     0x18  Code  Gb  stm32f4xx_spi.o [1]
SPI_Init                0x0803e439     0x40  Code  Gb  stm32f4xx_spi.o [1]
SRC_Buffer              0x200001f0     0x14  Data  Gb  bsp_servomotor.o [1]
SVC_Handler             0x0803e195           Code  Gb  portasm.o [1]
SYSCFG_EXTILineConfig   0x0803dee5     0x50  Code  Gb  stm32f4xx_syscfg.o [1]
Sdwe_ClearReadDisk      0x08031263     0x20  Code  Gb  bsp_sdwe050c17.o [1]
Sdwe_change_class_time  0x0803193b     0x30  Code  Gb  bsp_sdwe050c17.o [1]
Sdwe_clearString        0x080311b7     0x54  Code  Gb  bsp_sdwe050c17.o [1]
Sdwe_clear_filename     0x080312b3     0x60  Code  Gb  bsp_sdwe050c17.o [1]
Sdwe_disDigi            0x08031067     0xa4  Code  Gb  bsp_sdwe050c17.o [1]
Sdwe_disPicture         0x0803101d     0x4a  Code  Gb  bsp_sdwe050c17.o [1]
Sdwe_disString          0x0803110b     0x82  Code  Gb  bsp_sdwe050c17.o [1]
Sdwe_hidden_page        0x080319d3     0x30  Code  Gb  bsp_sdwe050c17.o [1]
Sdwe_peiliao_page       0x0803177d    0x192  Code  Gb  bsp_sdwe050c17.o [1]
Sdwe_period_page        0x0803196b     0x68  Code  Gb  bsp_sdwe050c17.o [1]
Sdwe_product_page       0x0803154f    0x226  Code  Gb  bsp_sdwe050c17.o [1]
Sdwe_ratio_display      0x08031919     0x22  Code  Gb  bsp_sdwe050c17.o [1]
Sdwe_readRTC            0x08031283     0x30  Code  Gb  bsp_sdwe050c17.o [1]
Sdwe_refresh_allname    0x08031507     0x48  Code  Gb  bsp_sdwe050c17.o [1]
Sdwe_refresh_filename   0x08031313    0x1f4  Code  Gb  bsp_sdwe050c17.o [1]
Sdwe_stop_page          0x08031a03    0x380  Code  Gb  bsp_sdwe050c17.o [1]
Sdwe_writeIcon          0x0803120b     0x58  Code  Gb  bsp_sdwe050c17.o [1]
ServoMotorRunning       0x08035dbd     0x1c  Code  Gb  bsp_servomotor.o [1]
SetSysClock             0x08045117     0xce  Code  Lc  system_stm32f4xx.o [1]
SlavePara               0x2001c4c8     0xa4  Data  Gb  protocol.o [1]
StepMotor_adjust_speed  0x080395e5     0x4e  Code  Gb  bsp_stepmotor.o [1]
StepMotor_start         0x0803966f     0x3c  Code  Gb  bsp_stepmotor.o [1]
StepMotor_stop          0x08039633     0x3c  Code  Gb  bsp_stepmotor.o [1]
StopCondition           0x2001cb9c      0x4  Data  Gb  bsp_sdio_sd.o [1]
SysTick_Handler         0x0803a1bb     0x2c  Code  Gb  port.o [1]
SystemCoreClock         0x20000234      0x4  Data  Gb  system_stm32f4xx.o [1]
SystemInit              0x080450c5     0x52  Code  Gb  system_stm32f4xx.o [1]
TI1_Config              0x0803cb2f     0x38  Code  Lc  stm32f4xx_tim.o [1]
TI2_Config              0x0803cb67     0x42  Code  Lc  stm32f4xx_tim.o [1]
TI3_Config              0x0803cba9     0x40  Code  Lc  stm32f4xx_tim.o [1]
TI4_Config              0x0803cbe9     0x42  Code  Lc  stm32f4xx_tim.o [1]
TIM1_PWM_SETPMOTOR      0x08039511     0x6e  Code  Gb  bsp_stepmotor.o [1]
TIM2_IRQHandler         0x0803b3cd     0xac  Code  Gb  bsp_timer.o [1]
TIM3_PWM_SETPMOTOR      0x080394ab     0x66  Code  Gb  bsp_stepmotor.o [1]
TIM4_CH1_ConfigPwmOut   0x08035ad9     0x1c  Code  Gb  bsp_servomotor.o [1]
TIM4_CH1_GPIO_Configuration
                        0x08035b63     0x6a  Code  Gb  bsp_servomotor.o [1]
TIM4_CH1_PWMDMA_Config  0x08035cdf     0xb0  Code  Gb  bsp_servomotor.o [1]
TIM4_CH1_StartPwmOut    0x08035af5     0x36  Code  Gb  bsp_servomotor.o [1]
TIM4_CH1_StopPwmOut     0x08035b2b     0x38  Code  Gb  bsp_servomotor.o [1]
TIM4_CH2_StopPwmOut     0x08035d8f     0x2e  Code  Gb  bsp_servomotor.o [1]
TIM4_MANUAL_PWM_Config  0x08035c5b     0x78  Code  Gb  bsp_servomotor.o [1]
TIM4_MANUAL_PWM_Stop    0x08035cd3      0xc  Code  Gb  bsp_servomotor.o [1]
TIM4_PWM_Config         0x08035bcd     0x8e  Code  Gb  bsp_servomotor.o [1]
TIM5_PWM_SETPMOTOR      0x0803957f     0x66  Code  Gb  bsp_stepmotor.o [1]
TIM6_DAC_IRQHandler     0x080456e3     0x22  Code  Gb  SysInfoTest.o [1]
TIM8_UP_TIM13_IRQHandler
                        0x080398b9     0x46  Code  Gb  encoder_tim.o [1]
TIM_ARRPreloadConfig    0x0803c733     0x1c  Code  Gb  stm32f4xx_tim.o [1]
TIM_CallBack1           0x0803020d     0x44  Code  Gb  apptask.o [1]
TIM_ClearFlag           0x0803ca99      0x8  Code  Gb  stm32f4xx_tim.o [1]
TIM_ClearITPendingBit   0x0803cad3      0x8  Code  Gb  stm32f4xx_tim.o [1]
TIM_Cmd                 0x0803c74f     0x1c  Code  Gb  stm32f4xx_tim.o [1]
TIM_CtrlPWMOutputs      0x0803ca61     0x22  Code  Gb  stm32f4xx_tim.o [1]
TIM_DMACmd              0x0803cadb     0x16  Code  Gb  stm32f4xx_tim.o [1]
TIM_DeInit              0x0803c535    0x17c  Code  Gb  stm32f4xx_tim.o [1]
TIM_EncoderInterfaceConfig
                        0x0803caf1     0x3e  Code  Gb  stm32f4xx_tim.o [1]
TIM_GetITStatus         0x0803caa1     0x32  Code  Gb  stm32f4xx_tim.o [1]
TIM_ICInit              0x0803c98f     0x70  Code  Gb  stm32f4xx_tim.o [1]
TIM_ICStructInit        0x0803c9ff     0x16  Code  Gb  stm32f4xx_tim.o [1]
TIM_ITConfig            0x0803ca83     0x16  Code  Gb  stm32f4xx_tim.o [1]
TIM_OC1Init             0x0803c76b     0x7e  Code  Gb  stm32f4xx_tim.o [1]
TIM_OC1PreloadConfig    0x0803c957     0x12  Code  Gb  stm32f4xx_tim.o [1]
TIM_OC2Init             0x0803c7e9     0x8c  Code  Gb  stm32f4xx_tim.o [1]
TIM_OC2PreloadConfig    0x0803c969     0x14  Code  Gb  stm32f4xx_tim.o [1]
TIM_OC3Init             0x0803c875     0x8a  Code  Gb  stm32f4xx_tim.o [1]
TIM_OC3PreloadConfig    0x0803c97d     0x12  Code  Gb  stm32f4xx_tim.o [1]
TIM_OCStructInit        0x0803c935     0x22  Code  Gb  stm32f4xx_tim.o [1]
TIM_SetIC1Prescaler     0x0803ca15     0x12  Code  Gb  stm32f4xx_tim.o [1]
TIM_SetIC2Prescaler     0x0803ca27     0x14  Code  Gb  stm32f4xx_tim.o [1]
TIM_SetIC3Prescaler     0x0803ca3b     0x12  Code  Gb  stm32f4xx_tim.o [1]
TIM_SetIC4Prescaler     0x0803ca4d     0x14  Code  Gb  stm32f4xx_tim.o [1]
TIM_TimeBaseInit        0x0803c6b1     0x6a  Code  Gb  stm32f4xx_tim.o [1]
TIM_TimeBaseStructInit  0x0803c71b     0x18  Code  Gb  stm32f4xx_tim.o [1]
Task_iwdg_refresh       0x08030561     0x8a  Code  Gb  apptask.o [1]
TransferEnd             0x2001cba0      0x4  Data  Gb  bsp_sdio_sd.o [1]
TransferError           0x2001cc60      0x1  Data  Gb  bsp_sdio_sd.o [1]
UART1ToPC               0x0803b0a9     0x30  Code  Gb  bsp_uart_fifo.o [1]
UART2ToPC               0x0803b0d9     0x30  Code  Gb  bsp_uart_fifo.o [1]
UART2_RX_BUF            0x2001c6fc     0x64  Data  Gb  bsp_uart_fifo.o [1]
UART3ToPC               0x0803b149     0x30  Code  Gb  bsp_uart_fifo.o [1]
UART3_RX_BUF            0x2001b7a0    0x3e8  Data  Gb  bsp_uart_fifo.o [1]
UART4ToPC               0x0803b17b     0x30  Code  Gb  bsp_uart_fifo.o [1]
UART4_IRQHandler        0x0803afbb     0x84  Code  Gb  bsp_uart_fifo.o [1]
UART4_RX_BUF            0x2001c698     0x64  Data  Gb  bsp_uart_fifo.o [1]
UART5ToPC               0x0803b1ab     0x30  Code  Gb  bsp_uart_fifo.o [1]
UART5_IRQHandler        0x0803b03f     0x6a  Code  Gb  bsp_uart_fifo.o [1]
USART1_IRQHandler       0x0803ae37     0x24  Code  Gb  bsp_uart_fifo.o [1]
USART2_IRQHandler       0x0803ae5b     0x82  Code  Gb  bsp_uart_fifo.o [1]
USART3_IRQHandler       0x0803aedd     0xde  Code  Gb  bsp_uart_fifo.o [1]
USART_ClearFlag         0x0803e397      0xc  Code  Gb  stm32f4xx_usart.o [1]
USART_ClearITPendingBit
                        0x0803e413     0x26  Code  Gb  stm32f4xx_usart.o [1]
USART_Cmd               0x0803e2e1     0x1c  Code  Gb  stm32f4xx_usart.o [1]
USART_DMACmd            0x0803e30d     0x16  Code  Gb  stm32f4xx_usart.o [1]
USART_GetFlagStatus     0x0803e379     0x1e  Code  Gb  stm32f4xx_usart.o [1]
USART_GetITStatus       0x0803e3a3     0x70  Code  Gb  stm32f4xx_usart.o [1]
USART_ITConfig          0x0803e323     0x56  Code  Gb  stm32f4xx_usart.o [1]
USART_Init              0x0803e1e5     0xee  Code  Gb  stm32f4xx_usart.o [1]
USART_ReceiveData       0x0803e305      0x8  Code  Gb  stm32f4xx_usart.o [1]
USART_SendData          0x0803e2fd      0x8  Code  Gb  stm32f4xx_usart.o [1]
USBH_Alloc_Channel      0x0803d30d     0x2e  Code  Gb  usbh_hcs.o [1]
USBH_BulkReceiveData    0x0803d9b1     0x62  Code  Gb  usbh_ioreq.o [1]
USBH_BulkSendData       0x0803d94f     0x62  Code  Gb  usbh_ioreq.o [1]
USBH_CfgDesc            0x2001bf88    0x200  Data  Gb  usbh_stdreq.o [1]
USBH_ClrFeature         0x0803d557     0x4c  Code  Gb  usbh_stdreq.o [1]
USBH_Connected          0x08035fdd      0xc  Code  Gb  usbh_core.o [1]
USBH_CtlReceiveData     0x0803d909     0x46  Code  Gb  usbh_ioreq.o [1]
USBH_CtlReq             0x0803d7e3     0x6e  Code  Gb  usbh_ioreq.o [1]
[...]
get_class_time          0x08032787     0x80  Code  Gb  product_cal.o [1]
get_fat                 0x08036b63    0x11c  Code  Gb  ff.o [1]
get_fattime             0x0803dcf3      0x4  Code  Gb  diskio.o [1]
get_fileinfo            0x08037819    0x13c  Code  Lc  ff.o [1]
get_float_1bit          0x08032765     0x22  Code  Gb  product_cal.o [1]
get_ldnumber            0x08037cff     0x50  Code  Lc  ff.o [1]
get_period_state        0x08032807     0x54  Code  Gb  product_cal.o [1]
get_valid_length        0x08032535     0x26  Code  Gb  bsp_sdwe050c17.o [1]
get_valid_seg           0x080359fb     0x4a  Code  Gb  page_weimi.o [1]
get_weimi_para          0x08035953     0x5c  Code  Gb  page_weimi.o [1]
hEncoder_Timer_Overflow
                        0x2001cc46      0x2  Data  Gb  encoder_tim.o [1]
hPrevious_angle         0x2001cc44      0x2  Data  Gb  encoder_tim.o [1]
hSpeed_Buffer           0x2001ca9c     0x10  Data  Gb  encoder_tim.o [1]
hex_to_decimal          0x0803255b     0x26  Code  Gb  bsp_sdwe050c17.o [1]
idwgEventGroup          0x2001cb7c      0x4  Data  Gb  apptask.o [1]
inc_card_type           0x08032971    0x11c  Code  Gb  product_cal.o [1]
inc_lock                0x08036863     0xe8  Code  Lc  ff.o [1]
init_peiliao_para       0x08032641     0x50  Code  Gb  product_cal.o [1]
init_product_para       0x08032581     0xc0  Code  Gb  product_cal.o [1]
init_weimi_para         0x0803588d     0xc6  Code  Gb  page_weimi.o [1]
input_password_buf      0x2001cb00      0xc  Data  Gb  protocol.o [1]
input_password_len      0x2001cc6b      0x1  Data  Gb  protocol.o [1]
isDevicePeriod          0x2001cc5c      0x1  Data  Gb  apptask.o [1]
isWork                  0x2001cc55      0x1  Data  Gb  apptask.o [1]
is_same_data            0x0803285b     0x2a  Code  Gb  product_cal.o [1]
is_stop                 0x2001cc65      0x1  Data  Gb  page_weimi.o [1]
isalpha                 0x080422cb     0x14  Code  Gb  isxxx.o [3]
isspace                 0x080422df     0x14  Code  Gb  isxxx.o [3]
lcd_busy                0x2001cc61      0x1  Data  Gb  bsp_sdwe050c17.o [1]
lcd_rev_buf             0x2001c8ac     0x34  Data  Gb  bsp_sdwe050c17.o [1]
lcd_rev_len             0x2001cc42      0x2  Data  Gb  bsp_sdwe050c17.o [1]
ld_clust                0x0803718d     0x28  Code  Lc  ff.o [1]
localeconv              0x0803e70f     0x16  Code  Gb  localeconv.o [3]
m_ctrl_dev              0x2001cb2c      0x8  Data  Gb  modbus.o [1]
main                    0x0804577d     0x34  Code  Gb  main.o [1]
mallco_dev              0x200001d4     0x1c  Data  Gb  malloc.o [1]
mb_init                 0x08038fc9     0x30  Code  Gb  modbus.o [1]
mb_packsend_frame       0x08038ed7     0xf2  Code  Gb  modbus.o [1]
mb_unpack_frame         0x08038d95    0x142  Code  Gb  modbus.o [1]
mc_check_crc16          0x0803de6d     0x40  Code  Gb  mcheck.o [1]
mc_check_crc8           0x0803de49     0x24  Code  Gb  mcheck.o [1]
mc_check_sum            0x0803de01     0x2e  Code  Gb  mcheck.o [1]
mc_check_xor            0x0803de2f     0x1a  Code  Gb  mcheck.o [1]
mem1base                0x2000f248   0xa000  Data  Gb  malloc.o [1]
mem1mapbase             0x2001a248    0xa00  Data  Gb  malloc.o [1]
mem2base                0x68000000  0xf0000  Data  Gb  malloc.o [1]
mem2mapbase             0x680f0000   0xf000  Data  Gb  malloc.o [1]
mem_cmp                 0x0803676f     0x24  Code  Lc  ff.o [1]
mem_cpy                 0x0803673d     0x1c  Code  Lc  ff.o [1]
mem_set                 0x08036759     0x16  Code  Lc  ff.o [1]
memblksize              0x080465c0      0x8  Data  Gb  malloc.o [1]
memchr                  0x0803e4c5           Code  Gb  memchr.o [5]
memsize                 0x080465c8      0x8  Data  Gb  malloc.o [1]
memtblsize              0x080465b8      0x8  Data  Gb  malloc.o [1]
modbus_send_frame       0x08038ff9     0xe6  Code  Gb  modbus.o [1]
move_window             0x08036a31     0x40  Code  Lc  ff.o [1]
my_mem_free             0x08033d37     0x6c  Code  Gb  malloc.o [1]
my_mem_init             0x08033bfb     0x42  Code  Gb  malloc.o [1]
my_mem_malloc           0x08033c7b     0xbc  Code  Gb  malloc.o [1]
my_mem_perused          0x08033c3d     0x3e  Code  Gb  malloc.o [1]
myfree                  0x08033da3     0x24  Code  Gb  malloc.o [1]
mymalloc                0x08033dc7     0x2a  Code  Gb  malloc.o [1]
mymemset                0x08033be5     0x16  Code  Gb  malloc.o [1]
ndigs                   0x08042520     0x28  Data  Lc  xstoull.o [3]
obuf                    0x2001c810     0x50  Data  Lc  xfiles.o [3]
oem2uni                 0x0801560c  0x15484  Data  Lc  cc936.o [1]
old_card_record         0x2001cc5a      0x1  Data  Gb  apptask.o [1]
old_isWork              0x2001cc56      0x1  Data  Gb  apptask.o [1]
old_is_stop             0x20000244      0x1  Data  Gb  page_weimi.o [1]
old_plan_complete       0x2001cc69      0x1  Data  Gb  product_cal.o [1]
old_system_state        0x20000242      0x1  Data  Gb  apptask.o [1]
old_usb_disk_flag       0x2001cc58      0x1  Data  Gb  apptask.o [1]
para_init               0x080348bd     0x80  Code  Gb  para.o [1]
pcInterruptPriorityRegisters
                        0x08046694      0x4  Data  Lc  port.o [1]
peiliao_para            0x2001c8e0     0x34  Data  Gb  product_cal.o [1]
pick_lfn                0x08037283     0x8c  Code  Lc  ff.o [1]
plan_complete           0x2001cc68      0x1  Data  Gb  product_cal.o [1]
pluse_count             0x2001cc3a      0x2  Data  Gb  apptask.o [1]
pows                    0x08042d50     0x48  Data  Lc  xdtento.o [4]
printf                  0x08033b05     0x24  Code  Gb  printf.o [3]
product_complete_kilo   0x08032735     0x30  Code  Gb  product_cal.o [1]
product_complete_meter  0x08032723     0x12  Code  Gb  product_cal.o [1]
product_para            0x2001c914     0x28  Data  Gb  product_cal.o [1]
product_per_meter       0x08032691     0x78  Code  Gb  product_cal.o [1]
prvAddCurrentTaskToDelayedList
                        0x080335a5     0x48  Code  Lc  tasks.o [1]
prvAllocateTCBAndStack  0x080335ed     0x5a  Code  Lc  tasks.o [1]
prvCheckForValidListAndQueue
                        0x08039fbb     0x52  Code  Lc  timers.o [1]
prvCheckTasksWaitingTermination
                        0x0803353b     0x66  Code  Lc  tasks.o [1]
prvCopyDataFromQueue    0x08030d95     0x30  Code  Lc  queue.o [1]
prvCopyDataToQueue      0x08030d11     0x84  Code  Lc  queue.o [1]
prvDeleteTCB            0x08033647     0x12  Code  Lc  tasks.o [1]
prvGetNextExpireTime    0x08039da7     0x2e  Code  Lc  timers.o [1]
prvHeapInit             0x0803a4a9     0x6e  Code  Lc  heap_4.o [1]
prvIdleTask             0x08033455     0x26  Code  Lc  tasks.o [1]
prvInitialiseTCBVariables
                        0x0803347b     0x6a  Code  Lc  tasks.o [1]
prvInitialiseTaskLists  0x080334e5     0x56  Code  Lc  tasks.o [1]
prvInsertBlockIntoFreeList
                        0x0803a517     0x62  Code  Lc  heap_4.o [1]
prvInsertTimerInActiveList
                        0x08039dfd     0x50  Code  Lc  timers.o [1]
prvIsQueueEmpty         0x08030e2f     0x20  Code  Lc  queue.o [1]
prvIsQueueFull          0x08030e4f     0x22  Code  Lc  queue.o [1]
prvProcessExpiredTimer  0x08039cbf     0x5c  Code  Lc  timers.o [1]
prvProcessReceivedCommands
                        0x08039e4d     0xde  Code  Lc  timers.o [1]
prvProcessTimerOrBlockTask
                        0x08039d37     0x70  Code  Lc  timers.o [1]
prvResetNextTaskUnblockTime
                        0x08033659     0x26  Code  Lc  tasks.o [1]
prvSampleTimeNow        0x08039dd5     0x28  Code  Lc  timers.o [1]
prvSwitchTimerLists     0x08039f2b     0x90  Code  Lc  timers.o [1]
prvTaskExitError        0x0803a059     0x2a  Code  Lc  port.o [1]
prvTestWaitCondition    0x08039b63     0x24  Code  Lc  event_groups.o [1]
prvTimerTask            0x08039d1d     0x1a  Code  Lc  timers.o [1]
prvUnlockQueue          0x08030dc5     0x6a  Code  Lc  queue.o [1]
put_fat                 0x08036c7f    0x16c  Code  Gb  ff.o [1]
putchar                 0x08046095      0xc  Code  Gb  putchar.o [3]
pvPortMalloc            0x0803a319    0x118  Code  Gb  heap_4.o [1]
pxCurrentTCB            0x2001cbd8      0x4  Data  Gb  tasks.o [1]
pxCurrentTimerList      0x2001cc18      0x4  Data  Lc  timers.o [1]
pxDelayedTaskList       0x2001cbdc      0x4  Data  Lc  tasks.o [1]
pxEnd                   0x2001cbb8      0x4  Data  Lc  heap_4.o [1]
pxOverflowDelayedTaskList
                        0x2001cbe0      0x4  Data  Lc  tasks.o [1]
pxOverflowTimerList     0x2001cc1c      0x4  Data  Lc  timers.o [1]
pxPortInitialiseStack   0x0803a035     0x24  Code  Gb  port.o [1]
pxReadyTasksLists       0x2001c188    0x140  Data  Lc  tasks.o [1]
rc522_cmd_anticoll      0x08038d39     0x5a  Code  Gb  rc522.o [1]
rc522_cmd_request       0x08038ce5     0x54  Code  Gb  rc522.o [1]
readDisk                0x2001cc5d      0x1  Data  Gb  apptask.o [1]
readFilenum             0x2001cc5e      0x1  Data  Gb  apptask.o [1]
readSlave               0x2001cae8      0xc  Data  Gb  apptask.o [1]
read_device_info        0x08034435    0x2ae  Code  Gb  para.o [1]
read_file_select        0x2001cb18      0xc  Data  Gb  protocol.o [1]
read_from_disk          0x0803497d    0xd04  Code  Gb  para.o [1]
remove_chain            0x08036deb     0x76  Code  Lc  ff.o [1]
rfid_rev_buf            0x2001c9dc     0x14  Data  Gb  rc522.o [1]
rfid_rev_cnt            0x2001cc6d      0x1  Data  Gb  rc522.o [1]
rfid_rev_flag           0x2001cc6c      0x1  Data  Gb  rc522.o [1]
rtc_time                0x2001cb34      0x8  Data  Gb  protocol.o [1]
s_TIM_CallBack1         0x2001cba8      0x4  Data  Lc  bsp_timer.o [1]
s_TIM_CallBack2         0x2001cbac      0x4  Data  Lc  bsp_timer.o [1]
s_TIM_CallBack3         0x2001cbb0      0x4  Data  Lc  bsp_timer.o [1]
s_TIM_CallBack4         0x2001cbb4      0x4  Data  Lc  bsp_timer.o [1]
sample_time             0x2001cc38      0x2  Data  Gb  apptask.o [1]
sdew_weimi_page1        0x08031da1    0x302  Code  Gb  bsp_sdwe050c17.o [1]
sdew_weimi_page2        0x080320b1    0x25e  Code  Gb  bsp_sdwe050c17.o [1]
sdew_weisha_page1       0x0803230f    0x100  Code  Gb  bsp_sdwe050c17.o [1]
sdew_weisha_page2       0x0803241d    0x100  Code  Gb  bsp_sdwe050c17.o [1]
servomotor_mode         0x2001cc64      0x1  Data  Gb  page_weimi.o [1]
servomotor_step         0x2001cc4c      0x2  Data  Gb  page_weimi.o [1]
slave_info              0x2001cadc      0xc  Data  Gb  apptask.o [1]
speed_zhu               0x2001cc4a      0x2  Data  Gb  page_weimi.o [1]
sprintf                 0x08038bd5     0x34  Code  Gb  sprintf.o [3]
sscanf                  0x0803c511     0x24  Code  Gb  sscanf.o [3]
st_clust                0x080371b5     0x18  Code  Lc  ff.o [1]
step_motor_adjust       0x2001cc63      0x1  Data  Gb  page_weimi.o [1]
strcat                  0x08038c09     0x1c  Code  Gb  strcat.o [3]
strchr                  0x0803e4ad           Code  Gb  strchr.o [5]
strlen                  0x080343fd           Code  Gb  strlen.o [5]
strstr                  0x08039195     0x10  Code  Gb  para.o [1]
sum_sfn                 0x08037489     0x20  Code  Lc  ff.o [1]
sync_fs                 0x08036a71     0xd8  Code  Lc  ff.o [1]
sync_window             0x080369d7     0x5a  Code  Lc  ff.o [1]
system_state_dis        0x08044f34    0x190  Data  Gb  product_cal.o [1]
tolower                 0x0804287d     0x14  Code  Gb  tolower.o [3]
total_meter_gross       0x2001cbcc      0x4  Data  Gb  product_cal.o [1]
total_weight_gross      0x2001cbd0      0x4  Data  Gb  product_cal.o [1]
ucHeap                  0x20000248   0xf000  Data  Lc  heap_4.o [1]
ucMaxSysCallPriority    0x2001cc67      0x1  Data  Lc  port.o [1]
ulHighFrequencyTimerTicks
                        0x2001cbd4      0x4  Data  Gb  SysInfoTest.o [1]
ulMaxPRIGROUPValue      0x2001cbc8      0x4  Data  Lc  port.o [1]
ulTaskSwitchedInTime    0x2001cc10      0x4  Data  Lc  tasks.o [1]
ulTotalRunTime          0x2001cc14      0x4  Data  Lc  tasks.o [1]
uni2oem                 0x08000188  0x15484  Data  Lc  cc936.o [1]
usb_disk_flag           0x2001cc57      0x1  Data  Gb  apptask.o [1]
usbh_OpenMassStorage    0x08035e39     0x14  Code  Gb  usbh_usr.o [1]
uxCriticalNesting       0x20000230      0x4  Data  Lc  port.o [1]
uxCurrentNumberOfTasks  0x2001cbe8      0x4  Data  Lc  tasks.o [1]
uxListRemove            0x0803a2f1     0x28  Code  Gb  list.o [1]
uxPendedTicks           0x2001cbf8      0x4  Data  Lc  tasks.o [1]
uxSchedulerSuspended    0x2001cc0c      0x4  Data  Lc  tasks.o [1]
uxTaskNumber            0x2001cc04      0x4  Data  Lc  tasks.o [1]
uxTaskResetEventItemValue
                        0x080336b9     0x20  Code  Gb  tasks.o [1]
uxTasksDeleted          0x2001cbe4      0x4  Data  Lc  tasks.o [1]
uxTopReadyPriority      0x2001cbf0      0x4  Data  Lc  tasks.o [1]
vListInitialise         0x0803a281     0x1e  Code  Gb  list.o [1]
vListInsert             0x0803a2b7     0x3a  Code  Gb  list.o [1]
vListInsertEnd          0x0803a29f     0x18  Code  Gb  list.o [1]
vPortEnableVFP          0x0803e1c9           Code  Gb  portasm.o [1]
vPortEnterCritical      0x0803a14f     0x3a  Code  Gb  port.o [1]
vPortExitCritical       0x0803a189     0x32  Code  Gb  port.o [1]
vPortFree               0x0803a431     0x78  Code  Gb  heap_4.o [1]
vPortSetupTimerInterrupt
                        0x0803a1e7      0xe  Code  Wk  port.o [1]
vPortStartFirstTask     0x0803e1b1           Code  Gb  portasm.o [1]
vPortValidateInterruptPriority
                        0x0803a1f5     0x4e  Code  Gb  port.o [1]
vQueueWaitForMessageRestricted
                        0x08030e71     0x44  Code  Gb  queue.o [1]
vSetupSysInfoTest       0x080456d1     0x12  Code  Gb  SysInfoTest.o [1]
vTaskDelay              0x08032cb1     0x84  Code  Gb  tasks.o [1]
vTaskFreq               0x0802fca1    0x23a  Code  Lc  apptask.o [1]
vTaskManageCapacity     0x0802ec65    0x5d2  Code  Gb  apptask.o [1]
vTaskMassStorage        0x0802d9f1    0x5e0  Code  Lc  apptask.o [1]
vTaskMissedYield        0x0803344b      0xa  Code  Gb  tasks.o [1]
vTaskMotorControl       0x0802f2d9    0x9bc  Code  Lc  apptask.o [1]
vTaskMsgPro             0x0802e441    0x434  Code  Lc  apptask.o [1]
vTaskPlaceOnEventList   0x080330b1     0x74  Code  Gb  tasks.o [1]
vTaskPlaceOnEventListRestricted
                        0x080331e9     0x80  Code  Gb  tasks.o [1]
vTaskPlaceOnUnorderedEventList
                        0x08033141     0xa8  Code  Gb  tasks.o [1]
vTaskReadDisk           0x0802e9a1    0x26a  Code  Lc  apptask.o [1]
vTaskRev485             0x0802e89d     0xba  Code  Lc  apptask.o [1]
vTaskSetTimeOutState    0x08033395     0x26  Code  Gb  tasks.o [1]
vTaskStartScheduler     0x08032d35     0x7e  Code  Gb  tasks.o [1]
vTaskSuspendAll         0x08032db3     0x10  Code  Gb  tasks.o [1]
vTaskSwitchContext      0x08033001     0xb0  Code  Gb  tasks.o [1]
vTaskTaskLCD            0x0802aa91   0x2f22  Code  Gb  apptask.o [1]
vTaskTaskLED            0x0802dff5     0x20  Code  Lc  apptask.o [1]
vTaskTaskRFID           0x0802e015    0x3cc  Code  Lc  apptask.o [1]
valid_seg               0x2001cc66      0x1  Data  Gb  page_weimi.o [1]
validate                0x0803822f     0x36  Code  Lc  ff.o [1]
weimi_para              0x2001c2c8    0x12c  Data  Gb  page_weimi.o [1]
work_idle               0x2001cc6a      0x1  Data  Gb  product_cal.o [1]
work_idle_time          0x2001cc4e      0x2  Data  Gb  product_cal.o [1]
xActiveTimerList1       0x2001ca54     0x14  Data  Lc  timers.o [1]
xActiveTimerList2       0x2001ca68     0x14  Data  Lc  timers.o [1]
xBlockAllocatedBit      0x2001cbc4      0x4  Data  Lc  heap_4.o [1]
xDelayedTaskList1       0x2001c9f0     0x14  Data  Lc  tasks.o [1]
xDelayedTaskList2       0x2001ca04     0x14  Data  Lc  tasks.o [1]
xEventGroupCreate       0x08039925     0x1c  Code  Gb  event_groups.o [1]
xEventGroupSetBits      0x08039a8d     0xd6  Code  Gb  event_groups.o [1]
xEventGroupWaitBits     0x08039941    0x146  Code  Gb  event_groups.o [1]
xFreeBytesRemaining     0x2001cbbc      0x4  Data  Lc  heap_4.o [1]
xHandleTaskFreq         0x2001cb60      0x4  Data  Gb  apptask.o [1]
xHandleTaskLCD          0x2001cb3c      0x4  Data  Gb  apptask.o [1]
xHandleTaskLED          0x2001cb40      0x4  Data  Gb  apptask.o [1]
xHandleTaskManageCapacity
                        0x2001cb58      0x4  Data  Gb  apptask.o [1]
xHandleTaskMassStorage  0x2001cb48      0x4  Data  Gb  apptask.o [1]
xHandleTaskMotorControl
                        0x2001cb5c      0x4  Data  Gb  apptask.o [1]
xHandleTaskMsgPro       0x2001cb50      0x4  Data  Gb  apptask.o [1]
xHandleTaskRFID         0x2001cb44      0x4  Data  Gb  apptask.o [1]
xHandleTaskReadDisk     0x2001cb4c      0x4  Data  Gb  apptask.o [1]
xHandleTaskRev485       0x2001cb54      0x4  Data  Gb  apptask.o [1]
xHeapStructSize         0x08046690      0x4  Data  Lc  heap_4.o [1]
xMinimumEverFreeBytesRemaining
                        0x2001cbc0      0x4  Data  Lc  heap_4.o [1]
xNextTaskUnblockTime    0x2001cc08      0x4  Data  Lc  tasks.o [1]
xNumOfOverflows         0x2001cc00      0x4  Data  Lc  tasks.o [1]
xPendingReadyList       0x2001ca18     0x14  Data  Lc  tasks.o [1]
xPortStartScheduler     0x0803a083     0xcc  Code  Gb  port.o [1]
xQueueGenericCreate     0x0803077d     0x7e  Code  Gb  queue.o [1]
xQueueGenericReceive    0x08030b71    0x19c  Code  Gb  queue.o [1]
xQueueGenericReset      0x080306ed     0x90  Code  Gb  queue.o [1]
xQueueGenericSend       0x080307fb    0x1b2  Code  Gb  queue.o [1]
xQueueGenericSendFromISR
                        0x080309ad     0xec  Code  Gb  queue.o [1]
xQueueGiveFromISR       0x08030a99     0xd8  Code  Gb  queue.o [1]
xQueue_MQTT_Recv        0x2001cb84      0x4  Data  Gb  apptask.o [1]
xQueue_MQTT_Transmit    0x2001cb88      0x4  Data  Gb  apptask.o [1]
xQueue_esp8266_Cmd      0x2001cb8c      0x4  Data  Gb  apptask.o [1]
xQueue_message          0x2001cb90      0x4  Data  Gb  apptask.o [1]
xSchedulerRunning       0x2001cbf4      0x4  Data  Lc  tasks.o [1]
xSemaphore_download     0x2001cb74      0x4  Data  Gb  apptask.o [1]
xSemaphore_encoder      0x2001cb70      0x4  Data  Gb  apptask.o [1]
xSemaphore_lcd          0x2001cb64      0x4  Data  Gb  apptask.o [1]
xSemaphore_pluse        0x2001cb6c      0x4  Data  Gb  apptask.o [1]
xSemaphore_readDisk     0x2001cb78      0x4  Data  Gb  apptask.o [1]
xSemaphore_rs485        0x2001cb68      0x4  Data  Gb  apptask.o [1]
xStart                  0x2001cb24      0x8  Data  Lc  heap_4.o [1]
xSuspendedTaskList      0x2001ca40     0x14  Data  Lc  tasks.o [1]
xTaskCheckForTimeOut    0x080333c1     0x8a  Code  Gb  tasks.o [1]
xTaskGenericCreate      0x08032b2d    0x184  Code  Gb  tasks.o [1]
xTaskGetSchedulerState  0x0803367f     0x26  Code  Gb  tasks.o [1]
xTaskGetTickCount       0x08032ec3      0xa  Code  Gb  tasks.o [1]
xTaskIncrementTick      0x08032ecd    0x134  Code  Gb  tasks.o [1]
xTaskRemoveFromEventList
                        0x0803326d     0x8e  Code  Gb  tasks.o [1]
xTaskRemoveFromUnorderedEventList
                        0x08033301     0x94  Code  Gb  tasks.o [1]
xTaskResumeAll          0x08032dc3    0x100  Code  Gb  tasks.o [1]
xTasksWaitingTermination
                        0x2001ca2c     0x14  Data  Lc  tasks.o [1]
xTickCount              0x2001cbec      0x4  Data  Lc  tasks.o [1]
xTimerCreate            0x08039bd9     0x62  Code  Gb  timers.o [1]
xTimerCreateTimerTask   0x08039b89     0x50  Code  Gb  timers.o [1]
xTimerGenericCommand    0x08039c3b     0x84  Code  Gb  timers.o [1]
xTimerQueue             0x2001cc20      0x4  Data  Lc  timers.o [1]
xTimerUser              0x2001cb80      0x4  Data  Gb  apptask.o [1]
xYieldPending           0x2001cbfc      0x4  Data  Lc  tasks.o [1]


[1] = E:\work\YarnControl_Driver\src\stm32f4_rtos\Project\EWARMv7\Flash\Obj
[2] = command line
[3] = dl7M_tlf.a
[4] = m7M_tls.a
[5] = rt7M_tl.a
[6] = shb_l.a

  106 446 bytes of readonly  code memory
  182 527 bytes of readonly  data memory
  119 923 bytes of readwrite data memory (+ 1 044 480 absolute)

Errors: none
Warnings: none
