###############################################################################
#
# IAR ELF Linker V7.40.7.9843/W32 for ARM                 06/Jul/2019  23:46:14
# Copyright 2007-2015 IAR Systems AB.
#
#    Output file  =  
#        E:\WORK\YarnControl_Driver\YarnControl_Driver\src\stm32f4_rtos\Project\EWARMv7\Flash\Exe\project.out
#    Map file     =  
#        E:\WORK\YarnControl_Driver\YarnControl_Driver\src\stm32f4_rtos\Project\EWARMv7\Flash\List\project.map
#    Command line =  
#        E:\WORK\YarnControl_Driver\YarnControl_Driver\src\stm32f4_rtos\Project\EWARMv7\Flash\Obj\apptask.o
#        E:\WORK\YarnControl_Driver\YarnControl_Driver\src\stm32f4_rtos\Project\EWARMv7\Flash\Obj\bkp_pwr.o
#        E:\WORK\YarnControl_Driver\YarnControl_Driver\src\stm32f4_rtos\Project\EWARMv7\Flash\Obj\bsp.o
#        E:\WORK\YarnControl_Driver\YarnControl_Driver\src\stm32f4_rtos\Project\EWARMv7\Flash\Obj\bsp_adc.o
#        E:\WORK\YarnControl_Driver\YarnControl_Driver\src\stm32f4_rtos\Project\EWARMv7\Flash\Obj\bsp_closeSW.o
#        E:\WORK\YarnControl_Driver\YarnControl_Driver\src\stm32f4_rtos\Project\EWARMv7\Flash\Obj\bsp_dac.o
#        E:\WORK\YarnControl_Driver\YarnControl_Driver\src\stm32f4_rtos\Project\EWARMv7\Flash\Obj\bsp_dwt.o
#        E:\WORK\YarnControl_Driver\YarnControl_Driver\src\stm32f4_rtos\Project\EWARMv7\Flash\Obj\bsp_led.o
#        E:\WORK\YarnControl_Driver\YarnControl_Driver\src\stm32f4_rtos\Project\EWARMv7\Flash\Obj\bsp_relay.o
#        E:\WORK\YarnControl_Driver\YarnControl_Driver\src\stm32f4_rtos\Project\EWARMv7\Flash\Obj\bsp_sdio_sd.o
#        E:\WORK\YarnControl_Driver\YarnControl_Driver\src\stm32f4_rtos\Project\EWARMv7\Flash\Obj\bsp_sdwe050c17.o
#        E:\WORK\YarnControl_Driver\YarnControl_Driver\src\stm32f4_rtos\Project\EWARMv7\Flash\Obj\bsp_servomotor.o
#        E:\WORK\YarnControl_Driver\YarnControl_Driver\src\stm32f4_rtos\Project\EWARMv7\Flash\Obj\bsp_spi.o
#        E:\WORK\YarnControl_Driver\YarnControl_Driver\src\stm32f4_rtos\Project\EWARMv7\Flash\Obj\bsp_stepmotor.o
#        E:\WORK\YarnControl_Driver\YarnControl_Driver\src\stm32f4_rtos\Project\EWARMv7\Flash\Obj\bsp_sw_onoff.o
#        E:\WORK\YarnControl_Driver\YarnControl_Driver\src\stm32f4_rtos\Project\EWARMv7\Flash\Obj\bsp_tim_pwm.o
#        E:\WORK\YarnControl_Driver\YarnControl_Driver\src\stm32f4_rtos\Project\EWARMv7\Flash\Obj\bsp_timer.o
#        E:\WORK\YarnControl_Driver\YarnControl_Driver\src\stm32f4_rtos\Project\EWARMv7\Flash\Obj\bsp_uart_fifo.o
#        E:\WORK\YarnControl_Driver\YarnControl_Driver\src\stm32f4_rtos\Project\EWARMv7\Flash\Obj\bsp_w25qxx.o
#        E:\WORK\YarnControl_Driver\YarnControl_Driver\src\stm32f4_rtos\Project\EWARMv7\Flash\Obj\bsp_watchdog.o
#        E:\WORK\YarnControl_Driver\YarnControl_Driver\src\stm32f4_rtos\Project\EWARMv7\Flash\Obj\cc936.o
#        E:\WORK\YarnControl_Driver\YarnControl_Driver\src\stm32f4_rtos\Project\EWARMv7\Flash\Obj\cJSON.o
#        E:\WORK\YarnControl_Driver\YarnControl_Driver\src\stm32f4_rtos\Project\EWARMv7\Flash\Obj\croutine.o
#        E:\WORK\YarnControl_Driver\YarnControl_Driver\src\stm32f4_rtos\Project\EWARMv7\Flash\Obj\demo_fatfs.o
#        E:\WORK\YarnControl_Driver\YarnControl_Driver\src\stm32f4_rtos\Project\EWARMv7\Flash\Obj\des.o
#        E:\WORK\YarnControl_Driver\YarnControl_Driver\src\stm32f4_rtos\Project\EWARMv7\Flash\Obj\diskio.o
#        E:\WORK\YarnControl_Driver\YarnControl_Driver\src\stm32f4_rtos\Project\EWARMv7\Flash\Obj\encoder_tim.o
#        E:\WORK\YarnControl_Driver\YarnControl_Driver\src\stm32f4_rtos\Project\EWARMv7\Flash\Obj\esp8266_handler.o
#        E:\WORK\YarnControl_Driver\YarnControl_Driver\src\stm32f4_rtos\Project\EWARMv7\Flash\Obj\esp8266_init.o
#        E:\WORK\YarnControl_Driver\YarnControl_Driver\src\stm32f4_rtos\Project\EWARMv7\Flash\Obj\event_groups.o
#        E:\WORK\YarnControl_Driver\YarnControl_Driver\src\stm32f4_rtos\Project\EWARMv7\Flash\Obj\ff.o
#        E:\WORK\YarnControl_Driver\YarnControl_Driver\src\stm32f4_rtos\Project\EWARMv7\Flash\Obj\heap_4.o
#        E:\WORK\YarnControl_Driver\YarnControl_Driver\src\stm32f4_rtos\Project\EWARMv7\Flash\Obj\iic_smec98sp.o
#        E:\WORK\YarnControl_Driver\YarnControl_Driver\src\stm32f4_rtos\Project\EWARMv7\Flash\Obj\list.o
#        E:\WORK\YarnControl_Driver\YarnControl_Driver\src\stm32f4_rtos\Project\EWARMv7\Flash\Obj\main.o
#        E:\WORK\YarnControl_Driver\YarnControl_Driver\src\stm32f4_rtos\Project\EWARMv7\Flash\Obj\malloc.o
#        E:\WORK\YarnControl_Driver\YarnControl_Driver\src\stm32f4_rtos\Project\EWARMv7\Flash\Obj\mcheck.o
#        E:\WORK\YarnControl_Driver\YarnControl_Driver\src\stm32f4_rtos\Project\EWARMv7\Flash\Obj\misc.o
#        E:\WORK\YarnControl_Driver\YarnControl_Driver\src\stm32f4_rtos\Project\EWARMv7\Flash\Obj\modbus.o
#        E:\WORK\YarnControl_Driver\YarnControl_Driver\src\stm32f4_rtos\Project\EWARMv7\Flash\Obj\MQTTConnectClient.o
#        E:\WORK\YarnControl_Driver\YarnControl_Driver\src\stm32f4_rtos\Project\EWARMv7\Flash\Obj\MQTTConnectServer.o
#        E:\WORK\YarnControl_Driver\YarnControl_Driver\src\stm32f4_rtos\Project\EWARMv7\Flash\Obj\MQTTDeserializePublish.o
#        E:\WORK\YarnControl_Driver\YarnControl_Driver\src\stm32f4_rtos\Project\EWARMv7\Flash\Obj\MQTTFormat.o
#        E:\WORK\YarnControl_Driver\YarnControl_Driver\src\stm32f4_rtos\Project\EWARMv7\Flash\Obj\MQTTPacket.o
#        E:\WORK\YarnControl_Driver\YarnControl_Driver\src\stm32f4_rtos\Project\EWARMv7\Flash\Obj\MQTTSerializePublish.o
#        E:\WORK\YarnControl_Driver\YarnControl_Driver\src\stm32f4_rtos\Project\EWARMv7\Flash\Obj\MQTTSubscribeClient.o
#        E:\WORK\YarnControl_Driver\YarnControl_Driver\src\stm32f4_rtos\Project\EWARMv7\Flash\Obj\MQTTSubscribeServer.o
#        E:\WORK\YarnControl_Driver\YarnControl_Driver\src\stm32f4_rtos\Project\EWARMv7\Flash\Obj\MQTTUnsubscribeClient.o
#        E:\WORK\YarnControl_Driver\YarnControl_Driver\src\stm32f4_rtos\Project\EWARMv7\Flash\Obj\MQTTUnsubscribeServer.o
#        E:\WORK\YarnControl_Driver\YarnControl_Driver\src\stm32f4_rtos\Project\EWARMv7\Flash\Obj\page_weimi.o
#        E:\WORK\YarnControl_Driver\YarnControl_Driver\src\stm32f4_rtos\Project\EWARMv7\Flash\Obj\para.o
#        E:\WORK\YarnControl_Driver\YarnControl_Driver\src\stm32f4_rtos\Project\EWARMv7\Flash\Obj\port.o
#        E:\WORK\YarnControl_Driver\YarnControl_Driver\src\stm32f4_rtos\Project\EWARMv7\Flash\Obj\portasm.o
#        E:\WORK\YarnControl_Driver\YarnControl_Driver\src\stm32f4_rtos\Project\EWARMv7\Flash\Obj\product_cal.o
#        E:\WORK\YarnControl_Driver\YarnControl_Driver\src\stm32f4_rtos\Project\EWARMv7\Flash\Obj\protocol.o
#        E:\WORK\YarnControl_Driver\YarnControl_Driver\src\stm32f4_rtos\Project\EWARMv7\Flash\Obj\pub0sub1.o
#        E:\WORK\YarnControl_Driver\YarnControl_Driver\src\stm32f4_rtos\Project\EWARMv7\Flash\Obj\queue.o
#        E:\WORK\YarnControl_Driver\YarnControl_Driver\src\stm32f4_rtos\Project\EWARMv7\Flash\Obj\rc522.o
#        E:\WORK\YarnControl_Driver\YarnControl_Driver\src\stm32f4_rtos\Project\EWARMv7\Flash\Obj\sha1.o
#        E:\WORK\YarnControl_Driver\YarnControl_Driver\src\stm32f4_rtos\Project\EWARMv7\Flash\Obj\smec98sp.o
#        E:\WORK\YarnControl_Driver\YarnControl_Driver\src\stm32f4_rtos\Project\EWARMv7\Flash\Obj\startup_stm32f40_41xxx.o
#        E:\WORK\YarnControl_Driver\YarnControl_Driver\src\stm32f4_rtos\Project\EWARMv7\Flash\Obj\stm32f4xx_adc.o
#        E:\WORK\YarnControl_Driver\YarnControl_Driver\src\stm32f4_rtos\Project\EWARMv7\Flash\Obj\stm32f4xx_assert.o
#        E:\WORK\YarnControl_Driver\YarnControl_Driver\src\stm32f4_rtos\Project\EWARMv7\Flash\Obj\stm32f4xx_can.o
#        E:\WORK\YarnControl_Driver\YarnControl_Driver\src\stm32f4_rtos\Project\EWARMv7\Flash\Obj\stm32f4xx_crc.o
#        E:\WORK\YarnControl_Driver\YarnControl_Driver\src\stm32f4_rtos\Project\EWARMv7\Flash\Obj\stm32f4xx_cryp.o
#        E:\WORK\YarnControl_Driver\YarnControl_Driver\src\stm32f4_rtos\Project\EWARMv7\Flash\Obj\stm32f4xx_cryp_aes.o
#        E:\WORK\YarnControl_Driver\YarnControl_Driver\src\stm32f4_rtos\Project\EWARMv7\Flash\Obj\stm32f4xx_cryp_des.o
#        E:\WORK\YarnControl_Driver\YarnControl_Driver\src\stm32f4_rtos\Project\EWARMv7\Flash\Obj\stm32f4xx_cryp_tdes.o
#        E:\WORK\YarnControl_Driver\YarnControl_Driver\src\stm32f4_rtos\Project\EWARMv7\Flash\Obj\stm32f4xx_dac.o
#        E:\WORK\YarnControl_Driver\YarnControl_Driver\src\stm32f4_rtos\Project\EWARMv7\Flash\Obj\stm32f4xx_dbgmcu.o
#        E:\WORK\YarnControl_Driver\YarnControl_Driver\src\stm32f4_rtos\Project\EWARMv7\Flash\Obj\stm32f4xx_dcmi.o
#        E:\WORK\YarnControl_Driver\YarnControl_Driver\src\stm32f4_rtos\Project\EWARMv7\Flash\Obj\stm32f4xx_dma.o
#        E:\WORK\YarnControl_Driver\YarnControl_Driver\src\stm32f4_rtos\Project\EWARMv7\Flash\Obj\stm32f4xx_dma2d.o
#        E:\WORK\YarnControl_Driver\YarnControl_Driver\src\stm32f4_rtos\Project\EWARMv7\Flash\Obj\stm32f4xx_exti.o
#        E:\WORK\YarnControl_Driver\YarnControl_Driver\src\stm32f4_rtos\Project\EWARMv7\Flash\Obj\stm32f4xx_flash.o
#        E:\WORK\YarnControl_Driver\YarnControl_Driver\src\stm32f4_rtos\Project\EWARMv7\Flash\Obj\stm32f4xx_fsmc.o
#        E:\WORK\YarnControl_Driver\YarnControl_Driver\src\stm32f4_rtos\Project\EWARMv7\Flash\Obj\stm32f4xx_gpio.o
#        E:\WORK\YarnControl_Driver\YarnControl_Driver\src\stm32f4_rtos\Project\EWARMv7\Flash\Obj\stm32f4xx_hash.o
#        E:\WORK\YarnControl_Driver\YarnControl_Driver\src\stm32f4_rtos\Project\EWARMv7\Flash\Obj\stm32f4xx_hash_md5.o
#        E:\WORK\YarnControl_Driver\YarnControl_Driver\src\stm32f4_rtos\Project\EWARMv7\Flash\Obj\stm32f4xx_hash_sha1.o
#        E:\WORK\YarnControl_Driver\YarnControl_Driver\src\stm32f4_rtos\Project\EWARMv7\Flash\Obj\stm32f4xx_i2c.o
#        E:\WORK\YarnControl_Driver\YarnControl_Driver\src\stm32f4_rtos\Project\EWARMv7\Flash\Obj\stm32f4xx_it.o
#        E:\WORK\YarnControl_Driver\YarnControl_Driver\src\stm32f4_rtos\Project\EWARMv7\Flash\Obj\stm32f4xx_iwdg.o
#        E:\WORK\YarnControl_Driver\YarnControl_Driver\src\stm32f4_rtos\Project\EWARMv7\Flash\Obj\stm32f4xx_ltdc.o
#        E:\WORK\YarnControl_Driver\YarnControl_Driver\src\stm32f4_rtos\Project\EWARMv7\Flash\Obj\stm32f4xx_pwr.o
#        E:\WORK\YarnControl_Driver\YarnControl_Driver\src\stm32f4_rtos\Project\EWARMv7\Flash\Obj\stm32f4xx_rcc.o
#        E:\WORK\YarnControl_Driver\YarnControl_Driver\src\stm32f4_rtos\Project\EWARMv7\Flash\Obj\stm32f4xx_rng.o
#        E:\WORK\YarnControl_Driver\YarnControl_Driver\src\stm32f4_rtos\Project\EWARMv7\Flash\Obj\stm32f4xx_rtc.o
#        E:\WORK\YarnControl_Driver\YarnControl_Driver\src\stm32f4_rtos\Project\EWARMv7\Flash\Obj\stm32f4xx_sai.o
#        E:\WORK\YarnControl_Driver\YarnControl_Driver\src\stm32f4_rtos\Project\EWARMv7\Flash\Obj\stm32f4xx_sdio.o
#        E:\WORK\YarnControl_Driver\YarnControl_Driver\src\stm32f4_rtos\Project\EWARMv7\Flash\Obj\stm32f4xx_spi.o
#        E:\WORK\YarnControl_Driver\YarnControl_Driver\src\stm32f4_rtos\Project\EWARMv7\Flash\Obj\stm32f4xx_syscfg.o
#        E:\WORK\YarnControl_Driver\YarnControl_Driver\src\stm32f4_rtos\Project\EWARMv7\Flash\Obj\stm32f4xx_tim.o
#        E:\WORK\YarnControl_Driver\YarnControl_Driver\src\stm32f4_rtos\Project\EWARMv7\Flash\Obj\stm32f4xx_usart.o
#        E:\WORK\YarnControl_Driver\YarnControl_Driver\src\stm32f4_rtos\Project\EWARMv7\Flash\Obj\stm32f4xx_wwdg.o
#        E:\WORK\YarnControl_Driver\YarnControl_Driver\src\stm32f4_rtos\Project\EWARMv7\Flash\Obj\SysInfoTest.o
#        E:\WORK\YarnControl_Driver\YarnControl_Driver\src\stm32f4_rtos\Project\EWARMv7\Flash\Obj\system_stm32f4xx.o
#        E:\WORK\YarnControl_Driver\YarnControl_Driver\src\stm32f4_rtos\Project\EWARMv7\Flash\Obj\tasks.o
#        E:\WORK\YarnControl_Driver\YarnControl_Driver\src\stm32f4_rtos\Project\EWARMv7\Flash\Obj\timer_platform.o
#        E:\WORK\YarnControl_Driver\YarnControl_Driver\src\stm32f4_rtos\Project\EWARMv7\Flash\Obj\timers.o
#        E:\WORK\YarnControl_Driver\YarnControl_Driver\src\stm32f4_rtos\Project\EWARMv7\Flash\Obj\transport.o
#        E:\WORK\YarnControl_Driver\YarnControl_Driver\src\stm32f4_rtos\Project\EWARMv7\Flash\Obj\usb_bsp.o
#        E:\WORK\YarnControl_Driver\YarnControl_Driver\src\stm32f4_rtos\Project\EWARMv7\Flash\Obj\usb_core.o
#        E:\WORK\YarnControl_Driver\YarnControl_Driver\src\stm32f4_rtos\Project\EWARMv7\Flash\Obj\usb_hcd.o
#        E:\WORK\YarnControl_Driver\YarnControl_Driver\src\stm32f4_rtos\Project\EWARMv7\Flash\Obj\usb_hcd_int.o
#        E:\WORK\YarnControl_Driver\YarnControl_Driver\src\stm32f4_rtos\Project\EWARMv7\Flash\Obj\usbh_core.o
#        E:\WORK\YarnControl_Driver\YarnControl_Driver\src\stm32f4_rtos\Project\EWARMv7\Flash\Obj\usbh_hcs.o
#        E:\WORK\YarnControl_Driver\YarnControl_Driver\src\stm32f4_rtos\Project\EWARMv7\Flash\Obj\usbh_ioreq.o
#        E:\WORK\YarnControl_Driver\YarnControl_Driver\src\stm32f4_rtos\Project\EWARMv7\Flash\Obj\usbh_it.o
#        E:\WORK\YarnControl_Driver\YarnControl_Driver\src\stm32f4_rtos\Project\EWARMv7\Flash\Obj\usbh_msc_bot.o
#        E:\WORK\YarnControl_Driver\YarnControl_Driver\src\stm32f4_rtos\Project\EWARMv7\Flash\Obj\usbh_msc_core.o
#        E:\WORK\YarnControl_Driver\YarnControl_Driver\src\stm32f4_rtos\Project\EWARMv7\Flash\Obj\usbh_msc_scsi.o
#        E:\WORK\YarnControl_Driver\YarnControl_Driver\src\stm32f4_rtos\Project\EWARMv7\Flash\Obj\usbh_stdreq.o
#        E:\WORK\YarnControl_Driver\YarnControl_Driver\src\stm32f4_rtos\Project\EWARMv7\Flash\Obj\usbh_usr.o
#        -o
#        E:\WORK\YarnControl_Driver\YarnControl_Driver\src\stm32f4_rtos\Project\EWARMv7\Flash\Exe\project.out
#        --map
#        E:\WORK\YarnControl_Driver\YarnControl_Driver\src\stm32f4_rtos\Project\EWARMv7\Flash\List\project.map
#        --config
#        E:\WORK\YarnControl_Driver\YarnControl_Driver\src\stm32f4_rtos\Project\EWARMv7\stm32f4xx_flash.icf
#        --semihosting --entry __iar_program_start --inline --vfe
#
###############################################################################

*******************************************************************************
*** RUNTIME MODEL ATTRIBUTES
***

CppFlavor                     = *
__Heap_Handler                = DLMalloc
__SystemLibrary               = DLib
__dlib_dynamic_initialization = normal


*******************************************************************************
*** PLACEMENT SUMMARY
***

"A1":  place at 0x08000000 { ro section .intvec };
"P1":  place in [from 0x08000000 to 0x080fffff] { ro };
"P2":  place in [from 0x20000000 to 0x2001ffff] { rw, block CSTACK, block HEAP };

  Section             Kind        Address     Size  Object
  -------             ----        -------     ----  ------
"A1":                                        0x188
  .intvec             ro code  0x08000000    0x188  startup_stm32f40_41xxx.o [1]
                             - 0x08000188    0x188

"P1":                                      0x4b89e
  .rodata             const    0x08000188  0x15484  cc936.o [1]
  .rodata             const    0x0801560c  0x15484  cc936.o [1]
  .text               ro code  0x0802aa90   0x793c  apptask.o [1]
  .text               ro code  0x080323cc   0x1634  bsp_sdwe050c17.o [1]
  .text               ro code  0x08033a00    0x7c8  queue.o [1]
  .text               ro code  0x080341c8    0x6b0  product_cal.o [1]
  .text               ro code  0x08034878     0x66  ABImemset.o [5]
  .text               ro code  0x080348de     0x1e  xsscin.o [3]
  .text               ro code  0x080348fc    0xce0  tasks.o [1]
  .text               ro code  0x080355dc    0x380  bsp_w25qxx.o [1]
  .text               ro code  0x0803595c   0x153a  para.o [1]
  .text               ro code  0x08036e96     0x1a  xsnprout.o [3]
  .text               ro code  0x08036eb0     0x4e  FltToDbl.o [4]
  .text               ro code  0x08036efe      0xa  xsprout.o [3]
  .text               ro code  0x08036f08     0x24  printf.o [3]
  .text               ro code  0x08036f2c     0x76  ABImemcpy_unaligned.o [5]
  .text               ro code  0x08036fa4     0x42  strcmp_unaligned.o [5]
  .text               ro code  0x08036fe8    0x21c  malloc.o [1]
  .text               ro code  0x08037204     0x62  memcmp_unaligned.o [5]
  .text               ro code  0x08037268     0x30  I32ToDbl.o [4]
  .text               ro code  0x08037298    0x256  DblDiv.o [4]
  .text               ro code  0x080374f0     0xe8  DblAdd.o [4]
  .text               ro code  0x080375d8    0x1a2  DblMul.o [4]
  .text               ro code  0x0803777c     0x58  DblToI32.o [4]
  .text               ro code  0x080377d4     0x90  DblToFlt.o [4]
  .text               ro code  0x08037864     0x36  strlen.o [5]
  .text               ro code  0x0803789c    0x12c  stm32f4xx_gpio.o [1]
  .text               ro code  0x080379c8     0xc8  bsp_dac.o [1]
  .text               ro code  0x08037a90     0x3c  stm32f4xx_rtc.o [1]
  .text               ro code  0x08037acc    0x504  page_weimi.o [1]
  .text               ro code  0x08037fd0    0x280  bsp_servomotor.o [1]
  .text               ro code  0x08038250    0x188  bkp_pwr.o [1]
  .text               ro code  0x080383d8    0x1a2  usbh_usr.o [1]
  .text               ro code  0x0803857c    0x760  usbh_core.o [1]
  .text               ro code  0x08038cdc   0x2498  ff.o [1]
  .text               ro code  0x0803b174     0x34  sprintf.o [3]
  .text               ro code  0x0803b1a8     0x1c  strcat.o [3]
  .text               ro code  0x0803b1c4     0xc0  bsp_led.o [1]
  .text               ro code  0x0803b284     0xee  rc522.o [1]
  .text               ro code  0x0803b374    0x354  modbus.o [1]
  .text               ro code  0x0803b6c8     0x9c  protocol.o [1]
  .text               ro code  0x0803b764     0x10  para.o [1]
  .text               ro code  0x0803b774     0xdc  bsp_closeSW.o [1]
  .text               ro code  0x0803b850    0x180  DblSub.o [4]
  .text               ro code  0x0803b9d0    0x4f4  bsp_stepmotor.o [1]
  .text               ro code  0x0803bec4    0x2a0  encoder_tim.o [1]
  .text               ro code  0x0803c164     0x7c  esp8266_init.o [1]
  .text               ro code  0x0803c1e0    0x414  esp8266_handler.o [1]
  .text               ro code  0x0803c5f4    0x434  pub0sub1.o [1]
  .text               ro code  0x0803ca28    0x262  event_groups.o [1]
  .text               ro code  0x0803cc8c    0x4a4  timers.o [1]
  .text               ro code  0x0803d130      0x8  bsp_watchdog.o [1]
  .text               ro code  0x0803d138    0x1e8  stm32f4xx_rcc.o [1]
  .text               ro code  0x0803d320     0x74  bsp_dwt.o [1]
  .text               ro code  0x0803d394    0xaa4  bsp_uart_fifo.o [1]
  .text               ro code  0x0803de38    0x204  bsp_timer.o [1]
  .text               ro code  0x0803e03c    0x24c  port.o [1]
  .text               ro code  0x0803e288     0x98  list.o [1]
  .text               ro code  0x0803e320    0x280  heap_4.o [1]
  .text               ro code  0x0803e5a0    0x124  bsp_spi.o [1]
  .text               ro code  0x0803e6c4     0x44  strcpy_unaligned.o [5]
  .text               ro code  0x0803e708     0x24  sscanf.o [3]
  .text               ro code  0x0803e72c    0xd96  xprintffull_nomb.o [3]
  .text               ro code  0x0803f4c4     0x7c  stm32f4xx_dac.o [1]
  .text               ro code  0x0803f540    0x6f6  stm32f4xx_tim.o [1]
  .text               ro code  0x0803fc38    0x31c  stm32f4xx_dma.o [1]
  .text               ro code  0x0803ff54      0xc  stm32f4xx_pwr.o [1]
  .text               ro code  0x0803ff60    0x14c  usb_bsp.o [1]
  .text               ro code  0x080400ac     0xd6  usb_hcd.o [1]
  .text               ro code  0x08040182    0x1ba  usbh_hcs.o [1]
  .text               ro code  0x0804033c    0x436  usbh_stdreq.o [1]
  .text               ro code  0x08040772    0x246  usbh_ioreq.o [1]
  .text               ro code  0x080409b8    0x2e4  diskio.o [1]
  .text               ro code  0x08040c9c     0xf4  cc936.o [1]
  .text               ro code  0x08040d90     0xb8  mcheck.o [1]
  .text               ro code  0x08040e48     0x2c  strstr.o [3]
  .text               ro code  0x08040e74     0x54  stm32f4xx_syscfg.o [1]
  .text               ro code  0x08040ec8     0xc0  stm32f4xx_exti.o [1]
  .text               ro code  0x08040f88     0x88  misc.o [1]
  .text               ro code  0x08041010    0x132  I64DivMod.o [5]
  .text               ro code  0x08041144      0x6  ABImemclr4.o [5]
  .text               ro code  0x0804114c     0x44  snprintf.o [3]
  .text               ro code  0x08041190    0x306  MQTTConnectClient.o [1]
  .text               ro code  0x08041498     0x6c  transport.o [1]
  .text               ro code  0x08041504    0x290  MQTTPacket.o [1]
  .text               ro code  0x08041794     0x40  timer_platform.o [1]
  .text               ro code  0x080417d4    0x190  MQTTSubscribeClient.o [1]
  .text               ro code  0x08041964     0xbc  MQTTDeserializePublish.o [1]
  .text               ro code  0x08041a20     0xec  MQTTSerializePublish.o [1]
  .text               ro code  0x08041b0c     0x10  stm32f4xx_iwdg.o [1]
  .text               ro code  0x08041b1c    0x254  stm32f4xx_usart.o [1]
  CODE                ro code  0x08041d70     0xa8  portasm.o [1]
  .text               ro code  0x08041e18     0x74  stm32f4xx_spi.o [1]
  .text               ro code  0x08041e8c    0xb64  xscanffull_nomb.o [3]
  .text               ro code  0x080429f0     0x16  strchr.o [5]
  .text               ro code  0x08042a08     0x58  memchr.o [5]
  .text               ro code  0x08042a60     0x42  xdnorm.o [4]
  .text               ro code  0x08042aa4     0x2e  DblCmpLe.o [4]
  .text               ro code  0x08042ad4     0x2e  DblCmpGe.o [4]
  .text               ro code  0x08042b04    0x114  xdscale.o [4]
  .text               ro code  0x08042c18     0x6c  localeconv.o [3]
  .text               ro code  0x08042c84      0xe  div.o [3]
  .text               ro code  0x08042c94    0xa50  usb_core.o [1]
  .text               ro code  0x080436e4   0x1a58  bsp_sdio_sd.o [1]
  .text               ro code  0x0804513c    0x618  usbh_msc_scsi.o [1]
  .text               ro code  0x08045754    0x554  usbh_msc_bot.o [1]
  .text               ro code  0x08045ca8      0x2  I64DivZer.o [5]
  .text               ro code  0x08045cac     0x32  ABImemset48.o [5]
  .text               ro code  0x08045cde     0x28  isxxx.o [3]
  .text               ro code  0x08045d06     0xa4  xstoll.o [3]
  .text               ro code  0x08045dac    0x1b0  xstoull.o [3]
  .text               ro code  0x08045f5c    0x168  xstold.o [4]
  .text               ro code  0x080460c4    0x17c  stm32f4xx_sdio.o [1]
  .text               ro code  0x08046240     0x18  setlocale.o [3]
  .text               ro code  0x08046258     0x16  xlocale_c.o [3]
  .text               ro code  0x0804626e     0x14  xlocale_c.o [3]
  .text               ro code  0x08046284      0xc  errno.o [3]
  .text               ro code  0x08046290     0x14  tolower.o [3]
  .text               ro code  0x080462a4    0x124  xstopfx.o [3]
  .text               ro code  0x080463c8    0x1b8  xstoflt.o [3]
  .text               ro code  0x08046580    0x200  xdtento.o [4]
  .text               ro code  0x08046780    0x218  xstoxflt.o [3]
  .text               ro code  0x08046998      0x2  xtls.o [3]
  .text               ro code  0x0804699a      0xc  xlocale_c.o [3]
  .text               ro code  0x080469a8     0x20  DblCmpEq.o [4]
  .text               ro code  0x080469c8     0x52  xdunscal.o [4]
  .text               ro code  0x08046a1c    0xc7e  usb_hcd_int.o [1]
  .text               ro code  0x0804769c    0x4fa  des.o [1]
  .text               ro code  0x08047b98    0x4ae  smec98sp.o [1]
  .text               ro code  0x08048048    0x1b6  stm32f4xx_adc.o [1]
  .text               ro code  0x08048200    0x38e  iic_smec98sp.o [1]
  .text               ro code  0x08048590     0x20  srand.o [3]
  .text               ro code  0x080485b0     0xe0  rand.o [3]
  .rodata             const    0x08048690    0x400  apptask.o [1]
  .text               ro code  0x08048a90    0x3e8  usbh_msc_core.o [1]
  .rodata             const    0x08048e78    0x3dc  cc936.o [1]
  .rodata             const    0x08049254    0x3dc  cc936.o [1]
  .rodata             const    0x08049630    0x200  des.o [1]
  .rodata             const    0x08049830    0x190  product_cal.o [1]
  .text               ro code  0x080499c0    0x154  system_stm32f4xx.o [1]
  .rodata             const    0x08049b14    0x100  mcheck.o [1]
  .rodata             const    0x08049c14    0x100  mcheck.o [1]
  .rodata             const    0x08049d14    0x100  mcheck.o [1]
  .text               ro code  0x08049e14     0xd0  packbits_init.o [5]
  .text               ro code  0x08049ee4      0x6  abort.o [3]
  .text               ro code  0x08049eec     0x14  exit.o [6]
  .rodata             const    0x08049f00     0x58  pub0sub1.o [1]
  .text               ro code  0x08049f58     0x58  bsp.o [1]
  .text               ro code  0x08049fb0     0x44  bsp_relay.o [1]
  .text               ro code  0x08049ff4     0x44  bsp_sw_onoff.o [1]
  .rodata             const    0x0804a038     0x40  des.o [1]
  .rodata             const    0x0804a078     0x40  des.o [1]
  .text               ro code  0x0804a0b8     0x40  zero_init3.o [5]
  .rodata             const    0x0804a0f8     0x38  demo_fatfs.o [1]
  .rodata             const    0x0804a130     0x38  des.o [1]
  .text               ro code  0x0804a168     0x38  stm32f4xx_it.o [1]
  .rodata             const    0x0804a1a0     0x34  apptask.o [1]
  .rodata             const    0x0804a1d4     0x30  apptask.o [1]
  .rodata             const    0x0804a204     0x30  demo_fatfs.o [1]
  .rodata             const    0x0804a234     0x30  demo_fatfs.o [1]
  .rodata             const    0x0804a264     0x30  des.o [1]
  .rodata             const    0x0804a294     0x30  des.o [1]
  .text               ro code  0x0804a2c4     0x30  main.o [1]
  .rodata             const    0x0804a2f4     0x2c  apptask.o [1]
  .rodata             const    0x0804a320     0x2c  demo_fatfs.o [1]
  .rodata             const    0x0804a34c     0x2c  demo_fatfs.o [1]
  .rodata             const    0x0804a378     0x2c  stm32f4xx_it.o [1]
  .text               ro code  0x0804a3a4     0x2c  SysInfoTest.o [1]
  .rodata             const    0x0804a3d0     0x28  apptask.o [1]
  .rodata             const    0x0804a3f8     0x28  demo_fatfs.o [1]
  .rodata             const    0x0804a420     0x28  demo_fatfs.o [1]
  .rodata             const    0x0804a448     0x28  demo_fatfs.o [1]
  .text               ro code  0x0804a470     0x28  data_init.o [5]
  .rodata             const    0x0804a498     0x24  apptask.o [1]
  .rodata             const    0x0804a4bc     0x24  apptask.o [1]
  .rodata             const    0x0804a4e0     0x24  apptask.o [1]
  .rodata             const    0x0804a504     0x24  apptask.o [1]
  .rodata             const    0x0804a528     0x24  apptask.o [1]
  .rodata             const    0x0804a54c     0x24  apptask.o [1]
  .rodata             const    0x0804a570     0x24  apptask.o [1]
  .rodata             const    0x0804a594     0x24  apptask.o [1]
  .rodata             const    0x0804a5b8     0x24  apptask.o [1]
  .rodata             const    0x0804a5dc     0x24  apptask.o [1]
  .rodata             const    0x0804a600     0x24  demo_fatfs.o [1]
  .rodata             const    0x0804a624     0x24  demo_fatfs.o [1]
  .rodata             const    0x0804a648     0x24  pub0sub1.o [1]
  .rodata             const    0x0804a66c     0x24  pub0sub1.o [1]
  .rodata             const    0x0804a690     0x24  usbh_usr.o [1]
  .text               ro code  0x0804a6b4     0x22  fpinit_M.o [4]
  .iar.init_table     const    0x0804a6d8     0x34  - Linker created -
  .rodata             const    0x0804a70c     0x20  apptask.o [1]
  .rodata             const    0x0804a72c     0x20  apptask.o [1]
  .rodata             const    0x0804a74c     0x20  apptask.o [1]
  .rodata             const    0x0804a76c     0x20  demo_fatfs.o [1]
  .rodata             const    0x0804a78c     0x20  demo_fatfs.o [1]
  .rodata             const    0x0804a7ac     0x20  demo_fatfs.o [1]
  .rodata             const    0x0804a7cc     0x20  des.o [1]
  .rodata             const    0x0804a7ec     0x20  pub0sub1.o [1]
  .rodata             const    0x0804a80c     0x20  usbh_usr.o [1]
  .rodata             const    0x0804a82c     0x20  usbh_usr.o [1]
  .rodata             const    0x0804a84c     0x20  usbh_usr.o [1]
  .rodata             const    0x0804a86c     0x20  usbh_usr.o [1]
  .rodata             const    0x0804a88c     0x20  usbh_usr.o [1]
  .rodata             const    0x0804a8ac     0x1c  apptask.o [1]
  .rodata             const    0x0804a8c8     0x1c  apptask.o [1]
  .rodata             const    0x0804a8e4     0x1c  apptask.o [1]
  .rodata             const    0x0804a900     0x1c  apptask.o [1]
  .rodata             const    0x0804a91c     0x1c  apptask.o [1]
  .rodata             const    0x0804a938     0x1c  apptask.o [1]
  .rodata             const    0x0804a954     0x1c  apptask.o [1]
  .rodata             const    0x0804a970     0x1c  apptask.o [1]
  .rodata             const    0x0804a98c     0x1c  demo_fatfs.o [1]
  .rodata             const    0x0804a9a8     0x1c  demo_fatfs.o [1]
  .rodata             const    0x0804a9c4     0x1c  esp8266_handler.o [1]
  .rodata             const    0x0804a9e0     0x1c  esp8266_handler.o [1]
  .rodata             const    0x0804a9fc     0x1c  pub0sub1.o [1]
  .rodata             const    0x0804aa18     0x1c  pub0sub1.o [1]
  .rodata             const    0x0804aa34     0x1c  pub0sub1.o [1]
  .rodata             const    0x0804aa50     0x1c  smec98sp.o [1]
  .rodata             const    0x0804aa6c     0x1c  smec98sp.o [1]
  .rodata             const    0x0804aa88     0x1c  smec98sp.o [1]
  .rodata             const    0x0804aaa4     0x1c  usbh_usr.o [1]
  .rodata             const    0x0804aac0     0x1c  usbh_usr.o [1]
  .rodata             const    0x0804aadc     0x1c  usbh_usr.o [1]
  .rodata             const    0x0804aaf8     0x1c  usbh_usr.o [1]
  .rodata             const    0x0804ab14     0x1c  usbh_usr.o [1]
  .rodata             const    0x0804ab30     0x1c  usbh_usr.o [1]
  .text               ro code  0x0804ab4c     0x1a  cmain.o [5]
  .text               ro code  0x0804ab66      0x4  exit.o [3]
  .text               ro code  0x0804ab6c      0xa  cexit.o [5]
  .rodata             const    0x0804ab78     0x18  apptask.o [1]
  .rodata             const    0x0804ab90     0x18  apptask.o [1]
  .rodata             const    0x0804aba8     0x18  apptask.o [1]
  .rodata             const    0x0804abc0     0x18  apptask.o [1]
  .rodata             const    0x0804abd8     0x18  apptask.o [1]
  .rodata             const    0x0804abf0     0x18  apptask.o [1]
  .rodata             const    0x0804ac08     0x18  apptask.o [1]
  .rodata             const    0x0804ac20     0x18  apptask.o [1]
  .rodata             const    0x0804ac38     0x18  apptask.o [1]
  .rodata             const    0x0804ac50     0x18  apptask.o [1]
  .rodata             const    0x0804ac68     0x18  apptask.o [1]
  .rodata             const    0x0804ac80     0x18  apptask.o [1]
  .rodata             const    0x0804ac98     0x18  demo_fatfs.o [1]
  .rodata             const    0x0804acb0     0x18  demo_fatfs.o [1]
  .rodata             const    0x0804acc8     0x18  demo_fatfs.o [1]
  .rodata             const    0x0804ace0     0x18  demo_fatfs.o [1]
  .rodata             const    0x0804acf8     0x18  esp8266_handler.o [1]
  .rodata             const    0x0804ad10     0x18  esp8266_handler.o [1]
  .rodata             const    0x0804ad28     0x18  esp8266_handler.o [1]
  .rodata             const    0x0804ad40     0x18  para.o [1]
  .rodata             const    0x0804ad58     0x18  pub0sub1.o [1]
  .rodata             const    0x0804ad70     0x18  pub0sub1.o [1]
  .rodata             const    0x0804ad88     0x18  smec98sp.o [1]
  .rodata             const    0x0804ada0     0x18  smec98sp.o [1]
  .rodata             const    0x0804adb8     0x18  usbh_usr.o [1]
  .rodata             const    0x0804add0     0x18  usbh_usr.o [1]
  .rodata             const    0x0804ade8     0x18  usbh_usr.o [1]
  .rodata             const    0x0804ae00     0x18  usbh_usr.o [1]
  .rodata             const    0x0804ae18     0x18  usbh_usr.o [1]
  .text               ro code  0x0804ae30     0x16  xprout.o [3]
  .text               ro code  0x0804ae48      0xc  putchar.o [3]
  .rodata             const    0x0804ae54     0x14  apptask.o [1]
  .rodata             const    0x0804ae68     0x14  apptask.o [1]
  .rodata             const    0x0804ae7c     0x14  apptask.o [1]
  .rodata             const    0x0804ae90     0x14  apptask.o [1]
  .rodata             const    0x0804aea4     0x14  apptask.o [1]
  .rodata             const    0x0804aeb8     0x14  apptask.o [1]
  .rodata             const    0x0804aecc     0x14  apptask.o [1]
  .rodata             const    0x0804aee0     0x14  apptask.o [1]
  .rodata             const    0x0804aef4     0x14  apptask.o [1]
  .rodata             const    0x0804af08     0x14  apptask.o [1]
  .rodata             const    0x0804af1c     0x14  apptask.o [1]
  .rodata             const    0x0804af30     0x14  apptask.o [1]
  .rodata             const    0x0804af44     0x14  apptask.o [1]
  .rodata             const    0x0804af58     0x14  apptask.o [1]
  .rodata             const    0x0804af6c     0x14  apptask.o [1]
  .rodata             const    0x0804af80     0x14  apptask.o [1]
  .rodata             const    0x0804af94     0x14  des.o [1]
  .rodata             const    0x0804afa8     0x14  esp8266_handler.o [1]
  .rodata             const    0x0804afbc     0x14  pub0sub1.o [1]
  .rodata             const    0x0804afd0     0x14  pub0sub1.o [1]
  .rodata             const    0x0804afe4     0x14  pub0sub1.o [1]
  .rodata             const    0x0804aff8     0x14  pub0sub1.o [1]
  .rodata             const    0x0804b00c     0x14  pub0sub1.o [1]
  .rodata             const    0x0804b020     0x14  smec98sp.o [1]
  .rodata             const    0x0804b034     0x14  usbh_usr.o [1]
  .rodata             const    0x0804b048     0x14  usbh_usr.o [1]
  .rodata             const    0x0804b05c     0x10  apptask.o [1]
  .rodata             const    0x0804b06c     0x10  apptask.o [1]
  .rodata             const    0x0804b07c     0x10  apptask.o [1]
  .rodata             const    0x0804b08c     0x10  apptask.o [1]
  .rodata             const    0x0804b09c     0x10  apptask.o [1]
  .rodata             const    0x0804b0ac     0x10  apptask.o [1]
  .rodata             const    0x0804b0bc     0x10  apptask.o [1]
  .rodata             const    0x0804b0cc     0x10  apptask.o [1]
  .rodata             const    0x0804b0dc     0x10  apptask.o [1]
  .rodata             const    0x0804b0ec     0x10  apptask.o [1]
  .rodata             const    0x0804b0fc     0x10  apptask.o [1]
  .rodata             const    0x0804b10c     0x10  apptask.o [1]
  .rodata             const    0x0804b11c     0x10  apptask.o [1]
  .rodata             const    0x0804b12c     0x10  apptask.o [1]
  .rodata             const    0x0804b13c     0x10  apptask.o [1]
  .rodata             const    0x0804b14c     0x10  apptask.o [1]
  .rodata             const    0x0804b15c     0x10  apptask.o [1]
  .rodata             const    0x0804b16c     0x10  apptask.o [1]
  .rodata             const    0x0804b17c     0x10  apptask.o [1]
  .rodata             const    0x0804b18c     0x10  apptask.o [1]
  .rodata             const    0x0804b19c     0x10  apptask.o [1]
  .rodata             const    0x0804b1ac     0x10  apptask.o [1]
  .rodata             const    0x0804b1bc     0x10  apptask.o [1]
  .rodata             const    0x0804b1cc     0x10  apptask.o [1]
  .rodata             const    0x0804b1dc     0x10  apptask.o [1]
  .rodata             const    0x0804b1ec     0x10  apptask.o [1]
  .rodata             const    0x0804b1fc     0x10  apptask.o [1]
  .rodata             const    0x0804b20c     0x10  bsp_sdwe050c17.o [1]
  .rodata             const    0x0804b21c     0x10  esp8266_handler.o [1]
  .rodata             const    0x0804b22c     0x10  esp8266_handler.o [1]
  .rodata             const    0x0804b23c     0x10  esp8266_handler.o [1]
  .rodata             const    0x0804b24c     0x10  esp8266_handler.o [1]
  .rodata             const    0x0804b25c     0x10  esp8266_handler.o [1]
  .rodata             const    0x0804b26c     0x10  esp8266_handler.o [1]
  .rodata             const    0x0804b27c     0x10  ff.o [1]
  .rodata             const    0x0804b28c     0x10  main.o [1]
  .rodata             const    0x0804b29c     0x10  main.o [1]
  .rodata             const    0x0804b2ac     0x10  para.o [1]
  .rodata             const    0x0804b2bc     0x10  para.o [1]
  .rodata             const    0x0804b2cc     0x10  pub0sub1.o [1]
  .rodata             const    0x0804b2dc     0x10  smec98sp.o [1]
  .rodata             const    0x0804b2ec     0x10  smec98sp.o [1]
  .rodata             const    0x0804b2fc     0x10  smec98sp.o [1]
  .rodata             const    0x0804b30c     0x10  smec98sp.o [1]
  .rodata             const    0x0804b31c     0x10  smec98sp.o [1]
  .rodata             const    0x0804b32c     0x10  smec98sp.o [1]
  .rodata             const    0x0804b33c     0x10  usbh_usr.o [1]
  .rodata             const    0x0804b34c     0x10  usbh_usr.o [1]
  .text               ro code  0x0804b35c     0x10  startup_stm32f40_41xxx.o [1]
  .text               ro code  0x0804b36c     0x10  usbh_it.o [1]
  .rodata             const    0x0804b37c      0xc  apptask.o [1]
  .rodata             const    0x0804b388      0xc  apptask.o [1]
  .rodata             const    0x0804b394      0xc  apptask.o [1]
  .rodata             const    0x0804b3a0      0xc  apptask.o [1]
  .rodata             const    0x0804b3ac      0xc  apptask.o [1]
  .rodata             const    0x0804b3b8      0xc  apptask.o [1]
  .rodata             const    0x0804b3c4      0xc  apptask.o [1]
  .rodata             const    0x0804b3d0      0xc  apptask.o [1]
  .rodata             const    0x0804b3dc      0xc  apptask.o [1]
  .rodata             const    0x0804b3e8      0xc  apptask.o [1]
  .rodata             const    0x0804b3f4      0xc  apptask.o [1]
  .rodata             const    0x0804b400      0xc  apptask.o [1]
  .rodata             const    0x0804b40c      0xc  apptask.o [1]
  .rodata             const    0x0804b418      0xc  apptask.o [1]
  .rodata             const    0x0804b424      0xc  apptask.o [1]
  .rodata             const    0x0804b430      0xc  apptask.o [1]
  .rodata             const    0x0804b43c      0xc  apptask.o [1]
  .rodata             const    0x0804b448      0xc  apptask.o [1]
  .rodata             const    0x0804b454      0xc  apptask.o [1]
  .rodata             const    0x0804b460      0xc  apptask.o [1]
  .rodata             const    0x0804b46c      0xc  apptask.o [1]
  .rodata             const    0x0804b478      0xc  apptask.o [1]
  .rodata             const    0x0804b484      0xc  apptask.o [1]
  .rodata             const    0x0804b490      0xc  apptask.o [1]
  .rodata             const    0x0804b49c      0xc  apptask.o [1]
  .rodata             const    0x0804b4a8      0xc  apptask.o [1]
  .rodata             const    0x0804b4b4      0xc  apptask.o [1]
  .rodata             const    0x0804b4c0      0xc  apptask.o [1]
  .rodata             const    0x0804b4cc      0xc  apptask.o [1]
  .rodata             const    0x0804b4d8      0xc  apptask.o [1]
  .rodata             const    0x0804b4e4      0xc  apptask.o [1]
  .rodata             const    0x0804b4f0      0xc  apptask.o [1]
  .rodata             const    0x0804b4fc      0xc  apptask.o [1]
  .rodata             const    0x0804b508      0xc  apptask.o [1]
  .rodata             const    0x0804b514      0xc  apptask.o [1]
  .rodata             const    0x0804b520      0xc  bsp_sdwe050c17.o [1]
  .rodata             const    0x0804b52c      0xc  demo_fatfs.o [1]
  .rodata             const    0x0804b538      0xc  esp8266_handler.o [1]
  .rodata             const    0x0804b544      0xc  esp8266_handler.o [1]
  .rodata             const    0x0804b550      0xc  esp8266_handler.o [1]
  .rodata             const    0x0804b55c      0xc  esp8266_handler.o [1]
  .rodata             const    0x0804b568      0xc  esp8266_handler.o [1]
  .rodata             const    0x0804b574      0xc  esp8266_handler.o [1]
  .rodata             const    0x0804b580      0xc  ff.o [1]
  .rodata             const    0x0804b58c      0xc  page_weimi.o [1]
  .rodata             const    0x0804b598      0xc  para.o [1]
  .rodata             const    0x0804b5a4      0xc  para.o [1]
  .rodata             const    0x0804b5b0      0xc  para.o [1]
  .rodata             const    0x0804b5bc      0xc  para.o [1]
  .rodata             const    0x0804b5c8      0xc  para.o [1]
  .rodata             const    0x0804b5d4      0xc  pub0sub1.o [1]
  .rodata             const    0x0804b5e0      0xc  pub0sub1.o [1]
  .text               ro code  0x0804b5ec      0xc  cstartup_M.o [5]
  .rodata             const    0x0804b5f8      0x8  apptask.o [1]
  .rodata             const    0x0804b600      0x8  apptask.o [1]
  .rodata             const    0x0804b608      0x8  apptask.o [1]
  .rodata             const    0x0804b610      0x8  apptask.o [1]
  .rodata             const    0x0804b618      0x8  apptask.o [1]
  .rodata             const    0x0804b620      0x8  apptask.o [1]
  .rodata             const    0x0804b628      0x8  apptask.o [1]
  .rodata             const    0x0804b630      0x8  apptask.o [1]
  .rodata             const    0x0804b638      0x8  apptask.o [1]
  .rodata             const    0x0804b640      0x8  apptask.o [1]
  .rodata             const    0x0804b648      0x8  apptask.o [1]
  .rodata             const    0x0804b650      0x8  apptask.o [1]
  .rodata             const    0x0804b658      0x8  apptask.o [1]
  .rodata             const    0x0804b660      0x8  apptask.o [1]
  .rodata             const    0x0804b668      0x8  apptask.o [1]
  .rodata             const    0x0804b670      0x8  apptask.o [1]
  .rodata             const    0x0804b678      0x8  apptask.o [1]
  .rodata             const    0x0804b680      0x8  apptask.o [1]
  .rodata             const    0x0804b688      0x8  apptask.o [1]
  .rodata             const    0x0804b690      0x8  apptask.o [1]
  .rodata             const    0x0804b698      0x8  apptask.o [1]
  .rodata             const    0x0804b6a0      0x8  apptask.o [1]
  .rodata             const    0x0804b6a8      0x8  apptask.o [1]
  .rodata             const    0x0804b6b0      0x8  bsp_sdwe050c17.o [1]
  .rodata             const    0x0804b6b8      0x8  bsp_w25qxx.o [1]
  .rodata             const    0x0804b6c0      0x8  esp8266_handler.o [1]
  .rodata             const    0x0804b6c8      0x8  ff.o [1]
  .rodata             const    0x0804b6d0      0x8  malloc.o [1]
  .rodata             const    0x0804b6d8      0x8  malloc.o [1]
  .rodata             const    0x0804b6e0      0x8  malloc.o [1]
  .rodata             const    0x0804b6e8      0x8  MQTTConnectClient.o [1]
  .rodata             const    0x0804b6f0      0x8  MQTTConnectClient.o [1]
  .rodata             const    0x0804b6f8      0x8  para.o [1]
  .rodata             const    0x0804b700      0x8  para.o [1]
  .rodata             const    0x0804b708      0x8  para.o [1]
  .rodata             const    0x0804b710      0x8  para.o [1]
  .rodata             const    0x0804b718      0x8  para.o [1]
  .rodata             const    0x0804b720      0x8  para.o [1]
  .rodata             const    0x0804b728      0x8  para.o [1]
  .rodata             const    0x0804b730      0x8  para.o [1]
  .rodata             const    0x0804b738      0x8  para.o [1]
  .rodata             const    0x0804b740      0x8  para.o [1]
  .rodata             const    0x0804b748      0x8  para.o [1]
  .rodata             const    0x0804b750      0x8  para.o [1]
  .rodata             const    0x0804b758      0x8  para.o [1]
  .rodata             const    0x0804b760      0x8  para.o [1]
  .rodata             const    0x0804b768      0x8  para.o [1]
  .rodata             const    0x0804b770      0x8  para.o [1]
  .rodata             const    0x0804b778      0x8  para.o [1]
  .rodata             const    0x0804b780      0x8  para.o [1]
  .rodata             const    0x0804b788      0x8  para.o [1]
  .rodata             const    0x0804b790      0x8  para.o [1]
  .rodata             const    0x0804b798      0x8  para.o [1]
  .rodata             const    0x0804b7a0      0x8  pub0sub1.o [1]
  .rodata             const    0x0804b7a8      0x8  smec98sp.o [1]
  .rodata             const    0x0804b7b0      0x8  tasks.o [1]
  .rodata             const    0x0804b7b8      0x8  timers.o [1]
  .rodata             const    0x0804b7c0      0x4  heap_4.o [1]
  .rodata             const    0x0804b7c4      0x4  MQTTConnectClient.o [1]
  .rodata             const    0x0804b7c8      0x4  MQTTConnectClient.o [1]
  .rodata             const    0x0804b7cc      0x4  MQTTConnectClient.o [1]
  .rodata             const    0x0804b7d0      0x4  MQTTConnectClient.o [1]
  .rodata             const    0x0804b7d4      0x4  MQTTConnectClient.o [1]
  .rodata             const    0x0804b7d8      0x4  MQTTDeserializePublish.o [1]
  .rodata             const    0x0804b7dc      0x4  MQTTPacket.o [1]
  .rodata             const    0x0804b7e0      0x4  MQTTSerializePublish.o [1]
  .rodata             const    0x0804b7e4      0x4  MQTTSubscribeClient.o [1]
  .rodata             const    0x0804b7e8      0x4  MQTTSubscribeClient.o [1]
  .rodata             const    0x0804b7ec      0x4  port.o [1]
  .text               ro code  0x0804b7f0      0x4  startup_stm32f40_41xxx.o [1]
  .text               ro code  0x0804b7f4      0x4  startup_stm32f40_41xxx.o [1]
  .text               ro code  0x0804b7f8      0x4  startup_stm32f40_41xxx.o [1]
  .text               ro code  0x0804b7fc      0x4  startup_stm32f40_41xxx.o [1]
  .text               ro code  0x0804b800      0x4  startup_stm32f40_41xxx.o [1]
  .text               ro code  0x0804b804      0x4  startup_stm32f40_41xxx.o [1]
  .text               ro code  0x0804b808      0x4  startup_stm32f40_41xxx.o [1]
  .text               ro code  0x0804b80c      0x4  startup_stm32f40_41xxx.o [1]
  .text               ro code  0x0804b810      0x4  startup_stm32f40_41xxx.o [1]
  .text               ro code  0x0804b814      0x4  startup_stm32f40_41xxx.o [1]
  .text               ro code  0x0804b818      0x4  startup_stm32f40_41xxx.o [1]
  .text               ro code  0x0804b81c      0x4  startup_stm32f40_41xxx.o [1]
  .text               ro code  0x0804b820      0x4  startup_stm32f40_41xxx.o [1]
  .text               ro code  0x0804b824      0x4  startup_stm32f40_41xxx.o [1]
  .text               ro code  0x0804b828      0x4  startup_stm32f40_41xxx.o [1]
  .text               ro code  0x0804b82c      0x4  startup_stm32f40_41xxx.o [1]
  .text               ro code  0x0804b830      0x4  startup_stm32f40_41xxx.o [1]
  .text               ro code  0x0804b834      0x4  startup_stm32f40_41xxx.o [1]
  .text               ro code  0x0804b838      0x4  startup_stm32f40_41xxx.o [1]
  .text               ro code  0x0804b83c      0x4  startup_stm32f40_41xxx.o [1]
  .text               ro code  0x0804b840      0x4  startup_stm32f40_41xxx.o [1]
  .text               ro code  0x0804b844      0x4  startup_stm32f40_41xxx.o [1]
  .text               ro code  0x0804b848      0x4  startup_stm32f40_41xxx.o [1]
  .text               ro code  0x0804b84c      0x4  startup_stm32f40_41xxx.o [1]
  .text               ro code  0x0804b850      0x4  startup_stm32f40_41xxx.o [1]
  .text               ro code  0x0804b854      0x4  startup_stm32f40_41xxx.o [1]
  .text               ro code  0x0804b858      0x4  startup_stm32f40_41xxx.o [1]
  .text               ro code  0x0804b85c      0x4  startup_stm32f40_41xxx.o [1]
  .text               ro code  0x0804b860      0x4  startup_stm32f40_41xxx.o [1]
  .text               ro code  0x0804b864      0x4  startup_stm32f40_41xxx.o [1]
  .text               ro code  0x0804b868      0x4  startup_stm32f40_41xxx.o [1]
  .text               ro code  0x0804b86c      0x4  startup_stm32f40_41xxx.o [1]
  .text               ro code  0x0804b870      0x4  startup_stm32f40_41xxx.o [1]
  .text               ro code  0x0804b874      0x4  startup_stm32f40_41xxx.o [1]
  .text               ro code  0x0804b878      0x4  startup_stm32f40_41xxx.o [1]
  .text               ro code  0x0804b87c      0x4  startup_stm32f40_41xxx.o [1]
  .text               ro code  0x0804b880      0x4  startup_stm32f40_41xxx.o [1]
  .text               ro code  0x0804b884      0x4  startup_stm32f40_41xxx.o [1]
  .text               ro code  0x0804b888      0x4  startup_stm32f40_41xxx.o [1]
  .text               ro code  0x0804b88c      0x4  startup_stm32f40_41xxx.o [1]
  .text               ro code  0x0804b890      0x4  startup_stm32f40_41xxx.o [1]
  .text               ro code  0x0804b894      0x4  startup_stm32f40_41xxx.o [1]
  .text               ro code  0x0804b898      0x4  startup_stm32f40_41xxx.o [1]
  .text               ro code  0x0804b89c      0x4  startup_stm32f40_41xxx.o [1]
  .text               ro code  0x0804b8a0      0x4  startup_stm32f40_41xxx.o [1]
  .text               ro code  0x0804b8a4      0x4  startup_stm32f40_41xxx.o [1]
  .text               ro code  0x0804b8a8      0x4  startup_stm32f40_41xxx.o [1]
  .text               ro code  0x0804b8ac      0x4  startup_stm32f40_41xxx.o [1]
  .text               ro code  0x0804b8b0      0x4  startup_stm32f40_41xxx.o [1]
  .text               ro code  0x0804b8b4      0x4  startup_stm32f40_41xxx.o [1]
  .text               ro code  0x0804b8b8      0x4  startup_stm32f40_41xxx.o [1]
  .text               ro code  0x0804b8bc      0x4  startup_stm32f40_41xxx.o [1]
  .text               ro code  0x0804b8c0      0x4  startup_stm32f40_41xxx.o [1]
  .text               ro code  0x0804b8c4      0x4  startup_stm32f40_41xxx.o [1]
  .text               ro code  0x0804b8c8      0x4  startup_stm32f40_41xxx.o [1]
  .text               ro code  0x0804b8cc      0x4  startup_stm32f40_41xxx.o [1]
  .text               ro code  0x0804b8d0      0x4  startup_stm32f40_41xxx.o [1]
  .text               ro code  0x0804b8d4      0x4  startup_stm32f40_41xxx.o [1]
  .text               ro code  0x0804b8d8      0x4  startup_stm32f40_41xxx.o [1]
  .text               ro code  0x0804b8dc      0x4  startup_stm32f40_41xxx.o [1]
  .text               ro code  0x0804b8e0      0x4  startup_stm32f40_41xxx.o [1]
  .text               ro code  0x0804b8e4      0x4  startup_stm32f40_41xxx.o [1]
  .text               ro code  0x0804b8e8      0x4  startup_stm32f40_41xxx.o [1]
  .text               ro code  0x0804b8ec      0x4  startup_stm32f40_41xxx.o [1]
  .text               ro code  0x0804b8f0      0x4  startup_stm32f40_41xxx.o [1]
  .text               ro code  0x0804b8f4      0x4  startup_stm32f40_41xxx.o [1]
  .text               ro code  0x0804b8f8      0x4  startup_stm32f40_41xxx.o [1]
  .text               ro code  0x0804b8fc      0x4  startup_stm32f40_41xxx.o [1]
  .rodata             const    0x0804b900      0x0  zero_init3.o [5]
  .rodata             const    0x0804b900      0x0  packbits_init.o [5]
  Initializer bytes   const    0x0804b900    0x126  <for P2 s0>
                             - 0x0804ba26  0x4b89e

"P2":                                      0x1ff08
  P2 s0                        0x20000000    0x2be  <Init block>
    __DLIB_PERTHREAD  inited   0x20000000     0x8c  rand.o [3]
    __DLIB_PERTHREAD  inited   0x2000008c     0x88  localeconv.o [3]
    __DLIB_PERTHREAD  inited   0x20000114     0x74  setlocale.o [3]
    .data             inited   0x20000188     0x50  demo_fatfs.o [1]
    .data             inited   0x200001d8     0x48  usbh_usr.o [1]
    .data             inited   0x20000220     0x40  xfiles.o [3]
    .data             inited   0x20000260     0x1c  malloc.o [1]
    .data             inited   0x2000027c     0x10  stm32f4xx_rcc.o [1]
    .data             inited   0x2000028c     0x10  usbh_msc_core.o [1]
    .data             inited   0x2000029c      0xc  usbh_core.o [1]
    .data             inited   0x200002a8      0x4  port.o [1]
    .data             inited   0x200002ac      0x4  system_stm32f4xx.o [1]
    .data             inited   0x200002b0      0x4  usbh_core.o [1]
    __DLIB_PERTHREAD  inited   0x200002b4      0x4  errno.o [3]
    .data             inited   0x200002b8      0x2  bsp_w25qxx.o [1]
    .data             inited   0x200002ba      0x1  apptask.o [1]
    .data             inited   0x200002bb      0x1  encoder_tim.o [1]
    .data             inited   0x200002bc      0x1  page_weimi.o [1]
    .data             inited   0x200002bd      0x1  usbh_msc_scsi.o [1]
  .bss                zero     0x200002c0  0x10c00  heap_4.o [1]
  .bss                zero     0x20010ec0   0xa000  malloc.o [1]
  .bss                zero     0x2001aec0   0x1000  bsp_w25qxx.o [1]
  .bss                zero     0x2001bec0    0xa00  malloc.o [1]
  .bss                zero     0x2001c8c0    0x5ac  usbh_usr.o [1]
  .bss                zero     0x2001ce6c    0x5ac  usbh_usr.o [1]
  .bss                zero     0x2001d418    0x3e8  bsp_uart_fifo.o [1]
  .bss                zero     0x2001d800    0x3e8  esp8266_handler.o [1]
  .bss                zero     0x2001dbe8    0x3e8  esp8266_handler.o [1]
  .bss                zero     0x2001dfd0    0x3e8  pub0sub1.o [1]
  .bss                zero     0x2001e3b8    0x200  ff.o [1]
  .bss                zero     0x2001e5b8    0x200  usbh_msc_scsi.o [1]
  .bss                zero     0x2001e7b8    0x200  usbh_stdreq.o [1]
  .bss                zero     0x2001e9b8    0x140  tasks.o [1]
  .bss                zero     0x2001eaf8    0x12c  page_weimi.o [1]
  .bss                zero     0x2001ec24    0x11c  protocol.o [1]
  .bss                zero     0x2001ed40     0xd4  protocol.o [1]
  .bss                zero     0x2001ee14     0xd0  protocol.o [1]
  .bss                zero     0x2001eee4     0xa8  para.o [1]
  .bss                zero     0x2001ef8c     0x94  usbh_usr.o [1]
  .bss                zero     0x2001f020     0x68  esp8266_handler.o [1]
  .bss                zero     0x2001f088     0x64  bsp_uart_fifo.o [1]
  .bss                zero     0x2001f0ec     0x64  bsp_uart_fifo.o [1]
  .bss                zero     0x2001f150     0x58  bsp_sdio_sd.o [1]
  .bss                zero     0x2001f1a8     0x50  xfiles.o [3]
  .bss                zero     0x2001f1f8     0x4c  usbh_msc_core.o [1]
  .bss                zero     0x2001f244     0x40  page_weimi.o [1]
  .bss                zero     0x2001f284     0x40  pub0sub1.o [1]
  .bss                zero     0x2001f2c4     0x34  bsp_sdwe050c17.o [1]
  .bss                zero     0x2001f2f8     0x30  product_cal.o [1]
  .bss                zero     0x2001f328     0x28  product_cal.o [1]
  .bss                zero     0x2001f350     0x24  ff.o [1]
  .bss                zero     0x2001f374     0x20  pub0sub1.o [1]
  .bss                zero     0x2001f394     0x20  usbh_msc_bot.o [1]
  .bss                zero     0x2001f3b4     0x18  bsp_sdio_sd.o [1]
  .bss                zero     0x2001f3cc     0x18  bsp_sdio_sd.o [1]
  .bss                zero     0x2001f3e4     0x18  encoder_tim.o [1]
  .bss                zero     0x2001f3fc     0x14  bsp_sdio_sd.o [1]
  .bss                zero     0x2001f410     0x14  rc522.o [1]
  .bss                zero     0x2001f424     0x14  tasks.o [1]
  .bss                zero     0x2001f438     0x14  tasks.o [1]
  .bss                zero     0x2001f44c     0x14  tasks.o [1]
  .bss                zero     0x2001f460     0x14  tasks.o [1]
  .bss                zero     0x2001f474     0x14  tasks.o [1]
  .bss                zero     0x2001f488     0x14  timers.o [1]
  .bss                zero     0x2001f49c     0x14  timers.o [1]
  .bss                zero     0x2001f4b0     0x10  bsp_sdio_sd.o [1]
  .bss                zero     0x2001f4c0     0x10  bsp_sdio_sd.o [1]
  .bss                zero     0x2001f4d0     0x10  usbh_msc_bot.o [1]
  .bss                zero     0x2001f4e0     0x10  usbh_msc_bot.o [1]
  .bss                zero     0x2001f4f0     0x10  usbh_msc_scsi.o [1]
  .bss                zero     0x2001f500      0xc  apptask.o [1]
  .bss                zero     0x2001f50c      0xc  apptask.o [1]
  .bss                zero     0x2001f518      0xc  apptask.o [1]
  .bss                zero     0x2001f524      0xc  apptask.o [1]
  .bss                zero     0x2001f530      0xc  ff.o [1]
  .bss                zero     0x2001f53c      0xc  protocol.o [1]
  .bss                zero     0x2001f548      0xc  protocol.o [1]
  .bss                zero     0x2001f554      0xc  protocol.o [1]
  .bss                zero     0x2001f560      0xc  pub0sub1.o [1]
  .bss                zero     0x2001f56c      0x8  heap_4.o [1]
  .bss                zero     0x2001f574      0x8  modbus.o [1]
  .bss                zero     0x2001f57c      0x8  protocol.o [1]
  .bss                zero     0x2001f584      0x8  pub0sub1.o [1]
  .bss                zero     0x2001f58c      0x4  apptask.o [1]
  .bss                zero     0x2001f590      0x4  apptask.o [1]
  .bss                zero     0x2001f594      0x4  apptask.o [1]
  .bss                zero     0x2001f598      0x4  apptask.o [1]
  .bss                zero     0x2001f59c      0x4  apptask.o [1]
  .bss                zero     0x2001f5a0      0x4  apptask.o [1]
  .bss                zero     0x2001f5a4      0x4  apptask.o [1]
  .bss                zero     0x2001f5a8      0x4  apptask.o [1]
  .bss                zero     0x2001f5ac      0x4  apptask.o [1]
  .bss                zero     0x2001f5b0      0x4  apptask.o [1]
  .bss                zero     0x2001f5b4      0x4  apptask.o [1]
  .bss                zero     0x2001f5b8      0x4  apptask.o [1]
  .bss                zero     0x2001f5bc      0x4  apptask.o [1]
  .bss                zero     0x2001f5c0      0x4  apptask.o [1]
  .bss                zero     0x2001f5c4      0x4  apptask.o [1]
  .bss                zero     0x2001f5c8      0x4  apptask.o [1]
  .bss                zero     0x2001f5cc      0x4  apptask.o [1]
  .bss                zero     0x2001f5d0      0x4  apptask.o [1]
  .bss                zero     0x2001f5d4      0x4  apptask.o [1]
  .bss                zero     0x2001f5d8      0x4  apptask.o [1]
  .bss                zero     0x2001f5dc      0x4  apptask.o [1]
  .bss                zero     0x2001f5e0      0x4  apptask.o [1]
  .bss                zero     0x2001f5e4      0x4  apptask.o [1]
  .bss                zero     0x2001f5e8      0x4  apptask.o [1]
  .bss                zero     0x2001f5ec      0x4  apptask.o [1]
  .bss                zero     0x2001f5f0      0x4  apptask.o [1]
  .bss                zero     0x2001f5f4      0x4  apptask.o [1]
  .bss                zero     0x2001f5f8      0x4  bsp_sdio_sd.o [1]
  .bss                zero     0x2001f5fc      0x4  bsp_sdio_sd.o [1]
  .bss                zero     0x2001f600      0x4  bsp_sdio_sd.o [1]
  .bss                zero     0x2001f604      0x4  bsp_sdio_sd.o [1]
  .bss                zero     0x2001f608      0x4  bsp_sdio_sd.o [1]
  .bss                zero     0x2001f60c      0x4  bsp_timer.o [1]
  .bss                zero     0x2001f610      0x4  bsp_timer.o [1]
  .bss                zero     0x2001f614      0x4  bsp_timer.o [1]
  .bss                zero     0x2001f618      0x4  bsp_timer.o [1]
  .bss                zero     0x2001f61c      0x4  esp8266_handler.o [1]
  .bss                zero     0x2001f620      0x4  esp8266_handler.o [1]
  .bss                zero     0x2001f624      0x4  esp8266_handler.o [1]
  .bss                zero     0x2001f628      0x4  heap_4.o [1]
  .bss                zero     0x2001f62c      0x4  heap_4.o [1]
  .bss                zero     0x2001f630      0x4  heap_4.o [1]
  .bss                zero     0x2001f634      0x4  heap_4.o [1]
  .bss                zero     0x2001f638      0x4  MQTTPacket.o [1]
  .bss                zero     0x2001f63c      0x4  page_weimi.o [1]
  .bss                zero     0x2001f640      0x4  page_weimi.o [1]
  .bss                zero     0x2001f644      0x4  port.o [1]
  .bss                zero     0x2001f648      0x4  product_cal.o [1]
  .bss                zero     0x2001f64c      0x4  product_cal.o [1]
  .bss                zero     0x2001f650      0x4  pub0sub1.o [1]
  .bss                zero     0x2001f654      0x4  SysInfoTest.o [1]
  .bss                zero     0x2001f658      0x4  tasks.o [1]
  .bss                zero     0x2001f65c      0x4  tasks.o [1]
  .bss                zero     0x2001f660      0x4  tasks.o [1]
  .bss                zero     0x2001f664      0x4  tasks.o [1]
  .bss                zero     0x2001f668      0x4  tasks.o [1]
  .bss                zero     0x2001f66c      0x4  tasks.o [1]
  .bss                zero     0x2001f670      0x4  tasks.o [1]
  .bss                zero     0x2001f674      0x4  tasks.o [1]
  .bss                zero     0x2001f678      0x4  tasks.o [1]
  .bss                zero     0x2001f67c      0x4  tasks.o [1]
  .bss                zero     0x2001f680      0x4  tasks.o [1]
  .bss                zero     0x2001f684      0x4  tasks.o [1]
  .bss                zero     0x2001f688      0x4  tasks.o [1]
  .bss                zero     0x2001f68c      0x4  tasks.o [1]
  .bss                zero     0x2001f690      0x4  tasks.o [1]
  .bss                zero     0x2001f694      0x4  tasks.o [1]
  .bss                zero     0x2001f698      0x4  timer_platform.o [1]
  .bss                zero     0x2001f69c      0x4  timers.o [1]
  .bss                zero     0x2001f6a0      0x4  timers.o [1]
  .bss                zero     0x2001f6a4      0x4  timers.o [1]
  .bss                zero     0x2001f6a8      0x4  timers.o [1]
  .bss                zero     0x2001f6ac      0x4  usbh_msc_bot.o [1]
  .bss                zero     0x2001f6b0      0x4  usbh_msc_bot.o [1]
  .bss                zero     0x2001f6b4      0x4  usbh_msc_bot.o [1]
  .bss                zero     0x2001f6b8      0x4  usbh_msc_bot.o [1]
  .bss                zero     0x2001f6bc      0x2  apptask.o [1]
  .bss                zero     0x2001f6be      0x2  apptask.o [1]
  .bss                zero     0x2001f6c0      0x2  apptask.o [1]
  .bss                zero     0x2001f6c2      0x2  apptask.o [1]
  .bss                zero     0x2001f6c4      0x2  apptask.o [1]
  .bss                zero     0x2001f6c6      0x2  apptask.o [1]
  .bss                zero     0x2001f6c8      0x2  apptask.o [1]
  .bss                zero     0x2001f6ca      0x2  apptask.o [1]
  .bss                zero     0x2001f6cc      0x2  bsp_sdwe050c17.o [1]
  .bss                zero     0x2001f6ce      0x2  encoder_tim.o [1]
  .bss                zero     0x2001f6d0      0x2  encoder_tim.o [1]
  .bss                zero     0x2001f6d2      0x2  ff.o [1]
  .bss                zero     0x2001f6d4      0x2  page_weimi.o [1]
  .bss                zero     0x2001f6d6      0x2  page_weimi.o [1]
  .bss                zero     0x2001f6d8      0x2  product_cal.o [1]
  .bss                zero     0x2001f6da      0x2  usbh_core.o [1]
  .bss                zero     0x2001f6dc      0x2  usbh_stdreq.o [1]
  .bss                zero     0x2001f6de      0x1  apptask.o [1]
  .bss                zero     0x2001f6df      0x1  apptask.o [1]
  .bss                zero     0x2001f6e0      0x1  apptask.o [1]
  .bss                zero     0x2001f6e1      0x1  apptask.o [1]
  .bss                zero     0x2001f6e2      0x1  apptask.o [1]
  .bss                zero     0x2001f6e3      0x1  apptask.o [1]
  .bss                zero     0x2001f6e4      0x1  apptask.o [1]
  .bss                zero     0x2001f6e5      0x1  apptask.o [1]
  .bss                zero     0x2001f6e6      0x1  apptask.o [1]
  .bss                zero     0x2001f6e7      0x1  apptask.o [1]
  .bss                zero     0x2001f6e8      0x1  apptask.o [1]
  .bss                zero     0x2001f6e9      0x1  apptask.o [1]
  .bss                zero     0x2001f6ea      0x1  apptask.o [1]
  .bss                zero     0x2001f6eb      0x1  apptask.o [1]
  .bss                zero     0x2001f6ec      0x1  bsp_sdio_sd.o [1]
  .bss                zero     0x2001f6ed      0x1  bsp_sdwe050c17.o [1]
  .bss                zero     0x2001f6ee      0x1  bsp_uart_fifo.o [1]
  .bss                zero     0x2001f6ef      0x1  encoder_tim.o [1]
  .bss                zero     0x2001f6f0      0x1  esp8266_handler.o [1]
  .bss                zero     0x2001f6f1      0x1  esp8266_handler.o [1]
  .bss                zero     0x2001f6f2      0x1  esp8266_handler.o [1]
  .bss                zero     0x2001f6f3      0x1  page_weimi.o [1]
  .bss                zero     0x2001f6f4      0x1  page_weimi.o [1]
  .bss                zero     0x2001f6f5      0x1  page_weimi.o [1]
  .bss                zero     0x2001f6f6      0x1  page_weimi.o [1]
  .bss                zero     0x2001f6f7      0x1  page_weimi.o [1]
  .bss                zero     0x2001f6f8      0x1  port.o [1]
  .bss                zero     0x2001f6f9      0x1  product_cal.o [1]
  .bss                zero     0x2001f6fa      0x1  product_cal.o [1]
  .bss                zero     0x2001f6fb      0x1  protocol.o [1]
  .bss                zero     0x2001f6fc      0x1  pub0sub1.o [1]
  .bss                zero     0x2001f6fd      0x1  pub0sub1.o [1]
  .bss                zero     0x2001f6fe      0x1  rc522.o [1]
  .bss                zero     0x2001f6ff      0x1  rc522.o [1]
  .bss                zero     0x2001f700      0x1  usbh_msc_bot.o [1]
  .bss                zero     0x2001f701      0x1  usbh_msc_core.o [1]
  .bss                zero     0x2001f702      0x1  usbh_msc_core.o [1]
  .bss                zero     0x2001f703      0x1  usbh_stdreq.o [1]
  .bss                zero     0x2001f704      0x1  usbh_usr.o [1]
  CSTACK                       0x2001f708    0x800  <Block>
    CSTACK            uninit   0x2001f708    0x800  <Block tail>
                             - 0x2001ff08  0x1ff08

Absolute sections:                         0xff000
  .bss                zero     0x68000000  0xf0000  malloc.o [1]
  .bss                zero     0x680f0000   0xf000  malloc.o [1]
                             - 0x680ff000  0xff000


*******************************************************************************
*** INIT TABLE
***

          Address     Size
          -------     ----
Zero (__iar_zero_init3)
    2 destination ranges, total size 0x11e445:
          0x200002c0  0x1f445
          0x68000000  0xff000

Copy/packbits (__iar_packbits_init3)
    1 source range, total size 0x126 (41% of destination):
          0x0804b900    0x126
    1 destination range, total size 0x2be:
          0x20000000    0x2be



*******************************************************************************
*** MODULE SUMMARY
***

    Module                    ro code  ro data  rw data    rw data
                                                            (abs)
    ------                    -------  -------  -------    -------
E:\WORK\YarnControl_Driver\YarnControl_Driver\src\stm32f4_rtos\Project\EWARMv7\Flash\Obj: [1]
    MQTTConnectClient.o           774       36
    MQTTDeserializePublish.o      188        4
    MQTTPacket.o                  656        4        4
    MQTTSerializePublish.o        236        4
    MQTTSubscribeClient.o         400        8
    SysInfoTest.o                  44                 4
    apptask.o                  31 036    3 532      187
    bkp_pwr.o                     392
    bsp.o                          88
    bsp_closeSW.o                 220
    bsp_dac.o                     200
    bsp_dwt.o                     116
    bsp_led.o                     192
    bsp_relay.o                    68
    bsp_sdio_sd.o               6 744               209
    bsp_sdwe050c17.o            5 684       36       55
    bsp_servomotor.o              640
    bsp_spi.o                     292
    bsp_stepmotor.o             1 268
    bsp_sw_onoff.o                 68
    bsp_timer.o                   516                16
    bsp_uart_fifo.o             2 724             1 201
    bsp_w25qxx.o                  896        9    4 098
    bsp_watchdog.o                  8
    cc936.o                       244  176 320
    demo_fatfs.o                           725       80
    des.o                       1 274      844
    diskio.o                      740
    encoder_tim.o                 672        1       30
    esp8266_handler.o           1 044      324    2 119
    esp8266_init.o                124
    event_groups.o                610
    ff.o                        9 368       36      562
    heap_4.o                      640        4   68 632
    iic_smec98sp.o                910
    list.o                        152
    main.o                         48       32
    malloc.o                      540       36   43 548  1 044 480
    mcheck.o                      184      768
    misc.o                        136
    modbus.o                      852                 8
    page_weimi.o                1 284       12      382
    para.o                      5 450      284      168
    port.o                        588        6        9
    portasm.o                     168
    product_cal.o               1 712      400      100
    protocol.o                    156               749
    pub0sub1.o                  1 076      472    1 122
    queue.o                     1 992
    rc522.o                       238                22
    smec98sp.o                  1 198      256
    startup_stm32f40_41xxx.o      680
    stm32f4xx_adc.o               438
    stm32f4xx_dac.o               124
    stm32f4xx_dma.o               796
    stm32f4xx_exti.o              192
    stm32f4xx_gpio.o              300
    stm32f4xx_it.o                 56       44
    stm32f4xx_iwdg.o               16
    stm32f4xx_pwr.o                12
    stm32f4xx_rcc.o               488        7       16
    stm32f4xx_rtc.o                60
    stm32f4xx_sdio.o              380
    stm32f4xx_spi.o               116
    stm32f4xx_syscfg.o             84
    stm32f4xx_tim.o             1 782
    stm32f4xx_usart.o             596
    system_stm32f4xx.o            340        2        4
    tasks.o                     3 296        8      484
    timer_platform.o               64                 4
    timers.o                    1 188        8       56
    transport.o                   108
    usb_bsp.o                     332
    usb_core.o                  2 640
    usb_hcd.o                     214
    usb_hcd_int.o               3 198
    usbh_core.o                 1 888        6       18
    usbh_hcs.o                    442
    usbh_ioreq.o                  582
    usbh_it.o                      16
    usbh_msc_bot.o              1 364                81
    usbh_msc_core.o             1 000        6       94
    usbh_msc_scsi.o             1 560        1      529
    usbh_stdreq.o               1 078               515
    usbh_usr.o                    418      586    3 125
    --------------------------------------------------------------
    Total:                    110 698  184 821  128 231  1 044 480

command line: [2]
    --------------------------------------------------------------
    Total:

dl7M_tlf.a: [3]
    abort.o                         6
    div.o                          14
    errno.o                        12        2        4
    exit.o                          4
    isxxx.o                        40
    localeconv.o                  108       57      136
    printf.o                       36
    putchar.o                      12
    rand.o                        224       58      140
    setlocale.o                    24       49      116
    snprintf.o                     68
    sprintf.o                      52
    srand.o                        32
    sscanf.o                       36
    strcat.o                       28
    strstr.o                       44
    tolower.o                      20
    xfiles.o                                27      144
    xlocale_c.o                    54
    xprintffull_nomb.o          3 478
    xprout.o                       22
    xscanffull_nomb.o           2 916
    xsnprout.o                     26
    xsprout.o                      10
    xsscin.o                       30
    xstoflt.o                     440
    xstoll.o                      164
    xstopfx.o                     292
    xstoull.o                     432
    xstoxflt.o                    536
    xtls.o                          2
    --------------------------------------------------------------
    Total:                      9 162      193      540

m7M_tls.a: [4]
    DblAdd.o                      232
    DblCmpEq.o                     32
    DblCmpGe.o                     46
    DblCmpLe.o                     46
    DblDiv.o                      598
    DblMul.o                      418
    DblSub.o                      384
    DblToFlt.o                    144
    DblToI32.o                     88
    FltToDbl.o                     78
    I32ToDbl.o                     48
    fpinit_M.o                     34
    xdnorm.o                       66
    xdscale.o                     276
    xdtento.o                     512
    xdunscal.o                     82
    xstold.o                      360
    --------------------------------------------------------------
    Total:                      3 444

rt7M_tl.a: [5]
    ABImemclr4.o                    6
    ABImemcpy_unaligned.o         118
    ABImemset.o                   102
    ABImemset48.o                  50
    I64DivMod.o                   306
    I64DivZer.o                     2
    cexit.o                        10
    cmain.o                        26
    cstartup_M.o                   12
    data_init.o                    40
    memchr.o                       88
    memcmp_unaligned.o             98
    packbits_init.o               208
    strchr.o                       22
    strcmp_unaligned.o             66
    strcpy_unaligned.o             68
    strlen.o                       54
    zero_init3.o                   64
    --------------------------------------------------------------
    Total:                      1 340

shb_l.a: [6]
    exit.o                         20
    --------------------------------------------------------------
    Total:                         20

    Gaps                           64        4        2
    Linker created                          52    2 048
------------------------------------------------------------------
    Grand Total:              124 728  185 070  130 821  1 044 480


*******************************************************************************
*** ENTRY LIST
***

Entry                      Address     Size  Type      Object
-----                      -------     ----  ----      ------
.iar.init_table$$Base   0x0804a6d8            --   Gb  - Linker created -
.iar.init_table$$Limit  0x0804a70c            --   Gb  - Linker created -
?main                   0x0804ab4d           Code  Gb  cmain.o [5]
ADC_Cmd                 0x080480bb     0x1a  Code  Gb  stm32f4xx_adc.o [1]
ADC_CommonInit          0x08048099     0x22  Code  Gb  stm32f4xx_adc.o [1]
ADC_GetFlagStatus       0x080481e5     0x1a  Code  Gb  stm32f4xx_adc.o [1]
ADC_Init                0x08048049     0x50  Code  Gb  stm32f4xx_adc.o [1]
ADC_RegularChannelConfig
                        0x080480d5     0xf6  Code  Gb  stm32f4xx_adc.o [1]
ADC_SoftwareStartConv   0x080481cb      0xa  Code  Gb  stm32f4xx_adc.o [1]
APBAHBPrescTable        0x2000027c     0x10  Data  Lc  stm32f4xx_rcc.o [1]
AppObjCreate            0x08031ad9    0x192  Code  Gb  apptask.o [1]
AppTaskCreate           0x080318b1    0x210  Code  Gb  apptask.o [1]
BOTStallErrorCount      0x2001f6ac      0x4  Data  Lc  usbh_msc_bot.o [1]
BusFault_Handler        0x0804a19b      0x2  Code  Gb  stm32f4xx_it.o [1]
CID_Tab                 0x2001f4c0     0x10  Data  Lc  bsp_sdio_sd.o [1]
CLIENT_ID               0x2001f374     0x20  Data  Gb  pub0sub1.o [1]
CRC16HiTable            0x08049b14    0x100  Data  Gb  mcheck.o [1]
CRC16LoTable            0x08049c14    0x100  Data  Gb  mcheck.o [1]
CRC8Table               0x08049d14    0x100  Data  Gb  mcheck.o [1]
CSD_Tab                 0x2001f4b0     0x10  Data  Lc  bsp_sdio_sd.o [1]
CSTACK$$Base            0x2001f708            --   Gb  - Linker created -
CSTACK$$Limit           0x2001ff08            --   Gb  - Linker created -
CardType                0x2001f5f8      0x4  Data  Lc  bsp_sdio_sd.o [1]
ChannengMQTTPackage     0x080346d1     0x7e  Code  Gb  product_cal.o [1]
CmdError                0x0804484d     0x38  Code  Lc  bsp_sdio_sd.o [1]
CmdResp1Error           0x080448f1    0x112  Code  Lc  bsp_sdio_sd.o [1]
CmdResp2Error           0x08044a41     0x52  Code  Lc  bsp_sdio_sd.o [1]
CmdResp3Error           0x08044a03     0x3e  Code  Lc  bsp_sdio_sd.o [1]
CmdResp6Error           0x08044a93     0xa6  Code  Lc  bsp_sdio_sd.o [1]
CmdResp7Error           0x08044885     0x58  Code  Lc  bsp_sdio_sd.o [1]
ConfigExitNVIC          0x0803b7e7     0x22  Code  Gb  bsp_closeSW.o [1]
ConfigUartNVIC          0x0803d7e3     0x7c  Code  Lc  bsp_uart_fifo.o [1]
ConnectTcp              0x0803c303     0x48  Code  Gb  esp8266_handler.o [1]
DAC_Cmd                 0x0803f4f7     0x26  Code  Gb  stm32f4xx_dac.o [1]
DAC_Init                0x0803f4c5     0x32  Code  Gb  stm32f4xx_dac.o [1]
DAC_SetChannel1Data     0x0803f51d     0x1e  Code  Gb  stm32f4xx_dac.o [1]
DMA1_Stream0_IRQHandler
                        0x080381f9     0x1c  Code  Gb  bsp_servomotor.o [1]
DMA1_Stream3_IRQHandler
                        0x08038215     0x1c  Code  Gb  bsp_servomotor.o [1]
DMA2_Stream3_IRQHandler
                        0x08045135      0x8  Code  Gb  bsp_sdio_sd.o [1]
DMAEndOfTransfer        0x2001f608      0x4  Data  Gb  bsp_sdio_sd.o [1]
DMA_ClearFlag           0x0803fe1b     0x24  Code  Gb  stm32f4xx_dma.o [1]
DMA_Cmd                 0x0803fdd1     0x1a  Code  Gb  stm32f4xx_dma.o [1]
DMA_DeInit              0x0803fc39    0x140  Code  Gb  stm32f4xx_dma.o [1]
DMA_FlowControllerConfig
                        0x0803fdeb     0x18  Code  Gb  stm32f4xx_dma.o [1]
DMA_GetCmdStatus        0x0803fe03     0x18  Code  Gb  stm32f4xx_dma.o [1]
DMA_GetITStatus         0x0803fe81     0x62  Code  Gb  stm32f4xx_dma.o [1]
DMA_ITConfig            0x0803fe3f     0x42  Code  Gb  stm32f4xx_dma.o [1]
DMA_Init                0x0803fd79     0x58  Code  Gb  stm32f4xx_dma.o [1]
Dac1_Init               0x080379c9     0x5a  Code  Gb  bsp_dac.o [1]
Dac1_Set_Vol            0x08037a25     0x58  Code  Gb  bsp_dac.o [1]
DebugMon_Handler        0x0804a19f      0x2  Code  Gb  stm32f4xx_it.o [1]
DesE                    0x0804a264     0x30  Data  Gb  des.o [1]
DesIp                   0x0804a038     0x40  Data  Gb  des.o [1]
DesIp_1                 0x0804a078     0x40  Data  Gb  des.o [1]
DesP                    0x0804a7cc     0x20  Data  Gb  des.o [1]
DesPc_1                 0x0804a130     0x38  Data  Gb  des.o [1]
DesPc_2                 0x0804a294     0x30  Data  Gb  des.o [1]
DesRots                 0x0804af94     0x14  Data  Gb  des.o [1]
DesS                    0x08049630    0x200  Data  Gb  des.o [1]
DiskFile_init           0x0803b6c9     0x40  Code  Gb  protocol.o [1]
Disk_File               0x2001ed40     0xd4  Data  Gb  protocol.o [1]
ENC_Calc_Average_Speed  0x0803c09d     0x58  Code  Gb  encoder_tim.o [1]
ENC_Calc_Rot_Speed      0x0803bfc3     0xda  Code  Gb  encoder_tim.o [1]
ENC_Clear_Speed_Buffer  0x0803bfa7     0x1c  Code  Gb  encoder_tim.o [1]
ENC_Init                0x0803bec5     0xe2  Code  Gb  encoder_tim.o [1]
[...]
mc_check_xor            0x08040dbf     0x1a  Code  Gb  mcheck.o [1]
mem1base                0x20010ec0   0xa000  Data  Gb  malloc.o [1]
mem1mapbase             0x2001bec0    0xa00  Data  Gb  malloc.o [1]
mem2base                0x68000000  0xf0000  Data  Gb  malloc.o [1]
mem2mapbase             0x680f0000   0xf000  Data  Gb  malloc.o [1]
mem_cmp                 0x08038d0f     0x24  Code  Lc  ff.o [1]
mem_cpy                 0x08038cdd     0x1c  Code  Lc  ff.o [1]
mem_set                 0x08038cf9     0x16  Code  Lc  ff.o [1]
memblksize              0x0804b6d8      0x8  Data  Gb  malloc.o [1]
memchr                  0x08042a09           Code  Gb  memchr.o [5]
memsize                 0x0804b6e0      0x8  Data  Gb  malloc.o [1]
memtblsize              0x0804b6d0      0x8  Data  Gb  malloc.o [1]
modbus_send_frame       0x0803b5d9     0xe6  Code  Gb  modbus.o [1]
move_window             0x08038fd1     0x40  Code  Lc  ff.o [1]
movram                  0x0804769d     0x1e  Code  Gb  des.o [1]
mqttSubscribeData       0x2001d800    0x3e8  Data  Gb  esp8266_handler.o [1]
mqtt_status             0x2001f584      0x8  Data  Gb  pub0sub1.o [1]
my_mem_free             0x0803713b     0x6c  Code  Gb  malloc.o [1]
my_mem_init             0x08036fff     0x42  Code  Gb  malloc.o [1]
my_mem_malloc           0x0803707f     0xbc  Code  Gb  malloc.o [1]
my_mem_perused          0x08037041     0x3e  Code  Gb  malloc.o [1]
myfree                  0x080371a7     0x24  Code  Gb  malloc.o [1]
mymalloc                0x080371cb     0x2a  Code  Gb  malloc.o [1]
mymemset                0x08036fe9     0x16  Code  Gb  malloc.o [1]
ndigs                   0x08045f34     0x28  Data  Lc  xstoull.o [3]
netDeviceInfo_t         0x2001f020     0x68  Data  Gb  esp8266_handler.o [1]
net_device_send_cmd     0x0803c1e1     0x4e  Code  Gb  esp8266_handler.o [1]
obuf                    0x2001f1a8     0x50  Data  Lc  xfiles.o [3]
oem2uni                 0x0801560c  0x15484  Data  Lc  cc936.o [1]
old_card_record         0x2001f6e4      0x1  Data  Gb  apptask.o [1]
old_isWork              0x2001f6e0      0x1  Data  Gb  apptask.o [1]
old_is_stop             0x200002bc      0x1  Data  Gb  page_weimi.o [1]
old_plan_complete       0x2001f6fa      0x1  Data  Gb  product_cal.o [1]
old_system_state        0x200002ba      0x1  Data  Gb  apptask.o [1]
old_usb_disk_flag       0x2001f6e2      0x1  Data  Gb  apptask.o [1]
old_wifi_flag           0x2001f6f1      0x1  Data  Gb  esp8266_handler.o [1]
para_init               0x08035e79     0xae  Code  Gb  para.o [1]
pcInterruptPriorityRegisters
                        0x0804b7ec      0x4  Data  Lc  port.o [1]
peiliao_para            0x2001f2f8     0x30  Data  Gb  product_cal.o [1]
pick_lfn                0x08039823     0x8c  Code  Lc  ff.o [1]
plan_complete           0x2001f6f9      0x1  Data  Gb  product_cal.o [1]
pluse_count             0x2001f6be      0x2  Data  Gb  apptask.o [1]
pluse_step_src          0x2001f518      0xc  Data  Gb  apptask.o [1]
pows                    0x08046738     0x48  Data  Lc  xdtento.o [4]
printf                  0x08036f09     0x24  Code  Gb  printf.o [3]
product_complete_kilo   0x08034363     0x62  Code  Gb  product_cal.o [1]
product_complete_meter  0x08034347     0x1c  Code  Gb  product_cal.o [1]
product_para            0x2001f328     0x28  Data  Gb  product_cal.o [1]
product_per_meter       0x080342c1     0x74  Code  Gb  product_cal.o [1]
prvAddCurrentTaskToDelayedList
                        0x08035455     0x48  Code  Lc  tasks.o [1]
prvAllocateTCBAndStack  0x0803549d     0x5a  Code  Lc  tasks.o [1]
prvCheckForValidListAndQueue
                        0x0803d0bf     0x52  Code  Lc  timers.o [1]
prvCheckTasksWaitingTermination
                        0x080353eb     0x66  Code  Lc  tasks.o [1]
prvCopyDataFromQueue    0x080340a9     0x30  Code  Lc  queue.o [1]
prvCopyDataToQueue      0x08034025     0x84  Code  Lc  queue.o [1]
prvDeleteTCB            0x080354f7     0x12  Code  Lc  tasks.o [1]
prvGetNextExpireTime    0x0803ceab     0x2e  Code  Lc  timers.o [1]
prvHeapInit             0x0803e4b1     0x6e  Code  Lc  heap_4.o [1]
prvIdleTask             0x08035305     0x26  Code  Lc  tasks.o [1]
prvInitialiseTCBVariables
                        0x0803532b     0x6a  Code  Lc  tasks.o [1]
prvInitialiseTaskLists  0x08035395     0x56  Code  Lc  tasks.o [1]
prvInsertBlockIntoFreeList
                        0x0803e51f     0x62  Code  Lc  heap_4.o [1]
prvInsertTimerInActiveList
                        0x0803cf01     0x50  Code  Lc  timers.o [1]
prvIsQueueEmpty         0x08034143     0x20  Code  Lc  queue.o [1]
prvIsQueueFull          0x08034163     0x22  Code  Lc  queue.o [1]
prvProcessExpiredTimer  0x0803cdc3     0x5c  Code  Lc  timers.o [1]
prvProcessReceivedCommands
                        0x0803cf51     0xde  Code  Lc  timers.o [1]
prvProcessTimerOrBlockTask
                        0x0803ce3b     0x70  Code  Lc  timers.o [1]
prvResetNextTaskUnblockTime
                        0x08035509     0x26  Code  Lc  tasks.o [1]
prvSampleTimeNow        0x0803ced9     0x28  Code  Lc  timers.o [1]
prvSwitchTimerLists     0x0803d02f     0x90  Code  Lc  timers.o [1]
prvTaskExitError        0x0803e061     0x2a  Code  Lc  port.o [1]
prvTestWaitCondition    0x0803cc67     0x24  Code  Lc  event_groups.o [1]
prvTimerTask            0x0803ce21     0x1a  Code  Lc  timers.o [1]
prvUnlockQueue          0x080340d9     0x6a  Code  Lc  queue.o [1]
pub_topicString         0x2001f560      0xc  Data  Gb  pub0sub1.o [1]
put_fat                 0x0803921f    0x16c  Code  Gb  ff.o [1]
putchar                 0x0804ae49      0xc  Code  Gb  putchar.o [3]
pvPortMalloc            0x0803e321    0x118  Code  Gb  heap_4.o [1]
pxCurrentTCB            0x2001f658      0x4  Data  Gb  tasks.o [1]
pxCurrentTimerList      0x2001f69c      0x4  Data  Lc  timers.o [1]
pxDelayedTaskList       0x2001f65c      0x4  Data  Lc  tasks.o [1]
pxEnd                   0x2001f628      0x4  Data  Lc  heap_4.o [1]
pxOverflowDelayedTaskList
                        0x2001f660      0x4  Data  Lc  tasks.o [1]
pxOverflowTimerList     0x2001f6a0      0x4  Data  Lc  timers.o [1]
pxPortInitialiseStack   0x0803e03d     0x24  Code  Gb  port.o [1]
pxReadyTasksLists       0x2001e9b8    0x140  Data  Lc  tasks.o [1]
rand                    0x080485b1     0xe0  Code  Gb  rand.o [3]
rc522_cmd_anticoll      0x0803b319     0x5a  Code  Gb  rc522.o [1]
rc522_cmd_request       0x0803b2c5     0x54  Code  Gb  rc522.o [1]
readChar                0x080415ff     0x10  Code  Gb  MQTTPacket.o [1]
readDisk                0x2001f6e7      0x1  Data  Gb  apptask.o [1]
readFilenum             0x2001f6e8      0x1  Data  Gb  apptask.o [1]
readInt                 0x080415e3     0x1c  Code  Gb  MQTTPacket.o [1]
readMQTTLenString       0x080416b5     0x3c  Code  Gb  MQTTPacket.o [1]
readSlave               0x2001f50c      0xc  Data  Gb  apptask.o [1]
read_bkp_para           0x080382e3     0x78  Code  Gb  bkp_pwr.o [1]
read_device_info        0x0803595d    0x2f4  Code  Gb  para.o [1]
read_file_select        0x2001f554      0xc  Data  Gb  protocol.o [1]
read_from_disk          0x08035f59    0xd74  Code  Gb  para.o [1]
remove_chain            0x0803938b     0x76  Code  Lc  ff.o [1]
rfid_rev_buf            0x2001f410     0x14  Data  Gb  rc522.o [1]
rfid_rev_cnt            0x2001f6ff      0x1  Data  Gb  rc522.o [1]
rfid_rev_flag           0x2001f6fe      0x1  Data  Gb  rc522.o [1]
rtc_time                0x2001f57c      0x8  Data  Gb  protocol.o [1]
s_TIM_CallBack1         0x2001f60c      0x4  Data  Lc  bsp_timer.o [1]
s_TIM_CallBack2         0x2001f610      0x4  Data  Lc  bsp_timer.o [1]
s_TIM_CallBack3         0x2001f614      0x4  Data  Lc  bsp_timer.o [1]
s_TIM_CallBack4         0x2001f618      0x4  Data  Lc  bsp_timer.o [1]
sample_time             0x2001f6bc      0x2  Data  Gb  apptask.o [1]
sdew_weimi_page1        0x08033309    0x28a  Code  Gb  bsp_sdwe050c17.o [1]
sdew_weimi_page2        0x080335a5    0x1e6  Code  Gb  bsp_sdwe050c17.o [1]
sdew_weisha_page1       0x0803378b    0x100  Code  Gb  bsp_sdwe050c17.o [1]
sdew_weisha_page2       0x08033895    0x100  Code  Gb  bsp_sdwe050c17.o [1]
selectbits              0x08047767     0x42  Code  Gb  des.o [1]
semc_adc_Init           0x08047be7     0x92  Code  Gb  smec98sp.o [1]
servo_diff              0x2001f5ec      0x4  Data  Gb  apptask.o [1]
servo_per_wei_src       0x2001f5e8      0x4  Data  Gb  apptask.o [1]
servo_speed_diff        0x2001f5f0      0x4  Data  Gb  apptask.o [1]
servomotor_guodu        0x2001f6f3      0x1  Data  Gb  page_weimi.o [1]
servomotor_mode         0x2001f6f4      0x1  Data  Gb  page_weimi.o [1]
setbit                  0x080476df     0x4c  Code  Gb  des.o [1]
shlc                    0x080477a9     0x68  Code  Gb  des.o [1]
shrc                    0x08047811     0x5e  Code  Gb  des.o [1]
slave_info              0x2001f500      0xc  Data  Gb  apptask.o [1]
snprintf                0x0804114d     0x44  Code  Gb  snprintf.o [3]
speed_diff              0x2001f524      0xc  Data  Gb  apptask.o [1]
speed_zhu               0x2001f6d4      0x2  Data  Gb  page_weimi.o [1]
speed_zhu1              0x2001f6d6      0x2  Data  Gb  page_weimi.o [1]
sprintf                 0x0803b175     0x34  Code  Gb  sprintf.o [3]
srand                   0x08048591     0x20  Code  Gb  srand.o [3]
sscanf                  0x0803e709     0x24  Code  Gb  sscanf.o [3]
st_clust                0x08039755     0x18  Code  Lc  ff.o [1]
stepmotor_guodu         0x2001f63c      0x4  Data  Gb  page_weimi.o [1]
strans                  0x0804786f    0x168  Code  Gb  des.o [1]
strcat                  0x0803b1a9     0x1c  Code  Gb  strcat.o [3]
strchr                  0x080429f1           Code  Gb  strchr.o [5]
strlen                  0x08037865           Code  Gb  strlen.o [5]
strstr                  0x0803b765     0x10  Code  Gb  para.o [1]
sum_sfn                 0x08039a29     0x20  Code  Lc  ff.o [1]
symbol                  0x2001f5e4      0x4  Data  Gb  apptask.o [1]
symbol_servo            0x2001f6e9      0x1  Data  Gb  apptask.o [1]
sync_fs                 0x08039011     0xd8  Code  Lc  ff.o [1]
sync_window             0x08038f77     0x5a  Code  Lc  ff.o [1]
system_state_dis        0x08049830    0x190  Data  Gb  product_cal.o [1]
toStop                  0x2001f650      0x4  Data  Gb  pub0sub1.o [1]
tolower                 0x08046291     0x14  Code  Gb  tolower.o [3]
total_meter_gross       0x2001f648      0x4  Data  Gb  product_cal.o [1]
total_weight_gross      0x2001f64c      0x4  Data  Gb  product_cal.o [1]
transport_close         0x080414e9     0x12  Code  Gb  transport.o [1]
transport_getdata       0x080414d5     0x14  Code  Gb  transport.o [1]
transport_sendPacketBuffer
                        0x08041499     0x3c  Code  Gb  transport.o [1]
ucHeap                  0x200002c0  0x10c00  Data  Lc  heap_4.o [1]
ucMaxSysCallPriority    0x2001f6f8      0x1  Data  Lc  port.o [1]
ulHighFrequencyTimerTicks
                        0x2001f654      0x4  Data  Gb  SysInfoTest.o [1]
ulMaxPRIGROUPValue      0x2001f644      0x4  Data  Lc  port.o [1]
ulTaskSwitchedInTime    0x2001f690      0x4  Data  Lc  tasks.o [1]
ulTotalRunTime          0x2001f694      0x4  Data  Lc  tasks.o [1]
uni2oem                 0x08000188  0x15484  Data  Lc  cc936.o [1]
usb_disk_flag           0x2001f6e1      0x1  Data  Gb  apptask.o [1]
usbh_OpenMassStorage    0x080383d9     0x14  Code  Gb  usbh_usr.o [1]
uxCriticalNesting       0x200002a8      0x4  Data  Lc  port.o [1]
uxCurrentNumberOfTasks  0x2001f668      0x4  Data  Lc  tasks.o [1]
uxListRemove            0x0803e2f9     0x28  Code  Gb  list.o [1]
uxPendedTicks           0x2001f678      0x4  Data  Lc  tasks.o [1]
uxSchedulerSuspended    0x2001f68c      0x4  Data  Lc  tasks.o [1]
uxTaskNumber            0x2001f684      0x4  Data  Lc  tasks.o [1]
uxTaskResetEventItemValue
                        0x08035569     0x20  Code  Gb  tasks.o [1]
uxTasksDeleted          0x2001f664      0x4  Data  Lc  tasks.o [1]
uxTopReadyPriority      0x2001f670      0x4  Data  Lc  tasks.o [1]
vAnalysisUartData       0x08031671     0xca  Code  Gb  apptask.o [1]
vEsp8266_Main_Task      0x08031309    0x226  Code  Gb  apptask.o [1]
vListInitialise         0x0803e289     0x1e  Code  Gb  list.o [1]
vListInsert             0x0803e2bf     0x3a  Code  Gb  list.o [1]
vListInsertEnd          0x0803e2a7     0x18  Code  Gb  list.o [1]
vMQTT_Handler_Task      0x08031539    0x138  Code  Gb  apptask.o [1]
vMQTT_Recive_Task       0x08031745     0x7e  Code  Gb  apptask.o [1]
vMQTT_Tranmit_Task      0x080317c3     0xd0  Code  Gb  apptask.o [1]
vPortEnableVFP          0x08041dfd           Code  Gb  portasm.o [1]
vPortEnterCritical      0x0803e157     0x3a  Code  Gb  port.o [1]
vPortExitCritical       0x0803e191     0x32  Code  Gb  port.o [1]
vPortFree               0x0803e439     0x78  Code  Gb  heap_4.o [1]
vPortSetupTimerInterrupt
                        0x0803e1ef      0xe  Code  Wk  port.o [1]
vPortStartFirstTask     0x08041de5           Code  Gb  portasm.o [1]
vPortValidateInterruptPriority
                        0x0803e1fd     0x4e  Code  Gb  port.o [1]
vQueueWaitForMessageRestricted
                        0x08034185     0x44  Code  Gb  queue.o [1]
vTaskDelay              0x08034b61     0x84  Code  Gb  tasks.o [1]
vTaskDelayUntil         0x08034a81     0xe0  Code  Gb  tasks.o [1]
vTaskFreq               0x08030ce1    0x61a  Code  Lc  apptask.o [1]
vTaskManageCapacity     0x0802f715    0x528  Code  Gb  apptask.o [1]
vTaskMassStorage        0x0802e33d    0x652  Code  Lc  apptask.o [1]
vTaskMissedYield        0x080352fb      0xa  Code  Gb  tasks.o [1]
vTaskMotorControl       0x0802fcf5    0xfc6  Code  Lc  apptask.o [1]
vTaskMsgPro             0x0802ee71    0x4b2  Code  Lc  apptask.o [1]
vTaskPlaceOnEventList   0x08034f61     0x74  Code  Gb  tasks.o [1]
vTaskPlaceOnEventListRestricted
                        0x08035099     0x80  Code  Gb  tasks.o [1]
vTaskPlaceOnUnorderedEventList
                        0x08034ff1     0xa8  Code  Gb  tasks.o [1]
vTaskReadDisk           0x0802f451    0x272  Code  Lc  apptask.o [1]
vTaskRev485             0x0802f345     0xd0  Code  Lc  apptask.o [1]
vTaskSetTimeOutState    0x08035245     0x26  Code  Gb  tasks.o [1]
vTaskStartScheduler     0x08034be5     0x7e  Code  Gb  tasks.o [1]
vTaskSuspendAll         0x08034c63     0x10  Code  Gb  tasks.o [1]
vTaskSwitchContext      0x08034eb1     0xb0  Code  Gb  tasks.o [1]
vTaskTaskLCD            0x0802aa91   0x3874  Code  Gb  apptask.o [1]
vTaskTaskLED            0x0802e9b9     0x20  Code  Lc  apptask.o [1]
vTaskTaskRFID           0x0802e9d9    0x418  Code  Lc  apptask.o [1]
valid_seg               0x2001f640      0x4  Data  Gb  page_weimi.o [1]
validate                0x0803a7cf     0x36  Code  Lc  ff.o [1]
weimi_para              0x2001eaf8    0x12c  Data  Gb  page_weimi.o [1]
wifi_flag               0x2001f6f0      0x1  Data  Gb  esp8266_handler.o [1]
work_idle_time          0x2001f6d8      0x2  Data  Gb  product_cal.o [1]
writeCString            0x08041645     0x2a  Code  Gb  MQTTPacket.o [1]
writeChar               0x0804160f      0xc  Code  Gb  MQTTPacket.o [1]
writeInt                0x0804161b     0x2a  Code  Gb  MQTTPacket.o [1]
writeMQTTString         0x0804166f     0x46  Code  Gb  MQTTPacket.o [1]
write_bkp_para          0x0803835b     0x6e  Code  Gb  bkp_pwr.o [1]
xActiveTimerList1       0x2001f488     0x14  Data  Lc  timers.o [1]
xActiveTimerList2       0x2001f49c     0x14  Data  Lc  timers.o [1]
xBlockAllocatedBit      0x2001f634      0x4  Data  Lc  heap_4.o [1]
xDelayedTaskList1       0x2001f424     0x14  Data  Lc  tasks.o [1]
xDelayedTaskList2       0x2001f438     0x14  Data  Lc  tasks.o [1]
xEventGroupCreate       0x0803ca29     0x1c  Code  Gb  event_groups.o [1]
xEventGroupSetBits      0x0803cb91     0xd6  Code  Gb  event_groups.o [1]
xEventGroupWaitBits     0x0803ca45    0x146  Code  Gb  event_groups.o [1]
xFreeBytesRemaining     0x2001f62c      0x4  Data  Lc  heap_4.o [1]
xHandleTaskFreq         0x2001f5b0      0x4  Data  Gb  apptask.o [1]
xHandleTaskLCD          0x2001f58c      0x4  Data  Gb  apptask.o [1]
xHandleTaskLED          0x2001f590      0x4  Data  Gb  apptask.o [1]
xHandleTaskManageCapacity
                        0x2001f5a8      0x4  Data  Gb  apptask.o [1]
xHandleTaskMassStorage  0x2001f598      0x4  Data  Gb  apptask.o [1]
xHandleTaskMotorControl
                        0x2001f5ac      0x4  Data  Gb  apptask.o [1]
xHandleTaskMsgPro       0x2001f5a0      0x4  Data  Gb  apptask.o [1]
xHandleTaskRFID         0x2001f594      0x4  Data  Gb  apptask.o [1]
xHandleTaskReadDisk     0x2001f59c      0x4  Data  Gb  apptask.o [1]
xHandleTaskRev485       0x2001f5a4      0x4  Data  Gb  apptask.o [1]
xHeapStructSize         0x0804b7c0      0x4  Data  Lc  heap_4.o [1]
xMinimumEverFreeBytesRemaining
                        0x2001f630      0x4  Data  Lc  heap_4.o [1]
xNextTaskUnblockTime    0x2001f688      0x4  Data  Lc  tasks.o [1]
xNumOfOverflows         0x2001f680      0x4  Data  Lc  tasks.o [1]
xPendingReadyList       0x2001f44c     0x14  Data  Lc  tasks.o [1]
xPortStartScheduler     0x0803e08b     0xcc  Code  Gb  port.o [1]
xQueueGenericCreate     0x08033a91     0x7e  Code  Gb  queue.o [1]
xQueueGenericReceive    0x08033e85    0x19c  Code  Gb  queue.o [1]
xQueueGenericReset      0x08033a01     0x90  Code  Gb  queue.o [1]
xQueueGenericSend       0x08033b0f    0x1b2  Code  Gb  queue.o [1]
xQueueGenericSendFromISR
                        0x08033cc1     0xec  Code  Gb  queue.o [1]
xQueueGiveFromISR       0x08033dad     0xd8  Code  Gb  queue.o [1]
xQueue_MQTT_Recv        0x2001f5d4      0x4  Data  Gb  apptask.o [1]
xQueue_MQTT_Transmit    0x2001f5d8      0x4  Data  Gb  apptask.o [1]
xQueue_esp8266_Cmd      0x2001f5dc      0x4  Data  Gb  apptask.o [1]
xQueue_message          0x2001f5e0      0x4  Data  Gb  apptask.o [1]
xSchedulerRunning       0x2001f674      0x4  Data  Lc  tasks.o [1]
xSemaphore_download     0x2001f5c4      0x4  Data  Gb  apptask.o [1]
xSemaphore_encoder      0x2001f5c0      0x4  Data  Gb  apptask.o [1]
xSemaphore_lcd          0x2001f5b4      0x4  Data  Gb  apptask.o [1]
xSemaphore_pluse        0x2001f5bc      0x4  Data  Gb  apptask.o [1]
xSemaphore_readDisk     0x2001f5c8      0x4  Data  Gb  apptask.o [1]
xSemaphore_rs485        0x2001f5b8      0x4  Data  Gb  apptask.o [1]
xStart                  0x2001f56c      0x8  Data  Lc  heap_4.o [1]
xSuspendedTaskList      0x2001f474     0x14  Data  Lc  tasks.o [1]
xTaskCheckForTimeOut    0x08035271     0x8a  Code  Gb  tasks.o [1]
xTaskGenericCreate      0x080348fd    0x184  Code  Gb  tasks.o [1]
xTaskGetSchedulerState  0x0803552f     0x26  Code  Gb  tasks.o [1]
xTaskGetTickCount       0x08034d73      0xa  Code  Gb  tasks.o [1]
xTaskIncrementTick      0x08034d7d    0x134  Code  Gb  tasks.o [1]
xTaskRemoveFromEventList
                        0x0803511d     0x8e  Code  Gb  tasks.o [1]
xTaskRemoveFromUnorderedEventList
                        0x080351b1     0x94  Code  Gb  tasks.o [1]
xTaskResumeAll          0x08034c73    0x100  Code  Gb  tasks.o [1]
xTasksWaitingTermination
                        0x2001f460     0x14  Data  Lc  tasks.o [1]
xTickCount              0x2001f66c      0x4  Data  Lc  tasks.o [1]
xTimerCreate            0x0803ccdd     0x62  Code  Gb  timers.o [1]
xTimerCreateTimerTask   0x0803cc8d     0x50  Code  Gb  timers.o [1]
xTimerGenericCommand    0x0803cd3f     0x84  Code  Gb  timers.o [1]
xTimerQueue             0x2001f6a4      0x4  Data  Lc  timers.o [1]
xTimerUser              0x2001f5d0      0x4  Data  Gb  apptask.o [1]
xYieldPending           0x2001f67c      0x4  Data  Lc  tasks.o [1]


[1] = E:\WORK\YarnControl_Driver\YarnControl_Driver\src\stm32f4_rtos\Project\EWARMv7\Flash\Obj
[2] = command line
[3] = dl7M_tlf.a
[4] = m7M_tls.a
[5] = rt7M_tl.a
[6] = shb_l.a

  124 728 bytes of readonly  code memory
  185 070 bytes of readonly  data memory
  130 821 bytes of readwrite data memory (+ 1 044 480 absolute)

Errors: none
Warnings: none
