###############################################################################
#
# IAR ELF Linker V7.40.7.9843/W32 for ARM                 12/Mar/2019  22:40:18
# Copyright 2007-2015 IAR Systems AB.
#
#    Output file  =  
#        E:\WORK\YarnControl_Driver\YarnControl_Driver\src\stm32f4_rtos\Project\EWARMv7\Flash\Exe\project.out
#    Map file     =  
#        E:\WORK\YarnControl_Driver\YarnControl_Driver\src\stm32f4_rtos\Project\EWARMv7\Flash\List\project.map
#    Command line =  
#        E:\WORK\YarnControl_Driver\YarnControl_Driver\src\stm32f4_rtos\Project\EWARMv7\Flash\Obj\apptask.o
#        E:\WORK\YarnControl_Driver\YarnControl_Driver\src\stm32f4_rtos\Project\EWARMv7\Flash\Obj\bsp.o
#        E:\WORK\YarnControl_Driver\YarnControl_Driver\src\stm32f4_rtos\Project\EWARMv7\Flash\Obj\bsp_closeSW.o
#        E:\WORK\YarnControl_Driver\YarnControl_Driver\src\stm32f4_rtos\Project\EWARMv7\Flash\Obj\bsp_dwt.o
#        E:\WORK\YarnControl_Driver\YarnControl_Driver\src\stm32f4_rtos\Project\EWARMv7\Flash\Obj\bsp_led.o
#        E:\WORK\YarnControl_Driver\YarnControl_Driver\src\stm32f4_rtos\Project\EWARMv7\Flash\Obj\bsp_relay.o
#        E:\WORK\YarnControl_Driver\YarnControl_Driver\src\stm32f4_rtos\Project\EWARMv7\Flash\Obj\bsp_sdio_sd.o
#        E:\WORK\YarnControl_Driver\YarnControl_Driver\src\stm32f4_rtos\Project\EWARMv7\Flash\Obj\bsp_sdwe050c17.o
#        E:\WORK\YarnControl_Driver\YarnControl_Driver\src\stm32f4_rtos\Project\EWARMv7\Flash\Obj\bsp_servomotor.o
#        E:\WORK\YarnControl_Driver\YarnControl_Driver\src\stm32f4_rtos\Project\EWARMv7\Flash\Obj\bsp_spi.o
#        E:\WORK\YarnControl_Driver\YarnControl_Driver\src\stm32f4_rtos\Project\EWARMv7\Flash\Obj\bsp_stepmotor.o
#        E:\WORK\YarnControl_Driver\YarnControl_Driver\src\stm32f4_rtos\Project\EWARMv7\Flash\Obj\bsp_sw_onoff.o
#        E:\WORK\YarnControl_Driver\YarnControl_Driver\src\stm32f4_rtos\Project\EWARMv7\Flash\Obj\bsp_tim_pwm.o
#        E:\WORK\YarnControl_Driver\YarnControl_Driver\src\stm32f4_rtos\Project\EWARMv7\Flash\Obj\bsp_timer.o
#        E:\WORK\YarnControl_Driver\YarnControl_Driver\src\stm32f4_rtos\Project\EWARMv7\Flash\Obj\bsp_uart_fifo.o
#        E:\WORK\YarnControl_Driver\YarnControl_Driver\src\stm32f4_rtos\Project\EWARMv7\Flash\Obj\bsp_w25qxx.o
#        E:\WORK\YarnControl_Driver\YarnControl_Driver\src\stm32f4_rtos\Project\EWARMv7\Flash\Obj\bsp_watchdog.o
#        E:\WORK\YarnControl_Driver\YarnControl_Driver\src\stm32f4_rtos\Project\EWARMv7\Flash\Obj\cc936.o
#        E:\WORK\YarnControl_Driver\YarnControl_Driver\src\stm32f4_rtos\Project\EWARMv7\Flash\Obj\cJSON.o
#        E:\WORK\YarnControl_Driver\YarnControl_Driver\src\stm32f4_rtos\Project\EWARMv7\Flash\Obj\croutine.o
#        E:\WORK\YarnControl_Driver\YarnControl_Driver\src\stm32f4_rtos\Project\EWARMv7\Flash\Obj\demo_fatfs.o
#        E:\WORK\YarnControl_Driver\YarnControl_Driver\src\stm32f4_rtos\Project\EWARMv7\Flash\Obj\diskio.o
#        E:\WORK\YarnControl_Driver\YarnControl_Driver\src\stm32f4_rtos\Project\EWARMv7\Flash\Obj\encoder_tim.o
#        E:\WORK\YarnControl_Driver\YarnControl_Driver\src\stm32f4_rtos\Project\EWARMv7\Flash\Obj\esp8266_handler.o
#        E:\WORK\YarnControl_Driver\YarnControl_Driver\src\stm32f4_rtos\Project\EWARMv7\Flash\Obj\esp8266_init.o
#        E:\WORK\YarnControl_Driver\YarnControl_Driver\src\stm32f4_rtos\Project\EWARMv7\Flash\Obj\event_groups.o
#        E:\WORK\YarnControl_Driver\YarnControl_Driver\src\stm32f4_rtos\Project\EWARMv7\Flash\Obj\ff.o
#        E:\WORK\YarnControl_Driver\YarnControl_Driver\src\stm32f4_rtos\Project\EWARMv7\Flash\Obj\heap_4.o
#        E:\WORK\YarnControl_Driver\YarnControl_Driver\src\stm32f4_rtos\Project\EWARMv7\Flash\Obj\list.o
#        E:\WORK\YarnControl_Driver\YarnControl_Driver\src\stm32f4_rtos\Project\EWARMv7\Flash\Obj\main.o
#        E:\WORK\YarnControl_Driver\YarnControl_Driver\src\stm32f4_rtos\Project\EWARMv7\Flash\Obj\malloc.o
#        E:\WORK\YarnControl_Driver\YarnControl_Driver\src\stm32f4_rtos\Project\EWARMv7\Flash\Obj\mcheck.o
#        E:\WORK\YarnControl_Driver\YarnControl_Driver\src\stm32f4_rtos\Project\EWARMv7\Flash\Obj\misc.o
#        E:\WORK\YarnControl_Driver\YarnControl_Driver\src\stm32f4_rtos\Project\EWARMv7\Flash\Obj\modbus.o
#        E:\WORK\YarnControl_Driver\YarnControl_Driver\src\stm32f4_rtos\Project\EWARMv7\Flash\Obj\MQTTConnectClient.o
#        E:\WORK\YarnControl_Driver\YarnControl_Driver\src\stm32f4_rtos\Project\EWARMv7\Flash\Obj\MQTTConnectServer.o
#        E:\WORK\YarnControl_Driver\YarnControl_Driver\src\stm32f4_rtos\Project\EWARMv7\Flash\Obj\MQTTDeserializePublish.o
#        E:\WORK\YarnControl_Driver\YarnControl_Driver\src\stm32f4_rtos\Project\EWARMv7\Flash\Obj\MQTTFormat.o
#        E:\WORK\YarnControl_Driver\YarnControl_Driver\src\stm32f4_rtos\Project\EWARMv7\Flash\Obj\MQTTPacket.o
#        E:\WORK\YarnControl_Driver\YarnControl_Driver\src\stm32f4_rtos\Project\EWARMv7\Flash\Obj\MQTTSerializePublish.o
#        E:\WORK\YarnControl_Driver\YarnControl_Driver\src\stm32f4_rtos\Project\EWARMv7\Flash\Obj\MQTTSubscribeClient.o
#        E:\WORK\YarnControl_Driver\YarnControl_Driver\src\stm32f4_rtos\Project\EWARMv7\Flash\Obj\MQTTSubscribeServer.o
#        E:\WORK\YarnControl_Driver\YarnControl_Driver\src\stm32f4_rtos\Project\EWARMv7\Flash\Obj\MQTTUnsubscribeClient.o
#        E:\WORK\YarnControl_Driver\YarnControl_Driver\src\stm32f4_rtos\Project\EWARMv7\Flash\Obj\MQTTUnsubscribeServer.o
#        E:\WORK\YarnControl_Driver\YarnControl_Driver\src\stm32f4_rtos\Project\EWARMv7\Flash\Obj\page_weimi.o
#        E:\WORK\YarnControl_Driver\YarnControl_Driver\src\stm32f4_rtos\Project\EWARMv7\Flash\Obj\para.o
#        E:\WORK\YarnControl_Driver\YarnControl_Driver\src\stm32f4_rtos\Project\EWARMv7\Flash\Obj\port.o
#        E:\WORK\YarnControl_Driver\YarnControl_Driver\src\stm32f4_rtos\Project\EWARMv7\Flash\Obj\portasm.o
#        E:\WORK\YarnControl_Driver\YarnControl_Driver\src\stm32f4_rtos\Project\EWARMv7\Flash\Obj\product_cal.o
#        E:\WORK\YarnControl_Driver\YarnControl_Driver\src\stm32f4_rtos\Project\EWARMv7\Flash\Obj\protocol.o
#        E:\WORK\YarnControl_Driver\YarnControl_Driver\src\stm32f4_rtos\Project\EWARMv7\Flash\Obj\pub0sub1.o
#        E:\WORK\YarnControl_Driver\YarnControl_Driver\src\stm32f4_rtos\Project\EWARMv7\Flash\Obj\queue.o
#        E:\WORK\YarnControl_Driver\YarnControl_Driver\src\stm32f4_rtos\Project\EWARMv7\Flash\Obj\rc522.o
#        E:\WORK\YarnControl_Driver\YarnControl_Driver\src\stm32f4_rtos\Project\EWARMv7\Flash\Obj\startup_stm32f40_41xxx.o
#        E:\WORK\YarnControl_Driver\YarnControl_Driver\src\stm32f4_rtos\Project\EWARMv7\Flash\Obj\stm32f4xx_adc.o
#        E:\WORK\YarnControl_Driver\YarnControl_Driver\src\stm32f4_rtos\Project\EWARMv7\Flash\Obj\stm32f4xx_assert.o
#        E:\WORK\YarnControl_Driver\YarnControl_Driver\src\stm32f4_rtos\Project\EWARMv7\Flash\Obj\stm32f4xx_can.o
#        E:\WORK\YarnControl_Driver\YarnControl_Driver\src\stm32f4_rtos\Project\EWARMv7\Flash\Obj\stm32f4xx_crc.o
#        E:\WORK\YarnControl_Driver\YarnControl_Driver\src\stm32f4_rtos\Project\EWARMv7\Flash\Obj\stm32f4xx_cryp.o
#        E:\WORK\YarnControl_Driver\YarnControl_Driver\src\stm32f4_rtos\Project\EWARMv7\Flash\Obj\stm32f4xx_cryp_aes.o
#        E:\WORK\YarnControl_Driver\YarnControl_Driver\src\stm32f4_rtos\Project\EWARMv7\Flash\Obj\stm32f4xx_cryp_des.o
#        E:\WORK\YarnControl_Driver\YarnControl_Driver\src\stm32f4_rtos\Project\EWARMv7\Flash\Obj\stm32f4xx_cryp_tdes.o
#        E:\WORK\YarnControl_Driver\YarnControl_Driver\src\stm32f4_rtos\Project\EWARMv7\Flash\Obj\stm32f4xx_dac.o
#        E:\WORK\YarnControl_Driver\YarnControl_Driver\src\stm32f4_rtos\Project\EWARMv7\Flash\Obj\stm32f4xx_dbgmcu.o
#        E:\WORK\YarnControl_Driver\YarnControl_Driver\src\stm32f4_rtos\Project\EWARMv7\Flash\Obj\stm32f4xx_dcmi.o
#        E:\WORK\YarnControl_Driver\YarnControl_Driver\src\stm32f4_rtos\Project\EWARMv7\Flash\Obj\stm32f4xx_dma.o
#        E:\WORK\YarnControl_Driver\YarnControl_Driver\src\stm32f4_rtos\Project\EWARMv7\Flash\Obj\stm32f4xx_dma2d.o
#        E:\WORK\YarnControl_Driver\YarnControl_Driver\src\stm32f4_rtos\Project\EWARMv7\Flash\Obj\stm32f4xx_exti.o
#        E:\WORK\YarnControl_Driver\YarnControl_Driver\src\stm32f4_rtos\Project\EWARMv7\Flash\Obj\stm32f4xx_flash.o
#        E:\WORK\YarnControl_Driver\YarnControl_Driver\src\stm32f4_rtos\Project\EWARMv7\Flash\Obj\stm32f4xx_fsmc.o
#        E:\WORK\YarnControl_Driver\YarnControl_Driver\src\stm32f4_rtos\Project\EWARMv7\Flash\Obj\stm32f4xx_gpio.o
#        E:\WORK\YarnControl_Driver\YarnControl_Driver\src\stm32f4_rtos\Project\EWARMv7\Flash\Obj\stm32f4xx_hash.o
#        E:\WORK\YarnControl_Driver\YarnControl_Driver\src\stm32f4_rtos\Project\EWARMv7\Flash\Obj\stm32f4xx_hash_md5.o
#        E:\WORK\YarnControl_Driver\YarnControl_Driver\src\stm32f4_rtos\Project\EWARMv7\Flash\Obj\stm32f4xx_hash_sha1.o
#        E:\WORK\YarnControl_Driver\YarnControl_Driver\src\stm32f4_rtos\Project\EWARMv7\Flash\Obj\stm32f4xx_i2c.o
#        E:\WORK\YarnControl_Driver\YarnControl_Driver\src\stm32f4_rtos\Project\EWARMv7\Flash\Obj\stm32f4xx_it.o
#        E:\WORK\YarnControl_Driver\YarnControl_Driver\src\stm32f4_rtos\Project\EWARMv7\Flash\Obj\stm32f4xx_iwdg.o
#        E:\WORK\YarnControl_Driver\YarnControl_Driver\src\stm32f4_rtos\Project\EWARMv7\Flash\Obj\stm32f4xx_ltdc.o
#        E:\WORK\YarnControl_Driver\YarnControl_Driver\src\stm32f4_rtos\Project\EWARMv7\Flash\Obj\stm32f4xx_pwr.o
#        E:\WORK\YarnControl_Driver\YarnControl_Driver\src\stm32f4_rtos\Project\EWARMv7\Flash\Obj\stm32f4xx_rcc.o
#        E:\WORK\YarnControl_Driver\YarnControl_Driver\src\stm32f4_rtos\Project\EWARMv7\Flash\Obj\stm32f4xx_rng.o
#        E:\WORK\YarnControl_Driver\YarnControl_Driver\src\stm32f4_rtos\Project\EWARMv7\Flash\Obj\stm32f4xx_rtc.o
#        E:\WORK\YarnControl_Driver\YarnControl_Driver\src\stm32f4_rtos\Project\EWARMv7\Flash\Obj\stm32f4xx_sai.o
#        E:\WORK\YarnControl_Driver\YarnControl_Driver\src\stm32f4_rtos\Project\EWARMv7\Flash\Obj\stm32f4xx_sdio.o
#        E:\WORK\YarnControl_Driver\YarnControl_Driver\src\stm32f4_rtos\Project\EWARMv7\Flash\Obj\stm32f4xx_spi.o
#        E:\WORK\YarnControl_Driver\YarnControl_Driver\src\stm32f4_rtos\Project\EWARMv7\Flash\Obj\stm32f4xx_syscfg.o
#        E:\WORK\YarnControl_Driver\YarnControl_Driver\src\stm32f4_rtos\Project\EWARMv7\Flash\Obj\stm32f4xx_tim.o
#        E:\WORK\YarnControl_Driver\YarnControl_Driver\src\stm32f4_rtos\Project\EWARMv7\Flash\Obj\stm32f4xx_usart.o
#        E:\WORK\YarnControl_Driver\YarnControl_Driver\src\stm32f4_rtos\Project\EWARMv7\Flash\Obj\stm32f4xx_wwdg.o
#        E:\WORK\YarnControl_Driver\YarnControl_Driver\src\stm32f4_rtos\Project\EWARMv7\Flash\Obj\SysInfoTest.o
#        E:\WORK\YarnControl_Driver\YarnControl_Driver\src\stm32f4_rtos\Project\EWARMv7\Flash\Obj\system_stm32f4xx.o
#        E:\WORK\YarnControl_Driver\YarnControl_Driver\src\stm32f4_rtos\Project\EWARMv7\Flash\Obj\tasks.o
#        E:\WORK\YarnControl_Driver\YarnControl_Driver\src\stm32f4_rtos\Project\EWARMv7\Flash\Obj\timer_platform.o
#        E:\WORK\YarnControl_Driver\YarnControl_Driver\src\stm32f4_rtos\Project\EWARMv7\Flash\Obj\timers.o
#        E:\WORK\YarnControl_Driver\YarnControl_Driver\src\stm32f4_rtos\Project\EWARMv7\Flash\Obj\transport.o
#        E:\WORK\YarnControl_Driver\YarnControl_Driver\src\stm32f4_rtos\Project\EWARMv7\Flash\Obj\usb_bsp.o
#        E:\WORK\YarnControl_Driver\YarnControl_Driver\src\stm32f4_rtos\Project\EWARMv7\Flash\Obj\usb_core.o
#        E:\WORK\YarnControl_Driver\YarnControl_Driver\src\stm32f4_rtos\Project\EWARMv7\Flash\Obj\usb_hcd.o
#        E:\WORK\YarnControl_Driver\YarnControl_Driver\src\stm32f4_rtos\Project\EWARMv7\Flash\Obj\usb_hcd_int.o
#        E:\WORK\YarnControl_Driver\YarnControl_Driver\src\stm32f4_rtos\Project\EWARMv7\Flash\Obj\usbh_core.o
#        E:\WORK\YarnControl_Driver\YarnControl_Driver\src\stm32f4_rtos\Project\EWARMv7\Flash\Obj\usbh_hcs.o
#        E:\WORK\YarnControl_Driver\YarnControl_Driver\src\stm32f4_rtos\Project\EWARMv7\Flash\Obj\usbh_ioreq.o
#        E:\WORK\YarnControl_Driver\YarnControl_Driver\src\stm32f4_rtos\Project\EWARMv7\Flash\Obj\usbh_it.o
#        E:\WORK\YarnControl_Driver\YarnControl_Driver\src\stm32f4_rtos\Project\EWARMv7\Flash\Obj\usbh_msc_bot.o
#        E:\WORK\YarnControl_Driver\YarnControl_Driver\src\stm32f4_rtos\Project\EWARMv7\Flash\Obj\usbh_msc_core.o
#        E:\WORK\YarnControl_Driver\YarnControl_Driver\src\stm32f4_rtos\Project\EWARMv7\Flash\Obj\usbh_msc_scsi.o
#        E:\WORK\YarnControl_Driver\YarnControl_Driver\src\stm32f4_rtos\Project\EWARMv7\Flash\Obj\usbh_stdreq.o
#        E:\WORK\YarnControl_Driver\YarnControl_Driver\src\stm32f4_rtos\Project\EWARMv7\Flash\Obj\usbh_usr.o
#        -o
#        E:\WORK\YarnControl_Driver\YarnControl_Driver\src\stm32f4_rtos\Project\EWARMv7\Flash\Exe\project.out
#        --map
#        E:\WORK\YarnControl_Driver\YarnControl_Driver\src\stm32f4_rtos\Project\EWARMv7\Flash\List\project.map
#        --config
#        E:\WORK\YarnControl_Driver\YarnControl_Driver\src\stm32f4_rtos\Project\EWARMv7\stm32f4xx_flash.icf
#        --semihosting --entry __iar_program_start --inline --vfe
#
###############################################################################

*******************************************************************************
*** RUNTIME MODEL ATTRIBUTES
***

CppFlavor                     = *
__Heap_Handler                = DLMalloc
__SystemLibrary               = DLib
__dlib_dynamic_initialization = normal


*******************************************************************************
*** PLACEMENT SUMMARY
***

"A1":  place at 0x08000000 { ro section .intvec };
"P1":  place in [from 0x08000000 to 0x080fffff] { ro };
"P2":  place in [from 0x20000000 to 0x2001ffff] { rw, block CSTACK, block HEAP };

  Section             Kind        Address     Size  Object
  -------             ----        -------     ----  ------
"A1":                                        0x188
  .intvec             ro code  0x08000000    0x188  startup_stm32f40_41xxx.o [1]
                             - 0x08000188    0x188

"P1":                                      0x4810d
  .rodata             const    0x08000188  0x15484  cc936.o [1]
  .rodata             const    0x0801560c  0x15484  cc936.o [1]
  .text               ro code  0x0802aa90   0x5e6c  apptask.o [1]
  .text               ro code  0x080308fc    0x7c8  queue.o [1]
  .text               ro code  0x080310c4   0x16cc  bsp_sdwe050c17.o [1]
  .text               ro code  0x08032790    0x524  product_cal.o [1]
  .text               ro code  0x08032cb4     0x66  ABImemset.o [5]
  .text               ro code  0x08032d1a     0x1e  xsscin.o [3]
  .text               ro code  0x08032d38    0xc00  tasks.o [1]
  .text               ro code  0x08033938    0x380  bsp_w25qxx.o [1]
  .text               ro code  0x08033cb8     0x4e  FltToDbl.o [4]
  .text               ro code  0x08033d06     0x1a  xsnprout.o [3]
  .text               ro code  0x08033d20     0x24  printf.o [3]
  .text               ro code  0x08033d44     0x76  ABImemcpy_unaligned.o [5]
  .text               ro code  0x08033dba      0xa  xsprout.o [3]
  .text               ro code  0x08033dc4     0x42  strcmp_unaligned.o [5]
  .text               ro code  0x08033e08    0x21c  malloc.o [1]
  .text               ro code  0x08034024     0x30  I32ToDbl.o [4]
  .text               ro code  0x08034054    0x256  DblDiv.o [4]
  .text               ro code  0x080342ac     0xe8  DblAdd.o [4]
  .text               ro code  0x08034394    0x1a2  DblMul.o [4]
  .text               ro code  0x08034538     0x58  DblToI32.o [4]
  .text               ro code  0x08034590     0x90  DblToFlt.o [4]
  .text               ro code  0x08034620     0x36  strlen.o [5]
  .text               ro code  0x08034658   0x13fa  para.o [1]
  .text               ro code  0x08035a54    0x248  page_weimi.o [1]
  .text               ro code  0x08035c9c     0x62  memcmp_unaligned.o [5]
  .text               ro code  0x08035d00    0x48c  bsp_servomotor.o [1]
  .text               ro code  0x0803618c    0x1a2  usbh_usr.o [1]
  .text               ro code  0x08036330    0x760  usbh_core.o [1]
  .text               ro code  0x08036a90   0x2498  ff.o [1]
  .text               ro code  0x08038f28     0x34  sprintf.o [3]
  .text               ro code  0x08038f5c     0x1c  strcat.o [3]
  .text               ro code  0x08038f78     0xc0  bsp_led.o [1]
  .text               ro code  0x08039038     0xae  rc522.o [1]
  .text               ro code  0x080390e8    0x354  modbus.o [1]
  .text               ro code  0x0803943c     0x68  bsp_sw_onoff.o [1]
  .text               ro code  0x080394a4     0x44  protocol.o [1]
  .text               ro code  0x080394e8     0x10  para.o [1]
  .text               ro code  0x080394f8     0xd4  bsp_closeSW.o [1]
  .text               ro code  0x080395cc    0x12c  stm32f4xx_gpio.o [1]
  .text               ro code  0x080396f8    0x324  bsp_stepmotor.o [1]
  .text               ro code  0x08039a1c    0x25c  encoder_tim.o [1]
  .text               ro code  0x08039c78     0x7c  esp8266_init.o [1]
  .text               ro code  0x08039cf4    0x32c  esp8266_handler.o [1]
  .text               ro code  0x0803a020    0x43c  pub0sub1.o [1]
  .text               ro code  0x0803a45c    0x262  event_groups.o [1]
  .text               ro code  0x0803a6c0    0x4a4  timers.o [1]
  .text               ro code  0x0803ab64      0x8  bsp_watchdog.o [1]
  .text               ro code  0x0803ab6c    0x24c  port.o [1]
  .text               ro code  0x0803adb8     0x98  list.o [1]
  .text               ro code  0x0803ae50    0x280  heap_4.o [1]
  .text               ro code  0x0803b0d0    0x1e8  stm32f4xx_rcc.o [1]
  .text               ro code  0x0803b2b8     0x74  bsp_dwt.o [1]
  .text               ro code  0x0803b32c    0xa98  bsp_uart_fifo.o [1]
  .text               ro code  0x0803bdc4    0x204  bsp_timer.o [1]
  .text               ro code  0x0803bfc8    0x124  bsp_spi.o [1]
  .text               ro code  0x0803c0ec    0xd96  xprintffull_nomb.o [3]
  .text               ro code  0x0803ce84    0x180  DblSub.o [4]
  .text               ro code  0x0803d004     0x44  strcpy_unaligned.o [5]
  .text               ro code  0x0803d048     0x24  sscanf.o [3]
  .text               ro code  0x0803d06c    0x6e4  stm32f4xx_tim.o [1]
  .text               ro code  0x0803d750    0x31c  stm32f4xx_dma.o [1]
  .text               ro code  0x0803da6c     0x88  misc.o [1]
  .text               ro code  0x0803daf4    0x14c  usb_bsp.o [1]
  .text               ro code  0x0803dc40     0xd6  usb_hcd.o [1]
  .text               ro code  0x0803dd16    0x1ba  usbh_hcs.o [1]
  .text               ro code  0x0803ded0    0x436  usbh_stdreq.o [1]
  .text               ro code  0x0803e306    0x246  usbh_ioreq.o [1]
  .text               ro code  0x0803e54c    0x2e4  diskio.o [1]
  .text               ro code  0x0803e830     0xf4  cc936.o [1]
  .text               ro code  0x0803e924     0xb8  mcheck.o [1]
  .text               ro code  0x0803e9dc     0x2c  strstr.o [3]
  .text               ro code  0x0803ea08     0x54  stm32f4xx_syscfg.o [1]
  .text               ro code  0x0803ea5c     0xc0  stm32f4xx_exti.o [1]
  .text               ro code  0x0803eb1c    0x132  I64DivMod.o [5]
  .text               ro code  0x0803ec50      0x6  ABImemclr4.o [5]
  .text               ro code  0x0803ec58     0x44  snprintf.o [3]
  .text               ro code  0x0803ec9c    0x306  MQTTConnectClient.o [1]
  .text               ro code  0x0803efa4     0x6c  transport.o [1]
  .text               ro code  0x0803f010    0x290  MQTTPacket.o [1]
  .text               ro code  0x0803f2a0     0x40  timer_platform.o [1]
  .text               ro code  0x0803f2e0    0x190  MQTTSubscribeClient.o [1]
  .text               ro code  0x0803f470     0xbc  MQTTDeserializePublish.o [1]
  .text               ro code  0x0803f52c     0xec  MQTTSerializePublish.o [1]
  .text               ro code  0x0803f618     0x10  stm32f4xx_iwdg.o [1]
  CODE                ro code  0x0803f628     0xa8  portasm.o [1]
  .text               ro code  0x0803f6d0    0x254  stm32f4xx_usart.o [1]
  .text               ro code  0x0803f924     0x74  stm32f4xx_spi.o [1]
  .text               ro code  0x0803f998     0x16  strchr.o [5]
  .text               ro code  0x0803f9b0     0x58  memchr.o [5]
  .text               ro code  0x0803fa08     0x42  xdnorm.o [4]
  .text               ro code  0x0803fa4c     0x2e  DblCmpLe.o [4]
  .text               ro code  0x0803fa7c     0x2e  DblCmpGe.o [4]
  .text               ro code  0x0803faac    0x114  xdscale.o [4]
  .text               ro code  0x0803fbc0     0x6c  localeconv.o [3]
  .text               ro code  0x0803fc2c      0xe  div.o [3]
  .text               ro code  0x0803fc3c    0xb64  xscanffull_nomb.o [3]
  .text               ro code  0x080407a0    0xa50  usb_core.o [1]
  .text               ro code  0x080411f0   0x1a58  bsp_sdio_sd.o [1]
  .text               ro code  0x08042c48    0x618  usbh_msc_scsi.o [1]
  .text               ro code  0x08043260    0x554  usbh_msc_bot.o [1]
  .text               ro code  0x080437b4      0x2  I64DivZer.o [5]
  .text               ro code  0x080437b8     0x32  ABImemset48.o [5]
  .text               ro code  0x080437ea     0x28  isxxx.o [3]
  .text               ro code  0x08043812     0xa4  xstoll.o [3]
  .text               ro code  0x080438b8    0x1b0  xstoull.o [3]
  .text               ro code  0x08043a68    0x168  xstold.o [4]
  .text               ro code  0x08043bd0    0x17c  stm32f4xx_sdio.o [1]
  .text               ro code  0x08043d4c     0x18  setlocale.o [3]
  .text               ro code  0x08043d64     0x16  xlocale_c.o [3]
  .text               ro code  0x08043d7a     0x14  xlocale_c.o [3]
  .text               ro code  0x08043d90      0xc  errno.o [3]
  .text               ro code  0x08043d9c     0x14  tolower.o [3]
  .text               ro code  0x08043db0    0x124  xstopfx.o [3]
  .text               ro code  0x08043ed4    0x1b8  xstoflt.o [3]
  .rodata             const    0x0804408c     0x2c  apptask.o [1]
  .text               ro code  0x080440b8    0x200  xdtento.o [4]
  .text               ro code  0x080442b8    0x218  xstoxflt.o [3]
  .text               ro code  0x080444d0      0x2  xtls.o [3]
  .text               ro code  0x080444d2      0xc  xlocale_c.o [3]
  .text               ro code  0x080444e0     0x20  DblCmpEq.o [4]
  .text               ro code  0x08044500     0x52  xdunscal.o [4]
  .text               ro code  0x08044554    0xc7e  usb_hcd_int.o [1]
  .rodata             const    0x080451d4    0x400  apptask.o [1]
  .text               ro code  0x080455d4    0x3e8  usbh_msc_core.o [1]
  .rodata             const    0x080459bc    0x3dc  cc936.o [1]
  .rodata             const    0x08045d98    0x3dc  cc936.o [1]
  .text               ro code  0x08046174    0x2e0  bsp_tim_pwm.o [1]
  .rodata             const    0x08046454    0x190  product_cal.o [1]
  .text               ro code  0x080465e4    0x154  system_stm32f4xx.o [1]
  .rodata             const    0x08046738    0x100  mcheck.o [1]
  .rodata             const    0x08046838    0x100  mcheck.o [1]
  .rodata             const    0x08046938    0x100  mcheck.o [1]
  .text               ro code  0x08046a38     0xd0  packbits_init.o [5]
  .text               ro code  0x08046b08      0x6  abort.o [3]
  .text               ro code  0x08046b10     0x14  exit.o [6]
  .rodata             const    0x08046b24     0x58  pub0sub1.o [1]
  .text               ro code  0x08046b7c     0x48  bsp.o [1]
  .text               ro code  0x08046bc4     0x44  bsp_relay.o [1]
  .text               ro code  0x08046c08     0x40  zero_init3.o [5]
  .text               ro code  0x08046c48     0x3c  SysInfoTest.o [1]
  .rodata             const    0x08046c84     0x38  demo_fatfs.o [1]
  .text               ro code  0x08046cbc     0x38  stm32f4xx_it.o [1]
  .text               ro code  0x08046cf4     0x34  main.o [1]
  .rodata             const    0x08046d28     0x30  apptask.o [1]
  .rodata             const    0x08046d58     0x30  apptask.o [1]
  .rodata             const    0x08046d88     0x30  demo_fatfs.o [1]
  .rodata             const    0x08046db8     0x30  demo_fatfs.o [1]
  .rodata             const    0x08046de8     0x2c  demo_fatfs.o [1]
  .rodata             const    0x08046e14     0x2c  demo_fatfs.o [1]
  .rodata             const    0x08046e40     0x2c  stm32f4xx_it.o [1]
  .rodata             const    0x08046e6c     0x28  apptask.o [1]
  .rodata             const    0x08046e94     0x28  demo_fatfs.o [1]
  .rodata             const    0x08046ebc     0x28  demo_fatfs.o [1]
  .rodata             const    0x08046ee4     0x28  demo_fatfs.o [1]
  .text               ro code  0x08046f0c     0x28  data_init.o [5]
  .rodata             const    0x08046f34     0x24  apptask.o [1]
  .rodata             const    0x08046f58     0x24  apptask.o [1]
  .rodata             const    0x08046f7c     0x24  apptask.o [1]
  .rodata             const    0x08046fa0     0x24  apptask.o [1]
  .rodata             const    0x08046fc4     0x24  apptask.o [1]
  .rodata             const    0x08046fe8     0x24  apptask.o [1]
  .rodata             const    0x0804700c     0x24  apptask.o [1]
  .rodata             const    0x08047030     0x24  apptask.o [1]
  .rodata             const    0x08047054     0x24  apptask.o [1]
  .rodata             const    0x08047078     0x24  demo_fatfs.o [1]
  .rodata             const    0x0804709c     0x24  demo_fatfs.o [1]
  .rodata             const    0x080470c0     0x24  pub0sub1.o [1]
  .rodata             const    0x080470e4     0x24  pub0sub1.o [1]
  .rodata             const    0x08047108     0x24  usbh_usr.o [1]
  .text               ro code  0x0804712c     0x22  fpinit_M.o [4]
  .iar.init_table     const    0x08047150     0x34  - Linker created -
  .rodata             const    0x08047184     0x20  apptask.o [1]
  .rodata             const    0x080471a4     0x20  apptask.o [1]
  .rodata             const    0x080471c4     0x20  apptask.o [1]
  .rodata             const    0x080471e4     0x20  demo_fatfs.o [1]
  .rodata             const    0x08047204     0x20  demo_fatfs.o [1]
  .rodata             const    0x08047224     0x20  demo_fatfs.o [1]
  .rodata             const    0x08047244     0x20  pub0sub1.o [1]
  .rodata             const    0x08047264     0x20  usbh_usr.o [1]
  .rodata             const    0x08047284     0x20  usbh_usr.o [1]
  .rodata             const    0x080472a4     0x20  usbh_usr.o [1]
  .rodata             const    0x080472c4     0x20  usbh_usr.o [1]
  .rodata             const    0x080472e4     0x20  usbh_usr.o [1]
  .rodata             const    0x08047304     0x1c  apptask.o [1]
  .rodata             const    0x08047320     0x1c  apptask.o [1]
  .rodata             const    0x0804733c     0x1c  apptask.o [1]
  .rodata             const    0x08047358     0x1c  apptask.o [1]
  .rodata             const    0x08047374     0x1c  apptask.o [1]
  .rodata             const    0x08047390     0x1c  apptask.o [1]
  .rodata             const    0x080473ac     0x1c  apptask.o [1]
  .rodata             const    0x080473c8     0x1c  apptask.o [1]
  .rodata             const    0x080473e4     0x1c  demo_fatfs.o [1]
  .rodata             const    0x08047400     0x1c  demo_fatfs.o [1]
  .rodata             const    0x0804741c     0x1c  esp8266_handler.o [1]
  .rodata             const    0x08047438     0x1c  esp8266_handler.o [1]
  .rodata             const    0x08047454     0x1c  pub0sub1.o [1]
  .rodata             const    0x08047470     0x1c  pub0sub1.o [1]
  .rodata             const    0x0804748c     0x1c  pub0sub1.o [1]
  .rodata             const    0x080474a8     0x1c  usbh_usr.o [1]
  .rodata             const    0x080474c4     0x1c  usbh_usr.o [1]
  .rodata             const    0x080474e0     0x1c  usbh_usr.o [1]
  .rodata             const    0x080474fc     0x1c  usbh_usr.o [1]
  .rodata             const    0x08047518     0x1c  usbh_usr.o [1]
  .rodata             const    0x08047534     0x1c  usbh_usr.o [1]
  .text               ro code  0x08047550     0x1a  cmain.o [5]
  .text               ro code  0x0804756a      0x4  exit.o [3]
  .text               ro code  0x08047570      0xa  cexit.o [5]
  .rodata             const    0x0804757c     0x18  apptask.o [1]
  .rodata             const    0x08047594     0x18  apptask.o [1]
  .rodata             const    0x080475ac     0x18  apptask.o [1]
  .rodata             const    0x080475c4     0x18  apptask.o [1]
  .rodata             const    0x080475dc     0x18  apptask.o [1]
  .rodata             const    0x080475f4     0x18  apptask.o [1]
  .rodata             const    0x0804760c     0x18  apptask.o [1]
  .rodata             const    0x08047624     0x18  apptask.o [1]
  .rodata             const    0x0804763c     0x18  apptask.o [1]
  .rodata             const    0x08047654     0x18  apptask.o [1]
  .rodata             const    0x0804766c     0x18  apptask.o [1]
  .rodata             const    0x08047684     0x18  apptask.o [1]
  .rodata             const    0x0804769c     0x18  apptask.o [1]
  .rodata             const    0x080476b4     0x18  demo_fatfs.o [1]
  .rodata             const    0x080476cc     0x18  demo_fatfs.o [1]
  .rodata             const    0x080476e4     0x18  demo_fatfs.o [1]
  .rodata             const    0x080476fc     0x18  demo_fatfs.o [1]
  .rodata             const    0x08047714     0x18  esp8266_handler.o [1]
  .rodata             const    0x0804772c     0x18  esp8266_handler.o [1]
  .rodata             const    0x08047744     0x18  para.o [1]
  .rodata             const    0x0804775c     0x18  pub0sub1.o [1]
  .rodata             const    0x08047774     0x18  pub0sub1.o [1]
  .rodata             const    0x0804778c     0x18  usbh_usr.o [1]
  .rodata             const    0x080477a4     0x18  usbh_usr.o [1]
  .rodata             const    0x080477bc     0x18  usbh_usr.o [1]
  .rodata             const    0x080477d4     0x18  usbh_usr.o [1]
  .rodata             const    0x080477ec     0x18  usbh_usr.o [1]
  .text               ro code  0x08047804     0x16  xprout.o [3]
  .text               ro code  0x0804781c      0xc  putchar.o [3]
  .rodata             const    0x08047828     0x14  apptask.o [1]
  .rodata             const    0x0804783c     0x14  apptask.o [1]
  .rodata             const    0x08047850     0x14  apptask.o [1]
  .rodata             const    0x08047864     0x14  apptask.o [1]
  .rodata             const    0x08047878     0x14  apptask.o [1]
  .rodata             const    0x0804788c     0x14  apptask.o [1]
  .rodata             const    0x080478a0     0x14  apptask.o [1]
  .rodata             const    0x080478b4     0x14  apptask.o [1]
  .rodata             const    0x080478c8     0x14  apptask.o [1]
  .rodata             const    0x080478dc     0x14  apptask.o [1]
  .rodata             const    0x080478f0     0x14  apptask.o [1]
  .rodata             const    0x08047904     0x14  apptask.o [1]
  .rodata             const    0x08047918     0x14  apptask.o [1]
  .rodata             const    0x0804792c     0x14  apptask.o [1]
  .rodata             const    0x08047940     0x14  esp8266_handler.o [1]
  .rodata             const    0x08047954     0x14  pub0sub1.o [1]
  .rodata             const    0x08047968     0x14  pub0sub1.o [1]
  .rodata             const    0x0804797c     0x14  pub0sub1.o [1]
  .rodata             const    0x08047990     0x14  pub0sub1.o [1]
  .rodata             const    0x080479a4     0x14  pub0sub1.o [1]
  .rodata             const    0x080479b8     0x14  pub0sub1.o [1]
  .rodata             const    0x080479cc     0x14  usbh_usr.o [1]
  .rodata             const    0x080479e0     0x14  usbh_usr.o [1]
  .rodata             const    0x080479f4     0x10  apptask.o [1]
  .rodata             const    0x08047a04     0x10  apptask.o [1]
  .rodata             const    0x08047a14     0x10  apptask.o [1]
  .rodata             const    0x08047a24     0x10  apptask.o [1]
  .rodata             const    0x08047a34     0x10  apptask.o [1]
  .rodata             const    0x08047a44     0x10  apptask.o [1]
  .rodata             const    0x08047a54     0x10  apptask.o [1]
  .rodata             const    0x08047a64     0x10  apptask.o [1]
  .rodata             const    0x08047a74     0x10  apptask.o [1]
  .rodata             const    0x08047a84     0x10  apptask.o [1]
  .rodata             const    0x08047a94     0x10  apptask.o [1]
  .rodata             const    0x08047aa4     0x10  apptask.o [1]
  .rodata             const    0x08047ab4     0x10  apptask.o [1]
  .rodata             const    0x08047ac4     0x10  apptask.o [1]
  .rodata             const    0x08047ad4     0x10  apptask.o [1]
  .rodata             const    0x08047ae4     0x10  apptask.o [1]
  .rodata             const    0x08047af4     0x10  apptask.o [1]
  .rodata             const    0x08047b04     0x10  apptask.o [1]
  .rodata             const    0x08047b14     0x10  apptask.o [1]
  .rodata             const    0x08047b24     0x10  apptask.o [1]
  .rodata             const    0x08047b34     0x10  apptask.o [1]
  .rodata             const    0x08047b44     0x10  apptask.o [1]
  .rodata             const    0x08047b54     0x10  bsp_sdwe050c17.o [1]
  .rodata             const    0x08047b64     0x10  esp8266_handler.o [1]
  .rodata             const    0x08047b74     0x10  esp8266_handler.o [1]
  .rodata             const    0x08047b84     0x10  ff.o [1]
  .rodata             const    0x08047b94     0x10  main.o [1]
  .rodata             const    0x08047ba4     0x10  main.o [1]
  .rodata             const    0x08047bb4     0x10  para.o [1]
  .rodata             const    0x08047bc4     0x10  para.o [1]
  .rodata             const    0x08047bd4     0x10  pub0sub1.o [1]
  .rodata             const    0x08047be4     0x10  usbh_usr.o [1]
  .rodata             const    0x08047bf4     0x10  usbh_usr.o [1]
  .text               ro code  0x08047c04     0x10  startup_stm32f40_41xxx.o [1]
  .text               ro code  0x08047c14     0x10  usbh_it.o [1]
  .rodata             const    0x08047c24      0xc  apptask.o [1]
  .rodata             const    0x08047c30      0xc  apptask.o [1]
  .rodata             const    0x08047c3c      0xc  apptask.o [1]
  .rodata             const    0x08047c48      0xc  apptask.o [1]
  .rodata             const    0x08047c54      0xc  apptask.o [1]
  .rodata             const    0x08047c60      0xc  apptask.o [1]
  .rodata             const    0x08047c6c      0xc  apptask.o [1]
  .rodata             const    0x08047c78      0xc  apptask.o [1]
  .rodata             const    0x08047c84      0xc  apptask.o [1]
  .rodata             const    0x08047c90      0xc  apptask.o [1]
  .rodata             const    0x08047c9c      0xc  apptask.o [1]
  .rodata             const    0x08047ca8      0xc  apptask.o [1]
  .rodata             const    0x08047cb4      0xc  apptask.o [1]
  .rodata             const    0x08047cc0      0xc  apptask.o [1]
  .rodata             const    0x08047ccc      0xc  apptask.o [1]
  .rodata             const    0x08047cd8      0xc  apptask.o [1]
  .rodata             const    0x08047ce4      0xc  apptask.o [1]
  .rodata             const    0x08047cf0      0xc  apptask.o [1]
  .rodata             const    0x08047cfc      0xc  apptask.o [1]
  .rodata             const    0x08047d08      0xc  apptask.o [1]
  .rodata             const    0x08047d14      0xc  apptask.o [1]
  .rodata             const    0x08047d20      0xc  apptask.o [1]
  .rodata             const    0x08047d2c      0xc  apptask.o [1]
  .rodata             const    0x08047d38      0xc  apptask.o [1]
  .rodata             const    0x08047d44      0xc  apptask.o [1]
  .rodata             const    0x08047d50      0xc  apptask.o [1]
  .rodata             const    0x08047d5c      0xc  apptask.o [1]
  .rodata             const    0x08047d68      0xc  apptask.o [1]
  .rodata             const    0x08047d74      0xc  apptask.o [1]
  .rodata             const    0x08047d80      0xc  apptask.o [1]
  .rodata             const    0x08047d8c      0xc  apptask.o [1]
  .rodata             const    0x08047d98      0xc  apptask.o [1]
  .rodata             const    0x08047da4      0xc  apptask.o [1]
  .rodata             const    0x08047db0      0xc  apptask.o [1]
  .rodata             const    0x08047dbc      0xc  apptask.o [1]
  .rodata             const    0x08047dc8      0xc  bsp_sdwe050c17.o [1]
  .rodata             const    0x08047dd4      0xc  demo_fatfs.o [1]
  .rodata             const    0x08047de0      0xc  esp8266_handler.o [1]
  .rodata             const    0x08047dec      0xc  esp8266_handler.o [1]
  .rodata             const    0x08047df8      0xc  esp8266_handler.o [1]
  .rodata             const    0x08047e04      0xc  esp8266_handler.o [1]
  .rodata             const    0x08047e10      0xc  esp8266_handler.o [1]
  .rodata             const    0x08047e1c      0xc  ff.o [1]
  .rodata             const    0x08047e28      0xc  para.o [1]
  .rodata             const    0x08047e34      0xc  para.o [1]
  .rodata             const    0x08047e40      0xc  para.o [1]
  .rodata             const    0x08047e4c      0xc  para.o [1]
  .rodata             const    0x08047e58      0xc  para.o [1]
  .rodata             const    0x08047e64      0xc  pub0sub1.o [1]
  .rodata             const    0x08047e70      0xc  pub0sub1.o [1]
  .text               ro code  0x08047e7c      0xc  cstartup_M.o [5]
  .rodata             const    0x08047e88      0x8  apptask.o [1]
  .rodata             const    0x08047e90      0x8  apptask.o [1]
  .rodata             const    0x08047e98      0x8  apptask.o [1]
  .rodata             const    0x08047ea0      0x8  apptask.o [1]
  .rodata             const    0x08047ea8      0x8  apptask.o [1]
  .rodata             const    0x08047eb0      0x8  apptask.o [1]
  .rodata             const    0x08047eb8      0x8  apptask.o [1]
  .rodata             const    0x08047ec0      0x8  apptask.o [1]
  .rodata             const    0x08047ec8      0x8  apptask.o [1]
  .rodata             const    0x08047ed0      0x8  apptask.o [1]
  .rodata             const    0x08047ed8      0x8  apptask.o [1]
  .rodata             const    0x08047ee0      0x8  apptask.o [1]
  .rodata             const    0x08047ee8      0x8  apptask.o [1]
  .rodata             const    0x08047ef0      0x8  apptask.o [1]
  .rodata             const    0x08047ef8      0x8  apptask.o [1]
  .rodata             const    0x08047f00      0x8  apptask.o [1]
  .rodata             const    0x08047f08      0x8  apptask.o [1]
  .rodata             const    0x08047f10      0x8  apptask.o [1]
  .rodata             const    0x08047f18      0x8  apptask.o [1]
  .rodata             const    0x08047f20      0x8  bsp_sdwe050c17.o [1]
  .rodata             const    0x08047f28      0x8  bsp_w25qxx.o [1]
  .rodata             const    0x08047f30      0x8  esp8266_handler.o [1]
  .rodata             const    0x08047f38      0x8  ff.o [1]
  .rodata             const    0x08047f40      0x8  malloc.o [1]
  .rodata             const    0x08047f48      0x8  malloc.o [1]
  .rodata             const    0x08047f50      0x8  malloc.o [1]
  .rodata             const    0x08047f58      0x8  MQTTConnectClient.o [1]
  .rodata             const    0x08047f60      0x8  MQTTConnectClient.o [1]
  .rodata             const    0x08047f68      0x8  para.o [1]
  .rodata             const    0x08047f70      0x8  para.o [1]
  .rodata             const    0x08047f78      0x8  para.o [1]
  .rodata             const    0x08047f80      0x8  para.o [1]
  .rodata             const    0x08047f88      0x8  para.o [1]
  .rodata             const    0x08047f90      0x8  para.o [1]
  .rodata             const    0x08047f98      0x8  para.o [1]
  .rodata             const    0x08047fa0      0x8  para.o [1]
  .rodata             const    0x08047fa8      0x8  para.o [1]
  .rodata             const    0x08047fb0      0x8  para.o [1]
  .rodata             const    0x08047fb8      0x8  para.o [1]
  .rodata             const    0x08047fc0      0x8  para.o [1]
  .rodata             const    0x08047fc8      0x8  para.o [1]
  .rodata             const    0x08047fd0      0x8  para.o [1]
  .rodata             const    0x08047fd8      0x8  para.o [1]
  .rodata             const    0x08047fe0      0x8  para.o [1]
  .rodata             const    0x08047fe8      0x8  para.o [1]
  .rodata             const    0x08047ff0      0x8  para.o [1]
  .rodata             const    0x08047ff8      0x8  para.o [1]
  .rodata             const    0x08048000      0x8  para.o [1]
  .rodata             const    0x08048008      0x8  para.o [1]
  .rodata             const    0x08048010      0x8  pub0sub1.o [1]
  .rodata             const    0x08048018      0x8  pub0sub1.o [1]
  .rodata             const    0x08048020      0x8  tasks.o [1]
  .rodata             const    0x08048028      0x8  timers.o [1]
  .rodata             const    0x08048030      0x4  heap_4.o [1]
  .rodata             const    0x08048034      0x4  MQTTConnectClient.o [1]
  .rodata             const    0x08048038      0x4  MQTTConnectClient.o [1]
  .rodata             const    0x0804803c      0x4  MQTTConnectClient.o [1]
  .rodata             const    0x08048040      0x4  MQTTConnectClient.o [1]
  .rodata             const    0x08048044      0x4  MQTTConnectClient.o [1]
  .rodata             const    0x08048048      0x4  MQTTDeserializePublish.o [1]
  .rodata             const    0x0804804c      0x4  MQTTPacket.o [1]
  .rodata             const    0x08048050      0x4  MQTTSerializePublish.o [1]
  .rodata             const    0x08048054      0x4  MQTTSubscribeClient.o [1]
  .rodata             const    0x08048058      0x4  MQTTSubscribeClient.o [1]
  .rodata             const    0x0804805c      0x4  port.o [1]
  .text               ro code  0x08048060      0x4  startup_stm32f40_41xxx.o [1]
  .text               ro code  0x08048064      0x4  startup_stm32f40_41xxx.o [1]
  .text               ro code  0x08048068      0x4  startup_stm32f40_41xxx.o [1]
  .text               ro code  0x0804806c      0x4  startup_stm32f40_41xxx.o [1]
  .text               ro code  0x08048070      0x4  startup_stm32f40_41xxx.o [1]
  .text               ro code  0x08048074      0x4  startup_stm32f40_41xxx.o [1]
  .text               ro code  0x08048078      0x4  startup_stm32f40_41xxx.o [1]
  .text               ro code  0x0804807c      0x4  startup_stm32f40_41xxx.o [1]
  .text               ro code  0x08048080      0x4  startup_stm32f40_41xxx.o [1]
  .text               ro code  0x08048084      0x4  startup_stm32f40_41xxx.o [1]
  .text               ro code  0x08048088      0x4  startup_stm32f40_41xxx.o [1]
  .text               ro code  0x0804808c      0x4  startup_stm32f40_41xxx.o [1]
  .text               ro code  0x08048090      0x4  startup_stm32f40_41xxx.o [1]
  .text               ro code  0x08048094      0x4  startup_stm32f40_41xxx.o [1]
  .text               ro code  0x08048098      0x4  startup_stm32f40_41xxx.o [1]
  .text               ro code  0x0804809c      0x4  startup_stm32f40_41xxx.o [1]
  .text               ro code  0x080480a0      0x4  startup_stm32f40_41xxx.o [1]
  .text               ro code  0x080480a4      0x4  startup_stm32f40_41xxx.o [1]
  .text               ro code  0x080480a8      0x4  startup_stm32f40_41xxx.o [1]
  .text               ro code  0x080480ac      0x4  startup_stm32f40_41xxx.o [1]
  .text               ro code  0x080480b0      0x4  startup_stm32f40_41xxx.o [1]
  .text               ro code  0x080480b4      0x4  startup_stm32f40_41xxx.o [1]
  .text               ro code  0x080480b8      0x4  startup_stm32f40_41xxx.o [1]
  .text               ro code  0x080480bc      0x4  startup_stm32f40_41xxx.o [1]
  .text               ro code  0x080480c0      0x4  startup_stm32f40_41xxx.o [1]
  .text               ro code  0x080480c4      0x4  startup_stm32f40_41xxx.o [1]
  .text               ro code  0x080480c8      0x4  startup_stm32f40_41xxx.o [1]
  .text               ro code  0x080480cc      0x4  startup_stm32f40_41xxx.o [1]
  .text               ro code  0x080480d0      0x4  startup_stm32f40_41xxx.o [1]
  .text               ro code  0x080480d4      0x4  startup_stm32f40_41xxx.o [1]
  .text               ro code  0x080480d8      0x4  startup_stm32f40_41xxx.o [1]
  .text               ro code  0x080480dc      0x4  startup_stm32f40_41xxx.o [1]
  .text               ro code  0x080480e0      0x4  startup_stm32f40_41xxx.o [1]
  .text               ro code  0x080480e4      0x4  startup_stm32f40_41xxx.o [1]
  .text               ro code  0x080480e8      0x4  startup_stm32f40_41xxx.o [1]
  .text               ro code  0x080480ec      0x4  startup_stm32f40_41xxx.o [1]
  .text               ro code  0x080480f0      0x4  startup_stm32f40_41xxx.o [1]
  .text               ro code  0x080480f4      0x4  startup_stm32f40_41xxx.o [1]
  .text               ro code  0x080480f8      0x4  startup_stm32f40_41xxx.o [1]
  .text               ro code  0x080480fc      0x4  startup_stm32f40_41xxx.o [1]
  .text               ro code  0x08048100      0x4  startup_stm32f40_41xxx.o [1]
  .text               ro code  0x08048104      0x4  startup_stm32f40_41xxx.o [1]
  .text               ro code  0x08048108      0x4  startup_stm32f40_41xxx.o [1]
  .text               ro code  0x0804810c      0x4  startup_stm32f40_41xxx.o [1]
  .text               ro code  0x08048110      0x4  startup_stm32f40_41xxx.o [1]
  .text               ro code  0x08048114      0x4  startup_stm32f40_41xxx.o [1]
  .text               ro code  0x08048118      0x4  startup_stm32f40_41xxx.o [1]
  .text               ro code  0x0804811c      0x4  startup_stm32f40_41xxx.o [1]
  .text               ro code  0x08048120      0x4  startup_stm32f40_41xxx.o [1]
  .text               ro code  0x08048124      0x4  startup_stm32f40_41xxx.o [1]
  .text               ro code  0x08048128      0x4  startup_stm32f40_41xxx.o [1]
  .text               ro code  0x0804812c      0x4  startup_stm32f40_41xxx.o [1]
  .text               ro code  0x08048130      0x4  startup_stm32f40_41xxx.o [1]
  .text               ro code  0x08048134      0x4  startup_stm32f40_41xxx.o [1]
  .text               ro code  0x08048138      0x4  startup_stm32f40_41xxx.o [1]
  .text               ro code  0x0804813c      0x4  startup_stm32f40_41xxx.o [1]
  .text               ro code  0x08048140      0x4  startup_stm32f40_41xxx.o [1]
  .text               ro code  0x08048144      0x4  startup_stm32f40_41xxx.o [1]
  .text               ro code  0x08048148      0x4  startup_stm32f40_41xxx.o [1]
  .text               ro code  0x0804814c      0x4  startup_stm32f40_41xxx.o [1]
  .text               ro code  0x08048150      0x4  startup_stm32f40_41xxx.o [1]
  .text               ro code  0x08048154      0x4  startup_stm32f40_41xxx.o [1]
  .text               ro code  0x08048158      0x4  startup_stm32f40_41xxx.o [1]
  .text               ro code  0x0804815c      0x4  startup_stm32f40_41xxx.o [1]
  .text               ro code  0x08048160      0x4  startup_stm32f40_41xxx.o [1]
  .text               ro code  0x08048164      0x4  startup_stm32f40_41xxx.o [1]
  .text               ro code  0x08048168      0x4  startup_stm32f40_41xxx.o [1]
  .text               ro code  0x0804816c      0x4  startup_stm32f40_41xxx.o [1]
  .rodata             const    0x08048170      0x0  zero_init3.o [5]
  .rodata             const    0x08048170      0x0  packbits_init.o [5]
  Initializer bytes   const    0x08048170    0x125  <for P2 s0>
                             - 0x08048295  0x4810d

"P2":                                      0x1d870
  P2 s0                        0x20000000    0x246  <Init block>
    __DLIB_PERTHREAD  inited   0x20000000     0x88  localeconv.o [3]
    __DLIB_PERTHREAD  inited   0x20000088     0x74  setlocale.o [3]
    .data             inited   0x200000fc     0x50  demo_fatfs.o [1]
    .data             inited   0x2000014c     0x48  usbh_usr.o [1]
    .data             inited   0x20000194     0x40  xfiles.o [3]
    .data             inited   0x200001d4     0x1c  malloc.o [1]
    .data             inited   0x200001f0     0x14  bsp_servomotor.o [1]
    .data             inited   0x20000204     0x10  stm32f4xx_rcc.o [1]
    .data             inited   0x20000214     0x10  usbh_msc_core.o [1]
    .data             inited   0x20000224      0xc  usbh_core.o [1]
    .data             inited   0x20000230      0x4  port.o [1]
    .data             inited   0x20000234      0x4  system_stm32f4xx.o [1]
    .data             inited   0x20000238      0x4  usbh_core.o [1]
    __DLIB_PERTHREAD  inited   0x2000023c      0x4  errno.o [3]
    .data             inited   0x20000240      0x2  bsp_w25qxx.o [1]
    .data             inited   0x20000242      0x1  apptask.o [1]
    .data             inited   0x20000243      0x1  encoder_tim.o [1]
    .data             inited   0x20000244      0x1  page_weimi.o [1]
    .data             inited   0x20000245      0x1  usbh_msc_scsi.o [1]
  .bss                zero     0x20000248   0xf000  heap_4.o [1]
  .bss                zero     0x2000f248   0xa000  malloc.o [1]
  .bss                zero     0x20019248   0x1000  bsp_w25qxx.o [1]
  .bss                zero     0x2001a248    0xa00  malloc.o [1]
  .bss                zero     0x2001ac48    0x5ac  usbh_usr.o [1]
  .bss                zero     0x2001b1f4    0x5ac  usbh_usr.o [1]
  .bss                zero     0x2001b7a0    0x200  bsp_uart_fifo.o [1]
  .bss                zero     0x2001b9a0    0x200  esp8266_handler.o [1]
  .bss                zero     0x2001bba0    0x200  esp8266_handler.o [1]
  .bss                zero     0x2001bda0    0x200  ff.o [1]
  .bss                zero     0x2001bfa0    0x200  usbh_msc_scsi.o [1]
  .bss                zero     0x2001c1a0    0x200  usbh_stdreq.o [1]
  .bss                zero     0x2001c3a0    0x12c  page_weimi.o [1]
  .bss                zero     0x2001c4cc    0x12c  tasks.o [1]
  .bss                zero     0x2001c5f8     0xd4  protocol.o [1]
  .bss                zero     0x2001c6cc     0xc8  pub0sub1.o [1]
  .bss                zero     0x2001c794     0xa4  protocol.o [1]
  .bss                zero     0x2001c838     0x98  para.o [1]
  .bss                zero     0x2001c8d0     0x94  usbh_usr.o [1]
  .bss                zero     0x2001c964     0x68  esp8266_handler.o [1]
  .bss                zero     0x2001c9cc     0x64  bsp_uart_fifo.o [1]
  .bss                zero     0x2001ca30     0x64  bsp_uart_fifo.o [1]
  .bss                zero     0x2001ca94     0x4c  usbh_msc_core.o [1]
  .bss                zero     0x2001cae0     0x58  bsp_sdio_sd.o [1]
  .bss                zero     0x2001cb38     0x58  protocol.o [1]
  .bss                zero     0x2001cb90     0x50  xfiles.o [3]
  .bss                zero     0x2001cbe0     0x40  pub0sub1.o [1]
  .bss                zero     0x2001cc20     0x40  pub0sub1.o [1]
  .bss                zero     0x2001cc60     0x34  bsp_sdwe050c17.o [1]
  .bss                zero     0x2001cc94     0x34  product_cal.o [1]
  .bss                zero     0x2001ccc8     0x28  product_cal.o [1]
  .bss                zero     0x2001ccf0     0x24  ff.o [1]
  .bss                zero     0x2001cd14     0x20  pub0sub1.o [1]
  .bss                zero     0x2001cd34     0x20  usbh_msc_bot.o [1]
  .bss                zero     0x2001cd54     0x18  bsp_sdio_sd.o [1]
  .bss                zero     0x2001cd6c     0x18  bsp_sdio_sd.o [1]
  .bss                zero     0x2001cd84     0x18  page_weimi.o [1]
  .bss                zero     0x2001cd9c     0x14  bsp_sdio_sd.o [1]
  .bss                zero     0x2001cdb0     0x14  rc522.o [1]
  .bss                zero     0x2001cdc4     0x14  tasks.o [1]
  .bss                zero     0x2001cdd8     0x14  tasks.o [1]
  .bss                zero     0x2001cdec     0x14  tasks.o [1]
  .bss                zero     0x2001ce00     0x14  tasks.o [1]
  .bss                zero     0x2001ce14     0x14  tasks.o [1]
  .bss                zero     0x2001ce28     0x14  timers.o [1]
  .bss                zero     0x2001ce3c     0x14  timers.o [1]
  .bss                zero     0x2001ce50     0x10  bsp_sdio_sd.o [1]
  .bss                zero     0x2001ce60     0x10  bsp_sdio_sd.o [1]
  .bss                zero     0x2001ce70     0x10  encoder_tim.o [1]
  .bss                zero     0x2001ce80     0x10  usbh_msc_bot.o [1]
  .bss                zero     0x2001ce90     0x10  usbh_msc_bot.o [1]
  .bss                zero     0x2001cea0     0x10  usbh_msc_scsi.o [1]
  .bss                zero     0x2001ceb0      0xc  apptask.o [1]
  .bss                zero     0x2001cebc      0xc  apptask.o [1]
  .bss                zero     0x2001cec8      0xc  ff.o [1]
  .bss                zero     0x2001ced4      0xc  protocol.o [1]
  .bss                zero     0x2001cee0      0xc  protocol.o [1]
  .bss                zero     0x2001ceec      0xc  protocol.o [1]
  .bss                zero     0x2001cef8      0xc  pub0sub1.o [1]
  .bss                zero     0x2001cf04      0x8  heap_4.o [1]
  .bss                zero     0x2001cf0c      0x8  modbus.o [1]
  .bss                zero     0x2001cf14      0x8  protocol.o [1]
  .bss                zero     0x2001cf1c      0x8  pub0sub1.o [1]
  .bss                zero     0x2001cf24      0x4  apptask.o [1]
  .bss                zero     0x2001cf28      0x4  apptask.o [1]
  .bss                zero     0x2001cf2c      0x4  apptask.o [1]
  .bss                zero     0x2001cf30      0x4  apptask.o [1]
  .bss                zero     0x2001cf34      0x4  apptask.o [1]
  .bss                zero     0x2001cf38      0x4  apptask.o [1]
  .bss                zero     0x2001cf3c      0x4  apptask.o [1]
  .bss                zero     0x2001cf40      0x4  apptask.o [1]
  .bss                zero     0x2001cf44      0x4  apptask.o [1]
  .bss                zero     0x2001cf48      0x4  apptask.o [1]
  .bss                zero     0x2001cf4c      0x4  apptask.o [1]
  .bss                zero     0x2001cf50      0x4  apptask.o [1]
  .bss                zero     0x2001cf54      0x4  apptask.o [1]
  .bss                zero     0x2001cf58      0x4  apptask.o [1]
  .bss                zero     0x2001cf5c      0x4  apptask.o [1]
  .bss                zero     0x2001cf60      0x4  apptask.o [1]
  .bss                zero     0x2001cf64      0x4  apptask.o [1]
  .bss                zero     0x2001cf68      0x4  apptask.o [1]
  .bss                zero     0x2001cf6c      0x4  apptask.o [1]
  .bss                zero     0x2001cf70      0x4  apptask.o [1]
  .bss                zero     0x2001cf74      0x4  bsp_sdio_sd.o [1]
  .bss                zero     0x2001cf78      0x4  bsp_sdio_sd.o [1]
  .bss                zero     0x2001cf7c      0x4  bsp_sdio_sd.o [1]
  .bss                zero     0x2001cf80      0x4  bsp_sdio_sd.o [1]
  .bss                zero     0x2001cf84      0x4  bsp_sdio_sd.o [1]
  .bss                zero     0x2001cf88      0x4  bsp_timer.o [1]
  .bss                zero     0x2001cf8c      0x4  bsp_timer.o [1]
  .bss                zero     0x2001cf90      0x4  bsp_timer.o [1]
  .bss                zero     0x2001cf94      0x4  bsp_timer.o [1]
  .bss                zero     0x2001cf98      0x4  esp8266_handler.o [1]
  .bss                zero     0x2001cf9c      0x4  esp8266_handler.o [1]
  .bss                zero     0x2001cfa0      0x4  esp8266_handler.o [1]
  .bss                zero     0x2001cfa4      0x4  heap_4.o [1]
  .bss                zero     0x2001cfa8      0x4  heap_4.o [1]
  .bss                zero     0x2001cfac      0x4  heap_4.o [1]
  .bss                zero     0x2001cfb0      0x4  heap_4.o [1]
  .bss                zero     0x2001cfb4      0x4  MQTTPacket.o [1]
  .bss                zero     0x2001cfb8      0x4  port.o [1]
  .bss                zero     0x2001cfbc      0x4  product_cal.o [1]
  .bss                zero     0x2001cfc0      0x4  product_cal.o [1]
  .bss                zero     0x2001cfc4      0x4  pub0sub1.o [1]
  .bss                zero     0x2001cfc8      0x4  pub0sub1.o [1]
  .bss                zero     0x2001cfcc      0x4  SysInfoTest.o [1]
  .bss                zero     0x2001cfd0      0x4  tasks.o [1]
  .bss                zero     0x2001cfd4      0x4  tasks.o [1]
  .bss                zero     0x2001cfd8      0x4  tasks.o [1]
  .bss                zero     0x2001cfdc      0x4  tasks.o [1]
  .bss                zero     0x2001cfe0      0x4  tasks.o [1]
  .bss                zero     0x2001cfe4      0x4  tasks.o [1]
  .bss                zero     0x2001cfe8      0x4  tasks.o [1]
  .bss                zero     0x2001cfec      0x4  tasks.o [1]
  .bss                zero     0x2001cff0      0x4  tasks.o [1]
  .bss                zero     0x2001cff4      0x4  tasks.o [1]
  .bss                zero     0x2001cff8      0x4  tasks.o [1]
  .bss                zero     0x2001cffc      0x4  tasks.o [1]
  .bss                zero     0x2001d000      0x4  tasks.o [1]
  .bss                zero     0x2001d004      0x4  tasks.o [1]
  .bss                zero     0x2001d008      0x4  tasks.o [1]
  .bss                zero     0x2001d00c      0x4  tasks.o [1]
  .bss                zero     0x2001d010      0x4  timer_platform.o [1]
  .bss                zero     0x2001d014      0x4  timers.o [1]
  .bss                zero     0x2001d018      0x4  timers.o [1]
  .bss                zero     0x2001d01c      0x4  timers.o [1]
  .bss                zero     0x2001d020      0x4  timers.o [1]
  .bss                zero     0x2001d024      0x4  usbh_msc_bot.o [1]
  .bss                zero     0x2001d028      0x4  usbh_msc_bot.o [1]
  .bss                zero     0x2001d02c      0x4  usbh_msc_bot.o [1]
  .bss                zero     0x2001d030      0x4  usbh_msc_bot.o [1]
  .bss                zero     0x2001d034      0x2  apptask.o [1]
  .bss                zero     0x2001d036      0x2  apptask.o [1]
  .bss                zero     0x2001d038      0x2  apptask.o [1]
  .bss                zero     0x2001d03a      0x2  apptask.o [1]
  .bss                zero     0x2001d03c      0x2  bsp_sdwe050c17.o [1]
  .bss                zero     0x2001d03e      0x2  encoder_tim.o [1]
  .bss                zero     0x2001d040      0x2  encoder_tim.o [1]
  .bss                zero     0x2001d042      0x2  ff.o [1]
  .bss                zero     0x2001d044      0x2  page_weimi.o [1]
  .bss                zero     0x2001d046      0x2  page_weimi.o [1]
  .bss                zero     0x2001d048      0x2  product_cal.o [1]
  .bss                zero     0x2001d04a      0x2  usbh_core.o [1]
  .bss                zero     0x2001d04c      0x2  usbh_stdreq.o [1]
  .bss                zero     0x2001d04e      0x1  apptask.o [1]
  .bss                zero     0x2001d04f      0x1  apptask.o [1]
  .bss                zero     0x2001d050      0x1  apptask.o [1]
  .bss                zero     0x2001d051      0x1  apptask.o [1]
  .bss                zero     0x2001d052      0x1  apptask.o [1]
  .bss                zero     0x2001d053      0x1  apptask.o [1]
  .bss                zero     0x2001d054      0x1  apptask.o [1]
  .bss                zero     0x2001d055      0x1  apptask.o [1]
  .bss                zero     0x2001d056      0x1  apptask.o [1]
  .bss                zero     0x2001d057      0x1  apptask.o [1]
  .bss                zero     0x2001d058      0x1  apptask.o [1]
  .bss                zero     0x2001d059      0x1  apptask.o [1]
  .bss                zero     0x2001d05a      0x1  bsp_sdio_sd.o [1]
  .bss                zero     0x2001d05b      0x1  bsp_sdwe050c17.o [1]
  .bss                zero     0x2001d05c      0x1  bsp_uart_fifo.o [1]
  .bss                zero     0x2001d05d      0x1  esp8266_handler.o [1]
  .bss                zero     0x2001d05e      0x1  page_weimi.o [1]
  .bss                zero     0x2001d05f      0x1  page_weimi.o [1]
  .bss                zero     0x2001d060      0x1  page_weimi.o [1]
  .bss                zero     0x2001d061      0x1  page_weimi.o [1]
  .bss                zero     0x2001d062      0x1  port.o [1]
  .bss                zero     0x2001d063      0x1  product_cal.o [1]
  .bss                zero     0x2001d064      0x1  product_cal.o [1]
  .bss                zero     0x2001d065      0x1  product_cal.o [1]
  .bss                zero     0x2001d066      0x1  protocol.o [1]
  .bss                zero     0x2001d067      0x1  pub0sub1.o [1]
  .bss                zero     0x2001d068      0x1  pub0sub1.o [1]
  .bss                zero     0x2001d069      0x1  rc522.o [1]
  .bss                zero     0x2001d06a      0x1  rc522.o [1]
  .bss                zero     0x2001d06b      0x1  usbh_msc_bot.o [1]
  .bss                zero     0x2001d06c      0x1  usbh_msc_core.o [1]
  .bss                zero     0x2001d06d      0x1  usbh_msc_core.o [1]
  .bss                zero     0x2001d06e      0x1  usbh_stdreq.o [1]
  .bss                zero     0x2001d06f      0x1  usbh_usr.o [1]
  CSTACK                       0x2001d070    0x800  <Block>
    CSTACK            uninit   0x2001d070    0x800  <Block tail>
                             - 0x2001d870  0x1d870

Absolute sections:                         0xff000
  .bss                zero     0x68000000  0xf0000  malloc.o [1]
  .bss                zero     0x680f0000   0xf000  malloc.o [1]
                             - 0x680ff000  0xff000


*******************************************************************************
*** INIT TABLE
***

          Address     Size
          -------     ----
Zero (__iar_zero_init3)
    2 destination ranges, total size 0x11be28:
          0x20000248  0x1ce28
          0x68000000  0xff000

Copy/packbits (__iar_packbits_init3)
    1 source range, total size 0x125 (50% of destination):
          0x08048170    0x125
    1 destination range, total size 0x246:
          0x20000000    0x246



*******************************************************************************
*** MODULE SUMMARY
***

    Module                    ro code  ro data  rw data    rw data
                                                            (abs)
    ------                    -------  -------  -------    -------
E:\WORK\YarnControl_Driver\YarnControl_Driver\src\stm32f4_rtos\Project\EWARMv7\Flash\Obj: [1]
    MQTTConnectClient.o           774       36
    MQTTDeserializePublish.o      188        4
    MQTTPacket.o                  656        4        4
    MQTTSerializePublish.o        236        4
    MQTTSubscribeClient.o         400        8
    SysInfoTest.o                  60                 4
    apptask.o                  24 172    3 365      125
    bsp.o                          72
    bsp_closeSW.o                 212
    bsp_dwt.o                     116
    bsp_led.o                     192
    bsp_relay.o                    68
    bsp_sdio_sd.o               6 744               209
    bsp_sdwe050c17.o            5 836       36       55
    bsp_servomotor.o            1 164       10       20
    bsp_spi.o                     292
    bsp_stepmotor.o               804
    bsp_sw_onoff.o                104
    bsp_tim_pwm.o                 736
    bsp_timer.o                   516                16
    bsp_uart_fifo.o             2 712               713
    bsp_w25qxx.o                  896        9    4 098
    bsp_watchdog.o                  8
    cc936.o                       244  176 320
    demo_fatfs.o                           733       80
    diskio.o                      740
    encoder_tim.o                 604                21
    esp8266_handler.o             812      224    1 141
    esp8266_init.o                124
    event_groups.o                610
    ff.o                        9 368       36      562
    heap_4.o                      640        4   61 464
    list.o                        152
    main.o                         52       32
    malloc.o                      540       38   43 548  1 044 480
    mcheck.o                      184      768
    misc.o                        136
    modbus.o                      852                 8
    page_weimi.o                  584        1      333
    para.o                      5 130      284      152
    port.o                        588        6        9
    portasm.o                     168
    product_cal.o               1 316      400      105
    protocol.o                     68               509
    pub0sub1.o                  1 084      500      390
    queue.o                     1 992
    rc522.o                       174                22
    startup_stm32f40_41xxx.o      680
    stm32f4xx_dma.o               796
    stm32f4xx_exti.o              192
    stm32f4xx_gpio.o              300
    stm32f4xx_it.o                 56       44
    stm32f4xx_iwdg.o               16
    stm32f4xx_rcc.o               488        8       16
    stm32f4xx_sdio.o              380
    stm32f4xx_spi.o               116
    stm32f4xx_syscfg.o             84
    stm32f4xx_tim.o             1 764
    stm32f4xx_usart.o             596
    system_stm32f4xx.o            340        2        4
    tasks.o                     3 072        8      464
    timer_platform.o               64                 4
    timers.o                    1 188        8       56
    transport.o                   108
    usb_bsp.o                     332
    usb_core.o                  2 640
    usb_hcd.o                     214
    usb_hcd_int.o               3 198
    usbh_core.o                 1 888        8       18
    usbh_hcs.o                    442
    usbh_ioreq.o                  582
    usbh_it.o                      16
    usbh_msc_bot.o              1 364                81
    usbh_msc_core.o             1 000        8       94
    usbh_msc_scsi.o             1 560        1      529
    usbh_stdreq.o               1 078               515
    usbh_usr.o                    418      592    3 125
    --------------------------------------------------------------
    Total:                     98 092  183 501  118 494  1 044 480

command line: [2]
    --------------------------------------------------------------
    Total:

dl7M_tlf.a: [3]
    abort.o                         6
    div.o                          14
    errno.o                        12        2        4
    exit.o                          4
    isxxx.o                        40
    localeconv.o                  108       68      136
    printf.o                       36
    putchar.o                      12
    setlocale.o                    24       58      116
    snprintf.o                     68
    sprintf.o                      52
    sscanf.o                       36
    strcat.o                       28
    strstr.o                       44
    tolower.o                      20
    xfiles.o                                32      144
    xlocale_c.o                    54
    xprintffull_nomb.o          3 478
    xprout.o                       22
    xscanffull_nomb.o           2 916
    xsnprout.o                     26
    xsprout.o                      10
    xsscin.o                       30
    xstoflt.o                     440
    xstoll.o                      164
    xstopfx.o                     292
    xstoull.o                     432
    xstoxflt.o                    536
    xtls.o                          2
    --------------------------------------------------------------
    Total:                      8 906      160      400

m7M_tls.a: [4]
    DblAdd.o                      232
    DblCmpEq.o                     32
    DblCmpGe.o                     46
    DblCmpLe.o                     46
    DblDiv.o                      598
    DblMul.o                      418
    DblSub.o                      384
    DblToFlt.o                    144
    DblToI32.o                     88
    FltToDbl.o                     78
    I32ToDbl.o                     48
    fpinit_M.o                     34
    xdnorm.o                       66
    xdscale.o                     276
    xdtento.o                     512
    xdunscal.o                     82
    xstold.o                      360
    --------------------------------------------------------------
    Total:                      3 444

rt7M_tl.a: [5]
    ABImemclr4.o                    6
    ABImemcpy_unaligned.o         118
    ABImemset.o                   102
    ABImemset48.o                  50
    I64DivMod.o                   306
    I64DivZer.o                     2
    cexit.o                        10
    cmain.o                        26
    cstartup_M.o                   12
    data_init.o                    40
    memchr.o                       88
    memcmp_unaligned.o             98
    packbits_init.o               208
    strchr.o                       22
    strcmp_unaligned.o             66
    strcpy_unaligned.o             68
    strlen.o                       54
    zero_init3.o                   64
    --------------------------------------------------------------
    Total:                      1 340

shb_l.a: [6]
    exit.o                         20
    --------------------------------------------------------------
    Total:                         20

    Gaps                           52        6        2
    Linker created                          52    2 048
------------------------------------------------------------------
    Grand Total:              111 854  183 719  120 944  1 044 480


*******************************************************************************
*** ENTRY LIST
***

Entry                      Address     Size  Type      Object
-----                      -------     ----  ----      ------
.iar.init_table$$Base   0x08047150            --   Gb  - Linker created -
.iar.init_table$$Limit  0x08047184            --   Gb  - Linker created -
?main                   0x08047551           Code  Gb  cmain.o [5]
APBAHBPrescTable        0x20000204     0x10  Data  Lc  stm32f4xx_rcc.o [1]
AppObjCreate            0x0803025d    0x184  Code  Gb  apptask.o [1]
AppTaskCreate           0x0803005f    0x1f4  Code  Gb  apptask.o [1]
BOTStallErrorCount      0x2001d024      0x4  Data  Lc  usbh_msc_bot.o [1]
BusFault_Handler        0x08046cef      0x2  Code  Gb  stm32f4xx_it.o [1]
CID_Tab                 0x2001ce60     0x10  Data  Lc  bsp_sdio_sd.o [1]
CLIENT_ID               0x2001cd14     0x20  Data  Gb  pub0sub1.o [1]
CRC16HiTable            0x08046738    0x100  Data  Gb  mcheck.o [1]
CRC16LoTable            0x08046838    0x100  Data  Gb  mcheck.o [1]
CRC8Table               0x08046938    0x100  Data  Gb  mcheck.o [1]
CSD_Tab                 0x2001ce50     0x10  Data  Lc  bsp_sdio_sd.o [1]
CSTACK$$Base            0x2001d070            --   Gb  - Linker created -
CSTACK$$Limit           0x2001d870            --   Gb  - Linker created -
CardType                0x2001cf74      0x4  Data  Lc  bsp_sdio_sd.o [1]
CmdError                0x08042359     0x38  Code  Lc  bsp_sdio_sd.o [1]
CmdResp1Error           0x080423fd    0x112  Code  Lc  bsp_sdio_sd.o [1]
CmdResp2Error           0x0804254d     0x52  Code  Lc  bsp_sdio_sd.o [1]
CmdResp3Error           0x0804250f     0x3e  Code  Lc  bsp_sdio_sd.o [1]
CmdResp6Error           0x0804259f     0xa6  Code  Lc  bsp_sdio_sd.o [1]
CmdResp7Error           0x08042391     0x58  Code  Lc  bsp_sdio_sd.o [1]
ConfigExitNVIC          0x08039563     0x22  Code  Gb  bsp_closeSW.o [1]
ConfigUartNVIC          0x0803b78b     0x7c  Code  Lc  bsp_uart_fifo.o [1]
ConnectTcp              0x08039d43     0x48  Code  Gb  esp8266_handler.o [1]
DIFF_G_init             0x08035db9     0x78  Code  Gb  bsp_servomotor.o [1]
DMA1_Stream0_IRQHandler
                        0x0803612d     0x1c  Code  Gb  bsp_servomotor.o [1]
DMA1_Stream3_IRQHandler
                        0x08036149     0x1c  Code  Gb  bsp_servomotor.o [1]
DMA2_Stream3_IRQHandler
                        0x08042c41      0x8  Code  Gb  bsp_sdio_sd.o [1]
DMAEndOfTransfer        0x2001cf84      0x4  Data  Gb  bsp_sdio_sd.o [1]
DMA_ClearFlag           0x0803d933     0x24  Code  Gb  stm32f4xx_dma.o [1]
DMA_Cmd                 0x0803d8e9     0x1a  Code  Gb  stm32f4xx_dma.o [1]
DMA_DeInit              0x0803d751    0x140  Code  Gb  stm32f4xx_dma.o [1]
DMA_FlowControllerConfig
                        0x0803d903     0x18  Code  Gb  stm32f4xx_dma.o [1]
DMA_GetCmdStatus        0x0803d91b     0x18  Code  Gb  stm32f4xx_dma.o [1]
DMA_GetITStatus         0x0803d999     0x62  Code  Gb  stm32f4xx_dma.o [1]
DMA_ITConfig            0x0803d957     0x42  Code  Gb  stm32f4xx_dma.o [1]
DMA_Init                0x0803d891     0x58  Code  Gb  stm32f4xx_dma.o [1]
DebugMon_Handler        0x08046cf3      0x2  Code  Gb  stm32f4xx_it.o [1]
DiskFile_init           0x080394a5     0x40  Code  Gb  protocol.o [1]
Disk_File               0x2001c5f8     0xd4  Data  Gb  protocol.o [1]
ENC_Calc_Average_Speed  0x08039bff      0xe  Code  Gb  encoder_tim.o [1]
ENC_Calc_Rot_Speed      0x08039b25     0xda  Code  Gb  encoder_tim.o [1]
ENC_Clear_Speed_Buffer  0x08039b09     0x1c  Code  Gb  encoder_tim.o [1]
ENC_Init                0x08039a1d     0xec  Code  Gb  encoder_tim.o [1]
EXTI9_5_IRQHandler      0x08039585     0x3c  Code  Gb  bsp_closeSW.o [1]
EXTI_ClearITPendingBit  0x0803eaff      0x6  Code  Gb  stm32f4xx_exti.o [1]
EXTI_GetITStatus        0x0803eae5     0x1a  Code  Gb  stm32f4xx_exti.o [1]
EXTI_Init               0x0803ea5d     0x88  Code  Gb  stm32f4xx_exti.o [1]
Esp8266_GetTcpStatus    0x08039fb3     0x12  Code  Gb  esp8266_handler.o [1]
Esp8266_Tcp_Send        0x08039f6d     0x46  Code  Gb  esp8266_handler.o [1]
FR_Table                0x200000fc     0x50  Data  Gb  demo_fatfs.o [1]
FatFs                   0x2001cec8      0xc  Data  Lc  ff.o [1]
Files                   0x2001ccf0     0x24  Data  Lc  ff.o [1]
FindSCR                 0x080427ed    0x206  Code  Lc  bsp_sdio_sd.o [1]
Fsid                    0x2001d042      0x2  Data  Lc  ff.o [1]
GPIO_Init               0x080395cd     0xaa  Code  Gb  stm32f4xx_gpio.o [1]
GPIO_PinAFConfig        0x0803969f     0x5a  Code  Gb  stm32f4xx_gpio.o [1]
GPIO_ReadInputDataBit   0x08039677     0x1a  Code  Gb  stm32f4xx_gpio.o [1]
GPIO_WriteBit           0x08039691      0xe  Code  Gb  stm32f4xx_gpio.o [1]
GetDeviceState          0x08039471     0x2e  Code  Gb  bsp_sw_onoff.o [1]
HCD_GetCurrentFrame     0x0803dcd1      0x8  Code  Gb  usb_hcd.o [1]
HCD_GetCurrentSpeed     0x0803dcb3     0x10  Code  Gb  usb_hcd.o [1]
HCD_GetURB_State        0x0803dcd9      0xa  Code  Gb  usb_hcd.o [1]
HCD_GetXferCnt          0x0803dce3      0xc  Code  Gb  usb_hcd.o [1]
HCD_Init                0x0803dc41     0x72  Code  Gb  usb_hcd.o [1]
HCD_ResetPort           0x0803dcc3      0xe  Code  Gb  usb_hcd.o [1]
HCD_SubmitRequest       0x0803dcef     0x28  Code  Gb  usb_hcd.o [1]
Handle_Internet_Data    0x08039ecf     0x60  Code  Gb  esp8266_handler.o [1]
HardFault_Handler       0x08046cbf     0x22  Code  Gb  stm32f4xx_it.o [1]
IWDG_Feed               0x0803ab65      0x8  Code  Gb  bsp_watchdog.o [1]
IWDG_ReloadCounter      0x0803f619      0xa  Code  Gb  stm32f4xx_iwdg.o [1]
InStream_Read           0x08046a39     0x22  Code  Lc  packbits_init.o [5]
InitHardUart            0x0803b39f    0x3ec  Code  Lc  bsp_uart_fifo.o [1]
Init_JINGSHA_GUI        0x0803110b    0x122  Code  Gb  bsp_sdwe050c17.o [1]
JingSha_File            0x2001cb38     0x58  Data  Gb  protocol.o [1]
LfnBuf                  0x2001bda0    0x200  Data  Lc  ff.o [1]
LfnOfs                  0x08047b84     0x10  Data  Lc  ff.o [1]
LoadInt                 0x0803c679     0x6e  Code  Lc  xprintffull_nomb.o [3]
MQTTDeserialize_connack
                        0x0803ee9f     0x80  Code  Gb  MQTTConnectClient.o [1]
MQTTDeserialize_publish
                        0x0803f471     0xb6  Code  Gb  MQTTDeserializePublish.o [1]
MQTTDeserialize_suback  0x0803f3cf     0x98  Code  Gb  MQTTSubscribeClient.o [1]
MQTTPacket_decode       0x0803f03b     0x54  Code  Gb  MQTTPacket.o [1]
MQTTPacket_decodeBuf    0x0803f0db     0x14  Code  Gb  MQTTPacket.o [1]
MQTTPacket_encode       0x0803f011     0x2a  Code  Gb  MQTTPacket.o [1]
MQTTPacket_len          0x0803f08f     0x24  Code  Gb  MQTTPacket.o [1]
MQTTPacket_read         0x0803f21d     0x72  Code  Gb  MQTTPacket.o [1]
MQTTSerialize_connect   0x0803ed29    0x176  Code  Gb  MQTTConnectClient.o [1]
MQTTSerialize_connectLength
                        0x0803ec9d     0x8c  Code  Gb  MQTTConnectClient.o [1]
MQTTSerialize_pingreq   0x0803ef91     0x12  Code  Gb  MQTTConnectClient.o [1]
MQTTSerialize_publish   0x0803f551     0xc4  Code  Gb  MQTTSerializePublish.o [1]
MQTTSerialize_publishLength
                        0x0803f52d     0x24  Code  Gb  MQTTSerializePublish.o [1]
MQTTSerialize_subscribe
                        0x0803f30b     0xc4  Code  Gb  MQTTSubscribeClient.o [1]
MQTTSerialize_subscribeLength
                        0x0803f2e1     0x2a  Code  Gb  MQTTSubscribeClient.o [1]
MQTTSerialize_zero      0x0803ef1f     0x54  Code  Gb  MQTTConnectClient.o [1]
MQTT_Connect            0x0803a0b9     0xaa  Code  Gb  pub0sub1.o [1]
MQTT_GetConnected       0x0803a3a3     0x1e  Code  Gb  pub0sub1.o [1]
MQTT_Init               0x0803a067     0x52  Code  Gb  pub0sub1.o [1]
MQTT_Package_Publish    0x0803a2af     0x32  Code  Gb  pub0sub1.o [1]
MQTT_Publish            0x0803a32b     0x78  Code  Gb  pub0sub1.o [1]
MQTT_RB_Read            0x08039e51     0x7e  Code  Gb  esp8266_handler.o [1]
MQTT_Read               0x0803a1f7     0xb8  Code  Gb  pub0sub1.o [1]
MQTT_Subscribe          0x0803a163     0x94  Code  Gb  pub0sub1.o [1]
MQTT_TOPIC              0x2001cc20     0x40  Data  Gb  pub0sub1.o [1]
MQTT_TOPIC_PUB          0x2001cbe0     0x40  Data  Lc  pub0sub1.o [1]
MQTTstrlen              0x0803f1fd     0x20  Code  Gb  MQTTPacket.o [1]
MSCErrorCount           0x2001d06c      0x1  Data  Gb  usbh_msc_core.o [1]
MSC_Machine             0x2001ca94     0x4c  Data  Gb  usbh_msc_core.o [1]
MSG_DEV_ATTACHED        0x080477d4     0x18  Data  Gb  usbh_usr.o [1]
MSG_DEV_DISCONNECTED    0x080477ec     0x18  Data  Gb  usbh_usr.o [1]
MSG_DEV_ENUMERATED      0x080474fc     0x1c  Data  Gb  usbh_usr.o [1]
MSG_DEV_ERROR           0x080479e0     0x14  Data  Gb  usbh_usr.o [1]
MSG_DEV_FULLSPEED       0x080472c4     0x20  Data  Gb  usbh_usr.o [1]
MSG_DEV_HIGHSPEED       0x080472a4     0x20  Data  Gb  usbh_usr.o [1]
MSG_DEV_LOWSPEED        0x080472e4     0x20  Data  Gb  usbh_usr.o [1]
MSG_HID_CLASS           0x08047518     0x1c  Data  Gb  usbh_usr.o [1]
MSG_MSC_CLASS           0x08047108     0x24  Data  Gb  usbh_usr.o [1]
MSG_UNREC_ERROR         0x08047534     0x1c  Data  Gb  usbh_usr.o [1]
MemManage_Handler       0x08046ced      0x2  Code  Gb  stm32f4xx_it.o [1]
MotorProcess            0x2001cd84     0x18  Data  Gb  page_weimi.o [1]
MotorStepCount          0x08035a55     0x62  Code  Gb  page_weimi.o [1]
MqttHandle              0x0803a3c1      0xe  Code  Gb  pub0sub1.o [1]
Mqtt_status_step        0x2001d068      0x1  Data  Gb  pub0sub1.o [1]
NMI_Handler             0x08046cbd      0x2  Code  Gb  stm32f4xx_it.o [1]
NVIC_Init               0x0803da77     0x6a  Code  Gb  misc.o [1]
NVIC_PriorityGroupConfig
                        0x0803da6d      0xa  Code  Gb  misc.o [1]
OTG_FS_IRQHandler       0x08047c15     0x10  Code  Gb  usbh_it.o [1]
PendSV_Handler          0x0803f629           Code  Gb  portasm.o [1]
RCA                     0x2001cf78      0x4  Data  Lc  bsp_sdio_sd.o [1]
RCC_AHB1PeriphClockCmd  0x0803b1d3     0x22  Code  Gb  stm32f4xx_rcc.o [1]
RCC_AHB2PeriphClockCmd  0x0803b1f5     0x1e  Code  Gb  stm32f4xx_rcc.o [1]
RCC_APB1PeriphClockCmd  0x0803b213     0x1e  Code  Gb  stm32f4xx_rcc.o [1]
RCC_APB1PeriphResetCmd  0x0803b24f     0x1e  Code  Gb  stm32f4xx_rcc.o [1]
RCC_APB2PeriphClockCmd  0x0803b231     0x1e  Code  Gb  stm32f4xx_rcc.o [1]
RCC_APB2PeriphResetCmd  0x0803b26d     0x1e  Code  Gb  stm32f4xx_rcc.o [1]
RCC_GetClocksFreq       0x0803b0d1    0x102  Code  Gb  stm32f4xx_rcc.o [1]
[...]
is_same_data            0x08032a65     0x2a  Code  Gb  product_cal.o [1]
is_stop                 0x2001d060      0x1  Data  Gb  page_weimi.o [1]
isalpha                 0x080437eb     0x14  Code  Gb  isxxx.o [3]
isspace                 0x080437ff     0x14  Code  Gb  isxxx.o [3]
keepalive               0x0803a2e5     0x46  Code  Gb  pub0sub1.o [1]
lastSendOutTime         0x2001cf98      0x4  Data  Gb  esp8266_handler.o [1]
last_ping               0x2001d010      0x4  Data  Gb  timer_platform.o [1]
lcd_busy                0x2001d05b      0x1  Data  Gb  bsp_sdwe050c17.o [1]
lcd_rev_buf             0x2001cc60     0x34  Data  Gb  bsp_sdwe050c17.o [1]
lcd_rev_len             0x2001d03c      0x2  Data  Gb  bsp_sdwe050c17.o [1]
ld_clust                0x080374e1     0x28  Code  Lc  ff.o [1]
localeconv              0x0803fbfb     0x16  Code  Gb  localeconv.o [3]
m_ctrl_dev              0x2001cf0c      0x8  Data  Gb  modbus.o [1]
main                    0x08046cf5     0x34  Code  Gb  main.o [1]
mallco_dev              0x200001d4     0x1c  Data  Gb  malloc.o [1]
mb_init                 0x0803931d     0x30  Code  Gb  modbus.o [1]
mb_packsend_frame       0x0803922b     0xf2  Code  Gb  modbus.o [1]
mb_unpack_frame         0x080390e9    0x142  Code  Gb  modbus.o [1]
mc_check_crc16          0x0803e991     0x40  Code  Gb  mcheck.o [1]
mc_check_crc8           0x0803e96d     0x24  Code  Gb  mcheck.o [1]
mc_check_sum            0x0803e925     0x2e  Code  Gb  mcheck.o [1]
mc_check_xor            0x0803e953     0x1a  Code  Gb  mcheck.o [1]
mem1base                0x2000f248   0xa000  Data  Gb  malloc.o [1]
mem1mapbase             0x2001a248    0xa00  Data  Gb  malloc.o [1]
mem2base                0x68000000  0xf0000  Data  Gb  malloc.o [1]
mem2mapbase             0x680f0000   0xf000  Data  Gb  malloc.o [1]
mem_cmp                 0x08036ac3     0x24  Code  Lc  ff.o [1]
mem_cpy                 0x08036a91     0x1c  Code  Lc  ff.o [1]
mem_set                 0x08036aad     0x16  Code  Lc  ff.o [1]
memblksize              0x08047f48      0x8  Data  Gb  malloc.o [1]
memchr                  0x0803f9b1           Code  Gb  memchr.o [5]
memsize                 0x08047f50      0x8  Data  Gb  malloc.o [1]
memtblsize              0x08047f40      0x8  Data  Gb  malloc.o [1]
modbus_send_frame       0x0803934d     0xe6  Code  Gb  modbus.o [1]
move_window             0x08036d85     0x40  Code  Lc  ff.o [1]
mqttSubscribeData       0x2001b9a0    0x200  Data  Gb  esp8266_handler.o [1]
mqtt_status             0x2001cf1c      0x8  Data  Gb  pub0sub1.o [1]
my_mem_free             0x08033f5b     0x6c  Code  Gb  malloc.o [1]
my_mem_init             0x08033e1f     0x42  Code  Gb  malloc.o [1]
my_mem_malloc           0x08033e9f     0xbc  Code  Gb  malloc.o [1]
my_mem_perused          0x08033e61     0x3e  Code  Gb  malloc.o [1]
myfree                  0x08033fc7     0x24  Code  Gb  malloc.o [1]
mymalloc                0x08033feb     0x2a  Code  Gb  malloc.o [1]
mymemset                0x08033e09     0x16  Code  Gb  malloc.o [1]
ndigs                   0x08043a40     0x28  Data  Lc  xstoull.o [3]
netDeviceInfo_t         0x2001c964     0x68  Data  Gb  esp8266_handler.o [1]
net_device_send_cmd     0x08039cf5     0x4e  Code  Gb  esp8266_handler.o [1]
obuf                    0x2001cb90     0x50  Data  Lc  xfiles.o [3]
oem2uni                 0x0801560c  0x15484  Data  Lc  cc936.o [1]
old_card_record         0x2001d054      0x1  Data  Gb  apptask.o [1]
old_isWork              0x2001d050      0x1  Data  Gb  apptask.o [1]
old_is_stop             0x20000244      0x1  Data  Gb  page_weimi.o [1]
old_plan_complete       0x2001d064      0x1  Data  Gb  product_cal.o [1]
old_system_state        0x20000242      0x1  Data  Gb  apptask.o [1]
old_usb_disk_flag       0x2001d052      0x1  Data  Gb  apptask.o [1]
para_init               0x08034af5     0x80  Code  Gb  para.o [1]
pcInterruptPriorityRegisters
                        0x0804805c      0x4  Data  Lc  port.o [1]
peiliao_para            0x2001cc94     0x34  Data  Gb  product_cal.o [1]
pick_lfn                0x080375d7     0x8c  Code  Lc  ff.o [1]
plan_complete           0x2001d063      0x1  Data  Gb  product_cal.o [1]
pluse_count             0x2001d036      0x2  Data  Gb  apptask.o [1]
pows                    0x08044270     0x48  Data  Lc  xdtento.o [4]
printf                  0x08033d21     0x24  Code  Gb  printf.o [3]
product_complete_kilo   0x08032945     0x30  Code  Gb  product_cal.o [1]
product_complete_meter  0x08032933     0x12  Code  Gb  product_cal.o [1]
product_para            0x2001ccc8     0x28  Data  Gb  product_cal.o [1]
product_per_meter       0x080328a1     0x78  Code  Gb  product_cal.o [1]
prvAddCurrentTaskToDelayedList
                        0x080337b1     0x48  Code  Lc  tasks.o [1]
prvAllocateTCBAndStack  0x080337f9     0x5a  Code  Lc  tasks.o [1]
prvCheckForValidListAndQueue
                        0x0803aaf3     0x52  Code  Lc  timers.o [1]
prvCheckTasksWaitingTermination
                        0x08033747     0x66  Code  Lc  tasks.o [1]
prvCopyDataFromQueue    0x08030fa5     0x30  Code  Lc  queue.o [1]
prvCopyDataToQueue      0x08030f21     0x84  Code  Lc  queue.o [1]
prvDeleteTCB            0x08033853     0x12  Code  Lc  tasks.o [1]
prvGetNextExpireTime    0x0803a8df     0x2e  Code  Lc  timers.o [1]
prvHeapInit             0x0803afe1     0x6e  Code  Lc  heap_4.o [1]
prvIdleTask             0x08033661     0x26  Code  Lc  tasks.o [1]
prvInitialiseTCBVariables
                        0x08033687     0x6a  Code  Lc  tasks.o [1]
prvInitialiseTaskLists  0x080336f1     0x56  Code  Lc  tasks.o [1]
prvInsertBlockIntoFreeList
                        0x0803b04f     0x62  Code  Lc  heap_4.o [1]
prvInsertTimerInActiveList
                        0x0803a935     0x50  Code  Lc  timers.o [1]
prvIsQueueEmpty         0x0803103f     0x20  Code  Lc  queue.o [1]
prvIsQueueFull          0x0803105f     0x22  Code  Lc  queue.o [1]
prvProcessExpiredTimer  0x0803a7f7     0x5c  Code  Lc  timers.o [1]
prvProcessReceivedCommands
                        0x0803a985     0xde  Code  Lc  timers.o [1]
prvProcessTimerOrBlockTask
                        0x0803a86f     0x70  Code  Lc  timers.o [1]
prvResetNextTaskUnblockTime
                        0x08033865     0x26  Code  Lc  tasks.o [1]
prvSampleTimeNow        0x0803a90d     0x28  Code  Lc  timers.o [1]
prvSwitchTimerLists     0x0803aa63     0x90  Code  Lc  timers.o [1]
prvTaskExitError        0x0803ab91     0x2a  Code  Lc  port.o [1]
prvTestWaitCondition    0x0803a69b     0x24  Code  Lc  event_groups.o [1]
prvTimerTask            0x0803a855     0x1a  Code  Lc  timers.o [1]
prvUnlockQueue          0x08030fd5     0x6a  Code  Lc  queue.o [1]
pub_topicString         0x2001cef8      0xc  Data  Gb  pub0sub1.o [1]
put_fat                 0x08036fd3    0x16c  Code  Gb  ff.o [1]
putchar                 0x0804781d      0xc  Code  Gb  putchar.o [3]
pvPortMalloc            0x0803ae51    0x118  Code  Gb  heap_4.o [1]
pxCurrentTCB            0x2001cfd0      0x4  Data  Gb  tasks.o [1]
pxCurrentTimerList      0x2001d014      0x4  Data  Lc  timers.o [1]
pxDelayedTaskList       0x2001cfd4      0x4  Data  Lc  tasks.o [1]
pxEnd                   0x2001cfa4      0x4  Data  Lc  heap_4.o [1]
pxOverflowDelayedTaskList
                        0x2001cfd8      0x4  Data  Lc  tasks.o [1]
pxOverflowTimerList     0x2001d018      0x4  Data  Lc  timers.o [1]
pxPortInitialiseStack   0x0803ab6d     0x24  Code  Gb  port.o [1]
pxReadyTasksLists       0x2001c4cc    0x12c  Data  Lc  tasks.o [1]
rc522_cmd_anticoll      0x0803908d     0x5a  Code  Gb  rc522.o [1]
rc522_cmd_request       0x08039039     0x54  Code  Gb  rc522.o [1]
readChar                0x0803f10b     0x10  Code  Gb  MQTTPacket.o [1]
readDisk                0x2001d057      0x1  Data  Gb  apptask.o [1]
readFilenum             0x2001d058      0x1  Data  Gb  apptask.o [1]
readInt                 0x0803f0ef     0x1c  Code  Gb  MQTTPacket.o [1]
readMQTTLenString       0x0803f1c1     0x3c  Code  Gb  MQTTPacket.o [1]
readSlave               0x2001cebc      0xc  Data  Gb  apptask.o [1]
read_device_info        0x08034659    0x2c2  Code  Gb  para.o [1]
read_file_select        0x2001ceec      0xc  Data  Gb  protocol.o [1]
read_from_disk          0x08034bad    0xd04  Code  Gb  para.o [1]
remove_chain            0x0803713f     0x76  Code  Lc  ff.o [1]
rfid_rev_buf            0x2001cdb0     0x14  Data  Gb  rc522.o [1]
rfid_rev_cnt            0x2001d06a      0x1  Data  Gb  rc522.o [1]
rfid_rev_flag           0x2001d069      0x1  Data  Gb  rc522.o [1]
rtc_time                0x2001cf14      0x8  Data  Gb  protocol.o [1]
s_TIM_CallBack1         0x2001cf88      0x4  Data  Lc  bsp_timer.o [1]
s_TIM_CallBack2         0x2001cf8c      0x4  Data  Lc  bsp_timer.o [1]
s_TIM_CallBack3         0x2001cf90      0x4  Data  Lc  bsp_timer.o [1]
s_TIM_CallBack4         0x2001cf94      0x4  Data  Lc  bsp_timer.o [1]
sample_time             0x2001d034      0x2  Data  Gb  apptask.o [1]
sdew_weimi_page1        0x08031fb1    0x302  Code  Gb  bsp_sdwe050c17.o [1]
sdew_weimi_page2        0x080322c1    0x25e  Code  Gb  bsp_sdwe050c17.o [1]
sdew_weisha_page1       0x0803251f    0x100  Code  Gb  bsp_sdwe050c17.o [1]
sdew_weisha_page2       0x0803262d    0x100  Code  Gb  bsp_sdwe050c17.o [1]
servomotor_mode         0x2001d05f      0x1  Data  Gb  page_weimi.o [1]
servomotor_step         0x2001d046      0x2  Data  Gb  page_weimi.o [1]
slave_info              0x2001ceb0      0xc  Data  Gb  apptask.o [1]
snprintf                0x0803ec59     0x44  Code  Gb  snprintf.o [3]
speed_zhu               0x2001d044      0x2  Data  Gb  page_weimi.o [1]
sprintf                 0x08038f29     0x34  Code  Gb  sprintf.o [3]
sscanf                  0x0803d049     0x24  Code  Gb  sscanf.o [3]
st_clust                0x08037509     0x18  Code  Lc  ff.o [1]
step_motor_adjust       0x2001d05e      0x1  Data  Gb  page_weimi.o [1]
strcat                  0x08038f5d     0x1c  Code  Gb  strcat.o [3]
strchr                  0x0803f999           Code  Gb  strchr.o [5]
strlen                  0x08034621           Code  Gb  strlen.o [5]
strstr                  0x080394e9     0x10  Code  Gb  para.o [1]
sum_sfn                 0x080377dd     0x20  Code  Lc  ff.o [1]
sync_fs                 0x08036dc5     0xd8  Code  Lc  ff.o [1]
sync_window             0x08036d2b     0x5a  Code  Lc  ff.o [1]
system_state_dis        0x08046454    0x190  Data  Gb  product_cal.o [1]
toStop                  0x2001cfc4      0x4  Data  Gb  pub0sub1.o [1]
tolower                 0x08043d9d     0x14  Code  Gb  tolower.o [3]
total_meter_gross       0x2001cfbc      0x4  Data  Gb  product_cal.o [1]
total_weight_gross      0x2001cfc0      0x4  Data  Gb  product_cal.o [1]
transport_close         0x0803eff5     0x12  Code  Gb  transport.o [1]
transport_getdata       0x0803efe1     0x14  Code  Gb  transport.o [1]
transport_sendPacketBuffer
                        0x0803efa5     0x3c  Code  Gb  transport.o [1]
ucHeap                  0x20000248   0xf000  Data  Lc  heap_4.o [1]
ucMaxSysCallPriority    0x2001d062      0x1  Data  Lc  port.o [1]
ulHighFrequencyTimerTicks
                        0x2001cfcc      0x4  Data  Gb  SysInfoTest.o [1]
ulMaxPRIGROUPValue      0x2001cfb8      0x4  Data  Lc  port.o [1]
ulTaskSwitchedInTime    0x2001d008      0x4  Data  Lc  tasks.o [1]
ulTotalRunTime          0x2001d00c      0x4  Data  Lc  tasks.o [1]
uni2oem                 0x08000188  0x15484  Data  Lc  cc936.o [1]
usb_disk_flag           0x2001d051      0x1  Data  Gb  apptask.o [1]
usbh_OpenMassStorage    0x0803618d     0x14  Code  Gb  usbh_usr.o [1]
uxCriticalNesting       0x20000230      0x4  Data  Lc  port.o [1]
uxCurrentNumberOfTasks  0x2001cfe0      0x4  Data  Lc  tasks.o [1]
uxListRemove            0x0803ae29     0x28  Code  Gb  list.o [1]
uxPendedTicks           0x2001cff0      0x4  Data  Lc  tasks.o [1]
uxSchedulerSuspended    0x2001d004      0x4  Data  Lc  tasks.o [1]
uxTaskNumber            0x2001cffc      0x4  Data  Lc  tasks.o [1]
uxTaskResetEventItemValue
                        0x080338c5     0x20  Code  Gb  tasks.o [1]
uxTasksDeleted          0x2001cfdc      0x4  Data  Lc  tasks.o [1]
uxTopReadyPriority      0x2001cfe8      0x4  Data  Lc  tasks.o [1]
vAnalysisUartData       0x0802ff31     0xca  Code  Gb  apptask.o [1]
vEsp8266_Main_Task      0x0802fc65    0x190  Code  Gb  apptask.o [1]
vListInitialise         0x0803adb9     0x1e  Code  Gb  list.o [1]
vListInsert             0x0803adef     0x3a  Code  Gb  list.o [1]
vListInsertEnd          0x0803add7     0x18  Code  Gb  list.o [1]
vMQTT_Handler_Task      0x0802fe11    0x118  Code  Gb  apptask.o [1]
vMQTT_Recive_Task       0x0802fffb     0x64  Code  Gb  apptask.o [1]
vPortEnableVFP          0x0803f6b5           Code  Gb  portasm.o [1]
vPortEnterCritical      0x0803ac87     0x3a  Code  Gb  port.o [1]
vPortExitCritical       0x0803acc1     0x32  Code  Gb  port.o [1]
vPortFree               0x0803af69     0x78  Code  Gb  heap_4.o [1]
vPortSetupTimerInterrupt
                        0x0803ad1f      0xe  Code  Wk  port.o [1]
vPortStartFirstTask     0x0803f69d           Code  Gb  portasm.o [1]
vPortValidateInterruptPriority
                        0x0803ad2d     0x4e  Code  Gb  port.o [1]
vQueueWaitForMessageRestricted
                        0x08031081     0x44  Code  Gb  queue.o [1]
vSetupSysInfoTest       0x08046c49     0x12  Code  Gb  SysInfoTest.o [1]
vTaskDelay              0x08032ebd     0x84  Code  Gb  tasks.o [1]
vTaskFreq               0x0802fa35    0x230  Code  Lc  apptask.o [1]
vTaskManageCapacity     0x0802ea49    0x5d2  Code  Gb  apptask.o [1]
vTaskMassStorage        0x0802d7c9    0x5e0  Code  Lc  apptask.o [1]
vTaskMissedYield        0x08033657      0xa  Code  Gb  tasks.o [1]
vTaskMotorControl       0x0802f0b9    0x96c  Code  Lc  apptask.o [1]
vTaskMsgPro             0x0802e225    0x434  Code  Lc  apptask.o [1]
vTaskPlaceOnEventList   0x080332bd     0x74  Code  Gb  tasks.o [1]
vTaskPlaceOnEventListRestricted
                        0x080333f5     0x80  Code  Gb  tasks.o [1]
vTaskPlaceOnUnorderedEventList
                        0x0803334d     0xa8  Code  Gb  tasks.o [1]
vTaskReadDisk           0x0802e785    0x26a  Code  Lc  apptask.o [1]
vTaskRev485             0x0802e681     0xba  Code  Lc  apptask.o [1]
vTaskSetTimeOutState    0x080335a1     0x26  Code  Gb  tasks.o [1]
vTaskStartScheduler     0x08032f41     0x7e  Code  Gb  tasks.o [1]
vTaskSuspendAll         0x08032fbf     0x10  Code  Gb  tasks.o [1]
vTaskSwitchContext      0x0803320d     0xb0  Code  Gb  tasks.o [1]
vTaskTaskLCD            0x0802aa91   0x2d04  Code  Gb  apptask.o [1]
vTaskTaskLED            0x0802ddd5     0x26  Code  Lc  apptask.o [1]
vTaskTaskRFID           0x0802ddfb    0x3cc  Code  Lc  apptask.o [1]
valid_seg               0x2001d061      0x1  Data  Gb  page_weimi.o [1]
validate                0x08038583     0x36  Code  Lc  ff.o [1]
weimi_para              0x2001c3a0    0x12c  Data  Gb  page_weimi.o [1]
work_idle               0x2001d065      0x1  Data  Gb  product_cal.o [1]
work_idle_time          0x2001d048      0x2  Data  Gb  product_cal.o [1]
writeCString            0x0803f151     0x2a  Code  Gb  MQTTPacket.o [1]
writeChar               0x0803f11b      0xc  Code  Gb  MQTTPacket.o [1]
writeInt                0x0803f127     0x2a  Code  Gb  MQTTPacket.o [1]
writeMQTTString         0x0803f17b     0x46  Code  Gb  MQTTPacket.o [1]
xActiveTimerList1       0x2001ce28     0x14  Data  Lc  timers.o [1]
xActiveTimerList2       0x2001ce3c     0x14  Data  Lc  timers.o [1]
xBlockAllocatedBit      0x2001cfb0      0x4  Data  Lc  heap_4.o [1]
xDelayedTaskList1       0x2001cdc4     0x14  Data  Lc  tasks.o [1]
xDelayedTaskList2       0x2001cdd8     0x14  Data  Lc  tasks.o [1]
xEventGroupCreate       0x0803a45d     0x1c  Code  Gb  event_groups.o [1]
xEventGroupSetBits      0x0803a5c5     0xd6  Code  Gb  event_groups.o [1]
xEventGroupWaitBits     0x0803a479    0x146  Code  Gb  event_groups.o [1]
xFreeBytesRemaining     0x2001cfa8      0x4  Data  Lc  heap_4.o [1]
xHandleTaskFreq         0x2001cf48      0x4  Data  Gb  apptask.o [1]
xHandleTaskLCD          0x2001cf24      0x4  Data  Gb  apptask.o [1]
xHandleTaskLED          0x2001cf28      0x4  Data  Gb  apptask.o [1]
xHandleTaskManageCapacity
                        0x2001cf40      0x4  Data  Gb  apptask.o [1]
xHandleTaskMassStorage  0x2001cf30      0x4  Data  Gb  apptask.o [1]
xHandleTaskMotorControl
                        0x2001cf44      0x4  Data  Gb  apptask.o [1]
xHandleTaskMsgPro       0x2001cf38      0x4  Data  Gb  apptask.o [1]
xHandleTaskRFID         0x2001cf2c      0x4  Data  Gb  apptask.o [1]
xHandleTaskReadDisk     0x2001cf34      0x4  Data  Gb  apptask.o [1]
xHandleTaskRev485       0x2001cf3c      0x4  Data  Gb  apptask.o [1]
xHeapStructSize         0x08048030      0x4  Data  Lc  heap_4.o [1]
xMinimumEverFreeBytesRemaining
                        0x2001cfac      0x4  Data  Lc  heap_4.o [1]
xNextTaskUnblockTime    0x2001d000      0x4  Data  Lc  tasks.o [1]
xNumOfOverflows         0x2001cff8      0x4  Data  Lc  tasks.o [1]
xPendingReadyList       0x2001cdec     0x14  Data  Lc  tasks.o [1]
xPortStartScheduler     0x0803abbb     0xcc  Code  Gb  port.o [1]
xQueueGenericCreate     0x0803098d     0x7e  Code  Gb  queue.o [1]
xQueueGenericReceive    0x08030d81    0x19c  Code  Gb  queue.o [1]
xQueueGenericReset      0x080308fd     0x90  Code  Gb  queue.o [1]
xQueueGenericSend       0x08030a0b    0x1b2  Code  Gb  queue.o [1]
xQueueGenericSendFromISR
                        0x08030bbd     0xec  Code  Gb  queue.o [1]
xQueueGiveFromISR       0x08030ca9     0xd8  Code  Gb  queue.o [1]
xQueue_MQTT_Recv        0x2001cfc8      0x4  Data  Gb  pub0sub1.o [1]
xQueue_esp8266_Cmd      0x2001cf6c      0x4  Data  Gb  apptask.o [1]
xQueue_message          0x2001cf70      0x4  Data  Gb  apptask.o [1]
xSchedulerRunning       0x2001cfec      0x4  Data  Lc  tasks.o [1]
xSemaphore_download     0x2001cf5c      0x4  Data  Gb  apptask.o [1]
xSemaphore_encoder      0x2001cf58      0x4  Data  Gb  apptask.o [1]
xSemaphore_lcd          0x2001cf4c      0x4  Data  Gb  apptask.o [1]
xSemaphore_pluse        0x2001cf54      0x4  Data  Gb  apptask.o [1]
xSemaphore_readDisk     0x2001cf60      0x4  Data  Gb  apptask.o [1]
xSemaphore_rs485        0x2001cf50      0x4  Data  Gb  apptask.o [1]
xStart                  0x2001cf04      0x8  Data  Lc  heap_4.o [1]
xSuspendedTaskList      0x2001ce14     0x14  Data  Lc  tasks.o [1]
xTaskCheckForTimeOut    0x080335cd     0x8a  Code  Gb  tasks.o [1]
xTaskGenericCreate      0x08032d39    0x184  Code  Gb  tasks.o [1]
xTaskGetSchedulerState  0x0803388b     0x26  Code  Gb  tasks.o [1]
xTaskGetTickCount       0x080330cf      0xa  Code  Gb  tasks.o [1]
xTaskIncrementTick      0x080330d9    0x134  Code  Gb  tasks.o [1]
xTaskRemoveFromEventList
                        0x08033479     0x8e  Code  Gb  tasks.o [1]
xTaskRemoveFromUnorderedEventList
                        0x0803350d     0x94  Code  Gb  tasks.o [1]
xTaskResumeAll          0x08032fcf    0x100  Code  Gb  tasks.o [1]
xTasksWaitingTermination
                        0x2001ce00     0x14  Data  Lc  tasks.o [1]
xTickCount              0x2001cfe4      0x4  Data  Lc  tasks.o [1]
xTimerCreate            0x0803a711     0x62  Code  Gb  timers.o [1]
xTimerCreateTimerTask   0x0803a6c1     0x50  Code  Gb  timers.o [1]
xTimerGenericCommand    0x0803a773     0x84  Code  Gb  timers.o [1]
xTimerQueue             0x2001d01c      0x4  Data  Lc  timers.o [1]
xTimerUser              0x2001cf68      0x4  Data  Gb  apptask.o [1]
xYieldPending           0x2001cff4      0x4  Data  Lc  tasks.o [1]


[1] = E:\WORK\YarnControl_Driver\YarnControl_Driver\src\stm32f4_rtos\Project\EWARMv7\Flash\Obj
[2] = command line
[3] = dl7M_tlf.a
[4] = m7M_tls.a
[5] = rt7M_tl.a
[6] = shb_l.a

  111 854 bytes of readonly  code memory
  183 719 bytes of readonly  data memory
  120 944 bytes of readwrite data memory (+ 1 044 480 absolute)

Errors: none
Warnings: none
